This is Ipopt version 3.14.19, running with linear solver MUMPS 5.8.2.

Number of nonzeros in equality constraint Jacobian...:   350253
Number of nonzeros in inequality constraint Jacobian.:     1472
Number of nonzeros in Lagrangian Hessian.............:        0

Total number of variables............................:     1175
                     variables with only lower bounds:        0
                variables with lower and upper bounds:      248
                     variables with only upper bounds:        0
Total number of equality constraints.................:     1134
Total number of inequality constraints...............:      169
        inequality constraints with only lower bounds:        0
   inequality constraints with lower and upper bounds:        0
        inequality constraints with only upper bounds:      169

iter    objective    inf_pr   inf_du lg(mu)  ||d||  lg(rg) alpha_du alpha_pr  ls
   0  5.2378029e-02 6.07e+00 1.00e+00   0.0 0.00e+00    -  0.00e+00 0.00e+00   0
   1  5.2327086e-02 6.02e+00 3.13e+01  -0.1 1.25e+01    -  1.74e-01 8.82e-03h  1
   2  7.3088815e-02 5.87e+00 4.59e+01  -0.8 8.85e+01    -  3.85e-02 2.19e-02h  1
   3  3.0288613e-01 5.58e+00 7.04e+01   0.3 1.32e+02    -  4.48e-02 3.01e-02f  1
   4  4.4367191e-01 5.48e+00 2.53e+02   1.0 1.48e+02    -  5.11e-02 1.20e-02f  1
   5  4.5156176e-01 5.45e+00 1.91e+04   1.4 3.93e+01    -  3.64e-01 5.24e-03h  1
   6  6.0036943e-01 5.33e+00 2.67e+04   2.4 1.16e+02    -  3.98e-02 1.92e-02h  1
   7  7.8358256e-01 5.18e+00 5.36e+04   2.8 1.54e+02    -  7.10e-02 2.19e-02f  1
   8  8.3728108e-01 5.14e+00 6.53e+04   2.9 1.34e+02    -  3.76e-02 7.61e-03h  1
   9  1.0556987e+00 4.96e+00 5.71e+04  -4.0 1.12e+02    -  1.66e-02 2.68e-02h  1
iter    objective    inf_pr   inf_du lg(mu)  ||d||  lg(rg) alpha_du alpha_pr  ls
  10  1.1767434e+00 4.90e+00 7.32e+04   2.9 1.69e+02    -  1.95e-02 1.02e-02h  1
  11  1.5341896e+00 4.78e+00 7.74e+04   2.9 1.89e+02    -  2.23e-02 1.97e-02h  1
  12  1.8233111e+00 4.69e+00 1.01e+05  -0.1 2.05e+02    -  1.58e-02 1.40e-02h  1
  13  1.9112426e+00 4.67e+00 1.13e+05   2.9 2.28e+02    -  8.42e-03 5.16e-03h  1
  14  1.9876634e+00 4.58e+00 1.28e+05   2.9 1.94e+02    -  2.32e-02 1.79e-02h  1
  15  2.0149350e+00 4.53e+00 1.87e+05  -3.9 9.12e+01    -  2.17e-02 1.11e-02h  1
  16  2.0116241e+00 4.50e+00 1.75e+05   2.8 4.08e+02    -  6.81e-03 7.12e-03h  1
  17  2.1220722e+00 4.43e+00 1.85e+05   2.9 9.84e+01    -  1.66e-02 1.48e-02h  1
  18  2.4827006e+00 4.30e+00 3.11e+05   2.9 1.06e+02    -  2.28e-02 2.55e-02h  1
  19  2.6183457e+00 4.26e+00 3.91e+05  -3.9 1.09e+02    -  1.60e-02 9.71e-03h  1
iter    objective    inf_pr   inf_du lg(mu)  ||d||  lg(rg) alpha_du alpha_pr  ls
  20  2.8072924e+00 4.22e+00 5.07e+05   2.9 2.82e+02    -  8.33e-03 7.32e-03h  1
  21  3.1588694e+00 4.06e+00 6.75e+05   2.9 9.89e+01    -  1.58e-02 2.74e-02f  1
  22  4.0189727e+00 3.91e+00 9.46e+05   2.9 1.46e+02    -  5.26e-02 3.72e-02h  1
  23  4.2929391e+00 3.85e+00 1.12e+06  -3.8 1.08e+02    -  3.56e-02 1.57e-02h  1
  24  4.3513137e+00 3.84e+00 1.18e+06   2.9 1.53e+02    -  4.77e-03 4.28e-03h  1
  25  5.1084577e+00 3.72e+00 1.72e+06   2.8 1.43e+02    -  2.78e-02 5.37e-02f  1
  26  5.3075522e+00 3.69e+00 1.91e+06   2.9 1.51e+02    -  3.41e-02 1.82e-02f  1
  27  5.6133068e+00 3.69e+00 2.12e+06   2.9 1.56e+02    -  1.10e-02 2.51e-02f  1
  28  5.8644902e+00 3.61e+00 2.31e+06   1.4 1.48e+02    -  3.05e-02 1.88e-02h  1
  29  5.9291551e+00 3.58e+00 2.40e+06   2.9 1.61e+02    -  1.32e-02 6.86e-03h  1
iter    objective    inf_pr   inf_du lg(mu)  ||d||  lg(rg) alpha_du alpha_pr  ls
  30  6.2896491e+00 3.47e+00 2.64e+06   2.9 1.36e+02    -  7.20e-02 2.05e-02h  1
  31  6.6790852e+00 3.37e+00 2.90e+06   2.9 1.25e+02    -  2.15e-02 2.40e-02h  1
  32  7.0611590e+00 3.38e+00 2.98e+06   2.9 1.58e+02    -  2.62e-02 2.23e-02h  1
  33  7.3939793e+00 3.32e+00 3.02e+06   2.9 1.40e+02    -  3.62e-02 1.48e-02h  1
  34  8.9069273e+00 3.54e+00 3.06e+06   2.9 1.41e+02    -  2.58e-02 4.27e-02h  1
  35  9.4252970e+00 3.56e+00 3.10e+06   2.9 1.37e+02    -  2.42e-02 2.21e-02h  1
  36  1.0101019e+01 3.67e+00 3.07e+06   2.9 1.66e+02    -  2.17e-02 3.00e-02h  1
  37  1.0299079e+01 3.66e+00 3.23e+06   2.9 1.33e+02    -  3.09e-02 1.91e-02h  1
  38  1.0451104e+01 3.70e+00 3.81e+06   2.9 8.41e+01    -  3.93e-02 3.13e-02h  1
  39  1.0395154e+01 3.64e+00 4.42e+06   2.9 7.02e+01    -  2.75e-02 2.58e-02h  1
iter    objective    inf_pr   inf_du lg(mu)  ||d||  lg(rg) alpha_du alpha_pr  ls
  40  1.0334105e+01 3.60e+00 4.86e+06   2.9 1.01e+02    -  4.71e-02 2.73e-02h  1
  41  1.0240935e+01 3.56e+00 5.14e+06   2.9 1.21e+02    -  2.41e-02 2.98e-02h  1
  42  1.0118437e+01 3.49e+00 5.38e+06   2.9 9.39e+01    -  2.04e-02 2.47e-02h  1
  43  1.0324414e+01 3.37e+00 5.33e+06   2.9 1.40e+02    -  4.13e-02 6.14e-02h  1
  44  1.0174376e+01 3.24e+00 5.69e+06   2.9 1.73e+02    -  2.63e-02 3.31e-02h  1
  45  9.8283500e+00 3.23e+00 6.16e+06   2.9 1.07e+02    -  2.27e-02 3.41e-02h  1
  46  9.3589833e+00 3.22e+00 6.94e+06   2.9 9.69e+01    -  5.35e-02 3.42e-02f  1
  47  8.8051734e+00 3.15e+00 7.82e+06  -3.4 7.52e+01    -  2.28e-02 3.75e-02h  1
  48  8.7427159e+00 3.14e+00 7.81e+06  -3.4 1.46e+02    -  3.62e-03 3.10e-03h  1
  49  8.6634247e+00 3.12e+00 7.44e+06   2.9 3.65e+02    -  3.12e-03 5.05e-03f  1
iter    objective    inf_pr   inf_du lg(mu)  ||d||  lg(rg) alpha_du alpha_pr  ls
  50  8.2506738e+00 3.17e+00 7.72e+06   2.9 1.33e+02    -  1.16e-02 3.99e-02f  1
  51  7.7416646e+00 3.08e+00 8.40e+06   2.9 7.82e+01    -  2.07e-02 4.59e-02f  1
  52  7.3828844e+00 3.07e+00 9.13e+06   2.4 1.83e+02    -  2.52e-02 1.76e-02h  1
  53  7.2825717e+00 3.04e+00 9.36e+06   2.9 9.64e+01    -  2.83e-02 9.22e-03h  1
  54  6.8921168e+00 2.93e+00 1.03e+07   2.9 1.49e+02    -  2.04e-03 2.35e-02f  1
  55  6.2733739e+00 2.61e+00 1.33e+07   2.2 9.77e+01    -  5.05e-02 6.94e-02h  1
  56  6.1195812e+00 2.55e+00 1.44e+07   2.9 7.32e+01    -  4.04e-02 2.06e-02f  1
  57  6.3700984e+00 3.50e+00 2.08e+07   2.9 1.22e+02    -  7.61e-03 8.27e-02f  1
  58  6.4013580e+00 3.47e+00 2.14e+07   2.9 9.31e+01    -  4.86e-02 1.42e-02h  1
  59  6.4867126e+00 3.44e+00 2.09e+07   2.9 1.45e+02    -  5.00e-02 2.03e-02f  1
iter    objective    inf_pr   inf_du lg(mu)  ||d||  lg(rg) alpha_du alpha_pr  ls
  60  6.6411211e+00 3.49e+00 2.16e+07   2.9 1.38e+02    -  2.56e-02 5.03e-02f  1
  61  6.7003344e+00 3.36e+00 2.27e+07   2.5 1.39e+02    -  2.68e-02 2.80e-02f  2
  62  7.6815244e+00 5.27e+00 2.74e+07   2.9 1.45e+02    -  4.02e-02 9.12e-02f  1
  63  7.8061406e+00 5.33e+00 2.93e+07   2.5 1.20e+02    -  2.22e-02 5.81e-02f  1
  64  7.8229682e+00 5.02e+00 2.74e+07   2.5 9.11e+01    -  7.38e-02 5.06e-02f  2
  65  7.8700752e+00 4.55e+00 2.66e+07   2.5 8.14e+01    -  4.77e-02 5.09e-02f  1
  66  8.1662427e+00 4.04e+00 2.53e+07   2.5 8.10e+01    -  2.85e-02 1.01e-01f  1
  67  9.0891162e+00 4.20e+00 2.59e+07   2.5 1.05e+02    -  4.84e-02 9.40e-02H  1
  68  9.2176752e+00 4.04e+00 2.75e+07   2.5 9.42e+01    -  8.43e-02 6.39e-02h  1
  69  9.3822402e+00 3.96e+00 2.57e+07   2.5 1.03e+02    -  4.74e-02 2.81e-02h  1
iter    objective    inf_pr   inf_du lg(mu)  ||d||  lg(rg) alpha_du alpha_pr  ls
  70  9.3753323e+00 3.63e+00 2.33e+07   2.5 2.04e+01    -  1.09e-01 8.51e-02h  1
  71  9.3433027e+00 3.04e+00 2.00e+07   2.5 1.78e+01    -  9.78e-02 1.58e-01f  1
  72  9.4256142e+00 2.53e+00 1.71e+07   2.9 1.70e+01    -  9.75e-02 1.78e-01f  1
  73  1.1666156e+01 5.13e+00 2.13e+07   2.9 1.34e+02    -  6.37e-02 1.23e-01f  1
  74  1.1741636e+01 4.83e+00 2.09e+07   2.5 3.84e+01    -  1.33e-01 6.39e-02h  1
  75  1.1791652e+01 4.40e+00 1.94e+07   2.5 2.50e+01    -  9.57e-02 1.08e-01f  1
  76  1.1858871e+01 3.82e+00 1.77e+07   2.5 1.81e+01    -  2.91e-01 1.47e-01h  1
  77  1.1838397e+01 3.45e+00 1.69e+07   2.5 1.27e+01    -  3.58e-01 9.86e-02h  1
  78  1.4301853e+01 4.30e+00 1.27e+07   2.9 7.16e+01    -  5.60e-02 1.75e-01f  1
  79  1.4441256e+01 4.05e+00 1.13e+07   2.5 7.05e+01    -  1.09e-01 7.05e-02f  1
iter    objective    inf_pr   inf_du lg(mu)  ||d||  lg(rg) alpha_du alpha_pr  ls
  80  1.4970086e+01 3.73e+00 1.07e+07   2.5 9.09e+01    -  1.22e-01 1.09e-01f  1
  81  1.5315579e+01 3.52e+00 1.07e+07   2.5 4.44e+01    -  6.53e-02 6.17e-02f  1
  82  1.6805201e+01 3.33e+00 1.06e+07   2.5 6.94e+01    -  3.88e-02 1.43e-01f  1
  83  1.8430747e+01 3.14e+00 1.31e+07   2.5 5.67e+01    -  1.08e-01 1.95e-01f  1
  84  1.8915731e+01 2.84e+00 1.34e+07   2.5 4.03e+01    -  2.26e-01 9.59e-02f  1
  85  2.0136218e+01 2.14e+00 1.39e+07   2.5 4.48e+01    -  9.90e-02 2.72e-01F  1
  86  2.0194660e+01 1.92e+00 1.32e+07   1.9 1.68e+01    -  1.89e-01 1.02e-01h  1
  87  2.1192524e+01 1.38e+00 1.08e+07   2.9 1.58e+01    -  7.95e-02 3.26e-01f  1
  88  2.2387130e+01 1.98e+00 7.17e+06   2.9 4.63e+01    -  3.09e-01 2.90e-01f  1
  89  2.1589738e+01 9.04e-01 3.50e+06   2.5 8.32e+00    -  6.40e-01 5.76e-01f  1
iter    objective    inf_pr   inf_du lg(mu)  ||d||  lg(rg) alpha_du alpha_pr  ls
  90  2.1632986e+01 5.62e-01 1.79e+06   2.9 7.54e+00    -  4.54e-01 7.78e-01f  1
  91  2.3479611e+01 2.66e+00 3.82e+06   2.9 2.19e+01    -  6.40e-01 1.00e+00f  1
  92  2.1627127e+01 8.57e-01 1.69e+06   2.7 8.74e+00    -  7.21e-01 1.00e+00f  1
  93  2.0474272e+01 4.27e-01 9.17e+05  -3.3 8.97e+00    -  6.14e-01 9.71e-01h  1
  94  2.1221035e+01 8.61e-01 5.14e+05   2.5 6.83e+00    -  1.00e+00 1.00e+00f  1
  95  2.1224092e+01 3.97e-01 5.57e+05   2.4 5.20e+00    -  1.00e+00 1.00e+00f  1
  96  2.0606203e+01 2.51e-01 1.89e+05   1.6 4.09e+00    -  1.00e+00 1.00e+00h  1
  97  2.0553224e+01 3.28e-02 1.54e+05   1.4 1.50e+00    -  1.00e+00 1.00e+00h  1
  98  2.1049009e+01 8.12e-02 2.49e+05   1.0 1.81e+00    -  7.43e-01 1.00e+00F  1
  99  2.1269795e+01 7.88e-02 2.14e+05   1.0 2.45e+00    -  4.83e-01 1.00e+00h  1
iter    objective    inf_pr   inf_du lg(mu)  ||d||  lg(rg) alpha_du alpha_pr  ls
 100  2.1038480e+01 1.89e-02 5.72e+04   1.0 1.32e+00    -  1.00e+00 1.00e+00f  1
 101  2.1046648e+01 1.31e-03 2.09e+04  -0.0 3.11e-01    -  1.00e+00 1.00e+00h  1
 102  2.1138156e+01 1.37e-02 5.25e+04   1.0 6.01e-01    -  1.00e+00 1.00e+00f  1
 103  2.1090966e+01 2.61e-03 3.40e+04   0.9 3.77e-01    -  1.00e+00 1.00e+00h  1
 104  2.1076960e+01 6.82e-04 3.33e+04   0.9 1.92e-01    -  1.00e+00 1.00e+00h  1
 105  2.1081592e+01 5.07e-05 2.22e+04  -0.1 2.25e-01    -  8.91e-01 1.00e+00H  1
 106  2.1085720e+01 1.24e-05 1.77e+04  -1.4 7.93e-02    -  1.00e+00 1.00e+00H  1
 107  2.1085260e+01 1.25e-05 4.72e+03  -2.4 2.89e-02    -  1.00e+00 1.00e+00H  1
 108  2.1085353e+01 1.25e-05 1.02e+04  -3.5 1.00e-01    -  1.00e+00 7.81e-03h  8
 109r 2.1085353e+01 1.25e-05 1.00e+03  -3.9 0.00e+00    -  0.00e+00 4.77e-07R 22
iter    objective    inf_pr   inf_du lg(mu)  ||d||  lg(rg) alpha_du alpha_pr  ls
 110r 2.1085357e+01 4.80e-06 9.67e+02  -2.4 4.18e-03    -  1.85e-01 3.11e-02f  1
 111r 2.1083621e+01 5.42e-05 7.51e+02  -3.5 1.01e-01    -  3.86e-01 2.24e-01f  1
 112r 2.1083317e+01 4.28e-05 7.24e+02  -3.5 1.59e-01    -  2.16e-04 3.73e-02f  1
 113r 2.1082965e+01 3.15e-05 7.98e+02  -3.6 1.62e-01    -  1.00e+00 6.13e-02h  4
 114r 2.1082961e+01 1.58e-05 4.19e+02  -3.3 1.86e-03    -  1.00e+00 4.98e-01f  1
 115  2.0755272e+01 3.28e-02 1.26e+03  -2.2 2.17e+01    -  1.82e-01 5.88e-02f  1
 116  2.0811789e+01 1.56e-01 1.42e+03  -0.3 8.69e+01    -  4.52e-01 3.23e-02f  1
 117  1.9762635e+01 5.07e+00 3.22e+03  -0.3 1.55e+01    -  1.00e+00 1.00e+00f  1
 118  1.9641407e+01 2.98e+00 1.78e+03  -0.3 3.55e+00    -  5.94e-01 4.30e-01h  1
 119  1.9241760e+01 2.72e-01 2.05e+03  -0.5 4.13e+00    -  1.00e+00 9.81e-01h  1
iter    objective    inf_pr   inf_du lg(mu)  ||d||  lg(rg) alpha_du alpha_pr  ls
 120  1.9348686e+01 1.95e-01 1.98e+03   0.4 4.71e+00    -  9.93e-01 3.92e-01f  1
 121  1.9674751e+01 1.53e-01 2.17e+03  -0.1 2.47e+00    -  1.00e+00 1.00e+00f  1
 122  1.9914621e+01 3.85e-02 8.25e+02  -0.3 1.93e+00    -  1.00e+00 1.00e+00h  1
 123  1.9955583e+01 2.48e-02 8.76e+02  -0.8 9.28e-01    -  1.00e+00 1.00e+00h  1
 124  1.9882268e+01 8.67e-03 3.62e+02  -1.4 6.71e-01    -  1.00e+00 1.00e+00h  1
 125  1.9737139e+01 5.85e-03 3.25e+02  -1.9 5.30e-01    -  1.00e+00 1.00e+00h  1
 126  1.9480327e+01 1.55e-02 5.30e+02  -2.3 1.09e+00    -  1.00e+00 6.96e-01h  1
 127  1.9326968e+01 1.87e-02 1.01e+03  -2.7 2.16e+00    -  1.00e+00 3.11e-01h  1
 128  1.8968341e+01 7.43e-02 2.12e+03  -2.7 1.38e+01    -  1.00e+00 1.36e-01h  1
 129  1.8372083e+01 2.27e-01 3.76e+03  -2.2 1.43e+01    -  1.00e+00 2.62e-01h  1
iter    objective    inf_pr   inf_du lg(mu)  ||d||  lg(rg) alpha_du alpha_pr  ls
 130  1.8243636e+01 4.52e-02 1.77e+03  -1.9 7.84e-01    -  1.00e+00 1.00e+00h  1
 131  1.8130651e+01 2.60e-02 6.06e+02  -2.5 1.83e+00    -  1.00e+00 9.21e-01h  1
 132  1.8032193e+01 2.43e-02 4.63e+02  -3.0 2.71e+00    -  1.00e+00 2.16e-01h  1
 133  1.7672496e+01 1.33e-01 9.15e+02  -2.8 8.15e+00    -  1.00e+00 2.64e-01h  1
 134  1.7210254e+01 3.32e-01 1.72e+03  -1.8 1.07e+01    -  1.00e+00 3.09e-01h  1
 135  1.6608931e+01 4.43e-01 2.53e+03  -2.1 1.39e+01    -  5.57e-01 2.64e-01h  1
 136  1.5787187e+01 5.18e-01 2.42e+03  -2.0 1.03e+01    -  8.32e-01 4.48e-01h  1
 137  1.5498418e+01 3.54e-01 2.04e+03  -2.3 3.72e+00    -  4.57e-01 3.53e-01h  1
 138  1.5589064e+01 1.74e-01 1.26e+03  -1.4 2.66e+00    -  9.12e-01 5.41e-01f  1
 139  1.6350160e+01 3.45e-01 4.93e+02  -1.1 5.85e+00    -  7.73e-01 1.00e+00f  1
iter    objective    inf_pr   inf_du lg(mu)  ||d||  lg(rg) alpha_du alpha_pr  ls
 140  1.5757422e+01 1.08e-01 4.24e+02  -1.3 3.30e+00    -  1.00e+00 1.00e+00h  1
 141  1.4734963e+01 3.70e-01 2.84e+02  -1.4 4.88e+00    -  1.00e+00 1.00e+00h  1
 142  1.4249734e+01 1.73e-01 2.77e+02  -2.0 3.83e+00    -  1.00e+00 9.80e-01h  1
 143  1.4203077e+01 1.07e-01 1.82e+02  -2.1 2.96e+00    -  1.00e+00 1.00e+00h  1
 144  1.4439627e+01 7.00e-02 1.83e+02  -1.8 2.80e+00    -  1.00e+00 3.88e-01h  1
 145  1.4742435e+01 3.59e-02 1.34e+02  -1.9 1.93e+00    -  1.00e+00 5.00e-01h  2
 146  1.4832632e+01 2.16e-02 1.87e+02  -2.4 2.16e+00    -  1.00e+00 5.02e-01h  1
 147  1.4967127e+01 1.11e-02 3.26e+02  -2.6 3.04e+00    -  8.61e-01 4.97e-01H  1
 148  1.4823707e+01 3.02e-02 4.85e+02  -2.8 2.35e+00    -  1.00e+00 5.79e-01h  1
 149  1.4676378e+01 3.41e-02 5.86e+02  -2.9 4.91e+00    -  6.94e-01 2.06e-01h  1
iter    objective    inf_pr   inf_du lg(mu)  ||d||  lg(rg) alpha_du alpha_pr  ls
 150  1.4533566e+01 7.58e-02 6.99e+02  -2.9 7.00e+00    -  8.65e-01 2.65e-01h  1
 151  1.4305404e+01 2.99e-01 1.26e+03  -2.9 1.44e+01    -  2.85e-01 2.25e-01h  1
 152  1.4237707e+01 2.77e-01 1.54e+03  -2.9 6.51e+00    -  7.00e-01 1.36e-01h  1
 153  1.4149818e+01 1.79e-01 1.40e+03  -2.9 3.64e+00    -  7.26e-01 4.03e-01h  1
 154  1.4248922e+01 6.51e-02 2.56e+02  -2.4 1.48e+00    -  1.00e+00 1.00e+00f  1
 155  1.4218202e+01 5.59e-02 3.82e+02  -2.5 2.21e+00    -  8.79e-01 5.92e-01h  1
 156  1.4465929e+01 8.57e-02 5.28e+02  -2.5 1.82e+00    -  6.73e-01 8.27e-01H  1
 157  1.4228783e+01 4.90e-02 1.72e+02  -2.5 1.43e+00    -  8.67e-01 1.00e+00h  1
 158  1.4378810e+01 1.65e-02 1.65e+02  -2.5 1.19e+00    -  1.00e+00 8.77e-01h  1
 159  1.4402535e+01 9.89e-03 1.48e+02  -3.1 1.17e+00    -  1.00e+00 6.08e-01h  1
iter    objective    inf_pr   inf_du lg(mu)  ||d||  lg(rg) alpha_du alpha_pr  ls
 160  1.4495885e+01 8.21e-03 1.66e+02  -3.2 8.00e-01    -  1.00e+00 6.29e-01h  1
 161  1.4540714e+01 5.49e-03 1.86e+02  -3.7 5.40e-01    -  1.00e+00 5.24e-01h  1
 162  1.4570768e+01 3.81e-03 1.58e+02  -4.0 4.07e-01    -  1.00e+00 5.04e-01h  1
 163  1.4591771e+01 3.00e-03 1.38e+02  -4.0 4.04e-01    -  1.00e+00 5.19e-01h  1
 164  1.4586517e+01 4.34e-03 2.12e+02  -4.0 7.42e-01    -  1.00e+00 4.77e-01h  1
 165  1.4578651e+01 4.02e-03 2.64e+02  -4.1 1.24e+00    -  9.22e-01 1.13e-01h  1
 166  1.4558791e+01 4.76e-03 3.24e+02  -4.1 2.55e+00    -  8.89e-01 1.20e-01h  1
 167  1.4493504e+01 4.31e-02 7.01e+02  -4.1 7.08e+00    -  1.19e-01 1.71e-01h  1
 168  1.4469558e+01 3.61e-02 7.94e+02  -4.1 1.62e+00    -  3.94e-01 2.08e-01h  1
 169  1.4463320e+01 3.26e-02 7.55e+02  -4.1 8.00e-01    -  6.79e-01 9.69e-02h  1
iter    objective    inf_pr   inf_du lg(mu)  ||d||  lg(rg) alpha_du alpha_pr  ls
 170  1.4453646e+01 3.09e-02 7.29e+02  -4.1 1.89e+00    -  9.76e-02 6.08e-02h  1
 171  1.4420901e+01 3.17e-02 7.45e+02  -4.1 5.39e+00    -  9.28e-02 6.70e-02f  1
 172  1.4349436e+01 5.26e-02 9.37e+02  -4.1 8.18e+00    -  9.39e-02 1.43e-01h  1
 173  1.4287945e+01 6.72e-02 1.02e+03  -4.0 3.17e+00    -  1.86e-01 3.85e-01h  1
 174  1.4287837e+01 6.22e-02 1.00e+03  -4.2 1.05e+00    -  5.63e-01 7.60e-02h  1
 175  1.4285006e+01 4.11e-02 7.84e+02  -4.2 7.10e-01    -  6.19e-01 3.40e-01h  1
 176  1.4300651e+01 3.46e-02 6.47e+02  -3.0 7.14e-01    -  3.94e-01 1.61e-01f  1
 177  1.4313030e+01 2.36e-02 5.40e+02  -3.4 5.02e-01    -  2.76e-01 3.17e-01h  1
 178  1.4392026e+01 4.26e-03 2.33e+02  -3.0 4.28e-01    -  6.77e-01 1.00e+00h  1
 179  1.4399548e+01 3.19e-03 1.81e+02  -3.2 3.82e-01    -  1.00e+00 1.00e+00h  1
iter    objective    inf_pr   inf_du lg(mu)  ||d||  lg(rg) alpha_du alpha_pr  ls
 180  1.4389517e+01 2.14e-03 2.19e+02  -3.9 3.84e-01    -  1.00e+00 4.14e-01h  1
 181  1.4403818e+01 1.78e-03 1.90e+02  -3.3 1.83e-01    -  1.00e+00 1.00e+00h  1
 182  1.4397630e+01 1.44e-03 1.32e+02  -4.0 3.30e-01    -  1.00e+00 9.23e-01h  1
 183  1.4378676e+01 6.09e-03 3.81e+02  -3.6 1.74e+00    -  1.00e+00 2.86e-01h  1
 184  1.4338618e+01 3.16e-02 9.06e+02  -3.3 2.77e+00    -  1.00e+00 4.30e-01h  1
 185  1.4249048e+01 2.36e-02 1.26e+03  -3.4 1.31e+00    -  5.46e-01 7.29e-01h  1
 186  1.4238369e+01 2.43e-02 6.01e+02  -2.4 1.34e+00    -  5.79e-01 4.47e-01f  1
 187  1.4282913e+01 1.77e-02 2.48e+02  -2.4 1.19e+00    -  1.00e+00 5.00e-01h  2
 188  1.4298702e+01 1.15e-02 1.85e+02  -2.8 8.55e-01    -  1.00e+00 8.89e-01h  1
 189  1.4258312e+01 2.53e-02 6.57e+02  -3.1 1.45e+00    -  1.00e+00 7.66e-01h  1
iter    objective    inf_pr   inf_du lg(mu)  ||d||  lg(rg) alpha_du alpha_pr  ls
 190  1.4221082e+01 8.59e-03 3.09e+02  -3.1 5.76e-01    -  9.77e-01 9.65e-01h  1
 191  1.4280696e+01 5.64e-03 1.06e+02  -2.6 4.49e-01    -  1.00e+00 1.00e+00f  1
 192  1.4310491e+01 3.20e-03 2.09e+02  -3.1 8.17e-01    -  9.48e-01 6.83e-01H  1
 193  1.4294044e+01 1.40e-02 6.72e+02  -3.5 1.22e+00    -  1.00e+00 6.08e-01h  1
 194  1.4270179e+01 1.61e-02 1.00e+03  -3.6 1.91e+00    -  8.40e-01 3.48e-01h  1
 195  1.4184342e+01 4.93e-02 1.47e+03  -3.6 3.55e+00    -  1.00e+00 3.58e-01h  1
 196  1.4096050e+01 1.29e-02 7.81e+02  -3.1 7.95e-01    -  9.46e-01 1.00e+00h  1
 197  1.4125106e+01 8.25e-03 4.46e+02  -3.5 5.70e-01    -  8.67e-01 4.16e-01h  1
 198  1.4188927e+01 2.92e-03 1.14e+02  -3.2 3.62e-01    -  9.86e-01 7.88e-01h  1
 199  1.4271599e+01 1.97e-03 2.38e+02  -2.8 2.88e-01    -  1.00e+00 1.00e+00h  1
iter    objective    inf_pr   inf_du lg(mu)  ||d||  lg(rg) alpha_du alpha_pr  ls
 200  1.4291785e+01 1.21e-03 2.76e+02  -3.4 3.36e-01    -  9.57e-01 1.00e+00H  1
 201  1.4288048e+01 5.83e-04 1.11e+02  -2.9 2.25e-01    -  1.00e+00 1.00e+00h  1
 202  1.4268393e+01 4.01e-04 2.98e+01  -3.3 1.82e-01    -  1.00e+00 1.00e+00h  1
 203  1.4277611e+01 3.38e-04 3.05e+01  -4.0 8.93e-02    -  1.00e+00 1.00e+00h  1
 204  1.4274382e+01 4.63e-04 1.04e+02  -4.0 2.30e-01    -  1.00e+00 5.04e-01h  1
 205  1.4260633e+01 6.58e-03 4.41e+02  -4.1 1.20e+00    -  1.24e-01 3.42e-01h  1
 206  1.4246798e+01 2.16e-03 4.46e+02  -4.1 2.59e-01    -  6.47e-01 1.00e+00h  1
 207  1.4232580e+01 4.97e-04 2.01e+02  -3.8 1.99e-01    -  1.00e+00 7.97e-01h  1
 208  1.4281379e+01 4.65e-04 1.04e+02  -3.1 2.54e-01    -  7.86e-01 1.00e+00H  1
 209  1.4274994e+01 8.16e-04 1.47e+02  -3.3 1.87e-01    -  1.00e+00 1.00e+00h  1
iter    objective    inf_pr   inf_du lg(mu)  ||d||  lg(rg) alpha_du alpha_pr  ls
 210  1.4264086e+01 1.92e-03 3.83e+02  -3.3 2.42e-01    -  1.00e+00 9.68e-01h  1
 211  1.4248629e+01 2.18e-03 5.73e+02  -3.3 4.14e-01    -  1.00e+00 7.87e-01f  1
 212  1.4238984e+01 1.11e-03 1.13e+02  -3.3 1.89e-01    -  1.00e+00 1.00e+00f  1
 213  1.4255047e+01 3.61e-04 7.42e+01  -3.3 1.71e-01    -  1.00e+00 1.00e+00h  1
 214  1.4257157e+01 7.88e-05 1.40e+02  -4.0 1.16e-01    -  1.00e+00 8.78e-01H  1
 215  1.4253094e+01 4.55e-04 2.71e+02  -4.0 4.39e-01    -  1.00e+00 2.43e-01h  1
 216  1.4241764e+01 1.29e-02 9.83e+02  -4.0 7.42e-01    -  1.00e+00 6.76e-01h  1
 217  1.4222941e+01 2.05e-02 1.59e+03  -4.1 1.42e+00    -  1.00e+00 3.44e-01h  1
 218  1.4170697e+01 5.07e-02 2.48e+03  -4.1 1.11e+00    -  1.00e+00 8.70e-01h  1
 219  1.4116628e+01 2.68e-02 1.86e+03  -4.1 1.02e+00    -  2.54e-01 4.96e-01h  1
iter    objective    inf_pr   inf_du lg(mu)  ||d||  lg(rg) alpha_du alpha_pr  ls
 220  1.4132277e+01 6.91e-03 3.74e+02  -4.1 4.09e-01    -  2.50e-01 7.82e-01h  1
 221  1.4179838e+01 2.33e-03 4.06e+02  -3.3 3.09e-01    -  6.46e-01 1.00e+00h  1
 222  1.4182674e+01 9.92e-04 4.63e+02  -3.7 3.56e-01    -  1.00e+00 8.64e-01h  1
 223  1.4182313e+01 6.15e-04 2.77e+02  -4.0 1.97e-01    -  1.00e+00 4.49e-01h  1
 224  1.4191751e+01 5.37e-04 2.16e+02  -4.0 1.38e-01    -  1.00e+00 4.81e-01h  1
 225  1.4212321e+01 1.05e-03 1.71e+02  -3.2 2.79e-01    -  1.00e+00 1.00e+00h  1
 226  1.4193644e+01 5.30e-04 8.56e+01  -3.3 1.96e-01    -  1.00e+00 1.00e+00h  1
 227  1.4208965e+01 1.90e-04 9.53e+01  -3.7 1.10e-01    -  9.06e-01 9.83e-01H  1
 228  1.4204362e+01 2.34e-04 1.57e+02  -4.0 1.15e-01    -  1.00e+00 1.00e+00h  1
 229  1.4201008e+01 1.03e-04 5.43e+01  -4.0 7.97e-02    -  1.00e+00 1.00e+00h  1
iter    objective    inf_pr   inf_du lg(mu)  ||d||  lg(rg) alpha_du alpha_pr  ls
 230  1.4205477e+01 3.78e-05 2.06e+01  -4.0 4.19e-02    -  1.00e+00 1.00e+00h  1
 231  1.4205189e+01 1.43e-04 6.70e+01  -4.0 6.07e-02    -  1.00e+00 1.00e+00h  1
 232  1.4203078e+01 5.24e-04 1.76e+02  -4.1 2.42e-01    -  1.00e+00 4.23e-01h  1
 233  1.4200889e+01 6.31e-04 2.58e+02  -4.1 2.75e-01    -  1.00e+00 3.61e-01h  1
 234  1.4194841e+01 9.09e-04 2.49e+02  -4.1 1.85e-01    -  1.00e+00 1.00e+00h  1
 235  1.4192076e+01 3.69e-04 1.26e+02  -4.1 1.17e-01    -  1.00e+00 6.28e-01h  1
 236  1.4192799e+01 2.79e-04 9.48e+01  -4.0 8.58e-02    -  1.00e+00 2.50e-01f  3
 237  1.4196980e+01 5.21e-05 9.21e+00  -4.0 5.82e-02    -  1.00e+00 1.00e+00h  1
 238  1.4197999e+01 1.43e-05 1.45e+01  -4.0 2.50e-02    -  1.00e+00 1.00e+00h  1
 239  1.4197746e+01 9.38e-06 1.38e+01  -4.0 2.07e-02    -  1.00e+00 1.00e+00h  1
iter    objective    inf_pr   inf_du lg(mu)  ||d||  lg(rg) alpha_du alpha_pr  ls
 240  1.4197540e+01 1.07e-05 6.94e+00  -4.0 2.38e-02    -  1.00e+00 1.00e+00h  1
 241  1.4196064e+01 8.36e-04 1.05e+02  -4.0 2.13e-01    -  1.00e+00 1.00e+00h  1
 242  1.4194603e+01 2.41e-04 1.31e+02  -4.1 1.12e-01    -  1.00e+00 1.00e+00h  1
 243  1.4194555e+01 2.06e-04 3.79e+01  -4.0 1.18e-01    -  1.00e+00 1.00e+00h  1
 244  1.4193077e+01 1.34e-04 4.00e+01  -4.0 9.98e-02    -  1.00e+00 1.00e+00h  1
 245  1.4196432e+01 3.51e-05 1.97e+01  -4.0 9.08e-02    -  1.00e+00 1.00e+00H  1
 246  1.4197981e+01 7.67e-06 8.88e+01  -4.0 1.61e-01    -  1.00e+00 1.00e+00H  1
 247  1.4193455e+01 7.43e-03 3.40e+02  -4.1 7.68e-01    -  1.00e+00 8.22e-01h  1
 248  1.4175763e+01 2.28e-03 2.54e+02  -4.1 2.45e-01    -  1.00e+00 7.40e-01h  1
 249  1.4185510e+01 5.03e-04 6.38e+01  -4.0 2.09e-01    -  6.97e-01 1.00e+00h  1
iter    objective    inf_pr   inf_du lg(mu)  ||d||  lg(rg) alpha_du alpha_pr  ls
 250  1.4185344e+01 1.99e-04 2.20e+01  -4.0 1.26e-01    -  1.00e+00 1.00e+00h  1
 251  1.4200036e+01 5.04e-05 3.55e+01  -3.5 4.58e-02    -  1.00e+00 1.00e+00h  1
 252  1.4201298e+01 2.29e-06 3.39e+01  -3.6 5.80e-02    -  1.00e+00 1.00e+00H  1
 253  1.4195930e+01 7.13e-05 6.09e+01  -4.0 5.04e-02    -  1.00e+00 1.00e+00h  1
 254  1.4195873e+01 2.18e-05 2.36e+01  -4.0 3.47e-02    -  1.00e+00 1.00e+00h  1
 255  1.4196790e+01 9.95e-06 9.80e+00  -4.0 2.22e-02    -  1.00e+00 1.00e+00h  1
 256  1.4196727e+01 2.86e-07 1.75e+01  -4.0 2.30e-02    -  1.00e+00 1.00e+00H  1
 257  1.4195372e+01 1.15e-03 1.50e+02  -4.0 1.88e-01    -  1.00e+00 1.00e+00h  1
 258  1.4191366e+01 1.43e-04 9.96e+01  -4.1 9.48e-02    -  1.00e+00 1.00e+00h  1
 259  1.4195752e+01 5.05e-05 5.01e+01  -4.0 8.16e-02    -  1.00e+00 1.00e+00H  1
iter    objective    inf_pr   inf_du lg(mu)  ||d||  lg(rg) alpha_du alpha_pr  ls
 260  1.4195437e+01 4.62e-05 2.13e+01  -4.0 5.91e-02    -  1.00e+00 1.00e+00h  1
 261  1.4194966e+01 2.91e-05 8.55e+00  -4.0 4.05e-02    -  1.00e+00 1.00e+00h  1
 262  1.4195817e+01 1.95e-05 2.61e+00  -4.0 6.43e-03    -  1.00e+00 1.00e+00h  1
 263  1.4195726e+01 2.30e-06 9.63e+00  -4.0 2.04e-02    -  1.00e+00 1.00e+00H  1
 264  1.4193949e+01 2.38e-03 1.72e+02  -4.0 8.46e-01    -  1.00e+00 4.16e-01h  1
 265  1.4188524e+01 6.42e-04 2.57e+02  -4.1 1.59e-01    -  1.00e+00 1.00e+00h  1
 266  1.4180666e+01 3.05e-04 7.48e+01  -4.1 1.22e-01    -  1.00e+00 1.00e+00h  1
 267  1.4188448e+01 1.51e-04 8.10e+01  -4.0 7.92e-02    -  1.00e+00 1.00e+00h  1
 268  1.4191222e+01 3.75e-05 6.83e+01  -4.1 5.28e-02    -  1.00e+00 1.00e+00h  1
 269  1.4191810e+01 3.18e-05 3.70e+01  -4.0 3.89e-02    -  1.00e+00 1.00e+00h  1
iter    objective    inf_pr   inf_du lg(mu)  ||d||  lg(rg) alpha_du alpha_pr  ls
 270  1.4191799e+01 6.87e-06 1.05e+01  -4.0 1.90e-02    -  1.00e+00 1.00e+00h  1
 271  1.4192176e+01 1.53e-06 3.98e+00  -4.0 1.25e-02    -  1.00e+00 1.00e+00h  1
 272  1.4192098e+01 1.57e-06 6.69e+00  -4.0 9.05e-03    -  1.00e+00 1.00e+00h  1
 273  1.4191920e+01 5.49e-05 3.85e+01  -4.0 4.42e-02    -  1.00e+00 1.00e+00h  1
 274  1.4190799e+01 4.33e-04 1.57e+02  -4.1 9.48e-02    -  1.00e+00 1.00e+00h  1
 275  1.4189306e+01 6.65e-05 1.23e+02  -4.1 6.25e-02    -  1.00e+00 1.00e+00h  1
 276  1.4191253e+01 2.25e-05 8.07e+00  -4.0 2.35e-02    -  1.00e+00 1.00e+00h  1
 277  1.4191696e+01 2.03e-05 8.78e+00  -4.0 1.69e-02    -  1.00e+00 1.00e+00h  1
 278  1.4191646e+01 2.96e-05 2.09e+01  -4.0 1.82e-02    -  1.00e+00 1.00e+00h  1
 279  1.4190994e+01 5.82e-05 5.82e+01  -4.1 4.86e-02    -  1.00e+00 1.00e+00h  1
iter    objective    inf_pr   inf_du lg(mu)  ||d||  lg(rg) alpha_du alpha_pr  ls
 280  1.4191646e+01 7.47e-06 1.22e+02  -4.1 6.30e-02    -  1.00e+00 1.00e+00H  1
 281  1.4190612e+01 5.09e-05 1.17e+02  -4.0 5.64e-02    -  1.00e+00 1.00e+00h  1
 282  1.4190649e+01 6.18e-05 6.32e+00  -4.0 4.08e-02    -  1.00e+00 1.00e+00h  1
 283  1.4191029e+01 1.26e-05 1.16e+01  -4.1 1.60e-02    -  1.00e+00 1.00e+00h  1
 284  1.4191902e+01 3.38e-06 6.30e+01  -4.0 4.19e-02    -  1.00e+00 1.00e+00H  1
 285  1.4191391e+01 1.95e-05 6.23e+01  -4.0 4.46e-02    -  1.00e+00 1.00e+00h  1
 286  1.4190778e+01 2.10e-05 4.48e+00  -4.1 2.73e-02    -  1.00e+00 1.00e+00h  1
 287  1.4191517e+01 6.04e-06 1.12e+01  -4.0 1.50e-02    -  1.00e+00 1.00e+00h  1
 288  1.4191640e+01 4.78e-07 5.05e+00  -4.0 1.03e-02    -  1.00e+00 1.00e+00H  1
 289  1.4191684e+01 2.25e-08 2.15e+00  -4.0 4.54e-03    -  1.00e+00 1.00e+00H  1
iter    objective    inf_pr   inf_du lg(mu)  ||d||  lg(rg) alpha_du alpha_pr  ls
 290  1.4191702e+01 2.15e-08 3.04e+00  -4.0 6.52e-03    -  1.00e+00 1.00e+00H  1
 291  1.4191085e+01 8.72e-05 2.59e+01  -4.1 3.90e-02    -  1.00e+00 1.00e+00h  1
 292  1.4191005e+01 5.18e-05 1.44e+01  -4.1 2.20e-02    -  1.00e+00 1.00e+00h  1
 293  1.4191807e+01 2.78e-07 5.00e+00  -4.0 1.32e-02    -  1.00e+00 1.00e+00H  1
 294  1.4191299e+01 3.20e-06 4.22e+00  -4.1 7.76e-03    -  1.00e+00 1.00e+00h  1
 295  1.4191794e+01 2.46e-05 3.32e+00  -4.0 9.82e-03    -  1.00e+00 1.00e+00h  1
 296  1.4191225e+01 2.14e-05 2.10e+01  -4.1 2.00e-02    -  1.00e+00 1.00e+00h  1
 297  1.4191234e+01 2.85e-05 1.32e+01  -4.1 1.08e-02    -  1.00e+00 1.00e+00h  1
 298  1.4191873e+01 1.67e-07 5.19e+00  -4.0 1.34e-02    -  1.00e+00 1.00e+00H  1
 299  1.4191255e+01 1.01e-05 6.76e+00  -4.1 1.36e-02    -  1.00e+00 1.00e+00h  1
iter    objective    inf_pr   inf_du lg(mu)  ||d||  lg(rg) alpha_du alpha_pr  ls
 300  1.4191849e+01 3.02e-06 8.31e+00  -4.0 1.20e-02    -  1.00e+00 1.00e+00h  1
 301  1.4191315e+01 1.11e-05 1.30e+01  -4.1 1.77e-02    -  1.00e+00 1.00e+00h  1
 302  1.4191339e+01 7.23e-06 1.39e+01  -4.1 1.08e-02    -  1.00e+00 5.00e-01h  2
 303  1.4191629e+01 5.17e-07 1.41e+01  -4.1 3.18e-02    -  1.00e+00 1.00e+00H  1
 304  1.4191993e+01 2.72e-05 2.70e+01  -4.0 3.62e-02    -  1.00e+00 1.00e+00h  1
 305  1.4191173e+01 2.85e-05 3.96e+01  -4.1 2.50e-02    -  1.00e+00 1.00e+00h  1
 306  1.4191269e+01 1.40e-05 5.96e+00  -4.1 2.71e-02    -  1.00e+00 1.00e+00h  1
 307  1.4191590e+01 6.82e-06 4.34e+00  -4.1 1.39e-02    -  1.00e+00 1.00e+00h  1
 308  1.4191816e+01 4.72e-07 1.52e+01  -4.1 1.79e-02    -  1.00e+00 1.00e+00H  1
 309  1.4191607e+01 3.84e-06 1.22e+01  -4.1 1.29e-02    -  1.00e+00 1.00e+00h  1
iter    objective    inf_pr   inf_du lg(mu)  ||d||  lg(rg) alpha_du alpha_pr  ls
 310  1.4191745e+01 2.00e-08 2.72e+00  -4.1 6.09e-03    -  1.00e+00 1.00e+00H  1
 311  1.4191779e+01 1.82e-08 7.14e+00  -4.1 1.13e-02    -  1.00e+00 1.00e+00H  1
 312  1.4192532e+01 5.22e-09 9.45e+01  -4.1 1.30e-01    -  1.00e+00 1.00e+00H  1
 313  1.4192532e+01 3.76e-08 9.45e+01  -4.1 9.42e-02    -  1.00e+00 4.88e-04h 12
 314  1.4189660e+01 1.64e-04 1.26e+02  -4.1 8.70e-02    -  1.00e+00 1.00e+00f  1
 315  1.4188217e+01 6.99e-05 1.13e+01  -4.1 6.26e-02    -  1.00e+00 1.00e+00h  1
 316  1.4192036e+01 2.20e-05 1.60e+01  -4.0 3.08e-02    -  1.00e+00 1.00e+00h  1
 317  1.4192328e+01 2.03e-05 2.62e+01  -4.1 2.65e-02    -  1.00e+00 1.00e+00h  1
 318  1.4192063e+01 8.29e-06 2.60e+01  -4.1 2.07e-02    -  1.00e+00 1.00e+00h  1
 319  1.4192151e+01 4.28e-06 3.26e+00  -4.1 1.38e-02    -  1.00e+00 1.00e+00h  1
iter    objective    inf_pr   inf_du lg(mu)  ||d||  lg(rg) alpha_du alpha_pr  ls
 320  1.4192246e+01 3.92e-06 2.07e+00  -4.1 7.25e-03    -  1.00e+00 1.00e+00h  1
 321  1.4192250e+01 1.99e-06 1.95e+00  -4.1 3.05e-03    -  1.00e+00 1.00e+00h  1
 322  1.4192253e+01 4.32e-07 1.13e+00  -4.1 1.63e-03    -  1.00e+00 1.00e+00h  1
 323  1.4192279e+01 1.22e-07 8.04e+00  -4.1 8.21e-03    -  1.00e+00 1.00e+00H  1
 324  1.4192572e+01 2.27e-08 1.30e+02  -4.1 1.08e-01    -  1.00e+00 1.00e+00H  1
 325  1.4193112e+01 6.55e-09 2.28e+02  -4.1 8.50e-02    -  1.00e+00 1.00e+00H  1
 326  1.4190148e+01 6.14e-04 4.85e+01  -4.1 2.20e-01    -  9.82e-01 1.00e+00f  1
 327  1.4186598e+01 1.20e-03 3.17e+02  -4.1 2.36e-01    -  1.00e+00 1.00e+00h  1
 328  1.4178808e+01 1.04e-03 9.22e+01  -4.1 2.19e-01    -  1.00e+00 1.00e+00h  1
 329  1.4186824e+01 4.86e-04 7.43e+01  -3.4 1.97e-01    -  1.00e+00 7.64e-01h  1
iter    objective    inf_pr   inf_du lg(mu)  ||d||  lg(rg) alpha_du alpha_pr  ls
 330  1.4192788e+01 3.11e-04 6.51e+01  -3.5 1.03e-01    -  1.00e+00 1.00e+00h  1
 331  1.4193111e+01 9.21e-05 3.61e+01  -3.5 6.59e-02    -  1.00e+00 1.00e+00h  1
 332  1.4197792e+01 3.32e-05 1.21e+01  -3.5 4.03e-02    -  1.00e+00 1.00e+00h  1
 333  1.4198991e+01 6.87e-06 3.39e+01  -3.5 5.12e-02    -  1.00e+00 1.00e+00H  1
 334  1.4198573e+01 5.34e-05 3.21e+01  -3.5 3.25e-02    -  1.00e+00 1.00e+00h  1
 335  1.4198347e+01 4.94e-05 5.26e+01  -3.5 6.54e-02    -  1.00e+00 1.00e+00h  1
 336  1.4198272e+01 2.70e-05 4.57e+00  -3.5 4.44e-02    -  1.00e+00 1.00e+00h  1
 337  1.4199063e+01 5.48e-06 4.46e+00  -3.5 1.44e-02    -  1.00e+00 1.00e+00h  1
 338  1.4199382e+01 3.31e-06 2.27e+01  -3.5 3.21e-02    -  1.00e+00 1.00e+00H  1
 339  1.4199627e+01 2.44e-06 3.34e+01  -3.5 3.46e-02    -  1.00e+00 1.00e+00H  1
iter    objective    inf_pr   inf_du lg(mu)  ||d||  lg(rg) alpha_du alpha_pr  ls
 340  1.4198983e+01 1.24e-05 8.75e+00  -3.5 2.55e-02    -  1.00e+00 1.00e+00h  1
 341  1.4199085e+01 6.48e-06 6.66e+00  -3.5 1.73e-02    -  1.00e+00 1.00e+00h  1
 342  1.4199320e+01 1.88e-06 5.71e+00  -3.5 1.09e-02    -  1.00e+00 1.00e+00h  1
 343  1.4199344e+01 2.68e-06 2.79e+00  -3.5 5.91e-03    -  1.00e+00 1.00e+00h  1
 344  1.4199325e+01 9.61e-07 1.14e+00  -3.5 3.15e-03    -  1.00e+00 1.00e+00h  1
 345  1.4199361e+01 2.01e-08 1.23e+00  -3.5 1.82e-03    -  1.00e+00 1.00e+00H  1
 346  1.4199397e+01 1.76e-08 6.79e+00  -3.5 1.11e-02    -  1.00e+00 1.00e+00H  1
 347  1.4199523e+01 9.98e-07 4.68e+01  -3.5 5.78e-02    -  1.00e+00 1.00e+00H  1
 348  1.4201482e+01 8.70e-09 1.07e+02  -3.5 9.94e-02    -  1.00e+00 1.00e+00H  1
 349  1.4201477e+01 1.09e-08 1.07e+02  -3.5 9.39e-02    -  1.00e+00 9.77e-04h 11
iter    objective    inf_pr   inf_du lg(mu)  ||d||  lg(rg) alpha_du alpha_pr  ls
 350  1.4201477e+01 1.11e-08 1.07e+02  -3.5 2.04e-01    -  1.00e+00 7.63e-06h 18
 351  1.4192732e+01 1.37e-03 1.02e+02  -3.5 2.30e-01    -  1.00e+00 1.00e+00f  1
 352  1.4192739e+01 2.35e-03 1.75e+02  -3.5 3.12e-01    -  1.00e+00 1.00e+00h  1
 353  1.4184288e+01 1.06e-03 1.14e+02  -3.5 2.66e-01    -  1.00e+00 1.00e+00h  1
 354  1.4191466e+01 2.43e-04 1.72e+01  -3.5 2.02e-01    -  1.00e+00 1.00e+00H  1
 355  1.4196414e+01 1.97e-04 4.86e+01  -3.5 8.31e-02    -  1.00e+00 1.00e+00h  1
 356  1.4194866e+01 3.90e-05 8.28e+00  -3.5 5.37e-02    -  1.00e+00 1.00e+00h  1
 357  1.4198440e+01 6.16e-06 5.23e+00  -3.5 1.48e-02    -  1.00e+00 1.00e+00h  1
 358  1.4199372e+01 8.49e-06 9.15e+00  -3.5 1.19e-02    -  1.00e+00 1.00e+00H  1
 359  1.4199604e+01 6.54e-07 2.37e+01  -3.5 2.82e-02    -  1.00e+00 1.00e+00H  1
iter    objective    inf_pr   inf_du lg(mu)  ||d||  lg(rg) alpha_du alpha_pr  ls
 360  1.4199348e+01 1.14e-06 6.50e+00  -3.5 1.98e-02    -  1.00e+00 1.00e+00H  1
 361  1.4199358e+01 3.07e-07 5.33e+00  -3.5 7.00e-03    -  1.00e+00 1.00e+00H  1
 362  1.4199309e+01 4.71e-06 9.91e-01  -3.5 4.85e-03    -  1.00e+00 1.00e+00h  1
 363  1.4199320e+01 1.27e-06 1.17e+00  -3.5 1.92e-03    -  1.00e+00 1.00e+00h  1
 364  1.4199331e+01 1.38e-07 4.74e+00  -3.5 4.15e-03    -  1.00e+00 1.00e+00H  1
 365  1.4199423e+01 1.68e-08 3.84e+01  -3.5 3.02e-02    -  1.00e+00 1.00e+00H  1
 366  1.4199338e+01 5.30e-08 1.65e+01  -3.5 1.70e-02    -  1.00e+00 1.00e+00H  1
 367  1.4199676e+01 1.41e-08 3.23e+01  -3.5 3.83e-02    -  1.00e+00 1.00e+00H  1
 368  1.4199386e+01 3.39e-09 5.91e+00  -3.5 2.35e-02    -  1.00e+00 1.00e+00H  1
 369  1.4199383e+01 3.96e-08 9.89e+00  -3.5 3.58e-02    -  1.00e+00 7.81e-03h  8
iter    objective    inf_pr   inf_du lg(mu)  ||d||  lg(rg) alpha_du alpha_pr  ls
 370  1.4199241e+01 3.01e-06 2.46e+00  -3.5 9.16e-03    -  1.00e+00 1.00e+00h  1
 371  1.4199261e+01 9.63e-07 4.85e+00  -3.5 3.75e-03    -  1.00e+00 5.00e-01h  2
 372  1.4199280e+01 4.80e-07 1.00e+00  -3.5 7.54e-04    -  1.00e+00 5.00e-01h  2
 373  1.4199294e+01 2.51e-07 4.34e-01  -3.5 5.08e-04    -  1.00e+00 5.00e-01h  2
 374  1.4199294e+01 2.23e-07 7.78e-01  -3.5 6.32e-04    -  1.00e+00 6.25e-02h  5
 375  1.4199298e+01 1.20e-07 2.15e+00  -3.5 3.29e-03    -  1.00e+00 1.00e+00H  1
 376  1.4199288e+01 4.75e-07 4.04e+00  -3.5 3.56e-03    -  1.00e+00 1.00e+00H  1
 377  1.4199281e+01 4.49e-07 2.36e+00  -3.5 2.64e-03    -  1.00e+00 1.00e+00H  1
 378  1.4199283e+01 1.54e-08 9.90e-01  -3.5 1.50e-03    -  1.00e+00 1.00e+00H  1
 379  1.4199280e+01 4.12e-08 9.68e-01  -3.5 1.39e-03    -  1.00e+00 1.00e+00H  1
iter    objective    inf_pr   inf_du lg(mu)  ||d||  lg(rg) alpha_du alpha_pr  ls
 380  1.4199370e+01 2.51e-09 3.52e+01  -3.5 4.71e-02    -  1.00e+00 1.00e+00H  1
 381  1.4199241e+01 1.50e-07 4.76e+00  -3.5 3.65e-02    -  1.00e+00 1.00e+00H  1
 382  1.4199427e+01 3.22e-09 7.33e+00  -3.5 1.77e-02    -  1.00e+00 1.00e+00H  1
 383  1.4199101e+01 7.45e-06 3.13e+00  -3.5 1.58e-02    -  1.00e+00 1.00e+00h  1
 384  1.4199190e+01 1.25e-07 1.31e+00  -3.5 2.01e-03    -  1.00e+00 1.00e+00h  1
 385  1.4199219e+01 9.42e-08 1.47e+00  -3.5 2.42e-03    -  1.00e+00 1.00e+00H  1
 386  1.4199215e+01 6.90e-08 1.60e+00  -3.5 2.62e-03    -  1.00e+00 1.00e+00H  1
 387  1.4199191e+01 3.29e-07 1.49e+01  -3.5 2.30e-02    -  1.00e+00 1.00e+00H  1
 388  1.4199110e+01 4.52e-06 7.73e+00  -3.5 1.31e-02    -  1.00e+00 1.00e+00h  1
 389  1.4199106e+01 6.77e-06 3.33e+00  -3.5 2.73e-02    -  1.00e+00 2.50e-01h  3
iter    objective    inf_pr   inf_du lg(mu)  ||d||  lg(rg) alpha_du alpha_pr  ls
 390  1.4199107e+01 6.84e-06 2.69e+00  -3.5 4.59e-03    -  1.00e+00 1.56e-02h  7
 391  1.4199187e+01 9.65e-06 2.25e+00  -3.5 5.62e-03    -  1.00e+00 1.00e+00h  1
 392  1.4199218e+01 2.69e-08 6.00e+00  -3.5 9.69e-03    -  1.00e+00 1.00e+00H  1
 393  1.4199162e+01 5.76e-07 2.08e-01  -3.5 9.35e-03    -  1.00e+00 1.00e+00H  1
 394  1.4199173e+01 3.33e-08 2.16e-01  -3.5 1.47e-04    -  1.00e+00 1.00e+00H  1
 395  1.4199156e+01 6.93e-07 5.45e+00  -3.5 5.90e-03    -  1.00e+00 1.00e+00H  1
 396  1.4199146e+01 7.56e-06 1.03e+01  -3.5 5.71e-03    -  1.00e+00 1.00e+00h  1
 397  1.4199183e+01 2.08e-07 2.78e+00  -3.5 1.00e-02    -  1.00e+00 1.00e+00H  1
 398  1.4199152e+01 6.16e-06 5.90e+00  -3.5 7.63e-03    -  1.00e+00 1.00e+00h  1
 399  1.4199144e+01 1.78e-07 1.62e+00  -3.5 8.99e-03    -  1.00e+00 1.00e+00H  1
iter    objective    inf_pr   inf_du lg(mu)  ||d||  lg(rg) alpha_du alpha_pr  ls
 400  1.4199152e+01 2.42e-07 5.32e-01  -3.5 1.60e-03    -  1.00e+00 1.00e+00H  1
 401  1.4199153e+01 9.11e-09 7.39e-01  -3.5 1.39e-03    -  1.00e+00 1.00e+00H  1
 402  1.4199149e+01 4.61e-09 2.62e-01  -3.5 7.01e-04    -  1.00e+00 1.00e+00H  1
 403  1.4199149e+01 2.52e-08 3.18e-01  -3.5 4.35e-04    -  1.00e+00 1.00e+00H  1
 404  1.4199149e+01 8.20e-09 4.69e-01  -3.5 5.88e-04    -  1.00e+00 1.00e+00H  1
 405  1.4199148e+01 1.64e-08 5.94e-01  -3.5 7.48e-04    -  1.00e+00 1.00e+00H  1
 406  1.4199148e+01 7.59e-06 2.97e+00  -3.5 2.90e-03    -  1.00e+00 1.00e+00h  1
 407  1.4199140e+01 1.04e-05 8.98e+00  -3.5 6.32e-03    -  1.00e+00 1.00e+00h  1
 408  1.4199239e+01 1.07e-09 2.46e+01  -3.5 3.19e-02    -  1.00e+00 1.00e+00H  1
 409  1.4199092e+01 2.75e-06 7.17e-01  -3.5 3.13e-02    -  1.00e+00 1.00e+00H  1
iter    objective    inf_pr   inf_du lg(mu)  ||d||  lg(rg) alpha_du alpha_pr  ls
 410  1.4199098e+01 2.14e-06 7.52e+00  -3.5 1.37e-02    -  1.00e+00 1.00e+00h  1
 411  1.4199050e+01 2.06e-06 4.50e-01  -3.5 1.24e-02    -  1.00e+00 1.00e+00h  1
 412  1.4199093e+01 9.48e-07 3.08e-01  -3.5 4.79e-04    -  1.00e+00 1.00e+00h  1
 413  1.4199091e+01 1.16e-07 3.11e+00  -3.5 4.28e-03    -  1.00e+00 1.00e+00H  1
 414  1.4199085e+01 2.41e-06 2.40e+00  -3.5 1.77e-03    -  1.00e+00 1.00e+00h  1
 415  1.4199088e+01 2.23e-06 1.49e+00  -3.5 2.33e-03    -  1.00e+00 2.50e-01h  3
 416  1.4199089e+01 1.73e-06 1.22e+00  -3.5 1.27e-03    -  1.00e+00 1.25e-01h  4
 417  1.4199090e+01 1.53e-06 1.17e+00  -3.5 4.35e-04    -  1.00e+00 6.25e-02h  5
 418  1.4199090e+01 1.49e-06 1.15e+00  -3.5 4.64e-04    -  1.00e+00 1.56e-02h  7
 419  1.4199090e+01 1.46e-06 1.14e+00  -3.5 5.44e-04    -  1.00e+00 7.81e-03h  8
iter    objective    inf_pr   inf_du lg(mu)  ||d||  lg(rg) alpha_du alpha_pr  ls
 420  1.4199097e+01 5.31e-09 2.06e-01  -3.5 8.51e-04    -  1.00e+00 1.00e+00H  1
 421  1.4199096e+01 6.49e-07 3.67e-01  -3.5 5.84e-04    -  1.00e+00 1.00e+00h  1
 422  1.4199097e+01 9.04e-10 5.29e-02  -3.5 3.30e-04    -  1.00e+00 1.00e+00H  1
 423  1.4194734e+01 1.16e-05 8.31e+00  -4.0 1.32e-02    -  1.00e+00 1.00e+00f  1
 424  1.4191779e+01 1.20e-04 5.18e+01  -4.1 5.11e-02    -  1.00e+00 8.16e-01h  1
 425  1.4191479e+01 3.96e-04 1.30e+02  -4.1 8.27e-02    -  1.00e+00 9.56e-01f  1
 426  1.4191228e+01 1.14e-04 1.06e+02  -4.1 6.82e-02    -  1.00e+00 1.00e+00f  1
 427  1.4190650e+01 1.01e-04 1.38e+01  -4.1 7.22e-02    -  1.00e+00 1.00e+00h  1
 428  1.4191618e+01 1.56e-05 1.56e+01  -4.1 3.19e-02    -  1.00e+00 1.00e+00h  1
 429  1.4191972e+01 4.86e-06 4.41e+00  -4.1 1.60e-02    -  1.00e+00 1.00e+00h  1
iter    objective    inf_pr   inf_du lg(mu)  ||d||  lg(rg) alpha_du alpha_pr  ls
 430  1.4192210e+01 6.96e-07 3.70e+00  -4.1 6.32e-03    -  1.00e+00 1.00e+00h  1
 431  1.4192230e+01 4.40e-08 5.15e+00  -4.1 3.77e-03    -  1.00e+00 1.00e+00H  1
 432  1.4192228e+01 6.95e-08 8.85e+00  -4.1 6.74e-03    -  1.00e+00 1.00e+00H  1
 433  1.4192249e+01 5.73e-09 1.74e+01  -4.1 9.72e-03    -  1.00e+00 1.00e+00H  1
 434  1.4192274e+01 1.08e-09 1.47e+01  -4.1 9.18e-03    -  1.00e+00 1.00e+00H  1
 435  1.4192255e+01 5.74e-09 4.70e+00  -4.1 8.08e-03    -  1.00e+00 1.00e+00H  1
 436  1.4192235e+01 3.13e-08 1.47e+00  -4.1 4.91e-03    -  1.00e+00 1.00e+00H  1
 437  1.4192241e+01 2.77e-09 1.50e+00  -4.1 4.13e-03    -  1.00e+00 1.00e+00H  1
 438  1.4192319e+01 5.95e-10 5.13e+01  -4.1 6.01e-02    -  1.00e+00 1.00e+00H  1
 439  1.4192319e+01 1.61e-09 5.13e+01  -4.1 2.18e-01    -  1.00e+00 7.63e-06h 18
iter    objective    inf_pr   inf_du lg(mu)  ||d||  lg(rg) alpha_du alpha_pr  ls
 440  1.4192319e+01 1.98e-09 5.13e+01  -4.1 7.99e-02    -  1.00e+00 7.63e-06h 18
 441  1.4192530e+01 1.83e-10 2.80e+01  -4.1 5.61e-02    -  1.00e+00 1.00e+00H  1
 442  1.4192529e+01 4.22e-10 2.80e+01  -4.1 3.99e-02    -  1.00e+00 2.44e-04h 13
 443  1.4192529e+01 8.65e-10 2.80e+01  -4.1 3.91e-02    -  1.00e+00 6.10e-05h 15
 444  1.4192529e+01 1.06e-09 2.80e+01  -4.1 4.95e-02    -  1.00e+00 6.10e-05h 15
 445  1.4192529e+01 1.20e-09 2.80e+01  -4.1 4.42e-02    -  1.00e+00 7.63e-06h 18
 446  1.4192529e+01 1.41e-09 2.80e+01  -4.1 3.98e-02    -  1.00e+00 3.81e-06h 19
 447  1.4191692e+01 3.63e-05 1.13e+01  -4.1 4.08e-02    -  1.00e+00 1.00e+00f  1
 448  1.4192055e+01 4.92e-06 4.51e+00  -4.1 1.53e-02    -  1.00e+00 1.00e+00h  1
 449  1.4192221e+01 1.52e-06 3.99e+00  -4.1 9.64e-03    -  1.00e+00 1.00e+00h  1
iter    objective    inf_pr   inf_du lg(mu)  ||d||  lg(rg) alpha_du alpha_pr  ls
 450  1.4192271e+01 1.28e-07 5.36e-01  -4.1 2.79e-03    -  1.00e+00 1.00e+00h  1
 451  1.4192292e+01 1.24e-07 1.64e-01  -4.1 3.66e-04    -  1.00e+00 1.00e+00h  1
 452  1.4192292e+01 8.99e-08 1.78e-01  -4.1 3.26e-04    -  1.00e+00 1.00e+00h  1
 453  1.4192286e+01 3.48e-09 1.84e+00  -4.1 3.83e-03    -  1.00e+00 1.00e+00H  1
 454  1.4192293e+01 9.09e-10 4.46e+00  -4.1 6.33e-03    -  1.00e+00 1.00e+00H  1
 455  1.4192314e+01 6.03e-10 5.94e+00  -4.1 1.11e-02    -  1.00e+00 1.00e+00H  1
 456  1.4192287e+01 2.26e-09 1.02e+00  -4.1 9.00e-03    -  1.00e+00 1.00e+00H  1
 457  1.4192302e+01 2.35e-10 1.98e+00  -4.1 4.85e-03    -  1.00e+00 1.00e+00H  1
 458  1.4192289e+01 9.22e-10 1.14e+00  -4.1 4.23e-03    -  1.00e+00 1.00e+00H  1
 459  1.4192289e+01 6.04e-09 1.13e+00  -4.1 1.81e-03    -  1.00e+00 7.81e-03h  8
iter    objective    inf_pr   inf_du lg(mu)  ||d||  lg(rg) alpha_du alpha_pr  ls
 460  1.4192497e+01 7.73e-11 2.75e+01  -4.1 8.48e-02    -  1.00e+00 1.00e+00H  1
 461  1.4192479e+01 3.18e-11 3.50e+01  -4.1 2.17e-02    -  1.00e+00 1.00e+00F  1
 462  1.4192479e+01 2.10e-10 3.50e+01  -4.1 8.07e-02    -  1.00e+00 3.81e-06h 19
 463  1.4191629e+01 1.54e-04 4.97e+01  -4.1 1.28e-01    -  1.00e+00 1.00e+00f  1
 464  1.4189164e+01 9.74e-05 1.65e+01  -4.1 8.98e-02    -  1.00e+00 1.00e+00h  1
 465  1.4194483e+01 2.66e-05 6.21e+01  -4.0 8.87e-02    -  1.00e+00 1.00e+00H  1
 466  1.4190365e+01 9.79e-05 4.20e+00  -4.1 7.51e-02    -  1.00e+00 1.00e+00h  1
 467  1.4192139e+01 7.51e-06 7.95e+00  -4.1 1.65e-02    -  1.00e+00 1.00e+00h  1
 468  1.4192342e+01 4.53e-06 4.35e+00  -4.1 1.54e-02    -  1.00e+00 1.00e+00h  1
 469  1.4192203e+01 4.64e-06 6.43e+00  -4.1 9.64e-03    -  1.00e+00 1.00e+00h  1
iter    objective    inf_pr   inf_du lg(mu)  ||d||  lg(rg) alpha_du alpha_pr  ls
 470  1.4192249e+01 4.18e-06 7.00e-01  -4.1 7.24e-03    -  1.00e+00 1.00e+00h  1
 471  1.4192297e+01 3.43e-07 6.01e-01  -4.1 1.41e-03    -  1.00e+00 1.00e+00h  1
 472  1.4192294e+01 3.87e-07 3.95e-01  -4.1 9.55e-04    -  1.00e+00 1.00e+00h  1
 473  1.4192293e+01 2.18e-07 4.03e-01  -4.1 4.76e-04    -  1.00e+00 1.00e+00h  1
 474  1.4192283e+01 1.85e-06 5.82e+00  -4.1 5.27e-03    -  1.00e+00 1.00e+00h  1
 475  1.4192255e+01 9.73e-08 1.39e+01  -4.1 6.67e-03    -  1.00e+00 1.00e+00H  1
 476  1.4192495e+01 2.73e-08 2.97e+01  -4.1 2.01e-02    -  1.00e+00 1.00e+00H  1
 477  1.4192061e+01 4.03e-05 7.33e+00  -4.1 1.75e-02    -  1.00e+00 1.00e+00h  1
 478  1.4192211e+01 6.45e-07 4.03e+00  -4.1 6.12e-03    -  1.00e+00 1.00e+00h  1
 479  1.4192242e+01 4.92e-08 5.13e+00  -4.1 4.41e-03    -  1.00e+00 1.00e+00H  1
iter    objective    inf_pr   inf_du lg(mu)  ||d||  lg(rg) alpha_du alpha_pr  ls
 480  1.4192240e+01 5.66e-08 3.57e+00  -4.1 3.33e-03    -  1.00e+00 1.00e+00H  1
 481  1.4192239e+01 1.04e-06 5.10e+00  -4.1 1.45e-01    -  1.00e+00 3.91e-03h  9
 482  1.4192358e+01 4.41e-09 6.40e+01  -4.1 5.44e-02    -  1.00e+00 1.00e+00H  1
 483  1.4191911e+01 3.29e-05 7.95e+01  -4.1 2.30e-02    -  1.00e+00 1.00e+00h  1
 484  1.4192192e+01 1.81e-06 3.92e+01  -4.1 4.02e-02    -  1.00e+00 1.00e+00H  1
 485  1.4192185e+01 1.71e-05 3.97e+01  -4.1 8.46e-02    -  1.00e+00 3.12e-02h  6
 486  1.4192168e+01 1.07e-06 2.75e+00  -4.1 1.37e-02    -  1.00e+00 1.00e+00H  1
 487  1.4192400e+01 1.37e-09 2.58e+01  -4.1 2.91e-02    -  1.00e+00 1.00e+00H  1
 488  1.4191798e+01 3.16e-05 2.36e+00  -4.1 2.74e-02    -  1.00e+00 1.00e+00f  1
 489  1.4191972e+01 2.41e-05 3.70e+00  -4.1 7.97e-03    -  1.00e+00 5.00e-01h  2
iter    objective    inf_pr   inf_du lg(mu)  ||d||  lg(rg) alpha_du alpha_pr  ls
 490  1.4192170e+01 4.98e-06 2.34e+00  -4.1 4.71e-03    -  1.00e+00 1.00e+00h  1
 491  1.4192166e+01 1.38e-07 3.65e+00  -4.1 7.66e-03    -  1.00e+00 1.00e+00H  1
 492  1.4192171e+01 9.12e-09 7.81e+00  -4.1 9.35e-03    -  1.00e+00 1.00e+00H  1
 493  1.4192159e+01 3.18e-07 7.92e-01  -4.1 1.06e-02    -  1.00e+00 1.00e+00H  1
 494  1.4192140e+01 6.21e-06 3.14e+00  -4.1 6.67e-03    -  1.00e+00 1.00e+00h  1
 495  1.4192155e+01 7.06e-07 1.37e+00  -4.1 3.97e-03    -  1.00e+00 1.00e+00h  1
 496  1.4192154e+01 2.99e-07 6.63e-01  -4.1 2.06e-03    -  1.00e+00 1.00e+00H  1
 497  1.4192291e+01 2.12e-09 2.71e+01  -4.1 7.03e-02    -  1.00e+00 1.00e+00H  1
 498  1.4192178e+01 1.46e-09 4.63e+01  -4.1 5.78e-02    -  1.00e+00 1.00e+00H  1
 499  1.4191711e+01 7.16e-05 3.59e+01  -4.1 6.36e-02    -  1.00e+00 1.00e+00f  1
iter    objective    inf_pr   inf_du lg(mu)  ||d||  lg(rg) alpha_du alpha_pr  ls
 500  1.4189305e+01 5.78e-05 4.23e+00  -4.1 5.29e-02    -  1.00e+00 1.00e+00h  1
 501  1.4191371e+01 8.31e-06 2.98e+00  -4.1 1.15e-02    -  1.00e+00 1.00e+00h  1
 502  1.4191903e+01 4.96e-06 2.12e+01  -4.1 9.96e-03    -  1.00e+00 5.00e-01h  2
 503  1.4192058e+01 4.21e-06 6.67e+00  -4.1 3.22e-03    -  1.00e+00 5.00e-01h  2
 504  1.4192122e+01 2.63e-06 4.13e+00  -4.1 1.94e-03    -  1.00e+00 5.00e-01h  2
 505  1.4192140e+01 1.35e-06 2.25e+00  -4.1 9.97e-04    -  1.00e+00 5.00e-01h  2
 506  1.4192141e+01 1.09e-06 3.48e-01  -4.1 8.86e-04    -  1.00e+00 1.00e+00h  1
 507  1.4192120e+01 1.80e-06 1.21e+00  -4.1 1.41e-03    -  1.00e+00 1.00e+00h  1
 508  1.4192109e+01 3.92e-08 2.92e+00  -4.1 2.03e-03    -  1.00e+00 1.00e+00H  1
 509  1.4192115e+01 3.13e-09 1.27e+01  -4.1 1.12e-02    -  1.00e+00 1.00e+00H  1
iter    objective    inf_pr   inf_du lg(mu)  ||d||  lg(rg) alpha_du alpha_pr  ls
 510  1.4192095e+01 2.51e-07 3.23e+00  -4.1 7.31e-03    -  1.00e+00 1.00e+00H  1
 511  1.4192105e+01 1.80e-07 3.05e+00  -4.1 5.61e-03    -  1.00e+00 1.00e+00H  1
 512  1.4192091e+01 1.14e-08 9.28e-01  -4.1 4.46e-03    -  1.00e+00 1.00e+00H  1
 513  1.4192090e+01 2.25e-08 4.64e-01  -4.1 8.07e-04    -  1.00e+00 1.00e+00H  1
 514  1.4192190e+01 3.79e-10 5.59e+01  -4.1 5.80e-02    -  1.00e+00 1.00e+00H  1
 515  1.4192076e+01 8.56e-08 2.59e+01  -4.1 2.71e-02    -  1.00e+00 1.00e+00F  1
 516  1.4192069e+01 2.63e-06 2.25e+01  -4.1 8.79e-02    -  1.00e+00 3.12e-02h  6
 517  1.4192069e+01 2.74e-06 2.24e+01  -4.1 1.12e-01    -  1.00e+00 9.77e-04h 11
 518  1.4192184e+01 2.12e-09 1.07e+01  -4.1 3.13e-02    -  1.00e+00 1.00e+00H  1
 519  1.4191982e+01 6.63e-05 4.83e+01  -4.1 4.62e-02    -  1.00e+00 1.00e+00h  1
iter    objective    inf_pr   inf_du lg(mu)  ||d||  lg(rg) alpha_du alpha_pr  ls
 520  1.4191616e+01 9.31e-05 1.38e+01  -4.1 6.01e-02    -  1.00e+00 1.00e+00h  1
 521  1.4191273e+01 3.19e-04 1.06e+02  -4.1 1.06e-01    -  1.00e+00 1.00e+00h  1
 522  1.4190548e+01 1.86e-04 1.55e+01  -4.1 8.23e-02    -  1.00e+00 1.00e+00h  1
 523  1.4189547e+01 1.67e-03 2.22e+02  -4.1 2.42e-01    -  1.00e+00 1.00e+00h  1
 524  1.4187491e+01 7.27e-04 2.20e+02  -4.1 2.45e-01    -  1.00e+00 1.00e+00h  1
 525  1.4182538e+01 1.13e-03 2.26e+01  -4.1 1.88e-01    -  1.00e+00 1.00e+00h  1
 526  1.4186024e+01 6.95e-04 1.27e+02  -4.1 1.63e-01    -  1.00e+00 1.00e+00h  1
 527  1.4178432e+01 3.79e-04 1.84e+01  -4.1 1.24e-01    -  1.00e+00 1.00e+00h  1
 528  1.4190620e+01 3.11e-05 1.35e+01  -4.0 3.63e-02    -  1.00e+00 1.00e+00h  1
 529  1.4193104e+01 2.70e-05 1.65e+01  -4.1 2.68e-02    -  1.00e+00 1.00e+00h  1
iter    objective    inf_pr   inf_du lg(mu)  ||d||  lg(rg) alpha_du alpha_pr  ls
 530  1.4191753e+01 1.86e-05 5.12e+00  -4.1 1.38e-02    -  1.00e+00 1.00e+00h  1
 531  1.4192092e+01 1.71e-06 1.95e+00  -4.1 2.76e-03    -  1.00e+00 1.00e+00h  1
 532  1.4192098e+01 9.47e-07 1.10e+00  -4.1 1.52e-03    -  1.00e+00 1.00e+00h  1
 533  1.4192081e+01 1.13e-06 1.56e+00  -4.1 1.52e-03    -  1.00e+00 1.00e+00h  1
 534  1.4192075e+01 1.26e-06 1.52e+00  -4.1 1.01e-03    -  1.00e+00 1.00e+00h  1
 535  1.4192075e+01 9.60e-08 6.19e-01  -4.1 5.34e-04    -  1.00e+00 1.00e+00h  1
 536  1.4192075e+01 1.25e-07 1.03e-01  -4.1 3.74e-04    -  1.00e+00 1.00e+00h  1
 537  1.4192073e+01 8.26e-07 3.94e-01  -4.1 4.37e-04    -  1.00e+00 1.00e+00h  1
 538  1.4192068e+01 2.92e-08 7.08e+00  -4.1 7.45e-03    -  1.00e+00 1.00e+00H  1
 539  1.4192062e+01 9.12e-09 1.29e+01  -4.1 5.63e-03    -  1.00e+00 1.00e+00H  1
iter    objective    inf_pr   inf_du lg(mu)  ||d||  lg(rg) alpha_du alpha_pr  ls
 540  1.4192060e+01 2.57e-06 3.48e+00  -4.1 8.06e-03    -  1.00e+00 1.00e+00h  1
 541  1.4192034e+01 2.89e-06 5.64e-01  -4.1 6.39e-03    -  1.00e+00 1.00e+00h  1
 542  1.4192055e+01 7.60e-07 4.38e-01  -4.1 1.17e-03    -  1.00e+00 1.00e+00h  1
 543  1.4192064e+01 1.07e-08 2.24e+00  -4.1 2.59e-03    -  1.00e+00 1.00e+00H  1
 544  1.4192059e+01 7.75e-07 2.92e+00  -4.1 1.85e-03    -  1.00e+00 1.00e+00h  1
 545  1.4192059e+01 1.68e-08 5.47e-01  -4.1 1.92e-03    -  1.00e+00 1.00e+00H  1
 546  1.4192059e+01 8.45e-07 2.15e-01  -4.1 9.21e-04    -  1.00e+00 1.00e+00h  1
 547  1.4192059e+01 4.67e-08 4.94e-01  -4.1 1.01e-03    -  1.00e+00 1.00e+00H  1
 548  1.4192058e+01 5.50e-08 1.97e+00  -4.1 2.76e-03    -  1.00e+00 1.00e+00H  1
 549  1.4192053e+01 2.99e-08 1.19e+01  -4.1 1.99e-02    -  1.00e+00 1.00e+00H  1
iter    objective    inf_pr   inf_du lg(mu)  ||d||  lg(rg) alpha_du alpha_pr  ls
 550  1.4192058e+01 2.76e-07 1.46e+01  -4.1 1.46e-02    -  1.00e+00 1.00e+00H  1
 551  1.4192000e+01 9.57e-06 3.96e+00  -4.1 1.71e-02    -  1.00e+00 1.00e+00h  1
 552  1.4192399e+01 2.33e-09 3.56e+01  -4.1 5.10e-02    -  1.00e+00 1.00e+00H  1
 553  1.4192054e+01 1.19e-07 8.15e+00  -4.1 4.53e-02    -  1.00e+00 1.00e+00H  1
 554  1.4192277e+01 3.36e-09 4.27e+01  -4.1 6.37e-02    -  1.00e+00 1.00e+00H  1
 555  1.4191713e+01 3.33e-05 1.90e+01  -4.1 4.04e-02    -  1.00e+00 1.00e+00h  1
 556  1.4191552e+01 3.18e-05 7.53e+00  -4.1 4.83e-02    -  1.00e+00 5.00e-01h  2
 557  1.4191667e+01 1.55e-05 7.52e+00  -4.1 2.24e-02    -  1.00e+00 5.00e-01h  2
 558  1.4191988e+01 7.60e-06 2.91e+00  -4.1 1.16e-02    -  1.00e+00 1.00e+00h  1
 559  1.4192017e+01 3.77e-06 3.72e+00  -4.1 9.37e-03    -  1.00e+00 5.00e-01h  2
iter    objective    inf_pr   inf_du lg(mu)  ||d||  lg(rg) alpha_du alpha_pr  ls
 560  1.4192039e+01 1.87e-06 2.46e-01  -4.1 3.49e-03    -  1.00e+00 1.00e+00h  1
 561  1.4192049e+01 1.05e-06 1.04e+00  -4.1 7.84e-04    -  1.00e+00 5.00e-01h  2
 562  1.4192054e+01 6.91e-07 1.01e+00  -4.1 2.19e-03    -  1.00e+00 1.00e+00h  1
 563  1.4192042e+01 1.14e-06 1.27e+00  -4.1 2.00e-03    -  1.00e+00 1.00e+00h  1
 564  1.4192048e+01 3.96e-07 6.76e-01  -4.1 1.53e-03    -  1.00e+00 1.00e+00h  1
 565  1.4192043e+01 5.07e-08 3.21e-01  -4.1 8.18e-04    -  1.00e+00 1.00e+00h  1
 566  1.4192045e+01 4.70e-09 1.87e-01  -4.1 6.04e-04    -  1.00e+00 1.00e+00H  1
 567  1.4192047e+01 1.58e-09 9.63e-01  -4.1 2.50e-03    -  1.00e+00 1.00e+00H  1
 568  1.4192045e+01 9.13e-10 3.54e+00  -4.1 5.67e-03    -  1.00e+00 1.00e+00H  1
 569  1.4192159e+01 9.20e-11 1.92e+01  -4.1 2.89e-02    -  1.00e+00 1.00e+00H  1
iter    objective    inf_pr   inf_du lg(mu)  ||d||  lg(rg) alpha_du alpha_pr  ls
 570  1.4191929e+01 1.09e-05 3.35e+00  -4.1 2.19e-02    -  1.00e+00 1.00e+00f  1
 571  1.4192018e+01 1.37e-06 5.79e+00  -4.1 1.17e-02    -  1.00e+00 1.00e+00h  1
 572  1.4192012e+01 1.12e-06 5.30e-01  -4.1 9.69e-03    -  1.00e+00 1.00e+00h  1
 573  1.4192026e+01 2.10e-06 3.42e+00  -4.1 1.30e-02    -  1.00e+00 5.00e-01h  2
 574  1.4192042e+01 9.31e-07 2.95e+00  -4.1 2.58e-03    -  1.00e+00 1.00e+00h  1
 575  1.4192045e+01 1.79e-07 3.78e-01  -4.1 6.20e-04    -  1.00e+00 1.00e+00h  1
 576  1.4192045e+01 4.40e-08 1.13e-01  -4.1 2.33e-04    -  1.00e+00 1.00e+00h  1
 577  1.4192045e+01 2.72e-09 1.13e-01  -4.1 2.61e-04    -  1.00e+00 1.00e+00H  1
 578  1.4192595e+01 2.84e-06 2.42e+00  -4.0 5.49e-03    -  1.00e+00 1.00e+00h  1
 579  1.4192010e+01 2.19e-06 8.97e-01  -4.1 3.39e-03    -  1.00e+00 1.00e+00h  1
iter    objective    inf_pr   inf_du lg(mu)  ||d||  lg(rg) alpha_du alpha_pr  ls
 580  1.4192036e+01 2.95e-07 1.20e+00  -4.1 2.71e-03    -  1.00e+00 1.00e+00h  1
 581  1.4192042e+01 1.91e-07 1.98e-01  -4.1 2.27e-03    -  1.00e+00 1.00e+00h  1
 582  1.4192049e+01 8.24e-08 2.34e-01  -4.1 2.47e-04    -  1.00e+00 1.00e+00h  1
 583  1.4192038e+01 2.42e-08 3.35e+00  -4.1 5.81e-03    -  1.00e+00 1.00e+00H  1
 584  1.4192032e+01 1.87e-06 6.66e+00  -4.1 4.51e-03    -  1.00e+00 1.00e+00h  1
 585  1.4192052e+01 1.15e-08 3.36e+00  -4.1 8.77e-03    -  1.00e+00 1.00e+00H  1
 586  1.4192065e+01 4.77e-09 3.18e+00  -4.1 8.17e-03    -  1.00e+00 1.00e+00H  1
 587  1.4192000e+01 3.08e-06 2.40e+00  -4.1 4.73e-03    -  1.00e+00 1.00e+00h  1
 588  1.4192034e+01 6.89e-07 7.18e-01  -4.1 1.12e-03    -  1.00e+00 1.00e+00h  1
 589  1.4192035e+01 5.41e-07 8.74e-01  -4.1 1.83e-03    -  1.00e+00 5.00e-01h  2
iter    objective    inf_pr   inf_du lg(mu)  ||d||  lg(rg) alpha_du alpha_pr  ls
 590  1.4192031e+01 2.62e-09 3.48e+00  -4.1 4.54e-03    -  1.00e+00 1.00e+00H  1
 591  1.4192068e+01 1.38e-09 5.52e+01  -4.1 9.30e-02    -  1.00e+00 1.00e+00H  1
 592  1.4191815e+01 5.96e-05 1.86e+01  -4.1 4.99e-02    -  1.00e+00 1.00e+00h  1
 593  1.4191323e+01 2.08e-03 1.62e+02  -4.1 2.79e-01    -  1.00e+00 1.00e+00h  1
 594  1.4186606e+01 1.17e-03 6.22e+01  -4.1 1.83e-01    -  1.00e+00 1.00e+00h  1
 595  1.4188976e+01 8.35e-04 4.73e+01  -4.1 2.32e-01    -  1.00e+00 5.00e-01h  2
 596  1.4189147e+01 7.85e-04 3.06e+01  -4.1 4.00e-01    -  1.00e+00 1.25e-01h  4
 597  1.4190987e+01 1.51e-04 4.46e+01  -4.1 9.51e-02    -  1.00e+00 1.00e+00h  1
 598  1.4188740e+01 8.66e-05 1.39e+01  -4.1 6.89e-02    -  1.00e+00 1.00e+00h  1
 599  1.4191641e+01 4.95e-05 1.80e+01  -4.1 4.10e-02    -  1.00e+00 1.00e+00h  1
iter    objective    inf_pr   inf_du lg(mu)  ||d||  lg(rg) alpha_du alpha_pr  ls
 600  1.4191861e+01 1.31e-05 8.78e+00  -4.1 3.30e-02    -  1.00e+00 1.00e+00h  1
 601  1.4191896e+01 8.29e-06 6.37e+00  -4.1 2.57e-02    -  1.00e+00 5.00e-01h  2
 602  1.4191897e+01 8.13e-06 2.02e+01  -4.1 8.15e-02    -  1.00e+00 1.56e-02h  7
 603  1.4192059e+01 7.66e-10 5.56e+00  -4.1 2.01e-02    -  1.00e+00 1.00e+00H  1
 604  1.4192059e+01 4.44e-09 5.57e+00  -4.1 7.84e-02    -  1.00e+00 2.44e-04h 13
 605  1.4192139e+01 1.03e-10 6.53e+00  -4.1 1.63e-02    -  1.00e+00 1.00e+00H  1
 606  1.4191926e+01 1.00e-05 2.02e+00  -4.1 1.10e-02    -  1.00e+00 1.00e+00f  1
 607  1.4192020e+01 7.87e-07 1.08e+00  -4.1 1.61e-03    -  1.00e+00 1.00e+00h  1
 608  1.4192038e+01 1.68e-07 1.31e+00  -4.1 9.48e-04    -  1.00e+00 1.00e+00h  1
 609  1.4192029e+01 3.80e-07 8.76e-01  -4.1 1.13e-03    -  1.00e+00 1.00e+00h  1
iter    objective    inf_pr   inf_du lg(mu)  ||d||  lg(rg) alpha_du alpha_pr  ls
 610  1.4192015e+01 3.00e-08 9.60e+00  -4.1 1.09e-02    -  1.00e+00 1.00e+00H  1
 611  1.4192018e+01 1.10e-09 3.36e+01  -4.1 2.94e-02    -  1.00e+00 1.00e+00H  1
 612  1.4191941e+01 2.86e-06 2.04e+01  -4.1 1.31e-02    -  1.00e+00 1.00e+00h  1
 613  1.4191945e+01 5.08e-06 7.76e+00  -4.1 1.09e-02    -  1.00e+00 5.00e-01h  2
 614  1.4191976e+01 2.13e-06 2.22e+00  -4.1 7.59e-03    -  1.00e+00 1.00e+00h  1
 615  1.4191993e+01 1.65e-06 1.98e+00  -4.1 3.43e-03    -  1.00e+00 1.00e+00h  1
 616  1.4191994e+01 1.51e-06 1.42e+00  -4.1 2.59e-03    -  1.00e+00 1.00e+00h  1
 617  1.4191990e+01 3.63e-07 5.78e-01  -4.1 2.13e-03    -  1.00e+00 1.00e+00h  1
 618  1.4191994e+01 1.06e-07 2.42e-01  -4.1 5.64e-04    -  1.00e+00 1.00e+00h  1
 619  1.4191995e+01 5.70e-08 1.41e-01  -4.1 2.87e-04    -  1.00e+00 1.00e+00h  1
iter    objective    inf_pr   inf_du lg(mu)  ||d||  lg(rg) alpha_du alpha_pr  ls
 620  1.4191995e+01 1.06e-09 1.16e-01  -4.1 1.08e-04    -  1.00e+00 1.00e+00H  1
 621  1.4192562e+01 3.79e-06 8.98e+00  -4.0 5.81e-03    -  1.00e+00 1.00e+00h  1
 622  1.4191966e+01 6.91e-06 8.20e+00  -4.1 5.43e-03    -  1.00e+00 1.00e+00h  1
 623  1.4191986e+01 6.00e-07 2.58e+00  -4.1 6.16e-03    -  1.00e+00 1.00e+00h  1
 624  1.4191994e+01 5.62e-06 3.04e+00  -4.1 3.36e-03    -  1.00e+00 1.00e+00h  1
 625  1.4191995e+01 1.94e-06 1.49e+00  -4.1 1.36e-03    -  1.00e+00 5.00e-01h  2
 626  1.4191998e+01 8.62e-07 6.58e-01  -4.1 1.11e-03    -  1.00e+00 1.00e+00h  1
 627  1.4192001e+01 1.90e-07 1.81e-01  -4.1 6.08e-04    -  1.00e+00 1.00e+00h  1
 628  1.4192001e+01 4.38e-08 4.55e-02  -4.1 8.38e-05    -  1.00e+00 1.00e+00h  1
 629  1.4192000e+01 4.12e-08 9.74e-02  -4.1 1.94e-04    -  1.00e+00 1.00e+00h  1
iter    objective    inf_pr   inf_du lg(mu)  ||d||  lg(rg) alpha_du alpha_pr  ls
 630  1.4192000e+01 9.71e-09 1.14e+00  -4.1 1.50e-03    -  1.00e+00 1.00e+00H  1
 631  1.4192000e+01 1.18e-08 4.11e+00  -4.1 3.53e-03    -  1.00e+00 1.00e+00H  1
 632  1.4192001e+01 8.00e-10 3.17e+00  -4.1 1.87e-03    -  1.00e+00 1.00e+00H  1
 633  1.4192000e+01 3.00e-09 6.14e-01  -4.1 1.55e-03    -  1.00e+00 1.00e+00H  1
 634  1.4192001e+01 2.29e-09 3.16e-01  -4.1 7.15e-04    -  1.00e+00 1.00e+00H  1
 635  1.4192000e+01 4.01e-09 6.05e-01  -4.1 5.37e-04    -  1.00e+00 1.00e+00H  1
 636  1.4192000e+01 2.61e-09 4.54e-01  -4.1 5.93e-04    -  1.00e+00 1.00e+00H  1
 637  1.4192001e+01 5.89e-10 1.36e-01  -4.1 5.09e-04    -  1.00e+00 1.00e+00H  1
 638  1.4192001e+01 6.84e-10 6.51e-02  -4.1 1.73e-04    -  1.00e+00 1.00e+00H  1
 639  1.4192001e+01 6.02e-10 3.03e-01  -4.1 5.82e-04    -  1.00e+00 1.00e+00H  1
iter    objective    inf_pr   inf_du lg(mu)  ||d||  lg(rg) alpha_du alpha_pr  ls
 640  1.4192001e+01 2.21e-08 2.69e+00  -4.1 4.65e-03    -  1.00e+00 1.00e+00H  1
 641  1.4192004e+01 1.47e-08 3.49e+00  -4.1 3.38e-03    -  1.00e+00 1.00e+00H  1
 642  1.4192002e+01 2.21e-10 2.32e+00  -4.1 7.93e-03    -  1.00e+00 1.00e+00H  1
 643  1.4192002e+01 1.03e-10 2.40e+00  -4.1 3.65e-03    -  1.00e+00 1.00e+00H  1
 644  1.4191985e+01 1.52e-06 1.87e-01  -4.1 3.67e-03    -  1.00e+00 1.00e+00h  1
 645  1.4191999e+01 1.24e-07 2.08e-01  -4.1 3.18e-04    -  1.00e+00 1.00e+00h  1
 646  1.4191999e+01 1.08e-07 2.55e-01  -4.1 1.64e-04    -  1.00e+00 1.25e-01h  4
 647  1.4191999e+01 1.01e-07 3.00e-01  -4.1 1.61e-04    -  1.00e+00 6.25e-02h  5
 648  1.4192001e+01 2.40e-09 4.63e-02  -4.1 1.87e-04    -  1.00e+00 1.00e+00H  1
 649  1.4192001e+01 5.52e-10 4.06e-02  -4.1 9.23e-05    -  1.00e+00 1.00e+00H  1
iter    objective    inf_pr   inf_du lg(mu)  ||d||  lg(rg) alpha_du alpha_pr  ls
 650  1.4192000e+01 5.21e-09 3.05e-01  -4.1 7.33e-04    -  1.00e+00 1.00e+00H  1
 651  1.4191994e+01 2.41e-08 4.00e+00  -4.1 7.77e-03    -  1.00e+00 1.00e+00H  1
 652  1.4191986e+01 1.48e-08 6.37e+00  -4.1 4.86e-03    -  1.00e+00 1.00e+00H  1
 653  1.4191975e+01 1.34e-06 1.49e+00  -4.1 8.41e-03    -  1.00e+00 1.00e+00h  1
 654  1.4191979e+01 1.93e-06 2.84e+00  -4.1 6.09e-03    -  1.00e+00 1.00e+00h  1
 655  1.4191992e+01 7.16e-09 3.28e+00  -4.1 1.12e-02    -  1.00e+00 1.00e+00H  1
 656  1.4191986e+01 1.00e-08 1.39e+00  -4.1 6.09e-03    -  1.00e+00 1.00e+00H  1
 657  1.4191971e+01 1.57e-06 1.48e+00  -4.1 3.93e-03    -  1.00e+00 1.00e+00h  1
 658  1.4191994e+01 4.43e-09 9.66e-01  -4.1 3.32e-03    -  1.00e+00 1.00e+00H  1
 659  1.4191991e+01 6.50e-09 6.70e-01  -4.1 1.81e-03    -  1.00e+00 1.00e+00H  1
iter    objective    inf_pr   inf_du lg(mu)  ||d||  lg(rg) alpha_du alpha_pr  ls
 660  1.4191991e+01 5.24e-09 1.80e-01  -4.1 1.24e-03    -  1.00e+00 1.00e+00H  1
 661  1.4191992e+01 2.33e-09 7.02e-02  -4.1 3.48e-04    -  1.00e+00 1.00e+00H  1
 662  1.4192514e+01 2.65e-06 2.12e+00  -4.0 2.39e-03    -  1.00e+00 1.00e+00h  1
 663  1.4191970e+01 2.65e-06 5.25e-01  -4.1 2.52e-03    -  1.00e+00 1.00e+00h  1
 664  1.4191984e+01 1.59e-06 1.77e+00  -4.1 4.12e-03    -  1.00e+00 1.00e+00h  1
 665  1.4191983e+01 1.63e-06 2.88e-01  -4.1 3.58e-03    -  1.00e+00 1.00e+00h  1
 666  1.4191994e+01 9.65e-08 8.31e-02  -4.1 1.17e-04    -  1.00e+00 1.00e+00h  1
 667  1.4191995e+01 7.00e-08 1.38e-01  -4.1 2.17e-04    -  1.00e+00 1.00e+00h  1
 668  1.4191991e+01 1.17e-07 5.45e-02  -4.1 9.38e-05    -  1.00e+00 1.00e+00h  1
 669  1.4191992e+01 5.37e-08 6.13e-02  -4.1 7.73e-05    -  1.00e+00 1.00e+00h  1
iter    objective    inf_pr   inf_du lg(mu)  ||d||  lg(rg) alpha_du alpha_pr  ls
 670  1.4191992e+01 3.65e-09 2.09e-01  -4.1 3.37e-04    -  1.00e+00 1.00e+00H  1
 671  1.4191992e+01 4.02e-10 5.92e-01  -4.1 9.69e-04    -  1.00e+00 1.00e+00H  1
 672  1.4191991e+01 6.64e-10 4.35e+00  -4.1 6.33e-03    -  1.00e+00 1.00e+00H  1
 673  1.4191991e+01 1.41e-08 6.03e+00  -4.1 4.91e-03    -  1.00e+00 1.00e+00H  1
 674  1.4191992e+01 5.19e-09 1.79e+00  -4.1 9.15e-03    -  1.00e+00 1.00e+00H  1
 675  1.4192038e+01 5.25e-11 6.25e+00  -4.1 1.35e-02    -  1.00e+00 1.00e+00H  1
 676  1.4191992e+01 5.70e-09 1.50e+00  -4.1 1.22e-02    -  1.00e+00 1.00e+00H  1
 677  1.4191992e+01 1.98e-10 5.07e+00  -4.1 8.76e-03    -  1.00e+00 1.00e+00H  1
 678  1.4191992e+01 7.97e-11 1.77e+00  -4.1 3.45e-03    -  1.00e+00 1.00e+00H  1
 679  1.4191994e+01 1.91e-09 2.67e+00  -4.1 6.84e-03    -  1.00e+00 1.00e+00H  1
iter    objective    inf_pr   inf_du lg(mu)  ||d||  lg(rg) alpha_du alpha_pr  ls
 680  1.4191990e+01 8.63e-07 1.72e+00  -4.1 6.09e-03    -  1.00e+00 1.00e+00h  1
 681  1.4191989e+01 5.03e-08 4.46e-01  -4.1 5.18e-03    -  1.00e+00 1.00e+00H  1
 682  1.4191988e+01 2.70e-08 2.84e-01  -4.1 6.28e-04    -  1.00e+00 1.00e+00h  1
 683  1.4191990e+01 8.55e-09 3.96e-02  -4.1 4.25e-04    -  1.00e+00 1.00e+00H  1
 684  1.4192432e+01 2.57e-06 1.15e+00  -4.0 1.78e-03    -  1.00e+00 1.00e+00h  1
 685  1.4192003e+01 1.96e-06 4.09e-01  -4.1 1.59e-03    -  1.00e+00 1.00e+00h  1
 686  1.4191987e+01 5.85e-07 1.82e+00  -4.1 3.16e-03    -  1.00e+00 1.00e+00h  1
 687  1.4191983e+01 7.33e-07 1.70e-01  -4.1 3.05e-03    -  1.00e+00 1.00e+00h  1
 688  1.4191990e+01 6.04e-08 4.16e-02  -4.1 4.43e-05    -  1.00e+00 1.00e+00h  1
 689  1.4191992e+01 6.79e-08 6.25e-02  -4.1 7.50e-05    -  1.00e+00 1.00e+00h  1
iter    objective    inf_pr   inf_du lg(mu)  ||d||  lg(rg) alpha_du alpha_pr  ls
 690  1.4191989e+01 3.20e-09 1.48e-01  -4.1 1.74e-04    -  1.00e+00 1.00e+00H  1
 691  1.4191989e+01 1.10e-08 4.15e-01  -4.1 3.65e-04    -  1.00e+00 1.00e+00H  1
 692  1.4191986e+01 1.30e-08 2.15e+00  -4.1 2.28e-03    -  1.00e+00 1.00e+00H  1
 693  1.4191985e+01 5.48e-07 2.57e+00  -4.1 1.85e-03    -  1.00e+00 1.00e+00h  1
 694  1.4191987e+01 7.60e-09 5.30e-01  -4.1 2.20e-03    -  1.00e+00 1.00e+00H  1
 695  1.4191985e+01 2.47e-08 4.40e-01  -4.1 7.66e-04    -  1.00e+00 1.00e+00h  1
 696  1.4191986e+01 1.74e-09 4.30e-01  -4.1 9.18e-04    -  1.00e+00 1.00e+00H  1
 697  1.4191986e+01 4.11e-09 1.32e-01  -4.1 3.67e-04    -  1.00e+00 1.00e+00H  1
 698  1.4192461e+01 2.28e-06 8.40e-01  -4.0 1.85e-03    -  1.00e+00 1.00e+00h  1
 699  1.4191985e+01 1.56e-06 4.47e-01  -4.1 1.90e-03    -  1.00e+00 1.00e+00h  1
iter    objective    inf_pr   inf_du lg(mu)  ||d||  lg(rg) alpha_du alpha_pr  ls
 700  1.4191981e+01 9.29e-07 1.17e+00  -4.1 2.32e-03    -  1.00e+00 1.00e+00h  1
 701  1.4191983e+01 3.90e-07 3.26e-01  -4.1 1.26e-03    -  1.00e+00 1.00e+00h  1
 702  1.4191987e+01 3.06e-08 2.62e-01  -4.1 8.61e-04    -  1.00e+00 1.00e+00h  1
 703  1.4191986e+01 3.70e-08 4.78e-02  -4.1 5.51e-04    -  1.00e+00 1.00e+00h  1
 704  1.4191986e+01 2.04e-08 2.33e-02  -4.1 3.65e-05    -  1.00e+00 1.00e+00h  1
 705  1.4191986e+01 4.68e-08 3.94e-02  -4.1 5.93e-05    -  1.00e+00 1.00e+00h  1
 706  1.4191985e+01 6.39e-08 5.34e-02  -4.1 9.48e-05    -  1.00e+00 1.00e+00h  1
 707  1.4191985e+01 3.21e-09 1.22e-01  -4.1 2.18e-04    -  1.00e+00 1.00e+00H  1
 708  1.4191985e+01 2.85e-09 5.44e-01  -4.1 1.02e-03    -  1.00e+00 1.00e+00H  1
 709  1.4191985e+01 5.85e-11 9.87e-01  -4.1 1.49e-03    -  1.00e+00 1.00e+00H  1
iter    objective    inf_pr   inf_du lg(mu)  ||d||  lg(rg) alpha_du alpha_pr  ls
 710  1.4191984e+01 4.63e-08 2.51e+00  -4.1 3.95e-03    -  1.00e+00 1.00e+00H  1
 711  1.4191984e+01 2.76e-08 2.98e-01  -4.1 3.58e-03    -  1.00e+00 1.00e+00H  1
 712  1.4191984e+01 2.74e-08 2.55e-01  -4.1 2.64e-03    -  1.00e+00 3.12e-02h  6
 713  1.4191984e+01 2.36e-09 1.48e-01  -4.1 5.45e-04    -  1.00e+00 1.00e+00H  1
 714  1.4191984e+01 4.79e-09 3.40e-01  -4.1 8.49e-04    -  1.00e+00 1.00e+00H  1
 715  1.4191981e+01 1.03e-08 2.67e+00  -4.1 5.41e-03    -  1.00e+00 1.00e+00H  1
 716  1.4191979e+01 1.75e-07 1.36e+01  -4.1 2.76e-02    -  1.00e+00 1.00e+00H  1
 717  1.4191951e+01 1.34e-05 4.59e+00  -4.1 1.88e-02    -  1.00e+00 1.00e+00h  1
 718  1.4191919e+01 1.82e-04 5.06e+01  -4.1 1.16e-01    -  1.00e+00 1.00e+00h  1
 719  1.4191794e+01 7.90e-05 1.09e+01  -4.1 8.13e-02    -  1.00e+00 1.00e+00h  1
iter    objective    inf_pr   inf_du lg(mu)  ||d||  lg(rg) alpha_du alpha_pr  ls
 720  1.4190603e+01 1.16e-03 1.32e+02  -4.1 3.49e-01    -  1.00e+00 1.00e+00h  1
 721  1.4187377e+01 1.46e-03 4.23e+01  -4.1 3.85e-01    -  1.00e+00 1.00e+00h  1
 722  1.4178549e+01 7.83e-03 3.93e+02  -4.1 1.61e+00    -  2.07e-01 5.22e-01h  1
 723  1.4165534e+01 4.75e-03 2.83e+02  -4.1 5.34e-01    -  1.00e+00 4.86e-01h  1
 724  1.4163852e+01 6.60e-03 1.91e+02  -3.8 9.49e-01    -  3.20e-01 7.50e-01f  1
 725  1.4149700e+01 2.35e-02 4.74e+02  -3.5 2.20e+00    -  1.00e+00 5.34e-01h  1
 726  1.4117796e+01 8.14e-03 2.22e+02  -3.6 7.00e-01    -  1.00e+00 9.30e-01h  1
 727  1.4126927e+01 8.99e-03 1.43e+02  -2.7 1.34e+00    -  5.02e-01 4.62e-01f  1
 728  1.4168230e+01 1.18e-03 1.12e+02  -3.1 3.45e-01    -  1.00e+00 1.00e+00h  1
 729  1.4167921e+01 5.93e-04 7.15e+01  -3.9 2.77e-01    -  1.00e+00 6.98e-01h  1
iter    objective    inf_pr   inf_du lg(mu)  ||d||  lg(rg) alpha_du alpha_pr  ls
 730  1.4193845e+01 4.12e-04 1.63e+02  -3.6 2.58e-01    -  9.59e-01 8.04e-01H  1
 731  1.4191931e+01 3.29e-04 4.40e+01  -3.7 1.44e-01    -  1.00e+00 1.00e+00h  1
 732  1.4193645e+01 8.76e-05 2.69e+01  -3.7 8.63e-02    -  1.00e+00 1.00e+00h  1
 733  1.4194800e+01 3.38e-05 9.99e+00  -3.7 4.28e-02    -  1.00e+00 1.00e+00h  1
 734  1.4195788e+01 1.28e-05 5.31e+00  -3.7 2.29e-02    -  1.00e+00 1.00e+00h  1
 735  1.4196043e+01 9.16e-06 4.27e+00  -3.7 1.18e-02    -  1.00e+00 1.00e+00h  1
 736  1.4195969e+01 2.03e-05 5.34e+00  -3.7 9.14e-03    -  1.00e+00 1.00e+00h  1
 737  1.4195822e+01 1.87e-07 1.88e+01  -3.7 2.15e-02    -  1.00e+00 1.00e+00H  1
 738  1.4195644e+01 1.22e-05 2.28e+01  -3.7 2.03e-02    -  1.00e+00 1.00e+00h  1
 739  1.4195684e+01 7.06e-06 4.80e+00  -3.7 1.64e-02    -  1.00e+00 1.00e+00h  1
iter    objective    inf_pr   inf_du lg(mu)  ||d||  lg(rg) alpha_du alpha_pr  ls
 740  1.4195698e+01 4.94e-06 2.82e+00  -3.7 8.35e-03    -  1.00e+00 1.00e+00h  1
 741  1.4195718e+01 1.93e-06 3.01e+00  -3.7 5.33e-03    -  1.00e+00 1.00e+00h  1
 742  1.4195705e+01 7.02e-08 6.42e+00  -3.7 7.97e-03    -  1.00e+00 1.00e+00H  1
 743  1.4195664e+01 3.82e-06 4.56e+00  -3.7 5.02e-03    -  1.00e+00 1.00e+00h  1
 744  1.4195694e+01 6.10e-08 6.10e+00  -3.7 8.84e-03    -  1.00e+00 1.00e+00H  1
 745  1.4195670e+01 1.55e-07 8.75e+00  -3.7 7.00e-03    -  1.00e+00 1.00e+00H  1
 746  1.4195684e+01 3.50e-08 9.76e+00  -3.7 9.93e-03    -  1.00e+00 1.00e+00H  1
 747  1.4195630e+01 5.87e-06 7.63e+00  -3.7 1.29e-02    -  1.00e+00 1.00e+00h  1
 748  1.4195619e+01 6.62e-06 3.58e+00  -3.7 7.78e-03    -  1.00e+00 1.00e+00h  1
 749  1.4195641e+01 2.29e-08 2.59e+00  -3.7 4.58e-03    -  1.00e+00 1.00e+00H  1
iter    objective    inf_pr   inf_du lg(mu)  ||d||  lg(rg) alpha_du alpha_pr  ls
 750  1.4195855e+01 2.94e-09 4.29e+01  -3.7 4.72e-02    -  1.00e+00 1.00e+00H  1
 751  1.4195440e+01 4.39e-06 3.94e+01  -3.7 1.52e-02    -  1.00e+00 1.00e+00h  1
 752  1.4195625e+01 3.46e-07 7.90e+00  -3.7 1.93e-02    -  1.00e+00 1.00e+00H  1
 753  1.4195859e+01 8.61e-09 3.95e+01  -3.7 3.66e-02    -  1.00e+00 1.00e+00H  1
 754  1.4195668e+01 8.97e-09 9.08e+00  -3.7 2.89e-02    -  1.00e+00 1.00e+00H  1
 755  1.4195619e+01 3.01e-06 1.10e+01  -3.7 5.42e-02    -  1.00e+00 1.25e-01h  4
 756  1.4195644e+01 1.29e-06 4.00e+00  -3.7 4.67e-03    -  1.00e+00 1.00e+00h  1
 757  1.4195660e+01 1.54e-08 1.38e+00  -3.7 4.11e-03    -  1.00e+00 1.00e+00H  1
 758  1.4195645e+01 1.34e-06 1.70e+00  -3.7 2.18e-03    -  1.00e+00 1.00e+00h  1
 759  1.4195651e+01 9.65e-07 3.88e-01  -3.7 1.82e-03    -  1.00e+00 1.00e+00h  1
iter    objective    inf_pr   inf_du lg(mu)  ||d||  lg(rg) alpha_du alpha_pr  ls
 760  1.4195655e+01 1.04e-07 2.27e-01  -3.7 4.60e-04    -  1.00e+00 1.00e+00h  1
 761  1.4195678e+01 6.55e-09 4.92e+00  -3.7 8.34e-03    -  1.00e+00 1.00e+00H  1
 762  1.4195758e+01 4.72e-09 1.96e+01  -3.7 1.79e-02    -  1.00e+00 1.00e+00H  1
 763  1.4195758e+01 5.22e-09 1.96e+01  -3.7 1.26e-02    -  1.00e+00 1.95e-03h 10
 764  1.4195758e+01 8.46e-09 1.96e+01  -3.7 1.29e-02    -  1.00e+00 1.95e-03h 10
 765  1.4195758e+01 8.85e-09 1.96e+01  -3.7 1.60e-02    -  1.00e+00 6.10e-05h 15
 766  1.4195712e+01 4.52e-09 1.60e+00  -3.7 9.38e-03    -  1.00e+00 1.00e+00H  1
 767  1.4195721e+01 2.81e-09 1.04e+00  -3.7 2.57e-03    -  1.00e+00 1.00e+00H  1
 768  1.4195722e+01 1.05e-09 9.98e-01  -3.7 1.34e-03    -  1.00e+00 1.00e+00H  1
 769  1.4195724e+01 5.78e-10 4.89e-01  -3.7 1.23e-03    -  1.00e+00 1.00e+00H  1
iter    objective    inf_pr   inf_du lg(mu)  ||d||  lg(rg) alpha_du alpha_pr  ls
 770  1.4195724e+01 4.38e-10 4.84e-01  -3.7 7.08e-04    -  1.00e+00 7.81e-03h  8
 771  1.4195724e+01 2.17e-10 4.84e-01  -3.7 9.69e-04    -  1.00e+00 9.77e-04h 11
 772  1.4195724e+01 2.54e-10 4.84e-01  -3.7 1.29e-03    -  1.00e+00 1.53e-05h 17
 773  1.4195724e+01 2.18e-10 5.73e-01  -3.7 1.87e-03    -  1.00e+00 3.81e-06h 19
 774  1.4195738e+01 4.18e-10 1.96e+00  -3.7 5.49e-03    -  1.00e+00 1.00e+00H  1
 775  1.4195732e+01 1.14e-10 1.32e+00  -3.7 2.42e-03    -  1.00e+00 1.00e+00H  1
 776  1.4195732e+01 2.47e-10 1.32e+00  -3.7 1.01e-03    -  1.00e+00 4.88e-04h 12
 777  1.4195729e+01 2.36e-10 4.23e-01  -3.7 8.24e-04    -  1.00e+00 1.00e+00H  1
 778  1.4195730e+01 1.50e-10 1.77e-01  -3.7 3.99e-04    -  1.00e+00 1.00e+00H  1
 779  1.4195732e+01 1.08e-10 4.07e-01  -3.7 9.79e-04    -  1.00e+00 1.00e+00H  1
iter    objective    inf_pr   inf_du lg(mu)  ||d||  lg(rg) alpha_du alpha_pr  ls
 780  1.4195840e+01 4.68e-11 2.63e+01  -3.7 5.47e-02    -  1.00e+00 1.00e+00H  1
 781  1.4195840e+01 7.94e-11 2.63e+01  -3.7 1.03e-01    -  1.00e+00 9.54e-07h 21
 782  1.4195840e+01 1.77e-10 2.63e+01  -3.7 8.90e-02    -  1.00e+00 4.77e-07h 22
 783  1.4195840e+01 8.10e-11 2.63e+01  -3.7 2.25e-02    -  1.00e+00 3.81e-06h 19
 784  1.4195840e+01 1.56e-10 2.63e+01  -3.7 2.12e-02    -  1.00e+00 4.77e-07h 22
 785  1.4195840e+01 1.77e-10 2.63e+01  -3.7 2.29e-02    -  1.00e+00 1.19e-07h 24
 786  1.4195747e+01 3.67e-05 1.72e+01  -3.7 3.54e-02    -  1.00e+00 1.00e+00f  1
 787  1.4195625e+01 7.98e-06 5.86e+00  -3.7 1.97e-02    -  1.00e+00 1.00e+00h  1
 788  1.4195716e+01 1.02e-05 9.03e+00  -3.7 1.93e-02    -  1.00e+00 1.00e+00h  1
 789  1.4195805e+01 4.86e-06 3.13e+00  -3.7 1.05e-02    -  1.00e+00 1.00e+00h  1
iter    objective    inf_pr   inf_du lg(mu)  ||d||  lg(rg) alpha_du alpha_pr  ls
 790  1.4195832e+01 2.06e-06 3.60e+00  -3.7 8.69e-03    -  1.00e+00 1.00e+00h  1
 791  1.4195834e+01 1.38e-06 1.32e+00  -3.7 6.21e-03    -  1.00e+00 1.00e+00h  1
 792  1.4195839e+01 1.01e-06 2.08e+00  -3.7 3.32e-03    -  1.00e+00 1.00e+00h  1
 793  1.4195834e+01 9.76e-07 5.70e-01  -3.7 3.57e-03    -  1.00e+00 1.00e+00h  1
 794  1.4195846e+01 8.27e-07 7.26e-01  -3.7 1.48e-03    -  1.00e+00 1.00e+00h  1
 795  1.4195842e+01 4.40e-07 2.10e-01  -3.7 1.20e-03    -  1.00e+00 1.00e+00h  1
 796  1.4195842e+01 2.94e-08 8.89e-02  -3.7 1.62e-04    -  1.00e+00 1.00e+00h  1
 797  1.4195845e+01 4.48e-09 2.98e-01  -3.7 5.78e-04    -  1.00e+00 1.00e+00H  1
 798  1.4195845e+01 5.84e-08 8.20e+00  -3.7 1.43e-02    -  1.00e+00 1.00e+00H  1
 799  1.4195846e+01 1.06e-05 1.55e+01  -3.7 3.72e-02    -  1.00e+00 2.50e-01h  3
iter    objective    inf_pr   inf_du lg(mu)  ||d||  lg(rg) alpha_du alpha_pr  ls
 800  1.4195803e+01 1.35e-05 1.89e+01  -3.7 1.25e-02    -  1.00e+00 1.00e+00h  1
 801  1.4195824e+01 4.59e-07 2.10e+00  -3.7 1.82e-02    -  1.00e+00 1.00e+00H  1
 802  1.4195833e+01 3.63e-06 3.91e+00  -3.7 1.40e-02    -  1.00e+00 5.00e-01h  2
 803  1.4195814e+01 1.95e-06 6.86e-01  -3.7 4.72e-03    -  1.00e+00 1.00e+00h  1
 804  1.4195825e+01 1.14e-06 2.08e+00  -3.7 1.89e-03    -  1.00e+00 1.00e+00h  1
 805  1.4195827e+01 3.09e-07 4.11e-01  -3.7 9.70e-04    -  1.00e+00 1.00e+00h  1
 806  1.4195826e+01 7.68e-08 1.58e-01  -3.7 4.31e-04    -  1.00e+00 1.00e+00h  1
 807  1.4195827e+01 9.55e-08 6.39e-02  -3.7 1.84e-04    -  1.00e+00 1.00e+00h  1
 808  1.4195826e+01 1.25e-07 1.08e-01  -3.7 3.08e-04    -  1.00e+00 1.00e+00h  1
 809  1.4195820e+01 1.55e-08 3.55e+00  -3.7 6.81e-03    -  1.00e+00 1.00e+00H  1
iter    objective    inf_pr   inf_du lg(mu)  ||d||  lg(rg) alpha_du alpha_pr  ls
 810  1.4195823e+01 1.20e-08 4.77e+00  -3.7 4.34e-03    -  1.00e+00 1.00e+00H  1
 811  1.4195825e+01 5.35e-08 5.67e-01  -3.7 6.40e-03    -  1.00e+00 1.00e+00H  1
 812  1.4195815e+01 5.99e-07 8.34e-01  -3.7 1.83e-03    -  1.00e+00 1.00e+00h  1
 813  1.4195818e+01 6.98e-07 3.80e-01  -3.7 1.36e-03    -  1.00e+00 5.00e-01h  2
 814  1.4195818e+01 6.79e-07 4.23e-01  -3.7 9.83e-04    -  1.00e+00 6.25e-02h  5
 815  1.4195820e+01 7.87e-09 1.63e-01  -3.7 8.04e-04    -  1.00e+00 1.00e+00H  1
 816  1.4195821e+01 9.66e-09 1.86e-01  -3.7 4.00e-04    -  1.00e+00 1.00e+00H  1
 817  1.4195819e+01 1.19e-09 9.80e-02  -3.7 2.26e-04    -  1.00e+00 1.00e+00H  1
 818  1.4195819e+01 5.64e-10 4.92e-02  -3.7 1.50e-04    -  1.00e+00 1.00e+00H  1
 819  1.4195817e+01 2.07e-10 1.95e+00  -3.7 4.82e-03    -  1.00e+00 1.00e+00H  1
iter    objective    inf_pr   inf_du lg(mu)  ||d||  lg(rg) alpha_du alpha_pr  ls
 820  1.4195824e+01 3.96e-10 3.58e+00  -3.7 5.39e-03    -  1.00e+00 1.00e+00H  1
 821  1.4195824e+01 1.12e-10 3.58e+00  -3.7 6.36e-03    -  1.00e+00 1.53e-05h 17
 822  1.4195809e+01 3.93e-06 1.27e+01  -3.7 3.60e-02    -  1.00e+00 2.50e-01h  3
 823  1.4195813e+01 1.84e-06 2.32e+00  -3.7 4.86e-03    -  1.00e+00 5.00e-01h  2
 824  1.4195815e+01 1.05e-06 1.48e+00  -3.7 5.70e-03    -  1.00e+00 5.00e-01h  2
 825  1.4195815e+01 1.05e-06 2.01e+00  -3.7 4.52e-03    -  1.00e+00 2.44e-04h 13
 826  1.4195822e+01 9.68e-08 7.82e-01  -3.7 3.05e-03    -  1.00e+00 1.00e+00H  1
 827  1.4195822e+01 7.04e-07 1.50e+00  -3.7 2.70e-03    -  1.00e+00 2.50e-01h  3
 828  1.4195822e+01 5.98e-09 1.70e-01  -3.7 1.19e-03    -  1.00e+00 1.00e+00H  1
 829  1.4195821e+01 5.21e-09 3.60e-01  -3.7 5.05e-04    -  1.00e+00 1.00e+00H  1
iter    objective    inf_pr   inf_du lg(mu)  ||d||  lg(rg) alpha_du alpha_pr  ls
 830  1.4195821e+01 2.59e-09 1.70e+00  -3.7 7.56e-03    -  1.00e+00 9.77e-04h 11
 831  1.4195821e+01 3.69e-09 3.57e+00  -3.7 5.64e-02    -  1.00e+00 6.10e-05h 15
 832  1.4195821e+01 3.88e-09 3.73e+00  -3.7 5.15e-02    -  1.00e+00 2.38e-07h 23
 833  1.4195821e+01 3.46e-09 6.22e-01  -3.7 3.14e-03    -  1.00e+00 3.81e-06h 19
 834  1.4195821e+01 3.15e-09 3.64e-01  -3.7 2.77e-03    -  1.00e+00 1.19e-07h 24
 835  1.4195821e+01 3.66e-09 3.64e-01  -3.7 2.77e-03    -  1.00e+00 1.91e-06h 20
 836  1.4195821e+01 3.72e-09 2.14e+00  -3.7 4.01e-02    -  1.00e+00 3.81e-06h 19
 837  1.4195821e+01 3.61e-09 9.95e-01  -3.7 1.27e-02    -  1.00e+00 7.63e-06h 18
 838r 1.4195821e+01 3.61e-09 1.00e+03  -3.7 0.00e+00    -  0.00e+00 7.28e-12R 38
 839r 1.4196585e+01 2.19e-06 2.94e-02  -4.0 1.83e-03    -  1.00e+00 1.00e+00f  1
iter    objective    inf_pr   inf_du lg(mu)  ||d||  lg(rg) alpha_du alpha_pr  ls
 840r 1.4209923e+01 1.12e-04 1.01e+01  -4.0 4.79e-02    -  8.86e-01 1.00e+00h  1
 841r 1.4283066e+01 7.28e-04 1.15e+01  -4.1 1.81e-01    -  5.96e-01 1.00e+00h  1
 842r 1.4341187e+01 5.63e-04 1.30e+00  -4.0 1.75e-01    -  9.31e-01 1.00e+00h  1
 843r 1.4334714e+01 1.18e-04 1.49e-01  -4.1 9.13e-02    -  1.00e+00 1.00e+00h  1
 844r 1.4350599e+01 5.15e-05 1.15e-01  -4.0 4.71e-02    -  1.00e+00 1.00e+00h  1
 845r 1.4340281e+01 3.71e-05 4.46e-02  -4.1 2.85e-02    -  1.00e+00 1.00e+00h  1
 846r 1.4362330e+01 7.80e-05 9.04e-02  -4.0 6.45e-02    -  1.00e+00 1.00e+00h  1
 847r 1.4357912e+01 3.28e-05 1.61e-02  -4.1 1.96e-02    -  1.00e+00 1.00e+00h  1
 848r 1.4376270e+01 4.16e-05 3.44e-02  -4.0 5.02e-02    -  1.00e+00 1.00e+00h  1
 849r 1.4365020e+01 5.20e-05 7.58e-02  -4.1 3.35e-02    -  1.00e+00 1.00e+00h  1
iter    objective    inf_pr   inf_du lg(mu)  ||d||  lg(rg) alpha_du alpha_pr  ls
 850r 1.4366404e+01 2.74e-05 2.40e-02  -4.1 1.02e-02    -  1.00e+00 1.00e+00h  1
 851r 1.4375699e+01 2.73e-05 3.11e-02  -4.0 2.30e-02    -  1.00e+00 1.00e+00h  1
 852r 1.4361099e+01 2.36e-05 3.93e-02  -4.1 4.14e-02    -  1.00e+00 1.00e+00h  1
 853r 1.4372681e+01 3.02e-05 5.04e-02  -4.0 2.97e-02    -  1.00e+00 1.00e+00h  1
 854r 1.4353445e+01 5.66e-05 5.25e-02  -4.1 4.99e-02    -  1.00e+00 1.00e+00h  1
 855r 1.4355579e+01 1.51e-05 4.94e-02  -4.1 2.73e-02    -  1.00e+00 1.00e+00h  1
 856r 1.4374866e+01 7.01e-05 9.35e-02  -4.0 4.72e-02    -  1.00e+00 1.00e+00h  1
 857r 1.4363036e+01 3.96e-05 2.75e-02  -4.1 2.60e-02    -  1.00e+00 1.00e+00h  1
 858r 1.4360166e+01 3.13e-06 1.51e-02  -4.1 1.13e-02    -  1.00e+00 1.00e+00h  1
 859r 1.4380548e+01 5.56e-05 8.77e-02  -4.0 5.30e-02    -  1.00e+00 1.00e+00h  1
iter    objective    inf_pr   inf_du lg(mu)  ||d||  lg(rg) alpha_du alpha_pr  ls
 860r 1.4368324e+01 3.69e-05 3.69e-02  -4.1 3.06e-02    -  1.00e+00 1.00e+00h  1
 861r 1.4365908e+01 1.06e-05 2.49e-02  -4.1 9.60e-03    -  1.00e+00 1.00e+00h  1
 862r 1.4361622e+01 3.27e-06 2.54e-02  -4.1 1.13e-02    -  1.00e+00 1.00e+00h  1
 863r 1.4376274e+01 5.47e-05 4.29e-02  -4.0 3.47e-02    -  1.00e+00 1.00e+00h  1
 864r 1.4363725e+01 3.01e-05 2.43e-02  -4.1 3.26e-02    -  1.00e+00 1.00e+00h  1
 865r 1.4358814e+01 3.57e-05 4.44e-02  -4.1 3.63e-02    -  1.00e+00 1.00e+00h  1
 866r 1.4361654e+01 9.19e-06 1.38e-02  -4.1 1.13e-02    -  1.00e+00 1.00e+00h  1
 867r 1.4361172e+01 9.79e-07 4.37e-03  -4.1 4.86e-03    -  1.00e+00 1.00e+00h  1
 868r 1.4386097e+01 6.64e-05 1.03e-01  -4.0 6.45e-02    -  1.00e+00 1.00e+00f  1
 869r 1.4371360e+01 4.72e-05 4.49e-02  -4.1 3.63e-02    -  1.00e+00 1.00e+00h  1
iter    objective    inf_pr   inf_du lg(mu)  ||d||  lg(rg) alpha_du alpha_pr  ls
 870r 1.4367919e+01 9.13e-06 3.72e-02  -4.1 1.39e-02    -  1.00e+00 1.00e+00h  1
 871r 1.4356820e+01 2.13e-07 4.46e-02  -4.1 2.85e-02    -  1.00e+00 1.00e+00H  1
 872r 1.4370188e+01 3.66e-05 4.83e-02  -4.0 3.35e-02    -  1.00e+00 1.00e+00f  1
 873r 1.4361068e+01 1.99e-05 2.78e-02  -4.1 2.41e-02    -  1.00e+00 1.00e+00h  1
 874r 1.4356796e+01 1.24e-05 3.75e-02  -4.1 2.25e-02    -  1.00e+00 1.00e+00h  1
 875r 1.4376055e+01 4.86e-05 5.89e-02  -4.0 4.78e-02    -  1.00e+00 1.00e+00h  1
 876r 1.4366764e+01 2.08e-05 1.51e-02  -4.1 2.45e-02    -  1.00e+00 1.00e+00h  1
 877r 1.4361885e+01 2.75e-05 2.30e-02  -4.1 1.37e-02    -  1.00e+00 1.00e+00h  1
 878r 1.4361698e+01 1.16e-06 9.13e-03  -4.1 1.20e-02    -  1.00e+00 1.00e+00h  1
 879r 1.4361785e+01 2.43e-06 2.66e-03  -4.1 4.00e-03    -  1.00e+00 1.00e+00h  1
iter    objective    inf_pr   inf_du lg(mu)  ||d||  lg(rg) alpha_du alpha_pr  ls
 880r 1.4306642e+01 3.87e-04 8.53e-02  -6.1 1.33e-01    -  9.77e-01 1.00e+00f  1
 881r 1.4333741e+01 1.48e-04 1.03e-01  -5.0 8.23e-02    -  1.00e+00 1.00e+00f  1
 882r 1.4660090e+01 1.40e-02 2.38e+00  -4.0 8.17e-01    -  1.00e+00 1.00e+00f  1
 883r 1.4543564e+01 3.69e-03 9.01e-01  -4.1 2.98e-01    -  1.00e+00 1.00e+00h  1
 884r 1.4431919e+01 1.79e-03 3.15e-01  -4.1 2.90e-01    -  1.00e+00 1.00e+00h  1
 885r 1.4426791e+01 3.86e-04 1.80e-01  -4.1 2.26e-01    -  1.00e+00 1.00e+00h  1
 886r 1.4376810e+01 2.76e-04 2.25e-01  -4.1 1.25e-01    -  1.00e+00 1.00e+00h  1
 887r 1.4375159e+01 6.23e-05 1.03e-01  -4.1 8.87e-02    -  1.00e+00 1.00e+00h  1
 888r 1.4376861e+01 2.89e-05 5.43e-02  -4.1 2.76e-02    -  1.00e+00 1.00e+00h  1
 889r 1.4372648e+01 5.39e-06 8.84e-03  -4.1 1.37e-02    -  1.00e+00 1.00e+00h  1
iter    objective    inf_pr   inf_du lg(mu)  ||d||  lg(rg) alpha_du alpha_pr  ls
 890r 1.4368125e+01 9.04e-06 1.41e-02  -4.1 2.00e-02    -  1.00e+00 1.00e+00h  1
 891r 1.4363211e+01 5.73e-06 2.00e-02  -4.1 1.72e-02    -  1.00e+00 1.00e+00h  1
 892r 1.4362292e+01 3.74e-06 4.67e-03  -4.1 5.80e-03    -  1.00e+00 1.00e+00h  1
 893r 1.4361544e+01 8.99e-07 2.51e-03  -4.1 4.82e-03    -  1.00e+00 1.00e+00h  1
 894r 1.4283475e+01 7.12e-04 3.67e-01  -6.1 2.33e-01    -  9.55e-01 1.00e+00f  1
 895r 1.4266325e+01 4.36e-04 1.58e-01  -6.1 2.94e-01    -  1.00e+00 1.00e+00h  1
 896r 1.4290933e+01 1.83e-04 5.09e-02  -5.6 1.58e-01    -  1.00e+00 1.00e+00h  1
 897r 1.5434324e+01 1.37e-01 1.03e+01  -4.0 3.34e+00    -  1.00e+00 1.00e+00f  1
 898r 1.5138315e+01 2.62e-02 3.74e+00  -4.1 9.63e-01    -  8.43e-01 1.00e+00h  1
 899r 1.4826499e+01 1.72e-02 7.96e+00  -4.1 1.78e+00    -  2.83e-01 7.93e-01h  1
iter    objective    inf_pr   inf_du lg(mu)  ||d||  lg(rg) alpha_du alpha_pr  ls
 900r 1.4562146e+01 1.67e-02 7.84e+00  -4.1 2.00e+00    -  1.00e+00 3.70e-01h  1
 901r 1.4280744e+01 1.56e-02 6.20e+00  -4.1 1.35e+00    -  1.00e+00 8.09e-01h  1
 902r 1.4359209e+01 2.85e-03 2.06e+00  -4.1 7.31e-01    -  6.35e-01 1.00e+00h  1
 903r 1.4311348e+01 8.61e-04 7.03e+00  -4.1 1.83e-01    -  6.78e-01 1.00e+00h  1
 904r 1.4371698e+01 4.53e-04 4.62e-01  -4.1 2.17e-01    -  1.00e+00 1.00e+00h  1
 905r 1.4373411e+01 7.95e-05 1.38e-01  -4.1 6.05e-02    -  1.00e+00 1.00e+00h  1
 906r 1.4358535e+01 6.23e-05 1.06e-01  -4.1 5.27e-02    -  1.00e+00 1.00e+00h  1
 907r 1.4361827e+01 3.98e-05 5.16e-02  -4.1 4.35e-02    -  1.00e+00 1.00e+00h  1
 908r 1.4362535e+01 1.56e-05 2.57e-02  -4.1 2.35e-02    -  1.00e+00 1.00e+00h  1
 909r 1.4363368e+01 1.13e-06 4.97e-03  -4.1 5.96e-03    -  1.00e+00 1.00e+00h  1
iter    objective    inf_pr   inf_du lg(mu)  ||d||  lg(rg) alpha_du alpha_pr  ls
 910r 1.4364032e+01 4.12e-06 4.98e-03  -4.1 4.27e-03    -  1.00e+00 1.00e+00h  1
 911r 1.4364536e+01 9.32e-07 5.53e-03  -4.1 4.98e-03    -  1.00e+00 1.00e+00h  1
 912r 1.4364251e+01 8.26e-07 3.06e-03  -4.1 2.90e-03    -  1.00e+00 1.00e+00h  1
 913r 1.4344433e+01 6.62e-05 2.96e-01  -6.1 4.62e-02    -  9.44e-01 1.00e+00f  1
 914r 1.4740373e+01 1.80e-02 1.60e+00  -4.0 1.03e+00    -  1.00e+00 1.00e+00f  1
 915r 1.4611600e+01 6.66e-03 7.38e-01  -4.1 4.82e-01    -  1.00e+00 9.50e-01h  1
 916r 1.4567408e+01 2.73e-03 9.72e-02  -4.1 2.69e-01    -  1.00e+00 1.00e+00h  1
 917r 1.4517539e+01 9.51e-04 1.04e-01  -4.1 1.59e-01    -  1.00e+00 1.00e+00h  1
 918r 1.4433305e+01 1.04e-03 2.07e-01  -4.1 2.18e-01    -  1.00e+00 1.00e+00h  1
 919r 1.4390343e+01 5.87e-04 3.76e-01  -4.1 1.67e-01    -  1.00e+00 1.00e+00h  1
iter    objective    inf_pr   inf_du lg(mu)  ||d||  lg(rg) alpha_du alpha_pr  ls
 920r 1.4376643e+01 9.62e-05 1.60e-01  -4.1 1.17e-01    -  1.00e+00 1.00e+00h  1
 921r 1.4386056e+01 5.56e-05 5.61e-02  -4.1 4.76e-02    -  1.00e+00 1.00e+00h  1
 922r 1.4376468e+01 2.01e-05 5.20e-02  -4.1 3.61e-02    -  1.00e+00 1.00e+00h  1
 923r 1.4368120e+01 1.01e-05 4.51e-02  -4.1 2.84e-02    -  1.00e+00 1.00e+00h  1
 924r 1.4363872e+01 4.95e-06 2.28e-02  -4.1 1.75e-02    -  1.00e+00 1.00e+00h  1
 925r 1.4361975e+01 6.14e-06 1.54e-02  -4.1 1.24e-02    -  1.00e+00 1.00e+00h  1
 926r 1.4362110e+01 5.20e-06 9.60e-03  -4.1 9.96e-03    -  1.00e+00 1.00e+00h  1
 927r 1.4356251e+01 1.94e-07 2.88e-02  -4.1 2.33e-02    -  1.00e+00 1.00e+00H  1
 928r 1.4373944e+01 5.30e-05 8.44e-02  -4.0 5.05e-02    -  1.00e+00 1.00e+00f  1
 929r 1.4365079e+01 3.04e-05 3.79e-02  -4.1 3.04e-02    -  1.00e+00 1.00e+00h  1
iter    objective    inf_pr   inf_du lg(mu)  ||d||  lg(rg) alpha_du alpha_pr  ls
 930r 1.4357227e+01 1.22e-05 4.61e-02  -4.1 2.88e-02    -  1.00e+00 1.00e+00h  1
 931r 1.4361779e+01 7.51e-06 2.72e-02  -4.1 1.88e-02    -  1.00e+00 1.00e+00h  1
 932r 1.4361931e+01 7.19e-06 9.57e-03  -4.1 6.29e-03    -  1.00e+00 1.00e+00h  1
 933r 1.4361229e+01 1.86e-06 3.74e-03  -4.1 2.75e-03    -  1.00e+00 1.00e+00h  1
 934r 1.4268183e+01 1.11e-03 3.56e-01  -6.1 2.68e-01    -  8.90e-01 1.00e+00f  1
 935r 1.4614175e+01 1.27e-02 1.35e+00  -4.0 9.84e-01    -  7.20e-01 1.00e+00f  1
 936r 1.4548168e+01 2.05e-03 3.26e-01  -4.1 3.06e-01    -  1.00e+00 1.00e+00h  1
 937r 1.4468202e+01 1.16e-03 3.38e-01  -4.1 2.97e-01    -  1.00e+00 1.00e+00h  1
 938r 1.4412271e+01 5.73e-04 1.89e-01  -4.1 1.77e-01    -  1.00e+00 1.00e+00h  1
 939r 1.4429303e+01 2.03e-04 1.22e-01  -4.1 1.18e-01    -  1.00e+00 1.00e+00h  1
iter    objective    inf_pr   inf_du lg(mu)  ||d||  lg(rg) alpha_du alpha_pr  ls
 940r 1.4364795e+01 4.61e-04 3.17e-01  -4.1 1.84e-01    -  1.00e+00 1.00e+00h  1
 941r 1.4352356e+01 1.62e-04 1.06e-01  -4.1 6.93e-02    -  1.00e+00 1.00e+00h  1
 942r 1.4363881e+01 2.53e-05 5.48e-02  -4.1 4.23e-02    -  1.00e+00 1.00e+00h  1
 943r 1.4381141e+01 4.24e-05 3.78e-02  -4.0 5.52e-02    -  1.00e+00 1.00e+00h  1
 944r 1.4365433e+01 3.86e-05 3.84e-02  -4.1 3.93e-02    -  1.00e+00 1.00e+00h  1
 945r 1.4362381e+01 1.40e-05 3.35e-02  -4.1 2.54e-02    -  1.00e+00 1.00e+00h  1
 946r 1.4361600e+01 2.47e-06 7.81e-03  -4.1 1.18e-02    -  1.00e+00 1.00e+00h  1
 947r 1.4361192e+01 2.35e-06 3.05e-03  -4.1 3.28e-03    -  1.00e+00 1.00e+00h  1
 948r 1.4290560e+01 5.83e-04 1.80e-01  -6.1 2.16e-01    -  9.59e-01 1.00e+00f  1
 949r 1.4755482e+01 2.10e-02 1.02e+00  -4.0 1.36e+00    -  9.42e-01 1.00e+00f  1
iter    objective    inf_pr   inf_du lg(mu)  ||d||  lg(rg) alpha_du alpha_pr  ls
 950r 1.4673896e+01 6.26e-03 5.14e-01  -4.1 4.79e-01    -  8.35e-01 1.00e+00h  1
 951r 1.4436899e+01 5.45e-03 7.03e-01  -4.1 6.82e-01    -  1.00e+00 9.85e-01h  1
 952r 1.4443780e+01 1.34e-03 8.14e-01  -4.1 4.65e-01    -  8.65e-01 1.00e+00h  1
 953r 1.4438980e+01 5.12e-05 6.58e-02  -4.1 7.72e-02    -  1.00e+00 1.00e+00h  1
 954r 1.4394065e+01 2.21e-04 1.27e-01  -4.1 1.49e-01    -  1.00e+00 1.00e+00h  1
 955r 1.4380907e+01 2.04e-04 2.49e-01  -4.1 9.91e-02    -  1.00e+00 1.00e+00h  1
 956r 1.4370913e+01 3.14e-05 9.17e-02  -4.1 4.30e-02    -  1.00e+00 1.00e+00h  1
 957r 1.4367113e+01 8.31e-06 2.48e-02  -4.1 1.99e-02    -  1.00e+00 1.00e+00h  1
 958r 1.4376661e+01 2.65e-05 7.01e-02  -4.0 3.03e-02    -  1.00e+00 1.00e+00h  1
 959r 1.4364862e+01 3.56e-05 2.93e-02  -4.1 4.59e-02    -  1.00e+00 1.00e+00h  1
iter    objective    inf_pr   inf_du lg(mu)  ||d||  lg(rg) alpha_du alpha_pr  ls
 960r 1.4353384e+01 2.17e-06 6.83e-02  -4.1 4.71e-02    -  1.00e+00 1.00e+00H  1
 961r 1.4359823e+01 1.50e-05 2.76e-02  -4.0 2.57e-02    -  1.00e+00 1.00e+00h  1
 962r 1.4353948e+01 1.40e-05 4.59e-02  -4.1 1.60e-02    -  1.00e+00 1.00e+00h  1
 963r 1.4358319e+01 6.59e-06 1.05e-02  -4.1 1.36e-02    -  1.00e+00 1.00e+00h  1
 964r 1.4359082e+01 4.31e-06 1.00e-02  -4.1 6.47e-03    -  1.00e+00 1.00e+00h  1
 965r 1.4359807e+01 3.41e-07 2.28e-03  -4.1 2.54e-03    -  1.00e+00 1.00e+00h  1
 966r 1.4285688e+01 6.89e-04 1.40e-01  -6.1 2.26e-01    -  9.58e-01 1.00e+00f  1
 967r 1.4276071e+01 1.28e-04 1.27e-01  -6.1 1.35e-01    -  9.41e-01 1.00e+00h  1
 968r 1.4271351e+01 4.25e-05 1.15e-02  -5.9 6.74e-02    -  1.00e+00 1.00e+00h  1
 969r 1.5732220e+01 1.91e-01 9.70e+00  -4.0 4.12e+00    -  1.00e+00 1.00e+00f  1
iter    objective    inf_pr   inf_du lg(mu)  ||d||  lg(rg) alpha_du alpha_pr  ls
 970r 1.5400200e+01 4.49e-02 3.93e+00  -4.1 1.07e+00    -  9.31e-01 7.95e-01h  1
 971r 1.4890657e+01 3.23e-02 1.56e+01  -4.1 1.45e+00    -  3.55e-01 1.00e+00h  1
 972r 1.4689852e+01 2.19e-02 1.47e+01  -4.1 2.00e+00    -  6.92e-01 2.81e-01h  1
 973r 1.4564065e+01 1.45e-02 1.04e+01  -4.1 1.49e+00    -  2.12e-01 3.65e-01h  1
 974r 1.4479794e+01 2.45e-03 4.68e+00  -4.1 4.89e-01    -  5.89e-01 1.00e+00h  1
 975r 1.4340315e+01 3.00e-03 8.89e-01  -4.1 4.20e-01    -  8.97e-01 1.00e+00h  1
 976r 1.4413374e+01 1.04e-03 1.23e+00  -4.1 2.34e-01    -  8.23e-01 1.00e+00h  1
 977r 1.4396545e+01 1.36e-04 1.91e-01  -4.1 8.28e-02    -  1.00e+00 1.00e+00h  1
 978r 1.4371264e+01 8.72e-05 9.61e-02  -4.1 7.42e-02    -  1.00e+00 1.00e+00h  1
 979r 1.4369893e+01 5.36e-05 9.18e-02  -4.1 6.80e-02    -  1.00e+00 1.00e+00h  1
iter    objective    inf_pr   inf_du lg(mu)  ||d||  lg(rg) alpha_du alpha_pr  ls
 980r 1.4368982e+01 1.10e-05 2.39e-02  -4.1 3.16e-02    -  1.00e+00 1.00e+00h  1
 981r 1.4368118e+01 1.26e-06 5.40e-03  -4.1 7.55e-03    -  1.00e+00 1.00e+00h  1
 982r 1.4367015e+01 5.31e-07 4.67e-03  -4.1 5.02e-03    -  1.00e+00 1.00e+00h  1
 983r 1.4322642e+01 2.65e-04 3.58e-01  -6.1 1.17e-01    -  9.11e-01 1.00e+00f  1
 984r 1.4300432e+01 7.64e-05 9.01e-02  -6.1 6.80e-02    -  9.51e-01 1.00e+00h  1
 985r 1.4978452e+01 4.39e-02 8.55e-01  -4.0 4.89e+00    -  4.65e-01 3.38e-01f  1
 986r 1.4732486e+01 1.64e-02 5.37e-01  -4.5 6.46e-01    -  8.67e-01 1.00e+00h  1
 987r 1.4703283e+01 3.64e-03 4.62e-01  -4.5 3.00e-01    -  1.00e+00 7.71e-01h  1
 988r 1.4578650e+01 2.38e-03 6.45e+00  -4.5 3.22e-01    -  2.23e-01 1.00e+00h  1
 989r 1.4496192e+01 2.06e-03 2.53e+00  -4.5 3.55e-01    -  1.00e+00 6.95e-01h  1
iter    objective    inf_pr   inf_du lg(mu)  ||d||  lg(rg) alpha_du alpha_pr  ls
 990r 1.4280456e+01 1.77e-03 1.18e+00  -4.5 6.96e-01    -  1.00e+00 8.13e-01H  1
 991r 1.4262936e+01 9.23e-04 1.00e+00  -4.5 2.29e-01    -  1.00e+00 7.23e-01h  1
 992r 1.4300019e+01 4.32e-04 5.05e-01  -4.5 1.38e-01    -  8.89e-01 1.00e+00f  1
 993r 1.4335354e+01 8.74e-05 1.83e-01  -4.5 1.81e-01    -  1.00e+00 1.00e+00H  1
 994r 1.4335339e+01 1.36e-04 1.30e-01  -4.5 1.49e-01    -  1.00e+00 1.00e+00h  1
 995r 1.4314229e+01 9.67e-05 6.20e-02  -4.5 8.33e-02    -  1.00e+00 1.00e+00h  1
 996r 1.4315986e+01 1.99e-05 1.69e-02  -4.5 2.26e-02    -  1.00e+00 1.00e+00h  1
 997r 1.4420606e+01 1.93e-03 3.05e-01  -4.0 2.81e-01    -  1.00e+00 1.00e+00f  1
 998r 1.4395000e+01 5.39e-04 1.14e-01  -4.1 1.18e-01    -  1.00e+00 1.00e+00h  1
 999r 1.4357032e+01 3.54e-04 2.65e-01  -4.1 1.35e-01    -  1.00e+00 1.00e+00h  1
iter    objective    inf_pr   inf_du lg(mu)  ||d||  lg(rg) alpha_du alpha_pr  ls
1000r 1.4358856e+01 4.63e-05 1.58e-01  -4.1 7.16e-02    -  1.00e+00 1.00e+00h  1

Number of Iterations....: 1000

                                   (scaled)                 (unscaled)
Objective...............:   1.4358855755777530e+01    1.4358855755777530e+01
Dual infeasibility......:   1.5552975486133261e-01    1.5552975486133261e-01
Constraint violation....:   4.6331894514750616e-05    4.6331894514750616e-05
Variable bound violation:   0.0000000000000000e+00    0.0000000000000000e+00
Complementarity.........:   8.0272384601747605e-05    8.0272384601747605e-05
Overall NLP error.......:   1.5552975486133261e-01    1.5552975486133261e-01


Number of objective function evaluations             = 2427
Number of objective gradient evaluations             = 836
Number of equality constraint evaluations            = 2427
Number of inequality constraint evaluations          = 2427
Number of equality constraint Jacobian evaluations   = 1003
Number of inequality constraint Jacobian evaluations = 1003
Number of Lagrangian Hessian evaluations             = 0
Total seconds in IPOPT                               = 1823.245

EXIT: Maximum Number of Iterations Exceeded.
