This is Ipopt version 3.14.19, running with linear solver MUMPS 5.8.2.

Number of nonzeros in equality constraint Jacobian...:   999237
Number of nonzeros in inequality constraint Jacobian.:     4352
Number of nonzeros in Lagrangian Hessian.............:        0

Total number of variables............................:     3203
                     variables with only lower bounds:        0
                variables with lower and upper bounds:      680
                     variables with only upper bounds:        0
Total number of equality constraints.................:     3078
Total number of inequality constraints...............:      457
        inequality constraints with only lower bounds:        0
   inequality constraints with lower and upper bounds:        0
        inequality constraints with only upper bounds:      457

iter    objective    inf_pr   inf_du lg(mu)  ||d||  lg(rg) alpha_du alpha_pr  ls
   0  2.9948657e-02 4.59e+00 1.00e+00   0.0 0.00e+00    -  0.00e+00 0.00e+00   0
   1  2.9540946e-02 4.55e+00 4.64e+00  -4.0 1.29e+01    -  5.48e-03 7.55e-03h  1
   2  2.9274366e-02 4.54e+00 7.70e+01  -0.2 1.14e+01    -  4.24e-02 2.68e-03h  1
   3  2.9341583e-02 4.46e+00 2.65e+02   0.5 3.27e+01    -  4.54e-03 1.69e-02f  1
   4  2.9869494e-02 4.42e+00 4.19e+02   0.7 2.19e+01    -  4.68e-02 1.02e-02f  1
   5  3.3338777e-02 4.33e+00 1.82e+03   0.9 2.32e+01    -  1.07e-01 1.89e-02f  1
   6  6.0528377e-02 4.14e+00 2.55e+03   1.5 2.91e+01    -  9.08e-02 4.39e-02f  1
   7  1.8810464e-01 3.79e+00 1.41e+04   1.7 3.27e+01    -  6.09e-01 7.89e-02f  1
   8  5.4094782e-01 3.27e+00 1.28e+04  -0.6 3.51e+01    -  2.08e-01 1.36e-01h  1
   9  1.1214457e+00 3.38e+00 1.24e+04   1.3 3.87e+01    -  2.20e-01 1.41e-01h  1
iter    objective    inf_pr   inf_du lg(mu)  ||d||  lg(rg) alpha_du alpha_pr  ls
  10  2.4666346e+00 2.63e+00 2.02e+04   1.9 4.66e+01    -  2.95e-01 1.90e-01h  1
  11  8.6720692e+00 1.07e+01 3.14e+04   1.5 3.93e+01    -  3.22e-01 4.58e-01h  1
  12  1.0111316e+01 9.46e+00 3.46e+04  -4.0 4.11e+01    -  2.67e-01 1.20e-01h  1
  13  1.6238771e+01 9.10e+00 4.59e+04   2.3 9.11e+01    -  1.29e-01 1.51e-01f  1
  14  1.9120398e+01 6.39e+00 4.83e+04   1.6 2.62e+01    -  4.35e-01 3.36e-01h  1
  15  2.0314024e+01 5.86e+00 6.12e+04   2.3 6.11e+01    -  9.97e-01 1.20e-01f  1
  16  2.0932630e+01 4.51e+00 5.10e+04   1.3 3.40e+01    -  6.44e-01 5.01e-01h  1
  17  2.1809510e+01 2.80e+00 1.07e+05   2.5 3.55e+01    -  7.27e-01 3.78e-01f  1
  18  2.1272877e+01 1.53e+00 1.10e+05   2.3 1.88e+01    -  1.00e+00 4.66e-01h  1
  19  2.0510033e+01 5.09e-01 9.72e+04   1.9 8.72e+00    -  9.98e-01 7.03e-01h  1
iter    objective    inf_pr   inf_du lg(mu)  ||d||  lg(rg) alpha_du alpha_pr  ls
  20  2.0102099e+01 2.87e-01 2.09e+05   1.8 1.43e+01    -  8.65e-01 6.43e-01H  1
  21  1.9804391e+01 2.09e-01 2.18e+05   1.7 1.11e+01    -  9.58e-01 4.98e-01H  1
  22  1.9741016e+01 2.04e-01 2.10e+05   1.4 1.18e+01    -  1.00e+00 3.63e-01h  1
  23  1.9454482e+01 1.61e-01 1.59e+05   1.0 5.55e+00    -  1.00e+00 6.07e-01h  1
  24  1.9111533e+01 1.06e-01 1.72e+05   1.4 6.29e+00    -  8.04e-01 5.94e-01H  1
  25  1.8915027e+01 1.60e-01 1.23e+05   1.1 3.84e+00    -  1.00e+00 1.00e+00h  1
  26  1.8971477e+01 9.56e-02 3.81e+04   0.9 2.93e+00    -  1.00e+00 1.00e+00h  1
  27  1.8933741e+01 4.74e-02 4.10e+04   1.1 6.17e-01    -  1.00e+00 1.00e+00f  1
  28  1.8939445e+01 5.97e-02 6.54e+04   1.3 8.12e-01    -  1.00e+00 1.00e+00f  1
  29  1.8910792e+01 2.06e-02 1.86e+04   1.0 9.34e-01    -  1.00e+00 1.00e+00h  1
iter    objective    inf_pr   inf_du lg(mu)  ||d||  lg(rg) alpha_du alpha_pr  ls
  30  1.8860137e+01 9.47e-03 3.08e+04   0.4 3.41e-01    -  1.00e+00 9.22e-01h  1
  31  1.8829649e+01 1.55e-02 1.39e+05   0.6 1.10e+00    -  1.00e+00 2.72e-01f  2
  32  1.8740559e+01 8.81e-02 9.45e+04   0.9 1.15e+00    -  1.00e+00 1.00e+00f  1
  33  1.8758347e+01 1.43e-01 1.56e+05   1.1 7.31e-01    -  1.00e+00 1.00e+00f  1
  34  1.8774206e+01 4.62e-02 4.17e+04   1.0 5.10e-01    -  6.59e-01 1.00e+00h  1
  35  1.8711726e+01 1.32e-02 2.52e+04   0.8 3.30e-01    -  1.00e+00 1.00e+00h  1
  36  1.8636871e+01 1.10e-02 6.88e+04   0.4 5.06e-01    -  1.00e+00 1.00e+00h  1
  37  1.8611026e+01 4.96e-02 1.19e+05   0.7 1.08e+00    -  1.00e+00 7.44e-01f  1
  38  1.8702055e+01 8.09e-02 8.11e+04   1.1 6.13e-01    -  1.00e+00 1.00e+00f  1
  39  1.8618453e+01 3.17e-02 8.86e+04   1.0 7.88e-01    -  1.00e+00 1.00e+00h  1
iter    objective    inf_pr   inf_du lg(mu)  ||d||  lg(rg) alpha_du alpha_pr  ls
  40  1.8560503e+01 1.88e-02 7.05e+04   0.9 3.76e-01    -  1.00e+00 1.00e+00h  1
  41  1.8566567e+01 9.76e-02 1.97e+05   1.1 5.42e-01    -  1.00e+00 1.00e+00f  1
  42  1.8545200e+01 3.85e-02 3.59e+04   1.0 5.57e-01    -  1.00e+00 1.00e+00h  1
  43  1.8500345e+01 6.36e-02 9.94e+04   1.2 4.91e-01    -  1.00e+00 1.00e+00f  1
  44  1.8527385e+01 3.00e-02 2.62e+04   1.2 5.05e-01    -  1.00e+00 1.00e+00f  1
  45  1.8484324e+01 8.57e-03 4.75e+04   0.7 2.03e-01    -  1.00e+00 1.00e+00h  1
  46  1.8413145e+01 3.29e-03 1.23e+05   0.4 4.36e-01    -  9.56e-01 1.00e+00H  1
  47  1.8358367e+01 5.92e-02 1.68e+05   0.7 6.48e-01    -  1.00e+00 1.00e+00f  1
  48  1.8377403e+01 5.58e-02 9.68e+04   0.7 4.30e-01    -  1.00e+00 1.00e+00f  1
  49  1.8368346e+01 4.14e-02 7.38e+04   0.6 3.59e-01    -  5.30e-01 8.48e-01h  1
iter    objective    inf_pr   inf_du lg(mu)  ||d||  lg(rg) alpha_du alpha_pr  ls
  50  1.8323019e+01 1.83e-02 5.65e+04   0.4 3.40e-01    -  1.00e+00 1.00e+00h  1
  51  1.8259716e+01 4.97e-03 6.79e+04  -0.2 3.92e-01    -  1.00e+00 1.00e+00h  1
  52  1.8363088e+01 1.81e-02 1.52e+05   1.6 5.35e+00    -  5.84e-01 1.20e-01f  1
  53  1.8154059e+01 1.61e-01 6.07e+05   1.3 3.06e+00    -  6.67e-01 1.00e+00f  1
  54  1.7964590e+01 1.01e-01 8.51e+05   1.1 3.09e+00    -  1.00e+00 5.06e-01h  1
  55  1.8037477e+01 2.06e-01 9.07e+05   1.6 2.76e+00    -  6.15e-01 7.54e-01f  1
  56  1.7883956e+01 8.83e-02 6.11e+05   1.3 1.96e+00    -  1.74e-01 7.08e-01h  1
  57  1.8119348e+01 1.39e-01 2.82e+05   1.9 3.69e+00    -  9.31e-01 5.26e-01f  1
  58  1.7908585e+01 1.92e-01 5.44e+05   1.8 1.55e+00    -  8.65e-01 1.00e+00f  1
  59  1.7585269e+01 7.64e-02 5.45e+05   1.8 2.91e+00    -  7.44e-01 9.23e-01h  1
iter    objective    inf_pr   inf_du lg(mu)  ||d||  lg(rg) alpha_du alpha_pr  ls
  60  1.7707896e+01 9.94e-02 5.11e+05   1.9 1.21e+00    -  1.00e+00 1.00e+00f  1
  61  1.7632550e+01 4.62e-02 2.23e+05   1.8 7.00e-01    -  1.00e+00 1.00e+00h  1
  62  1.7474173e+01 3.24e-02 2.34e+05   1.5 1.10e+00    -  1.00e+00 1.00e+00h  1
  63  1.7461149e+01 5.52e-02 4.44e+05   1.6 6.98e-01    -  1.00e+00 1.00e+00f  1
  64  1.7443420e+01 2.78e-02 2.31e+05   1.5 4.37e-01    -  1.00e+00 1.00e+00h  1
  65  1.7375713e+01 4.71e-03 9.73e+04   0.9 3.24e-01    -  1.00e+00 1.00e+00h  1
  66  1.7282574e+01 5.50e-03 3.05e+05   0.6 6.78e-01    -  8.99e-01 9.92e-01H  1
  67  1.7238735e+01 3.58e-02 3.91e+05   0.9 4.98e-01    -  1.00e+00 1.00e+00f  1
  68  1.7251599e+01 9.28e-03 1.58e+05   0.6 3.21e-01    -  1.00e+00 1.00e+00h  1
  69  1.7217730e+01 3.45e-03 2.53e+05   0.5 3.58e-01    -  9.08e-01 7.06e-01H  1
iter    objective    inf_pr   inf_du lg(mu)  ||d||  lg(rg) alpha_du alpha_pr  ls
  70  1.7190980e+01 2.93e-03 2.03e+05   0.1 4.25e-01    -  1.00e+00 5.07e-01h  1
  71  1.7182663e+01 2.93e-03 1.99e+05  -0.0 9.34e-01    -  7.41e-01 5.43e-02h  4
  72  1.7133092e+01 2.00e-03 1.89e+05  -0.4 7.09e-01    -  1.00e+00 4.10e-01H  1
  73  1.7069308e+01 2.41e-02 3.52e+05   0.4 1.53e+00    -  9.97e-01 3.66e-01f  1
  74  1.7034283e+01 1.68e-02 4.37e+05   0.3 5.39e-01    -  8.02e-01 6.75e-01h  1
  75  1.7198069e+01 4.83e-02 4.30e+05   1.2 8.63e-01    -  9.02e-01 1.00e+00f  1
  76  1.7113598e+01 8.08e-02 2.15e+05   1.0 5.84e-01    -  1.00e+00 1.00e+00h  1
  77  1.7052659e+01 3.39e-02 3.20e+05   1.0 5.01e-01    -  6.97e-01 1.00e+00h  1
  78  1.7102470e+01 2.68e-02 1.51e+05   1.0 4.25e-01    -  1.00e+00 1.00e+00f  1
  79  1.7106315e+01 9.82e-03 9.77e+04   1.0 2.09e-01    -  1.00e+00 1.00e+00f  1
iter    objective    inf_pr   inf_du lg(mu)  ||d||  lg(rg) alpha_du alpha_pr  ls
  80  1.7069094e+01 2.14e-03 5.92e+04   0.2 1.98e-01    -  1.00e+00 1.00e+00h  1
  81  1.7057673e+01 2.12e-03 8.85e+04   0.1 2.59e-01    -  9.73e-01 1.00e+00H  1
  82  1.7070720e+01 2.10e-03 1.39e+04  -0.1 1.99e-01    -  9.66e-01 1.00e+00H  1
  83  1.7068578e+01 2.10e-03 1.86e+04  -1.1 3.70e-02    -  1.00e+00 9.51e-01h  1
  84  1.7068317e+01 2.09e-03 3.76e+05  -1.7 2.96e-01    -  1.00e+00 2.17e-02h  3
  85  1.7068157e+01 2.09e-03 5.30e+05  -2.0 6.59e-01    -  1.00e+00 4.86e-03h  7
  86  1.7059903e+01 5.76e-03 4.16e+05   0.1 7.94e-01    -  9.64e-01 3.28e-01f  1
  87  1.7054956e+01 9.36e-03 3.47e+05   0.0 9.99e-01    -  6.17e-01 4.39e-01f  1
  88  1.7045784e+01 4.99e-03 2.67e+05  -0.2 2.59e-01    -  1.00e+00 1.00e+00h  1
  89  1.7051306e+01 7.49e-03 8.76e+04   0.2 2.77e-01    -  9.30e-01 1.00e+00f  1
iter    objective    inf_pr   inf_du lg(mu)  ||d||  lg(rg) alpha_du alpha_pr  ls
  90  1.7052380e+01 2.93e-03 8.59e+04  -0.2 1.29e-01    -  1.00e+00 9.18e-01h  1
  91  1.7048345e+01 2.01e-03 3.01e+04  -1.0 8.95e-02    -  1.00e+00 9.61e-01h  1
  92  1.7045996e+01 2.01e-03 7.60e+04  -1.6 7.96e-02    -  1.00e+00 9.49e-01h  1
  93  1.7045806e+01 2.03e-03 7.43e+04  -1.3 7.62e-02    -  1.00e+00 1.00e+00f  1
  94  1.7045974e+01 2.03e-03 1.64e+05  -1.6 6.38e-02    -  1.00e+00 6.22e-01h  1
  95  1.7045059e+01 2.04e-03 3.25e+05  -2.4 1.24e-01    -  1.00e+00 3.76e-01h  1
  96  1.7044940e+01 2.04e-03 8.05e+05  -2.1 5.94e-01    -  1.00e+00 1.36e-02h  3
  97  1.7044866e+01 2.04e-03 6.79e+05  -2.1 5.53e-01    -  1.00e+00 8.18e-03h  6
  98r 1.7044866e+01 2.04e-03 1.00e+03  -1.2 0.00e+00    -  0.00e+00 4.98e-07R 17
  99r 1.7053687e+01 2.65e-03 6.23e+02  -0.6 3.39e-01    -  8.58e-01 3.14e-01f  1
iter    objective    inf_pr   inf_du lg(mu)  ||d||  lg(rg) alpha_du alpha_pr  ls
 100r 1.7087170e+01 4.59e-03 6.54e+02  -0.9 7.47e-01    -  1.56e-01 6.49e-01f  1
 101r 1.7111739e+01 1.24e-02 4.29e+02  -0.9 5.25e-01    -  3.59e-01 1.00e+00f  1
 102r 1.7128420e+01 1.17e-02 7.40e+01  -0.9 2.87e-01    -  8.42e-01 1.00e+00f  1
 103r 1.7153927e+01 3.84e-02 5.82e+01  -0.9 4.45e-01    -  7.81e-01 1.00e+00f  1
 104r 1.7154379e+01 1.33e-02 2.99e+01  -0.9 2.10e-01    -  1.00e+00 1.00e+00h  1
 105r 1.7148787e+01 1.33e-02 2.22e+01  -0.9 1.17e-01    -  1.00e+00 1.00e+00h  1
 106r 1.7145451e+01 1.34e-02 1.00e+01  -0.9 7.75e-02    -  1.00e+00 1.00e+00h  1
 107r 1.7141086e+01 1.34e-02 6.44e+00  -0.9 5.44e-02    -  1.00e+00 1.00e+00h  1
 108r 1.7107279e+01 2.16e-02 1.50e+02  -1.6 9.43e-01    -  8.38e-01 1.00e+00f  1
 109r 1.7123430e+01 1.47e-02 4.84e+01  -1.8 3.80e-01    -  1.00e+00 1.00e+00f  1
iter    objective    inf_pr   inf_du lg(mu)  ||d||  lg(rg) alpha_du alpha_pr  ls
 110r 1.7137119e+01 1.48e-02 3.11e+01  -2.4 2.47e-01    -  1.00e+00 1.00e+00f  1
 111r 1.7175698e+01 1.43e-02 5.34e+01  -2.5 6.25e-01    -  1.00e+00 8.94e-01f  1
 112r 1.7186310e+01 1.42e-02 3.86e+01  -2.8 6.50e-01    -  1.00e+00 3.37e-01f  1
 113r 1.7187176e+01 1.44e-02 2.34e+01  -3.3 1.08e-01    -  1.00e+00 1.00e+00f  1
 114r 1.7196125e+01 1.43e-02 2.96e+01  -3.7 2.30e-01    -  1.00e+00 7.15e-01f  1
 115r 1.7199579e+01 1.43e-02 2.97e+01  -4.0 3.71e-01    -  1.00e+00 2.25e-01h  1
 116r 1.7197088e+01 1.42e-02 4.14e+01  -3.4 3.17e-01    -  1.00e+00 7.25e-01f  1
 117r 1.7183113e+01 1.42e-02 2.26e+01  -3.5 1.67e-01    -  1.00e+00 1.00e+00h  1
 118r 1.7183284e+01 1.43e-02 1.15e+01  -3.5 6.54e-02    -  1.00e+00 1.00e+00h  1
 119r 1.7186001e+01 1.43e-02 6.36e+00  -4.0 6.12e-02    -  1.00e+00 1.00e+00f  1
iter    objective    inf_pr   inf_du lg(mu)  ||d||  lg(rg) alpha_du alpha_pr  ls
 120r 1.7186915e+01 1.42e-02 1.08e+01  -4.0 1.85e-01    -  1.00e+00 7.33e-01h  1
 121r 1.7182950e+01 1.42e-02 3.14e+01  -4.0 3.15e-01    -  1.00e+00 5.37e-01h  1
 122r 1.7180142e+01 1.42e-02 1.16e+01  -3.7 1.54e-01    -  1.00e+00 1.00e+00h  1
 123r 1.7178463e+01 1.42e-02 1.14e+01  -3.8 2.42e-01    -  6.26e-01 4.70e-01h  1
 124r 1.7175607e+01 1.42e-02 1.06e+01  -3.8 1.09e-01    -  1.00e+00 1.00e+00h  1
 125r 1.7175548e+01 1.42e-02 8.14e+00  -3.8 4.70e-02    -  1.00e+00 1.00e+00h  1
 126r 1.7175175e+01 1.42e-02 3.58e+00  -3.8 2.49e-02    -  1.00e+00 1.00e+00h  1
 127r 1.7174758e+01 1.42e-02 1.14e+00  -4.0 1.20e-02    -  1.00e+00 1.00e+00h  1
 128r 1.7174263e+01 1.42e-02 6.25e+00  -4.0 7.70e-02    -  1.00e+00 1.00e+00h  1
 129r 1.7167989e+01 1.42e-02 3.00e+01  -4.0 1.43e-01    -  1.00e+00 1.00e+00h  1
iter    objective    inf_pr   inf_du lg(mu)  ||d||  lg(rg) alpha_du alpha_pr  ls
 130r 1.7170844e+01 1.42e-02 1.29e+01  -4.0 8.92e-02    -  1.00e+00 1.00e+00h  1
 131r 1.7170224e+01 1.42e-02 5.07e+00  -4.0 3.87e-02    -  1.00e+00 1.00e+00h  1
 132r 1.7169082e+01 1.42e-02 3.08e+00  -4.0 3.15e-02    -  1.00e+00 1.00e+00h  1
 133r 1.7168514e+01 1.42e-02 1.86e+00  -4.0 1.11e-02    -  1.00e+00 1.00e+00h  1
 134r 1.7166855e+01 1.42e-02 7.92e+00  -4.0 5.45e-02    -  1.00e+00 1.00e+00h  1
 135r 1.7158115e+01 1.42e-02 5.54e+01  -4.0 3.11e-01    -  1.00e+00 1.00e+00h  1
 136r 1.7158263e+01 1.42e-02 7.89e+01  -4.1 3.13e-01    -  1.00e+00 1.00e+00h  1
 137r 1.7180004e+01 2.22e-02 6.26e+01  -3.2 7.59e-01    -  1.00e+00 1.00e+00f  1
 138r 1.7201414e+01 7.27e-02 1.40e+02  -3.3 9.94e-01    -  4.17e-01 5.62e-01h  1
 139r 1.7192946e+01 6.23e-02 5.82e+01  -3.3 4.40e-01    -  2.11e-01 9.31e-01h  1
iter    objective    inf_pr   inf_du lg(mu)  ||d||  lg(rg) alpha_du alpha_pr  ls
 140r 1.7194649e+01 1.68e-02 2.75e+01  -3.3 3.26e-01    -  7.23e-01 1.00e+00h  1
 141r 1.7179405e+01 1.43e-02 7.92e+01  -3.3 5.01e-01    -  1.00e+00 1.00e+00h  1
 142r 1.7177378e+01 1.42e-02 1.09e+02  -3.3 1.48e+00    -  4.72e-01 1.84e-01h  2
 143r 1.7179175e+01 1.42e-02 2.04e+01  -3.3 1.78e-01    -  1.00e+00 1.00e+00h  1
 144r 1.7181514e+01 1.43e-02 3.59e+01  -3.3 1.13e-01    -  1.00e+00 1.00e+00h  1
 145r 1.7177202e+01 1.43e-02 1.33e+01  -3.3 1.29e-01    -  1.00e+00 1.00e+00H  1
 146r 1.7179722e+01 1.43e-02 8.24e+00  -3.3 5.82e-02    -  1.00e+00 1.00e+00h  1
 147r 1.7183079e+01 1.43e-02 1.76e+01  -3.3 1.33e-01    -  1.00e+00 1.00e+00h  1
 148r 1.7184014e+01 1.43e-02 2.33e+01  -3.3 1.33e-01    -  1.00e+00 1.00e+00H  1
 149r 1.7180668e+01 1.43e-02 2.15e+01  -3.9 2.46e-01    -  1.00e+00 1.00e+00f  1
iter    objective    inf_pr   inf_du lg(mu)  ||d||  lg(rg) alpha_du alpha_pr  ls
 150r 1.7177446e+01 1.42e-02 3.74e+01  -4.0 3.85e-01    -  1.00e+00 6.65e-01h  1
 151r 1.7172438e+01 1.42e-02 5.95e+01  -4.0 4.26e-01    -  1.00e+00 6.66e-01h  1
 152r 1.7172740e+01 1.42e-02 2.68e+01  -4.0 2.11e-01    -  1.00e+00 1.00e+00h  1
 153r 1.7178246e+01 1.43e-02 6.04e+01  -4.0 4.51e-01    -  9.88e-01 7.82e-01H  1
 154r 1.7177779e+01 1.42e-02 5.07e+01  -4.0 1.99e-01    -  1.00e+00 2.64e-01h  1
 155r 1.7171174e+01 1.42e-02 8.44e+00  -4.0 4.53e-01    -  1.00e+00 5.10e-01f  1
 156r 1.7168112e+01 1.42e-02 2.92e+01  -4.0 5.15e-01    -  9.43e-01 3.22e-01h  2
 157r 1.7167368e+01 1.42e-02 2.10e+01  -4.0 9.67e-02    -  1.00e+00 1.00e+00h  1
 158r 1.7170107e+01 1.42e-02 1.54e+01  -4.0 1.48e-01    -  1.00e+00 1.00e+00h  1
 159r 1.7168593e+01 1.42e-02 1.04e+01  -4.0 8.10e-02    -  1.00e+00 1.00e+00h  1
iter    objective    inf_pr   inf_du lg(mu)  ||d||  lg(rg) alpha_du alpha_pr  ls
 160r 1.7168162e+01 1.42e-02 2.34e+00  -4.0 6.12e-02    -  1.00e+00 1.00e+00h  1
 161r 1.7168465e+01 1.42e-02 1.89e+00  -4.0 3.25e-02    -  1.00e+00 1.00e+00h  1
 162r 1.7168300e+01 1.42e-02 6.23e+00  -4.0 2.68e-02    -  1.00e+00 1.00e+00h  1
 163r 1.7168009e+01 1.42e-02 1.34e+01  -4.0 7.01e-02    -  1.00e+00 1.00e+00h  1
 164r 1.7168919e+01 1.42e-02 7.96e+00  -4.0 3.89e-02    -  1.00e+00 1.00e+00h  1
 165r 1.7169222e+01 1.42e-02 6.82e+00  -4.0 5.53e-02    -  1.00e+00 1.00e+00H  1
 166r 1.7168931e+01 1.42e-02 2.52e+00  -4.0 5.23e-02    -  1.00e+00 1.00e+00h  1
 167r 1.7166201e+01 1.42e-02 3.52e+01  -4.0 2.17e-01    -  1.00e+00 1.00e+00h  1
 168r 1.7166523e+01 1.42e-02 1.57e+01  -4.1 1.11e-01    -  1.00e+00 1.00e+00h  1
 169r 1.7168085e+01 1.42e-02 1.83e+01  -4.0 1.26e-01    -  1.00e+00 1.00e+00h  1
iter    objective    inf_pr   inf_du lg(mu)  ||d||  lg(rg) alpha_du alpha_pr  ls
 170r 1.7168032e+01 1.42e-02 1.14e+01  -4.1 8.02e-02    -  1.00e+00 1.00e+00h  1
 171r 1.7166488e+01 1.42e-02 4.49e+00  -4.0 4.94e-02    -  1.00e+00 1.00e+00h  1
 172r 1.7167068e+01 1.42e-02 3.69e+00  -4.0 5.38e-02    -  1.00e+00 1.00e+00h  1
 173r 1.7168467e+01 1.42e-02 1.41e+01  -4.0 5.49e-02    -  1.00e+00 1.00e+00h  1
 174r 1.7167601e+01 1.42e-02 3.44e+00  -4.0 5.87e-02    -  1.00e+00 1.00e+00H  1
 175r 1.7166732e+01 1.42e-02 1.98e+01  -4.0 9.11e-02    -  1.00e+00 1.00e+00h  1
 176r 1.7168839e+01 1.42e-02 3.48e+00  -4.0 1.11e-01    -  1.00e+00 1.00e+00h  1
 177r 1.7169235e+01 1.42e-02 1.41e+01  -4.0 6.38e-02    -  1.00e+00 1.00e+00h  1
 178r 1.7167685e+01 1.42e-02 8.75e+00  -4.0 9.93e-02    -  1.00e+00 1.00e+00h  1
 179r 1.7168074e+01 1.42e-02 6.60e+00  -4.0 6.00e-02    -  1.00e+00 1.00e+00h  1
iter    objective    inf_pr   inf_du lg(mu)  ||d||  lg(rg) alpha_du alpha_pr  ls
 180r 1.7168271e+01 1.42e-02 3.34e+00  -4.0 6.46e-02    -  1.00e+00 1.00e+00h  1
 181r 1.7167903e+01 1.42e-02 1.15e+00  -4.0 1.33e-02    -  1.00e+00 1.00e+00h  1
 182r 1.7167917e+01 1.42e-02 1.18e+00  -4.0 1.10e-02    -  1.00e+00 1.00e+00h  1
 183r 1.7168062e+01 1.42e-02 6.01e-01  -4.0 1.22e-02    -  1.00e+00 1.00e+00h  1
 184r 1.7168368e+01 1.42e-02 2.69e+00  -4.0 1.56e-02    -  1.00e+00 1.00e+00h  1
 185r 1.7168304e+01 1.42e-02 1.07e+00  -4.1 1.76e-02    -  1.00e+00 1.00e+00h  1
 186r 1.7167775e+01 1.42e-02 6.73e+00  -4.0 3.78e-02    -  1.00e+00 1.00e+00h  1
 187r 1.7168302e+01 1.42e-02 1.78e+00  -4.1 3.58e-02    -  1.00e+00 1.00e+00h  1
 188r 1.7167990e+01 1.42e-02 3.35e+00  -4.0 3.31e-02    -  1.00e+00 1.00e+00h  1
 189r 1.7168436e+01 1.42e-02 3.67e+00  -4.1 3.13e-02    -  1.00e+00 1.00e+00h  1
iter    objective    inf_pr   inf_du lg(mu)  ||d||  lg(rg) alpha_du alpha_pr  ls
 190r 1.7166365e+01 1.42e-02 1.51e+01  -4.0 1.01e-01    -  1.00e+00 1.00e+00h  1
 191r 1.7167770e+01 1.42e-02 2.57e+00  -4.1 7.86e-02    -  1.00e+00 1.00e+00h  1
 192r 1.7167426e+01 1.42e-02 7.88e+00  -4.0 6.53e-02    -  1.00e+00 1.00e+00h  1
 193r 1.7167701e+01 1.42e-02 1.19e+00  -4.1 5.51e-02    -  1.00e+00 1.00e+00h  1
 194r 1.7167156e+01 1.42e-02 1.38e+00  -4.0 1.79e-02    -  1.00e+00 1.00e+00h  1
 195r 1.7169048e+01 1.42e-02 2.06e+01  -4.0 1.18e-01    -  1.00e+00 1.00e+00h  1
 196r 1.7172180e+01 1.42e-02 2.79e+01  -4.1 9.38e-02    -  1.00e+00 1.00e+00h  1
 197r 1.7167874e+01 1.42e-02 1.25e+01  -4.1 2.02e-01    -  1.00e+00 1.00e+00h  1
 198r 1.7166673e+01 1.42e-02 2.89e+01  -4.0 1.10e-01    -  1.00e+00 1.00e+00h  1
 199r 1.7170804e+01 1.42e-02 1.08e+01  -4.1 1.90e-01    -  1.00e+00 1.00e+00h  1
iter    objective    inf_pr   inf_du lg(mu)  ||d||  lg(rg) alpha_du alpha_pr  ls
 200r 1.7166330e+01 1.42e-02 6.73e+00  -4.0 9.88e-02    -  1.00e+00 1.00e+00h  1
 201r 1.7165962e+01 1.42e-02 1.53e+01  -4.1 6.34e-02    -  1.00e+00 1.00e+00h  1
 202r 1.7168214e+01 1.42e-02 3.85e+00  -4.1 7.46e-02    -  1.00e+00 1.00e+00h  1
 203r 1.7168541e+01 1.42e-02 1.03e+01  -4.0 5.29e-02    -  1.00e+00 1.00e+00h  1
 204r 1.7167941e+01 1.42e-02 1.25e+00  -4.1 3.46e-02    -  1.00e+00 1.00e+00h  1
 205r 1.7167543e+01 1.42e-02 3.70e+00  -4.1 2.08e-02    -  1.00e+00 1.00e+00h  1
 206r 1.7166816e+01 1.42e-02 5.41e+00  -4.0 2.39e-02    -  1.00e+00 1.00e+00h  1
 207r 1.7168530e+01 1.42e-02 6.83e+00  -4.1 6.71e-02    -  1.00e+00 1.00e+00h  1
 208r 1.7167070e+01 1.42e-02 6.04e+00  -4.1 6.78e-02    -  1.00e+00 1.00e+00H  1
 209r 1.7164963e+01 1.42e-02 1.15e+01  -4.0 8.20e-02    -  1.00e+00 1.00e+00f  1
iter    objective    inf_pr   inf_du lg(mu)  ||d||  lg(rg) alpha_du alpha_pr  ls
 210r 1.7168879e+01 1.42e-02 1.37e+01  -4.1 1.61e-01    -  1.00e+00 1.00e+00h  1
 211r 1.7171764e+01 1.49e-02 3.31e+01  -4.1 2.57e-01    -  8.56e-01 8.45e-01h  1
 212r 1.7170004e+01 1.41e-02 8.42e+00  -4.1 2.01e-01    -  1.94e-01 1.00e+00h  1
 213r 1.7167054e+01 1.42e-02 1.12e+01  -4.0 4.29e-02    -  1.00e+00 1.00e+00h  1
 214r 1.7167749e+01 1.42e-02 1.90e+00  -4.1 3.18e-02    -  1.00e+00 1.00e+00h  1
 215r 1.7166247e+01 1.42e-02 7.28e+00  -4.1 6.10e-02    -  1.00e+00 1.00e+00H  1
 216r 1.7165325e+01 1.42e-02 1.54e+01  -4.0 4.45e-02    -  1.00e+00 1.00e+00f  1
 217r 1.7168701e+01 1.42e-02 1.00e+01  -4.1 1.19e-01    -  1.00e+00 1.00e+00h  1
 218r 1.7166971e+01 1.42e-02 1.04e+01  -4.1 8.01e-02    -  1.00e+00 1.00e+00h  1
 219r 1.7166641e+01 1.42e-02 1.09e+01  -4.1 5.37e-02    -  1.00e+00 1.00e+00h  1
iter    objective    inf_pr   inf_du lg(mu)  ||d||  lg(rg) alpha_du alpha_pr  ls
 220r 1.7167167e+01 1.42e-02 3.65e+00  -4.1 4.82e-02    -  1.00e+00 1.00e+00h  1
 221r 1.7168230e+01 1.42e-02 1.17e+01  -4.1 5.71e-02    -  1.00e+00 1.00e+00h  1
 222r 1.7166858e+01 1.42e-02 3.73e+00  -4.0 6.05e-02    -  1.00e+00 1.00e+00h  1
 223r 1.7168343e+01 1.42e-02 3.85e+00  -4.1 3.53e-02    -  1.00e+00 1.00e+00h  1
 224r 1.7167248e+01 1.42e-02 4.07e+00  -4.0 2.77e-02    -  1.00e+00 1.00e+00h  1
 225r 1.7170074e+01 1.42e-02 1.48e+01  -4.1 1.01e-01    -  1.00e+00 1.00e+00h  1
 226r 1.7167455e+01 1.42e-02 6.05e+00  -4.1 1.12e-01    -  1.00e+00 1.00e+00h  1
 227r 1.7165988e+01 1.42e-02 2.06e+01  -4.1 1.15e-01    -  1.00e+00 1.00e+00h  1
 228r 1.7168967e+01 1.42e-02 8.40e+00  -4.1 1.03e-01    -  1.00e+00 1.00e+00h  1
 229r 1.7170067e+01 1.42e-02 1.78e+01  -4.0 1.22e-01    -  1.00e+00 1.00e+00h  1
iter    objective    inf_pr   inf_du lg(mu)  ||d||  lg(rg) alpha_du alpha_pr  ls
 230r 1.7168632e+01 1.42e-02 6.62e+00  -4.1 1.07e-01    -  1.00e+00 1.00e+00h  1
 231r 1.7167486e+01 1.42e-02 2.55e+00  -4.0 1.13e-02    -  1.00e+00 1.00e+00h  1
 232r 1.7168613e+01 1.42e-02 4.28e+00  -4.1 4.20e-02    -  1.00e+00 1.00e+00h  1
 233r 1.7167723e+01 1.42e-02 3.06e+00  -4.1 3.79e-02    -  1.00e+00 1.00e+00h  1
 234r 1.7166880e+01 1.42e-02 9.21e+00  -4.0 4.80e-02    -  1.00e+00 1.00e+00h  1
 235r 1.7169090e+01 1.42e-02 4.05e+00  -4.1 6.56e-02    -  1.00e+00 1.00e+00h  1
 236r 1.7167618e+01 1.42e-02 3.60e+00  -4.1 5.20e-02    -  1.00e+00 1.00e+00h  1
 237r 1.7166565e+01 1.42e-02 8.53e+00  -4.1 3.67e-02    -  1.00e+00 1.00e+00h  1
 238r 1.7167668e+01 1.42e-02 1.58e+00  -4.1 4.44e-02    -  1.00e+00 1.00e+00h  1
 239r 1.7167943e+01 1.42e-02 6.46e+00  -4.0 3.84e-02    -  1.00e+00 1.00e+00h  1
iter    objective    inf_pr   inf_du lg(mu)  ||d||  lg(rg) alpha_du alpha_pr  ls
 240r 1.7168057e+01 1.42e-02 1.54e+00  -4.1 3.17e-02    -  1.00e+00 1.00e+00h  1
 241r 1.7167362e+01 1.42e-02 1.52e+00  -4.1 2.21e-02    -  1.00e+00 1.00e+00h  1
 242r 1.7166450e+01 1.42e-02 7.25e+00  -4.0 2.84e-02    -  1.00e+00 1.00e+00h  1
 243r 1.7169304e+01 1.42e-02 8.28e+00  -4.1 9.18e-02    -  1.00e+00 1.00e+00h  1
 244r 1.7167642e+01 1.42e-02 7.53e+00  -4.1 5.73e-02    -  1.00e+00 1.00e+00H  1
 245r 1.7164727e+01 1.42e-02 2.51e+01  -4.1 1.23e-01    -  1.00e+00 1.00e+00h  1
 246r 1.7165801e+01 1.42e-02 7.88e+00  -4.1 9.97e-02    -  1.00e+00 1.00e+00h  1
 247r 1.7173123e+01 1.42e-02 4.39e+01  -4.1 2.04e-01    -  1.00e+00 1.00e+00h  1
 248r 1.7171236e+01 1.42e-02 1.73e+01  -4.1 1.34e-01    -  1.00e+00 1.00e+00h  1
 249r 1.7163183e+01 1.42e-02 5.83e+01  -4.1 2.63e-01    -  8.17e-01 1.00e+00h  1
iter    objective    inf_pr   inf_du lg(mu)  ||d||  lg(rg) alpha_du alpha_pr  ls
 250r 1.7166936e+01 1.42e-02 1.74e+01  -4.1 2.61e-01    -  1.00e+00 7.27e-01h  1
 251r 1.7170800e+01 1.42e-02 2.08e+01  -4.0 3.66e-01    -  4.93e-01 2.74e-01f  1
 252r 1.7168794e+01 1.42e-02 9.73e+00  -4.2 6.56e-02    -  1.00e+00 1.00e+00h  1
 253r 1.7166903e+01 1.42e-02 9.25e+00  -4.0 6.85e-02    -  1.00e+00 1.00e+00h  1
 254r 1.7169392e+01 1.42e-02 9.92e+00  -4.1 1.14e-01    -  1.00e+00 1.00e+00h  1
 255r 1.7167626e+01 1.42e-02 2.38e+00  -4.1 9.09e-02    -  1.00e+00 1.00e+00h  1
 256r 1.7167253e+01 1.42e-02 7.50e-01  -4.1 4.55e-03    -  1.00e+00 1.00e+00h  1
 257r 1.7167020e+01 1.42e-02 1.97e+00  -4.0 6.21e-03    -  1.00e+00 1.00e+00f  1
 258r 1.7168363e+01 1.42e-02 1.02e+01  -4.1 6.69e-02    -  1.00e+00 1.00e+00h  1
 259r 1.7167328e+01 1.42e-02 5.90e+00  -4.1 4.49e-02    -  1.00e+00 1.00e+00h  1
iter    objective    inf_pr   inf_du lg(mu)  ||d||  lg(rg) alpha_du alpha_pr  ls
 260r 1.7166627e+01 1.42e-02 1.35e+01  -4.1 8.68e-02    -  1.00e+00 1.00e+00h  1
 261r 1.7167466e+01 1.42e-02 2.95e+00  -4.1 6.53e-02    -  1.00e+00 1.00e+00h  1
 262r 1.7167092e+01 1.42e-02 6.18e+00  -4.0 7.71e-02    -  1.00e+00 1.00e+00h  1
 263r 1.7167830e+01 1.42e-02 3.94e+00  -4.1 5.15e-02    -  1.00e+00 1.00e+00h  1
 264r 1.7167224e+01 1.42e-02 1.41e+00  -4.0 1.34e-02    -  1.00e+00 1.00e+00h  1
 265r 1.7168396e+01 1.42e-02 8.21e+00  -4.1 6.30e-02    -  1.00e+00 1.00e+00h  1
 266r 1.7168011e+01 1.42e-02 2.68e+00  -4.1 5.55e-02    -  1.00e+00 1.00e+00h  1
 267r 1.7168190e+01 1.42e-02 1.46e+01  -4.0 6.62e-02    -  1.00e+00 1.00e+00h  1
 268r 1.7169274e+01 1.42e-02 5.55e+00  -4.1 7.82e-02    -  1.00e+00 1.00e+00h  1
 269r 1.7167726e+01 1.42e-02 5.25e+00  -4.1 8.41e-02    -  1.00e+00 1.00e+00h  1
iter    objective    inf_pr   inf_du lg(mu)  ||d||  lg(rg) alpha_du alpha_pr  ls
 270r 1.7164744e+01 1.42e-02 1.75e+01  -4.1 8.73e-02    -  1.00e+00 1.00e+00H  1
 271r 1.7168639e+01 1.42e-02 5.38e+00  -4.1 8.10e-02    -  1.00e+00 1.00e+00h  1
 272r 1.7167538e+01 1.42e-02 2.93e+00  -4.1 3.46e-02    -  1.00e+00 1.00e+00h  1
 273r 1.7166784e+01 1.42e-02 5.13e+00  -4.0 2.07e-02    -  1.00e+00 1.00e+00h  1
 274r 1.7168388e+01 1.42e-02 4.76e+00  -4.1 6.49e-02    -  1.00e+00 1.00e+00h  1
 275r 1.7167241e+01 1.42e-02 4.48e+00  -4.0 4.43e-02    -  1.00e+00 1.00e+00h  1
 276r 1.7168492e+01 1.42e-02 2.57e+00  -4.1 4.15e-02    -  1.00e+00 1.00e+00h  1
 277r 1.7167283e+01 1.42e-02 5.63e+00  -4.0 3.47e-02    -  1.00e+00 1.00e+00h  1
 278r 1.7169870e+01 1.42e-02 1.30e+01  -4.1 1.03e-01    -  1.00e+00 1.00e+00h  1
 279r 1.7168596e+01 1.42e-02 4.65e+00  -4.1 5.29e-02    -  1.00e+00 1.00e+00h  1
iter    objective    inf_pr   inf_du lg(mu)  ||d||  lg(rg) alpha_du alpha_pr  ls
 280r 1.7167185e+01 1.42e-02 1.24e+01  -4.1 8.86e-02    -  1.00e+00 1.00e+00h  1
 281r 1.7167668e+01 1.42e-02 9.89e+00  -4.1 5.30e-02    -  1.00e+00 1.00e+00h  1
 282r 1.7169511e+01 1.42e-02 7.81e+00  -4.1 9.20e-02    -  1.00e+00 1.00e+00h  1
 283r 1.7166664e+01 1.42e-02 4.83e+00  -4.1 4.97e-02    -  1.00e+00 1.00e+00h  1
 284r 1.7167116e+01 1.42e-02 3.57e+00  -4.1 3.81e-02    -  1.00e+00 1.00e+00h  1
 285r 1.7167733e+01 1.42e-02 3.17e+00  -4.0 2.44e-02    -  1.00e+00 1.00e+00h  1
 286r 1.7170488e+01 1.42e-02 1.76e+01  -4.1 1.10e-01    -  1.00e+00 1.00e+00h  1
 287r 1.7168907e+01 1.42e-02 2.73e+00  -4.1 1.11e-01    -  1.00e+00 1.00e+00h  1
 288r 1.7164408e+01 1.42e-02 4.96e+01  -4.1 2.33e-01    -  1.00e+00 1.00e+00h  1
 289r 1.7172589e+01 1.42e-02 1.88e+01  -4.1 3.00e-01    -  7.74e-01 1.00e+00h  1
iter    objective    inf_pr   inf_du lg(mu)  ||d||  lg(rg) alpha_du alpha_pr  ls
 290r 1.7166957e+01 1.42e-02 1.74e+01  -4.1 1.08e-01    -  1.00e+00 1.00e+00h  1
 291r 1.7167012e+01 1.42e-02 1.47e+01  -4.1 9.03e-02    -  1.00e+00 6.87e-01h  1
 292r 1.7168066e+01 1.42e-02 5.37e+00  -4.1 7.62e-02    -  1.00e+00 1.00e+00h  1
 293r 1.7168202e+01 1.42e-02 5.88e+00  -4.1 3.08e-02    -  1.00e+00 1.00e+00h  1
 294r 1.7167585e+01 1.42e-02 1.40e+00  -4.0 2.05e-02    -  1.00e+00 1.00e+00h  1
 295r 1.7169106e+01 1.42e-02 7.40e+00  -4.1 5.55e-02    -  1.00e+00 1.00e+00h  1
 296r 1.7168796e+01 1.42e-02 7.14e+00  -4.1 5.75e-02    -  1.00e+00 1.00e+00h  1
 297r 1.7168088e+01 1.42e-02 1.07e+00  -4.1 4.98e-02    -  1.00e+00 1.00e+00h  1
 298r 1.7167993e+01 1.42e-02 7.10e-01  -4.0 5.00e-03    -  1.00e+00 1.00e+00h  1
 299r 1.7169212e+01 1.42e-02 3.94e+00  -4.1 4.34e-02    -  1.00e+00 1.00e+00h  1
iter    objective    inf_pr   inf_du lg(mu)  ||d||  lg(rg) alpha_du alpha_pr  ls
 300r 1.7168204e+01 1.42e-02 3.53e+00  -4.0 4.47e-02    -  1.00e+00 1.00e+00h  1
 301r 1.7170087e+01 1.42e-02 6.88e+00  -4.1 4.37e-02    -  1.00e+00 1.00e+00h  1
 302r 1.7168148e+01 1.42e-02 3.12e+00  -4.1 4.73e-02    -  1.00e+00 1.00e+00h  1
 303r 1.7168549e+01 1.42e-02 3.95e+00  -4.1 3.46e-02    -  1.00e+00 1.00e+00h  1
 304r 1.7168306e+01 1.42e-02 1.61e+00  -4.1 2.58e-02    -  1.00e+00 1.00e+00h  1
 305r 1.7168146e+01 1.42e-02 3.89e+00  -4.0 2.96e-02    -  1.00e+00 1.00e+00h  1
 306r 1.7169480e+01 1.42e-02 2.57e+00  -4.1 4.79e-02    -  1.00e+00 1.00e+00h  1
 307r 1.7167719e+01 1.42e-02 6.95e+00  -4.1 6.22e-02    -  1.00e+00 1.00e+00h  1
 308r 1.7167566e+01 1.42e-02 6.30e+00  -4.1 3.91e-02    -  1.00e+00 1.00e+00h  1
 309r 1.7168402e+01 1.42e-02 2.39e+00  -4.1 3.93e-02    -  1.00e+00 1.00e+00h  1
iter    objective    inf_pr   inf_du lg(mu)  ||d||  lg(rg) alpha_du alpha_pr  ls
 310r 1.7167570e+01 1.42e-02 1.02e+00  -4.0 1.40e-02    -  1.00e+00 1.00e+00h  1
 311r 1.7169548e+01 1.42e-02 8.74e+00  -4.1 7.24e-02    -  1.00e+00 1.00e+00h  1
 312r 1.7168836e+01 1.42e-02 5.26e+00  -4.1 2.90e-02    -  1.00e+00 1.00e+00h  1
 313r 1.7166695e+01 1.42e-02 1.22e+01  -4.1 9.13e-02    -  1.00e+00 1.00e+00h  1
 314r 1.7169354e+01 1.42e-02 6.04e+00  -4.1 6.36e-02    -  1.00e+00 1.00e+00h  1
 315r 1.7169428e+01 1.42e-02 5.74e+00  -4.1 6.06e-02    -  1.00e+00 1.00e+00h  1
 316r 1.7168159e+01 1.42e-02 1.21e+00  -4.1 6.06e-02    -  1.00e+00 5.00e-01h  2
 317r 1.7167282e+01 1.42e-02 2.08e+00  -4.1 1.66e-02    -  1.00e+00 1.00e+00h  1
 318r 1.7167499e+01 1.42e-02 6.43e-01  -4.0 1.49e-02    -  1.00e+00 1.00e+00h  1
 319r 1.7168968e+01 1.42e-02 6.03e+00  -4.1 5.57e-02    -  1.00e+00 1.00e+00h  1
iter    objective    inf_pr   inf_du lg(mu)  ||d||  lg(rg) alpha_du alpha_pr  ls
 320r 1.7169207e+01 1.42e-02 3.02e+00  -4.1 3.15e-02    -  1.00e+00 1.00e+00h  1
 321r 1.7167880e+01 1.42e-02 7.61e+00  -4.1 5.65e-02    -  1.00e+00 1.00e+00h  1
 322r 1.7167198e+01 1.42e-02 5.39e+00  -4.1 5.08e-02    -  1.00e+00 1.00e+00h  1
 323r 1.7168446e+01 1.42e-02 2.23e+00  -4.1 4.42e-02    -  1.00e+00 1.00e+00h  1
 324r 1.7168125e+01 1.42e-02 6.20e-01  -4.1 1.43e-02    -  1.00e+00 1.00e+00h  1
 325r 1.7167287e+01 1.42e-02 2.84e+00  -4.0 1.39e-02    -  1.00e+00 1.00e+00h  1
 326r 1.7169851e+01 1.42e-02 8.21e+00  -4.1 7.91e-02    -  1.00e+00 1.00e+00h  1
 327r 1.7168688e+01 1.42e-02 4.72e+00  -4.1 4.71e-02    -  1.00e+00 1.00e+00h  1
 328r 1.7166919e+01 1.42e-02 6.46e+00  -4.1 6.68e-02    -  1.00e+00 1.00e+00h  1
 329r 1.7167639e+01 1.42e-02 3.09e+00  -4.1 4.18e-02    -  1.00e+00 1.00e+00h  1
iter    objective    inf_pr   inf_du lg(mu)  ||d||  lg(rg) alpha_du alpha_pr  ls
 330r 1.7169236e+01 1.42e-02 9.58e+00  -4.1 5.75e-02    -  1.00e+00 1.00e+00H  1
 331r 1.7168145e+01 1.42e-02 2.52e+00  -4.1 3.77e-02    -  1.00e+00 1.00e+00h  1
 332r 1.7166832e+01 1.42e-02 8.36e+00  -4.1 4.96e-02    -  1.00e+00 1.00e+00h  1
 333r 1.7167962e+01 1.42e-02 2.64e+00  -4.1 3.66e-02    -  1.00e+00 1.00e+00h  1
 334r 1.7168202e+01 1.42e-02 4.92e+00  -4.1 3.67e-02    -  1.00e+00 1.00e+00h  1
 335r 1.7167611e+01 1.42e-02 1.58e+00  -4.1 2.57e-02    -  1.00e+00 1.00e+00h  1
 336r 1.7167054e+01 1.42e-02 4.89e+00  -4.0 2.14e-02    -  1.00e+00 1.00e+00h  1
 337r 1.7169144e+01 1.42e-02 6.93e+00  -4.1 7.56e-02    -  1.00e+00 1.00e+00h  1
 338r 1.7168427e+01 1.42e-02 9.53e+00  -4.1 4.48e-02    -  1.00e+00 1.00e+00h  1
 339r 1.7168127e+01 1.42e-02 1.93e+00  -4.1 4.55e-02    -  1.00e+00 1.00e+00h  1
iter    objective    inf_pr   inf_du lg(mu)  ||d||  lg(rg) alpha_du alpha_pr  ls
 340r 1.7168191e+01 1.42e-02 2.75e+00  -4.1 1.56e-02    -  1.00e+00 1.00e+00h  1
 341r 1.7167969e+01 1.42e-02 5.00e-01  -4.1 8.15e-03    -  1.00e+00 1.00e+00h  1
 342r 1.7167837e+01 1.42e-02 4.24e-01  -4.1 2.81e-03    -  1.00e+00 1.00e+00h  1
 343r 1.7167770e+01 1.42e-02 7.10e-01  -4.0 2.17e-03    -  1.00e+00 1.00e+00f  1
 344r 1.7168294e+01 1.42e-02 4.84e+00  -4.1 3.27e-02    -  1.00e+00 1.00e+00f  1
 345r 1.7167833e+01 1.42e-02 9.13e-01  -4.1 2.19e-02    -  1.00e+00 1.00e+00h  1
 346r 1.7167961e+01 1.42e-02 3.54e+00  -4.1 2.37e-02    -  1.00e+00 1.00e+00H  1
 347r 1.7167825e+01 1.42e-02 1.25e+00  -4.0 1.98e-02    -  1.00e+00 1.00e+00f  1
 348r 1.7168408e+01 1.42e-02 4.51e+00  -4.1 4.68e-02    -  1.00e+00 1.00e+00h  1
 349r 1.7167812e+01 1.42e-02 2.62e+00  -4.1 5.51e-02    -  1.00e+00 1.00e+00h  1
iter    objective    inf_pr   inf_du lg(mu)  ||d||  lg(rg) alpha_du alpha_pr  ls
 350r 1.7167052e+01 1.42e-02 1.87e+01  -4.1 1.25e-01    -  1.00e+00 1.00e+00h  1
 351r 1.7169025e+01 1.42e-02 9.93e+00  -4.1 1.69e-01    -  1.00e+00 1.00e+00h  1
 352r 1.7167752e+01 1.42e-02 3.74e+00  -4.1 4.27e-02    -  1.00e+00 1.00e+00h  1
 353r 1.7167051e+01 1.42e-02 3.95e+00  -4.1 3.61e-02    -  1.00e+00 1.00e+00H  1
 354r 1.7167777e+01 1.42e-02 1.10e+00  -4.1 2.73e-02    -  1.00e+00 1.00e+00h  1
 355r 1.7167653e+01 1.42e-02 1.33e+00  -4.1 8.16e-03    -  1.00e+00 1.00e+00h  1
 356r 1.7167365e+01 1.42e-02 2.89e+00  -4.1 6.53e-03    -  1.00e+00 1.00e+00h  1
 357r 1.7167498e+01 1.42e-02 8.09e-01  -4.1 9.37e-03    -  1.00e+00 1.00e+00h  1
 358r 1.7167528e+01 1.42e-02 1.18e+00  -4.1 5.48e-03    -  1.00e+00 1.00e+00h  1
 359r 1.7167471e+01 1.42e-02 5.51e-01  -4.1 5.74e-03    -  1.00e+00 5.00e-01h  2
iter    objective    inf_pr   inf_du lg(mu)  ||d||  lg(rg) alpha_du alpha_pr  ls
 360r 1.7167413e+01 1.42e-02 5.06e-01  -4.1 2.61e-03    -  1.00e+00 1.00e+00h  1
 361r 1.7167354e+01 1.42e-02 5.62e-01  -4.1 3.15e-03    -  1.00e+00 1.00e+00h  1
 362r 1.7167354e+01 1.42e-02 5.96e-01  -4.1 1.66e-03    -  1.00e+00 1.00e+00h  1
 363r 1.7167356e+01 1.42e-02 4.16e-01  -4.1 1.52e-03    -  1.00e+00 1.00e+00h  1
 364r 1.7167189e+01 1.42e-02 1.15e+00  -4.0 5.90e-03    -  1.00e+00 1.00e+00f  1
 365r 1.7169876e+01 1.42e-02 2.42e+01  -4.1 1.04e-01    -  1.00e+00 1.00e+00f  1
 366r 1.7168152e+01 1.42e-02 4.60e+00  -4.1 7.89e-02    -  1.00e+00 1.00e+00h  1
 367r 1.7167372e+01 1.42e-02 2.26e+01  -4.1 1.06e-01    -  1.00e+00 1.00e+00h  1
 368r 1.7168759e+01 1.42e-02 6.99e+00  -4.1 1.02e-01    -  1.00e+00 9.75e-01h  1
 369r 1.7166461e+01 1.42e-02 1.52e+01  -4.1 8.83e-02    -  1.00e+00 1.00e+00H  1
iter    objective    inf_pr   inf_du lg(mu)  ||d||  lg(rg) alpha_du alpha_pr  ls
 370r 1.7168476e+01 1.42e-02 5.23e+00  -4.1 8.78e-02    -  1.00e+00 1.00e+00h  1
 371r 1.7167541e+01 1.42e-02 1.63e+00  -4.1 1.62e-02    -  1.00e+00 1.00e+00h  1
 372r 1.7167559e+01 1.42e-02 3.74e+00  -4.1 1.44e-02    -  1.00e+00 1.00e+00H  1
 373r 1.7167347e+01 1.42e-02 1.25e+00  -4.0 1.47e-02    -  1.00e+00 1.00e+00f  1
 374r 1.7168239e+01 1.42e-02 3.54e+00  -4.1 4.05e-02    -  1.00e+00 1.00e+00h  1
 375r 1.7168135e+01 1.42e-02 3.76e+00  -4.1 3.17e-02    -  1.00e+00 1.00e+00h  1
 376r 1.7167492e+01 1.42e-02 2.74e+00  -4.1 3.00e-02    -  1.00e+00 1.00e+00h  1
 377r 1.7167593e+01 1.42e-02 2.17e+00  -4.1 2.21e-02    -  1.00e+00 1.00e+00h  1
 378r 1.7167827e+01 1.42e-02 2.26e+00  -4.1 1.23e-02    -  1.00e+00 1.00e+00h  1
 379r 1.7167582e+01 1.42e-02 6.85e-01  -4.1 1.19e-02    -  1.00e+00 1.00e+00h  1
iter    objective    inf_pr   inf_du lg(mu)  ||d||  lg(rg) alpha_du alpha_pr  ls
 380r 1.7167365e+01 1.42e-02 2.02e+00  -4.1 1.05e-02    -  1.00e+00 1.00e+00h  1
 381r 1.7167529e+01 1.42e-02 5.82e-01  -4.1 1.09e-02    -  1.00e+00 1.00e+00h  1
 382r 1.7167515e+01 1.42e-02 8.61e-01  -4.1 6.13e-03    -  1.00e+00 1.00e+00h  1
 383r 1.7167468e+01 1.42e-02 2.57e-01  -4.1 6.11e-03    -  1.00e+00 1.00e+00h  1
 384r 1.7167459e+01 1.42e-02 9.99e-02  -4.1 7.64e-04    -  1.00e+00 1.00e+00h  1
 385r 1.7167310e+01 1.42e-02 9.48e-01  -4.0 3.03e-03    -  1.00e+00 1.00e+00f  1
 386r 1.7168529e+01 1.42e-02 1.08e+01  -4.1 7.86e-02    -  1.00e+00 1.00e+00f  1
 387r 1.7168081e+01 1.42e-02 2.16e+00  -4.1 6.01e-02    -  1.00e+00 1.00e+00h  1
 388r 1.7167401e+01 1.42e-02 1.03e+01  -4.1 5.94e-02    -  1.00e+00 1.00e+00h  1
 389r 1.7167834e+01 1.42e-02 1.27e+00  -4.1 5.12e-02    -  1.00e+00 1.00e+00h  1
iter    objective    inf_pr   inf_du lg(mu)  ||d||  lg(rg) alpha_du alpha_pr  ls
 390r 1.7167739e+01 1.42e-02 2.99e+00  -4.1 2.15e-02    -  1.00e+00 1.00e+00h  1
 391r 1.7167604e+01 1.42e-02 1.24e+00  -4.1 2.33e-02    -  1.00e+00 1.00e+00h  1
 392r 1.7167537e+01 1.42e-02 5.21e-01  -4.1 5.74e-03    -  1.00e+00 1.00e+00h  1
 393r 1.7167460e+01 1.42e-02 4.09e-01  -4.1 2.16e-03    -  1.00e+00 1.00e+00h  1
 394r 1.7167476e+01 1.42e-02 1.21e-01  -4.1 2.23e-03    -  1.00e+00 1.00e+00h  1
 395r 1.7167433e+01 1.42e-02 1.28e-01  -4.1 8.11e-04    -  1.00e+00 1.00e+00h  1
 396r 1.7167409e+01 1.42e-02 1.26e-01  -4.1 5.46e-04    -  1.00e+00 1.00e+00h  1
 397r 1.7167231e+01 1.42e-02 8.65e-01  -4.0 2.73e-03    -  1.00e+00 1.00e+00f  1
 398r 1.7169233e+01 1.42e-02 8.22e+00  -4.1 5.89e-02    -  1.00e+00 1.00e+00f  1
 399r 1.7168438e+01 1.42e-02 3.39e+00  -4.1 3.71e-02    -  1.00e+00 1.00e+00h  1
iter    objective    inf_pr   inf_du lg(mu)  ||d||  lg(rg) alpha_du alpha_pr  ls
 400r 1.7166326e+01 1.42e-02 1.21e+01  -4.1 6.49e-02    -  1.00e+00 1.00e+00H  1
 401r 1.7167364e+01 1.42e-02 2.56e+00  -4.1 4.86e-02    -  1.00e+00 1.00e+00h  1
 402r 1.7168773e+01 1.42e-02 9.18e+00  -4.1 3.85e-02    -  1.00e+00 1.00e+00h  1
 403r 1.7168385e+01 1.42e-02 6.45e+00  -4.1 4.25e-02    -  1.00e+00 2.50e-01h  3
 404r 1.7165845e+01 1.42e-02 8.48e+00  -4.1 7.27e-02    -  1.00e+00 1.00e+00H  1
 405r 1.7166249e+01 1.42e-02 5.90e+00  -4.1 4.49e-02    -  1.00e+00 1.00e+00f  1
 406r 1.7167331e+01 1.42e-02 1.93e+00  -4.1 3.74e-02    -  1.00e+00 1.00e+00h  1
 407r 1.7167044e+01 1.42e-02 3.95e+00  -4.1 1.31e-02    -  1.00e+00 1.00e+00h  1
 408r 1.7167142e+01 1.42e-02 2.22e-01  -4.1 9.50e-03    -  1.00e+00 1.00e+00h  1
 409r 1.7167144e+01 1.42e-02 1.35e-01  -4.1 7.20e-04    -  1.00e+00 1.00e+00h  1
iter    objective    inf_pr   inf_du lg(mu)  ||d||  lg(rg) alpha_du alpha_pr  ls
 410r 1.7167152e+01 1.42e-02 1.16e-01  -4.1 6.34e-04    -  1.00e+00 1.00e+00h  1
 411r 1.7167226e+01 1.42e-02 4.04e-01  -4.1 2.07e-03    -  1.00e+00 1.00e+00H  1
 412r 1.7167170e+01 1.42e-02 2.24e+00  -4.0 9.15e-03    -  1.00e+00 1.00e+00f  1
 413r 1.7167468e+01 1.42e-02 2.41e+00  -4.1 2.28e-02    -  1.00e+00 1.00e+00h  1
 414r 1.7167294e+01 1.42e-02 6.74e-01  -4.1 1.65e-02    -  1.00e+00 1.00e+00h  1
 415r 1.7167148e+01 1.42e-02 2.14e+00  -4.1 1.12e-02    -  1.00e+00 1.00e+00h  1
 416r 1.7167299e+01 1.42e-02 3.70e-01  -4.1 6.32e-03    -  1.00e+00 1.00e+00h  1
 417r 1.7167315e+01 1.42e-02 3.39e-01  -4.1 2.43e-03    -  1.00e+00 1.00e+00h  1
 418r 1.7167280e+01 1.42e-02 9.77e-02  -4.1 1.07e-03    -  1.00e+00 1.00e+00h  1
 419r 1.7167264e+01 1.42e-02 7.83e-02  -4.1 3.38e-04    -  1.00e+00 1.00e+00h  1
iter    objective    inf_pr   inf_du lg(mu)  ||d||  lg(rg) alpha_du alpha_pr  ls
 420r 1.7167258e+01 1.42e-02 5.31e-02  -4.1 2.11e-04    -  1.00e+00 1.00e+00h  1
 421r 1.7167184e+01 1.42e-02 7.49e-01  -4.0 2.01e-03    -  1.00e+00 1.00e+00f  1
 422r 1.7167680e+01 1.42e-02 5.22e+00  -4.1 4.66e-02    -  1.00e+00 1.00e+00f  1
 423r 1.7167263e+01 1.42e-02 9.13e-01  -4.1 3.80e-02    -  1.00e+00 1.00e+00h  1
 424r 1.7166484e+01 1.42e-02 7.02e+00  -4.1 4.35e-02    -  1.00e+00 1.00e+00h  1
 425r 1.7167337e+01 1.42e-02 1.16e+00  -4.1 3.71e-02    -  1.00e+00 1.00e+00h  1
 426r 1.7167278e+01 1.42e-02 2.04e+00  -4.1 1.77e-02    -  1.00e+00 1.00e+00h  1
 427r 1.7167135e+01 1.42e-02 4.52e-01  -4.1 1.21e-02    -  1.00e+00 1.00e+00h  1
 428r 1.7167134e+01 1.42e-02 2.98e-01  -4.1 2.83e-03    -  1.00e+00 1.00e+00h  1
 429r 1.7167142e+01 1.42e-02 1.97e-01  -4.1 2.00e-03    -  1.00e+00 1.00e+00h  1
iter    objective    inf_pr   inf_du lg(mu)  ||d||  lg(rg) alpha_du alpha_pr  ls
 430r 1.7167133e+01 1.42e-02 7.64e-02  -4.1 1.13e-03    -  1.00e+00 1.00e+00h  1
 431r 1.7167124e+01 1.42e-02 1.50e-01  -4.1 6.14e-04    -  1.00e+00 1.00e+00h  1
 432r 1.7167128e+01 1.42e-02 7.24e-02  -4.1 6.48e-04    -  1.00e+00 1.00e+00h  1
 433r 1.7167130e+01 1.42e-02 7.09e-02  -4.1 4.18e-04    -  1.00e+00 1.00e+00h  1
 434r 1.7167128e+01 1.42e-02 2.59e-02  -4.1 2.44e-04    -  1.00e+00 1.00e+00h  1
 435r 1.7167068e+01 1.42e-02 7.01e-01  -4.0 1.82e-03    -  1.00e+00 1.00e+00f  1
 436r 1.7168736e+01 1.42e-02 1.12e+01  -4.1 8.36e-02    -  1.00e+00 1.00e+00f  1
 437r 1.7167661e+01 1.42e-02 1.65e+00  -4.1 6.95e-02    -  1.00e+00 1.00e+00h  1
 438r 1.7167770e+01 1.42e-02 6.54e+00  -4.1 2.99e-02    -  1.00e+00 1.00e+00h  1
 439r 1.7167696e+01 1.42e-02 1.04e+00  -4.1 2.73e-02    -  1.00e+00 1.00e+00h  1
iter    objective    inf_pr   inf_du lg(mu)  ||d||  lg(rg) alpha_du alpha_pr  ls
 440r 1.7167479e+01 1.42e-02 2.37e+00  -4.1 1.18e-02    -  1.00e+00 1.00e+00h  1
 441r 1.7167480e+01 1.42e-02 2.49e-01  -4.1 7.61e-03    -  1.00e+00 1.00e+00h  1
 442r 1.7167452e+01 1.42e-02 2.44e-01  -4.1 1.64e-03    -  1.00e+00 1.00e+00h  1
 443r 1.7167436e+01 1.42e-02 8.03e-02  -4.1 5.53e-04    -  1.00e+00 1.00e+00h  1
 444r 1.7167396e+01 1.42e-02 1.07e-01  -4.1 7.48e-04    -  1.00e+00 1.00e+00h  1
 445r 1.7167299e+01 1.42e-02 2.63e-01  -4.1 2.06e-03    -  1.00e+00 1.00e+00h  1
 446r 1.7167157e+01 1.42e-02 1.25e+00  -4.1 7.27e-03    -  1.00e+00 1.00e+00h  1
 447r 1.7167261e+01 1.42e-02 6.26e-01  -4.1 6.46e-03    -  1.00e+00 5.00e-01h  2
 448r 1.7167268e+01 1.42e-02 3.03e-01  -4.1 3.46e-03    -  1.00e+00 5.00e-01h  2
 449r 1.7167261e+01 1.42e-02 2.35e-01  -4.1 1.99e-03    -  1.00e+00 1.00e+00h  1
iter    objective    inf_pr   inf_du lg(mu)  ||d||  lg(rg) alpha_du alpha_pr  ls
 450r 1.7167243e+01 1.42e-02 5.00e-02  -4.1 7.37e-04    -  1.00e+00 1.00e+00h  1
 451r 1.7167244e+01 1.42e-02 1.61e-02  -4.1 2.47e-04    -  1.00e+00 1.00e+00h  1
 452r 1.7166964e+01 1.42e-02 1.81e+00  -4.0 7.68e-03    -  1.00e+00 1.00e+00f  1
 453r 1.7168206e+01 1.42e-02 5.45e+00  -4.1 5.34e-02    -  1.00e+00 1.00e+00h  1
 454r 1.7167978e+01 1.42e-02 4.07e+00  -4.1 2.75e-02    -  1.00e+00 1.00e+00h  1
 455r 1.7166984e+01 1.42e-02 7.21e+00  -4.1 5.07e-02    -  1.00e+00 1.00e+00H  1
 456r 1.7167721e+01 1.42e-02 4.61e+00  -4.1 2.30e-02    -  1.00e+00 1.00e+00h  1
 457r 1.7167679e+01 1.42e-02 1.57e+00  -4.1 2.28e-02    -  1.00e+00 5.00e-01h  2
 458r 1.7167674e+01 1.42e-02 1.16e+00  -4.1 1.08e-02    -  1.00e+00 2.50e-01h  3
 459r 1.7167646e+01 1.42e-02 9.35e-01  -4.1 9.95e-03    -  1.00e+00 2.50e-01h  3
iter    objective    inf_pr   inf_du lg(mu)  ||d||  lg(rg) alpha_du alpha_pr  ls
 460r 1.7167644e+01 1.42e-02 8.82e-01  -4.1 7.48e-03    -  1.00e+00 6.25e-02h  5
 461r 1.7167644e+01 1.42e-02 8.76e-01  -4.1 8.74e-03    -  1.00e+00 7.81e-03h  8
 462r 1.7167541e+01 1.42e-02 3.54e-01  -4.1 5.25e-03    -  1.00e+00 1.00e+00h  1
 463r 1.7167549e+01 1.42e-02 1.84e-01  -4.1 1.91e-03    -  1.00e+00 1.00e+00h  1
 464r 1.7167546e+01 1.42e-02 3.58e-02  -4.1 1.02e-03    -  1.00e+00 1.00e+00h  1
 465r 1.7167543e+01 1.42e-02 3.38e-02  -4.1 9.68e-05    -  1.00e+00 1.00e+00h  1
 466r 1.7167283e+01 1.42e-02 1.24e+00  -4.0 4.26e-03    -  1.00e+00 1.00e+00f  1
 467r 1.7168107e+01 1.42e-02 4.58e+00  -4.1 3.65e-02    -  1.00e+00 1.00e+00h  1
 468r 1.7167716e+01 1.42e-02 1.43e+00  -4.1 2.96e-02    -  1.00e+00 1.00e+00h  1
 469r 1.7167453e+01 1.42e-02 2.80e+00  -4.1 1.82e-02    -  1.00e+00 1.00e+00h  1
iter    objective    inf_pr   inf_du lg(mu)  ||d||  lg(rg) alpha_du alpha_pr  ls
 470r 1.7167704e+01 1.42e-02 6.31e-01  -4.1 1.17e-02    -  1.00e+00 1.00e+00h  1
 471r 1.7167557e+01 1.42e-02 4.55e-01  -4.1 3.59e-03    -  1.00e+00 1.00e+00h  1
 472r 1.7167556e+01 1.42e-02 1.12e-01  -4.1 2.40e-03    -  1.00e+00 1.00e+00h  1
 473r 1.7167544e+01 1.42e-02 6.40e-02  -4.1 7.64e-04    -  1.00e+00 1.00e+00h  1
 474r 1.7167520e+01 1.42e-02 5.07e-02  -4.1 2.29e-04    -  1.00e+00 1.00e+00h  1
 475r 1.7167087e+01 1.42e-02 5.71e-01  -4.1 4.77e-03    -  1.00e+00 1.00e+00H  1
 476r 1.7166852e+01 1.42e-02 8.53e-01  -4.1 5.06e-03    -  1.00e+00 1.00e+00h  1
 477r 1.7167391e+01 1.42e-02 4.86e-01  -4.1 6.08e-03    -  1.00e+00 1.00e+00h  1
 478r 1.7167319e+01 1.42e-02 2.97e-01  -4.1 2.88e-03    -  1.00e+00 5.00e-01h  2
 479r 1.7167171e+01 1.42e-02 1.03e-01  -4.1 1.66e-03    -  1.00e+00 1.00e+00h  1
iter    objective    inf_pr   inf_du lg(mu)  ||d||  lg(rg) alpha_du alpha_pr  ls
 480r 1.7167174e+01 1.42e-02 1.96e-01  -4.1 1.31e-03    -  1.00e+00 1.00e+00h  1
 481r 1.7167179e+01 1.42e-02 2.51e-02  -4.1 1.26e-03    -  1.00e+00 1.00e+00h  1
 482r 1.7167187e+01 1.42e-02 1.06e-02  -4.1 1.26e-04    -  1.00e+00 1.00e+00h  1
 483r 1.7167199e+01 1.42e-02 4.10e-02  -4.1 4.23e-04    -  1.00e+00 1.00e+00H  1
 484r 1.7166918e+01 1.42e-02 1.56e+00  -4.0 5.75e-03    -  1.00e+00 1.00e+00f  1
 485r 1.7171029e+01 1.42e-02 9.04e+00  -4.1 1.06e-01    -  1.00e+00 1.00e+00h  1
 486r 1.7167809e+01 1.42e-02 2.77e+00  -4.1 7.91e-02    -  1.00e+00 1.00e+00h  1
 487r 1.7165449e+01 1.42e-02 1.28e+01  -4.1 1.44e-01    -  1.00e+00 1.00e+00h  1
 488r 1.7169576e+01 1.42e-02 3.79e+00  -4.1 1.22e-01    -  1.00e+00 1.00e+00h  1
 489r 1.7170006e+01 1.42e-02 1.97e+01  -4.1 1.70e-01    -  1.00e+00 1.00e+00H  1
iter    objective    inf_pr   inf_du lg(mu)  ||d||  lg(rg) alpha_du alpha_pr  ls
 490r 1.7167370e+01 1.42e-02 7.64e+00  -4.1 2.14e-01    -  1.00e+00 1.00e+00f  1
 491r 1.7165383e+01 1.42e-02 1.45e+01  -4.1 2.08e-01    -  1.00e+00 3.77e-01h  2
 492r 1.7168529e+01 1.42e-02 5.89e+00  -4.1 1.49e-01    -  5.79e-01 1.00e+00h  1
 493r 1.7167658e+01 1.42e-02 1.46e+01  -4.1 1.14e-01    -  1.00e+00 1.00e+00H  1
 494r 1.7167629e+01 1.42e-02 4.16e+00  -4.1 1.11e-01    -  1.00e+00 1.00e+00f  1
 495r 1.7167027e+01 1.42e-02 2.61e+00  -4.1 3.51e-02    -  1.00e+00 1.00e+00h  1
 496r 1.7167595e+01 1.42e-02 2.30e+00  -4.1 1.35e-02    -  1.00e+00 1.00e+00h  1
 497r 1.7167276e+01 1.42e-02 1.54e+00  -4.1 1.42e-02    -  1.00e+00 1.00e+00h  1
 498r 1.7166869e+01 1.42e-02 1.35e+00  -4.1 9.69e-03    -  1.00e+00 1.00e+00h  1
 499r 1.7167081e+01 1.42e-02 5.96e-01  -4.1 9.51e-03    -  1.00e+00 1.00e+00h  1
iter    objective    inf_pr   inf_du lg(mu)  ||d||  lg(rg) alpha_du alpha_pr  ls
 500r 1.7167373e+01 1.42e-02 1.14e+00  -4.1 7.20e-03    -  1.00e+00 1.00e+00h  1
 501r 1.7167146e+01 1.42e-02 4.46e-01  -4.1 5.75e-03    -  1.00e+00 1.00e+00h  1
 502r 1.7166933e+01 1.42e-02 7.72e-01  -4.1 6.09e-03    -  1.00e+00 1.00e+00h  1
 503r 1.7167127e+01 1.42e-02 4.89e-01  -4.1 4.24e-03    -  1.00e+00 1.00e+00h  1
 504r 1.7167173e+01 1.42e-02 5.21e-01  -4.1 2.43e-03    -  1.00e+00 1.00e+00h  1
 505r 1.7167146e+01 1.42e-02 5.12e-01  -4.1 1.61e-03    -  1.00e+00 1.00e+00h  1
 506r 1.7167139e+01 1.42e-02 5.64e-01  -4.0 2.25e-03    -  1.00e+00 1.00e+00f  1
 507r 1.7169058e+01 1.42e-02 5.84e+00  -4.1 7.54e-02    -  1.00e+00 1.00e+00f  1
 508r 1.7167622e+01 1.42e-02 1.92e+00  -4.1 4.68e-02    -  1.00e+00 1.00e+00h  1
 509r 1.7165714e+01 1.42e-02 1.15e+01  -4.1 1.08e-01    -  1.00e+00 1.00e+00h  1
iter    objective    inf_pr   inf_du lg(mu)  ||d||  lg(rg) alpha_du alpha_pr  ls
 510r 1.7167528e+01 1.42e-02 6.32e+00  -4.1 5.63e-02    -  1.00e+00 1.00e+00h  1
 511r 1.7169228e+01 1.42e-02 8.53e+00  -4.1 7.74e-02    -  1.00e+00 1.00e+00h  1
 512r 1.7168182e+01 1.42e-02 4.30e+00  -4.1 5.27e-02    -  1.00e+00 5.00e-01h  2
 513r 1.7165886e+01 1.42e-02 8.57e+00  -4.1 8.57e-02    -  1.00e+00 1.00e+00H  1
 514r 1.7166322e+01 1.42e-02 5.03e+00  -4.1 4.35e-02    -  1.00e+00 1.00e+00H  1
 515r 1.7167323e+01 1.42e-02 2.65e+00  -4.1 4.65e-02    -  1.00e+00 1.00e+00H  1
 516r 1.7167602e+01 1.42e-02 3.04e+00  -4.1 3.29e-02    -  1.00e+00 1.00e+00h  1
 517r 1.7167277e+01 1.42e-02 2.76e-01  -4.1 2.48e-02    -  1.00e+00 1.00e+00h  1
 518r 1.7167323e+01 1.42e-02 1.56e-01  -4.1 4.57e-03    -  1.00e+00 1.00e+00h  1
 519r 1.7167355e+01 1.42e-02 9.53e-01  -4.1 6.20e-03    -  1.00e+00 1.00e+00H  1
iter    objective    inf_pr   inf_du lg(mu)  ||d||  lg(rg) alpha_du alpha_pr  ls
 520r 1.7167114e+01 1.42e-02 1.33e+00  -4.0 8.10e-03    -  1.00e+00 1.00e+00f  1
 521r 1.7168522e+01 1.42e-02 4.63e+00  -4.1 5.82e-02    -  1.00e+00 1.00e+00h  1
 522r 1.7168039e+01 1.42e-02 4.87e+00  -4.1 2.83e-02    -  1.00e+00 1.00e+00h  1
 523r 1.7166980e+01 1.42e-02 3.34e+00  -4.1 6.55e-02    -  1.00e+00 1.00e+00h  1
 524r 1.7167602e+01 1.42e-02 5.58e+00  -4.1 3.81e-02    -  1.00e+00 1.00e+00h  1
 525r 1.7167385e+01 1.42e-02 6.39e-01  -4.1 3.60e-02    -  1.00e+00 1.00e+00h  1
 526r 1.7167293e+01 1.42e-02 2.98e-01  -4.1 1.44e-03    -  1.00e+00 1.00e+00h  1
 527r 1.7167331e+01 1.42e-02 1.88e-01  -4.1 6.30e-04    -  1.00e+00 1.00e+00h  1
 528r 1.7167422e+01 1.42e-02 4.63e-01  -4.1 2.12e-03    -  1.00e+00 1.00e+00h  1
 529r 1.7167427e+01 1.42e-02 7.59e-01  -4.1 2.21e-03    -  1.00e+00 1.00e+00h  1
iter    objective    inf_pr   inf_du lg(mu)  ||d||  lg(rg) alpha_du alpha_pr  ls
 530r 1.7167407e+01 1.42e-02 2.43e-01  -4.1 1.08e-03    -  1.00e+00 1.00e+00h  1
 531r 1.7167382e+01 1.42e-02 1.44e-01  -4.1 1.05e-03    -  1.00e+00 1.00e+00h  1
 532r 1.7167402e+01 1.42e-02 7.92e-02  -4.1 9.33e-04    -  1.00e+00 1.00e+00H  1
 533r 1.7167283e+01 1.42e-02 1.19e+00  -4.0 5.95e-03    -  1.00e+00 1.00e+00f  1
 534r 1.7167949e+01 1.42e-02 3.92e+00  -4.1 2.87e-02    -  1.00e+00 1.00e+00h  1
 535r 1.7167406e+01 1.42e-02 8.31e-01  -4.1 2.44e-02    -  1.00e+00 1.00e+00h  1
 536r 1.7167491e+01 1.42e-02 2.41e+00  -4.1 1.63e-02    -  1.00e+00 1.00e+00h  1
 537r 1.7167517e+01 1.42e-02 4.72e-01  -4.1 1.16e-02    -  1.00e+00 1.00e+00h  1
 538r 1.7167396e+01 1.42e-02 7.74e-01  -4.1 3.71e-03    -  1.00e+00 1.00e+00h  1
 539r 1.7167398e+01 1.42e-02 8.84e-02  -4.1 1.44e-03    -  1.00e+00 1.00e+00h  1
iter    objective    inf_pr   inf_du lg(mu)  ||d||  lg(rg) alpha_du alpha_pr  ls
 540r 1.7167392e+01 1.42e-02 1.21e-01  -4.1 9.15e-04    -  1.00e+00 1.00e+00h  1
 541r 1.7167384e+01 1.42e-02 2.90e-02  -4.1 4.17e-04    -  1.00e+00 1.00e+00h  1
 542r 1.7167372e+01 1.42e-02 1.62e-02  -4.1 1.01e-04    -  1.00e+00 1.00e+00h  1
 543r 1.7167292e+01 1.42e-02 5.90e-02  -4.1 8.33e-04    -  1.00e+00 1.00e+00H  1
 544r 1.7167041e+01 1.42e-02 4.01e-01  -4.1 3.12e-03    -  1.00e+00 1.00e+00H  1
 545r 1.7167256e+01 1.42e-02 1.47e-01  -4.1 2.08e-03    -  1.00e+00 1.00e+00H  1
 546r 1.7167198e+01 1.42e-02 7.43e-02  -4.1 9.05e-04    -  1.00e+00 1.00e+00H  1
 547r 1.7167138e+01 1.42e-02 1.44e-01  -4.1 9.28e-04    -  1.00e+00 1.00e+00H  1
 548r 1.7167198e+01 1.42e-02 5.31e-02  -4.1 5.71e-04    -  1.00e+00 1.00e+00H  1
 549r 1.7167161e+01 1.42e-02 5.69e-02  -4.1 5.12e-04    -  1.00e+00 1.00e+00H  1
iter    objective    inf_pr   inf_du lg(mu)  ||d||  lg(rg) alpha_du alpha_pr  ls
 550r 1.7167133e+01 1.42e-02 7.52e-02  -4.1 5.52e-04    -  1.00e+00 1.00e+00H  1
 551r 1.7167147e+01 1.42e-02 4.68e-02  -4.1 1.97e-04    -  1.00e+00 1.00e+00H  1
 552r 1.7167147e+01 1.42e-02 4.68e-02  -4.1 3.59e-04    -  1.00e+00 7.45e-09h 28
 553r 1.7167147e+01 1.42e-02 7.46e-02  -4.1 1.72e-02    -  1.00e+00 2.33e-10h 33
 554r 1.7167147e+01 1.42e-02 4.89e-02  -4.1 1.44e-02    -  1.00e+00 1.46e-11h 37
 555r 1.7167147e+01 1.42e-02 4.90e-02  -4.1 1.44e-02    -  1.00e+00 4.66e-10h 32
 556r 1.7167147e+01 1.42e-02 4.90e-02  -4.1 1.44e-02    -  1.00e+00 9.09e-13h 41
 557r 1.7167147e+01 1.42e-02 1.56e-03  -4.1 9.60e-06    -  1.00e+00 1.00e+00H  1
 558r 1.7167115e+01 1.42e-02 5.66e-01  -4.0 1.22e-03    -  1.00e+00 1.00e+00f  1
 559r 1.7167275e+01 1.42e-02 1.75e+00  -4.1 1.66e-02    -  1.00e+00 1.00e+00f  1
iter    objective    inf_pr   inf_du lg(mu)  ||d||  lg(rg) alpha_du alpha_pr  ls
 560r 1.7167179e+01 1.42e-02 1.44e-01  -4.1 1.48e-02    -  1.00e+00 1.00e+00h  1
 561r 1.7167242e+01 1.42e-02 1.01e+00  -4.1 7.18e-03    -  1.00e+00 1.00e+00H  1
 562r 1.7167221e+01 1.42e-02 1.72e-01  -4.1 6.08e-03    -  1.00e+00 1.00e+00h  1
 563r 1.7167203e+01 1.42e-02 9.09e-02  -4.1 9.53e-04    -  1.00e+00 1.00e+00h  1
 564r 1.7167199e+01 1.42e-02 3.18e-02  -4.1 4.84e-04    -  1.00e+00 1.00e+00h  1
 565r 1.7167194e+01 1.42e-02 1.64e-02  -4.1 1.73e-04    -  1.00e+00 1.00e+00h  1
 566r 1.7167181e+01 1.42e-02 2.76e-02  -4.1 1.62e-04    -  1.00e+00 1.00e+00h  1
 567r 1.7167140e+01 1.42e-02 1.05e-01  -4.1 6.24e-04    -  1.00e+00 1.00e+00H  1
 568r 1.7167098e+01 1.42e-02 1.34e-01  -4.1 6.88e-04    -  1.00e+00 1.00e+00H  1
 569r 1.7167144e+01 1.42e-02 4.67e-02  -4.1 5.80e-04    -  1.00e+00 1.00e+00H  1
iter    objective    inf_pr   inf_du lg(mu)  ||d||  lg(rg) alpha_du alpha_pr  ls
 570r 1.7167130e+01 1.42e-02 6.33e-02  -4.1 5.60e-04    -  1.00e+00 1.00e+00H  1
 571r 1.7167119e+01 1.42e-02 1.60e-02  -4.1 5.34e-04    -  1.00e+00 1.00e+00H  1
 572r 1.7167123e+01 1.42e-02 4.75e-03  -4.1 7.94e-05    -  1.00e+00 1.00e+00H  1
 573r 1.7167107e+01 1.42e-02 5.61e-02  -4.1 5.80e-04    -  1.00e+00 1.00e+00H  1
 574r 1.7166932e+01 1.42e-02 5.12e-01  -4.1 4.76e-03    -  1.00e+00 1.00e+00H  1
 575r 1.7166322e+01 1.42e-02 2.08e+00  -4.1 1.67e-02    -  1.00e+00 1.00e+00H  1
 576r 1.7166099e+01 1.42e-02 2.04e+00  -4.1 9.83e-03    -  1.00e+00 1.00e+00h  1
 577r 1.7167334e+01 1.42e-02 2.53e+00  -4.1 3.99e-02    -  1.00e+00 1.00e+00H  1
 578r 1.7167341e+01 1.42e-02 2.48e+00  -4.1 1.19e-02    -  1.00e+00 3.12e-02h  6
 579r 1.7167021e+01 1.42e-02 4.14e-01  -4.1 1.18e-02    -  1.00e+00 1.00e+00H  1
iter    objective    inf_pr   inf_du lg(mu)  ||d||  lg(rg) alpha_du alpha_pr  ls
 580r 1.7167021e+01 1.42e-02 4.14e-01  -4.1 6.20e-02    -  1.00e+00 3.81e-06h 19
 581r 1.7167009e+01 1.42e-02 4.02e-01  -4.1 2.98e-03    -  1.00e+00 1.00e+00H  1
 582r 1.7166926e+01 1.42e-02 1.63e-01  -4.1 3.58e-03    -  1.00e+00 1.00e+00h  1
 583r 1.7166941e+01 1.42e-02 1.09e-01  -4.1 1.96e-03    -  1.00e+00 2.50e-01h  3
 584r 1.7166937e+01 1.42e-02 1.13e-01  -4.1 1.16e-03    -  1.00e+00 1.25e-01h  4
 585r 1.7166938e+01 1.42e-02 1.09e-01  -4.1 1.82e-03    -  1.00e+00 1.56e-02h  7
 586r 1.7167303e+01 1.42e-02 1.19e+00  -4.1 1.00e-02    -  1.00e+00 1.00e+00H  1
 587r 1.7167678e+01 1.42e-02 2.14e+00  -4.1 1.17e-02    -  1.00e+00 1.00e+00H  1
 588r 1.7166904e+01 1.42e-02 1.02e+00  -4.1 2.34e-02    -  1.00e+00 1.00e+00H  1
 589r 1.7166282e+01 1.42e-02 3.07e+00  -4.1 2.18e-02    -  1.00e+00 1.00e+00H  1
iter    objective    inf_pr   inf_du lg(mu)  ||d||  lg(rg) alpha_du alpha_pr  ls
 590r 1.7167211e+01 1.42e-02 1.64e+00  -4.1 2.93e-02    -  1.00e+00 1.00e+00h  1
 591r 1.7167789e+01 1.42e-02 4.00e+00  -4.1 2.97e-02    -  1.00e+00 1.00e+00H  1
 592r 1.7166504e+01 1.42e-02 2.88e+00  -4.1 4.61e-02    -  1.00e+00 1.00e+00h  1
 593r 1.7165288e+01 1.42e-02 5.59e+00  -4.1 3.60e-02    -  1.00e+00 1.00e+00H  1
 594r 1.7167807e+01 1.42e-02 4.57e+00  -4.1 7.53e-02    -  1.00e+00 1.00e+00f  1
 595r 1.7168092e+01 1.42e-02 5.16e+00  -4.1 5.44e-02    -  1.00e+00 2.50e-01h  3
 596r 1.7167329e+01 1.42e-02 1.72e+00  -4.1 4.99e-02    -  1.00e+00 5.00e-01h  2
 597r 1.7166653e+01 1.42e-02 2.36e+00  -4.1 1.79e-02    -  1.00e+00 1.00e+00h  1
 598r 1.7166794e+01 1.42e-02 1.79e+00  -4.1 1.69e-02    -  1.00e+00 2.50e-01h  3
 599r 1.7166803e+01 1.42e-02 1.73e+00  -4.1 1.02e-02    -  1.00e+00 3.12e-02h  6
iter    objective    inf_pr   inf_du lg(mu)  ||d||  lg(rg) alpha_du alpha_pr  ls
 600r 1.7166807e+01 1.42e-02 1.71e+00  -4.1 1.03e-02    -  1.00e+00 1.56e-02h  7
 601r 1.7166807e+01 1.42e-02 1.70e+00  -4.1 1.01e-02    -  1.00e+00 3.91e-03h  9
 602r 1.7166808e+01 1.42e-02 1.70e+00  -4.1 1.01e-02    -  1.00e+00 1.95e-03h 10
 603r 1.7167018e+01 1.42e-02 1.12e-01  -4.1 1.04e-02    -  1.00e+00 1.00e+00h  1
 604r 1.7166991e+01 1.42e-02 7.24e-02  -4.1 6.02e-04    -  1.00e+00 1.00e+00h  1
 605r 1.7166992e+01 1.42e-02 1.30e-02  -4.1 2.22e-04    -  1.00e+00 1.00e+00h  1
 606r 1.7166992e+01 1.42e-02 1.21e-02  -4.1 6.48e-05    -  1.00e+00 1.00e+00h  1
 607r 1.7166994e+01 1.42e-02 4.21e-02  -4.1 3.31e-04    -  1.00e+00 1.00e+00H  1
 608r 1.7167004e+01 1.42e-02 1.10e-01  -4.1 5.95e-04    -  1.00e+00 1.00e+00h  1
 609r 1.7167004e+01 1.42e-02 1.11e-01  -4.1 7.48e-04    -  1.00e+00 7.81e-03h  8
iter    objective    inf_pr   inf_du lg(mu)  ||d||  lg(rg) alpha_du alpha_pr  ls
 610r 1.7167004e+01 1.42e-02 1.11e-01  -4.1 3.06e-04    -  1.00e+00 4.88e-04h 12
 611r 1.7167004e+01 1.42e-02 1.11e-01  -4.1 4.02e-04    -  1.00e+00 3.05e-05h 16
 612r 1.7167004e+01 1.42e-02 1.11e-01  -4.1 3.94e-04    -  1.00e+00 1.53e-05h 17
 613r 1.7167023e+01 1.42e-02 3.06e-01  -4.1 1.08e-03    -  1.00e+00 1.00e+00H  1
 614r 1.7167011e+01 1.42e-02 1.48e-01  -4.1 6.20e-04    -  1.00e+00 1.00e+00H  1
 615r 1.7166994e+01 1.42e-02 1.61e-01  -4.1 9.35e-04    -  1.00e+00 1.00e+00H  1
 616r 1.7167009e+01 1.42e-02 5.60e-02  -4.1 6.06e-04    -  1.00e+00 1.00e+00H  1
 617r 1.7167012e+01 1.42e-02 9.05e-02  -4.1 2.84e-04    -  1.00e+00 1.00e+00H  1
 618r 1.7167007e+01 1.42e-02 9.08e-03  -4.1 3.35e-04    -  1.00e+00 1.00e+00H  1
 619r 1.7167009e+01 1.42e-02 2.27e-02  -4.1 7.72e-05    -  1.00e+00 1.00e+00H  1
iter    objective    inf_pr   inf_du lg(mu)  ||d||  lg(rg) alpha_du alpha_pr  ls
 620r 1.7167010e+01 1.42e-02 5.04e-03  -4.1 4.44e-05    -  1.00e+00 1.00e+00H  1
 621r 1.7167010e+01 1.42e-02 4.67e-03  -4.1 2.11e-05    -  1.00e+00 1.00e+00H  1
 622r 1.7167010e+01 1.42e-02 4.66e-03  -4.1 5.55e-04    -  1.00e+00 5.96e-08h 25
 623r 1.7167010e+01 1.42e-02 4.66e-03  -4.1 2.35e-03    -  1.00e+00 9.31e-10h 31
 624r 1.7167010e+01 1.42e-02 5.74e-03  -4.1 8.72e-04    -  1.00e+00 7.45e-09h 28
 625r 1.7167010e+01 1.42e-02 4.66e-03  -4.1 5.76e-03    -  1.00e+00 7.28e-12h 38
 626r 1.7167099e+01 1.42e-02 1.09e+00  -4.1 5.77e-03    -  1.00e+00 1.00e+00H  1
 627r 1.7167099e+01 1.42e-02 1.09e+00  -4.1 3.23e-03    -  1.00e+00 4.66e-10h 32
 628r 1.7167160e+01 1.42e-02 1.14e+00  -4.1 3.23e-03    -  1.00e+00 1.00e+00s 55
 629r 1.7167160e+01 1.42e-02 1.14e+00  -4.1 7.91e-03    -  0.00e+00 0.00e+00R  1
iter    objective    inf_pr   inf_du lg(mu)  ||d||  lg(rg) alpha_du alpha_pr  ls
 630r 1.7166821e+01 1.42e-02 1.86e+00  -4.1 7.91e-03    -  1.00e+00 1.00e+00F  1
 631r 1.7166772e+01 1.42e-02 3.50e+00  -4.1 9.51e-03    -  1.00e+00 1.00e+00h  1
 632r 1.7166891e+01 1.42e-02 1.16e+00  -4.1 6.58e-03    -  1.00e+00 1.00e+00h  1
 633r 1.7167082e+01 1.42e-02 1.88e+00  -4.1 8.33e-03    -  1.00e+00 1.00e+00h  1
 634r 1.7167078e+01 1.42e-02 1.44e+00  -4.1 2.49e-03    -  1.00e+00 2.50e-01h  3
 635r 1.7167076e+01 1.42e-02 1.35e+00  -4.1 7.89e-04    -  1.00e+00 6.25e-02h  5
 636r 1.7167074e+01 1.42e-02 1.31e+00  -4.1 8.35e-04    -  1.00e+00 3.12e-02h  6
 637r 1.7167074e+01 1.42e-02 1.29e+00  -4.1 6.50e-04    -  1.00e+00 1.56e-02h  7
 638r 1.7167074e+01 1.42e-02 1.29e+00  -4.1 1.06e-03    -  1.00e+00 1.95e-03h 10
 639r 1.7167018e+01 1.42e-02 8.95e-02  -4.1 8.53e-04    -  1.00e+00 1.00e+00h  1
iter    objective    inf_pr   inf_du lg(mu)  ||d||  lg(rg) alpha_du alpha_pr  ls
 640r 1.7167002e+01 1.42e-02 2.25e-01  -4.1 5.63e-04    -  1.00e+00 1.00e+00h  1
 641r 1.7167031e+01 1.42e-02 4.79e-02  -4.1 4.85e-04    -  1.00e+00 1.00e+00H  1
 642r 1.7167023e+01 1.42e-02 1.70e-02  -4.1 1.54e-04    -  1.00e+00 1.00e+00h  1
 643r 1.7167019e+01 1.42e-02 3.48e-02  -4.1 8.60e-05    -  1.00e+00 1.00e+00h  1
 644r 1.7167020e+01 1.42e-02 1.31e-02  -4.1 4.24e-05    -  1.00e+00 1.00e+00h  1
 645r 1.7167019e+01 1.42e-02 7.42e-03  -4.1 2.58e-05    -  1.00e+00 1.00e+00H  1
 646r 1.7167017e+01 1.42e-02 6.24e-02  -4.1 1.52e-04    -  1.00e+00 1.00e+00h  1
 647r 1.7167015e+01 1.42e-02 1.00e-01  -4.1 1.14e-04    -  1.00e+00 1.00e+00h  1
 648r 1.7167017e+01 1.42e-02 1.30e-02  -4.1 9.42e-05    -  1.00e+00 1.00e+00h  1
 649r 1.7167017e+01 1.42e-02 4.40e-02  -4.1 1.11e-04    -  1.00e+00 1.00e+00h  1
iter    objective    inf_pr   inf_du lg(mu)  ||d||  lg(rg) alpha_du alpha_pr  ls
 650r 1.7167015e+01 1.42e-02 9.84e-03  -4.1 1.07e-04    -  1.00e+00 1.00e+00H  1
 651r 1.7167015e+01 1.42e-02 2.23e-02  -4.1 4.83e-05    -  1.00e+00 1.00e+00H  1
 652r 1.7167015e+01 1.42e-02 6.45e-03  -4.1 4.03e-05    -  1.00e+00 1.00e+00h  1
 653r 1.7167015e+01 1.42e-02 6.45e-03  -4.1 2.25e-05    -  1.00e+00 4.88e-04h 12
 654r 1.7167015e+01 1.42e-02 6.44e-03  -4.1 5.93e-05    -  1.00e+00 2.44e-04h 13
 655r 1.7167009e+01 1.42e-02 1.89e-02  -4.1 2.59e-04    -  1.00e+00 1.00e+00H  1
 656r 1.7166996e+01 1.42e-02 7.06e-02  -4.1 5.84e-04    -  1.00e+00 1.00e+00h  1
 657r 1.7167005e+01 1.42e-02 1.90e-02  -4.1 4.15e-04    -  1.00e+00 1.00e+00h  1
 658r 1.7167006e+01 1.42e-02 1.63e-02  -4.1 2.52e-04    -  1.00e+00 2.50e-01h  3
 659r 1.7167005e+01 1.42e-02 1.19e-02  -4.1 2.20e-04    -  1.00e+00 2.50e-01h  3
iter    objective    inf_pr   inf_du lg(mu)  ||d||  lg(rg) alpha_du alpha_pr  ls
 660r 1.7167005e+01 1.42e-02 9.37e-03  -4.1 1.15e-04    -  1.00e+00 2.50e-01h  3
 661r 1.7167004e+01 1.42e-02 8.46e-03  -4.1 1.44e-04    -  1.00e+00 6.25e-02h  5
 662r 1.7167004e+01 1.42e-02 8.44e-03  -4.1 1.51e-04    -  1.00e+00 1.95e-03h 10
 663r 1.7167003e+01 1.42e-02 4.67e-03  -4.1 1.39e-04    -  1.00e+00 1.00e+00h  1
 664r 1.7167002e+01 1.42e-02 8.23e-03  -4.1 6.98e-05    -  1.00e+00 1.00e+00h  1
 665r 1.7167003e+01 1.42e-02 5.69e-04  -4.1 4.71e-05    -  1.00e+00 1.00e+00h  1
 666r 1.7167072e+01 1.42e-02 1.83e+00  -6.1 4.24e-03    -  9.79e-01 9.31e-01f  1
 667r 1.7165745e+01 1.42e-02 1.21e+01  -4.0 1.52e-01    -  1.00e+00 6.40e-01f  1
 668r 1.7167790e+01 1.42e-02 2.92e+00  -4.2 1.09e-01    -  1.00e+00 1.00e+00h  1
 669r 1.7167708e+01 1.42e-02 7.47e+00  -4.2 6.68e-02    -  1.00e+00 1.00e+00h  1
iter    objective    inf_pr   inf_du lg(mu)  ||d||  lg(rg) alpha_du alpha_pr  ls
 670r 1.7165731e+01 1.42e-02 7.21e+00  -4.2 4.15e-02    -  1.00e+00 1.00e+00h  1
 671r 1.7165714e+01 1.42e-02 3.14e+00  -4.2 4.67e-02    -  1.00e+00 1.00e+00h  1
 672r 1.7165904e+01 1.42e-02 5.21e+00  -4.2 3.30e-02    -  1.00e+00 1.00e+00h  1
 673r 1.7165378e+01 1.42e-02 1.29e+00  -4.2 4.57e-02    -  1.00e+00 1.00e+00h  1
 674r 1.7164811e+01 1.42e-02 4.97e+00  -4.2 4.56e-02    -  1.00e+00 1.00e+00H  1
 675r 1.7165487e+01 1.42e-02 1.26e+00  -4.0 4.10e-02    -  1.00e+00 1.00e+00f  1
 676r 1.7166277e+01 1.42e-02 3.31e+00  -4.1 5.74e-02    -  1.00e+00 1.00e+00h  1
 677r 1.7165822e+01 1.42e-02 7.93e+00  -4.1 5.05e-02    -  1.00e+00 1.00e+00h  1
 678r 1.7166046e+01 1.42e-02 1.13e+00  -4.1 4.90e-02    -  1.00e+00 1.00e+00h  1
 679r 1.7166468e+01 1.42e-02 2.39e+00  -4.1 1.29e-02    -  1.00e+00 1.00e+00h  1
iter    objective    inf_pr   inf_du lg(mu)  ||d||  lg(rg) alpha_du alpha_pr  ls
 680r 1.7166306e+01 1.42e-02 3.46e-01  -4.1 6.32e-03    -  1.00e+00 1.00e+00h  1
 681r 1.7166338e+01 1.42e-02 1.26e-01  -4.1 1.02e-03    -  1.00e+00 1.00e+00h  1
 682r 1.7166557e+01 1.42e-02 5.81e-01  -4.1 4.03e-03    -  1.00e+00 1.00e+00h  1
 683r 1.7167226e+01 1.42e-02 1.77e+00  -4.1 9.06e-03    -  1.00e+00 1.00e+00H  1
 684r 1.7166913e+01 1.42e-02 8.42e-01  -4.1 8.67e-03    -  1.00e+00 1.00e+00h  1
 685r 1.7166013e+01 1.42e-02 2.43e+00  -4.1 1.44e-02    -  1.00e+00 1.00e+00H  1
 686r 1.7166911e+01 1.42e-02 7.25e-01  -4.1 1.69e-02    -  1.00e+00 1.00e+00H  1
 687r 1.7166796e+01 1.42e-02 4.93e-01  -4.1 2.61e-03    -  1.00e+00 1.00e+00H  1
 688r 1.7166798e+01 1.42e-02 1.12e-01  -4.1 2.01e-03    -  1.00e+00 1.00e+00h  1
 689r 1.7166805e+01 1.42e-02 8.54e-02  -4.1 5.36e-04    -  1.00e+00 1.25e-01h  4
iter    objective    inf_pr   inf_du lg(mu)  ||d||  lg(rg) alpha_du alpha_pr  ls
 690r 1.7166821e+01 1.42e-02 6.54e-02  -4.1 1.42e-03    -  1.00e+00 1.25e-01h  4
 691r 1.7166979e+01 1.42e-02 4.03e-01  -4.1 2.26e-03    -  1.00e+00 1.00e+00H  1
 692r 1.7167006e+01 1.42e-02 3.34e-01  -4.1 1.31e-03    -  1.00e+00 1.00e+00H  1
 693r 1.7166923e+01 1.42e-02 4.10e-02  -4.1 1.04e-03    -  1.00e+00 1.00e+00H  1
 694r 1.7166999e+01 1.42e-02 1.37e-01  -4.1 9.01e-04    -  1.00e+00 1.00e+00H  1
 695r 1.7167009e+01 1.42e-02 1.07e-01  -4.1 4.87e-04    -  1.00e+00 1.00e+00H  1
 696r 1.7166991e+01 1.42e-02 2.22e-02  -4.1 1.72e-04    -  1.00e+00 1.00e+00H  1
 697r 1.7167015e+01 1.42e-02 3.90e-02  -4.1 3.34e-04    -  1.00e+00 1.00e+00H  1
 698r 1.7167015e+01 1.42e-02 3.90e-02  -4.1 2.07e-03    -  1.00e+00 4.66e-10h 32
 699r 1.7167100e+01 1.42e-02 3.34e-01  -4.1 2.07e-03    -  1.00e+00 1.00e+00H  1
iter    objective    inf_pr   inf_du lg(mu)  ||d||  lg(rg) alpha_du alpha_pr  ls
 700r 1.7167100e+01 1.42e-02 3.34e-01  -4.1 1.45e-03    -  1.00e+00 1.86e-09h 30
 701r 1.7167079e+01 1.42e-02 2.04e-01  -4.1 1.45e-03    -  1.00e+00 1.00e+00s 51
 702r 1.7167038e+01 1.42e-02 1.03e-01  -4.1 1.05e-03    -  1.00e+00 1.00e+00s 51
 703r 1.7167048e+01 1.42e-02 8.43e-02  -4.1 4.55e-04    -  1.00e+00 1.00e+00s 51
 704r 1.7167076e+01 1.42e-02 2.92e-02  -4.1 3.62e-04    -  1.00e+00 1.00e+00s 51
 705r 1.7167068e+01 1.42e-02 3.55e-02  -4.1 1.51e-04    -  1.00e+00 1.00e+00s 51
 706r 1.7167068e+01 1.42e-02 3.55e-02  -4.1 9.62e-05    -  0.00e+00 0.00e+00R  1
 707r 1.7167063e+01 1.42e-02 3.78e-02  -4.1 9.62e-05    -  1.00e+00 1.00e+00F  1
 708r 1.7167064e+01 1.42e-02 9.05e-03  -4.1 5.46e-05    -  1.00e+00 1.00e+00H  1
 709r 1.7167064e+01 1.42e-02 9.05e-03  -4.1 9.10e-05    -  1.00e+00 5.96e-08h 25
iter    objective    inf_pr   inf_du lg(mu)  ||d||  lg(rg) alpha_du alpha_pr  ls
 710r 1.7167062e+01 1.42e-02 1.25e-02  -4.1 9.10e-05    -  1.00e+00 1.00e+00H  1
 711r 1.7167045e+01 1.42e-02 1.48e-01  -4.1 1.16e-03    -  1.00e+00 1.00e+00H  1
 712r 1.7167045e+01 1.42e-02 1.48e-01  -4.1 2.54e-03    -  1.00e+00 1.86e-09h 30
 713r 1.7167045e+01 1.42e-02 1.48e-01  -4.1 2.55e-03    -  1.00e+00 3.64e-12h 39
 714r 1.7167045e+01 1.42e-02 1.48e-01  -4.1 2.55e-03    -  1.00e+00 1.16e-10h 34
 715r 1.7167045e+01 1.42e-02 5.20e-03  -4.1 3.37e-05    -  1.00e+00 1.00e+00H  1
 716r 1.7167045e+01 1.42e-02 7.95e-03  -4.1 2.11e-04    -  1.00e+00 1.00e+00H  1
 717r 1.7167045e+01 1.42e-02 4.22e-03  -4.1 2.09e-05    -  1.00e+00 1.00e+00h  1
 718r 1.7167471e+01 1.42e-02 3.62e+00  -6.1 1.08e-02    -  9.51e-01 9.05e-01f  1
 719r 1.7167158e+01 1.42e-02 5.80e+00  -6.1 2.39e-01    -  4.82e-01 2.70e-01h  1
iter    objective    inf_pr   inf_du lg(mu)  ||d||  lg(rg) alpha_du alpha_pr  ls
 720r 1.7165333e+01 1.42e-02 1.24e+01  -4.3 3.46e-01    -  8.90e-01 2.60e-01f  1
 721r 1.7165553e+01 1.42e-02 1.02e+01  -4.8 9.90e-02    -  2.62e-01 2.03e-01h  1
 722r 1.7165242e+01 1.42e-02 1.06e+01  -4.8 9.15e-02    -  1.00e+00 1.00e-01f  1
 723r 1.7161350e+01 1.42e-02 1.26e+01  -4.8 9.35e-02    -  6.87e-01 5.32e-01f  1
 724r 1.7155613e+01 1.42e-02 1.09e+01  -4.8 8.65e-02    -  1.00e+00 1.00e+00h  1
 725r 1.7152280e+01 1.42e-02 1.56e+01  -4.8 9.89e-02    -  9.49e-01 9.10e-01h  1
 726r 1.7154890e+01 1.42e-02 8.06e+00  -4.8 7.23e-02    -  9.68e-02 5.70e-01f  1
 727r 1.7156499e+01 1.42e-02 3.28e+00  -4.8 3.66e-02    -  1.00e+00 1.00e+00h  1
 728r 1.7154922e+01 1.42e-02 3.21e+00  -4.8 2.40e-02    -  1.00e+00 1.00e+00h  1
 729r 1.7154239e+01 1.42e-02 2.97e+00  -4.8 1.42e-02    -  1.00e+00 1.00e+00h  1
iter    objective    inf_pr   inf_du lg(mu)  ||d||  lg(rg) alpha_du alpha_pr  ls
 730r 1.7153481e+01 1.42e-02 2.57e+00  -4.8 1.01e-02    -  1.00e+00 1.00e+00h  1
 731r 1.7149272e+01 1.42e-02 2.10e+01  -4.0 6.63e-02    -  1.00e+00 1.00e+00f  1
 732r 1.7162969e+01 1.42e-02 2.60e+01  -4.1 4.84e-01    -  2.09e-01 4.62e-01h  1
 733r 1.7185281e+01 3.95e-02 8.07e+01  -4.1 4.50e-01    -  4.53e-01 8.20e-01f  1
 734r 1.7173533e+01 2.72e-02 3.16e+01  -4.1 3.90e-01    -  2.23e-01 7.89e-01h  1
 735r 1.7172229e+01 2.32e-02 2.78e+01  -4.1 2.45e-01    -  7.36e-01 1.51e-01h  1
 736r 1.7165326e+01 1.42e-02 2.12e+01  -4.1 1.53e-01    -  5.23e-01 1.00e+00h  1
 737r 1.7164882e+01 1.42e-02 3.80e+00  -4.1 2.75e-02    -  9.65e-01 1.00e+00h  1
 738r 1.7165648e+01 1.42e-02 2.63e+00  -4.1 1.40e-02    -  1.00e+00 1.00e+00h  1
 739r 1.7167199e+01 1.42e-02 8.13e+00  -4.1 5.12e-02    -  1.00e+00 1.00e+00h  1
iter    objective    inf_pr   inf_du lg(mu)  ||d||  lg(rg) alpha_du alpha_pr  ls
 740r 1.7167379e+01 1.42e-02 6.87e+00  -4.1 1.90e-02    -  1.00e+00 1.00e+00h  1
 741r 1.7167027e+01 1.42e-02 1.46e+00  -4.1 1.30e-02    -  1.00e+00 1.00e+00h  1
 742r 1.7167347e+01 1.42e-02 1.37e+00  -4.1 1.02e-02    -  1.00e+00 1.00e+00h  1
 743r 1.7168688e+01 1.42e-02 7.44e+00  -4.1 4.04e-02    -  1.00e+00 1.00e+00H  1
 744r 1.7170466e+01 1.42e-02 2.47e+01  -4.1 1.03e-01    -  1.00e+00 1.00e+00h  1
 745r 1.7168855e+01 1.42e-02 7.58e+00  -4.1 6.61e-02    -  1.00e+00 1.00e+00h  1
 746r 1.7167724e+01 1.42e-02 1.13e+01  -4.1 4.60e-02    -  1.00e+00 1.00e+00h  1
 747r 1.7169324e+01 1.42e-02 4.10e+00  -4.1 5.56e-02    -  1.00e+00 1.00e+00H  1
 748r 1.7168937e+01 1.42e-02 5.25e+00  -4.0 1.70e-02    -  1.00e+00 1.00e+00f  1
 749r 1.7168696e+01 1.42e-02 2.79e+00  -4.1 1.27e-02    -  1.00e+00 1.00e+00h  1
iter    objective    inf_pr   inf_du lg(mu)  ||d||  lg(rg) alpha_du alpha_pr  ls
 750r 1.7168839e+01 1.42e-02 9.85e-01  -4.1 6.73e-03    -  1.00e+00 1.00e+00h  1
 751r 1.7168915e+01 1.42e-02 1.31e+00  -4.1 8.77e-03    -  1.00e+00 1.00e+00h  1
 752r 1.7168877e+01 1.42e-02 2.20e+00  -4.0 1.38e-02    -  1.00e+00 1.00e+00f  1
 753r 1.7168945e+01 1.42e-02 3.05e+00  -4.1 1.98e-02    -  1.00e+00 1.00e+00h  1
 754r 1.7169035e+01 1.42e-02 1.61e+00  -4.1 1.77e-02    -  1.00e+00 1.00e+00h  1
 755r 1.7168996e+01 1.42e-02 1.38e+00  -4.1 9.44e-03    -  1.00e+00 1.00e+00h  1
 756r 1.7168932e+01 1.42e-02 1.78e+00  -4.1 9.91e-03    -  1.00e+00 1.00e+00H  1
 757r 1.7168801e+01 1.42e-02 1.26e+00  -4.0 9.17e-03    -  1.00e+00 1.00e+00f  1
 758r 1.7168875e+01 1.42e-02 3.70e+00  -4.1 3.57e-02    -  1.00e+00 1.00e+00h  1
 759r 1.7168734e+01 1.42e-02 1.47e+00  -4.1 3.35e-02    -  1.00e+00 1.00e+00h  1
iter    objective    inf_pr   inf_du lg(mu)  ||d||  lg(rg) alpha_du alpha_pr  ls
 760r 1.7169281e+01 1.42e-02 4.62e+00  -4.1 2.47e-02    -  1.00e+00 1.00e+00h  1
 761r 1.7168926e+01 1.42e-02 1.47e+00  -4.1 2.16e-02    -  1.00e+00 1.00e+00h  1
 762r 1.7168638e+01 1.42e-02 1.36e+00  -4.1 1.15e-02    -  1.00e+00 1.00e+00h  1
 763r 1.7168774e+01 1.42e-02 1.78e-01  -4.1 7.55e-03    -  1.00e+00 1.00e+00h  1
 764r 1.7168737e+01 1.42e-02 4.37e-02  -4.1 4.41e-04    -  1.00e+00 1.00e+00h  1
 765r 1.7168494e+01 1.42e-02 1.00e+00  -4.0 2.93e-03    -  1.00e+00 1.00e+00f  1
 766r 1.7169268e+01 1.42e-02 4.92e+00  -4.1 4.61e-02    -  1.00e+00 1.00e+00f  1
 767r 1.7168628e+01 1.42e-02 9.53e-01  -4.1 4.01e-02    -  1.00e+00 1.00e+00h  1
 768r 1.7168662e+01 1.42e-02 4.44e+00  -4.1 3.21e-02    -  1.00e+00 1.00e+00H  1
 769r 1.7168693e+01 1.42e-02 9.55e-01  -4.0 3.42e-02    -  1.00e+00 1.00e+00f  1
iter    objective    inf_pr   inf_du lg(mu)  ||d||  lg(rg) alpha_du alpha_pr  ls
 770r 1.7170381e+01 1.42e-02 5.72e+00  -4.1 4.32e-02    -  1.00e+00 1.00e+00h  1
 771r 1.7168870e+01 1.42e-02 2.48e+00  -4.1 6.20e-02    -  1.00e+00 1.00e+00h  1
 772r 1.7168215e+01 1.42e-02 6.49e+00  -4.1 6.13e-02    -  1.00e+00 1.00e+00h  1
 773r 1.7169310e+01 1.42e-02 2.25e+00  -4.1 5.70e-02    -  1.00e+00 1.00e+00h  1
 774r 1.7168846e+01 1.42e-02 1.05e+00  -4.1 1.40e-02    -  1.00e+00 1.00e+00h  1
 775r 1.7168379e+01 1.42e-02 1.71e+00  -4.1 9.69e-03    -  1.00e+00 1.00e+00h  1
 776r 1.7168576e+01 1.42e-02 4.77e-01  -4.1 9.44e-03    -  1.00e+00 1.00e+00h  1
 777r 1.7168552e+01 1.42e-02 1.23e+00  -4.1 5.82e-03    -  1.00e+00 1.00e+00h  1
 778r 1.7168445e+01 1.42e-02 2.55e-01  -4.1 6.47e-03    -  1.00e+00 1.00e+00h  1
 779r 1.7168410e+01 1.42e-02 1.57e-01  -4.1 1.72e-03    -  1.00e+00 1.00e+00h  1
iter    objective    inf_pr   inf_du lg(mu)  ||d||  lg(rg) alpha_du alpha_pr  ls
 780r 1.7168232e+01 1.42e-02 9.44e-01  -4.0 3.66e-03    -  1.00e+00 1.00e+00f  1
 781r 1.7169357e+01 1.42e-02 9.41e+00  -4.1 8.32e-02    -  1.00e+00 1.00e+00h  1
 782r 1.7169010e+01 1.42e-02 1.43e+00  -4.1 8.50e-02    -  1.00e+00 1.00e+00h  1
 783r 1.7169358e+01 1.42e-02 6.05e+00  -4.1 4.17e-02    -  1.00e+00 1.00e+00H  1
 784r 1.7169024e+01 1.42e-02 4.15e-01  -4.1 3.34e-02    -  1.00e+00 1.00e+00h  1
 785r 1.7168776e+01 1.42e-02 2.87e-01  -4.1 3.07e-03    -  1.00e+00 1.00e+00h  1
 786r 1.7168499e+01 1.42e-02 5.13e-01  -4.1 3.28e-03    -  1.00e+00 1.00e+00h  1
 787r 1.7168112e+01 1.42e-02 9.68e-01  -4.1 4.68e-03    -  1.00e+00 1.00e+00H  1
 788r 1.7168233e+01 1.42e-02 3.43e-01  -4.1 3.30e-03    -  1.00e+00 1.00e+00h  1
 789r 1.7168212e+01 1.42e-02 2.34e-01  -4.1 1.63e-03    -  1.00e+00 1.00e+00h  1
iter    objective    inf_pr   inf_du lg(mu)  ||d||  lg(rg) alpha_du alpha_pr  ls
 790r 1.7168171e+01 1.42e-02 6.32e-02  -4.1 7.58e-04    -  1.00e+00 1.00e+00h  1
 791r 1.7168137e+01 1.42e-02 6.31e-02  -4.1 5.89e-04    -  1.00e+00 1.00e+00h  1
 792r 1.7167654e+01 1.42e-02 1.04e+00  -4.1 9.56e-03    -  1.00e+00 1.00e+00H  1
 793r 1.7165693e+01 1.42e-02 6.27e+00  -4.1 4.15e-02    -  1.00e+00 1.00e+00H  1
 794r 1.7166781e+01 1.42e-02 2.11e+00  -4.1 1.84e-02    -  1.00e+00 1.00e+00F  1
 795r 1.7168979e+01 1.42e-02 4.62e+00  -4.1 4.02e-02    -  1.00e+00 1.00e+00h  1
 796r 1.7166805e+01 1.42e-02 1.53e+00  -4.1 4.14e-02    -  1.00e+00 1.00e+00h  1
 797r 1.7164918e+01 1.42e-02 6.78e+00  -4.1 3.69e-02    -  1.00e+00 1.00e+00H  1
 798r 1.7167347e+01 1.42e-02 1.69e+00  -4.1 4.99e-02    -  1.00e+00 1.00e+00F  1
 799r 1.7167347e+01 1.42e-02 1.69e+00  -4.1 1.38e-01    -  1.00e+00 9.54e-07h 21
iter    objective    inf_pr   inf_du lg(mu)  ||d||  lg(rg) alpha_du alpha_pr  ls
 800r 1.7167347e+01 1.42e-02 1.69e+00  -4.1 3.04e-02    -  1.00e+00 3.81e-06h 19
 801r 1.7166865e+01 1.42e-02 1.47e+00  -4.1 1.08e-02    -  1.00e+00 1.00e+00H  1
 802r 1.7167302e+01 1.42e-02 5.14e-01  -4.1 8.73e-03    -  1.00e+00 1.00e+00H  1
 803r 1.7167416e+01 1.42e-02 3.99e-01  -4.1 3.98e-03    -  1.00e+00 1.00e+00F  1
 804r 1.7167119e+01 1.42e-02 4.23e-01  -4.1 6.16e-03    -  1.00e+00 1.00e+00H  1
 805r 1.7167329e+01 1.42e-02 4.23e-01  -4.1 3.49e-03    -  1.00e+00 1.00e+00H  1
 806r 1.7167260e+01 1.42e-02 1.55e-01  -4.1 1.45e-03    -  1.00e+00 1.00e+00F  1
 807r 1.7167206e+01 1.42e-02 5.94e-01  -4.0 1.31e-03    -  1.00e+00 1.00e+00f  1
 808r 1.7167998e+01 1.42e-02 2.62e+00  -4.1 1.75e-02    -  1.00e+00 1.00e+00f  1
 809r 1.7167518e+01 1.42e-02 7.53e-01  -4.1 1.50e-02    -  1.00e+00 1.00e+00h  1
iter    objective    inf_pr   inf_du lg(mu)  ||d||  lg(rg) alpha_du alpha_pr  ls
 810r 1.7167417e+01 1.42e-02 2.49e+00  -4.1 1.16e-02    -  1.00e+00 1.00e+00H  1
 811r 1.7167583e+01 1.42e-02 4.16e-01  -4.1 1.04e-02    -  1.00e+00 1.00e+00H  1
 812r 1.7167544e+01 1.42e-02 7.13e-01  -4.1 4.02e-03    -  1.00e+00 1.00e+00h  1
 813r 1.7167530e+01 1.42e-02 5.23e-01  -4.1 3.07e-03    -  1.00e+00 2.50e-01h  3
 814r 1.7167530e+01 1.42e-02 5.23e-01  -4.1 2.32e-03    -  1.00e+00 9.77e-04h 11
 815r 1.7167530e+01 1.42e-02 5.23e-01  -4.1 2.38e-03    -  1.00e+00 4.88e-04h 12
 816r 1.7167530e+01 1.42e-02 5.23e-01  -4.1 2.30e-03    -  1.00e+00 2.44e-04h 13
 817r 1.7167530e+01 1.42e-02 5.22e-01  -4.1 2.48e-03    -  1.00e+00 6.10e-05h 15
 818r 1.7167429e+01 1.42e-02 9.88e-02  -4.1 2.27e-03    -  1.00e+00 1.00e+00h  1
 819r 1.7167417e+01 1.42e-02 1.65e-01  -4.1 1.38e-03    -  1.00e+00 1.00e+00h  1
iter    objective    inf_pr   inf_du lg(mu)  ||d||  lg(rg) alpha_du alpha_pr  ls
 820r 1.7167420e+01 1.42e-02 2.19e-02  -4.1 7.41e-04    -  1.00e+00 1.00e+00h  1
 821r 1.7167411e+01 1.42e-02 1.92e-02  -4.1 1.22e-04    -  1.00e+00 1.00e+00h  1
 822r 1.7167359e+01 1.42e-02 1.32e-01  -4.1 7.66e-04    -  1.00e+00 1.00e+00h  1
 823r 1.7167247e+01 1.42e-02 2.71e-01  -4.1 1.60e-03    -  1.00e+00 1.00e+00H  1
 824r 1.7167208e+01 1.42e-02 2.59e-01  -4.1 7.16e-04    -  1.00e+00 1.00e+00H  1
 825r 1.7167276e+01 1.42e-02 7.72e-02  -4.1 8.35e-04    -  1.00e+00 1.00e+00H  1
 826r 1.7167223e+01 1.42e-02 9.31e-02  -4.1 1.05e-03    -  1.00e+00 1.00e+00H  1
 827r 1.7167059e+01 1.42e-02 4.05e-01  -4.1 2.53e-03    -  1.00e+00 1.00e+00H  1
 828r 1.7166930e+01 1.42e-02 5.46e-01  -4.1 2.38e-03    -  1.00e+00 1.00e+00H  1
 829r 1.7167254e+01 1.42e-02 4.64e-01  -4.1 5.34e-03    -  1.00e+00 1.00e+00H  1
iter    objective    inf_pr   inf_du lg(mu)  ||d||  lg(rg) alpha_du alpha_pr  ls
 830r 1.7167605e+01 1.42e-02 1.42e+00  -4.1 5.97e-03    -  1.00e+00 1.00e+00F  1
 831r 1.7166866e+01 1.42e-02 1.03e+00  -4.1 1.15e-02    -  1.00e+00 1.00e+00h  1
 832r 1.7166816e+01 1.42e-02 1.15e+00  -4.1 1.89e-02    -  1.00e+00 6.25e-02h  5
 833r 1.7166816e+01 1.42e-02 1.15e+00  -4.1 5.53e-03    -  1.00e+00 4.88e-04h 12
 834r 1.7166816e+01 1.42e-02 1.15e+00  -4.1 1.14e-02    -  1.00e+00 2.44e-04h 13
 835r 1.7166816e+01 1.42e-02 1.15e+00  -4.1 9.62e-03    -  1.00e+00 3.05e-05h 16
 836r 1.7167068e+01 1.42e-02 8.77e-01  -4.1 5.29e-03    -  1.00e+00 1.00e+00s 22
 837r 1.7167044e+01 1.42e-02 4.22e-01  -4.1 4.18e-03    -  1.00e+00 1.00e+00s 22
 838r 1.7166850e+01 1.42e-02 3.83e-01  -4.1 4.29e-03    -  1.00e+00 1.00e+00s 22
 839r 1.7166916e+01 1.42e-02 1.40e-01  -4.1 2.31e-03    -  1.00e+00 1.00e+00s 22
iter    objective    inf_pr   inf_du lg(mu)  ||d||  lg(rg) alpha_du alpha_pr  ls
 840r 1.7166951e+01 1.42e-02 5.33e-02  -4.1 1.47e-03    -  1.00e+00 1.00e+00s 22
 841r 1.7166955e+01 1.42e-02 2.19e-02  -4.1 1.13e-04    -  1.00e+00 1.00e+00s 22
 842r 1.7166960e+01 1.42e-02 1.61e-02  -4.1 5.26e-05    -  1.00e+00 1.00e+00s 22
 843r 1.7166960e+01 1.42e-02 1.61e-02  -4.1 2.44e-04    -  0.00e+00 0.00e+00R  1
 844r 1.7166980e+01 1.42e-02 3.75e-02  -4.1 2.44e-04    -  1.00e+00 1.00e+00F  1
 845r 1.7167032e+01 1.42e-02 1.59e-01  -4.1 9.16e-04    -  1.00e+00 1.00e+00h  1
 846r 1.7167067e+01 1.42e-02 1.96e-01  -4.1 8.43e-04    -  1.00e+00 1.00e+00h  1
 847r 1.7166991e+01 1.42e-02 8.56e-02  -4.1 1.30e-03    -  1.00e+00 1.00e+00h  1
 848r 1.7166989e+01 1.42e-02 1.11e-01  -4.1 5.46e-04    -  1.00e+00 5.00e-01h  2
 849r 1.7167044e+01 1.42e-02 4.49e-02  -4.1 8.13e-04    -  1.00e+00 1.00e+00h  1
iter    objective    inf_pr   inf_du lg(mu)  ||d||  lg(rg) alpha_du alpha_pr  ls
 850r 1.7167052e+01 1.42e-02 6.93e-02  -4.1 3.29e-04    -  1.00e+00 1.00e+00h  1
 851r 1.7167024e+01 1.42e-02 5.24e-02  -4.1 5.45e-04    -  1.00e+00 1.00e+00H  1
 852r 1.7167028e+01 1.42e-02 2.88e-02  -4.1 2.59e-04    -  1.00e+00 1.00e+00h  1
 853r 1.7167029e+01 1.42e-02 1.23e-02  -4.1 7.17e-05    -  1.00e+00 1.00e+00h  1
 854r 1.7167029e+01 1.42e-02 3.66e-03  -4.1 3.10e-05    -  1.00e+00 1.00e+00h  1
 855r 1.7166708e+01 1.42e-02 4.40e+00  -6.1 1.92e-02    -  9.27e-01 9.15e-01f  1
 856r 1.7164110e+01 1.42e-02 1.18e+01  -6.1 4.43e-01    -  3.83e-01 2.60e-01h  1
 857r 1.7160173e+01 1.42e-02 2.39e+01  -4.0 3.76e-01    -  1.00e+00 2.59e-01f  1
 858r 1.7167356e+01 1.42e-02 1.15e+01  -4.5 4.49e-01    -  1.44e-01 4.25e-01h  1
 859r 1.7169042e+01 1.42e-02 1.86e+01  -4.5 1.86e-01    -  5.34e-01 4.38e-01h  1
iter    objective    inf_pr   inf_du lg(mu)  ||d||  lg(rg) alpha_du alpha_pr  ls
 860r 1.7162369e+01 1.42e-02 4.89e+00  -4.5 1.29e-01    -  6.36e-01 1.00e+00h  1
 861r 1.7158778e+01 1.42e-02 1.31e+01  -4.5 1.65e-01    -  9.24e-01 7.06e-01h  1
 862r 1.7161919e+01 1.42e-02 2.01e+00  -4.5 9.64e-02    -  1.00e+00 1.00e+00h  1
 863r 1.7160564e+01 1.42e-02 2.32e+00  -4.5 1.55e-02    -  1.00e+00 1.00e+00h  1
 864r 1.7158645e+01 1.42e-02 5.86e+00  -4.5 2.21e-02    -  1.00e+00 1.00e+00h  1
 865r 1.7157878e+01 1.42e-02 7.30e+00  -4.5 1.61e-02    -  1.00e+00 1.00e+00h  1
 866r 1.7158510e+01 1.42e-02 2.07e+00  -4.5 1.01e-02    -  1.00e+00 1.00e+00h  1
 867r 1.7158046e+01 1.42e-02 8.95e-01  -4.5 6.86e-03    -  1.00e+00 1.00e+00h  1
 868r 1.7157535e+01 1.42e-02 1.30e+00  -4.5 7.59e-03    -  1.00e+00 1.00e+00h  1
 869r 1.7154864e+01 1.42e-02 7.50e+00  -4.0 4.24e-02    -  1.00e+00 1.00e+00f  1
iter    objective    inf_pr   inf_du lg(mu)  ||d||  lg(rg) alpha_du alpha_pr  ls
 870r 1.7184083e+01 1.42e-02 6.07e+01  -4.1 4.38e-01    -  3.70e-01 1.00e+00h  1
 871r 1.7195807e+01 1.42e-02 9.32e+01  -4.1 6.68e-01    -  3.03e-01 3.91e-01h  1
 872r 1.7168188e+01 2.80e-02 5.48e+01  -4.1 5.88e-01    -  3.49e-01 8.39e-01h  1
 873r 1.7177164e+01 1.50e-02 3.55e+01  -4.1 4.17e-01    -  4.04e-01 5.85e-01h  1
 874r 1.7173946e+01 1.42e-02 1.21e+01  -4.1 1.53e-01    -  8.25e-01 7.20e-01h  1
 875r 1.7167858e+01 1.42e-02 7.12e+00  -4.1 8.07e-02    -  1.00e+00 1.00e+00h  1
 876r 1.7166785e+01 1.42e-02 2.64e+00  -4.1 2.40e-02    -  1.00e+00 1.00e+00h  1
 877r 1.7166273e+01 1.42e-02 2.85e+00  -4.1 2.33e-02    -  1.00e+00 1.00e+00h  1
 878r 1.7166787e+01 1.42e-02 2.60e+00  -4.1 1.32e-02    -  1.00e+00 1.00e+00h  1
 879r 1.7166915e+01 1.42e-02 1.29e+00  -4.1 7.84e-03    -  1.00e+00 1.00e+00h  1
iter    objective    inf_pr   inf_du lg(mu)  ||d||  lg(rg) alpha_du alpha_pr  ls
 880r 1.7166973e+01 1.42e-02 6.32e-01  -4.1 4.96e-03    -  1.00e+00 1.00e+00h  1
 881r 1.7167078e+01 1.42e-02 1.26e+00  -4.1 6.12e-03    -  1.00e+00 1.00e+00h  1
 882r 1.7167666e+01 1.42e-02 3.46e+00  -4.1 1.72e-02    -  1.00e+00 1.00e+00h  1
 883r 1.7168066e+01 1.42e-02 4.88e+00  -4.1 1.28e-02    -  1.00e+00 1.00e+00h  1
 884r 1.7167695e+01 1.42e-02 1.44e+00  -4.1 1.45e-02    -  1.00e+00 1.00e+00H  1
 885r 1.7167587e+01 1.42e-02 1.48e+00  -4.1 4.79e-03    -  1.00e+00 1.00e+00h  1
 886r 1.7167825e+01 1.42e-02 8.48e-01  -4.1 6.50e-03    -  1.00e+00 1.00e+00h  1
 887r 1.7167777e+01 1.42e-02 1.13e+00  -4.1 5.21e-03    -  1.00e+00 1.00e+00h  1
 888r 1.7167759e+01 1.42e-02 3.77e-01  -4.1 4.02e-03    -  1.00e+00 1.00e+00h  1
 889r 1.7167778e+01 1.42e-02 1.68e-01  -4.1 1.04e-03    -  1.00e+00 1.00e+00h  1
iter    objective    inf_pr   inf_du lg(mu)  ||d||  lg(rg) alpha_du alpha_pr  ls
 890r 1.7167883e+01 1.42e-02 2.24e+00  -4.1 8.04e-03    -  1.00e+00 1.00e+00H  1
 891r 1.7167844e+01 1.42e-02 2.73e+00  -4.1 9.52e-03    -  1.00e+00 1.00e+00H  1
 892r 1.7167691e+01 1.42e-02 5.93e-01  -4.1 9.53e-03    -  1.00e+00 1.00e+00h  1
 893r 1.7167682e+01 1.42e-02 8.37e-01  -4.1 3.12e-03    -  1.00e+00 5.00e-01h  2
 894r 1.7167690e+01 1.42e-02 5.02e-01  -4.1 3.48e-03    -  1.00e+00 2.50e-01h  3
 895r 1.7167567e+01 1.42e-02 6.42e-01  -4.1 5.28e-03    -  1.00e+00 1.00e+00H  1
 896r 1.7167684e+01 1.42e-02 3.23e-01  -4.1 4.70e-03    -  1.00e+00 1.00e+00h  1
 897r 1.7167684e+01 1.42e-02 1.88e-01  -4.1 2.13e-03    -  1.00e+00 5.00e-01h  2
 898r 1.7167656e+01 1.42e-02 2.69e-01  -4.1 2.98e-03    -  1.00e+00 2.50e-01h  3
 899r 1.7167616e+01 1.42e-02 2.73e-01  -4.1 4.71e-03    -  1.00e+00 2.50e-01h  3
iter    objective    inf_pr   inf_du lg(mu)  ||d||  lg(rg) alpha_du alpha_pr  ls
 900r 1.7167138e+01 1.42e-02 1.86e+00  -4.1 1.68e-02    -  1.00e+00 1.00e+00h  1
 901r 1.7166220e+01 1.42e-02 5.88e+00  -4.1 3.47e-02    -  1.00e+00 1.00e+00H  1
 902r 1.7167349e+01 1.42e-02 2.83e+00  -4.1 3.19e-02    -  1.00e+00 1.00e+00h  1
 903r 1.7167729e+01 1.42e-02 1.33e+01  -4.1 5.80e-02    -  1.00e+00 1.00e+00H  1
 904r 1.7167729e+01 1.42e-02 1.33e+01  -4.1 2.58e-02    -  1.00e+00 6.10e-05h 15
 905r 1.7166589e+01 1.42e-02 4.51e+00  -4.1 5.58e-02    -  1.00e+00 1.00e+00F  1
 906r 1.7166599e+01 1.42e-02 4.44e+00  -4.1 3.74e-02    -  1.00e+00 1.56e-02h  7
 907r 1.7166787e+01 1.42e-02 4.71e-01  -4.1 3.95e-03    -  1.00e+00 1.00e+00H  1
 908r 1.7166983e+01 1.42e-02 8.18e-01  -4.1 5.27e-03    -  1.00e+00 1.00e+00H  1
 909r 1.7167396e+01 1.42e-02 1.91e+00  -4.1 8.68e-03    -  1.00e+00 1.00e+00H  1
iter    objective    inf_pr   inf_du lg(mu)  ||d||  lg(rg) alpha_du alpha_pr  ls
 910r 1.7167052e+01 1.42e-02 4.20e-01  -4.1 6.54e-03    -  1.00e+00 1.00e+00H  1
 911r 1.7166617e+01 1.42e-02 3.20e+00  -4.1 1.25e-02    -  1.00e+00 1.00e+00H  1
 912r 1.7167217e+01 1.42e-02 8.29e-01  -4.1 1.53e-02    -  1.00e+00 1.00e+00h  1
 913r 1.7167147e+01 1.42e-02 5.72e-01  -4.1 7.92e-03    -  1.00e+00 2.50e-01h  3
 914r 1.7167134e+01 1.42e-02 5.17e-01  -4.1 4.48e-03    -  1.00e+00 6.25e-02h  5
 915r 1.7167134e+01 1.42e-02 5.18e-01  -4.1 2.23e-03    -  1.00e+00 3.12e-02h  6
 916r 1.7167134e+01 1.42e-02 5.16e-01  -4.1 1.61e-03    -  1.00e+00 3.91e-03h  9
 917r 1.7167134e+01 1.42e-02 5.15e-01  -4.1 2.81e-03    -  1.00e+00 2.44e-04h 13
 918r 1.7167025e+01 1.42e-02 1.83e-01  -4.1 2.16e-03    -  1.00e+00 1.00e+00h  1
 919r 1.7167019e+01 1.42e-02 1.94e-01  -4.1 1.68e-03    -  1.00e+00 1.00e+00h  1
iter    objective    inf_pr   inf_du lg(mu)  ||d||  lg(rg) alpha_du alpha_pr  ls
 920r 1.7167033e+01 1.42e-02 3.83e-02  -4.1 6.48e-04    -  1.00e+00 1.00e+00h  1
 921r 1.7167033e+01 1.42e-02 1.56e-02  -4.1 9.55e-05    -  1.00e+00 1.00e+00h  1
 922r 1.7167030e+01 1.42e-02 2.47e-02  -4.1 9.03e-05    -  1.00e+00 1.00e+00H  1
 923r 1.7167004e+01 1.42e-02 1.72e-01  -4.1 7.62e-04    -  1.00e+00 1.00e+00H  1
 924r 1.7166957e+01 1.42e-02 5.72e-01  -4.1 1.57e-03    -  1.00e+00 1.00e+00H  1
 925r 1.7166994e+01 1.42e-02 1.80e-01  -4.1 1.19e-03    -  1.00e+00 1.00e+00H  1
 926r 1.7167040e+01 1.42e-02 3.16e-01  -4.1 1.26e-03    -  1.00e+00 1.00e+00H  1
 927r 1.7166976e+01 1.42e-02 1.51e-01  -4.1 1.60e-03    -  1.00e+00 1.00e+00H  1
 928r 1.7166979e+01 1.42e-02 2.44e-01  -4.1 6.81e-04    -  1.00e+00 1.00e+00H  1
 929r 1.7166993e+01 1.42e-02 2.03e-02  -4.1 6.49e-04    -  1.00e+00 1.00e+00H  1
iter    objective    inf_pr   inf_du lg(mu)  ||d||  lg(rg) alpha_du alpha_pr  ls
 930r 1.7167008e+01 1.42e-02 2.02e-01  -4.1 5.88e-04    -  1.00e+00 1.00e+00H  1
 931r 1.7167008e+01 1.42e-02 2.02e-01  -4.1 5.29e-04    -  1.00e+00 9.54e-07h 21
 932r 1.7167008e+01 1.42e-02 2.02e-01  -4.1 4.93e-03    -  1.00e+00 9.31e-10h 31
Cannot call restoration phase at point that is almost feasible for the restoration NLP (violation 2.652592e-13).
Abort in line search due to no other fall back.
Step computation in the restoration phase failed.

Number of Iterations....: 932

                                   (scaled)                 (unscaled)
Objective...............:   1.7167007630900176e+01    1.7167007630900176e+01
Dual infeasibility......:   2.0269090260644010e-01    2.0269090260644010e-01
Constraint violation....:   1.4209312831422955e-02    1.4209312831422955e-02
Variable bound violation:   0.0000000000000000e+00    0.0000000000000000e+00
Complementarity.........:   8.1959779388906935e-05    8.1959779388906935e-05
Overall NLP error.......:   2.0269090260644010e-01    2.0269090260644010e-01


Number of objective function evaluations             = 2515
Number of objective gradient evaluations             = 100
Number of equality constraint evaluations            = 2518
Number of inequality constraint evaluations          = 2518
Number of equality constraint Jacobian evaluations   = 939
Number of inequality constraint Jacobian evaluations = 939
Number of Lagrangian Hessian evaluations             = 0
Total seconds in IPOPT                               = 3546.903

EXIT: Restoration Failed!
