This is Ipopt version 3.14.19, running with linear solver MUMPS 5.8.2.

Number of nonzeros in equality constraint Jacobian...:   133925
Number of nonzeros in inequality constraint Jacobian.:      492
Number of nonzeros in Lagrangian Hessian.............:        0

Total number of variables............................:      499
                     variables with only lower bounds:        0
                variables with lower and upper bounds:      104
                     variables with only upper bounds:        0
Total number of equality constraints.................:      486
Total number of inequality constraints...............:       73
        inequality constraints with only lower bounds:        0
   inequality constraints with lower and upper bounds:        0
        inequality constraints with only upper bounds:       73

iter    objective    inf_pr   inf_du lg(mu)  ||d||  lg(rg) alpha_du alpha_pr  ls
   0  1.6683925e-01 8.33e+00 1.00e+00   0.0 0.00e+00    -  0.00e+00 0.00e+00   0
   1  1.6675544e-01 8.28e+00 7.55e+00  -4.0 2.50e+01    -  5.25e-02 6.85e-03h  1
   2  1.6691395e-01 8.27e+00 1.16e+03   0.1 3.46e+01    -  8.65e-02 1.28e-03h  1
   3  1.6658475e-01 8.25e+00 5.15e+03   1.9 1.93e+02    -  3.30e-02 1.79e-03f  1
   4  1.6891512e-01 8.23e+00 3.18e+03   2.3 2.90e+02    -  1.65e-03 2.30e-03f  1
   5  1.8449156e-01 8.20e+00 3.88e+03   2.5 2.92e+02    -  2.24e-03 3.58e-03f  1
   6  1.8671823e-01 8.20e+00 1.06e+04   0.5 3.52e+02    -  3.07e-03 3.33e-04h  4
   7  1.9172491e-01 8.19e+00 2.13e+04   0.5 4.04e+02    -  3.21e-03 6.26e-04f  3
   8  2.0207821e-01 8.19e+00 3.30e+04   0.5 4.67e+02    -  3.22e-03 1.08e-03f  2
   9  2.0469740e-01 8.18e+00 4.46e+04   0.5 4.75e+02    -  2.62e-03 3.24e-04h  3
iter    objective    inf_pr   inf_du lg(mu)  ||d||  lg(rg) alpha_du alpha_pr  ls
  10  2.1337212e-01 8.18e+00 5.47e+04   0.5 5.27e+02    -  2.76e-03 8.71e-04f  2
  11  2.3145606e-01 8.16e+00 6.03e+04   0.5 5.65e+02    -  2.65e-03 1.49e-03f  2
  12  2.6915101e-01 8.14e+00 6.42e+04   0.5 4.57e+02    -  4.15e-03 3.02e-03f  2
  13  2.9557843e-01 8.11e+00 6.35e+04   0.5 2.76e+02    -  2.69e-03 3.85e-03f  2
  14  3.1116644e-01 8.09e+00 6.48e+04   0.5 2.09e+02    -  1.30e-02 2.30e-03h  3
  15  3.3834486e-01 8.06e+00 6.58e+04   0.5 1.94e+02    -  1.84e-02 3.70e-03h  2
  16  3.5615523e-01 8.04e+00 6.70e+04   0.5 1.86e+02    -  3.18e-02 2.30e-03h  2
  17  3.9397447e-01 8.01e+00 7.44e+04   0.5 1.76e+02    -  8.95e-02 4.41e-03h  2
  18  4.1158372e-01 7.99e+00 7.82e+04   0.5 1.69e+02    -  6.90e-02 2.05e-03h  4
  19  4.2359187e-01 7.98e+00 8.39e+04   0.5 1.84e+02    -  8.00e-02 1.31e-03h  5
iter    objective    inf_pr   inf_du lg(mu)  ||d||  lg(rg) alpha_du alpha_pr  ls
  20  4.5728485e-01 7.95e+00 9.69e+04   0.5 1.94e+02    -  4.96e-02 3.41e-03h  4
  21  6.3019113e-01 7.83e+00 1.05e+05   0.5 2.14e+02    -  4.18e-02 1.48e-02h  2
  22  7.0052369e-01 7.74e+00 1.71e+05   2.6 1.84e+02    -  7.61e-02 1.15e-02h  1
  23  7.4614680e-01 7.60e+00 5.07e+05   2.9 2.22e+02    -  1.04e-01 1.84e-02f  1
  24  7.3652627e-01 7.59e+00 4.54e+05   2.9 1.80e+02    -  3.82e-02 2.07e-03h  1
  25  6.9066963e-01 7.48e+00 4.28e+05   2.9 2.02e+02    -  2.24e-02 1.44e-02f  2
  26  6.5822149e-01 7.43e+00 4.09e+05   2.9 2.27e+02    -  1.58e-02 6.71e-03h  2
  27  6.6336523e-01 7.34e+00 4.02e+05   2.9 3.14e+02    -  1.46e-02 1.10e-02f  2
  28  6.0136621e-01 7.30e+00 5.48e+05   2.1 2.14e+02    -  5.47e-03 6.21e-03h  1
  29  5.6911801e-01 7.28e+00 6.83e+05   2.9 5.83e+02    -  5.73e-03 2.34e-03h  1
iter    objective    inf_pr   inf_du lg(mu)  ||d||  lg(rg) alpha_du alpha_pr  ls
  30  5.4883440e-01 7.26e+00 8.22e+05   1.3 2.58e+02    -  1.53e-02 3.17e-03h  1
  31  5.2692417e-01 7.21e+00 2.08e+06   2.9 3.66e+02    -  5.14e-04 6.65e-03h  1
  32  5.4584674e-01 7.13e+00 3.64e+06   2.9 3.21e+02    -  6.77e-03 1.06e-02f  1
  33  5.4141957e-01 7.13e+00 3.75e+06  -3.8 2.65e+02    -  1.12e-02 8.06e-04h  1
  34  5.4148102e-01 7.10e+00 4.30e+06   2.5 3.92e+02    -  1.81e-02 3.78e-03f  2
  35  5.3693548e-01 7.07e+00 4.80e+06   2.9 2.85e+02    -  2.79e-02 4.38e-03h  1
  36  4.8584702e-01 6.99e+00 5.67e+06   2.9 1.67e+02    -  2.91e-02 1.10e-02h  1
  37  3.9690136e-01 6.86e+00 6.82e+06   2.9 1.46e+02    -  2.70e-02 1.90e-02h  1
  38  3.6490128e-01 6.75e+00 7.72e+06   2.9 1.74e+02    -  3.27e-03 1.58e-02f  1
  39  4.6930472e-01 6.67e+00 5.06e+06   2.9 2.59e+02    -  1.07e-02 1.11e-02h  1
iter    objective    inf_pr   inf_du lg(mu)  ||d||  lg(rg) alpha_du alpha_pr  ls
  40  4.7620630e-01 6.66e+00 4.94e+06   2.2 1.51e+02    -  9.66e-03 1.82e-03h  1
  41  4.9423909e-01 6.62e+00 4.56e+06   2.2 1.25e+02    -  3.23e-02 5.94e-03h  1
  42  5.2711897e-01 6.51e+00 4.82e+06   2.2 8.74e+01    -  1.04e-02 1.74e-02h  1
  43  5.3118862e-01 6.49e+00 5.11e+06   2.2 1.61e+02    -  9.86e-04 3.32e-03h  1
  44  5.2977145e-01 6.47e+00 5.06e+06   2.2 1.18e+02    -  8.60e-03 1.76e-03h  1
  45  5.1607696e-01 6.42e+00 5.30e+06   2.2 1.14e+02    -  3.23e-02 7.70e-03h  1
  46  5.0968187e-01 6.37e+00 5.73e+06   2.2 8.41e+01    -  1.06e-02 8.08e-03h  1
  47  5.0385294e-01 6.30e+00 5.97e+06   2.2 9.89e+01    -  1.29e-04 1.20e-02h  1
  48  5.1146113e-01 6.26e+00 5.90e+06   2.2 1.33e+02    -  8.38e-03 5.82e-03h  1
  49  5.2522385e-01 6.24e+00 5.91e+06   2.9 1.34e+02    -  1.13e-02 3.94e-03h  1
iter    objective    inf_pr   inf_du lg(mu)  ||d||  lg(rg) alpha_du alpha_pr  ls
  50  6.1824143e-01 6.13e+00 7.77e+06   2.9 9.16e+01    -  3.94e-02 1.75e-02h  1
  51  6.2156116e-01 6.12e+00 7.50e+06  -3.7 7.67e+01    -  2.52e-03 1.72e-03h  1
  52  6.2354131e-01 6.11e+00 7.37e+06  -3.7 1.08e+02    -  1.76e-04 1.36e-03h  1
  53  6.1824348e-01 6.10e+00 6.36e+06   2.9 2.01e+02    -  3.13e-05 7.98e-04h  1
  54  6.1771282e-01 6.10e+00 6.20e+06   1.7 6.77e+01    -  4.62e-02 9.11e-04h  1
  55  6.1628378e-01 6.06e+00 6.68e+06   2.9 8.54e+01    -  5.62e-04 6.56e-03f  1
  56  6.1589215e-01 6.05e+00 6.77e+06   2.1 6.20e+01    -  1.74e-02 1.38e-03h  1
  57  6.6521007e-01 5.99e+00 7.89e+06   2.2 9.71e+01    -  1.17e-02 1.04e-02h  1
  58  6.7643378e-01 5.98e+00 8.02e+06   2.9 1.10e+02    -  1.37e-04 1.53e-03h  1
  59  7.2978878e-01 5.94e+00 8.57e+06   2.6 1.67e+02    -  3.32e-02 5.81e-03f  1
iter    objective    inf_pr   inf_du lg(mu)  ||d||  lg(rg) alpha_du alpha_pr  ls
  60  7.7828136e-01 5.88e+00 9.85e+06   2.1 9.19e+01    -  3.12e-02 9.65e-03h  1
  61  8.3124792e-01 5.81e+00 1.36e+07   2.9 9.99e+01    -  1.67e-03 1.28e-02f  1
  62  8.3239424e-01 5.80e+00 1.37e+07   2.9 7.88e+01    -  8.32e-02 9.36e-04h  1
  63  8.8923200e-01 5.63e+00 1.80e+07   2.9 8.04e+01    -  3.11e-02 3.06e-02h  1
  64  8.8739082e-01 5.61e+00 1.89e+07  -3.5 7.42e+01    -  3.16e-02 3.13e-03h  1
  65  8.8373061e-01 5.60e+00 1.94e+07   2.9 9.82e+01    -  5.14e-03 1.89e-03h  1
  66  8.7505589e-01 5.45e+00 2.53e+07   2.9 5.78e+01    -  4.09e-02 2.59e-02h  1
  67  8.6691569e-01 5.39e+00 2.79e+07   2.9 5.14e+01    -  3.64e-02 1.09e-02h  1
  68  8.6155262e-01 5.34e+00 3.13e+07   2.9 1.32e+02    -  2.48e-02 1.02e-02h  2
  69  8.5488264e-01 5.27e+00 3.73e+07   2.9 1.52e+02    -  4.34e-02 1.21e-02h  1
iter    objective    inf_pr   inf_du lg(mu)  ||d||  lg(rg) alpha_du alpha_pr  ls
  70  8.4290777e-01 5.24e+00 4.01e+07  -3.4 1.74e+02    -  1.46e-02 6.19e-03h  1
  71  8.4068334e-01 5.23e+00 4.15e+07   2.9 1.62e+02    -  3.52e-04 2.38e-03h  1
  72  8.6047632e-01 5.14e+00 4.92e+07   2.9 1.72e+02    -  2.95e-02 1.69e-02f  1
  73  8.7216230e-01 5.07e+00 6.08e+07   2.9 1.15e+02    -  8.20e-03 1.29e-02h  1
  74  8.6962848e-01 5.05e+00 6.32e+07   2.9 9.07e+01    -  9.16e-04 3.81e-03h  1
  75  8.6770110e-01 4.99e+00 7.06e+07   2.9 9.05e+01    -  4.63e-03 1.32e-02f  1
  76  8.6048149e-01 4.95e+00 7.48e+07   2.9 8.86e+01    -  1.49e-02 7.18e-03h  1
  77  8.4874789e-01 4.81e+00 8.55e+07   2.9 9.72e+01    -  6.23e-03 2.78e-02f  1
  78  7.9655230e-01 4.69e+00 7.82e+07   2.9 5.34e+01    -  5.76e-03 2.49e-02f  1
  79  7.7027485e-01 4.30e+00 4.16e+07   2.9 7.90e+01    -  8.56e-03 8.44e-02f  1
iter    objective    inf_pr   inf_du lg(mu)  ||d||  lg(rg) alpha_du alpha_pr  ls
  80  7.3865563e-01 4.21e+00 6.75e+07   2.9 1.06e+02    -  2.80e-02 2.12e-02h  1
  81  7.3732793e-01 4.20e+00 6.82e+07   2.3 5.04e+01    -  4.54e-02 5.95e-04h  1
  82  6.3677215e-01 3.96e+00 1.07e+08   2.9 3.80e+01    -  2.23e-02 5.84e-02f  1
  83  6.1852305e-01 3.88e+00 1.07e+08   2.9 2.50e+01    -  1.78e-02 1.98e-02h  1
  84  6.0218713e-01 3.78e+00 1.10e+08   2.9 3.15e+01    -  1.96e-02 2.58e-02f  1
  85  6.0203366e-01 3.78e+00 1.10e+08   1.0 2.18e+01    -  1.15e-01 1.05e-03h  1
  86  8.2623638e-01 3.61e+00 8.91e+07   2.9 1.31e+02    -  2.08e-03 4.41e-02f  1
  87  8.7215936e-01 3.14e+00 9.63e+07   2.9 1.09e+01    -  7.43e-01 1.30e-01f  1
  88  9.2695722e-01 1.82e+00 1.10e+08   2.9 9.42e+00    -  1.89e-01 4.22e-01h  1
  89  9.2310217e-01 1.80e+00 1.09e+08   2.9 1.20e+01    -  5.41e-01 6.65e-03h  1
iter    objective    inf_pr   inf_du lg(mu)  ||d||  lg(rg) alpha_du alpha_pr  ls
  90  6.1468980e-01 2.69e+00 1.34e+08   2.9 2.25e+02    -  5.06e-02 2.75e-02h  1
  91  5.1300914e-01 2.83e+00 1.44e+08   2.9 7.95e+01    -  1.76e-02 3.08e-02h  3
  92  4.4768400e-01 2.86e+00 1.57e+08   2.9 1.26e+02    -  6.91e-02 1.17e-02f  3
  93  3.9219942e-01 2.94e+00 1.69e+08   2.9 6.38e+01    -  1.30e-01 3.08e-02h  2
  94  3.8184513e-01 2.81e+00 2.22e+08   2.9 4.21e+01    -  4.03e-01 5.32e-02h  1
  95  3.9973507e-01 2.75e+00 2.39e+08   2.9 3.13e+01    -  3.04e-01 3.11e-02h  1
  96  4.7454786e-01 2.14e+00 2.88e+08   2.9 1.26e+01    -  4.05e-01 1.74e-01h  1
  97  4.6528486e-01 1.79e+00 3.09e+08   2.9 4.15e+00    -  1.15e-01 1.63e-01h  1
  98  3.8557321e-01 9.39e-01 4.68e+08   2.9 3.62e+00    -  3.31e-01 8.19e-01h  1
  99  4.2378452e-01 9.33e-01 3.83e+08   2.9 5.36e+00    -  2.78e-01 5.01e-01H  1
iter    objective    inf_pr   inf_du lg(mu)  ||d||  lg(rg) alpha_du alpha_pr  ls
 100  4.2591621e-01 9.33e-01 3.85e+08   2.9 2.70e+02    -  3.82e-02 4.60e-04h  1
 101  5.1149779e-01 9.29e-01 2.14e+08   2.9 9.78e+00    -  8.19e-01 3.94e-01H  1
 102  5.1595533e-01 9.29e-01 2.12e+08   2.9 2.53e+01    -  3.77e-01 5.08e-03h  1
 103  5.8400171e-01 9.25e-01 2.03e+08   2.9 2.52e+01    -  3.30e-02 6.73e-02f  2
 104  6.1825161e-01 9.23e-01 2.23e+08   2.8 2.07e+01    -  8.04e-01 3.26e-02h  3
 105  6.5205426e-01 9.14e-01 1.42e+08   2.1 1.48e+02    -  3.27e-03 1.16e-02f  2
 106  6.8082702e-01 9.11e-01 1.59e+08   2.1 1.52e+01    -  6.41e-02 4.33e-02f  2
 107  7.1570722e-01 9.08e-01 1.83e+08   2.1 1.58e+01    -  1.23e-02 4.29e-02h  2
 108  7.3798656e-01 9.07e-01 1.97e+08   2.1 1.63e+01    -  8.68e-02 2.45e-02h  3
 109  7.4253491e-01 9.06e-01 1.94e+08   2.1 2.46e+02    -  4.85e-02 2.45e-04h  6
iter    objective    inf_pr   inf_du lg(mu)  ||d||  lg(rg) alpha_du alpha_pr  ls
 110  7.4799722e-01 9.06e-01 1.91e+08   2.1 2.07e+02    -  7.26e-02 3.63e-04h  6
 111  7.5170955e-01 9.06e-01 1.89e+08   2.1 2.00e+02    -  1.95e-02 2.54e-04h  7
 112  9.3610377e-01 9.03e-01 1.90e+08   2.1 2.06e+02    -  2.73e-04 1.04e-02f  2
 113  1.0610346e+00 8.96e-01 3.12e+08   2.1 2.29e+02    -  2.52e-03 7.38e-03f  2
 114  1.1185870e+00 8.91e-01 3.48e+08   2.1 2.31e+02    -  2.74e-02 5.70e-03f  3
 115  1.2059690e+00 8.92e-01 3.46e+08   2.1 2.13e+02    -  1.82e-02 1.15e-02f  3
 116  1.2273754e+00 8.93e-01 2.74e+08   2.1 1.81e+02    -  1.06e-02 8.28e-03f  3
 117  1.3669604e+00 8.93e-01 2.67e+08   2.1 2.05e+02    -  2.02e-04 6.58e-03f  2
 118  1.3810501e+00 8.93e-01 2.64e+08   2.1 2.30e+02    -  1.71e-02 8.48e-04h  4
 119  1.3920923e+00 8.93e-01 2.58e+08   2.1 1.97e+02    -  2.50e-02 1.24e-03h  4
iter    objective    inf_pr   inf_du lg(mu)  ||d||  lg(rg) alpha_du alpha_pr  ls
 120  1.3983630e+00 8.93e-01 2.50e+08   2.1 1.78e+02    -  3.34e-02 1.42e-03h  4
 121  1.4051856e+00 8.93e-01 2.17e+08   2.1 2.28e+02    -  6.61e-04 6.48e-03f  2
 122  1.4033314e+00 8.93e-01 2.19e+08   2.1 2.62e+02    -  3.73e-02 2.18e-03h  3
 123  1.4038275e+00 8.92e-01 2.08e+08   2.1 2.29e+02    -  4.98e-02 4.39e-03h  3
 124  1.4429329e+00 8.92e-01 1.62e+08   2.1 1.97e+02    -  7.64e-04 1.85e-02f  2
 125  1.4226362e+00 8.93e-01 1.34e+08   2.1 9.85e+01    -  8.46e-03 5.23e-03f  3
 126  1.4159268e+00 8.93e-01 1.13e+08   2.1 7.79e+01    -  3.30e-02 7.23e-03h  3
 127  1.3920052e+00 8.94e-01 9.18e+07   2.1 5.53e+01    -  2.50e-02 1.72e-02h  2
 128  1.3513394e+00 8.97e-01 8.60e+07   2.1 2.00e+02    -  2.35e-02 1.16e-02f  2
 129  1.3067862e+00 8.98e-01 9.15e+07   2.1 1.51e+02    -  2.69e-02 6.06e-03h  2
iter    objective    inf_pr   inf_du lg(mu)  ||d||  lg(rg) alpha_du alpha_pr  ls
 130  1.2826557e+00 8.99e-01 1.03e+08   2.1 1.35e+02    -  3.70e-02 3.59e-03h  2
 131  1.2748447e+00 8.99e-01 1.07e+08   2.1 1.10e+02    -  4.63e-02 1.44e-03h  3
 132  1.2598685e+00 8.99e-01 1.09e+08   2.1 4.68e+02    -  1.13e-02 5.01e-04h  3
 133  1.2583864e+00 8.99e-01 1.09e+08   2.1 1.36e+02    -  6.13e-02 2.09e-04h  6
 134  1.2158421e+00 8.99e-01 1.10e+08   2.1 1.32e+02    -  4.10e-02 6.72e-03h  1
 135  1.2112528e+00 8.99e-01 1.10e+08   2.1 9.60e+01    -  1.78e-01 9.06e-04h  1
 136  1.1966195e+00 8.99e-01 1.04e+08   2.1 2.08e+02    -  3.27e-03 1.45e-03f  6
 137  1.1849836e+00 8.99e-01 9.89e+07   2.1 1.33e+02    -  3.15e-02 2.15e-03f  6
 138  1.1628929e+00 8.99e-01 8.83e+07   2.1 1.13e+02    -  1.66e-02 4.99e-03f  5
 139  1.1417562e+00 8.99e-01 8.48e+07   2.1 8.66e+01    -  1.43e-01 6.32e-03f  5
iter    objective    inf_pr   inf_du lg(mu)  ||d||  lg(rg) alpha_du alpha_pr  ls
 140  1.0944988e+00 9.00e-01 1.29e+08   2.1 1.24e+02    -  4.00e-02 5.22e-03f  5
 141  1.0347857e+00 9.01e-01 1.76e+08   2.1 9.53e+01    -  7.30e-02 1.00e-02f  4
 142  9.9557566e-01 9.03e-01 1.94e+08   2.1 7.67e+01    -  8.10e-02 1.24e-02f  4
 143  9.5545770e-01 9.04e-01 2.20e+08   2.1 9.01e+01    -  3.41e-02 1.70e-02f  4
 144  9.2465183e-01 9.05e-01 2.38e+08   2.1 1.25e+02    -  9.12e-02 1.15e-02f  4
 145  9.0845469e-01 9.04e-01 2.78e+08   2.1 1.47e+02    -  2.65e-02 8.55e-03f  4
 146  9.0037425e-01 9.03e-01 2.92e+08   2.1 1.58e+02    -  4.06e-02 7.43e-03f  4
 147  8.8644989e-01 9.02e-01 2.76e+08   2.1 1.87e+02    -  6.62e-02 7.40e-03f  4
 148  8.6277835e-01 9.02e-01 2.83e+08   2.1 2.51e+02    -  8.73e-02 3.78e-03f  5
 149  8.2281717e-01 9.01e-01 3.42e+08   2.1 2.73e+02    -  9.95e-02 6.73e-03f  4
iter    objective    inf_pr   inf_du lg(mu)  ||d||  lg(rg) alpha_du alpha_pr  ls
 150  7.9638835e-01 9.10e-01 3.90e+08   2.1 2.55e+02    -  8.56e-02 6.26e-03f  4
 151  7.9314646e-01 9.71e-01 4.70e+08   2.1 1.99e+02    -  4.54e-02 1.22e-02f  3
 152  7.9658618e-01 9.79e-01 5.05e+08   2.1 1.21e+02    -  4.95e-02 8.31e-03f  4
 153  7.9368542e-01 9.98e-01 5.48e+08   2.1 1.88e+02    -  2.91e-02 7.33e-03f  4
 154  7.8943786e-01 1.01e+00 5.78e+08   2.1 3.71e+02    -  2.08e-02 4.37e-03f  4
 155  7.8694718e-01 1.02e+00 6.24e+08   2.1 3.85e+02    -  3.01e-02 4.20e-03f  4
 156  7.8305369e-01 1.02e+00 6.75e+08   2.1 2.84e+02    -  4.57e-02 2.60e-03f  5
 157  7.7812268e-01 1.02e+00 7.21e+08   2.1 2.05e+02    -  5.89e-02 3.25e-03f  5
 158  8.2095003e-01 1.09e+00 1.00e+09   2.1 1.29e+02    -  6.20e-04 3.41e-02f  2
 159  8.9309592e-01 2.12e+00 1.09e+09   2.1 4.05e+02    -  1.97e-04 1.59e-02f  2
iter    objective    inf_pr   inf_du lg(mu)  ||d||  lg(rg) alpha_du alpha_pr  ls
 160  9.7935838e-01 2.06e+00 9.55e+08   2.1 2.56e+01    -  2.53e-01 1.52e-01H  1
 161  1.1703761e+00 2.00e+00 1.12e+09   2.1 1.21e+02    -  2.86e-03 5.31e-02f  2
 162  1.3235270e+00 1.93e+00 1.16e+09   2.1 5.95e+01    -  7.70e-02 4.29e-02f  3
 163  1.4702333e+00 1.89e+00 1.19e+09   2.1 5.06e+01    -  3.62e-02 3.84e-02f  3
 164  1.6078372e+00 1.86e+00 1.22e+09   2.1 4.27e+01    -  1.70e-02 4.10e-02f  3
 165  1.7141865e+00 1.98e+00 1.34e+09   2.1 9.21e+02    -  8.61e-03 3.83e-03f  2
 166  1.7278187e+00 2.02e+00 1.39e+09   2.1 1.00e+03    -  7.12e-03 1.87e-03f  3
 167  1.7181250e+00 2.04e+00 1.41e+09   2.1 8.93e+02    -  8.83e-03 1.12e-03f  4
 168  1.7046261e+00 2.05e+00 1.41e+09   2.1 8.05e+02    -  1.11e-02 8.01e-04f  4
 169  1.6790927e+00 2.08e+00 1.42e+09   2.1 7.37e+02    -  1.35e-02 1.34e-03h  3
iter    objective    inf_pr   inf_du lg(mu)  ||d||  lg(rg) alpha_du alpha_pr  ls
 170  1.6538852e+00 2.11e+00 1.42e+09   2.1 7.20e+02    -  8.55e-03 1.10e-03h  3
 171  1.6140776e+00 2.19e+00 1.41e+09   2.1 7.01e+02    -  2.16e-04 1.98e-03f  2
 172  1.5671389e+00 2.34e+00 1.39e+09   2.1 6.82e+02    -  1.02e-02 2.71e-03h  1
 173  1.5341646e+00 2.45e+00 1.36e+09   2.1 5.99e+02    -  5.01e-03 2.49e-03h  2
 174  1.5103357e+00 2.48e+00 1.34e+09   2.1 6.16e+02    -  1.19e-02 1.66e-03f  4
 175  1.4833198e+00 2.51e+00 1.31e+09   2.1 6.04e+02    -  2.25e-02 1.96e-03f  4
 176  1.4539660e+00 2.54e+00 1.26e+09   2.1 5.64e+02    -  1.70e-02 2.30e-03f  4
 177  1.4230949e+00 2.57e+00 1.21e+09   2.1 4.84e+02    -  6.58e-02 2.83e-03f  4
 178  1.3976606e+00 2.58e+00 1.17e+09   2.1 3.53e+02    -  2.67e-02 2.53e-03f  5
 179  1.3699900e+00 2.59e+00 1.13e+09   2.1 2.66e+02    -  1.46e-02 3.54e-03f  5
iter    objective    inf_pr   inf_du lg(mu)  ||d||  lg(rg) alpha_du alpha_pr  ls
 180  1.3296249e+00 2.65e+00 1.04e+09   2.1 1.72e+02    -  1.39e-04 8.63e-03f  4
 181  1.3271345e+00 2.69e+00 9.48e+08   2.1 1.05e+02    -  6.98e-02 2.16e-02f  3
 182  1.2177023e+00 1.83e+00 9.13e+08   2.1 3.53e+02    -  2.15e-02 1.02e-02h  2
 183  1.3258402e+00 1.75e+00 8.25e+08   2.1 1.10e+03    -  2.88e-03 1.86e-03f  4
 184  1.4038109e+00 1.60e+00 6.19e+08   2.1 5.26e+01    -  3.24e-01 4.87e-02h  3
 185  1.4161843e+00 1.48e+00 3.07e+08   2.1 1.55e+01    -  3.33e-01 1.79e-01h  1
 186  1.4157948e+00 1.48e+00 3.06e+08   2.1 1.15e+01    -  3.27e-01 1.05e-03h  1
 187  1.3390024e+00 1.77e+00 5.33e+08   2.1 2.37e+02    -  1.53e-03 1.42e-02h  1
 188  1.3368707e+00 1.76e+00 5.33e+08   2.1 1.14e+01    -  1.76e-02 4.61e-03h  1
 189  1.3007768e+00 1.60e+00 5.95e+08   2.1 1.05e+01    -  3.11e-04 1.40e-01f  1
iter    objective    inf_pr   inf_du lg(mu)  ||d||  lg(rg) alpha_du alpha_pr  ls
 190  1.2975600e+00 1.58e+00 5.86e+08   2.1 1.71e+01    -  9.25e-02 1.30e-02h  1
 191  1.3291278e+00 1.62e+00 4.71e+08   2.1 7.67e+02    -  1.92e-03 1.53e-03f  4
 192  1.3377736e+00 1.62e+00 4.19e+08   2.1 1.98e+02    -  7.08e-04 3.51e-03f  5
 193  1.3463312e+00 1.62e+00 3.65e+08   2.1 1.61e+02    -  2.53e-02 4.55e-03f  5
 194  1.3527345e+00 1.62e+00 3.14e+08   2.1 1.22e+02    -  7.05e-03 5.62e-03f  5
 195  1.3599235e+00 1.64e+00 3.27e+08   2.1 7.49e+02    -  8.28e-04 1.00e-03f  4
 196  1.3437908e+00 1.60e+00 3.08e+08   2.1 2.82e+01    -  3.17e-01 3.69e-02h  3
 197  1.3193172e+00 1.56e+00 2.82e+08   2.1 2.42e+01    -  1.54e-01 5.45e-02h  2
 198  1.2921325e+00 1.49e+00 3.36e+08   2.1 1.93e+01    -  6.30e-01 6.01e-02h  1
 199  1.2866476e+00 1.49e+00 3.32e+08   2.1 6.06e+02    -  7.86e-03 2.55e-04h  7
iter    objective    inf_pr   inf_du lg(mu)  ||d||  lg(rg) alpha_du alpha_pr  ls
 200  1.2812098e+00 1.49e+00 3.30e+08   2.1 6.81e+02    -  5.38e-03 2.50e-04h  7
 201  1.2758042e+00 1.49e+00 3.28e+08   2.1 6.54e+02    -  1.44e-02 2.57e-04h  7
 202  1.2651163e+00 1.49e+00 3.23e+08   2.1 5.99e+02    -  2.14e-02 5.40e-04h  6
 203  1.2546221e+00 1.49e+00 3.19e+08   2.1 5.26e+02    -  1.25e-02 5.68e-04h  6
 204  1.1827458e+00 1.50e+00 4.17e+08   2.1 5.02e+02    -  2.33e-03 3.46e-03f  3
 205  1.1762507e+00 1.50e+00 4.38e+08   2.1 5.26e+02    -  1.01e-02 3.60e-04f  6
 206  1.1639824e+00 1.50e+00 4.79e+08   2.1 5.03e+02    -  3.24e-02 7.55e-04h  5
 207  1.1524397e+00 1.51e+00 5.18e+08   2.1 4.20e+02    -  9.89e-03 9.36e-04h  5
 208  1.1426437e+00 1.51e+00 5.54e+08   2.1 3.88e+02    -  3.40e-02 9.73e-04h  5
 209  1.1399326e+00 1.51e+00 5.64e+08   2.1 2.89e+02    -  1.86e-02 4.29e-04h  6
iter    objective    inf_pr   inf_du lg(mu)  ||d||  lg(rg) alpha_du alpha_pr  ls
 210r 1.1399326e+00 1.51e+00 1.00e+03   2.1 0.00e+00    -  0.00e+00 4.89e-07R 16
 211r 1.1244965e+00 7.36e-01 9.25e+03   1.7 1.81e+01    -  6.19e-01 8.59e-02f  1
 212  1.1232771e+00 7.37e-01 6.46e+03   1.4 4.87e+01    -  1.00e+00 2.17e-03h  1
 213  1.1272360e+00 7.36e-01 1.69e+04   1.4 1.55e+02    -  1.05e-02 2.37e-03h  2
 214  1.1285434e+00 7.35e-01 1.65e+04   1.4 2.88e+02    -  1.79e-03 1.95e-03h  3
 215  1.1318049e+00 7.34e-01 5.40e+04   1.4 2.93e+02    -  1.16e-02 1.56e-03h  3
 216  1.1492560e+00 7.33e-01 7.18e+04   1.4 5.12e+02    -  4.51e-03 2.06e-03h  3
 217  1.1520472e+00 7.33e-01 1.14e+05   1.4 3.44e+02    -  4.05e-03 8.17e-04h  2
 218  1.1526577e+00 7.33e-01 1.19e+05   1.4 4.75e+02    -  7.76e-04 8.80e-05f  7
 219  1.1532260e+00 7.33e-01 1.25e+05   1.4 5.13e+02    -  1.05e-03 7.41e-05f  7
iter    objective    inf_pr   inf_du lg(mu)  ||d||  lg(rg) alpha_du alpha_pr  ls
 220  1.1537665e+00 7.33e-01 1.35e+05   1.4 5.29e+02    -  1.74e-03 6.86e-05f  7
 221  1.1538662e+00 7.33e-01 1.52e+05   1.4 5.31e+02    -  3.11e-03 4.88e-05f  7
 222  1.1539924e+00 7.33e-01 1.61e+05   1.4 5.32e+02    -  1.65e-03 5.12e-05f  7
 223  1.1636054e+00 7.61e-01 1.75e+05   1.4 5.27e+02    -  4.23e-03 1.72e-03f  2
 224r 1.1636054e+00 7.61e-01 1.00e+03   1.4 0.00e+00    -  0.00e+00 3.03e-07R 14
 225r 1.1455338e+00 7.33e-01 2.17e+03   1.4 1.17e+01    -  3.20e-01 6.71e-02f  1
 226r 1.1385073e+00 7.43e-01 7.40e+03   1.9 3.45e+00    -  5.00e-01 4.48e-01f  1
 227r 1.1008473e+00 7.43e-01 2.82e+03   1.6 1.28e+00    -  9.72e-01 5.67e-01f  1
 228r 1.0240238e+00 7.68e-01 4.64e+03   1.6 1.73e+00    -  1.00e+00 1.00e+00f  1
 229r 1.0308597e+00 7.65e-01 1.66e+03   1.6 5.41e-01    -  1.00e+00 1.00e+00f  1
iter    objective    inf_pr   inf_du lg(mu)  ||d||  lg(rg) alpha_du alpha_pr  ls
 230r 1.0306469e+00 7.52e-01 1.73e+03   0.7 1.01e+00    -  9.96e-01 8.26e-01f  1
 231r 1.0244060e+00 1.18e+00 2.84e+03   0.9 1.27e+00    -  9.83e-01 9.35e-01f  1
 232r 1.0212587e+00 7.51e-01 2.94e+03   0.6 9.68e-01    -  1.00e+00 5.27e-01f  1
 233r 9.9534985e-01 7.55e-01 2.84e+03   0.3 1.22e+00    -  1.00e+00 5.74e-01f  1
 234r 9.8000334e-01 7.64e-01 2.21e+03   0.5 2.11e+00    -  9.93e-01 5.88e-01f  1
 235r 9.3901050e-01 7.80e-01 3.37e+03   0.4 2.81e+00    -  1.00e+00 7.82e-01f  1
 236r 9.3593468e-01 7.84e-01 3.40e+03  -4.0 4.38e+00    -  3.09e-01 1.49e-01f  1
 237r 9.3976721e-01 7.87e-01 3.56e+03   0.7 4.73e+00    -  8.62e-01 3.47e-01f  1
 238r 9.8726266e-01 7.90e-01 2.63e+03   0.4 2.33e+00    -  5.66e-01 5.35e-01f  1
 239r 1.0718207e+00 7.93e-01 2.04e+03   1.2 1.68e+00    -  1.00e+00 1.00e+00f  1
iter    objective    inf_pr   inf_du lg(mu)  ||d||  lg(rg) alpha_du alpha_pr  ls
 240r 1.1841453e+00 8.11e-01 9.41e+03   1.1 2.99e+00    -  1.00e+00 1.00e+00f  1
 241r 1.1083850e+00 8.03e-01 3.95e+03   1.1 1.16e+00    -  1.00e+00 1.00e+00f  1
 242r 1.0956055e+00 8.02e-01 1.30e+03   0.1 7.75e-01    -  1.00e+00 8.16e-01f  1
 243r 1.3061053e+00 1.30e+00 5.55e+03   1.3 9.69e+00    -  9.58e-01 4.33e-01f  1
 244r 1.1544631e+00 8.01e-01 3.82e+03   1.0 2.96e+00    -  1.00e+00 1.00e+00f  1
 245r 1.1220041e+00 7.98e-01 1.05e+03   1.0 1.34e+00    -  1.00e+00 1.00e+00f  1
 246r 1.1427829e+00 8.02e-01 1.67e+03   1.0 7.35e-01    -  1.00e+00 1.00e+00f  1
 247r 1.1505952e+00 8.03e-01 7.04e+02   1.0 3.60e-01    -  1.00e+00 1.00e+00f  1
 248r 1.1633780e+00 8.03e-01 9.14e+02   0.3 1.21e+00    -  9.98e-01 7.82e-01f  1
 249r 1.2235634e+00 8.06e-01 4.02e+03   1.8 1.30e+01    -  1.37e-01 2.26e-01f  1
iter    objective    inf_pr   inf_du lg(mu)  ||d||  lg(rg) alpha_du alpha_pr  ls
 250r 1.1580489e+00 1.01e+00 7.95e+03   1.1 6.26e+00    -  6.10e-01 6.23e-01f  1
 251r 1.1764104e+00 8.11e-01 3.99e+03   1.1 2.27e+00    -  1.00e+00 1.00e+00f  1
 252r 1.1390581e+00 8.06e-01 1.84e+03   1.1 1.21e+00    -  1.00e+00 1.00e+00f  1
 253r 1.1085945e+00 8.04e-01 6.95e+02   1.1 6.74e-01    -  1.00e+00 1.00e+00f  1
 254r 1.1299184e+00 8.03e-01 1.18e+03   0.4 1.17e+00    -  1.00e+00 8.49e-01f  1
 255r 1.2073188e+00 8.01e-01 2.80e+03   0.4 3.16e+00    -  4.43e-01 5.03e-01f  1
 256r 1.3168701e+00 7.95e-01 3.07e+03   0.4 4.50e+00    -  5.21e-01 6.63e-01f  1
 257r 1.3271724e+00 7.92e-01 2.36e+03   0.1 2.58e+00    -  9.99e-01 3.37e-01f  1
 258r 1.4223812e+00 1.83e+00 3.36e+03   0.3 9.23e+00    -  4.89e-01 6.00e-01f  1
 259r 1.1938140e+00 7.77e-01 1.03e+04   0.6 3.31e+00    -  1.00e+00 1.00e+00f  1
iter    objective    inf_pr   inf_du lg(mu)  ||d||  lg(rg) alpha_du alpha_pr  ls
 260r 1.1970690e+00 7.81e-01 6.45e+03   0.5 1.64e+00    -  9.15e-01 6.57e-01f  1
 261r 1.2504419e+00 7.78e-01 3.06e+03  -0.3 1.41e+00    -  1.00e+00 8.80e-01f  1
 262r 1.3704864e+00 7.71e-01 3.10e+03   0.2 6.44e+00    -  1.00e+00 3.68e-01f  1
 263r 1.3568087e+00 9.39e-01 4.78e+03   0.0 4.16e+00    -  6.11e-01 1.00e+00f  1
 264r 1.5319559e+00 3.73e+00 1.35e+04   0.0 3.34e+01    -  5.86e-01 2.48e-01f  1
 265r 1.7617444e+00 2.14e+00 1.67e+04   0.0 9.67e+00    -  2.45e-01 4.58e-01f  1
 266r 1.7075902e+00 9.71e-01 1.53e+04   0.0 2.73e+00    -  3.12e-01 5.37e-01f  1
 267r 1.7029532e+00 7.34e-01 1.13e+04   0.0 6.18e+00    -  5.73e-01 3.59e-01f  1
 268r 1.6692652e+00 7.56e-01 1.13e+04   0.0 4.31e+00    -  6.39e-01 1.00e+00f  1
 269r 1.5638574e+00 7.21e-01 1.08e+04   0.3 2.27e+00    -  1.00e+00 1.00e+00f  1
iter    objective    inf_pr   inf_du lg(mu)  ||d||  lg(rg) alpha_du alpha_pr  ls
 270r 1.5242723e+00 7.02e-01 9.25e+03   0.2 3.42e+00    -  7.09e-01 6.95e-01f  1
 271r 1.6178285e+00 1.34e+00 7.75e+03   0.2 1.54e+01    -  3.22e-01 2.40e-01f  1
 272r 1.7196817e+00 2.41e+00 6.87e+03   0.2 1.81e+01    -  2.70e-01 2.44e-01f  1
 273r 1.9134017e+00 3.83e+00 8.14e+03   0.2 1.16e+01    -  4.42e-01 3.24e-01f  1
 274r 2.0114827e+00 2.43e+00 5.76e+03   0.2 6.24e+00    -  4.59e-01 1.00e+00f  1
 275r 1.7909768e+00 1.04e+00 7.34e+03   0.5 4.16e+00    -  1.00e+00 1.00e+00f  1
 276r 1.6485218e+00 1.31e+00 6.60e+03   0.4 4.39e+00    -  4.39e-01 1.00e+00f  1
 277r 1.5113851e+00 1.07e+00 2.54e+04   0.4 3.21e+00    -  8.87e-01 1.00e+00f  1
 278r 1.4395096e+00 6.55e-01 1.11e+04   0.4 2.66e+00    -  4.05e-01 5.94e-01f  1
 279  1.4365509e+00 6.52e-01 1.17e+01  -4.0 3.42e+01    -  8.14e-02 6.84e-03h  1
iter    objective    inf_pr   inf_du lg(mu)  ||d||  lg(rg) alpha_du alpha_pr  ls
 280  1.4376380e+00 6.48e-01 7.37e+01  -0.6 1.13e+02    -  3.86e-02 6.15e-03f  2
 281  1.4863773e+00 2.09e+00 5.45e+01  -0.3 2.01e+02    -  1.34e-02 3.21e-02f  1
 282  1.4860767e+00 2.09e+00 1.45e+03  -0.3 1.33e+02    -  5.76e-02 8.91e-04h  1
 283  1.5464234e+00 2.08e+00 1.16e+03  -0.3 1.22e+03    -  2.00e-03 2.57e-03h  1
 284  1.5471746e+00 2.08e+00 1.54e+04  -0.3 3.12e+02    -  1.79e-03 1.04e-04h  1
 285  1.5546513e+00 2.08e+00 6.11e+04  -0.3 5.15e+02    -  3.16e-03 5.21e-04h  1
 286  1.5547423e+00 2.08e+00 1.79e+06  -0.3 1.43e+02    -  3.62e-02 4.47e-05h  1
 287  1.5441373e+00 2.08e+00 6.22e+06  -0.3 1.65e+02    -  8.60e-02 2.18e-03h  1
 288  1.5078228e+00 2.08e+00 6.06e+06  -0.3 2.21e+02    -  8.81e-04 3.88e-03h  1
 289  1.5074828e+00 2.08e+00 6.19e+06  -0.3 2.82e+02    -  2.98e-03 2.90e-05h  1
iter    objective    inf_pr   inf_du lg(mu)  ||d||  lg(rg) alpha_du alpha_pr  ls
 290  1.5059735e+00 2.08e+00 6.41e+06  -0.3 2.51e+02    -  6.54e-03 7.85e-04h  1
 291  1.5012453e+00 2.09e+00 7.33e+06  -0.3 2.54e+02    -  2.68e-02 2.61e-03f  3
 292  1.4955014e+00 2.09e+00 7.38e+06  -0.3 2.94e+02    -  3.81e-03 1.86e-03f  4
 293  1.4776490e+00 2.08e+00 7.36e+06  -0.3 4.43e+02    -  1.61e-04 1.57e-03f  4
 294  1.4677986e+00 2.08e+00 7.35e+06  -0.3 4.37e+02    -  3.11e-03 1.22e-03f  4
 295  1.4599190e+00 2.08e+00 7.28e+06  -0.3 4.39e+02    -  1.22e-02 1.28e-03f  4
 296  1.4489940e+00 2.09e+00 7.15e+06  -0.3 4.71e+02    -  2.32e-02 6.51e-03f  2
 297  1.4551308e+00 2.09e+00 7.11e+06  -0.3 5.44e+02    -  8.13e-03 1.57e-03h  2
 298  1.4748222e+00 2.12e+00 7.10e+06  -0.3 5.10e+02    -  1.15e-03 4.34e-03h  1
 299  1.4784202e+00 2.11e+00 7.04e+06  -0.3 2.69e+02    -  8.71e-03 4.16e-03h  2
iter    objective    inf_pr   inf_du lg(mu)  ||d||  lg(rg) alpha_du alpha_pr  ls
 300  1.4914621e+00 2.13e+00 7.03e+06  -0.3 3.06e+02    -  1.90e-04 5.72e-03f  3
 301  1.5058990e+00 2.17e+00 6.99e+06  -0.3 4.70e+02    -  5.89e-03 3.00e-03f  2
 302  1.5233051e+00 2.20e+00 6.97e+06  -0.3 4.33e+02    -  3.58e-03 2.85e-03h  1
 303  1.5436221e+00 2.18e+00 6.94e+06  -0.3 1.30e+02    -  6.24e-03 3.96e-03h  1
 304  1.5438572e+00 2.18e+00 6.94e+06  -0.3 1.37e+02    -  1.80e-04 4.29e-05h  1
 305  1.5438727e+00 2.18e+00 6.94e+06  -0.3 9.82e+01    -  2.87e-06 3.57e-06f  2
 306  1.5564761e+00 2.12e+00 6.90e+06  -0.3 1.32e+02    -  5.69e-03 5.37e-03f  1
 307  1.5566116e+00 2.12e+00 6.87e+06  -0.3 1.34e+02    -  5.70e-03 6.05e-05h  1
 308  1.5566244e+00 2.12e+00 6.83e+06  -0.3 1.58e+02    -  5.81e-03 1.17e-05h  1
 309  1.5598999e+00 2.11e+00 6.62e+06  -0.3 1.78e+02    -  2.58e-02 2.53e-03h  1
iter    objective    inf_pr   inf_du lg(mu)  ||d||  lg(rg) alpha_du alpha_pr  ls
 310  1.5600492e+00 2.11e+00 6.56e+06  -0.3 1.50e+02    -  9.00e-03 9.07e-05h  1
 311  1.5751888e+00 2.10e+00 6.40e+06  -0.3 1.53e+02    -  2.07e-02 5.61e-03h  1
 312  1.5957783e+00 2.09e+00 6.31e+06  -0.3 1.61e+02    -  1.79e-02 6.56e-03h  1
 313  1.5959173e+00 2.09e+00 6.37e+06  -0.3 1.28e+02    -  3.10e-02 6.77e-05h  1
 314  1.6139224e+00 2.08e+00 6.33e+06  -0.3 1.27e+02    -  4.40e-03 5.43e-03h  1
 315  1.6486602e+00 2.07e+00 6.31e+06  -0.3 2.34e+02    -  4.77e-04 1.91e-03h  1
 316  1.6489999e+00 2.07e+00 6.33e+06  -0.3 2.45e+02    -  2.31e-03 1.74e-05h  1
 317  1.6494058e+00 2.07e+00 6.42e+06  -0.3 1.21e+02    -  4.55e-03 2.32e-04h  1
 318  1.6933912e+00 2.10e+00 6.09e+06  -0.3 1.35e+02    -  4.24e-04 1.56e-02f  2
 319  1.7217267e+00 2.09e+00 6.08e+06  -0.3 1.23e+02    -  1.16e-02 1.00e-02h  1
iter    objective    inf_pr   inf_du lg(mu)  ||d||  lg(rg) alpha_du alpha_pr  ls
 320  1.7475699e+00 2.07e+00 5.73e+06  -0.3 9.98e+01    -  3.60e-03 1.21e-02h  1
 321  1.7474996e+00 2.07e+00 5.73e+06  -0.3 8.15e+01    -  4.36e-05 9.21e-05h  1
 322r 1.7474996e+00 2.07e+00 1.00e+03   0.3 0.00e+00    -  0.00e+00 3.48e-07R  5
 323r 1.7546960e+00 5.69e-01 1.53e+03   1.7 7.79e+02    -  5.04e-03 2.46e-03f  1
 324  1.7557626e+00 5.69e-01 1.51e+01  -1.0 9.11e+01    -  5.68e-04 5.56e-04h  1
 325  1.7600775e+00 5.68e-01 1.06e+02  -1.0 1.47e+02    -  2.93e-03 2.16e-03f  1
 326  1.7704565e+00 5.62e-01 1.63e+02  -1.0 1.25e+02    -  3.34e-03 1.05e-02f  1
 327  2.0466252e+00 7.47e+00 1.57e+03  -1.0 1.31e+02    -  1.61e-02 6.98e-02f  1
 328  2.0752917e+00 7.41e+00 1.64e+03  -1.0 1.87e+02    -  9.80e-03 5.91e-03h  1
 329  2.2449178e+00 6.79e+00 1.91e+03  -1.0 1.58e+02    -  2.76e-03 2.74e-02f  2
iter    objective    inf_pr   inf_du lg(mu)  ||d||  lg(rg) alpha_du alpha_pr  ls
 330  2.5406675e+00 6.76e+00 1.97e+03  -1.0 1.43e+02    -  1.13e-02 1.98e-02h  1
 331  2.6970361e+00 6.75e+00 2.25e+03  -1.0 1.94e+02    -  7.51e-03 8.49e-03h  1
 332  2.7644383e+00 6.73e+00 2.43e+03  -1.0 2.75e+02    -  1.88e-03 4.34e-03h  1
 333  3.4069355e+00 7.04e+00 4.63e+03  -1.0 2.94e+02    -  7.23e-03 2.06e-02h  1
 334  3.5904774e+00 7.06e+00 5.16e+03  -1.0 3.09e+02    -  4.18e-03 6.88e-03h  2
 335  3.6553572e+00 7.09e+00 5.34e+03  -1.0 2.89e+02    -  1.59e-02 3.56e-03h  2
 336  3.6518294e+00 7.09e+00 5.36e+03  -1.0 1.44e+02    -  8.30e-03 6.54e-04h  1
 337  3.7020366e+00 6.28e+00 8.04e+03  -1.0 1.36e+02    -  9.77e-03 3.37e-02f  1
 338  3.6994417e+00 5.71e+00 1.04e+04  -1.0 1.83e+02    -  6.59e-03 1.75e-02f  1
 339  3.7097552e+00 5.70e+00 1.08e+04  -1.0 2.53e+02    -  3.35e-02 1.86e-03h  1
iter    objective    inf_pr   inf_du lg(mu)  ||d||  lg(rg) alpha_du alpha_pr  ls
 340  3.7177831e+00 5.70e+00 1.09e+04  -1.0 2.23e+02    -  1.51e-03 5.32e-04h  2
 341  3.7572437e+00 5.69e+00 1.22e+04  -1.0 2.40e+02    -  5.89e-04 4.10e-03h  1
 342  3.7583803e+00 5.69e+00 1.22e+04  -1.0 3.22e+02    -  8.83e-03 1.32e-04h  2
 343  3.7867177e+00 5.67e+00 1.33e+04  -1.0 3.28e+02    -  3.47e-02 2.33e-03h  3
 344  3.7901182e+00 5.67e+00 1.81e+04  -1.0 3.31e+02    -  1.88e-03 2.22e-04h  4
 345  3.9245036e+00 5.66e+00 1.71e+04  -1.0 6.11e+02    -  1.45e-04 3.60e-03f  2
 346  4.0211166e+00 5.66e+00 2.17e+04  -1.0 5.98e+02    -  2.92e-03 2.03e-03f  2
 347  4.0522913e+00 5.66e+00 2.48e+04  -1.0 1.33e+03    -  1.46e-03 7.00e-04h  3
 348  4.0701037e+00 5.66e+00 2.69e+04  -1.0 1.76e+03    -  2.76e-03 3.60e-04h  4
 349  4.0588786e+00 5.65e+00 2.20e+05  -1.0 6.60e+02    -  1.45e-02 3.87e-04h  3
iter    objective    inf_pr   inf_du lg(mu)  ||d||  lg(rg) alpha_du alpha_pr  ls
 350  4.0380948e+00 5.65e+00 2.29e+05  -1.0 2.12e+03    -  1.98e-03 1.26e-03h  2
 351  4.1114490e+00 5.65e+00 2.77e+05  -1.0 2.34e+03    -  2.69e-03 4.95e-04h  3
 352  4.1130133e+00 5.65e+00 3.71e+05  -1.0 8.75e+02    -  2.45e-03 2.07e-05h  8
 353  4.1878691e+00 5.64e+00 3.64e+05  -1.0 1.98e+03    -  8.14e-05 4.18e-04f  4
 354  4.2822407e+00 5.64e+00 3.60e+05  -1.0 2.85e+03    -  1.36e-05 4.64e-04f  2
 355  4.3110958e+00 5.64e+00 4.26e+05  -1.0 3.46e+03    -  4.02e-03 1.31e-04h  3
 356  4.3361501e+00 5.64e+00 4.26e+05  -1.0 4.71e+03    -  5.52e-04 7.53e-05h  4
 357  4.3598326e+00 5.64e+00 4.40e+05  -1.0 4.37e+03    -  3.42e-03 8.65e-05h  3
 358  4.3750591e+00 5.64e+00 4.56e+05  -1.0 3.31e+03    -  9.33e-04 6.90e-05h  4
 359  4.3847272e+00 5.63e+00 5.25e+05  -1.0 3.77e+03    -  7.15e-03 2.62e-04h  1
iter    objective    inf_pr   inf_du lg(mu)  ||d||  lg(rg) alpha_du alpha_pr  ls
 360  4.4540236e+00 5.63e+00 8.09e+05  -1.0 6.20e+02    -  6.18e-03 1.32e-03h  1
 361  4.4535180e+00 5.62e+00 4.08e+06  -1.0 1.44e+02    -  4.86e-02 7.19e-04h  1
 362  4.4423698e+00 5.59e+00 3.86e+06  -1.0 2.50e+02    -  1.62e-03 4.72e-03h  1
 363  4.3267155e+00 5.56e+00 3.90e+06  -1.0 4.50e+02    -  5.29e-03 4.24e-03h  1
 364  4.2698413e+00 5.55e+00 3.84e+06  -1.0 4.85e+02    -  6.11e-04 1.39e-03h  1
 365  4.2701111e+00 5.55e+00 4.01e+06  -1.0 2.36e+02    -  2.50e-03 1.50e-04h  1
 366  4.4060411e+00 5.51e+00 5.60e+06  -1.0 3.54e+02    -  3.13e-02 8.65e-03h  1
 367  4.4048692e+00 5.51e+00 6.61e+06  -1.0 2.57e+02    -  1.43e-02 8.43e-05h  1
 368  4.4046458e+00 5.51e+00 6.78e+06  -1.0 1.11e+02    -  3.24e-03 5.93e-05h  1
 369  4.2569988e+00 5.38e+00 5.50e+06  -1.0 1.05e+02    -  3.63e-05 2.15e-02h  1
iter    objective    inf_pr   inf_du lg(mu)  ||d||  lg(rg) alpha_du alpha_pr  ls
 370  4.2567324e+00 5.38e+00 1.05e+07  -1.0 3.19e+01    -  9.09e-02 3.06e-04h  1
 371  4.2561879e+00 5.37e+00 1.05e+07  -1.0 3.97e+01    -  6.90e-04 7.09e-04h  1
 372  4.2429365e+00 5.35e+00 1.03e+07  -1.0 3.00e+01    -  1.59e-04 4.21e-03f  1
 373  4.2434577e+00 5.35e+00 1.20e+07  -1.0 6.83e+01    -  3.46e-02 1.50e-04h  1
 374  4.2519956e+00 5.26e+00 1.08e+07  -1.0 4.91e+01    -  4.37e-03 2.33e-02h  1
 375  4.2515530e+00 5.25e+00 1.08e+07  -1.0 5.88e+01    -  4.87e-04 3.96e-04h  1
 376  4.2511400e+00 5.25e+00 1.08e+07  -1.0 8.66e+01    -  1.77e-05 7.48e-04h  1
 377  4.2749019e+00 5.22e+00 1.87e+07  -1.0 1.06e+02    -  1.72e-01 1.07e-02h  1
 378  4.2738567e+00 5.22e+00 1.92e+07  -1.0 1.03e+02    -  1.29e-02 4.70e-04h  1
 379  4.2727702e+00 5.22e+00 2.60e+07  -1.0 7.44e+01    -  1.59e-01 4.08e-04h  1
iter    objective    inf_pr   inf_du lg(mu)  ||d||  lg(rg) alpha_du alpha_pr  ls
 380  4.2535628e+00 5.17e+00 3.97e+07  -1.0 2.67e+01    -  4.01e-01 8.44e-03h  1
 381  4.2372388e+00 5.14e+00 5.14e+07  -1.0 2.77e+01    -  5.49e-01 5.57e-03h  1
 382  4.1945477e+00 5.04e+00 5.03e+07  -1.0 2.25e+01    -  3.88e-03 1.89e-02h  1
 383  4.1937768e+00 5.04e+00 5.03e+07  -1.0 7.21e+02    -  1.38e-02 4.53e-04h  1
 384  4.1794829e+00 4.90e+00 4.87e+07  -1.0 1.02e+01    -  8.09e-04 2.81e-02h  1
 385  4.1791882e+00 4.90e+00 4.88e+07  -1.0 2.34e+02    -  1.50e-02 2.06e-05h  1
 386  4.1753445e+00 4.89e+00 5.68e+07  -1.0 4.16e+01    -  6.16e-01 1.48e-03h  1
 387  4.1195916e+00 4.84e+00 5.82e+07  -1.0 6.01e+01    -  3.28e-01 1.07e-02h  1
 388  4.0255731e+00 4.70e+00 5.76e+07  -1.0 4.69e+01    -  1.45e-01 2.50e-02h  1
 389  4.0013803e+00 4.64e+00 5.70e+07  -1.0 7.30e+01    -  4.72e-01 1.16e-02h  1
iter    objective    inf_pr   inf_du lg(mu)  ||d||  lg(rg) alpha_du alpha_pr  ls
 390  3.9959159e+00 4.63e+00 5.63e+07  -1.0 7.37e+01    -  3.52e-01 3.97e-03h  1
 391  3.9970837e+00 4.24e+00 8.02e+07  -1.0 9.37e+01    -  1.22e-01 5.07e-02h  1
 392  3.9106504e+00 4.11e+00 1.11e+08  -1.0 5.18e+01    -  3.42e-01 2.52e-02h  1
 393  3.7949164e+00 3.76e+00 1.99e+08  -1.0 3.53e+01    -  2.98e-01 5.89e-02h  1
 394  3.7865418e+00 3.75e+00 2.02e+08  -1.0 6.50e+01    -  2.29e-03 1.42e-03h  1
 395  3.6401033e+00 3.70e+00 3.24e+08  -1.0 4.46e+02    -  8.07e-04 1.15e-02f  2
 396  3.6395399e+00 3.69e+00 3.23e+08  -1.0 1.20e+01    -  9.54e-05 3.64e-03h  1
 397  3.7546517e+00 3.56e+00 2.80e+08  -1.0 5.18e+01    -  6.41e-02 5.18e-02f  2
 398  3.8423802e+00 3.31e+00 3.78e+08  -1.0 4.26e+01    -  8.59e-02 7.78e-02h  1
 399  3.8373324e+00 3.30e+00 3.78e+08  -1.0 3.08e+01    -  2.38e-01 2.72e-03h  1
iter    objective    inf_pr   inf_du lg(mu)  ||d||  lg(rg) alpha_du alpha_pr  ls
 400  3.8430442e+00 3.30e+00 3.78e+08  -1.0 8.67e+02    -  7.01e-03 6.87e-05h  1
 401  3.8290235e+00 3.25e+00 3.76e+08  -1.0 1.73e+01    -  4.24e-01 1.41e-02h  1
 402  3.7390989e+00 2.87e+00 3.75e+08  -1.0 1.72e+01    -  7.36e-01 1.04e-01h  1
 403  3.7361161e+00 2.86e+00 3.74e+08  -1.0 1.68e+01    -  9.22e-01 2.75e-03h  1
 404  3.5756882e+00 2.83e+00 3.82e+08  -1.0 2.17e+02    -  2.30e-02 8.82e-03h  1
 405  3.5731049e+00 2.83e+00 3.82e+08  -1.0 6.23e+01    -  3.19e-01 5.74e-04h  1
 406  3.5438329e+00 2.81e+00 3.81e+08  -1.0 5.90e+01    -  4.43e-01 6.70e-03h  1
 407  3.3238255e+00 2.58e+00 3.77e+08  -1.0 5.86e+01    -  7.51e-02 6.48e-02h  2
 408  3.4256518e+00 2.57e+00 3.55e+08  -1.0 1.44e+02    -  2.00e-02 6.24e-03h  4
 409  3.6513584e+00 2.49e+00 3.07e+08  -1.0 5.08e+01    -  1.59e-01 4.36e-02h  2
iter    objective    inf_pr   inf_du lg(mu)  ||d||  lg(rg) alpha_du alpha_pr  ls
 410  3.8793088e+00 2.36e+00 2.66e+08  -1.0 2.86e+01    -  3.35e-01 6.84e-02h  1
 411  3.8925862e+00 2.34e+00 2.64e+08  -1.0 1.90e+01    -  4.07e-03 1.21e-02h  1
 412  3.8923067e+00 2.34e+00 2.64e+08  -1.0 1.37e+02    -  5.73e-02 3.34e-05h  1
 413  3.8362121e+00 2.32e+00 2.64e+08  -1.0 1.26e+02    -  9.81e-02 1.00e-02h  1
 414  3.8364664e+00 2.32e+00 2.65e+08  -1.0 5.06e+01    -  1.07e-01 9.83e-04h  1
 415  4.1922998e+00 2.66e+00 3.76e+08  -1.0 6.84e+01    -  1.32e-03 7.64e-02h  1
 416  4.2229032e+00 2.64e+00 3.87e+08  -1.0 7.25e+01    -  1.03e-05 1.07e-02f  1
 417  4.2531546e+00 2.61e+00 3.99e+08  -1.0 7.76e+01    -  8.27e-03 1.26e-02h  1
 418  4.3211640e+00 2.61e+00 4.12e+08  -1.0 1.15e+02    -  1.41e-02 3.42e-03h  1
 419  4.3518075e+00 2.59e+00 4.15e+08  -1.0 5.29e+01    -  1.32e-01 5.81e-03h  1
iter    objective    inf_pr   inf_du lg(mu)  ||d||  lg(rg) alpha_du alpha_pr  ls
 420  5.1979547e+00 2.59e+00 4.82e+08  -1.0 5.27e+01    -  9.37e-02 1.31e-01h  2
 421  5.3789252e+00 2.41e+00 4.94e+08  -1.0 2.89e+01    -  6.46e-03 8.65e-02h  2
 422  5.3644189e+00 2.41e+00 4.85e+08  -1.0 1.04e+02    -  3.35e-02 3.62e-03H  1
 423  5.3688082e+00 2.16e+00 4.18e+08  -1.0 8.12e+01    -  2.08e-02 4.49e-02f  3
 424  5.5455880e+00 2.20e+00 5.24e+08  -1.0 1.16e+02    -  1.61e-02 3.94e-02h  2
 425  5.5393768e+00 2.19e+00 5.33e+08  -1.0 1.06e+02    -  2.64e-03 3.19e-03h  2
 426  5.5268089e+00 2.17e+00 5.47e+08  -1.0 9.39e+01    -  1.27e-02 6.66e-03h  2
 427  5.5009322e+00 2.14e+00 5.78e+08  -1.0 9.56e+01    -  1.64e-03 1.72e-02f  2
 428  5.4664974e+00 2.13e+00 5.98e+08  -1.0 8.59e+01    -  2.37e-02 1.88e-02h  1
 429  5.4663681e+00 2.13e+00 5.98e+08  -1.0 1.31e+02    -  6.02e-02 6.42e-05h  2
iter    objective    inf_pr   inf_du lg(mu)  ||d||  lg(rg) alpha_du alpha_pr  ls
 430  5.4622407e+00 2.12e+00 5.99e+08  -1.0 7.14e+01    -  1.24e-01 2.71e-03h  2
 431  5.5950245e+00 2.22e+00 5.96e+08  -1.0 7.19e+01    -  1.35e-03 1.21e-01H  1
 432  5.6128089e+00 1.95e+00 5.31e+08  -1.0 5.03e+01    -  1.84e-05 1.06e-01h  1
 433  5.7161772e+00 1.92e+00 5.47e+08  -1.0 3.75e+02    -  2.81e-03 1.46e-02f  2
 434  5.6955335e+00 1.87e+00 5.30e+08  -1.0 1.02e+01    -  6.30e-02 2.97e-02h  1
 435  5.6955520e+00 1.87e+00 5.30e+08  -1.0 2.67e+01    -  5.10e-04 8.03e-05h  1
 436r 5.6955520e+00 1.87e+00 1.00e+03   0.3 0.00e+00    -  0.00e+00 3.78e-07R  4
 437r 5.6169747e+00 1.17e+00 1.28e+03   2.1 8.25e+02    -  5.39e-03 1.78e-03f  1
 438  5.6197887e+00 1.17e+00 3.75e+00  -1.0 6.38e+01    -  1.81e-03 1.37e-03h  1
 439  5.6364425e+00 1.16e+00 1.55e+01  -1.0 9.47e+01    -  3.64e-03 8.93e-03f  1
iter    objective    inf_pr   inf_du lg(mu)  ||d||  lg(rg) alpha_du alpha_pr  ls
 440  5.6947279e+00 1.14e+00 2.82e+01  -1.0 1.00e+02    -  1.57e-02 1.79e-02f  1
 441  5.8293061e+00 1.10e+00 9.08e+01  -1.0 1.53e+02    -  2.78e-02 2.42e-02f  1
 442  6.2306586e+00 1.84e+00 4.78e+02  -1.0 9.86e+01    -  3.92e-02 5.53e-02f  2
 443  6.3731163e+00 1.80e+00 6.41e+02  -1.0 1.51e+02    -  1.96e-02 1.36e-02h  1
 444  6.5097328e+00 1.77e+00 8.40e+02  -1.0 1.22e+02    -  8.40e-03 1.27e-02h  1
 445  6.5830286e+00 1.76e+00 1.02e+03  -1.0 1.67e+02    -  1.71e-02 6.18e-03f  2
 446  6.6396663e+00 1.75e+00 1.18e+03  -1.0 2.63e+02    -  6.85e-03 3.79e-03h  3
 447  6.7529642e+00 1.75e+00 1.69e+03  -1.0 3.35e+02    -  5.93e-03 6.62e-03f  2
 448  6.7871918e+00 1.76e+00 1.96e+03  -1.0 5.52e+02    -  2.25e-03 1.81e-03h  2
 449  6.7924918e+00 1.76e+00 1.77e+03  -1.0 7.24e+02    -  7.16e-03 7.40e-04h  2
iter    objective    inf_pr   inf_du lg(mu)  ||d||  lg(rg) alpha_du alpha_pr  ls
 450  6.7959062e+00 1.76e+00 7.66e+03  -1.0 1.08e+03    -  1.08e-02 3.93e-04h  2
 451  6.8058436e+00 1.76e+00 2.06e+04  -1.0 1.20e+03    -  4.73e-03 4.30e-04h  3
 452  6.7952373e+00 1.85e+00 2.78e+04  -1.0 2.80e+02    -  9.46e-03 4.95e-03h  2
 453  6.9105044e+00 1.92e+00 1.01e+05  -1.0 1.90e+02    -  3.10e-02 1.83e-02h  1
 454  6.9112521e+00 1.92e+00 1.26e+05  -1.0 2.11e+02    -  3.12e-02 1.22e-03h  2
 455  6.9161969e+00 1.92e+00 1.50e+05  -1.0 2.09e+02    -  5.56e-03 4.99e-03h  2
 456  6.9437516e+00 1.96e+00 1.10e+05  -1.0 4.75e+02    -  1.27e-04 3.47e-03f  3
 457  6.9462432e+00 1.95e+00 2.29e+05  -1.0 2.09e+02    -  1.03e-02 9.42e-04h  2
 458  6.9490779e+00 1.95e+00 1.38e+06  -1.0 1.15e+02    -  8.57e-02 2.61e-03h  2
 459  6.9700017e+00 1.92e+00 7.60e+06  -1.0 4.92e+01    -  4.70e-01 1.69e-02h  1
iter    objective    inf_pr   inf_du lg(mu)  ||d||  lg(rg) alpha_du alpha_pr  ls
 460  6.9695869e+00 1.92e+00 7.86e+06  -1.0 3.67e+01    -  6.51e-02 1.41e-03h  1
 461  6.9616319e+00 1.89e+00 7.80e+06  -1.0 5.26e+01    -  2.52e-02 1.32e-02h  1
 462  6.9604887e+00 1.89e+00 8.57e+06  -1.0 1.04e+02    -  1.79e-01 2.07e-03h  1
 463  6.9415681e+00 1.87e+00 8.60e+06  -1.0 6.33e+01    -  9.27e-02 2.73e-02h  1
 464  6.9411177e+00 1.87e+00 8.70e+06  -1.0 6.09e+01    -  2.45e-02 5.31e-04h  1
 465  6.9406948e+00 1.85e+00 8.61e+06  -1.0 5.21e+01    -  5.17e-04 6.48e-03h  1
 466  6.9473446e+00 1.83e+00 8.44e+06  -1.0 8.29e+01    -  2.67e-03 1.18e-02h  1
 467  6.9473442e+00 1.83e+00 9.45e+06  -1.0 8.38e+01    -  1.19e-01 1.94e-04h  1
 468  6.9503893e+00 1.79e+00 9.32e+06  -1.0 7.67e+01    -  1.31e-02 1.34e-02h  1
 469  6.9518348e+00 1.76e+00 1.17e+07  -1.0 4.05e+01    -  3.59e-01 1.16e-02h  1
iter    objective    inf_pr   inf_du lg(mu)  ||d||  lg(rg) alpha_du alpha_pr  ls
 470  6.9486565e+00 1.75e+00 1.20e+07  -1.0 3.98e+01    -  1.01e-01 5.67e-03h  1
 471  6.9359301e+00 1.67e+00 1.17e+07  -1.0 4.52e+01    -  1.38e-01 2.93e-02h  1
 472  6.9309501e+00 1.55e+00 1.60e+07  -1.0 4.88e+01    -  2.31e-03 4.35e-02h  1
 473  6.9257455e+00 1.55e+00 1.66e+07  -1.0 9.22e+01    -  5.43e-04 2.67e-03h  1
 474  6.9249997e+00 1.54e+00 1.71e+07  -1.0 3.90e+01    -  6.56e-01 1.90e-03h  1
 475  6.9156079e+00 1.37e+00 3.64e+07  -1.0 3.87e+01    -  1.89e-02 6.13e-02h  1
 476  6.9133448e+00 1.36e+00 3.83e+07  -1.0 3.00e+01    -  7.61e-04 5.17e-03h  1
 477  6.8473969e+00 1.44e+00 5.11e+07  -1.0 9.22e+01    -  1.15e-03 2.63e-02f  2
 478  6.8468005e+00 1.43e+00 5.12e+07  -1.0 1.25e+01    -  6.67e-01 2.15e-03h  1
 479  6.8315531e+00 1.31e+00 5.68e+07  -1.0 1.25e+01    -  2.08e-02 8.51e-02h  1
iter    objective    inf_pr   inf_du lg(mu)  ||d||  lg(rg) alpha_du alpha_pr  ls
 480  6.8260966e+00 1.28e+00 5.91e+07  -1.0 1.24e+01    -  6.72e-04 2.30e-02h  1
 481  6.8228441e+00 1.28e+00 6.26e+07  -1.0 1.53e+02    -  1.50e-03 1.25e-03h  1
 482  6.8229044e+00 1.28e+00 6.27e+07  -1.0 2.50e+01    -  4.44e-01 1.73e-04h  1
 483  6.8889305e+00 1.29e+00 9.93e+07  -1.0 2.46e+01    -  2.70e-02 9.05e-02h  1
 484  6.8888350e+00 1.29e+00 9.96e+07  -1.0 1.65e+01    -  5.11e-02 1.02e-03h  1
 485  6.8659596e+00 1.29e+00 1.07e+08  -1.0 2.98e+02    -  7.68e-03 1.40e-03h  5
 486  6.8592007e+00 1.27e+00 1.09e+08  -1.0 1.79e+01    -  2.29e-03 1.33e-02h  1
 487  6.8110404e+00 1.29e+00 1.49e+08  -1.0 1.72e+01    -  1.62e-04 1.60e-01f  2
 488  6.8091699e+00 1.28e+00 1.50e+08  -1.0 1.18e+01    -  6.03e-01 5.88e-03h  1
 489  6.8094832e+00 1.30e+00 1.52e+08  -1.0 2.05e+02    -  6.06e-03 4.21e-03h  1
iter    objective    inf_pr   inf_du lg(mu)  ||d||  lg(rg) alpha_du alpha_pr  ls
 490  6.8094262e+00 1.30e+00 1.52e+08  -1.0 1.01e+01    -  2.20e-03 8.31e-04h  1
 491  6.8129672e+00 1.16e+00 1.46e+08  -1.0 1.01e+01    -  1.00e+00 2.14e-01h  1
 492  6.8125965e+00 1.16e+00 1.46e+08  -1.0 8.94e+00    -  1.62e-01 2.67e-03h  1
 493  6.7880948e+00 1.16e+00 1.57e+08  -1.0 2.24e+02    -  5.03e-03 1.77e-03h  1
 494  6.7874764e+00 1.16e+00 1.57e+08  -1.0 1.07e+01    -  1.54e-01 2.40e-03h  1
 495  6.7654207e+00 1.06e+00 1.84e+08  -1.0 1.06e+01    -  4.11e-01 1.50e-01h  1
 496  6.7636076e+00 1.05e+00 1.85e+08  -1.0 1.00e+01    -  6.77e-03 8.16e-03h  1
 497  6.6884456e+00 1.23e+00 2.73e+08  -1.0 2.45e+02    -  4.69e-05 1.21e-02f  1
 498  6.6877921e+00 1.23e+00 2.74e+08  -1.0 5.40e+01    -  7.07e-02 3.16e-04h  3
 499  6.6872045e+00 1.23e+00 2.74e+08  -1.0 5.34e+01    -  7.15e-02 2.87e-04h  3
iter    objective    inf_pr   inf_du lg(mu)  ||d||  lg(rg) alpha_du alpha_pr  ls
 500  6.6751424e+00 1.22e+00 2.84e+08  -1.0 5.11e+01    -  8.37e-02 6.42e-03h  2
 501  6.6038452e+00 1.24e+00 3.24e+08  -1.0 3.83e+02    -  1.59e-03 3.36e-03f  3
 502  6.6075722e+00 1.16e+00 3.50e+08  -1.0 1.16e+01    -  2.48e-04 1.55e-01f  2
 503  6.5540850e+00 1.09e+00 3.94e+08  -1.0 1.05e+01    -  9.95e-02 2.72e-01H  1
 504  6.5553314e+00 1.08e+00 3.92e+08  -1.0 8.54e+00    -  3.57e-03 8.83e-03h  1
 505  6.5613066e+00 1.08e+00 3.86e+08  -1.0 2.91e+02    -  5.06e-05 1.13e-03h  1
 506  6.5610135e+00 1.08e+00 3.85e+08  -1.0 8.15e+00    -  1.79e-04 2.66e-03h  1
 507  6.5610047e+00 1.08e+00 3.85e+08  -1.0 8.18e+00    -  1.07e-01 8.07e-05h  1
 508  6.5529161e+00 9.17e-01 3.16e+08  -1.0 8.19e+00    -  2.77e-03 2.06e-01f  1
 509  6.5922528e+00 9.18e-01 3.04e+08  -1.0 6.69e+02    -  7.89e-05 6.34e-04f  2
iter    objective    inf_pr   inf_du lg(mu)  ||d||  lg(rg) alpha_du alpha_pr  ls
 510  6.5918090e+00 9.04e-01 3.00e+08  -1.0 4.09e+00    -  3.65e-01 1.53e-02h  1
 511  6.5918025e+00 9.04e-01 3.00e+08  -1.0 4.21e+00    -  5.00e-01 2.02e-04h  1
 512  6.6286022e+00 5.46e-01 2.54e+08  -1.0 4.55e+00    -  9.61e-01 8.89e-01h  1
 513  6.3835336e+00 2.73e+00 1.12e+09   1.1 8.02e+02    -  5.47e-02 1.88e-02f  1
 514  6.9726004e+00 2.13e+00 2.98e+08  -0.2 1.38e+01    -  1.43e-01 1.00e+00f  1
 515  7.0459735e+00 1.30e+00 3.67e+08  -0.2 9.94e+00    -  9.61e-02 5.89e-01h  1
 516  7.0473436e+00 1.30e+00 3.71e+08  -0.2 8.06e+01    -  1.49e-01 1.27e-03h  1
 517  7.0477374e+00 1.30e+00 3.71e+08  -0.2 7.46e+01    -  7.58e-02 2.91e-04h  1
 518  7.0551441e+00 1.30e+00 3.83e+08  -0.2 7.41e+01    -  8.30e-04 4.91e-03f  6
 519  7.0549201e+00 1.30e+00 3.82e+08  -0.2 4.59e+02    -  1.65e-02 4.36e-05h  1
iter    objective    inf_pr   inf_du lg(mu)  ||d||  lg(rg) alpha_du alpha_pr  ls
 520  6.8670707e+00 1.25e+00 4.15e+08  -0.2 1.37e+01    -  1.67e-01 3.35e-01F  1
 521  6.8662241e+00 1.24e+00 4.15e+08  -0.2 9.03e+00    -  2.13e-03 8.37e-03h  1
 522  6.8641737e+00 1.21e+00 4.15e+08  -0.2 8.97e+00    -  1.00e+00 2.35e-02h  1
 523  6.8167762e+00 1.23e+00 4.30e+08  -0.2 2.21e+02    -  7.30e-03 4.68e-03f  4
 524  6.7973631e+00 1.24e+00 4.49e+08  -0.2 7.67e+01    -  9.59e-03 1.29e-02f  4
 525  6.7823359e+00 1.25e+00 4.79e+08  -0.2 6.36e+01    -  2.27e-01 1.39e-02f  4
 526  6.7705576e+00 1.26e+00 5.28e+08  -0.2 5.23e+01    -  4.41e-02 1.57e-02h  4
 527  6.8432827e+00 1.26e+00 4.80e+08  -0.2 4.81e+02    -  9.18e-03 1.57e-03h  4
 528  7.2272164e+00 1.61e+00 3.23e+08  -0.2 4.94e+00    -  1.00e+00 1.00e+00h  1
 529  7.2586369e+00 1.32e+00 3.84e+08  -0.2 5.21e+00    -  4.04e-01 2.71e-01h  1
iter    objective    inf_pr   inf_du lg(mu)  ||d||  lg(rg) alpha_du alpha_pr  ls
 530  7.2591552e+00 1.32e+00 3.85e+08  -0.2 1.03e+02    -  6.44e-02 1.19e-04h  1
 531  7.2590088e+00 1.32e+00 3.91e+08  -0.2 7.10e+01    -  2.16e-03 1.35e-03h  1
 532  7.2466180e+00 1.32e+00 4.13e+08  -0.2 6.64e+01    -  3.50e-05 8.40e-03h  1
 533  7.2462438e+00 1.32e+00 4.13e+08  -0.2 6.93e+01    -  3.86e-01 1.88e-04h  1
 534  7.2256968e+00 1.32e+00 4.31e+08  -0.2 6.50e+01    -  2.75e-03 1.01e-02f  5
 535  7.2611378e+00 1.33e+00 4.62e+08  -0.2 2.60e+02    -  1.45e-03 3.11e-03f  4
 536  7.2675546e+00 1.32e+00 4.67e+08  -0.2 2.13e+01    -  4.99e-02 1.09e-02h  1
 537  7.3278167e+00 1.36e+00 5.10e+08  -0.2 2.12e+01    -  5.94e-04 8.73e-02f  3
 538  7.3366010e+00 1.31e+00 5.25e+08  -0.2 1.69e+01    -  7.21e-01 3.35e-02H  1
 539  7.3087778e+00 1.33e+00 6.27e+08  -0.2 2.71e+02    -  1.40e-02 3.98e-03f  3
iter    objective    inf_pr   inf_du lg(mu)  ||d||  lg(rg) alpha_du alpha_pr  ls
 540  7.2538688e+00 1.47e+00 7.15e+08  -0.2 1.92e+01    -  5.60e-03 1.23e-01f  2
 541  7.2517890e+00 1.46e+00 7.14e+08  -0.2 1.10e+01    -  2.04e-04 5.88e-03h  1
 542  7.2025499e+00 1.32e+00 7.01e+08  -0.2 1.10e+01    -  1.37e-01 1.90e-01f  1
 543  7.2670598e+00 1.32e+00 7.09e+08  -0.2 3.04e+02    -  1.30e-04 1.96e-03h  1
 544  7.2675192e+00 1.32e+00 7.09e+08  -0.2 1.21e+01    -  1.36e-03 4.13e-04h  1
 545  7.2678984e+00 1.32e+00 7.09e+08  -0.2 1.25e+02    -  1.78e-04 3.59e-05h  1
 546  7.5251049e+00 1.36e+00 8.82e+08  -0.2 1.42e+02    -  8.98e-03 2.27e-02f  2
 547  7.6030601e+00 1.35e+00 9.59e+08  -0.2 8.84e+01    -  1.17e-02 1.31e-02h  1
 548  7.6602501e+00 1.33e+00 1.04e+09  -0.2 1.18e+02    -  2.08e-02 1.24e-02f  3
 549  7.7355212e+00 1.30e+00 1.15e+09  -0.2 9.76e+01    -  2.76e-04 2.49e-02f  2
iter    objective    inf_pr   inf_du lg(mu)  ||d||  lg(rg) alpha_du alpha_pr  ls
 550  7.7582062e+00 1.28e+00 1.21e+09  -0.2 7.46e+01    -  6.54e-03 2.18e-02f  2
 551  7.7537872e+00 1.28e+00 1.21e+09  -0.2 3.65e+02    -  7.14e-04 1.29e-03h  1
 552  7.7533960e+00 1.27e+00 1.20e+09  -0.2 2.52e+00    -  8.08e-02 1.64e-03h  1
 553  7.7529740e+00 1.27e+00 1.20e+09  -0.2 2.46e+00    -  8.69e-04 1.91e-03f  2
 554  7.5600539e+00 1.47e-01 1.29e+08  -0.2 2.41e+00    -  1.53e-05 1.00e+00f  1
 555  7.4997527e+00 4.76e-01 4.15e+08   1.8 4.32e+02    -  1.07e-02 1.19e-02f  1
 556  7.4979141e+00 4.70e-01 4.13e+08   0.6 4.74e+00    -  5.82e-01 1.18e-02h  1
 557  7.4924915e+00 4.63e-01 4.11e+08   2.4 2.15e+01    -  2.21e-03 1.25e-02f  1
 558  7.4940041e+00 4.49e-01 4.24e+08   2.5 9.68e+01    -  4.39e-01 7.77e-03f  1
 559  7.5441439e+00 1.04e+00 5.15e+08   2.1 8.23e+01    -  5.87e-03 3.69e-02f  1
iter    objective    inf_pr   inf_du lg(mu)  ||d||  lg(rg) alpha_du alpha_pr  ls
 560  7.5445906e+00 1.04e+00 5.18e+08   2.1 5.64e+01    -  1.07e-01 9.14e-04h  1
 561  7.5431860e+00 1.03e+00 5.28e+08   2.1 6.75e+02    -  1.28e-02 3.21e-04f  6
 562  7.5405026e+00 9.42e-01 6.21e+08   2.1 1.36e+01    -  4.49e-01 1.46e-01f  1
 563  7.7061013e+00 2.72e+00 7.49e+08   2.1 1.23e+01    -  1.67e-01 4.89e-01f  1
 564  7.7147945e+00 2.30e+00 6.26e+08   2.1 7.05e+00    -  1.21e-01 1.79e-01h  1
 565  7.7243078e+00 2.30e+00 6.27e+08   2.1 4.40e+02    -  9.95e-04 1.39e-03f  3
 566  7.7469812e+00 2.28e+00 6.46e+08   2.1 5.57e+01    -  1.54e-01 1.55e-02f  2
 567  7.7935989e+00 2.27e+00 6.69e+08   2.1 4.90e+01    -  5.25e-03 3.03e-02f  2
 568  7.8126429e+00 2.24e+00 6.74e+08   2.1 3.73e+01    -  5.25e-02 1.75e-02h  3
 569  7.8746729e+00 2.27e+00 8.55e+08   2.1 5.33e+02    -  2.47e-03 3.57e-03f  2
iter    objective    inf_pr   inf_du lg(mu)  ||d||  lg(rg) alpha_du alpha_pr  ls
 570  7.8888563e+00 2.26e+00 8.81e+08   2.1 6.77e+01    -  3.05e-02 7.72e-03h  3
 571  7.9022022e+00 2.25e+00 9.03e+08   2.1 6.26e+01    -  1.40e-01 8.38e-03h  3
 572  7.9516614e+00 2.24e+00 9.66e+08   2.1 5.62e+01    -  6.28e-02 3.21e-02f  2
 573  7.9527397e+00 2.24e+00 9.75e+08   2.1 6.45e+02    -  6.21e-03 2.78e-04h  6
 574  7.9544508e+00 2.24e+00 9.91e+08   2.1 5.25e+02    -  2.45e-02 6.04e-04h  5
 575  7.9549077e+00 2.24e+00 1.01e+09   2.1 4.13e+02    -  5.56e-02 8.45e-04h  5
 576  7.9502888e+00 2.25e+00 1.06e+09   2.1 2.56e+02    -  1.29e-01 4.64e-03f  4
 577  7.9156562e+00 2.45e+00 1.27e+09   2.1 5.59e+02    -  7.04e-02 7.82e-03f  3
 578  7.9006556e+00 2.45e+00 1.28e+09   2.1 1.01e+02    -  1.38e-01 3.09e-03h  3
 579  7.7002970e+00 3.11e+00 1.46e+09   2.1 9.34e+01    -  2.24e-03 7.75e-02f  1
iter    objective    inf_pr   inf_du lg(mu)  ||d||  lg(rg) alpha_du alpha_pr  ls
 580  7.0930846e+00 2.70e+00 1.51e+09   2.1 3.62e+01    -  6.86e-01 3.63e-01F  1
 581  7.3025059e+00 2.61e+00 1.20e+09   2.1 9.35e+02    -  2.33e-03 8.10e-03f  3
 582  7.1503444e+00 6.70e-01 2.19e+08   2.1 6.25e+00    -  7.11e-01 7.50e-01h  1
 583  6.8316272e+00 6.07e-01 7.98e+08   2.1 1.26e+01    -  3.35e-01 6.38e-01H  1
 584  6.8389854e+00 4.01e-01 5.10e+08   2.1 4.33e+00    -  2.93e-01 5.78e-01f  1
 585  7.3676054e+00 4.34e+00 6.38e+08   2.9 6.74e+01    -  5.16e-02 1.14e-01f  1
 586  7.0879490e+00 2.81e+00 5.29e+08   2.1 1.68e+01    -  3.75e-02 3.82e-01F  1
 587  6.9619989e+00 2.38e+00 4.78e+08   2.1 1.30e+01    -  1.89e-01 2.55e-01h  1
 588  6.7463825e+00 1.89e+00 3.68e+08   2.1 1.10e+01    -  6.86e-03 5.55e-01h  1
 589  6.7000343e+00 1.56e+00 3.54e+08   2.1 7.22e+00    -  2.44e-01 2.03e-01h  1
iter    objective    inf_pr   inf_du lg(mu)  ||d||  lg(rg) alpha_du alpha_pr  ls
 590  6.7217849e+00 1.56e+00 3.38e+08   2.1 6.48e+02    -  1.12e-02 6.41e-04f  5
 591  6.7162538e+00 1.27e+00 2.75e+08   2.1 6.50e+00    -  1.17e-02 3.48e-01f  1
 592  6.7133076e+00 1.20e+00 2.70e+08   2.1 5.97e+00    -  3.50e-02 5.64e-02h  1
 593  6.7077387e+00 1.13e+00 2.58e+08   2.1 6.97e+00    -  6.05e-02 7.77e-02h  1
 594  6.7336776e+00 1.13e+00 2.44e+08   2.1 4.12e+02    -  5.93e-02 1.36e-03f  3
 595  6.7526619e+00 1.12e+00 2.48e+08   2.1 3.76e+01    -  7.13e-02 2.98e-02h  1
 596  6.7723830e+00 1.12e+00 2.84e+08   2.1 3.11e+01    -  2.80e-03 4.89e-02f  2
 597  6.7734033e+00 1.10e+00 3.08e+08   2.1 2.34e+01    -  8.15e-01 3.41e-02h  2
 598  6.7659929e+00 1.10e+00 3.16e+08   2.1 3.16e+02    -  1.90e-02 8.55e-04h  6
 599  6.7585599e+00 1.10e+00 3.25e+08   2.1 2.88e+02    -  8.15e-02 9.41e-04h  6
iter    objective    inf_pr   inf_du lg(mu)  ||d||  lg(rg) alpha_du alpha_pr  ls
 600  6.7544441e+00 1.10e+00 3.33e+08   2.1 2.44e+02    -  2.66e-02 7.52e-04h  7
 601  6.7505294e+00 1.10e+00 3.41e+08   2.1 2.33e+02    -  2.92e-02 7.83e-04f  7
 602  6.7345553e+00 1.09e+00 3.71e+08   2.1 2.42e+02    -  1.82e-02 3.10e-03f  5
 603  6.7114657e+00 1.09e+00 4.04e+08   2.1 2.13e+02    -  1.90e-01 3.67e-03f  5
 604  6.6789064e+00 1.11e+00 5.20e+08   2.1 2.01e+02    -  2.32e-03 1.21e-02f  4
 605  6.6765058e+00 1.11e+00 5.21e+08   2.1 3.21e+02    -  8.55e-02 2.17e-04h  4
 606  6.6629965e+00 1.11e+00 5.28e+08   2.1 1.34e+02    -  5.00e-01 2.60e-03h  4
 607  6.6359721e+00 1.10e+00 5.40e+08   2.1 1.02e+02    -  2.16e-01 6.70e-03h  5
 608  6.6059512e+00 1.09e+00 5.52e+08   2.1 7.17e+01    -  3.69e-01 9.63e-03f  5
 609  6.6095181e+00 1.09e+00 5.61e+08   2.1 3.83e+02    -  1.07e-01 9.63e-04h  7
iter    objective    inf_pr   inf_du lg(mu)  ||d||  lg(rg) alpha_du alpha_pr  ls
 610  6.2896484e+00 7.91e-01 6.17e+08   2.1 1.52e+01    -  3.97e-01 6.97e-01H  1
 611  6.2057209e+00 1.01e+00 6.63e+08   2.1 1.68e+01    -  4.50e-02 3.08e-01F  1
 612  6.1777291e+00 9.27e-01 6.39e+08   2.1 8.12e+00    -  6.48e-02 1.96e-01h  1
 613  6.1380747e+00 1.09e+00 5.23e+08   2.1 9.70e+00    -  2.40e-01 1.91e-01f  2
 614  6.1369047e+00 1.09e+00 5.01e+08   2.1 4.64e+02    -  4.12e-02 6.53e-04h  7
 615  6.0728617e+00 5.53e-01 1.50e+08   2.1 3.61e+00    -  1.88e-01 5.81e-01h  1
 616  6.0249659e+00 1.00e+00 1.34e+08   2.9 3.28e+00    -  4.48e-03 1.00e+00f  1
 617  6.0224052e+00 9.97e-01 1.36e+08   2.3 2.85e+01    -  2.75e-01 1.16e-02h  5
 618  6.0194606e+00 9.97e-01 1.39e+08   2.3 7.47e+01    -  1.03e-02 2.46e-03f  6
 619  5.9814112e+00 1.14e+00 1.63e+08   2.3 7.15e+01    -  2.34e-01 2.01e-02f  3
iter    objective    inf_pr   inf_du lg(mu)  ||d||  lg(rg) alpha_du alpha_pr  ls
 620  5.9116160e+00 1.64e+00 2.02e+08   2.3 6.29e+01    -  3.72e-03 4.24e-02f  2
 621  5.9930274e+00 1.66e+00 2.35e+08   2.3 4.09e+02    -  1.11e-02 3.93e-03f  4
 622  5.9758975e+00 1.56e+00 2.31e+08   2.3 4.27e+00    -  4.35e-01 6.44e-02h  4
 623  5.9715114e+00 1.56e+00 2.35e+08   2.3 1.01e+02    -  8.92e-03 1.01e-03f  6
 624  5.9664051e+00 1.56e+00 2.39e+08   2.3 1.06e+02    -  2.97e-02 1.11e-03f  6
 625  5.9554134e+00 1.56e+00 2.49e+08   2.3 1.06e+02    -  2.07e-02 2.40e-03f  5
 626  5.9505871e+00 1.56e+00 2.51e+08   2.3 2.76e+02    -  6.20e-02 4.05e-04h  6
 627  5.9336771e+00 1.56e+00 2.58e+08   2.3 4.34e+01    -  9.20e-02 7.69e-03h  5
 628  5.9163856e+00 1.55e+00 2.66e+08   2.3 4.29e+01    -  9.12e-02 7.86e-03h  5
 629  5.8503526e+00 1.59e+00 3.01e+08   2.3 4.13e+01    -  1.14e-01 3.43e-02f  3
iter    objective    inf_pr   inf_du lg(mu)  ||d||  lg(rg) alpha_du alpha_pr  ls
 630  5.8476313e+00 1.59e+00 3.08e+08   2.3 3.41e+02    -  2.57e-02 6.38e-04h  7
 631  5.5456814e+00 5.17e-01 4.59e+08   2.3 6.86e+00    -  4.21e-02 7.41e-01H  1
 632  5.5214085e+00 5.04e-01 4.45e+08   2.9 1.15e+01    -  2.44e-01 3.10e-02h  1
 633  5.3661525e+00 6.62e-01 3.69e+08   2.9 8.05e+00    -  7.30e-03 2.61e-01f  1
 634  5.3526035e+00 6.39e-01 3.74e+08   2.9 4.75e+00    -  2.33e-01 3.87e-02h  1
 635  5.5744789e+00 9.00e-01 6.50e+08   2.9 3.96e+02    -  7.64e-03 1.36e-02f  3
 636  5.3336992e+00 3.96e-01 5.87e+08   2.6 3.06e+00    -  2.95e-01 6.35e-01h  1
 637  5.1973301e+00 1.12e+00 4.08e+08   2.9 4.72e+00    -  1.05e-01 1.00e+00f  1
 638  5.1960040e+00 1.12e+00 4.15e+08   2.6 1.71e+02    -  8.92e-02 6.39e-04h  6
 639  5.1931831e+00 1.12e+00 4.26e+08   2.6 8.18e+01    -  1.18e-01 2.08e-03h  5
iter    objective    inf_pr   inf_du lg(mu)  ||d||  lg(rg) alpha_du alpha_pr  ls
 640  5.1884956e+00 1.12e+00 4.46e+08   2.6 7.42e+01    -  7.87e-02 4.37e-03f  4
 641  5.1831589e+00 1.17e+00 5.14e+08   2.6 5.89e+01    -  4.65e-02 2.02e-02f  2
 642  5.4190014e+00 1.66e+00 7.38e+08   2.6 5.61e+02    -  3.27e-02 1.04e-02f  3
 643  5.4401528e+00 1.51e+00 7.64e+08   2.6 1.14e+01    -  2.33e-02 2.28e-01h  1
 644  5.4441003e+00 1.47e+00 7.54e+08   2.6 6.93e+00    -  4.41e-01 3.09e-02f  2
 645  5.4529341e+00 7.51e-01 5.15e+08   2.6 6.94e+00    -  7.97e-03 6.06e-01F  1
 646  5.6067438e+00 9.04e-01 4.95e+08   2.6 4.49e+02    -  1.57e-02 7.34e-03f  2
 647  5.6769840e+00 9.13e-01 4.77e+08   2.6 1.61e+01    -  2.95e-01 1.45e-01f  2
 648  5.7248160e+00 9.45e-01 4.64e+08   2.6 1.48e+01    -  1.62e-01 1.06e-01f  2
 649  5.8910049e+00 1.30e+00 4.64e+08   2.6 1.38e+01    -  6.31e-03 2.49e-01f  1
iter    objective    inf_pr   inf_du lg(mu)  ||d||  lg(rg) alpha_du alpha_pr  ls
 650  5.9713640e+00 1.49e+00 7.01e+08   2.6 4.46e+02    -  2.75e-02 9.04e-03f  2
 651  6.0145792e+00 1.56e+00 8.13e+08   2.6 2.96e+01    -  3.85e-01 1.33e-01f  2
 652  5.9994865e+00 1.34e+00 8.01e+08   2.6 2.22e+01    -  1.45e-02 4.13e-01H  1
 653  5.9172427e+00 5.12e-01 4.88e+08   2.6 1.07e+01    -  4.00e-01 7.27e-01F  1
 654  5.9125344e+00 5.12e-01 4.91e+08   2.6 4.43e+02    -  2.30e-02 3.51e-04h  6
 655  5.8153987e+00 5.36e-01 4.48e+08   2.6 1.46e+01    -  4.60e-01 3.41e-01H  1
 656  6.0726798e+00 2.39e+00 4.88e+08   2.6 8.23e+00    -  6.16e-02 8.98e-01f  1
 657  5.9872595e+00 1.68e+00 3.11e+08   2.6 6.32e+00    -  1.23e-01 4.87e-01f  1
 658  5.8595323e+00 1.78e+00 4.96e+08   2.6 2.99e+02    -  4.31e-02 1.27e-02f  2
 659  5.8058539e+00 1.74e+00 4.88e+08   2.6 2.08e+01    -  3.28e-01 3.49e-02h  1
iter    objective    inf_pr   inf_du lg(mu)  ||d||  lg(rg) alpha_du alpha_pr  ls
 660  5.6735917e+00 1.67e+00 6.21e+08   2.6 1.76e+01    -  3.11e-02 1.05e-01f  1
 661  5.6675380e+00 1.66e+00 6.22e+08   2.6 1.25e+01    -  3.39e-01 5.36e-03h  2
 662  5.6607553e+00 1.68e+00 6.22e+08   2.6 4.60e+02    -  5.97e-03 5.41e-03f  4
 663  5.5966025e+00 1.65e+00 6.57e+08   2.6 2.87e+01    -  1.37e-02 4.88e-02f  4
 664  5.2038381e+00 1.27e+00 8.09e+08   2.6 2.33e+01    -  3.21e-01 3.54e-01H  1
 665  4.8700977e+00 1.70e+00 9.84e+08   2.6 6.58e+00    -  1.62e-01 6.21e-01f  1
 666  4.9496223e+00 1.61e+00 6.94e+08   2.6 3.12e+02    -  1.90e-02 1.50e-02f  2
 667  4.9067637e+00 1.35e+00 7.95e+08   2.6 1.48e+01    -  1.19e-01 2.48e-01h  1
 668  4.5871410e+00 1.44e+00 6.27e+08   2.6 8.54e+00    -  1.43e-02 6.85e-01f  1
 669  4.5336946e+00 1.22e+00 5.84e+08   2.6 3.27e+00    -  2.20e-01 1.50e-01h  1
iter    objective    inf_pr   inf_du lg(mu)  ||d||  lg(rg) alpha_du alpha_pr  ls
 670  4.4951598e+00 1.22e+00 6.36e+08   2.6 3.39e+01    -  8.57e-03 2.04e-02f  2
 671  4.4778168e+00 1.22e+00 6.67e+08   2.6 8.50e+01    -  1.13e-02 8.70e-03f  3
 672  4.4696966e+00 1.22e+00 6.82e+08   2.6 4.96e+01    -  1.95e-01 4.28e-03h  4
 673  4.4315050e+00 1.26e+00 7.69e+08   2.6 4.90e+01    -  2.99e-02 2.62e-02f  3
 674  4.4073509e+00 1.27e+00 8.27e+08   2.6 4.57e+01    -  3.73e-02 2.30e-02f  3
 675  4.6387368e+00 2.48e+00 6.55e+08   2.6 3.62e+02    -  3.98e-03 3.63e-02f  2
 676  4.4854727e+00 2.03e+00 3.00e+08   2.6 9.37e+00    -  6.19e-02 8.56e-01f  1
 677  4.4837031e+00 2.01e+00 2.97e+08   2.6 8.39e+00    -  2.73e-01 9.86e-03h  1
 678  3.9924554e+00 3.48e+00 2.21e+08   2.6 1.44e+01    -  8.41e-03 6.54e-01F  1
 679  4.0041523e+00 3.28e+00 2.02e+08   2.6 5.38e+00    -  3.82e-01 5.59e-02f  2
iter    objective    inf_pr   inf_du lg(mu)  ||d||  lg(rg) alpha_du alpha_pr  ls
 680  4.2412561e+00 2.48e+00 1.67e+08   2.6 1.24e+01    -  2.43e-01 2.36e-01h  1
 681  4.8551812e+00 2.51e+00 3.64e+08   2.6 6.36e+01    -  6.18e-03 1.06e-01h  1
 682  5.6627113e+00 2.30e+00 4.24e+08   2.6 2.89e+01    -  5.28e-02 2.52e-01f  1
 683  6.1771331e+00 1.69e+00 3.99e+08   2.6 1.53e+01    -  4.00e-01 4.07e-01f  1
 684  7.3529970e+00 2.55e+00 5.48e+08   2.6 1.41e+01    -  2.67e-01 6.02e-01f  1
 685  7.4055805e+00 2.57e+00 4.82e+08   2.6 3.08e+02    -  3.77e-02 1.20e-02f  2
 686  7.4083475e+00 1.95e+00 2.67e+08   2.6 1.55e+01    -  1.80e-01 3.65e-01h  1
 687  7.1994387e+00 1.22e+00 2.11e+08   2.6 6.01e+00    -  1.54e-01 4.04e-01f  1
 688  7.1331384e+00 1.13e+00 2.35e+08   2.6 2.87e+01    -  1.14e-01 1.12e-01f  2
 689  7.0861260e+00 1.09e+00 2.42e+08   2.6 2.81e+01    -  3.69e-01 3.90e-02h  2
iter    objective    inf_pr   inf_du lg(mu)  ||d||  lg(rg) alpha_du alpha_pr  ls
 690  7.0073313e+00 1.14e+00 2.41e+08   2.6 2.60e+01    -  1.44e-02 7.80e-02H  1
 691  6.9837977e+00 1.12e+00 2.35e+08   2.6 2.18e+01    -  4.94e-01 2.77e-02h  1
 692  6.9036503e+00 1.12e+00 2.25e+08   2.6 3.93e+02    -  5.16e-02 5.40e-03f  4
 693  6.5852764e+00 7.28e-01 3.42e+08   2.6 4.15e+00    -  2.94e-01 1.00e+00f  1
 694  6.4832080e+00 4.96e-01 2.85e+08   2.6 5.79e+00    -  6.25e-01 3.33e-01h  1
 695  6.4711502e+00 4.93e-01 2.93e+08   2.6 1.59e+01    -  1.42e-01 8.62e-02f  2
 696  6.4601286e+00 4.84e-01 2.97e+08   2.6 1.65e+01    -  6.19e-02 6.83e-02f  2
 697  6.4538196e+00 5.03e-01 2.95e+08   2.6 1.53e+01    -  5.26e-01 7.21e-02f  2
 698  6.4466684e+00 5.02e-01 2.91e+08   2.6 5.46e+02    -  1.78e-02 1.19e-03h  3
 699  6.4412166e+00 3.38e-01 4.84e+07   2.6 5.89e+00    -  1.00e+00 4.63e-01h  1
iter    objective    inf_pr   inf_du lg(mu)  ||d||  lg(rg) alpha_du alpha_pr  ls
 700  6.4276954e+00 3.21e-01 5.01e+07   2.6 6.29e+00    -  4.90e-01 4.97e-02h  1
 701  6.7199382e+00 1.74e+00 2.75e+08   2.9 8.95e+01    -  7.62e-02 6.65e-02f  1
 702  6.5913140e+00 1.46e+00 2.47e+08   2.5 1.56e+01    -  1.05e-01 2.14e-01f  1
 703  6.5729970e+00 1.70e+00 3.32e+08   2.5 6.06e+01    -  7.11e-02 9.79e-02f  2
 704  6.5959630e+00 1.75e+00 3.55e+08   2.5 1.03e+02    -  1.13e-01 1.51e-02f  3
 705  6.6102444e+00 1.74e+00 3.62e+08   2.5 8.68e+01    -  1.84e-01 7.54e-03f  4
 706  6.7059780e+00 1.84e+00 3.88e+08   2.5 7.51e+01    -  1.29e-01 3.60e-02f  2
 707  6.7823716e+00 1.84e+00 4.05e+08   2.5 2.64e+02    -  1.06e-01 5.83e-03f  5
 708  6.7110152e+00 1.27e+00 2.62e+08   2.5 2.66e+00    -  1.00e+00 3.15e-01h  1
 709  6.5330103e+00 2.78e-01 6.45e+07   2.5 2.99e+00    -  8.30e-01 9.20e-01f  1
iter    objective    inf_pr   inf_du lg(mu)  ||d||  lg(rg) alpha_du alpha_pr  ls
 710  6.5332198e+00 4.46e-01 1.67e+08   2.9 3.80e+00    -  4.02e-01 1.00e+00f  1
 711  6.7799746e+00 8.50e-01 3.07e+08   2.7 6.16e+02    -  5.30e-03 1.11e-02f  3
 712  6.8394637e+00 4.26e-01 1.47e+08   2.7 4.17e+00    -  1.37e-01 5.54e-01h  1
 713  6.8689624e+00 2.08e-01 8.93e+07   2.7 2.86e+00    -  1.85e-01 1.00e+00f  1
 714  6.9484852e+00 1.69e-01 6.16e+07   2.7 4.99e+00    -  1.38e-01 2.75e-01h  1
 715  7.1869856e+00 1.74e-01 1.63e+08   2.9 1.95e+02    -  1.05e-01 1.20e-02f  2
 716  7.2986564e+00 1.61e-01 9.08e+07   2.6 3.00e+00    -  1.07e-01 9.12e-01h  1
 717  8.2700089e+00 2.47e+00 2.38e+08   2.9 1.66e+01    -  1.31e-01 6.67e-01f  1
 718  8.2555572e+00 2.27e+00 1.94e+08   2.7 1.38e+01    -  1.24e-01 8.46e-02h  1
 719  8.5241076e+00 2.71e+00 2.06e+08   2.7 7.70e+01    -  2.22e-02 6.54e-02f  2
iter    objective    inf_pr   inf_du lg(mu)  ||d||  lg(rg) alpha_du alpha_pr  ls
 720  8.5910498e+00 2.72e+00 2.67e+08   2.7 8.12e+01    -  5.40e-02 2.43e-02f  3
 721  8.6322640e+00 2.70e+00 3.10e+08   2.7 6.02e+01    -  1.17e-01 2.54e-02f  3
 722  8.6832159e+00 2.72e+00 3.68e+08   2.7 5.19e+01    -  1.18e-02 4.65e-02f  2
 723  8.6842607e+00 2.72e+00 3.70e+08   2.7 4.48e+02    -  2.15e-02 5.13e-04h  6
 724  8.6141453e+00 2.28e+00 3.27e+08   2.7 9.99e+00    -  3.14e-01 1.78e-01h  1
 725  8.6084442e+00 2.25e+00 3.23e+08   2.7 3.98e+00    -  3.78e-01 1.29e-02h  1
 726  8.4751579e+00 1.54e+00 2.43e+08   2.7 3.52e+00    -  1.99e-01 3.17e-01h  1
 727  8.5482026e+00 1.55e+00 2.89e+08   2.7 4.08e+02    -  5.52e-02 4.00e-03f  4
 728  8.2269176e+00 1.53e-01 8.15e+07   2.7 2.63e+00    -  1.00e+00 1.00e+00h  1
 729  8.0977204e+00 2.09e-01 1.76e+08   2.7 2.90e+00    -  6.83e-01 8.53e-01H  1
iter    objective    inf_pr   inf_du lg(mu)  ||d||  lg(rg) alpha_du alpha_pr  ls
 730  8.1490759e+00 3.21e-01 1.67e+08   2.9 6.91e+00    -  8.85e-02 5.05e-01f  1
 731  8.1507204e+00 3.21e-01 1.65e+08   2.6 4.62e+02    -  4.14e-02 4.59e-04h  6
 732  8.1712730e+00 4.13e-01 1.97e+08   2.6 2.91e+01    -  1.07e-01 8.73e-02f  2
 733  8.1787092e+00 4.49e-01 2.14e+08   2.6 2.32e+01    -  2.94e-02 8.52e-02f  2
 734  8.1757670e+00 4.43e-01 2.18e+08   2.6 2.09e+01    -  7.98e-01 2.19e-02h  4
 735  8.1761079e+00 4.43e-01 2.19e+08   2.6 3.98e+02    -  2.88e-02 1.06e-04h  7
 736  8.2938899e+00 1.32e+00 3.53e+08   2.6 2.90e+01    -  1.15e-01 2.55e-01f  2
 737  8.3015948e+00 1.50e+00 3.44e+08   2.6 2.04e+01    -  1.08e-01 3.03e-01f  2
 738  8.2689571e+00 1.43e+00 3.52e+08   2.6 1.51e+01    -  3.07e-01 3.42e-01f  2
 739  8.2688218e+00 1.42e+00 3.02e+08   2.6 4.70e+02    -  1.75e-02 2.63e-03f  4
iter    objective    inf_pr   inf_du lg(mu)  ||d||  lg(rg) alpha_du alpha_pr  ls
 740  8.2122671e+00 9.23e-01 2.09e+08   2.6 5.88e+00    -  9.39e-01 4.53e-01h  2
 741  8.1599807e+00 7.80e-01 1.91e+08   2.6 7.36e+00    -  1.00e+00 2.03e-01h  2
 742  8.1305774e+00 7.06e-01 1.84e+08   2.6 7.09e+00    -  8.70e-01 1.11e-01h  2
 743  8.0549007e+00 7.33e-01 2.91e+08   2.6 3.24e+02    -  2.69e-02 6.65e-03f  3
 744  7.9789652e+00 7.25e-01 3.12e+08   2.6 1.95e+01    -  1.00e+00 5.82e-02h  3
 745  7.9134018e+00 7.12e-01 3.28e+08   2.6 1.88e+01    -  4.51e-01 4.77e-02h  4
 746  7.8444833e+00 6.97e-01 3.43e+08   2.6 1.85e+01    -  1.00e+00 4.98e-02h  4
 747  7.8211483e+00 7.03e-01 3.31e+08   2.6 3.37e+02    -  3.89e-02 2.43e-03f  6
 748  7.6824200e+00 5.56e-01 2.21e+08   2.6 4.99e+00    -  9.59e-01 4.24e-01f  2
 749  7.5855827e+00 4.71e-01 1.88e+08   2.6 4.69e+00    -  1.00e+00 2.86e-01h  2
iter    objective    inf_pr   inf_du lg(mu)  ||d||  lg(rg) alpha_du alpha_pr  ls
 750  7.5101443e+00 3.98e-01 1.66e+08   2.6 4.41e+00    -  1.00e+00 2.60e-01h  2
 751  7.4589257e+00 3.98e-01 1.98e+08   2.6 3.02e+02    -  1.30e-02 2.17e-03f  6
 752  7.4263697e+00 3.92e-01 2.05e+08   2.6 1.47e+01    -  1.00e+00 2.53e-02f  5
 753  7.3784124e+00 3.86e-01 2.16e+08   2.6 1.41e+01    -  2.52e-01 3.89e-02f  5
 754  7.2889198e+00 3.92e-01 2.33e+08   2.6 1.31e+01    -  1.00e+00 7.75e-02f  4
 755  7.0825104e+00 4.49e-01 3.18e+08   2.6 3.17e+02    -  3.20e-02 7.38e-03f  4
 756  7.0322427e+00 4.45e-01 3.25e+08   2.6 2.00e+01    -  1.00e+00 2.66e-02h  5
 757  6.9836650e+00 4.41e-01 3.32e+08   2.6 1.94e+01    -  4.25e-01 2.70e-02h  5
 758  6.9368588e+00 4.35e-01 3.38e+08   2.6 1.88e+01    -  1.00e+00 2.73e-02h  5
 759  6.6572827e+00 5.65e-01 5.55e+08   2.6 3.45e+02    -  1.73e-02 1.50e-02f  3
iter    objective    inf_pr   inf_du lg(mu)  ||d||  lg(rg) alpha_du alpha_pr  ls
 760  6.5520218e+00 3.39e-01 2.59e+08   2.6 4.91e+00    -  1.00e+00 7.48e-01h  1
 761  6.4298503e+00 2.27e-01 2.06e+08   2.6 5.24e+00    -  3.93e-01 7.75e-01H  1
 762  6.2787145e+00 2.01e-01 2.50e+08   2.9 3.05e+01    -  6.76e-02 1.21e-01f  1
 763  6.0708018e+00 2.13e+00 3.71e+08   2.9 3.35e+01    -  3.12e-01 3.13e-01f  1
 764  6.0405797e+00 2.08e+00 3.88e+08   2.6 2.13e+01    -  4.07e-02 1.75e-01f  1
 765  6.3905341e+00 2.47e+00 4.57e+08   2.6 1.09e+01    -  7.52e-02 1.00e+00f  1
 766  6.5606109e+00 2.33e+00 4.16e+08   2.6 2.99e+02    -  3.28e-02 9.49e-03h  2
 767  6.4424393e+00 6.03e-01 2.00e+08   2.6 6.92e+00    -  1.54e-01 7.74e-01h  1
 768  6.4937517e+00 6.78e-01 2.52e+08   2.6 1.83e+01    -  1.45e-02 1.22e-01f  2
 769  6.5360203e+00 1.10e+00 2.65e+08   2.6 1.37e+01    -  1.72e-02 2.93e-01f  1
iter    objective    inf_pr   inf_du lg(mu)  ||d||  lg(rg) alpha_du alpha_pr  ls
 770  6.5410782e+00 1.10e+00 2.73e+08   2.6 8.59e+01    -  1.30e-02 3.44e-03h  1
 771  6.5418944e+00 1.10e+00 2.78e+08   2.6 1.17e+02    -  4.50e-02 2.01e-03f  5
 772  6.5429374e+00 1.10e+00 2.86e+08   2.6 1.14e+02    -  1.79e-02 3.17e-03f  5
 773  6.5434969e+00 1.10e+00 2.94e+08   2.6 1.09e+02    -  1.10e-01 3.22e-03f  5
 774  6.5323731e+00 1.10e+00 3.06e+08   2.6 4.82e+02    -  1.12e-02 1.99e-03f  6
 775  6.4787507e+00 7.16e-01 2.53e+08   2.6 5.04e+00    -  2.10e-01 5.24e-01f  1
 776  6.4957211e+00 8.16e-01 2.98e+08   2.6 6.06e+01    -  1.21e-02 2.95e-02f  2
 777  6.5012893e+00 8.15e-01 3.00e+08   2.6 1.43e+02    -  6.07e-02 1.14e-03h  6
 778  6.5060087e+00 8.15e-01 3.03e+08   2.6 1.38e+02    -  5.95e-02 1.35e-03f  6
 779  6.5554814e+00 8.45e-01 3.31e+08   2.6 1.25e+02    -  2.40e-02 1.41e-02f  3
iter    objective    inf_pr   inf_du lg(mu)  ||d||  lg(rg) alpha_du alpha_pr  ls
 780  6.5860652e+00 8.63e-01 3.50e+08   2.6 1.02e+02    -  1.17e-01 1.38e-02f  3
 781  6.5291886e+00 2.16e+00 7.09e+08   2.6 3.65e+02    -  2.31e-03 2.84e-02f  2
 782  6.6865208e+00 1.26e+00 2.31e+08   2.6 8.88e+00    -  2.84e-01 9.73e-01h  1
 783  6.6796344e+00 1.16e+00 1.22e+08   2.6 1.28e+01    -  1.07e-02 3.41e-01f  1
 784  6.4234563e+00 3.52e-01 1.41e+08   2.6 1.13e+01    -  3.58e-02 5.26e-01H  1
 785  6.3831615e+00 4.31e-01 1.86e+08   2.6 2.20e+01    -  3.41e-01 1.79e-01f  2
 786  6.3701305e+00 4.65e-01 2.21e+08   2.6 5.93e+01    -  6.47e-02 2.76e-02f  3
 787  6.3632339e+00 4.65e-01 2.32e+08   2.6 4.76e+01    -  2.51e-01 1.05e-02h  4
 788  6.3468326e+00 4.70e-01 2.50e+08   2.6 1.01e+02    -  4.72e-02 6.70e-03f  3
 789  6.2918650e+00 5.00e-01 2.82e+08   2.6 7.38e+01    -  1.80e-01 2.28e-02f  2
iter    objective    inf_pr   inf_du lg(mu)  ||d||  lg(rg) alpha_du alpha_pr  ls
 790  6.1668475e+00 6.50e-01 3.92e+08   2.6 4.70e+01    -  6.02e-02 6.99e-02f  2
 791  6.1384927e+00 6.51e-01 4.04e+08   2.6 3.98e+01    -  4.06e-01 1.39e-02f  4
 792  6.0680782e+00 6.80e-01 4.34e+08   2.6 3.21e+01    -  1.70e-01 4.13e-02f  3
 793  6.5298318e+00 2.98e+00 5.49e+08   2.6 2.72e+02    -  2.71e-02 3.80e-02f  2
 794  6.5137740e+00 2.87e+00 6.15e+08   2.6 4.18e+01    -  1.62e-01 8.61e-02h  2
 795  6.5429918e+00 2.86e+00 6.49e+08   2.6 1.16e+02    -  7.74e-02 2.81e-02f  2
 796  6.5520676e+00 2.82e+00 6.60e+08   2.6 8.69e+01    -  8.27e-02 3.22e-02f  2
 797  6.5293928e+00 2.75e+00 6.55e+08   2.6 4.99e+01    -  2.16e-01 2.74e-02h  3
 798  6.5515552e+00 2.76e+00 5.62e+08   2.6 2.32e+02    -  2.36e-02 9.66e-03f  4
 799  6.4395885e+00 2.29e+00 4.36e+08   2.6 2.95e+00    -  7.54e-01 1.69e-01h  3
iter    objective    inf_pr   inf_du lg(mu)  ||d||  lg(rg) alpha_du alpha_pr  ls
 800  6.4071075e+00 2.19e+00 4.18e+08   2.6 7.52e+00    -  9.56e-01 4.64e-02h  4
 801  6.4013431e+00 2.17e+00 4.13e+08   2.6 8.00e+00    -  1.00e+00 8.66e-03h  6
 802  6.4692438e+00 1.88e+00 2.97e+08   2.6 3.82e+01    -  1.31e-01 1.14e-01h  3
 803  6.2508387e+00 1.38e+00 2.55e+08   2.6 9.16e+00    -  1.00e+00 2.82e-01h  1
 804  6.0230836e+00 1.29e+00 2.60e+08   2.6 2.17e+01    -  5.91e-01 1.11e-01h  2
 805  5.6832073e+00 1.03e+00 2.99e+08   2.6 1.31e+01    -  1.50e-01 4.40e-01H  1
 806  5.6765667e+00 1.03e+00 3.28e+08   2.6 1.96e+01    -  1.64e-01 7.66e-02h  1
 807  5.7750348e+00 9.75e-01 3.62e+08   2.6 1.52e+01    -  2.72e-01 3.84e-01F  1
 808  5.9209008e+00 8.98e-01 1.14e+08   2.6 6.44e+00    -  4.53e-01 1.00e+00f  1
 809  6.1519602e+00 9.38e-01 3.65e+08   2.6 1.97e+02    -  2.93e-02 2.47e-02f  3
iter    objective    inf_pr   inf_du lg(mu)  ||d||  lg(rg) alpha_du alpha_pr  ls
 810  6.0775054e+00 5.43e-01 2.14e+08   2.6 5.58e+00    -  2.48e-01 5.69e-01f  1
 811  6.1729024e+00 5.67e-01 8.26e+07   2.6 4.48e+00    -  2.69e-01 1.00e+00f  1
 812  6.3641957e+00 7.84e-01 1.01e+08   2.6 1.07e+01    -  1.61e-02 5.44e-01f  1
 813  6.2750158e+00 2.28e+00 1.59e+08   2.6 1.59e+01    -  2.21e-01 6.52e-01F  1
 814  6.5238233e+00 1.88e+00 1.01e+08   2.6 1.82e+01    -  1.63e-01 6.79e-01F  1
 815  6.7710756e+00 7.85e-01 9.95e+07   2.6 1.72e+01    -  2.04e-02 2.69e-01h  1
 816  6.9681993e+00 3.29e-01 1.05e+08   2.6 9.92e+00    -  3.30e-01 3.85e-01h  1
 817  7.0330814e+00 2.05e-01 1.27e+08   2.6 9.04e+00    -  7.05e-01 4.81e-01H  1
 818  7.0198305e+00 2.05e-01 1.24e+08   2.6 1.57e+02    -  6.52e-02 1.50e-03h  6
 819  6.9303144e+00 1.50e-01 7.80e+07   2.6 4.74e+00    -  1.00e+00 7.29e-01H  1
iter    objective    inf_pr   inf_du lg(mu)  ||d||  lg(rg) alpha_du alpha_pr  ls
 820  6.8652873e+00 3.74e-02 3.50e+07   2.3 5.98e+00    -  1.00e+00 6.95e-01H  1
 821  6.8387225e+00 5.00e-01 8.08e+07   2.5 2.18e+01    -  1.00e+00 2.32e-01f  2
 822  6.8318460e+00 4.98e-01 8.29e+07   2.4 1.96e+01    -  6.45e-01 6.59e-02f  3
 823  6.8275114e+00 4.92e-01 8.42e+07   2.4 1.91e+01    -  4.80e-01 5.33e-02f  3
 824  7.5990396e+00 2.63e+00 3.50e+08   2.4 2.21e+02    -  1.25e-02 3.00e-02f  2
 825  7.3334158e+00 1.20e+00 8.98e+07   2.4 4.01e+00    -  1.00e+00 1.00e+00f  1
 826  7.1959289e+00 3.68e-01 6.71e+07   2.4 3.49e+00    -  3.93e-01 7.20e-01h  1
 827  7.1796509e+00 3.34e-01 6.53e+07   2.4 5.45e+00    -  4.04e-01 9.22e-02h  1
 828  7.1748583e+00 6.27e-01 1.10e+08   2.4 1.84e+02    -  1.33e-02 2.99e-02f  2
 829  7.1880797e+00 8.36e-01 1.41e+08   2.4 1.25e+02    -  6.96e-02 2.45e-02f  2
iter    objective    inf_pr   inf_du lg(mu)  ||d||  lg(rg) alpha_du alpha_pr  ls
 830  7.1896143e+00 8.37e-01 1.45e+08   2.4 9.43e+01    -  1.42e-01 4.51e-03f  4
 831  7.2027889e+00 9.15e-01 1.72e+08   2.4 8.67e+01    -  2.36e-02 2.15e-02f  2
 832  7.3423591e+00 9.34e-01 3.98e+08   2.4 2.93e+02    -  2.12e-02 1.18e-02f  3
 833  7.1662466e+00 2.84e-01 9.08e+07   2.4 2.45e+00    -  2.50e-01 1.00e+00f  1
 834  7.1560286e+00 2.70e-01 9.81e+07   2.4 6.95e+00    -  7.56e-01 5.20e-02h  1
 835  7.0786567e+00 3.03e-01 1.40e+08   2.4 5.51e+00    -  1.00e+00 5.43e-01h  1
 836  7.1013225e+00 4.05e-01 1.14e+08   2.4 8.94e+00    -  6.69e-01 6.09e-01H  1
 837  7.1031118e+00 3.96e-01 1.19e+08   2.4 1.47e+01    -  1.00e+00 4.36e-02h  1
 838  7.1065466e+00 3.95e-01 1.20e+08   2.4 3.49e+01    -  1.00e+00 1.02e-02f  3
 839  7.1069868e+00 3.96e-01 1.21e+08   2.4 1.39e+02    -  2.38e-01 8.96e-04h  7
iter    objective    inf_pr   inf_du lg(mu)  ||d||  lg(rg) alpha_du alpha_pr  ls
 840  7.1080793e+00 3.95e-01 1.18e+08   2.4 5.16e+01    -  1.00e+00 4.75e-03h  6
 841  7.0816879e+00 4.01e-01 1.14e+08   2.4 3.36e+01    -  3.14e-01 2.78e-02f  5
 842  7.0381038e+00 4.02e-01 1.11e+08   2.4 5.28e+01    -  4.01e-01 1.15e-02f  6
 843  7.0071269e+00 4.02e-01 1.09e+08   2.4 7.51e+01    -  1.08e-01 4.31e-03f  7
 844  6.9749619e+00 4.02e-01 1.07e+08   2.4 9.31e+01    -  3.98e-01 3.59e-03f  7
 845  6.9421969e+00 4.03e-01 1.08e+08   2.4 1.04e+02    -  1.68e-02 3.01e-03f  7
 846  6.2124195e+00 2.50e+00 4.52e+08   2.4 1.23e+02    -  6.61e-02 8.84e-02f  2
 847  6.1960617e+00 2.49e+00 4.69e+08   2.4 1.45e+02    -  1.05e-01 1.13e-02h  5
 848  6.6242629e+00 3.13e+00 3.11e+08   2.4 5.35e+01    -  6.15e-01 2.44e-01H  1
 849  6.6833519e+00 2.26e+00 2.23e+08   2.4 1.46e+01    -  2.51e-01 2.81e-01H  1
iter    objective    inf_pr   inf_du lg(mu)  ||d||  lg(rg) alpha_du alpha_pr  ls
 850  7.0933553e+00 2.32e+00 4.75e+08   2.4 1.57e+01    -  5.89e-02 8.17e-01F  1
 851  6.9007670e+00 2.84e+00 9.47e+07   2.4 2.19e+01    -  4.51e-01 5.06e-01f  1
 852  6.6440813e+00 1.89e+00 6.10e+08   2.4 6.89e+00    -  8.02e-02 1.00e+00f  1
 853  6.8573900e+00 5.15e-01 1.77e+08   2.4 4.30e+00    -  7.44e-02 1.00e+00f  1
 854  6.8639326e+00 8.05e-02 2.10e+08   2.4 2.10e+00    -  4.28e-01 1.00e+00f  1
 855  6.5327775e+00 7.75e-01 2.00e+08   2.8 7.71e+00    -  1.00e+00 1.00e+00f  1
 856  6.6637824e+00 3.53e-01 1.58e+08   2.7 4.12e+00    -  6.63e-01 1.00e+00h  1
 857  6.9407360e+00 1.29e-01 1.67e+08   2.7 4.92e+00    -  5.85e-01 6.74e-01H  1
 858  7.1660208e+00 1.89e-01 2.84e+08   2.7 2.58e+00    -  5.00e-01 1.00e+00f  1
 859  7.4813825e+00 1.61e-01 3.96e+08   2.7 1.45e+01    -  4.46e-01 4.54e-01H  1
iter    objective    inf_pr   inf_du lg(mu)  ||d||  lg(rg) alpha_du alpha_pr  ls
 860  7.8275180e+00 1.91e-01 6.74e+08   2.7 1.63e+01    -  5.06e-01 9.26e-01H  1
 861  7.8048534e+00 1.00e+00 2.78e+08   2.7 5.94e+00    -  3.86e-01 1.00e+00F  1
 862  7.9185160e+00 7.79e-01 3.18e+08   2.7 1.49e+01    -  4.34e-01 1.30e-01h  3
 863  7.9279877e+00 7.68e-01 3.20e+08   2.7 1.45e+01    -  1.00e+00 1.28e-02h  6
 864  7.9302482e+00 7.66e-01 3.21e+08   2.7 1.42e+01    -  7.30e-01 3.15e-03h  8
 865  7.9146758e+00 8.24e-01 2.92e+08   2.7 5.63e+02    -  3.32e-03 3.32e-03s 14
 866  7.8568368e+00 3.44e-01 1.68e+08   2.7 3.36e+00    -  5.74e-01 5.74e-01s 14
 867  7.8679623e+00 2.52e-01 1.18e+08   2.7 6.01e+00    -  7.40e-01 7.40e-01s 14
 868  7.8761360e+00 2.31e-01 1.03e+08   2.7 6.12e+00    -  9.27e-02 9.27e-02s 14
 869r 7.8761360e+00 2.31e-01 1.00e+03   2.7 0.00e+00    -  0.00e+00 0.00e+00R  1
iter    objective    inf_pr   inf_du lg(mu)  ||d||  lg(rg) alpha_du alpha_pr  ls
 870r 7.8895472e+00 1.49e-01 4.69e+02   0.6 1.28e+00    -  8.60e-01 7.92e-01f  1
 871  7.8429206e+00 1.66e-01 1.53e+02   2.0 1.47e+04    -  3.61e-03 9.93e-05f  1
 872  7.6890474e+00 5.99e+00 3.78e+03   1.3 1.70e+02    -  8.24e-02 6.73e-02f  1
 873  7.8524946e+00 5.19e+00 7.05e+03   1.3 5.04e+01    -  5.28e-01 1.67e-01f  1
 874  7.5108488e+00 2.69e+00 1.04e+04   1.3 1.41e+01    -  7.29e-01 5.36e-01h  1
 875  7.4729617e+00 1.89e+00 1.94e+04   1.3 1.61e+01    -  1.00e+00 3.07e-01h  1
 876  7.5241640e+00 1.92e+00 3.15e+04   1.3 2.70e+01    -  1.00e+00 2.09e-01h  2
 877  7.6528317e+00 1.72e+00 7.68e+04   1.3 2.58e+01    -  1.00e+00 1.60e-01h  2
 878  7.7292536e+00 1.70e+00 1.89e+05   1.3 1.62e+01    -  1.00e+00 2.02e-01h  2
 879  8.1094646e+00 1.85e+00 9.46e+05   1.3 2.05e+01    -  2.86e-01 2.46e-01H  1
iter    objective    inf_pr   inf_du lg(mu)  ||d||  lg(rg) alpha_du alpha_pr  ls
 880  8.1896083e+00 1.77e+00 1.26e+06   1.3 3.04e+01    -  4.43e-01 1.64e-01h  1
 881  8.1958389e+00 1.62e+00 1.32e+06   1.3 1.90e+01    -  2.97e-01 1.12e-01h  1
 882  8.1181341e+00 1.39e+00 1.96e+06   1.3 1.02e+01    -  2.39e-01 2.72e-01h  1
 883  8.0289552e+00 1.16e+00 3.53e+06   1.3 7.68e+00    -  1.00e+00 4.05e-01h  1
 884  7.9975534e+00 9.78e-01 5.58e+06   1.3 9.54e+00    -  4.25e-01 3.36e-01h  1
 885  7.9413105e+00 7.87e-01 3.95e+06   1.3 5.79e+00    -  2.95e-01 2.28e-01h  1
 886  7.8061617e+00 5.08e-01 8.26e+06   1.3 3.85e+00    -  2.58e-01 5.75e-01h  1
 887  7.7771680e+00 3.97e-01 8.58e+06   1.3 3.00e+00    -  9.00e-01 2.40e-01h  1
 888  7.6650531e+00 1.89e-01 1.07e+07   1.3 2.97e+00    -  6.85e-01 1.00e+00h  1
 889  7.6333948e+00 1.49e-01 8.34e+06   1.3 2.65e+00    -  1.00e+00 2.67e-01h  1
iter    objective    inf_pr   inf_du lg(mu)  ||d||  lg(rg) alpha_du alpha_pr  ls
 890  7.4937493e+00 7.69e-02 2.33e+07   1.3 3.29e+00    -  8.78e-01 8.56e-01H  1
 891  7.4568278e+00 8.58e-02 1.67e+07   1.3 1.71e+00    -  1.00e+00 1.00e+00f  1
 892  7.4721261e+00 2.55e-02 6.16e+06   1.3 9.53e-01    -  1.00e+00 1.00e+00h  1
 893  7.4200529e+00 2.24e-02 1.21e+07   1.2 1.36e+00    -  9.36e-01 6.64e-01H  1
 894  7.3011329e+00 2.28e-02 2.61e+07   0.5 1.57e+00    -  1.00e+00 7.33e-01H  1
 895  6.9746523e+00 5.58e-01 8.93e+07   0.9 7.02e+00    -  1.00e+00 5.11e-01f  1
 896  6.9686857e+00 5.56e-01 9.01e+07   0.8 1.53e+01    -  3.81e-01 3.41e-03h  1
 897  6.9052097e+00 4.43e-01 1.11e+08   0.8 6.94e+00    -  1.00e+00 3.11e-01h  1
 898  6.9067129e+00 4.35e-01 1.06e+08   0.8 1.65e+01    -  9.57e-01 2.44e-02h  1
 899  6.8279455e+00 9.80e-02 6.78e+07   0.8 8.50e+00    -  1.00e+00 1.00e+00H  1
iter    objective    inf_pr   inf_du lg(mu)  ||d||  lg(rg) alpha_du alpha_pr  ls
 900  6.8860630e+00 1.34e-01 3.14e+07   2.7 3.72e+00    -  1.00e+00 1.00e+00f  1
 901  6.8283378e+00 4.93e-02 4.98e+07   2.7 2.97e+00    -  8.67e-01 1.00e+00H  1
 902  6.8093566e+00 3.60e-02 3.84e+07   1.9 2.33e+00    -  1.00e+00 3.71e-01h  1
 903  6.7921515e+00 2.42e-02 2.47e+07   1.1 1.72e+00    -  8.93e-01 9.47e-01H  1
 904  6.7861634e+00 2.42e-02 1.45e+07   0.9 1.23e+00    -  1.00e+00 5.75e-01H  1
 905  6.7816777e+00 2.43e-02 1.44e+07  -0.1 1.04e+00    -  1.00e+00 7.64e-01H  1
 906  6.7842531e+00 2.43e-02 1.11e+07  -1.3 2.61e-01    -  1.00e+00 3.33e-01h  2
 907  6.7862908e+00 2.42e-02 9.69e+06  -2.0 5.30e-01    -  1.00e+00 1.06e-01h  4
 908  6.7898121e+00 2.42e-02 9.44e+06  -1.3 5.06e-01    -  1.00e+00 1.06e-01h  4
 909  6.7911839e+00 2.42e-02 9.24e+06  -2.4 9.19e-01    -  1.00e+00 3.04e-02h  6
iter    objective    inf_pr   inf_du lg(mu)  ||d||  lg(rg) alpha_du alpha_pr  ls
 910  6.7931397e+00 2.42e-02 1.04e+07  -3.1 6.67e-01    -  1.00e+00 5.23e-02h  5
 911  6.7942553e+00 2.42e-02 1.40e+07  -2.9 8.74e-01    -  1.00e+00 2.55e-02h  6
 912  6.7955078e+00 2.42e-02 1.25e+07  -2.1 8.13e-01    -  1.00e+00 3.09e-02h  6
 913  6.7968229e+00 2.42e-02 1.36e+07  -2.9 8.66e-01    -  1.00e+00 3.08e-02h  6
 914  6.7987753e+00 2.42e-02 1.54e+07  -4.0 7.10e-01    -  1.00e+00 5.21e-02h  5
 915  6.8001684e+00 2.41e-02 2.28e+07  -2.3 5.86e-01    -  1.00e+00 4.65e-02h  5
 916  6.8013219e+00 2.41e-02 1.72e+07  -3.0 7.91e-01    -  1.00e+00 3.12e-02h  6
 917  6.8028788e+00 2.41e-02 1.86e+07  -2.5 6.28e-01    -  1.00e+00 5.41e-02h  5
 918  6.8037252e+00 2.41e-02 1.98e+07  -3.1 6.63e-01    -  1.00e+00 3.12e-02h  6
 919  6.8049700e+00 2.41e-02 2.14e+07  -2.5 5.85e-01    -  1.00e+00 5.44e-02h  5
iter    objective    inf_pr   inf_du lg(mu)  ||d||  lg(rg) alpha_du alpha_pr  ls
 920  6.8056067e+00 2.41e-02 2.23e+07  -3.2 7.44e-01    -  1.00e+00 3.12e-02h  6
 921  6.8067335e+00 2.41e-02 2.39e+07  -2.6 5.50e-01    -  1.00e+00 5.47e-02h  5
 922  6.8078451e+00 2.41e-02 2.60e+07  -4.0 6.04e-01    -  1.00e+00 6.25e-02h  5
 923  6.8147601e+00 2.41e-02 2.66e+07  -2.4 4.30e-01    -  1.00e+00 5.51e-01H  1
 924  6.8192295e+00 2.41e-02 6.49e+07  -3.7 2.88e-01    -  1.00e+00 8.73e-01H  1
 925  6.8196392e+00 2.40e-02 4.96e+07  -4.0 1.59e-01    -  1.00e+00 7.26e-01H  1
 926  6.8185361e+00 2.40e-02 3.00e+07  -4.0 7.71e-02    -  1.00e+00 9.09e-01h  1
 927  6.8193462e+00 2.40e-02 3.82e+07  -4.0 4.06e-02    -  1.00e+00 1.00e+00h  1
 928  6.8180265e+00 2.40e-02 1.31e+07  -4.0 4.95e-02    -  1.00e+00 1.00e+00H  1
 929  6.8179009e+00 2.40e-02 2.47e+07  -4.0 6.70e-02    -  1.00e+00 1.00e+00h  1
iter    objective    inf_pr   inf_du lg(mu)  ||d||  lg(rg) alpha_du alpha_pr  ls
 930  6.8119132e+00 7.07e-02 1.12e+09  -4.0 1.46e+00    -  1.00e+00 1.00e+00h  1
 931  6.8336074e+00 3.80e-02 2.81e+08  -4.1 1.36e+00    -  1.00e+00 1.00e+00H  1
 932  6.8225097e+00 2.40e-02 2.04e+08  -4.1 2.66e-01    -  1.00e+00 1.00e+00h  1
 933  6.8181294e+00 2.40e-02 3.25e+07  -4.1 2.44e-01    -  1.00e+00 1.00e+00h  1
 934  6.8169601e+00 2.40e-02 5.44e+08  -4.1 3.68e-01    -  1.00e+00 1.00e+00H  1
 935  6.8181918e+00 2.40e-02 9.26e+07  -4.1 4.13e-01    -  1.00e+00 1.00e+00H  1
 936  6.8176856e+00 2.40e-02 4.56e+07  -4.1 1.68e-01    -  1.00e+00 1.00e+00H  1
 937  6.8179991e+00 2.40e-02 7.37e+07  -4.1 4.51e-02    -  1.00e+00 1.00e+00h  1
 938  6.8166747e+00 2.42e-02 7.56e+08  -4.0 5.76e-01    -  1.00e+00 1.00e+00H  1
 939  6.8201927e+00 2.39e-02 4.35e+07  -4.1 4.77e-01    -  1.00e+00 1.00e+00h  1
iter    objective    inf_pr   inf_du lg(mu)  ||d||  lg(rg) alpha_du alpha_pr  ls
 940  6.8191160e+00 2.40e-02 1.50e+07  -4.1 1.94e-02    -  1.00e+00 1.00e+00h  1
 941  6.8179774e+00 2.41e-02 1.08e+07  -4.0 6.99e-03    -  1.00e+00 1.00e+00h  1
 942  6.8175135e+00 2.40e-02 8.41e+06  -4.0 8.76e-03    -  1.00e+00 1.00e+00h  1
 943  6.8175492e+00 2.40e-02 2.10e+07  -4.0 2.65e-02    -  1.00e+00 1.25e-01h  4
 944  6.8182343e+00 2.40e-02 4.30e+07  -4.1 2.80e-02    -  1.00e+00 1.00e+00H  1
 945  6.8183628e+00 2.40e-02 4.09e+07  -4.0 9.69e-03    -  1.00e+00 1.00e+00h  1
 946  6.8184331e+00 2.40e-02 3.28e+07  -4.1 1.90e-02    -  1.00e+00 5.00e-01h  2
 947  6.8184836e+00 2.40e-02 3.61e+07  -4.0 4.09e-02    -  1.00e+00 1.25e-01h  4
 948  6.8185415e+00 2.40e-02 4.04e+07  -4.0 4.84e-02    -  1.00e+00 1.25e-01h  4
 949r 6.8185415e+00 2.40e-02 1.00e+03  -1.6 0.00e+00    -  0.00e+00 3.70e-07R 17
iter    objective    inf_pr   inf_du lg(mu)  ||d||  lg(rg) alpha_du alpha_pr  ls
 950r 6.8193528e+00 5.26e-02 9.97e+02   0.3 6.49e+00    -  5.27e-03 4.48e-03f  1
 951r 6.8333958e+00 2.81e-02 1.55e+03   0.3 1.06e+00    -  8.32e-01 8.15e-02f  1
 952r 6.8143760e+00 2.65e-02 1.28e+03  -0.3 1.11e+00    -  1.25e-01 3.25e-01f  1
 953r 6.8101044e+00 6.96e-02 1.21e+03  -0.3 5.95e-01    -  2.40e-01 8.49e-01f  1
 954r 6.7858423e+00 7.71e-02 3.63e+03  -0.3 9.50e-01    -  1.00e+00 1.00e+00f  1
 955r 6.8102367e+00 7.86e-02 2.40e+02  -0.3 3.65e-01    -  1.00e+00 1.00e+00f  1
 956r 6.8048533e+00 7.89e-02 1.97e+02  -0.3 1.04e-01    -  1.00e+00 1.00e+00h  1
 957r 6.8012040e+00 7.92e-02 9.71e+01  -0.3 5.51e-02    -  1.00e+00 1.00e+00h  1
 958r 6.7992970e+00 7.94e-02 1.19e+02  -0.3 4.32e-02    -  1.00e+00 1.00e+00h  1
 959r 6.7990515e+00 7.94e-02 9.71e+01  -0.3 2.96e-02    -  1.00e+00 1.00e+00h  1
iter    objective    inf_pr   inf_du lg(mu)  ||d||  lg(rg) alpha_du alpha_pr  ls
 960r 6.7991167e+00 7.94e-02 3.78e+01  -0.3 1.05e-02    -  1.00e+00 1.00e+00h  1
 961r 6.7990292e+00 7.94e-02 3.54e+00  -0.3 3.20e-03    -  1.00e+00 1.00e+00h  1
 962r 6.7944918e+00 8.05e-02 5.53e+02  -1.0 2.44e-01    -  1.00e+00 1.00e+00f  1
 963r 6.7513448e+00 8.19e-02 1.07e+03  -1.2 4.65e-01    -  1.00e+00 1.00e+00f  1
 964r 6.6797029e+00 8.55e-02 1.68e+03  -1.0 9.50e-01    -  1.00e+00 1.00e+00f  1
 965r 6.6913350e+00 8.41e-02 5.55e+02  -1.1 3.86e-01    -  1.00e+00 1.00e+00f  1
 966r 6.6981013e+00 8.37e-02 4.63e+02  -1.1 1.67e-01    -  1.00e+00 1.00e+00h  1
 967r 6.6875841e+00 8.39e-02 1.47e+02  -2.6 1.87e-01    -  1.00e+00 9.53e-01f  1
 968r 6.6451927e+00 8.80e-02 3.81e+03  -1.3 1.71e+00    -  1.00e+00 8.59e-01f  1
 969r 6.6264698e+00 8.62e-02 1.58e+03  -1.5 6.40e-01    -  1.00e+00 1.00e+00f  1
iter    objective    inf_pr   inf_du lg(mu)  ||d||  lg(rg) alpha_du alpha_pr  ls
 970r 6.6302827e+00 8.62e-02 1.44e+03  -1.5 3.19e-01    -  1.00e+00 1.00e+00h  1
 971r 6.6299352e+00 8.64e-02 9.39e+01  -1.5 6.79e-02    -  1.00e+00 1.00e+00h  1
 972r 6.6195114e+00 8.61e-02 2.76e+02  -2.2 2.16e-01    -  1.00e+00 1.00e+00f  1
 973r 6.5803960e+00 8.97e-02 2.12e+03  -1.7 2.31e+00    -  1.00e+00 4.15e-01f  1
 974r 6.5611532e+00 8.86e-02 1.30e+03  -2.0 4.79e-01    -  1.00e+00 1.00e+00h  1
 975r 6.5482500e+00 8.94e-02 1.71e+02  -2.0 1.55e-01    -  1.00e+00 1.00e+00h  1
 976r 6.5236799e+00 8.97e-02 2.13e+02  -2.9 1.83e-01    -  1.00e+00 9.11e-01f  1
 977r 6.4938240e+00 8.97e-02 5.91e+02  -3.6 1.02e+00    -  1.00e+00 2.42e-01f  1
 978r 6.4898901e+00 8.97e-02 4.00e+02  -4.0 3.18e-01    -  1.00e+00 2.33e-01f  1
 979r 6.4891622e+00 8.97e-02 9.04e+01  -4.0 8.38e-02    -  1.00e+00 9.23e-01f  1
iter    objective    inf_pr   inf_du lg(mu)  ||d||  lg(rg) alpha_du alpha_pr  ls
 980r 6.4902943e+00 8.97e-02 3.55e+01  -4.0 3.01e-02    -  1.00e+00 1.00e+00h  1
 981r 6.4916902e+00 8.97e-02 6.86e+01  -4.0 2.74e-02    -  1.00e+00 1.00e+00h  1
 982r 6.4938759e+00 8.97e-02 1.78e+02  -4.0 6.09e-02    -  1.00e+00 1.00e+00h  1
 983r 6.4953225e+00 8.97e-02 2.65e+02  -4.0 7.52e-02    -  1.00e+00 1.00e+00h  1
 984r 6.4934272e+00 8.97e-02 1.21e+02  -4.0 4.82e-02    -  1.00e+00 1.00e+00h  1
 985r 6.4928719e+00 8.97e-02 2.56e+01  -4.0 2.32e-02    -  1.00e+00 1.00e+00h  1
 986r 6.4932209e+00 8.97e-02 2.32e+01  -4.0 1.76e-02    -  1.00e+00 1.00e+00h  1
 987r 6.4925462e+00 8.97e-02 7.69e+01  -4.0 2.51e-02    -  1.00e+00 1.00e+00h  1
 988r 6.4924151e+00 8.97e-02 1.00e+02  -4.1 1.50e-02    -  1.00e+00 1.00e+00h  1
 989r 6.4927184e+00 8.97e-02 4.10e+01  -4.0 1.96e-02    -  1.00e+00 1.00e+00h  1
iter    objective    inf_pr   inf_du lg(mu)  ||d||  lg(rg) alpha_du alpha_pr  ls
 990r 6.4932488e+00 8.97e-02 6.58e+01  -4.1 1.44e-02    -  1.00e+00 1.00e+00h  1
 991r 6.4928988e+00 8.97e-02 5.79e+00  -4.0 1.61e-02    -  1.00e+00 1.00e+00h  1
 992r 6.4927659e+00 8.97e-02 9.17e+00  -4.1 2.41e-03    -  1.00e+00 1.00e+00h  1
 993r 6.4928839e+00 8.97e-02 5.88e+00  -4.0 2.54e-03    -  1.00e+00 1.00e+00h  1
 994r 6.4927794e+00 8.97e-02 3.01e+00  -4.1 2.56e-03    -  1.00e+00 1.00e+00h  1
 995r 6.4928950e+00 8.97e-02 4.30e+00  -4.1 2.69e-03    -  1.00e+00 1.00e+00H  1
 996r 6.4928864e+00 8.97e-02 1.63e+00  -4.0 5.48e-04    -  1.00e+00 1.00e+00f  1
 997r 6.4927497e+00 8.97e-02 2.00e+00  -4.1 2.71e-03    -  1.00e+00 1.00e+00f  1
 998r 6.4928719e+00 8.97e-02 3.01e-01  -4.1 2.82e-03    -  1.00e+00 1.00e+00h  1
 999r 6.4928740e+00 8.97e-02 2.32e-01  -4.1 5.91e-05    -  1.00e+00 1.00e+00h  1
iter    objective    inf_pr   inf_du lg(mu)  ||d||  lg(rg) alpha_du alpha_pr  ls
1000r 6.4928738e+00 8.97e-02 6.44e-02  -4.1 2.38e-05    -  1.00e+00 1.00e+00h  1

Number of Iterations....: 1000

                                   (scaled)                 (unscaled)
Objective...............:   6.4928737823648000e+00    6.4928737823648000e+00
Dual infeasibility......:   6.5812906091108347e-02    6.5812906091108347e-02
Constraint violation....:   8.9706145588544450e-02    8.9706145588544450e-02
Variable bound violation:   0.0000000000000000e+00    0.0000000000000000e+00
Complementarity.........:   8.0000089327067708e-05    8.0000089327067708e-05
Overall NLP error.......:   8.9706145588544450e-02    8.9706145588544450e-02


Number of objective function evaluations             = 2809
Number of objective gradient evaluations             = 898
Number of equality constraint evaluations            = 2809
Number of inequality constraint evaluations          = 2809
Number of equality constraint Jacobian evaluations   = 1007
Number of inequality constraint Jacobian evaluations = 1007
Number of Lagrangian Hessian evaluations             = 0
Total seconds in IPOPT                               = 1801.236

EXIT: Maximum Number of Iterations Exceeded.
