This is Ipopt version 3.14.19, running with linear solver MUMPS 5.8.2.

Number of nonzeros in equality constraint Jacobian...:   566581
Number of nonzeros in inequality constraint Jacobian.:     2412
Number of nonzeros in Lagrangian Hessian.............:        0

Total number of variables............................:     1851
                     variables with only lower bounds:        0
                variables with lower and upper bounds:      392
                     variables with only upper bounds:        0
Total number of equality constraints.................:     1782
Total number of inequality constraints...............:      265
        inequality constraints with only lower bounds:        0
   inequality constraints with lower and upper bounds:        0
        inequality constraints with only upper bounds:      265

iter    objective    inf_pr   inf_du lg(mu)  ||d||  lg(rg) alpha_du alpha_pr  ls
   0  2.5410493e-02 5.97e+00 1.00e+00   0.0 0.00e+00    -  0.00e+00 0.00e+00   0
   1  2.5376654e-02 5.90e+00 3.70e+01  -0.4 1.26e+01    -  3.11e-01 1.22e-02h  1
   2  2.6046929e-02 5.76e+00 6.31e+01   0.7 1.45e+01    -  3.64e-02 2.24e-02h  1
   3  4.3397083e-02 5.69e+00 1.02e+03   1.9 1.15e+02    -  3.41e-02 1.05e-02f  1
   4  5.2181168e-02 5.56e+00 1.90e+03  -4.0 2.37e+01    -  8.03e-02 2.20e-02h  1
   5  4.1748633e-01 5.12e+00 1.71e+03   0.9 6.15e+01    -  8.43e-02 9.69e-02h  1
   6  9.5774923e-01 4.75e+00 2.29e+03  -4.0 8.24e+01    -  6.72e-02 7.71e-02h  1
   7  1.4753327e+00 4.32e+00 3.28e+03   1.6 1.13e+02    -  5.18e-02 5.90e-02f  1
   8  1.9458413e+00 4.14e+00 3.83e+04   2.5 1.36e+02    -  3.68e-01 3.51e-02f  1
   9  3.8341760e+00 4.07e+00 8.64e+04   2.7 6.74e+01    -  1.38e-01 1.48e-01h  1
iter    objective    inf_pr   inf_du lg(mu)  ||d||  lg(rg) alpha_du alpha_pr  ls
  10  5.1478061e+00 3.68e+00 2.47e+05   2.8 4.17e+01    -  3.14e-01 1.73e-01h  1
  11  6.4197560e+00 4.11e+00 4.96e+05   2.8 3.85e+01    -  3.04e-01 2.25e-01h  1
  12  7.6663869e+00 3.76e+00 7.55e+05   2.8 3.47e+01    -  5.00e-01 2.15e-01h  1
  13  1.0691369e+01 2.73e+00 1.51e+06   2.8 2.50e+01    -  6.25e-01 4.67e-01H  1
  14  1.5264759e+01 1.87e+00 2.33e+06   2.8 2.83e+01    -  5.21e-01 5.34e-01H  1
  15  1.6850582e+01 1.03e+00 1.72e+06   2.8 1.06e+01    -  9.37e-01 6.36e-01h  1
  16  1.6709077e+01 6.71e-01 7.18e+05   2.5 1.76e+01    -  5.61e-01 5.63e-01F  1
  17  1.6653583e+01 4.94e-01 5.73e+05   1.5 9.46e+00    -  5.47e-01 5.15e-01h  1
  18  1.7601633e+01 8.02e-01 9.48e+05   2.6 9.13e+00    -  8.71e-01 7.82e-01f  1
  19  1.9005024e+01 1.33e+00 8.84e+05   2.4 1.04e+01    -  6.23e-01 1.00e+00f  1
iter    objective    inf_pr   inf_du lg(mu)  ||d||  lg(rg) alpha_du alpha_pr  ls
  20  1.8566517e+01 4.56e-01 7.76e+05   2.4 6.16e+00    -  9.62e-01 1.00e+00f  1
  21  1.8270250e+01 1.25e-01 2.94e+05   2.1 4.05e+00    -  1.00e+00 1.00e+00h  1
  22  1.8139330e+01 6.89e-02 2.24e+05   1.7 2.04e+00    -  1.00e+00 1.00e+00h  1
  23  1.7422598e+01 4.76e-02 3.56e+05   1.5 4.07e+00    -  9.26e-01 9.95e-01H  1
  24  1.7968759e+01 1.32e-01 2.89e+05   1.8 3.63e+00    -  1.00e+00 1.00e+00f  1
  25  1.7862829e+01 2.17e-02 1.19e+05   1.7 1.29e+00    -  1.00e+00 1.00e+00h  1
  26  1.7578281e+01 3.07e-03 1.03e+05   1.1 1.61e+00    -  9.33e-01 1.00e+00H  1
  27  1.7566532e+01 3.00e-03 1.05e+05   0.8 2.56e+00    -  1.00e+00 6.25e-02h  5
  28  1.7564500e+01 2.97e-03 1.05e+05   1.1 5.73e+00    -  1.00e+00 1.13e-02h  7
  29  1.7765686e+01 2.17e-01 2.84e+05   1.4 7.43e+00    -  1.00e+00 3.68e-01f  2
iter    objective    inf_pr   inf_du lg(mu)  ||d||  lg(rg) alpha_du alpha_pr  ls
  30  1.7590707e+01 6.34e-02 6.56e+05   1.3 3.48e+00    -  7.62e-01 1.00e+00H  1
  31  1.7470010e+01 1.61e-02 2.48e+05   1.3 2.05e+00    -  1.00e+00 1.00e+00H  1
  32  1.7406340e+01 4.63e-03 2.65e+05   0.6 2.19e+00    -  9.94e-01 1.00e+00H  1
  33  1.7521760e+01 3.55e-02 7.90e+04   1.1 1.48e+00    -  1.00e+00 1.00e+00f  1
  34  1.7490450e+01 2.29e-03 4.82e+04   1.0 2.64e-01    -  1.00e+00 1.00e+00h  1
  35  1.7412134e+01 9.50e-04 6.48e+04   0.3 7.59e-01    -  1.00e+00 1.00e+00H  1
  36  1.7395577e+01 5.37e-04 7.72e+04   0.1 1.71e+00    -  1.00e+00 1.25e-01h  4
  37  1.7294341e+01 7.78e-05 6.19e+04  -0.4 7.78e-01    -  9.88e-01 1.00e+00H  1
  38  1.7279898e+01 3.67e-05 7.87e+04  -0.6 5.18e-01    -  9.91e-01 1.00e+00H  1
  39  1.7328000e+01 7.79e-03 1.64e+04  -0.4 5.46e-01    -  1.00e+00 1.00e+00f  1
iter    objective    inf_pr   inf_du lg(mu)  ||d||  lg(rg) alpha_du alpha_pr  ls
  40  1.7334586e+01 1.63e-03 3.20e+04  -0.5 3.42e-01    -  1.00e+00 1.00e+00h  1
  41  1.7319826e+01 1.00e-03 3.38e+03  -0.5 2.65e-01    -  1.00e+00 1.00e+00h  1
  42  1.7318437e+01 1.01e-05 2.41e+03  -0.5 1.61e-02    -  1.00e+00 1.00e+00h  1
  43  1.7309141e+01 7.93e-06 4.74e+03  -1.6 7.43e-02    -  1.00e+00 1.00e+00H  1
  44  1.7307814e+01 7.93e-06 5.58e+03  -2.1 1.62e-01    -  1.00e+00 6.25e-02h  5
  45  1.7301984e+01 8.07e-06 5.62e+03  -2.7 5.96e-02    -  1.00e+00 1.00e+00H  1
  46r 1.7301984e+01 8.07e-06 1.00e+03  -2.1 0.00e+00    -  0.00e+00 3.45e-07R 20
  47r 1.7306234e+01 8.01e-05 1.00e+02  -1.7 2.64e-02    -  1.00e+00 7.43e-01f  1
  48r 1.7340997e+01 1.43e-03 1.32e+01  -1.9 2.21e-01    -  1.00e+00 1.00e+00f  1
  49r 1.7401798e+01 2.25e-03 8.57e+00  -1.9 3.01e-01    -  1.00e+00 1.00e+00h  1
iter    objective    inf_pr   inf_du lg(mu)  ||d||  lg(rg) alpha_du alpha_pr  ls
  50r 1.7424969e+01 3.19e-04 6.48e+00  -1.9 1.73e-01    -  1.00e+00 1.00e+00h  1
  51r 1.7431301e+01 5.47e-05 1.96e+00  -1.9 7.87e-02    -  1.00e+00 1.00e+00h  1
  52r 1.7441065e+01 2.54e-05 8.98e-01  -1.9 4.81e-02    -  1.00e+00 1.00e+00h  1
  53r 1.7446932e+01 1.18e-05 1.06e+00  -1.9 3.58e-02    -  1.00e+00 1.00e+00h  1
  54  1.7479663e+01 8.30e-04 2.77e+03  -0.3 1.49e+02    -  2.33e-01 1.51e-03f  1
  55  1.8363665e+01 4.28e-01 4.28e+03  -0.3 2.29e+01    -  8.17e-01 2.62e-01f  1
  56  1.8557729e+01 3.18e-01 2.88e+03  -0.3 8.44e+00    -  6.25e-01 3.53e-01f  1
  57  1.8538161e+01 2.07e-01 8.40e+02  -0.3 4.69e+00    -  1.00e+00 1.00e+00f  1
  58  1.8020684e+01 1.75e-01 9.96e+02  -0.3 3.73e+00    -  1.00e+00 1.00e+00f  1
  59  1.7909568e+01 1.12e-01 8.46e+02  -0.3 3.04e+00    -  1.00e+00 1.00e+00h  1
iter    objective    inf_pr   inf_du lg(mu)  ||d||  lg(rg) alpha_du alpha_pr  ls
  60  1.7744134e+01 8.77e-02 6.65e+02  -0.3 2.19e+00    -  1.00e+00 1.00e+00h  1
  61  1.7564214e+01 3.66e-02 9.43e+02  -0.3 2.54e+00    -  1.00e+00 5.00e-01h  2
  62  1.7528143e+01 3.19e-02 1.42e+03  -0.3 2.47e+00    -  1.00e+00 1.25e-01h  4
  63  1.7478675e+01 3.56e-02 1.59e+03  -0.3 4.41e+00    -  1.00e+00 1.25e-01f  4
  64  1.7400698e+01 1.17e-01 2.88e+03  -0.3 6.94e+00    -  1.00e+00 2.50e-01f  3
  65  1.7303792e+01 1.13e-01 3.27e+03  -0.3 3.21e+00    -  1.00e+00 2.50e-01h  3
  66  1.6887051e+01 1.80e-01 2.71e+03  -0.3 3.43e+00    -  1.00e+00 1.00e+00f  1
  67  1.6850387e+01 1.25e-02 1.47e+03  -0.5 1.28e+00    -  1.00e+00 1.00e+00h  1
  68  1.6764621e+01 1.78e-02 7.95e+02  -1.1 1.18e+00    -  1.00e+00 1.00e+00h  1
  69  1.6506722e+01 4.08e-02 2.11e+02  -1.8 1.23e+00    -  1.00e+00 1.00e+00h  1
iter    objective    inf_pr   inf_du lg(mu)  ||d||  lg(rg) alpha_du alpha_pr  ls
  70  1.5074814e+01 4.06e-01 3.14e+02  -1.9 3.95e+00    -  1.00e+00 1.00e+00h  1
  71  1.2996847e+01 1.35e+00 4.13e+02  -1.0 3.63e+01    -  7.72e-01 2.84e-01f  1
  72  1.1392070e+01 1.74e+00 1.53e+02  -1.3 1.32e+01    -  1.00e+00 8.64e-01h  1
  73  1.5438262e+01 4.27e+00 1.40e+02  -0.7 2.49e+01    -  1.00e+00 8.49e-01f  1
  74  1.3621351e+01 2.53e+00 5.09e+01  -0.8 1.30e+01    -  8.04e-01 1.00e+00h  1
  75  1.1820770e+01 1.45e+00 3.46e+01  -1.4 1.07e+01    -  1.00e+00 1.00e+00h  1
  76  1.0819382e+01 8.08e-01 5.54e+01  -1.7 9.84e+00    -  1.00e+00 8.34e-01h  1
  77  1.0711884e+01 1.24e+00 9.91e+01  -1.5 9.57e+00    -  7.39e-01 9.07e-01h  1
  78  1.0038055e+01 7.13e-01 5.39e+01  -1.5 8.27e+00    -  1.00e+00 8.40e-01h  1
  79  9.6900513e+00 2.31e-01 3.76e+01  -1.7 4.14e+00    -  1.00e+00 9.15e-01h  1
iter    objective    inf_pr   inf_du lg(mu)  ||d||  lg(rg) alpha_du alpha_pr  ls
  80  9.3207549e+00 1.36e-01 4.68e+01  -2.2 4.98e+00    -  1.00e+00 6.29e-01h  1
  81  9.0232587e+00 2.40e-01 7.17e+01  -1.9 6.24e+00    -  1.00e+00 6.37e-01h  1
  82  8.6812558e+00 1.40e-01 6.09e+01  -2.2 2.62e+00    -  1.00e+00 1.00e+00h  1
  83  8.5317537e+00 9.61e-02 3.79e+01  -2.6 2.64e+00    -  1.00e+00 5.09e-01h  1
  84  8.3847218e+00 7.52e-02 5.40e+01  -2.6 2.94e+00    -  1.00e+00 5.98e-01h  1
  85  8.2915559e+00 9.97e-02 7.10e+01  -2.4 4.70e+00    -  7.66e-01 2.95e-01h  1
  86  8.1217624e+00 1.73e-01 1.03e+02  -3.7 7.14e+00    -  3.01e-01 2.52e-01h  1
  87  7.9931027e+00 2.51e-01 1.45e+02  -2.3 9.67e+00    -  4.76e-01 2.81e-01h  1
  88  7.8722201e+00 4.40e-01 2.58e+02  -2.1 1.42e+01    -  4.05e-01 3.46e-01h  1
  89  7.6189946e+00 1.09e-01 1.74e+02  -2.3 2.05e+00    -  8.16e-01 1.00e+00h  1
iter    objective    inf_pr   inf_du lg(mu)  ||d||  lg(rg) alpha_du alpha_pr  ls
  90  7.6021299e+00 1.06e-01 1.61e+02  -2.0 2.22e+00    -  1.00e+00 1.00e+00h  1
  91  7.5665331e+00 4.84e-02 7.85e+01  -2.5 1.75e+00    -  1.00e+00 7.76e-01h  1
  92  7.7957381e+00 3.76e-02 1.16e+02  -1.8 2.12e+00    -  1.00e+00 6.12e-01h  1
  93  7.8713667e+00 2.27e-02 9.18e+01  -2.2 1.17e+00    -  1.00e+00 1.00e+00h  1
  94  7.8640305e+00 2.81e-02 7.32e+01  -2.3 9.95e-01    -  1.00e+00 1.00e+00h  1
  95  7.8442320e+00 1.07e-02 3.65e+01  -2.5 7.66e-01    -  1.00e+00 1.00e+00h  1
  96  7.8512840e+00 8.73e-03 1.32e+02  -3.2 8.03e-01    -  8.13e-01 2.02e-01h  1
  97  7.8290829e+00 7.72e-03 1.08e+02  -3.4 1.21e+00    -  1.00e+00 1.13e-01h  1
  98  7.7003502e+00 3.53e-02 1.98e+02  -2.3 2.13e+00    -  1.00e+00 6.30e-01f  1
  99  7.4652095e+00 6.29e-02 3.65e+02  -2.4 3.20e+00    -  9.29e-01 4.97e-01h  1
iter    objective    inf_pr   inf_du lg(mu)  ||d||  lg(rg) alpha_du alpha_pr  ls
 100  7.5185620e+00 7.31e-02 4.12e+02  -1.8 3.00e+00    -  1.00e+00 4.28e-01f  1
 101  7.4501624e+00 8.99e-02 3.06e+02  -1.9 1.76e+00    -  8.07e-01 1.00e+00h  1
 102  7.0549960e+00 4.59e-02 1.44e+02  -2.5 1.84e+00    -  1.00e+00 8.75e-01h  1
 103  7.0367607e+00 1.79e-02 4.10e+01  -2.3 1.14e+00    -  1.00e+00 1.00e+00h  1
 104  7.2596079e+00 1.74e-02 3.80e+01  -2.0 1.25e+00    -  7.92e-01 7.26e-01h  1
 105  7.3408324e+00 1.23e-02 6.25e+01  -2.2 7.44e-01    -  1.00e+00 9.59e-01h  1
 106  7.2781789e+00 7.19e-03 1.06e+02  -2.7 5.79e-01    -  1.00e+00 4.58e-01h  1
 107  7.1056532e+00 1.27e-02 7.62e+01  -3.2 8.06e-01    -  1.00e+00 7.28e-01h  1
 108  7.0703512e+00 8.39e-03 9.72e+01  -3.3 6.47e-01    -  6.31e-01 5.16e-01h  1
 109  6.9944114e+00 8.82e-03 1.09e+02  -3.0 7.70e-01    -  1.00e+00 7.23e-01f  1
iter    objective    inf_pr   inf_du lg(mu)  ||d||  lg(rg) alpha_du alpha_pr  ls
 110  6.9775056e+00 5.82e-03 8.54e+01  -3.6 7.79e-01    -  8.17e-01 4.88e-01h  1
 111  6.9963338e+00 2.89e-03 5.24e+01  -3.0 4.50e-01    -  1.00e+00 5.22e-01h  1
 112  6.9996010e+00 1.63e-03 9.12e+01  -3.2 2.93e-01    -  1.00e+00 6.11e-01h  1
 113  7.0422443e+00 2.77e-03 6.55e+01  -2.9 3.02e-01    -  1.00e+00 1.00e+00h  1
 114  7.0155855e+00 3.48e-03 1.26e+02  -3.0 4.32e-01    -  1.00e+00 9.25e-01h  1
 115  6.9879931e+00 3.40e-03 1.29e+02  -3.0 5.58e-01    -  9.19e-01 6.10e-01h  1
 116  6.9442781e+00 2.43e-03 8.03e+01  -3.5 3.37e-01    -  1.00e+00 9.26e-01h  1
 117  6.9147902e+00 6.63e-03 1.34e+02  -3.0 5.08e-01    -  1.00e+00 9.69e-01h  1
 118  6.8997361e+00 5.77e-03 1.36e+02  -3.3 7.91e-01    -  1.00e+00 1.67e-01h  1
 119  6.8691152e+00 4.99e-03 1.32e+02  -3.8 1.18e+00    -  1.00e+00 2.03e-01h  1
iter    objective    inf_pr   inf_du lg(mu)  ||d||  lg(rg) alpha_du alpha_pr  ls
 120  6.8070910e+00 3.36e-02 2.84e+02  -2.5 2.02e+00    -  1.00e+00 4.66e-01f  1
 121  6.8971913e+00 1.54e-02 1.18e+02  -2.5 5.18e-01    -  9.06e-01 1.00e+00h  1
 122  6.8865202e+00 2.15e-03 3.39e+01  -2.6 3.15e-01    -  9.96e-01 1.00e+00h  1
 123  6.8566995e+00 1.62e-03 6.38e+01  -3.4 6.08e-01    -  1.00e+00 2.70e-01h  1
 124  6.7862847e+00 8.11e-03 1.44e+02  -4.0 9.90e-01    -  1.00e+00 4.67e-01h  1
 125  6.7438704e+00 8.00e-03 1.45e+02  -3.6 1.26e+00    -  1.00e+00 3.83e-01h  1
 126  6.8846113e+00 1.79e-02 1.02e+02  -2.6 9.19e-01    -  1.00e+00 8.82e-01h  1
 127  6.8315736e+00 3.69e-03 5.50e+01  -2.6 3.71e-01    -  1.00e+00 1.00e+00h  1
 128  6.7778207e+00 3.31e-03 6.60e+01  -3.2 6.11e-01    -  1.00e+00 5.26e-01h  1
 129  6.8095070e+00 1.36e-03 1.13e+02  -2.9 4.96e-01    -  8.94e-01 6.08e-01H  1
iter    objective    inf_pr   inf_du lg(mu)  ||d||  lg(rg) alpha_du alpha_pr  ls
 130  6.7389746e+00 3.48e-03 9.41e+01  -3.3 4.13e-01    -  1.00e+00 8.44e-01h  1
 131  6.7138962e+00 1.63e-03 7.27e+01  -3.4 3.86e-01    -  1.00e+00 5.04e-01h  1
 132  6.8164835e+00 1.09e-03 8.80e+01  -2.9 3.12e-01    -  4.12e-01 1.00e+00H  1
 133  6.7608613e+00 1.39e-03 3.86e+01  -4.0 4.63e-01    -  1.00e+00 5.55e-01h  1
 134  6.7503060e+00 9.24e-04 8.33e+01  -3.2 2.67e-01    -  1.00e+00 5.60e-01h  1
 135  6.7523532e+00 4.55e-04 3.60e+01  -3.4 1.55e-01    -  8.14e-01 7.84e-01h  1
 136  6.7521415e+00 1.90e-04 7.12e+01  -3.7 1.44e-01    -  9.59e-01 1.00e+00H  1
 137  6.7373345e+00 4.07e-04 8.08e+01  -4.0 2.25e-01    -  1.00e+00 6.49e-01h  1
 138  6.7355885e+00 3.42e-04 7.59e+01  -4.0 1.15e-01    -  1.00e+00 1.52e-01h  1
 139  6.7356483e+00 5.52e-04 2.25e+01  -3.7 1.16e-01    -  7.12e-01 1.00e+00h  1
iter    objective    inf_pr   inf_du lg(mu)  ||d||  lg(rg) alpha_du alpha_pr  ls
 140  6.7281323e+00 1.37e-03 5.29e+01  -3.9 2.57e-01    -  1.00e+00 6.62e-01h  1
 141  6.7208776e+00 6.64e-04 6.37e+01  -4.0 1.18e-01    -  1.00e+00 7.76e-01f  1
 142  6.7586127e+00 3.09e-03 6.42e+01  -3.2 3.01e-01    -  6.11e-01 1.00e+00f  1
 143  6.7368699e+00 1.85e-03 3.03e+01  -3.4 2.23e-01    -  1.00e+00 9.30e-01h  1
 144  6.7252842e+00 2.56e-03 7.15e+01  -3.4 2.63e-01    -  1.00e+00 8.63e-01f  1
 145  6.7259089e+00 2.59e-03 9.96e+01  -3.4 2.79e-01    -  8.96e-01 1.00e+00h  1
 146  6.7222839e+00 3.86e-04 4.81e+01  -3.4 2.03e-01    -  1.00e+00 1.00e+00h  1
 147  6.7169451e+00 2.36e-04 3.77e+01  -4.0 1.19e-01    -  1.00e+00 6.07e-01h  1
 148  6.7170495e+00 2.41e-04 7.65e+01  -4.0 1.57e-01    -  1.00e+00 7.63e-01H  1
 149  6.7143098e+00 2.58e-03 1.44e+02  -3.7 2.79e-01    -  1.00e+00 7.62e-01h  1
iter    objective    inf_pr   inf_du lg(mu)  ||d||  lg(rg) alpha_du alpha_pr  ls
 150  6.7487280e+00 2.36e-03 7.98e+01  -2.9 4.53e-01    -  4.27e-01 5.07e-01f  1
 151  6.7288718e+00 1.94e-03 5.43e+01  -3.2 2.58e-01    -  1.00e+00 1.00e+00h  1
 152  6.7097469e+00 1.46e-03 7.89e+01  -3.2 2.69e-01    -  1.00e+00 8.24e-01h  1
 153  6.6972791e+00 1.15e-03 4.22e+01  -4.0 2.24e-01    -  1.00e+00 1.00e+00h  1
 154  6.6973894e+00 7.28e-04 9.22e+01  -4.0 1.81e-01    -  1.00e+00 4.57e-01h  1
 155  6.6937814e+00 1.22e-03 9.24e+01  -4.0 2.90e-01    -  1.00e+00 6.39e-01h  1
 156  6.6914585e+00 3.51e-04 3.02e+01  -4.0 1.38e-01    -  1.00e+00 1.00e+00h  1
 157  6.7023936e+00 4.69e-04 1.85e+01  -3.6 1.35e-01    -  9.36e-01 1.00e+00h  1
 158  6.7084646e+00 1.99e-04 3.74e+01  -3.7 1.08e-01    -  7.99e-01 1.00e+00H  1
 159  6.7045662e+00 1.05e-04 2.88e+01  -4.0 7.24e-02    -  1.00e+00 1.00e+00h  1
iter    objective    inf_pr   inf_du lg(mu)  ||d||  lg(rg) alpha_du alpha_pr  ls
 160  6.7033115e+00 1.84e-05 1.79e+01  -4.0 3.54e-02    -  1.00e+00 1.00e+00h  1
 161  6.7043583e+00 1.39e-05 4.48e+00  -4.0 1.52e-02    -  1.00e+00 1.00e+00h  1
 162  6.7050296e+00 2.56e-07 2.98e+01  -4.0 6.05e-02    -  1.00e+00 1.00e+00H  1
 163  6.7020686e+00 6.15e-04 7.30e+01  -4.0 2.15e-01    -  1.00e+00 5.62e-01h  1
 164  6.6962206e+00 3.54e-04 9.25e+01  -4.1 1.09e-01    -  1.00e+00 1.00e+00h  1
 165  6.6912753e+00 3.45e-04 3.31e+01  -4.1 1.46e-01    -  7.55e-01 9.83e-01h  1
 166  6.6925647e+00 1.97e-04 2.17e+01  -4.0 1.01e-01    -  1.00e+00 5.00e-01f  2
 167  6.6992581e+00 7.71e-05 2.20e+01  -4.0 8.48e-02    -  1.00e+00 1.00e+00H  1
 168  6.6988414e+00 4.82e-04 4.78e+01  -4.0 1.10e-01    -  1.00e+00 1.00e+00h  1
 169  6.6945460e+00 2.21e-03 1.40e+02  -4.1 3.36e-01    -  1.00e+00 5.56e-01h  1
iter    objective    inf_pr   inf_du lg(mu)  ||d||  lg(rg) alpha_du alpha_pr  ls
 170  6.6869791e+00 6.93e-03 2.90e+02  -4.1 2.63e+00    -  5.31e-01 1.22e-01h  1
 171  6.7166349e+00 5.27e-02 6.48e+02  -3.1 1.65e+00    -  8.49e-01 7.57e-01f  1
 172  6.6512602e+00 5.83e-03 3.58e+02  -3.2 4.25e-01    -  9.32e-01 1.00e+00h  1
 173  6.7323584e+00 6.43e-03 3.46e+02  -2.3 8.94e-01    -  1.00e+00 4.50e-01f  1
 174  6.7350288e+00 2.31e-02 1.85e+02  -2.4 8.18e-01    -  6.08e-01 1.00e+00h  1
 175  6.7333610e+00 1.39e-02 9.13e+01  -2.4 7.11e-01    -  8.94e-01 1.00e+00h  1
 176  6.7566291e+00 9.95e-03 5.18e+01  -2.4 6.74e-01    -  1.00e+00 6.33e-01h  1
 177  6.7838747e+00 6.26e-03 6.12e+01  -2.4 4.64e-01    -  1.00e+00 4.12e-01h  1
 178  6.8597081e+00 2.42e-03 5.26e+01  -2.4 3.89e-01    -  1.00e+00 7.90e-01h  1
 179  6.9112413e+00 2.69e-03 6.81e+01  -2.4 3.17e-01    -  1.00e+00 1.00e+00h  1
iter    objective    inf_pr   inf_du lg(mu)  ||d||  lg(rg) alpha_du alpha_pr  ls
 180  6.9105166e+00 9.82e-04 5.03e+01  -2.4 1.93e-01    -  1.00e+00 1.00e+00h  1
 181  6.9325618e+00 1.05e-03 2.17e+01  -2.4 1.36e-01    -  1.00e+00 1.00e+00h  1
 182  6.9482272e+00 2.41e-04 2.35e+01  -2.4 8.58e-02    -  1.00e+00 1.00e+00h  1
 183  6.9541437e+00 1.86e-04 3.26e+01  -2.4 9.97e-02    -  1.00e+00 1.00e+00h  1
 184  6.9515591e+00 1.83e-04 4.32e+01  -2.4 7.29e-02    -  1.00e+00 1.00e+00h  1
 185  6.9522145e+00 9.43e-05 2.30e+01  -2.4 5.38e-02    -  1.00e+00 1.00e+00h  1
 186  6.9511012e+00 1.03e-04 2.17e+01  -2.4 6.17e-02    -  1.00e+00 1.00e+00h  1
 187  6.9560309e+00 1.15e-04 6.33e+01  -2.4 1.24e-01    -  1.00e+00 1.00e+00H  1
 188  6.9566193e+00 2.99e-04 9.03e+01  -2.4 3.44e-01    -  1.00e+00 2.50e-01h  3
 189  6.9716926e+00 7.23e-05 1.21e+02  -2.4 2.61e-01    -  1.00e+00 1.00e+00H  1
iter    objective    inf_pr   inf_du lg(mu)  ||d||  lg(rg) alpha_du alpha_pr  ls
 190  6.9719060e+00 5.68e-04 1.93e+02  -2.4 2.57e-01    -  1.00e+00 1.00e+00H  1
 191  6.9487965e+00 9.25e-04 3.36e+01  -2.4 2.02e-01    -  1.00e+00 1.00e+00h  1
 192  6.9573570e+00 6.51e-04 4.84e+01  -2.4 1.66e-01    -  1.00e+00 1.00e+00h  1
 193  6.9621823e+00 2.74e-04 1.32e+01  -2.4 1.11e-01    -  1.00e+00 1.00e+00h  1
 194  6.9649576e+00 1.09e-04 1.72e+01  -2.4 6.17e-02    -  1.00e+00 1.00e+00h  1
 195  6.9661701e+00 8.82e-05 1.61e+01  -2.4 4.73e-02    -  1.00e+00 1.00e+00h  1
 196  6.9720404e+00 1.05e-04 2.18e+01  -2.4 5.40e-02    -  1.00e+00 1.00e+00h  1
 197  6.9759214e+00 1.17e-05 2.49e+01  -2.4 8.89e-02    -  1.00e+00 1.00e+00H  1
 198  6.9882661e+00 2.43e-06 1.07e+02  -2.4 2.84e-01    -  1.00e+00 1.00e+00H  1
 199  6.9739506e+00 3.74e-03 1.77e+02  -2.4 2.92e-01    -  1.00e+00 1.00e+00h  1
iter    objective    inf_pr   inf_du lg(mu)  ||d||  lg(rg) alpha_du alpha_pr  ls
 200  6.9462285e+00 1.46e-03 5.14e+01  -2.4 2.00e-01    -  1.00e+00 1.00e+00h  1
 201  6.9574949e+00 6.66e-04 2.22e+01  -2.4 2.01e-01    -  1.00e+00 1.00e+00h  1
 202  6.9770398e+00 1.95e-04 4.93e+01  -2.4 1.58e-01    -  1.00e+00 1.00e+00H  1
 203  6.9871005e+00 5.93e-05 1.47e+02  -2.4 2.93e-01    -  1.00e+00 1.00e+00H  1
 204  6.9827669e+00 8.90e-05 1.36e+02  -2.4 2.34e-01    -  1.00e+00 2.50e-01h  3
 205  6.9628004e+00 7.56e-04 5.09e+01  -2.4 1.49e-01    -  1.00e+00 1.00e+00h  1
 206  6.9709603e+00 2.03e-04 1.36e+01  -2.4 9.14e-02    -  1.00e+00 1.00e+00h  1
 207  6.9764469e+00 3.88e-05 1.46e+01  -2.4 7.71e-02    -  1.00e+00 1.00e+00H  1
 208  6.9824696e+00 2.39e-05 6.84e+01  -2.4 1.83e-01    -  1.00e+00 1.00e+00H  1
 209  6.9815619e+00 2.07e-06 1.63e+02  -2.4 2.31e-01    -  1.00e+00 1.00e+00H  1
iter    objective    inf_pr   inf_du lg(mu)  ||d||  lg(rg) alpha_du alpha_pr  ls
 210  6.9261515e+00 8.74e-03 1.99e+02  -2.4 4.46e-01    -  1.00e+00 1.00e+00f  1
 211  6.9257245e+00 5.44e-03 3.93e+01  -2.4 3.74e-01    -  1.00e+00 1.00e+00h  1
 212  6.9220656e+00 6.29e-03 6.46e+01  -2.4 4.64e-01    -  1.00e+00 1.00e+00h  1
 213  6.9049471e+00 3.01e-03 2.09e+01  -2.4 3.15e-01    -  1.00e+00 1.00e+00h  1
 214  6.9181161e+00 1.39e-03 1.10e+02  -2.4 2.66e-01    -  1.00e+00 5.00e-01h  2
 215  6.9234426e+00 1.07e-03 8.09e+01  -2.4 3.66e-01    -  1.00e+00 2.50e-01h  3
 216  6.9535197e+00 6.23e-04 4.34e+01  -2.4 2.09e-01    -  1.00e+00 1.00e+00h  1
 217  6.9450555e+00 3.42e-04 2.80e+01  -2.4 1.24e-01    -  1.00e+00 1.00e+00h  1
 218  6.9591813e+00 4.19e-05 2.82e+01  -2.4 1.10e-01    -  1.00e+00 1.00e+00H  1
 219  6.9597789e+00 5.63e-05 3.13e+01  -2.4 1.83e-01    -  1.00e+00 2.50e-01h  3
iter    objective    inf_pr   inf_du lg(mu)  ||d||  lg(rg) alpha_du alpha_pr  ls
 220  6.9601622e+00 1.72e-05 1.34e+01  -2.4 3.25e-02    -  1.00e+00 1.00e+00h  1
 221  6.9606387e+00 5.05e-06 2.70e+00  -2.4 1.37e-02    -  1.00e+00 1.00e+00h  1
 222  6.9605878e+00 8.74e-06 2.70e+00  -2.4 1.96e-02    -  1.00e+00 1.00e+00h  1
 223  6.9616651e+00 2.00e-06 4.59e+01  -2.4 2.03e-01    -  1.00e+00 1.00e+00H  1
 224  6.9604429e+00 1.20e-04 6.02e+01  -2.4 6.25e-01    -  1.00e+00 1.25e-01h  4
 225  6.9593019e+00 1.57e-04 6.92e+01  -2.4 8.32e-01    -  1.00e+00 6.25e-02h  5
 226  6.9584816e+00 1.60e-04 7.27e+01  -2.4 6.68e-01    -  1.00e+00 6.25e-02h  5
 227  6.9582463e+00 1.61e-04 7.45e+01  -2.4 1.76e+00    -  1.00e+00 7.81e-03h  8
 228  6.9515065e+00 7.79e-03 7.28e+01  -2.4 7.31e-01    -  1.00e+00 1.00e+00h  1
 229  6.9327442e+00 4.33e-03 1.98e+02  -2.4 5.73e-01    -  1.00e+00 1.00e+00h  1
iter    objective    inf_pr   inf_du lg(mu)  ||d||  lg(rg) alpha_du alpha_pr  ls
 230  6.9169221e+00 1.19e-03 9.18e+01  -2.4 2.37e-01    -  1.00e+00 1.00e+00h  1
 231  6.9193045e+00 1.37e-03 1.82e+01  -2.4 4.13e-01    -  1.00e+00 5.00e-01h  2
 232  6.9415713e+00 1.02e-03 1.07e+02  -2.4 3.74e-01    -  1.00e+00 1.00e+00H  1
 233  6.9399704e+00 4.87e-04 5.46e+01  -2.4 1.47e-01    -  1.00e+00 1.00e+00h  1
 234  6.9303434e+00 1.14e-03 1.23e+01  -2.4 2.46e-01    -  1.00e+00 1.00e+00h  1
 235  6.9399767e+00 4.17e-04 3.78e+01  -2.4 1.75e-01    -  1.00e+00 1.00e+00h  1
 236  6.9395696e+00 5.09e-04 8.95e+00  -2.4 1.80e-01    -  1.00e+00 1.00e+00h  1
 237  6.9455857e+00 5.65e-05 1.04e+01  -2.4 4.60e-02    -  1.00e+00 1.00e+00h  1
 238  6.9485360e+00 7.60e-06 1.15e+01  -2.4 3.71e-02    -  1.00e+00 1.00e+00H  1
 239  6.9459029e+00 2.49e-05 5.75e+00  -2.4 2.69e-02    -  1.00e+00 1.00e+00h  1
iter    objective    inf_pr   inf_du lg(mu)  ||d||  lg(rg) alpha_du alpha_pr  ls
 240  6.9457248e+00 1.41e-05 2.67e+00  -2.4 2.22e-02    -  1.00e+00 1.00e+00h  1
 241  6.9461525e+00 1.96e-06 1.61e+00  -2.4 1.11e-02    -  1.00e+00 1.00e+00h  1
 242  6.9454612e+00 3.82e-08 4.10e+00  -2.4 1.55e-02    -  1.00e+00 1.00e+00H  1
 243  6.8280032e+00 5.28e-03 9.06e+01  -3.1 5.11e-01    -  1.00e+00 8.75e-01f  1
 244  6.7031025e+00 1.16e-02 1.72e+02  -3.2 8.81e-01    -  1.00e+00 7.22e-01h  1
 245  6.6725770e+00 9.81e-03 1.61e+02  -3.2 9.81e-01    -  9.79e-01 2.99e-01h  1
 246  6.6640992e+00 7.75e-03 1.41e+02  -3.2 6.86e-01    -  9.86e-01 2.34e-01h  1
 247  6.6753154e+00 7.95e-04 6.31e+01  -3.2 1.80e-01    -  1.00e+00 1.00e+00h  1
 248  6.6663530e+00 5.70e-04 5.45e+01  -4.0 2.12e-01    -  1.00e+00 2.77e-01h  1
 249  6.6642216e+00 6.46e-04 8.66e+01  -3.2 3.31e-01    -  1.00e+00 4.57e-01h  1
iter    objective    inf_pr   inf_du lg(mu)  ||d||  lg(rg) alpha_du alpha_pr  ls
 250  6.6518584e+00 6.42e-04 3.94e+01  -4.0 2.06e-01    -  1.00e+00 6.29e-01h  1
 251  6.6425922e+00 1.67e-03 6.28e+01  -3.7 2.91e-01    -  1.00e+00 5.80e-01h  1
 252  6.6294583e+00 7.00e-03 1.10e+02  -4.0 3.82e-01    -  1.00e+00 7.85e-01h  1
 253  6.6658252e+00 7.72e-03 8.78e+01  -2.9 5.66e-01    -  7.22e-01 5.33e-01h  1
 254  6.6298890e+00 3.61e-03 6.38e+01  -3.2 4.21e-01    -  4.70e-01 8.29e-01h  1
 255  6.6185717e+00 1.41e-03 2.68e+01  -3.8 2.19e-01    -  1.00e+00 8.24e-01h  1
 256  6.6094049e+00 4.50e-03 3.46e+01  -4.0 3.43e-01    -  1.00e+00 6.14e-01h  1
 257  6.6208432e+00 2.11e-03 8.73e+01  -3.3 3.59e-01    -  1.00e+00 1.00e+00h  1
 258  6.6140432e+00 7.60e-04 1.72e+01  -3.4 2.22e-01    -  1.00e+00 1.00e+00h  1
 259  6.6055617e+00 4.79e-04 3.50e+01  -4.0 1.45e-01    -  1.00e+00 8.16e-01h  1
iter    objective    inf_pr   inf_du lg(mu)  ||d||  lg(rg) alpha_du alpha_pr  ls
 260  6.6166657e+00 1.70e-04 8.03e+01  -4.0 1.11e-01    -  1.00e+00 7.34e-01h  1
 261  6.6304258e+00 1.45e-04 2.09e+01  -3.7 7.66e-02    -  1.00e+00 1.00e+00h  1
 262  6.6257714e+00 1.85e-04 2.39e+01  -4.0 6.03e-02    -  1.00e+00 8.20e-01h  1
 263  6.6218441e+00 3.16e-04 2.12e+01  -4.0 1.01e-01    -  1.00e+00 7.41e-01h  1
 264  6.6203097e+00 6.60e-05 1.95e+01  -4.1 6.83e-02    -  1.00e+00 1.00e+00h  1
 265  6.6231044e+00 2.44e-05 5.89e+00  -4.0 3.15e-02    -  1.00e+00 1.00e+00h  1
 266  6.6228140e+00 5.64e-05 7.06e+00  -4.0 4.15e-02    -  1.00e+00 1.00e+00h  1
 267  6.6232246e+00 2.80e-04 2.40e+01  -3.7 2.14e-01    -  1.00e+00 3.60e-01h  1
 268  6.6221865e+00 1.75e-03 7.00e+01  -3.8 2.06e-01    -  1.00e+00 1.00e+00h  1
 269  6.6176469e+00 4.34e-03 1.41e+02  -3.8 5.96e-01    -  7.92e-01 5.10e-01h  1
iter    objective    inf_pr   inf_du lg(mu)  ||d||  lg(rg) alpha_du alpha_pr  ls
 270  6.5998540e+00 1.11e-02 2.28e+02  -3.8 6.76e-01    -  3.87e-01 8.04e-01h  1
 271  6.5703614e+00 4.10e-03 7.25e+01  -3.9 3.35e-01    -  1.00e+00 9.95e-01f  1
 272  6.5827301e+00 2.11e-03 2.66e+01  -3.4 3.60e-01    -  1.00e+00 7.54e-01h  1
 273  6.6121451e+00 5.41e-04 4.52e+01  -3.2 2.14e-01    -  1.00e+00 7.48e-01h  1
 274  6.6311295e+00 4.61e-04 4.55e+01  -3.3 1.27e-01    -  1.00e+00 1.00e+00h  1
 275  6.6284686e+00 2.58e-04 3.09e+01  -3.3 8.95e-02    -  1.00e+00 1.00e+00h  1
 276  6.6373862e+00 4.77e-05 7.42e+00  -3.3 5.71e-02    -  1.00e+00 1.00e+00h  1
 277  6.6419110e+00 3.05e-05 5.27e+00  -3.3 3.36e-02    -  1.00e+00 1.00e+00h  1
 278  6.6461403e+00 6.10e-06 2.04e+01  -3.3 8.83e-02    -  1.00e+00 1.00e+00H  1
 279  6.6181274e+00 2.10e-04 1.64e+01  -4.0 1.31e-01    -  1.00e+00 9.17e-01h  1
iter    objective    inf_pr   inf_du lg(mu)  ||d||  lg(rg) alpha_du alpha_pr  ls
 280  6.6071745e+00 3.39e-04 2.32e+01  -4.1 1.26e-01    -  1.00e+00 9.59e-01h  1
 281  6.6083612e+00 2.57e-04 1.94e+01  -4.0 8.17e-02    -  1.00e+00 2.50e-01h  3
 282  6.6105337e+00 1.67e-04 1.06e+01  -4.0 7.92e-02    -  1.00e+00 1.00e+00h  1
 283  6.6104518e+00 6.07e-05 1.35e+01  -4.0 5.48e-02    -  1.00e+00 1.00e+00h  1
 284  6.6107352e+00 3.25e-05 3.26e+00  -4.0 3.63e-02    -  1.00e+00 1.00e+00h  1
 285  6.6126039e+00 5.17e-06 3.31e+00  -4.0 1.36e-02    -  1.00e+00 1.00e+00h  1
 286  6.6117170e+00 1.12e-04 1.32e+01  -4.0 9.18e-02    -  1.00e+00 1.00e+00h  1
 287  6.6089377e+00 1.83e-04 2.37e+01  -4.1 9.25e-02    -  1.00e+00 1.00e+00h  1
 288  6.6060524e+00 3.58e-04 3.98e+01  -4.0 1.52e-01    -  1.00e+00 1.00e+00h  1
 289  6.5991051e+00 1.91e-04 1.39e+01  -4.0 1.12e-01    -  1.00e+00 1.00e+00h  1
iter    objective    inf_pr   inf_du lg(mu)  ||d||  lg(rg) alpha_du alpha_pr  ls
 290  6.6078653e+00 1.07e-04 6.19e+00  -4.0 6.90e-02    -  1.00e+00 1.00e+00h  1
 291  6.6095438e+00 4.94e-06 1.24e+01  -4.0 5.77e-02    -  1.00e+00 1.00e+00H  1
 292  6.6056262e+00 2.89e-03 7.25e+01  -4.0 3.23e-01    -  1.00e+00 9.05e-01h  1
 293  6.5930858e+00 4.38e-04 9.32e+01  -4.1 1.29e-01    -  1.00e+00 1.00e+00h  1
 294  6.6009497e+00 1.16e-04 2.68e+01  -3.8 8.75e-02    -  1.00e+00 7.50e-01h  1
 295  6.6016639e+00 1.01e-04 1.82e+01  -4.0 7.59e-02    -  1.00e+00 7.52e-01h  1
 296  6.6004343e+00 2.26e-04 3.35e+01  -4.0 1.31e-01    -  1.00e+00 1.00e+00h  1
 297  6.5957117e+00 7.70e-04 7.55e+01  -4.1 1.96e-01    -  1.00e+00 1.00e+00h  1
 298  6.5891064e+00 2.96e-03 9.13e+01  -4.1 4.81e-01    -  1.00e+00 7.78e-01h  1
 299  6.5785760e+00 2.25e-03 1.28e+02  -4.1 4.52e-01    -  1.00e+00 5.60e-01h  1
iter    objective    inf_pr   inf_du lg(mu)  ||d||  lg(rg) alpha_du alpha_pr  ls
 300  6.6120085e+00 2.00e-03 8.76e+01  -3.2 4.07e-01    -  1.00e+00 1.00e+00f  1
 301  6.6000650e+00 3.54e-03 8.82e+01  -3.3 4.03e-01    -  7.99e-01 9.37e-01h  1
 302  6.5933032e+00 2.22e-03 1.21e+02  -3.3 3.55e-01    -  9.18e-01 5.70e-01h  1
 303  6.5735150e+00 2.27e-03 1.18e+02  -3.3 7.01e-01    -  4.23e-01 2.97e-01h  1
 304  6.5736975e+00 9.80e-04 6.36e+01  -3.7 2.01e-01    -  9.08e-01 5.94e-01h  1
 305  6.5767056e+00 3.83e-04 2.50e+01  -4.0 1.25e-01    -  1.00e+00 9.05e-01h  1
 306  6.5857793e+00 1.75e-04 1.96e+01  -3.7 1.17e-01    -  1.00e+00 1.00e+00h  1
 307  6.5816122e+00 3.17e-04 2.63e+01  -4.0 9.75e-02    -  1.00e+00 1.00e+00h  1
 308  6.5735380e+00 2.09e-03 7.40e+01  -4.0 6.54e-01    -  1.00e+00 4.29e-01h  1
 309  6.5904810e+00 4.96e-03 1.46e+02  -3.2 5.57e-01    -  9.86e-01 7.54e-01h  1
iter    objective    inf_pr   inf_du lg(mu)  ||d||  lg(rg) alpha_du alpha_pr  ls
 310  6.5706354e+00 8.43e-04 1.01e+02  -3.3 2.62e-01    -  8.62e-01 1.00e+00h  1
 311  6.5700007e+00 2.00e-04 1.51e+01  -3.8 1.46e-01    -  8.11e-01 8.99e-01H  1
 312  6.5694917e+00 1.87e-04 1.37e+01  -4.0 2.44e-01    -  1.00e+00 1.66e-01h  3
 313  6.5632597e+00 1.79e-03 6.52e+01  -3.5 1.16e+00    -  1.00e+00 1.64e-01h  1
 314  6.5427433e+00 1.78e-02 1.85e+02  -3.9 7.10e-01    -  1.00e+00 1.00e+00h  1
 315  6.5464281e+00 3.23e-03 7.63e+01  -3.2 3.62e-01    -  1.00e+00 1.00e+00h  1
 316  6.5474671e+00 1.58e-03 4.44e+01  -3.3 3.82e-01    -  1.00e+00 5.78e-01h  1
 317  6.6762343e+00 1.94e-02 3.16e+02  -2.4 8.93e-01    -  1.00e+00 9.06e-01f  1
 318  6.7100633e+00 8.37e-03 8.29e+01  -2.5 6.31e-01    -  1.00e+00 1.00e+00h  1
 319  6.6736703e+00 2.14e-03 4.54e+01  -2.5 4.09e-01    -  1.00e+00 1.00e+00h  1
iter    objective    inf_pr   inf_du lg(mu)  ||d||  lg(rg) alpha_du alpha_pr  ls
 320  6.6883959e+00 9.59e-04 4.67e+01  -2.5 2.62e-01    -  1.00e+00 1.00e+00h  1
 321  6.7142567e+00 4.71e-04 3.49e+01  -2.5 1.22e-01    -  1.00e+00 1.00e+00h  1
 322  6.7364547e+00 3.49e-04 2.21e+01  -2.5 1.36e-01    -  1.00e+00 1.00e+00h  1
 323  6.7412347e+00 2.52e-04 2.13e+01  -2.5 8.72e-02    -  1.00e+00 1.00e+00h  1
 324  6.7443922e+00 7.08e-04 2.76e+01  -2.5 1.37e-01    -  1.00e+00 1.00e+00h  1
 325  6.7401899e+00 3.45e-04 3.12e+01  -2.5 1.29e-01    -  1.00e+00 1.00e+00h  1
 326  6.7487287e+00 1.41e-04 1.04e+01  -2.5 8.58e-02    -  1.00e+00 1.00e+00h  1
 327  6.7575037e+00 1.96e-05 1.67e+01  -2.5 1.14e-01    -  1.00e+00 1.00e+00H  1
 328  6.7574766e+00 4.34e-05 2.53e+01  -2.5 4.50e-01    -  1.00e+00 6.25e-02h  5
 329  6.7572735e+00 1.14e-04 3.82e+01  -2.5 6.83e-01    -  1.00e+00 6.25e-02h  5
iter    objective    inf_pr   inf_du lg(mu)  ||d||  lg(rg) alpha_du alpha_pr  ls
 330  6.7556939e+00 1.28e-03 5.33e+01  -2.5 1.28e+00    -  1.00e+00 1.25e-01h  4
 331  6.7551305e+00 1.40e-03 6.32e+01  -2.5 1.93e+00    -  1.00e+00 3.12e-02h  6
 332  6.7541833e+00 2.46e-03 9.15e+01  -2.5 1.58e+00    -  8.75e-01 1.25e-01h  4
 333  6.7585327e+00 1.06e-01 4.44e+02  -2.5 1.81e+00    -  1.00e+00 1.00e+00h  1
 334  6.6731817e+00 1.72e-02 5.60e+02  -2.5 9.14e-01    -  1.00e+00 1.00e+00h  1
 335  6.6785697e+00 1.43e-02 1.76e+02  -2.5 6.91e-01    -  1.00e+00 1.00e+00h  1
 336  6.6674933e+00 4.25e-03 5.69e+01  -2.5 4.18e-01    -  1.00e+00 1.00e+00h  1
 337  6.6773967e+00 4.86e-03 4.54e+01  -2.5 5.33e-01    -  1.00e+00 1.00e+00h  1
 338  6.6645750e+00 2.46e-03 7.13e+00  -2.5 3.96e-01    -  1.00e+00 1.00e+00h  1
 339  6.7297564e+00 2.23e-03 5.03e+01  -2.5 4.42e-01    -  1.00e+00 9.12e-01H  1
iter    objective    inf_pr   inf_du lg(mu)  ||d||  lg(rg) alpha_du alpha_pr  ls
 340  6.7200007e+00 1.59e-03 4.66e+01  -2.5 2.74e-01    -  1.00e+00 1.00e+00h  1
 341  6.6932743e+00 2.04e-03 3.84e+01  -2.5 2.92e-01    -  1.00e+00 9.43e-01h  1
 342  6.6981108e+00 1.00e-03 3.88e+01  -2.5 2.13e-01    -  1.00e+00 1.00e+00f  1
 343  6.7323550e+00 3.73e-04 5.34e+01  -2.5 2.41e-01    -  1.00e+00 1.00e+00H  1
 344  6.7454703e+00 3.23e-04 4.68e+01  -2.5 1.69e-01    -  1.00e+00 1.00e+00H  1
 345  6.7341200e+00 8.62e-05 2.02e+01  -2.5 2.10e-01    -  1.00e+00 1.00e+00H  1
 346  6.7281575e+00 1.38e-04 1.56e+01  -2.5 9.89e-02    -  1.00e+00 1.00e+00h  1
 347  6.7285617e+00 1.01e-04 1.03e+01  -2.5 6.06e-02    -  1.00e+00 1.00e+00h  1
 348  6.7291950e+00 4.20e-05 1.07e+01  -2.5 2.89e-02    -  1.00e+00 1.00e+00h  1
 349  6.7271726e+00 2.34e-05 4.59e+01  -2.5 1.30e-01    -  1.00e+00 1.00e+00H  1
iter    objective    inf_pr   inf_du lg(mu)  ||d||  lg(rg) alpha_du alpha_pr  ls
 350  6.7244708e+00 3.91e-04 8.00e+01  -2.5 9.42e-01    -  1.00e+00 1.25e-01h  4
 351  6.7238669e+00 4.02e-04 8.62e+01  -2.5 8.73e-01    -  1.00e+00 3.12e-02h  6
 352  6.7231769e+00 4.31e-04 9.46e+01  -2.5 1.12e+00    -  1.00e+00 3.12e-02h  6
 353  6.7226578e+00 4.47e-04 1.00e+02  -2.5 1.59e+00    -  1.00e+00 1.56e-02h  7
 354  6.6977786e+00 5.91e-02 4.28e+02  -2.5 1.32e+00    -  1.00e+00 1.00e+00h  1
 355  6.6531712e+00 4.10e-03 3.92e+02  -2.5 3.99e-01    -  1.00e+00 1.00e+00h  1
 356  6.6394701e+00 1.93e-03 8.98e+01  -2.5 2.94e-01    -  8.49e-01 1.00e+00h  1
 357  6.6506776e+00 1.25e-03 5.51e+01  -2.5 2.74e-01    -  1.00e+00 5.00e-01h  2
 358  6.6638661e+00 9.19e-04 5.31e+01  -2.5 2.40e-01    -  1.00e+00 5.00e-01h  2
 359  6.6831651e+00 6.04e-04 2.36e+01  -2.5 1.62e-01    -  1.00e+00 1.00e+00h  1
iter    objective    inf_pr   inf_du lg(mu)  ||d||  lg(rg) alpha_du alpha_pr  ls
 360  6.6811262e+00 3.51e-04 1.60e+01  -2.5 1.11e-01    -  1.00e+00 1.00e+00h  1
 361  6.6876385e+00 1.31e-04 1.58e+01  -2.5 5.66e-02    -  1.00e+00 1.00e+00h  1
 362  6.6921505e+00 2.37e-05 8.61e+00  -2.5 3.33e-02    -  1.00e+00 1.00e+00h  1
 363  6.6933067e+00 2.77e-05 7.24e+00  -2.5 4.04e-02    -  1.00e+00 1.00e+00h  1
 364  6.6934276e+00 1.53e-05 4.84e+00  -2.5 2.86e-02    -  1.00e+00 1.00e+00h  1
 365  6.6934155e+00 1.21e-05 5.82e+00  -2.5 1.99e-02    -  1.00e+00 1.00e+00h  1
 366  6.6924757e+00 2.07e-05 5.24e+00  -2.5 2.26e-02    -  1.00e+00 1.00e+00h  1
 367  6.6922249e+00 8.56e-07 6.18e+00  -2.5 2.17e-02    -  1.00e+00 1.00e+00H  1
 368  6.6192873e+00 1.58e-03 3.04e+01  -3.4 2.57e-01    -  1.00e+00 1.00e+00f  1
 369  6.5550714e+00 2.95e-03 5.83e+01  -3.5 4.91e-01    -  1.00e+00 4.95e-01h  1
iter    objective    inf_pr   inf_du lg(mu)  ||d||  lg(rg) alpha_du alpha_pr  ls
 370  6.5268721e+00 2.32e-03 1.03e+02  -3.5 4.08e-01    -  5.35e-01 4.13e-01h  1
 371  6.5026794e+00 2.56e-03 1.36e+02  -4.0 4.88e-01    -  6.80e-01 4.96e-01h  1
 372  6.6135348e+00 1.05e-02 5.86e+01  -2.7 5.14e-01    -  8.28e-01 1.00e+00f  1
 373  6.5464237e+00 4.86e-03 5.97e+01  -2.9 3.86e-01    -  1.00e+00 1.00e+00h  1
 374  6.5268367e+00 2.02e-03 4.02e+01  -2.9 2.90e-01    -  1.00e+00 6.27e-01h  1
 375  6.6456980e+00 6.01e-03 4.89e+01  -2.5 4.70e-01    -  1.00e+00 1.00e+00f  1
 376  6.6240455e+00 1.04e-03 2.62e+01  -2.6 2.45e-01    -  1.00e+00 1.00e+00h  1
 377  6.6190897e+00 9.29e-04 3.64e+01  -2.6 2.14e-01    -  1.00e+00 1.00e+00h  1
 378  6.6276829e+00 6.28e-04 2.46e+01  -2.6 1.71e-01    -  1.00e+00 1.00e+00h  1
 379  6.6413833e+00 1.67e-04 1.87e+01  -2.6 1.21e-01    -  1.00e+00 1.00e+00h  1
iter    objective    inf_pr   inf_du lg(mu)  ||d||  lg(rg) alpha_du alpha_pr  ls
 380  6.6515895e+00 4.37e-05 9.40e+00  -2.6 3.86e-02    -  1.00e+00 1.00e+00h  1
 381  6.6568959e+00 8.94e-06 1.29e+01  -2.6 5.31e-02    -  1.00e+00 1.00e+00H  1
 382  6.6540670e+00 1.73e-05 5.24e+00  -2.6 3.77e-02    -  1.00e+00 1.00e+00h  1
 383  6.6524198e+00 1.34e-05 9.53e+00  -2.6 2.26e-02    -  1.00e+00 1.00e+00h  1
 384  6.6538360e+00 7.14e-06 1.44e+00  -2.6 1.60e-02    -  1.00e+00 1.00e+00h  1
 385  6.6543750e+00 1.92e-06 9.02e-01  -2.6 5.14e-03    -  1.00e+00 1.00e+00h  1
 386  6.5405339e+00 6.13e-03 9.71e+01  -3.3 4.18e-01    -  1.00e+00 1.00e+00f  1
 387  6.4836464e+00 4.42e-03 2.31e+02  -3.4 3.91e-01    -  1.00e+00 9.27e-01h  1
 388  6.4700632e+00 1.19e-03 1.23e+02  -3.5 2.46e-01    -  1.00e+00 1.00e+00h  1
 389  6.5373594e+00 1.87e-03 2.89e+01  -3.0 2.75e-01    -  1.00e+00 1.00e+00h  1
iter    objective    inf_pr   inf_du lg(mu)  ||d||  lg(rg) alpha_du alpha_pr  ls
 390  6.5301588e+00 4.35e-04 3.71e+01  -3.1 1.64e-01    -  7.89e-01 1.00e+00h  1
 391  6.4955936e+00 6.34e-04 1.79e+01  -3.5 2.47e-01    -  1.00e+00 7.53e-01h  1
 392  6.4938081e+00 7.15e-04 4.81e+01  -3.6 1.28e-01    -  6.44e-01 1.00e+00h  1
 393  6.4792399e+00 3.79e-04 7.79e+01  -3.9 1.23e-01    -  1.00e+00 1.00e+00h  1
 394  6.4781547e+00 1.71e-04 4.95e+01  -4.0 8.70e-02    -  1.00e+00 5.96e-01h  1
 395  6.4856321e+00 8.10e-05 2.05e+01  -4.0 6.60e-02    -  1.00e+00 1.00e+00h  1
 396  6.4865199e+00 1.68e-05 2.29e+01  -4.0 5.15e-02    -  1.00e+00 1.00e+00H  1
 397  6.4819599e+00 5.67e-04 6.34e+01  -4.0 1.08e-01    -  1.00e+00 1.00e+00h  1
 398  6.4781826e+00 9.32e-04 1.01e+02  -4.1 3.29e-01    -  7.60e-01 3.27e-01h  1
 399  6.4750306e+00 9.03e-04 9.77e+01  -4.1 1.60e-01    -  1.00e+00 1.00e+00f  1
iter    objective    inf_pr   inf_du lg(mu)  ||d||  lg(rg) alpha_du alpha_pr  ls
 400  6.4711875e+00 1.86e-04 7.36e+01  -4.1 1.00e-01    -  1.00e+00 1.00e+00h  1
 401  6.4747257e+00 6.69e-05 1.55e+01  -4.0 7.74e-02    -  1.00e+00 1.00e+00h  1
 402  6.4761532e+00 7.14e-05 3.09e+01  -4.0 9.81e-02    -  1.00e+00 7.74e-01H  1
 403  6.4749686e+00 7.89e-05 4.45e+01  -4.0 1.12e-01    -  1.00e+00 5.36e-01h  1
 404  6.4742826e+00 2.14e-05 1.26e+01  -4.1 3.87e-02    -  1.00e+00 1.00e+00h  1
 405  6.4757968e+00 9.86e-06 5.65e+00  -4.0 2.55e-02    -  1.00e+00 1.00e+00h  1
 406  6.4761753e+00 5.52e-06 2.89e+00  -4.0 1.25e-02    -  1.00e+00 1.00e+00h  1
 407  6.4762825e+00 3.80e-07 2.84e+00  -4.0 2.14e-02    -  1.00e+00 1.00e+00H  1
 408  6.4748045e+00 1.28e-03 3.44e+01  -4.0 2.13e-01    -  1.00e+00 1.00e+00h  1
 409  6.4704398e+00 1.19e-04 3.36e+01  -4.1 8.34e-02    -  1.00e+00 1.00e+00h  1
iter    objective    inf_pr   inf_du lg(mu)  ||d||  lg(rg) alpha_du alpha_pr  ls
 410  6.4736947e+00 6.37e-05 7.17e+00  -4.0 9.88e-02    -  1.00e+00 8.08e-01H  1
 411  6.4745506e+00 7.79e-05 1.10e+01  -4.0 4.97e-02    -  1.00e+00 1.00e+00h  1
 412  6.4729842e+00 8.64e-05 2.20e+00  -4.1 5.04e-02    -  1.00e+00 1.00e+00h  1
 413  6.4752222e+00 5.97e-05 7.47e+00  -4.0 5.06e-02    -  1.00e+00 1.00e+00h  1
 414  6.4734767e+00 6.82e-03 8.57e+01  -4.1 1.87e+00    -  1.00e+00 3.23e-01h  1
 415  6.4643662e+00 6.95e-03 1.92e+02  -4.1 7.61e-01    -  1.00e+00 7.80e-01h  1
 416  6.4443403e+00 3.00e-03 1.18e+02  -4.1 5.47e-01    -  9.98e-01 7.72e-01h  1
 417  6.4329337e+00 3.78e-03 6.83e+01  -4.0 1.15e+00    -  3.50e-01 2.78e-01h  1
 418  6.4325104e+00 5.48e-03 7.91e+01  -3.7 5.34e-01    -  7.40e-01 6.57e-01h  1
 419  6.4549409e+00 1.75e-03 2.35e+01  -3.4 2.46e-01    -  1.00e+00 1.00e+00h  1
iter    objective    inf_pr   inf_du lg(mu)  ||d||  lg(rg) alpha_du alpha_pr  ls
 420  6.4576032e+00 1.20e-03 5.21e+01  -3.9 4.03e-01    -  1.00e+00 4.80e-01h  1
 421  6.4588225e+00 9.31e-04 3.36e+01  -4.0 2.69e-01    -  1.00e+00 2.51e-01h  1
 422  6.4663022e+00 4.00e-04 3.43e+01  -4.0 1.72e-01    -  1.00e+00 7.23e-01h  1
 423  6.4708113e+00 2.51e-04 2.67e+01  -4.0 1.11e-01    -  1.00e+00 1.00e+00h  1
 424  6.4671915e+00 1.71e-04 3.40e+01  -4.1 9.25e-02    -  1.00e+00 1.00e+00h  1
 425  6.4681752e+00 2.28e-04 5.24e+00  -4.0 7.21e-02    -  1.00e+00 1.00e+00h  1
 426  6.4706946e+00 1.73e-05 4.97e+00  -4.1 3.31e-02    -  1.00e+00 1.00e+00h  1
 427  6.4721414e+00 3.86e-07 8.25e+00  -4.0 1.51e-02    -  1.00e+00 1.00e+00H  1
 428  6.4719279e+00 5.84e-05 9.91e+00  -4.0 2.38e-02    -  1.00e+00 1.00e+00h  1
 429  6.4697222e+00 7.39e-04 5.63e+01  -4.1 8.27e-02    -  1.00e+00 1.00e+00h  1
iter    objective    inf_pr   inf_du lg(mu)  ||d||  lg(rg) alpha_du alpha_pr  ls
 430  6.4686643e+00 1.94e-04 2.38e+01  -4.1 4.99e-02    -  1.00e+00 1.00e+00h  1
 431  6.4701023e+00 8.82e-06 6.14e+00  -4.1 1.99e-02    -  1.00e+00 1.00e+00h  1
 432  6.4714534e+00 2.03e-06 1.68e+00  -4.0 1.08e-02    -  1.00e+00 1.00e+00h  1
 433  6.4716704e+00 3.41e-07 9.58e-01  -4.0 3.58e-03    -  1.00e+00 1.00e+00h  1
 434  6.4717005e+00 3.11e-08 1.60e+00  -4.0 4.44e-03    -  1.00e+00 1.00e+00H  1
 435  6.4716721e+00 3.49e-06 4.15e+00  -4.0 1.29e-02    -  1.00e+00 1.00e+00h  1
 436  6.4702411e+00 5.45e-05 1.47e+01  -4.1 5.08e-02    -  1.00e+00 1.00e+00h  1
 437  6.4696934e+00 2.02e-04 3.23e+01  -4.1 1.00e-01    -  1.00e+00 1.00e+00h  1
 438  6.4693319e+00 8.03e-05 1.64e+01  -4.1 5.93e-02    -  1.00e+00 1.00e+00h  1
 439  6.4697572e+00 3.79e-05 6.84e+00  -4.1 3.09e-02    -  1.00e+00 1.00e+00h  1
iter    objective    inf_pr   inf_du lg(mu)  ||d||  lg(rg) alpha_du alpha_pr  ls
 440  6.4714766e+00 5.26e-06 4.65e+00  -4.0 1.68e-02    -  1.00e+00 1.00e+00h  1
 441  6.4701743e+00 2.55e-05 1.48e+00  -4.1 2.24e-02    -  1.00e+00 1.00e+00h  1
 442  6.4702884e+00 1.14e-05 3.05e+00  -4.1 1.20e-02    -  1.00e+00 1.00e+00h  1
 443  6.4716067e+00 1.86e-05 1.73e+00  -4.0 1.32e-02    -  1.00e+00 1.00e+00h  1
 444  6.4704250e+00 1.97e-05 1.98e+00  -4.1 1.09e-02    -  1.00e+00 1.00e+00h  1
 445  6.4702797e+00 3.07e-06 1.04e+00  -4.1 1.01e-02    -  1.00e+00 1.00e+00h  1
 446  6.4716555e+00 2.37e-05 1.60e+00  -4.0 1.08e-02    -  1.00e+00 1.00e+00h  1
 447  6.4703648e+00 2.75e-05 1.59e+00  -4.1 1.32e-02    -  1.00e+00 1.00e+00h  1
 448  6.4703160e+00 1.83e-05 4.60e+00  -4.1 1.77e-02    -  1.00e+00 1.00e+00h  1
 449  6.4701495e+00 1.23e-05 1.13e+00  -4.1 1.27e-02    -  1.00e+00 1.00e+00h  1
iter    objective    inf_pr   inf_du lg(mu)  ||d||  lg(rg) alpha_du alpha_pr  ls
 450  6.4703455e+00 2.45e-06 1.38e+00  -4.1 5.92e-03    -  1.00e+00 1.00e+00h  1
 451  6.4716494e+00 1.61e-05 9.26e-01  -4.0 1.01e-02    -  1.00e+00 1.00e+00h  1
 452  6.4702897e+00 8.46e-06 1.76e+00  -4.1 1.44e-02    -  1.00e+00 1.00e+00h  1
 453  6.4702879e+00 4.57e-06 2.49e+00  -4.1 1.02e-02    -  1.00e+00 1.00e+00h  1
 454  6.4703418e+00 3.03e-06 8.63e-01  -4.1 2.16e-03    -  1.00e+00 1.00e+00h  1
 455  6.4716345e+00 1.59e-05 1.74e+00  -4.0 1.13e-02    -  1.00e+00 1.00e+00h  1
 456  6.4702947e+00 2.20e-05 3.07e+00  -4.1 1.53e-02    -  1.00e+00 1.00e+00h  1
 457  6.4702294e+00 3.46e-06 4.77e+00  -4.1 1.37e-02    -  1.00e+00 1.00e+00h  1
 458  6.4716430e+00 2.79e-05 2.41e+00  -4.0 2.01e-02    -  1.00e+00 1.00e+00h  1
 459  6.4700635e+00 2.57e-05 4.88e+00  -4.1 2.42e-02    -  1.00e+00 1.00e+00h  1
iter    objective    inf_pr   inf_du lg(mu)  ||d||  lg(rg) alpha_du alpha_pr  ls
 460  6.4712929e+00 2.52e-05 1.32e+00  -4.0 2.13e-02    -  1.00e+00 1.00e+00h  1
 461  6.4701993e+00 1.79e-05 2.07e+00  -4.1 1.86e-02    -  1.00e+00 1.00e+00h  1
 462  6.4702063e+00 5.53e-06 2.00e+00  -4.1 7.43e-03    -  1.00e+00 1.00e+00h  1
 463  6.4715977e+00 2.09e-05 2.11e+00  -4.0 1.18e-02    -  1.00e+00 1.00e+00h  1
 464  6.4702673e+00 2.05e-05 2.65e+00  -4.1 1.50e-02    -  1.00e+00 1.00e+00h  1
 465  6.4702397e+00 4.17e-06 4.33e+00  -4.1 1.33e-02    -  1.00e+00 1.00e+00h  1
 466  6.4702169e+00 3.97e-06 7.89e-01  -4.1 1.14e-02    -  1.00e+00 1.00e+00h  1
 467  6.4702846e+00 9.63e-07 6.51e-01  -4.1 2.23e-03    -  1.00e+00 1.00e+00h  1
 468  6.4716773e+00 2.14e-05 1.64e+00  -4.0 1.21e-02    -  1.00e+00 1.00e+00h  1
 469  6.4702534e+00 2.33e-05 2.48e+00  -4.1 1.41e-02    -  1.00e+00 1.00e+00h  1
iter    objective    inf_pr   inf_du lg(mu)  ||d||  lg(rg) alpha_du alpha_pr  ls
 470  6.4701820e+00 1.86e-06 2.34e+00  -4.1 9.57e-03    -  1.00e+00 1.00e+00h  1
 471  6.4716602e+00 2.34e-05 1.26e+00  -4.0 1.31e-02    -  1.00e+00 1.00e+00h  1
 472  6.4701954e+00 2.68e-05 4.84e+00  -4.1 3.14e-02    -  1.00e+00 1.00e+00h  1
 473  6.4700182e+00 1.26e-05 1.26e+00  -4.1 2.56e-02    -  1.00e+00 1.00e+00h  1
 474  6.4716475e+00 4.20e-08 2.14e+00  -4.0 1.48e-02    -  1.00e+00 1.00e+00H  1
 475  6.4716841e+00 2.33e-05 5.54e+00  -4.0 7.51e-03    -  1.00e+00 1.00e+00h  1
 476  6.4702134e+00 1.75e-05 1.51e+00  -4.1 1.87e-02    -  1.00e+00 1.00e+00h  1
 477  6.4702255e+00 5.54e-06 3.16e+00  -4.1 1.20e-02    -  1.00e+00 1.00e+00h  1
 478  6.4702591e+00 3.08e-06 4.37e-01  -4.1 1.01e-02    -  1.00e+00 1.00e+00h  1
 479  6.4702916e+00 1.02e-06 9.18e-01  -4.1 4.12e-03    -  1.00e+00 1.00e+00h  1
iter    objective    inf_pr   inf_du lg(mu)  ||d||  lg(rg) alpha_du alpha_pr  ls
 480  6.4702977e+00 8.40e-07 2.01e-01  -4.1 2.94e-03    -  1.00e+00 1.00e+00h  1
 481  6.4715970e+00 2.28e-05 2.23e+00  -4.0 1.20e-02    -  1.00e+00 1.00e+00h  1
 482  6.4702646e+00 1.88e-05 5.42e+00  -4.1 1.94e-02    -  1.00e+00 1.00e+00h  1
 483  6.4699907e+00 8.25e-06 9.22e-01  -4.1 1.61e-02    -  1.00e+00 1.00e+00h  1
 484  6.4716332e+00 3.58e-08 2.25e+00  -4.0 1.37e-02    -  1.00e+00 1.00e+00H  1
 485  6.4716883e+00 2.06e-06 4.69e+00  -4.0 1.26e-02    -  1.00e+00 1.00e+00h  1
 486  6.4701205e+00 2.80e-05 6.20e-01  -4.1 2.04e-02    -  1.00e+00 1.00e+00h  1
 487  6.4703104e+00 5.36e-06 1.28e+00  -4.1 4.91e-03    -  1.00e+00 1.00e+00h  1
 488  6.4702531e+00 4.24e-06 1.94e-01  -4.1 4.13e-03    -  1.00e+00 1.00e+00h  1
 489  6.4703097e+00 3.21e-07 1.39e-01  -4.1 5.22e-04    -  1.00e+00 1.00e+00h  1
iter    objective    inf_pr   inf_du lg(mu)  ||d||  lg(rg) alpha_du alpha_pr  ls
 490  6.4717087e+00 2.33e-05 7.95e-01  -4.0 1.26e-02    -  1.00e+00 1.00e+00h  1
 491  6.4702499e+00 2.82e-05 2.61e+00  -4.1 1.86e-02    -  1.00e+00 1.00e+00h  1
 492  6.4702037e+00 2.36e-06 5.51e+00  -4.1 8.30e-03    -  1.00e+00 1.00e+00h  1
 493  6.4701681e+00 3.31e-06 8.25e-01  -4.1 9.40e-03    -  1.00e+00 1.00e+00h  1
 494  6.4716994e+00 2.40e-05 9.37e-01  -4.0 1.42e-02    -  1.00e+00 1.00e+00h  1
 495  6.4702337e+00 2.63e-05 2.75e+00  -4.1 1.63e-02    -  1.00e+00 1.00e+00h  1
 496  6.4702174e+00 9.18e-07 2.48e+00  -4.1 1.04e-02    -  1.00e+00 1.00e+00h  1
 497  6.4702791e+00 3.59e-07 6.77e-01  -4.1 3.45e-03    -  1.00e+00 1.00e+00h  1
 498  6.4717193e+00 2.51e-05 2.01e+00  -4.0 1.44e-02    -  1.00e+00 1.00e+00h  1
 499  6.4702321e+00 2.89e-05 2.95e+00  -4.1 2.04e-02    -  1.00e+00 1.00e+00h  1
iter    objective    inf_pr   inf_du lg(mu)  ||d||  lg(rg) alpha_du alpha_pr  ls
 500  6.4701759e+00 1.52e-06 3.18e+00  -4.1 9.20e-03    -  1.00e+00 1.00e+00h  1
 501  6.4716861e+00 2.76e-05 1.51e+00  -4.0 1.84e-02    -  1.00e+00 1.00e+00h  1
 502  6.4702139e+00 2.58e-05 3.94e+00  -4.1 1.93e-02    -  1.00e+00 1.00e+00h  1
 503  6.4701862e+00 2.08e-06 2.96e+00  -4.1 9.51e-03    -  1.00e+00 1.00e+00h  1
 504  6.4703156e+00 1.62e-07 4.48e-01  -4.1 1.25e-03    -  1.00e+00 1.00e+00h  1
 505  6.4703133e+00 1.72e-08 1.01e-01  -4.1 4.97e-04    -  1.00e+00 1.00e+00h  1
 506  6.4716816e+00 2.42e-05 2.16e+00  -4.0 1.50e-02    -  1.00e+00 1.00e+00h  1
 507  6.4702481e+00 2.51e-05 2.48e+00  -4.1 1.48e-02    -  1.00e+00 1.00e+00h  1
 508  6.4702480e+00 1.49e-06 1.87e+00  -4.1 8.91e-03    -  1.00e+00 1.00e+00h  1
 509  6.4703166e+00 1.20e-07 4.84e-01  -4.1 1.71e-03    -  1.00e+00 1.00e+00h  1
iter    objective    inf_pr   inf_du lg(mu)  ||d||  lg(rg) alpha_du alpha_pr  ls
 510  6.4703115e+00 6.84e-08 5.27e-01  -4.1 9.03e-04    -  1.00e+00 1.00e+00h  1
 511  6.4703172e+00 4.52e-08 5.98e-02  -4.1 3.56e-04    -  1.00e+00 1.00e+00h  1
 512  6.4703136e+00 3.32e-08 8.47e-02  -4.1 1.80e-04    -  1.00e+00 1.00e+00h  1
 513  6.4703053e+00 1.13e-09 1.08e-01  -4.1 4.32e-04    -  1.00e+00 1.00e+00H  1
 514  6.4716709e+00 1.83e-05 3.52e+00  -4.0 8.89e-03    -  1.00e+00 1.00e+00f  1
 515  6.4702894e+00 1.82e-05 5.68e-01  -4.1 8.64e-03    -  1.00e+00 1.00e+00h  1
 516  6.4702841e+00 2.03e-06 2.32e+00  -4.1 8.48e-03    -  1.00e+00 1.00e+00h  1
 517  6.4702257e+00 1.86e-06 1.94e-01  -4.1 7.90e-03    -  1.00e+00 1.00e+00h  1
 518  6.4702752e+00 2.09e-08 6.59e-02  -4.1 2.61e-04    -  1.00e+00 1.00e+00h  1
 519  6.4716954e+00 2.05e-05 2.77e+00  -4.0 8.98e-03    -  1.00e+00 1.00e+00h  1
iter    objective    inf_pr   inf_du lg(mu)  ||d||  lg(rg) alpha_du alpha_pr  ls
 520  6.4702792e+00 2.05e-05 3.32e-01  -4.1 8.80e-03    -  1.00e+00 1.00e+00h  1
 521  6.4702620e+00 2.05e-06 2.91e+00  -4.1 1.66e-02    -  1.00e+00 1.00e+00h  1
 522  6.4701197e+00 1.77e-06 3.27e-01  -4.1 1.56e-02    -  1.00e+00 1.00e+00h  1
 523  6.4716789e+00 1.48e-08 2.20e+00  -4.0 8.86e-03    -  1.00e+00 1.00e+00H  1
 524  6.4702736e+00 2.10e-05 5.78e-01  -4.1 9.59e-03    -  1.00e+00 1.00e+00h  1
 525  6.4702346e+00 3.98e-06 3.43e+00  -4.1 2.05e-02    -  1.00e+00 1.00e+00h  1
 526  6.4700788e+00 3.26e-06 3.13e-01  -4.1 1.89e-02    -  1.00e+00 1.00e+00h  1
 527  6.4716647e+00 5.30e-08 1.73e+00  -4.0 9.55e-03    -  1.00e+00 1.00e+00H  1
 528  6.4702717e+00 2.20e-05 3.38e+00  -4.1 1.24e-02    -  1.00e+00 1.00e+00h  1
 529  6.4701819e+00 1.95e-06 5.74e-01  -4.1 1.08e-02    -  1.00e+00 1.00e+00h  1
iter    objective    inf_pr   inf_du lg(mu)  ||d||  lg(rg) alpha_du alpha_pr  ls
 530  6.4702824e+00 2.78e-07 2.84e-01  -4.1 9.05e-04    -  1.00e+00 1.00e+00h  1
 531  6.4703216e+00 8.44e-08 1.31e-01  -4.1 4.52e-04    -  1.00e+00 1.00e+00h  1
 532  6.4703122e+00 5.87e-08 1.51e-01  -4.1 4.55e-04    -  1.00e+00 1.00e+00h  1
 533  6.4703036e+00 1.78e-08 4.37e-02  -4.1 2.20e-04    -  1.00e+00 1.00e+00h  1
 534  6.4703031e+00 1.54e-08 2.00e-02  -4.1 9.39e-05    -  1.00e+00 1.00e+00h  1
 535  6.4716397e+00 1.71e-05 3.15e+00  -4.0 7.30e-03    -  1.00e+00 1.00e+00h  1
 536  6.4702748e+00 1.70e-05 1.52e-01  -4.1 7.46e-03    -  1.00e+00 1.00e+00h  1
 537  6.4702949e+00 6.24e-07 1.13e+00  -4.1 4.99e-03    -  1.00e+00 1.00e+00h  1
 538  6.4702685e+00 5.19e-07 1.09e-01  -4.1 4.62e-03    -  1.00e+00 1.00e+00h  1
 539  6.4716487e+00 1.95e-05 1.72e+00  -4.0 7.48e-03    -  1.00e+00 1.00e+00h  1
iter    objective    inf_pr   inf_du lg(mu)  ||d||  lg(rg) alpha_du alpha_pr  ls
 540  6.4702799e+00 1.93e-05 3.21e-01  -4.1 7.66e-03    -  1.00e+00 1.00e+00h  1
 541  6.4702717e+00 1.89e-06 2.27e+00  -4.1 1.11e-02    -  1.00e+00 1.00e+00h  1
 542  6.4702125e+00 2.42e-06 1.90e-01  -4.1 1.06e-02    -  1.00e+00 1.00e+00h  1
 543  6.4702875e+00 1.20e-07 1.62e-01  -4.1 5.92e-04    -  1.00e+00 1.00e+00h  1
 544  6.4702968e+00 7.43e-08 7.00e-02  -4.1 2.84e-04    -  1.00e+00 1.00e+00h  1
 545  6.4703050e+00 1.61e-08 4.18e-02  -4.1 1.98e-04    -  1.00e+00 1.00e+00H  1
 546  6.4703028e+00 1.21e-08 7.83e-02  -4.1 1.95e-04    -  1.00e+00 1.00e+00H  1
 547  6.4703035e+00 1.69e-09 8.99e-02  -4.1 2.01e-04    -  1.00e+00 1.00e+00H  1
 548  6.4715183e+00 4.96e-06 1.96e+00  -4.0 5.70e-03    -  1.00e+00 1.00e+00h  1
 549  6.4703157e+00 4.41e-06 1.82e-01  -4.1 5.40e-03    -  1.00e+00 1.00e+00h  1
iter    objective    inf_pr   inf_du lg(mu)  ||d||  lg(rg) alpha_du alpha_pr  ls
 550  6.4703008e+00 3.94e-07 2.17e-01  -4.1 7.98e-04    -  1.00e+00 1.00e+00h  1
 551  6.4702998e+00 1.88e-07 2.57e-01  -4.1 4.86e-04    -  1.00e+00 1.00e+00h  1
 552  6.4703035e+00 3.16e-08 5.38e-02  -4.1 2.70e-04    -  1.00e+00 1.00e+00h  1
 553  6.4703014e+00 7.17e-08 5.09e-02  -4.1 2.12e-04    -  1.00e+00 1.00e+00h  1
 554  6.4703029e+00 6.28e-09 1.33e-01  -4.1 4.64e-04    -  1.00e+00 1.00e+00H  1
 555  6.4703039e+00 1.12e-09 7.30e-01  -4.1 2.09e-03    -  1.00e+00 1.00e+00H  1
 556  6.4703058e+00 3.64e-10 2.35e+00  -4.1 5.53e-03    -  1.00e+00 1.00e+00H  1
 557  6.4703089e+00 3.86e-10 2.58e+00  -4.1 3.89e-03    -  1.00e+00 1.00e+00H  1
 558  6.4703007e+00 2.49e-10 2.29e-01  -4.1 2.74e-03    -  1.00e+00 1.00e+00H  1
 559  6.4703015e+00 8.93e-11 2.78e-01  -4.1 1.18e-03    -  1.00e+00 1.00e+00H  1
iter    objective    inf_pr   inf_du lg(mu)  ||d||  lg(rg) alpha_du alpha_pr  ls
 560  6.4703062e+00 2.04e-11 4.97e-01  -4.1 1.04e-03    -  1.00e+00 1.00e+00H  1
 561  6.4703051e+00 2.49e-11 3.99e-01  -4.1 7.64e-04    -  1.00e+00 1.00e+00H  1
 562  6.4703047e+00 6.80e-11 6.05e-02  -4.1 3.54e-04    -  1.00e+00 1.00e+00H  1
 563  6.4703039e+00 4.09e-11 2.83e-02  -4.1 1.78e-04    -  1.00e+00 1.00e+00H  1
 564  6.4703048e+00 2.90e-11 5.85e-02  -4.1 2.02e-04    -  1.00e+00 1.00e+00H  1
 565  6.4703067e+00 1.18e-11 1.67e-01  -4.1 5.56e-04    -  1.00e+00 1.00e+00H  1
 566  6.4703092e+00 3.01e-12 4.06e-01  -4.1 1.02e-03    -  1.00e+00 1.00e+00H  1
 567  6.4703086e+00 1.89e-12 3.81e-01  -4.1 7.01e-04    -  1.00e+00 1.00e+00H  1
 568  6.4703086e+00 3.82e-12 3.81e-01  -4.1 4.28e-04    -  1.00e+00 3.05e-05h 16
 569  6.4703086e+00 4.96e-12 3.81e-01  -4.1 4.54e-04    -  1.00e+00 3.81e-06h 19
iter    objective    inf_pr   inf_du lg(mu)  ||d||  lg(rg) alpha_du alpha_pr  ls
 570  6.4703086e+00 6.92e-12 3.81e-01  -4.1 6.60e-04    -  1.00e+00 3.05e-05h 16
 571  6.4703086e+00 6.55e-12 3.81e-01  -4.1 8.76e-04    -  1.00e+00 1.91e-06h 20
 572  6.4703143e+00 5.30e-12 1.16e-01  -4.1 7.24e-04    -  1.00e+00 1.00e+00H  1
 573  6.4703098e+00 1.28e-08 9.89e-02  -4.1 6.12e-04    -  1.00e+00 1.00e+00h  1
 574  6.4703105e+00 8.51e-09 9.67e-02  -4.1 3.75e-04    -  1.00e+00 2.50e-01h  3
 575  6.4703106e+00 8.23e-09 2.26e-01  -4.1 2.53e-04    -  1.00e+00 3.12e-02h  6
 576  6.4703107e+00 8.10e-09 2.12e-01  -4.1 2.47e-04    -  1.00e+00 1.56e-02h  7
 577  6.4703107e+00 8.04e-09 2.18e-01  -4.1 2.44e-04    -  1.00e+00 7.81e-03h  8
 578  6.4703107e+00 8.00e-09 2.17e-01  -4.1 2.43e-04    -  1.00e+00 3.91e-03h  9
 579  6.4703136e+00 4.44e-09 2.57e-03  -4.1 2.42e-04    -  1.00e+00 1.00e+00h  1
iter    objective    inf_pr   inf_du lg(mu)  ||d||  lg(rg) alpha_du alpha_pr  ls
 580  6.4703126e+00 1.41e-09 2.22e-03  -4.1 7.77e-06    -  1.00e+00 1.00e+00h  1
 581  6.4703124e+00 9.71e-11 7.27e-02  -4.1 2.60e-04    -  1.00e+00 1.00e+00H  1
 582  6.4703151e+00 7.64e-11 2.49e-01  -4.1 8.35e-04    -  1.00e+00 1.00e+00H  1
 583  6.4703161e+00 3.34e-11 2.10e-01  -4.1 2.80e-04    -  1.00e+00 1.00e+00H  1
 584  6.4703151e+00 2.58e-11 5.54e-02  -4.1 3.61e-04    -  1.00e+00 1.00e+00H  1
 585  6.4703137e+00 6.73e-11 7.40e-02  -4.1 2.72e-04    -  1.00e+00 1.00e+00H  1
 586  6.4703144e+00 5.78e-11 9.50e-03  -4.1 2.39e-04    -  1.00e+00 1.00e+00H  1
 587  6.4703144e+00 1.40e-11 7.10e-03  -4.1 2.89e-05    -  1.00e+00 1.00e+00H  1
 588  6.4703144e+00 2.08e-11 1.55e-02  -4.1 3.98e-05    -  1.00e+00 3.91e-03h  9
 589  6.4703143e+00 7.95e-12 3.31e-02  -4.1 2.34e-04    -  1.00e+00 1.00e+00H  1
iter    objective    inf_pr   inf_du lg(mu)  ||d||  lg(rg) alpha_du alpha_pr  ls
 590  6.4703148e+00 1.35e-11 7.50e-02  -4.1 2.26e-04    -  1.00e+00 1.00e+00H  1
 591  6.4703154e+00 8.56e-13 3.65e-02  -4.1 1.44e-04    -  1.00e+00 1.00e+00H  1
 592  6.4703149e+00 4.87e-12 7.96e-03  -4.1 1.02e-04    -  1.00e+00 1.00e+00H  1
 593  6.4703151e+00 1.52e-12 7.79e-03  -4.1 5.19e-05    -  1.00e+00 1.00e+00H  1
 594  6.4703172e+00 1.34e-13 3.06e-01  -4.1 1.18e-03    -  1.00e+00 1.00e+00H  1
 595  6.4703180e+00 2.55e-14 5.12e-01  -4.1 7.84e-04    -  1.00e+00 1.00e+00H  1
 596  6.4703180e+00 4.44e-14 5.12e-01  -4.1 2.01e-03    -  1.00e+00 2.98e-08h 26
 597  6.4703180e+00 5.51e-14 5.12e-01  -4.1 4.32e-03    -  1.00e+00 1.49e-08h 27
 598  6.4703180e+00 3.20e-14 5.12e-01  -4.1 2.21e-03    -  1.00e+00 5.96e-08h 25
 599  6.4703281e+00 5.17e-08 1.10e-01  -4.1 1.02e-03    -  1.00e+00 1.00e+00s 22
iter    objective    inf_pr   inf_du lg(mu)  ||d||  lg(rg) alpha_du alpha_pr  ls
 600  6.4703194e+00 3.58e-08 4.02e-02  -4.1 6.48e-04    -  1.00e+00 1.00e+00s 22
 601r 6.4703194e+00 3.58e-08 6.45e+02  -4.1 0.00e+00    -  0.00e+00 0.00e+00R  1
 602r 6.4719416e+00 2.24e-06 2.24e-01  -4.0 5.02e-03    -  1.00e+00 1.00e+00f  1
 603r 6.4789238e+00 2.88e-05 2.70e+01  -4.1 3.47e-02    -  8.31e-01 1.00e+00f  1
 604r 6.5281329e+00 1.34e-03 1.00e+01  -4.0 2.04e-01    -  3.46e-01 1.00e+00h  1
 605r 6.5547720e+00 5.19e-04 4.83e-01  -4.1 1.05e-01    -  1.00e+00 1.00e+00h  1
 606r 6.5942586e+00 4.14e-04 5.60e-01  -4.0 1.42e-01    -  1.00e+00 1.00e+00h  1
 607r 6.5825206e+00 7.96e-05 2.41e-01  -4.1 5.54e-02    -  1.00e+00 1.00e+00h  1
 608r 6.5849677e+00 2.05e-05 8.61e-02  -4.1 3.51e-02    -  1.00e+00 1.00e+00h  1
 609r 6.5855739e+00 2.88e-06 2.88e-02  -4.1 7.05e-03    -  1.00e+00 1.00e+00h  1
iter    objective    inf_pr   inf_du lg(mu)  ||d||  lg(rg) alpha_du alpha_pr  ls
 610r 6.5863290e+00 5.98e-07 1.70e-02  -4.1 7.17e-03    -  1.00e+00 1.00e+00h  1
 611r 6.5863911e+00 2.20e-06 1.17e-02  -4.1 4.36e-03    -  1.00e+00 1.00e+00h  1
 612r 6.5867691e+00 4.06e-07 1.38e-02  -4.1 4.76e-03    -  1.00e+00 1.00e+00h  1
 613r 6.5867779e+00 3.09e-07 7.29e-03  -4.1 2.14e-03    -  1.00e+00 1.00e+00h  1
 614r 6.5868423e+00 1.13e-07 1.65e-03  -4.1 7.62e-04    -  1.00e+00 1.00e+00h  1
 615r 6.5563278e+00 2.92e-04 1.20e+00  -6.1 1.52e-01    -  8.74e-01 9.99e-01f  1
 616r 6.8928644e+00 2.56e-02 1.73e+00  -4.0 1.43e+00    -  1.00e+00 1.00e+00f  1
 617r 6.7941855e+00 7.05e-03 8.76e-01  -4.1 6.53e-01    -  9.44e-01 8.82e-01h  1
 618r 6.7115581e+00 2.31e-03 3.82e-01  -4.1 4.44e-01    -  1.00e+00 1.00e+00h  1
 619r 6.6101175e+00 4.04e-03 4.84e-01  -4.1 4.01e-01    -  1.00e+00 1.00e+00h  1
iter    objective    inf_pr   inf_du lg(mu)  ||d||  lg(rg) alpha_du alpha_pr  ls
 620r 6.6206913e+00 1.29e-03 2.59e-01  -4.1 2.20e-01    -  1.00e+00 1.00e+00h  1
 621r 6.5801528e+00 5.39e-04 2.79e-01  -4.1 1.92e-01    -  1.00e+00 1.00e+00h  1
 622r 6.5789108e+00 1.54e-04 2.28e-01  -4.1 7.72e-02    -  1.00e+00 1.00e+00h  1
 623r 6.5896927e+00 6.14e-05 1.43e-01  -4.1 6.80e-02    -  1.00e+00 1.00e+00h  1
 624r 6.5887756e+00 7.14e-06 5.28e-02  -4.1 1.60e-02    -  1.00e+00 1.00e+00h  1
 625r 6.5861225e+00 2.66e-06 3.29e-02  -4.1 1.26e-02    -  1.00e+00 1.00e+00h  1
 626r 6.5865877e+00 6.55e-07 1.62e-02  -4.1 3.64e-03    -  1.00e+00 1.00e+00h  1
 627r 6.5872238e+00 2.09e-07 7.84e-03  -4.1 3.39e-03    -  1.00e+00 1.00e+00h  1
 628r 6.5871487e+00 1.09e-09 3.03e-03  -4.1 8.59e-04    -  1.00e+00 1.00e+00H  1
 629r 6.5375783e+00 6.32e-04 4.22e-01  -6.1 2.30e-01    -  9.45e-01 1.00e+00f  1
iter    objective    inf_pr   inf_du lg(mu)  ||d||  lg(rg) alpha_du alpha_pr  ls
 630r 6.5397929e+00 2.92e-05 2.64e-02  -5.5 3.42e-02    -  1.00e+00 1.00e+00h  1
 631r 6.8877756e+00 3.34e-02 6.52e+00  -4.0 3.15e+00    -  1.00e+00 5.12e-01f  1
 632r 6.6953481e+00 7.16e-03 9.31e-01  -4.3 9.08e-01    -  9.41e-01 1.00e+00h  1
 633r 6.6283236e+00 3.39e-03 4.08e-01  -4.3 3.91e-01    -  1.00e+00 9.41e-01h  1
 634r 6.5599412e+00 1.97e-03 2.01e-01  -4.3 2.98e-01    -  1.00e+00 1.00e+00h  1
 635r 6.5664583e+00 5.11e-04 3.62e-01  -4.3 1.47e-01    -  1.00e+00 1.00e+00h  1
 636r 6.5699610e+00 1.37e-04 1.52e-01  -4.3 9.36e-02    -  1.00e+00 1.00e+00h  1
 637r 6.5714498e+00 2.61e-05 8.51e-02  -4.3 2.44e-02    -  1.00e+00 1.00e+00h  1
 638r 6.6276048e+00 6.38e-04 6.26e-01  -4.0 2.36e-01    -  1.00e+00 1.00e+00f  1
 639r 6.6027603e+00 1.85e-04 2.34e-01  -4.1 1.16e-01    -  1.00e+00 1.00e+00h  1
iter    objective    inf_pr   inf_du lg(mu)  ||d||  lg(rg) alpha_du alpha_pr  ls
 640r 6.5880461e+00 6.83e-05 2.00e-01  -4.1 6.89e-02    -  1.00e+00 1.00e+00h  1
 641r 6.5837970e+00 2.49e-05 1.06e-01  -4.1 3.87e-02    -  1.00e+00 1.00e+00h  1
 642r 6.5873785e+00 3.99e-06 3.88e-02  -4.1 1.48e-02    -  1.00e+00 1.00e+00h  1
 643r 6.5869014e+00 1.10e-06 2.94e-02  -4.1 6.41e-03    -  1.00e+00 1.00e+00h  1
 644r 6.5863818e+00 5.09e-07 1.59e-02  -4.1 4.83e-03    -  1.00e+00 1.00e+00h  1
 645r 6.5867133e+00 6.24e-07 7.46e-03  -4.1 3.07e-03    -  1.00e+00 1.00e+00h  1
 646r 6.5868087e+00 3.25e-07 3.21e-03  -4.1 1.12e-03    -  1.00e+00 1.00e+00h  1
 647r 6.5520263e+00 2.87e-04 6.70e-01  -6.1 1.38e-01    -  9.43e-01 9.96e-01f  1
 648r 6.5326010e+00 1.78e-04 3.34e-02  -6.1 9.71e-02    -  9.75e-01 1.00e+00h  1
 649r 7.3021483e+00 1.27e-01 6.61e+00  -4.0 6.44e+00    -  1.00e+00 4.84e-01f  1
iter    objective    inf_pr   inf_du lg(mu)  ||d||  lg(rg) alpha_du alpha_pr  ls
 650r 7.0158763e+00 5.36e-02 4.03e+00  -4.3 1.63e+00    -  3.76e-01 7.50e-01h  1
 651r 6.9090356e+00 5.70e-03 8.56e-01  -4.3 5.66e-01    -  8.67e-01 1.00e+00h  1
 652r 6.6757435e+00 1.68e-02 9.12e-01  -4.3 1.09e+00    -  9.79e-01 8.92e-01h  1
 653r 6.5915607e+00 4.67e-03 1.87e-01  -4.3 4.49e-01    -  1.00e+00 1.00e+00h  1
 654r 6.5885547e+00 9.75e-04 4.09e-01  -4.3 2.65e-01    -  9.33e-01 1.00e+00h  1
 655r 6.5792516e+00 1.85e-04 4.43e+00  -4.3 8.86e-02    -  2.46e-01 1.00e+00h  1
 656r 6.5722599e+00 9.53e-05 1.19e-01  -4.3 5.22e-02    -  1.00e+00 1.00e+00h  1
 657r 6.5735203e+00 3.06e-05 8.00e-02  -4.3 2.51e-02    -  1.00e+00 1.00e+00h  1
 658r 6.6337330e+00 8.53e-04 6.19e-01  -4.0 3.04e-01    -  1.00e+00 1.00e+00f  1
 659r 6.6051089e+00 2.74e-04 1.19e-01  -4.1 1.70e-01    -  1.00e+00 1.00e+00h  1
iter    objective    inf_pr   inf_du lg(mu)  ||d||  lg(rg) alpha_du alpha_pr  ls
 660r 6.5814399e+00 1.46e-04 5.65e-01  -4.1 1.60e-01    -  1.00e+00 1.00e+00H  1
 661r 6.5837469e+00 1.09e-04 1.15e-01  -4.1 7.32e-02    -  1.00e+00 1.00e+00h  1
 662r 6.5864295e+00 2.18e-05 7.15e-02  -4.1 2.78e-02    -  1.00e+00 1.00e+00h  1
 663r 6.5868646e+00 1.92e-06 4.23e-02  -4.1 1.06e-02    -  1.00e+00 1.00e+00h  1
 664r 6.5866229e+00 6.51e-07 1.01e-02  -4.1 3.40e-03    -  1.00e+00 1.00e+00h  1
 665r 6.5865672e+00 9.03e-07 6.26e-03  -4.1 1.78e-03    -  1.00e+00 1.00e+00h  1
 666r 6.5866738e+00 3.62e-07 5.48e-03  -4.1 1.24e-03    -  1.00e+00 1.00e+00h  1
 667r 6.5867888e+00 2.33e-07 2.80e-03  -4.1 6.35e-04    -  1.00e+00 1.00e+00h  1
 668r 6.5626852e+00 1.37e-04 9.36e-01  -6.1 9.88e-02    -  9.21e-01 9.96e-01f  1
 669r 6.5440505e+00 9.70e-05 7.52e-03  -6.1 7.76e-02    -  1.00e+00 1.00e+00h  1
iter    objective    inf_pr   inf_du lg(mu)  ||d||  lg(rg) alpha_du alpha_pr  ls
 670r 6.8892834e+00 2.29e-02 1.13e+01  -4.0 5.28e+00    -  1.00e+00 2.70e-01f  1
 671r 6.6957666e+00 1.66e-02 4.83e+00  -4.4 7.32e-01    -  6.44e-01 1.00e+00h  1
 672r 6.6932666e+00 3.31e-03 2.57e-01  -4.4 2.91e-01    -  1.00e+00 1.00e+00h  1
 673r 6.6425691e+00 1.28e-03 1.99e-01  -4.4 2.34e-01    -  1.00e+00 1.00e+00h  1
 674r 6.5915525e+00 1.36e-03 1.24e-01  -4.4 2.74e-01    -  1.00e+00 1.00e+00h  1
 675r 6.5592488e+00 5.59e-04 1.50e-01  -4.4 1.83e-01    -  1.00e+00 1.00e+00h  1
 676r 6.5629094e+00 8.29e-05 1.12e-01  -4.4 7.50e-02    -  1.00e+00 1.00e+00h  1
 677r 6.5652507e+00 1.61e-05 4.76e-02  -4.4 2.53e-02    -  1.00e+00 1.00e+00h  1
 678r 6.6490521e+00 1.57e-03 1.00e+00  -4.0 3.85e-01    -  1.00e+00 1.00e+00f  1
 679r 6.6142486e+00 3.67e-04 3.24e-01  -4.1 1.60e-01    -  1.00e+00 1.00e+00h  1
iter    objective    inf_pr   inf_du lg(mu)  ||d||  lg(rg) alpha_du alpha_pr  ls
 680r 6.5781792e+00 5.58e-04 2.94e-01  -4.1 1.97e-01    -  1.00e+00 1.00e+00h  1
 681r 6.5673839e+00 2.27e-04 2.78e-01  -4.1 1.18e-01    -  1.00e+00 1.00e+00h  1
 682r 6.5839573e+00 9.90e-05 1.14e-01  -4.1 9.02e-02    -  1.00e+00 1.00e+00h  1
 683r 6.5854421e+00 9.95e-06 1.25e-01  -4.1 3.29e-02    -  1.00e+00 1.00e+00h  1
 684r 6.5853638e+00 1.69e-06 2.69e-02  -4.1 9.49e-03    -  1.00e+00 1.00e+00h  1
 685r 6.5866702e+00 7.47e-07 1.26e-02  -4.1 9.32e-03    -  1.00e+00 1.00e+00h  1
 686r 6.5867977e+00 4.87e-07 9.38e-03  -4.1 3.93e-03    -  1.00e+00 1.00e+00h  1
 687r 6.5869093e+00 1.70e-07 1.48e-02  -4.1 2.51e-03    -  1.00e+00 1.00e+00h  1
 688r 6.5869607e+00 1.04e-07 4.01e-03  -4.1 1.15e-03    -  1.00e+00 1.00e+00h  1
 689r 6.5728674e+00 5.07e-05 2.05e+00  -6.1 4.90e-02    -  8.52e-01 9.94e-01f  1
iter    objective    inf_pr   inf_du lg(mu)  ||d||  lg(rg) alpha_du alpha_pr  ls
 690r 6.5527401e+00 1.01e-04 1.17e-02  -6.1 7.77e-02    -  1.00e+00 1.00e+00h  1
 691r 6.5270856e+00 1.93e-04 7.46e-03  -6.1 1.13e-01    -  1.00e+00 1.00e+00h  1
 692r 6.6475387e+00 3.60e-03 1.81e+01  -4.0 4.95e+00    -  1.00e+00 9.40e-02f  1
 693r 6.5952160e+00 1.38e-03 1.30e-01  -4.6 2.22e-01    -  1.00e+00 1.00e+00h  1
 694r 6.5834280e+00 2.05e-04 7.57e-02  -4.6 6.73e-02    -  1.00e+00 1.00e+00h  1
 695r 6.5673621e+00 1.07e-04 8.82e-02  -4.6 7.05e-02    -  1.00e+00 1.00e+00h  1
 696r 6.5539241e+00 9.40e-05 4.99e-02  -4.6 5.41e-02    -  1.00e+00 1.00e+00h  1
 697r 6.5563541e+00 9.79e-06 2.43e-02  -4.6 1.71e-02    -  1.00e+00 1.00e+00h  1
 698r 6.6849636e+00 2.88e-03 1.38e+00  -4.0 5.11e-01    -  1.00e+00 1.00e+00f  1
 699r 6.6310078e+00 7.41e-04 4.96e-01  -4.1 2.30e-01    -  1.00e+00 1.00e+00h  1
iter    objective    inf_pr   inf_du lg(mu)  ||d||  lg(rg) alpha_du alpha_pr  ls
 700r 6.6048127e+00 1.98e-04 1.51e-01  -4.1 1.26e-01    -  1.00e+00 1.00e+00h  1
 701r 6.5781106e+00 3.74e-04 2.52e-01  -4.1 1.07e-01    -  1.00e+00 1.00e+00h  1
 702r 6.5752423e+00 7.19e-05 2.34e-01  -4.1 6.81e-02    -  1.00e+00 1.00e+00h  1
 703r 6.5873828e+00 5.38e-05 8.74e-02  -4.1 4.86e-02    -  1.00e+00 1.00e+00h  1
 704r 6.5856205e+00 6.07e-06 6.97e-02  -4.1 1.74e-02    -  1.00e+00 1.00e+00h  1
 705r 6.5863965e+00 1.92e-06 2.92e-02  -4.1 1.01e-02    -  1.00e+00 1.00e+00h  1
 706r 6.5869502e+00 2.84e-07 9.07e-03  -4.1 2.77e-03    -  1.00e+00 1.00e+00h  1
 707r 6.5872021e+00 2.76e-07 8.10e-03  -4.1 2.01e-03    -  1.00e+00 1.00e+00h  1
 708r 6.5870540e+00 8.50e-08 2.07e-03  -4.1 8.43e-04    -  1.00e+00 1.00e+00h  1
 709r 6.5360364e+00 5.35e-04 6.35e-01  -6.1 2.18e-01    -  9.41e-01 9.97e-01f  1
iter    objective    inf_pr   inf_du lg(mu)  ||d||  lg(rg) alpha_du alpha_pr  ls
 710r 6.5295972e+00 4.15e-05 4.08e-02  -6.1 4.24e-02    -  9.83e-01 1.00e+00h  1
 711r 7.3770606e+00 1.34e-01 6.35e+00  -4.0 4.20e+00    -  1.00e+00 7.39e-01f  1
 712r 7.0443754e+00 4.57e-02 1.91e+00  -4.1 1.36e+00    -  7.40e-01 8.24e-01h  1
 713r 6.9333130e+00 1.99e-02 9.54e+00  -4.1 8.42e-01    -  1.32e-01 5.83e-01h  1
 714r 6.7546941e+00 1.29e-02 1.07e+00  -4.1 6.09e-01    -  6.86e-01 9.39e-01h  1
 715r 6.5820612e+00 9.94e-03 2.00e+00  -4.1 8.24e-01    -  6.71e-01 1.00e+00h  1
 716r 6.5341805e+00 2.33e-03 1.89e-01  -4.1 3.06e-01    -  1.00e+00 9.84e-01h  1
 717r 6.5717105e+00 1.16e-03 1.09e-01  -4.1 2.40e-01    -  1.00e+00 9.55e-01f  1
 718r 6.5752720e+00 3.62e-04 6.26e-01  -4.1 1.51e-01    -  1.00e+00 1.00e+00f  1
 719r 6.5795989e+00 6.13e-05 1.89e-01  -4.1 4.69e-02    -  1.00e+00 1.00e+00h  1
iter    objective    inf_pr   inf_du lg(mu)  ||d||  lg(rg) alpha_du alpha_pr  ls
 720r 6.5835373e+00 9.47e-06 7.88e-02  -4.1 2.40e-02    -  1.00e+00 1.00e+00h  1
 721r 6.6072950e+00 1.29e-04 2.05e-01  -4.0 9.95e-02    -  1.00e+00 1.00e+00f  1
 722r 6.5919687e+00 7.62e-05 1.10e-01  -4.1 6.00e-02    -  1.00e+00 1.00e+00h  1
 723r 6.5915555e+00 1.44e-05 1.12e-01  -4.1 3.68e-02    -  1.00e+00 1.00e+00h  1
 724r 6.5898949e+00 1.80e-06 2.90e-02  -4.1 8.59e-03    -  1.00e+00 1.00e+00h  1
 725r 6.5882437e+00 7.19e-07 1.53e-02  -4.1 6.79e-03    -  1.00e+00 1.00e+00h  1
 726r 6.5873716e+00 1.41e-06 1.81e-02  -4.1 5.00e-03    -  1.00e+00 1.00e+00h  1
 727r 6.5867361e+00 2.82e-07 7.71e-03  -4.1 4.10e-03    -  1.00e+00 1.00e+00h  1
 728r 6.5870071e+00 1.23e-07 3.32e-03  -4.1 9.89e-04    -  1.00e+00 1.00e+00h  1
 729r 6.5386269e+00 5.56e-04 5.10e-01  -6.1 1.83e-01    -  9.58e-01 9.95e-01f  1
iter    objective    inf_pr   inf_du lg(mu)  ||d||  lg(rg) alpha_du alpha_pr  ls
 730r 6.5350616e+00 5.10e-05 1.39e-02  -6.1 4.87e-02    -  1.00e+00 1.00e+00h  1
 731r 7.1020551e+00 1.10e-01 6.11e+00  -4.0 4.66e+00    -  1.00e+00 4.54e-01f  1
 732r 6.8576494e+00 1.65e-02 1.37e+00  -4.3 9.73e-01    -  7.60e-01 1.00e+00h  1
 733r 6.7142575e+00 1.10e-02 3.94e-01  -4.3 8.64e-01    -  7.60e-01 6.34e-01h  1
 734r 6.6233607e+00 6.05e-03 2.02e+00  -4.3 4.02e-01    -  5.17e-01 7.03e-01h  1
 735r 6.5563668e+00 3.31e-03 5.95e-01  -4.3 2.90e-01    -  6.74e-01 9.58e-01h  1
 736r 6.5335910e+00 1.23e-03 7.82e-02  -4.3 2.04e-01    -  1.00e+00 1.00e+00h  1
 737r 6.5503804e+00 4.04e-04 1.04e+00  -4.3 1.17e-01    -  1.00e+00 6.85e-01h  1
 738r 6.5644908e+00 9.17e-05 2.71e-01  -4.3 7.08e-02    -  1.00e+00 1.00e+00f  1
 739r 6.5766618e+00 5.23e-05 8.17e-02  -4.3 4.90e-02    -  1.00e+00 1.00e+00h  1
iter    objective    inf_pr   inf_du lg(mu)  ||d||  lg(rg) alpha_du alpha_pr  ls
 740r 6.5723075e+00 1.13e-05 4.90e-02  -4.3 2.04e-02    -  1.00e+00 1.00e+00h  1
 741r 6.5731839e+00 2.16e-06 2.30e-02  -4.3 9.82e-03    -  1.00e+00 1.00e+00h  1
 742r 6.6083045e+00 2.57e-04 4.07e-01  -4.0 1.36e-01    -  1.00e+00 1.00e+00f  1
 743r 6.5913810e+00 1.37e-04 1.78e-01  -4.1 7.85e-02    -  1.00e+00 1.00e+00h  1
 744r 6.5877730e+00 4.99e-05 1.68e-01  -4.1 4.79e-02    -  1.00e+00 1.00e+00h  1
 745r 6.5876280e+00 3.01e-06 3.13e-02  -4.1 1.01e-02    -  1.00e+00 1.00e+00h  1
 746r 6.5872657e+00 1.57e-06 1.62e-02  -4.1 5.00e-03    -  1.00e+00 1.00e+00h  1
 747r 6.5870554e+00 1.78e-07 1.30e-02  -4.1 2.33e-03    -  1.00e+00 1.00e+00h  1
 748r 6.5869368e+00 4.50e-08 4.09e-03  -4.1 1.35e-03    -  1.00e+00 1.00e+00h  1
 749r 6.5332668e+00 7.45e-04 3.56e+00  -6.1 2.26e-01    -  7.07e-01 9.96e-01f  1
iter    objective    inf_pr   inf_du lg(mu)  ||d||  lg(rg) alpha_du alpha_pr  ls
 750r 6.5300904e+00 1.20e-04 4.01e-02  -6.1 5.94e-02    -  9.91e-01 1.00e+00h  1
 751r 7.1222786e+00 9.14e-02 5.47e+00  -4.0 3.53e+00    -  1.00e+00 6.87e-01f  1
 752r 6.9199482e+00 1.34e-02 7.59e+00  -4.2 9.71e-01    -  4.70e-01 1.00e+00h  1
 753r 6.7090292e+00 1.50e-02 3.37e+00  -4.2 1.32e+00    -  3.45e-01 8.70e-01H  1
 754r 6.6299810e+00 1.16e-02 2.03e+00  -4.2 8.04e-01    -  5.22e-01 5.95e-01h  1
 755r 6.5717864e+00 3.51e-03 4.77e+00  -4.2 3.91e-01    -  4.58e-01 1.00e+00h  1
 756r 6.5595787e+00 4.21e-03 4.62e-01  -4.2 2.95e-01    -  1.00e+00 1.00e+00h  1
 757r 6.5685475e+00 1.94e-03 4.40e-01  -4.2 1.54e-01    -  7.38e-01 5.99e-01h  1
 758r 6.5810484e+00 7.90e-04 4.07e-01  -4.2 1.42e-01    -  1.00e+00 1.00e+00f  1
 759r 6.5978048e+00 7.52e-04 4.76e-01  -4.2 1.67e-01    -  1.00e+00 1.00e+00h  1
iter    objective    inf_pr   inf_du lg(mu)  ||d||  lg(rg) alpha_du alpha_pr  ls
 760r 6.5901371e+00 1.22e-04 1.30e-01  -4.2 5.81e-02    -  1.00e+00 1.00e+00h  1
 761r 6.5879464e+00 8.99e-06 5.25e-02  -4.2 1.69e-02    -  1.00e+00 1.00e+00h  1
 762r 6.5850590e+00 4.36e-06 3.01e-02  -4.2 1.40e-02    -  1.00e+00 1.00e+00h  1
 763r 6.5836833e+00 1.07e-06 1.45e-02  -4.2 6.83e-03    -  1.00e+00 1.00e+00h  1
 764r 6.6093083e+00 1.82e-04 2.40e-01  -4.0 1.28e-01    -  1.00e+00 1.00e+00f  1
 765r 6.5938007e+00 7.86e-05 8.37e-02  -4.1 7.61e-02    -  1.00e+00 1.00e+00h  1
 766r 6.5884405e+00 3.51e-05 1.28e-01  -4.1 4.10e-02    -  1.00e+00 1.00e+00h  1
 767r 6.5877430e+00 5.25e-06 6.25e-02  -4.1 1.84e-02    -  1.00e+00 1.00e+00h  1
 768r 6.5870939e+00 5.15e-07 1.66e-02  -4.1 4.69e-03    -  1.00e+00 1.00e+00h  1
 769r 6.5869105e+00 2.06e-07 1.13e-02  -4.1 3.48e-03    -  1.00e+00 1.00e+00h  1
iter    objective    inf_pr   inf_du lg(mu)  ||d||  lg(rg) alpha_du alpha_pr  ls
 770r 6.5868882e+00 2.47e-07 6.27e-03  -4.1 1.88e-03    -  1.00e+00 1.00e+00h  1
 771r 6.5868833e+00 2.00e-07 4.77e-03  -4.1 8.83e-04    -  1.00e+00 1.00e+00h  1
 772r 6.5867604e+00 1.18e-09 3.80e-03  -4.1 1.94e-03    -  1.00e+00 1.00e+00H  1
 773r 6.5529601e+00 2.40e-04 1.11e+00  -6.1 1.29e-01    -  9.08e-01 9.96e-01f  1
 774r 6.5409467e+00 5.16e-05 3.38e-03  -6.1 5.30e-02    -  1.00e+00 1.00e+00h  1
 775r 6.5068632e+00 2.90e-04 4.56e-03  -6.1 1.38e-01    -  1.00e+00 1.00e+00h  1
 776r 6.9332409e+00 2.99e-02 1.80e+01  -4.0 5.83e+00    -  1.00e+00 2.82e-01f  1
 777r 6.7403735e+00 9.61e-03 1.11e+01  -4.4 9.05e-01    -  4.10e-01 1.00e+00h  1
 778r 6.6564562e+00 3.39e-03 1.12e+00  -4.4 3.26e-01    -  1.00e+00 1.00e+00h  1
 779r 6.5668247e+00 2.16e-03 2.00e-01  -4.4 3.52e-01    -  1.00e+00 1.00e+00h  1
iter    objective    inf_pr   inf_du lg(mu)  ||d||  lg(rg) alpha_du alpha_pr  ls
 780r 6.5312741e+00 1.57e-03 1.11e-01  -4.4 2.67e-01    -  1.00e+00 9.27e-01h  1
 781r 6.5490072e+00 3.75e-04 1.22e-01  -4.4 1.47e-01    -  1.00e+00 9.85e-01f  1
 782r 6.5650333e+00 9.00e-05 2.32e-01  -4.4 8.58e-02    -  1.00e+00 1.00e+00f  1
 783r 6.5661179e+00 2.82e-05 1.06e-01  -4.4 4.03e-02    -  1.00e+00 1.00e+00h  1
 784r 6.5672121e+00 5.33e-06 2.61e-02  -4.4 1.39e-02    -  1.00e+00 1.00e+00h  1
 785r 6.6871922e+00 2.37e-03 6.62e-01  -4.0 5.43e-01    -  1.00e+00 1.00e+00f  1
 786r 6.6392089e+00 1.28e-03 2.76e-01  -4.1 2.31e-01    -  1.00e+00 1.00e+00h  1
 787r 6.6151090e+00 3.43e-04 3.44e-01  -4.1 1.50e-01    -  1.00e+00 1.00e+00h  1
 788r 6.5832536e+00 3.50e-04 4.00e-01  -4.1 1.83e-01    -  1.00e+00 1.00e+00h  1
 789r 6.5771533e+00 1.39e-04 3.27e-01  -4.1 9.21e-02    -  1.00e+00 1.00e+00h  1
iter    objective    inf_pr   inf_du lg(mu)  ||d||  lg(rg) alpha_du alpha_pr  ls
 790r 6.5864771e+00 6.67e-05 1.40e-01  -4.1 7.74e-02    -  1.00e+00 1.00e+00h  1
 791r 6.5859858e+00 1.36e-05 1.07e-01  -4.1 2.34e-02    -  1.00e+00 1.00e+00h  1
 792r 6.5869859e+00 3.92e-06 1.09e-02  -4.1 7.56e-03    -  1.00e+00 1.00e+00h  1
 793r 6.5871552e+00 3.69e-07 6.66e-03  -4.1 2.25e-03    -  1.00e+00 1.00e+00h  1
 794r 6.5871223e+00 1.03e-07 4.18e-03  -4.1 1.03e-03    -  1.00e+00 1.00e+00h  1
 795r 6.5527898e+00 2.77e-04 2.20e+00  -6.1 1.54e-01    -  8.11e-01 9.97e-01f  1
 796r 6.5387861e+00 9.85e-05 8.74e-03  -6.1 6.38e-02    -  1.00e+00 1.00e+00h  1
 797r 6.5075983e+00 2.25e-04 5.42e-03  -6.1 1.31e-01    -  1.00e+00 1.00e+00h  1
 798r 7.4466670e+00 1.87e-01 1.00e+01  -4.0 5.56e+00    -  1.00e+00 5.97e-01f  1
 799r 7.2354100e+00 1.10e-01 5.86e+00  -4.2 1.65e+00    -  7.21e-01 4.49e-01h  1
iter    objective    inf_pr   inf_du lg(mu)  ||d||  lg(rg) alpha_du alpha_pr  ls
 800r 6.9031202e+00 3.28e-02 1.16e+01  -4.2 1.21e+00    -  3.09e-01 9.85e-01h  1
 801r 6.6765039e+00 8.02e-03 3.54e+00  -4.2 8.95e-01    -  6.61e-01 1.00e+00h  1
 802r 6.5618843e+00 7.43e-03 2.43e+00  -4.2 5.63e-01    -  5.78e-01 8.45e-01h  1
 803r 6.5414571e+00 3.36e-03 1.29e+00  -4.2 2.57e-01    -  1.00e+00 5.63e-01h  1
 804r 6.5449226e+00 2.21e-03 3.20e+00  -4.2 1.08e-01    -  1.00e+00 3.40e-01h  1
 805r 6.5663583e+00 5.72e-04 3.51e-01  -4.2 1.78e-01    -  1.00e+00 1.00e+00f  1
 806r 6.5696190e+00 9.49e-05 4.41e-01  -4.2 6.98e-02    -  1.00e+00 9.08e-01h  1
 807r 6.5825937e+00 5.77e-05 1.14e-01  -4.2 7.74e-02    -  1.00e+00 1.00e+00f  1
 808r 6.5806935e+00 1.90e-05 1.72e-01  -4.2 3.22e-02    -  1.00e+00 1.00e+00h  1
 809r 6.5812899e+00 6.72e-06 3.69e-02  -4.2 1.60e-02    -  1.00e+00 1.00e+00h  1
iter    objective    inf_pr   inf_du lg(mu)  ||d||  lg(rg) alpha_du alpha_pr  ls
 810r 6.5817596e+00 1.16e-06 1.04e-02  -4.2 4.08e-03    -  1.00e+00 1.00e+00h  1
 811r 6.5928700e+00 2.65e-05 1.09e-01  -4.0 4.71e-02    -  1.00e+00 1.00e+00f  1
 812r 6.5851036e+00 1.84e-05 5.00e-02  -4.1 3.38e-02    -  1.00e+00 1.00e+00h  1
 813r 6.5866371e+00 3.43e-06 3.91e-02  -4.1 1.39e-02    -  1.00e+00 1.00e+00h  1
 814r 6.5867102e+00 5.88e-07 6.75e-03  -4.1 4.21e-03    -  1.00e+00 1.00e+00h  1
 815r 6.5867037e+00 5.13e-08 2.38e-03  -4.1 8.02e-04    -  1.00e+00 1.00e+00h  1
 816r 6.5450901e+00 3.56e-04 3.39e-01  -6.1 1.74e-01    -  9.51e-01 1.00e+00f  1
 817r 6.5345893e+00 4.06e-05 5.36e-03  -6.1 5.34e-02    -  1.00e+00 1.00e+00h  1
 818r 7.1119116e+00 6.86e-02 9.50e+00  -4.0 6.31e+00    -  1.00e+00 4.01e-01f  1
 819r 6.8355850e+00 2.09e-02 3.86e+00  -4.3 1.24e+00    -  5.49e-01 1.00e+00h  1
iter    objective    inf_pr   inf_du lg(mu)  ||d||  lg(rg) alpha_du alpha_pr  ls
 820r 6.7177100e+00 4.92e-03 2.57e+00  -4.3 6.12e-01    -  6.21e-01 8.40e-01h  1
 821r 6.5912869e+00 7.13e-03 2.56e-01  -4.3 6.43e-01    -  1.00e+00 8.85e-01h  1
 822r 6.5722257e+00 6.58e-04 2.39e-01  -4.3 1.99e-01    -  1.00e+00 1.00e+00h  1
 823r 6.5592970e+00 3.21e-04 1.35e-01  -4.3 1.27e-01    -  1.00e+00 1.00e+00h  1
 824r 6.5670428e+00 1.28e-04 1.89e-01  -4.3 8.66e-02    -  1.00e+00 1.00e+00h  1
 825r 6.5717566e+00 1.55e-05 6.78e-02  -4.3 2.48e-02    -  1.00e+00 1.00e+00h  1
 826r 6.5719757e+00 6.90e-06 3.97e-02  -4.3 1.41e-02    -  1.00e+00 1.00e+00h  1
 827r 6.5717961e+00 1.22e-06 2.11e-02  -4.3 6.90e-03    -  1.00e+00 1.00e+00h  1
 828r 6.6290546e+00 6.58e-04 5.47e-01  -4.0 2.71e-01    -  1.00e+00 1.00e+00f  1
 829r 6.6045696e+00 2.02e-04 2.10e-01  -4.1 1.34e-01    -  1.00e+00 1.00e+00h  1
iter    objective    inf_pr   inf_du lg(mu)  ||d||  lg(rg) alpha_du alpha_pr  ls
 830r 6.5924235e+00 1.19e-04 5.01e-01  -4.1 7.98e-02    -  1.00e+00 1.00e+00h  1
 831r 6.5884468e+00 6.55e-05 1.08e-01  -4.1 4.95e-02    -  1.00e+00 1.00e+00h  1
 832r 6.5867633e+00 7.76e-06 4.47e-02  -4.1 1.70e-02    -  1.00e+00 1.00e+00h  1
 833r 6.5869224e+00 1.44e-06 2.27e-02  -4.1 5.22e-03    -  1.00e+00 1.00e+00h  1
 834r 6.5868761e+00 3.42e-07 7.19e-03  -4.1 2.37e-03    -  1.00e+00 1.00e+00h  1
 835r 6.5868833e+00 2.34e-07 3.34e-03  -4.1 8.02e-04    -  1.00e+00 1.00e+00h  1
 836r 6.5521020e+00 2.64e-04 1.45e+00  -6.1 1.37e-01    -  8.97e-01 9.94e-01f  1
 837r 6.5406521e+00 6.23e-05 2.20e-01  -6.1 5.99e-02    -  1.00e+00 8.59e-01h  1
 838r 6.5118525e+00 2.41e-04 8.33e-03  -6.1 1.31e-01    -  1.00e+00 1.00e+00h  1
 839r 6.5032098e+00 4.54e-05 3.54e-03  -6.1 4.38e-02    -  1.00e+00 1.00e+00h  1
iter    objective    inf_pr   inf_du lg(mu)  ||d||  lg(rg) alpha_du alpha_pr  ls
 840r 7.1215330e+00 7.59e-02 8.51e+00  -4.0 8.84e+00    -  1.00e+00 2.47e-01f  1
 841r 6.8428702e+00 1.84e-02 1.08e+00  -4.4 1.02e+00    -  8.71e-01 1.00e+00h  1
 842r 6.6735511e+00 5.67e-03 8.78e-01  -4.4 6.87e-01    -  6.97e-01 1.00e+00h  1
 843r 6.6047253e+00 2.59e-03 8.04e-02  -4.4 4.44e-01    -  1.00e+00 6.79e-01h  1
 844r 6.5705279e+00 1.21e-03 3.91e-01  -4.4 1.85e-01    -  1.00e+00 7.14e-01f  1
 845r 6.5554804e+00 5.69e-04 1.67e-01  -4.4 1.13e-01    -  1.00e+00 1.00e+00h  1
 846r 6.5634907e+00 9.44e-05 1.17e-01  -4.4 5.87e-02    -  1.00e+00 1.00e+00h  1
 847r 6.5670508e+00 1.44e-05 7.79e-02  -4.4 2.85e-02    -  1.00e+00 1.00e+00h  1
 848r 6.5692752e+00 7.67e-06 6.40e-02  -4.4 1.96e-02    -  1.00e+00 1.00e+00h  1
 849r 6.6657858e+00 2.56e-03 8.68e-01  -4.0 3.84e-01    -  1.00e+00 1.00e+00f  1
iter    objective    inf_pr   inf_du lg(mu)  ||d||  lg(rg) alpha_du alpha_pr  ls
 850r 6.6261988e+00 6.93e-04 2.84e-01  -4.1 1.65e-01    -  1.00e+00 1.00e+00h  1
 851r 6.6058288e+00 1.23e-04 1.35e-01  -4.1 7.69e-02    -  1.00e+00 1.00e+00h  1
 852r 6.5955773e+00 9.29e-05 1.67e-01  -4.1 5.89e-02    -  1.00e+00 1.00e+00h  1
 853r 6.5871110e+00 2.65e-05 1.11e-01  -4.1 4.69e-02    -  1.00e+00 1.00e+00h  1
 854r 6.5888228e+00 7.98e-06 6.04e-02  -4.1 1.41e-02    -  1.00e+00 1.00e+00h  1
 855r 6.5872575e+00 1.65e-06 2.24e-02  -4.1 7.43e-03    -  1.00e+00 1.00e+00h  1
 856r 6.5873460e+00 5.10e-07 8.86e-03  -4.1 2.15e-03    -  1.00e+00 1.00e+00h  1
 857r 6.5869011e+00 5.74e-07 6.84e-03  -4.1 2.94e-03    -  1.00e+00 1.00e+00h  1
 858r 6.5870063e+00 2.63e-07 5.12e-03  -4.1 1.16e-03    -  1.00e+00 1.00e+00h  1
 859r 6.5869436e+00 1.66e-07 2.93e-03  -4.1 8.14e-04    -  1.00e+00 1.00e+00h  1
iter    objective    inf_pr   inf_du lg(mu)  ||d||  lg(rg) alpha_du alpha_pr  ls
 860r 6.5501259e+00 3.21e-04 5.78e-01  -6.1 1.69e-01    -  9.49e-01 9.97e-01f  1
 861r 6.5399374e+00 4.07e-05 6.85e-03  -6.1 4.46e-02    -  1.00e+00 1.00e+00h  1
 862r 6.5117249e+00 2.07e-04 9.29e-03  -6.1 1.27e-01    -  1.00e+00 1.00e+00h  1
 863r 6.5040273e+00 6.29e-05 4.13e-03  -6.1 4.98e-02    -  1.00e+00 1.00e+00h  1
 864r 6.5047927e+00 6.06e-06 3.07e-03  -6.1 2.18e-02    -  1.00e+00 1.00e+00h  1
 865r 7.2774153e+00 9.05e-02 1.07e+01  -4.0 7.05e+00    -  1.00e+00 3.99e-01f  1
 866r 6.9213540e+00 2.28e-02 6.95e+00  -4.3 1.16e+00    -  3.88e-01 1.00e+00h  1
 867r 6.7411259e+00 2.18e-02 5.21e+00  -4.3 1.28e+00    -  6.19e-01 7.89e-01h  1
 868r 6.6357665e+00 1.15e-02 1.94e+00  -4.3 8.32e-01    -  1.65e-01 5.80e-01h  1
 869r 6.5613071e+00 2.58e-03 2.29e-01  -4.3 3.38e-01    -  1.00e+00 1.00e+00h  1
iter    objective    inf_pr   inf_du lg(mu)  ||d||  lg(rg) alpha_du alpha_pr  ls
 870r 6.5588731e+00 8.14e-04 7.63e-02  -4.3 2.09e-01    -  1.00e+00 1.00e+00h  1
 871r 6.5633579e+00 3.13e-04 1.16e+00  -4.3 6.59e-02    -  1.00e+00 6.21e-01h  1
 872r 6.5711641e+00 1.16e-04 3.03e-01  -4.3 7.15e-02    -  1.00e+00 1.00e+00f  1
 873r 6.5742530e+00 1.61e-05 8.48e-02  -4.3 2.60e-02    -  1.00e+00 1.00e+00h  1
 874r 6.5758240e+00 9.48e-06 2.93e-02  -4.3 1.26e-02    -  1.00e+00 1.00e+00h  1
 875r 6.5762166e+00 1.40e-06 1.61e-02  -4.3 5.27e-03    -  1.00e+00 1.00e+00h  1
 876r 6.6021446e+00 2.29e-04 2.39e-01  -4.0 9.32e-02    -  1.00e+00 1.00e+00f  1
 877r 6.5893616e+00 9.69e-05 9.28e-02  -4.1 4.66e-02    -  1.00e+00 1.00e+00h  1
 878r 6.5886018e+00 8.69e-06 6.33e-02  -4.1 2.07e-02    -  1.00e+00 1.00e+00h  1
 879r 6.5873619e+00 1.41e-06 2.96e-02  -4.1 5.68e-03    -  1.00e+00 1.00e+00h  1
iter    objective    inf_pr   inf_du lg(mu)  ||d||  lg(rg) alpha_du alpha_pr  ls
 880r 6.5870359e+00 5.08e-07 9.64e-03  -4.1 2.97e-03    -  1.00e+00 1.00e+00h  1
 881r 6.5866848e+00 4.73e-07 5.90e-03  -4.1 1.39e-03    -  1.00e+00 1.00e+00h  1
 882r 6.5867465e+00 3.58e-08 2.82e-03  -4.1 8.19e-04    -  1.00e+00 1.00e+00h  1
 883r 6.5255503e+00 1.12e-03 7.93e-01  -6.1 2.17e-01    -  9.14e-01 9.99e-01f  1
 884r 6.5251371e+00 2.16e-05 9.14e-02  -6.1 2.89e-02    -  9.80e-01 1.00e+00h  1
 885r 6.5169182e+00 2.83e-05 1.08e-02  -6.1 4.34e-02    -  1.00e+00 1.00e+00h  1
 886r 6.5058620e+00 4.03e-05 5.30e-03  -6.1 4.39e-02    -  1.00e+00 1.00e+00h  1
 887r 6.5510559e+00 4.67e-04 2.91e+01  -4.0 9.19e+00    -  1.00e+00 2.05e-02f  1
 888r 6.5418315e+00 1.17e-04 1.09e+00  -4.7 7.64e-02    -  9.61e-01 1.00e+00f  1
 889r 6.5461055e+00 1.84e-05 3.32e-02  -4.7 2.99e-02    -  1.00e+00 1.00e+00h  1
iter    objective    inf_pr   inf_du lg(mu)  ||d||  lg(rg) alpha_du alpha_pr  ls
 890r 6.5473269e+00 2.99e-06 1.03e-02  -4.7 9.04e-03    -  1.00e+00 1.00e+00h  1
 891r 6.6504164e+00 3.00e-03 1.10e+00  -4.0 4.80e-01    -  1.00e+00 1.00e+00f  1
 892r 6.6259574e+00 4.65e-04 4.00e-01  -4.1 1.87e-01    -  1.00e+00 1.00e+00h  1
 893r 6.5753302e+00 7.19e-04 3.12e-01  -4.1 2.37e-01    -  1.00e+00 1.00e+00h  1
 894r 6.5808434e+00 2.03e-04 1.81e-01  -4.1 1.07e-01    -  1.00e+00 1.00e+00h  1
 895r 6.5850825e+00 2.78e-05 1.51e-01  -4.1 3.32e-02    -  1.00e+00 1.00e+00h  1
 896r 6.5860147e+00 2.21e-05 3.89e-02  -4.1 7.71e-03    -  1.00e+00 1.00e+00h  1
 897r 6.5868652e+00 2.78e-06 2.83e-02  -4.1 1.02e-02    -  1.00e+00 1.00e+00h  1
 898r 6.5870061e+00 1.73e-06 3.24e-02  -4.1 5.82e-03    -  1.00e+00 1.00e+00h  1
 899r 6.5871130e+00 1.16e-06 1.83e-02  -4.1 4.29e-03    -  1.00e+00 1.00e+00h  1
iter    objective    inf_pr   inf_du lg(mu)  ||d||  lg(rg) alpha_du alpha_pr  ls
 900r 6.5871930e+00 2.27e-07 6.04e-03  -4.1 1.54e-03    -  1.00e+00 1.00e+00h  1
 901r 6.5871936e+00 4.18e-08 3.50e-03  -4.1 5.38e-04    -  1.00e+00 1.00e+00h  1
 902r 6.5556216e+00 4.50e-04 1.08e+00  -6.1 1.22e-01    -  8.88e-01 9.99e-01f  1
 903r 6.5463123e+00 2.86e-05 1.77e-02  -6.1 5.07e-02    -  1.00e+00 1.00e+00h  1
 904r 6.5186402e+00 2.54e-04 8.94e-03  -6.1 1.22e-01    -  1.00e+00 1.00e+00h  1
 905r 6.5074506e+00 9.16e-05 1.96e-02  -6.1 6.37e-02    -  1.00e+00 1.00e+00h  1
 906r 6.5077633e+00 1.32e-05 1.33e-02  -6.1 3.35e-02    -  1.00e+00 1.00e+00h  1
 907r 6.5045631e+00 1.47e-05 8.21e-03  -6.1 2.48e-02    -  1.00e+00 1.00e+00h  1
 908r 6.5056302e+00 5.04e-06 1.12e-03  -6.1 1.62e-02    -  1.00e+00 1.00e+00h  1
 909r 6.5041351e+00 1.94e-06 4.97e-04  -6.1 1.14e-02    -  1.00e+00 1.00e+00h  1
iter    objective    inf_pr   inf_du lg(mu)  ||d||  lg(rg) alpha_du alpha_pr  ls
 910r 7.1827223e+00 1.06e-01 1.46e+01  -4.0 1.02e+01    -  1.00e+00 2.34e-01f  1
 911r 6.9892564e+00 1.70e-02 4.41e+00  -4.4 8.26e-01    -  7.18e-01 9.38e-01h  1
 912r 6.7848267e+00 1.41e-02 8.47e+00  -4.4 1.13e+00    -  1.62e-01 8.45e-01h  1
 913r 6.7136267e+00 7.24e-03 4.28e+00  -4.4 6.26e-01    -  4.80e-01 1.00e+00h  1
 914r 6.6685114e+00 2.87e-03 3.17e-01  -4.4 2.80e-01    -  8.00e-01 1.00e+00h  1
 915r 6.5670741e+00 2.12e-03 2.81e-01  -4.4 4.57e-01    -  1.00e+00 1.00e+00h  1
 916r 6.5529187e+00 6.95e-04 9.59e-02  -4.4 1.71e-01    -  1.00e+00 1.00e+00h  1
 917r 6.5659734e+00 1.84e-04 1.09e-01  -4.4 7.85e-02    -  1.00e+00 9.54e-01h  1
 918r 6.5652801e+00 4.15e-05 1.03e-01  -4.4 4.52e-02    -  1.00e+00 1.00e+00f  1
 919r 6.5670040e+00 1.40e-05 3.63e-02  -4.4 1.61e-02    -  1.00e+00 1.00e+00h  1
iter    objective    inf_pr   inf_du lg(mu)  ||d||  lg(rg) alpha_du alpha_pr  ls
 920r 6.5679708e+00 7.57e-06 9.80e-03  -4.4 1.02e-02    -  1.00e+00 1.00e+00h  1
 921r 6.5680814e+00 2.90e-06 9.43e-03  -4.4 4.22e-03    -  1.00e+00 1.00e+00h  1
 922r 6.6122723e+00 4.13e-04 4.23e-01  -4.0 2.12e-01    -  1.00e+00 1.00e+00f  1
 923r 6.5949306e+00 2.06e-04 1.86e-01  -4.1 1.08e-01    -  1.00e+00 1.00e+00h  1
 924r 6.5874538e+00 4.05e-05 1.71e-01  -4.1 4.18e-02    -  1.00e+00 1.00e+00h  1
 925r 6.5886972e+00 1.03e-05 6.40e-02  -4.1 2.08e-02    -  1.00e+00 1.00e+00h  1
 926r 6.5875768e+00 1.35e-06 2.35e-02  -4.1 7.54e-03    -  1.00e+00 1.00e+00h  1
 927r 6.5870215e+00 3.84e-07 1.65e-02  -4.1 4.27e-03    -  1.00e+00 1.00e+00h  1
 928r 6.5867912e+00 6.35e-08 7.74e-03  -4.1 2.00e-03    -  1.00e+00 1.00e+00h  1
 929r 6.5869209e+00 7.01e-08 1.80e-03  -4.1 8.14e-04    -  1.00e+00 1.00e+00h  1
iter    objective    inf_pr   inf_du lg(mu)  ||d||  lg(rg) alpha_du alpha_pr  ls
 930r 6.5289619e+00 7.33e-04 8.82e-01  -6.1 2.49e-01    -  9.31e-01 9.95e-01f  1
 931r 6.5296373e+00 2.75e-05 1.50e-02  -6.1 5.70e-02    -  1.00e+00 1.00e+00h  1
 932r 6.5201160e+00 2.92e-05 1.16e-02  -6.1 5.07e-02    -  1.00e+00 1.00e+00h  1
 933r 6.5093544e+00 6.07e-05 7.91e-03  -6.1 5.80e-02    -  1.00e+00 1.00e+00h  1
 934r 6.5047902e+00 2.74e-05 5.82e-03  -6.1 2.73e-02    -  1.00e+00 1.00e+00h  1
 935r 6.9854455e+00 5.28e-02 2.04e+01  -4.0 1.04e+01    -  1.00e+00 1.73e-01f  1
 936r 6.8928474e+00 1.53e-02 2.13e+01  -4.5 1.01e+00    -  2.01e-01 9.59e-01h  1
 937r 6.8380334e+00 8.58e-03 9.53e+00  -4.5 1.08e+00    -  6.08e-01 4.19e-01h  1
 938r 6.7554098e+00 3.38e-03 9.19e+00  -4.5 4.92e-01    -  4.08e-01 1.00e+00h  1
 939r 6.6868731e+00 1.56e-03 2.49e-01  -4.5 2.51e-01    -  1.00e+00 1.00e+00h  1
iter    objective    inf_pr   inf_du lg(mu)  ||d||  lg(rg) alpha_du alpha_pr  ls
 940r 6.6004662e+00 3.65e-03 1.73e-01  -4.5 3.43e-01    -  1.00e+00 1.00e+00h  1
 941r 6.5352395e+00 2.08e-03 5.38e-02  -4.5 2.69e-01    -  1.00e+00 1.00e+00h  1
 942r 6.5712396e+00 4.84e-04 5.35e-02  -4.5 1.60e-01    -  1.00e+00 1.00e+00h  1
 943r 6.5562045e+00 1.22e-04 5.94e-02  -4.5 7.62e-02    -  1.00e+00 1.00e+00h  1
 944r 6.5595971e+00 3.57e-05 9.80e-02  -4.5 3.31e-02    -  1.00e+00 1.00e+00h  1
 945r 6.5637203e+00 1.92e-05 2.43e-02  -4.5 1.83e-02    -  1.00e+00 1.00e+00h  1
 946r 6.5638054e+00 6.93e-06 1.54e-02  -4.5 6.82e-03    -  1.00e+00 1.00e+00h  1
 947r 6.5635006e+00 1.12e-05 1.02e-02  -4.5 6.29e-03    -  1.00e+00 1.00e+00h  1
 948r 6.5640993e+00 7.20e-06 6.92e-03  -4.5 5.84e-03    -  1.00e+00 1.00e+00h  1
 949r 6.5639656e+00 1.84e-06 3.45e-03  -4.5 1.96e-03    -  1.00e+00 1.00e+00h  1
iter    objective    inf_pr   inf_du lg(mu)  ||d||  lg(rg) alpha_du alpha_pr  ls
 950r 6.6329016e+00 1.07e-03 4.30e-01  -4.0 2.33e-01    -  1.00e+00 1.00e+00f  1
 951r 6.6038303e+00 2.19e-04 1.72e-01  -4.1 9.08e-02    -  1.00e+00 1.00e+00h  1
 952r 6.5883752e+00 1.86e-04 4.04e-01  -4.1 8.78e-02    -  1.00e+00 1.00e+00h  1
 953r 6.5905795e+00 5.95e-05 7.22e-02  -4.1 5.63e-02    -  1.00e+00 1.00e+00h  1
 954r 6.5874850e+00 9.39e-06 7.38e-02  -4.1 2.35e-02    -  1.00e+00 1.00e+00h  1
 955r 6.5874560e+00 5.40e-07 1.60e-02  -4.1 5.72e-03    -  1.00e+00 1.00e+00h  1
 956r 6.5871669e+00 1.92e-07 7.20e-03  -4.1 1.88e-03    -  1.00e+00 1.00e+00h  1
 957r 6.5870507e+00 5.25e-09 8.29e-03  -4.1 1.84e-03    -  1.00e+00 1.00e+00H  1
 958r 6.5870121e+00 1.22e-07 4.68e-03  -4.1 1.21e-03    -  1.00e+00 1.00e+00h  1
 959r 6.5869411e+00 1.38e-07 1.86e-03  -4.1 8.67e-04    -  1.00e+00 1.00e+00h  1
iter    objective    inf_pr   inf_du lg(mu)  ||d||  lg(rg) alpha_du alpha_pr  ls
 960r 6.5414475e+00 4.33e-04 4.89e-01  -6.1 1.97e-01    -  9.58e-01 9.96e-01f  1
 961r 6.5349286e+00 5.15e-05 8.80e-03  -6.1 4.18e-02    -  1.00e+00 1.00e+00h  1
 962r 6.5174690e+00 9.33e-05 4.99e-03  -6.1 6.91e-02    -  1.00e+00 1.00e+00h  1
 963r 6.5090019e+00 3.68e-05 3.90e-03  -6.1 4.08e-02    -  1.00e+00 1.00e+00h  1
 964r 6.5046176e+00 1.48e-05 1.32e-03  -6.1 2.78e-02    -  1.00e+00 1.00e+00h  1
 965r 6.5040495e+00 1.05e-06 8.39e-04  -6.1 7.61e-03    -  1.00e+00 1.00e+00h  1
 966r 7.2277343e+00 1.16e-01 2.66e-01  -4.0 1.58e+01    -  1.54e-01 1.74e-01f  1
 967r 7.1286259e+00 7.78e-02 2.16e-01  -4.8 1.11e+00    -  4.57e-01 3.82e-01h  1
 968r 6.9694394e+00 2.31e-02 3.29e+00  -4.8 8.19e-01    -  1.02e-01 7.44e-01h  1
 969r 6.7740862e+00 2.10e-02 1.53e+00  -4.8 1.28e+00    -  7.85e-01 5.78e-01h  1
iter    objective    inf_pr   inf_du lg(mu)  ||d||  lg(rg) alpha_du alpha_pr  ls
 970r 6.6522698e+00 1.09e-02 7.80e-01  -4.8 8.43e-01    -  1.62e-01 7.46e-01h  1
 971r 6.6464220e+00 9.61e-03 3.54e+00  -4.8 4.23e-01    -  5.53e-01 1.17e-01f  1
 972r 6.5918810e+00 2.81e-03 4.23e-01  -4.8 3.63e-01    -  1.00e+00 7.12e-01h  1
 973r 6.5873806e+00 6.35e-04 9.92e-02  -4.8 1.34e-01    -  9.91e-01 1.00e+00h  1
 974r 6.5444363e+00 9.25e-04 5.37e-02  -4.8 2.28e-01    -  1.00e+00 1.00e+00h  1
 975r 6.5437624e+00 1.13e-04 5.05e-02  -4.8 7.06e-02    -  1.00e+00 1.00e+00h  1
 976r 6.5451394e+00 3.62e-05 2.96e-02  -4.8 3.71e-02    -  1.00e+00 1.00e+00h  1
 977r 6.5449730e+00 1.55e-05 1.70e-02  -4.8 1.82e-02    -  1.00e+00 1.00e+00h  1
 978r 6.5458577e+00 1.52e-05 7.08e-03  -4.8 9.90e-03    -  1.00e+00 1.00e+00h  1
 979r 6.5459597e+00 1.98e-06 2.82e-03  -4.8 4.09e-03    -  1.00e+00 1.00e+00h  1
iter    objective    inf_pr   inf_du lg(mu)  ||d||  lg(rg) alpha_du alpha_pr  ls
 980r 6.5459217e+00 1.05e-07 1.68e-03  -4.8 1.52e-03    -  1.00e+00 1.00e+00h  1
 981r 6.6135184e+00 1.91e-03 1.16e+00  -4.0 2.20e-01    -  1.00e+00 9.79e-01f  1
 982r 6.5941897e+00 5.17e-04 3.05e-01  -4.1 1.27e-01    -  1.00e+00 1.00e+00h  1
 983r 6.5918327e+00 1.75e-04 3.94e-01  -4.1 1.05e-01    -  1.00e+00 1.00e+00h  1
 984r 6.5893382e+00 3.08e-05 7.18e-02  -4.1 3.85e-02    -  1.00e+00 1.00e+00h  1
 985r 6.5877826e+00 5.60e-06 4.57e-02  -4.1 1.24e-02    -  1.00e+00 1.00e+00h  1
 986r 6.5869126e+00 2.75e-06 2.91e-02  -4.1 7.92e-03    -  1.00e+00 1.00e+00h  1
 987r 6.5866550e+00 8.19e-07 2.35e-02  -4.1 5.02e-03    -  1.00e+00 1.00e+00h  1
 988r 6.5867656e+00 1.09e-06 8.36e-03  -4.1 2.10e-03    -  1.00e+00 1.00e+00h  1
 989r 6.5867267e+00 4.82e-07 6.81e-03  -4.1 1.52e-03    -  1.00e+00 1.00e+00h  1
iter    objective    inf_pr   inf_du lg(mu)  ||d||  lg(rg) alpha_du alpha_pr  ls
 990r 6.5866888e+00 1.11e-07 3.33e-03  -4.1 1.21e-03    -  1.00e+00 1.00e+00h  1
 991r 6.5639591e+00 2.30e-04 5.15e+00  -6.1 9.27e-02    -  6.76e-01 9.92e-01f  1
 992r 6.5536691e+00 4.27e-05 6.75e-02  -6.1 5.53e-02    -  9.68e-01 1.00e+00h  1
 993r 6.5183632e+00 2.64e-04 4.71e-02  -6.1 1.38e-01    -  1.00e+00 1.00e+00h  1
 994r 6.5121902e+00 1.22e-04 1.60e-02  -5.9 7.93e-02    -  1.00e+00 1.00e+00h  1
 995r 6.5035802e+00 5.99e-05 5.19e-03  -6.0 4.95e-02    -  1.00e+00 1.00e+00h  1
 996r 6.5073921e+00 1.38e-05 3.41e-03  -6.0 2.54e-02    -  1.00e+00 1.00e+00h  1
 997r 6.5068307e+00 1.01e-06 1.08e-03  -6.0 5.25e-03    -  1.00e+00 1.00e+00h  1
 998r 6.5069068e+00 1.54e-06 4.07e-04  -6.0 6.81e-03    -  1.00e+00 1.00e+00h  1
 999r 6.5070080e+00 3.02e-07 1.35e-04  -6.0 2.94e-03    -  1.00e+00 1.00e+00h  1
iter    objective    inf_pr   inf_du lg(mu)  ||d||  lg(rg) alpha_du alpha_pr  ls
1000r 6.9002411e+00 4.51e-02 1.87e+01  -4.0 6.53e+00    -  1.00e+00 2.49e-01f  1

Number of Iterations....: 1000

                                   (scaled)                 (unscaled)
Objective...............:   6.9002411381905571e+00    6.9002411381905571e+00
Dual infeasibility......:   1.8710340200538795e+01    1.8710340200538795e+01
Constraint violation....:   4.5052226102280102e-02    4.5052226102280102e-02
Variable bound violation:   0.0000000000000000e+00    0.0000000000000000e+00
Complementarity.........:   6.5157939248575538e-04    6.5157939248575538e-04
Overall NLP error.......:   1.8710340200538795e+01    1.8710340200538795e+01


Number of objective function evaluations             = 1609
Number of objective gradient evaluations             = 597
Number of equality constraint evaluations            = 1609
Number of inequality constraint evaluations          = 1609
Number of equality constraint Jacobian evaluations   = 1003
Number of inequality constraint Jacobian evaluations = 1003
Number of Lagrangian Hessian evaluations             = 0
Total seconds in IPOPT                               = 2419.563

EXIT: Maximum Number of Iterations Exceeded.
