
******************************************************************************
This program contains Ipopt, a library for large-scale nonlinear optimization.
 Ipopt is released as open source code under the Eclipse Public License (EPL).
         For more information visit https://github.com/coin-or/Ipopt
******************************************************************************

This is Ipopt version 3.14.19, running with linear solver MUMPS 5.8.2.

Number of nonzeros in equality constraint Jacobian...:   746685
Number of nonzeros in inequality constraint Jacobian.:     3334
Number of nonzeros in Lagrangian Hessian.............:        0

Total number of variables............................:     2386
                     variables with only lower bounds:        0
                variables with lower and upper bounds:     2320
                     variables with only upper bounds:        0
Total number of equality constraints.................:     2296
Total number of inequality constraints...............:      339
        inequality constraints with only lower bounds:        0
   inequality constraints with lower and upper bounds:        0
        inequality constraints with only upper bounds:      339

iter    objective    inf_pr   inf_du lg(mu)  ||d||  lg(rg) alpha_du alpha_pr  ls
   0  1.6055587e+02 6.19e-01 2.54e+01   0.0 0.00e+00    -  0.00e+00 0.00e+00   0
   1  1.6064683e+02 5.79e-01 4.44e+01  -0.6 1.56e+00    -  4.17e-01 6.63e-02f  1
   2  1.6088169e+02 2.51e+00 4.89e+02  -0.2 1.08e+00    -  7.44e-01 5.09e-01f  1
   3  1.6090553e+02 6.91e-01 2.54e+02  -0.2 8.60e-01    -  5.12e-01 8.98e-01h  1
   4  1.6086318e+02 2.51e-01 1.55e+02  -0.2 4.85e-01    -  9.43e-01 6.48e-01f  1
   5  1.6088282e+02 2.63e-01 7.90e+02   0.3 5.14e-01    -  1.00e+00 3.68e-01H  1
   6  1.6082053e+02 7.29e-02 4.80e+02   0.3 3.24e-01    -  9.32e-01 1.00e+00f  1
   7  1.6083608e+02 3.06e-02 1.15e+02  -0.3 2.16e-01    -  9.66e-01 1.00e+00h  1
   8  1.6076388e+02 1.18e-02 7.46e+01  -1.2 1.45e-01    -  1.00e+00 1.00e+00h  1
   9  1.6061317e+02 1.42e-02 2.53e+01  -1.7 9.84e-02    -  1.00e+00 1.00e+00h  1
iter    objective    inf_pr   inf_du lg(mu)  ||d||  lg(rg) alpha_du alpha_pr  ls
  10  1.6032240e+02 6.43e-03 4.31e+01  -1.7 8.05e-02    -  1.00e+00 1.00e+00h  1
  11  1.5958927e+02 1.19e-01 3.33e+01  -1.8 1.61e-01    -  9.99e-01 1.00e+00f  1
  12  1.5891260e+02 1.96e-01 1.18e+02  -2.0 2.32e-01    -  8.48e-01 7.20e-01h  1
  13  1.5824702e+02 2.47e-01 1.14e+02  -2.1 2.08e-01    -  1.00e+00 7.16e-01h  1
  14  1.5779493e+02 1.28e-01 9.29e+01  -2.2 2.31e-01    -  1.00e+00 7.04e-01h  1
  15  1.5766903e+02 6.19e-02 4.04e+01  -2.2 1.14e-01    -  1.00e+00 1.00e+00h  1
  16  1.5727728e+02 4.72e-01 5.40e+01  -2.3 1.72e-01    -  1.00e+00 7.17e-01h  1
  17  1.5738600e+02 1.30e-01 8.29e+01  -1.9 1.32e-01    -  1.00e+00 8.79e-01h  1
  18  1.5771677e+02 7.84e-03 3.44e+01  -1.7 1.27e-01    -  1.00e+00 1.00e+00f  1
  19  1.5755577e+02 1.61e-02 4.22e+01  -2.2 1.19e-01    -  1.00e+00 5.24e-01h  1
iter    objective    inf_pr   inf_du lg(mu)  ||d||  lg(rg) alpha_du alpha_pr  ls
  20  1.5781440e+02 8.71e-03 1.52e+02  -1.7 1.54e-01    -  1.00e+00 5.00e-01h  2
  21  1.5791091e+02 4.19e-03 1.24e+02  -2.0 9.93e-02    -  1.00e+00 5.00e-01h  2
  22  1.5799357e+02 3.32e-03 2.22e+02  -2.4 1.08e-01    -  1.00e+00 6.70e-01h  1
  23  1.5809127e+02 2.74e-03 1.95e+02  -2.4 7.89e-02    -  1.00e+00 3.56e-01h  2
  24  1.5816967e+02 2.16e-03 2.13e+02  -2.2 1.42e-01    -  1.00e+00 1.25e-01h  4
  25  1.5825798e+02 1.89e-03 2.44e+02  -1.9 1.31e-01    -  1.00e+00 1.20e-01h  4
  26  1.5833328e+02 1.64e-03 2.73e+02  -2.0 9.92e-02    -  1.00e+00 1.25e-01h  4
  27  1.5837617e+02 1.54e-03 2.83e+02  -2.1 1.17e-01    -  1.00e+00 6.03e-02h  5
  28  1.5841944e+02 1.42e-03 2.90e+02  -1.8 1.50e-01    -  1.00e+00 6.25e-02h  5
  29  1.5845669e+02 1.32e-03 2.87e+02  -1.9 1.45e-01    -  1.00e+00 6.25e-02h  5
iter    objective    inf_pr   inf_du lg(mu)  ||d||  lg(rg) alpha_du alpha_pr  ls
  30  1.5822860e+02 8.47e-02 2.18e+02  -1.7 1.87e-01    -  9.78e-01 4.45e-01H  1
  31  1.5865944e+02 3.49e-02 5.33e+02  -1.8 1.35e-01    -  5.43e-01 1.00e+00h  1
  32  1.5872963e+02 1.10e-01 3.39e+02  -1.8 8.11e-02    -  7.98e-01 1.00e+00h  1
  33  1.5866531e+02 2.30e-02 1.01e+02  -1.8 4.46e-02    -  1.00e+00 1.00e+00h  1
  34  1.5874320e+02 1.73e-02 1.59e+02  -1.8 5.86e-02    -  7.09e-01 3.50e-01H  1
  35  1.5884480e+02 1.36e-02 1.92e+02  -2.2 4.72e-02    -  1.00e+00 5.00e-01h  2
