
******************************************************************************
This program contains Ipopt, a library for large-scale nonlinear optimization.
 Ipopt is released as open source code under the Eclipse Public License (EPL).
         For more information visit https://github.com/coin-or/Ipopt
******************************************************************************

This is Ipopt version 3.14.19, running with linear solver MUMPS 5.8.2.

Number of nonzeros in equality constraint Jacobian...: 17905077
Number of nonzeros in inequality constraint Jacobian.:     3334
Number of nonzeros in Lagrangian Hessian.............:        0

Total number of variables............................:    11458
                     variables with only lower bounds:        0
                variables with lower and upper bounds:     2320
                     variables with only upper bounds:        0
Total number of equality constraints.................:    11368
Total number of inequality constraints...............:      339
        inequality constraints with only lower bounds:        0
   inequality constraints with lower and upper bounds:        0
        inequality constraints with only upper bounds:      339

iter    objective    inf_pr   inf_du lg(mu)  ||d||  lg(rg) alpha_du alpha_pr  ls
   0  5.6475325e-02 4.95e+01 1.00e+00   0.0 0.00e+00    -  0.00e+00 0.00e+00   0
   1  5.9354854e-02 4.90e+01 1.17e+03  -4.0 1.33e+02    -  1.96e-03 9.91e-03h  1
   2  6.8624650e-02 4.88e+01 1.87e+03   0.8 4.02e+02    -  6.06e-02 4.08e-03h  1
   3  7.7080472e-02 4.87e+01 3.80e+04   1.0 2.74e+02    -  1.00e+00 3.63e-03h  1
   4  1.7572764e+00 4.73e+01 6.23e+04   2.3 1.17e+03    -  8.17e-02 2.74e-02h  1
   5  1.8410669e+00 4.71e+01 5.84e+06   2.4 2.18e+02    -  9.98e-01 3.80e-03h  1
   6  4.6397218e+00 4.52e+01 5.74e+06   3.0 5.44e+02    -  9.06e-02 4.14e-02h  1
   7  8.8555136e+00 4.26e+01 5.45e+06   3.0 3.49e+02    -  9.10e-02 5.66e-02h  1
