
******************************************************************************
This program contains Ipopt, a library for large-scale nonlinear optimization.
 Ipopt is released as open source code under the Eclipse Public License (EPL).
         For more information visit https://github.com/coin-or/Ipopt
******************************************************************************

This is Ipopt version 3.14.19, running with linear solver MUMPS 5.8.2.

Number of nonzeros in equality constraint Jacobian...:   728827
Number of nonzeros in inequality constraint Jacobian.:     3184
Number of nonzeros in Lagrangian Hessian.............:        0

Total number of variables............................:     2358
                     variables with only lower bounds:        0
                variables with lower and upper bounds:      500
                     variables with only upper bounds:        0
Total number of equality constraints.................:     2268
Total number of inequality constraints...............:      339
        inequality constraints with only lower bounds:        0
   inequality constraints with lower and upper bounds:        0
        inequality constraints with only upper bounds:      339

iter    objective    inf_pr   inf_du lg(mu)  ||d||  lg(rg) alpha_du alpha_pr  ls
   0  5.6475325e-02 8.28e+00 1.00e+00   0.0 0.00e+00    -  0.00e+00 0.00e+00   0
   1  5.6482748e-02 8.20e+00 3.66e+00  -4.0 9.18e+00    -  7.74e-03 9.63e-03h  1
   2  5.6482963e-02 8.20e+00 1.82e+03  -0.3 1.65e+01    -  9.00e-02 1.17e-04h  1
   3  5.6647082e-02 8.17e+00 3.29e+03   0.8 2.73e+02    -  1.55e-02 2.89e-03h  1
   4  5.7083449e-02 8.13e+00 1.06e+05   1.0 6.05e+01    -  1.00e+00 5.25e-03h  1
   5  8.7222836e-02 7.97e+00 1.04e+05   2.8 1.74e+02    -  2.25e-02 1.96e-02f  1
   6  1.3128682e-01 7.83e+00 1.10e+05   2.7 1.71e+02    -  7.87e-02 1.71e-02h  1
   7  3.1043820e-01 7.54e+00 1.19e+05   2.8 1.67e+02    -  8.29e-02 3.55e-02h  1
   8  5.0727784e-01 7.24e+00 1.76e+05   2.8 1.57e+02    -  9.10e-02 3.72e-02h  1
   9  5.9146711e-01 7.11e+00 2.39e+05  -3.8 1.41e+02    -  6.49e-02 1.87e-02h  1
iter    objective    inf_pr   inf_du lg(mu)  ||d||  lg(rg) alpha_du alpha_pr  ls
  10  7.5654952e-01 6.93e+00 2.82e+05   1.5 1.63e+02    -  3.39e-02 2.40e-02h  1
  11  7.7688064e-01 6.90e+00 4.24e+05   2.2 1.62e+02    -  3.65e-02 4.29e-03h  1
  12  9.6757661e-01 6.67e+00 4.00e+05   2.8 1.55e+02    -  2.96e-02 3.27e-02h  1
  13  1.0581850e+00 6.54e+00 5.31e+05   2.8 1.61e+02    -  6.51e-02 1.94e-02h  1
  14  1.1566453e+00 6.40e+00 7.66e+05   2.8 1.34e+02    -  7.76e-02 2.00e-02h  1
  15  2.0471911e+00 6.58e+00 1.38e+06   2.8 1.23e+02    -  1.61e-02 9.44e-02h  1
  16  2.4902616e+00 6.95e+00 1.74e+06   2.8 1.31e+02    -  7.00e-02 5.41e-02h  1
  17  2.5185794e+00 6.91e+00 1.81e+06  -3.6 1.21e+02    -  2.28e-02 6.67e-03h  1
  18  2.5660056e+00 6.88e+00 2.04e+06   2.8 1.90e+02    -  1.05e-02 1.12e-02h  1
  19  2.8013165e+00 7.48e+00 3.12e+06   2.8 8.36e+01    -  3.49e-02 7.24e-02f  1
iter    objective    inf_pr   inf_du lg(mu)  ||d||  lg(rg) alpha_du alpha_pr  ls
  20  3.1011886e+00 7.65e+00 4.29e+06   2.8 8.65e+01    -  5.65e-02 6.20e-02h  1
  21  3.1522239e+00 7.51e+00 4.64e+06  -3.5 7.97e+01    -  5.30e-02 2.27e-02h  1
  22  3.1450601e+00 7.42e+00 4.86e+06  -3.5 1.24e+02    -  4.29e-02 1.55e-02h  1
  23  3.0751150e+00 7.31e+00 5.16e+06   2.8 2.01e+02    -  2.82e-02 2.17e-02f  1
  24  3.1763189e+00 6.70e+00 5.89e+06   2.8 1.30e+02    -  6.38e-02 7.61e-02h  1
  25  3.2667785e+00 6.44e+00 6.12e+06  -3.5 1.32e+02    -  2.85e-02 2.75e-02h  1
  26  3.2934195e+00 6.25e+00 6.21e+06   2.8 1.81e+02    -  1.85e-02 1.70e-02f  1
  27  3.5015663e+00 5.75e+00 6.65e+06   2.8 1.40e+02    -  3.72e-02 4.97e-02h  1
  28  3.6195355e+00 5.43e+00 6.91e+06  -3.5 1.45e+02    -  3.02e-02 3.81e-02h  1
  29  3.6599072e+00 5.26e+00 6.99e+06   2.8 1.24e+02    -  2.28e-02 2.36e-02f  1
iter    objective    inf_pr   inf_du lg(mu)  ||d||  lg(rg) alpha_du alpha_pr  ls
  30  3.9414931e+00 5.47e+00 7.06e+06   2.8 8.80e+01    -  3.56e-02 9.92e-02h  1
  31  4.0909917e+00 5.46e+00 7.01e+06   2.8 9.97e+01    -  9.41e-02 4.79e-02f  1
  32  4.2623878e+00 5.50e+00 6.85e+06  -3.5 8.03e+01    -  2.95e-02 7.35e-02h  1
  33  4.2788122e+00 5.38e+00 6.81e+06   1.6 1.14e+02    -  3.96e-02 2.37e-02h  1
  34  4.6295113e+00 5.59e+00 6.56e+06   2.7 8.80e+01    -  6.30e-02 8.98e-02f  1
  35  5.2358250e+00 6.47e+00 6.19e+06   2.8 1.03e+02    -  4.66e-02 1.20e-01f  1
  36  5.4328671e+00 5.58e+00 5.56e+06   2.5 7.95e+01    -  2.27e-02 1.13e-01h  1
  37  5.4455432e+00 4.92e+00 5.26e+06   2.5 7.04e+01    -  7.56e-02 8.84e-02f  1
  38  5.4458490e+00 4.92e+00 4.68e+06   2.5 7.36e+01    -  5.93e-02 1.59e-01f  1
  39  5.5599494e+00 4.55e+00 4.05e+06   2.5 7.14e+01    -  1.10e-01 1.12e-01f  1
iter    objective    inf_pr   inf_du lg(mu)  ||d||  lg(rg) alpha_du alpha_pr  ls
  40  5.6319993e+00 4.29e+00 3.78e+06  -3.5 7.38e+01    -  7.04e-02 5.86e-02h  1
  41  8.2626116e+00 9.96e+00 2.91e+06   2.8 8.67e+01    -  5.35e-02 3.64e-01f  1
  42  8.6188396e+00 1.20e+01 1.56e+06   2.4 6.08e+01    -  1.27e-01 4.17e-01h  1
  43  8.6158009e+00 8.19e+00 1.24e+06   2.4 3.61e+01    -  2.47e-01 7.12e-01f  1
  44  8.7804330e+00 4.25e+00 8.78e+05   2.4 4.16e+01    -  1.36e-01 7.37e-01f  1
  45  1.0221539e+01 2.78e+00 5.05e+05   2.8 2.82e+01    -  4.85e-01 5.89e-01f  1
  46  1.2492369e+01 6.05e+00 5.10e+05   2.8 3.21e+01    -  6.51e-01 1.00e+00f  1
  47  1.2761480e+01 4.46e+00 2.37e+05   2.7 3.32e+01    -  3.72e-01 9.65e-01f  1
  48  1.1140073e+01 9.72e-01 1.01e+05   0.6 1.24e+01    -  7.50e-01 1.00e+00h  1
  49  1.1114820e+01 2.47e-01 7.47e+04   1.7 5.94e+00    -  9.21e-01 1.00e+00f  1
iter    objective    inf_pr   inf_du lg(mu)  ||d||  lg(rg) alpha_du alpha_pr  ls
  50  1.1437696e+01 4.22e-01 8.84e+04   1.4 6.42e+00    -  1.00e+00 1.00e+00f  1
  51  1.1855272e+01 5.66e-01 8.00e+04   1.3 7.98e+00    -  8.18e-01 1.00e+00f  1
  52  1.2021874e+01 3.97e-01 6.31e+04   1.3 6.87e+00    -  1.00e+00 1.00e+00f  1
  53  1.1879661e+01 1.11e-01 1.25e+04   0.5 4.00e+00    -  1.00e+00 9.88e-01h  1
  54  1.2821091e+01 1.24e+00 1.11e+05   1.9 2.62e+01    -  7.90e-01 4.02e-01f  1
  55  1.3002784e+01 2.36e+00 8.66e+04   1.7 6.97e+00    -  9.03e-01 1.00e+00f  1
  56  1.2654353e+01 4.89e-01 2.15e+04   1.7 5.00e+00    -  1.00e+00 1.00e+00f  1
  57  1.2623589e+01 1.41e-01 4.77e+04   1.7 2.21e+00    -  1.00e+00 1.00e+00h  1
  58  1.2724902e+01 5.88e-02 3.30e+04   1.7 2.12e+00    -  1.00e+00 1.00e+00h  1
  59  1.2811950e+01 1.41e-01 4.37e+04   0.9 3.29e+00    -  1.00e+00 1.00e+00h  1
iter    objective    inf_pr   inf_du lg(mu)  ||d||  lg(rg) alpha_du alpha_pr  ls
  60  1.2722569e+01 5.23e-02 8.88e+03   0.0 2.07e+00    -  1.00e+00 1.00e+00h  1
  61  1.2735790e+01 1.19e-02 1.24e+04  -0.3 9.36e-01    -  1.00e+00 1.00e+00h  1
  62  1.2780614e+01 3.24e-02 2.27e+04   0.4 1.34e+00    -  1.00e+00 1.00e+00f  1
  63  1.2787596e+01 6.93e-03 8.25e+03   0.3 7.47e-01    -  1.00e+00 1.00e+00h  1
  64  1.2789736e+01 1.57e-03 4.19e+03  -0.9 5.02e-01    -  1.00e+00 1.00e+00h  1
  65  1.2791706e+01 3.69e-04 2.80e+03  -1.1 1.86e-01    -  1.00e+00 1.00e+00h  1
  66  1.2786778e+01 7.67e-05 1.55e+03  -2.2 3.74e-01    -  1.00e+00 1.00e+00H  1
  67  1.2779572e+01 3.46e-04 1.39e+03  -3.0 2.55e-01    -  1.00e+00 1.00e+00h  1
  68  1.2779316e+01 1.01e-04 6.37e+02  -4.0 1.39e-01    -  1.00e+00 1.00e+00h  1
  69  1.2776454e+01 2.19e-05 3.22e+02  -4.0 3.11e-02    -  1.00e+00 1.00e+00h  1
iter    objective    inf_pr   inf_du lg(mu)  ||d||  lg(rg) alpha_du alpha_pr  ls
  70  1.2769765e+01 3.58e-05 4.22e+03  -2.0 3.05e-02    -  6.71e-01 1.00e+00f  1
  71  1.2582186e+01 2.75e-02 3.99e+03  -2.3 7.00e-01    -  1.00e+00 1.00e+00f  1
  72  1.2226103e+01 9.71e-02 8.98e+03  -2.1 5.20e+00    -  1.00e+00 2.38e-01h  1
  73  1.1823343e+01 9.59e-02 1.33e+03  -2.2 1.95e+00    -  7.71e-01 9.68e-01h  1
  74  9.6281637e+00 2.80e+00 3.63e+03  -1.7 5.40e+01    -  4.49e-01 1.97e-01f  1
  75  9.4789349e+00 1.83e+00 3.25e+03  -1.3 7.97e+00    -  5.97e-01 3.62e-01h  1
  76  9.4783963e+00 7.84e-01 2.14e+03  -1.2 2.08e+00    -  1.00e+00 5.95e-01h  1
  77  9.3014539e+00 1.70e-01 2.01e+02  -1.5 2.03e+00    -  1.00e+00 1.00e+00h  1
  78  7.7532112e+00 9.11e-01 1.18e+02  -1.6 1.15e+01    -  1.00e+00 7.91e-01h  1
  79  6.1036903e+00 4.31e+00 2.24e+02  -1.3 3.42e+01    -  1.00e+00 5.57e-01f  1
iter    objective    inf_pr   inf_du lg(mu)  ||d||  lg(rg) alpha_du alpha_pr  ls
  80  5.8010549e+00 1.51e+01 2.37e+02  -1.3 4.17e+01    -  8.68e-01 9.48e-01h  1
  81  4.6808311e+00 4.72e+00 1.72e+02  -1.4 2.72e+01    -  8.83e-01 1.00e+00h  1
  82  3.7190202e+00 1.12e+00 7.83e+01  -1.7 1.36e+01    -  1.00e+00 1.00e+00h  1
  83  2.8067210e+00 2.01e+00 1.70e+01  -1.9 1.36e+01    -  1.00e+00 9.01e-01h  1
  84  2.3161069e+00 2.38e+00 1.88e+01  -1.6 2.27e+01    -  1.00e+00 4.41e-01h  1
  85  2.9094666e+00 1.08e+01 6.69e+01  -1.4 2.14e+01    -  1.00e+00 1.00e+00h  1
  86  2.0535126e+00 2.48e+00 2.15e+01  -1.5 1.18e+01    -  1.00e+00 1.00e+00h  1
  87  1.6091027e+00 1.43e+00 1.89e+01  -1.7 8.24e+00    -  1.00e+00 9.57e-01h  1
  88  1.2549699e+00 9.52e-01 1.21e+01  -2.1 7.71e+00    -  1.00e+00 1.00e+00h  1
  89  1.1531870e+00 4.83e-01 1.87e+01  -1.8 5.16e+00    -  1.00e+00 1.00e+00h  1
iter    objective    inf_pr   inf_du lg(mu)  ||d||  lg(rg) alpha_du alpha_pr  ls
  90  9.7000701e-01 2.93e-01 1.19e+01  -2.4 4.18e+00    -  1.00e+00 1.00e+00h  1
  91  7.7178885e-01 1.16e+00 1.96e+01  -2.1 1.18e+01    -  1.00e+00 8.15e-01h  1
  92  6.1499111e-01 7.59e-01 1.30e+01  -2.5 4.66e+00    -  1.00e+00 1.00e+00h  1
  93  5.5418273e-01 8.22e-01 1.77e+01  -2.2 4.35e+00    -  8.81e-01 1.00e+00h  1
  94  5.2250418e-01 2.09e-01 1.24e+01  -2.3 2.69e+00    -  1.00e+00 9.37e-01h  1
  95  5.1225412e-01 8.41e-02 3.64e+00  -2.6 4.14e+00    -  9.99e-01 6.86e-01h  1
  96  4.7331641e-01 1.54e-01 9.72e+00  -3.1 2.50e+00    -  1.00e+00 8.83e-01h  1
  97  4.2745897e-01 8.90e-01 2.04e+01  -2.8 5.06e+00    -  1.00e+00 9.56e-01h  1
  98  4.0626733e-01 4.35e-01 8.34e+00  -2.5 2.62e+00    -  1.00e+00 1.00e+00h  1
  99  4.7795109e-01 2.70e-01 1.30e+01  -2.2 3.25e+00    -  1.00e+00 8.74e-01h  1
iter    objective    inf_pr   inf_du lg(mu)  ||d||  lg(rg) alpha_du alpha_pr  ls
 100  4.4114239e-01 1.78e-01 5.43e+00  -2.3 2.03e+00    -  8.06e-01 1.00e+00h  1
 101  4.4082790e-01 6.49e-02 2.18e+01  -2.7 1.65e+00    -  1.00e+00 8.54e-01H  1
 102  4.5297604e-01 4.50e-02 1.45e+01  -2.5 1.41e+00    -  1.00e+00 8.97e-01h  1
 103  4.4879652e-01 4.22e-02 1.09e+01  -2.6 8.90e-01    -  1.00e+00 1.00e+00h  1
 104  4.3771629e-01 2.01e-02 3.19e+00  -3.3 7.23e-01    -  1.00e+00 6.72e-01h  1
 105  4.1472425e-01 2.08e-02 4.36e+00  -3.6 1.27e+00    -  1.00e+00 6.93e-01h  1
 106  3.7238554e-01 1.10e-01 1.73e+01  -3.0 2.20e+00    -  1.00e+00 7.50e-01h  1
 107  3.6227510e-01 4.83e-02 1.74e+01  -3.1 1.50e+00    -  1.00e+00 1.00e+00h  1
 108  3.4592703e-01 1.77e-02 7.12e+00  -3.7 1.01e+00    -  1.00e+00 9.90e-01h  1
 109  3.4334255e-01 1.54e-02 6.14e+00  -2.9 1.40e+00    -  1.00e+00 1.47e-01h  1
iter    objective    inf_pr   inf_du lg(mu)  ||d||  lg(rg) alpha_du alpha_pr  ls
 110  3.2844969e-01 3.13e-02 7.22e+00  -3.6 1.33e+00    -  1.00e+00 7.19e-01h  1
 111  3.1187301e-01 6.88e-02 9.74e+00  -3.3 2.12e+00    -  8.25e-01 5.70e-01h  1
 112  3.2172890e-01 9.63e-02 2.49e+01  -2.9 2.22e+00    -  7.20e-01 4.69e-01h  1
 113  3.5591259e-01 7.69e-02 1.20e+01  -2.7 2.00e+00    -  1.00e+00 8.91e-01h  1
 114  3.3444924e-01 7.22e-02 1.94e+01  -2.8 1.10e+00    -  1.00e+00 1.00e+00h  1
 115  3.3270634e-01 2.93e-02 5.21e+00  -2.8 5.93e-01    -  1.00e+00 1.00e+00h  1
 116  3.1873430e-01 1.97e-02 7.05e+00  -3.6 9.92e-01    -  1.00e+00 7.12e-01h  1
 117  2.9721991e-01 9.54e-02 1.53e+01  -3.2 1.90e+00    -  1.00e+00 8.32e-01h  1
 118  3.0842965e-01 1.07e-01 8.02e+00  -3.0 8.06e-01    -  1.00e+00 1.00e+00h  1
 119  2.9928897e-01 2.26e-02 4.34e+00  -3.4 6.72e-01    -  1.00e+00 9.99e-01h  1
iter    objective    inf_pr   inf_du lg(mu)  ||d||  lg(rg) alpha_du alpha_pr  ls
 120  2.9820949e-01 1.59e-02 6.39e+00  -3.2 5.79e-01    -  1.00e+00 7.57e-01h  1
 121  2.8946640e-01 1.21e-02 4.75e+00  -3.9 7.58e-01    -  1.00e+00 7.63e-01h  1
 122  2.8305509e-01 6.41e-02 1.67e+01  -3.6 1.01e+00    -  1.00e+00 9.94e-01h  1
 123  2.7751084e-01 1.29e-02 5.53e+00  -3.8 4.96e-01    -  1.00e+00 9.97e-01h  1
 124  2.7519828e-01 4.53e-03 2.31e+00  -3.9 4.80e-01    -  1.00e+00 7.01e-01h  1
 125  2.7784010e-01 3.24e-03 1.58e+01  -3.6 3.97e-01    -  1.00e+00 3.49e-01h  1
 126  2.8251026e-01 1.67e-03 6.23e+00  -3.8 3.51e-01    -  1.00e+00 6.44e-01H  1
 127  2.8037364e-01 3.65e-03 6.36e+00  -4.0 3.20e-01    -  1.00e+00 1.00e+00h  1
 128  2.7551938e-01 5.28e-03 8.15e+00  -4.1 4.29e-01    -  6.10e-01 7.06e-01h  1
 129  2.7433397e-01 2.19e-03 4.16e+00  -4.1 2.89e-01    -  1.00e+00 1.00e+00f  1
iter    objective    inf_pr   inf_du lg(mu)  ||d||  lg(rg) alpha_du alpha_pr  ls
 130  2.7715868e-01 1.09e-03 1.77e+00  -4.0 1.70e-01    -  1.00e+00 9.54e-01h  1
 131  2.8116483e-01 1.23e-03 4.05e+00  -3.7 1.70e-01    -  1.00e+00 1.00e+00h  1
 132  2.7881198e-01 5.41e-03 7.26e+00  -3.8 3.05e-01    -  7.89e-01 1.00e+00h  1
 133  2.7214456e-01 1.78e-02 1.59e+01  -3.8 1.06e+00    -  1.00e+00 5.05e-01h  1
 134  2.7553176e-01 6.25e-03 1.61e+01  -3.6 4.10e-01    -  1.00e+00 1.00e+00h  1
 135  2.7266194e-01 2.46e-03 5.95e+00  -3.7 2.69e-01    -  7.37e-01 1.00e+00h  1
 136  2.6975325e-01 2.43e-03 3.65e+00  -4.0 3.20e-01    -  5.29e-01 6.29e-01h  1
 137  2.7085483e-01 1.40e-03 8.23e+00  -3.8 8.48e-01    -  1.00e+00 5.61e-01H  1
 138  2.7203648e-01 5.65e-02 2.07e+01  -3.5 1.40e+00    -  8.47e-01 1.00e+00h  1
 139  2.6133777e-01 6.02e-02 3.70e+01  -3.6 4.69e+00    -  6.09e-01 1.70e-01h  1
iter    objective    inf_pr   inf_du lg(mu)  ||d||  lg(rg) alpha_du alpha_pr  ls
 140  2.5486136e-01 3.13e-02 3.66e+01  -3.7 9.14e-01    -  1.00e+00 4.90e-01h  1
 141  2.5351356e-01 1.13e-02 1.65e+01  -3.7 4.89e-01    -  6.76e-01 6.46e-01h  1
 142  2.5399140e-01 8.34e-03 1.14e+01  -3.8 4.60e-01    -  1.00e+00 2.63e-01h  1
 143  2.5307727e-01 7.03e-03 5.64e+00  -3.9 5.80e-01    -  1.00e+00 8.00e-01h  1
 144  2.5583408e-01 3.30e-02 1.43e+01  -3.4 9.31e-01    -  1.00e+00 1.00e+00h  1
 145  2.5435128e-01 1.13e-02 6.94e+00  -3.5 3.50e-01    -  1.00e+00 6.95e-01h  1
 146  2.5315183e-01 6.07e-03 4.55e+00  -3.5 3.51e-01    -  8.88e-01 4.70e-01h  1
 147  2.5033185e-01 4.49e-03 4.05e+00  -4.0 2.87e-01    -  1.00e+00 1.00e+00h  1
 148  2.4650479e-01 3.95e-03 6.19e+00  -4.0 5.83e-01    -  1.00e+00 5.61e-01h  1
 149  2.5666366e-01 1.45e-02 6.85e+00  -3.4 6.35e-01    -  1.00e+00 1.00e+00h  1
iter    objective    inf_pr   inf_du lg(mu)  ||d||  lg(rg) alpha_du alpha_pr  ls
 150  2.5654296e-01 3.96e-03 6.33e+00  -3.5 3.48e-01    -  1.00e+00 7.89e-01h  1
 151  2.5278569e-01 3.65e-03 8.25e+00  -3.6 7.11e-01    -  9.90e-01 3.85e-01h  1
 152  2.5130603e-01 3.77e-03 8.46e+00  -3.7 7.40e-01    -  1.00e+00 3.05e-01H  1
 153  2.4655193e-01 3.52e-02 2.39e+01  -3.7 1.10e+00    -  1.00e+00 1.00e+00f  1
 154  2.3939000e-01 1.22e-01 5.04e+01  -3.7 3.51e+00    -  7.66e-01 5.75e-01h  1
 155  2.4088759e-01 1.03e-01 4.89e+01  -3.4 2.20e+00    -  1.00e+00 1.00e+00h  1
 156  2.3409916e-01 3.21e-02 1.17e+01  -3.7 1.14e+00    -  1.00e+00 1.00e+00h  1
 157  2.6333605e-01 1.07e-01 1.47e+01  -2.4 7.04e+00    -  8.33e-01 2.47e-01h  1
 158  2.7503939e-01 2.68e-01 3.63e+01  -2.5 2.84e+00    -  8.25e-01 1.00e+00h  1
 159  2.8732998e-01 1.39e-01 1.21e+01  -2.5 1.58e+00    -  1.00e+00 1.00e+00h  1
iter    objective    inf_pr   inf_du lg(mu)  ||d||  lg(rg) alpha_du alpha_pr  ls
 160  3.0478132e-01 5.65e-02 6.32e+00  -2.5 1.39e+00    -  1.00e+00 1.00e+00h  1
 161  3.0613614e-01 5.16e-02 8.88e+00  -2.5 1.20e+00    -  3.75e-01 2.73e-01H  1
 162  3.0930205e-01 4.29e-02 1.98e+01  -2.5 7.47e-01    -  1.00e+00 1.00e+00h  1
 163  3.1356978e-01 2.42e-02 1.31e+01  -2.5 7.62e-01    -  1.00e+00 1.00e+00h  1
 164  3.1383137e-01 1.48e-02 1.51e+01  -2.5 6.14e-01    -  1.00e+00 1.00e+00h  1
 165  3.1637541e-01 8.73e-03 1.72e+01  -2.5 3.58e-01    -  1.00e+00 1.00e+00h  1
 166  3.1942868e-01 2.88e-03 2.20e+01  -2.5 5.19e-01    -  1.00e+00 7.77e-01H  1
 167  3.1876702e-01 3.29e-03 9.64e+00  -2.5 2.98e-01    -  1.00e+00 1.00e+00h  1
 168  3.2075162e-01 3.00e-03 2.87e+01  -2.5 2.11e-01    -  1.00e+00 1.00e+00h  1
 169  3.2099993e-01 1.17e-03 5.07e+00  -2.5 1.28e-01    -  1.00e+00 1.00e+00h  1
iter    objective    inf_pr   inf_du lg(mu)  ||d||  lg(rg) alpha_du alpha_pr  ls
 170  3.2160969e-01 5.14e-04 6.59e+00  -3.6 1.83e-01    -  9.89e-01 1.00e+00H  1
 171  3.0941604e-01 3.54e-03 7.13e+00  -4.0 3.99e-01    -  1.00e+00 1.00e+00h  1
 172  2.9748217e-01 9.50e-03 1.09e+01  -4.1 9.62e-01    -  1.00e+00 4.55e-01h  1
 173  2.8572105e-01 1.31e-02 1.39e+01  -4.1 4.52e+00    -  8.98e-01 1.19e-01h  1
 174  2.7204642e-01 1.48e-02 1.30e+01  -4.1 1.98e+00    -  2.62e-01 2.84e-01h  1
 175  2.6073349e-01 2.22e-02 1.27e+01  -4.1 5.65e+00    -  6.55e-01 1.13e-01h  1
 176  2.5996177e-01 2.21e-02 1.27e+01  -4.1 5.88e+00    -  1.92e-01 7.95e-03h  1
 177  2.5653140e-01 2.19e-02 1.32e+01  -4.1 7.67e+00    -  6.25e-02 2.80e-02h  1
 178  2.4887105e-01 2.30e-02 1.63e+01  -4.1 6.31e+00    -  2.88e-01 7.64e-02f  1
 179  2.3019513e-01 5.36e-02 2.44e+01  -4.1 8.03e+00    -  4.74e-01 2.15e-01f  1
iter    objective    inf_pr   inf_du lg(mu)  ||d||  lg(rg) alpha_du alpha_pr  ls
 180  2.2930076e-01 1.91e-02 8.82e+00  -3.6 5.97e-01    -  1.00e+00 1.00e+00h  1
 181  2.3653146e-01 1.76e-02 8.35e+00  -3.3 1.07e+00    -  6.35e-01 7.50e-01h  1
 182  2.4021405e-01 4.11e-02 7.30e+00  -3.5 6.02e-01    -  1.00e+00 7.90e-01H  1
 183  2.4663067e-01 7.78e-03 8.02e+00  -3.2 5.68e-01    -  1.00e+00 1.00e+00h  1
 184  2.4477278e-01 4.07e-03 5.03e+00  -3.3 4.69e-01    -  1.00e+00 5.65e-01h  1
 185  2.3752339e-01 7.43e-03 4.68e+00  -4.0 7.52e-01    -  1.00e+00 6.79e-01h  1
 186  2.4464183e-01 2.21e-01 3.20e+01  -3.3 1.58e+00    -  1.00e+00 1.00e+00h  1
 187  2.3671333e-01 5.12e-02 6.57e+00  -3.4 7.56e-01    -  1.00e+00 1.00e+00h  1
 188  2.3555919e-01 1.49e-02 2.01e+00  -3.4 4.79e-01    -  1.00e+00 1.00e+00h  1
 189  2.3057236e-01 9.95e-03 6.22e+00  -4.0 7.65e-01    -  1.00e+00 4.90e-01h  1
iter    objective    inf_pr   inf_du lg(mu)  ||d||  lg(rg) alpha_du alpha_pr  ls
 190  2.2762944e-01 6.22e-03 6.20e+00  -4.0 6.69e-01    -  1.00e+00 4.53e-01h  1
 191  2.2930559e-01 4.31e-03 3.48e+00  -3.7 2.68e-01    -  1.00e+00 6.25e-01h  1
 192  2.3466381e-01 5.01e-03 1.63e+01  -3.4 4.91e-01    -  6.76e-01 6.81e-01h  1
 193  2.3410241e-01 2.47e-03 5.51e+00  -3.6 3.05e-01    -  1.00e+00 1.00e+00h  1
 194  2.3224280e-01 1.28e-03 7.26e+00  -4.0 2.35e-01    -  1.00e+00 5.36e-01h  1
 195  2.3116742e-01 2.99e-04 5.76e+00  -4.0 2.62e-01    -  1.00e+00 1.00e+00H  1
 196  2.2993783e-01 2.82e-03 8.66e+00  -3.7 2.67e-01    -  1.00e+00 1.00e+00h  1
 197  2.2929670e-01 1.10e-03 3.17e+00  -3.8 1.26e-01    -  1.00e+00 1.00e+00h  1
 198  2.2879147e-01 5.56e-04 1.55e+00  -4.0 1.15e-01    -  1.00e+00 6.45e-01h  1
 199  2.2867226e-01 3.37e-04 5.17e+00  -4.0 2.59e-01    -  1.00e+00 1.00e+00H  1
iter    objective    inf_pr   inf_du lg(mu)  ||d||  lg(rg) alpha_du alpha_pr  ls
 200  2.2364554e-01 5.71e-02 2.25e+01  -4.0 1.72e+00    -  1.00e+00 6.10e-01h  1
 201  2.2611650e-01 5.87e-02 4.99e+01  -3.4 1.26e+00    -  9.90e-01 1.00e+00h  1
 202  2.2131001e-01 2.82e-02 2.08e+01  -3.5 6.04e-01    -  1.00e+00 1.00e+00h  1
 203  2.2376314e-01 2.99e-02 4.77e+00  -3.3 7.59e-01    -  1.00e+00 6.04e-01h  1
 204  2.2468868e-01 9.00e-03 3.34e+00  -3.4 4.69e-01    -  1.00e+00 7.97e-01h  1
 205  2.2261299e-01 4.59e-03 6.28e+00  -3.7 8.63e-01    -  1.00e+00 5.54e-01H  1
 206  2.1592362e-01 1.88e-02 8.83e+00  -3.9 8.20e-01    -  1.00e+00 1.00e+00h  1
 207  2.3230293e-01 7.77e-02 3.78e+01  -3.3 1.54e+00    -  1.00e+00 9.82e-01h  1
 208  2.2161395e-01 1.27e-01 2.56e+01  -3.4 9.02e-01    -  1.00e+00 1.00e+00h  1
 209  2.1646782e-01 5.43e-02 1.43e+01  -3.4 6.21e-01    -  1.00e+00 9.65e-01h  1
iter    objective    inf_pr   inf_du lg(mu)  ||d||  lg(rg) alpha_du alpha_pr  ls
 210  2.1855419e-01 9.12e-03 4.73e+00  -3.4 3.23e-01    -  1.00e+00 9.80e-01h  1
 211  2.1184473e-01 2.02e-02 8.83e+00  -3.9 9.99e-01    -  1.00e+00 8.87e-01h  1
 212  2.0144937e-01 6.97e-02 2.82e+01  -4.0 2.37e+00    -  4.63e-01 5.54e-01h  1
 213  1.9608341e-01 4.27e-02 2.40e+01  -3.9 1.04e+00    -  1.00e+00 5.63e-01h  1
 214  1.9375654e-01 1.40e-02 1.73e+01  -4.0 5.93e-01    -  9.37e-01 7.15e-01h  1
 215  2.2427565e-01 3.09e-01 4.12e+01  -3.2 3.55e+00    -  3.84e-01 1.00e+00h  1
 216  2.0416650e-01 3.06e-01 1.95e+01  -3.5 3.50e+00    -  1.00e+00 7.05e-01h  1
 217  1.8159325e-01 3.71e-01 3.19e+01  -3.5 8.39e+00    -  4.23e-01 2.57e-01h  1
 218  1.8998602e-01 3.19e-01 1.25e+01  -3.3 2.46e+00    -  1.00e+00 1.00e+00h  1
 219  1.7735728e-01 1.03e-01 8.40e+00  -3.3 1.12e+00    -  1.00e+00 1.00e+00h  1
iter    objective    inf_pr   inf_du lg(mu)  ||d||  lg(rg) alpha_du alpha_pr  ls
 220  1.7901549e-01 5.82e-02 7.52e+00  -3.0 1.64e+00    -  1.00e+00 4.04e-01h  1
 221  1.9734669e-01 3.44e-02 7.40e+00  -3.1 1.71e+00    -  6.99e-01 7.29e-01H  1
 222  2.1139906e-01 3.55e-02 1.59e+01  -3.2 1.75e+00    -  8.03e-01 7.10e-01H  1
 223  1.9302475e-01 3.11e-02 3.13e+00  -3.2 1.18e+00    -  1.00e+00 1.00e+00h  1
 224  1.8975352e-01 1.55e-02 6.53e+00  -3.4 7.34e-01    -  1.00e+00 9.64e-01h  1
 225  1.9161743e-01 2.18e-02 6.63e+00  -4.0 4.63e-01    -  1.00e+00 9.77e-01h  1
 226  1.8728766e-01 1.99e-02 1.08e+01  -3.7 5.91e-01    -  1.00e+00 1.00e+00h  1
 227  1.8761137e-01 8.64e-03 3.75e+00  -3.8 3.04e-01    -  1.00e+00 9.79e-01h  1
 228  1.8830950e-01 3.12e-03 2.54e+00  -4.0 3.38e-01    -  1.00e+00 7.53e-01h  1
 229  1.8949172e-01 1.96e-03 3.50e+00  -3.7 2.54e-01    -  1.00e+00 5.00e-01h  2
iter    objective    inf_pr   inf_du lg(mu)  ||d||  lg(rg) alpha_du alpha_pr  ls
 230  1.8558641e-01 1.12e-02 6.63e+00  -4.0 4.79e-01    -  1.00e+00 1.00e+00h  1
 231  1.8151196e-01 6.13e-03 9.61e+00  -4.0 4.80e-01    -  1.00e+00 8.92e-01h  1
 232  1.7999164e-01 4.83e-03 7.64e+00  -4.0 3.46e-01    -  1.00e+00 1.00e+00h  1
 233  1.7943369e-01 1.91e-03 4.46e+00  -4.0 1.88e-01    -  1.00e+00 8.06e-01h  1
 234  1.8015196e-01 1.36e-03 2.23e+00  -4.0 1.68e-01    -  1.00e+00 7.49e-01h  1
 235  1.8142771e-01 1.90e-04 2.73e+00  -4.0 1.23e-01    -  1.00e+00 1.00e+00H  1
 236  1.8012024e-01 3.15e-03 5.54e+00  -4.0 2.72e-01    -  1.00e+00 1.00e+00h  1
 237  1.7488222e-01 1.83e-02 2.24e+01  -4.1 6.46e-01    -  8.08e-01 9.44e-01h  1
 238  1.7226778e-01 1.95e-02 3.04e+01  -4.0 2.11e+00    -  5.43e-01 1.65e-01h  1
 239  1.8065505e-01 3.36e-02 2.66e+01  -3.5 7.61e-01    -  1.00e+00 1.00e+00h  1
iter    objective    inf_pr   inf_du lg(mu)  ||d||  lg(rg) alpha_du alpha_pr  ls
 240  1.7544251e-01 1.32e-02 6.82e+00  -3.6 3.72e-01    -  1.00e+00 1.00e+00h  1
 241  1.7106661e-01 1.07e-02 4.38e+00  -4.0 4.55e-01    -  1.00e+00 1.00e+00h  1
 242  1.7765308e-01 5.49e-03 9.52e+00  -3.5 5.26e-01    -  1.00e+00 8.52e-01h  1
 243  1.7665967e-01 2.46e-03 4.29e+00  -3.6 2.10e-01    -  1.00e+00 1.00e+00h  1
 244  1.7322406e-01 3.35e-03 5.40e+00  -4.0 4.45e-01    -  1.00e+00 5.88e-01h  1
 245  1.6840101e-01 1.47e-02 1.25e+01  -4.0 6.68e-01    -  1.00e+00 8.75e-01h  1
 246  1.6499552e-01 3.72e-03 1.33e+01  -4.0 2.78e-01    -  1.00e+00 1.00e+00h  1
 247  1.6678112e-01 2.25e-03 4.01e+00  -4.0 2.71e-01    -  1.00e+00 9.08e-01h  1
 248  1.6672673e-01 2.80e-03 2.34e+00  -4.0 1.54e-01    -  1.00e+00 4.72e-01h  1
 249  1.6858196e-01 9.45e-04 4.69e+00  -4.0 1.80e-01    -  1.00e+00 1.00e+00H  1
iter    objective    inf_pr   inf_du lg(mu)  ||d||  lg(rg) alpha_du alpha_pr  ls
 250  1.6754587e-01 1.09e-03 4.27e+00  -4.0 1.81e-01    -  1.00e+00 1.00e+00h  1
 251  1.6525732e-01 9.12e-03 1.15e+01  -4.0 4.91e-01    -  1.00e+00 9.22e-01h  1
 252  1.6242686e-01 1.38e-02 2.06e+01  -4.1 5.99e-01    -  1.00e+00 1.00e+00h  1
 253  1.6265094e-01 4.50e-02 9.47e+00  -3.8 8.09e-01    -  1.00e+00 9.41e-01f  1
 254  1.5882423e-01 2.20e-02 8.50e+00  -3.9 3.85e-01    -  1.00e+00 9.73e-01h  1
 255  1.6043380e-01 4.78e-03 2.69e+00  -3.7 2.63e-01    -  1.00e+00 1.00e+00f  1
 256  1.6110271e-01 2.12e-03 4.82e+00  -4.0 2.31e-01    -  1.00e+00 4.92e-01h  1
 257  1.6313277e-01 8.03e-04 5.36e+00  -4.0 1.51e-01    -  1.00e+00 1.00e+00h  1
 258  1.6284162e-01 6.32e-04 3.26e+00  -4.0 1.16e-01    -  1.00e+00 1.00e+00h  1
 259  1.6172683e-01 3.34e-03 6.66e+00  -4.0 3.04e-01    -  1.00e+00 1.00e+00h  1
iter    objective    inf_pr   inf_du lg(mu)  ||d||  lg(rg) alpha_du alpha_pr  ls
 260  1.5965062e-01 3.29e-03 6.27e+00  -4.1 2.94e-01    -  1.00e+00 1.00e+00h  1
 261  1.6097536e-01 1.36e-03 9.58e-01  -4.0 2.02e-01    -  1.00e+00 1.00e+00h  1
 262  1.6165612e-01 4.57e-04 1.57e+00  -4.0 1.32e-01    -  1.00e+00 7.25e-01h  1
 263  1.6231477e-01 2.00e-04 1.61e+00  -4.0 6.34e-02    -  1.00e+00 1.00e+00h  1
 264  1.6206124e-01 3.74e-03 4.75e+00  -4.0 3.10e-01    -  1.00e+00 1.00e+00h  1
 265  1.5859247e-01 9.11e-02 2.85e+01  -4.1 3.42e+00    -  6.82e-01 4.48e-01h  1
 266  1.5546170e-01 2.77e-01 6.89e+01  -4.0 5.28e+00    -  4.65e-01 4.83e-01h  1
 267  1.4290572e-01 5.78e-02 3.14e+01  -4.0 1.04e+00    -  7.50e-01 9.55e-01h  1
 268  1.6899085e-01 2.58e-01 2.35e+01  -3.3 2.21e+00    -  1.00e+00 1.00e+00h  1
 269  1.6381446e-01 3.84e-01 2.11e+01  -3.3 3.21e+00    -  6.68e-01 1.00e+00h  1
iter    objective    inf_pr   inf_du lg(mu)  ||d||  lg(rg) alpha_du alpha_pr  ls
 270  1.5043386e-01 9.91e-02 4.39e+00  -3.3 1.50e+00    -  8.84e-01 1.00e+00h  1
 271  1.5160931e-01 6.98e-02 1.01e+01  -3.3 9.61e-01    -  9.97e-01 7.39e-01h  1
 272  1.5239397e-01 1.25e-01 4.15e+00  -3.8 1.17e+00    -  1.00e+00 1.00e+00h  1
 273  1.5147220e-01 5.73e-02 3.33e+00  -3.5 8.23e-01    -  1.00e+00 1.00e+00h  1
 274  1.5018368e-01 3.41e-02 2.59e+00  -4.0 5.26e-01    -  6.93e-01 4.97e-01h  1
 275  1.5093438e-01 2.69e-02 4.83e+00  -4.0 6.01e-01    -  1.00e+00 2.39e-01h  1
 276  1.5595274e-01 1.46e-02 7.67e+00  -3.7 5.31e-01    -  1.00e+00 6.14e-01H  1
 277  1.5442123e-01 1.37e-02 3.72e+00  -4.0 3.84e-01    -  1.00e+00 7.16e-01h  1
 278  1.5411884e-01 6.87e-03 3.62e+00  -4.0 2.67e-01    -  1.00e+00 5.43e-01h  1
 279  1.5519385e-01 3.72e-03 3.52e+00  -4.0 2.44e-01    -  1.00e+00 1.00e+00h  1
iter    objective    inf_pr   inf_du lg(mu)  ||d||  lg(rg) alpha_du alpha_pr  ls
 280  1.5611254e-01 7.25e-04 4.31e+00  -4.0 1.37e-01    -  1.00e+00 1.00e+00h  1
 281  1.5613452e-01 4.79e-04 1.81e+00  -4.0 9.57e-02    -  1.00e+00 1.00e+00h  1
 282  1.5657556e-01 1.90e-04 1.42e+00  -4.0 6.11e-02    -  1.00e+00 1.00e+00h  1
 283  1.5652219e-01 2.89e-04 1.45e+00  -4.0 8.70e-02    -  1.00e+00 1.00e+00h  1
 284  1.5573721e-01 3.62e-03 6.95e+00  -4.0 3.49e-01    -  1.00e+00 9.50e-01h  1
 285  1.5388926e-01 1.02e-03 3.02e+00  -4.1 2.15e-01    -  1.00e+00 1.00e+00h  1
 286  1.5441109e-01 7.71e-04 3.96e+00  -4.0 1.15e-01    -  1.00e+00 1.00e+00h  1
 287  1.5505365e-01 3.06e-04 1.23e+00  -4.0 1.10e-01    -  1.00e+00 1.00e+00h  1
 288  1.5523527e-01 9.35e-06 1.30e+00  -4.0 6.06e-02    -  1.00e+00 1.00e+00H  1
 289  1.5435114e-01 6.93e-03 1.09e+01  -4.0 5.20e-01    -  1.00e+00 1.00e+00h  1
iter    objective    inf_pr   inf_du lg(mu)  ||d||  lg(rg) alpha_du alpha_pr  ls
 290  1.4945653e-01 1.53e-02 1.67e+01  -4.1 5.20e-01    -  1.00e+00 1.00e+00h  1
 291  1.5746452e-01 2.39e-02 1.03e+01  -3.5 7.75e-01    -  1.00e+00 8.14e-01h  1
 292  1.5902480e-01 1.69e-02 7.08e+00  -3.5 2.86e-01    -  1.00e+00 1.00e+00h  1
 293  1.5892728e-01 1.26e-02 5.39e+00  -3.5 5.00e-01    -  1.00e+00 2.50e-01h  3
 294  1.5137199e-01 3.65e-02 1.90e+01  -3.5 1.49e+00    -  1.00e+00 8.96e-01h  1
 295  1.5252398e-01 8.43e-03 5.10e+00  -3.5 5.80e-01    -  1.00e+00 1.00e+00h  1
 296  1.5302560e-01 4.76e-03 3.18e+00  -4.0 3.04e-01    -  1.00e+00 9.86e-01h  1
 297  1.5200037e-01 2.32e-03 2.86e+00  -4.0 3.42e-01    -  1.00e+00 6.34e-01h  1
 298  1.5238804e-01 1.52e-03 3.32e+00  -4.0 2.01e-01    -  1.00e+00 5.29e-01h  1
 299  1.5442974e-01 1.26e-03 4.47e+00  -4.0 1.90e-01    -  1.00e+00 1.00e+00H  1
iter    objective    inf_pr   inf_du lg(mu)  ||d||  lg(rg) alpha_du alpha_pr  ls
 300  1.5197619e-01 2.21e-03 5.31e+00  -4.1 1.76e-01    -  1.00e+00 1.00e+00h  1
 301  1.5207633e-01 1.61e-03 2.78e+00  -4.0 1.71e-01    -  1.00e+00 5.89e-01h  1
 302  1.5357209e-01 6.98e-04 1.98e+00  -4.0 9.72e-02    -  1.00e+00 1.00e+00h  1
 303  1.5374218e-01 1.16e-04 9.29e-01  -4.0 4.63e-02    -  1.00e+00 1.00e+00h  1
 304  1.5250681e-01 1.37e-03 5.41e+00  -4.0 1.99e-01    -  1.00e+00 1.00e+00h  1
 305  1.5231762e-01 6.02e-04 1.66e+00  -4.1 9.24e-02    -  1.00e+00 1.00e+00h  1
 306  1.5286375e-01 3.02e-04 1.88e+00  -4.0 1.38e-01    -  1.00e+00 8.57e-01h  1
 307  1.5302163e-01 2.13e-04 1.62e+00  -4.0 8.32e-02    -  1.00e+00 1.00e+00h  1
 308  1.5303658e-01 1.66e-04 6.49e-01  -4.0 5.10e-02    -  1.00e+00 1.00e+00h  1
 309  1.5321736e-01 1.26e-04 4.72e-01  -4.0 1.97e-02    -  1.00e+00 1.00e+00h  1
iter    objective    inf_pr   inf_du lg(mu)  ||d||  lg(rg) alpha_du alpha_pr  ls
 310  1.5322939e-01 2.46e-04 2.82e+00  -4.0 6.24e-02    -  1.00e+00 1.00e+00h  1
 311  1.5239692e-01 1.60e-03 4.62e+00  -4.1 2.13e-01    -  1.00e+00 1.00e+00h  1
 312  1.5097443e-01 2.53e-03 6.05e+00  -4.1 2.75e-01    -  1.00e+00 8.34e-01h  1
 313  1.5106037e-01 1.17e-03 2.24e+00  -4.0 1.55e-01    -  1.00e+00 1.00e+00f  1
 314  1.5205446e-01 2.60e-03 5.47e+00  -3.7 3.14e-01    -  1.00e+00 7.26e-01h  1
 315  1.5254290e-01 9.46e-04 1.15e+00  -3.8 1.56e-01    -  1.00e+00 1.00e+00h  1
 316  1.5315514e-01 4.68e-04 2.25e+00  -3.8 1.04e-01    -  1.00e+00 1.00e+00h  1
 317  1.5401822e-01 1.55e-04 1.72e+00  -3.8 5.97e-02    -  1.00e+00 1.00e+00h  1
 318  1.5442319e-01 1.56e-04 9.22e-01  -3.8 5.47e-02    -  1.00e+00 1.00e+00h  1
 319  1.5468564e-01 1.15e-04 7.08e-01  -3.8 3.26e-02    -  1.00e+00 1.00e+00h  1
iter    objective    inf_pr   inf_du lg(mu)  ||d||  lg(rg) alpha_du alpha_pr  ls
 320  1.5477535e-01 1.34e-04 8.27e-01  -3.8 3.86e-02    -  1.00e+00 1.00e+00h  1
 321  1.5498901e-01 1.85e-04 1.49e+00  -3.8 6.19e-02    -  1.00e+00 1.00e+00h  1
 322  1.5516553e-01 4.93e-04 3.38e+00  -3.8 1.99e-01    -  1.00e+00 5.00e-01h  2
 323  1.5478133e-01 2.65e-04 2.67e+00  -3.8 7.73e-02    -  1.00e+00 1.00e+00h  1
 324  1.5515201e-01 9.05e-05 8.16e-01  -3.8 4.85e-02    -  1.00e+00 1.00e+00h  1
 325  1.5552712e-01 6.13e-06 1.19e+00  -3.8 6.84e-02    -  1.00e+00 1.00e+00H  1
 326  1.5550045e-01 1.47e-04 2.74e+00  -3.8 5.85e-01    -  1.00e+00 6.25e-02h  5
 327  1.5547842e-01 2.25e-04 2.53e+00  -3.8 1.23e+00    -  1.00e+00 1.56e-02h  7
 328  1.5543914e-01 6.69e-05 4.23e+00  -3.8 2.08e+00    -  1.00e+00 1.31e-02h  7
 329  1.5538481e-01 9.88e-05 3.17e+00  -3.8 3.25e+00    -  1.00e+00 1.43e-02h  7
iter    objective    inf_pr   inf_du lg(mu)  ||d||  lg(rg) alpha_du alpha_pr  ls
 330  1.5535928e-01 1.42e-04 3.26e+00  -3.8 7.02e+00    -  8.47e-01 3.45e-03h  9
 331  1.5505597e-01 1.88e-02 1.43e+01  -3.8 8.56e+00    -  1.00e+00 1.06e-01h  4
 332  1.5487019e-01 3.07e-02 2.46e+01  -3.8 3.51e+00    -  6.13e-01 2.50e-01h  3
 333  1.5146800e-01 4.00e-02 3.32e+01  -3.8 1.68e+00    -  1.00e+00 7.46e-01h  1
 334  1.4166215e-01 4.51e-02 4.25e+01  -3.8 2.16e+00    -  5.65e-01 5.10e-01h  1
 335  1.4571010e-01 2.64e-02 5.24e+00  -3.6 7.72e-01    -  1.00e+00 1.00e+00h  1
 336  1.4706357e-01 1.07e-02 3.89e+00  -3.9 7.47e-01    -  1.00e+00 1.00e+00h  1
 337  1.4809470e-01 3.84e-02 5.56e+00  -3.7 6.12e-01    -  1.00e+00 1.00e+00h  1
 338  1.4732932e-01 1.23e-02 6.20e+00  -4.0 3.13e-01    -  1.00e+00 9.99e-01h  1
 339  1.5164566e-01 1.23e-02 5.71e+00  -3.5 4.33e-01    -  1.00e+00 1.00e+00h  1
iter    objective    inf_pr   inf_du lg(mu)  ||d||  lg(rg) alpha_du alpha_pr  ls
 340  1.5441436e-01 4.96e-03 4.00e+00  -3.6 3.14e-01    -  1.00e+00 9.07e-01h  1
 341  1.5290823e-01 3.11e-03 7.91e+00  -3.6 2.22e-01    -  1.00e+00 9.73e-01f  1
 342  1.5309319e-01 2.26e-03 4.50e+00  -3.6 1.91e-01    -  1.00e+00 7.60e-01h  1
 343  1.5429857e-01 1.36e-03 2.95e+00  -3.6 2.17e-01    -  1.00e+00 5.00e-01h  2
 344  1.5581219e-01 1.29e-03 3.59e+00  -3.6 2.07e-01    -  1.00e+00 5.00e-01h  2
 345  1.5646856e-01 7.44e-04 2.93e+00  -3.6 1.50e-01    -  1.00e+00 5.00e-01h  2
 346  1.5796895e-01 3.56e-04 2.49e+00  -3.6 1.04e-01    -  1.00e+00 1.00e+00h  1
 347  1.5897634e-01 3.17e-04 4.10e+00  -3.6 1.36e-01    -  1.00e+00 1.00e+00H  1
 348  1.5880895e-01 2.43e-04 3.09e+00  -3.6 1.31e-01    -  1.00e+00 5.00e-01h  2
 349  1.5856268e-01 2.76e-04 1.67e+00  -3.6 6.22e-02    -  1.00e+00 1.00e+00h  1
iter    objective    inf_pr   inf_du lg(mu)  ||d||  lg(rg) alpha_du alpha_pr  ls
 350  1.5889695e-01 2.01e-04 1.54e+00  -3.6 8.12e-02    -  1.00e+00 1.00e+00H  1
 351  1.5952143e-01 1.31e-05 4.29e+00  -3.6 2.40e-01    -  1.00e+00 1.00e+00H  1
 352  1.5948015e-01 5.39e-05 4.79e+00  -3.6 5.27e-01    -  1.00e+00 6.25e-02h  5
 353  1.5926281e-01 1.50e-04 8.42e+00  -3.6 1.03e+00    -  1.00e+00 6.25e-02h  5
 354  1.5881377e-01 3.65e-04 5.54e+00  -3.6 6.17e-01    -  1.00e+00 1.25e-01h  4
 355  1.5715696e-01 4.23e-03 1.15e+01  -3.6 1.36e+00    -  1.00e+00 2.50e-01h  3
 356  1.5808515e-01 1.86e-02 1.80e+01  -3.6 9.14e-01    -  1.00e+00 1.00e+00h  1
 357  1.5138812e-01 6.73e-02 2.62e+01  -3.6 1.06e+00    -  1.00e+00 1.00e+00h  1
 358  1.4573463e-01 3.14e-02 1.69e+01  -3.6 7.15e-01    -  4.26e-01 1.00e+00h  1
 359  1.4652535e-01 1.19e-02 5.76e+00  -3.7 4.94e-01    -  1.00e+00 1.00e+00h  1
iter    objective    inf_pr   inf_du lg(mu)  ||d||  lg(rg) alpha_du alpha_pr  ls
 360  1.4669161e-01 7.70e-03 3.61e+00  -3.8 3.10e-01    -  1.00e+00 1.00e+00h  1
 361  1.4795859e-01 3.21e-03 2.35e+00  -4.0 1.87e-01    -  1.00e+00 5.59e-01h  1
 362  1.4876521e-01 3.63e-03 3.05e+00  -4.0 3.48e-01    -  1.00e+00 5.00e-01h  2
 363  1.5105758e-01 1.43e-03 6.17e+00  -4.0 2.49e-01    -  7.21e-01 7.44e-01H  1
 364  1.4739609e-01 3.74e-03 5.41e+00  -4.1 3.11e-01    -  5.01e-01 1.00e+00h  1
 365  1.4604564e-01 1.78e-02 1.07e+01  -4.0 3.56e-01    -  1.00e+00 1.00e+00h  1
 366  1.4548802e-01 4.75e-03 1.37e+00  -4.0 2.01e-01    -  1.00e+00 1.00e+00h  1
 367  1.4709262e-01 3.45e-03 2.93e+00  -4.0 2.42e-01    -  1.00e+00 1.00e+00h  1
 368  1.4711164e-01 1.30e-03 1.29e+00  -4.0 1.02e-01    -  1.00e+00 5.57e-01h  1
 369  1.4819042e-01 4.22e-04 3.56e+00  -4.0 1.15e-01    -  1.00e+00 1.00e+00H  1
iter    objective    inf_pr   inf_du lg(mu)  ||d||  lg(rg) alpha_du alpha_pr  ls
 370  1.4795513e-01 3.07e-04 1.30e+00  -4.0 7.64e-02    -  1.00e+00 1.00e+00h  1
 371  1.4810220e-01 1.34e-04 1.40e+00  -4.0 5.15e-02    -  1.00e+00 1.00e+00h  1
 372  1.4810487e-01 5.94e-05 9.41e-01  -4.0 2.68e-02    -  1.00e+00 1.00e+00h  1
 373  1.4786467e-01 1.02e-04 1.17e+00  -4.0 4.24e-02    -  1.00e+00 1.00e+00h  1
 374  1.4746102e-01 5.11e-04 3.32e+00  -4.0 1.02e-01    -  1.00e+00 1.00e+00h  1
 375  1.4668706e-01 3.09e-03 1.11e+01  -4.0 2.53e-01    -  1.00e+00 1.00e+00h  1
 376  1.4380933e-01 2.54e-02 2.47e+01  -4.1 1.09e+00    -  8.63e-01 7.23e-01h  1
 377  1.4286689e-01 2.38e-02 2.87e+00  -3.8 5.64e-01    -  9.79e-01 1.00e+00h  1
 378  1.5978287e-01 1.32e-01 2.06e+01  -3.2 1.61e+00    -  1.00e+00 8.98e-01h  1
 379  1.5591168e-01 8.52e-02 2.10e+01  -3.3 6.96e-01    -  1.00e+00 1.00e+00h  1
iter    objective    inf_pr   inf_du lg(mu)  ||d||  lg(rg) alpha_du alpha_pr  ls
 380  1.5308709e-01 2.40e-02 7.42e+00  -3.3 7.00e-01    -  9.17e-01 1.00e+00h  1
 381  1.5813671e-01 8.68e-03 1.53e+01  -3.3 5.02e-01    -  1.00e+00 1.00e+00h  1
 382  1.5887347e-01 6.83e-03 5.77e+00  -3.3 2.91e-01    -  1.00e+00 1.00e+00h  1
 383  1.5900687e-01 4.03e-03 6.15e+00  -3.3 2.82e-01    -  6.70e-01 1.00e+00h  1
 384  1.6020157e-01 2.03e-03 4.20e+00  -3.3 2.07e-01    -  1.00e+00 1.00e+00h  1
 385  1.6094232e-01 9.56e-04 5.98e+00  -3.3 1.85e-01    -  1.00e+00 5.00e-01h  2
 386  1.6202457e-01 5.96e-04 8.12e+00  -3.3 1.94e-01    -  1.00e+00 5.00e-01h  2
 387  1.6571576e-01 2.49e-04 1.26e+01  -3.3 2.78e-01    -  1.00e+00 1.00e+00H  1
 388  1.6769031e-01 1.70e-04 5.48e+00  -3.3 1.89e-01    -  1.00e+00 1.00e+00H  1
 389  1.6733222e-01 3.13e-04 4.63e+00  -3.3 2.90e-01    -  1.00e+00 2.50e-01h  3
iter    objective    inf_pr   inf_du lg(mu)  ||d||  lg(rg) alpha_du alpha_pr  ls
 390  1.6690170e-01 3.77e-04 3.87e+00  -3.3 3.16e-01    -  1.00e+00 2.15e-01h  3
 391  1.6679084e-01 3.58e-04 4.63e+00  -3.3 7.22e-02    -  1.00e+00 1.00e+00h  1
 392  1.6773024e-01 5.41e-04 4.98e+00  -3.3 1.21e-01    -  1.00e+00 1.00e+00h  1
 393  1.6930694e-01 6.24e-05 4.45e+00  -3.3 1.63e-01    -  1.00e+00 1.00e+00H  1
 394  1.6888600e-01 3.86e-04 5.57e+00  -3.3 1.84e-01    -  1.00e+00 1.00e+00H  1
 395  1.6782136e-01 2.66e-04 2.18e+00  -3.3 7.55e-02    -  1.00e+00 1.00e+00h  1
 396  1.6885813e-01 1.03e-04 1.67e+00  -3.3 1.03e-01    -  1.00e+00 1.00e+00H  1
 397  1.6902347e-01 1.56e-04 2.22e+00  -3.3 2.20e-01    -  1.00e+00 2.50e-01h  3
 398  1.6994005e-01 6.16e-05 3.87e+00  -3.3 8.46e-02    -  1.00e+00 1.00e+00H  1
 399  1.6894990e-01 9.57e-04 5.93e+00  -3.3 1.94e-01    -  1.00e+00 1.00e+00h  1
iter    objective    inf_pr   inf_du lg(mu)  ||d||  lg(rg) alpha_du alpha_pr  ls
 400  1.6870003e-01 6.96e-04 3.84e+00  -3.3 1.66e-01    -  1.00e+00 1.00e+00h  1
 401  1.6904663e-01 3.15e-04 2.63e+00  -3.3 9.36e-02    -  1.00e+00 1.00e+00h  1
 402  1.7053191e-01 1.41e-04 3.56e+00  -3.3 1.34e-01    -  1.00e+00 1.00e+00H  1
 403  1.6959866e-01 2.97e-04 1.58e+00  -3.3 7.06e-02    -  1.00e+00 1.00e+00h  1
 404  1.6950724e-01 1.51e-04 1.36e+00  -3.3 4.75e-02    -  1.00e+00 1.00e+00h  1
 405  1.6973391e-01 1.08e-04 1.14e+00  -3.3 4.32e-02    -  1.00e+00 1.00e+00h  1
 406  1.6997564e-01 1.22e-04 2.61e+00  -3.3 6.83e-02    -  1.00e+00 1.00e+00h  1
 407  1.6995240e-01 1.74e-04 1.96e+00  -3.3 5.10e-02    -  1.00e+00 1.00e+00h  1
 408  1.6990131e-01 1.51e-04 1.61e+00  -3.3 7.75e-02    -  1.00e+00 1.00e+00h  1
 409  1.6980984e-01 2.73e-04 2.48e+00  -3.3 9.56e-02    -  1.00e+00 1.00e+00h  1
iter    objective    inf_pr   inf_du lg(mu)  ||d||  lg(rg) alpha_du alpha_pr  ls
 410  1.6908078e-01 6.33e-04 3.28e+00  -3.3 1.20e-01    -  1.00e+00 1.00e+00h  1
 411  1.6888524e-01 4.34e-04 3.88e+00  -3.3 1.07e-01    -  1.00e+00 1.00e+00h  1
 412  1.6908513e-01 4.77e-04 2.33e+00  -3.3 1.06e-01    -  1.00e+00 1.00e+00h  1
 413  1.6969278e-01 2.26e-04 3.54e+00  -3.3 2.01e-01    -  1.00e+00 1.00e+00H  1
 414  1.6930823e-01 2.79e-04 4.68e+00  -3.3 2.33e-01    -  1.00e+00 2.50e-01h  3
 415  1.6520213e-01 1.84e-02 1.08e+01  -3.3 3.42e-01    -  1.00e+00 1.00e+00h  1
 416  1.6662122e-01 5.75e-03 3.44e+00  -3.3 1.67e-01    -  1.00e+00 1.00e+00h  1
 417  1.6744004e-01 1.00e-03 3.50e+00  -3.3 1.12e-01    -  1.00e+00 1.00e+00h  1
 418  1.6754010e-01 9.27e-04 4.68e+00  -3.3 1.71e-01    -  1.00e+00 1.00e+00h  1
 419  1.6766697e-01 1.73e-03 3.77e+00  -3.3 1.04e-01    -  1.00e+00 1.00e+00h  1
iter    objective    inf_pr   inf_du lg(mu)  ||d||  lg(rg) alpha_du alpha_pr  ls
 420  1.6756657e-01 6.31e-04 1.98e+00  -3.3 8.77e-02    -  1.00e+00 1.00e+00h  1
 421  1.6784135e-01 3.60e-04 3.68e+00  -3.3 7.57e-02    -  1.00e+00 1.00e+00h  1
 422  1.6804805e-01 9.28e-05 8.24e-01  -3.3 3.95e-02    -  1.00e+00 1.00e+00h  1
 423  1.6816029e-01 1.89e-05 4.16e-01  -3.3 1.87e-02    -  1.00e+00 1.00e+00h  1
 424  1.6827150e-01 1.71e-05 3.76e+00  -3.3 7.93e-02    -  1.00e+00 1.00e+00H  1
 425  1.6808642e-01 4.25e-04 4.96e+00  -3.3 4.05e-01    -  1.00e+00 2.50e-01h  3
 426  1.6796410e-01 5.33e-04 5.66e+00  -3.3 3.10e-01    -  1.00e+00 2.50e-01h  3
 427  1.6783340e-01 5.99e-04 8.35e+00  -3.3 5.21e-01    -  1.00e+00 1.25e-01h  4
 428  1.6774514e-01 8.74e-04 6.99e+00  -3.3 4.30e-01    -  1.00e+00 2.50e-01h  3
 429  1.6758694e-01 9.84e-04 7.81e+00  -3.3 1.04e+00    -  1.00e+00 6.25e-02h  5
iter    objective    inf_pr   inf_du lg(mu)  ||d||  lg(rg) alpha_du alpha_pr  ls
 430  1.6657496e-01 2.88e-02 2.21e+01  -3.3 9.44e-01    -  1.00e+00 1.00e+00h  1
 431  1.6257622e-01 1.95e-02 2.65e+01  -3.3 7.38e-01    -  1.00e+00 1.00e+00h  1
 432  1.5350571e-01 4.72e-02 1.74e+01  -3.3 1.51e+00    -  1.00e+00 6.37e-01h  1
 433  1.5503608e-01 1.26e-02 6.17e+00  -3.3 4.12e-01    -  1.00e+00 1.00e+00h  1
 434  1.5809846e-01 7.55e-03 4.39e+00  -3.3 5.27e-01    -  6.62e-01 1.00e+00h  1
 435  1.5845153e-01 4.52e-03 3.06e+00  -3.3 2.54e-01    -  1.00e+00 8.80e-01h  1
 436  1.5967892e-01 3.21e-03 5.04e+00  -3.3 2.41e-01    -  1.00e+00 1.00e+00f  1
 437  1.6173693e-01 8.56e-04 3.07e+00  -3.3 1.22e-01    -  1.00e+00 1.00e+00h  1
 438  1.6213025e-01 6.53e-04 2.52e+00  -3.3 1.45e-01    -  1.00e+00 5.00e-01h  2
 439  1.6312445e-01 4.17e-04 3.84e+00  -3.3 1.13e-01    -  1.00e+00 1.00e+00H  1
iter    objective    inf_pr   inf_du lg(mu)  ||d||  lg(rg) alpha_du alpha_pr  ls
 440  1.6256160e-01 5.19e-04 3.61e+00  -3.3 1.31e-01    -  1.00e+00 1.00e+00h  1
 441  1.6270736e-01 4.18e-04 2.97e+00  -3.3 7.10e-02    -  1.00e+00 1.00e+00h  1
 442  1.6298561e-01 1.40e-04 6.88e-01  -3.3 4.66e-02    -  1.00e+00 1.00e+00h  1
 443  1.6321509e-01 2.98e-05 3.05e-01  -3.3 1.71e-02    -  1.00e+00 1.00e+00h  1
 444  1.6349619e-01 5.41e-07 1.45e+00  -3.3 9.25e-02    -  1.00e+00 1.00e+00H  1
 445  1.5569062e-01 5.17e-03 4.34e+00  -3.9 2.84e-01    -  1.00e+00 1.00e+00h  1
 446  1.4692500e-01 1.12e-02 1.09e+01  -4.0 7.20e-01    -  1.00e+00 5.88e-01h  1
 447  1.3975907e-01 1.47e-02 1.10e+01  -4.0 1.02e+00    -  3.09e-01 6.04e-01h  1
 448  1.4512942e-01 1.33e-02 4.95e+00  -3.7 3.56e-01    -  1.00e+00 1.00e+00f  1
 449  1.4207298e-01 6.66e-03 2.50e+00  -3.9 2.92e-01    -  1.00e+00 7.03e-01h  1
iter    objective    inf_pr   inf_du lg(mu)  ||d||  lg(rg) alpha_du alpha_pr  ls
 450  1.5110138e-01 2.06e-02 4.90e+00  -3.5 7.94e-01    -  1.00e+00 1.00e+00h  1
 451  1.4767007e-01 6.00e-03 7.64e+00  -3.5 2.74e-01    -  9.83e-01 1.00e+00h  1
 452  1.4770321e-01 2.85e-03 4.31e+00  -3.5 3.57e-01    -  1.00e+00 6.65e-01H  1
 453  1.4772052e-01 3.46e-03 4.82e+00  -3.5 2.21e-01    -  1.00e+00 1.00e+00f  1
 454  1.4839381e-01 1.24e-03 3.21e+00  -3.5 1.47e-01    -  1.00e+00 1.00e+00h  1
 455  1.4896453e-01 6.86e-04 4.66e+00  -3.5 1.05e-01    -  1.00e+00 1.00e+00h  1
 456  1.5091593e-01 4.24e-04 1.05e+01  -3.5 1.08e-01    -  1.00e+00 1.00e+00H  1
 457  1.5085038e-01 1.88e-04 2.24e+00  -3.5 6.22e-02    -  1.00e+00 1.00e+00h  1
 458  1.5091142e-01 1.26e-04 2.03e+00  -3.5 3.71e-02    -  1.00e+00 1.00e+00h  1
 459  1.5006296e-01 1.46e-04 8.67e-01  -4.0 5.07e-02    -  1.00e+00 1.00e+00h  1
iter    objective    inf_pr   inf_du lg(mu)  ||d||  lg(rg) alpha_du alpha_pr  ls
 460  1.4422746e-01 3.87e-03 9.54e+00  -4.1 3.58e-01    -  1.00e+00 7.87e-01h  1
 461  1.4068995e-01 5.92e-03 1.06e+01  -4.1 4.50e-01    -  1.00e+00 5.92e-01h  1
 462  1.4350201e-01 2.77e-03 3.65e+00  -3.7 2.26e-01    -  1.00e+00 1.00e+00f  1
 463  1.4125824e-01 2.25e-03 3.33e+00  -4.0 1.81e-01    -  1.00e+00 1.00e+00h  1
 464  1.3975493e-01 1.13e-02 4.46e+00  -4.0 2.20e-01    -  1.00e+00 1.00e+00h  1
 465  1.3734817e-01 3.00e-03 6.07e+00  -4.0 2.62e-01    -  1.00e+00 1.00e+00h  1
 466  1.4043062e-01 3.04e-03 4.99e+00  -3.7 2.18e-01    -  1.00e+00 9.97e-01h  1
 467  1.3976035e-01 3.54e-03 2.38e+00  -3.8 1.93e-01    -  1.00e+00 1.00e+00h  1
 468  1.3713898e-01 6.43e-03 3.99e+00  -4.0 2.42e-01    -  1.00e+00 1.00e+00h  1
 469  1.4032898e-01 3.38e-03 2.16e+00  -3.7 1.94e-01    -  1.00e+00 1.00e+00h  1
iter    objective    inf_pr   inf_du lg(mu)  ||d||  lg(rg) alpha_du alpha_pr  ls
 470  1.3804203e-01 4.32e-03 7.07e+00  -3.8 2.09e-01    -  1.00e+00 1.00e+00h  1
 471  1.3722453e-01 1.61e-03 1.44e+00  -4.0 1.29e-01    -  1.00e+00 1.00e+00h  1
 472  1.3778962e-01 4.96e-04 2.73e+00  -4.0 9.28e-02    -  1.00e+00 1.00e+00h  1
 473  1.3767629e-01 4.84e-04 3.39e+00  -4.0 7.75e-02    -  1.00e+00 1.00e+00h  1
 474  1.3714974e-01 5.02e-04 4.04e+00  -4.0 1.04e-01    -  1.00e+00 1.00e+00h  1
 475  1.3735411e-01 3.65e-04 1.39e+00  -4.0 8.20e-02    -  1.00e+00 1.00e+00h  1
 476  1.3751694e-01 1.43e-04 5.20e-01  -4.0 3.55e-02    -  1.00e+00 1.00e+00h  1
 477  1.3769618e-01 1.26e-05 6.87e-01  -4.0 3.85e-02    -  1.00e+00 1.00e+00H  1
 478  1.3969262e-01 4.09e-03 8.02e+00  -3.7 3.52e-01    -  1.00e+00 1.00e+00h  1
 479  1.3687675e-01 2.93e-02 1.66e+01  -3.8 8.17e-01    -  1.00e+00 1.00e+00h  1
iter    objective    inf_pr   inf_du lg(mu)  ||d||  lg(rg) alpha_du alpha_pr  ls
 480  1.4590739e-01 1.16e-01 4.46e+01  -3.3 1.82e+00    -  1.00e+00 1.00e+00h  1
 481  1.3534988e-01 7.62e-02 1.69e+01  -3.4 8.42e-01    -  1.00e+00 8.90e-01h  1
 482  1.2942148e-01 4.09e-02 8.31e+00  -4.0 1.07e+00    -  6.47e-01 5.15e-01h  1
 483  1.2695956e-01 2.67e-02 7.98e+00  -4.0 1.27e+00    -  4.47e-01 4.00e-01h  1
 484  1.2688330e-01 1.66e-02 5.84e+00  -3.9 3.70e-01    -  1.00e+00 4.24e-01h  1
 485  1.2707096e-01 9.60e-03 6.33e+00  -3.6 6.31e-01    -  1.00e+00 4.29e-01h  1
 486  1.3801580e-01 5.20e-02 1.11e+01  -3.4 9.13e-01    -  1.00e+00 1.00e+00h  1
 487  1.3360557e-01 1.15e-02 3.78e+00  -3.5 5.11e-01    -  1.00e+00 1.00e+00h  1
 488  1.3805549e-01 7.83e-03 9.62e+00  -3.2 5.68e-01    -  1.00e+00 5.00e-01h  2
 489  1.4880863e-01 8.85e-03 3.15e+01  -3.3 5.01e-01    -  9.52e-01 8.72e-01H  1
iter    objective    inf_pr   inf_du lg(mu)  ||d||  lg(rg) alpha_du alpha_pr  ls
 490  1.4065188e-01 2.04e-02 6.07e+00  -3.3 5.39e-01    -  1.00e+00 1.00e+00h  1
 491  1.4183006e-01 7.07e-03 4.92e+00  -3.3 4.17e-01    -  1.00e+00 1.00e+00h  1
 492  1.4390746e-01 3.01e-03 2.63e+00  -3.3 2.73e-01    -  1.00e+00 1.00e+00h  1
 493  1.4428160e-01 1.04e-03 2.42e+00  -3.3 1.82e-01    -  1.00e+00 5.00e-01h  2
 494  1.4768880e-01 8.50e-04 3.81e+00  -3.3 1.65e-01    -  1.00e+00 1.00e+00H  1
 495  1.4661981e-01 4.76e-04 3.50e+00  -3.3 1.56e-01    -  1.00e+00 5.00e-01h  2
 496  1.4550851e-01 4.53e-04 2.39e+00  -3.3 1.09e-01    -  1.00e+00 1.00e+00h  1
 497  1.4685469e-01 1.20e-04 5.02e+00  -3.3 1.01e-01    -  1.00e+00 1.00e+00H  1
 498  1.4600920e-01 3.91e-04 3.04e+00  -3.3 1.64e-01    -  1.00e+00 5.00e-01h  2
 499  1.4538922e-01 6.66e-04 4.10e+00  -3.3 1.56e-01    -  1.00e+00 1.00e+00H  1
iter    objective    inf_pr   inf_du lg(mu)  ||d||  lg(rg) alpha_du alpha_pr  ls
 500  1.4630611e-01 1.21e-04 6.15e+00  -3.3 1.51e-01    -  1.00e+00 1.00e+00H  1
 501  1.4267738e-01 9.02e-03 1.04e+01  -3.3 5.25e-01    -  1.00e+00 1.00e+00h  1
 502  1.4079733e-01 7.61e-03 1.03e+01  -3.3 2.65e-01    -  1.00e+00 1.00e+00h  1
 503  1.4365523e-01 3.45e-03 4.65e+00  -3.3 2.35e-01    -  1.00e+00 1.00e+00h  1
 504  1.4192834e-01 1.11e-02 1.20e+01  -3.3 4.47e-01    -  9.20e-01 1.00e+00h  1
 505  1.4057858e-01 8.46e-03 1.88e+00  -3.3 3.66e-01    -  1.00e+00 1.00e+00h  1
 506  1.4170281e-01 7.79e-03 6.60e+00  -3.3 4.74e-01    -  1.00e+00 1.00e+00h  1
 507  1.3898095e-01 9.91e-03 5.12e+00  -3.3 4.13e-01    -  1.00e+00 1.00e+00h  1
 508  1.3707648e-01 1.68e-02 5.92e+00  -3.3 4.63e-01    -  1.00e+00 1.00e+00h  1
 509  1.3588933e-01 5.38e-03 2.53e+00  -3.7 2.61e-01    -  1.00e+00 9.34e-01h  1
iter    objective    inf_pr   inf_du lg(mu)  ||d||  lg(rg) alpha_du alpha_pr  ls
 510  1.3554175e-01 4.34e-03 5.43e+00  -4.0 2.70e-01    -  1.00e+00 1.00e+00h  1
 511  1.3380585e-01 3.63e-03 3.61e+00  -3.7 2.82e-01    -  1.00e+00 1.00e+00h  1
 512  1.3230277e-01 1.45e-03 1.51e+00  -4.0 1.45e-01    -  1.00e+00 1.00e+00h  1
 513  1.3043097e-01 1.45e-03 4.30e+00  -4.0 2.08e-01    -  1.00e+00 8.18e-01h  1
 514  1.3141933e-01 1.70e-03 3.84e+00  -3.6 1.68e-01    -  1.00e+00 1.00e+00h  1
 515  1.2847712e-01 2.54e-03 4.47e+00  -3.7 1.58e-01    -  1.00e+00 1.00e+00h  1
 516  1.3974483e-01 1.67e-02 6.72e+00  -3.1 8.39e-01    -  1.00e+00 6.67e-01h  1
 517  1.4026873e-01 6.42e-03 1.15e+01  -3.2 5.49e-01    -  1.00e+00 8.75e-01h  1
 518  1.3708605e-01 3.53e-03 5.12e+00  -3.2 2.56e-01    -  1.00e+00 1.00e+00h  1
 519  1.3836057e-01 5.16e-03 5.09e+00  -3.2 3.38e-01    -  1.00e+00 1.00e+00h  1
iter    objective    inf_pr   inf_du lg(mu)  ||d||  lg(rg) alpha_du alpha_pr  ls
 520  1.3904482e-01 1.87e-03 1.37e+00  -3.2 2.03e-01    -  1.00e+00 1.00e+00h  1
 521  1.3875334e-01 7.72e-04 3.27e+00  -3.2 1.52e-01    -  1.00e+00 9.58e-01h  1
 522  1.4058136e-01 1.07e-03 6.27e+00  -3.2 1.16e-01    -  1.00e+00 1.00e+00f  1
 523  1.4118766e-01 8.50e-04 3.37e+00  -3.2 8.72e-02    -  1.00e+00 1.00e+00h  1
 524  1.4118977e-01 3.38e-04 1.35e+00  -3.2 9.63e-02    -  1.00e+00 1.00e+00h  1
 525  1.4127207e-01 2.71e-04 2.68e+00  -3.2 6.62e-02    -  1.00e+00 1.00e+00h  1
 526  1.4160593e-01 1.25e-04 1.24e+00  -3.2 5.39e-02    -  1.00e+00 1.00e+00h  1
 527  1.4235209e-01 3.15e-05 1.44e+00  -3.2 5.11e-02    -  1.00e+00 1.00e+00H  1
 528  1.4335614e-01 6.01e-05 3.96e+00  -3.2 2.10e-01    -  1.00e+00 1.00e+00H  1
 529  1.4323392e-01 1.13e-03 6.48e+00  -3.2 3.84e-01    -  1.00e+00 5.00e-01h  2
iter    objective    inf_pr   inf_du lg(mu)  ||d||  lg(rg) alpha_du alpha_pr  ls
 530  1.4133038e-01 2.35e-02 1.79e+01  -3.2 9.05e-01    -  1.00e+00 1.00e+00h  1
 531  1.3905789e-01 5.70e-03 5.94e+00  -3.2 3.76e-01    -  1.00e+00 1.00e+00h  1
 532  1.3866587e-01 4.12e-03 4.61e+00  -3.2 2.56e-01    -  1.00e+00 1.00e+00h  1
 533  1.3958900e-01 3.16e-03 4.13e+00  -3.2 3.30e-01    -  1.00e+00 5.00e-01h  2
 534  1.4004889e-01 2.80e-03 2.53e+00  -3.2 7.81e-01    -  1.00e+00 1.25e-01h  4
 535  1.4020773e-01 2.64e-03 3.09e+00  -3.2 2.01e+00    -  1.00e+00 1.25e-01h  4
 536  1.3851419e-01 3.48e-01 4.32e+01  -3.2 3.50e+00    -  1.00e+00 1.00e+00h  1
 537  1.2639465e-01 9.02e-02 1.86e+01  -3.2 1.25e+00    -  1.00e+00 1.00e+00h  1
 538  1.2338878e-01 3.26e-02 4.41e+00  -3.5 6.70e-01    -  1.00e+00 1.00e+00h  1
 539  1.2054976e-01 1.40e-02 2.33e+00  -3.7 6.22e-01    -  1.00e+00 9.92e-01h  1
iter    objective    inf_pr   inf_du lg(mu)  ||d||  lg(rg) alpha_du alpha_pr  ls
 540  1.2242197e-01 3.52e-02 3.42e+00  -3.4 1.09e+00    -  1.00e+00 7.19e-01h  1
 541  1.2230757e-01 1.96e-02 2.38e+00  -3.5 5.16e-01    -  1.00e+00 1.00e+00h  1
 542  1.1823921e-01 1.69e-02 2.61e+00  -4.0 4.58e-01    -  1.00e+00 1.00e+00h  1
 543  1.1917470e-01 7.39e-03 3.14e+00  -3.6 7.10e-01    -  1.00e+00 6.09e-01h  1
 544  1.1828765e-01 5.08e-03 3.94e+00  -4.0 3.16e-01    -  1.00e+00 1.00e+00h  1
 545  1.1691812e-01 2.44e-03 2.94e+00  -4.0 2.51e-01    -  1.00e+00 5.08e-01h  1
 546  1.1562263e-01 4.13e-03 5.30e+00  -4.0 2.94e-01    -  1.00e+00 7.89e-01h  1
 547  1.1583873e-01 1.49e-03 2.35e+00  -4.0 1.44e-01    -  1.00e+00 6.00e-01h  1
 548  1.1654637e-01 9.38e-04 2.48e+00  -4.0 1.33e-01    -  1.00e+00 1.00e+00h  1
 549  1.1700055e-01 4.84e-04 2.20e+00  -4.0 2.11e-01    -  1.00e+00 1.00e+00H  1
iter    objective    inf_pr   inf_du lg(mu)  ||d||  lg(rg) alpha_du alpha_pr  ls
 550  1.1327164e-01 1.12e-02 8.37e+00  -4.0 6.90e-01    -  1.00e+00 7.22e-01h  1
 551  1.3374969e-01 1.11e-01 1.78e+01  -3.1 2.64e+00    -  8.28e-01 5.40e-01h  1
 552  1.2767129e-01 6.82e-02 1.65e+01  -3.3 2.01e+00    -  7.41e-01 8.98e-01h  1
 553  1.2454382e-01 2.98e-02 5.79e+00  -3.3 9.83e-01    -  1.00e+00 1.00e+00h  1
 554  1.2697573e-01 1.48e-02 5.73e+00  -3.3 6.63e-01    -  1.00e+00 1.00e+00h  1
 555  1.2710894e-01 1.35e-02 9.56e+00  -3.3 6.69e-01    -  1.00e+00 1.00e+00h  1
 556  1.2542567e-01 1.02e-02 2.53e+00  -3.3 4.45e-01    -  1.00e+00 1.00e+00h  1
 557  1.2803837e-01 1.32e-02 4.80e+00  -3.3 4.89e-01    -  1.00e+00 1.00e+00h  1
 558  1.2553534e-01 7.16e-03 1.33e+00  -3.3 3.38e-01    -  1.00e+00 1.00e+00h  1
 559  1.2652808e-01 4.16e-03 2.11e+00  -3.3 2.98e-01    -  1.00e+00 5.00e-01h  2
iter    objective    inf_pr   inf_du lg(mu)  ||d||  lg(rg) alpha_du alpha_pr  ls
 560  1.2715818e-01 3.17e-03 4.95e+00  -3.3 4.07e-01    -  1.00e+00 2.50e-01h  3
 561  1.2746739e-01 2.79e-03 3.20e+00  -3.3 5.28e-01    -  1.00e+00 1.25e-01h  4
 562  1.2793692e-01 2.12e-03 5.82e+00  -3.3 4.89e-01    -  1.00e+00 2.50e-01h  3
 563  1.2809877e-01 1.99e-03 2.81e+00  -3.3 9.87e-01    -  1.00e+00 6.25e-02h  5
 564  1.2822211e-01 1.86e-03 5.18e+00  -3.3 1.12e+00    -  1.00e+00 6.25e-02h  5
 565  1.2824190e-01 1.83e-03 3.09e+00  -3.3 2.47e+00    -  1.00e+00 1.56e-02h  7
 566  1.2827678e-01 1.80e-03 4.41e+00  -3.3 2.25e+00    -  1.00e+00 1.56e-02h  7
 567  1.2830421e-01 1.77e-03 5.01e+00  -3.3 3.11e+00    -  1.00e+00 1.56e-02h  7
 568  1.2833757e-01 1.74e-03 3.96e+00  -3.3 3.47e+00    -  1.00e+00 1.56e-02h  7
 569  1.2835539e-01 1.72e-03 4.14e+00  -3.3 3.99e+00    -  1.00e+00 7.81e-03h  8
iter    objective    inf_pr   inf_du lg(mu)  ||d||  lg(rg) alpha_du alpha_pr  ls
 570  1.2861475e-01 5.58e-03 7.35e+00  -3.3 4.06e+00    -  1.00e+00 1.25e-01h  4
 571  1.2890505e-01 8.10e-03 1.00e+01  -3.3 3.41e+00    -  1.00e+00 1.25e-01h  4
 572  1.2928576e-01 2.10e-02 1.51e+01  -3.3 3.03e+00    -  1.00e+00 2.50e-01h  3
 573  1.2947702e-01 6.61e-02 2.84e+01  -3.3 2.81e+00    -  1.00e+00 5.00e-01h  2
 574  1.2565696e-01 4.25e-02 2.43e+01  -3.3 9.59e-01    -  1.00e+00 1.00e+00h  1
 575  1.2456724e-01 1.80e-02 3.26e+00  -3.3 6.05e-01    -  1.00e+00 1.00e+00h  1
 576  1.2474172e-01 3.86e-02 7.15e+00  -3.3 9.90e-01    -  1.00e+00 1.00e+00h  1
 577  1.2385040e-01 6.31e-02 4.90e+00  -3.3 8.53e-01    -  1.00e+00 1.00e+00h  1
 578  1.2380192e-01 3.73e-02 4.99e+00  -3.3 5.51e-01    -  1.00e+00 1.00e+00h  1
 579  1.2584067e-01 1.22e-02 5.01e+00  -3.3 5.93e-01    -  1.00e+00 1.00e+00h  1
iter    objective    inf_pr   inf_du lg(mu)  ||d||  lg(rg) alpha_du alpha_pr  ls
 580  1.2313681e-01 1.37e-02 1.88e+00  -3.3 5.01e-01    -  1.00e+00 1.00e+00h  1
 581  1.2454547e-01 6.41e-03 1.92e+00  -3.3 5.67e-01    -  1.00e+00 7.45e-01h  1
 582  1.2631778e-01 4.68e-03 4.15e+00  -3.3 3.29e-01    -  1.00e+00 1.00e+00h  1
 583  1.2696751e-01 3.88e-03 6.09e+00  -3.3 3.05e-01    -  1.00e+00 1.00e+00h  1
 584  1.2721507e-01 2.48e-03 3.16e+00  -3.3 2.11e-01    -  1.00e+00 1.00e+00h  1
 585  1.2820336e-01 1.22e-03 4.67e+00  -3.3 1.99e-01    -  1.00e+00 5.00e-01h  2
 586  1.2838959e-01 1.03e-03 5.12e+00  -3.3 2.54e-01    -  1.00e+00 2.50e-01h  3
 587  1.2849845e-01 6.51e-04 3.01e+00  -4.0 1.01e-01    -  1.00e+00 1.00e+00h  1
 588  1.2238950e-01 6.04e-03 4.04e+00  -4.0 3.31e-01    -  1.00e+00 8.82e-01h  1
 589  1.1747956e-01 4.94e-03 4.48e+00  -4.1 5.24e-01    -  1.00e+00 5.46e-01h  1
iter    objective    inf_pr   inf_du lg(mu)  ||d||  lg(rg) alpha_du alpha_pr  ls
 590  1.1181936e-01 2.14e-02 7.96e+00  -4.1 8.04e-01    -  1.00e+00 5.85e-01h  1
 591  1.0753066e-01 3.88e-02 9.61e+00  -4.0 9.08e-01    -  1.00e+00 1.00e+00h  1
 592  1.0639439e-01 1.39e-02 3.44e+00  -4.0 4.57e-01    -  1.00e+00 1.00e+00h  1
 593  1.0774792e-01 3.66e-03 2.48e+00  -4.0 2.64e-01    -  1.00e+00 1.00e+00h  1
 594  1.0856876e-01 1.39e-03 2.26e+00  -4.0 2.89e-01    -  1.00e+00 6.68e-01h  1
 595  1.0922705e-01 1.72e-03 3.33e+00  -4.0 3.40e-01    -  1.00e+00 5.00e-01h  2
 596  1.1024747e-01 7.94e-04 2.47e+00  -4.0 1.13e-01    -  1.00e+00 1.00e+00h  1
 597  1.1031868e-01 5.07e-04 1.12e+00  -4.0 1.08e-01    -  1.00e+00 1.00e+00h  1
 598  1.1005182e-01 2.89e-04 1.20e+00  -4.0 7.84e-02    -  1.00e+00 1.00e+00h  1
 599  1.0950231e-01 9.69e-04 2.21e+00  -4.0 1.60e-01    -  1.00e+00 1.00e+00h  1
iter    objective    inf_pr   inf_du lg(mu)  ||d||  lg(rg) alpha_du alpha_pr  ls
 600  1.0730093e-01 6.57e-03 5.82e+00  -4.1 3.71e-01    -  1.00e+00 1.00e+00h  1
 601  1.0910142e-01 2.74e-03 3.13e+00  -3.8 1.90e-01    -  1.00e+00 1.00e+00h  1
 602  1.0788449e-01 2.64e-03 2.00e+00  -3.9 1.59e-01    -  1.00e+00 1.00e+00h  1
 603  1.0726025e-01 1.14e-03 2.22e+00  -4.0 1.77e-01    -  1.00e+00 1.00e+00H  1
 604  1.0781459e-01 4.71e-04 1.26e+00  -4.0 7.99e-02    -  1.00e+00 1.00e+00h  1
 605  1.0768241e-01 3.31e-04 1.26e+00  -4.0 6.15e-02    -  1.00e+00 1.00e+00h  1
 606  1.0769223e-01 3.32e-05 6.46e-01  -4.0 4.43e-02    -  1.00e+00 1.00e+00H  1
 607  1.0761382e-01 6.98e-04 1.43e+00  -4.0 1.09e-01    -  1.00e+00 1.00e+00h  1
 608  1.0645408e-01 2.28e-02 7.39e+00  -4.0 6.36e-01    -  1.00e+00 1.00e+00h  1
 609  1.0128870e-01 8.20e-03 1.38e+01  -4.1 4.11e-01    -  1.00e+00 1.00e+00h  1
iter    objective    inf_pr   inf_du lg(mu)  ||d||  lg(rg) alpha_du alpha_pr  ls
 610  1.0317015e-01 6.50e-03 2.80e+00  -4.0 3.33e-01    -  1.00e+00 8.31e-01h  1
 611  1.0383907e-01 3.10e-03 2.21e+00  -4.0 1.56e-01    -  1.00e+00 5.21e-01h  1
 612  1.0582307e-01 2.75e-03 6.92e+00  -4.0 1.71e-01    -  8.87e-01 1.00e+00H  1
 613  1.0478873e-01 2.17e-03 2.24e+00  -4.0 2.16e-01    -  1.00e+00 6.98e-01h  1
 614  1.1209698e-01 1.37e-02 6.12e+00  -3.4 5.42e-01    -  1.00e+00 1.00e+00h  1
 615  1.1031363e-01 5.79e-03 8.21e+00  -3.5 6.07e-01    -  1.00e+00 1.00e+00h  1
 616  1.0975668e-01 3.67e-03 3.34e+00  -3.5 3.10e-01    -  1.00e+00 1.00e+00h  1
 617  1.1091108e-01 6.68e-03 3.03e+00  -3.5 2.70e-01    -  1.00e+00 1.00e+00h  1
 618  1.1311263e-01 2.66e-03 2.49e+00  -3.5 1.93e-01    -  1.00e+00 9.14e-01h  1
 619  1.1300964e-01 1.03e-02 7.02e+00  -3.5 2.79e-01    -  6.08e-01 1.00e+00h  1
iter    objective    inf_pr   inf_du lg(mu)  ||d||  lg(rg) alpha_du alpha_pr  ls
 620  1.1312224e-01 3.03e-03 9.37e-01  -3.5 2.16e-01    -  1.00e+00 1.00e+00h  1
 621  1.1421037e-01 6.70e-04 1.49e+00  -3.5 1.13e-01    -  1.00e+00 1.00e+00h  1
 622  1.1496462e-01 7.61e-04 4.35e+00  -3.5 1.12e-01    -  1.00e+00 1.00e+00h  1
 623  1.1492199e-01 1.68e-04 1.43e+00  -3.5 4.87e-02    -  1.00e+00 1.00e+00h  1
 624  1.1529942e-01 5.18e-05 4.75e-01  -3.5 2.96e-02    -  1.00e+00 1.00e+00h  1
 625  1.1567455e-01 6.77e-06 6.09e-01  -3.5 3.03e-02    -  1.00e+00 1.00e+00H  1
 626  1.1037002e-01 6.57e-03 4.41e+00  -4.0 3.38e-01    -  1.00e+00 1.00e+00h  1
 627  1.0599566e-01 5.80e-03 8.18e+00  -4.1 5.29e-01    -  1.00e+00 5.93e-01h  1
 628  1.0303616e-01 1.44e-02 1.38e+01  -4.1 5.07e-01    -  5.76e-01 1.00e+00h  1
 629  1.0366437e-01 5.04e-03 2.23e+00  -4.1 2.21e-01    -  1.00e+00 1.00e+00h  1
iter    objective    inf_pr   inf_du lg(mu)  ||d||  lg(rg) alpha_du alpha_pr  ls
 630  1.0498570e-01 2.38e-03 1.63e+00  -4.0 2.21e-01    -  1.00e+00 1.00e+00h  1
 631  1.0343586e-01 2.44e-03 2.24e+00  -4.1 1.90e-01    -  1.00e+00 1.00e+00h  1
 632  1.0534562e-01 2.04e-03 1.68e+00  -4.0 2.10e-01    -  1.00e+00 1.00e+00h  1
 633  1.0533510e-01 2.23e-04 1.09e+00  -4.0 7.30e-02    -  1.00e+00 1.00e+00h  1
 634  1.0547842e-01 1.04e-04 8.11e-01  -4.0 6.15e-02    -  1.00e+00 1.00e+00h  1
 635  1.0563434e-01 4.93e-05 4.48e-01  -4.0 1.90e-02    -  1.00e+00 1.00e+00h  1
 636  1.0552334e-01 1.78e-04 5.66e-01  -4.0 3.69e-02    -  1.00e+00 1.00e+00h  1
 637  1.0430701e-01 1.50e-03 3.77e+00  -4.1 1.54e-01    -  1.00e+00 1.00e+00h  1
 638  1.0474288e-01 4.31e-04 2.02e+00  -4.0 7.10e-02    -  1.00e+00 1.00e+00h  1
 639  1.0513074e-01 2.05e-04 9.60e-01  -4.0 4.49e-02    -  1.00e+00 1.00e+00h  1
iter    objective    inf_pr   inf_du lg(mu)  ||d||  lg(rg) alpha_du alpha_pr  ls
 640  1.0502728e-01 1.24e-05 7.59e-01  -4.0 5.32e-02    -  1.00e+00 1.00e+00H  1
 641  1.0443960e-01 1.76e-03 1.76e+00  -4.0 2.16e-01    -  1.00e+00 1.00e+00h  1
 642  1.0195065e-01 6.09e-02 1.44e+01  -4.1 2.09e+00    -  8.48e-01 7.19e-01h  1
 643  9.9519824e-02 2.12e-02 1.73e+01  -4.1 7.17e-01    -  1.00e+00 1.00e+00h  1
 644  1.0080705e-01 8.14e-03 8.22e+00  -3.8 6.23e-01    -  1.00e+00 7.45e-01h  1
 645  1.0087604e-01 8.56e-03 2.84e+00  -4.0 4.59e-01    -  1.00e+00 1.00e+00h  1
 646  9.4460370e-02 3.26e-02 6.57e+00  -4.0 1.03e+00    -  5.41e-01 7.95e-01h  1
 647  9.7296624e-02 8.74e-03 1.37e+00  -4.0 3.82e-01    -  1.00e+00 1.00e+00h  1
 648  9.9264637e-02 4.56e-03 8.78e-01  -4.0 2.95e-01    -  1.00e+00 1.00e+00h  1
 649  1.0127747e-01 3.57e-03 3.26e+00  -4.0 2.84e-01    -  1.00e+00 1.00e+00h  1
iter    objective    inf_pr   inf_du lg(mu)  ||d||  lg(rg) alpha_du alpha_pr  ls
 650  1.0130408e-01 8.81e-04 1.71e+00  -4.0 1.37e-01    -  1.00e+00 1.00e+00h  1
 651  1.0210758e-01 1.00e-03 4.34e+00  -4.0 1.51e-01    -  1.00e+00 1.00e+00h  1
 652  1.0225199e-01 3.23e-04 1.82e+00  -4.0 5.89e-02    -  1.00e+00 1.00e+00h  1
 653  1.0232281e-01 1.61e-04 4.88e-01  -4.0 5.02e-02    -  1.00e+00 1.00e+00h  1
 654  1.0249185e-01 5.47e-05 1.50e-01  -4.0 3.42e-02    -  1.00e+00 1.00e+00h  1
 655  1.0243382e-01 9.19e-05 5.16e-01  -4.0 4.35e-02    -  1.00e+00 1.00e+00h  1
 656  1.0199534e-01 2.03e-04 1.13e+00  -4.1 4.97e-02    -  1.00e+00 1.00e+00h  1
 657  1.0225303e-01 1.46e-04 1.04e+00  -4.0 5.39e-02    -  1.00e+00 1.00e+00h  1
 658  1.0234205e-01 6.85e-05 4.47e-01  -4.0 2.70e-02    -  1.00e+00 1.00e+00h  1
 659  1.0242701e-01 1.16e-05 2.67e-01  -4.0 1.68e-02    -  1.00e+00 1.00e+00h  1
iter    objective    inf_pr   inf_du lg(mu)  ||d||  lg(rg) alpha_du alpha_pr  ls
 660  1.0248141e-01 1.14e-04 4.75e-01  -4.0 4.53e-02    -  1.00e+00 1.00e+00h  1
 661  1.0188148e-01 1.09e-03 2.13e+00  -4.1 1.55e-01    -  1.00e+00 1.00e+00h  1
 662  1.0118605e-01 1.05e-03 3.62e+00  -4.1 1.13e-01    -  1.00e+00 1.00e+00h  1
 663  1.0175417e-01 7.82e-04 1.44e+00  -4.0 1.16e-01    -  1.00e+00 1.00e+00h  1
 664  1.0221751e-01 3.17e-04 9.83e-01  -4.0 5.01e-02    -  1.00e+00 1.00e+00h  1
 665  1.0180927e-01 4.87e-05 5.62e-01  -4.1 7.54e-02    -  1.00e+00 1.00e+00H  1
 666  1.0241613e-01 8.88e-05 4.27e-01  -4.0 4.74e-02    -  1.00e+00 1.00e+00h  1
 667  1.0178064e-01 1.05e-04 5.94e-01  -4.1 4.81e-02    -  1.00e+00 1.00e+00h  1
 668  1.0237216e-01 1.48e-04 1.07e+00  -4.0 6.68e-02    -  1.00e+00 1.00e+00h  1
 669  1.0164840e-01 2.73e-04 1.01e+00  -4.1 5.77e-02    -  1.00e+00 1.00e+00h  1
iter    objective    inf_pr   inf_du lg(mu)  ||d||  lg(rg) alpha_du alpha_pr  ls
 670  1.0246745e-01 3.14e-04 1.42e+00  -4.0 7.72e-02    -  1.00e+00 1.00e+00h  1
 671  1.0132505e-01 3.18e-04 8.24e-01  -4.1 7.64e-02    -  1.00e+00 1.00e+00h  1
 672  1.0246949e-01 4.60e-04 1.38e+00  -4.0 8.61e-02    -  1.00e+00 1.00e+00h  1
 673  1.0137210e-01 4.24e-04 5.13e-01  -4.1 8.73e-02    -  1.00e+00 1.00e+00h  1
 674  1.0246151e-01 8.26e-05 1.83e+00  -4.0 7.07e-02    -  1.00e+00 1.00e+00H  1
 675  1.0147168e-01 3.76e-04 6.09e-01  -4.1 8.18e-02    -  1.00e+00 1.00e+00h  1
 676  1.0130785e-01 9.56e-04 2.84e+00  -4.1 8.52e-02    -  1.00e+00 1.00e+00h  1
 677  1.0182779e-01 6.89e-04 5.88e-01  -4.0 7.90e-02    -  1.00e+00 1.00e+00h  1
 678  1.0113248e-01 2.94e-04 1.29e+00  -4.1 7.86e-02    -  1.00e+00 1.00e+00h  1
 679  1.0205305e-01 2.36e-04 4.51e-01  -4.0 9.16e-02    -  1.00e+00 1.00e+00h  1
iter    objective    inf_pr   inf_du lg(mu)  ||d||  lg(rg) alpha_du alpha_pr  ls
 680  1.0155136e-01 1.85e-04 1.15e+00  -4.1 6.17e-02    -  1.00e+00 1.00e+00h  1
 681  1.0231704e-01 2.21e-04 2.82e-01  -4.0 6.42e-02    -  1.00e+00 1.00e+00h  1
 682  1.0127309e-01 3.95e-04 1.56e+00  -4.1 8.04e-02    -  1.00e+00 1.00e+00h  1
 683  1.0125571e-01 1.51e-04 8.50e-01  -4.1 6.35e-02    -  1.00e+00 1.00e+00h  1
 684  1.0222111e-01 1.76e-05 6.05e-01  -4.0 5.54e-02    -  1.00e+00 1.00e+00H  1
 685  1.0238636e-01 8.98e-05 1.37e+00  -4.0 2.70e-02    -  1.00e+00 1.00e+00h  1
 686  1.0140845e-01 3.26e-04 5.25e-01  -4.1 7.19e-02    -  1.00e+00 1.00e+00h  1
 687  1.0134101e-01 5.19e-05 8.11e-01  -4.1 2.72e-02    -  1.00e+00 1.00e+00h  1
 688  1.0233719e-01 3.44e-04 6.81e-01  -4.0 7.64e-02    -  1.00e+00 1.00e+00h  1
 689  1.0123441e-01 5.41e-04 1.52e+00  -4.1 1.06e-01    -  1.00e+00 1.00e+00h  1
iter    objective    inf_pr   inf_du lg(mu)  ||d||  lg(rg) alpha_du alpha_pr  ls
 690  1.0105310e-01 1.48e-04 9.55e-01  -4.1 4.34e-02    -  1.00e+00 1.00e+00h  1
 691  1.0221113e-01 1.68e-05 5.84e-01  -4.0 7.33e-02    -  1.00e+00 1.00e+00H  1
 692  1.0236381e-01 4.48e-05 1.35e+00  -4.0 2.84e-02    -  1.00e+00 1.00e+00h  1
 693  1.0110209e-01 8.49e-04 1.51e+00  -4.1 1.12e-01    -  1.00e+00 1.00e+00h  1
 694  1.0097057e-01 1.73e-03 3.65e+00  -4.1 2.31e-01    -  1.00e+00 1.00e+00h  1
 695  1.0194747e-01 9.38e-04 3.34e+00  -4.0 1.67e-01    -  1.00e+00 1.00e+00h  1
 696  1.0050336e-01 2.31e-03 4.51e+00  -4.1 1.77e-01    -  1.00e+00 1.00e+00h  1
 697  1.0095184e-01 1.31e-03 1.13e+00  -4.0 1.30e-01    -  1.00e+00 1.00e+00h  1
 698  1.0153963e-01 2.89e-04 2.39e+00  -4.0 1.74e-01    -  1.00e+00 9.93e-01H  1
 699  1.0054020e-01 6.48e-04 1.14e+00  -4.1 9.26e-02    -  1.00e+00 1.00e+00h  1
iter    objective    inf_pr   inf_du lg(mu)  ||d||  lg(rg) alpha_du alpha_pr  ls
 700  1.0191095e-01 1.75e-04 3.05e+00  -4.0 1.33e-01    -  1.00e+00 1.00e+00H  1
 701  1.0093792e-01 9.12e-04 3.49e+00  -4.1 1.07e-01    -  1.00e+00 1.00e+00h  1
 702  1.0094781e-01 5.52e-04 4.01e-01  -4.0 9.41e-02    -  1.00e+00 1.00e+00h  1
 703  1.0176370e-01 1.86e-04 9.92e-01  -4.0 6.12e-02    -  1.00e+00 1.00e+00h  1
 704  1.0144313e-01 2.93e-05 6.84e-01  -4.1 6.18e-02    -  1.00e+00 1.00e+00H  1
 705  1.0192152e-01 1.75e-04 1.43e+00  -4.0 5.41e-02    -  1.00e+00 1.00e+00h  1
 706  1.0102131e-01 3.34e-04 9.79e-01  -4.1 7.16e-02    -  1.00e+00 1.00e+00h  1
 707  1.0212574e-01 5.57e-04 1.60e+00  -4.0 8.45e-02    -  1.00e+00 1.00e+00h  1
 708  1.0072641e-01 5.51e-04 6.71e-01  -4.1 1.03e-01    -  1.00e+00 1.00e+00h  1
 709  1.0083044e-01 1.14e-03 1.07e+00  -4.1 9.33e-02    -  1.00e+00 1.00e+00h  1
iter    objective    inf_pr   inf_du lg(mu)  ||d||  lg(rg) alpha_du alpha_pr  ls
 710  1.0046169e-01 6.51e-04 2.93e-01  -4.1 6.58e-02    -  1.00e+00 1.00e+00h  1
 711  1.0204653e-01 9.68e-05 1.68e+00  -4.0 8.82e-02    -  1.00e+00 1.00e+00H  1
 712  1.0096000e-01 3.37e-04 5.35e-01  -4.1 8.72e-02    -  1.00e+00 1.00e+00h  1
 713  1.0069058e-01 3.60e-04 2.18e+00  -4.1 7.05e-02    -  1.00e+00 1.00e+00h  1
 714  1.0148044e-01 3.59e-04 6.43e-01  -4.0 7.68e-02    -  1.00e+00 1.00e+00h  1
 715  1.0089243e-01 4.76e-04 2.60e+00  -4.1 1.06e-01    -  1.00e+00 1.00e+00h  1
 716  1.0065789e-01 2.35e-04 8.65e-01  -4.1 8.79e-02    -  1.00e+00 1.00e+00h  1
 717  1.0198059e-01 6.18e-06 1.44e+00  -4.0 8.42e-02    -  1.00e+00 1.00e+00H  1
 718  1.0206768e-01 3.30e-04 1.99e+00  -4.0 8.08e-02    -  1.00e+00 1.00e+00h  1
 719  1.0067653e-01 9.84e-04 2.05e-01  -4.1 1.22e-01    -  1.00e+00 1.00e+00h  1
iter    objective    inf_pr   inf_du lg(mu)  ||d||  lg(rg) alpha_du alpha_pr  ls
 720  1.0100494e-01 1.18e-04 7.94e-01  -4.1 4.25e-02    -  1.00e+00 1.00e+00h  1
 721  1.0202756e-01 3.09e-04 9.54e-01  -4.0 9.02e-02    -  1.00e+00 1.00e+00h  1
 722  1.0065501e-01 3.59e-03 7.91e+00  -4.1 2.22e-01    -  1.00e+00 1.00e+00h  1
 723  1.0002863e-01 5.32e-04 9.45e-01  -4.1 1.07e-01    -  1.00e+00 1.00e+00h  1
 724  1.0215938e-01 1.79e-04 3.34e+00  -4.0 1.62e-01    -  1.00e+00 1.00e+00H  1
 725  1.0088626e-01 8.01e-04 1.84e+00  -4.1 1.16e-01    -  1.00e+00 1.00e+00h  1
 726  1.0045777e-01 4.28e-04 1.72e+00  -4.1 8.99e-02    -  1.00e+00 1.00e+00h  1
 727  1.0182437e-01 6.72e-04 7.44e-01  -4.0 1.18e-01    -  1.00e+00 1.00e+00h  1
 728  1.0100988e-01 3.99e-04 1.44e+00  -4.1 9.63e-02    -  1.00e+00 1.00e+00h  1
 729  1.0093108e-01 7.39e-05 9.30e-01  -4.1 3.05e-02    -  1.00e+00 1.00e+00h  1
iter    objective    inf_pr   inf_du lg(mu)  ||d||  lg(rg) alpha_du alpha_pr  ls
 730  1.0192005e-01 3.43e-04 4.31e-01  -4.0 8.41e-02    -  1.00e+00 1.00e+00h  1
 731  1.0102787e-01 2.57e-04 9.32e-01  -4.1 6.27e-02    -  1.00e+00 1.00e+00h  1
 732  1.0079323e-01 8.62e-05 1.05e+00  -4.1 4.97e-02    -  1.00e+00 1.00e+00h  1
 733  1.0200523e-01 3.49e-04 6.70e-01  -4.0 9.57e-02    -  1.00e+00 1.00e+00h  1
 734  1.0087624e-01 4.16e-04 1.28e+00  -4.1 1.00e-01    -  1.00e+00 1.00e+00h  1
 735  1.0070920e-01 9.51e-04 3.43e+00  -4.1 1.17e-01    -  1.00e+00 1.00e+00h  1
 736  1.0067121e-01 4.59e-04 6.23e-01  -4.1 6.36e-02    -  1.00e+00 1.00e+00h  1
 737  1.0095592e-01 5.50e-05 4.39e-01  -4.1 3.91e-02    -  1.00e+00 1.00e+00h  1
 738  1.0190999e-01 3.22e-04 1.40e+00  -4.0 8.49e-02    -  1.00e+00 1.00e+00h  1
 739  1.0089923e-01 5.21e-04 1.51e+00  -4.1 1.00e-01    -  1.00e+00 1.00e+00h  1
iter    objective    inf_pr   inf_du lg(mu)  ||d||  lg(rg) alpha_du alpha_pr  ls
 740  1.0060833e-01 3.01e-04 8.41e-01  -4.1 8.60e-02    -  1.00e+00 1.00e+00h  1
 741  1.0193943e-01 1.07e-05 1.54e+00  -4.0 9.69e-02    -  1.00e+00 1.00e+00H  1
 742  1.0215535e-01 2.73e-04 2.54e+00  -4.0 9.90e-02    -  1.00e+00 1.00e+00h  1
 743  1.0056745e-01 1.08e-03 8.13e-01  -4.1 1.37e-01    -  1.00e+00 1.00e+00h  1
 744  1.0105203e-01 1.19e-04 8.52e-01  -4.1 4.71e-02    -  1.00e+00 1.00e+00h  1
 745  1.0094294e-01 3.54e-05 2.27e-01  -4.1 3.17e-02    -  1.00e+00 1.00e+00h  1
 746  1.0193211e-01 3.47e-04 5.39e-01  -4.0 8.06e-02    -  1.00e+00 1.00e+00h  1
 747  1.0094523e-01 1.75e-03 1.85e+00  -4.1 1.69e-01    -  1.00e+00 1.00e+00h  1
 748  1.0019975e-01 6.12e-04 2.60e+00  -4.1 7.40e-02    -  1.00e+00 1.00e+00h  1
 749  1.0079282e-01 2.98e-04 1.26e+00  -4.1 7.38e-02    -  1.00e+00 1.00e+00h  1
iter    objective    inf_pr   inf_du lg(mu)  ||d||  lg(rg) alpha_du alpha_pr  ls
 750  1.0090473e-01 2.92e-05 4.75e-01  -4.1 2.91e-02    -  1.00e+00 1.00e+00h  1
 751  1.0192403e-01 4.00e-04 3.67e-01  -4.0 8.73e-02    -  1.00e+00 1.00e+00h  1
 752  1.0089986e-01 1.63e-03 2.03e+00  -4.1 1.86e-01    -  1.00e+00 1.00e+00h  1
 753  1.0042180e-01 2.90e-03 7.43e+00  -4.1 3.00e-01    -  1.00e+00 1.00e+00h  1
 754  9.9519461e-02 1.51e-03 3.85e+00  -4.1 1.52e-01    -  1.00e+00 1.00e+00h  1
 755  1.0054957e-01 1.22e-03 1.16e+00  -4.0 2.95e-01    -  1.00e+00 5.00e-01h  2
 756  1.0172081e-01 8.29e-04 4.36e+00  -4.1 2.44e-01    -  1.00e+00 6.12e-01H  1
 757  9.9934917e-02 2.09e-03 1.24e+00  -4.1 1.91e-01    -  1.00e+00 1.00e+00f  1
 758  9.9580146e-02 1.38e-03 3.38e+00  -4.1 1.95e-01    -  1.00e+00 4.38e-01h  1
 759  9.9809739e-02 5.62e-04 3.03e+00  -4.1 1.08e-01    -  6.55e-01 1.00e+00h  1
iter    objective    inf_pr   inf_du lg(mu)  ||d||  lg(rg) alpha_du alpha_pr  ls
 760  1.0234101e-01 2.59e-04 5.96e+00  -4.0 1.59e-01    -  1.00e+00 1.00e+00H  1
 761  1.0057594e-01 1.44e-03 1.77e+00  -4.1 1.57e-01    -  1.00e+00 1.00e+00h  1
 762  9.9958954e-02 2.46e-03 3.18e+00  -4.1 1.45e-01    -  1.00e+00 1.00e+00h  1
 763  9.9888737e-02 8.96e-04 1.23e+00  -4.1 8.96e-02    -  1.00e+00 1.00e+00h  1
 764  1.0045121e-01 1.66e-04 9.91e-01  -4.1 7.01e-02    -  7.63e-01 1.00e+00h  1
 765  1.0146475e-01 1.14e-04 2.26e+00  -4.0 8.78e-02    -  1.00e+00 1.00e+00H  1
 766  1.0084203e-01 4.39e-04 1.76e+00  -4.1 7.74e-02    -  1.00e+00 1.00e+00h  1
 767  1.0044327e-01 2.08e-04 8.01e-01  -4.1 7.79e-02    -  1.00e+00 1.00e+00h  1
 768  1.0146755e-01 7.60e-05 9.80e-01  -4.0 6.71e-02    -  1.00e+00 1.00e+00H  1
 769  1.0084872e-01 2.75e-04 7.09e-01  -4.1 7.69e-02    -  1.00e+00 1.00e+00h  1
iter    objective    inf_pr   inf_du lg(mu)  ||d||  lg(rg) alpha_du alpha_pr  ls
 770  1.0078710e-01 1.78e-04 1.53e+00  -4.1 5.12e-02    -  1.00e+00 1.00e+00h  1
 771  1.0069590e-01 1.30e-04 5.29e-01  -4.1 3.65e-02    -  1.00e+00 1.00e+00h  1
 772  1.0153371e-01 1.27e-05 1.07e+00  -4.0 8.29e-02    -  1.00e+00 1.00e+00H  1
 773  1.0184066e-01 1.20e-04 1.13e+00  -4.0 6.07e-02    -  1.00e+00 1.00e+00h  1
 774  1.0075696e-01 7.74e-04 6.97e-01  -4.1 1.21e-01    -  1.00e+00 1.00e+00h  1
 775  1.0065258e-01 5.99e-04 2.54e+00  -4.1 1.04e-01    -  1.00e+00 1.00e+00h  1
 776  1.0054416e-01 3.18e-04 3.95e-01  -4.1 8.11e-02    -  1.00e+00 1.00e+00h  1
 777  1.0088752e-01 1.39e-04 1.13e+00  -4.1 4.65e-02    -  1.00e+00 1.00e+00h  1
 778  1.0075764e-01 6.59e-05 4.88e-01  -4.1 2.93e-02    -  1.00e+00 1.00e+00h  1
 779  1.0159877e-01 3.48e-04 1.10e+00  -4.0 7.55e-02    -  1.00e+00 1.00e+00h  1
iter    objective    inf_pr   inf_du lg(mu)  ||d||  lg(rg) alpha_du alpha_pr  ls
 780  1.0080516e-01 7.32e-04 1.52e+00  -4.1 1.02e-01    -  1.00e+00 1.00e+00h  1
 781  1.0004693e-01 2.42e-03 4.15e+00  -4.1 1.81e-01    -  1.00e+00 1.00e+00h  1
 782  9.9932947e-02 1.22e-03 8.58e-01  -4.1 1.33e-01    -  1.00e+00 1.00e+00h  1
 783  1.0041854e-01 4.17e-04 1.21e+00  -4.1 1.00e-01    -  1.00e+00 1.00e+00h  1
 784  1.0079104e-01 2.66e-04 1.34e+00  -4.1 5.79e-02    -  1.00e+00 1.00e+00h  1
 785  1.0065305e-01 1.34e-04 4.34e-01  -4.1 4.78e-02    -  1.00e+00 1.00e+00h  1
 786  1.0146086e-01 5.39e-05 1.20e+00  -4.0 8.54e-02    -  1.00e+00 1.00e+00H  1
 787  1.0084811e-01 4.55e-04 1.44e+00  -4.1 7.76e-02    -  1.00e+00 1.00e+00h  1
 788  1.0059386e-01 1.39e-04 1.34e+00  -4.1 4.35e-02    -  1.00e+00 1.00e+00h  1
 789  1.0090624e-01 1.62e-04 4.80e-01  -4.1 4.63e-02    -  1.00e+00 1.00e+00h  1
iter    objective    inf_pr   inf_du lg(mu)  ||d||  lg(rg) alpha_du alpha_pr  ls
 790  1.0083798e-01 1.67e-04 9.99e-01  -4.1 4.37e-02    -  1.00e+00 1.00e+00h  1
 791  1.0076084e-01 9.30e-05 1.07e-01  -4.1 3.49e-02    -  1.00e+00 1.00e+00h  1
 792  1.0160929e-01 3.61e-05 8.32e-01  -4.0 7.45e-02    -  1.00e+00 1.00e+00H  1
 793  1.0082455e-01 3.32e-04 3.76e-01  -4.1 7.44e-02    -  1.00e+00 1.00e+00h  1
 794  1.0040841e-01 9.56e-04 2.81e+00  -4.1 1.93e-01    -  1.00e+00 1.00e+00h  1
 795  9.9954734e-02 5.26e-04 1.00e+00  -4.1 1.22e-01    -  1.00e+00 1.00e+00h  1
 796  1.0022677e-01 2.53e-04 7.74e-01  -4.1 1.05e-01    -  1.00e+00 5.00e-01h  2
 797  1.0195291e-01 8.56e-05 3.96e+00  -4.0 1.40e-01    -  8.56e-01 1.00e+00H  1
 798  1.0123603e-01 5.35e-04 2.35e+00  -4.1 1.70e-01    -  1.00e+00 4.42e-01h  2
 799  1.0018461e-01 4.47e-04 1.54e+00  -4.1 9.36e-02    -  1.00e+00 1.00e+00h  1
iter    objective    inf_pr   inf_du lg(mu)  ||d||  lg(rg) alpha_du alpha_pr  ls
 800  1.0047339e-01 1.77e-04 1.01e+00  -4.1 5.43e-02    -  1.00e+00 1.00e+00h  1
 801  1.0134850e-01 5.56e-04 6.52e-01  -4.0 9.67e-02    -  1.00e+00 1.00e+00h  1
 802  1.0078933e-01 2.59e-04 1.67e+00  -4.1 7.18e-02    -  1.00e+00 1.00e+00h  1
 803  1.0056946e-01 2.94e-04 2.72e-01  -4.1 5.43e-02    -  1.00e+00 1.00e+00h  1
 804  1.0092405e-01 4.89e-05 7.22e-01  -4.1 3.01e-02    -  1.00e+00 1.00e+00h  1
 805  1.0083580e-01 1.80e-05 2.25e-01  -4.1 2.07e-02    -  1.00e+00 1.00e+00h  1
 806  1.0146715e-01 2.07e-04 7.86e-01  -4.0 5.34e-02    -  1.00e+00 1.00e+00h  1
 807  1.0084386e-01 3.60e-04 1.08e+00  -4.1 7.65e-02    -  1.00e+00 1.00e+00h  1
 808  1.0047378e-01 2.56e-04 1.07e+00  -4.1 6.75e-02    -  1.00e+00 1.00e+00h  1
 809  1.0062286e-01 1.21e-04 6.44e-01  -4.1 6.02e-02    -  1.00e+00 1.00e+00h  1
iter    objective    inf_pr   inf_du lg(mu)  ||d||  lg(rg) alpha_du alpha_pr  ls
 810  1.0076402e-01 2.37e-04 1.58e+00  -4.1 7.41e-02    -  1.00e+00 1.00e+00h  1
 811  1.0064647e-01 1.26e-04 2.89e-01  -4.1 4.77e-02    -  1.00e+00 1.00e+00h  1
 812  1.0085292e-01 3.52e-05 4.18e-01  -4.1 2.03e-02    -  1.00e+00 1.00e+00h  1
 813  1.0082968e-01 1.93e-05 2.79e-01  -4.1 1.46e-02    -  1.00e+00 1.00e+00h  1
 814  1.0115142e-01 3.35e-05 4.02e-01  -4.0 2.08e-02    -  1.00e+00 1.00e+00h  1
 815  1.0083902e-01 6.38e-05 4.21e-01  -4.1 3.98e-02    -  1.00e+00 1.00e+00h  1
 816  1.0072357e-01 1.90e-04 2.58e+00  -4.1 5.80e-02    -  1.00e+00 1.00e+00h  1
 817  1.0063685e-01 1.52e-04 3.79e-01  -4.1 5.39e-02    -  1.00e+00 1.00e+00h  1
 818  1.0082874e-01 4.23e-05 3.29e-01  -4.1 2.20e-02    -  1.00e+00 1.00e+00h  1
 819  1.0079998e-01 3.98e-05 3.83e-01  -4.1 1.71e-02    -  1.00e+00 1.00e+00h  1
iter    objective    inf_pr   inf_du lg(mu)  ||d||  lg(rg) alpha_du alpha_pr  ls
 820  1.0144221e-01 1.48e-04 5.01e-01  -4.0 5.28e-02    -  1.00e+00 1.00e+00h  1
 821  1.0092642e-01 1.51e-04 6.54e-01  -4.1 5.41e-02    -  1.00e+00 1.00e+00h  1
 822  1.0066730e-01 1.09e-04 1.05e+00  -4.1 3.89e-02    -  1.00e+00 1.00e+00h  1
 823  1.0156652e-01 3.13e-04 7.50e-01  -4.0 8.51e-02    -  1.00e+00 1.00e+00h  1
 824  1.0082773e-01 2.69e-04 6.22e-01  -4.1 8.71e-02    -  1.00e+00 1.00e+00h  1
 825  1.0048855e-01 4.53e-04 2.33e+00  -4.1 7.81e-02    -  1.00e+00 1.00e+00h  1
 826  1.0042008e-01 2.57e-04 9.12e-01  -4.1 4.54e-02    -  1.00e+00 1.00e+00h  1
 827  1.0189776e-01 6.86e-05 2.53e+00  -4.0 1.20e-01    -  1.00e+00 1.00e+00H  1
 828  1.0066379e-01 6.24e-04 5.86e-01  -4.1 1.22e-01    -  1.00e+00 1.00e+00h  1
 829  1.0015073e-01 6.13e-03 5.01e+00  -4.1 2.65e-01    -  1.00e+00 1.00e+00h  1
iter    objective    inf_pr   inf_du lg(mu)  ||d||  lg(rg) alpha_du alpha_pr  ls
 830  9.9765547e-02 1.90e-03 1.50e+00  -4.1 1.13e-01    -  1.00e+00 1.00e+00h  1
 831  1.0042220e-01 7.98e-04 3.72e-01  -4.0 1.16e-01    -  1.00e+00 9.51e-01h  1
 832  1.0059904e-01 4.43e-04 2.24e+00  -4.1 8.42e-02    -  6.64e-01 1.00e+00h  1
 833  1.0064939e-01 1.12e-04 4.08e-01  -4.1 3.36e-02    -  1.00e+00 1.00e+00h  1
 834  1.0166085e-01 3.26e-05 1.59e+00  -4.0 8.99e-02    -  1.00e+00 1.00e+00H  1
 835  1.0063055e-01 8.43e-04 2.05e+00  -4.1 1.16e-01    -  1.00e+00 1.00e+00h  1
 836  1.0021444e-01 5.46e-04 1.02e+00  -4.1 6.16e-02    -  1.00e+00 1.00e+00h  1
 837  1.0080181e-01 1.72e-04 1.23e+00  -4.1 5.93e-02    -  1.00e+00 1.00e+00h  1
 838  1.0079537e-01 5.71e-05 2.63e-01  -4.1 2.90e-02    -  1.00e+00 1.00e+00h  1
 839  1.0157933e-01 1.92e-04 3.63e-01  -4.0 7.25e-02    -  1.00e+00 1.00e+00h  1
iter    objective    inf_pr   inf_du lg(mu)  ||d||  lg(rg) alpha_du alpha_pr  ls
 840  1.0078291e-01 7.80e-04 2.03e+00  -4.1 1.32e-01    -  1.00e+00 1.00e+00h  1
 841  1.0034010e-01 5.02e-04 9.95e-01  -4.1 8.60e-02    -  1.00e+00 1.00e+00h  1
 842  1.0087752e-01 1.22e-04 8.83e-01  -4.1 4.79e-02    -  1.00e+00 1.00e+00h  1
 843  1.0082639e-01 6.23e-05 9.51e-01  -4.1 3.36e-02    -  1.00e+00 1.00e+00h  1
 844  1.0073918e-01 4.18e-05 7.95e-02  -4.1 3.22e-02    -  1.00e+00 1.00e+00h  1
 845  1.0163352e-01 5.81e-06 2.26e-01  -4.0 8.28e-02    -  1.00e+00 1.00e+00H  1
 846  1.0194754e-01 1.59e-04 1.07e+00  -4.0 5.91e-02    -  1.00e+00 1.00e+00h  1
 847  1.0063868e-01 4.49e-04 2.16e-01  -4.1 1.08e-01    -  1.00e+00 1.00e+00h  1
 848  1.0069274e-01 9.61e-05 1.53e+00  -4.1 6.25e-02    -  1.00e+00 1.00e+00h  1
 849  1.0069114e-01 7.87e-05 1.99e-01  -4.1 5.29e-02    -  1.00e+00 1.00e+00h  1
iter    objective    inf_pr   inf_du lg(mu)  ||d||  lg(rg) alpha_du alpha_pr  ls
 850  1.0175280e-01 2.76e-06 4.77e-01  -4.0 9.88e-02    -  1.00e+00 1.00e+00H  1
 851  1.0206200e-01 5.86e-04 1.71e+00  -4.0 1.10e-01    -  1.00e+00 1.00e+00h  1
 852  1.0063677e-01 1.02e-03 6.33e-01  -4.1 1.30e-01    -  1.00e+00 1.00e+00h  1
 853  1.0032164e-01 7.05e-04 1.53e+00  -4.1 3.08e-01    -  1.00e+00 3.53e-01h  2
 854  1.0043738e-01 5.62e-04 1.06e+00  -4.1 6.53e-02    -  1.00e+00 1.00e+00h  1
 855  1.0074695e-01 1.63e-04 1.61e+00  -4.1 9.62e-02    -  1.00e+00 1.00e+00H  1
 856  1.0080384e-01 1.69e-04 1.58e+00  -4.1 3.71e-02    -  1.00e+00 1.00e+00h  1
 857  1.0073290e-01 6.88e-05 2.64e-01  -4.1 2.88e-02    -  1.00e+00 1.00e+00h  1
 858  1.0084773e-01 1.13e-05 3.38e-01  -4.1 1.28e-02    -  1.00e+00 1.00e+00h  1
 859  1.0112789e-01 3.09e-05 4.06e-01  -4.0 2.05e-02    -  1.00e+00 1.00e+00h  1
iter    objective    inf_pr   inf_du lg(mu)  ||d||  lg(rg) alpha_du alpha_pr  ls
 860  1.0090064e-01 1.38e-05 1.48e-01  -4.1 1.75e-02    -  1.00e+00 1.00e+00h  1
 861  1.0088361e-01 1.66e-06 3.42e-01  -4.1 1.25e-02    -  1.00e+00 1.00e+00H  1
 862  1.0146129e-01 9.88e-05 2.91e-01  -4.0 4.42e-02    -  1.00e+00 1.00e+00h  1
 863  1.0082706e-01 4.10e-04 1.88e+00  -4.1 9.50e-02    -  1.00e+00 1.00e+00h  1
 864  1.0049638e-01 4.59e-04 6.75e-01  -4.1 6.68e-02    -  1.00e+00 1.00e+00h  1
 865  1.0086764e-01 5.85e-05 9.43e-01  -4.1 4.50e-02    -  1.00e+00 1.00e+00h  1
 866  1.0079272e-01 4.86e-05 3.37e-01  -4.1 1.89e-02    -  1.00e+00 1.00e+00h  1
 867  1.0086401e-01 2.32e-06 1.47e-01  -4.1 6.86e-03    -  1.00e+00 1.00e+00h  1
 868  1.0169632e-01 2.22e-04 5.20e-01  -4.0 6.66e-02    -  1.00e+00 1.00e+00h  1
 869  1.0084190e-01 1.38e-04 7.02e-01  -4.1 5.92e-02    -  1.00e+00 1.00e+00h  1
iter    objective    inf_pr   inf_du lg(mu)  ||d||  lg(rg) alpha_du alpha_pr  ls
 870  1.0057314e-01 1.69e-04 7.60e-01  -4.1 5.89e-02    -  1.00e+00 1.00e+00h  1
 871  1.0088629e-01 6.80e-05 6.74e-01  -4.1 3.04e-02    -  1.00e+00 1.00e+00h  1
 872  1.0084278e-01 6.01e-05 2.07e-01  -4.1 2.73e-02    -  1.00e+00 1.00e+00h  1
 873  1.0082216e-01 2.20e-05 2.34e-01  -4.1 1.61e-02    -  1.00e+00 1.00e+00h  1
 874  1.0085354e-01 5.49e-06 1.68e-01  -4.1 1.10e-02    -  1.00e+00 1.00e+00h  1
 875  1.0141377e-01 7.89e-05 3.38e-01  -4.0 4.03e-02    -  1.00e+00 1.00e+00h  1
 876  1.0086891e-01 8.77e-05 5.16e-01  -4.1 3.61e-02    -  1.00e+00 1.00e+00h  1
 877  1.0072434e-01 9.05e-05 8.02e-01  -4.1 4.71e-02    -  1.00e+00 1.00e+00h  1
 878  1.0078510e-01 4.57e-05 7.28e-01  -4.1 2.58e-02    -  1.00e+00 1.00e+00h  1
 879  1.0088971e-01 4.89e-06 4.31e-01  -4.1 2.20e-02    -  1.00e+00 1.00e+00H  1
iter    objective    inf_pr   inf_du lg(mu)  ||d||  lg(rg) alpha_du alpha_pr  ls
 880  1.0084197e-01 2.33e-06 1.15e-01  -4.1 5.46e-03    -  1.00e+00 1.00e+00h  1
 881  1.0169836e-01 1.62e-04 2.45e-01  -4.0 6.19e-02    -  1.00e+00 1.00e+00h  1
 882  1.0080809e-01 3.64e-04 1.75e+00  -4.1 7.53e-02    -  1.00e+00 1.00e+00h  1
 883  1.0064020e-01 1.79e-04 3.28e-01  -4.1 5.40e-02    -  1.00e+00 1.00e+00h  1
 884  1.0082321e-01 1.89e-05 4.60e-01  -4.1 1.72e-02    -  1.00e+00 1.00e+00h  1
 885  1.0181178e-01 2.26e-04 6.12e-01  -4.0 7.34e-02    -  1.00e+00 1.00e+00h  1
 886  1.0080845e-01 3.30e-04 2.90e-01  -4.1 8.42e-02    -  1.00e+00 1.00e+00h  1
 887  1.0059250e-01 1.40e-03 3.32e+00  -4.1 1.00e-01    -  1.00e+00 1.00e+00h  1
 888  1.0038949e-01 8.32e-04 5.67e-01  -4.1 7.72e-02    -  1.00e+00 1.00e+00h  1
 889  1.0054121e-01 2.02e-04 6.91e-01  -4.1 5.11e-02    -  1.00e+00 1.00e+00h  1
iter    objective    inf_pr   inf_du lg(mu)  ||d||  lg(rg) alpha_du alpha_pr  ls
 890  1.0070047e-01 1.09e-04 5.89e-01  -4.1 3.10e-02    -  1.00e+00 1.00e+00h  1
 891  1.0171858e-01 2.85e-04 4.35e-01  -4.0 7.37e-02    -  1.00e+00 1.00e+00h  1
 892  1.0071271e-01 6.53e-04 2.99e+00  -4.1 1.10e-01    -  1.00e+00 1.00e+00h  1
 893  1.0043432e-01 5.00e-04 4.91e-01  -4.1 8.12e-02    -  1.00e+00 1.00e+00h  1
 894  1.0078870e-01 4.94e-05 5.00e-01  -4.1 2.84e-02    -  1.00e+00 1.00e+00h  1
 895  1.0089018e-01 8.68e-06 2.39e-01  -4.1 1.49e-02    -  1.00e+00 1.00e+00h  1
 896  1.0086425e-01 2.71e-06 8.78e-02  -4.1 5.23e-03    -  1.00e+00 1.00e+00h  1
 897  1.0177720e-01 2.01e-04 4.69e-01  -4.0 7.25e-02    -  1.00e+00 1.00e+00h  1
 898  1.0081078e-01 5.28e-04 1.71e+00  -4.1 9.51e-02    -  1.00e+00 1.00e+00h  1
 899  1.0028355e-01 2.75e-04 9.24e-01  -4.1 7.44e-02    -  1.00e+00 1.00e+00h  1
iter    objective    inf_pr   inf_du lg(mu)  ||d||  lg(rg) alpha_du alpha_pr  ls
 900  1.0186907e-01 4.01e-05 1.06e+00  -4.0 9.11e-02    -  1.00e+00 1.00e+00H  1
 901  1.0076547e-01 6.12e-04 1.45e+00  -4.1 1.14e-01    -  1.00e+00 1.00e+00h  1
 902  1.0051678e-01 2.34e-04 1.07e+00  -4.1 5.77e-02    -  1.00e+00 1.00e+00h  1
 903  1.0065897e-01 1.05e-04 7.38e-01  -4.1 3.75e-02    -  1.00e+00 1.00e+00h  1
 904  1.0085098e-01 2.59e-05 3.29e-01  -4.1 2.14e-02    -  1.00e+00 1.00e+00h  1
 905  1.0088651e-01 1.79e-06 6.75e-02  -4.1 5.83e-03    -  1.00e+00 1.00e+00h  1
 906  1.0083730e-01 5.31e-06 2.34e-01  -4.1 7.37e-03    -  1.00e+00 1.00e+00h  1
 907  1.0172376e-01 1.98e-04 8.69e-01  -4.0 6.95e-02    -  1.00e+00 1.00e+00h  1
 908  1.0082908e-01 3.14e-04 8.69e-01  -4.1 6.40e-02    -  1.00e+00 1.00e+00h  1
 909  1.0055295e-01 2.27e-04 1.03e+00  -4.1 4.81e-02    -  1.00e+00 1.00e+00h  1
iter    objective    inf_pr   inf_du lg(mu)  ||d||  lg(rg) alpha_du alpha_pr  ls
 910  1.0073776e-01 8.45e-05 5.96e-01  -4.1 2.66e-02    -  1.00e+00 1.00e+00h  1
 911  1.0083381e-01 2.52e-05 4.26e-01  -4.1 2.49e-02    -  1.00e+00 1.00e+00h  1
 912  1.0083398e-01 4.91e-06 1.02e-01  -4.1 7.51e-03    -  1.00e+00 1.00e+00h  1
 913  1.0196278e-01 3.06e-04 1.11e+00  -4.0 8.61e-02    -  1.00e+00 1.00e+00h  1
 914  1.0078222e-01 4.96e-04 2.08e+00  -4.1 1.04e-01    -  1.00e+00 1.00e+00h  1
 915  1.0045124e-01 1.66e-04 4.18e-01  -4.1 7.45e-02    -  1.00e+00 1.00e+00h  1
 916  1.0073342e-01 5.56e-05 7.27e-01  -4.1 3.59e-02    -  1.00e+00 1.00e+00h  1
 917  1.0082357e-01 2.78e-05 6.11e-01  -4.1 1.71e-02    -  1.00e+00 1.00e+00h  1
 918  1.0080544e-01 1.46e-05 2.81e-01  -4.1 1.30e-02    -  1.00e+00 1.00e+00h  1
 919  1.0192473e-01 3.79e-04 4.57e-01  -4.0 8.76e-02    -  1.00e+00 1.00e+00h  1
iter    objective    inf_pr   inf_du lg(mu)  ||d||  lg(rg) alpha_du alpha_pr  ls
 920  1.0079716e-01 8.54e-04 2.26e+00  -4.1 1.25e-01    -  1.00e+00 1.00e+00h  1
 921  1.0027504e-01 3.63e-04 6.99e-01  -4.1 1.11e-01    -  1.00e+00 1.00e+00h  1
 922  1.0072094e-01 1.53e-04 9.44e-01  -4.1 6.29e-02    -  1.00e+00 1.00e+00h  1
 923  1.0071651e-01 6.84e-05 5.62e-01  -4.1 3.81e-02    -  1.00e+00 1.00e+00h  1
 924  1.0074939e-01 4.73e-05 4.80e-01  -4.1 2.14e-02    -  1.00e+00 1.00e+00h  1
 925  1.0080342e-01 3.93e-06 1.91e-01  -4.1 7.28e-03    -  1.00e+00 1.00e+00h  1
 926  1.0130757e-01 7.07e-05 5.18e-01  -4.0 3.36e-02    -  1.00e+00 1.00e+00h  1
 927  1.0085742e-01 1.24e-04 2.43e-01  -4.1 4.70e-02    -  1.00e+00 1.00e+00h  1
 928  1.0075224e-01 4.22e-05 2.40e-01  -4.1 2.88e-02    -  1.00e+00 1.00e+00h  1
 929  1.0076888e-01 2.53e-05 2.90e-01  -4.1 1.83e-02    -  1.00e+00 1.00e+00h  1
iter    objective    inf_pr   inf_du lg(mu)  ||d||  lg(rg) alpha_du alpha_pr  ls
 930  1.0167584e-01 2.14e-04 6.20e-01  -4.0 6.67e-02    -  1.00e+00 1.00e+00h  1
 931  1.0079692e-01 7.26e-04 2.92e+00  -4.1 1.07e-01    -  1.00e+00 1.00e+00h  1
 932  1.0047237e-01 2.81e-04 6.68e-01  -4.1 5.11e-02    -  1.00e+00 1.00e+00h  1
 933  1.0082071e-01 8.72e-05 3.82e-01  -4.1 4.07e-02    -  1.00e+00 1.00e+00h  1
 934  1.0084944e-01 4.15e-05 6.90e-01  -4.1 2.54e-02    -  1.00e+00 1.00e+00h  1
 935  1.0078927e-01 2.99e-05 7.50e-02  -4.1 1.82e-02    -  1.00e+00 1.00e+00h  1
 936  1.0081688e-01 7.23e-07 4.90e-02  -4.1 3.99e-03    -  1.00e+00 1.00e+00h  1
 937  1.0167001e-01 2.78e-04 1.18e+00  -4.0 8.00e-02    -  1.00e+00 1.00e+00h  1
 938  1.0079244e-01 3.86e-04 3.74e-01  -4.1 6.10e-02    -  1.00e+00 1.00e+00h  1
 939  1.0053775e-01 2.41e-04 1.39e+00  -4.1 8.38e-02    -  1.00e+00 1.00e+00h  1
iter    objective    inf_pr   inf_du lg(mu)  ||d||  lg(rg) alpha_du alpha_pr  ls
 940  1.0060013e-01 2.07e-04 2.92e-01  -4.1 5.30e-02    -  1.00e+00 1.00e+00h  1
 941  1.0177552e-01 7.45e-05 1.07e+00  -4.0 9.75e-02    -  1.00e+00 1.00e+00H  1
 942  1.0076465e-01 3.67e-04 4.08e-01  -4.1 8.94e-02    -  1.00e+00 1.00e+00h  1
 943  1.0032541e-01 1.31e-03 3.47e+00  -4.1 1.21e-01    -  1.00e+00 1.00e+00h  1
 944  1.0031111e-01 5.65e-04 7.63e-01  -4.1 9.33e-02    -  1.00e+00 1.00e+00h  1
 945  1.0079137e-01 2.54e-04 8.61e-01  -4.1 5.80e-02    -  1.00e+00 1.00e+00h  1
 946  1.0084301e-01 4.00e-05 6.34e-01  -4.1 2.44e-02    -  1.00e+00 1.00e+00h  1
 947  1.0088971e-01 1.78e-06 2.09e-01  -4.1 6.66e-03    -  1.00e+00 1.00e+00h  1
 948  1.0084101e-01 4.03e-06 1.33e-01  -4.1 4.68e-03    -  1.00e+00 1.00e+00h  1
 949  1.0084100e-01 3.71e-06 1.11e-01  -4.1 4.37e-03    -  1.00e+00 2.50e-01h  3
iter    objective    inf_pr   inf_du lg(mu)  ||d||  lg(rg) alpha_du alpha_pr  ls
 950  1.0083553e-01 2.76e-06 1.12e-01  -4.1 4.69e-03    -  1.00e+00 5.00e-01h  2
 951  1.0083485e-01 2.67e-06 6.42e-02  -4.1 4.53e-03    -  1.00e+00 6.25e-02h  5
 952  1.0082925e-01 9.46e-07 6.54e-02  -4.1 3.21e-03    -  1.00e+00 5.00e-01h  2
 953  1.0081813e-01 5.78e-09 3.84e-02  -4.1 3.32e-03    -  1.00e+00 1.00e+00H  1
 954  1.0178808e-01 3.39e-04 1.32e+00  -4.0 6.63e-02    -  1.00e+00 1.00e+00h  1
 955  1.0080162e-01 2.82e-04 4.21e-01  -4.1 7.19e-02    -  1.00e+00 1.00e+00h  1
 956  1.0042017e-01 1.57e-03 3.94e+00  -4.1 1.56e-01    -  1.00e+00 1.00e+00h  1
 957  1.0047043e-01 5.97e-04 8.90e-01  -4.1 9.57e-02    -  1.00e+00 1.00e+00h  1
 958  1.0064070e-01 1.49e-04 1.19e+00  -4.1 4.64e-02    -  1.00e+00 1.00e+00h  1
 959  1.0077372e-01 4.79e-05 6.29e-01  -4.1 3.85e-02    -  1.00e+00 1.00e+00h  1
iter    objective    inf_pr   inf_du lg(mu)  ||d||  lg(rg) alpha_du alpha_pr  ls
 960  1.0079216e-01 2.66e-05 2.27e-01  -4.1 1.51e-02    -  1.00e+00 1.00e+00h  1
 961  1.0172969e-01 3.17e-04 9.59e-01  -4.0 6.72e-02    -  1.00e+00 1.00e+00h  1
 962  1.0068192e-01 6.82e-04 3.30e+00  -4.1 1.15e-01    -  1.00e+00 1.00e+00h  1
 963  1.0039845e-01 6.00e-04 4.07e-01  -4.1 9.35e-02    -  1.00e+00 1.00e+00h  1
 964  1.0070352e-01 6.59e-05 5.69e-01  -4.1 3.90e-02    -  1.00e+00 1.00e+00h  1
 965  1.0170003e-01 2.96e-04 1.40e-01  -4.0 7.32e-02    -  1.00e+00 1.00e+00h  1
 966  1.0064930e-01 2.13e-03 3.07e+00  -4.1 1.87e-01    -  1.00e+00 1.00e+00h  1
 967  1.0001268e-01 4.35e-04 1.37e+00  -4.1 1.23e-01    -  1.00e+00 1.00e+00h  1
 968  1.0120784e-01 1.65e-04 4.10e+00  -4.1 1.11e-01    -  1.00e+00 1.00e+00H  1
 969  1.0063288e-01 2.32e-04 6.05e-01  -4.1 7.31e-02    -  1.00e+00 1.00e+00h  1
iter    objective    inf_pr   inf_du lg(mu)  ||d||  lg(rg) alpha_du alpha_pr  ls
 970  1.0069912e-01 8.25e-05 9.34e-01  -4.1 4.37e-02    -  1.00e+00 1.00e+00h  1
 971  1.0078533e-01 3.54e-05 1.71e-01  -4.1 2.38e-02    -  1.00e+00 1.00e+00h  1
 972  1.0082786e-01 4.16e-06 1.59e-01  -4.1 5.91e-03    -  1.00e+00 1.00e+00h  1
 973  1.0083537e-01 4.29e-07 5.11e-02  -4.1 2.47e-03    -  1.00e+00 1.00e+00h  1
 974  1.0082880e-01 6.03e-09 3.80e-02  -4.1 1.61e-03    -  1.00e+00 1.00e+00H  1
 975  1.0082205e-01 3.65e-09 3.88e-02  -4.1 1.68e-03    -  1.00e+00 1.00e+00H  1
 976  1.0081129e-01 1.17e-09 5.75e-02  -4.1 5.46e-03    -  1.00e+00 1.00e+00H  1
 977  1.0171455e-01 3.34e-04 1.30e+00  -4.0 7.49e-02    -  1.00e+00 1.00e+00h  1
 978  1.0081700e-01 3.49e-04 3.87e-01  -4.1 8.70e-02    -  1.00e+00 1.00e+00h  1
 979  1.0057000e-01 8.84e-04 1.66e+00  -4.1 1.29e-01    -  1.00e+00 1.00e+00h  1
iter    objective    inf_pr   inf_du lg(mu)  ||d||  lg(rg) alpha_du alpha_pr  ls
 980  1.0035147e-01 4.27e-04 9.13e-01  -4.1 1.06e-01    -  1.00e+00 1.00e+00h  1
 981  1.0080243e-01 8.10e-05 6.71e-01  -4.1 4.04e-02    -  1.00e+00 1.00e+00h  1
 982  1.0092893e-01 4.88e-05 1.63e+00  -4.1 4.22e-02    -  1.00e+00 1.00e+00H  1
 983  1.0073616e-01 1.08e-04 1.18e-01  -4.1 3.35e-02    -  1.00e+00 1.00e+00h  1
 984  1.0081882e-01 8.62e-06 1.64e-01  -4.1 8.77e-03    -  1.00e+00 1.00e+00h  1
 985  1.0081871e-01 1.92e-06 1.02e-01  -4.1 6.19e-03    -  1.00e+00 1.00e+00h  1
 986  1.0082070e-01 9.02e-07 1.36e-02  -4.1 9.24e-04    -  1.00e+00 1.00e+00h  1
 987  1.0081876e-01 4.85e-07 5.55e-02  -4.1 2.94e-03    -  1.00e+00 1.00e+00h  1
 988  1.0081071e-01 1.91e-06 7.25e-02  -4.1 3.19e-03    -  1.00e+00 1.00e+00h  1
 989  1.0081005e-01 3.38e-06 4.19e-02  -4.1 2.49e-03    -  1.00e+00 1.00e+00h  1
iter    objective    inf_pr   inf_du lg(mu)  ||d||  lg(rg) alpha_du alpha_pr  ls
 990  1.0104220e-01 1.73e-05 2.14e-01  -4.0 1.31e-02    -  1.00e+00 1.00e+00h  1
 991  1.0083075e-01 2.83e-05 7.59e-02  -4.1 1.19e-02    -  1.00e+00 1.00e+00h  1
 992  1.0077537e-01 1.04e-05 7.44e-02  -4.1 9.60e-03    -  1.00e+00 1.00e+00h  1
 993  1.0145098e-01 1.01e-04 4.27e-01  -4.0 4.10e-02    -  1.00e+00 1.00e+00h  1
 994  1.0082197e-01 1.15e-04 6.28e-01  -4.1 4.34e-02    -  1.00e+00 1.00e+00h  1
 995  1.0065054e-01 4.91e-05 6.82e-01  -4.1 2.24e-02    -  1.00e+00 1.00e+00h  1
 996  1.0163383e-01 2.32e-04 6.19e-01  -4.0 6.69e-02    -  1.00e+00 1.00e+00h  1
 997  1.0075168e-01 1.52e-04 7.14e-01  -4.1 8.80e-02    -  1.00e+00 1.00e+00h  1
 998  1.0066720e-01 8.11e-05 9.63e-01  -4.1 2.74e-02    -  1.00e+00 1.00e+00h  1
 999  1.0082037e-01 6.02e-05 3.95e-01  -4.1 1.64e-02    -  1.00e+00 1.00e+00h  1
iter    objective    inf_pr   inf_du lg(mu)  ||d||  lg(rg) alpha_du alpha_pr  ls
1000  1.0080747e-01 5.30e-05 1.35e-01  -4.1 6.03e-03    -  1.00e+00 1.00e+00h  1

Number of Iterations....: 1000

                                   (scaled)                 (unscaled)
Objective...............:   1.0080746594148068e-01    1.0080746594148068e-01
Dual infeasibility......:   1.3461172387094855e-01    1.3461172387094855e-01
Constraint violation....:   5.3018645527203034e-05    5.3018645527203034e-05
Variable bound violation:   0.0000000000000000e+00    0.0000000000000000e+00
Complementarity.........:   8.0005935341798375e-05    8.0005935341798375e-05
Overall NLP error.......:   1.3461172387094855e-01    1.3461172387094855e-01


Number of objective function evaluations             = 1411
Number of objective gradient evaluations             = 1001
Number of equality constraint evaluations            = 1411
Number of inequality constraint evaluations          = 1411
Number of equality constraint Jacobian evaluations   = 1001
Number of inequality constraint Jacobian evaluations = 1001
Number of Lagrangian Hessian evaluations             = 0
Total seconds in IPOPT                               = 1296.305

EXIT: Maximum Number of Iterations Exceeded.
