
******************************************************************************
This program contains Ipopt, a library for large-scale nonlinear optimization.
 Ipopt is released as open source code under the Eclipse Public License (EPL).
         For more information visit https://github.com/coin-or/Ipopt
******************************************************************************

This is Ipopt version 3.14.19, running with linear solver MUMPS 5.8.2.

Number of nonzeros in equality constraint Jacobian...:   728827
Number of nonzeros in inequality constraint Jacobian.:     3184
Number of nonzeros in Lagrangian Hessian.............:        0

Total number of variables............................:     2358
                     variables with only lower bounds:        0
                variables with lower and upper bounds:      500
                     variables with only upper bounds:        0
Total number of equality constraints.................:     2268
Total number of inequality constraints...............:      339
        inequality constraints with only lower bounds:        0
   inequality constraints with lower and upper bounds:        0
        inequality constraints with only upper bounds:      339

iter    objective    inf_pr   inf_du lg(mu)  ||d||  lg(rg) alpha_du alpha_pr  ls
   0  5.6475325e-02 8.28e+00 1.00e+00   0.0 0.00e+00    -  0.00e+00 0.00e+00   0
   1  5.6487301e-02 8.20e+00 3.67e+00  -4.0 9.03e+00    -  7.75e-03 9.66e-03h  1
   2  5.6487649e-02 8.20e+00 3.28e+03  -0.2 1.68e+01    -  1.51e-01 1.20e-04h  1
   3  5.6793933e-02 8.15e+00 1.44e+05   1.2 8.39e+01    -  1.00e+00 5.27e-03h  1
   4  7.6746969e-02 8.01e+00 1.42e+05   2.8 1.46e+02    -  2.35e-02 1.75e-02f  1
   5  1.3296256e-01 7.85e+00 1.46e+05   2.8 1.74e+02    -  7.80e-02 1.92e-02f  1
   6  3.1454533e-01 7.55e+00 1.45e+05   2.8 1.69e+02    -  5.83e-02 3.61e-02h  1
   7  5.4097476e-01 7.25e+00 1.47e+05   2.8 1.65e+02    -  1.04e-01 3.83e-02h  1
   8  6.6123216e-01 7.09e+00 2.65e+05   2.8 1.46e+02    -  1.10e-01 2.29e-02h  1
   9  8.1310221e-01 6.90e+00 3.40e+05   2.8 1.41e+02    -  6.81e-02 2.63e-02h  1
iter    objective    inf_pr   inf_du lg(mu)  ||d||  lg(rg) alpha_du alpha_pr  ls
  10  1.0617550e+00 6.63e+00 3.89e+05   2.8 1.49e+02    -  3.83e-02 4.46e-02h  1
  11  1.1778358e+00 6.54e+00 5.82e+05   2.7 1.62e+02    -  9.79e-02 2.07e-02h  1
  12  1.3682196e+00 6.42e+00 8.72e+05   2.6 1.44e+02    -  9.81e-02 3.17e-02h  1
  13  2.2202844e+00 7.45e+00 1.46e+06   2.8 1.41e+02    -  6.62e-02 8.43e-02h  1
  14  2.6955339e+00 7.11e+00 1.88e+06   2.8 1.56e+02    -  2.97e-02 5.76e-02h  1
  15  2.7845978e+00 6.99e+00 2.04e+06  -3.5 1.35e+02    -  3.63e-02 1.47e-02h  1
  16  2.8622261e+00 6.89e+00 2.24e+06   1.7 1.72e+02    -  1.37e-02 1.05e-02h  1
  17  3.0987039e+00 6.71e+00 3.34e+06   2.8 1.08e+02    -  5.47e-02 6.45e-02h  1
  18  3.2058303e+00 6.48e+00 4.00e+06   2.8 1.11e+02    -  7.88e-02 3.52e-02h  1
  19  3.3094901e+00 6.24e+00 4.70e+06   2.8 1.11e+02    -  8.03e-02 4.09e-02h  1
iter    objective    inf_pr   inf_du lg(mu)  ||d||  lg(rg) alpha_du alpha_pr  ls
  20  3.5114907e+00 5.68e+00 5.57e+06   2.5 1.27e+02    -  6.99e-02 6.60e-02h  1
  21  3.6413626e+00 5.33e+00 5.96e+06   1.9 1.41e+02    -  4.66e-02 3.52e-02h  1
  22  3.7364119e+00 5.12e+00 6.28e+06   2.8 1.37e+02    -  3.14e-02 2.67e-02f  1
  23  3.9192970e+00 4.91e+00 6.70e+06  -3.4 1.29e+02    -  3.85e-02 3.79e-02h  1
  24  3.9479356e+00 4.87e+00 6.83e+06  -3.4 2.22e+02    -  1.28e-02 1.49e-02h  1
  25  4.2101720e+00 4.72e+00 7.14e+06   2.8 1.82e+02    -  5.35e-03 4.50e-02f  1
  26  4.3927328e+00 4.62e+00 7.33e+06   0.9 1.18e+02    -  6.59e-02 2.73e-02h  1
  27  4.7507689e+00 4.70e+00 7.67e+06  -3.5 1.34e+02    -  2.45e-02 5.24e-02h  1
  28  4.9835565e+00 4.66e+00 7.87e+06   2.2 1.12e+02    -  9.40e-02 4.10e-02h  1
  29  5.3935317e+00 4.96e+00 8.11e+06   2.8 1.22e+02    -  8.47e-02 7.33e-02f  1
iter    objective    inf_pr   inf_du lg(mu)  ||d||  lg(rg) alpha_du alpha_pr  ls
  30  5.5018158e+00 4.85e+00 8.01e+06  -3.5 1.22e+02    -  5.21e-02 4.37e-02h  1
  31  5.5421662e+00 4.69e+00 8.04e+06   2.8 1.70e+02    -  2.57e-02 3.48e-02f  1
  32  5.7277774e+00 4.57e+00 8.02e+06   2.7 1.17e+02    -  5.75e-02 5.56e-02f  1
  33  6.3276838e+00 4.53e+00 7.48e+06   2.3 9.12e+01    -  7.87e-02 9.71e-02h  1
  34  7.0885271e+00 4.22e+00 6.32e+06   2.8 7.72e+01    -  1.63e-02 1.03e-01f  1
  35  7.4200645e+00 4.19e+00 5.95e+06   2.4 7.08e+01    -  4.03e-02 6.97e-02f  1
  36  7.6262531e+00 4.06e+00 5.83e+06   2.8 8.10e+01    -  5.50e-02 4.40e-02f  1
  37  8.2645663e+00 4.13e+00 5.57e+06   2.8 1.13e+02    -  7.82e-02 9.43e-02f  1
  38  8.9212296e+00 4.31e+00 5.35e+06   2.8 1.02e+02    -  6.52e-02 7.00e-02f  1
  39  9.8546979e+00 4.54e+00 4.71e+06   1.6 9.09e+01    -  6.08e-02 9.88e-02h  2
iter    objective    inf_pr   inf_du lg(mu)  ||d||  lg(rg) alpha_du alpha_pr  ls
  40  1.1187459e+01 5.85e+00 3.39e+06   2.8 1.28e+02    -  1.14e-01 2.30e-01f  1
  41  1.1414790e+01 7.41e+00 2.54e+06   2.5 6.31e+01    -  1.90e-01 2.66e-01f  1
  42  1.0690153e+01 6.53e+00 1.96e+06   2.5 6.53e+01    -  1.42e-01 2.29e-01f  1
  43  1.0508586e+01 6.35e+00 1.31e+06   2.5 5.97e+01    -  1.25e-01 4.25e-01f  1
  44  1.2301721e+01 5.36e+00 1.03e+06   2.5 2.41e+01    -  2.55e-01 7.87e-01f  1
  45  1.3083460e+01 3.80e+00 8.73e+05   2.7 1.94e+01    -  3.77e-01 1.00e+00f  1
  46  1.2392764e+01 3.90e+00 6.90e+05   2.8 2.18e+01    -  4.95e-01 1.00e+00f  1
  47  1.2230649e+01 2.67e+00 6.70e+05   2.8 1.36e+01    -  6.72e-01 1.00e+00f  1
  48  1.1925380e+01 1.07e+00 5.51e+05   2.5 1.28e+01    -  8.97e-01 1.00e+00f  1
  49  1.1890306e+01 4.97e-01 2.01e+05   2.1 7.32e+00    -  9.70e-01 1.00e+00f  1
iter    objective    inf_pr   inf_du lg(mu)  ||d||  lg(rg) alpha_du alpha_pr  ls
  50  1.1750849e+01 1.39e-01 8.38e+04   1.4 3.50e+00    -  1.00e+00 1.00e+00h  1
  51  1.1774277e+01 8.51e-02 5.97e+04   1.0 1.90e+00    -  1.00e+00 1.00e+00h  1
  52  1.1775187e+01 2.21e-02 2.88e+04   0.6 1.22e+00    -  1.00e+00 1.00e+00h  1
  53  1.1727849e+01 3.24e-02 2.88e+04  -0.0 1.60e+00    -  1.00e+00 1.00e+00h  1
  54  1.1745744e+01 2.72e-02 3.18e+04   0.3 1.41e+00    -  1.00e+00 1.00e+00f  1
  55  1.1730541e+01 1.29e-02 1.80e+04   0.2 1.00e+00    -  1.00e+00 1.00e+00f  1
  56  1.1724432e+01 1.75e-03 5.71e+03  -0.7 3.80e-01    -  1.00e+00 1.00e+00h  1
  57  1.1722523e+01 4.55e-04 2.06e+03  -1.9 1.78e-01    -  1.00e+00 1.00e+00h  1
  58  1.1714154e+01 1.02e-04 2.47e+03  -2.9 2.54e-01    -  9.98e-01 1.00e+00H  1
  59  1.1697621e+01 1.06e-03 3.50e+03  -2.1 3.34e-01    -  1.00e+00 1.00e+00h  1
iter    objective    inf_pr   inf_du lg(mu)  ||d||  lg(rg) alpha_du alpha_pr  ls
  60  1.1699984e+01 4.83e-04 2.42e+03  -3.5 1.44e-01    -  1.00e+00 6.06e-01h  1
  61  1.1701725e+01 2.45e-04 1.80e+03  -4.0 1.16e-01    -  1.00e+00 8.40e-01h  1
  62  1.1695452e+01 2.34e-04 1.12e+03  -4.0 6.32e-02    -  1.00e+00 1.00e+00h  1
  63  1.1675306e+01 2.07e-03 2.41e+03  -4.0 1.96e-01    -  1.00e+00 1.00e+00h  1
  64  1.1631257e+01 1.09e-02 3.27e+04  -3.3 1.06e+01    -  1.00e+00 3.92e-02h  1
  65  1.1620809e+01 1.81e-01 2.12e+04  -1.7 9.87e-01    -  1.00e+00 1.00e+00f  1
  66  1.1551105e+01 5.79e-02 5.97e+03  -1.9 7.88e-01    -  1.00e+00 9.87e-01h  1
  67  1.1478211e+01 1.80e-02 4.38e+03  -2.2 6.53e-01    -  1.00e+00 1.00e+00h  1
  68  1.1430921e+01 1.20e-02 4.26e+03  -3.0 5.76e-01    -  1.00e+00 4.88e-01h  1
  69  1.1400474e+01 1.18e-02 1.59e+03  -1.6 4.31e-01    -  1.00e+00 1.00e+00f  1
iter    objective    inf_pr   inf_du lg(mu)  ||d||  lg(rg) alpha_du alpha_pr  ls
  70  1.1358133e+01 5.75e-03 7.19e+02  -2.5 3.49e-01    -  1.00e+00 1.00e+00h  1
  71  1.1318754e+01 2.21e-03 2.69e+02  -3.3 1.86e-01    -  1.00e+00 1.00e+00h  1
  72  1.1333272e+01 2.71e-02 2.54e+03  -2.0 6.17e-01    -  5.62e-01 1.00e+00f  1
  73  1.1209667e+01 1.68e-02 1.21e+03  -2.3 7.12e-01    -  8.03e-02 7.37e-01h  1
  74  1.1294376e+01 3.20e-02 8.88e+02  -1.6 1.51e+00    -  1.00e+00 3.86e-01f  1
  75  1.1290807e+01 1.20e-02 9.77e+02  -1.7 4.94e-02    -  1.00e+00 6.25e-01h  1
  76  1.1246185e+01 1.21e-03 1.06e+01  -2.9 2.67e-01    -  1.00e+00 1.00e+00h  1
  77  1.1019569e+01 4.47e-02 1.41e+02  -2.1 1.54e+00    -  1.00e+00 6.72e-01h  1
  78  1.0145303e+01 6.64e+00 7.15e+02  -1.3 2.95e+02    -  2.39e-01 1.22e-01f  1
  79  1.4912453e+01 2.17e+01 1.11e+03  -0.6 2.78e+02    -  3.56e-01 1.68e-01f  1
iter    objective    inf_pr   inf_du lg(mu)  ||d||  lg(rg) alpha_du alpha_pr  ls
  80  1.1061890e+01 5.78e+00 2.95e+02  -1.1 2.32e+01    -  6.69e-01 8.11e-01h  1
  81  9.1886698e+00 1.85e+00 1.84e+02  -1.1 1.89e+01    -  6.73e-01 1.00e+00h  1
  82  8.6564136e+00 1.08e+00 1.15e+02  -1.1 9.25e+00    -  1.00e+00 9.43e-01h  1
  83  8.0471489e+00 1.08e+00 6.68e+01  -1.2 6.61e+00    -  9.99e-01 1.00e+00h  1
  84  7.5671994e+00 3.24e-01 5.76e+01  -1.7 5.62e+00    -  1.00e+00 1.00e+00h  1
  85  6.9506355e+00 4.54e-01 4.93e+01  -1.8 6.73e+00    -  1.00e+00 8.80e-01h  1
  86  6.1398994e+00 1.90e+00 1.33e+02  -1.6 1.34e+01    -  1.00e+00 8.61e-01h  1
  87  5.4552509e+00 3.83e-01 1.09e+02  -1.8 9.87e+00    -  1.00e+00 1.00e+00h  1
  88  5.2150785e+00 4.64e-01 6.89e+01  -1.5 7.46e+00    -  8.41e-01 1.00e+00h  1
  89  4.7915348e+00 2.56e-01 3.84e+01  -2.0 4.89e+00    -  1.00e+00 8.54e-01h  1
iter    objective    inf_pr   inf_du lg(mu)  ||d||  lg(rg) alpha_du alpha_pr  ls
  90  4.0147212e+00 1.79e+00 5.24e+01  -2.0 1.17e+01    -  1.00e+00 8.32e-01h  1
  91  4.1582278e+00 2.25e+00 1.15e+02  -1.5 1.76e+01    -  6.10e-01 6.72e-01h  1
  92  3.6884908e+00 5.35e-01 5.49e+01  -1.7 6.18e+00    -  1.00e+00 1.00e+00h  1
  93  3.9088093e+00 5.91e-01 6.18e+01  -1.2 7.73e+00    -  1.00e+00 6.63e-01h  1
  94  3.8385662e+00 5.01e-01 8.08e+01  -1.3 4.53e+00    -  1.00e+00 1.00e+00h  1
  95  3.6325937e+00 1.75e-01 3.21e+01  -1.9 3.74e+00    -  1.00e+00 9.68e-01h  1
  96  3.4240973e+00 2.02e-01 4.22e+01  -2.0 4.36e+00    -  1.00e+00 8.88e-01h  1
  97  3.0045105e+00 4.18e-01 6.24e+01  -2.1 5.47e+00    -  1.00e+00 1.00e+00h  1
  98  2.3019394e+00 1.89e+00 1.19e+02  -1.9 1.55e+01    -  1.00e+00 6.34e-01h  1
  99  2.8369287e+00 3.02e+00 2.17e+02  -1.4 1.57e+01    -  1.00e+00 7.11e-01h  1
iter    objective    inf_pr   inf_du lg(mu)  ||d||  lg(rg) alpha_du alpha_pr  ls
 100  2.5270999e+00 7.66e-01 7.06e+01  -1.5 5.30e+00    -  1.00e+00 1.00e+00h  1
 101  2.2969462e+00 2.84e-01 2.47e+01  -2.0 3.73e+00    -  1.00e+00 1.00e+00h  1
 102  2.0033810e+00 5.52e-01 3.08e+01  -2.2 5.29e+00    -  1.00e+00 9.16e-01h  1
 103  1.9276801e+00 2.26e+00 7.25e+01  -1.9 6.83e+00    -  1.00e+00 1.00e+00h  1
 104  1.7941151e+00 3.82e-01 1.82e+01  -2.3 3.98e+00    -  1.00e+00 1.00e+00h  1
 105  1.7258418e+00 1.91e-01 1.02e+01  -2.0 2.38e+00    -  1.00e+00 8.75e-01h  1
 106  1.6771192e+00 9.38e-02 1.06e+01  -2.5 2.27e+00    -  1.00e+00 5.82e-01h  1
 107  1.5622548e+00 1.23e-01 1.90e+01  -2.9 3.96e+00    -  1.00e+00 5.13e-01h  1
 108  1.4113358e+00 2.48e-01 3.89e+01  -2.5 1.60e+01    -  1.00e+00 1.95e-01h  1
 109  1.3145502e+00 1.84e+00 1.07e+02  -2.0 1.91e+01    -  1.00e+00 5.70e-01h  1
iter    objective    inf_pr   inf_du lg(mu)  ||d||  lg(rg) alpha_du alpha_pr  ls
 110  1.0810376e+00 7.52e-01 9.23e+01  -2.3 7.64e+00    -  1.00e+00 1.00e+00h  1
 111  8.6856277e-01 5.30e-01 4.10e+01  -2.6 5.45e+00    -  1.00e+00 1.00e+00h  1
 112  8.8865832e-01 3.97e-01 1.59e+01  -2.3 3.01e+00    -  1.00e+00 1.00e+00h  1
 113  8.5781935e-01 1.61e-01 1.04e+01  -2.7 1.98e+00    -  1.00e+00 9.88e-01h  1
 114  8.6051110e-01 1.10e-01 2.91e+01  -2.7 1.67e+00    -  8.83e-01 6.18e-01H  1
 115  8.6576642e-01 1.10e-01 1.35e+01  -2.4 1.47e+00    -  1.00e+00 1.00e+00h  1
 116  8.6239573e-01 6.28e-02 1.07e+01  -2.7 1.18e+00    -  1.00e+00 6.65e-01h  1
 117  8.5501727e-01 2.33e-02 2.49e+01  -3.2 1.16e+00    -  9.19e-01 7.68e-01H  1
 118  8.4299130e-01 1.74e-02 2.91e+01  -3.1 1.12e+00    -  1.00e+00 4.10e-01h  1
 119  8.2459119e-01 1.03e-01 6.83e+01  -2.6 1.94e+00    -  1.00e+00 8.31e-01h  1
iter    objective    inf_pr   inf_du lg(mu)  ||d||  lg(rg) alpha_du alpha_pr  ls
 120  7.9191210e-01 7.06e-02 3.93e+01  -2.9 1.21e+00    -  9.14e-01 1.00e+00h  1
 121  7.5088703e-01 3.79e-02 1.92e+01  -3.1 1.19e+00    -  1.00e+00 9.88e-01h  1
 122  7.3321088e-01 5.36e-02 2.50e+01  -2.9 1.15e+00    -  1.00e+00 8.96e-01h  1
 123  7.1621900e-01 2.65e-02 9.89e+00  -3.2 8.65e-01    -  1.00e+00 1.00e+00h  1
 124  7.1674977e-01 1.21e-02 1.03e+01  -2.9 8.22e-01    -  1.00e+00 5.82e-01h  1
 125  7.1321355e-01 9.57e-03 1.11e+01  -3.6 6.07e-01    -  1.00e+00 4.98e-01h  1
 126  6.8358762e-01 3.83e-02 2.43e+01  -3.4 4.66e+00    -  1.00e+00 3.05e-01h  1
 127  7.6744668e-01 2.21e-01 2.87e+01  -2.3 8.55e+00    -  7.93e-01 2.64e-01f  1
 128  7.7189286e-01 1.35e-01 4.35e+01  -2.5 1.65e+00    -  8.13e-01 1.00e+00h  1
 129  7.2674494e-01 1.16e-01 3.35e+01  -2.5 1.90e+00    -  9.47e-01 1.00e+00h  1
iter    objective    inf_pr   inf_du lg(mu)  ||d||  lg(rg) alpha_du alpha_pr  ls
 130  7.0806959e-01 1.08e-01 3.71e+01  -2.5 1.84e+00    -  1.00e+00 8.45e-01h  1
 131  7.0168528e-01 4.44e-02 1.34e+01  -2.6 1.13e+00    -  1.00e+00 1.00e+00h  1
 132  6.6449438e-01 8.91e-02 8.63e+00  -3.3 1.46e+00    -  1.00e+00 1.00e+00h  1
 133  6.5090988e-01 5.97e-01 3.92e+01  -2.7 2.85e+00    -  9.68e-01 8.72e-01h  1
 134  6.0467598e-01 1.48e-01 1.52e+01  -3.2 1.30e+00    -  1.00e+00 1.00e+00h  1
 135  5.9894622e-01 5.92e-02 1.04e+01  -3.0 9.11e-01    -  1.00e+00 7.98e-01h  1
 136  5.9003230e-01 3.76e-02 7.36e+00  -3.8 1.15e+00    -  1.00e+00 3.99e-01h  1
 137  5.9040736e-01 3.10e-02 1.54e+01  -3.0 1.25e+00    -  1.00e+00 7.61e-01h  1
 138  5.7743289e-01 6.37e-02 2.72e+01  -3.1 1.21e+00    -  1.00e+00 1.00e+00h  1
 139  5.4099992e-01 7.98e-02 1.82e+01  -3.2 1.41e+00    -  1.00e+00 9.88e-01h  1
iter    objective    inf_pr   inf_du lg(mu)  ||d||  lg(rg) alpha_du alpha_pr  ls
 140  5.0183625e-01 1.25e-01 2.51e+01  -2.9 2.27e+00    -  1.00e+00 9.60e-01h  1
 141  5.0567566e-01 5.07e-02 7.71e+00  -3.0 9.79e-01    -  1.00e+00 1.00e+00h  1
 142  6.1308476e-01 3.48e-01 1.56e+01  -2.3 3.72e+00    -  7.89e-01 7.60e-01h  1
 143  6.1731312e-01 7.23e-02 1.59e+01  -2.5 1.78e+00    -  1.00e+00 8.83e-01h  1
 144  6.0945592e-01 8.74e-02 3.36e+01  -2.5 1.94e+00    -  1.00e+00 8.51e-01h  1
 145  5.9480036e-01 6.37e-02 1.90e+01  -2.5 1.60e+00    -  1.00e+00 1.00e+00h  1
 146  6.0072584e-01 4.15e-02 8.61e+00  -2.5 1.00e+00    -  1.00e+00 1.00e+00h  1
 147  6.0973657e-01 3.25e-02 9.16e+00  -2.5 1.14e+00    -  7.55e-01 1.00e+00h  1
 148  5.7444672e-01 8.20e-02 1.66e+01  -3.0 1.22e+00    -  1.00e+00 9.18e-01h  1
 149  5.4701967e-01 5.11e-02 1.79e+01  -3.1 1.13e+00    -  8.67e-01 7.45e-01h  1
iter    objective    inf_pr   inf_du lg(mu)  ||d||  lg(rg) alpha_du alpha_pr  ls
 150  5.6084860e-01 3.19e-02 1.16e+01  -2.7 1.18e+00    -  1.00e+00 7.31e-01h  1
 151  5.4744330e-01 3.74e-02 2.04e+01  -3.5 8.21e-01    -  1.00e+00 9.94e-01h  1
 152  5.2374650e-01 2.68e-02 1.40e+01  -3.1 8.61e-01    -  1.00e+00 9.48e-01h  1
 153  5.1734948e-01 1.19e-02 1.05e+01  -3.1 6.39e-01    -  1.00e+00 7.53e-01h  1
 154  5.0851463e-01 6.20e-03 7.26e+00  -3.4 5.08e-01    -  1.00e+00 6.60e-01h  1
 155  4.9505641e-01 1.09e-02 1.09e+01  -4.0 9.60e-01    -  1.00e+00 4.78e-01h  1
 156  4.7943101e-01 2.77e-02 2.43e+01  -3.4 1.52e+00    -  1.00e+00 5.71e-01h  1
 157  4.8365396e-01 2.85e-02 2.87e+01  -3.1 1.11e+00    -  1.00e+00 8.30e-01h  1
 158  4.6861102e-01 1.68e-02 1.90e+01  -3.3 6.55e-01    -  1.00e+00 1.00e+00h  1
 159  4.6024970e-01 7.61e-03 6.86e+00  -3.6 4.93e-01    -  1.00e+00 7.48e-01h  1
iter    objective    inf_pr   inf_du lg(mu)  ||d||  lg(rg) alpha_du alpha_pr  ls
 160  4.5696239e-01 5.35e-03 7.34e+00  -3.6 6.17e-01    -  1.00e+00 5.40e-01h  1
 161  4.8451291e-01 2.74e-02 2.07e+01  -3.1 7.48e-01    -  1.00e+00 1.00e+00h  1
 162  4.7986024e-01 4.93e-03 1.11e+01  -3.2 4.80e-01    -  1.00e+00 1.00e+00h  1
 163  4.6233541e-01 1.19e-02 1.86e+01  -3.2 6.61e-01    -  1.00e+00 1.00e+00h  1
 164  4.6023148e-01 2.74e-02 1.73e+01  -3.2 7.89e-01    -  1.00e+00 1.00e+00h  1
 165  4.6107498e-01 7.22e-03 8.54e+00  -3.2 3.45e-01    -  1.00e+00 1.00e+00h  1
 166  4.6354452e-01 2.95e-03 1.00e+01  -3.4 3.68e-01    -  1.00e+00 7.91e-01h  1
 167  4.5467256e-01 2.76e-03 1.74e+01  -4.0 7.09e-01    -  1.00e+00 3.77e-01h  1
 168  4.3665078e-01 5.79e-02 4.34e+01  -3.5 2.35e+00    -  1.00e+00 6.40e-01h  1
 169  4.3968750e-01 2.51e-02 1.26e+01  -3.2 8.05e-01    -  1.00e+00 1.00e+00h  1
iter    objective    inf_pr   inf_du lg(mu)  ||d||  lg(rg) alpha_du alpha_pr  ls
 170  4.4241621e-01 5.25e-03 8.64e+00  -3.4 4.38e-01    -  1.00e+00 9.81e-01h  1
 171  4.4324633e-01 3.77e-03 8.90e+00  -3.5 6.37e-01    -  8.92e-01 4.99e-01H  1
 172  4.3150999e-01 8.53e-03 1.42e+01  -4.0 8.65e-01    -  1.00e+00 6.60e-01h  1
 173  4.1870220e-01 2.86e-02 2.95e+01  -3.5 2.11e+00    -  1.00e+00 4.38e-01h  1
 174  4.1638162e-01 1.14e-02 1.22e+01  -3.5 7.15e-01    -  1.00e+00 1.00e+00h  1
 175  4.2841030e-01 5.87e-03 5.17e+00  -3.2 8.77e-01    -  1.00e+00 5.92e-01h  1
 176  4.4792108e-01 1.34e-02 1.03e+01  -3.3 5.83e-01    -  4.97e-01 1.00e+00H  1
 177  4.4197468e-01 9.65e-03 8.62e+00  -3.3 4.19e-01    -  1.00e+00 5.78e-01h  1
 178  5.4417733e-01 2.26e-01 1.35e+02  -2.6 2.53e+00    -  7.59e-01 9.59e-01f  1
 179  5.0875233e-01 1.22e-01 7.85e+01  -2.8 2.28e+00    -  9.71e-01 5.47e-01h  1
iter    objective    inf_pr   inf_du lg(mu)  ||d||  lg(rg) alpha_du alpha_pr  ls
 180  4.8690300e-01 2.48e-02 2.48e+01  -2.8 1.26e+00    -  9.25e-01 1.00e+00h  1
 181  4.6415489e-01 2.92e-02 1.54e+01  -2.8 2.05e+00    -  9.24e-01 3.39e-01h  1
 182  4.8148443e-01 1.29e-02 8.37e+00  -2.8 7.05e-01    -  1.00e+00 6.44e-01h  1
 183  4.9503860e-01 1.24e-02 1.06e+01  -2.8 6.48e-01    -  1.00e+00 1.00e+00h  1
 184  4.8729983e-01 5.79e-03 6.77e+00  -2.8 4.70e-01    -  1.00e+00 9.47e-01h  1
 185  4.9403767e-01 3.38e-03 9.59e+00  -2.8 4.96e-01    -  1.00e+00 5.00e-01h  2
 186  4.7693533e-01 1.00e-02 1.57e+01  -3.4 7.04e-01    -  1.00e+00 9.42e-01h  1
 187  4.3850731e-01 5.24e-02 4.45e+01  -3.5 2.67e+00    -  1.00e+00 4.56e-01h  1
 188  4.1691915e-01 4.06e-02 5.78e+01  -3.5 1.62e+00    -  1.00e+00 6.37e-01h  1
 189  4.0856020e-01 2.87e-02 2.77e+01  -3.5 8.48e-01    -  6.23e-01 1.00e+00h  1
iter    objective    inf_pr   inf_du lg(mu)  ||d||  lg(rg) alpha_du alpha_pr  ls
 190  4.0498330e-01 1.32e-02 6.75e+00  -3.7 5.01e-01    -  1.00e+00 1.00e+00h  1
 191  4.4794256e-01 6.57e-02 1.28e+01  -3.0 1.53e+00    -  6.75e-01 1.00e+00h  1
 192  4.3088693e-01 4.66e-02 9.36e+00  -3.2 1.45e+00    -  1.00e+00 4.78e-01h  1
 193  4.2341103e-01 2.75e-02 7.75e+00  -3.2 8.50e-01    -  9.83e-01 4.85e-01h  1
 194  4.1302040e-01 1.26e-02 1.13e+01  -3.2 6.40e-01    -  1.00e+00 8.81e-01h  1
 195  4.1630524e-01 1.82e-02 6.78e+00  -3.2 6.35e-01    -  8.31e-01 8.18e-01h  1
 196  4.0964660e-01 6.52e-03 2.96e+00  -3.7 3.18e-01    -  1.00e+00 7.63e-01h  1
 197  4.2276980e-01 2.17e-03 1.03e+01  -3.4 5.89e-01    -  1.00e+00 6.40e-01H  1
 198  4.1446448e-01 6.61e-03 8.90e+00  -4.0 9.08e-01    -  1.00e+00 4.45e-01h  1
 199  4.0750683e-01 1.06e-02 1.95e+01  -4.1 1.65e+00    -  3.63e-01 2.37e-01h  1
iter    objective    inf_pr   inf_du lg(mu)  ||d||  lg(rg) alpha_du alpha_pr  ls
 200  3.9642085e-01 3.47e-02 4.24e+01  -4.1 2.47e+00    -  9.79e-01 3.68e-01h  1
 201  4.2210766e-01 3.22e-02 3.50e+01  -2.8 2.41e+00    -  5.32e-01 4.08e-01f  1
 202  4.0974753e-01 1.49e-02 2.74e+01  -3.2 6.58e-01    -  1.00e+00 1.00e+00h  1
 203  4.0315802e-01 1.89e-02 1.42e+01  -3.2 6.49e-01    -  1.00e+00 9.83e-01h  1
 204  3.9444383e-01 2.26e-02 1.20e+01  -3.6 8.63e-01    -  1.00e+00 9.34e-01h  1
 205  4.1391256e-01 6.23e-02 2.58e+01  -2.6 4.54e+00    -  3.60e-01 2.24e-01h  1
 206  3.9279041e-01 4.54e-01 6.28e+01  -3.0 3.76e+00    -  6.08e-01 1.00e+00h  1
 207  3.6624365e-01 1.07e-01 2.55e+01  -3.0 1.27e+00    -  1.00e+00 9.82e-01h  1
 208  4.0742269e-01 1.06e-01 8.87e+00  -2.6 1.84e+00    -  1.00e+00 8.99e-01h  1
 209  4.0745563e-01 8.43e-02 1.73e+01  -2.7 2.04e+00    -  1.00e+00 7.71e-01h  1
iter    objective    inf_pr   inf_du lg(mu)  ||d||  lg(rg) alpha_du alpha_pr  ls
 210  3.9961522e-01 1.89e-01 3.08e+01  -2.7 2.48e+00    -  1.00e+00 1.00e+00h  1
 211  3.7433746e-01 7.88e-02 1.98e+01  -2.7 2.07e+00    -  1.00e+00 1.00e+00h  1
 212  3.5282935e-01 6.63e-02 1.15e+01  -2.7 1.11e+00    -  9.11e-01 1.00e+00h  1
 213  3.5924271e-01 4.24e-02 9.50e+00  -3.0 9.65e-01    -  1.00e+00 9.35e-01h  1
 214  3.6325394e-01 1.66e-02 1.94e+01  -3.2 1.02e+00    -  1.00e+00 7.78e-01H  1
 215  3.7507431e-01 7.37e-02 1.81e+01  -2.7 9.81e-01    -  1.00e+00 1.00e+00h  1
 216  3.7477598e-01 2.36e-02 8.97e+00  -2.8 5.92e-01    -  1.00e+00 9.98e-01h  1
 217  3.6384060e-01 1.32e-02 2.92e+00  -3.5 5.80e-01    -  1.00e+00 8.34e-01h  1
 218  3.4390357e-01 4.46e-02 1.75e+01  -3.5 1.26e+00    -  1.00e+00 7.53e-01h  1
 219  3.2426613e-01 2.53e-02 1.51e+01  -3.3 1.04e+00    -  1.00e+00 9.18e-01h  1
iter    objective    inf_pr   inf_du lg(mu)  ||d||  lg(rg) alpha_du alpha_pr  ls
 220  3.6102624e-01 2.24e-01 1.99e+01  -2.7 2.11e+00    -  8.07e-01 1.00e+00h  1
 221  3.4148392e-01 6.20e-02 8.42e+00  -2.9 9.79e-01    -  1.00e+00 1.00e+00h  1
 222  3.3309194e-01 3.41e-02 7.77e+00  -2.9 1.09e+00    -  1.00e+00 8.50e-01h  1
 223  3.2513541e-01 1.34e-02 7.21e+00  -3.1 9.07e-01    -  1.00e+00 5.87e-01H  1
 224  3.1125758e-01 1.44e-02 9.50e+00  -3.6 1.09e+00    -  1.00e+00 5.93e-01h  1
 225  3.0131096e-01 1.60e-02 1.21e+01  -3.8 1.63e+00    -  1.00e+00 3.52e-01h  1
 226  2.8330837e-01 4.23e-02 2.00e+01  -3.6 2.04e+00    -  6.32e-01 5.98e-01h  1
 227  2.8786001e-01 1.66e-02 5.54e+00  -3.4 6.26e-01    -  1.00e+00 1.00e+00h  1
 228  2.8487650e-01 1.08e-02 2.89e+00  -3.9 5.21e-01    -  1.00e+00 4.28e-01h  1
 229  2.8373847e-01 5.28e-03 5.47e+00  -4.0 7.44e-01    -  1.00e+00 5.59e-01H  1
iter    objective    inf_pr   inf_du lg(mu)  ||d||  lg(rg) alpha_du alpha_pr  ls
 230  2.9239038e-01 1.27e-02 1.18e+01  -3.4 8.68e-01    -  1.00e+00 6.98e-01h  1
 231  2.9411286e-01 4.43e-03 3.79e+00  -3.5 2.84e-01    -  8.35e-01 1.00e+00h  1
 232  2.9282793e-01 2.12e-03 8.48e+00  -4.0 4.24e-01    -  1.00e+00 5.27e-01H  1
 233  2.9192951e-01 1.63e-03 6.83e+00  -4.0 3.63e-01    -  1.00e+00 2.99e-01h  2
 234  2.9275617e-01 9.27e-04 1.06e+01  -4.0 2.71e-01    -  9.40e-01 7.85e-01H  1
 235  2.9626713e-01 1.22e-02 1.40e+01  -3.5 7.73e-01    -  8.90e-01 1.00e+00h  1
 236  2.8742740e-01 5.74e-03 4.58e+00  -3.6 4.69e-01    -  1.00e+00 1.00e+00h  1
 237  2.8962194e-01 3.49e-03 7.64e+00  -3.6 3.63e-01    -  7.45e-01 1.00e+00h  1
 238  2.8521323e-01 3.30e-03 3.38e+00  -4.0 2.27e-01    -  1.00e+00 9.59e-01h  1
 239  2.8461579e-01 1.61e-03 3.59e+00  -4.0 2.70e-01    -  1.00e+00 6.39e-01h  1
iter    objective    inf_pr   inf_du lg(mu)  ||d||  lg(rg) alpha_du alpha_pr  ls
 240  2.8922082e-01 6.25e-04 9.63e+00  -4.0 2.10e-01    -  1.00e+00 8.05e-01H  1
 241  2.8518645e-01 2.13e-03 1.25e+01  -4.0 1.92e-01    -  4.34e-01 1.00e+00h  1
 242  2.8308853e-01 1.18e-03 6.87e+00  -4.0 2.79e-01    -  1.00e+00 5.07e-01h  1
 243  2.8457242e-01 6.25e-03 1.86e+01  -3.6 4.57e-01    -  1.00e+00 1.00e+00h  1
 244  2.7955803e-01 6.28e-03 1.74e+01  -3.7 4.07e-01    -  1.00e+00 1.00e+00h  1
 245  2.7962337e-01 1.01e-02 1.67e+01  -3.5 5.50e-01    -  9.95e-01 1.00e+00h  1
 246  2.7161460e-01 8.95e-03 1.22e+01  -3.6 1.03e+00    -  9.74e-01 4.19e-01h  1
 247  2.6755339e-01 1.25e-02 1.55e+01  -3.6 6.97e-01    -  1.00e+00 6.71e-01h  1
 248  2.6316215e-01 7.18e-03 7.50e+00  -3.9 3.57e-01    -  1.00e+00 9.82e-01h  1
 249  2.6687556e-01 5.33e-03 7.99e+00  -3.5 3.09e-01    -  1.00e+00 1.00e+00h  1
iter    objective    inf_pr   inf_du lg(mu)  ||d||  lg(rg) alpha_du alpha_pr  ls
 250  2.6500343e-01 2.86e-03 4.11e+00  -4.0 3.34e-01    -  1.00e+00 7.49e-01h  1
 251  2.6808422e-01 8.00e-04 9.95e+00  -4.0 3.25e-01    -  1.00e+00 1.00e+00H  1
 252  2.6251795e-01 4.66e-03 1.82e+01  -4.0 9.06e-01    -  1.00e+00 4.01e-01h  1
 253  2.6599556e-01 4.15e-02 3.40e+01  -3.3 1.56e+00    -  1.00e+00 5.42e-01h  1
 254  2.5908727e-01 2.24e-02 3.21e+01  -3.4 6.25e-01    -  7.50e-01 1.00e+00h  1
 255  2.5763801e-01 7.32e-03 9.32e+00  -3.6 5.79e-01    -  1.00e+00 9.86e-01h  1
 256  2.5592007e-01 4.82e-03 6.68e+00  -3.6 3.34e-01    -  1.00e+00 3.32e-01h  1
 257  2.5611753e-01 3.39e-03 7.33e+00  -3.8 4.10e-01    -  8.25e-01 9.95e-01H  1
 258  2.4846824e-01 7.60e-03 6.20e+00  -3.9 7.20e-01    -  1.00e+00 7.85e-01h  1
 259  2.4667156e-01 4.36e-03 4.21e+00  -3.9 4.75e-01    -  9.50e-01 3.96e-01h  1
iter    objective    inf_pr   inf_du lg(mu)  ||d||  lg(rg) alpha_du alpha_pr  ls
 260  2.5815570e-01 4.04e-02 1.48e+01  -3.3 8.45e-01    -  8.88e-01 1.00e+00h  1
 261  2.5905389e-01 8.27e-03 1.48e+01  -3.4 4.76e-01    -  1.00e+00 1.00e+00h  1
 262  2.5232112e-01 7.57e-03 3.38e+00  -3.4 3.32e-01    -  1.00e+00 1.00e+00h  1
 263  2.5616863e-01 3.78e-03 5.34e+00  -3.4 2.58e-01    -  1.00e+00 1.00e+00h  1
 264  2.5335024e-01 1.80e-03 3.57e+00  -4.0 2.26e-01    -  1.00e+00 6.61e-01h  1
 265  2.4864653e-01 3.54e-03 1.06e+01  -4.0 4.32e-01    -  1.00e+00 7.09e-01h  1
 266  2.4817008e-01 1.29e-03 5.87e+00  -4.0 1.74e-01    -  1.00e+00 1.00e+00h  1
 267  2.5000999e-01 4.58e-04 3.11e+00  -4.0 1.26e-01    -  1.00e+00 8.77e-01h  1
 268  2.5079924e-01 1.06e-04 4.85e+00  -4.0 7.95e-02    -  1.00e+00 1.00e+00H  1
 269  2.4726484e-01 1.96e-03 8.63e+00  -4.0 2.09e-01    -  1.00e+00 1.00e+00h  1
iter    objective    inf_pr   inf_du lg(mu)  ||d||  lg(rg) alpha_du alpha_pr  ls
 270  2.4379732e-01 4.47e-03 1.49e+01  -4.0 3.03e-01    -  1.00e+00 1.00e+00h  1
 271  2.4430965e-01 1.04e-03 5.15e+00  -4.0 1.41e-01    -  1.00e+00 1.00e+00h  1
 272  2.4512482e-01 3.99e-04 4.57e+00  -4.0 1.15e-01    -  1.00e+00 1.00e+00H  1
 273  2.4459100e-01 2.11e-04 1.86e+00  -4.0 7.23e-02    -  1.00e+00 1.00e+00h  1
 274  2.4033740e-01 9.68e-03 2.17e+01  -4.0 5.21e-01    -  1.00e+00 1.00e+00h  1
 275  2.3763185e-01 3.29e-03 6.53e+00  -4.0 2.17e-01    -  1.00e+00 1.00e+00h  1
 276  2.3739318e-01 1.43e-03 3.12e+00  -4.0 1.77e-01    -  1.00e+00 6.95e-01h  1
 277  2.3947293e-01 2.25e-04 5.44e+00  -4.0 1.54e-01    -  1.00e+00 9.42e-01H  1
 278  2.3813696e-01 2.39e-03 1.04e+01  -4.0 1.97e-01    -  1.00e+00 1.00e+00h  1
 279  2.3517441e-01 5.38e-03 1.39e+01  -4.1 3.84e-01    -  4.89e-01 9.23e-01h  1
iter    objective    inf_pr   inf_du lg(mu)  ||d||  lg(rg) alpha_du alpha_pr  ls
 280  2.3476100e-01 2.55e-02 2.96e+01  -3.3 2.24e+00    -  5.72e-01 2.58e-01f  1
 281  2.3160135e-01 1.20e-02 2.52e+01  -4.0 3.77e-01    -  8.55e-01 5.21e-01h  1
 282  2.3095028e-01 3.73e-03 6.52e+00  -4.0 2.97e-01    -  1.00e+00 1.00e+00h  1
 283  2.3097586e-01 1.77e-03 4.80e+00  -4.0 2.74e-01    -  1.00e+00 5.00e-01h  2
 284  2.2945461e-01 4.07e-03 9.12e+00  -4.0 7.22e-01    -  1.00e+00 3.97e-01h  1
 285  2.2843134e-01 3.73e-02 3.05e+01  -3.7 1.80e+00    -  1.00e+00 5.36e-01h  1
 286  2.2158067e-01 1.76e-02 2.18e+01  -4.0 6.18e-01    -  8.19e-01 5.33e-01h  1
 287  2.3119483e-01 3.64e-02 6.68e+00  -3.2 6.99e-01    -  1.00e+00 9.69e-01h  1
 288  2.3485619e-01 2.11e-02 7.29e+00  -3.3 4.16e-01    -  1.00e+00 4.14e-01h  1
 289  2.3877387e-01 7.75e-03 7.49e+00  -3.3 3.75e-01    -  5.74e-01 1.00e+00h  1
iter    objective    inf_pr   inf_du lg(mu)  ||d||  lg(rg) alpha_du alpha_pr  ls
 290  2.5265914e-01 5.97e-03 1.77e+01  -3.3 4.21e-01    -  1.00e+00 1.00e+00H  1
 291  2.4709342e-01 2.65e-03 1.01e+01  -3.3 2.16e-01    -  1.00e+00 1.00e+00h  1
 292  2.4632918e-01 3.66e-03 1.38e+01  -3.3 3.59e-01    -  1.00e+00 1.00e+00h  1
 293  2.4617781e-01 2.05e-03 6.08e+00  -3.3 2.27e-01    -  1.00e+00 1.00e+00h  1
 294  2.5073935e-01 8.06e-04 4.01e+00  -3.3 2.06e-01    -  1.00e+00 1.00e+00h  1
 295  2.5140370e-01 4.90e-04 4.10e+00  -3.3 1.33e-01    -  1.00e+00 5.00e-01h  2
 296  2.5320820e-01 4.63e-04 4.47e+00  -3.3 9.50e-02    -  1.00e+00 1.00e+00h  1
 297  2.5345227e-01 3.10e-04 4.28e+00  -3.3 1.94e-01    -  1.00e+00 2.50e-01h  3
 298  2.5529612e-01 1.55e-04 5.86e+00  -3.3 1.42e-01    -  1.00e+00 1.00e+00H  1
 299  2.5541035e-01 3.50e-04 7.38e+00  -3.3 2.75e-01    -  1.00e+00 2.50e-01h  3
iter    objective    inf_pr   inf_du lg(mu)  ||d||  lg(rg) alpha_du alpha_pr  ls
 300  2.5549583e-01 4.66e-04 8.26e+00  -3.3 2.73e-01    -  1.00e+00 2.50e-01h  3
 301  2.5679704e-01 3.89e-04 8.66e+00  -3.3 1.76e-01    -  1.00e+00 1.00e+00H  1
 302  2.5400968e-01 3.40e-03 1.11e+01  -3.3 2.63e-01    -  1.00e+00 1.00e+00h  1
 303  2.5355794e-01 9.90e-04 2.93e+00  -3.3 1.38e-01    -  1.00e+00 1.00e+00h  1
 304  2.5677454e-01 1.45e-03 7.19e+00  -3.3 1.56e-01    -  1.00e+00 8.51e-01H  1
 305  2.5525041e-01 3.39e-04 2.37e+00  -3.3 8.19e-02    -  1.00e+00 1.00e+00f  1
 306  2.5654183e-01 1.89e-04 3.41e+00  -3.3 1.13e-01    -  1.00e+00 1.00e+00H  1
 307  2.5601150e-01 1.60e-04 2.68e+00  -3.3 8.28e-02    -  1.00e+00 1.00e+00h  1
 308  2.5589350e-01 3.07e-04 3.54e+00  -3.3 7.06e-02    -  1.00e+00 1.00e+00h  1
 309  2.5630574e-01 1.14e-04 1.07e+00  -3.3 4.45e-02    -  1.00e+00 1.00e+00h  1
iter    objective    inf_pr   inf_du lg(mu)  ||d||  lg(rg) alpha_du alpha_pr  ls
 310  2.5511986e-01 1.03e-04 1.41e+00  -4.0 4.20e-02    -  1.00e+00 1.00e+00h  1
 311  2.4549865e-01 5.93e-03 1.03e+01  -4.0 1.24e+00    -  1.00e+00 3.13e-01h  1
 312  2.3264896e-01 2.55e-02 2.79e+01  -4.1 2.07e+00    -  1.00e+00 3.75e-01h  1
 313  2.2465676e-01 2.45e-02 3.28e+01  -4.1 1.27e+00    -  3.15e-01 3.74e-01h  1
 314  2.2514332e-01 2.61e-03 1.29e+01  -4.1 3.04e-01    -  9.61e-01 1.00e+00h  1
 315  2.2510985e-01 2.22e-03 5.78e+00  -4.0 2.62e-01    -  1.00e+00 1.00e+00h  1
 316  2.2518699e-01 1.26e-03 2.57e+00  -4.0 2.44e-01    -  1.00e+00 6.75e-01h  1
 317  2.2613657e-01 1.25e-03 6.19e+00  -4.0 1.69e-01    -  1.00e+00 8.52e-01h  1
 318  2.2680502e-01 6.25e-04 4.11e+00  -4.0 1.35e-01    -  1.00e+00 1.00e+00h  1
 319  2.3017881e-01 1.31e-03 3.28e+00  -3.7 1.95e-01    -  1.00e+00 1.00e+00h  1
iter    objective    inf_pr   inf_du lg(mu)  ||d||  lg(rg) alpha_du alpha_pr  ls
 320  2.3059269e-01 2.86e-04 2.37e+00  -3.8 8.21e-02    -  1.00e+00 1.00e+00h  1
 321  2.2836094e-01 8.64e-04 3.80e+00  -4.0 1.23e-01    -  1.00e+00 1.00e+00h  1
 322  2.2563028e-01 1.46e-03 8.69e+00  -4.1 1.77e-01    -  1.00e+00 1.00e+00h  1
 323  2.2560239e-01 6.88e-04 2.72e+00  -4.1 1.20e-01    -  1.00e+00 1.00e+00h  1
 324  2.2580302e-01 5.01e-04 2.71e+00  -4.0 1.69e-01    -  1.00e+00 4.31e-01h  1
 325  2.2725026e-01 2.05e-04 2.22e+00  -4.0 6.90e-02    -  1.00e+00 1.00e+00h  1
 326  2.2713828e-01 8.24e-05 1.08e+00  -4.0 4.68e-02    -  1.00e+00 1.00e+00h  1
 327  2.2731305e-01 7.66e-05 8.40e-01  -4.0 3.47e-02    -  1.00e+00 1.00e+00h  1
 328  2.2715882e-01 3.88e-04 2.59e+00  -4.0 7.32e-02    -  1.00e+00 1.00e+00h  1
 329  2.2553423e-01 1.42e-03 6.31e+00  -4.1 1.66e-01    -  1.00e+00 1.00e+00h  1
iter    objective    inf_pr   inf_du lg(mu)  ||d||  lg(rg) alpha_du alpha_pr  ls
 330  2.2331319e-01 4.16e-03 1.45e+01  -4.1 2.83e-01    -  1.00e+00 1.00e+00h  1
 331  2.2418782e-01 4.37e-03 8.28e+00  -3.7 2.54e-01    -  1.00e+00 1.00e+00h  1
 332  2.2398821e-01 2.33e-03 4.62e+00  -4.0 1.53e-01    -  1.00e+00 4.78e-01h  1
 333  2.2418818e-01 9.67e-04 5.63e+00  -4.0 2.03e-01    -  1.00e+00 6.52e-01H  1
 334  2.2477136e-01 5.59e-04 4.69e+00  -4.0 1.00e-01    -  1.00e+00 1.00e+00h  1
 335  2.2485037e-01 4.38e-04 2.12e+00  -4.0 9.55e-02    -  1.00e+00 1.00e+00h  1
 336  2.2776424e-01 8.00e-04 5.65e+00  -3.6 1.20e-01    -  1.00e+00 1.00e+00h  1
 337  2.2897949e-01 4.44e-04 4.37e+00  -3.7 7.98e-02    -  1.00e+00 1.00e+00h  1
 338  2.2879001e-01 3.09e-04 1.58e+00  -3.7 6.94e-02    -  1.00e+00 1.00e+00h  1
 339  2.2964259e-01 2.69e-04 2.51e+00  -3.7 8.89e-02    -  1.00e+00 1.00e+00h  1
iter    objective    inf_pr   inf_du lg(mu)  ||d||  lg(rg) alpha_du alpha_pr  ls
 340  2.3005020e-01 6.18e-05 1.61e+00  -3.7 4.92e-02    -  1.00e+00 1.00e+00h  1
 341  2.3057891e-01 1.44e-04 2.51e+00  -3.7 4.95e-02    -  1.00e+00 1.00e+00h  1
 342  2.3047867e-01 5.09e-05 8.48e-01  -3.7 3.37e-02    -  1.00e+00 1.00e+00h  1
 343  2.2858445e-01 2.56e-04 2.04e+00  -4.0 8.01e-02    -  1.00e+00 1.00e+00h  1
 344  2.2364151e-01 2.76e-03 1.14e+01  -4.1 2.59e-01    -  1.00e+00 9.53e-01h  1
 345  2.2401572e-01 1.04e-03 3.27e+00  -4.0 1.30e-01    -  1.00e+00 1.00e+00f  1
 346  2.2564440e-01 2.37e-04 3.47e+00  -4.0 8.79e-02    -  1.00e+00 1.00e+00h  1
 347  2.2576843e-01 8.99e-05 2.09e+00  -4.0 4.53e-02    -  1.00e+00 1.00e+00h  1
 348  2.2590805e-01 5.02e-05 1.33e+00  -4.0 3.23e-02    -  1.00e+00 1.00e+00h  1
 349  2.2589555e-01 6.10e-05 1.37e+00  -4.0 3.60e-02    -  1.00e+00 1.00e+00h  1
iter    objective    inf_pr   inf_du lg(mu)  ||d||  lg(rg) alpha_du alpha_pr  ls
 350  2.2544241e-01 4.91e-04 3.23e+00  -4.0 1.24e-01    -  1.00e+00 1.00e+00h  1
 351  2.2423398e-01 3.79e-04 2.36e+00  -4.1 8.85e-02    -  1.00e+00 1.00e+00h  1
 352  2.2553117e-01 1.91e-04 4.44e+00  -4.0 7.18e-02    -  7.41e-01 1.00e+00H  1
 353  2.2498010e-01 1.43e-04 5.93e-01  -4.0 5.16e-02    -  1.00e+00 1.00e+00h  1
 354  2.2536589e-01 6.09e-06 1.05e+00  -4.0 3.73e-02    -  1.00e+00 1.00e+00H  1
 355  2.2455236e-01 3.73e-03 9.64e+00  -4.0 3.02e-01    -  1.00e+00 1.00e+00h  1
 356  2.2201755e-01 1.77e-03 3.02e+00  -4.1 2.45e-01    -  1.00e+00 1.00e+00h  1
 357  2.2279599e-01 1.55e-03 5.77e+00  -4.0 3.07e-01    -  8.89e-01 5.00e-01h  2
 358  2.2258382e-01 5.23e-03 1.74e+01  -4.0 2.97e-01    -  1.00e+00 8.98e-01h  1
 359  2.2003506e-01 2.37e-03 5.10e+00  -4.1 2.68e-01    -  1.00e+00 1.00e+00h  1
iter    objective    inf_pr   inf_du lg(mu)  ||d||  lg(rg) alpha_du alpha_pr  ls
 360  2.1986481e-01 3.16e-03 5.44e+00  -4.0 2.02e-01    -  1.00e+00 9.10e-01h  1
 361  2.2198854e-01 2.80e-03 4.09e+00  -3.7 2.29e-01    -  1.00e+00 1.00e+00h  1
 362  2.2572910e-01 1.87e-03 9.93e+00  -3.8 2.80e-01    -  7.62e-01 7.35e-01H  1
 363  2.2330187e-01 2.47e-03 6.76e+00  -3.8 2.03e-01    -  1.00e+00 1.00e+00h  1
 364  2.2323294e-01 1.18e-03 2.88e+00  -3.8 1.19e-01    -  5.14e-01 1.00e+00h  1
 365  2.2459591e-01 4.43e-04 1.55e+00  -4.0 1.05e-01    -  1.00e+00 1.00e+00h  1
 366  2.2428943e-01 2.83e-04 2.42e+00  -4.1 1.06e-01    -  1.00e+00 5.00e-01h  2
 367  2.2379585e-01 2.55e-04 2.01e+00  -4.1 5.98e-02    -  1.00e+00 1.00e+00h  1
 368  2.2397852e-01 3.37e-04 3.04e+00  -4.0 7.40e-02    -  1.00e+00 1.00e+00h  1
 369  2.2358059e-01 1.51e-04 2.25e+00  -4.1 8.76e-02    -  1.00e+00 1.00e+00h  1
iter    objective    inf_pr   inf_du lg(mu)  ||d||  lg(rg) alpha_du alpha_pr  ls
 370  2.2390533e-01 1.94e-04 1.21e+00  -4.0 6.80e-02    -  1.00e+00 1.00e+00h  1
 371  2.2404456e-01 3.98e-05 6.13e-01  -4.0 3.24e-02    -  1.00e+00 1.00e+00h  1
 372  2.2421615e-01 3.51e-05 1.09e+00  -4.0 4.05e-02    -  1.00e+00 1.00e+00H  1
 373  2.2352482e-01 8.71e-03 1.46e+01  -4.0 5.33e-01    -  1.00e+00 1.00e+00h  1
 374  2.2036793e-01 4.23e-02 4.21e+01  -4.1 2.00e+00    -  5.83e-01 5.45e-01h  1
 375  2.1087065e-01 1.89e-02 4.07e+01  -4.1 9.15e-01    -  3.84e-01 6.56e-01h  1
 376  2.1090411e-01 1.38e-02 3.23e+01  -4.0 4.75e-01    -  6.45e-02 2.68e-01f  1
 377  2.1821822e-01 9.53e-03 5.70e+00  -3.8 5.68e-01    -  7.21e-01 1.00e+00h  1
 378  2.3983213e-01 6.43e-02 1.60e+01  -3.1 9.96e-01    -  1.00e+00 1.00e+00h  1
 379  2.3509862e-01 9.63e-03 1.14e+01  -3.2 5.07e-01    -  9.63e-01 1.00e+00h  1
iter    objective    inf_pr   inf_du lg(mu)  ||d||  lg(rg) alpha_du alpha_pr  ls
 380  2.3358562e-01 7.24e-03 9.12e+00  -3.2 6.03e-01    -  8.49e-01 2.44e-01h  3
 381  2.3404794e-01 5.86e-03 6.85e+00  -3.2 7.08e-01    -  7.58e-01 1.85e-01H  1
 382  2.3547567e-01 2.82e-03 3.96e+00  -3.2 4.62e-01    -  1.00e+00 4.68e-01f  2
 383  2.3714437e-01 2.29e-03 7.08e+00  -3.2 5.16e-01    -  1.00e+00 2.50e-01h  3
 384  2.3903282e-01 2.48e-03 5.24e+00  -3.2 5.42e-01    -  1.00e+00 2.50e-01h  3
 385  2.4568057e-01 1.84e-03 4.03e+00  -3.2 2.47e-01    -  1.00e+00 1.00e+00h  1
 386  2.4643527e-01 2.37e-03 8.07e+00  -3.2 2.65e-01    -  1.00e+00 1.00e+00h  1
 387  2.4439176e-01 1.79e-03 1.72e+00  -3.2 2.13e-01    -  1.00e+00 1.00e+00h  1
 388  2.5102725e-01 3.33e-04 5.75e+00  -3.2 1.97e-01    -  1.00e+00 1.00e+00H  1
 389  2.5038358e-01 3.02e-04 4.92e+00  -3.2 2.82e-01    -  1.00e+00 2.50e-01h  3
iter    objective    inf_pr   inf_du lg(mu)  ||d||  lg(rg) alpha_du alpha_pr  ls
 390  2.4994277e-01 4.12e-04 5.75e+00  -3.2 4.27e-01    -  1.00e+00 1.25e-01h  4
 391  2.4979728e-01 3.78e-04 4.98e+00  -3.2 3.21e-01    -  1.00e+00 1.25e-01h  4
 392  2.4965272e-01 4.03e-04 5.17e+00  -3.2 5.11e-01    -  1.00e+00 1.25e-01h  4
 393  2.4957369e-01 4.09e-04 4.16e+00  -3.2 9.15e-01    -  1.00e+00 3.07e-02h  6
 394  2.4922464e-01 2.24e-02 2.13e+01  -3.2 9.84e-01    -  1.00e+00 1.00e+00h  1
 395  2.4685687e-01 4.69e-02 5.09e+01  -3.2 1.64e+00    -  1.00e+00 1.00e+00h  1
 396  2.2047730e-01 8.50e-02 6.32e+01  -3.2 1.93e+00    -  1.00e+00 1.00e+00h  1
 397  2.2661611e-01 2.56e-02 8.98e+00  -3.2 1.03e+00    -  1.00e+00 1.00e+00h  1
 398  2.3694726e-01 1.45e-02 4.43e+00  -3.2 7.77e-01    -  1.00e+00 1.00e+00h  1
 399  2.3529836e-01 1.31e-02 1.14e+01  -3.2 6.65e-01    -  1.00e+00 1.00e+00h  1
iter    objective    inf_pr   inf_du lg(mu)  ||d||  lg(rg) alpha_du alpha_pr  ls
 400  2.3318400e-01 7.00e-03 5.28e+00  -3.2 4.03e-01    -  9.35e-01 8.20e-01h  1
 401  2.3643155e-01 7.30e-03 6.75e+00  -3.2 3.82e-01    -  1.00e+00 1.00e+00h  1
 402  2.3879626e-01 4.55e-03 3.58e+00  -3.2 3.78e-01    -  1.00e+00 1.00e+00h  1
 403  2.3867156e-01 6.38e-03 1.16e+01  -3.2 2.32e-01    -  1.00e+00 1.00e+00h  1
 404  2.4000474e-01 2.32e-03 3.43e+00  -3.2 1.95e-01    -  1.00e+00 1.00e+00h  1
 405  2.4332093e-01 7.04e-04 5.61e+00  -3.2 2.11e-01    -  1.00e+00 1.00e+00h  1
 406  2.4369152e-01 8.26e-04 4.15e+00  -3.2 1.14e-01    -  1.00e+00 1.00e+00h  1
 407  2.4382114e-01 4.67e-04 3.14e+00  -3.2 9.46e-02    -  1.00e+00 1.00e+00h  1
 408  2.4452376e-01 3.77e-04 4.44e+00  -3.2 7.52e-02    -  1.00e+00 1.00e+00h  1
 409  2.4465568e-01 2.53e-04 4.11e+00  -3.2 5.53e-02    -  1.00e+00 1.00e+00h  1
iter    objective    inf_pr   inf_du lg(mu)  ||d||  lg(rg) alpha_du alpha_pr  ls
 410  2.4475431e-01 7.77e-05 1.40e+00  -3.2 3.72e-02    -  1.00e+00 1.00e+00h  1
 411  2.4512299e-01 2.87e-05 2.29e+00  -3.2 5.57e-02    -  1.00e+00 1.00e+00H  1
 412  2.4502248e-01 8.72e-04 3.55e+00  -3.2 1.54e-01    -  1.00e+00 1.00e+00h  1
 413  2.4469908e-01 9.09e-04 4.55e+00  -3.2 4.23e-01    -  1.00e+00 2.50e-01h  3
 414  2.4414211e-01 9.10e-04 6.15e+00  -3.2 8.45e-01    -  1.00e+00 1.25e-01h  4
 415  2.4396940e-01 9.15e-04 6.89e+00  -3.2 1.48e+00    -  1.00e+00 3.12e-02h  6
 416  2.4378435e-01 9.31e-04 7.86e+00  -3.2 2.87e+00    -  1.00e+00 1.56e-02h  7
 417  2.4368073e-01 9.51e-04 8.61e+00  -3.2 4.68e+00    -  1.00e+00 7.81e-03h  8
 418  2.3752917e-01 5.91e-01 1.15e+02  -3.2 6.47e+00    -  1.00e+00 8.26e-01h  1
 419  1.9055487e-01 2.29e-01 1.03e+01  -3.2 4.18e+00    -  7.02e-01 9.39e-01h  1
iter    objective    inf_pr   inf_du lg(mu)  ||d||  lg(rg) alpha_du alpha_pr  ls
 420  2.3876219e-01 2.27e-01 9.34e+00  -2.7 3.39e+00    -  1.00e+00 7.94e-01f  1
 421  2.4752836e-01 1.21e-01 6.04e+00  -2.8 1.63e+00    -  1.00e+00 1.00e+00h  1
 422  2.4404844e-01 5.72e-02 7.47e+00  -2.8 1.19e+00    -  1.00e+00 1.00e+00h  1
 423  2.5423186e-01 6.48e-02 6.37e+00  -2.8 8.91e-01    -  1.00e+00 1.00e+00h  1
 424  2.5884957e-01 2.68e-02 3.51e+00  -2.8 9.32e-01    -  1.00e+00 8.98e-01h  1
 425  2.7002593e-01 1.07e-02 4.31e+00  -2.8 9.95e-01    -  1.00e+00 5.00e-01h  2
 426  2.7100113e-01 8.12e-03 3.78e+00  -2.8 6.23e-01    -  1.00e+00 5.00e-01h  2
 427  2.7415529e-01 4.45e-03 5.69e+00  -2.8 4.54e-01    -  1.00e+00 5.00e-01h  2
 428  2.7640379e-01 4.92e-03 4.76e+00  -2.8 5.92e-01    -  1.00e+00 5.00e-01h  2
 429  2.8133326e-01 3.83e-03 4.89e+00  -2.8 3.42e-01    -  1.00e+00 1.00e+00h  1
iter    objective    inf_pr   inf_du lg(mu)  ||d||  lg(rg) alpha_du alpha_pr  ls
 430  2.8474310e-01 1.41e-02 9.20e+00  -2.8 2.27e-01    -  1.00e+00 4.97e-01H  1
 431  2.8467146e-01 2.68e-03 5.32e+00  -2.8 1.45e-01    -  1.00e+00 1.00e+00h  1
 432  2.8482154e-01 1.03e-03 7.92e+00  -2.8 1.07e-01    -  1.00e+00 1.00e+00h  1
 433  2.8547980e-01 2.88e-04 5.60e+00  -2.8 9.26e-02    -  1.00e+00 1.00e+00h  1
 434  2.8587067e-01 1.65e-04 2.67e+00  -2.8 5.36e-02    -  1.00e+00 1.00e+00h  1
 435  2.8595743e-01 8.63e-05 3.34e+00  -2.8 3.95e-02    -  1.00e+00 1.00e+00h  1
 436  2.8585070e-01 4.22e-05 2.02e+00  -2.8 2.92e-02    -  1.00e+00 1.00e+00h  1
 437  2.8562271e-01 2.38e-04 2.20e+00  -2.8 1.04e-01    -  1.00e+00 1.00e+00h  1
 438  2.8518389e-01 5.52e-04 4.73e+00  -2.8 1.95e-01    -  1.00e+00 5.00e-01h  2
 439  2.8509537e-01 2.86e-04 6.20e+00  -2.8 7.03e-02    -  1.00e+00 1.00e+00h  1
iter    objective    inf_pr   inf_du lg(mu)  ||d||  lg(rg) alpha_du alpha_pr  ls
 440  2.8498718e-01 3.09e-04 6.08e+00  -2.8 6.43e-02    -  1.00e+00 1.00e+00h  1
 441  2.8488825e-01 1.01e-04 1.80e+00  -2.8 5.22e-02    -  1.00e+00 1.00e+00h  1
 442  2.8486287e-01 1.35e-05 1.70e+00  -2.8 3.85e-02    -  1.00e+00 1.00e+00H  1
 443  2.8454559e-01 2.50e-05 6.86e+00  -2.8 1.55e-01    -  1.00e+00 1.00e+00H  1
 444  2.8382905e-01 1.25e-03 1.19e+01  -2.8 6.01e-01    -  1.00e+00 2.50e-01h  3
 445  2.8296007e-01 2.81e-03 1.71e+01  -2.8 1.46e+00    -  1.00e+00 1.25e-01h  4
 446  2.8257431e-01 2.83e-03 1.88e+01  -2.8 1.24e+00    -  1.00e+00 6.25e-02h  5
 447  2.8222393e-01 2.79e-03 1.91e+01  -2.8 6.61e-01    -  1.00e+00 1.25e-01h  4
 448  2.7870491e-01 8.04e-02 5.14e+01  -2.8 1.46e+00    -  1.00e+00 1.00e+00h  1
 449  2.7252175e-01 2.47e-02 4.29e+01  -2.8 6.69e-01    -  1.00e+00 1.00e+00h  1
iter    objective    inf_pr   inf_du lg(mu)  ||d||  lg(rg) alpha_du alpha_pr  ls
 450  2.7302448e-01 1.85e-02 1.79e+01  -2.8 5.35e-01    -  9.68e-01 1.00e+00h  1
 451  2.7387806e-01 5.41e-02 1.32e+01  -2.8 8.01e-01    -  1.00e+00 1.00e+00h  1
 452  2.7159343e-01 2.25e-02 3.56e+00  -2.8 7.18e-01    -  1.00e+00 1.00e+00h  1
 453  2.7382180e-01 3.80e-02 1.76e+01  -2.8 1.07e+00    -  1.00e+00 1.00e+00h  1
 454  2.6958449e-01 1.52e-02 3.01e+00  -2.8 6.68e-01    -  1.00e+00 1.00e+00h  1
 455  2.6961851e-01 1.48e-02 7.62e+00  -2.8 5.72e-01    -  1.00e+00 1.00e+00h  1
 456  2.6948867e-01 8.09e-03 5.54e+00  -2.8 4.13e-01    -  1.00e+00 1.00e+00h  1
 457  2.7216908e-01 4.12e-03 7.86e+00  -2.8 2.90e-01    -  1.00e+00 7.30e-01h  1
 458  2.7289409e-01 2.23e-03 1.30e+01  -2.8 3.41e-01    -  1.00e+00 5.00e-01h  2
 459  2.7417911e-01 1.75e-03 7.28e+00  -2.8 3.36e-01    -  1.00e+00 5.00e-01h  2
iter    objective    inf_pr   inf_du lg(mu)  ||d||  lg(rg) alpha_du alpha_pr  ls
 460  2.7613825e-01 8.47e-04 6.56e+00  -2.8 2.50e-01    -  1.00e+00 5.00e-01h  2
 461  2.7867744e-01 7.98e-03 6.69e+00  -2.8 2.24e-01    -  1.00e+00 7.61e-01H  1
 462  2.7900463e-01 1.20e-03 4.39e+00  -2.8 8.02e-02    -  1.00e+00 1.00e+00f  1
 463  2.7969123e-01 2.44e-04 3.15e+00  -2.8 4.82e-02    -  1.00e+00 1.00e+00h  1
 464  2.7995746e-01 8.14e-05 1.26e+00  -2.8 3.22e-02    -  1.00e+00 1.00e+00h  1
 465  2.8018497e-01 6.16e-05 1.18e+00  -2.8 2.70e-02    -  1.00e+00 1.00e+00h  1
 466  2.8027641e-01 1.79e-05 7.64e-01  -2.8 1.39e-02    -  1.00e+00 1.00e+00h  1
 467  2.8035438e-01 3.14e-05 4.90e-01  -2.8 7.76e-03    -  1.00e+00 1.00e+00h  1
 468  2.8057230e-01 1.66e-07 6.37e-01  -2.8 1.72e-02    -  1.00e+00 1.00e+00H  1
 469  2.7332394e-01 2.70e-03 4.49e+00  -3.9 2.62e-01    -  9.99e-01 1.00e+00f  1
iter    objective    inf_pr   inf_du lg(mu)  ||d||  lg(rg) alpha_du alpha_pr  ls
 470  2.5502173e-01 2.04e-02 2.23e+01  -4.0 1.99e+00    -  1.00e+00 3.18e-01h  1
 471  2.3887642e-01 2.60e-02 2.09e+01  -4.0 1.68e+00    -  5.86e-01 3.71e-01h  1
 472  2.2066193e-01 4.35e-02 3.14e+01  -4.0 2.57e+00    -  8.36e-01 2.62e-01h  1
 473  2.0644357e-01 5.04e-02 3.59e+01  -4.0 2.61e+00    -  7.99e-01 2.50e-01h  1
 474  2.1635733e-01 1.60e-02 1.50e+01  -3.3 7.56e-01    -  1.00e+00 1.00e+00f  1
 475  2.2116670e-01 4.63e-03 4.31e+00  -3.3 4.77e-01    -  1.00e+00 7.47e-01h  1
 476  2.1542901e-01 1.87e-02 8.48e+00  -3.4 4.38e-01    -  1.00e+00 1.00e+00h  1
 477  2.0156030e-01 1.61e-02 1.03e+01  -3.8 6.17e-01    -  1.00e+00 9.77e-01h  1
 478  2.3979938e-01 1.03e-01 1.09e+01  -3.1 1.90e+00    -  5.19e-01 1.00e+00h  1
 479  2.0399156e-01 1.24e-01 6.00e+00  -3.4 2.83e+00    -  1.00e+00 6.14e-01h  1
iter    objective    inf_pr   inf_du lg(mu)  ||d||  lg(rg) alpha_du alpha_pr  ls
 480  1.9815570e-01 3.72e-02 4.76e+00  -3.4 1.07e+00    -  7.72e-01 9.24e-01h  1
 481  1.9154419e-01 3.22e-02 3.43e+00  -3.5 9.38e-01    -  1.00e+00 9.92e-01h  1
 482  2.0833649e-01 8.54e-02 6.95e+00  -3.2 9.60e-01    -  1.00e+00 1.00e+00h  1
 483  1.9669692e-01 3.27e-02 1.99e+00  -3.3 8.02e-01    -  1.00e+00 1.00e+00h  1
 484  1.9113493e-01 2.06e-02 1.09e+00  -4.0 1.05e+00    -  7.45e-01 3.38e-01h  1
 485  1.8949345e-01 1.38e-02 2.25e+00  -3.9 8.07e-01    -  1.00e+00 4.96e-01h  2
 486  1.9138824e-01 2.00e-02 4.42e+00  -3.6 5.59e-01    -  1.00e+00 9.86e-01h  1
 487  1.9157165e-01 1.70e-02 2.01e+00  -3.6 4.20e-01    -  1.00e+00 8.17e-01h  1
 488  1.9109910e-01 6.17e-03 4.12e+00  -3.8 3.93e-01    -  1.00e+00 6.83e-01H  1
 489  1.9000526e-01 2.97e-03 5.83e+00  -4.0 2.84e-01    -  1.00e+00 1.00e+00h  1
iter    objective    inf_pr   inf_du lg(mu)  ||d||  lg(rg) alpha_du alpha_pr  ls
 490  1.8825109e-01 6.42e-03 5.87e+00  -4.0 3.55e-01    -  1.00e+00 1.00e+00h  1
 491  1.8869577e-01 3.01e-03 1.56e+00  -4.0 2.39e-01    -  1.00e+00 7.08e-01h  1
 492  1.9000411e-01 1.19e-03 3.60e+00  -4.0 2.53e-01    -  1.00e+00 1.00e+00h  1
 493  1.9035740e-01 5.75e-04 2.07e+00  -4.0 1.53e-01    -  1.00e+00 6.65e-01h  1
 494  1.9144261e-01 3.50e-04 4.43e+00  -4.0 1.06e-01    -  1.00e+00 1.00e+00H  1
 495  1.8969502e-01 1.09e-03 4.00e+00  -4.0 1.36e-01    -  1.00e+00 1.00e+00h  1
 496  1.8951514e-01 6.34e-04 2.58e+00  -4.0 1.18e-01    -  1.00e+00 3.90e-01h  1
 497  1.9032260e-01 3.40e-04 2.91e+00  -4.0 7.43e-02    -  1.00e+00 1.00e+00h  1
 498  1.9043989e-01 1.19e-04 1.22e+00  -4.0 5.36e-02    -  1.00e+00 1.00e+00h  1
 499  1.9034617e-01 1.88e-04 1.56e+00  -4.0 7.68e-02    -  1.00e+00 1.00e+00h  1
iter    objective    inf_pr   inf_du lg(mu)  ||d||  lg(rg) alpha_du alpha_pr  ls
 500  1.8727985e-01 9.85e-03 1.42e+01  -4.1 1.11e+00    -  7.75e-01 5.69e-01h  1
 501  1.8852828e-01 3.04e-02 2.51e+01  -3.8 8.75e-01    -  1.00e+00 1.00e+00h  1
 502  1.8287633e-01 6.76e-03 1.17e+01  -3.9 4.79e-01    -  1.00e+00 1.00e+00h  1
 503  1.8472111e-01 3.16e-03 2.85e+00  -3.6 3.79e-01    -  1.00e+00 6.47e-01h  1
 504  1.8777942e-01 2.15e-03 7.05e+00  -3.9 3.19e-01    -  8.30e-01 9.66e-01H  1
 505  1.8493297e-01 6.05e-03 9.50e+00  -4.0 3.73e-01    -  1.00e+00 1.00e+00h  1
 506  1.8290438e-01 5.55e-03 1.22e+00  -4.0 3.21e-01    -  1.00e+00 1.00e+00h  1
 507  1.8455074e-01 1.78e-03 2.74e+00  -4.0 1.63e-01    -  1.00e+00 1.00e+00h  1
 508  1.8897146e-01 1.44e-03 5.14e+00  -3.7 1.97e-01    -  1.00e+00 1.00e+00H  1
 509  1.8655008e-01 7.14e-04 1.75e+00  -4.0 1.49e-01    -  1.00e+00 1.00e+00h  1
iter    objective    inf_pr   inf_du lg(mu)  ||d||  lg(rg) alpha_du alpha_pr  ls
 510  1.8567801e-01 4.11e-04 2.51e+00  -4.0 1.09e-01    -  1.00e+00 1.00e+00h  1
 511  1.8588146e-01 3.98e-04 4.07e+00  -4.0 1.20e-01    -  1.00e+00 1.00e+00h  1
 512  1.8575528e-01 2.04e-04 6.38e-01  -4.0 1.00e-01    -  1.00e+00 1.00e+00h  1
 513  1.8629973e-01 5.37e-05 9.35e-01  -4.0 3.61e-02    -  1.00e+00 1.00e+00h  1
 514  1.8581829e-01 1.85e-04 1.91e+00  -4.0 9.09e-02    -  1.00e+00 1.00e+00h  1
 515  1.8389816e-01 2.34e-03 6.59e+00  -4.1 3.25e-01    -  1.00e+00 1.00e+00h  1
 516  1.8176759e-01 8.01e-03 1.89e+01  -4.1 6.87e-01    -  1.00e+00 7.93e-01h  1
 517  1.8039357e-01 4.71e-03 1.20e+01  -4.0 4.14e-01    -  1.00e+00 1.00e+00h  1
 518  1.8615350e-01 5.24e-03 5.91e+00  -3.6 4.62e-01    -  7.72e-01 1.00e+00h  1
 519  1.8485535e-01 3.42e-03 4.16e+00  -3.8 4.26e-01    -  1.00e+00 3.55e-01h  1
iter    objective    inf_pr   inf_du lg(mu)  ||d||  lg(rg) alpha_du alpha_pr  ls
 520  1.8268346e-01 4.42e-03 5.67e+00  -3.8 3.10e-01    -  1.00e+00 1.00e+00h  1
 521  1.7857940e-01 8.28e-03 6.41e+00  -4.0 4.50e-01    -  1.00e+00 1.00e+00h  1
 522  1.7914858e-01 3.52e-03 3.57e+00  -4.0 5.48e-01    -  1.00e+00 8.07e-01h  1
 523  1.7878783e-01 2.14e-03 5.74e-01  -4.0 3.60e-01    -  1.00e+00 1.00e+00h  1
 524  1.8341526e-01 1.00e-03 2.96e+00  -4.0 2.41e-01    -  1.00e+00 1.00e+00h  1
 525  1.8332673e-01 1.41e-03 4.59e+00  -4.0 2.32e-01    -  1.00e+00 1.00e+00h  1
 526  1.8224455e-01 8.70e-04 1.59e+00  -4.0 1.55e-01    -  1.00e+00 1.00e+00h  1
 527  1.8266671e-01 1.65e-03 6.58e+00  -4.0 2.10e-01    -  1.00e+00 1.00e+00h  1
 528  1.8240751e-01 8.49e-04 6.02e-01  -4.0 1.42e-01    -  1.00e+00 1.00e+00h  1
 529  1.8427303e-01 1.40e-04 2.46e+00  -4.0 8.34e-02    -  1.00e+00 1.00e+00H  1
iter    objective    inf_pr   inf_du lg(mu)  ||d||  lg(rg) alpha_du alpha_pr  ls
 530  1.8354496e-01 2.98e-04 1.27e+00  -4.0 7.83e-02    -  1.00e+00 1.00e+00h  1
 531  1.8298563e-01 1.65e-04 1.97e+00  -4.1 6.88e-02    -  1.00e+00 1.00e+00h  1
 532  1.8293614e-01 3.75e-04 3.36e+00  -4.0 9.96e-02    -  1.00e+00 1.00e+00h  1
 533  1.8198879e-01 5.18e-04 4.54e+00  -4.1 1.26e-01    -  1.00e+00 1.00e+00h  1
 534  1.8190312e-01 1.32e-03 4.18e+00  -4.0 2.00e-01    -  1.00e+00 1.00e+00h  1
 535  1.8130173e-01 1.10e-03 2.54e+00  -4.0 1.33e-01    -  1.00e+00 1.00e+00h  1
 536  1.8177809e-01 3.55e-04 2.84e+00  -4.0 8.93e-02    -  1.00e+00 9.73e-01h  1
 537  1.8234226e-01 1.02e-04 1.93e+00  -4.0 6.10e-02    -  1.00e+00 1.00e+00H  1
 538  1.8253986e-01 5.76e-05 1.03e+00  -4.0 4.14e-02    -  1.00e+00 1.00e+00h  1
 539  1.8182289e-01 6.52e-03 1.03e+01  -4.0 4.47e-01    -  1.00e+00 1.00e+00h  1
iter    objective    inf_pr   inf_du lg(mu)  ||d||  lg(rg) alpha_du alpha_pr  ls
 540  1.7878330e-01 2.56e-03 7.47e+00  -4.1 2.29e-01    -  9.16e-01 1.00e+00h  1
 541  1.8048999e-01 4.83e-04 1.52e+00  -4.0 1.38e-01    -  1.00e+00 1.00e+00h  1
 542  1.8175065e-01 5.13e-04 3.52e+00  -4.0 1.33e-01    -  1.00e+00 1.00e+00h  1
 543  1.8194861e-01 1.75e-04 1.32e+00  -4.0 7.21e-02    -  1.00e+00 1.00e+00h  1
 544  1.8168129e-01 3.24e-05 3.18e+00  -4.1 1.16e-01    -  1.00e+00 1.00e+00H  1
 545  1.7964373e-01 3.90e-02 3.07e+01  -4.0 1.64e+00    -  1.00e+00 6.06e-01h  1
 546  1.7710587e-01 5.63e-03 1.17e+01  -4.1 3.25e-01    -  8.17e-01 1.00e+00h  1
 547  1.7556381e-01 8.15e-03 4.49e+00  -4.0 4.56e-01    -  1.00e+00 1.00e+00h  1
 548  1.6942551e-01 3.61e-02 9.49e+00  -4.0 1.02e+00    -  1.00e+00 1.00e+00h  1
 549  1.6919898e-01 2.81e-02 7.47e+00  -4.0 6.67e-01    -  1.00e+00 2.23e-01h  1
iter    objective    inf_pr   inf_du lg(mu)  ||d||  lg(rg) alpha_du alpha_pr  ls
 550  1.7204256e-01 1.24e-02 4.14e+00  -3.7 4.78e-01    -  1.00e+00 1.00e+00h  1
 551  1.7537180e-01 7.26e-03 4.94e+00  -4.0 4.22e-01    -  1.00e+00 1.00e+00h  1
 552  1.7524270e-01 4.01e-03 2.21e+00  -4.0 3.73e-01    -  1.00e+00 5.00e-01h  2
 553  1.8149065e-01 3.30e-03 2.65e+00  -3.7 3.87e-01    -  1.00e+00 1.00e+00h  1
 554  1.7924198e-01 5.28e-03 5.70e+00  -3.8 2.40e-01    -  1.00e+00 1.00e+00h  1
 555  1.7660060e-01 5.20e-03 2.35e+00  -3.8 2.64e-01    -  1.00e+00 1.00e+00h  1
 556  1.8395159e-01 2.61e-03 2.15e+00  -3.6 3.68e-01    -  1.00e+00 1.00e+00h  1
 557  1.8438294e-01 1.68e-03 2.98e+00  -3.7 1.46e-01    -  1.00e+00 1.00e+00h  1
 558  1.8337163e-01 1.53e-03 6.48e+00  -3.7 1.64e-01    -  1.00e+00 1.00e+00h  1
 559  1.8388405e-01 1.15e-03 1.87e+00  -3.7 9.77e-02    -  1.00e+00 1.00e+00h  1
iter    objective    inf_pr   inf_du lg(mu)  ||d||  lg(rg) alpha_du alpha_pr  ls
 560  1.8623395e-01 4.49e-04 2.16e+00  -3.7 9.57e-02    -  1.00e+00 1.00e+00h  1
 561  1.8597437e-01 5.05e-04 3.06e+00  -3.7 1.05e-01    -  1.00e+00 1.00e+00h  1
 562  1.8546791e-01 2.98e-04 2.01e+00  -3.7 1.37e-01    -  1.00e+00 1.00e+00h  1
 563  1.8589197e-01 2.00e-04 7.08e-01  -3.7 6.18e-02    -  1.00e+00 1.00e+00h  1
 564  1.8607386e-01 1.38e-04 1.43e+00  -3.7 8.10e-02    -  1.00e+00 5.00e-01h  2
 565  1.8650905e-01 3.27e-05 4.74e-01  -3.7 3.10e-02    -  1.00e+00 1.00e+00h  1
 566  1.8657608e-01 3.84e-05 6.61e-01  -3.7 2.77e-02    -  1.00e+00 1.00e+00h  1
 567  1.8656809e-01 2.04e-05 2.07e+00  -3.7 9.56e-02    -  1.00e+00 1.00e+00H  1
 568  1.8133984e-01 1.13e-02 1.29e+01  -4.0 5.83e-01    -  1.00e+00 1.00e+00h  1
 569  1.7577068e-01 3.85e-03 6.84e+00  -4.1 3.09e-01    -  9.83e-01 1.00e+00h  1
iter    objective    inf_pr   inf_du lg(mu)  ||d||  lg(rg) alpha_du alpha_pr  ls
 570  1.7450707e-01 1.15e-02 9.14e+00  -4.1 5.85e-01    -  9.32e-01 8.64e-01h  1
 571  1.8470784e-01 1.97e-02 7.38e+00  -3.6 6.42e-01    -  1.00e+00 1.00e+00f  1
 572  1.7949149e-01 2.64e-02 8.44e+00  -3.7 9.76e-01    -  6.24e-01 1.00e+00h  1
 573  1.7740227e-01 6.91e-03 3.12e+00  -3.7 4.55e-01    -  1.00e+00 1.00e+00h  1
 574  1.7800646e-01 2.29e-03 2.71e+00  -3.7 4.00e-01    -  1.00e+00 7.03e-01H  1
 575  1.8270353e-01 1.60e-03 9.94e+00  -4.0 3.05e-01    -  9.02e-01 7.80e-01H  1
 576  1.7888711e-01 2.90e-03 4.66e+00  -4.1 3.30e-01    -  1.00e+00 7.47e-01h  1
 577  1.7416246e-01 1.24e-02 7.29e+00  -4.1 6.74e-01    -  1.00e+00 9.34e-01h  1
 578  1.7636221e-01 6.35e-03 2.76e+00  -3.8 3.02e-01    -  1.00e+00 1.00e+00f  1
 579  1.7650460e-01 2.35e-03 2.35e+00  -3.9 5.06e-01    -  1.00e+00 8.69e-01h  1
iter    objective    inf_pr   inf_du lg(mu)  ||d||  lg(rg) alpha_du alpha_pr  ls
 580  1.7729092e-01 1.16e-03 1.40e+00  -4.0 1.86e-01    -  1.00e+00 1.00e+00h  1
 581  1.8063700e-01 5.29e-04 3.57e+00  -4.0 1.92e-01    -  1.00e+00 1.00e+00H  1
 582  1.7702869e-01 2.02e-03 3.61e+00  -4.1 2.34e-01    -  1.00e+00 1.00e+00h  1
 583  1.7565452e-01 2.72e-03 4.70e+00  -4.1 2.01e-01    -  1.00e+00 1.00e+00h  1
 584  1.7754929e-01 1.13e-03 1.41e+00  -4.0 2.31e-01    -  1.00e+00 1.00e+00h  1
 585  1.7815929e-01 6.37e-04 2.55e+00  -4.1 1.38e-01    -  1.00e+00 1.00e+00h  1
 586  1.7812422e-01 7.02e-04 1.63e+00  -4.0 1.24e-01    -  1.00e+00 1.00e+00h  1
 587  1.7949605e-01 7.20e-05 1.28e+00  -4.0 7.26e-02    -  1.00e+00 1.00e+00H  1
 588  1.7929647e-01 7.94e-05 9.88e-01  -4.0 4.26e-02    -  1.00e+00 1.00e+00h  1
 589  1.7938418e-01 3.42e-05 7.93e-01  -4.0 3.61e-02    -  1.00e+00 1.00e+00h  1
iter    objective    inf_pr   inf_du lg(mu)  ||d||  lg(rg) alpha_du alpha_pr  ls
 590  1.7940992e-01 2.41e-05 9.53e-01  -4.0 2.25e-02    -  1.00e+00 1.00e+00h  1
 591  1.7934602e-01 7.82e-05 1.19e+00  -4.0 4.17e-02    -  1.00e+00 1.00e+00h  1
 592  1.7879481e-01 6.10e-05 8.66e-01  -4.1 3.27e-02    -  1.00e+00 1.00e+00h  1
 593  1.7893979e-01 6.97e-05 1.13e+00  -4.0 3.50e-02    -  1.00e+00 1.00e+00h  1
 594  1.7840525e-01 3.16e-04 2.09e+00  -4.1 8.51e-02    -  1.00e+00 1.00e+00h  1
 595  1.7625289e-01 2.03e-02 2.17e+01  -4.1 5.91e-01    -  1.00e+00 1.00e+00h  1
 596  1.7536706e-01 4.74e-02 3.23e+01  -4.1 1.06e+00    -  1.00e+00 1.00e+00h  1
 597  1.6835681e-01 1.46e-02 3.13e+01  -4.1 7.36e-01    -  1.00e+00 1.00e+00h  1
 598  1.7620643e-01 1.70e-02 7.66e+00  -3.6 6.15e-01    -  6.09e-01 1.00e+00h  1
 599  1.7570542e-01 1.38e-02 5.73e+00  -3.8 6.60e-01    -  4.76e-01 1.93e-01h  1
iter    objective    inf_pr   inf_du lg(mu)  ||d||  lg(rg) alpha_du alpha_pr  ls
 600  1.7366430e-01 1.34e-02 6.24e+00  -3.8 9.73e-01    -  1.00e+00 3.46e-01h  1
 601  1.7571820e-01 7.17e-03 1.27e+01  -3.8 7.94e-01    -  1.00e+00 7.12e-01H  1
 602  1.7055348e-01 1.94e-02 8.93e+00  -3.8 8.92e-01    -  1.00e+00 8.47e-01h  1
 603  1.6762337e-01 1.06e-02 3.81e+00  -4.0 4.98e-01    -  1.00e+00 1.00e+00h  1
 604  1.6930021e-01 4.05e-03 2.52e+00  -4.0 2.90e-01    -  1.00e+00 6.52e-01h  1
 605  1.7216227e-01 1.41e-03 5.12e+00  -4.0 2.66e-01    -  1.00e+00 6.52e-01H  1
 606  1.7235059e-01 5.52e-03 6.80e+00  -4.0 3.67e-01    -  1.00e+00 1.00e+00h  1
 607  1.7047352e-01 2.50e-03 1.35e+00  -4.1 3.07e-01    -  7.41e-01 1.00e+00h  1
 608  1.7361320e-01 1.04e-03 1.78e+00  -4.0 2.00e-01    -  1.00e+00 1.00e+00h  1
 609  1.7361078e-01 1.12e-03 1.97e+00  -4.0 1.59e-01    -  1.00e+00 1.00e+00h  1
iter    objective    inf_pr   inf_du lg(mu)  ||d||  lg(rg) alpha_du alpha_pr  ls
 610  1.7342510e-01 4.99e-04 1.11e+00  -4.0 1.11e-01    -  1.00e+00 1.00e+00h  1
 611  1.7446593e-01 1.73e-04 2.31e+00  -4.0 5.98e-02    -  1.00e+00 1.00e+00h  1
 612  1.7445331e-01 3.22e-04 2.78e+00  -4.0 6.88e-02    -  1.00e+00 1.00e+00h  1
 613  1.7430855e-01 9.81e-05 1.28e+00  -4.0 4.59e-02    -  1.00e+00 1.00e+00h  1
 614  1.7461795e-01 2.31e-05 4.35e-01  -4.0 2.38e-02    -  1.00e+00 1.00e+00h  1
 615  1.7460458e-01 3.28e-04 2.25e+00  -4.0 1.09e-01    -  1.00e+00 1.00e+00h  1
 616  1.7351052e-01 1.45e-03 6.19e+00  -4.1 2.14e-01    -  1.00e+00 1.00e+00h  1
 617  1.7286672e-01 6.34e-04 1.82e+00  -4.1 1.61e-01    -  1.00e+00 1.00e+00h  1
 618  1.7407988e-01 5.43e-04 3.00e+00  -4.0 1.34e-01    -  1.00e+00 1.00e+00h  1
 619  1.7302617e-01 2.95e-04 8.14e-01  -4.1 8.91e-02    -  1.00e+00 1.00e+00h  1
iter    objective    inf_pr   inf_du lg(mu)  ||d||  lg(rg) alpha_du alpha_pr  ls
 620  1.7399419e-01 1.12e-04 6.84e-01  -4.0 5.81e-02    -  1.00e+00 1.00e+00h  1
 621  1.7418812e-01 1.80e-03 4.85e+00  -4.0 2.30e-01    -  1.00e+00 1.00e+00h  1
 622  1.7243503e-01 7.92e-04 3.18e+00  -4.1 1.21e-01    -  1.00e+00 1.00e+00h  1
 623  1.7377351e-01 3.86e-04 1.73e+00  -4.0 1.14e-01    -  1.00e+00 1.00e+00h  1
 624  1.7342243e-01 9.85e-05 8.19e-01  -4.1 5.01e-02    -  9.47e-01 1.00e+00h  1
 625  1.7406821e-01 4.34e-05 1.03e+00  -4.0 8.03e-02    -  1.00e+00 1.00e+00H  1
 626  1.7406030e-01 6.50e-04 3.91e+00  -4.0 1.57e-01    -  1.00e+00 1.00e+00h  1
 627  1.7277069e-01 7.95e-03 1.36e+01  -4.1 4.16e-01    -  1.00e+00 1.00e+00h  1
 628  1.7135519e-01 3.21e-03 1.68e+01  -4.1 2.86e-01    -  1.00e+00 1.00e+00h  1
 629  1.7056659e-01 3.48e-03 2.49e+00  -4.1 3.22e-01    -  1.00e+00 1.00e+00h  1
iter    objective    inf_pr   inf_du lg(mu)  ||d||  lg(rg) alpha_du alpha_pr  ls
 630  1.6872185e-01 7.85e-03 6.75e+00  -4.1 6.99e-01    -  4.19e-01 7.40e-01h  1
 631  1.6742259e-01 5.27e-03 3.21e+00  -4.1 4.31e-01    -  1.00e+00 6.40e-01h  1
 632  1.6960135e-01 1.31e-02 7.91e+00  -3.8 1.37e+00    -  1.00e+00 5.00e-01f  2
 633  1.7219752e-01 9.29e-03 9.56e+00  -3.9 4.70e-01    -  1.00e+00 1.00e+00h  1
 634  1.6758098e-01 9.66e-03 4.39e+00  -3.9 4.18e-01    -  1.00e+00 1.00e+00h  1
 635  1.6973645e-01 3.52e-03 3.36e+00  -3.9 4.41e-01    -  5.14e-01 8.50e-01h  1
 636  1.7207361e-01 1.81e-03 2.27e+00  -3.9 2.79e-01    -  1.00e+00 1.00e+00h  1
 637  1.7225623e-01 1.21e-03 3.95e+00  -3.9 3.97e-01    -  1.00e+00 5.00e-01h  2
 638  1.7225955e-01 1.06e-03 1.27e+00  -4.0 1.70e-01    -  1.00e+00 1.00e+00h  1
 639  1.7356270e-01 3.06e-04 1.94e+00  -4.0 9.09e-02    -  1.00e+00 1.00e+00h  1
iter    objective    inf_pr   inf_du lg(mu)  ||d||  lg(rg) alpha_du alpha_pr  ls
 640  1.7271775e-01 3.93e-04 2.67e+00  -4.1 1.46e-01    -  1.00e+00 1.00e+00h  1
 641  1.7259521e-01 4.60e-04 1.53e+00  -4.0 9.11e-02    -  1.00e+00 1.00e+00h  1
 642  1.7320929e-01 3.48e-04 2.86e+00  -4.0 1.16e-01    -  1.00e+00 1.00e+00h  1
 643  1.7281614e-01 2.24e-04 1.65e-01  -4.0 8.75e-02    -  1.00e+00 1.00e+00h  1
 644  1.7334507e-01 1.04e-04 4.32e-01  -4.0 4.79e-02    -  1.00e+00 1.00e+00h  1
 645  1.7313169e-01 5.89e-04 2.28e+00  -4.0 1.22e-01    -  1.00e+00 1.00e+00h  1
 646  1.7203302e-01 8.20e-04 4.01e+00  -4.1 1.83e-01    -  1.00e+00 1.00e+00h  1
 647  1.7220422e-01 7.09e-04 1.87e+00  -4.0 1.61e-01    -  1.00e+00 1.00e+00h  1
 648  1.7264926e-01 5.22e-04 2.10e+00  -4.0 9.89e-02    -  1.00e+00 1.00e+00h  1
 649  1.7256347e-01 4.74e-04 2.31e+00  -4.0 9.57e-02    -  1.00e+00 1.00e+00h  1
iter    objective    inf_pr   inf_du lg(mu)  ||d||  lg(rg) alpha_du alpha_pr  ls
 650  1.7236661e-01 3.40e-04 1.42e+00  -4.0 1.03e-01    -  1.00e+00 1.00e+00h  1
 651  1.7263600e-01 1.14e-04 1.28e+00  -4.0 7.14e-02    -  1.00e+00 1.00e+00h  1
 652  1.7272381e-01 9.96e-05 7.67e-01  -4.0 4.39e-02    -  1.00e+00 1.00e+00h  1
 653  1.7280356e-01 2.43e-05 8.51e-01  -4.0 2.16e-02    -  1.00e+00 1.00e+00h  1
 654  1.7288626e-01 1.69e-05 5.12e-01  -4.0 1.68e-02    -  1.00e+00 1.00e+00h  1
 655  1.7290556e-01 9.29e-07 1.82e-01  -4.0 1.03e-02    -  1.00e+00 1.00e+00H  1
 656  1.7295877e-01 4.11e-05 3.89e-01  -4.0 3.02e-02    -  1.00e+00 1.00e+00h  1
 657  1.7201536e-01 9.68e-03 1.04e+01  -4.1 5.31e-01    -  1.00e+00 1.00e+00h  1
 658  1.6925367e-01 3.72e-03 4.53e+00  -4.1 2.81e-01    -  1.00e+00 1.00e+00h  1
 659  1.6914043e-01 1.31e-03 1.40e+00  -4.1 2.14e-01    -  1.00e+00 7.47e-01h  1
iter    objective    inf_pr   inf_du lg(mu)  ||d||  lg(rg) alpha_du alpha_pr  ls
 660  1.7265536e-01 1.36e-03 2.79e+00  -3.8 2.02e-01    -  1.00e+00 1.00e+00h  1
 661  1.7213501e-01 1.71e-03 3.61e+00  -3.9 1.71e-01    -  1.00e+00 1.00e+00h  1
 662  1.7126623e-01 1.68e-03 4.57e+00  -3.9 4.42e-01    -  1.00e+00 4.38e-01h  2
 663  1.7174628e-01 9.49e-04 4.32e+00  -3.9 2.18e-01    -  1.00e+00 1.00e+00h  1
 664  1.7164331e-01 3.60e-04 5.73e-01  -4.0 1.38e-01    -  1.00e+00 1.00e+00h  1
 665  1.7260678e-01 1.79e-04 1.17e+00  -4.0 6.13e-02    -  1.00e+00 1.00e+00h  1
 666  1.7252781e-01 1.05e-04 1.04e+00  -4.0 4.53e-02    -  1.00e+00 1.00e+00h  1
 667  1.7218934e-01 5.56e-04 3.39e+00  -4.0 1.22e-01    -  1.00e+00 1.00e+00h  1
 668  1.7090708e-01 7.02e-03 1.08e+01  -4.1 3.27e-01    -  1.00e+00 1.00e+00h  1
 669  1.6822283e-01 4.40e-03 1.48e+01  -4.1 2.69e-01    -  1.00e+00 1.00e+00h  1
iter    objective    inf_pr   inf_du lg(mu)  ||d||  lg(rg) alpha_du alpha_pr  ls
 670  1.6963559e-01 4.46e-03 2.20e+00  -4.0 2.39e-01    -  1.00e+00 1.00e+00h  1
 671  1.6882662e-01 5.70e-03 4.59e+00  -4.1 2.22e-01    -  1.00e+00 1.00e+00h  1
 672  1.6971367e-01 1.57e-03 1.56e+00  -4.0 1.28e-01    -  1.00e+00 1.00e+00h  1
 673  1.7074200e-01 7.98e-04 2.96e+00  -4.0 1.09e-01    -  1.00e+00 1.00e+00h  1
 674  1.7097357e-01 2.91e-04 2.05e+00  -4.0 8.48e-02    -  1.00e+00 1.00e+00h  1
 675  1.7089965e-01 1.96e-04 2.10e+00  -4.0 6.43e-02    -  1.00e+00 1.00e+00h  1
 676  1.7122085e-01 2.10e-04 1.08e+00  -4.0 4.79e-02    -  1.00e+00 1.00e+00h  1
 677  1.7144545e-01 3.22e-04 2.93e+00  -4.0 6.56e-02    -  1.00e+00 1.00e+00h  1
 678  1.7093874e-01 1.13e-04 9.46e-01  -4.1 4.58e-02    -  1.00e+00 1.00e+00h  1
 679  1.7140957e-01 3.16e-06 8.20e-01  -4.0 4.08e-02    -  1.00e+00 1.00e+00H  1
iter    objective    inf_pr   inf_du lg(mu)  ||d||  lg(rg) alpha_du alpha_pr  ls
 680  1.7165463e-01 6.27e-04 2.70e+00  -4.0 1.11e-01    -  1.00e+00 1.00e+00h  1
 681  1.7017991e-01 2.35e-02 1.88e+01  -4.1 8.74e-01    -  1.00e+00 1.00e+00h  1
 682  1.6270452e-01 1.13e-02 1.66e+01  -4.1 4.13e-01    -  1.00e+00 1.00e+00h  1
 683  1.6850829e-01 1.00e-02 4.67e+00  -3.7 4.70e-01    -  1.00e+00 1.00e+00h  1
 684  1.6990068e-01 8.29e-03 3.77e+00  -3.8 4.07e-01    -  1.00e+00 1.00e+00h  1
 685  1.7049956e-01 3.85e-03 4.07e+00  -3.8 2.17e-01    -  1.00e+00 5.91e-01h  1
 686  1.7242990e-01 1.48e-03 5.17e+00  -3.8 1.82e-01    -  1.00e+00 1.00e+00h  1
 687  1.7260056e-01 4.35e-04 2.33e+00  -3.8 1.42e-01    -  1.00e+00 1.00e+00h  1
 688  1.7221754e-01 4.59e-04 1.40e+00  -3.8 9.34e-02    -  1.00e+00 1.00e+00h  1
 689  1.7322600e-01 2.81e-04 1.02e+00  -3.8 6.49e-02    -  1.00e+00 1.00e+00h  1
iter    objective    inf_pr   inf_du lg(mu)  ||d||  lg(rg) alpha_du alpha_pr  ls
 690  1.7308149e-01 3.31e-04 2.45e+00  -3.8 8.43e-02    -  1.00e+00 1.00e+00h  1
 691  1.7274791e-01 1.68e-04 1.59e+00  -3.8 6.01e-02    -  1.00e+00 1.00e+00h  1
 692  1.7311425e-01 4.61e-05 3.03e-01  -3.8 3.26e-02    -  1.00e+00 1.00e+00h  1
 693  1.7321142e-01 3.01e-06 8.80e-01  -3.8 4.10e-02    -  1.00e+00 1.00e+00H  1
 694  1.7319263e-01 2.51e-05 8.82e-01  -3.8 6.02e-01    -  1.00e+00 1.56e-02h  7
 695  1.7315593e-01 5.12e-05 1.60e+00  -3.8 6.57e-01    -  1.00e+00 3.12e-02h  6
 696  1.7313606e-01 8.15e-05 2.19e+00  -3.8 2.10e+00    -  1.00e+00 5.44e-03h  8
 697  1.7312527e-01 9.77e-05 1.58e+00  -3.8 2.08e+00    -  1.00e+00 3.38e-03h  9
 698  1.7311995e-01 1.02e-04 1.68e+00  -3.8 2.02e+00    -  1.00e+00 1.95e-03h 10
 699  1.7280882e-01 1.47e-02 1.44e+01  -3.8 2.06e+00    -  1.00e+00 2.50e-01h  3
iter    objective    inf_pr   inf_du lg(mu)  ||d||  lg(rg) alpha_du alpha_pr  ls
 700  1.7208967e-01 4.06e-02 3.81e+01  -3.8 1.85e+00    -  1.00e+00 4.86e-01h  2
 701  1.6725645e-01 5.58e-02 6.24e+01  -3.8 1.29e+00    -  1.00e+00 1.00e+00h  1
 702  1.6131895e-01 3.83e-02 2.42e+01  -3.8 1.49e+00    -  5.98e-01 5.84e-01h  1
 703  1.7714294e-01 9.39e-02 7.24e+00  -3.2 1.26e+00    -  8.02e-01 1.00e+00f  1
 704  1.7672240e-01 2.23e-02 4.54e+00  -3.4 1.41e+00    -  8.18e-01 7.37e-01H  1
 705  1.7585654e-01 2.70e-02 1.02e+01  -3.4 9.00e-01    -  5.62e-01 1.00e+00h  1
 706  1.7192805e-01 1.54e-02 2.78e+00  -3.4 4.51e-01    -  1.00e+00 1.00e+00h  1
 707  1.7390779e-01 6.50e-03 1.83e+00  -3.4 4.04e-01    -  1.00e+00 6.03e-01h  1
 708  1.7812661e-01 4.09e-03 1.12e+01  -3.4 4.26e-01    -  1.00e+00 5.31e-01H  1
 709  1.7855279e-01 3.20e-03 6.31e+00  -3.4 2.62e-01    -  1.00e+00 1.00e+00h  1
iter    objective    inf_pr   inf_du lg(mu)  ||d||  lg(rg) alpha_du alpha_pr  ls
 710  1.8042569e-01 1.97e-03 8.84e+00  -3.4 1.79e-01    -  1.00e+00 1.00e+00h  1
 711  1.7997080e-01 1.29e-03 4.18e+00  -3.4 1.70e-01    -  1.00e+00 1.00e+00h  1
 712  1.8142399e-01 6.65e-04 6.39e+00  -3.4 1.92e-01    -  1.00e+00 5.00e-01h  2
 713  1.8375869e-01 3.92e-04 4.32e+00  -3.4 1.22e-01    -  1.00e+00 1.00e+00H  1
 714  1.8335813e-01 3.09e-04 4.27e+00  -3.4 1.91e-01    -  1.00e+00 5.00e-01h  2
 715  1.8424149e-01 1.68e-04 7.12e+00  -3.4 9.93e-02    -  1.00e+00 9.14e-01H  1
 716  1.8322740e-01 3.74e-04 1.47e+00  -3.4 6.45e-02    -  1.00e+00 1.00e+00f  1
 717  1.8341985e-01 2.45e-04 3.40e+00  -3.4 4.72e-02    -  1.00e+00 1.00e+00h  1
 718  1.8377518e-01 7.05e-05 5.82e-01  -3.4 3.58e-02    -  1.00e+00 1.00e+00h  1
 719  1.8400379e-01 1.23e-04 1.55e+00  -3.4 3.68e-02    -  1.00e+00 1.00e+00h  1
iter    objective    inf_pr   inf_du lg(mu)  ||d||  lg(rg) alpha_du alpha_pr  ls
 720  1.8401772e-01 1.35e-04 3.77e+00  -3.4 4.50e-01    -  1.00e+00 3.12e-02h  6
 721  1.8414361e-01 4.44e-04 3.34e+00  -3.4 3.30e-01    -  1.00e+00 2.50e-01h  3
 722  1.8417485e-01 5.48e-04 5.11e+00  -3.4 9.26e-01    -  1.00e+00 6.25e-02h  5
 723  1.8410849e-01 6.12e-04 6.37e+00  -3.4 1.37e+00    -  1.00e+00 3.12e-02h  6
 724  1.8406684e-01 6.56e-04 7.24e+00  -3.4 2.38e+00    -  6.74e-01 1.56e-02h  7
 725  1.8716864e-01 7.95e-02 2.91e+01  -3.4 1.22e+00    -  1.00e+00 1.00e+00h  1
 726  1.8228509e-01 1.27e-01 5.07e+01  -3.4 2.65e+00    -  1.00e+00 1.00e+00h  1
 727  1.6916607e-01 7.10e-02 2.70e+01  -3.4 1.30e+00    -  1.00e+00 1.00e+00h  1
 728  1.7035931e-01 5.40e-02 5.31e+00  -3.4 3.49e+00    -  2.95e-01 4.10e-01H  1
 729  1.7104226e-01 5.56e-02 5.12e+00  -3.4 2.00e+00    -  9.73e-01 5.00e-01h  2
iter    objective    inf_pr   inf_du lg(mu)  ||d||  lg(rg) alpha_du alpha_pr  ls
 730  1.7374394e-01 1.66e-02 5.17e+00  -3.4 7.92e-01    -  6.74e-01 1.00e+00h  1
 731  1.7201133e-01 1.26e-02 2.94e+00  -3.4 9.34e-01    -  1.00e+00 3.85e-01h  1
 732  1.7878339e-01 1.05e-02 7.93e+00  -3.4 9.71e-01    -  1.00e+00 7.23e-01H  1
 733  1.7856831e-01 1.13e-02 4.23e+00  -3.4 1.48e+00    -  1.00e+00 2.50e-01h  3
 734  1.7745489e-01 1.18e-02 5.35e+00  -3.4 1.10e+00    -  9.57e-01 2.50e-01h  3
 735  1.8005600e-01 9.58e-03 6.31e+00  -3.4 4.69e-01    -  1.00e+00 1.00e+00h  1
 736  1.7994689e-01 7.66e-03 5.87e+00  -3.4 7.33e-01    -  1.00e+00 5.00e-01h  2
 737  1.8148961e-01 4.53e-03 9.45e+00  -3.4 7.73e-01    -  1.00e+00 3.72e-01H  1
 738  1.8188446e-01 9.95e-04 6.07e+00  -3.4 1.46e-01    -  1.00e+00 1.00e+00h  1
 739  1.8208827e-01 5.10e-04 4.04e+00  -3.4 1.04e-01    -  1.00e+00 1.00e+00h  1
iter    objective    inf_pr   inf_du lg(mu)  ||d||  lg(rg) alpha_du alpha_pr  ls
 740  1.8210917e-01 3.02e-04 2.19e+00  -3.4 8.46e-02    -  1.00e+00 1.00e+00h  1
 741  1.8273658e-01 3.59e-04 1.56e+00  -3.4 7.51e-02    -  1.00e+00 1.00e+00h  1
 742  1.8268672e-01 3.90e-04 2.62e+00  -3.4 2.86e-01    -  1.00e+00 1.25e-01h  4
 743  1.8266755e-01 3.88e-04 2.75e+00  -3.4 4.81e-01    -  1.00e+00 3.12e-02h  6
 744  1.8264559e-01 3.90e-04 3.10e+00  -3.4 1.47e+00    -  1.00e+00 7.81e-03h  8
 745  1.8259788e-01 3.94e-04 3.98e+00  -3.4 5.53e+00    -  7.17e-01 3.91e-03h  9
 746  1.8166440e-01 5.99e-03 1.85e+01  -3.4 3.50e+00    -  1.00e+00 1.20e-01h  4
 747  1.7847698e-01 1.31e-01 9.17e+01  -3.4 4.00e+00    -  6.86e-01 5.00e-01h  2
 748  1.7588727e-01 2.02e-01 1.53e+02  -3.4 4.02e+00    -  1.00e+00 5.00e-01h  2
 749  1.6357292e-01 5.58e-02 7.75e+01  -3.4 1.24e+00    -  9.28e-01 1.00e+00h  1
iter    objective    inf_pr   inf_du lg(mu)  ||d||  lg(rg) alpha_du alpha_pr  ls
 750  1.6214985e-01 4.08e-02 2.87e+01  -3.4 1.35e+00    -  8.54e-01 6.20e-01h  1
 751  1.6575908e-01 1.51e-02 8.84e+00  -3.5 7.87e-01    -  1.00e+00 1.00e+00h  1
 752  1.6125080e-01 2.86e-02 4.08e+00  -3.6 1.69e+00    -  8.55e-01 4.82e-01h  1
 753  1.6416166e-01 4.63e-02 1.23e+01  -3.3 2.11e+00    -  1.00e+00 4.65e-01f  1
 754  1.6499032e-01 2.02e-02 1.18e+01  -3.4 6.67e-01    -  1.00e+00 1.00e+00h  1
 755  1.6342998e-01 4.04e-02 7.85e+00  -3.4 1.13e+00    -  1.00e+00 1.00e+00h  1
 756  1.6015848e-01 2.48e-02 6.48e+00  -3.4 1.28e+00    -  1.00e+00 5.39e-01h  1
 757  1.6039961e-01 1.93e-02 2.40e+00  -3.5 6.22e-01    -  1.00e+00 9.74e-01h  1
 758  1.6149873e-01 1.76e-02 8.84e+00  -3.6 6.01e-01    -  1.00e+00 9.95e-01h  1
 759  1.5748553e-01 7.85e-03 9.89e-01  -4.0 4.09e-01    -  1.00e+00 1.00e+00h  1
iter    objective    inf_pr   inf_du lg(mu)  ||d||  lg(rg) alpha_du alpha_pr  ls
 760  1.5856727e-01 5.90e-03 4.62e+00  -4.0 3.03e-01    -  1.00e+00 6.56e-01h  1
 761  1.6059538e-01 2.97e-03 7.33e+00  -3.7 3.86e-01    -  1.00e+00 5.14e-01H  1
 762  1.6135429e-01 1.41e-03 3.81e+00  -3.8 2.40e-01    -  1.00e+00 8.39e-01h  1
 763  1.6282766e-01 8.64e-04 3.39e+00  -3.6 2.74e-01    -  1.00e+00 7.60e-01h  1
 764  1.6275622e-01 6.70e-04 3.80e+00  -3.8 1.42e-01    -  1.00e+00 1.00e+00h  1
 765  1.6054817e-01 1.06e-03 1.90e+00  -4.0 1.19e-01    -  1.00e+00 1.00e+00h  1
 766  1.5608817e-01 3.30e-03 7.83e+00  -4.0 3.22e-01    -  1.00e+00 9.42e-01h  1
 767  1.5587528e-01 2.24e-03 4.37e+00  -4.0 2.24e-01    -  1.00e+00 1.00e+00h  1
 768  1.5561318e-01 2.93e-03 4.73e+00  -4.0 2.35e-01    -  1.00e+00 1.00e+00h  1
 769  1.5560116e-01 1.16e-03 5.68e-01  -4.0 1.60e-01    -  1.00e+00 1.00e+00h  1
iter    objective    inf_pr   inf_du lg(mu)  ||d||  lg(rg) alpha_du alpha_pr  ls
 770  1.5713483e-01 4.37e-04 2.44e+00  -4.0 9.66e-02    -  1.00e+00 1.00e+00h  1
 771  1.5710094e-01 1.76e-04 1.92e+00  -4.0 5.17e-02    -  1.00e+00 1.00e+00h  1
 772  1.5646861e-01 2.76e-04 2.01e+00  -4.0 5.79e-02    -  1.00e+00 1.00e+00h  1
 773  1.5634688e-01 1.38e-04 1.73e+00  -4.0 6.63e-02    -  1.00e+00 1.00e+00h  1
 774  1.5573766e-01 4.18e-04 3.19e+00  -4.0 1.23e-01    -  1.00e+00 1.00e+00h  1
 775  1.5428778e-01 8.15e-04 2.79e+00  -4.1 1.39e-01    -  1.00e+00 1.00e+00h  1
 776  1.5200163e-01 9.56e-03 1.10e+01  -4.0 5.00e-01    -  1.00e+00 1.00e+00h  1
 777  1.5196576e-01 5.28e-03 4.91e+00  -3.7 3.64e-01    -  1.00e+00 1.00e+00h  1
 778  1.5441359e-01 4.57e-03 6.93e+00  -3.7 4.70e-01    -  9.76e-01 1.00e+00h  1
 779  1.5221618e-01 3.66e-03 1.58e+00  -3.8 3.68e-01    -  1.00e+00 1.00e+00h  1
iter    objective    inf_pr   inf_du lg(mu)  ||d||  lg(rg) alpha_du alpha_pr  ls
 780  1.5247689e-01 2.17e-03 6.73e+00  -4.0 2.64e-01    -  1.00e+00 8.49e-01h  1
 781  1.5776970e-01 7.73e-03 3.56e+00  -3.6 4.49e-01    -  1.00e+00 1.00e+00h  1
 782  1.5672673e-01 1.84e-02 8.75e+00  -3.7 6.02e-01    -  1.00e+00 1.00e+00h  1
 783  1.5361461e-01 5.56e-03 6.03e+00  -3.7 2.25e-01    -  1.00e+00 1.00e+00h  1
 784  1.5617764e-01 2.22e-03 2.09e+00  -3.7 1.65e-01    -  1.00e+00 1.00e+00h  1
 785  1.5681476e-01 1.63e-03 2.37e+00  -3.7 2.13e-01    -  1.00e+00 5.00e-01h  2
 786  1.5755025e-01 4.61e-04 2.88e+00  -3.7 1.56e-01    -  1.00e+00 1.00e+00h  1
 787  1.5716578e-01 3.70e-04 1.16e+00  -3.7 1.20e-01    -  1.00e+00 1.00e+00h  1
 788  1.5811597e-01 1.39e-04 9.73e-01  -3.7 4.77e-02    -  1.00e+00 1.00e+00h  1
 789  1.5675609e-01 2.46e-04 9.84e-01  -4.0 7.32e-02    -  1.00e+00 1.00e+00h  1
iter    objective    inf_pr   inf_du lg(mu)  ||d||  lg(rg) alpha_du alpha_pr  ls
 790  1.5180533e-01 5.52e-03 7.87e+00  -4.1 3.45e-01    -  6.55e-01 1.00e+00h  1
 791  1.5405452e-01 2.49e-03 2.75e+00  -3.8 2.40e-01    -  1.00e+00 1.00e+00h  1
 792  1.5286465e-01 4.04e-03 8.30e+00  -3.9 2.33e-01    -  1.00e+00 1.00e+00h  1
 793  1.5187265e-01 2.20e-03 9.85e-01  -3.9 1.93e-01    -  1.00e+00 1.00e+00h  1
 794  1.5333055e-01 7.07e-04 2.33e+00  -4.0 1.24e-01    -  1.00e+00 1.00e+00h  1
 795  1.5269083e-01 2.60e-04 1.81e+00  -4.0 7.05e-02    -  1.00e+00 1.00e+00h  1
 796  1.5242723e-01 3.59e-04 2.27e+00  -4.0 9.22e-02    -  1.00e+00 1.00e+00h  1
 797  1.5289016e-01 1.97e-04 4.40e-01  -4.0 5.69e-02    -  1.00e+00 1.00e+00h  1
 798  1.5301427e-01 1.20e-05 3.80e-01  -4.0 1.64e-02    -  1.00e+00 1.00e+00h  1
 799  1.5291140e-01 8.90e-05 1.23e+00  -4.0 3.58e-02    -  1.00e+00 1.00e+00h  1
iter    objective    inf_pr   inf_du lg(mu)  ||d||  lg(rg) alpha_du alpha_pr  ls
 800  1.5042656e-01 8.53e-03 1.38e+01  -4.1 4.56e-01    -  1.00e+00 1.00e+00h  1
 801  1.5191857e-01 1.15e-02 2.47e+01  -3.8 4.71e-01    -  1.00e+00 1.00e+00h  1
 802  1.4859403e-01 5.00e-03 6.49e+00  -3.9 3.43e-01    -  1.00e+00 1.00e+00h  1
 803  1.4790229e-01 2.32e-03 2.87e+00  -3.9 2.47e-01    -  1.00e+00 7.88e-01h  1
 804  1.4940623e-01 1.33e-03 5.44e+00  -4.0 2.18e-01    -  1.00e+00 9.31e-01H  1
 805  1.4945271e-01 1.50e-03 4.02e+00  -4.0 1.70e-01    -  1.00e+00 1.00e+00h  1
 806  1.4860364e-01 6.31e-04 4.62e+00  -4.1 1.27e-01    -  1.00e+00 1.00e+00h  1
 807  1.4929081e-01 5.37e-04 3.68e+00  -4.0 1.15e-01    -  1.00e+00 1.00e+00h  1
 808  1.4946713e-01 5.21e-04 1.73e+00  -4.0 8.30e-02    -  1.00e+00 1.00e+00h  1
 809  1.4943114e-01 1.22e-04 9.03e-01  -4.1 4.95e-02    -  1.00e+00 1.00e+00h  1
iter    objective    inf_pr   inf_du lg(mu)  ||d||  lg(rg) alpha_du alpha_pr  ls
 810  1.4999368e-01 7.28e-05 7.24e-01  -4.0 5.41e-02    -  1.00e+00 1.00e+00h  1
 811  1.5033949e-01 1.89e-04 1.48e+00  -4.0 6.77e-02    -  1.00e+00 1.00e+00h  1
 812  1.4878786e-01 1.11e-02 1.49e+01  -4.1 5.04e-01    -  1.00e+00 1.00e+00h  1
 813  1.4521490e-01 8.53e-02 5.26e+01  -4.1 1.36e+00    -  1.00e+00 1.00e+00h  1
 814  1.5453583e-01 1.72e-01 2.40e+01  -3.2 2.78e+00    -  4.85e-01 6.61e-01h  1
 815  1.4354532e-01 3.00e-01 1.98e+01  -3.5 3.11e+00    -  4.76e-01 8.55e-01h  1
 816  1.3502415e-01 8.15e-02 5.50e+00  -3.8 1.63e+00    -  1.00e+00 1.00e+00h  1
 817  1.4262155e-01 3.66e-02 1.65e+00  -3.5 9.99e-01    -  1.00e+00 1.00e+00h  1
 818  1.6308486e-01 3.27e-02 4.13e+00  -2.9 2.33e+00    -  1.00e+00 4.21e-01h  1
 819  1.8057198e-01 6.35e-02 7.96e+00  -3.0 1.19e+00    -  1.00e+00 1.00e+00h  1
iter    objective    inf_pr   inf_du lg(mu)  ||d||  lg(rg) alpha_du alpha_pr  ls
 820  1.8119063e-01 3.21e-02 6.94e+00  -3.0 6.64e-01    -  1.00e+00 1.00e+00h  1
 821  1.8271511e-01 6.13e-02 2.24e+01  -3.0 9.03e-01    -  1.00e+00 1.00e+00h  1
 822  1.7998156e-01 2.80e-02 3.20e+00  -3.0 5.84e-01    -  1.00e+00 1.00e+00h  1
 823  1.9022289e-01 8.27e-03 7.74e+00  -3.0 4.37e-01    -  1.00e+00 9.19e-01h  1
 824  1.9131266e-01 7.41e-03 7.52e+00  -3.0 4.46e-01    -  1.00e+00 8.85e-01h  1
 825  1.9919944e-01 5.00e-03 1.28e+01  -3.0 4.43e-01    -  1.00e+00 5.59e-01H  1
 826  1.9987142e-01 1.84e-03 4.52e+00  -3.0 2.08e-01    -  1.00e+00 1.00e+00h  1
 827  2.0065028e-01 2.02e-03 6.94e+00  -3.0 1.48e-01    -  1.00e+00 1.00e+00h  1
 828  2.0254148e-01 6.11e-04 3.10e+00  -3.0 1.16e-01    -  1.00e+00 1.00e+00h  1
 829  2.0151963e-01 7.52e-04 4.62e+00  -3.0 1.57e-01    -  1.00e+00 1.00e+00h  1
iter    objective    inf_pr   inf_du lg(mu)  ||d||  lg(rg) alpha_du alpha_pr  ls
 830  2.0097599e-01 3.58e-04 3.64e+00  -3.0 1.03e-01    -  1.00e+00 1.00e+00h  1
 831  2.0132542e-01 1.83e-04 2.87e+00  -3.0 7.27e-02    -  1.00e+00 1.00e+00h  1
 832  2.0127550e-01 1.95e-04 3.14e+00  -3.0 5.45e-02    -  1.00e+00 1.00e+00h  1
 833  2.0110160e-01 1.19e-04 6.88e+00  -3.0 8.97e-02    -  1.00e+00 1.00e+00H  1
 834  2.0086510e-01 6.95e-05 4.03e+00  -3.0 5.58e-02    -  1.00e+00 1.00e+00h  1
 835  2.0053424e-01 1.73e-04 2.32e+00  -3.0 7.61e-02    -  1.00e+00 1.00e+00h  1
 836  2.0048255e-01 1.67e-04 1.36e+00  -3.0 4.74e-02    -  1.00e+00 1.00e+00h  1
 837  2.0059562e-01 2.27e-05 3.16e+00  -3.0 3.29e-02    -  1.00e+00 1.00e+00H  1
 838  2.0043728e-01 2.81e-05 1.16e+00  -3.0 3.12e-02    -  1.00e+00 1.00e+00h  1
 839  2.0040849e-01 2.30e-06 8.13e-01  -3.0 3.09e-02    -  1.00e+00 1.00e+00H  1
iter    objective    inf_pr   inf_du lg(mu)  ||d||  lg(rg) alpha_du alpha_pr  ls
 840  2.0030021e-01 2.25e-07 3.59e+00  -3.0 8.69e-02    -  1.00e+00 1.00e+00H  1
 841  2.0004143e-01 5.96e-04 5.98e+00  -3.0 1.65e-01    -  1.00e+00 1.00e+00h  1
 842  1.9956764e-01 6.51e-04 9.30e+00  -3.0 3.92e-01    -  1.00e+00 2.50e-01h  3
 843  1.9954582e-01 2.80e-04 3.07e+00  -3.0 6.57e-02    -  1.00e+00 1.00e+00h  1
 844  1.9963583e-01 9.29e-05 1.10e+00  -3.0 4.61e-02    -  1.00e+00 1.00e+00h  1
 845  1.9969428e-01 1.92e-05 3.10e+00  -3.0 9.86e-02    -  1.00e+00 1.00e+00H  1
 846  1.9991472e-01 5.73e-06 8.87e+00  -3.0 2.84e-01    -  1.00e+00 1.00e+00H  1
 847  1.9986671e-01 4.66e-05 9.95e+00  -3.0 1.14e+00    -  1.00e+00 3.12e-02h  6
 848  2.0002543e-01 6.84e-04 9.47e+00  -3.0 2.06e-01    -  1.00e+00 5.00e-01h  2
 849  2.0043405e-01 4.04e-04 6.56e+00  -3.0 1.35e-01    -  1.00e+00 1.00e+00h  1
iter    objective    inf_pr   inf_du lg(mu)  ||d||  lg(rg) alpha_du alpha_pr  ls
 850  1.9993171e-01 3.74e-04 3.17e+00  -3.0 9.33e-02    -  1.00e+00 1.00e+00h  1
 851  2.0020800e-01 1.52e-04 3.59e+00  -3.0 4.95e-02    -  1.00e+00 1.00e+00h  1
 852  2.0044708e-01 2.53e-05 3.90e+00  -3.0 8.12e-02    -  1.00e+00 1.00e+00H  1
 853  2.0110076e-01 3.05e-06 4.08e+00  -3.0 8.40e-02    -  1.00e+00 1.00e+00H  1
 854  2.0066680e-01 1.16e-04 1.42e+00  -3.0 4.32e-02    -  1.00e+00 1.00e+00h  1
 855  2.0073936e-01 4.27e-05 2.95e+00  -3.0 3.00e-02    -  1.00e+00 1.00e+00h  1
 856  2.0085037e-01 1.63e-05 3.37e-01  -3.0 2.06e-02    -  1.00e+00 1.00e+00h  1
 857  2.0099494e-01 1.84e-05 4.81e-01  -3.0 1.98e-02    -  1.00e+00 1.00e+00h  1
 858  2.0100285e-01 1.97e-05 3.80e+00  -3.0 3.17e-01    -  1.00e+00 7.81e-03h  8
 859  2.0100764e-01 2.03e-05 7.74e+00  -3.0 5.79e-01    -  1.00e+00 1.95e-03h 10
iter    objective    inf_pr   inf_du lg(mu)  ||d||  lg(rg) alpha_du alpha_pr  ls
 860  2.0101013e-01 2.05e-05 3.67e+00  -3.0 7.46e-01    -  1.00e+00 9.77e-04h 11
 861  2.0101103e-01 2.07e-05 5.39e+00  -3.0 1.34e+00    -  1.00e+00 2.44e-04h 13
 862  2.0101109e-01 2.07e-05 3.38e+00  -3.0 1.38e+00    -  1.00e+00 3.05e-05h 16
 863  2.0298493e-01 6.47e-02 3.86e+01  -3.0 2.76e+00    -  1.00e+00 5.00e-01h  2
 864  1.9792394e-01 5.71e-03 2.17e+01  -3.0 4.39e-01    -  1.00e+00 1.00e+00h  1
 865  1.9797985e-01 3.93e-03 9.60e+00  -3.0 3.90e-01    -  1.00e+00 1.00e+00h  1
 866  1.9617975e-01 6.45e-03 1.05e+01  -3.0 3.10e-01    -  1.00e+00 1.00e+00h  1
 867  1.9675914e-01 3.41e-03 2.95e+00  -3.0 3.28e-01    -  1.00e+00 5.00e-01h  2
 868  1.9830326e-01 1.84e-03 4.03e+00  -3.0 2.26e-01    -  1.00e+00 5.00e-01h  2
 869  1.9983329e-01 1.51e-03 4.83e+00  -3.0 2.13e-01    -  1.00e+00 5.00e-01h  2
iter    objective    inf_pr   inf_du lg(mu)  ||d||  lg(rg) alpha_du alpha_pr  ls
 870  2.0051351e-01 6.24e-04 3.49e+00  -3.0 1.50e-01    -  1.00e+00 5.00e-01h  2
 871  2.0128399e-01 8.58e-04 1.36e+01  -3.0 1.69e-01    -  1.00e+00 1.00e+00h  1
 872  2.0037428e-01 7.00e-04 5.12e-01  -3.0 1.34e-01    -  1.00e+00 1.00e+00h  1
 873  2.0182258e-01 1.84e-04 1.33e+00  -3.0 8.16e-02    -  1.00e+00 1.00e+00h  1
 874  2.0237086e-01 1.01e-04 2.42e+00  -3.0 4.77e-02    -  1.00e+00 1.00e+00h  1
 875  2.0240770e-01 4.35e-05 1.54e+00  -3.0 3.13e-02    -  1.00e+00 1.00e+00h  1
 876  2.0236065e-01 1.56e-05 4.49e-01  -3.0 2.27e-02    -  1.00e+00 1.00e+00h  1
 877  2.0247444e-01 2.93e-06 2.01e-01  -3.0 8.85e-03    -  1.00e+00 1.00e+00h  1
 878  2.0267310e-01 1.56e-06 8.46e-01  -3.0 5.30e-02    -  1.00e+00 1.00e+00H  1
 879  2.0292179e-01 1.31e-04 1.90e+00  -3.0 2.98e-01    -  1.00e+00 2.50e-01h  3
iter    objective    inf_pr   inf_du lg(mu)  ||d||  lg(rg) alpha_du alpha_pr  ls
 880  2.0281929e-01 5.53e-05 1.54e+00  -3.0 5.07e-02    -  1.00e+00 1.00e+00h  1
 881  2.0263078e-01 7.18e-05 1.42e+00  -3.0 3.19e-02    -  1.00e+00 1.00e+00h  1
 882  2.0285140e-01 4.37e-05 1.04e+00  -3.0 3.85e-02    -  1.00e+00 1.00e+00h  1
 883  2.0294950e-01 2.84e-05 2.14e+00  -3.0 2.12e-02    -  1.00e+00 1.00e+00h  1
 884  2.0290645e-01 1.86e-05 1.64e-01  -3.0 1.63e-02    -  1.00e+00 1.00e+00h  1
 885  2.0293526e-01 1.90e-06 2.91e-01  -3.0 4.23e-03    -  1.00e+00 1.00e+00h  1
 886  2.0301027e-01 7.37e-08 5.72e-01  -3.0 1.74e-02    -  1.00e+00 1.00e+00H  1
 887  1.8912272e-01 1.32e-02 8.55e+00  -3.9 5.81e-01    -  1.00e+00 1.00e+00f  1
 888  1.6742881e-01 2.80e-02 1.64e+01  -4.0 2.56e+00    -  4.77e-01 3.94e-01h  1
 889  1.5535100e-01 2.25e-02 1.83e+01  -4.0 1.38e+00    -  2.85e-01 4.65e-01h  1
iter    objective    inf_pr   inf_du lg(mu)  ||d||  lg(rg) alpha_du alpha_pr  ls
 890  1.5384590e-01 1.17e-02 1.13e+01  -4.0 6.47e-01    -  9.97e-01 6.22e-01h  1
 891  1.5467708e-01 9.68e-03 6.84e+00  -4.0 4.49e-01    -  1.00e+00 1.00e+00h  1
 892  1.5374078e-01 3.93e-03 3.68e+00  -4.0 2.63e-01    -  8.92e-01 6.39e-01h  1
 893  1.5358610e-01 2.85e-03 3.70e+00  -4.0 2.87e-01    -  1.00e+00 3.45e-01h  1
 894  1.5589470e-01 2.53e-03 3.61e+00  -4.0 2.50e-01    -  1.00e+00 8.87e-01h  1
 895  1.5660592e-01 1.92e-03 7.97e+00  -4.0 1.71e-01    -  1.00e+00 2.50e-01h  3
 896  1.5933678e-01 1.37e-03 7.56e+00  -4.0 1.77e-01    -  1.00e+00 9.15e-01H  1
 897  1.5779578e-01 6.80e-04 2.20e+00  -4.0 1.11e-01    -  1.00e+00 1.00e+00f  1
 898  1.5799286e-01 3.98e-04 1.05e+00  -4.0 5.93e-02    -  1.00e+00 1.00e+00h  1
 899  1.5860481e-01 4.76e-05 6.33e-01  -4.0 4.62e-02    -  1.00e+00 1.00e+00h  1
iter    objective    inf_pr   inf_du lg(mu)  ||d||  lg(rg) alpha_du alpha_pr  ls
 900  1.5831005e-01 2.34e-05 3.00e+00  -4.0 1.11e-01    -  1.00e+00 1.00e+00H  1
 901  1.5674665e-01 1.16e-04 5.77e+00  -4.0 2.15e-01    -  1.00e+00 1.00e+00H  1
 902  1.5491622e-01 7.99e-04 7.18e+00  -4.0 2.89e-01    -  1.00e+00 5.00e-01h  2
 903  1.5401790e-01 6.27e-04 6.47e+00  -4.0 2.16e-01    -  1.00e+00 5.00e-01h  2
 904  1.5154627e-01 3.50e-03 9.27e+00  -4.0 3.04e-01    -  1.00e+00 1.00e+00h  1
 905  1.4894858e-01 6.48e-03 9.16e+00  -4.0 4.22e-01    -  8.09e-01 1.00e+00h  1
 906  1.4848140e-01 2.86e-03 2.15e+00  -4.0 2.79e-01    -  1.00e+00 1.00e+00h  1
 907  1.4986611e-01 2.07e-03 3.28e+00  -4.0 1.92e-01    -  1.00e+00 1.00e+00h  1
 908  1.5028949e-01 1.45e-03 3.08e+00  -4.1 1.84e-01    -  1.00e+00 1.00e+00h  1
 909  1.5088835e-01 2.98e-04 2.95e+00  -4.1 1.23e-01    -  1.00e+00 1.00e+00h  1
iter    objective    inf_pr   inf_du lg(mu)  ||d||  lg(rg) alpha_du alpha_pr  ls
 910  1.5141108e-01 2.17e-04 8.92e-01  -4.1 5.61e-02    -  1.00e+00 1.00e+00h  1
 911  1.5139477e-01 7.79e-05 1.45e+00  -4.1 4.97e-02    -  1.00e+00 1.00e+00h  1
 912  1.5149572e-01 7.24e-05 3.57e+00  -4.1 1.17e-01    -  1.00e+00 1.00e+00H  1
 913  1.5111783e-01 3.06e-04 3.60e+00  -4.0 1.13e-01    -  1.00e+00 1.00e+00h  1
 914  1.5106003e-01 1.99e-04 2.84e+00  -4.1 5.02e-02    -  1.00e+00 1.00e+00h  1
 915  1.5132518e-01 3.80e-05 1.57e+00  -4.0 5.80e-02    -  1.00e+00 1.00e+00H  1
 916  1.5116497e-01 1.25e-03 4.95e+00  -4.0 1.72e-01    -  1.00e+00 1.00e+00h  1
 917  1.4873265e-01 1.31e-02 2.17e+01  -4.1 5.60e-01    -  1.00e+00 1.00e+00h  1
 918  1.4395939e-01 1.20e-02 2.60e+01  -4.1 7.54e-01    -  1.00e+00 7.35e-01h  1
 919  1.4674225e-01 8.08e-03 8.41e+00  -4.0 3.59e-01    -  1.76e-01 1.00e+00h  1
iter    objective    inf_pr   inf_du lg(mu)  ||d||  lg(rg) alpha_du alpha_pr  ls
 920  1.4606166e-01 1.02e-02 9.14e+00  -4.0 4.79e-01    -  8.83e-01 1.00e+00h  1
 921  1.4463412e-01 3.45e-03 4.64e+00  -4.0 3.12e-01    -  1.00e+00 7.65e-01h  1
 922  1.5078707e-01 7.55e-03 1.31e+01  -3.5 4.41e-01    -  1.00e+00 1.00e+00h  1
 923  1.5489420e-01 5.66e-03 1.53e+01  -3.6 4.50e-01    -  1.00e+00 1.00e+00H  1
 924  1.4982618e-01 2.14e-02 1.41e+01  -3.6 5.20e-01    -  1.00e+00 1.00e+00h  1
 925  1.4628021e-01 9.19e-03 2.97e+00  -3.6 4.89e-01    -  1.00e+00 1.00e+00h  1
 926  1.5266385e-01 4.45e-03 2.42e+00  -3.3 3.56e-01    -  1.00e+00 6.80e-01h  1
 927  1.5894754e-01 4.94e-03 6.44e+00  -3.4 3.05e-01    -  1.00e+00 1.00e+00h  1
 928  1.5840836e-01 1.51e-03 3.03e+00  -3.4 2.23e-01    -  1.00e+00 1.00e+00h  1
 929  1.5999754e-01 1.05e-03 4.80e+00  -3.4 1.76e-01    -  1.00e+00 5.00e-01h  2
iter    objective    inf_pr   inf_du lg(mu)  ||d||  lg(rg) alpha_du alpha_pr  ls
 930  1.6172533e-01 6.08e-04 3.21e+00  -3.4 1.51e-01    -  1.00e+00 5.00e-01h  2
 931  1.6251060e-01 3.50e-04 2.36e+00  -3.4 1.47e-01    -  1.00e+00 5.00e-01h  2
 932  1.6324031e-01 3.04e-04 2.38e+00  -3.4 1.11e-01    -  1.00e+00 5.00e-01h  2
 933  1.6442853e-01 6.09e-04 2.62e+00  -3.4 1.17e-01    -  1.00e+00 1.00e+00h  1
 934  1.6382965e-01 2.66e-04 1.47e+00  -3.4 8.05e-02    -  1.00e+00 1.00e+00h  1
 935  1.6502117e-01 2.98e-05 1.17e+00  -3.4 4.98e-02    -  1.00e+00 1.00e+00H  1
 936  1.6551009e-01 1.50e-06 2.36e+00  -3.4 5.56e-02    -  1.00e+00 1.00e+00H  1
 937  1.5680546e-01 6.14e-03 8.71e+00  -4.0 4.12e-01    -  1.00e+00 1.00e+00h  1
 938  1.4800760e-01 1.45e-02 1.81e+01  -4.1 1.03e+00    -  9.79e-01 5.56e-01h  1
 939  1.4530461e-01 3.89e-03 1.38e+01  -4.1 3.74e-01    -  1.00e+00 8.65e-01h  1
iter    objective    inf_pr   inf_du lg(mu)  ||d||  lg(rg) alpha_du alpha_pr  ls
 940  1.4747070e-01 1.77e-03 3.33e+00  -4.0 2.07e-01    -  1.00e+00 1.00e+00h  1
 941  1.5993634e-01 1.44e-02 7.36e+00  -3.5 6.03e-01    -  1.00e+00 1.00e+00h  1
 942  1.5432017e-01 3.77e-02 2.36e+01  -3.6 7.31e-01    -  1.00e+00 1.00e+00h  1
 943  1.5037970e-01 7.58e-03 5.21e+00  -3.6 3.54e-01    -  1.00e+00 1.00e+00h  1
 944  1.5157384e-01 4.31e-03 1.90e+00  -3.6 3.13e-01    -  1.00e+00 1.00e+00h  1
 945  1.5543969e-01 1.75e-03 3.45e+00  -3.6 2.70e-01    -  1.00e+00 8.13e-01h  1
 946  1.5773112e-01 2.21e-03 4.04e+00  -3.6 2.45e-01    -  1.00e+00 1.00e+00f  1
 947  1.5769361e-01 6.64e-04 2.34e+00  -3.6 1.05e-01    -  1.00e+00 1.00e+00h  1
 948  1.5768539e-01 3.11e-04 2.70e+00  -3.6 7.97e-02    -  1.00e+00 1.00e+00h  1
 949  1.5868840e-01 1.06e-04 1.36e+00  -3.6 4.63e-02    -  1.00e+00 1.00e+00h  1
iter    objective    inf_pr   inf_du lg(mu)  ||d||  lg(rg) alpha_du alpha_pr  ls
 950  1.5875992e-01 4.66e-05 9.58e-01  -3.6 3.07e-02    -  1.00e+00 1.00e+00h  1
 951  1.5863731e-01 2.29e-05 9.73e-01  -3.6 1.97e-02    -  1.00e+00 1.00e+00h  1
 952  1.5872508e-01 1.95e-05 1.09e+00  -3.6 1.62e-02    -  1.00e+00 1.00e+00h  1
 953  1.5740987e-01 1.52e-04 8.52e-01  -4.0 6.07e-02    -  1.00e+00 1.00e+00h  1
 954  1.5100805e-01 2.65e-03 5.45e+00  -4.1 3.48e-01    -  1.00e+00 8.45e-01h  1
 955  1.4919295e-01 8.72e-04 6.27e+00  -4.1 1.87e-01    -  1.00e+00 1.00e+00h  1
 956  1.4686790e-01 2.84e-03 4.31e+00  -4.1 3.11e-01    -  1.00e+00 1.00e+00h  1
 957  1.4766626e-01 2.09e-03 2.98e+00  -4.0 1.60e-01    -  1.00e+00 1.00e+00h  1
 958  1.4898453e-01 5.33e-04 1.67e+00  -4.0 1.20e-01    -  1.00e+00 1.00e+00h  1
 959  1.5013140e-01 1.96e-04 1.51e+00  -4.0 6.06e-02    -  1.00e+00 1.00e+00h  1
iter    objective    inf_pr   inf_du lg(mu)  ||d||  lg(rg) alpha_du alpha_pr  ls
 960  1.4957243e-01 5.32e-05 6.07e-01  -4.1 3.96e-02    -  1.00e+00 1.00e+00h  1
 961  1.5015863e-01 1.12e-04 1.09e+00  -4.0 4.32e-02    -  1.00e+00 1.00e+00h  1
 962  1.4938910e-01 9.29e-05 9.23e-01  -4.1 4.05e-02    -  1.00e+00 1.00e+00h  1
 963  1.5010701e-01 1.22e-04 1.59e+00  -4.0 6.86e-02    -  1.00e+00 1.00e+00h  1
 964  1.4912762e-01 8.84e-05 5.24e-01  -4.1 6.08e-02    -  1.00e+00 1.00e+00h  1
 965  1.5014211e-01 8.56e-05 5.75e-01  -4.0 4.80e-02    -  1.00e+00 1.00e+00h  1
 966  1.4907390e-01 2.65e-04 2.84e+00  -4.1 8.02e-02    -  1.00e+00 1.00e+00h  1
 967  1.4915292e-01 9.80e-04 7.41e+00  -4.0 1.35e-01    -  1.00e+00 1.00e+00h  1
 968  1.4778879e-01 7.37e-04 2.22e+00  -4.1 1.13e-01    -  1.00e+00 1.00e+00h  1
 969  1.4935930e-01 6.48e-04 1.99e+00  -4.0 8.76e-02    -  1.00e+00 1.00e+00h  1
iter    objective    inf_pr   inf_du lg(mu)  ||d||  lg(rg) alpha_du alpha_pr  ls
 970  1.4809568e-01 2.91e-04 1.77e+00  -4.1 8.35e-02    -  1.00e+00 1.00e+00h  1
 971  1.4890810e-01 8.86e-04 4.64e+00  -4.0 1.23e-01    -  1.00e+00 1.00e+00h  1
 972  1.4753676e-01 4.69e-04 7.92e-01  -4.1 8.30e-02    -  1.00e+00 1.00e+00h  1
 973  1.4886146e-01 1.88e-04 2.26e+00  -4.0 7.12e-02    -  1.00e+00 1.00e+00h  1
 974  1.4874429e-01 1.64e-04 2.71e+00  -4.0 4.93e-02    -  1.00e+00 1.00e+00h  1
 975  1.4891793e-01 5.81e-05 4.72e-01  -4.0 3.34e-02    -  1.00e+00 1.00e+00h  1
 976  1.4915428e-01 3.00e-05 3.65e-01  -4.0 1.60e-02    -  1.00e+00 1.00e+00h  1
 977  1.4902365e-01 1.92e-04 1.47e+00  -4.0 7.58e-02    -  1.00e+00 1.00e+00h  1
 978  1.4812238e-01 3.42e-04 3.57e+00  -4.1 9.31e-02    -  1.00e+00 1.00e+00h  1
 979  1.4797121e-01 1.90e-04 1.71e+00  -4.1 5.87e-02    -  1.00e+00 1.00e+00h  1
iter    objective    inf_pr   inf_du lg(mu)  ||d||  lg(rg) alpha_du alpha_pr  ls
 980  1.4894359e-01 6.75e-05 9.81e-01  -4.0 5.64e-02    -  1.00e+00 1.00e+00H  1
 981  1.4840665e-01 6.97e-05 7.99e-01  -4.1 3.61e-02    -  1.00e+00 1.00e+00h  1
 982  1.4862627e-01 1.34e-04 1.27e+00  -4.0 5.19e-02    -  1.00e+00 1.00e+00h  1
 983  1.4792111e-01 3.06e-03 8.70e+00  -4.1 2.09e-01    -  1.00e+00 1.00e+00h  1
 984  1.4622678e-01 1.50e-03 3.11e+00  -4.1 1.70e-01    -  1.00e+00 1.00e+00h  1
 985  1.4737048e-01 6.06e-04 3.83e+00  -4.0 1.51e-01    -  1.00e+00 1.00e+00h  1
 986  1.4830032e-01 1.85e-04 3.29e+00  -4.0 8.29e-02    -  1.00e+00 1.00e+00H  1
 987  1.4699447e-01 4.21e-04 2.60e+00  -4.1 1.23e-01    -  1.00e+00 1.00e+00h  1
 988  1.4731918e-01 5.70e-04 2.42e+00  -4.0 8.25e-02    -  1.00e+00 1.00e+00h  1
 989  1.4816912e-01 1.20e-04 2.13e+00  -4.0 6.56e-02    -  1.00e+00 1.00e+00h  1
iter    objective    inf_pr   inf_du lg(mu)  ||d||  lg(rg) alpha_du alpha_pr  ls
 990  1.4745660e-01 1.26e-04 2.62e+00  -4.1 6.54e-02    -  1.00e+00 1.00e+00h  1
 991  1.4783881e-01 8.21e-05 1.12e+00  -4.0 4.92e-02    -  1.00e+00 1.00e+00h  1
 992  1.4822853e-01 1.61e-05 1.03e+00  -4.0 3.28e-02    -  1.00e+00 1.00e+00H  1
 993  1.4810563e-01 7.18e-05 2.01e+00  -4.0 4.02e-02    -  1.00e+00 1.00e+00h  1
 994  1.4726018e-01 3.83e-04 2.98e+00  -4.1 7.07e-02    -  1.00e+00 1.00e+00h  1
 995  1.4741944e-01 2.21e-04 3.23e+00  -4.0 8.42e-02    -  1.00e+00 1.00e+00h  1
 996  1.4794662e-01 1.24e-04 7.69e-01  -4.0 3.65e-02    -  1.00e+00 1.00e+00h  1
 997  1.4801592e-01 6.20e-07 9.84e-01  -4.0 2.83e-02    -  1.00e+00 1.00e+00H  1
 998  1.4759866e-01 1.25e-02 1.98e+01  -4.0 5.47e-01    -  1.00e+00 1.00e+00h  1
 999  1.4475785e-01 7.85e-02 6.22e+01  -4.1 1.34e+00    -  1.00e+00 1.00e+00h  1
iter    objective    inf_pr   inf_du lg(mu)  ||d||  lg(rg) alpha_du alpha_pr  ls
1000  1.2869178e-01 1.11e-01 9.84e+01  -4.1 1.54e+00    -  5.72e-01 1.00e+00h  1

Number of Iterations....: 1000

                                   (scaled)                 (unscaled)
Objective...............:   1.2869177882418473e-01    1.2869177882418473e-01
Dual infeasibility......:   9.8401132667932600e+01    9.8401132667932600e+01
Constraint violation....:   1.1065299654732552e-01    1.1065299654732552e-01
Variable bound violation:   0.0000000000000000e+00    0.0000000000000000e+00
Complementarity.........:   8.6055307805674031e-05    8.6055307805674031e-05
Overall NLP error.......:   9.8401132667932600e+01    9.8401132667932600e+01


Number of objective function evaluations             = 1569
Number of objective gradient evaluations             = 1001
Number of equality constraint evaluations            = 1569
Number of inequality constraint evaluations          = 1569
Number of equality constraint Jacobian evaluations   = 1001
Number of inequality constraint Jacobian evaluations = 1001
Number of Lagrangian Hessian evaluations             = 0
Total seconds in IPOPT                               = 1302.852

EXIT: Maximum Number of Iterations Exceeded.
