
******************************************************************************
This program contains Ipopt, a library for large-scale nonlinear optimization.
 Ipopt is released as open source code under the Eclipse Public License (EPL).
         For more information visit https://github.com/coin-or/Ipopt
******************************************************************************

This is Ipopt version 3.14.19, running with linear solver MUMPS 5.8.2.

Number of nonzeros in equality constraint Jacobian...: 17905077
Number of nonzeros in inequality constraint Jacobian.:     3334
Number of nonzeros in Lagrangian Hessian.............:        0

Total number of variables............................:    11458
                     variables with only lower bounds:        0
                variables with lower and upper bounds:     2320
                     variables with only upper bounds:        0
Total number of equality constraints.................:    11368
Total number of inequality constraints...............:      339
        inequality constraints with only lower bounds:        0
   inequality constraints with lower and upper bounds:        0
        inequality constraints with only upper bounds:      339

iter    objective    inf_pr   inf_du lg(mu)  ||d||  lg(rg) alpha_du alpha_pr  ls
   0  1.0069919e-02 5.06e+01 1.00e+00   0.0 0.00e+00    -  0.00e+00 0.00e+00   0
   1  1.1151739e-02 5.03e+01 7.08e+02  -0.5 1.92e+02    -  1.15e-01 4.72e-03h  1
   2  7.2224475e-02 4.91e+01 2.50e+03   0.7 2.17e+02    -  8.44e-01 2.50e-02f  1
   3  1.3968229e+00 4.35e+01 7.33e+03   1.0 2.42e+02    -  1.26e-01 1.10e-01f  1
   4  1.0709088e+02 1.64e+01 1.28e+04   0.7 7.18e+02    -  4.35e-01 8.21e-01H  1
   5  1.1791696e+02 1.19e+01 9.30e+03   0.7 2.44e+02    -  9.88e-01 2.68e-01h  1
   6  1.3676245e+02 5.77e+00 4.93e+03   0.5 7.70e+01    -  9.98e-01 5.85e-01h  1
   7  1.3697969e+02 5.64e+00 3.28e+04   1.4 1.72e+01    -  9.37e-01 2.31e-02h  1
   8  1.3922624e+02 4.16e+00 9.17e+04   2.0 1.50e+01    -  9.17e-01 2.60e-01f  1
   9  1.5019789e+02 4.19e+00 4.21e+04   1.9 6.87e+01    -  9.68e-01 8.60e-01h  1
iter    objective    inf_pr   inf_du lg(mu)  ||d||  lg(rg) alpha_du alpha_pr  ls
  10  1.4907512e+02 4.02e+00 3.50e+04   1.9 4.41e+01    -  9.93e-01 4.51e-01f  1
  11  1.4840046e+02 6.76e+00 7.23e+04   1.7 3.32e+01    -  6.54e-01 9.21e-01F  1
  12  1.4787328e+02 4.71e+00 3.14e+04   1.6 9.89e+00    -  1.00e+00 3.32e-01h  1
  13  1.4710999e+02 1.31e+00 2.42e+04   1.4 1.34e+01    -  1.00e+00 1.00e+00f  1
  14  1.4684695e+02 8.70e-01 5.77e+03   0.9 9.97e+00    -  1.00e+00 1.00e+00h  1
  15  1.4657226e+02 7.61e-01 2.84e+04   1.2 5.19e+00    -  9.66e-01 1.00e+00f  1
  16  1.4674031e+02 2.09e-01 2.65e+04   0.8 6.05e+00    -  1.00e+00 1.00e+00f  1
  17  1.4669201e+02 1.53e-01 1.31e+04   0.3 3.64e+00    -  1.00e+00 1.00e+00h  1
  18  1.4680312e+02 5.40e-02 3.00e+04  -0.0 3.91e+00    -  8.56e-01 6.07e-01H  1
  19  1.4680639e+02 8.66e-02 3.12e+04  -0.3 4.25e+00    -  1.00e+00 4.68e-02h  5
iter    objective    inf_pr   inf_du lg(mu)  ||d||  lg(rg) alpha_du alpha_pr  ls
  20  1.4680761e+02 9.26e-02 3.17e+04  -0.4 8.34e+00    -  1.00e+00 9.90e-03h  7
  21  1.4681029e+02 1.03e-01 3.31e+04  -0.4 1.32e+01    -  8.17e-01 1.33e-02h  6
  22  1.4681058e+02 9.49e-02 3.32e+04  -0.4 1.64e+01    -  9.03e-01 9.77e-04h 10
  23  1.4681061e+02 9.39e-02 3.33e+04  -0.4 2.36e+01    -  3.75e-01 6.60e-05h 14
  24r 1.4681061e+02 9.39e-02 1.00e+03  -0.4 0.00e+00    -  0.00e+00 4.47e-07R 21
  25r 1.4680816e+02 3.72e-02 1.14e+03   0.8 1.88e+01    -  2.82e-01 4.96e-03f  1
  26  1.4685733e+02 3.05e-01 5.45e+02  -1.1 6.97e+01    -  4.11e-01 5.40e-02f  1
  27  1.4660708e+02 5.62e-01 6.91e+02  -1.1 9.21e+00    -  1.00e+00 1.00e+00f  1
  28  1.4674595e+02 3.19e-01 2.61e+02  -1.1 5.31e+00    -  1.00e+00 1.00e+00h  1
  29  1.4674061e+02 1.41e-01 4.96e+02  -1.1 4.76e+00    -  1.00e+00 7.66e-01h  1
iter    objective    inf_pr   inf_du lg(mu)  ||d||  lg(rg) alpha_du alpha_pr  ls
  30  1.4674730e+02 1.14e-01 1.05e+03  -1.1 5.20e+00    -  1.00e+00 2.50e-01h  3
  31  1.4674658e+02 1.54e-01 9.28e+02  -1.1 9.50e+00    -  1.00e+00 1.25e-01h  4
  32  1.4674850e+02 1.54e-01 1.96e+03  -1.1 1.14e+01    -  1.00e+00 8.38e-02h  4
  33  1.4674472e+02 1.04e-01 8.54e+02  -1.1 1.55e+01    -  1.00e+00 3.12e-02h  6
  34  1.4673577e+02 8.56e-02 9.81e+02  -1.1 1.94e+01    -  1.00e+00 3.12e-02h  6
  35  1.4673369e+02 1.25e-01 4.12e+02  -1.1 2.89e+01    -  1.00e+00 3.91e-03h  9
  36  1.4614207e+02 4.48e+00 3.42e+03  -1.1 3.35e+01    -  8.69e-01 1.00e+00H  1
  37  1.4671073e+02 1.23e+00 1.17e+03  -1.4 1.02e+01    -  1.00e+00 9.77e-01h  1
  38  1.4655617e+02 4.10e-01 3.63e+02  -1.5 3.98e+00    -  8.89e-01 1.00e+00h  1
  39  1.4595543e+02 9.67e-01 1.69e+02  -1.2 1.08e+01    -  1.00e+00 1.00e+00h  1
iter    objective    inf_pr   inf_du lg(mu)  ||d||  lg(rg) alpha_du alpha_pr  ls
  40  1.4608988e+02 3.89e-01 2.85e+02  -1.5 1.74e+01    -  1.00e+00 1.00e+00h  1
  41  1.4602895e+02 4.76e-01 2.78e+02  -1.9 1.38e+01    -  1.00e+00 1.00e+00h  1
  42  1.4574014e+02 5.57e-01 3.30e+02  -1.9 2.58e+01    -  1.00e+00 5.20e-01h  1
  43  1.4549160e+02 6.08e-01 2.85e+02  -1.6 6.39e+01    -  1.00e+00 3.97e-01h  1
  44  1.4600700e+02 5.48e-01 4.16e+02  -1.6 4.78e+01    -  6.95e-01 4.09e-01H  1
  45  1.4606317e+02 2.56e-01 1.54e+02  -1.7 9.20e+00    -  1.00e+00 1.00e+00h  1
  46  1.4562354e+02 8.12e-01 4.43e+02  -1.8 2.36e+01    -  1.00e+00 9.74e-01h  1
  47  1.4589339e+02 3.02e-01 3.16e+02  -1.9 1.11e+01    -  1.00e+00 1.00e+00h  1
  48  1.4598508e+02 2.90e-01 1.86e+02  -2.3 1.04e+01    -  1.00e+00 5.00e-01h  2
  49  1.4611064e+02 2.05e-01 9.25e+02  -1.5 8.96e+00    -  1.00e+00 2.04e-01h  3
iter    objective    inf_pr   inf_du lg(mu)  ||d||  lg(rg) alpha_du alpha_pr  ls
  50  1.4628466e+02 2.25e-01 1.89e+03  -1.2 1.26e+01    -  1.00e+00 2.50e-01h  3
  51  1.4641212e+02 3.00e-01 1.88e+03  -1.3 9.53e+00    -  5.27e-01 3.87e-01h  2
  52  1.4648305e+02 3.23e-01 2.45e+03  -1.3 1.19e+01    -  1.00e+00 1.94e-01h  3
  53  1.4661086e+02 5.02e-01 2.69e+03  -1.3 1.24e+01    -  8.03e-01 4.21e-01h  2
  54  1.4673626e+02 9.78e-01 2.35e+03  -1.3 7.36e+00    -  1.00e+00 1.00e+00h  1
  55  1.4625695e+02 3.39e-01 5.62e+02  -1.3 3.34e+00    -  9.07e-01 1.00e+00h  1
  56  1.4629889e+02 2.23e-01 4.91e+02  -1.7 3.32e+00    -  1.00e+00 7.91e-01h  1
  57  1.4638348e+02 2.70e-01 3.22e+03  -1.8 7.01e+00    -  1.00e+00 2.19e-01h  2
  58  1.4640473e+02 1.33e-01 3.57e+03  -1.8 1.24e+01    -  1.00e+00 5.42e-02h  3
  59  1.4640517e+02 1.37e-01 2.79e+03  -1.8 1.33e+01    -  1.00e+00 1.40e-03h  9
iter    objective    inf_pr   inf_du lg(mu)  ||d||  lg(rg) alpha_du alpha_pr  ls
  60r 1.4640517e+02 1.37e-01 1.00e+03  -0.9 0.00e+00    -  0.00e+00 2.86e-07R 22
  61r 1.4639845e+02 5.64e-02 9.86e+02   1.0 8.91e+01    -  1.53e-02 1.37e-03f  1
  62  1.4634592e+02 1.67e-01 9.52e+02  -1.8 2.67e+01    -  1.00e+00 1.76e-01h  2
  63  1.4604636e+02 4.14e-01 6.06e+02  -1.9 1.24e+01    -  8.63e-01 1.00e+00h  1
  64  1.4619575e+02 2.32e-01 5.14e+02  -1.9 4.98e+00    -  1.00e+00 5.00e-01h  2
  65  1.4621652e+02 2.07e-01 3.52e+02  -1.9 6.96e+00    -  1.00e+00 5.00e-01h  2
  66  1.4623803e+02 2.02e-01 3.26e+02  -1.9 9.79e+00    -  6.22e-01 1.41e-01h  3
  67  1.4625635e+02 1.87e-01 6.49e+02  -2.0 1.74e+01    -  1.00e+00 1.96e-01h  3
  68  1.4627526e+02 1.12e-01 8.81e+02  -2.0 1.76e+01    -  1.00e+00 1.74e-01h  3
  69  1.4630104e+02 1.44e-01 1.11e+03  -2.1 1.74e+01    -  5.11e-01 1.02e-01h  4
iter    objective    inf_pr   inf_du lg(mu)  ||d||  lg(rg) alpha_du alpha_pr  ls
  70  1.4631756e+02 1.31e-01 1.41e+03  -2.1 1.75e+01    -  7.09e-01 3.47e-02h  5
  71  1.4631816e+02 1.46e-01 8.88e+02  -2.1 3.67e+01    -  5.08e-01 5.83e-03h  8
  72  1.4590778e+02 1.68e+00 1.17e+03  -2.1 4.76e+01    -  3.47e-01 6.25e-01H  1
  73  1.4605883e+02 7.27e-01 7.05e+02  -2.1 1.36e+01    -  1.00e+00 5.00e-01h  2
  74  1.4609288e+02 3.36e-01 4.56e+02  -2.1 1.32e+01    -  7.38e-01 5.00e-01h  2
  75  1.4614403e+02 3.00e-01 4.31e+02  -2.1 1.28e+01    -  1.00e+00 2.50e-01h  3
  76  1.4609414e+02 2.13e-01 5.95e+02  -2.1 2.32e+01    -  1.00e+00 4.50e-01h  2
  77  1.4607208e+02 2.29e-01 8.67e+02  -2.1 2.31e+01    -  1.00e+00 2.50e-01h  3
  78  1.4597289e+02 3.07e-01 1.11e+03  -2.1 2.72e+01    -  1.00e+00 4.56e-01h  2
  79  1.4599431e+02 3.69e-01 1.15e+03  -1.9 2.16e+01    -  1.00e+00 2.50e-01h  3
iter    objective    inf_pr   inf_du lg(mu)  ||d||  lg(rg) alpha_du alpha_pr  ls
  80  1.4612588e+02 2.44e-01 1.15e+03  -2.0 1.20e+01    -  1.00e+00 5.00e-01h  2
  81  1.4617640e+02 2.98e-01 7.87e+02  -2.0 3.08e+00    -  1.00e+00 1.00e+00h  1
  82  1.4604464e+02 2.30e-01 8.73e+02  -2.2 7.46e+00    -  1.00e+00 9.18e-01h  1
  83  1.4622363e+02 2.69e-01 3.09e+03  -2.0 4.13e+00    -  9.53e-01 4.59e-01H  1
  84  1.4606402e+02 1.70e-01 4.01e+03  -2.1 8.79e+00    -  9.23e-01 6.99e-01h  1
  85  1.4614522e+02 1.44e-01 4.50e+03  -1.8 1.24e+01    -  1.00e+00 4.14e-01h  2
  86  1.4625036e+02 1.19e-01 4.51e+03  -1.9 4.18e+00    -  6.79e-01 3.60e-01H  1
  87  1.4630836e+02 7.96e-02 3.60e+03  -2.1 2.95e+00    -  1.00e+00 5.48e-01h  1
  88  1.4632594e+02 3.51e-01 6.33e+03  -2.7 5.88e+00    -  1.00e+00 4.41e-01h  1
  89  1.4637948e+02 1.09e-01 1.52e+04  -2.2 4.89e+00    -  1.00e+00 2.54e-01H  1
iter    objective    inf_pr   inf_du lg(mu)  ||d||  lg(rg) alpha_du alpha_pr  ls
  90  1.4642126e+02 4.84e-02 1.10e+04  -2.3 5.54e+00    -  9.50e-01 2.11e-01H  1
  91  1.4645911e+02 1.12e-01 1.33e+04  -1.8 2.42e+01    -  5.19e-01 3.96e-02h  3
  92  1.4647953e+02 9.93e-02 1.45e+04  -2.1 3.38e+01    -  2.73e-01 1.54e-02h  5
  93  1.4648097e+02 9.97e-02 1.46e+04  -2.1 4.03e+01    -  2.21e-01 8.65e-04h  9
  94  1.4648650e+02 1.01e-01 1.49e+04  -2.1 5.00e+01    -  2.40e-01 2.68e-03h  7
  95  1.4648661e+02 1.01e-01 1.49e+04  -2.1 4.81e+01    -  2.16e-01 5.31e-05h 13
  96  1.4648664e+02 1.01e-01 1.49e+04  -2.1 5.31e+01    -  1.81e-01 1.28e-05h 15
  97  1.4648726e+02 1.01e-01 1.49e+04  -2.1 6.39e+01    -  6.45e-02 2.73e-04h  8
  98  1.4648742e+02 1.01e-01 1.49e+04  -2.1 5.31e+01    -  3.02e-02 7.63e-05h 13
  99  1.4651664e+02 1.20e-01 1.60e+04  -2.1 5.23e+01    -  1.11e-01 1.84e-02h  4
iter    objective    inf_pr   inf_du lg(mu)  ||d||  lg(rg) alpha_du alpha_pr  ls
 100r 1.4651664e+02 1.20e-01 1.00e+03  -0.9 0.00e+00    -  0.00e+00 4.56e-07R 19
 101r 1.4653236e+02 6.46e-02 9.88e+02   0.4 1.04e+02    -  1.26e-02 1.17e-03f  1
 102  1.4651179e+02 1.16e+00 1.83e+03  -2.1 1.64e+01    -  8.40e-01 4.85e-01h  1
 103  1.4614908e+02 5.12e-01 1.03e+03  -2.1 1.35e+01    -  6.00e-01 6.19e-01h  1
 104  1.4600737e+02 5.46e-01 1.10e+03  -2.1 2.57e+01    -  6.65e-01 1.31e-01h  1
 105  1.4579353e+02 9.30e-01 5.70e+02  -2.1 1.64e+01    -  6.87e-01 7.13e-01h  1
 106  1.4567212e+02 5.74e-01 4.88e+02  -2.1 2.60e+01    -  7.83e-01 3.99e-01h  1
 107  1.4572196e+02 1.20e+00 1.02e+03  -1.7 2.10e+01    -  7.94e-01 8.45e-01h  1
 108  1.4590000e+02 2.17e-01 5.70e+02  -1.9 5.00e+00    -  1.00e+00 1.00e+00h  1
 109  1.4611411e+02 3.68e-01 4.20e+02  -1.6 5.24e+00    -  1.00e+00 9.49e-01h  1
iter    objective    inf_pr   inf_du lg(mu)  ||d||  lg(rg) alpha_du alpha_pr  ls
 110  1.4617858e+02 2.51e-01 4.21e+02  -1.7 8.09e+00    -  8.65e-01 5.89e-01h  1
 111  1.4623822e+02 2.86e-01 1.01e+03  -1.7 1.49e+01    -  7.43e-01 1.46e-01h  3
 112  1.4630289e+02 2.80e-01 7.35e+02  -1.7 1.20e+01    -  1.00e+00 2.36e-01h  3
 113  1.4630365e+02 2.81e-01 1.68e+03  -1.7 1.68e+01    -  7.68e-01 2.02e-03h  9
 114r 1.4630365e+02 2.81e-01 1.00e+03  -0.6 0.00e+00    -  0.00e+00 4.77e-07R 22
 115r 1.4629448e+02 1.69e-01 9.94e+02   1.4 1.88e+02    -  5.75e-03 1.48e-03f  1
 116  1.4627538e+02 2.84e-01 7.31e+02  -1.7 1.17e+01    -  1.00e+00 9.34e-02h  1
 117  1.4622264e+02 3.68e-01 4.76e+02  -1.7 1.60e+01    -  1.00e+00 4.01e-01h  2
 118  1.4566172e+02 9.35e-01 6.62e+02  -1.7 2.06e+01    -  8.00e-01 8.79e-01h  1
 119  1.4572223e+02 6.70e-01 6.70e+02  -1.8 1.16e+01    -  1.00e+00 4.87e-01h  2
iter    objective    inf_pr   inf_du lg(mu)  ||d||  lg(rg) alpha_du alpha_pr  ls
 120  1.4602626e+02 3.85e-01 6.34e+02  -1.9 6.50e+00    -  1.00e+00 1.00e+00h  1
 121  1.4616722e+02 1.58e-01 3.14e+02  -1.9 3.36e+00    -  1.00e+00 9.27e-01h  1
 122  1.4620244e+02 2.10e-01 4.33e+02  -1.9 9.05e+00    -  4.67e-01 1.95e-01h  2
 123  1.4620246e+02 2.10e-01 1.60e+03  -1.9 1.77e+01    -  4.47e-01 3.04e-05h 15
 124  1.4621620e+02 1.50e-01 1.42e+03  -1.9 1.92e+01    -  3.48e-01 8.59e-02h  4
 125  1.4621729e+02 1.36e-01 2.14e+03  -1.9 1.90e+01    -  8.48e-01 2.02e-03h  9
 126r 1.4621729e+02 1.36e-01 1.00e+03  -0.9 0.00e+00    -  0.00e+00 4.66e-07R 21
 127r 1.4621632e+02 5.94e-02 9.91e+02   1.1 1.05e+02    -  1.00e-02 1.24e-03f  1
 128  1.4620948e+02 8.06e-02 6.59e+02  -1.9 2.41e+01    -  5.22e-01 3.91e-02h  1
 129  1.4614989e+02 2.36e-01 1.17e+03  -1.9 3.67e+01    -  1.00e+00 1.31e-01h  3
iter    objective    inf_pr   inf_du lg(mu)  ||d||  lg(rg) alpha_du alpha_pr  ls
 130  1.4591537e+02 2.52e-01 4.30e+02  -1.9 2.19e+01    -  6.92e-01 5.00e-01h  2
 131  1.4602515e+02 2.57e-01 6.44e+02  -1.9 1.02e+01    -  6.30e-01 5.00e-01h  2
 132  1.4619781e+02 1.05e-01 4.80e+02  -1.9 3.47e+00    -  1.00e+00 1.00e+00h  1
 133  1.4601381e+02 1.99e-01 9.54e+02  -1.9 6.86e+00    -  1.00e+00 9.29e-01h  1
 134  1.4611618e+02 1.94e-01 7.36e+02  -1.5 4.34e+00    -  1.00e+00 5.00e-01h  2
 135  1.4605133e+02 1.56e-01 3.71e+03  -1.6 4.87e+00    -  8.23e-01 1.00e+00h  1
 136  1.4615018e+02 1.89e-01 7.68e+02  -1.6 3.07e+00    -  1.00e+00 1.00e+00h  1
 137  1.4621059e+02 1.95e-01 2.02e+03  -2.0 7.11e+00    -  1.00e+00 5.15e-01h  1
 138  1.4619070e+02 1.34e-01 2.40e+03  -1.7 3.60e+00    -  1.00e+00 7.24e-01h  1
 139  1.4615431e+02 2.74e-01 6.08e+03  -2.3 2.20e+00    -  1.00e+00 5.21e-01h  1
iter    objective    inf_pr   inf_du lg(mu)  ||d||  lg(rg) alpha_du alpha_pr  ls
 140  1.4620885e+02 1.04e-01 1.34e+04  -2.5 2.66e+00    -  1.00e+00 4.09e-01h  1
 141  1.4614081e+02 1.98e-01 1.08e+04  -2.3 1.59e+00    -  1.00e+00 6.02e-01h  1
 142  1.4617983e+02 1.43e-01 1.87e+04  -2.6 1.70e+00    -  1.00e+00 2.81e-01h  1
 143  1.4615668e+02 1.33e-01 2.56e+04  -2.9 1.05e+00    -  1.00e+00 2.28e-01h  1
 144  1.4616124e+02 7.40e-02 3.39e+04  -3.1 3.67e+00    -  1.00e+00 3.26e-02h  3
 145  1.4616159e+02 6.53e-02 2.61e+04  -3.2 9.90e+00    -  1.00e+00 9.61e-04h  6
 146  1.4622346e+02 1.08e-01 3.12e+04  -1.2 2.31e+01    -  5.42e-01 6.57e-02f  1
 147  1.4626293e+02 1.13e-01 3.94e+04  -1.6 2.54e+01    -  2.13e-01 4.56e-02h  2
 148  1.4629300e+02 1.29e-01 4.35e+04  -1.6 1.27e+01    -  8.88e-02 7.64e-02h  2
 149  1.4630049e+02 1.31e-01 4.51e+04  -1.6 2.53e+01    -  3.55e-01 9.02e-03h  4
iter    objective    inf_pr   inf_du lg(mu)  ||d||  lg(rg) alpha_du alpha_pr  ls
 150  1.4630159e+02 1.28e-01 4.54e+04  -1.6 2.96e+01    -  4.73e-01 1.51e-03h  8
 151  1.4634602e+02 2.27e-01 5.59e+04  -1.6 6.21e+01    -  2.56e-01 3.00e-02h  4
 152  1.4634892e+02 1.69e-01 5.66e+04  -1.6 1.36e+02    -  2.18e-01 1.03e-03h  8
 153  1.4634964e+02 1.72e-01 5.68e+04  -1.6 1.33e+02    -  4.84e-02 2.86e-04h 10
 154  1.4634973e+02 1.76e-01 5.68e+04  -1.6 1.30e+02    -  2.79e-01 3.74e-05h 13
 155r 1.4634973e+02 1.76e-01 1.00e+03  -0.8 0.00e+00    -  0.00e+00 4.53e-07R 20
 156r 1.4635593e+02 1.46e-01 1.45e+03   1.2 1.38e+02    -  1.11e-02 1.26e-03f  1
 157  1.4635873e+02 7.32e-02 6.01e+02  -1.6 4.57e+01    -  3.56e-01 6.01e-03f  1
 158  1.4674111e+02 2.11e+00 4.19e+03  -1.6 2.89e+01    -  2.75e-01 5.40e-01f  1
 159  1.4629445e+02 8.80e-01 1.12e+03  -1.6 9.64e+00    -  6.41e-01 1.00e+00h  1
iter    objective    inf_pr   inf_du lg(mu)  ||d||  lg(rg) alpha_du alpha_pr  ls
 160  1.4611114e+02 1.22e+00 4.62e+02  -1.6 9.84e+00    -  8.75e-01 1.00e+00h  1
 161  1.4629386e+02 1.86e-01 4.77e+02  -1.6 4.84e+00    -  6.06e-01 1.00e+00h  1
 162  1.4623051e+02 1.88e-01 3.99e+02  -1.6 4.48e+00    -  1.00e+00 1.00e+00h  1
 163  1.4614176e+02 3.03e-01 6.95e+02  -1.6 3.51e+00    -  1.00e+00 1.00e+00h  1
 164  1.4613022e+02 2.18e-01 6.68e+02  -1.6 3.65e+00    -  5.16e-01 1.00e+00h  1
 165  1.4613683e+02 9.84e-02 1.90e+03  -1.7 3.97e+00    -  7.90e-01 3.12e-01H  1
 166  1.4615424e+02 1.20e-01 7.54e+03  -1.9 5.18e+00    -  1.00e+00 1.38e-01h  3
 167  1.4615657e+02 1.17e-01 1.07e+04  -2.0 4.95e+00    -  6.59e-01 1.26e-02h  6
 168  1.4615807e+02 1.17e-01 3.04e+03  -2.0 1.89e+01    -  9.80e-01 2.54e-03h  8
 169r 1.4615807e+02 1.17e-01 1.00e+03  -1.1 0.00e+00    -  0.00e+00 3.40e-07R 21
iter    objective    inf_pr   inf_du lg(mu)  ||d||  lg(rg) alpha_du alpha_pr  ls
 170r 1.4614946e+02 4.93e-02 9.86e+02   0.9 7.32e+01    -  1.49e-02 1.18e-03f  1
 171  1.4612517e+02 9.11e-02 1.12e+03  -2.0 4.94e+01    -  8.02e-01 8.15e-02h  2
 172  1.4593648e+02 2.86e-01 5.11e+02  -1.5 1.09e+01    -  9.92e-01 7.09e-01h  1
 173  1.4621929e+02 1.72e-01 4.77e+02  -1.6 4.17e+00    -  1.00e+00 1.00e+00h  1
 174  1.4612808e+02 1.31e-01 6.97e+02  -1.6 4.99e+00    -  1.00e+00 1.00e+00h  1
 175  1.4603836e+02 1.69e-01 1.48e+02  -1.6 3.65e+00    -  1.00e+00 1.00e+00h  1
 176  1.4608233e+02 1.15e-01 5.40e+03  -1.3 6.50e+00    -  1.00e+00 1.56e-01h  1
 177  1.4610777e+02 7.38e-02 9.34e+03  -1.1 7.66e+00    -  1.00e+00 6.25e-02h  4
 178  1.4614624e+02 1.18e-01 7.59e+03  -0.8 1.45e+01    -  1.00e+00 5.77e-02h  4
 179  1.4617722e+02 8.48e-02 5.42e+03  -0.9 1.69e+01    -  1.00e+00 4.04e-02h  5
iter    objective    inf_pr   inf_du lg(mu)  ||d||  lg(rg) alpha_du alpha_pr  ls
 180  1.4619388e+02 1.54e-01 7.39e+03  -0.9 1.34e+01    -  1.00e+00 2.98e-02h  6
 181  1.4646409e+02 3.77e-01 4.62e+03  -0.9 2.39e+01    -  8.50e-01 2.39e-01h  3
 182  1.4666912e+02 5.25e-01 1.10e+04  -0.9 1.42e+01    -  1.00e+00 5.00e-01h  2
 183  1.4659642e+02 4.17e-01 1.21e+04  -0.9 7.44e+00    -  9.78e-01 1.00e+00h  1
 184  1.4638628e+02 1.59e-01 3.53e+03  -0.9 3.90e+00    -  1.00e+00 1.00e+00h  1
 185  1.4633413e+02 1.51e-01 3.90e+03  -0.9 3.59e+00    -  1.00e+00 1.00e+00h  1
 186  1.4638516e+02 3.74e-01 3.50e+03  -0.9 2.85e+00    -  1.00e+00 1.00e+00h  1
 187  1.4629850e+02 2.34e-01 3.59e+03  -0.9 2.75e+00    -  1.00e+00 1.00e+00h  1
 188  1.4640077e+02 1.97e-01 2.22e+03  -0.9 1.29e+00    -  1.00e+00 1.00e+00h  1
 189  1.4639811e+02 1.41e-01 8.64e+03  -0.9 1.38e+00    -  1.00e+00 1.00e+00h  1
iter    objective    inf_pr   inf_du lg(mu)  ||d||  lg(rg) alpha_du alpha_pr  ls
 190  1.4644178e+02 1.29e-01 1.63e+04  -0.9 1.17e+00    -  1.00e+00 1.00e+00h  1
 191  1.4633166e+02 1.83e-01 1.96e+04  -0.9 1.14e+00    -  1.00e+00 1.00e+00h  1
 192  1.4639981e+02 2.18e-01 2.53e+04  -0.9 1.11e+00    -  1.00e+00 1.00e+00H  1
 193  1.4646814e+02 5.57e-02 2.86e+04  -0.9 1.72e+00    -  1.00e+00 1.00e+00H  1
 194  1.4646818e+02 7.30e-02 2.87e+04  -1.5 1.42e+00    -  1.00e+00 1.56e-02h  7
 195r 1.4646818e+02 7.30e-02 1.00e+03  -1.1 0.00e+00    -  0.00e+00 2.97e-07R 22
 196r 1.4646696e+02 2.93e-02 1.09e+03   0.8 5.83e+01    -  2.00e-02 1.24e-03f  1
 197  1.4645494e+02 3.84e-01 2.62e+03  -1.5 3.74e+01    -  8.23e-01 8.90e-03f  1
 198  1.4667804e+02 8.55e-01 3.62e+03  -0.8 2.81e+01    -  1.00e+00 3.43e-01f  1
 199  1.4647305e+02 2.95e-01 1.30e+03  -0.8 5.37e+00    -  1.00e+00 1.00e+00h  1
iter    objective    inf_pr   inf_du lg(mu)  ||d||  lg(rg) alpha_du alpha_pr  ls
 200  1.4651746e+02 2.54e-01 9.64e+02  -0.8 4.82e+00    -  1.00e+00 1.00e+00h  1
 201  1.4634498e+02 2.54e-01 9.73e+02  -0.8 6.78e+00    -  1.00e+00 1.00e+00h  1
 202  1.4653181e+02 1.99e-01 2.96e+02  -0.8 4.13e+00    -  1.00e+00 1.00e+00h  1
 203  1.4654127e+02 1.11e-01 1.98e+03  -0.8 4.46e+00    -  1.00e+00 3.30e-01h  1
 204  1.4652892e+02 1.57e-01 3.71e+03  -0.8 4.49e+00    -  1.00e+00 1.17e-01h  4
 205  1.4651762e+02 1.02e-01 5.13e+03  -0.8 5.34e+00    -  1.00e+00 6.25e-02h  5
 206  1.4651759e+02 9.35e-02 5.49e+03  -0.8 6.81e+00    -  1.00e+00 4.88e-04h 12
 207  1.4651791e+02 6.41e-02 5.02e+03  -0.8 1.11e+01    -  1.00e+00 7.81e-03h  8
 208  1.4651895e+02 6.69e-02 3.80e+03  -0.8 2.14e+01    -  1.00e+00 3.91e-03h  9
 209r 1.4651895e+02 6.69e-02 1.00e+03  -0.8 0.00e+00    -  0.00e+00 4.77e-07R 22
iter    objective    inf_pr   inf_du lg(mu)  ||d||  lg(rg) alpha_du alpha_pr  ls
 210r 1.4651350e+02 2.56e-02 9.79e+02   1.0 2.53e+01    -  6.74e-02 2.64e-03f  1
 211  1.4651504e+02 4.96e-02 4.76e+03  -0.8 4.07e+01    -  1.00e+00 3.91e-03h  9
 212r 1.4651504e+02 4.96e-02 1.00e+03  -0.8 0.00e+00    -  0.00e+00 4.77e-07R 22
 213r 1.4652135e+02 2.48e-02 9.81e+02   0.4 1.55e+01    -  1.29e-01 3.22e-03f  1
 214  1.4653782e+02 6.49e-02 3.77e+03  -0.8 3.69e+01    -  1.00e+00 2.80e-02h  3
 215  1.4654690e+02 1.83e-01 3.72e+03  -0.8 3.96e+01    -  1.00e+00 3.12e-02h  6
 216  1.4655942e+02 1.50e-01 3.93e+03  -0.8 2.39e+01    -  1.00e+00 6.25e-02h  5
 217  1.4656694e+02 1.42e-01 3.95e+03  -0.8 3.01e+01    -  1.00e+00 3.12e-02h  6
 218  1.4657124e+02 1.04e-01 5.38e+03  -0.8 3.05e+01    -  1.00e+00 1.56e-02h  7
 219  1.4657315e+02 1.50e-01 4.74e+03  -0.8 5.12e+01    -  1.00e+00 3.91e-03h  9
iter    objective    inf_pr   inf_du lg(mu)  ||d||  lg(rg) alpha_du alpha_pr  ls
 220  1.4657325e+02 1.21e-01 5.48e+03  -0.8 3.86e+01    -  1.00e+00 2.44e-04h 13
 221  1.4657333e+02 1.46e-01 4.93e+03  -0.8 5.30e+01    -  1.00e+00 1.22e-04h 14
 222  1.4657334e+02 1.48e-01 4.85e+03  -0.8 4.78e+01    -  1.00e+00 1.53e-05h 17
 223  1.4657334e+02 1.49e-01 5.33e+03  -0.8 3.90e+01    -  1.00e+00 7.63e-06h 18
 224  1.4665541e+02 2.01e-01 4.13e+03  -0.8 4.06e+01    -  1.00e+00 1.25e-01h  4
 225  1.4712221e+02 1.24e+00 3.29e+03  -0.8 3.67e+01    -  1.00e+00 5.00e-01h  2
 226  1.4723750e+02 1.65e+00 2.77e+03  -0.8 1.61e+01    -  1.00e+00 1.00e+00h  1
 227  1.4668635e+02 1.43e-01 8.86e+02  -0.8 4.82e+00    -  1.00e+00 1.00e+00h  1
 228  1.4667620e+02 2.93e-01 2.86e+02  -0.8 3.52e+00    -  1.00e+00 1.00e+00h  1
 229  1.4666928e+02 2.15e-01 5.34e+02  -0.8 4.72e+00    -  1.00e+00 6.16e-01h  1
iter    objective    inf_pr   inf_du lg(mu)  ||d||  lg(rg) alpha_du alpha_pr  ls
 230  1.4662807e+02 5.80e-01 1.58e+03  -0.8 3.39e+00    -  1.00e+00 1.00e+00f  1
 231  1.4644876e+02 5.51e-01 1.45e+03  -0.8 3.28e+00    -  1.00e+00 1.00e+00h  1
 232  1.4651754e+02 2.32e-01 2.78e+03  -0.8 4.06e+00    -  1.00e+00 5.00e-01h  2
 233  1.4659249e+02 2.23e-01 2.72e+03  -0.8 4.76e+00    -  1.00e+00 2.50e-01h  3
 234  1.4673580e+02 1.48e-01 6.83e+03  -0.8 1.95e+00    -  1.00e+00 1.00e+00h  1
 235  1.4681240e+02 7.10e-02 1.36e+04  -0.8 8.62e-01    -  1.00e+00 1.00e+00h  1
 236  1.4679378e+02 7.95e-02 2.51e+04  -0.8 1.76e+00    -  1.00e+00 4.70e-01H  1
 237  1.4674967e+02 2.19e-01 2.33e+04  -0.8 1.13e+00    -  1.00e+00 5.00e-01f  2
 238  1.4680881e+02 8.73e-02 3.01e+04  -0.8 1.77e+00    -  1.00e+00 7.89e-01H  1
 239  1.4671491e+02 8.64e-02 4.40e+04  -0.8 1.38e+00    -  1.00e+00 1.00e+00F  1
iter    objective    inf_pr   inf_du lg(mu)  ||d||  lg(rg) alpha_du alpha_pr  ls
 240  1.4680400e+02 7.18e-02 1.42e+04  -0.8 1.08e+00    -  1.00e+00 1.00e+00h  1
 241  1.4678655e+02 8.74e-02 2.98e+03  -0.8 3.97e-01    -  1.00e+00 8.51e-01h  1
 242  1.4696004e+02 9.79e-02 1.63e+04  -0.8 9.60e-01    -  1.00e+00 1.00e+00H  1
 243  1.4696248e+02 6.56e-02 1.83e+04  -0.8 3.49e+00    -  1.00e+00 5.63e-02h  5
 244  1.4696271e+02 6.44e-02 1.84e+04  -0.8 1.61e+01    -  7.84e-01 9.90e-04h 10
 245  1.4696273e+02 6.43e-02 1.84e+04  -0.8 1.35e+01    -  1.00e+00 4.85e-05h 15
 246r 1.4696273e+02 6.43e-02 1.00e+03  -0.8 0.00e+00    -  0.00e+00 3.85e-07R 22
 247r 1.4696217e+02 1.57e-02 1.10e+03  -4.0 2.66e+01    -  2.41e-01 2.39e-03f  1
 248  1.4696490e+02 9.48e-02 3.53e+03  -0.8 6.93e+02    -  5.79e-02 2.27e-04f  7
 249  1.4698017e+02 1.31e-01 3.42e+03  -0.8 2.84e+01    -  1.00e+00 2.15e-02f  5
iter    objective    inf_pr   inf_du lg(mu)  ||d||  lg(rg) alpha_du alpha_pr  ls
 250  1.4698809e+02 1.42e-01 5.24e+03  -0.8 2.11e+01    -  1.00e+00 3.12e-02f  6
 251  1.4699188e+02 1.35e-01 4.30e+03  -0.8 1.19e+01    -  1.00e+00 1.56e-02h  7
 252  1.4700480e+02 6.15e-02 4.40e+03  -0.8 1.53e+01    -  1.00e+00 6.25e-02f  5
 253  1.4733831e+02 8.86e-01 8.53e+03  -0.8 1.23e+01    -  1.00e+00 1.00e+00f  1
 254  1.4670238e+02 3.84e-01 4.68e+03  -0.8 3.63e+00    -  1.00e+00 1.00e+00h  1
 255  1.4671273e+02 2.65e-01 2.57e+03  -0.8 5.03e+00    -  1.00e+00 5.00e-01h  2
 256  1.4671940e+02 1.98e-01 8.74e+02  -0.8 4.58e+00    -  1.00e+00 5.00e-01h  2
 257  1.4674125e+02 1.33e-01 8.87e+02  -0.8 5.82e+00    -  1.00e+00 2.50e-01h  3
 258  1.4680990e+02 8.68e-02 2.02e+03  -0.8 2.37e+00    -  1.00e+00 9.08e-01h  1
 259  1.4676029e+02 2.91e-01 4.27e+03  -0.8 1.93e+00    -  1.00e+00 1.00e+00f  1
iter    objective    inf_pr   inf_du lg(mu)  ||d||  lg(rg) alpha_du alpha_pr  ls
 260  1.4686166e+02 2.32e-01 1.95e+03  -0.8 1.39e+00    -  1.00e+00 1.00e+00h  1
 261  1.4678191e+02 7.41e-02 6.64e+03  -0.8 1.99e+00    -  1.00e+00 1.00e+00H  1
 262  1.4685922e+02 1.16e-01 1.67e+04  -0.8 1.21e+00    -  1.00e+00 1.00e+00H  1
 263  1.4693275e+02 7.31e-02 1.09e+04  -0.8 1.45e+00    -  1.00e+00 1.00e+00h  1
 264  1.4688710e+02 1.61e-01 5.70e+03  -0.8 9.65e-01    -  1.00e+00 1.00e+00h  1
 265  1.4685965e+02 1.05e-01 4.70e+03  -0.8 4.13e-01    -  1.00e+00 1.00e+00h  1
 266  1.4694250e+02 5.07e-02 4.36e+03  -0.8 3.11e-01    -  1.00e+00 1.00e+00H  1
 267r 1.4694250e+02 5.07e-02 1.00e+03  -1.3 0.00e+00    -  0.00e+00 4.49e-07R 22
 268r 1.4694228e+02 2.37e-02 9.81e+02   0.8 3.85e+01    -  1.95e-02 1.30e-03f  1
 269  1.4863888e+02 4.19e+00 5.84e+03  -0.7 5.43e+01    -  1.00e+00 5.00e-01f  2
iter    objective    inf_pr   inf_du lg(mu)  ||d||  lg(rg) alpha_du alpha_pr  ls
 270  1.4670725e+02 2.23e+00 1.43e+03  -0.8 1.30e+01    -  1.00e+00 1.00e+00h  1
 271  1.4667025e+02 3.12e-01 3.98e+02  -0.8 4.49e+00    -  1.00e+00 1.00e+00h  1
 272  1.4669557e+02 3.63e-01 5.02e+02  -0.8 5.55e+00    -  1.00e+00 1.00e+00h  1
 273  1.4688781e+02 1.64e-01 5.10e+02  -0.8 4.33e+00    -  1.00e+00 1.00e+00h  1
 274  1.4664569e+02 1.48e-01 4.79e+02  -0.8 3.35e+00    -  1.00e+00 1.00e+00h  1
 275  1.4667151e+02 1.22e-01 4.09e+03  -0.8 4.64e+00    -  1.00e+00 3.31e-01H  1
 276  1.4671228e+02 1.10e-01 3.14e+03  -0.8 5.18e+00    -  1.00e+00 2.50e-01f  3
 277  1.4675192e+02 2.33e-01 3.07e+03  -0.8 3.26e+00    -  1.00e+00 2.50e-01h  3
 278  1.4677404e+02 6.04e-02 4.30e+03  -0.8 2.89e+00    -  1.00e+00 2.50e-01h  3
 279r 1.4677404e+02 6.04e-02 1.00e+03  -0.8 0.00e+00    -  0.00e+00 4.77e-07R 22
iter    objective    inf_pr   inf_du lg(mu)  ||d||  lg(rg) alpha_du alpha_pr  ls
 280r 1.4677047e+02 3.43e-02 9.69e+02   0.9 1.78e+01    -  1.55e-01 3.37e-03f  1
 281  1.4677751e+02 1.08e-01 3.80e+03  -0.8 2.06e+01    -  1.00e+00 1.56e-02h  7
 282  1.4678438e+02 1.32e-01 3.97e+03  -0.8 1.65e+01    -  1.00e+00 1.56e-02h  7
 283  1.4678813e+02 1.33e-01 4.01e+03  -0.8 1.82e+01    -  1.00e+00 7.81e-03h  8
 284  1.4682569e+02 7.58e-02 2.72e+03  -0.8 2.55e+01    -  1.00e+00 6.25e-02h  5
 285  1.4687270e+02 1.55e-01 2.04e+03  -0.8 1.76e+01    -  1.00e+00 1.25e-01h  4
 286  1.4717229e+02 6.35e-01 1.97e+03  -0.8 1.88e+01    -  1.00e+00 5.00e-01h  2
 287  1.4693897e+02 2.46e-01 1.38e+03  -0.8 4.77e+00    -  1.00e+00 1.00e+00h  1
 288  1.4676100e+02 2.35e-01 3.60e+03  -0.8 5.07e+00    -  1.00e+00 1.00e+00h  1
 289  1.4670117e+02 2.84e-01 6.66e+02  -0.8 3.83e+00    -  1.00e+00 1.00e+00h  1
iter    objective    inf_pr   inf_du lg(mu)  ||d||  lg(rg) alpha_du alpha_pr  ls
 290  1.4691909e+02 1.38e-01 8.09e+02  -0.8 2.72e+00    -  1.00e+00 1.00e+00h  1
 291  1.4694522e+02 1.93e-01 9.00e+02  -0.8 2.70e+00    -  1.00e+00 1.00e+00h  1
 292  1.4681416e+02 1.44e-01 1.04e+03  -0.8 2.37e+00    -  1.00e+00 1.00e+00h  1
 293  1.4681275e+02 1.34e-01 4.31e+03  -0.8 1.80e+00    -  1.00e+00 5.51e-01H  1
 294  1.4686460e+02 2.49e-01 3.62e+03  -0.8 1.04e+00    -  1.00e+00 1.00e+00f  1
 295  1.4678746e+02 8.82e-02 7.88e+03  -0.8 1.65e+00    -  1.00e+00 5.00e-01h  2
 296  1.4678665e+02 1.16e-01 7.93e+03  -0.8 1.64e+00    -  1.00e+00 3.12e-02h  6
 297  1.4689572e+02 4.02e-02 2.72e+04  -0.8 2.82e+00    -  1.00e+00 8.09e-01H  1
 298  1.4689584e+02 9.89e-02 2.70e+04  -0.8 1.80e+00    -  1.00e+00 2.50e-01f  3
 299  1.4692783e+02 1.51e-01 1.13e+04  -0.8 1.07e+00    -  1.00e+00 1.00e+00h  1
iter    objective    inf_pr   inf_du lg(mu)  ||d||  lg(rg) alpha_du alpha_pr  ls
 300  1.4690637e+02 1.57e-01 5.60e+03  -0.8 4.82e-01    -  1.00e+00 1.00e+00h  1

Number of Iterations....: 300

                                   (scaled)                 (unscaled)
Objective...............:   1.4690637137433779e+02    1.4690637137433779e+02
Dual infeasibility......:   5.6032200982258310e+03    5.6032200982258310e+03
Constraint violation....:   1.5728784033791499e-01    1.5728784033791499e-01
Variable bound violation:   0.0000000000000000e+00    0.0000000000000000e+00
Complementarity.........:   1.7560858597622722e-01    1.7560858597622722e-01
Overall NLP error.......:   3.3443540170070291e+03    5.6032200982258310e+03


Number of objective function evaluations             = 1443
Number of objective gradient evaluations             = 301
Number of equality constraint evaluations            = 1443
Number of inequality constraint evaluations          = 1443
Number of equality constraint Jacobian evaluations   = 314
Number of inequality constraint Jacobian evaluations = 314
Number of Lagrangian Hessian evaluations             = 0
Total seconds in IPOPT                               = 24862.723

EXIT: Maximum Number of Iterations Exceeded.
