
******************************************************************************
This program contains Ipopt, a library for large-scale nonlinear optimization.
 Ipopt is released as open source code under the Eclipse Public License (EPL).
         For more information visit https://github.com/coin-or/Ipopt
******************************************************************************

This is Ipopt version 3.14.19, running with linear solver MUMPS 5.8.2.

Number of nonzeros in equality constraint Jacobian...: 17905077
Number of nonzeros in inequality constraint Jacobian.:     3334
Number of nonzeros in Lagrangian Hessian.............:        0

Total number of variables............................:    11458
                     variables with only lower bounds:        0
                variables with lower and upper bounds:     2320
                     variables with only upper bounds:        0
Total number of equality constraints.................:    11368
Total number of inequality constraints...............:      339
        inequality constraints with only lower bounds:        0
   inequality constraints with lower and upper bounds:        0
        inequality constraints with only upper bounds:      339

iter    objective    inf_pr   inf_du lg(mu)  ||d||  lg(rg) alpha_du alpha_pr  ls
   0  8.1959300e-03 5.07e+01 1.00e+00   0.0 0.00e+00    -  0.00e+00 0.00e+00   0
   1  8.8766463e-03 5.05e+01 6.09e+02  -0.8 1.52e+02    -  3.98e-03 3.76e-03h  1
   2  3.8418492e-02 4.96e+01 2.12e+03   0.2 1.98e+02    -  4.82e-01 1.80e-02f  1
   3  4.4137267e+00 4.01e+01 5.38e+03   0.6 4.97e+02    -  1.95e-01 1.83e-01f  1
   4  3.3612709e+01 2.45e+01 9.74e+03  -0.5 6.16e+02    -  2.63e-01 3.84e-01h  1
   5  5.6339357e+01 1.86e+01 9.05e+03   0.5 5.03e+02    -  1.00e+00 2.40e-01f  1
   6  5.7345942e+01 1.81e+01 2.94e+04   1.5 1.14e+02    -  9.59e-01 2.72e-02h  1
   7  7.8468349e+01 1.30e+01 3.82e+04   2.0 2.89e+02    -  9.17e-01 2.83e-01h  1
   8  1.1210515e+02 1.03e+01 1.74e+05   2.2 3.34e+02    -  3.00e-01 4.54e-01H  1
   9  1.3149913e+02 8.05e+00 1.73e+05   2.3 1.84e+02    -  1.00e+00 4.14e-01f  1
iter    objective    inf_pr   inf_du lg(mu)  ||d||  lg(rg) alpha_du alpha_pr  ls
  10  1.3790271e+02 7.71e+00 1.59e+05   2.3 9.10e+01    -  9.97e-01 2.86e-01f  1
  11  1.3881473e+02 7.06e+00 1.15e+05  -3.7 7.22e+01    -  2.12e-01 7.69e-02h  1
  12  1.5463599e+02 2.94e+01 7.79e+05   2.9 1.05e+03    -  2.11e-01 2.16e-01F  1
  13  1.5069983e+02 1.52e+01 8.18e+05   2.4 1.62e+02    -  1.00e+00 5.01e-01f  1
  14  1.5082014e+02 7.78e+00 3.45e+05   2.4 6.62e+01    -  1.00e+00 6.23e-01f  1
  15  1.5039409e+02 5.57e+00 3.78e+05   2.2 5.45e+01    -  4.72e-01 2.57e-01F  1
  16  1.5094944e+02 3.96e+00 3.47e+05   2.0 2.69e+01    -  1.00e+00 1.00e+00h  1
  17  1.5376446e+02 7.70e+00 4.43e+05   2.4 1.76e+02    -  1.00e+00 2.32e-01f  2
  18  1.5242846e+02 3.56e+00 4.61e+05   2.3 5.30e+01    -  7.89e-01 7.40e-01H  1
  19  1.5219301e+02 6.14e+00 3.65e+05   1.9 2.03e+01    -  1.00e+00 1.00e+00h  1
iter    objective    inf_pr   inf_du lg(mu)  ||d||  lg(rg) alpha_du alpha_pr  ls
  20  1.5196136e+02 3.70e+00 2.61e+05   2.1 3.51e+01    -  8.56e-01 6.59e-01H  1
  21  1.5203287e+02 3.59e+00 3.43e+05   2.1 5.96e+01    -  1.00e+00 1.83e-01f  2
  22  1.5206619e+02 3.45e+00 3.93e+05   2.0 8.52e+01    -  6.84e-01 6.05e-02h  4
  23  1.5210743e+02 3.27e+00 4.49e+05   2.0 9.43e+01    -  8.37e-01 6.66e-02h  4
  24  1.5214054e+02 3.26e+00 4.87e+05   2.0 1.03e+02    -  1.00e+00 4.94e-02h  5
  25  1.5218524e+02 3.16e+00 5.22e+05   2.0 9.05e+01    -  8.51e-01 6.25e-02h  5
  26  1.5222845e+02 3.03e+00 5.57e+05   2.0 8.37e+01    -  1.00e+00 6.25e-02h  5
  27  1.5204223e+02 1.16e+00 1.86e+05   2.0 7.72e+00    -  1.00e+00 8.66e-01h  1
  28  1.5212640e+02 7.23e-01 2.91e+05   2.0 1.66e+01    -  1.00e+00 5.00e-01h  2
  29  1.5214691e+02 6.52e-01 2.94e+05   1.7 2.44e+01    -  1.00e+00 1.23e-01h  3
iter    objective    inf_pr   inf_du lg(mu)  ||d||  lg(rg) alpha_du alpha_pr  ls
  30  1.5215307e+02 6.78e-01 2.94e+05   2.1 5.34e+01    -  1.00e+00 1.26e-02f  6
  31  1.5230166e+02 7.07e-01 2.95e+05   2.0 5.46e+01    -  6.54e-01 1.02e-01f  4
  32  1.5236270e+02 6.91e-01 3.48e+05   2.0 8.26e+01    -  1.00e+00 4.74e-02f  5
  33  1.5256654e+02 7.92e-01 4.52e+05   2.0 1.08e+02    -  9.52e-01 7.91e-02f  4
  34  1.5263404e+02 8.03e-01 5.09e+05   2.0 1.04e+02    -  8.59e-01 4.65e-02f  5
  35  1.5264698e+02 8.06e-01 5.27e+05   2.0 1.10e+02    -  1.00e+00 1.39e-02h  7
  36  1.5265709e+02 8.12e-01 5.45e+05   2.0 1.22e+02    -  6.62e-01 1.48e-02h  7
  37  1.5267134e+02 8.10e-01 5.60e+05   2.0 1.24e+02    -  1.00e+00 1.53e-02h  7
  38  1.5268026e+02 7.83e-01 5.74e+05   2.0 1.52e+02    -  6.66e-01 1.56e-02h  7
  39  1.5269010e+02 7.31e-01 5.89e+05   2.0 1.36e+02    -  1.00e+00 1.56e-02h  7
iter    objective    inf_pr   inf_du lg(mu)  ||d||  lg(rg) alpha_du alpha_pr  ls
  40  1.5269656e+02 7.18e-01 6.02e+05   2.0 1.49e+02    -  7.15e-01 1.56e-02h  7
  41  1.5269656e+02 7.18e-01 6.02e+05   2.0 1.44e+02    -  1.00e+00 1.53e-05h 17
  42  1.5269697e+02 7.37e-01 6.04e+05   2.0 1.43e+02    -  7.16e-01 3.91e-03h  9
  43  1.5270530e+02 7.43e-01 6.15e+05   2.0 1.46e+02    -  1.00e+00 1.56e-02h  7
  44  1.5271169e+02 7.51e-01 6.25e+05   2.0 1.38e+02    -  7.26e-01 1.56e-02h  7
  45  1.5271887e+02 7.40e-01 6.35e+05   2.0 1.28e+02    -  1.00e+00 1.56e-02h  7
  46  1.5272485e+02 7.22e-01 6.45e+05   2.0 1.21e+02    -  7.38e-01 1.56e-02h  7
  47  1.5274813e+02 6.74e-01 6.66e+05   2.0 1.21e+02    -  1.00e+00 3.12e-02h  6
  48  1.5246847e+02 8.50e-01 1.34e+05   2.0 4.00e+00    -  1.00e+00 1.00e+00h  1
  49  1.5261514e+02 1.70e-01 1.06e+06   1.8 1.13e+01    -  5.49e-01 1.00e+00H  1
iter    objective    inf_pr   inf_du lg(mu)  ||d||  lg(rg) alpha_du alpha_pr  ls
  50  1.5275858e+02 7.49e-01 7.25e+05   2.2 7.74e+00    -  9.98e-01 7.98e-01f  1
  51  1.5273701e+02 5.91e-01 6.12e+05   2.1 1.77e+01    -  9.30e-01 1.73e-01H  1
  52  1.5262369e+02 5.31e-01 4.78e+05   2.1 3.87e+00    -  1.00e+00 1.00e+00h  1
  53  1.5265966e+02 3.31e-01 4.73e+05   2.1 1.52e+01    -  1.00e+00 2.50e-01f  3
  54  1.5269060e+02 3.34e-01 5.19e+05   2.1 1.90e+01    -  1.00e+00 1.25e-01f  4
  55  1.5270085e+02 3.70e-01 5.34e+05   2.1 5.15e+01    -  6.78e-01 1.43e-02h  6
  56  1.5270371e+02 3.64e-01 5.37e+05   2.1 7.47e+01    -  1.00e+00 2.93e-03h  9
  57  1.5270503e+02 3.26e-01 5.39e+05   2.1 1.00e+02    -  1.00e+00 1.78e-03h 10
  58r 1.5270503e+02 3.26e-01 1.00e+03   2.1 0.00e+00    -  0.00e+00 4.76e-07R 22
  59r 1.5269395e+02 2.00e-01 1.79e+03   0.8 1.28e+00    -  9.70e-01 3.08e-01f  1
iter    objective    inf_pr   inf_du lg(mu)  ||d||  lg(rg) alpha_du alpha_pr  ls
  60  1.5248253e+02 2.23e-01 3.31e+01  -1.1 5.58e+01    -  9.42e-01 9.29e-02h  2
  61  1.5240068e+02 2.88e-01 8.53e+01  -1.4 1.67e+01    -  1.00e+00 1.31e-01h  3
  62  1.5234088e+02 2.41e-01 1.35e+02  -1.4 3.04e+01    -  9.85e-01 4.93e-02h  5
  63  1.5228079e+02 2.32e-01 1.14e+02  -1.5 3.54e+01    -  1.00e+00 6.25e-02h  5
  64  1.5203093e+02 3.71e-01 1.18e+02  -1.5 3.18e+01    -  1.00e+00 1.96e-01h  3
  65  1.5181133e+02 4.86e-01 7.85e+01  -1.6 3.30e+01    -  9.99e-01 2.50e-01h  3
  66  1.5174427e+02 4.89e-01 1.02e+02  -1.3 3.74e+01    -  1.00e+00 1.25e-01h  4
  67  1.5194636e+02 6.17e-01 4.73e+02  -1.6 2.07e+01    -  8.77e-01 3.03e-01H  1
  68  1.5189991e+02 4.08e-01 2.32e+02  -1.3 7.45e+00    -  1.00e+00 1.00e+00h  1
  69  1.5185808e+02 4.23e-01 5.37e+02  -1.6 9.34e+00    -  1.00e+00 3.69e-01h  1
iter    objective    inf_pr   inf_du lg(mu)  ||d||  lg(rg) alpha_du alpha_pr  ls
  70  1.5189282e+02 3.96e-01 1.01e+03  -1.3 1.07e+01    -  1.00e+00 5.00e-01h  2
  71  1.5189236e+02 3.06e-01 9.42e+02  -1.4 1.08e+01    -  1.00e+00 5.00e-01h  2
  72  1.5178346e+02 3.58e-01 1.02e+03  -1.4 1.16e+01    -  1.00e+00 3.48e-01h  1
  73  1.5179831e+02 3.39e-01 1.09e+04  -1.2 1.36e+01    -  1.00e+00 1.56e-01h  2
  74  1.5183712e+02 3.36e-01 2.15e+04  -0.9 1.35e+01    -  1.00e+00 6.84e-02h  4
  75  1.5189620e+02 4.13e-01 2.12e+04  -1.0 9.36e+00    -  1.00e+00 1.79e-01h  3
  76  1.5192299e+02 3.67e-01 2.40e+04  -0.7 1.81e+01    -  1.00e+00 4.53e-02h  4
  77  1.5208203e+02 6.21e-01 1.60e+04  -0.4 2.81e+01    -  1.00e+00 1.95e-01h  2
  78  1.5213083e+02 6.39e-01 1.82e+04  -0.5 2.73e+01    -  6.69e-01 4.15e-02h  4
  79  1.5218584e+02 5.97e-01 2.28e+04  -0.5 2.29e+01    -  1.00e+00 6.61e-02h  4
iter    objective    inf_pr   inf_du lg(mu)  ||d||  lg(rg) alpha_du alpha_pr  ls
  80  1.5223115e+02 4.80e-01 2.69e+04  -0.5 2.49e+01    -  6.25e-01 5.20e-02h  5
  81  1.5245610e+02 8.28e-01 4.54e+04  -0.5 3.52e+01    -  7.10e-01 1.75e-01h  3
  82  1.5292196e+02 1.84e+00 4.89e+04  -0.5 7.91e+01    -  4.39e-01 1.44e-01h  3
  83  1.5295988e+02 1.74e+00 8.21e+04  -0.5 1.63e+01    -  1.00e+00 5.00e-01h  2
  84  1.5239846e+02 1.41e+00 4.20e+04  -0.5 9.93e+00    -  7.32e-01 1.00e+00h  1
  85  1.5215952e+02 6.33e-01 1.52e+04  -0.5 6.33e+00    -  9.43e-01 1.00e+00h  1
  86  1.5244482e+02 5.42e-01 3.11e+04  -0.5 6.03e+00    -  8.81e-01 9.32e-01h  1
  87  1.5240236e+02 2.34e-01 2.51e+04  -0.5 4.62e+00    -  1.00e+00 7.04e-01h  1
  88  1.5238548e+02 1.76e-01 2.15e+04  -0.5 3.46e+00    -  1.00e+00 7.69e-01h  1
  89  1.5227380e+02 1.55e-01 2.28e+04  -1.2 1.33e+00    -  1.00e+00 7.29e-01h  1
iter    objective    inf_pr   inf_du lg(mu)  ||d||  lg(rg) alpha_du alpha_pr  ls
  90  1.5235247e+02 1.26e-01 1.60e+04  -1.0 1.62e+00    -  1.00e+00 8.85e-01h  1
  91  1.5235901e+02 1.01e-01 2.87e+04  -0.7 6.03e+00    -  1.00e+00 1.30e-01f  3
  92  1.5235963e+02 9.67e-02 2.99e+04  -0.8 2.46e+01    -  4.21e-01 1.99e-03h  8
  93r 1.5235963e+02 9.67e-02 1.00e+03  -0.8 0.00e+00    -  0.00e+00 3.11e-07R 20
  94r 1.5234221e+02 3.89e-02 1.72e+03   1.2 6.20e+01    -  2.48e-02 2.07e-03f  1
  95  1.5233643e+02 6.99e-02 1.24e+03  -0.8 2.18e+02    -  2.51e-01 2.19e-03f  1
  96  1.5279196e+02 5.66e+00 1.46e+04  -0.8 5.48e+01    -  8.85e-01 3.98e-01f  1
  97  1.5249959e+02 1.47e+00 4.96e+03  -0.8 1.38e+01    -  2.71e-01 1.00e+00h  1
  98  1.5254085e+02 1.81e+00 3.42e+03  -0.8 1.25e+01    -  1.00e+00 1.00e+00h  1
  99  1.5218947e+02 6.72e-01 3.49e+03  -0.8 7.53e+00    -  1.00e+00 1.00e+00h  1
iter    objective    inf_pr   inf_du lg(mu)  ||d||  lg(rg) alpha_du alpha_pr  ls
 100  1.5226081e+02 4.11e-01 4.93e+02  -0.8 6.17e+00    -  1.00e+00 1.00e+00h  1
 101  1.5232406e+02 2.30e-01 1.90e+03  -0.8 5.91e+00    -  1.00e+00 4.11e-01h  1
 102  1.5212284e+02 5.06e-01 1.11e+04  -0.8 5.46e+00    -  1.00e+00 8.50e-01h  1
 103  1.5227737e+02 2.45e-01 6.09e+03  -0.8 4.60e+00    -  1.00e+00 9.24e-01h  1
 104  1.5228162e+02 2.13e-01 3.32e+03  -0.8 1.83e+01    -  5.18e-01 5.91e-02h  4
 105  1.5229150e+02 2.66e-01 1.39e+04  -0.8 6.94e+00    -  1.00e+00 1.60e-01h  3
 106  1.5229798e+02 2.18e-01 1.38e+04  -0.8 9.72e+00    -  6.94e-01 5.94e-02h  4
 107  1.5230217e+02 2.03e-01 1.45e+04  -0.8 1.02e+01    -  1.00e+00 3.69e-02h  5
 108r 1.5230217e+02 2.03e-01 1.00e+03  -0.7 0.00e+00    -  0.00e+00 2.59e-07R 22
 109r 1.5230952e+02 8.31e-02 1.36e+03   1.3 1.23e+02    -  1.30e-02 1.46e-03f  1
iter    objective    inf_pr   inf_du lg(mu)  ||d||  lg(rg) alpha_du alpha_pr  ls
 110  1.5230991e+02 1.34e-01 3.89e+03  -0.8 6.38e+01    -  9.09e-01 2.96e-03h  2
 111  1.5234141e+02 1.30e-01 6.48e+03  -0.8 3.83e+01    -  8.48e-01 3.12e-02h  6
 112  1.5235790e+02 1.43e-01 4.78e+03  -0.8 1.82e+01    -  8.75e-01 1.25e-01h  4
 113  1.5236989e+02 2.52e-01 1.66e+03  -0.8 6.38e+00    -  1.00e+00 5.00e-01h  2
 114  1.5235357e+02 2.08e-01 1.34e+03  -0.8 5.49e+00    -  1.00e+00 5.00e-01h  2
 115  1.5231774e+02 1.54e-01 5.09e+03  -0.8 1.46e+01    -  1.00e+00 9.49e-02h  4
 116  1.5232987e+02 1.34e-01 1.31e+04  -0.8 1.23e+01    -  1.00e+00 7.97e-02h  3
 117  1.5235294e+02 1.84e-01 1.33e+04  -0.8 1.09e+01    -  1.00e+00 1.12e-01h  4
 118  1.5236501e+02 1.68e-01 1.63e+04  -0.8 1.27e+01    -  1.00e+00 6.25e-02h  5
 119r 1.5236501e+02 1.68e-01 1.00e+03  -0.8 0.00e+00    -  0.00e+00 3.94e-07R 22
iter    objective    inf_pr   inf_du lg(mu)  ||d||  lg(rg) alpha_du alpha_pr  ls
 120r 1.5235533e+02 5.09e-02 1.26e+03   1.2 7.82e+01    -  1.33e-02 1.55e-03f  1
 121  1.5235496e+02 5.79e-02 7.50e+03  -0.8 4.86e+01    -  1.00e+00 9.36e-04h  7
 122  1.5235499e+02 6.38e-02 1.17e+04  -0.8 4.90e+01    -  1.00e+00 1.97e-04h 13
 123r 1.5235499e+02 6.38e-02 1.00e+03  -0.8 0.00e+00    -  0.00e+00 7.45e-09R 28
 124r 1.5234836e+02 2.54e-02 9.84e+02  -0.2 2.66e+01    -  5.08e-02 2.38e-03f  1
 125  1.5234646e+02 7.57e-02 3.25e+03  -0.8 5.44e+01    -  9.35e-01 4.48e-03h  2
 126  1.5233245e+02 1.00e-01 5.15e+03  -0.8 4.19e+01    -  4.70e-01 4.76e-02h  4
 127  1.5240478e+02 3.06e-01 8.41e+02  -0.8 7.78e+00    -  9.48e-01 5.00e-01h  2
 128  1.5239890e+02 2.92e-01 5.31e+02  -0.8 1.59e+01    -  1.00e+00 2.50e-01h  3
 129  1.5238816e+02 2.96e-01 8.04e+02  -0.8 9.21e+00    -  1.00e+00 5.00e-01h  2
iter    objective    inf_pr   inf_du lg(mu)  ||d||  lg(rg) alpha_du alpha_pr  ls
 130  1.5222894e+02 3.24e-01 2.63e+03  -0.8 5.26e+00    -  1.00e+00 1.00e+00h  1
 131  1.5223730e+02 2.04e-01 1.37e+03  -1.3 3.55e+00    -  1.00e+00 1.00e+00h  1
 132  1.5227189e+02 2.06e-01 5.62e+03  -1.6 4.62e+00    -  1.00e+00 3.59e-01h  1
 133  1.5227219e+02 2.47e-01 1.52e+04  -1.9 5.66e+00    -  1.00e+00 2.39e-01h  1
 134r 1.5227219e+02 2.47e-01 1.00e+03  -0.6 0.00e+00    -  0.00e+00 3.05e-07R 21
 135r 1.5224039e+02 7.57e-02 9.80e+02   1.3 1.93e+02    -  2.37e-02 1.27e-03f  1
 136  1.5229347e+02 4.70e-01 2.70e+03  -0.8 3.15e+01    -  1.00e+00 1.40e-01f  1
 137  1.5243047e+02 3.02e-01 4.05e+02  -0.9 4.27e+00    -  1.00e+00 1.00e+00f  1
 138  1.5232866e+02 4.80e-01 1.24e+03  -0.9 4.74e+00    -  1.00e+00 7.85e-01h  1
 139  1.5228915e+02 2.07e-01 1.64e+03  -0.9 4.94e+00    -  1.00e+00 1.00e+00f  1
iter    objective    inf_pr   inf_du lg(mu)  ||d||  lg(rg) alpha_du alpha_pr  ls
 140  1.5241002e+02 1.99e-01 1.63e+03  -0.9 3.83e+00    -  1.00e+00 9.96e-01h  1
 141  1.5236805e+02 2.54e-01 4.12e+03  -0.9 4.90e+00    -  8.69e-01 3.25e-01h  2
 142  1.5238582e+02 2.16e-01 7.13e+03  -0.9 7.30e+00    -  7.98e-01 2.22e-01h  3
 143  1.5233949e+02 1.17e-01 1.08e+04  -0.9 1.81e+00    -  1.00e+00 4.30e-01h  1
 144  1.5231447e+02 1.50e-01 1.34e+04  -0.9 1.59e+00    -  1.00e+00 1.00e+00h  1
 145  1.5231375e+02 1.82e-01 1.65e+04  -0.9 7.78e+00    -  1.00e+00 2.04e-02h  5
 146  1.5231267e+02 9.35e-02 1.71e+04  -0.9 4.05e+00    -  1.00e+00 1.05e-01h  4
 147  1.5231360e+02 8.89e-02 1.63e+04  -0.9 1.02e+01    -  8.20e-01 6.62e-03h  7
 148  1.5231411e+02 9.77e-02 1.75e+04  -0.9 7.22e+00    -  1.00e+00 6.52e-03h  8
 149  1.5231415e+02 9.89e-02 1.61e+04  -0.9 1.39e+01    -  6.37e-01 3.29e-04h 12
iter    objective    inf_pr   inf_du lg(mu)  ||d||  lg(rg) alpha_du alpha_pr  ls
 150  1.5231415e+02 9.90e-02 1.47e+04  -0.9 1.60e+01    -  1.00e+00 1.12e-05h 17
 151r 1.5231415e+02 9.90e-02 1.00e+03  -0.9 0.00e+00    -  0.00e+00 3.78e-07R 21
 152r 1.5229870e+02 6.08e-02 1.27e+03   1.1 6.28e+01    -  2.24e-02 1.60e-03f  1
 153  1.5229884e+02 1.62e-01 3.21e+03  -0.9 1.16e+02    -  5.43e-01 1.19e-03f  2
 154  1.5230704e+02 2.24e-01 1.07e+04  -0.9 5.47e+01    -  9.63e-01 2.48e-02h  6
 155  1.5231471e+02 1.57e-01 5.01e+03  -0.9 1.21e+01    -  1.00e+00 6.25e-02h  5
 156  1.5232768e+02 1.56e-01 1.33e+04  -0.9 1.16e+01    -  1.00e+00 6.25e-02h  5
 157  1.5233110e+02 1.83e-01 1.39e+04  -0.9 1.84e+01    -  1.00e+00 1.56e-02h  7
 158  1.5234227e+02 1.38e-01 1.09e+04  -0.9 2.25e+01    -  9.40e-01 3.12e-02h  6
 159  1.5234291e+02 1.44e-01 1.44e+04  -0.9 1.88e+01    -  1.00e+00 7.81e-03h  8
iter    objective    inf_pr   inf_du lg(mu)  ||d||  lg(rg) alpha_du alpha_pr  ls
 160  1.5234732e+02 1.57e-01 1.35e+04  -0.9 2.06e+01    -  8.74e-01 1.56e-02h  7
 161  1.5235262e+02 1.25e-01 1.37e+04  -0.9 2.37e+01    -  1.00e+00 1.56e-02h  7
 162  1.5235352e+02 1.21e-01 1.42e+04  -0.9 2.48e+01    -  8.73e-01 1.95e-03h 10
 163  1.5235352e+02 1.21e-01 1.46e+04  -0.9 2.74e+01    -  1.00e+00 3.81e-06h 19
 164  1.5235352e+02 1.21e-01 1.39e+04  -0.9 3.27e+01    -  9.30e-01 9.54e-07h 21
 165  1.5235838e+02 9.19e-02 1.20e+04  -0.9 4.36e+01    -  7.85e-01 7.50e-03h  8
 166r 1.5235838e+02 9.19e-02 1.00e+03  -0.9 0.00e+00    -  0.00e+00 4.77e-07R 22
 167r 1.5236351e+02 8.85e-02 9.82e+02   1.1 5.37e+01    -  1.91e-02 1.69e-03f  1
 168r 1.5236040e+02 7.52e-02 8.89e+02  -0.8 2.55e+00    -  2.09e-01 1.75e-02f  1
 169  1.5236012e+02 5.00e-02 6.31e+03  -0.9 4.24e+01    -  1.00e+00 1.36e-03h  6
iter    objective    inf_pr   inf_du lg(mu)  ||d||  lg(rg) alpha_du alpha_pr  ls
 170  1.5238763e+02 7.32e-02 1.29e+04  -0.9 3.52e+01    -  1.00e+00 3.78e-02h  5
 171  1.5239447e+02 1.11e-01 6.98e+03  -0.9 4.06e+01    -  1.00e+00 6.25e-02h  5
 172  1.5242724e+02 1.02e-01 3.64e+03  -0.9 2.07e+01    -  1.00e+00 6.25e-02h  5
 173  1.5248114e+02 1.15e-01 4.15e+03  -0.9 1.49e+01    -  1.00e+00 1.25e-01h  4
 174  1.5250866e+02 2.09e-01 5.33e+03  -0.9 9.71e+00    -  1.00e+00 2.50e-01h  3
 175  1.5250231e+02 2.64e-01 7.92e+03  -0.9 6.88e+00    -  1.00e+00 1.00e+00h  1
 176  1.5256544e+02 1.43e-01 5.14e+03  -0.9 5.44e+00    -  1.00e+00 1.00e+00h  1
 177  1.5254104e+02 1.40e-01 4.26e+03  -0.9 5.92e+00    -  1.00e+00 2.50e-01h  3
 178  1.5257560e+02 1.31e-01 1.23e+04  -0.9 6.20e+00    -  1.00e+00 1.89e-01h  3
 179  1.5253836e+02 6.84e-02 1.39e+04  -0.9 3.49e+00    -  1.00e+00 6.03e-01H  1
iter    objective    inf_pr   inf_du lg(mu)  ||d||  lg(rg) alpha_du alpha_pr  ls
 180  1.5252439e+02 2.09e-01 7.51e+03  -0.9 2.99e+00    -  1.00e+00 1.00e+00f  1
 181  1.5254452e+02 8.42e-02 3.13e+04  -0.9 2.81e+00    -  1.00e+00 7.43e-01H  1
 182  1.5250646e+02 6.06e-02 2.65e+04  -1.4 2.29e+00    -  9.95e-01 4.29e-01H  1
 183  1.5256093e+02 4.56e-02 2.71e+04  -2.1 1.74e+00    -  9.60e-01 6.58e-01H  1
 184  1.5256841e+02 9.68e-02 1.59e+04  -2.6 1.20e+00    -  1.00e+00 6.87e-01h  1
 185  1.5258489e+02 3.51e-02 4.21e+04  -3.7 7.21e-01    -  9.91e-01 3.84e-01H  1
 186  1.5257234e+02 1.18e-01 8.76e+04  -4.0 1.19e+00    -  1.00e+00 1.60e-01H  1
 187  1.5257315e+02 7.99e-02 8.59e+04  -4.0 1.24e+01    -  3.91e-01 8.22e-03h  3
 188  1.5257319e+02 7.29e-02 8.21e+04  -4.0 1.50e+01    -  1.00e+00 7.97e-04h  6
 189  1.5256686e+02 1.95e-01 8.23e+04  -3.9 7.72e+00    -  1.00e+00 1.37e-01h  1
iter    objective    inf_pr   inf_du lg(mu)  ||d||  lg(rg) alpha_du alpha_pr  ls
 190  1.5256761e+02 1.98e-01 7.41e+04  -3.6 2.50e+01    -  3.58e-01 3.40e-03h  4
 191r 1.5256761e+02 1.98e-01 1.00e+03  -0.7 0.00e+00    -  0.00e+00 2.75e-07R 19
 192r 1.5257328e+02 4.57e-02 1.91e+03   1.1 1.52e+02    -  2.56e-02 1.29e-03f  1
 193  1.5256316e+02 7.00e-02 9.33e+00  -3.6 2.01e+01    -  7.36e-02 8.83e-03h  1
 194  1.5256316e+02 8.19e-02 2.77e+03  -3.6 3.46e+01    -  2.72e-01 3.78e-04h  3
 195r 1.5256316e+02 8.19e-02 1.00e+03  -1.1 0.00e+00    -  0.00e+00 2.74e-07R 16
 196r 1.5257017e+02 2.71e-02 9.90e+02  -0.2 7.64e+01    -  8.99e-03 1.06e-03f  1
 197  1.5256991e+02 2.91e-02 5.75e+02  -3.6 2.71e+01    -  2.86e-01 2.17e-04h  2
 198r 1.5256991e+02 2.91e-02 9.99e+02  -1.6 0.00e+00    -  0.00e+00 3.10e-07R 14
 199r 1.5257510e+02 1.06e-01 9.95e+02   0.0 2.36e+01    -  4.03e-03 1.04e-03f  1
iter    objective    inf_pr   inf_du lg(mu)  ||d||  lg(rg) alpha_du alpha_pr  ls
 200r 1.5258042e+02 1.04e-01 9.78e+02  -2.9 5.55e+00    -  8.66e-02 4.94e-03f  1
 201r 1.5265105e+02 7.22e-02 1.01e+03  -1.6 7.01e+01    -  2.29e-01 4.44e-03f  1
 202r 1.5258358e+02 1.17e-01 6.87e+02  -1.1 5.09e+00    -  1.00e+00 1.56e-01f  1
 203r 1.5259119e+02 1.09e-01 8.96e+02  -4.0 5.15e-01    -  7.69e-01 7.21e-02f  1
 204r 1.5270242e+02 1.93e-01 1.48e+02  -1.6 3.80e+00    -  1.00e+00 6.77e-01f  1
 205r 1.5266630e+02 1.05e-01 4.00e+02  -2.0 1.12e+00    -  8.11e-01 1.93e-01f  1
 206r 1.5251321e+02 1.71e-01 3.36e+02  -2.2 1.30e+00    -  1.00e+00 9.99e-01f  1
 207r 1.5256613e+02 1.33e-01 2.31e+02  -1.9 7.14e-01    -  1.00e+00 5.10e-01f  1
 208r 1.5267812e+02 3.23e-01 1.18e+02  -2.6 7.41e-01    -  1.00e+00 7.02e-01f  1
 209r 1.5265980e+02 3.65e-01 6.02e+01  -2.6 3.97e-01    -  1.00e+00 9.83e-01f  1
iter    objective    inf_pr   inf_du lg(mu)  ||d||  lg(rg) alpha_du alpha_pr  ls
 210r 1.5267191e+02 1.77e-01 1.18e+02  -3.0 5.63e-01    -  1.00e+00 4.14e-01f  1
 211r 1.5271470e+02 7.14e-02 5.75e+01  -4.0 3.98e-01    -  1.00e+00 8.12e-01f  1
 212r 1.5271636e+02 9.73e-02 6.37e+01  -3.5 3.27e-01    -  1.00e+00 9.30e-01h  1
 213r 1.5276615e+02 1.16e-01 4.34e+01  -3.7 2.69e-01    -  1.00e+00 9.92e-01f  1
 214r 1.5273894e+02 4.87e-02 2.40e+01  -4.0 1.30e-01    -  1.00e+00 1.00e+00h  1
 215r 1.5270171e+02 8.37e-02 1.55e+01  -4.0 4.96e-01    -  1.00e+00 5.00e-01h  2
 216r 1.5273065e+02 7.10e-02 5.33e+01  -4.0 2.16e-01    -  1.00e+00 1.00e+00H  1
 217r 1.5280536e+02 6.43e-02 4.40e+01  -4.0 2.95e-01    -  1.00e+00 1.00e+00h  1
 218r 1.5277561e+02 3.60e-01 3.60e+01  -4.0 2.05e-01    -  1.00e+00 1.00e+00h  1
 219r 1.5269960e+02 6.26e-02 3.03e+01  -4.0 8.39e-01    -  1.00e+00 1.00e+00H  1
iter    objective    inf_pr   inf_du lg(mu)  ||d||  lg(rg) alpha_du alpha_pr  ls
 220r 1.5272351e+02 4.49e-02 7.37e+00  -4.0 9.41e-02    -  1.00e+00 1.00e+00h  1
 221r 1.5278453e+02 1.89e-01 1.29e+01  -4.0 3.61e-01    -  1.00e+00 1.00e+00h  1
 222r 1.5272113e+02 8.62e-02 5.03e+01  -4.0 7.17e-01    -  1.00e+00 1.00e+00H  1
 223r 1.5271874e+02 9.34e-02 7.32e+01  -3.7 4.93e-01    -  1.00e+00 1.00e+00f  1
 224r 1.5275281e+02 1.12e-01 6.34e+01  -3.8 6.64e-01    -  6.82e-01 1.00e+00h  1
 225r 1.5271470e+02 1.33e-01 8.00e+01  -3.8 7.61e-01    -  1.00e+00 7.85e-01h  1
 226r 1.5263579e+02 1.15e-01 3.87e+01  -3.8 3.65e-01    -  1.00e+00 1.00e+00h  1
 227r 1.5273193e+02 1.41e-01 2.65e+01  -3.8 1.02e+00    -  1.00e+00 1.00e+00H  1
 228r 1.5277433e+02 1.30e-01 2.80e+01  -3.8 3.67e-01    -  1.00e+00 1.00e+00h  1
 229r 1.5276335e+02 1.15e-01 2.20e+01  -3.8 3.06e-01    -  1.00e+00 1.00e+00h  1
iter    objective    inf_pr   inf_du lg(mu)  ||d||  lg(rg) alpha_du alpha_pr  ls
 230r 1.5271736e+02 3.28e-02 2.06e+01  -3.8 2.82e-01    -  1.00e+00 1.00e+00h  1
 231r 1.5278858e+02 5.08e-02 2.18e+01  -3.8 2.52e-01    -  1.00e+00 1.00e+00H  1
 232r 1.5271613e+02 7.12e-02 1.15e+01  -4.0 4.36e-01    -  1.00e+00 1.00e+00h  1
 233r 1.5280597e+02 1.01e-01 2.08e+01  -4.1 6.13e-01    -  1.00e+00 1.00e+00h  1
 234r 1.5268019e+02 1.25e-01 4.07e+01  -4.0 7.62e-01    -  1.00e+00 1.00e+00h  1
 235r 1.5272580e+02 5.81e-02 2.51e+01  -4.0 4.45e-01    -  1.00e+00 1.00e+00h  1
 236r 1.5272543e+02 1.12e-01 2.30e+01  -4.1 1.66e-01    -  1.00e+00 1.00e+00h  1
 237r 1.5275020e+02 3.94e-02 2.81e+01  -4.0 1.08e-01    -  1.00e+00 1.00e+00h  1
 238r 1.5279089e+02 9.20e-02 8.25e+00  -4.0 2.74e-01    -  1.00e+00 1.00e+00h  1
 239r 1.5271577e+02 1.37e-01 3.43e+01  -4.0 4.39e-01    -  1.00e+00 1.00e+00h  1
iter    objective    inf_pr   inf_du lg(mu)  ||d||  lg(rg) alpha_du alpha_pr  ls
 240r 1.5275688e+02 9.89e-02 2.61e+01  -4.1 4.84e-01    -  1.00e+00 1.00e+00h  1
 241r 1.5277272e+02 9.64e-02 3.73e+01  -4.1 2.54e-01    -  1.00e+00 1.00e+00h  1
 242r 1.5264887e+02 1.02e-01 4.15e+01  -4.0 7.87e-01    -  1.00e+00 1.00e+00h  1
 243r 1.5273315e+02 7.28e-02 6.00e+01  -4.1 5.83e-01    -  1.00e+00 1.00e+00h  1
 244r 1.5274479e+02 9.72e-02 5.17e+01  -3.8 5.44e-01    -  1.00e+00 1.00e+00f  1
 245r 1.5271187e+02 1.02e-01 2.83e+01  -3.9 6.85e-01    -  1.00e+00 6.41e-01h  1
 246r 1.5275647e+02 1.33e-01 3.73e+01  -3.9 4.09e-01    -  1.00e+00 1.00e+00h  1
 247r 1.5276453e+02 6.95e-02 2.13e+01  -3.9 1.36e-01    -  1.00e+00 1.00e+00h  1
 248r 1.5274071e+02 4.39e-02 9.62e+00  -3.9 5.85e-01    -  1.00e+00 2.50e-01h  3
 249r 1.5270578e+02 1.03e-01 1.85e+01  -4.0 2.14e-01    -  1.00e+00 1.00e+00h  1
iter    objective    inf_pr   inf_du lg(mu)  ||d||  lg(rg) alpha_du alpha_pr  ls
 250r 1.5274650e+02 5.12e-02 1.65e+01  -4.1 2.24e-01    -  1.00e+00 1.00e+00h  1
 251r 1.5270507e+02 3.43e-02 8.04e+00  -4.0 2.32e-01    -  1.00e+00 1.00e+00h  1
 252r 1.5279941e+02 4.03e-02 1.84e+01  -4.0 2.57e-01    -  1.00e+00 1.00e+00H  1
 253r 1.5270607e+02 2.81e-02 4.90e+01  -4.0 4.69e-01    -  1.00e+00 1.00e+00H  1
 254r 1.5281876e+02 7.44e-02 1.60e+01  -4.0 1.39e-01    -  1.00e+00 1.00e+00H  1
 255r 1.5272279e+02 5.30e-02 2.68e+01  -4.1 5.70e-01    -  1.00e+00 1.00e+00h  1
 256r 1.5278868e+02 5.04e-02 1.76e+01  -4.0 3.89e-01    -  1.00e+00 1.00e+00h  1
 257r 1.5278075e+02 7.34e-02 3.20e+01  -4.1 1.28e-01    -  1.00e+00 1.00e+00h  1
 258r 1.5267283e+02 6.65e-02 1.43e+01  -4.0 6.50e-01    -  1.00e+00 1.00e+00h  1
 259r 1.5269777e+02 1.20e-01 2.88e+01  -4.1 1.40e-01    -  1.00e+00 1.00e+00h  1
iter    objective    inf_pr   inf_du lg(mu)  ||d||  lg(rg) alpha_du alpha_pr  ls
 260r 1.5274852e+02 1.18e-01 6.73e+00  -4.1 2.75e-01    -  1.00e+00 1.00e+00h  1
 261r 1.5276045e+02 9.53e-02 2.36e+01  -4.1 1.58e-01    -  1.00e+00 1.00e+00h  1
 262r 1.5280724e+02 7.00e-02 1.04e+01  -4.1 7.02e-01    -  1.00e+00 1.00e+00H  1
 263r 1.5275339e+02 1.13e-01 5.01e+01  -4.1 4.02e-01    -  1.00e+00 1.00e+00h  1
 264r 1.5271802e+02 2.65e-01 2.86e+01  -4.0 4.06e-01    -  1.00e+00 1.00e+00h  1
 265r 1.5270339e+02 3.19e-01 1.83e+01  -4.1 2.44e-01    -  1.00e+00 1.00e+00h  1
 266r 1.5275322e+02 4.14e-02 1.66e+01  -4.1 2.58e-01    -  1.00e+00 1.00e+00h  1
 267r 1.5267064e+02 1.17e-01 1.26e+01  -4.0 5.16e-01    -  1.00e+00 1.00e+00h  1
 268r 1.5278386e+02 1.31e-01 3.66e+01  -4.1 6.18e-01    -  1.00e+00 1.00e+00h  1
 269r 1.5273882e+02 6.73e-02 1.74e+01  -4.1 2.35e-01    -  1.00e+00 1.00e+00h  1
iter    objective    inf_pr   inf_du lg(mu)  ||d||  lg(rg) alpha_du alpha_pr  ls
 270r 1.5268805e+02 1.21e-01 2.09e+01  -4.1 3.05e-01    -  1.00e+00 1.00e+00h  1
 271r 1.5280864e+02 9.02e-02 3.85e+01  -4.1 3.27e-01    -  1.00e+00 1.00e+00H  1
 272r 1.5276040e+02 9.54e-02 3.68e+01  -4.1 2.98e-01    -  1.00e+00 1.00e+00h  1
 273r 1.5270152e+02 6.84e-02 1.16e+01  -4.0 2.63e-01    -  1.00e+00 1.00e+00h  1
 274r 1.5269150e+02 6.85e-02 2.39e+01  -4.1 1.39e-01    -  1.00e+00 1.00e+00h  1
 275r 1.5280687e+02 7.27e-02 2.19e+01  -4.1 6.56e-01    -  1.00e+00 1.00e+00h  1
 276r 1.5270833e+02 6.58e-02 1.71e+01  -4.1 5.79e-01    -  1.00e+00 1.00e+00h  1
 277r 1.5271732e+02 4.90e-02 2.21e+01  -4.1 2.94e-01    -  1.00e+00 1.00e+00H  1
 278r 1.5265190e+02 7.28e-02 3.54e+01  -4.0 5.02e-01    -  1.00e+00 1.00e+00h  1
 279r 1.5280617e+02 9.96e-02 5.95e+01  -4.1 8.74e-01    -  1.00e+00 1.00e+00h  1
iter    objective    inf_pr   inf_du lg(mu)  ||d||  lg(rg) alpha_du alpha_pr  ls
 280r 1.5268173e+02 6.03e-02 3.15e+01  -4.1 5.74e-01    -  1.00e+00 1.00e+00h  1
 281r 1.5267720e+02 1.50e-01 3.23e+01  -4.0 1.53e-01    -  1.00e+00 1.00e+00h  1
 282r 1.5271267e+02 7.12e-02 1.38e+01  -4.1 1.86e-01    -  1.00e+00 1.00e+00h  1
 283r 1.5276965e+02 8.30e-02 1.83e+01  -4.1 4.18e-01    -  1.00e+00 1.00e+00h  1
 284r 1.5266855e+02 7.29e-02 1.39e+01  -4.1 5.98e-01    -  1.00e+00 1.00e+00h  1
 285r 1.5274766e+02 6.01e-02 4.93e+01  -4.1 2.63e-01    -  1.00e+00 1.00e+00H  1
 286r 1.5269806e+02 1.91e-02 1.36e+01  -4.1 1.45e-01    -  1.00e+00 1.00e+00H  1
 287  1.5269802e+02 1.91e-02 4.24e+03  -4.0 3.01e+01    -  4.44e-01 2.98e-05h  3
 288  1.5288438e+02 8.05e-01 1.18e+05   0.4 5.78e+02    -  6.08e-01 8.45e-03f  1
 289  1.5277562e+02 1.50e+00 1.08e+04   0.1 6.84e+00    -  9.09e-01 1.00e+00f  1
iter    objective    inf_pr   inf_du lg(mu)  ||d||  lg(rg) alpha_du alpha_pr  ls
 290  1.5354466e+02 8.54e+00 3.47e+03   0.1 3.91e+01    -  6.90e-01 1.00e+00f  1
 291  1.5316910e+02 6.05e-01 1.44e+03   0.1 1.48e+01    -  1.00e+00 1.00e+00h  1
 292  1.5290780e+02 4.69e-01 2.56e+03   0.1 8.51e+00    -  1.00e+00 1.00e+00h  1
 293  1.5297276e+02 2.52e-01 2.19e+03   0.1 5.05e+00    -  1.00e+00 1.00e+00h  1
 294  1.5296104e+02 1.44e-01 3.14e+03   0.1 6.14e+00    -  1.00e+00 5.00e-01h  2
 295  1.5293904e+02 1.60e-01 8.66e+03   0.1 7.33e+00    -  1.00e+00 2.50e-01h  3
 296  1.5291590e+02 1.91e-01 8.92e+03   0.1 1.03e+01    -  1.00e+00 2.50e-01h  3
 297  1.5282632e+02 2.29e-01 1.63e+04   0.1 1.18e+01    -  1.00e+00 3.16e-01H  1
 298  1.5279806e+02 1.59e-01 1.81e+04   0.1 4.39e+00    -  1.00e+00 5.00e-01f  2
 299  1.5266123e+02 1.24e-01 1.14e+04   0.1 2.07e+00    -  1.00e+00 1.00e+00h  1
iter    objective    inf_pr   inf_du lg(mu)  ||d||  lg(rg) alpha_du alpha_pr  ls
 300  1.5276014e+02 6.53e-02 9.19e+03   0.1 2.14e+00    -  1.00e+00 1.00e+00h  1
 301  1.5272129e+02 2.10e-01 8.82e+03   0.1 1.01e+00    -  1.00e+00 1.00e+00h  1
 302  1.5278359e+02 7.44e-02 1.09e+04   0.1 7.48e-01    -  1.00e+00 1.00e+00h  1
 303  1.5286066e+02 4.90e-02 1.12e+04   0.1 7.53e-01    -  1.00e+00 1.00e+00h  1
 304r 1.5286066e+02 4.90e-02 1.00e+03   0.1 0.00e+00    -  0.00e+00 4.77e-07R 22
 305r 1.5286483e+02 2.27e-02 1.67e+03   0.4 2.13e+00    -  9.49e-01 2.64e-02f  1
 306  1.5285825e+02 1.54e-01 3.00e+03  -0.6 1.47e+02    -  8.62e-01 3.52e-03f  2
 307  1.5287128e+02 1.33e-01 6.40e+03  -0.6 2.85e+01    -  1.00e+00 9.73e-02h  4
 308  1.5292182e+02 6.08e-01 6.74e+02  -0.6 5.41e+00    -  9.57e-01 1.00e+00f  1
 309  1.5276876e+02 2.02e-01 1.33e+03  -0.6 4.10e+00    -  1.00e+00 1.00e+00h  1
iter    objective    inf_pr   inf_du lg(mu)  ||d||  lg(rg) alpha_du alpha_pr  ls
 310  1.5270138e+02 2.38e-01 8.34e+02  -0.6 4.48e+00    -  1.00e+00 5.00e-01h  2
 311  1.5271886e+02 1.66e-01 8.93e+03  -0.6 5.31e+00    -  1.00e+00 1.99e-01h  2
 312  1.5272457e+02 1.41e-01 1.19e+04  -0.6 3.63e+00    -  1.00e+00 2.27e-01h  3
 313  1.5273601e+02 1.26e-01 1.37e+04  -0.6 4.27e+00    -  1.00e+00 1.25e-01h  4
 314  1.5273694e+02 1.30e-01 1.37e+04  -0.6 8.16e+00    -  1.00e+00 3.12e-02h  6
 315  1.5273668e+02 1.30e-01 1.39e+04  -0.6 9.01e+00    -  1.00e+00 3.91e-03h  9
 316  1.5273228e+02 1.28e-01 1.24e+04  -0.6 1.23e+01    -  1.00e+00 3.12e-02h  6
 317  1.5273225e+02 1.28e-01 1.24e+04  -0.6 1.55e+01    -  1.00e+00 1.22e-04h 14
 318r 1.5273225e+02 1.28e-01 1.00e+03  -0.6 0.00e+00    -  0.00e+00 4.77e-07R 22
 319r 1.5273279e+02 5.67e-02 1.28e+03   0.7 5.15e+01    -  5.51e-02 2.46e-03f  1
iter    objective    inf_pr   inf_du lg(mu)  ||d||  lg(rg) alpha_du alpha_pr  ls
 320  1.5273189e+02 5.60e-02 9.28e+03  -0.6 3.10e+01    -  1.00e+00 1.64e-03h  7
 321  1.5271925e+02 1.31e-01 1.15e+04  -0.6 3.01e+01    -  1.00e+00 3.12e-02h  6
 322  1.5272957e+02 2.32e-01 7.54e+03  -0.6 1.62e+01    -  1.00e+00 1.25e-01h  4
 323  1.5283320e+02 1.82e-01 3.51e+03  -0.6 9.52e+00    -  1.00e+00 5.00e-01h  2
 324  1.5317543e+02 1.29e+00 5.87e+03  -0.6 1.73e+01    -  1.00e+00 1.00e+00h  1
 325  1.5289258e+02 8.04e-01 1.37e+03  -0.6 1.00e+01    -  1.00e+00 1.00e+00h  1
 326  1.5288594e+02 3.87e-01 1.40e+03  -0.6 6.25e+00    -  7.65e-01 1.00e+00h  1
 327  1.5281993e+02 3.85e-01 1.86e+03  -0.6 6.63e+00    -  1.00e+00 1.00e+00h  1
 328  1.5278228e+02 2.12e-01 3.65e+02  -0.6 4.52e+00    -  1.00e+00 1.00e+00h  1
 329  1.5277426e+02 1.72e-01 6.93e+03  -0.6 3.25e+00    -  1.00e+00 1.92e-01h  1
iter    objective    inf_pr   inf_du lg(mu)  ||d||  lg(rg) alpha_du alpha_pr  ls
 330  1.5275652e+02 1.72e-01 1.19e+04  -0.6 6.92e+00    -  1.00e+00 2.16e-01h  3
 331  1.5273966e+02 1.40e-01 9.60e+03  -0.6 1.07e+01    -  1.00e+00 7.85e-02h  4
 332  1.5273049e+02 1.45e-01 1.10e+04  -0.6 8.92e+00    -  1.00e+00 9.36e-02h  4
 333  1.5272759e+02 1.35e-01 1.18e+04  -0.6 1.10e+01    -  1.00e+00 3.04e-02h  6
 334  1.5272745e+02 1.38e-01 1.21e+04  -0.6 1.39e+01    -  1.00e+00 3.91e-03h  9
 335  1.5272719e+02 1.40e-01 1.27e+04  -0.6 1.45e+01    -  1.00e+00 3.91e-03h  9
 336  1.5272718e+02 1.40e-01 1.13e+04  -0.6 2.16e+01    -  1.00e+00 2.44e-04h 13
 337  1.5272718e+02 1.40e-01 1.14e+04  -0.6 2.27e+01    -  1.00e+00 3.05e-05h 16
 338  1.5272772e+02 1.07e-01 1.06e+04  -0.6 2.20e+01    -  1.00e+00 3.12e-02h  6
 339  1.5272804e+02 1.21e-01 1.09e+04  -0.6 2.53e+01    -  1.00e+00 3.91e-03h  9
iter    objective    inf_pr   inf_du lg(mu)  ||d||  lg(rg) alpha_du alpha_pr  ls
 340r 1.5272804e+02 1.21e-01 1.00e+03  -0.6 0.00e+00    -  0.00e+00 4.77e-07R 22
 341r 1.5273001e+02 4.66e-02 1.03e+03   1.1 3.13e+01    -  6.14e-02 3.20e-03f  1
 342r 1.5273001e+02 4.66e-02 9.95e+02  -0.6 0.00e+00    -  0.00e+00 2.86e-07R 19
 343r 1.5272984e+02 1.18e-01 1.01e+03   0.6 8.01e+00    -  2.93e-01 5.77e-03f  1
 344r 1.5272086e+02 1.19e-01 8.06e+02  -0.6 1.66e+00    -  7.01e-01 1.97e-01f  1
 345r 1.5273068e+02 8.04e-02 1.64e+02  -1.0 2.02e-01    -  1.00e+00 6.76e-01f  1
 346r 1.5277369e+02 9.42e-02 3.67e+01  -2.3 2.35e-01    -  1.00e+00 8.70e-01f  1
 347r 1.5267201e+02 8.54e-02 2.35e+01  -1.7 4.23e-01    -  1.00e+00 1.00e+00f  1
 348r 1.5272369e+02 4.84e-02 4.27e+01  -2.7 2.68e-01    -  1.00e+00 1.00e+00f  1
 349r 1.5273226e+02 6.05e-02 3.57e+01  -3.8 1.42e-01    -  1.00e+00 1.00e+00f  1
iter    objective    inf_pr   inf_du lg(mu)  ||d||  lg(rg) alpha_du alpha_pr  ls
 350r 1.5276699e+02 2.73e-01 1.31e+02  -4.0 8.14e-01    -  1.00e+00 1.00e+00h  1
 351r 1.5282190e+02 2.93e-01 1.72e+02  -2.8 1.11e+00    -  1.00e+00 7.31e-01f  1
 352r 1.5274701e+02 2.02e-01 2.27e+02  -3.0 1.08e+00    -  2.75e-01 1.00e+00h  1
 353r 1.5281511e+02 2.47e-01 1.40e+02  -3.0 5.18e-01    -  4.29e-01 1.00e+00h  1
 354r 1.5287385e+02 1.13e-01 6.29e+01  -3.0 3.06e-01    -  1.00e+00 1.00e+00h  1
 355r 1.5275339e+02 3.18e-02 3.01e+01  -3.0 5.57e-01    -  1.00e+00 1.00e+00h  1
 356  1.5275636e+02 1.27e-01 1.06e+03  -1.3 3.54e+02    -  3.89e-02 1.25e-03f  2
 357  1.5273998e+02 1.06e-01 4.47e+03  -1.3 2.95e+01    -  9.41e-01 1.63e-02h  4
 358r 1.5273998e+02 1.06e-01 1.00e+03  -1.0 0.00e+00    -  0.00e+00 3.21e-07R 22
 359r 1.5275544e+02 3.11e-02 9.79e+02   0.8 9.10e+01    -  2.13e-02 1.16e-03f  1
iter    objective    inf_pr   inf_du lg(mu)  ||d||  lg(rg) alpha_du alpha_pr  ls
 360r 1.5275544e+02 3.11e-02 9.98e+02  -1.3 0.00e+00    -  0.00e+00 4.95e-07R 19
 361r 1.5275852e+02 1.17e-02 9.77e+02   0.6 1.63e+01    -  2.16e-02 1.89e-03f  1
 362  1.5274364e+02 1.02e-01 8.85e+02  -1.3 4.45e+01    -  8.65e-01 7.25e-03h  2
 363  1.5273717e+02 1.10e-01 4.07e+03  -1.3 3.67e+01    -  8.15e-01 9.37e-03h  6
 364  1.5273501e+02 7.75e-02 6.55e+03  -1.3 2.86e+01    -  1.00e+00 2.51e-03h  9
 365r 1.5273501e+02 7.75e-02 1.00e+03  -1.1 0.00e+00    -  0.00e+00 3.58e-07R 22
 366r 1.5273405e+02 2.10e-01 9.96e+02  -4.0 7.02e+01    -  5.43e-02 1.09e-03f  1
 367r 1.5273310e+02 6.57e-02 8.58e+02  -0.8 5.43e+00    -  1.00e+00 1.22e-02f  1
 368  1.5273165e+02 6.83e-02 1.78e+03  -1.3 3.63e+01    -  9.25e-01 7.59e-04h  5
 369r 1.5273165e+02 6.83e-02 1.00e+03  -1.2 0.00e+00    -  0.00e+00 3.92e-07R 21
iter    objective    inf_pr   inf_du lg(mu)  ||d||  lg(rg) alpha_du alpha_pr  ls
 370r 1.5273174e+02 1.49e-02 9.84e+02   0.5 5.76e+01    -  3.19e-02 1.17e-03f  1
 371  1.5273023e+02 5.89e-02 1.65e+03  -1.3 3.97e+01    -  9.15e-01 7.95e-04h  5
 372r 1.5273023e+02 5.89e-02 1.00e+03  -1.2 0.00e+00    -  0.00e+00 4.07e-07R 21
 373r 1.5272282e+02 2.20e-02 9.95e+02  -4.0 5.60e+01    -  1.26e-01 1.04e-03f  1
 374  1.5270033e+02 3.61e-02 9.87e-01  -1.3 3.74e+01    -  1.26e-02 1.26e-02s 16
 375r 1.5270033e+02 3.61e-02 9.99e+02  -1.3 0.00e+00    -  0.00e+00 0.00e+00R  1
 376r 1.5270056e+02 1.43e-02 9.93e+02   0.1 2.46e+01    -  3.67e-02 1.45e-03f  1
 377  1.5268087e+02 1.28e-01 6.44e+02  -1.3 3.99e+01    -  9.19e-01 1.19e-02h  2
 378  1.5267391e+02 9.39e-02 3.58e+03  -1.3 4.56e+01    -  7.45e-01 1.20e-02h  5
 379r 1.5267391e+02 9.39e-02 1.00e+03  -1.0 0.00e+00    -  0.00e+00 3.74e-07R 22
iter    objective    inf_pr   inf_du lg(mu)  ||d||  lg(rg) alpha_du alpha_pr  ls
 380r 1.5266909e+02 2.18e-02 9.82e+02   0.9 6.92e+01    -  2.12e-02 1.34e-03f  1
 381  1.5251556e+02 2.63e-01 2.46e+03  -1.3 4.11e+01    -  1.00e+00 1.23e-01h  2
 382  1.5217282e+02 1.78e+00 7.97e+02  -1.3 1.46e+01    -  6.55e-01 1.00e+00h  1
 383  1.5237645e+02 1.03e+00 3.72e+02  -1.3 9.43e+00    -  1.00e+00 5.00e-01h  2
 384  1.5246793e+02 7.64e-01 4.60e+02  -1.3 7.70e+00    -  1.00e+00 2.50e-01h  3
 385  1.5246104e+02 7.43e-01 2.18e+03  -1.3 8.83e+00    -  1.00e+00 3.14e-02h  5
 386  1.5246473e+02 7.78e-01 3.48e+03  -1.3 1.18e+01    -  1.00e+00 1.26e-02h  7
 387  1.5246478e+02 7.79e-01 3.42e+03  -1.3 1.63e+01    -  1.00e+00 9.54e-05h 14
 388  1.5246760e+02 7.36e-01 2.86e+03  -1.3 1.44e+01    -  8.69e-01 6.38e-03h  8
 389  1.5246780e+02 7.36e-01 3.65e+03  -1.3 1.51e+01    -  1.00e+00 4.88e-04h 12
iter    objective    inf_pr   inf_du lg(mu)  ||d||  lg(rg) alpha_du alpha_pr  ls
 390  1.5246780e+02 7.36e-01 3.23e+03  -1.3 1.68e+01    -  6.23e-01 1.55e-06h 20
 391r 1.5246780e+02 7.36e-01 1.00e+03  -0.1 0.00e+00    -  0.00e+00 4.23e-07R 22
 392r 1.5247057e+02 2.45e-01 9.90e+02  -4.0 4.41e+02    -  1.33e-02 1.65e-03f  1
 393r 1.5248871e+02 2.35e-01 8.05e+02   0.2 1.00e+02    -  3.40e-01 1.11e-02f  1
 394  1.5248926e+02 1.70e-01 8.48e+02  -1.3 1.81e+01    -  9.76e-01 2.37e-02h  2
 395  1.5250183e+02 2.23e-01 1.68e+03  -1.3 2.23e+01    -  9.01e-01 3.57e-02h  5
 396  1.5251257e+02 2.27e-01 2.56e+03  -1.3 2.64e+01    -  1.00e+00 2.22e-02h  6
 397  1.5251705e+02 2.21e-01 2.55e+03  -1.3 3.44e+01    -  6.52e-01 1.40e-02h  7
 398  1.5252536e+02 1.36e-01 3.25e+03  -1.3 3.15e+01    -  1.00e+00 2.78e-02h  6
 399r 1.5252536e+02 1.36e-01 1.00e+03  -0.9 0.00e+00    -  0.00e+00 3.58e-07R 22
iter    objective    inf_pr   inf_du lg(mu)  ||d||  lg(rg) alpha_du alpha_pr  ls
 400r 1.5251928e+02 7.75e-02 9.92e+02   1.1 1.13e+02    -  7.43e-03 1.19e-03f  1
 401  1.5251070e+02 9.66e-02 1.75e+03  -1.3 2.94e+01    -  1.00e+00 1.43e-02h  3
 402  1.5251090e+02 1.06e-01 3.00e+03  -1.3 3.38e+01    -  1.00e+00 5.75e-04h 11
 403r 1.5251090e+02 1.06e-01 1.00e+03  -1.0 0.00e+00    -  0.00e+00 4.03e-07R 22
 404r 1.5250958e+02 3.25e-02 9.88e+02   0.9 9.08e+01    -  1.56e-02 1.15e-03f  1
 405  1.5250958e+02 3.26e-02 2.71e+03  -1.3 3.07e+01    -  1.00e+00 3.63e-05h 14
 406  1.5250958e+02 3.26e-02 1.94e+03  -1.3 4.11e+01    -  1.00e+00 7.63e-06h 18
 407  1.5250958e+02 3.26e-02 2.01e+03  -1.3 3.64e+01    -  9.12e-01 3.81e-06h 19
 408r 1.5250958e+02 3.26e-02 1.00e+03  -1.3 0.00e+00    -  0.00e+00 4.77e-07R 22
 409r 1.5250543e+02 3.60e-02 9.78e+02   0.2 3.27e+01    -  3.78e-02 1.69e-03f  1
iter    objective    inf_pr   inf_du lg(mu)  ||d||  lg(rg) alpha_du alpha_pr  ls
 410r 1.5250284e+02 1.15e-01 8.40e+02  -0.5 3.49e+00    -  7.18e-01 3.48e-02f  1
 411r 1.5250745e+02 6.09e-02 3.45e+02  -1.5 3.16e-01    -  1.00e+00 3.41e-01f  1
 412r 1.5253013e+02 1.55e-01 2.64e+01  -1.1 2.66e-01    -  1.00e+00 1.00e+00f  1
 413r 1.5242340e+02 1.52e-01 2.25e+01  -1.3 5.13e-01    -  1.00e+00 1.00e+00f  1
 414r 1.5258858e+02 1.93e-01 3.56e+01  -1.8 7.44e-01    -  1.00e+00 9.94e-01f  1
 415r 1.5240723e+02 1.01e-01 4.96e+01  -2.2 1.29e+00    -  1.00e+00 7.99e-01f  1
 416r 1.5245106e+02 2.09e-01 1.02e+02  -3.0 3.85e-01    -  1.00e+00 6.47e-01f  1
 417r 1.5235944e+02 2.05e-01 4.38e+01  -3.5 5.96e-01    -  1.00e+00 9.95e-01f  1
 418r 1.5242673e+02 1.40e-01 1.76e+02  -4.0 8.61e-01    -  1.00e+00 1.00e+00f  1
 419r 1.5251783e+02 2.89e-01 1.74e+02  -2.9 1.33e+00    -  1.00e+00 6.81e-01f  1
iter    objective    inf_pr   inf_du lg(mu)  ||d||  lg(rg) alpha_du alpha_pr  ls
 420r 1.5258026e+02 6.96e-02 9.20e+01  -3.1 5.48e-01    -  5.11e-01 5.11e-01h  1
 421r 1.5259321e+02 7.08e-02 6.31e+01  -3.2 1.79e-01    -  1.00e+00 1.00e+00h  1
 422r 1.5264241e+02 2.62e-01 3.56e+01  -3.6 1.94e-01    -  1.00e+00 1.00e+00f  1
 423r 1.5254493e+02 1.02e-01 5.17e+01  -3.3 8.38e-01    -  1.00e+00 9.08e-01f  1
 424r 1.5250424e+02 6.83e-02 2.70e+01  -3.4 2.55e-01    -  1.00e+00 1.00e+00h  1
 425r 1.5251528e+02 9.62e-02 4.71e+01  -4.0 1.34e-01    -  1.00e+00 1.00e+00f  1
 426r 1.5257302e+02 8.47e-02 6.54e+01  -3.6 6.20e-01    -  1.00e+00 9.81e-01f  1
 427r 1.5254741e+02 4.37e-02 4.38e+01  -3.7 2.49e-01    -  1.00e+00 1.00e+00h  1
 428r 1.5257366e+02 1.21e-01 4.17e+01  -3.8 2.62e-01    -  1.00e+00 1.00e+00h  1
 429r 1.5252649e+02 7.71e-02 3.12e+01  -3.9 4.52e-01    -  1.00e+00 1.00e+00h  1
iter    objective    inf_pr   inf_du lg(mu)  ||d||  lg(rg) alpha_du alpha_pr  ls
 430r 1.5255224e+02 1.12e-01 3.95e+01  -4.0 4.70e-01    -  1.00e+00 1.00e+00h  1
 431r 1.5257356e+02 1.21e-01 9.21e+01  -4.0 8.39e-01    -  1.00e+00 1.00e+00h  1
 432r 1.5245218e+02 4.79e-01 1.86e+02  -3.7 2.34e+00    -  1.00e+00 9.29e-01f  1
 433r 1.5240067e+02 3.28e-01 1.42e+02  -3.9 1.56e+00    -  1.67e-01 1.00e+00h  1
 434r 1.5253736e+02 1.64e-01 9.89e+01  -3.9 6.80e-01    -  7.70e-01 1.00e+00h  1
 435r 1.5259666e+02 6.70e-02 9.55e+01  -3.9 8.56e-01    -  7.88e-01 8.97e-01h  1
 436r 1.5253967e+02 7.09e-02 8.92e+01  -3.9 4.58e-01    -  3.64e-01 1.00e+00h  1
 437r 1.5250481e+02 5.92e-02 5.53e+01  -3.9 1.57e+00    -  1.00e+00 3.02e-01H  1
 438r 1.5251161e+02 2.99e-02 9.96e+01  -3.9 1.05e+00    -  5.66e-01 6.83e-01H  1
 439r 1.5256129e+02 7.52e-02 4.96e+01  -3.9 5.03e-01    -  1.00e+00 1.00e+00H  1
iter    objective    inf_pr   inf_du lg(mu)  ||d||  lg(rg) alpha_du alpha_pr  ls
 440r 1.5253322e+02 1.07e-01 3.74e+01  -4.0 1.98e-01    -  1.00e+00 1.00e+00h  1
 441r 1.5260642e+02 7.22e-02 2.20e+01  -3.6 2.95e-01    -  1.00e+00 1.00e+00f  1
 442r 1.5260789e+02 1.45e-01 3.67e+01  -3.7 3.42e-01    -  6.58e-01 1.00e+00h  1
 443r 1.5258509e+02 1.03e-01 5.62e+01  -3.7 1.35e+00    -  1.00e+00 3.95e-01H  1
 444r 1.5259288e+02 1.16e-01 4.40e+01  -3.7 2.05e-01    -  1.00e+00 1.00e+00h  1
 445r 1.5261952e+02 8.54e-02 7.35e+01  -3.7 4.96e-01    -  3.60e-01 1.00e+00H  1
 446r 1.5258774e+02 1.50e-01 3.09e+01  -3.7 5.62e-01    -  1.00e+00 4.75e-01h  1
 447r 1.5239235e+02 1.50e-01 5.53e+01  -3.7 8.52e-01    -  1.00e+00 1.00e+00H  1
 448r 1.5266604e+02 1.28e-01 9.19e+01  -3.7 4.54e-01    -  1.00e+00 1.00e+00H  1
 449r 1.5264670e+02 5.10e-02 6.48e+01  -3.7 4.26e-01    -  1.00e+00 2.50e-01h  3
iter    objective    inf_pr   inf_du lg(mu)  ||d||  lg(rg) alpha_du alpha_pr  ls
 450r 1.5264353e+02 4.21e-02 2.41e+01  -3.7 1.62e-01    -  1.00e+00 1.00e+00h  1
 451r 1.5263601e+02 5.57e-02 2.01e+01  -3.7 5.43e-01    -  1.00e+00 1.73e-01h  3
 452r 1.5258808e+02 1.76e-01 2.49e+01  -3.9 4.21e-01    -  1.00e+00 9.44e-01h  1
 453r 1.5254250e+02 1.19e-01 7.12e+01  -4.0 4.38e-01    -  1.00e+00 1.00e+00h  1
 454r 1.5253006e+02 6.91e-02 5.04e+01  -4.0 3.63e-01    -  1.00e+00 1.00e+00h  1
 455r 1.5253733e+02 4.21e-02 3.20e+01  -4.0 5.06e-01    -  1.00e+00 1.00e+00H  1
 456r 1.5254759e+02 9.49e-02 2.88e+01  -4.0 8.62e-02    -  1.00e+00 1.00e+00h  1
 457r 1.5261297e+02 6.92e-02 1.09e+01  -4.0 3.17e-01    -  1.00e+00 1.00e+00h  1
 458r 1.5258392e+02 9.51e-02 3.09e+01  -4.0 3.01e-01    -  1.00e+00 1.00e+00h  1
 459r 1.5252186e+02 5.59e-02 2.15e+01  -4.1 3.67e-01    -  1.00e+00 1.00e+00h  1
iter    objective    inf_pr   inf_du lg(mu)  ||d||  lg(rg) alpha_du alpha_pr  ls
 460r 1.5252726e+02 5.92e-02 3.74e+01  -4.0 4.50e-01    -  1.00e+00 1.00e+00h  1
 461r 1.5257587e+02 5.06e-02 4.06e+01  -4.1 2.65e-01    -  1.00e+00 1.00e+00h  1
 462r 1.5257032e+02 2.57e-01 1.52e+01  -4.0 2.09e-01    -  1.00e+00 1.00e+00h  1
 463r 1.5246383e+02 2.56e-01 2.22e+01  -4.1 5.30e-01    -  6.90e-01 1.00e+00h  1
 464r 1.5257950e+02 8.17e-02 9.48e+00  -4.0 5.81e-01    -  1.00e+00 1.00e+00h  1
 465r 1.5254832e+02 1.15e-01 3.45e+01  -4.1 1.41e-01    -  1.00e+00 1.00e+00h  1
 466r 1.5241515e+02 5.79e-02 2.58e+01  -3.7 6.99e-01    -  1.00e+00 1.00e+00f  1
 467r 1.5253095e+02 2.89e-01 1.66e+02  -3.8 1.24e+00    -  4.88e-01 1.00e+00h  1
 468r 1.5250539e+02 7.96e-02 6.58e+01  -3.8 3.26e-01    -  1.00e+00 1.00e+00h  1
 469r 1.5254462e+02 6.95e-02 3.37e+01  -3.8 4.31e-01    -  1.00e+00 1.00e+00H  1
iter    objective    inf_pr   inf_du lg(mu)  ||d||  lg(rg) alpha_du alpha_pr  ls
 470r 1.5256352e+02 8.61e-02 2.36e+01  -3.8 1.48e-01    -  1.00e+00 1.00e+00h  1
 471r 1.5255319e+02 8.97e-02 2.63e+01  -3.8 3.96e-01    -  1.00e+00 3.60e-01h  2
 472r 1.5254610e+02 8.13e-02 1.79e+01  -3.8 2.53e-01    -  1.00e+00 2.50e-01h  3
 473r 1.5254999e+02 8.43e-02 3.07e+01  -3.8 1.10e-01    -  1.00e+00 1.00e+00H  1
 474r 1.5251105e+02 4.55e-02 1.73e+01  -3.8 3.12e-01    -  1.00e+00 1.00e+00H  1
 475r 1.5250749e+02 4.62e-02 1.04e+01  -3.8 2.24e-01    -  1.00e+00 2.50e-01h  3
 476r 1.5250256e+02 1.05e-01 1.67e+01  -4.0 1.07e-01    -  1.00e+00 1.00e+00h  1
 477r 1.5254484e+02 3.86e-02 3.54e+01  -4.1 3.45e-01    -  1.00e+00 1.00e+00h  1
 478r 1.5254032e+02 6.70e-02 3.32e+01  -4.0 2.72e-01    -  1.00e+00 1.00e+00h  1
 479r 1.5246950e+02 9.60e-02 4.69e+01  -4.1 4.01e-01    -  1.00e+00 1.00e+00h  1
iter    objective    inf_pr   inf_du lg(mu)  ||d||  lg(rg) alpha_du alpha_pr  ls
 480r 1.5252447e+02 1.11e-01 3.47e+01  -4.1 4.38e-01    -  1.00e+00 1.00e+00h  1
 481r 1.5255774e+02 7.51e-02 3.67e+01  -4.1 4.92e-01    -  1.00e+00 1.00e+00H  1
 482r 1.5253285e+02 3.98e-02 2.37e+01  -4.0 2.09e-01    -  1.00e+00 1.00e+00h  1
 483r 1.5252309e+02 2.92e-02 2.33e+01  -4.0 8.14e-02    -  1.00e+00 1.00e+00h  1
 484r 1.5252953e+02 3.22e-02 4.19e+00  -4.0 3.06e-02    -  1.00e+00 1.00e+00h  1
 485r 1.5257165e+02 4.33e-02 8.84e+00  -4.0 2.33e-01    -  1.00e+00 1.00e+00h  1
 486r 1.5251538e+02 6.02e-02 2.12e+01  -4.0 3.07e-01    -  1.00e+00 1.00e+00h  1
 487r 1.5253451e+02 2.88e-02 1.51e+01  -4.0 1.27e-01    -  1.00e+00 1.00e+00h  1
 488r 1.5247623e+02 2.87e-02 1.11e+01  -4.0 2.91e-01    -  1.00e+00 1.00e+00h  1
 489r 1.5254042e+02 2.46e-02 8.60e+00  -4.0 2.06e-01    -  1.00e+00 1.00e+00H  1
iter    objective    inf_pr   inf_du lg(mu)  ||d||  lg(rg) alpha_du alpha_pr  ls
 490  1.5253977e+02 3.03e-02 6.96e+02  -4.0 2.89e+01    -  2.46e-01 5.39e-04h  1
 491  1.5261389e+02 6.99e-01 5.20e+03  -1.4 5.81e+01    -  8.51e-01 1.17e-01f  1
 492  1.5261378e+02 3.25e+00 4.25e+03  -1.0 1.30e+01    -  1.00e+00 1.00e+00f  1
 493  1.5272032e+02 5.53e-01 2.42e+03  -1.0 8.21e+00    -  1.00e+00 1.00e+00h  1
 494  1.5219967e+02 6.43e-01 3.86e+02  -1.0 9.07e+00    -  8.13e-01 1.00e+00h  1
 495  1.5249623e+02 5.53e-01 4.90e+02  -1.0 8.48e+00    -  1.00e+00 5.00e-01h  2
 496  1.5238720e+02 4.30e-01 1.12e+03  -1.0 5.41e+00    -  1.00e+00 9.24e-01h  1
 497  1.5257655e+02 1.60e-01 6.15e+02  -1.0 4.69e+00    -  1.00e+00 1.00e+00f  1
 498  1.5258474e+02 1.72e-01 3.17e+03  -1.0 7.85e+00    -  1.00e+00 3.71e-01h  1
 499  1.5251163e+02 1.31e-01 1.15e+04  -1.0 1.14e+01    -  1.00e+00 1.40e-01h  3
iter    objective    inf_pr   inf_du lg(mu)  ||d||  lg(rg) alpha_du alpha_pr  ls
 500  1.5257229e+02 1.56e-01 9.84e+03  -1.0 5.51e+00    -  1.00e+00 2.73e-01h  2

Number of Iterations....: 500

                                   (scaled)                 (unscaled)
Objective...............:   1.5257229137982551e+02    1.5257229137982551e+02
Dual infeasibility......:   9.8362305451355951e+03    9.8362305451355951e+03
Constraint violation....:   1.5628088115184369e-01    1.5628088115184369e-01
Variable bound violation:   0.0000000000000000e+00    0.0000000000000000e+00
Complementarity.........:   2.3550184485828016e-01    2.3550184485828016e-01
Overall NLP error.......:   9.8362305451355951e+03    9.8362305451355951e+03


Number of objective function evaluations             = 2295
Number of objective gradient evaluations             = 319
Number of equality constraint evaluations            = 2295
Number of inequality constraint evaluations          = 2295
Number of equality constraint Jacobian evaluations   = 527
Number of inequality constraint Jacobian evaluations = 527
Number of Lagrangian Hessian evaluations             = 0
Total seconds in IPOPT                               = 77210.039

EXIT: Maximum Number of Iterations Exceeded.
