This is Ipopt version 3.14.19, running with linear solver MUMPS 5.8.2.

Number of nonzeros in equality constraint Jacobian...:   782909
Number of nonzeros in inequality constraint Jacobian.:     3392
Number of nonzeros in Lagrangian Hessian.............:        0

Total number of variables............................:     2527
                     variables with only lower bounds:        0
                variables with lower and upper bounds:      536
                     variables with only upper bounds:        0
Total number of equality constraints.................:     2430
Total number of inequality constraints...............:      361
        inequality constraints with only lower bounds:        0
   inequality constraints with lower and upper bounds:        0
        inequality constraints with only upper bounds:      361

iter    objective    inf_pr   inf_du lg(mu)  ||d||  lg(rg) alpha_du alpha_pr  ls
   0  3.4170099e-02 6.07e+00 1.00e+00   0.0 0.00e+00    -  0.00e+00 0.00e+00   0
   1  3.3950277e-02 6.00e+00 2.54e+01  -0.2 1.36e+01    -  6.33e-02 1.06e-02h  1
   2  3.3893097e-02 5.98e+00 1.06e+02  -0.3 1.44e+01    -  2.26e-02 4.06e-03h  1
   3  3.3641325e-02 5.93e+00 1.50e+03   0.7 2.23e+01    -  1.66e-01 8.34e-03f  1
   4  5.5501836e-02 5.74e+00 1.61e+03   1.6 4.48e+01    -  4.86e-02 3.09e-02f  1
   5  1.8098032e-01 5.43e+00 6.98e+03   1.8 4.47e+01    -  3.24e-01 5.43e-02f  1
   6  9.3497212e-01 4.63e+00 8.87e+03   1.9 4.47e+01    -  3.30e-01 1.46e-01f  1
   7  1.8291940e+00 4.08e+00 9.23e+03   2.4 5.07e+01    -  1.55e-01 1.30e-01f  1
   8  2.5025157e+00 3.57e+00 1.34e+04   0.6 3.76e+01    -  8.34e-02 1.33e-01h  1
   9  3.6014243e+00 3.20e+00 3.93e+04   2.2 6.15e+01    -  3.04e-01 1.33e-01f  1
iter    objective    inf_pr   inf_du lg(mu)  ||d||  lg(rg) alpha_du alpha_pr  ls
  10  6.6544339e+00 4.46e+00 4.60e+04   2.2 3.84e+01    -  1.74e-01 3.21e-01h  1
  11  1.0001954e+01 4.24e+00 3.34e+04   2.6 3.77e+01    -  4.16e-01 2.71e-01f  1
  12  1.5382752e+01 3.12e+00 1.18e+05   2.2 2.05e+01    -  9.97e-01 5.38e-01h  1
  13  2.2365838e+01 4.05e+00 1.60e+05   2.8 3.56e+01    -  6.66e-01 3.97e-01f  1
  14  2.3863184e+01 2.30e+00 1.77e+05   2.5 2.06e+01    -  9.29e-01 4.19e-01h  1
  15  2.6851267e+01 2.31e+00 1.69e+05   2.8 3.12e+01    -  8.73e-01 3.88e-01f  1
  16  2.5549044e+01 4.05e-01 9.14e+04   2.1 9.55e+00    -  1.00e+00 9.70e-01h  1
  17  2.3535080e+01 2.73e-01 8.65e+04   1.9 9.87e+00    -  9.40e-01 1.00e+00H  1
  18  2.3123522e+01 4.55e-01 3.78e+04   1.4 4.82e+00    -  1.00e+00 1.00e+00h  1
  19  2.3171035e+01 6.86e-02 1.49e+04   1.0 2.73e+00    -  1.00e+00 1.00e+00f  1
iter    objective    inf_pr   inf_du lg(mu)  ||d||  lg(rg) alpha_du alpha_pr  ls
  20  2.3483802e+01 2.74e-02 7.35e+03   0.5 1.99e+00    -  1.00e+00 1.00e+00f  1
  21  2.3553761e+01 3.04e-02 5.34e+03   0.3 9.88e-01    -  1.00e+00 1.00e+00h  1
  22  2.3658743e+01 1.69e-02 7.75e+03  -0.3 1.21e+00    -  1.00e+00 1.00e+00h  1
  23  2.3621152e+01 7.87e-03 1.40e+03  -0.8 8.82e-01    -  1.00e+00 1.00e+00h  1
  24  2.3622674e+01 4.43e-04 4.47e+02  -1.8 1.31e-01    -  1.00e+00 1.00e+00h  1
  25  2.3641807e+01 7.45e-04 1.17e+03  -2.4 4.24e-01    -  1.00e+00 1.00e+00H  1
  26  2.3644405e+01 4.92e-04 4.73e+03  -2.4 5.16e-01    -  1.00e+00 1.25e-01h  4
  27  2.3643825e+01 3.12e-04 5.12e+03  -2.9 2.27e-01    -  1.71e-01 1.00e+00H  1
  28  2.3628201e+01 2.67e-03 1.11e+03  -3.3 1.72e-01    -  1.00e+00 1.00e+00h  1
  29  2.3630437e+01 1.86e-04 5.43e+02  -3.4 9.19e-02    -  1.00e+00 1.00e+00h  1
iter    objective    inf_pr   inf_du lg(mu)  ||d||  lg(rg) alpha_du alpha_pr  ls
  30  2.3628398e+01 8.53e-06 9.15e+01  -4.0 1.78e-02    -  1.00e+00 1.00e+00h  1
  31  2.3622224e+01 3.09e-05 4.25e+01  -4.0 1.22e-02    -  1.00e+00 1.00e+00h  1
  32  2.3569729e+01 1.51e-03 2.61e+03  -4.0 1.69e-01    -  1.00e+00 6.19e-01f  1
  33  2.3323377e+01 2.35e-02 3.72e+03  -2.2 2.37e+00    -  1.00e+00 2.66e-01f  1
  34  2.3327468e+01 1.99e-02 1.79e+03  -1.9 5.83e-01    -  1.00e+00 3.41e-01f  1
  35  2.3208337e+01 6.34e-03 4.40e+02  -2.4 3.51e-01    -  9.13e-01 1.00e+00h  1
  36  2.3118499e+01 3.36e-02 2.40e+02  -1.8 5.35e-01    -  1.00e+00 1.00e+00h  1
  37  2.2188046e+01 7.61e-02 4.76e+02  -2.0 2.60e+00    -  1.00e+00 1.00e+00h  1
  38  2.1104585e+01 3.19e-01 5.42e+02  -2.2 6.75e+00    -  6.79e-01 5.86e-01h  1
  39  2.1131778e+01 3.68e-01 4.59e+02  -1.5 2.84e+00    -  4.14e-01 8.75e-01f  1
iter    objective    inf_pr   inf_du lg(mu)  ||d||  lg(rg) alpha_du alpha_pr  ls
  40  1.9933445e+01 2.53e-01 3.08e+02  -1.8 7.09e+00    -  5.74e-01 5.48e-01h  1
  41  1.8365635e+01 9.05e-01 5.24e+02  -3.3 2.90e+01    -  3.80e-01 2.78e-01h  1
  42  1.7585584e+01 4.93e+00 6.86e+02  -1.2 1.02e+02    -  2.28e-01 1.78e-01f  1
  43  1.7757159e+01 3.51e+00 5.24e+02  -1.0 1.02e+01    -  1.00e+00 2.91e-01f  1
  44  1.8336678e+01 1.17e+00 1.68e+02  -0.6 9.35e+00    -  1.00e+00 7.54e-01f  1
  45  1.7140624e+01 9.96e-01 6.08e+01  -1.0 8.79e+00    -  1.00e+00 1.00e+00h  1
  46  1.6522393e+01 4.83e-01 6.28e+01  -1.1 7.64e+00    -  1.00e+00 1.00e+00h  1
  47  1.7396605e+01 5.93e-01 6.43e+01  -0.8 6.72e+00    -  1.00e+00 1.00e+00h  1
  48  1.7163351e+01 2.57e-01 5.33e+01  -0.9 4.09e+00    -  1.00e+00 1.00e+00h  1
  49  1.6548916e+01 2.25e-01 8.62e+01  -1.5 3.65e+00    -  1.00e+00 1.00e+00h  1
iter    objective    inf_pr   inf_du lg(mu)  ||d||  lg(rg) alpha_du alpha_pr  ls
  50  1.6277699e+01 2.63e-01 1.14e+02  -1.7 4.24e+00    -  1.00e+00 1.00e+00h  1
  51  1.5927496e+01 1.85e-01 6.10e+01  -2.1 3.12e+00    -  1.00e+00 1.00e+00h  1
  52  1.5769710e+01 3.56e-02 6.19e+01  -2.2 2.66e+00    -  1.00e+00 9.71e-01h  1
  53  1.5835899e+01 3.90e-02 7.13e+01  -2.3 2.24e+00    -  1.00e+00 6.80e-01h  1
  54  1.5663809e+01 9.06e-02 1.82e+02  -2.7 3.43e+00    -  1.00e+00 7.69e-01h  1
  55  1.4862559e+01 4.16e-01 3.37e+02  -1.7 1.31e+01    -  1.00e+00 3.30e-01f  1
  56  1.3299336e+01 1.61e+00 7.91e+02  -1.4 2.69e+01    -  8.39e-01 4.29e-01f  1
  57  1.2122041e+01 2.59e-01 5.77e+02  -1.8 6.45e+00    -  1.00e+00 1.00e+00h  1
  58  1.0825208e+01 6.62e-01 9.51e+01  -1.3 8.33e+00    -  1.00e+00 9.28e-01h  1
  59  9.7434968e+00 6.56e-01 8.66e+01  -1.7 6.80e+00    -  1.00e+00 1.00e+00h  1
iter    objective    inf_pr   inf_du lg(mu)  ||d||  lg(rg) alpha_du alpha_pr  ls
  60  9.4775046e+00 4.08e-01 4.34e+01  -1.9 4.61e+00    -  1.00e+00 1.00e+00h  1
  61  9.5237668e+00 2.61e-01 4.42e+01  -1.7 4.14e+00    -  1.00e+00 6.99e-01h  1
  62  1.0768494e+01 3.82e-01 1.25e+02  -1.2 6.05e+00    -  1.00e+00 1.00e+00f  1
  63  1.0801912e+01 1.22e-01 9.80e+01  -1.3 3.58e+00    -  1.00e+00 1.00e+00h  1
  64  1.1311838e+01 1.99e-01 6.24e+01  -1.0 3.31e+00    -  1.00e+00 1.00e+00h  1
  65  1.1104451e+01 1.34e-01 1.73e+02  -1.6 3.86e+00    -  1.00e+00 1.00e+00h  1
  66  1.1754450e+01 9.62e-02 8.08e+01  -1.1 3.11e+00    -  1.00e+00 1.00e+00h  1
  67  1.2044310e+01 6.74e-02 2.00e+02  -1.2 2.27e+00    -  1.00e+00 1.00e+00h  1
  68  1.1770306e+01 4.67e-02 1.11e+02  -1.4 2.15e+00    -  1.00e+00 8.60e-01h  1
  69  1.1555875e+01 4.25e-02 1.46e+02  -2.0 2.43e+00    -  1.00e+00 9.43e-01h  1
iter    objective    inf_pr   inf_du lg(mu)  ||d||  lg(rg) alpha_du alpha_pr  ls
  70  1.1139453e+01 1.07e-01 1.17e+02  -2.2 2.42e+00    -  1.00e+00 1.00e+00h  1
  71  1.0393640e+01 1.47e-01 2.00e+02  -2.3 5.24e+00    -  1.00e+00 8.11e-01h  1
  72  9.3832185e+00 1.94e-01 2.49e+02  -2.3 6.83e+00    -  4.13e-01 8.18e-01h  1
  73  9.6559605e+00 2.55e-01 1.69e+02  -1.3 1.24e+01    -  3.54e-01 2.52e-01f  1
  74  8.7311967e+00 3.86e-01 1.38e+02  -1.8 6.56e+00    -  8.61e-01 1.00e+00h  1
  75  1.0237908e+01 1.24e+00 1.86e+02  -1.3 9.89e+00    -  1.00e+00 8.51e-01f  1
  76  9.2000499e+00 2.72e-01 6.56e+01  -1.4 4.31e+00    -  1.00e+00 1.00e+00h  1
  77  8.5676460e+00 1.60e-01 5.94e+01  -1.7 3.73e+00    -  1.00e+00 8.99e-01h  1
  78  8.9548259e+00 4.73e-01 1.00e+02  -1.4 4.93e+00    -  1.00e+00 1.00e+00h  1
  79  8.6599057e+00 1.79e-01 2.45e+01  -1.5 3.32e+00    -  1.00e+00 1.00e+00h  1
iter    objective    inf_pr   inf_du lg(mu)  ||d||  lg(rg) alpha_du alpha_pr  ls
  80  8.5444491e+00 1.43e-01 1.93e+02  -1.7 3.98e+00    -  1.00e+00 3.85e-01h  1
  81  8.5619112e+00 1.15e-01 6.74e+01  -1.9 4.22e+00    -  1.00e+00 2.50e-01h  3
  82  8.9267536e+00 7.26e-02 1.25e+02  -1.7 2.54e+00    -  7.56e-01 4.71e-01H  1
  83  8.8873425e+00 4.62e-02 9.79e+01  -2.2 1.87e+00    -  1.00e+00 5.00e-01h  2
  84  8.6711217e+00 8.31e-02 9.35e+01  -2.4 2.46e+00    -  1.00e+00 1.00e+00h  1
  85  8.5148659e+00 4.73e-02 7.70e+01  -2.5 1.53e+00    -  1.00e+00 1.00e+00h  1
  86  8.5725064e+00 2.67e-02 4.37e+01  -2.6 1.21e+00    -  1.00e+00 1.00e+00h  1
  87  8.6460702e+00 1.24e-02 8.26e+01  -3.0 1.15e+00    -  9.59e-01 5.05e-01H  1
  88  8.6164076e+00 1.17e-02 1.27e+02  -3.1 1.54e+00    -  1.00e+00 4.22e-01h  1
  89  8.5356443e+00 2.08e-02 1.12e+02  -3.2 1.99e+00    -  6.87e-01 4.11e-01h  1
iter    objective    inf_pr   inf_du lg(mu)  ||d||  lg(rg) alpha_du alpha_pr  ls
  90  8.3387227e+00 3.86e-02 1.72e+02  -3.2 4.17e+00    -  5.34e-01 2.48e-01h  1
  91  8.1679119e+00 4.45e-02 2.50e+02  -3.2 1.92e+00    -  1.00e+00 4.43e-01h  1
  92  7.8871811e+00 7.08e-02 3.19e+02  -2.9 2.93e+00    -  4.09e-01 4.28e-01h  1
  93  7.7990602e+00 7.10e-02 2.54e+02  -2.2 3.84e+00    -  2.89e-01 3.05e-01f  1
  94  7.8382492e+00 7.05e-02 1.65e+02  -2.3 1.09e+00    -  1.00e+00 6.44e-01h  1
  95  8.3434435e+00 1.19e-01 2.49e+02  -1.9 1.68e+00    -  9.26e-01 9.76e-01f  1
  96  8.2527180e+00 4.65e-02 9.68e+01  -2.0 1.22e+00    -  1.00e+00 1.00e+00h  1
  97  9.0720223e+00 3.69e-01 3.02e+02  -1.3 4.01e+00    -  1.00e+00 8.30e-01f  1
  98  8.9243238e+00 5.11e-02 2.04e+02  -1.4 2.11e+00    -  8.86e-01 1.00e+00h  1
  99  9.1319143e+00 9.57e-02 1.19e+02  -1.4 1.85e+00    -  1.00e+00 1.00e+00h  1
iter    objective    inf_pr   inf_du lg(mu)  ||d||  lg(rg) alpha_du alpha_pr  ls
 100  9.1794991e+00 3.88e-02 8.84e+01  -1.4 1.35e+00    -  1.00e+00 1.00e+00h  1
 101  9.1783425e+00 2.03e-02 1.28e+02  -1.4 9.80e-01    -  1.00e+00 5.00e-01h  2
 102  9.1893485e+00 1.23e-02 7.47e+02  -1.4 1.16e+00    -  1.00e+00 4.04e-01H  1
 103  9.3172547e+00 8.31e-03 5.47e+02  -1.4 1.10e+00    -  1.00e+00 5.65e-01H  1
 104  9.3588839e+00 5.93e-03 2.35e+02  -1.4 8.32e-01    -  1.00e+00 5.00e-01h  2
 105  9.4109653e+00 5.97e-03 1.33e+02  -2.2 6.41e-01    -  9.51e-01 1.00e+00H  1
 106  9.3582746e+00 3.02e-03 4.33e+02  -2.6 4.12e-01    -  1.00e+00 6.20e-01h  1
 107  9.1850719e+00 1.09e-02 2.06e+02  -3.1 7.59e-01    -  1.00e+00 7.02e-01h  1
 108  8.8088903e+00 8.78e-02 2.22e+02  -3.2 7.21e+00    -  4.35e-01 2.25e-01h  1
 109  8.4566923e+00 1.40e-01 2.66e+02  -3.2 5.39e+00    -  5.78e-01 2.90e-01h  1
iter    objective    inf_pr   inf_du lg(mu)  ||d||  lg(rg) alpha_du alpha_pr  ls
 110  8.2822575e+00 1.31e-01 3.02e+02  -3.2 6.15e+00    -  2.70e-01 1.04e-01h  1
 111  8.1053529e+00 9.07e-02 2.60e+02  -3.2 2.24e+00    -  3.78e-01 3.48e-01h  1
 112  7.9537024e+00 8.80e-02 2.62e+02  -3.2 5.55e+00    -  2.08e-01 1.16e-01h  1
 113  7.8223936e+00 8.04e-02 2.57e+02  -3.2 3.65e+00    -  4.31e-01 1.53e-01h  1
 114  8.2416616e+00 5.32e-02 1.30e+02  -2.5 1.30e+00    -  6.43e-01 1.00e+00h  1
 115  8.0664571e+00 4.48e-02 1.50e+02  -2.8 2.23e+00    -  1.00e+00 4.42e-01h  1
 116  7.8171645e+00 9.17e-02 2.64e+02  -2.8 3.83e+00    -  4.57e-01 3.88e-01h  1
 117  7.6062144e+00 1.02e-01 3.12e+02  -2.5 4.31e+00    -  6.03e-01 3.89e-01h  1
 118  7.5648754e+00 5.30e-02 1.95e+02  -2.6 1.14e+00    -  7.19e-01 1.00e+00h  1
 119  7.6014144e+00 1.92e-02 8.82e+01  -3.0 6.62e-01    -  6.79e-01 7.39e-01h  1
iter    objective    inf_pr   inf_du lg(mu)  ||d||  lg(rg) alpha_du alpha_pr  ls
 120  7.6722285e+00 1.06e-02 1.26e+02  -2.6 8.18e-01    -  1.00e+00 5.00e-01h  2
 121  7.6327521e+00 1.53e-02 1.15e+02  -2.9 1.22e+00    -  1.00e+00 6.36e-01h  1
 122  7.5564183e+00 1.76e-02 1.53e+02  -2.7 1.83e+00    -  1.00e+00 4.57e-01h  1
 123  8.0075296e+00 2.94e-01 2.23e+02  -1.9 2.83e+00    -  1.00e+00 9.30e-01f  1
 124  7.6690708e+00 6.36e-02 1.41e+02  -2.0 1.86e+00    -  1.00e+00 1.00e+00h  1
 125  7.3627457e+00 6.59e-02 5.56e+01  -2.0 2.06e+00    -  8.76e-01 8.45e-01h  1
 126  7.2282415e+00 3.31e-02 6.55e+01  -2.1 2.06e+00    -  1.00e+00 6.72e-01h  1
 127  7.3868235e+00 2.52e-02 1.11e+02  -2.3 1.79e+00    -  4.37e-01 7.21e-01H  1
 128  7.2087178e+00 4.16e-02 6.95e+01  -2.4 8.38e-01    -  1.00e+00 1.00e+00h  1
 129  6.8702901e+00 2.75e-02 1.03e+02  -2.6 1.82e+00    -  1.00e+00 8.63e-01h  1
iter    objective    inf_pr   inf_du lg(mu)  ||d||  lg(rg) alpha_du alpha_pr  ls
 130  7.0037798e+00 8.61e-02 7.60e+01  -2.3 1.59e+00    -  1.00e+00 1.00e+00h  1
 131  7.0046707e+00 1.63e-02 4.51e+01  -2.3 8.94e-01    -  1.00e+00 8.36e-01h  1
 132  7.0258754e+00 8.64e-03 6.65e+01  -2.8 7.59e-01    -  9.37e-01 7.69e-01H  1
 133  7.0682098e+00 9.43e-03 4.00e+01  -2.3 4.95e-01    -  1.00e+00 1.00e+00h  1
 134  7.1051219e+00 3.30e-03 4.31e+01  -3.1 3.79e-01    -  1.00e+00 1.00e+00h  1
 135  7.0484050e+00 3.55e-03 6.67e+01  -3.2 4.97e-01    -  1.00e+00 8.08e-01h  1
 136  6.9965096e+00 4.13e-03 9.29e+01  -2.9 5.96e-01    -  1.00e+00 6.90e-01h  1
 137  6.8738886e+00 1.53e-02 1.42e+02  -3.1 1.44e+00    -  7.66e-01 6.56e-01h  1
 138  6.9451727e+00 2.44e-02 1.49e+02  -2.2 2.99e+00    -  7.15e-01 2.87e-01f  1
 139  6.9809687e+00 6.19e-03 8.02e+01  -2.4 4.34e-01    -  1.00e+00 1.00e+00h  1
iter    objective    inf_pr   inf_du lg(mu)  ||d||  lg(rg) alpha_du alpha_pr  ls
 140  6.8846692e+00 1.10e-02 7.86e+01  -2.9 8.31e-01    -  1.00e+00 9.70e-01h  1
 141  6.7760027e+00 3.51e-02 2.13e+02  -2.6 2.29e+00    -  1.00e+00 5.29e-01h  1
 142  6.5365196e+00 1.62e-01 4.40e+02  -2.3 5.89e+00    -  7.50e-01 4.14e-01h  1
 143  6.5262317e+00 1.54e-01 4.60e+02  -2.0 2.54e+00    -  8.88e-01 6.88e-01h  1
 144  6.3847499e+00 2.98e-02 1.90e+02  -2.3 1.58e+00    -  1.00e+00 1.00e+00h  1
 145  6.4347359e+00 5.51e-02 5.99e+01  -2.1 1.65e+00    -  1.00e+00 1.00e+00h  1
 146  6.4434395e+00 1.89e-02 7.21e+01  -2.4 8.49e-01    -  7.75e-01 6.36e-01H  1
 147  6.4637227e+00 9.20e-03 8.39e+01  -2.6 8.67e-01    -  9.32e-01 7.02e-01H  1
 148  6.4516282e+00 8.19e-03 7.97e+01  -2.6 4.92e-01    -  1.00e+00 1.00e+00h  1
 149  6.4429887e+00 5.53e-03 1.40e+02  -3.1 5.11e-01    -  1.00e+00 3.47e-01h  1
iter    objective    inf_pr   inf_du lg(mu)  ||d||  lg(rg) alpha_du alpha_pr  ls
 150  6.4446660e+00 3.65e-03 1.62e+02  -2.8 3.05e-01    -  1.00e+00 3.77e-01h  1
 151  6.4750764e+00 2.69e-03 1.25e+02  -3.1 4.82e-01    -  8.61e-01 6.54e-01H  1
 152  6.4571000e+00 1.60e-03 3.50e+01  -4.0 2.46e-01    -  8.67e-01 7.88e-01h  1
 153  6.4171965e+00 1.91e-03 1.08e+02  -3.2 5.55e-01    -  1.00e+00 4.70e-01h  1
 154  6.6142219e+00 2.42e-02 1.58e+02  -2.4 8.08e-01    -  8.76e-01 1.00e+00f  1
 155  6.5525912e+00 1.08e-02 1.65e+02  -2.5 4.48e-01    -  1.00e+00 7.91e-01h  1
 156  6.5041689e+00 2.82e-03 2.65e+01  -2.5 2.94e-01    -  1.00e+00 1.00e+00h  1
 157  6.4998680e+00 6.25e-03 6.33e+01  -2.5 4.62e-01    -  1.00e+00 9.83e-01h  1
 158  6.5459737e+00 4.62e-03 2.87e+01  -2.2 3.98e-01    -  1.00e+00 1.00e+00f  1
 159  6.5681288e+00 2.93e-03 5.82e+01  -2.3 3.41e-01    -  1.00e+00 1.00e+00h  1
iter    objective    inf_pr   inf_du lg(mu)  ||d||  lg(rg) alpha_du alpha_pr  ls
 160  6.5205345e+00 1.54e-03 4.37e+01  -2.7 2.71e-01    -  1.00e+00 1.00e+00h  1
 161  6.5141685e+00 1.55e-03 4.32e+01  -2.8 1.64e-01    -  1.00e+00 1.00e+00h  1
 162  6.4425200e+00 2.67e-03 4.49e+01  -3.2 3.34e-01    -  1.00e+00 9.55e-01h  1
 163  6.3609343e+00 3.72e-03 6.80e+01  -3.3 4.07e-01    -  1.00e+00 7.38e-01h  1
 164  6.5967804e+00 3.56e-02 1.34e+02  -2.4 1.10e+00    -  6.06e-01 9.17e-01f  1
 165  6.4542868e+00 1.73e-02 7.95e+01  -2.7 8.05e-01    -  1.00e+00 7.34e-01h  1
 166  6.3545058e+00 6.53e-03 3.06e+01  -2.7 4.64e-01    -  1.00e+00 9.26e-01h  1
 167  6.2715235e+00 6.28e-03 5.62e+01  -3.2 5.30e-01    -  1.00e+00 8.79e-01h  1
 168  6.2500953e+00 4.49e-03 5.03e+01  -3.9 4.51e-01    -  1.00e+00 3.12e-01h  1
 169  6.1968363e+00 3.92e-03 1.04e+02  -3.4 6.45e-01    -  1.00e+00 5.27e-01h  1
iter    objective    inf_pr   inf_du lg(mu)  ||d||  lg(rg) alpha_du alpha_pr  ls
 170  6.1580529e+00 4.71e-03 1.07e+02  -3.5 1.01e+00    -  1.00e+00 4.72e-01h  1
 171  6.1462688e+00 3.19e-03 4.88e+01  -3.7 3.79e-01    -  1.00e+00 7.23e-01h  1
 172  6.1921997e+00 1.96e-03 2.60e+01  -3.4 2.79e-01    -  1.00e+00 1.00e+00h  1
 173  6.1902539e+00 1.21e-03 9.07e+01  -4.0 2.60e-01    -  1.00e+00 5.78e-01h  1
 174  6.2108519e+00 2.61e-03 6.54e+01  -3.2 2.71e-01    -  1.00e+00 9.35e-01h  1
 175  6.1827617e+00 3.78e-03 1.15e+02  -3.3 3.73e-01    -  7.29e-01 9.26e-01h  1
 176  6.1759953e+00 3.62e-03 1.25e+02  -3.3 7.90e-01    -  2.97e-01 7.49e-02h  1
 177  6.0991869e+00 1.68e-02 1.16e+02  -3.3 8.55e-01    -  7.83e-01 8.35e-01f  1
 178  6.0353607e+00 1.94e-02 1.56e+02  -3.6 4.47e+00    -  3.32e-01 1.03e-01h  1
 179  5.9409621e+00 3.14e-02 2.20e+02  -2.9 4.46e+00    -  2.29e-01 1.71e-01h  1
iter    objective    inf_pr   inf_du lg(mu)  ||d||  lg(rg) alpha_du alpha_pr  ls
 180  5.8900427e+00 3.43e-02 2.74e+02  -3.0 2.99e+00    -  3.91e-01 2.45e-01h  1
 181  5.8460049e+00 3.77e-02 3.16e+02  -2.5 3.35e+00    -  3.44e-01 2.48e-01h  1
 182  5.6974953e+00 7.02e-02 4.01e+02  -2.8 4.69e+00    -  3.74e-01 3.29e-01h  1
 183  5.6545890e+00 6.59e-02 3.95e+02  -4.0 3.02e+00    -  2.78e-01 8.21e-02h  1
 184  5.7261695e+00 1.69e-02 1.51e+02  -2.6 6.48e-01    -  1.00e+00 7.98e-01h  1
 185  5.6841083e+00 7.12e-03 1.04e+02  -4.0 5.96e-01    -  3.06e-01 6.41e-01h  1
 186  5.9004767e+00 2.07e-02 8.58e+01  -2.3 1.45e+00    -  5.82e-01 5.71e-01f  1
 187  5.8776306e+00 4.03e-02 1.13e+02  -2.5 1.46e+00    -  6.47e-01 9.26e-01h  1
 188  5.7655533e+00 4.25e-02 9.02e+01  -2.5 7.26e-01    -  1.00e+00 1.00e+00h  1
 189  5.7574764e+00 2.63e-02 6.78e+01  -2.5 6.50e-01    -  8.58e-01 4.51e-01h  1
iter    objective    inf_pr   inf_du lg(mu)  ||d||  lg(rg) alpha_du alpha_pr  ls
 190  5.8334278e+00 1.09e-02 4.39e+02  -2.5 9.69e-01    -  1.97e-01 9.12e-01h  1
 191  5.7737136e+00 8.92e-03 7.08e+01  -3.2 6.56e-01    -  1.00e+00 8.69e-01h  1
 192  5.8167639e+00 8.23e-03 4.35e+01  -2.7 5.77e-01    -  1.00e+00 1.00e+00h  1
 193  5.8400160e+00 2.97e-03 5.81e+01  -3.1 5.21e-01    -  1.00e+00 1.00e+00h  1
 194  5.8237435e+00 1.68e-03 4.07e+01  -4.0 3.26e-01    -  6.68e-01 7.29e-01h  1
 195  5.8056421e+00 1.64e-03 7.26e+01  -3.5 3.58e-01    -  1.00e+00 7.31e-01h  1
 196  5.7869972e+00 1.11e-03 9.97e+01  -3.9 3.05e-01    -  1.00e+00 4.81e-01h  1
 197  5.7686515e+00 1.03e-03 6.18e+01  -4.0 4.23e-01    -  1.00e+00 2.48e-01h  1
 198  5.7347208e+00 1.57e-03 1.26e+02  -4.0 5.90e-01    -  7.35e-01 3.24e-01h  1
 199  5.7244513e+00 1.45e-03 8.53e+01  -3.7 3.61e-01    -  1.00e+00 2.40e-01h  1
iter    objective    inf_pr   inf_du lg(mu)  ||d||  lg(rg) alpha_du alpha_pr  ls
 200  5.7266356e+00 1.19e-03 4.97e+01  -3.8 2.18e-01    -  9.85e-01 6.96e-01h  1
 201  5.8069542e+00 1.78e-02 3.05e+02  -3.1 7.33e-01    -  6.40e-01 1.00e+00f  1
 202  5.7500968e+00 6.30e-03 1.69e+02  -3.2 3.42e-01    -  7.95e-01 7.35e-01h  1
 203  5.7460676e+00 5.86e-03 2.08e+02  -3.2 3.26e-01    -  8.54e-01 7.39e-02h  1
 204  5.7297715e+00 4.33e-03 2.67e+02  -3.2 3.41e-01    -  1.00e+00 5.17e-01f  1
 205  5.7168565e+00 3.45e-03 7.37e+01  -3.2 4.10e-01    -  9.42e-01 7.72e-01h  1
 206  5.7351079e+00 2.20e-03 3.07e+01  -3.0 3.12e-01    -  9.17e-01 5.36e-01f  1
 207  5.7305865e+00 1.90e-03 2.16e+01  -3.1 2.89e-01    -  1.00e+00 1.00e+00h  1
 208  5.7251340e+00 1.63e-03 1.22e+02  -3.3 2.13e-01    -  6.73e-01 1.00e+00H  1
 209  5.7152480e+00 7.34e-04 2.46e+01  -4.0 1.40e-01    -  1.00e+00 8.06e-01h  1
iter    objective    inf_pr   inf_du lg(mu)  ||d||  lg(rg) alpha_du alpha_pr  ls
 210  5.7863506e+00 9.06e-03 1.53e+02  -2.9 4.70e-01    -  7.67e-01 1.00e+00f  1
 211  5.7782041e+00 2.59e-03 7.25e+01  -3.1 3.18e-01    -  1.00e+00 1.00e+00h  1
 212  5.7605438e+00 1.54e-03 2.26e+02  -3.1 2.34e-01    -  1.00e+00 6.21e-01h  1
 213  5.7584327e+00 7.05e-04 3.19e+01  -3.1 1.44e-01    -  1.00e+00 8.73e-01f  1
 214  5.7701083e+00 3.07e-04 1.17e+01  -3.1 1.03e-01    -  1.00e+00 1.00e+00f  1
 215  5.7610625e+00 2.53e-04 1.45e+02  -4.0 1.37e-01    -  1.00e+00 5.01e-01h  1
 216  5.7304697e+00 7.95e-04 1.32e+02  -4.0 3.59e-01    -  1.00e+00 3.89e-01h  1
 217  5.7054673e+00 1.00e-03 6.10e+01  -4.1 1.89e-01    -  1.00e+00 6.94e-01h  1
 218  5.6967976e+00 1.34e-03 1.24e+02  -4.0 3.06e-01    -  1.00e+00 3.75e-01h  1
 219  5.6932626e+00 1.20e-03 6.19e+01  -4.0 4.92e-01    -  9.27e-01 1.28e-01h  1
iter    objective    inf_pr   inf_du lg(mu)  ||d||  lg(rg) alpha_du alpha_pr  ls
 220  5.6827959e+00 1.29e-02 1.41e+02  -3.3 1.46e+00    -  4.24e-01 4.12e-01h  1
 221  5.6298863e+00 2.52e-03 1.30e+02  -3.7 2.94e-01    -  1.00e+00 1.00e+00h  1
 222  5.6387016e+00 1.44e-03 1.76e+02  -3.3 3.36e-01    -  9.22e-01 5.94e-01h  1
 223  5.6855873e+00 9.86e-04 2.10e+02  -3.1 3.02e-01    -  3.27e-01 6.58e-01H  1
 224  5.6682332e+00 1.46e-03 6.69e+01  -3.8 2.66e-01    -  1.00e+00 6.94e-01h  1
 225  5.6540204e+00 1.26e-03 5.23e+01  -3.9 2.27e-01    -  1.00e+00 5.29e-01h  1
 226  5.6368454e+00 1.60e-03 5.55e+01  -4.0 4.37e-01    -  4.50e-01 6.22e-01h  1
 227  5.6303178e+00 3.70e-04 3.98e+01  -4.0 1.25e-01    -  1.00e+00 7.72e-01h  1
 228  5.6444869e+00 3.32e-04 2.31e+01  -4.0 1.14e-01    -  1.00e+00 8.90e-01h  1
 229  5.6506083e+00 1.29e-04 2.52e+01  -4.0 6.06e-02    -  9.24e-01 1.00e+00h  1
iter    objective    inf_pr   inf_du lg(mu)  ||d||  lg(rg) alpha_du alpha_pr  ls
 230  5.6863241e+00 1.20e-03 4.24e+01  -3.3 1.79e-01    -  7.56e-01 1.00e+00f  1
 231  5.6735300e+00 2.27e-03 3.44e+01  -3.5 2.60e-01    -  1.00e+00 1.00e+00h  1
 232  5.6576360e+00 2.25e-03 6.09e+01  -3.5 7.35e-01    -  5.30e-01 2.24e-01h  1
 233  5.6424756e+00 1.12e-03 6.48e+01  -3.5 2.49e-01    -  1.00e+00 7.34e-01h  1
 234  5.6455564e+00 8.81e-04 6.94e+01  -3.5 1.16e-01    -  1.00e+00 2.50e-01f  3
 235  5.6604923e+00 1.69e-04 6.54e+01  -3.5 1.57e-01    -  5.83e-01 1.00e+00H  1
 236  5.6383641e+00 1.29e-02 1.32e+02  -3.5 6.46e-01    -  1.00e+00 1.00e+00h  1
 237  5.6071738e+00 1.61e-02 2.12e+02  -3.5 3.37e+00    -  3.46e-01 1.36e-01h  1
 238  5.5687985e+00 1.72e-02 2.56e+02  -3.5 4.74e+00    -  5.76e-01 9.69e-02h  1
 239  5.5090149e+00 2.32e-02 3.05e+02  -3.8 5.21e+00    -  5.41e-01 1.31e-01h  1
iter    objective    inf_pr   inf_du lg(mu)  ||d||  lg(rg) alpha_du alpha_pr  ls
 240  5.5011769e+00 2.18e-02 2.99e+02  -3.9 1.97e+00    -  4.95e-01 9.56e-02h  1
 241  5.5012364e+00 1.90e-02 2.26e+02  -3.7 1.20e+00    -  3.59e-01 5.79e-01h  1
 242  5.5108133e+00 1.25e-02 2.08e+02  -3.2 9.78e-01    -  8.11e-01 3.45e-01h  1
 243  5.5501209e+00 5.41e-03 7.93e+01  -3.0 4.78e-01    -  5.09e-01 1.00e+00h  1
 244  5.5147964e+00 4.39e-03 5.30e+01  -3.6 5.51e-01    -  1.00e+00 6.01e-01h  1
 245  5.4854229e+00 4.04e-03 1.17e+02  -3.2 8.69e-01    -  8.07e-01 2.22e-01h  1
 246  5.5001354e+00 2.61e-03 2.52e+02  -3.5 3.15e-01    -  1.00e+00 3.85e-01h  1
 247  5.6070158e+00 5.79e-03 7.55e+01  -2.9 5.28e-01    -  1.00e+00 1.00e+00h  1
 248  5.5977809e+00 5.15e-03 5.94e+01  -3.0 3.78e-01    -  8.77e-01 9.51e-01h  1
 249  5.5550860e+00 2.38e-03 7.45e+01  -3.5 4.26e-01    -  1.00e+00 6.29e-01h  1
iter    objective    inf_pr   inf_du lg(mu)  ||d||  lg(rg) alpha_du alpha_pr  ls
 250  5.5146393e+00 2.73e-03 2.92e+01  -4.0 4.35e-01    -  1.00e+00 6.05e-01h  1
 251  5.4953805e+00 2.49e-03 3.04e+01  -4.0 4.71e-01    -  1.90e-01 2.36e-01h  1
 252  5.5236916e+00 1.45e-03 2.62e+01  -4.0 3.02e-01    -  6.72e-01 7.28e-01h  1
 253  5.5617145e+00 3.84e-03 2.92e+01  -3.2 4.10e-01    -  8.58e-01 5.78e-01h  1
 254  5.5533396e+00 1.14e-03 2.54e+01  -3.4 1.97e-01    -  1.00e+00 1.00e+00h  1
 255  5.5349849e+00 1.14e-03 1.62e+01  -3.7 1.52e-01    -  1.00e+00 1.00e+00h  1
 256  5.5467861e+00 3.09e-04 2.21e+01  -4.0 1.15e-01    -  1.00e+00 1.00e+00h  1
 257  5.5449291e+00 2.11e-04 7.10e+01  -4.0 1.35e-01    -  1.00e+00 3.43e-01h  1
 258  5.5478291e+00 8.55e-05 1.90e+01  -4.0 5.66e-02    -  1.00e+00 1.00e+00h  1
 259  5.5484640e+00 3.84e-05 9.47e+00  -4.0 2.74e-02    -  1.00e+00 1.00e+00h  1
iter    objective    inf_pr   inf_du lg(mu)  ||d||  lg(rg) alpha_du alpha_pr  ls
 260  5.5509551e+00 1.17e-05 5.10e+00  -4.0 2.23e-02    -  1.00e+00 1.00e+00h  1
 261  5.5507738e+00 2.17e-05 8.57e+00  -4.0 1.93e-02    -  1.00e+00 1.00e+00h  1
 262  5.5497054e+00 3.40e-04 4.16e+01  -3.7 2.47e-01    -  8.70e-01 2.93e-01h  1
 263  5.5466770e+00 7.06e-04 7.93e+01  -3.9 1.17e-01    -  1.00e+00 1.00e+00h  1
 264  5.5413024e+00 3.77e-04 5.78e+01  -3.9 1.18e-01    -  8.44e-01 5.52e-01h  1
 265  5.5412896e+00 1.79e-04 5.34e+01  -4.0 9.48e-02    -  1.00e+00 5.26e-01h  1
 266  5.5545170e+00 9.62e-05 2.67e+01  -3.4 6.90e-02    -  8.78e-01 1.00e+00h  1
 267  5.5616892e+00 5.60e-05 3.44e+01  -3.6 6.20e-02    -  8.42e-01 1.00e+00H  1
 268  5.5586134e+00 1.30e-05 2.15e+01  -3.6 1.13e-01    -  1.00e+00 1.00e+00H  1
 269  5.5534901e+00 1.45e-03 6.46e+01  -3.6 2.51e-01    -  1.00e+00 7.67e-01h  1
iter    objective    inf_pr   inf_du lg(mu)  ||d||  lg(rg) alpha_du alpha_pr  ls
 270  5.5528436e+00 1.64e-03 8.68e+01  -3.6 2.16e-01    -  1.00e+00 1.00e+00h  1
 271  5.5355483e+00 1.28e-03 4.12e+01  -3.6 2.56e-01    -  1.00e+00 1.00e+00h  1
 272  5.5350764e+00 7.84e-04 9.58e+01  -3.6 1.61e-01    -  1.00e+00 4.09e-01h  1
 273  5.5341631e+00 3.35e-04 1.12e+01  -3.9 1.36e-01    -  1.00e+00 1.00e+00h  1
 274  5.5379637e+00 1.01e-04 6.41e+01  -4.0 6.48e-02    -  6.96e-01 9.53e-01h  1
 275  5.5525109e+00 1.96e-04 2.39e+01  -3.5 8.67e-02    -  1.00e+00 1.00e+00h  1
 276  5.5585173e+00 1.08e-04 2.43e+01  -3.6 6.64e-02    -  1.00e+00 1.00e+00h  1
 277  5.5529414e+00 1.01e-04 5.57e+00  -3.6 6.45e-02    -  1.00e+00 1.00e+00h  1
 278  5.5533473e+00 3.46e-05 1.10e+01  -3.6 3.60e-02    -  1.00e+00 1.00e+00h  1
 279  5.5560499e+00 1.43e-05 3.07e+00  -3.6 2.08e-02    -  1.00e+00 1.00e+00h  1
iter    objective    inf_pr   inf_du lg(mu)  ||d||  lg(rg) alpha_du alpha_pr  ls
 280  5.5581413e+00 3.48e-06 2.51e+00  -3.6 9.06e-03    -  1.00e+00 1.00e+00h  1
 281  5.5437699e+00 5.09e-04 2.85e+01  -4.0 1.19e-01    -  1.00e+00 1.00e+00h  1
 282  5.5323130e+00 6.87e-04 4.89e+01  -4.1 1.58e-01    -  1.00e+00 1.00e+00h  1
 283  5.5537191e+00 4.90e-04 3.24e+01  -3.5 1.47e-01    -  9.49e-01 1.00e+00h  1
 284  5.5496081e+00 2.48e-04 4.46e+01  -3.6 1.30e-01    -  1.00e+00 5.13e-01h  1
 285  5.5471541e+00 6.93e-05 3.34e+01  -3.6 5.67e-02    -  6.10e-01 1.00e+00h  1
 286  5.5559869e+00 7.43e-05 2.52e+01  -3.6 5.42e-02    -  7.51e-01 1.00e+00H  1
 287  5.5506195e+00 7.36e-05 8.35e+00  -3.6 4.92e-02    -  1.00e+00 1.00e+00h  1
 288  5.5504678e+00 6.68e-05 9.85e+00  -3.6 5.29e-02    -  1.00e+00 1.00e+00h  1
 289  5.5512561e+00 1.73e-05 4.55e+00  -3.6 2.46e-02    -  1.00e+00 1.00e+00h  1
iter    objective    inf_pr   inf_du lg(mu)  ||d||  lg(rg) alpha_du alpha_pr  ls
 290  5.5465334e+00 2.60e-05 4.19e+00  -4.0 3.57e-02    -  1.00e+00 1.00e+00h  1
 291  5.5327310e+00 1.47e-04 2.02e+01  -4.0 8.94e-02    -  1.00e+00 9.10e-01h  1
 292  5.5317061e+00 3.00e-04 3.51e+01  -4.0 9.35e-02    -  1.00e+00 1.00e+00h  1
 293  5.5272186e+00 2.99e-04 4.00e+01  -4.0 1.04e-01    -  1.00e+00 1.00e+00h  1
 294  5.5314354e+00 5.68e-04 6.47e+01  -3.7 1.35e-01    -  4.83e-01 1.00e+00h  1
 295  5.5214332e+00 2.63e-04 8.97e+00  -4.0 7.73e-02    -  1.00e+00 1.00e+00h  1
 296  5.5236305e+00 4.62e-05 8.51e+00  -4.0 3.73e-02    -  1.00e+00 1.00e+00h  1
 297  5.5268926e+00 7.01e-06 4.18e+00  -4.0 1.59e-02    -  1.00e+00 1.00e+00h  1
 298  5.5322122e+00 2.92e-06 8.95e+00  -4.0 3.99e-02    -  1.00e+00 1.00e+00H  1
 299  5.5313057e+00 2.75e-05 1.06e+01  -4.0 2.81e-02    -  1.00e+00 1.00e+00h  1
iter    objective    inf_pr   inf_du lg(mu)  ||d||  lg(rg) alpha_du alpha_pr  ls
 300  5.5264811e+00 2.43e-04 1.98e+01  -4.1 7.85e-02    -  1.00e+00 9.92e-01h  1
 301  5.5238550e+00 1.05e-04 5.85e+00  -4.1 5.70e-02    -  1.00e+00 1.00e+00f  1
 302  5.5263169e+00 1.91e-05 4.53e+00  -4.1 2.47e-02    -  1.00e+00 1.00e+00h  1
 303  5.5276876e+00 7.16e-04 3.44e+01  -4.0 1.42e-01    -  1.00e+00 1.00e+00h  1
 304  5.5200607e+00 8.58e-03 1.50e+02  -4.1 2.71e+00    -  3.98e-01 1.91e-01h  1
 305  5.5106879e+00 9.78e-03 2.46e+02  -4.1 1.22e+00    -  9.93e-01 4.01e-01h  1
 306  5.4995441e+00 7.53e-03 2.38e+02  -4.1 3.79e-01    -  5.86e-01 2.51e-01h  1
 307  5.4973757e+00 6.84e-03 2.25e+02  -4.1 2.70e-01    -  4.37e-01 9.33e-02h  1
 308  5.5047041e+00 4.00e-04 1.01e+02  -4.1 9.33e-02    -  5.05e-01 1.00e+00h  1
 309  5.5135587e+00 5.77e-05 5.79e+01  -4.0 4.71e-02    -  6.51e-01 1.00e+00h  1
iter    objective    inf_pr   inf_du lg(mu)  ||d||  lg(rg) alpha_du alpha_pr  ls
 310  5.5177309e+00 9.35e-06 9.78e+00  -4.0 3.85e-02    -  1.00e+00 1.00e+00H  1
 311  5.5153294e+00 2.57e-04 2.35e+01  -4.0 1.01e-01    -  1.00e+00 9.78e-01h  1
 312  5.5091416e+00 9.62e-05 2.92e+01  -4.1 7.14e-02    -  1.00e+00 9.46e-01h  1
 313  5.5103950e+00 5.78e-05 1.50e+01  -4.0 5.71e-02    -  1.00e+00 5.00e-01f  2
 314  5.5139570e+00 1.53e-05 1.43e+01  -4.0 2.40e-02    -  8.13e-01 1.00e+00h  1
 315  5.5152790e+00 8.27e-07 7.14e+00  -4.0 3.86e-02    -  1.00e+00 1.00e+00H  1
 316  5.5190877e+00 7.47e-04 4.95e+01  -3.6 3.97e-01    -  1.00e+00 4.32e-01f  1
 317  5.5181988e+00 2.37e-03 6.78e+01  -3.7 1.79e-01    -  1.00e+00 1.00e+00h  1
 318  5.5122190e+00 9.27e-04 4.27e+01  -3.7 1.26e-01    -  1.00e+00 7.12e-01h  1
 319  5.5125854e+00 6.55e-04 8.91e+01  -3.7 1.15e-01    -  9.08e-01 3.61e-01h  2
iter    objective    inf_pr   inf_du lg(mu)  ||d||  lg(rg) alpha_du alpha_pr  ls
 320  5.5146369e+00 1.62e-04 1.33e+01  -3.7 7.99e-02    -  1.00e+00 1.00e+00h  1
 321  5.5146442e+00 9.11e-05 2.55e+01  -3.7 5.41e-02    -  1.00e+00 6.36e-01h  1
 322  5.5152886e+00 6.81e-05 1.29e+02  -3.7 3.02e-02    -  1.00e+00 2.50e-01f  3
 323  5.5197653e+00 2.37e-05 6.18e+00  -3.7 2.66e-02    -  1.00e+00 1.00e+00h  1
 324  5.5223876e+00 2.19e-05 6.68e+00  -3.7 2.12e-02    -  1.00e+00 1.00e+00h  1
 325  5.5216284e+00 7.63e-06 5.09e+00  -3.7 2.02e-02    -  1.00e+00 1.00e+00h  1
 326  5.5219322e+00 8.35e-06 3.86e+00  -3.7 1.43e-02    -  1.00e+00 1.00e+00h  1
 327  5.5227022e+00 1.44e-06 8.56e-01  -3.7 8.34e-03    -  1.00e+00 1.00e+00h  1
 328  5.5225752e+00 2.00e-07 2.24e+00  -3.7 9.74e-03    -  1.00e+00 1.00e+00H  1
 329  5.5149810e+00 2.15e-04 1.31e+01  -4.0 7.45e-02    -  1.00e+00 1.00e+00h  1
iter    objective    inf_pr   inf_du lg(mu)  ||d||  lg(rg) alpha_du alpha_pr  ls
 330  5.5101651e+00 2.47e-04 2.57e+01  -4.1 1.06e-01    -  1.00e+00 8.12e-01h  1
 331  5.5088077e+00 5.57e-05 1.99e+01  -4.1 4.28e-02    -  9.51e-01 1.00e+00f  1
 332  5.5111591e+00 1.82e-05 3.00e+00  -4.0 3.02e-02    -  1.00e+00 1.00e+00h  1
 333  5.5132541e+00 1.63e-05 6.86e+00  -4.0 2.94e-02    -  1.00e+00 1.00e+00H  1
 334  5.5122742e+00 4.17e-03 6.88e+01  -4.0 2.42e-01    -  1.00e+00 1.00e+00h  1
 335  5.5016960e+00 9.78e-04 7.19e+01  -4.1 8.33e-02    -  7.09e-01 7.66e-01h  1
 336  5.5026979e+00 7.36e-04 1.23e+02  -4.0 4.10e-02    -  1.00e+00 2.50e-01f  3
 337  5.5077270e+00 6.95e-04 3.89e+01  -4.0 1.15e-01    -  7.62e-01 1.00e+00h  1
 338  5.5047950e+00 3.81e-03 9.83e+01  -4.1 3.18e-01    -  6.58e-01 1.00e+00h  1
 339  5.4979159e+00 3.09e-03 6.07e+01  -4.1 2.90e-01    -  7.63e-01 3.80e-01h  1
iter    objective    inf_pr   inf_du lg(mu)  ||d||  lg(rg) alpha_du alpha_pr  ls
 340  5.4947854e+00 1.86e-03 1.03e+02  -3.8 2.03e-01    -  1.00e+00 6.37e-01f  1
 341  5.4922538e+00 1.68e-03 1.99e+02  -3.9 2.49e-01    -  1.00e+00 1.15e-01h  1
 342  5.4968286e+00 1.45e-02 1.53e+02  -3.5 5.38e-01    -  6.92e-01 1.00e+00h  1
 343  5.4844652e+00 9.16e-03 1.46e+02  -3.7 4.06e-01    -  4.76e-01 3.45e-01h  1
 344  5.4824443e+00 5.56e-03 9.61e+00  -4.0 3.70e-01    -  1.00e+00 9.34e-01h  1
 345  5.5006317e+00 4.86e-03 6.77e+01  -3.6 3.40e-01    -  3.38e-01 3.19e-01H  1
 346  5.4992434e+00 4.34e-03 7.58e+01  -3.9 3.30e-01    -  8.55e-01 1.21e-01h  1
 347  5.4949678e+00 3.74e-03 1.13e+02  -3.9 5.34e-01    -  8.34e-01 2.06e-01h  1
 348  5.4856616e+00 2.06e-02 2.15e+02  -3.9 7.97e-01    -  6.38e-01 1.00e+00h  1
 349  5.4751737e+00 1.69e-02 2.42e+02  -3.9 7.75e-01    -  1.82e-01 2.45e-01h  1
iter    objective    inf_pr   inf_du lg(mu)  ||d||  lg(rg) alpha_du alpha_pr  ls
 350  5.4747301e+00 1.18e-02 1.77e+02  -4.0 2.93e-01    -  3.94e-01 3.23e-01h  1
 351  5.4796193e+00 1.64e-02 2.02e+02  -3.4 9.37e-01    -  8.63e-01 3.35e-01h  1
 352  5.4762225e+00 6.74e-03 1.27e+02  -3.5 3.24e-01    -  9.65e-01 5.64e-01h  1
 353  5.5173239e+00 4.73e-03 1.04e+02  -3.0 2.91e-01    -  1.00e+00 1.00e+00f  1
 354  5.5157933e+00 8.68e-04 1.83e+01  -3.1 1.92e-01    -  8.92e-01 1.00e+00h  1
 355  5.5209771e+00 3.93e-04 2.90e+01  -3.1 1.69e-01    -  1.00e+00 1.00e+00h  1
 356  5.5304665e+00 2.38e-04 2.54e+01  -3.1 9.35e-02    -  9.35e-01 1.00e+00h  1
 357  5.5366283e+00 1.85e-04 1.65e+01  -3.1 7.83e-02    -  1.00e+00 1.00e+00h  1
 358  5.5428716e+00 5.28e-05 1.14e+01  -3.1 4.68e-02    -  1.00e+00 1.00e+00h  1
 359  5.5531452e+00 1.32e-05 1.37e+01  -3.1 6.73e-02    -  1.00e+00 1.00e+00H  1
iter    objective    inf_pr   inf_du lg(mu)  ||d||  lg(rg) alpha_du alpha_pr  ls
 360  5.5556761e+00 9.30e-06 1.63e+01  -3.1 5.54e-02    -  1.00e+00 1.00e+00H  1
 361  5.5548419e+00 1.41e-04 8.02e+00  -3.1 4.71e-02    -  1.00e+00 1.00e+00h  1
 362  5.5569646e+00 1.40e-05 5.89e+00  -3.1 2.03e-02    -  1.00e+00 1.00e+00h  1
 363  5.5620825e+00 8.50e-06 7.33e+00  -3.1 4.02e-02    -  1.00e+00 1.00e+00H  1
 364  5.5612354e+00 3.64e-05 9.84e+00  -3.1 3.34e-02    -  1.00e+00 1.00e+00h  1
 365  5.5602774e+00 1.07e-04 1.03e+01  -3.1 4.65e-02    -  1.00e+00 1.00e+00h  1
 366  5.5618123e+00 2.16e-05 7.53e+00  -3.1 2.87e-02    -  1.00e+00 1.00e+00h  1
 367  5.5636459e+00 9.18e-06 3.84e+00  -3.1 1.89e-02    -  1.00e+00 1.00e+00h  1
 368  5.5660774e+00 1.29e-05 1.38e+01  -3.1 5.10e-02    -  1.00e+00 1.00e+00H  1
 369  5.5657813e+00 6.08e-06 2.87e+01  -3.1 8.24e-02    -  1.00e+00 1.00e+00H  1
iter    objective    inf_pr   inf_du lg(mu)  ||d||  lg(rg) alpha_du alpha_pr  ls
 370  5.5619344e+00 1.36e-04 6.30e+01  -3.1 3.66e-01    -  1.00e+00 2.50e-01h  3
 371  5.5614379e+00 2.51e-04 4.29e+01  -3.1 1.96e-01    -  1.00e+00 5.00e-01h  2
 372  5.5666188e+00 5.39e-06 5.21e+01  -3.1 1.13e-01    -  1.00e+00 1.00e+00H  1
 373  5.5642456e+00 1.06e-04 9.51e+01  -3.1 1.18e-01    -  1.00e+00 5.00e-01h  2
 374  5.5540475e+00 2.95e-04 1.74e+01  -3.1 1.40e-01    -  1.00e+00 1.00e+00h  1
 375  5.5564748e+00 1.70e-04 4.31e+01  -3.1 1.73e-01    -  1.00e+00 1.00e+00H  1
 376  5.5586544e+00 1.53e-04 1.69e+01  -3.1 6.52e-02    -  1.00e+00 1.00e+00h  1
 377  5.5545309e+00 1.61e-04 1.29e+01  -3.1 8.23e-02    -  1.00e+00 1.00e+00h  1
 378  5.5552057e+00 4.37e-05 8.87e+00  -3.1 4.19e-02    -  1.00e+00 1.00e+00h  1
 379  5.5570425e+00 3.00e-05 1.09e+01  -3.1 2.66e-02    -  1.00e+00 1.00e+00h  1
iter    objective    inf_pr   inf_du lg(mu)  ||d||  lg(rg) alpha_du alpha_pr  ls
 380  5.5584299e+00 2.45e-05 1.10e+01  -3.1 4.18e-02    -  1.00e+00 1.00e+00h  1
 381  5.5567435e+00 1.68e-05 5.85e+00  -3.1 3.64e-02    -  1.00e+00 1.00e+00h  1
 382  5.5574947e+00 1.64e-06 4.02e+00  -3.1 2.33e-02    -  1.00e+00 1.00e+00H  1
 383  5.5572954e+00 6.54e-06 6.46e+01  -3.1 4.26e-01    -  1.00e+00 3.12e-02h  6
 384  5.5571676e+00 9.69e-06 6.00e+01  -3.1 1.40e+00    -  1.00e+00 7.81e-03h  8
 385  5.5570547e+00 1.18e-05 2.19e+01  -3.1 3.09e+00    -  1.00e+00 3.03e-03h  9
 386  5.5569437e+00 1.38e-05 2.90e+01  -3.1 2.30e+00    -  1.00e+00 3.91e-03h  9
 387  5.5218635e+00 6.76e-02 3.37e+02  -3.1 1.87e+00    -  1.00e+00 9.49e-01H  1
 388  5.5120246e+00 5.47e-02 3.90e+02  -3.1 1.07e+00    -  1.00e+00 1.78e-01h  1
 389  5.5037037e+00 7.88e-03 4.54e+01  -3.1 5.21e-01    -  8.30e-01 1.00e+00h  1
iter    objective    inf_pr   inf_du lg(mu)  ||d||  lg(rg) alpha_du alpha_pr  ls
 390  5.4952134e+00 5.40e-03 2.51e+02  -3.1 6.25e-01    -  1.00e+00 4.41e-01h  1
 391  5.4961555e+00 2.79e-03 5.06e+01  -3.1 2.91e-01    -  6.65e-01 1.00e+00h  1
 392  5.4922814e+00 2.02e-03 6.60e+01  -3.1 5.05e-01    -  1.98e-01 4.59e-01H  1
 393  5.5046981e+00 3.69e-03 4.66e+01  -3.1 3.72e-01    -  1.00e+00 1.00e+00h  1
 394  5.4949931e+00 1.37e-03 1.56e+01  -3.1 2.13e-01    -  1.00e+00 1.00e+00h  1
 395  5.4896299e+00 1.54e-03 5.41e+01  -3.8 2.30e-01    -  1.00e+00 8.32e-01h  1
 396  5.4806506e+00 6.92e-04 2.45e+01  -3.9 2.03e-01    -  1.00e+00 7.90e-01h  1
 397  5.4715005e+00 3.88e-04 6.50e+01  -4.0 1.32e-01    -  1.00e+00 5.34e-01h  1
 398  5.4639489e+00 2.67e-04 7.55e+01  -4.0 1.27e-01    -  2.06e-01 4.25e-01h  1
 399  5.4521802e+00 4.11e-04 3.27e+01  -4.0 2.15e-01    -  1.00e+00 5.00e-01h  1
iter    objective    inf_pr   inf_du lg(mu)  ||d||  lg(rg) alpha_du alpha_pr  ls
 400  5.4511796e+00 5.61e-04 2.98e+01  -4.0 1.40e-01    -  1.00e+00 1.00e+00h  1
 401  5.4504102e+00 2.14e-04 5.08e+01  -4.0 9.03e-02    -  1.00e+00 6.76e-01h  1
 402  5.4749909e+00 5.80e-04 2.37e+02  -3.4 1.52e-01    -  7.53e-01 1.00e+00h  1
 403  5.4768361e+00 3.65e-04 2.72e+01  -3.5 1.14e-01    -  1.00e+00 1.00e+00h  1
 404  5.4774506e+00 3.31e-04 2.40e+01  -3.5 8.09e-02    -  1.00e+00 1.00e+00h  1
 405  5.4708477e+00 1.26e-04 6.57e+00  -3.5 6.41e-02    -  9.14e-01 1.00e+00h  1
 406  5.4636731e+00 1.13e-04 1.26e+01  -4.0 6.62e-02    -  1.00e+00 1.00e+00h  1
 407  5.4877703e+00 2.55e-03 5.79e+01  -3.3 2.78e-01    -  1.00e+00 1.00e+00h  1
 408  5.4739512e+00 1.06e-03 3.38e+01  -3.4 1.43e-01    -  1.00e+00 8.82e-01h  1
 409  5.4662860e+00 5.06e-04 7.67e+00  -3.4 1.05e-01    -  1.00e+00 1.00e+00f  1
iter    objective    inf_pr   inf_du lg(mu)  ||d||  lg(rg) alpha_du alpha_pr  ls
 410  5.4696018e+00 2.34e-04 2.38e+01  -3.4 1.19e-01    -  1.00e+00 1.00e+00h  1
 411  5.4565326e+00 2.75e-04 8.73e+00  -4.0 1.01e-01    -  1.00e+00 1.00e+00h  1
 412  5.4534584e+00 1.75e-04 1.98e+01  -4.1 5.89e-02    -  1.00e+00 1.00e+00h  1
 413  5.4532713e+00 1.05e-04 1.25e+01  -4.0 4.70e-02    -  1.00e+00 1.00e+00h  1
 414  5.4552474e+00 7.40e-06 3.83e+00  -4.0 1.69e-02    -  1.00e+00 1.00e+00h  1
 415  5.4565062e+00 5.11e-06 6.34e+00  -4.0 1.80e-02    -  9.50e-01 1.00e+00H  1
 416  5.4563319e+00 3.89e-05 4.87e+01  -4.0 6.46e-02    -  1.00e+00 4.14e-01h  2
 417  5.4511458e+00 6.41e-04 3.61e+01  -4.1 1.44e-01    -  7.72e-01 1.00e+00h  1
 418  5.4449046e+00 2.94e-04 3.80e+01  -4.1 9.80e-02    -  1.00e+00 1.00e+00h  1
 419  5.4473841e+00 2.51e-04 1.50e+01  -3.8 1.00e-01    -  1.00e+00 1.00e+00h  1
iter    objective    inf_pr   inf_du lg(mu)  ||d||  lg(rg) alpha_du alpha_pr  ls
 420  5.4580395e+00 1.03e-04 1.11e+01  -3.6 5.63e-02    -  1.00e+00 1.00e+00h  1
 421  5.4579488e+00 9.96e-05 1.06e+01  -3.7 6.53e-02    -  1.00e+00 1.00e+00h  1
 422  5.4564144e+00 1.45e-04 1.13e+01  -3.7 5.03e-02    -  1.00e+00 1.00e+00h  1
 423  5.4581433e+00 1.95e-05 1.43e+01  -3.7 3.39e-02    -  8.64e-01 1.00e+00h  1
 424  5.4614300e+00 1.07e-05 4.29e+00  -3.7 2.09e-02    -  1.00e+00 1.00e+00h  1
 425  5.4620473e+00 7.82e-06 2.10e+01  -3.7 8.90e-02    -  1.00e+00 1.00e+00H  1
 426  5.4567694e+00 4.40e-03 8.75e+01  -3.7 3.67e-01    -  9.47e-01 6.63e-01h  1
 427  5.4397466e+00 1.61e-02 2.04e+02  -3.7 8.55e-01    -  9.41e-01 5.19e-01h  1
 428  5.3561745e+00 8.00e-02 3.67e+02  -3.0 2.44e+00    -  3.52e-01 9.88e-01f  1
 429  5.3044656e+00 2.62e-02 1.26e+02  -4.0 1.09e+00    -  6.08e-01 8.59e-01h  1
iter    objective    inf_pr   inf_du lg(mu)  ||d||  lg(rg) alpha_du alpha_pr  ls
 430  5.3053604e+00 1.87e-02 7.95e+01  -3.7 7.68e-01    -  4.55e-01 3.19e-01h  1
 431  5.3142039e+00 1.02e-02 1.55e+02  -3.6 7.25e-01    -  1.00e+00 5.88e-01h  1
 432  5.3248865e+00 6.19e-03 8.46e+01  -4.0 4.17e-01    -  5.74e-01 4.07e-01h  1
 433  5.3545807e+00 4.05e-03 1.42e+02  -3.4 5.43e-01    -  8.58e-01 4.49e-01h  1
 434  5.3853860e+00 7.49e-03 5.83e+01  -3.5 5.65e-01    -  8.14e-01 1.00e+00h  1
 435  5.3524982e+00 2.51e-03 1.10e+01  -3.5 3.15e-01    -  1.00e+00 1.00e+00h  1
 436  5.3668615e+00 1.76e-03 2.21e+02  -3.7 3.86e-01    -  1.00e+00 4.42e-01h  1
 437  5.4121667e+00 2.09e-03 7.73e+01  -3.1 3.49e-01    -  1.00e+00 8.16e-01h  1
 438  5.4027630e+00 1.17e-03 2.38e+01  -3.2 1.91e-01    -  1.00e+00 1.00e+00h  1
 439  5.4120121e+00 9.52e-04 3.15e+02  -3.4 3.42e-01    -  1.00e+00 2.32e-01h  3
iter    objective    inf_pr   inf_du lg(mu)  ||d||  lg(rg) alpha_du alpha_pr  ls
 440  5.4135696e+00 7.33e-04 4.14e+01  -3.8 3.15e-01    -  1.00e+00 2.23e-01h  1
 441  5.4549649e+00 4.26e-04 9.39e+01  -4.0 3.04e-01    -  6.13e-01 1.00e+00H  1
 442  5.4487282e+00 4.03e-04 1.60e+02  -4.0 4.54e-01    -  5.04e-01 7.63e-02h  1
 443  5.4421733e+00 2.91e-04 2.18e+01  -4.0 1.02e-01    -  9.03e-01 1.00e+00f  1
 444  5.4359537e+00 1.36e-04 1.10e+01  -4.0 6.42e-02    -  1.00e+00 1.00e+00h  1
 445  5.4421297e+00 5.95e-05 5.62e+00  -4.0 4.27e-02    -  1.00e+00 1.00e+00h  1
 446  5.4365489e+00 3.31e-04 2.92e+01  -4.0 1.08e-01    -  1.00e+00 7.16e-01h  1
 447  5.4307921e+00 4.99e-04 3.60e+01  -4.1 2.27e-01    -  5.17e-01 3.29e-01h  1
 448  5.4297771e+00 7.73e-05 1.51e+01  -4.1 5.92e-02    -  1.00e+00 1.00e+00f  1
 449  5.4346495e+00 8.44e-05 9.77e+00  -3.8 5.85e-02    -  1.00e+00 1.00e+00h  1
iter    objective    inf_pr   inf_du lg(mu)  ||d||  lg(rg) alpha_du alpha_pr  ls
 450  5.4353686e+00 6.83e-05 8.90e+00  -3.9 3.75e-02    -  1.00e+00 1.00e+00h  1
 451  5.4343343e+00 2.81e-05 8.35e+00  -3.9 4.21e-02    -  1.00e+00 1.00e+00h  1
 452  5.4340488e+00 1.58e-05 8.42e+00  -4.0 1.81e-02    -  1.00e+00 1.00e+00h  1
 453  5.4338245e+00 4.71e-05 1.22e+01  -4.0 3.14e-02    -  1.00e+00 1.00e+00h  1
 454  5.4320548e+00 1.02e-04 1.38e+01  -4.1 4.45e-02    -  1.00e+00 1.00e+00h  1
 455  5.4296267e+00 8.35e-05 1.46e+01  -4.1 3.34e-02    -  1.00e+00 1.00e+00h  1
 456  5.4270745e+00 1.80e-04 1.55e+01  -4.0 5.58e-02    -  1.00e+00 1.00e+00h  1
 457  5.4277088e+00 1.32e-04 1.90e+01  -4.0 4.24e-02    -  1.00e+00 1.00e+00h  1
 458  5.4257639e+00 5.05e-04 1.74e+01  -4.0 7.20e-02    -  1.00e+00 1.00e+00h  1
 459  5.4294976e+00 1.75e-03 5.53e+01  -3.7 1.20e-01    -  1.00e+00 1.00e+00h  1
iter    objective    inf_pr   inf_du lg(mu)  ||d||  lg(rg) alpha_du alpha_pr  ls
 460  5.4240035e+00 1.47e-03 7.47e+01  -3.8 2.67e-01    -  5.02e-01 3.87e-01h  1
 461  5.4153415e+00 3.78e-04 4.89e+01  -3.8 1.64e-01    -  1.00e+00 1.00e+00f  1
 462  5.4148887e+00 1.23e-04 4.15e+01  -3.8 7.45e-02    -  1.00e+00 6.34e-01h  1
 463  5.4154332e+00 7.49e-05 3.24e+01  -4.0 6.85e-02    -  1.00e+00 5.00e-01f  2
 464  5.4191928e+00 6.18e-05 5.44e+01  -4.0 9.82e-02    -  7.09e-01 1.00e+00H  1
 465  5.4231958e+00 2.58e-03 1.04e+02  -3.6 3.87e-01    -  1.00e+00 5.75e-01h  1
 466  5.4167134e+00 4.88e-03 1.75e+02  -3.7 2.85e-01    -  1.00e+00 1.00e+00h  1
 467  5.4023882e+00 5.59e-03 2.15e+02  -3.7 1.31e+00    -  4.56e-01 1.25e-01h  1
 468  5.3902089e+00 4.73e-03 2.02e+02  -3.7 4.95e-01    -  5.51e-01 1.87e-01h  1
 469  5.3989087e+00 1.93e-03 1.03e+02  -3.7 1.03e-01    -  9.48e-01 6.05e-01h  1
iter    objective    inf_pr   inf_du lg(mu)  ||d||  lg(rg) alpha_du alpha_pr  ls
 470  5.4083457e+00 3.75e-04 2.34e+01  -3.7 1.14e-01    -  1.00e+00 1.00e+00h  1
 471  5.3936547e+00 3.38e-04 6.67e+00  -4.0 9.99e-02    -  1.00e+00 1.00e+00h  1
 472  5.3974169e+00 1.16e-04 3.66e+01  -4.0 6.26e-02    -  9.91e-01 8.17e-01h  1
 473  5.4019259e+00 9.05e-05 1.93e+01  -4.0 5.36e-02    -  9.01e-01 1.00e+00h  1
 474  5.4041127e+00 4.51e-05 1.78e+01  -4.0 3.57e-02    -  8.12e-01 1.00e+00h  1
 475  5.4021412e+00 1.36e-04 2.32e+01  -4.0 4.69e-02    -  1.00e+00 1.00e+00h  1
 476  5.4014420e+00 1.27e-04 2.54e+01  -4.1 6.32e-02    -  1.00e+00 1.00e+00h  1
 477  5.4006846e+00 1.07e-04 2.45e+01  -4.1 7.59e-02    -  1.00e+00 2.43e-01h  1
 478  5.3994115e+00 7.25e-05 3.30e+01  -4.1 5.70e-02    -  1.00e+00 5.72e-01f  1
 479  5.3971040e+00 1.24e-04 2.62e+01  -4.0 8.13e-02    -  1.00e+00 1.00e+00f  1
iter    objective    inf_pr   inf_du lg(mu)  ||d||  lg(rg) alpha_du alpha_pr  ls
 480  5.3987043e+00 5.68e-05 1.29e+01  -4.0 4.63e-02    -  1.00e+00 1.00e+00h  1
 481  5.3983885e+00 3.57e-05 4.85e+00  -4.0 4.05e-02    -  1.00e+00 7.17e-01h  1
 482  5.3989270e+00 6.74e-06 1.75e+00  -4.0 1.37e-02    -  1.00e+00 1.00e+00h  1
 483  5.4002015e+00 5.22e-07 6.00e+00  -4.0 1.88e-02    -  1.00e+00 1.00e+00H  1
 484  5.4011795e+00 4.03e-07 2.17e+01  -4.0 5.36e-02    -  1.00e+00 1.00e+00H  1
 485  5.3991360e+00 4.09e-04 4.53e+01  -4.0 1.23e-01    -  1.00e+00 9.57e-01h  1
 486  5.3864477e+00 2.57e-03 9.83e+01  -4.1 3.16e-01    -  1.00e+00 1.00e+00h  1
 487  5.3806175e+00 1.56e-03 7.52e+01  -4.1 1.89e-01    -  3.67e-01 3.90e-01h  1
 488  5.3873130e+00 4.75e-04 7.27e+00  -4.1 1.36e-01    -  1.00e+00 1.00e+00h  1
 489  5.4050459e+00 1.68e-03 8.28e+01  -3.5 2.45e-01    -  1.00e+00 1.00e+00h  1
iter    objective    inf_pr   inf_du lg(mu)  ||d||  lg(rg) alpha_du alpha_pr  ls
 490  5.4046716e+00 2.12e-03 1.20e+02  -3.6 2.79e-01    -  1.00e+00 1.00e+00h  1
 491  5.3885627e+00 1.30e-03 1.06e+02  -3.6 3.11e-01    -  1.00e+00 5.21e-01h  1
 492  5.3851572e+00 3.42e-04 1.27e+02  -3.6 1.38e-01    -  6.43e-01 1.00e+00h  1
 493  5.3890366e+00 3.33e-04 2.67e+01  -4.0 1.30e-01    -  1.00e+00 8.63e-01h  1
 494  5.3916626e+00 3.02e-04 1.92e+01  -4.0 1.07e-01    -  1.00e+00 1.00e+00h  1
 495  5.3925731e+00 1.73e-04 1.01e+01  -3.7 7.56e-02    -  1.00e+00 1.00e+00h  1
 496  5.3986747e+00 1.38e-04 1.51e+01  -3.8 6.66e-02    -  9.17e-01 1.00e+00h  1
 497  5.3981134e+00 5.30e-05 1.20e+01  -3.8 4.12e-02    -  1.00e+00 1.00e+00h  1
 498  5.3985119e+00 1.04e-05 5.11e+00  -4.0 1.91e-02    -  1.00e+00 1.00e+00h  1
 499  5.3982479e+00 2.52e-06 7.03e+00  -4.0 2.61e-02    -  1.00e+00 1.00e+00H  1
iter    objective    inf_pr   inf_du lg(mu)  ||d||  lg(rg) alpha_du alpha_pr  ls
 500  5.3961132e+00 4.35e-05 1.17e+01  -4.0 3.90e-02    -  1.00e+00 1.00e+00h  1
 501  5.3956109e+00 1.03e-05 8.80e+00  -4.0 2.34e-02    -  1.00e+00 1.00e+00h  1
 502  5.3959017e+00 7.11e-06 4.61e+00  -4.0 1.18e-02    -  1.00e+00 1.00e+00h  1
 503  5.3964217e+00 1.91e-06 1.28e+00  -4.0 8.32e-03    -  1.00e+00 1.00e+00h  1
 504  5.3966074e+00 1.60e-06 7.20e-01  -4.0 3.32e-03    -  1.00e+00 1.00e+00h  1
 505r 5.3966074e+00 1.60e-06 1.00e+03  -4.0 0.00e+00    -  0.00e+00 4.77e-07R 22
 506r 5.3966540e+00 3.88e-07 2.08e+02  -4.0 3.61e-03    -  1.00e+00 6.39e-02f  1
 507  5.3936207e+00 1.30e-05 8.50e+02  -4.0 1.34e-01    -  9.38e-01 1.68e-01h  1
 508  5.4293891e+00 2.12e-03 1.60e+02  -3.2 3.10e-01    -  9.88e-01 8.36e-01f  1
 509  5.4369763e+00 1.40e-03 7.17e+01  -3.0 3.22e-01    -  1.00e+00 1.00e+00h  1
iter    objective    inf_pr   inf_du lg(mu)  ||d||  lg(rg) alpha_du alpha_pr  ls
 510  5.4094435e+00 1.11e-03 5.70e+01  -3.0 3.08e-01    -  1.00e+00 6.05e-01h  1
 511  5.4306235e+00 5.11e-04 2.89e+01  -3.0 2.01e-01    -  8.52e-01 1.00e+00h  1
 512  5.4483266e+00 8.54e-04 3.87e+01  -3.0 1.80e-01    -  1.00e+00 1.00e+00h  1
 513  5.4491372e+00 3.45e-04 1.14e+01  -3.0 9.80e-02    -  1.00e+00 1.00e+00h  1
 514  5.4502855e+00 1.68e-04 1.37e+02  -3.0 8.94e-02    -  1.00e+00 5.00e-01h  2
 515  5.4721486e+00 9.44e-05 5.22e+01  -3.0 1.39e-01    -  1.00e+00 1.00e+00H  1
 516  5.4819383e+00 3.66e-05 3.66e+01  -3.0 9.92e-02    -  1.00e+00 1.00e+00H  1
 517  5.4794019e+00 4.47e-05 4.73e+01  -3.0 2.39e-01    -  1.00e+00 2.50e-01h  3
 518  5.4772698e+00 2.11e-05 1.11e+01  -3.0 4.00e-02    -  1.00e+00 1.00e+00h  1
 519  5.4845807e+00 6.94e-06 9.65e+00  -3.0 3.84e-02    -  1.00e+00 1.00e+00H  1
iter    objective    inf_pr   inf_du lg(mu)  ||d||  lg(rg) alpha_du alpha_pr  ls
 520  5.4958140e+00 5.54e-06 2.67e+01  -3.0 6.72e-02    -  1.00e+00 1.00e+00H  1
 521  5.4893709e+00 6.59e-06 1.51e+01  -3.0 8.52e-02    -  1.00e+00 1.00e+00H  1
 522  5.4855964e+00 8.08e-05 1.24e+01  -3.0 6.27e-02    -  1.00e+00 1.00e+00h  1
 523  5.4880710e+00 2.64e-05 4.83e+00  -3.0 3.71e-02    -  1.00e+00 1.00e+00h  1
 524  5.4904712e+00 2.23e-05 7.51e+00  -3.0 2.86e-02    -  1.00e+00 1.00e+00h  1
 525  5.4888808e+00 1.33e-05 4.23e+00  -3.0 1.95e-02    -  1.00e+00 1.00e+00h  1
 526  5.4896431e+00 4.29e-06 3.91e+00  -3.0 8.27e-03    -  1.00e+00 1.00e+00h  1
 527  5.4914418e+00 1.94e-06 1.82e+01  -3.0 2.62e-02    -  1.00e+00 1.00e+00H  1
 528  5.4914757e+00 2.81e-06 2.08e+01  -3.0 2.44e-01    -  1.00e+00 1.56e-02h  7
 529  5.4914931e+00 3.85e-06 5.60e+01  -3.0 4.34e-01    -  1.00e+00 7.81e-03h  8
iter    objective    inf_pr   inf_du lg(mu)  ||d||  lg(rg) alpha_du alpha_pr  ls
 530  5.4914849e+00 4.63e-06 2.33e+01  -3.0 5.70e-01    -  1.00e+00 1.95e-03h 10
 531  5.4914811e+00 5.13e-06 4.66e+01  -3.0 6.53e-01    -  1.00e+00 9.77e-04h 11
 532  5.4914781e+00 5.41e-06 4.54e+01  -3.0 9.25e-01    -  1.00e+00 4.88e-04h 12
 533  5.4920244e+00 5.58e-02 5.53e+02  -3.0 1.31e+00    -  1.00e+00 1.00e+00h  1
 534  5.3999778e+00 6.35e-03 2.89e+02  -3.0 5.42e-01    -  1.00e+00 1.00e+00h  1
 535  5.3994499e+00 6.87e-03 1.77e+02  -3.0 7.11e-01    -  8.19e-01 2.96e-01h  2
 536  5.3929036e+00 6.42e-03 1.36e+02  -3.0 6.38e-01    -  1.00e+00 4.42e-01h  1
 537  5.4258392e+00 2.39e-03 3.65e+01  -3.0 2.86e-01    -  1.00e+00 1.00e+00h  1
 538  5.4029857e+00 1.86e-03 2.78e+01  -3.0 2.40e-01    -  8.76e-01 1.00e+00h  1
 539  5.4171552e+00 1.32e-03 5.47e+01  -3.0 2.08e-01    -  1.00e+00 8.97e-01h  1
iter    objective    inf_pr   inf_du lg(mu)  ||d||  lg(rg) alpha_du alpha_pr  ls
 540  5.4221777e+00 9.88e-04 1.20e+02  -3.0 2.03e-01    -  1.00e+00 2.50e-01h  3
 541  5.4335720e+00 6.12e-04 7.99e+01  -3.0 1.67e-01    -  1.00e+00 5.00e-01h  2
 542  5.4426995e+00 4.17e-04 1.16e+02  -3.0 1.72e-01    -  1.00e+00 3.63e-01h  2
 543  5.4557427e+00 2.69e-04 5.24e+01  -3.0 1.44e-01    -  1.00e+00 5.00e-01h  2
 544  5.4669743e+00 2.31e-04 1.02e+02  -3.0 1.78e-01    -  1.00e+00 5.00e-01h  2
 545  5.4748848e+00 1.47e-04 2.15e+01  -3.0 7.33e-02    -  1.00e+00 1.00e+00h  1
 546  5.4773157e+00 9.34e-05 1.36e+01  -3.0 6.68e-02    -  1.00e+00 1.00e+00h  1
 547  5.4806519e+00 1.81e-05 4.32e+00  -3.0 2.32e-02    -  1.00e+00 1.00e+00h  1
 548  5.4838392e+00 8.61e-06 6.24e+00  -3.0 1.96e-02    -  1.00e+00 1.00e+00h  1
 549  5.4854015e+00 1.92e-07 1.15e+01  -3.0 2.33e-02    -  1.00e+00 1.00e+00H  1
iter    objective    inf_pr   inf_du lg(mu)  ||d||  lg(rg) alpha_du alpha_pr  ls
 550  5.4504387e+00 6.83e-04 2.35e+01  -3.9 1.21e-01    -  1.00e+00 1.00e+00f  1
 551  5.4154236e+00 8.35e-04 1.08e+02  -4.0 3.27e-01    -  1.00e+00 4.93e-01h  1
 552  5.3974628e+00 9.29e-04 9.43e+01  -4.0 3.39e-01    -  1.00e+00 3.28e-01h  1
 553  5.3852127e+00 8.52e-04 7.24e+01  -4.0 1.51e-01    -  1.00e+00 8.29e-01h  1
 554  5.3861779e+00 3.11e-04 3.87e+01  -4.0 1.38e-01    -  6.58e-01 1.00e+00h  1
 555  5.3862442e+00 1.23e-04 1.81e+01  -4.0 6.08e-02    -  1.00e+00 9.26e-01h  1
 556  5.3900220e+00 8.41e-05 1.70e+01  -3.7 5.69e-02    -  5.51e-01 3.92e-01h  2
 557  5.3916059e+00 1.19e-04 1.55e+01  -4.0 6.39e-02    -  1.00e+00 1.00e+00h  1
 558  5.3921199e+00 6.33e-05 7.98e+01  -4.0 3.25e-02    -  5.68e-01 1.00e+00h  1
 559  5.3949562e+00 5.51e-06 4.12e+00  -4.0 1.35e-02    -  1.00e+00 1.00e+00h  1
iter    objective    inf_pr   inf_du lg(mu)  ||d||  lg(rg) alpha_du alpha_pr  ls
 560  5.3987505e+00 2.47e-06 8.99e+00  -4.0 3.80e-02    -  1.00e+00 1.00e+00H  1
 561  5.3968649e+00 9.08e-05 9.60e+01  -4.1 1.15e-01    -  1.00e+00 4.75e-01h  1
 562  5.3922767e+00 1.38e-04 2.08e+01  -4.1 4.19e-02    -  1.00e+00 1.00e+00f  1
 563  5.3879801e+00 9.15e-05 2.82e+01  -4.1 5.58e-02    -  1.00e+00 9.51e-01h  1
 564  5.3885289e+00 7.11e-05 7.14e+01  -4.1 3.62e-02    -  1.00e+00 2.02e-01f  3
 565  5.3900468e+00 1.94e-05 7.07e+00  -4.1 3.59e-02    -  1.00e+00 1.00e+00h  1
 566  5.3912817e+00 6.61e-05 1.63e+01  -4.0 5.40e-02    -  1.00e+00 1.00e+00h  1
 567  5.3891437e+00 1.81e-04 5.27e+01  -4.1 2.10e-01    -  1.00e+00 4.00e-01h  1
 568  5.3737307e+00 5.68e-03 2.53e+02  -4.1 3.49e-01    -  1.00e+00 9.57e-01f  1
 569  5.3676717e+00 2.21e-03 2.12e+02  -4.1 2.62e-01    -  7.00e-01 6.11e-01h  1
iter    objective    inf_pr   inf_du lg(mu)  ||d||  lg(rg) alpha_du alpha_pr  ls
 570  5.3692009e+00 1.02e-03 9.52e+01  -4.1 1.35e-01    -  1.00e+00 6.14e-01h  1
 571  5.3731609e+00 1.04e-03 4.02e+01  -3.8 1.95e-01    -  9.32e-01 1.00e+00f  1
 572  5.3715368e+00 7.16e-04 5.10e+01  -4.0 1.17e-01    -  1.00e+00 3.60e-01h  1
 573  5.3686388e+00 5.15e-04 1.57e+02  -4.0 1.68e-01    -  1.00e+00 4.42e-01h  1
 574  5.3692456e+00 3.99e-04 1.19e+02  -4.0 1.38e-01    -  1.00e+00 2.52e-01h  1
 575  5.3911528e+00 5.04e-04 5.85e+01  -3.5 1.14e-01    -  1.00e+00 1.00e+00h  1
 576  5.3960237e+00 1.49e-04 6.78e+01  -3.6 6.72e-02    -  1.00e+00 1.00e+00h  1
 577  5.3921830e+00 1.52e-04 9.38e+00  -3.6 7.08e-02    -  1.00e+00 1.00e+00h  1
 578  5.3950782e+00 6.96e-05 1.07e+01  -3.6 4.20e-02    -  1.00e+00 5.61e-01h  1
 579  5.3980530e+00 4.12e-05 8.81e+00  -3.6 3.21e-02    -  1.00e+00 5.00e-01f  2
iter    objective    inf_pr   inf_du lg(mu)  ||d||  lg(rg) alpha_du alpha_pr  ls
 580  5.4001603e+00 5.00e-05 3.72e+01  -3.6 7.60e-02    -  1.00e+00 5.00e-01h  2
 581  5.4017316e+00 2.06e-05 3.27e+00  -3.6 2.53e-02    -  1.00e+00 1.00e+00h  1
 582  5.4020557e+00 2.12e-06 2.52e+00  -3.6 9.78e-03    -  1.00e+00 1.00e+00h  1
 583  5.4023340e+00 1.94e-06 2.06e+00  -3.6 6.02e-03    -  1.00e+00 1.00e+00h  1
 584  5.4029872e+00 5.91e-07 4.04e+01  -3.6 7.73e-02    -  1.00e+00 1.00e+00H  1
 585  5.4022937e+00 2.37e-05 4.88e+01  -3.6 2.14e-01    -  1.00e+00 1.25e-01h  4
 586  5.3983954e+00 3.29e-04 3.81e+01  -3.6 9.96e-02    -  1.00e+00 1.00e+00h  1
 587  5.3980576e+00 5.95e-05 1.67e+01  -3.6 5.85e-02    -  1.00e+00 1.00e+00h  1
 588  5.4016210e+00 4.52e-05 2.05e+01  -3.6 7.46e-02    -  1.00e+00 1.00e+00H  1
 589  5.3973956e+00 9.34e-05 1.51e+01  -3.6 7.44e-02    -  1.00e+00 1.00e+00h  1
iter    objective    inf_pr   inf_du lg(mu)  ||d||  lg(rg) alpha_du alpha_pr  ls
 590  5.3944774e+00 1.80e-04 1.79e+01  -3.6 6.85e-02    -  1.00e+00 1.00e+00h  1
 591  5.3955950e+00 5.40e-05 1.21e+01  -3.6 5.58e-02    -  1.00e+00 1.00e+00h  1
 592  5.3963028e+00 5.32e-05 9.83e+00  -3.6 6.70e-02    -  1.00e+00 1.00e+00h  1
 593  5.3967570e+00 2.63e-05 5.70e+00  -3.6 2.86e-02    -  1.00e+00 1.00e+00h  1
 594  5.3975608e+00 2.28e-05 4.99e+00  -3.6 2.73e-02    -  1.00e+00 1.00e+00h  1
 595  5.3979786e+00 5.56e-06 1.12e+00  -3.6 8.32e-03    -  1.00e+00 1.00e+00h  1
 596  5.3989589e+00 2.25e-06 1.49e+00  -3.6 6.20e-03    -  1.00e+00 1.00e+00h  1
 597  5.3999865e+00 7.31e-07 1.15e+01  -3.6 4.57e-02    -  1.00e+00 1.00e+00H  1
 598  5.3998715e+00 2.32e-06 1.36e+01  -3.6 4.03e-02    -  1.00e+00 1.25e-01h  4
 599  5.3984654e+00 1.76e-06 1.81e+01  -3.6 4.84e-02    -  1.00e+00 1.00e+00H  1
iter    objective    inf_pr   inf_du lg(mu)  ||d||  lg(rg) alpha_du alpha_pr  ls
 600  5.4000037e+00 5.67e-07 1.50e+01  -3.6 3.35e-02    -  1.00e+00 1.00e+00H  1
 601  5.3943133e+00 4.18e-05 1.10e+01  -4.0 3.38e-02    -  1.00e+00 1.00e+00h  1
 602  5.3823643e+00 8.20e-05 1.02e+01  -4.1 4.76e-02    -  1.00e+00 1.00e+00h  1
 603  5.3820857e+00 6.75e-05 1.37e+01  -4.0 3.89e-02    -  1.00e+00 1.00e+00h  1
 604  5.3816859e+00 1.22e-04 1.81e+01  -4.0 5.81e-02    -  1.00e+00 1.00e+00h  1
 605  5.3787167e+00 5.47e-05 2.08e+01  -4.0 4.72e-02    -  1.00e+00 1.00e+00h  1
 606  5.3760540e+00 1.53e-04 2.35e+01  -4.0 6.08e-02    -  1.00e+00 1.00e+00h  1
 607  5.3759411e+00 7.60e-05 5.08e+00  -4.0 4.83e-02    -  1.00e+00 1.00e+00h  1
 608  5.3772657e+00 2.88e-06 2.84e+00  -4.0 1.02e-02    -  1.00e+00 1.00e+00h  1
 609  5.3804538e+00 1.97e-06 1.42e+01  -4.0 3.54e-02    -  8.86e-01 1.00e+00H  1
iter    objective    inf_pr   inf_du lg(mu)  ||d||  lg(rg) alpha_du alpha_pr  ls
 610  5.3805189e+00 3.95e-04 5.36e+01  -4.0 1.12e-01    -  1.00e+00 1.00e+00h  1
 611  5.3725948e+00 9.54e-05 4.31e+01  -4.1 5.43e-02    -  1.00e+00 1.00e+00h  1
 612  5.3742945e+00 2.87e-05 1.12e+01  -4.0 2.91e-02    -  1.00e+00 1.00e+00h  1
 613  5.3776236e+00 1.04e-05 1.16e+01  -4.0 3.34e-02    -  1.00e+00 1.00e+00H  1
 614  5.3776282e+00 3.31e-07 4.00e+01  -4.1 9.56e-02    -  1.00e+00 1.00e+00H  1
 615  5.3745951e+00 1.16e-03 1.26e+02  -4.0 1.26e+00    -  6.72e-01 1.62e-01f  1
 616  5.3694219e+00 3.56e-03 2.34e+02  -4.1 8.33e-01    -  3.96e-01 4.12e-01h  1
 617  5.3343168e+00 6.23e-02 7.78e+02  -4.1 7.37e+00    -  9.06e-02 2.17e-01h  1
 618  5.3145350e+00 6.44e-02 9.29e+02  -4.1 6.93e+00    -  1.61e-01 6.30e-02h  1
 619  5.2945000e+00 2.94e-02 6.51e+02  -4.1 3.00e-01    -  1.93e-01 5.45e-01h  1
iter    objective    inf_pr   inf_du lg(mu)  ||d||  lg(rg) alpha_du alpha_pr  ls
 620  5.2925464e+00 2.60e-02 5.80e+02  -4.0 4.64e-01    -  1.91e-01 1.17e-01h  1
 621  5.2887722e+00 1.85e-02 4.19e+02  -3.1 8.52e-01    -  8.89e-01 2.89e-01h  1
 622  5.2827793e+00 1.10e-02 3.39e+02  -3.5 5.63e-01    -  7.59e-01 5.09e-01h  1
 623  5.2677617e+00 1.87e-02 3.98e+02  -3.0 2.52e+00    -  5.79e-01 2.62e-01h  1
 624  5.2543405e+00 1.86e-02 4.27e+02  -4.0 3.53e+00    -  4.01e-01 6.99e-02h  1
 625  5.3494476e+00 3.20e-02 5.61e+02  -2.5 2.60e+00    -  2.31e-01 3.66e-01f  1
 626  5.2683738e+00 1.40e-02 4.79e+02  -3.0 1.09e+00    -  5.67e-01 5.69e-01h  1
 627  5.2164690e+00 1.18e-02 4.01e+02  -3.0 1.04e+00    -  8.38e-01 3.97e-01h  1
 628  5.2055408e+00 2.52e-02 4.82e+02  -2.5 4.92e+00    -  6.64e-01 2.03e-01f  1
 629  5.0449295e+00 4.47e-01 1.02e+03  -2.4 9.65e+00    -  2.00e-01 4.74e-01h  1
iter    objective    inf_pr   inf_du lg(mu)  ||d||  lg(rg) alpha_du alpha_pr  ls
 630  5.1529343e+00 3.99e-01 9.06e+02  -1.7 7.81e+00    -  6.84e-01 1.06e-01f  1
 631  4.8807060e+00 1.98e-01 2.68e+02  -2.0 3.11e+00    -  6.61e-01 1.00e+00h  1
 632  4.9499258e+00 7.88e-02 1.32e+02  -2.1 1.60e+00    -  1.00e+00 1.00e+00h  1
 633  4.9870211e+00 2.64e-02 3.60e+01  -2.3 1.11e+00    -  1.00e+00 6.73e-01h  1
 634  4.9929921e+00 1.39e-02 9.10e+01  -2.7 1.20e+00    -  5.87e-01 5.55e-01h  1
 635  5.0945038e+00 2.40e-01 1.52e+02  -2.1 3.06e+00    -  6.64e-01 1.00e+00f  1
 636  4.9829803e+00 1.50e-01 1.49e+02  -2.3 2.10e+00    -  1.00e+00 3.93e-01h  1
 637  4.7802759e+00 4.42e-02 8.48e+01  -2.3 1.90e+00    -  1.00e+00 7.34e-01h  1
 638  4.6470676e+00 4.64e-02 7.16e+01  -2.3 2.91e+00    -  1.00e+00 3.38e-01h  1
 639  4.5246662e+00 9.10e-02 9.55e+01  -2.6 1.80e+00    -  9.08e-01 9.90e-01h  1
iter    objective    inf_pr   inf_du lg(mu)  ||d||  lg(rg) alpha_du alpha_pr  ls
 640  4.5813950e+00 4.10e-02 3.61e+01  -2.3 1.10e+00    -  1.00e+00 1.00e+00h  1
 641  4.6909427e+00 2.72e-02 1.16e+02  -2.0 1.29e+00    -  8.76e-01 5.12e-01H  1
 642  4.7483840e+00 1.55e-02 1.46e+02  -2.2 9.06e-01    -  1.00e+00 8.89e-01h  1
 643  4.7333903e+00 1.93e-02 5.72e+01  -2.5 7.05e-01    -  1.00e+00 1.00e+00h  1
 644  4.7862119e+00 1.70e-02 3.56e+03  -1.1 2.90e+00    -  1.00e+00 1.14e-01f  1
 645  5.0631711e+00 5.13e-02 1.01e+03  -1.2 1.39e+00    -  1.00e+00 1.00e+00f  1
 646  4.9710250e+00 1.84e-02 2.92e+02  -1.2 8.64e-01    -  9.87e-01 1.00e+00h  1
 647  4.9696531e+00 2.97e-02 2.16e+02  -1.2 8.95e-01    -  1.00e+00 1.00e+00h  1
 648  4.9771437e+00 2.16e-02 2.20e+02  -1.2 8.58e-01    -  1.00e+00 1.00e+00h  1
 649  4.9865813e+00 1.09e-02 4.10e+02  -1.8 5.84e-01    -  1.00e+00 7.35e-01h  1
iter    objective    inf_pr   inf_du lg(mu)  ||d||  lg(rg) alpha_du alpha_pr  ls
 650  4.9792228e+00 7.05e-03 1.80e+03  -1.4 6.18e-01    -  1.00e+00 5.00e-01f  2
 651  4.9868766e+00 5.52e-03 2.20e+03  -1.8 5.68e-01    -  1.00e+00 2.50e-01h  3
 652  4.9915632e+00 4.78e-03 6.42e+02  -2.3 6.14e-01    -  1.00e+00 1.52e-01h  3
 653  4.9948636e+00 4.41e-03 2.60e+03  -2.6 6.48e-01    -  1.00e+00 7.81e-02h  4
 654  4.9983630e+00 4.17e-03 3.10e+03  -2.8 7.69e-01    -  1.00e+00 5.93e-02h  5
 655  5.0065176e+00 3.67e-03 2.52e+03  -2.5 8.04e-01    -  1.00e+00 1.11e-01h  4
 656  5.0121590e+00 3.31e-03 3.31e+03  -2.7 8.05e-01    -  1.00e+00 1.03e-01h  4
 657  5.0176992e+00 3.02e-03 2.44e+03  -3.0 7.03e-01    -  1.00e+00 1.05e-01h  4
 658  5.0221375e+00 2.70e-03 2.54e+03  -3.4 7.95e-01    -  1.00e+00 1.03e-01h  4
 659  5.0239417e+00 2.43e-03 2.97e+03  -3.9 6.92e-01    -  1.00e+00 1.07e-01h  4
iter    objective    inf_pr   inf_du lg(mu)  ||d||  lg(rg) alpha_du alpha_pr  ls
 660  5.0241081e+00 2.19e-03 2.68e+03  -4.0 6.48e-01    -  1.00e+00 1.06e-01h  4
 661  5.0119789e+00 3.47e-03 1.43e+03  -4.0 6.32e-01    -  1.00e+00 4.94e-01h  1
 662  4.9798792e+00 3.25e-03 7.37e+02  -4.0 5.53e-01    -  5.06e-01 4.90e-01h  1
 663  4.9527821e+00 3.26e-03 5.65e+02  -4.0 7.12e-01    -  5.49e-01 2.80e-01f  1
 664  4.9220998e+00 4.32e-03 2.23e+02  -2.6 1.30e+00    -  5.19e-01 1.97e-01f  1
 665  4.8620358e+00 6.70e-03 1.73e+02  -2.9 1.74e+00    -  6.77e-01 2.67e-01h  1
 666  4.7079022e+00 3.01e-02 2.32e+02  -3.0 2.97e+00    -  2.49e-01 3.81e-01h  1
 667  4.5767795e+00 4.02e-02 3.44e+02  -3.0 3.86e+00    -  4.50e-01 2.32e-01h  1
 668  4.5136151e+00 3.40e-02 3.14e+02  -3.0 2.96e+00    -  6.36e-01 1.52e-01h  1
 669  4.4212801e+00 2.97e-02 2.88e+02  -3.0 2.93e+00    -  9.58e-01 2.80e-01h  1
iter    objective    inf_pr   inf_du lg(mu)  ||d||  lg(rg) alpha_du alpha_pr  ls
 670  4.3053886e+00 3.24e-02 2.80e+02  -3.0 1.79e+00    -  8.50e-01 6.65e-01h  1
 671  4.0985670e+00 1.44e-01 3.39e+02  -2.6 3.16e+00    -  5.96e-01 7.17e-01h  1
 672  4.0028654e+00 4.23e-02 1.84e+02  -2.5 1.37e+00    -  1.00e+00 1.00e+00h  1
 673  4.1069482e+00 6.35e-02 8.72e+01  -1.9 2.20e+00    -  1.00e+00 4.48e-01h  1
 674  4.1372822e+00 9.09e-02 1.02e+02  -2.0 2.30e+00    -  9.69e-01 1.00e+00h  1
 675  4.1643248e+00 3.20e-02 4.00e+01  -2.0 1.06e+00    -  1.00e+00 1.00e+00h  1
 676  4.0870949e+00 2.44e-02 2.79e+01  -2.6 1.41e+00    -  1.00e+00 6.04e-01h  1
 677  3.8872857e+00 1.12e-01 5.71e+01  -2.9 2.90e+00    -  1.00e+00 6.59e-01h  1
 678  3.7826122e+00 8.92e-02 6.71e+01  -2.4 3.32e+00    -  1.00e+00 5.25e-01h  1
 679  3.7405872e+00 4.44e-02 4.57e+01  -2.6 1.29e+00    -  1.00e+00 1.00e+00h  1
iter    objective    inf_pr   inf_du lg(mu)  ||d||  lg(rg) alpha_du alpha_pr  ls
 680  3.7819883e+00 2.68e-02 1.91e+01  -2.7 8.68e-01    -  1.00e+00 1.00e+00h  1
 681  3.7504751e+00 1.97e-02 4.23e+01  -3.1 1.23e+00    -  1.00e+00 5.81e-01h  1
 682  3.8695811e+00 4.34e-02 3.54e+01  -2.5 9.02e-01    -  1.00e+00 1.00e+00h  1
 683  3.8662643e+00 2.01e-02 2.67e+01  -2.6 8.41e-01    -  1.00e+00 6.22e-01h  1
 684  3.8457064e+00 2.40e-02 5.87e+01  -2.2 7.64e-01    -  1.00e+00 1.00e+00h  1
 685  3.8974370e+00 1.38e-02 6.78e+01  -2.7 5.34e-01    -  1.00e+00 1.00e+00h  1
 686  3.9670269e+00 9.72e-03 2.58e+02  -2.5 7.45e-01    -  6.92e-01 4.87e-01H  1
 687  3.9616339e+00 5.26e-03 1.81e+02  -2.6 6.32e-01    -  1.00e+00 5.03e-01h  1
 688  4.0193831e+00 1.85e-02 2.24e+03  -1.4 1.55e+00    -  1.00e+00 4.81e-01f  1
 689  4.0538562e+00 2.29e-02 7.14e+02  -1.5 6.54e-01    -  1.00e+00 1.00e+00f  1
iter    objective    inf_pr   inf_du lg(mu)  ||d||  lg(rg) alpha_du alpha_pr  ls
 690  4.0613632e+00 6.91e-03 1.36e+02  -1.5 4.50e-01    -  1.00e+00 1.00e+00h  1
 691  4.1274732e+00 8.32e-03 6.85e+02  -1.2 5.10e-01    -  1.00e+00 1.00e+00h  1
 692  4.1503689e+00 5.33e-03 6.27e+02  -1.3 3.33e-01    -  1.00e+00 1.00e+00h  1
 693  4.1813469e+00 5.29e-03 6.15e+02  -1.3 5.66e-01    -  1.00e+00 5.00e-01h  2
 694  4.2031737e+00 1.07e-03 3.62e+02  -1.3 2.84e-01    -  1.00e+00 1.00e+00h  1
 695  4.2595456e+00 6.19e-04 1.15e+03  -1.9 3.22e-01    -  9.03e-01 7.96e-01H  1
 696  4.2614845e+00 6.19e-04 3.23e+03  -1.9 1.11e+00    -  1.00e+00 2.10e-02h  5
 697  4.3410260e+00 2.32e-02 2.90e+03  -1.5 1.34e+00    -  8.92e-01 7.42e-01f  1
 698  4.3910578e+00 2.29e-02 3.75e+03  -1.7 1.86e+00    -  7.06e-01 3.28e-01h  1
 699  4.4038274e+00 7.31e-03 2.16e+03  -1.7 6.22e-01    -  3.62e-01 7.67e-01h  1
iter    objective    inf_pr   inf_du lg(mu)  ||d||  lg(rg) alpha_du alpha_pr  ls
 700  4.4091834e+00 3.55e-03 7.45e+02  -1.7 2.43e-01    -  6.20e-01 1.00e+00f  1
 701  4.4004934e+00 1.64e-03 2.29e+02  -1.7 1.84e-01    -  1.00e+00 1.00e+00h  1
 702  4.4168444e+00 1.14e-03 2.60e+02  -1.7 2.02e-01    -  1.00e+00 1.00e+00h  1
 703  4.4752730e+00 1.04e-02 6.83e+02  -1.7 5.97e-01    -  1.00e+00 1.00e+00h  1
 704  4.5601129e+00 3.30e-02 9.00e+02  -1.7 9.75e-01    -  1.00e+00 1.00e+00h  1
 705  4.5515142e+00 1.95e-02 5.37e+01  -1.7 8.21e-01    -  1.00e+00 1.00e+00h  1
 706  4.3928864e+00 1.06e-01 1.69e+02  -1.7 1.70e+00    -  1.00e+00 1.00e+00h  1
 707  4.4492844e+00 8.83e-02 2.86e+02  -1.7 1.97e+00    -  1.00e+00 1.00e+00h  1
 708  4.5120448e+00 3.86e-02 7.62e+01  -1.7 1.10e+00    -  1.00e+00 1.00e+00h  1
 709  4.6131828e+00 5.34e-02 1.10e+02  -1.7 1.67e+00    -  1.00e+00 1.00e+00h  1
iter    objective    inf_pr   inf_du lg(mu)  ||d||  lg(rg) alpha_du alpha_pr  ls
 710  4.6019544e+00 2.86e-02 7.52e+01  -1.7 8.35e-01    -  1.00e+00 1.00e+00h  1
 711  4.6188761e+00 1.72e-02 1.86e+02  -1.7 7.44e-01    -  1.00e+00 4.78e-01h  1
 712  4.6397914e+00 1.51e-02 1.44e+02  -1.7 1.19e+00    -  1.00e+00 2.50e-01h  3
 713  4.6530876e+00 1.11e-02 2.55e+02  -1.7 1.20e+00    -  1.00e+00 2.50e-01h  3
 714  4.6872138e+00 9.07e-03 7.10e+01  -1.7 1.17e+00    -  1.00e+00 2.50e-01h  3
 715  4.7170330e+00 4.90e-03 1.76e+02  -1.7 7.83e-01    -  1.00e+00 5.00e-01h  2
 716  4.7393127e+00 3.94e-03 1.51e+02  -1.7 1.09e+00    -  1.00e+00 2.50e-01h  3
 717  4.7736604e+00 3.29e-03 2.03e+02  -1.7 6.07e-01    -  1.00e+00 5.00e-01h  2
 718  4.8052793e+00 3.52e-03 1.41e+02  -1.7 7.06e-01    -  1.00e+00 5.00e-01h  2
 719  4.8465746e+00 4.37e-03 1.44e+02  -1.7 4.95e-01    -  1.00e+00 1.00e+00h  1
iter    objective    inf_pr   inf_du lg(mu)  ||d||  lg(rg) alpha_du alpha_pr  ls
 720  4.8544395e+00 2.82e-03 1.19e+02  -1.7 4.62e-01    -  1.00e+00 1.00e+00h  1
 721  4.8491244e+00 1.58e-03 4.46e+01  -1.7 2.20e-01    -  1.00e+00 1.00e+00h  1
 722  4.9096495e+00 2.78e-04 9.27e+01  -2.5 3.86e-01    -  9.60e-01 1.00e+00H  1
 723  4.7897933e+00 5.82e-03 1.58e+02  -2.8 7.30e-01    -  1.00e+00 7.52e-01h  1
 724  4.6063989e+00 2.28e-02 5.72e+01  -2.8 8.90e-01    -  8.84e-01 9.20e-01h  1
 725  4.3238588e+00 5.50e-02 1.27e+02  -2.8 1.97e+00    -  8.51e-01 6.45e-01h  1
 726  4.1052052e+00 6.83e-02 1.93e+02  -2.8 4.53e+00    -  3.33e-01 3.05e-01h  1
 727  3.9280434e+00 8.61e-02 1.61e+02  -2.8 2.40e+00    -  2.18e-01 6.75e-01h  1
 728  3.8992949e+00 1.98e-02 6.92e+01  -2.8 8.24e-01    -  1.00e+00 9.13e-01h  1
 729  3.9400767e+00 2.53e-02 2.69e+01  -2.8 7.76e-01    -  7.75e-01 1.00e+00h  1
iter    objective    inf_pr   inf_du lg(mu)  ||d||  lg(rg) alpha_du alpha_pr  ls
 730  3.9891344e+00 1.16e-02 2.90e+01  -2.8 5.47e-01    -  8.46e-01 1.00e+00h  1
 731  4.0576732e+00 6.77e-03 1.74e+02  -2.8 7.64e-01    -  1.00e+00 5.00e-01h  2
 732  4.0598572e+00 4.24e-03 3.27e+01  -2.8 5.85e-01    -  1.00e+00 5.00e-01h  2
 733  4.1738237e+00 3.68e-03 2.12e+02  -2.8 6.01e-01    -  1.00e+00 6.59e-01H  1
 734  4.1437952e+00 4.03e-03 3.84e+01  -2.8 2.56e-01    -  1.00e+00 1.00e+00h  1
 735  4.1028467e+00 5.06e-03 3.82e+01  -2.8 3.86e-01    -  1.00e+00 1.00e+00h  1
 736  4.0935050e+00 2.91e-03 3.35e+01  -2.8 3.34e-01    -  1.00e+00 1.00e+00h  1
 737  4.1112838e+00 1.78e-03 1.13e+02  -3.5 3.55e-01    -  1.00e+00 5.00e-01h  2
 738  4.1264206e+00 1.34e-03 2.62e+02  -3.2 3.77e-01    -  1.00e+00 2.50e-01h  3
 739  4.1108522e+00 1.29e-03 8.49e+01  -3.5 4.87e-01    -  1.00e+00 3.61e-01h  1
iter    objective    inf_pr   inf_du lg(mu)  ||d||  lg(rg) alpha_du alpha_pr  ls
 740  4.0671648e+00 6.76e-03 1.70e+02  -3.6 7.15e-01    -  1.00e+00 5.15e-01h  1
 741  4.0192491e+00 8.45e-03 9.00e+01  -3.6 1.28e+00    -  8.67e-01 2.43e-01h  1
 742  3.9564383e+00 1.08e-02 1.14e+02  -3.6 1.31e+00    -  9.33e-01 4.53e-01h  1
 743  3.8880785e+00 1.37e-02 1.20e+02  -3.6 1.45e+00    -  6.93e-01 4.24e-01h  1
 744  3.8438864e+00 1.41e-02 8.85e+01  -3.6 1.02e+00    -  6.79e-01 4.79e-01h  1
 745  3.8319112e+00 1.24e-02 1.17e+02  -3.6 7.31e-01    -  5.57e-01 1.40e-01h  1
 746  3.8193684e+00 8.53e-03 7.84e+01  -3.6 4.13e-01    -  5.08e-01 3.35e-01h  1
 747  3.8128665e+00 5.56e-03 6.05e+01  -4.0 4.73e-01    -  7.94e-01 4.59e-01h  1
 748  3.8216005e+00 2.79e-03 3.68e+01  -3.5 3.60e-01    -  5.97e-01 6.79e-01h  1
 749  3.8728477e+00 6.03e-03 9.32e+01  -3.1 4.15e-01    -  5.39e-01 9.22e-01h  1
iter    objective    inf_pr   inf_du lg(mu)  ||d||  lg(rg) alpha_du alpha_pr  ls
 750  3.8660937e+00 4.55e-03 4.40e+01  -3.4 3.24e-01    -  1.00e+00 1.00e+00h  1
 751  3.8553660e+00 1.56e-03 1.63e+01  -3.1 2.47e-01    -  1.00e+00 1.00e+00h  1
 752  3.9316066e+00 1.28e-02 1.59e+02  -2.6 7.68e-01    -  9.85e-01 8.31e-01h  1
 753  3.9683531e+00 3.74e-03 1.29e+02  -2.7 3.31e-01    -  1.00e+00 1.00e+00h  1
 754  3.9626379e+00 2.41e-03 3.63e+01  -2.7 2.88e-01    -  1.00e+00 1.00e+00h  1
 755  3.9497573e+00 1.23e-03 9.90e+01  -2.7 1.81e-01    -  1.00e+00 5.48e-01h  1
 756  3.9427737e+00 2.69e-03 4.20e+01  -2.7 2.76e-01    -  1.00e+00 1.00e+00h  1
 757  3.9556033e+00 1.06e-03 8.71e+00  -2.7 1.56e-01    -  1.00e+00 1.00e+00h  1
 758  3.9512891e+00 5.99e-04 1.22e+02  -3.4 2.16e-01    -  1.00e+00 4.34e-01h  2
 759  3.9281209e+00 3.55e-03 4.80e+01  -3.7 4.15e-01    -  1.00e+00 9.17e-01h  1
iter    objective    inf_pr   inf_du lg(mu)  ||d||  lg(rg) alpha_du alpha_pr  ls
 760  3.9018414e+00 2.77e-03 6.95e+01  -3.8 5.29e-01    -  7.37e-01 4.05e-01h  1
 761  3.8727434e+00 3.25e-03 1.32e+02  -3.8 7.22e-01    -  1.00e+00 2.89e-01h  1
 762  3.8531344e+00 2.02e-03 5.57e+01  -3.8 3.49e-01    -  1.00e+00 4.36e-01h  1
 763  3.8421337e+00 9.45e-04 3.83e+01  -4.0 2.27e-01    -  1.00e+00 6.97e-01h  1
 764  3.8449669e+00 1.27e-03 3.28e+01  -3.6 1.93e-01    -  1.00e+00 8.59e-01h  1
 765  3.8403187e+00 4.55e-04 4.45e+00  -4.0 9.14e-02    -  1.00e+00 1.00e+00h  1
 766  3.8457398e+00 1.88e-04 2.49e+01  -4.0 7.11e-02    -  1.00e+00 8.68e-01h  1
 767  3.8510450e+00 1.04e-04 1.23e+01  -4.0 4.82e-02    -  1.00e+00 1.00e+00h  1
 768  3.8700549e+00 3.05e-04 4.21e+01  -3.5 1.15e-01    -  1.00e+00 1.00e+00h  1
 769  3.8669996e+00 9.89e-05 2.29e+01  -3.6 6.11e-02    -  1.00e+00 1.00e+00h  1
iter    objective    inf_pr   inf_du lg(mu)  ||d||  lg(rg) alpha_du alpha_pr  ls
 770  3.8578558e+00 2.38e-04 1.06e+02  -3.6 1.08e-01    -  1.00e+00 6.51e-01h  1
 771  3.8583186e+00 8.19e-05 1.25e+01  -3.6 4.48e-02    -  1.00e+00 1.00e+00f  1
 772  3.8584008e+00 4.27e-06 5.90e+00  -4.0 2.93e-02    -  1.00e+00 1.00e+00H  1
 773  3.8481408e+00 5.68e-04 5.54e+01  -4.0 1.80e-01    -  1.00e+00 5.76e-01h  1
 774  3.8367134e+00 1.09e-03 1.49e+02  -4.1 2.47e-01    -  1.00e+00 5.31e-01h  1
 775  3.8240475e+00 6.59e-04 7.10e+01  -4.0 2.13e-01    -  1.00e+00 7.48e-01f  1
 776  3.8200438e+00 5.18e-04 6.88e+01  -4.0 2.38e-01    -  6.63e-01 2.85e-01h  1
 777  3.8211418e+00 3.34e-04 8.22e+01  -4.0 8.31e-02    -  9.51e-01 3.48e-01h  1
 778  3.8267001e+00 1.53e-04 3.49e+01  -4.0 7.95e-02    -  6.69e-01 1.00e+00h  1
 779  3.8280270e+00 1.53e-04 9.15e+00  -4.0 7.89e-02    -  1.00e+00 1.00e+00h  1
iter    objective    inf_pr   inf_du lg(mu)  ||d||  lg(rg) alpha_du alpha_pr  ls
 780  3.8283624e+00 6.28e-05 3.60e+00  -4.0 4.51e-02    -  1.00e+00 1.00e+00h  1
 781  3.8323915e+00 2.83e-05 6.30e+00  -4.0 3.05e-02    -  1.00e+00 1.00e+00h  1
 782  3.8341797e+00 9.04e-06 1.25e+01  -4.0 4.11e-02    -  1.00e+00 1.00e+00H  1
 783  3.8297528e+00 1.65e-04 2.14e+01  -4.0 5.57e-02    -  1.00e+00 1.00e+00h  1
 784  3.8189314e+00 1.13e-03 5.67e+01  -4.1 1.99e-01    -  7.33e-01 8.57e-01h  1
 785  3.8121121e+00 5.43e-04 5.18e+01  -4.0 1.56e-01    -  1.00e+00 8.52e-01f  1
 786  3.8148140e+00 2.15e-04 2.88e+01  -4.0 8.76e-02    -  1.00e+00 8.28e-01h  1
 787  3.8318006e+00 4.10e-04 1.40e+01  -3.4 1.36e-01    -  1.00e+00 1.00e+00h  1
 788  3.8299109e+00 2.05e-03 4.80e+01  -3.5 2.53e-01    -  9.14e-01 1.00e+00h  1
 789  3.8119867e+00 1.62e-03 7.25e+01  -3.5 2.23e-01    -  1.00e+00 1.00e+00h  1
iter    objective    inf_pr   inf_du lg(mu)  ||d||  lg(rg) alpha_du alpha_pr  ls
 790  3.7902919e+00 1.16e-03 3.03e+01  -3.8 2.20e-01    -  1.00e+00 8.99e-01h  1
 791  3.8030088e+00 7.50e-04 1.61e+01  -3.5 1.76e-01    -  1.00e+00 1.00e+00h  1
 792  3.8127747e+00 5.28e-04 2.09e+01  -3.7 1.07e-01    -  1.00e+00 1.00e+00h  1
 793  3.8111601e+00 5.80e-04 1.99e+01  -3.8 1.18e-01    -  1.00e+00 1.00e+00h  1
 794  3.8110343e+00 3.72e-04 6.20e+00  -3.5 1.03e-01    -  1.00e+00 1.00e+00h  1
 795  3.8188546e+00 1.69e-04 1.14e+01  -4.0 8.54e-02    -  1.00e+00 1.00e+00h  1
 796  3.8174845e+00 1.18e-04 4.46e+01  -4.0 5.07e-02    -  1.00e+00 8.32e-01h  1
 797  3.8143777e+00 3.33e-05 8.27e+00  -4.0 3.73e-02    -  1.00e+00 1.00e+00h  1
 798  3.8175074e+00 6.80e-05 1.71e+01  -4.0 5.12e-02    -  1.00e+00 9.40e-01H  1
 799  3.8154477e+00 4.59e-05 7.72e+00  -4.0 3.54e-02    -  1.00e+00 1.00e+00h  1
iter    objective    inf_pr   inf_du lg(mu)  ||d||  lg(rg) alpha_du alpha_pr  ls
 800  3.8142822e+00 6.86e-06 1.26e+00  -4.0 1.18e-02    -  1.00e+00 1.00e+00h  1
 801  3.8144171e+00 1.39e-06 3.33e+00  -4.0 1.38e-02    -  1.00e+00 1.00e+00H  1
 802  3.8133610e+00 8.00e-05 1.12e+01  -4.0 3.51e-02    -  1.00e+00 1.00e+00h  1
 803  3.8099498e+00 4.80e-04 2.96e+01  -4.0 1.77e-01    -  1.00e+00 4.68e-01h  1
 804  3.8010132e+00 6.31e-03 6.99e+01  -4.0 2.58e-01    -  1.00e+00 9.20e-01h  1
 805  3.7806047e+00 2.77e-03 6.61e+01  -4.1 2.67e-01    -  9.01e-01 1.00e+00h  1
 806  3.8025344e+00 6.33e-03 2.36e+01  -3.4 4.13e-01    -  1.00e+00 1.00e+00h  1
 807  3.7934999e+00 5.76e-03 4.85e+01  -3.4 5.25e-01    -  6.17e-01 8.03e-01h  1
 808  3.7774520e+00 2.76e-03 2.61e+01  -3.4 2.67e-01    -  1.00e+00 1.00e+00h  1
 809  3.7408588e+00 4.40e-03 3.42e+01  -3.7 4.29e-01    -  1.00e+00 7.08e-01h  1
iter    objective    inf_pr   inf_du lg(mu)  ||d||  lg(rg) alpha_du alpha_pr  ls
 810  3.7338623e+00 3.59e-03 2.14e+01  -4.0 3.30e-01    -  5.42e-01 2.60e-01h  1
 811  3.7307792e+00 6.10e-03 2.73e+01  -4.0 4.33e-01    -  7.71e-01 8.51e-01h  1
 812  3.7185121e+00 3.01e-03 2.06e+01  -4.0 2.60e-01    -  1.00e+00 1.00e+00h  1
 813  3.7239081e+00 1.97e-03 1.60e+01  -4.0 2.21e-01    -  4.66e-01 5.00e-01h  2
 814  3.7526787e+00 1.98e-03 4.28e+02  -3.3 5.36e-01    -  1.00e+00 3.92e-01h  1
 815  3.7826756e+00 4.43e-03 4.03e+01  -3.4 3.93e-01    -  9.75e-01 1.00e+00h  1
 816  3.7510791e+00 1.52e-03 9.03e+00  -3.4 2.48e-01    -  1.00e+00 1.00e+00h  1
 817  3.7697789e+00 9.43e-04 1.37e+02  -3.4 2.16e-01    -  9.54e-01 5.00e-01h  2
 818  3.7773759e+00 1.15e-03 1.06e+02  -3.4 2.83e-01    -  1.00e+00 5.00e-01h  2
 819  3.8262417e+00 4.53e-04 5.85e+01  -3.4 1.94e-01    -  8.95e-01 9.96e-01H  1
iter    objective    inf_pr   inf_du lg(mu)  ||d||  lg(rg) alpha_du alpha_pr  ls
 820  3.8194961e+00 4.18e-04 2.88e+02  -3.4 3.31e-01    -  1.00e+00 3.74e-01F  1
 821  3.8132154e+00 5.04e-04 6.40e+01  -3.4 1.90e-01    -  1.00e+00 5.00e-01h  2
 822  3.8056680e+00 6.28e-04 1.35e+02  -3.4 3.46e-01    -  8.96e-01 2.50e-01h  3
 823  3.8080205e+00 2.50e-04 1.42e+01  -3.4 9.60e-02    -  1.00e+00 1.00e+00h  1
 824  3.8057539e+00 2.08e-04 1.24e+01  -4.0 7.52e-02    -  1.00e+00 1.00e+00h  1
 825  3.7995348e+00 3.18e-04 2.99e+01  -4.0 1.01e-01    -  1.00e+00 1.00e+00h  1
 826  3.7878694e+00 8.03e-04 7.41e+01  -4.1 2.52e-01    -  1.00e+00 5.09e-01h  1
 827  3.7752509e+00 2.54e-03 2.63e+02  -4.1 7.67e-01    -  1.00e+00 2.90e-01h  1
 828  3.7611551e+00 3.71e-03 2.15e+02  -4.1 1.06e+00    -  5.24e-02 2.14e-01h  1
 829  3.7598984e+00 1.08e-03 4.59e+01  -4.1 1.45e-01    -  8.49e-01 7.58e-01h  1
iter    objective    inf_pr   inf_du lg(mu)  ||d||  lg(rg) alpha_du alpha_pr  ls
 830  3.7604306e+00 7.83e-04 2.04e+01  -4.1 1.39e-01    -  1.00e+00 1.00e+00f  1
 831  3.7624179e+00 2.50e-04 8.24e+00  -4.0 8.50e-02    -  1.00e+00 1.00e+00h  1
 832  3.7675959e+00 1.14e-04 7.99e+01  -4.0 6.15e-02    -  7.34e-01 5.56e-01H  1
 833  3.7710576e+00 1.70e-04 9.38e+00  -4.0 6.86e-02    -  1.00e+00 1.00e+00h  1
 834  3.7698361e+00 1.37e-04 7.70e+00  -4.0 5.97e-02    -  1.00e+00 1.00e+00h  1
 835  3.7708485e+00 7.68e-05 8.16e+00  -4.0 4.81e-02    -  1.00e+00 1.00e+00h  1
 836  3.7714992e+00 4.08e-05 3.45e+01  -4.0 2.72e-02    -  1.00e+00 5.00e-01h  2
 837  3.7741368e+00 7.67e-06 5.00e+00  -4.0 2.40e-02    -  1.00e+00 1.00e+00H  1
 838  3.7730380e+00 1.44e-04 1.34e+01  -4.0 5.18e-02    -  1.00e+00 1.00e+00h  1
 839  3.7700466e+00 1.13e-04 7.34e+00  -4.1 5.64e-02    -  1.00e+00 1.00e+00h  1
iter    objective    inf_pr   inf_du lg(mu)  ||d||  lg(rg) alpha_du alpha_pr  ls
 840  3.7698624e+00 5.21e-05 3.98e+00  -4.0 3.94e-02    -  1.00e+00 1.00e+00h  1
 841  3.7713113e+00 2.24e-05 2.45e+00  -4.0 2.69e-02    -  1.00e+00 1.00e+00h  1
 842  3.7719163e+00 1.32e-05 5.50e+00  -4.1 1.96e-02    -  1.00e+00 1.00e+00H  1
 843  3.7716155e+00 1.63e-05 4.63e+00  -4.0 2.06e-02    -  1.00e+00 1.00e+00h  1
 844  3.7704544e+00 2.61e-05 3.17e+00  -4.1 3.05e-02    -  1.00e+00 1.00e+00h  1
 845  3.7705016e+00 2.20e-05 4.26e+00  -4.0 1.98e-02    -  1.00e+00 1.00e+00h  1
 846  3.7687224e+00 7.83e-05 7.19e+00  -4.1 5.00e-02    -  1.00e+00 1.00e+00h  1
 847  3.7668347e+00 6.48e-05 6.23e+00  -4.1 4.47e-02    -  1.00e+00 1.00e+00h  1
 848  3.7665104e+00 6.99e-05 3.67e+00  -4.0 4.52e-02    -  1.00e+00 1.00e+00h  1
 849  3.7674712e+00 2.96e-05 1.64e+00  -4.0 2.26e-02    -  1.00e+00 1.00e+00h  1
iter    objective    inf_pr   inf_du lg(mu)  ||d||  lg(rg) alpha_du alpha_pr  ls
 850  3.7689681e+00 6.18e-06 2.05e+00  -4.0 1.08e-02    -  1.00e+00 1.00e+00h  1
 851  3.7685490e+00 2.31e-04 1.75e+01  -4.0 8.48e-02    -  1.00e+00 1.00e+00h  1
 852  3.7636371e+00 4.77e-04 3.88e+01  -4.1 1.65e-01    -  1.00e+00 6.77e-01h  1
 853  3.7550404e+00 4.25e-04 3.17e+01  -4.1 1.40e-01    -  1.00e+00 1.00e+00f  1
 854  3.7598573e+00 3.11e-04 4.33e+00  -3.8 7.82e-02    -  1.00e+00 1.00e+00h  1
 855  3.7647913e+00 1.66e-04 1.10e+01  -3.9 7.75e-02    -  1.00e+00 1.00e+00h  1
 856  3.7603537e+00 1.30e-04 1.89e+00  -4.0 6.26e-02    -  1.00e+00 1.00e+00h  1
 857  3.7654882e+00 2.71e-05 3.70e+00  -4.0 3.22e-02    -  1.00e+00 1.00e+00h  1
 858  3.7665195e+00 2.84e-05 6.17e+01  -4.0 4.75e-02    -  1.00e+00 5.00e-01h  2
 859  3.7672038e+00 4.87e-06 2.06e+00  -4.0 1.65e-02    -  1.00e+00 1.00e+00h  1
iter    objective    inf_pr   inf_du lg(mu)  ||d||  lg(rg) alpha_du alpha_pr  ls
 860  3.7674366e+00 2.83e-06 1.13e+00  -4.0 9.38e-03    -  1.00e+00 1.00e+00h  1
 861  3.7675838e+00 1.60e-06 9.52e-01  -4.0 5.81e-03    -  1.00e+00 1.00e+00h  1
 862  3.7673694e+00 6.78e-06 2.76e+00  -4.0 1.25e-02    -  1.00e+00 1.00e+00h  1
 863  3.7662900e+00 9.35e-06 2.11e+00  -4.1 1.42e-02    -  1.00e+00 1.00e+00h  1
 864  3.7667393e+00 5.71e-06 1.58e+00  -4.0 1.03e-02    -  1.00e+00 1.00e+00h  1
 865  3.7670934e+00 1.53e-06 7.32e-01  -4.0 5.81e-03    -  1.00e+00 1.00e+00h  1
 866  3.7672148e+00 2.91e-07 1.62e+00  -4.0 1.11e-02    -  1.00e+00 1.00e+00H  1
 867  3.7666168e+00 1.52e-03 3.95e+01  -4.0 2.02e-01    -  1.00e+00 1.00e+00h  1
 868  3.7620507e+00 4.46e-04 3.95e+01  -4.1 1.03e-01    -  1.00e+00 1.00e+00h  1
 869  3.7592070e+00 2.47e-04 1.35e+01  -4.1 7.85e-02    -  1.00e+00 1.00e+00h  1
iter    objective    inf_pr   inf_du lg(mu)  ||d||  lg(rg) alpha_du alpha_pr  ls
 870  3.7574502e+00 5.02e-04 1.20e+01  -4.0 1.03e-01    -  1.00e+00 1.00e+00h  1
 871  3.7566539e+00 2.34e-04 1.04e+01  -4.1 6.64e-02    -  1.00e+00 7.57e-01h  1
 872  3.7572148e+00 2.05e-04 1.73e+02  -4.0 5.77e-02    -  1.00e+00 1.25e-01f  4
 873  3.7653561e+00 4.90e-05 1.05e+01  -4.0 7.71e-02    -  1.00e+00 1.00e+00H  1
 874  3.7644255e+00 4.12e-04 2.72e+01  -4.0 1.08e-01    -  1.00e+00 1.00e+00h  1
 875  3.7562573e+00 4.69e-04 1.23e+01  -4.1 1.09e-01    -  8.01e-01 1.00e+00h  1
 876  3.7542606e+00 1.07e-03 2.90e+01  -4.1 2.05e-01    -  1.00e+00 1.00e+00h  1
 877  3.7462604e+00 6.51e-04 5.61e+00  -4.0 1.38e-01    -  1.00e+00 1.00e+00h  1
 878  3.7666066e+00 1.24e-04 1.14e+02  -3.7 1.35e-01    -  4.77e-01 8.86e-01H  1
 879  3.7609983e+00 8.05e-04 2.57e+01  -4.0 1.21e-01    -  1.00e+00 1.00e+00h  1
iter    objective    inf_pr   inf_du lg(mu)  ||d||  lg(rg) alpha_du alpha_pr  ls
 880  3.7490615e+00 8.22e-04 1.57e+01  -4.0 1.22e-01    -  7.73e-01 1.00e+00h  1
 881  3.7604929e+00 3.42e-04 1.23e+01  -4.0 1.03e-01    -  1.00e+00 1.00e+00h  1
 882  3.7597609e+00 2.42e-04 8.33e+00  -4.0 7.34e-02    -  1.00e+00 1.00e+00h  1
 883  3.7611334e+00 1.44e-04 3.04e+01  -4.0 6.98e-02    -  1.00e+00 5.00e-01h  2
 884  3.7669445e+00 1.82e-05 7.59e+00  -4.0 5.23e-02    -  1.00e+00 1.00e+00H  1
 885  3.7635265e+00 1.56e-04 1.68e+01  -4.1 5.92e-02    -  1.00e+00 1.00e+00h  1
 886  3.7606136e+00 1.03e-04 2.64e+00  -4.1 5.23e-02    -  1.00e+00 1.00e+00h  1
 887  3.7638521e+00 3.85e-05 4.08e+00  -4.1 2.88e-02    -  1.00e+00 1.00e+00h  1
 888  3.7638031e+00 3.05e-05 3.44e+00  -4.1 2.72e-02    -  1.00e+00 1.00e+00h  1
 889  3.7645410e+00 7.07e-06 1.53e+00  -4.0 1.30e-02    -  1.00e+00 1.00e+00h  1
iter    objective    inf_pr   inf_du lg(mu)  ||d||  lg(rg) alpha_du alpha_pr  ls
 890  3.7655249e+00 4.30e-06 1.61e+00  -4.0 7.59e-03    -  1.00e+00 1.00e+00h  1
 891  3.7660820e+00 3.74e-05 5.01e+00  -4.0 3.43e-02    -  1.00e+00 1.00e+00h  1
 892  3.7637949e+00 5.32e-05 1.46e+00  -4.1 3.10e-02    -  1.00e+00 1.00e+00h  1
 893  3.7644455e+00 6.16e-06 1.82e+00  -4.1 1.19e-02    -  1.00e+00 1.00e+00h  1
 894  3.7657643e+00 9.88e-06 3.38e+00  -4.0 1.53e-02    -  1.00e+00 1.00e+00h  1
 895  3.7640280e+00 7.48e-05 1.08e+01  -4.1 3.83e-02    -  1.00e+00 1.00e+00h  1
 896  3.7629537e+00 3.82e-05 3.69e+00  -4.1 2.57e-02    -  1.00e+00 1.00e+00h  1
 897  3.7647299e+00 4.08e-05 6.22e+00  -4.0 3.43e-02    -  1.00e+00 1.00e+00h  1
 898  3.7632091e+00 2.19e-05 6.57e-01  -4.1 2.28e-02    -  1.00e+00 1.00e+00h  1
 899  3.7656771e+00 4.28e-06 2.75e+00  -4.0 2.18e-02    -  1.00e+00 1.00e+00H  1
iter    objective    inf_pr   inf_du lg(mu)  ||d||  lg(rg) alpha_du alpha_pr  ls
 900  3.7633817e+00 3.36e-03 6.10e+01  -4.1 2.47e-01    -  9.87e-01 1.00e+00h  1
 901  3.7576385e+00 7.82e-03 1.46e+02  -4.1 4.29e-01    -  1.00e+00 1.00e+00h  1
 902  3.7468251e+00 6.81e-03 1.38e+02  -4.1 1.24e+00    -  3.18e-01 1.40e-01h  1
 903  3.7480048e+00 2.87e-03 9.15e+01  -4.1 2.71e-01    -  3.84e-01 1.00e+00h  1
 904  3.7403385e+00 5.97e-03 8.65e+01  -4.1 9.16e-01    -  4.56e-01 2.88e-01h  1
 905  3.7450883e+00 2.31e-03 2.09e+01  -4.1 2.37e-01    -  1.00e+00 6.90e-01h  1
 906  3.7393907e+00 9.02e-04 1.27e+01  -4.1 1.31e-01    -  9.36e-01 1.00e+00f  1
 907  3.7460869e+00 9.33e-04 2.22e+01  -4.1 1.96e-01    -  6.80e-01 5.00e-01h  2
 908  3.7473224e+00 8.04e-04 1.07e+02  -4.1 2.77e-01    -  1.00e+00 1.60e-01h  1
 909  3.7476661e+00 7.79e-04 1.21e+02  -4.1 6.39e-02    -  8.76e-01 3.12e-02h  6
iter    objective    inf_pr   inf_du lg(mu)  ||d||  lg(rg) alpha_du alpha_pr  ls
 910  3.7596284e+00 1.77e-04 8.73e+00  -4.1 7.05e-02    -  9.37e-01 1.00e+00h  1
 911  3.7577327e+00 2.09e-04 8.53e+00  -4.1 7.85e-02    -  1.00e+00 1.00e+00h  1
 912  3.7594853e+00 6.55e-05 4.69e+00  -4.0 4.64e-02    -  1.00e+00 1.00e+00h  1
 913  3.7639339e+00 5.16e-05 1.07e+01  -4.0 3.36e-02    -  1.00e+00 1.00e+00h  1
 914  3.7619913e+00 2.49e-04 7.90e+00  -4.1 9.94e-02    -  1.00e+00 1.00e+00h  1
 915  3.7588601e+00 1.52e-04 1.03e+00  -4.1 7.27e-02    -  1.00e+00 1.00e+00h  1
 916  3.7630090e+00 2.16e-05 2.69e+00  -4.1 2.29e-02    -  1.00e+00 1.00e+00h  1
 917  3.7646177e+00 1.17e-05 3.23e+00  -4.0 1.74e-02    -  1.00e+00 1.00e+00h  1
 918  3.7634742e+00 1.51e-05 2.42e+00  -4.1 1.49e-02    -  1.00e+00 1.00e+00h  1
 919  3.7643693e+00 2.56e-06 1.11e+00  -4.0 7.70e-03    -  1.00e+00 1.00e+00h  1
iter    objective    inf_pr   inf_du lg(mu)  ||d||  lg(rg) alpha_du alpha_pr  ls
 920  3.7648975e+00 5.25e-07 4.04e-01  -4.0 3.97e-03    -  1.00e+00 1.00e+00h  1
 921  3.7653358e+00 3.56e-06 1.84e+00  -4.0 1.04e-02    -  1.00e+00 1.00e+00h  1
 922  3.7636387e+00 7.67e-06 2.08e+00  -4.1 1.78e-02    -  1.00e+00 1.00e+00h  1
 923  3.7636111e+00 4.79e-06 8.09e-01  -4.1 1.51e-02    -  1.00e+00 1.00e+00h  1
 924  3.7652103e+00 8.00e-06 1.10e+00  -4.0 1.59e-02    -  1.00e+00 1.00e+00h  1
 925  3.7635706e+00 5.71e-06 2.17e+00  -4.1 1.65e-02    -  1.00e+00 1.00e+00h  1
 926  3.7631679e+00 3.12e-05 6.32e+00  -4.1 2.37e-02    -  1.00e+00 1.00e+00h  1
 927  3.7647636e+00 3.34e-05 1.50e+00  -4.0 2.54e-02    -  1.00e+00 1.00e+00h  1
 928  3.7629871e+00 1.18e-05 2.28e+00  -4.1 2.09e-02    -  1.00e+00 1.00e+00h  1
 929  3.7653074e+00 1.83e-05 3.17e+00  -4.0 1.98e-02    -  1.00e+00 1.00e+00h  1
iter    objective    inf_pr   inf_du lg(mu)  ||d||  lg(rg) alpha_du alpha_pr  ls
 930  3.7634664e+00 2.34e-05 2.93e+00  -4.1 2.32e-02    -  1.00e+00 1.00e+00h  1
 931  3.7629752e+00 1.12e-05 3.32e+00  -4.1 1.91e-02    -  1.00e+00 1.00e+00h  1
 932  3.7651435e+00 1.03e-06 1.22e+00  -4.0 1.77e-02    -  1.00e+00 1.00e+00H  1
 933  3.7632629e+00 2.40e-05 3.52e+00  -4.1 2.97e-02    -  1.00e+00 1.00e+00h  1
 934  3.7627622e+00 1.46e-05 1.01e+00  -4.1 2.11e-02    -  1.00e+00 1.00e+00h  1
 935  3.7652426e+00 5.26e-07 2.01e+00  -4.0 1.78e-02    -  1.00e+00 1.00e+00H  1
 936  3.7658813e+00 7.65e-07 8.78e+00  -4.0 3.72e-02    -  1.00e+00 1.00e+00H  1
 937  3.7628537e+00 1.56e-04 1.96e+01  -4.1 6.16e-02    -  1.00e+00 1.00e+00h  1
 938  3.7609828e+00 1.34e-04 1.87e+01  -4.1 7.70e-02    -  1.00e+00 1.00e+00h  1
 939  3.7627595e+00 2.47e-05 3.11e+00  -4.1 4.93e-02    -  1.00e+00 1.00e+00H  1
iter    objective    inf_pr   inf_du lg(mu)  ||d||  lg(rg) alpha_du alpha_pr  ls
 940  3.7632003e+00 1.26e-05 4.82e+00  -4.1 1.96e-02    -  1.00e+00 1.00e+00h  1
 941  3.7632063e+00 4.04e-06 2.34e+00  -4.1 9.86e-03    -  1.00e+00 1.00e+00h  1
 942  3.7640922e+00 1.22e-06 1.01e+00  -4.0 5.81e-03    -  1.00e+00 1.00e+00h  1
 943  3.7633421e+00 5.86e-07 7.49e+00  -4.1 3.31e-02    -  1.00e+00 1.00e+00H  1
 944  3.7641850e+00 1.79e-02 1.53e+02  -4.0 5.54e-01    -  1.00e+00 1.00e+00h  1
 945  3.7511171e+00 5.81e-03 5.78e+01  -4.1 3.02e-01    -  1.00e+00 1.00e+00h  1
 946  3.7308256e+00 1.42e-02 4.45e+01  -4.1 1.24e+00    -  3.91e-01 3.21e-01h  1
 947  3.7278920e+00 3.44e-03 7.71e+01  -4.1 3.54e-01    -  6.78e-01 7.94e-01h  1
 948  3.7311263e+00 2.84e-03 8.84e+01  -4.1 2.70e-01    -  1.00e+00 2.71e-01h  1
 949  3.7374964e+00 1.61e-03 3.50e+01  -4.1 2.08e-01    -  6.45e-01 4.52e-01h  1
iter    objective    inf_pr   inf_du lg(mu)  ||d||  lg(rg) alpha_du alpha_pr  ls
 950  3.7408917e+00 1.40e-03 1.95e+01  -4.1 2.25e-01    -  3.64e-01 3.04e-01h  1
 951  3.7415694e+00 1.35e-03 2.42e+01  -4.1 3.62e-01    -  8.14e-01 6.25e-02h  5
 952  3.7435473e+00 1.28e-03 2.83e+01  -4.1 3.35e-01    -  1.00e+00 1.48e-01h  3
 953  3.7467704e+00 1.24e-03 1.84e+01  -4.1 2.71e-01    -  1.00e+00 2.50e-01h  3
 954  3.7477708e+00 1.19e-03 1.10e+02  -4.1 3.32e-01    -  1.00e+00 1.32e-01h  3
 955  3.7597369e+00 4.31e-04 1.70e+01  -4.1 1.16e-01    -  1.00e+00 1.00e+00h  1
 956  3.7562724e+00 1.00e-04 2.34e+01  -4.1 6.44e-02    -  1.00e+00 1.00e+00h  1
 957  3.7644314e+00 8.28e-05 5.44e+01  -4.0 1.16e-01    -  1.00e+00 1.00e+00H  1
 958  3.7620741e+00 2.16e-04 1.83e+02  -4.1 1.93e-01    -  1.00e+00 4.12e-01h  1
 959  3.7590976e+00 2.46e-04 8.36e+00  -4.1 7.58e-02    -  1.00e+00 1.00e+00f  1
iter    objective    inf_pr   inf_du lg(mu)  ||d||  lg(rg) alpha_du alpha_pr  ls
 960  3.7618832e+00 5.46e-05 1.21e+01  -4.1 3.19e-02    -  1.00e+00 1.00e+00h  1
 961  3.7617507e+00 5.97e-05 6.08e+00  -4.1 3.52e-02    -  1.00e+00 1.00e+00h  1
 962  3.7620992e+00 2.70e-05 8.77e-01  -4.0 2.76e-02    -  1.00e+00 1.00e+00h  1
 963  3.7640143e+00 8.12e-06 3.82e+00  -4.0 2.75e-02    -  1.00e+00 1.00e+00H  1
 964  3.7625369e+00 1.34e-03 4.69e+01  -4.1 1.72e-01    -  1.00e+00 1.00e+00h  1
 965  3.7539044e+00 5.19e-03 1.59e+01  -4.1 2.81e-01    -  9.16e-01 1.00e+00h  1
 966  3.7411537e+00 1.01e-02 4.85e+01  -4.1 1.38e+00    -  2.53e-01 2.26e-01h  1
 967  3.7297921e+00 1.83e-03 9.21e+01  -4.1 1.78e-01    -  2.88e-01 1.00e+00f  1
 968  3.7339260e+00 1.38e-03 8.72e+01  -4.1 2.60e-01    -  8.46e-01 2.50e-01h  3
 969  3.7358458e+00 1.33e-03 3.57e+01  -4.1 3.57e-01    -  9.08e-01 1.01e-01h  4
iter    objective    inf_pr   inf_du lg(mu)  ||d||  lg(rg) alpha_du alpha_pr  ls
 970  3.7378842e+00 1.19e-03 4.92e+01  -4.1 5.68e-01    -  1.00e+00 1.80e-01h  2
 971  3.7417640e+00 1.08e-03 1.05e+02  -4.1 3.14e-01    -  9.44e-01 2.50e-01h  3
 972  3.7449392e+00 9.59e-04 5.59e+01  -4.1 2.88e-01    -  1.00e+00 2.50e-01h  3
 973  3.7484412e+00 6.88e-04 3.04e+01  -4.1 1.37e-01    -  1.00e+00 5.00e-01h  2
 974  3.7510291e+00 5.53e-04 2.06e+01  -4.1 1.37e-01    -  1.00e+00 2.50e-01h  3
 975  3.7525502e+00 4.66e-04 3.94e+01  -4.1 1.59e-01    -  1.00e+00 3.00e-01h  2
 976  3.7554808e+00 3.24e-04 2.34e+01  -4.1 9.58e-02    -  1.00e+00 5.00e-01h  2
 977  3.7585949e+00 2.71e-04 1.68e+01  -4.1 1.04e-01    -  1.00e+00 5.00e-01h  2
 978  3.7590567e+00 2.28e-04 1.94e+01  -4.1 1.76e-01    -  1.00e+00 5.00e-01h  2
 979  3.7552523e+00 3.01e-04 7.14e+00  -4.1 8.87e-02    -  1.00e+00 1.00e+00h  1
iter    objective    inf_pr   inf_du lg(mu)  ||d||  lg(rg) alpha_du alpha_pr  ls
 980  3.7584537e+00 2.23e-04 2.06e+01  -4.1 9.25e-02    -  1.00e+00 5.00e-01h  2
 981  3.7590511e+00 1.80e-04 8.06e+00  -4.1 1.20e-01    -  1.00e+00 2.50e-01h  3
 982  3.7615817e+00 5.05e-05 1.11e+01  -4.1 3.50e-02    -  1.00e+00 1.00e+00h  1
 983  3.7614720e+00 5.29e-05 5.93e+00  -4.1 4.18e-02    -  1.00e+00 1.00e+00h  1
 984  3.7616996e+00 3.31e-05 2.83e+00  -4.1 2.97e-02    -  1.00e+00 1.00e+00h  1
 985  3.7634211e+00 1.82e-05 2.57e+00  -4.0 1.93e-02    -  1.00e+00 1.00e+00h  1
 986  3.7631208e+00 4.64e-06 2.50e+00  -4.1 1.00e-02    -  1.00e+00 1.00e+00h  1
 987  3.7637601e+00 2.28e-06 1.15e+00  -4.0 7.71e-03    -  1.00e+00 1.00e+00h  1
 988  3.7631681e+00 1.91e-06 8.41e-01  -4.1 6.87e-03    -  1.00e+00 1.00e+00h  1
 989  3.7644627e+00 5.62e-06 1.33e+00  -4.0 9.86e-03    -  1.00e+00 1.00e+00h  1
iter    objective    inf_pr   inf_du lg(mu)  ||d||  lg(rg) alpha_du alpha_pr  ls
 990  3.7629628e+00 1.95e-05 4.34e+00  -4.1 2.61e-02    -  1.00e+00 1.00e+00h  1
 991  3.7624436e+00 1.89e-05 1.60e+00  -4.1 2.45e-02    -  1.00e+00 1.00e+00h  1
 992  3.7646248e+00 1.78e-06 2.14e+00  -4.0 1.27e-02    -  1.00e+00 1.00e+00H  1
 993  3.7631969e+00 7.25e-06 1.05e+00  -4.1 1.06e-02    -  1.00e+00 1.00e+00h  1
 994  3.7629676e+00 4.26e-06 1.59e+00  -4.1 9.40e-03    -  1.00e+00 1.00e+00h  1
 995  3.7646151e+00 1.28e-05 1.59e+00  -4.0 1.44e-02    -  1.00e+00 1.00e+00h  1
 996  3.7628522e+00 1.64e-05 2.93e+00  -4.1 2.45e-02    -  1.00e+00 1.00e+00h  1
 997  3.7627213e+00 9.05e-06 1.32e+00  -4.1 2.29e-02    -  1.00e+00 1.00e+00h  1
 998  3.7647360e+00 3.90e-07 1.27e+00  -4.0 1.25e-02    -  1.00e+00 1.00e+00H  1
 999  3.7650945e+00 1.23e-05 3.17e+00  -4.0 1.89e-02    -  1.00e+00 1.00e+00h  1
iter    objective    inf_pr   inf_du lg(mu)  ||d||  lg(rg) alpha_du alpha_pr  ls
1000  3.7626934e+00 2.10e-05 5.55e-01  -4.1 2.35e-02    -  1.00e+00 1.00e+00h  1

Number of Iterations....: 1000

                                   (scaled)                 (unscaled)
Objective...............:   3.7626934465799446e+00    3.7626934465799446e+00
Dual infeasibility......:   5.5491088241707509e-01    5.5491088241707509e-01
Constraint violation....:   2.0955279513623637e-05    2.0955279513623637e-05
Variable bound violation:   0.0000000000000000e+00    0.0000000000000000e+00
Complementarity.........:   8.0972571131506085e-05    8.0972571131506085e-05
Overall NLP error.......:   5.5491088241707509e-01    5.5491088241707509e-01


Number of objective function evaluations             = 1551
Number of objective gradient evaluations             = 1001
Number of equality constraint evaluations            = 1551
Number of inequality constraint evaluations          = 1551
Number of equality constraint Jacobian evaluations   = 1002
Number of inequality constraint Jacobian evaluations = 1002
Number of Lagrangian Hessian evaluations             = 0
Total seconds in IPOPT                               = 3004.816

EXIT: Maximum Number of Iterations Exceeded.
