
******************************************************************************
This program contains Ipopt, a library for large-scale nonlinear optimization.
 Ipopt is released as open source code under the Eclipse Public License (EPL).
         For more information visit https://github.com/coin-or/Ipopt
******************************************************************************

This is Ipopt version 3.14.19, running with linear solver MUMPS 5.8.2.

Number of nonzeros in equality constraint Jacobian...:   133925
Number of nonzeros in inequality constraint Jacobian.:      492
Number of nonzeros in Lagrangian Hessian.............:        0

Total number of variables............................:      499
                     variables with only lower bounds:        0
                variables with lower and upper bounds:      104
                     variables with only upper bounds:        0
Total number of equality constraints.................:      486
Total number of inequality constraints...............:       73
        inequality constraints with only lower bounds:        0
   inequality constraints with lower and upper bounds:        0
        inequality constraints with only upper bounds:       73

iter    objective    inf_pr   inf_du lg(mu)  ||d||  lg(rg) alpha_du alpha_pr  ls
   0  4.5099112e-02 8.33e+00 1.00e+00   0.0 0.00e+00    -  0.00e+00 0.00e+00   0
   1  4.5117418e-02 8.25e+00 3.15e+01  -1.3 2.50e+01    -  2.96e-01 9.62e-03h  1
   2  4.5274127e-02 8.23e+00 5.14e+03   0.9 6.67e+01    -  9.42e-02 3.34e-03h  1
   3  4.8524714e-02 8.18e+00 1.74e+05   1.9 1.70e+02    -  8.79e-01 5.01e-03h  1
   4  1.6866817e-01 8.05e+00 1.55e+05   2.9 2.43e+02    -  4.61e-03 1.69e-02h  1
   5  2.4772324e-01 7.97e+00 1.60e+05   2.9 1.98e+02    -  1.40e-02 9.96e-03h  1
   6  7.1117084e-01 7.79e+00 3.17e+05   2.9 2.46e+02    -  9.43e-03 2.25e-02f  1
   7  7.1960796e-01 7.78e+00 3.18e+05   2.3 1.73e+02    -  2.46e-02 7.32e-04h  1
   8  8.7959626e-01 7.68e+00 4.09e+05   2.9 2.65e+02    -  3.18e-03 1.28e-02h  1
   9  1.2776404e+00 7.56e+00 8.44e+05   2.9 3.70e+02    -  2.17e-02 1.64e-02h  1
iter    objective    inf_pr   inf_du lg(mu)  ||d||  lg(rg) alpha_du alpha_pr  ls
  10  1.2816896e+00 7.54e+00 8.26e+05   2.9 1.95e+02    -  2.57e-02 2.13e-03h  1
  11  1.2803505e+00 7.46e+00 3.52e+06   2.9 1.56e+02    -  4.38e-01 1.06e-02h  1
  12  1.2740497e+00 7.23e+00 3.90e+06   2.9 8.54e+01    -  9.61e-02 3.13e-02h  1
  13  1.2300685e+00 6.97e+00 4.43e+06   2.9 9.63e+01    -  1.46e-01 3.76e-02h  2
  14  1.2900770e+00 7.66e+00 6.27e+06   2.9 1.21e+02    -  1.13e-02 3.50e-02h  2
  15  1.4813339e+00 8.12e+00 7.63e+06   2.9 1.40e+02    -  4.59e-02 2.93e-02h  2
  16  1.6608687e+00 8.14e+00 7.77e+06   2.9 1.19e+02    -  1.10e-01 2.07e-02h  2
  17  1.9642135e+00 8.16e+00 7.08e+06   2.9 1.34e+02    -  6.90e-03 2.92e-02h  1
  18  2.0239344e+00 8.04e+00 6.68e+06   2.9 1.34e+02    -  1.16e-01 1.10e-02h  1
  19  2.1021822e+00 7.78e+00 6.93e+06  -3.2 9.33e+01    -  5.29e-02 2.01e-02h  1
iter    objective    inf_pr   inf_du lg(mu)  ||d||  lg(rg) alpha_du alpha_pr  ls
  20  2.0841976e+00 7.69e+00 7.20e+06   2.9 1.87e+02    -  2.15e-04 8.94e-03h  1
  21  2.0597036e+00 7.56e+00 7.48e+06   2.9 9.52e+01    -  3.99e-02 1.61e-02h  1
  22  2.0263395e+00 7.29e+00 7.31e+06   2.9 1.30e+02    -  3.32e-02 2.85e-02h  1
  23  2.0570571e+00 7.18e+00 7.11e+06  -3.2 8.83e+01    -  5.58e-02 1.31e-02h  1
  24  2.0416454e+00 7.16e+00 6.79e+06   2.9 1.54e+02    -  3.84e-04 3.61e-03h  1
  25  1.9752024e+00 6.99e+00 6.70e+06   2.9 6.80e+01    -  1.43e-03 2.17e-02f  1
  26  1.8002424e+00 6.90e+00 7.46e+06   2.9 1.62e+02    -  2.93e-02 1.30e-02h  1
  27  1.7862409e+00 6.89e+00 7.52e+06  -3.3 1.22e+02    -  5.75e-03 1.40e-03h  1
  28  1.7448712e+00 6.86e+00 7.48e+06   2.9 1.53e+02    -  6.81e-03 3.97e-03h  1
  29  1.5403020e+00 6.83e+00 1.06e+07   2.9 1.51e+02    -  5.94e-03 4.19e-02f  1
iter    objective    inf_pr   inf_du lg(mu)  ||d||  lg(rg) alpha_du alpha_pr  ls
  30  1.5516468e+00 6.77e+00 1.03e+07  -3.3 7.80e+01    -  3.13e-02 8.20e-03h  1
  31  1.5483118e+00 6.77e+00 1.03e+07   2.9 1.10e+02    -  1.74e-03 9.93e-04h  1
  32  1.5413390e+00 6.19e+00 8.26e+06   1.2 6.40e+01    -  3.41e-02 5.86e-02h  1
  33  1.5398841e+00 6.12e+00 8.13e+06   2.8 8.98e+01    -  4.30e-02 9.77e-03h  1
  34  1.6033609e+00 5.76e+00 8.84e+06   2.9 9.51e+01    -  1.48e-03 4.08e-02f  1
  35  1.6290809e+00 5.79e+00 7.57e+06   2.9 1.07e+02    -  6.51e-02 2.28e-02f  2
  36  1.6708646e+00 5.80e+00 6.84e+06   2.9 1.03e+02    -  3.75e-02 2.24e-02H  1
  37  1.7093552e+00 5.76e+00 7.31e+06   2.7 1.46e+02    -  5.57e-02 2.01e-02f  2
  38  1.7451598e+00 5.67e+00 8.32e+06   2.6 1.29e+02    -  8.09e-02 1.64e-02h  2
  39  1.8331715e+00 5.52e+00 9.59e+06   2.0 1.31e+02    -  6.28e-02 2.54e-02h  1
iter    objective    inf_pr   inf_du lg(mu)  ||d||  lg(rg) alpha_du alpha_pr  ls
  40  2.0698721e+00 5.24e+00 1.22e+07   2.9 1.00e+02    -  1.48e-03 5.41e-02h  1
  41  2.0536641e+00 5.19e+00 1.25e+07   1.7 6.01e+01    -  1.45e-02 9.75e-03h  1
  42  1.9783330e+00 5.14e+00 1.34e+07   2.9 8.23e+01    -  5.23e-02 2.21e-02f  1
  43  2.0168377e+00 4.83e+00 2.36e+07   2.9 6.32e+01    -  2.78e-02 1.14e-01H  1
  44  2.0880832e+00 4.74e+00 2.59e+07   2.9 7.70e+01    -  5.47e-02 1.63e-02h  1
  45  2.1310414e+00 4.56e+00 2.78e+07   2.9 4.92e+01    -  9.78e-02 3.85e-02h  1
  46  2.1406751e+00 4.43e+00 2.58e+07  -3.3 3.58e+01    -  3.40e-02 2.93e-02h  1
  47  2.0995652e+00 4.40e+00 2.79e+07   2.9 1.15e+02    -  5.39e-04 6.39e-03h  1
  48  2.0510203e+00 4.28e+00 2.67e+07   2.9 3.77e+01    -  2.23e-01 2.59e-02f  1
  49  1.9772477e+00 4.00e+00 2.33e+07   1.6 3.14e+01    -  5.00e-02 6.31e-02h  1
iter    objective    inf_pr   inf_du lg(mu)  ||d||  lg(rg) alpha_du alpha_pr  ls
  50  1.9838766e+00 3.95e+00 2.30e+07  -3.3 2.43e+01    -  1.30e-01 1.13e-02h  1
  51  1.9859459e+00 3.94e+00 2.29e+07  -3.3 2.84e+01    -  4.03e-03 3.43e-03h  1
  52  1.9517237e+00 3.87e+00 3.37e+07   2.9 6.77e+01    -  5.32e-04 2.16e-02h  1
  53  1.9596021e+00 3.83e+00 3.63e+07   2.0 3.07e+01    -  1.10e-01 9.98e-03h  1
  54  2.0415187e+00 3.60e+00 5.37e+07   2.4 3.62e+01    -  1.34e-01 6.16e-02h  1
  55  2.0708299e+00 3.24e+00 7.50e+07   2.9 2.22e+01    -  7.03e-02 1.01e-01f  1
  56  2.0935848e+00 2.68e+00 1.16e+08   2.9 2.03e+01    -  1.32e-01 2.05e-01h  1
  57  2.0843791e+00 2.64e+00 1.17e+08  -3.4 2.92e+01    -  5.25e-02 1.39e-02h  1
  58  2.0520278e+00 2.57e+00 8.87e+07   2.9 1.09e+02    -  1.08e-02 1.65e-02h  1
  59  1.9926906e+00 2.27e+00 8.37e+07   2.9 4.68e+01    -  7.73e-02 8.17e-02f  1
iter    objective    inf_pr   inf_du lg(mu)  ||d||  lg(rg) alpha_du alpha_pr  ls
  60  1.9876629e+00 2.26e+00 8.41e+07   2.9 1.99e+01    -  3.69e-01 7.40e-03h  1
  61  1.9372351e+00 1.96e+00 9.43e+07   2.9 1.85e+01    -  4.72e-01 9.93e-02h  1
  62  1.9208175e+00 1.94e+00 1.02e+08  -3.2 7.82e+01    -  2.79e-02 6.29e-03h  1
  63  1.9118544e+00 1.92e+00 1.02e+08  -3.2 3.35e+01    -  7.85e-02 9.64e-03h  1
  64  1.9002012e+00 1.81e+00 1.58e+08   2.9 3.89e+01    -  1.55e-03 5.96e-02h  1
  65  2.1899805e+00 3.48e+00 5.16e+08   2.9 7.11e+01    -  2.52e-01 1.10e-01f  2
  66  2.3807092e+00 2.53e+00 7.51e+08   2.7 2.07e+01    -  2.22e-01 2.95e-01H  1
  67  2.5111236e+00 1.84e+00 9.87e+08   2.7 8.96e+00    -  3.88e-01 9.45e-01h  1
  68  2.6440816e+00 1.70e+00 1.03e+09   2.9 1.71e+01    -  2.85e-02 9.21e-02f  1
  69  3.2069109e+00 3.24e+00 1.15e+09   2.9 2.01e+01    -  1.51e-01 3.11e-01f  1
iter    objective    inf_pr   inf_du lg(mu)  ||d||  lg(rg) alpha_du alpha_pr  ls
  70  3.4960743e+00 3.13e+00 1.27e+09   2.7 1.01e+03    -  1.58e-03 7.10e-03f  2
  71  3.6108107e+00 2.68e+00 1.14e+09   2.7 2.80e+01    -  2.19e-01 2.37e-01H  1
  72  3.6234310e+00 2.59e+00 1.10e+09   2.7 1.66e+01    -  1.08e-01 7.51e-02f  3
  73  3.6386223e+00 2.52e+00 1.04e+09   2.7 1.67e+01    -  4.26e-03 8.75e-02f  2
  74  3.6380917e+00 2.51e+00 1.05e+09   2.7 5.12e+02    -  1.60e-02 9.53e-04h  5
  75  3.6361661e+00 2.47e+00 1.06e+09   2.7 5.06e+01    -  4.72e-02 1.70e-02h  3
  76  3.6385670e+00 2.42e+00 1.06e+09   2.7 4.72e+01    -  1.99e-01 2.52e-02h  2
  77  3.6415020e+00 2.37e+00 1.08e+09   2.7 4.12e+01    -  2.58e-03 2.03e-02f  2
  78  3.6898680e+00 2.35e+00 1.22e+09   2.7 6.51e+02    -  1.63e-04 2.72e-03f  2
  79  3.6937248e+00 2.34e+00 1.24e+09   2.7 3.66e+02    -  2.30e-02 7.94e-04h  4
iter    objective    inf_pr   inf_du lg(mu)  ||d||  lg(rg) alpha_du alpha_pr  ls
  80  3.6984608e+00 2.34e+00 1.26e+09   2.7 3.02e+02    -  9.40e-03 1.20e-03h  4
  81  3.7029749e+00 2.34e+00 1.28e+09   2.7 2.57e+02    -  3.28e-02 1.40e-03h  4
  82  3.7516934e+00 2.45e+00 1.49e+09   2.7 5.40e+02    -  9.57e-04 6.00e-03f  2
  83  3.7214386e+00 2.44e+00 1.50e+09   2.7 7.45e+01    -  1.60e-01 1.56e-02h  3
  84  3.6889363e+00 2.44e+00 1.50e+09   2.7 6.24e+01    -  8.72e-02 1.64e-02f  3
  85  3.6542959e+00 2.43e+00 1.49e+09   2.7 5.26e+01    -  4.73e-01 1.85e-02h  3
  86  3.6427425e+00 2.43e+00 1.49e+09   2.7 3.17e+02    -  2.17e-02 6.45e-04h  6
  87  3.6297785e+00 2.43e+00 1.49e+09   2.7 2.81e+02    -  3.77e-02 8.08e-04h  6
  88  3.6008711e+00 2.43e+00 1.49e+09   2.7 2.46e+02    -  1.54e-02 2.02e-03f  5
  89  3.4468885e+00 3.11e+00 1.41e+09   2.7 2.35e+02    -  1.57e-03 1.75e-02f  2
iter    objective    inf_pr   inf_du lg(mu)  ||d||  lg(rg) alpha_du alpha_pr  ls
  90  3.2381302e+00 3.40e+00 1.65e+09   2.7 4.22e+02    -  4.26e-03 1.14e-02f  2
  91  3.1883922e+00 3.40e+00 1.72e+09   2.7 4.70e+02    -  1.06e-02 1.80e-03f  4
  92  3.1390820e+00 3.40e+00 1.78e+09   2.7 4.04e+02    -  1.43e-02 1.90e-03f  4
  93  3.0919212e+00 3.39e+00 1.85e+09   2.7 3.40e+02    -  3.29e-02 2.11e-03h  4
  94  3.0036190e+00 3.40e+00 1.98e+09   2.7 2.55e+02    -  6.48e-02 5.53e-03h  3
  95  2.8601301e+00 3.41e+00 2.06e+09   2.7 3.87e+02    -  2.24e-02 9.09e-03f  3
  96  2.7697385e+00 3.39e+00 2.01e+09   2.7 2.40e+02    -  2.73e-02 8.76e-03f  3
  97  2.6999396e+00 3.38e+00 1.84e+09   2.7 1.71e+02    -  2.63e-02 1.23e-02f  3
  98  2.6654290e+00 3.34e+00 1.58e+09   2.7 1.90e+02    -  2.26e-02 1.31e-02h  3
  99  2.6164470e+00 3.32e+00 1.38e+09   2.7 1.24e+02    -  6.94e-02 1.39e-02h  3
iter    objective    inf_pr   inf_du lg(mu)  ||d||  lg(rg) alpha_du alpha_pr  ls
 100  2.6140495e+00 3.32e+00 1.37e+09   2.7 8.10e+01    -  1.41e-01 5.72e-04h  8
 101  2.6113306e+00 3.32e+00 1.36e+09   2.7 8.18e+01    -  1.78e-01 6.69e-04h  8
 102  2.4883207e+00 3.55e+00 9.19e+08   2.7 8.32e+01    -  2.19e-03 4.71e-02f  2
 103  2.7659086e+00 4.00e+00 8.50e+08   2.7 2.08e+02    -  1.05e-03 2.33e-02f  2
 104  2.7620920e+00 3.99e+00 8.39e+08   2.7 1.24e+02    -  1.63e-01 3.90e-03h  4
 105  2.7504843e+00 3.97e+00 8.18e+08   2.7 1.00e+02    -  8.04e-02 6.83e-03h  4
 106  2.7245600e+00 3.96e+00 7.96e+08   2.7 1.11e+02    -  1.63e-02 4.33e-03h  3
 107  2.6990997e+00 3.94e+00 7.76e+08   2.7 1.02e+02    -  1.05e-01 3.85e-03h  5
 108  2.6773012e+00 3.93e+00 7.58e+08   2.7 9.95e+01    -  4.11e-02 3.69e-03f  5
 109  2.6390367e+00 3.91e+00 7.26e+08   2.7 9.64e+01    -  8.23e-02 8.19e-03h  4
iter    objective    inf_pr   inf_du lg(mu)  ||d||  lg(rg) alpha_du alpha_pr  ls
 110  2.5645224e+00 3.89e+00 6.66e+08   2.7 8.54e+01    -  3.46e-02 2.62e-02f  2
 111  2.4983046e+00 3.88e+00 6.38e+08   2.7 8.58e+01    -  4.05e-04 1.42e-02f  2
 112  2.4789288e+00 3.88e+00 6.29e+08   2.7 7.90e+01    -  5.86e-02 6.53e-03f  2
 113  2.4207151e+00 3.99e+00 6.06e+08   2.7 7.16e+01    -  5.12e-03 1.85e-02f  2
 114  2.3447741e+00 4.09e+00 5.74e+08   2.7 7.23e+01    -  4.45e-03 1.74e-02f  2
 115  2.3095975e+00 4.19e+00 5.05e+08   2.7 1.21e+02    -  5.36e-04 1.98e-02f  2
 116  2.2800420e+00 4.18e+00 5.12e+08   2.7 1.12e+02    -  6.64e-02 7.91e-03h  3
 117  2.2580139e+00 4.16e+00 5.16e+08   2.7 6.24e+01    -  1.03e-01 1.02e-02h  3
 118  2.2303553e+00 4.14e+00 5.39e+08   2.7 5.25e+01    -  1.41e-01 1.96e-02h  2
 119  2.2191458e+00 4.09e+00 5.42e+08   2.7 3.33e+01    -  4.57e-02 2.51e-02f  2
iter    objective    inf_pr   inf_du lg(mu)  ||d||  lg(rg) alpha_du alpha_pr  ls
 120  2.3233872e+00 4.08e+00 4.85e+08   2.7 3.79e+02    -  3.58e-02 7.46e-03f  3
 121  2.3334681e+00 3.99e+00 4.62e+08   2.7 1.58e+01    -  1.57e-01 2.71e-02h  3
 122  2.3506019e+00 3.95e+00 4.50e+08   2.7 3.28e+01    -  6.22e-02 1.33e-02f  5
 123  2.3733919e+00 3.90e+00 5.26e+08   2.7 2.30e+01    -  1.36e-01 3.53e-02h  4
 124  2.3939947e+00 3.90e+00 5.82e+08   2.7 2.65e+01    -  2.21e-01 3.49e-02h  3
 125  2.4095555e+00 4.17e+00 6.41e+08   2.7 3.41e+01    -  1.02e-02 3.85e-02f  2
 126  2.4349607e+00 4.25e+00 6.41e+08   2.7 6.57e+01    -  4.83e-02 2.11e-02f  3
 127  2.4216117e+00 4.34e+00 6.25e+08   2.7 5.93e+01    -  5.61e-02 2.82e-02f  3
 128  2.5150977e+00 4.27e+00 5.49e+08   2.7 9.45e+01    -  3.84e-02 4.76e-02h  2
 129  2.5273261e+00 4.21e+00 5.26e+08   2.7 5.61e+01    -  1.17e-01 1.61e-02h  3
iter    objective    inf_pr   inf_du lg(mu)  ||d||  lg(rg) alpha_du alpha_pr  ls
 130  2.5841251e+00 4.16e+00 4.72e+08   2.7 8.67e+01    -  1.29e-01 1.98e-02h  3
 131  2.6524058e+00 4.08e+00 4.14e+08   2.7 7.98e+01    -  6.22e-02 2.65e-02h  3
 132  2.7115989e+00 3.97e+00 3.67e+08   2.7 6.80e+01    -  9.12e-02 3.28e-02h  3
 133  2.7153111e+00 3.95e+00 3.42e+08   2.7 3.21e+02    -  2.07e-02 3.13e-03h  5
 134  2.7066620e+00 3.97e+00 3.22e+08   2.7 9.36e+01    -  1.47e-03 1.73e-02f  3
 135  2.6968661e+00 3.96e+00 3.10e+08   2.7 1.33e+02    -  3.14e-02 4.76e-03f  4
 136  2.6799013e+00 3.97e+00 3.03e+08   2.7 1.36e+02    -  1.52e-02 1.01e-02f  3
 137  2.6651682e+00 3.96e+00 3.03e+08   2.7 1.34e+02    -  4.69e-02 4.93e-03h  4
 138  2.6902554e+00 3.90e+00 3.01e+08   2.7 2.56e+02    -  4.08e-02 6.41e-03h  4
 139  2.6600510e+00 4.40e+00 2.82e+08   2.7 1.46e+01    -  3.16e-04 7.24e-02f  2
iter    objective    inf_pr   inf_du lg(mu)  ||d||  lg(rg) alpha_du alpha_pr  ls
 140  2.5600244e+00 4.58e+00 6.88e+08   2.7 1.03e+01    -  3.51e-01 2.44e-01H  1
 141  2.5294089e+00 4.07e+00 7.28e+08   2.7 7.00e+00    -  2.12e-01 1.39e-01h  1
 142  2.5341285e+00 4.05e+00 7.60e+08   2.7 2.77e+01    -  1.05e-01 3.16e-02h  3
 143  2.5504089e+00 4.06e+00 7.76e+08   2.7 4.53e+01    -  1.04e-01 1.84e-02h  3
 144  2.5894683e+00 4.05e+00 7.69e+08   2.7 5.57e+01    -  2.20e-01 1.87e-02h  3
 145  2.6282215e+00 4.04e+00 7.51e+08   2.7 8.73e+01    -  5.66e-03 1.50e-02f  3
 146  2.6605090e+00 4.01e+00 7.44e+08   2.7 8.43e+01    -  7.69e-02 1.40e-02f  3
 147  2.6918881e+00 3.98e+00 6.76e+08   2.7 1.23e+02    -  2.81e-02 7.14e-03h  4
 148  2.7057760e+00 3.96e+00 6.64e+08   2.7 9.81e+01    -  2.28e-02 8.81e-03f  4
 149  2.6828023e+00 3.89e+00 5.43e+08   2.7 1.80e+02    -  4.80e-02 1.55e-02f  3
iter    objective    inf_pr   inf_du lg(mu)  ||d||  lg(rg) alpha_du alpha_pr  ls
 150  2.6633069e+00 3.91e+00 5.40e+08   2.7 6.84e+01    -  1.17e-02 2.52e-02f  3
 151  2.6293576e+00 3.88e+00 5.38e+08   2.7 5.58e+01    -  1.38e-01 1.53e-02f  4
 152  2.4445419e+00 4.30e+00 5.48e+08   2.7 5.94e+01    -  1.61e-03 6.42e-02f  2
 153  2.3881760e+00 4.24e+00 6.10e+08   2.7 3.11e+01    -  1.31e-01 2.81e-02h  3
 154  2.3791646e+00 4.13e+00 5.22e+08   2.7 2.22e+01    -  9.10e-02 3.86e-02h  3
 155  2.2685192e+00 3.96e+00 5.31e+08   2.7 2.97e+01    -  1.10e-01 6.92e-02h  2
 156  2.2421668e+00 3.90e+00 5.17e+08   2.7 3.65e+01    -  4.17e-02 2.99e-02h  3
 157  2.2304867e+00 3.88e+00 4.95e+08   2.7 5.67e+01    -  1.71e-01 9.34e-03h  4
 158  2.1641684e+00 3.97e+00 5.22e+08   2.7 6.46e+01    -  2.02e-03 2.46e-02f  2
 159  2.1486902e+00 3.96e+00 5.25e+08   2.7 4.87e+01    -  1.29e-01 5.17e-03f  4
iter    objective    inf_pr   inf_du lg(mu)  ||d||  lg(rg) alpha_du alpha_pr  ls
 160  2.1200954e+00 3.93e+00 5.32e+08   2.7 3.88e+01    -  1.64e-02 1.28e-02h  3
 161  2.6023903e+00 3.72e+00 4.68e+08   2.7 2.76e+02    -  4.55e-02 2.16e-02h  2
 162  2.5945764e+00 3.68e+00 4.44e+08   2.7 1.51e+01    -  2.98e-01 5.53e-02h  2
 163  2.5637896e+00 3.68e+00 4.21e+08   2.7 1.23e+01    -  2.51e-02 7.46e-02h  1
 164  2.5529444e+00 3.57e+00 4.11e+08   2.7 1.21e+01    -  1.08e-01 3.70e-02h  1
 165  2.5159955e+00 3.54e+00 4.77e+08   2.7 3.12e+02    -  4.88e-03 1.47e-02f  2
 166  2.5016783e+00 3.48e+00 5.03e+08   2.7 9.85e+01    -  9.25e-02 3.14e-02h  1
 167  2.4961201e+00 3.43e+00 5.11e+08   2.7 6.77e+01    -  1.02e-01 1.62e-02h  1
 168  2.5113729e+00 3.39e+00 5.51e+08   2.7 5.91e+01    -  1.13e-01 8.56e-02h  1
 169  2.5141710e+00 3.39e+00 4.99e+08   2.7 1.96e+02    -  5.54e-03 9.40e-03f  3
iter    objective    inf_pr   inf_du lg(mu)  ||d||  lg(rg) alpha_du alpha_pr  ls
 170  2.5086563e+00 3.32e+00 4.87e+08   2.7 8.82e+00    -  3.06e-01 2.26e-02h  1
 171  2.4583075e+00 2.18e+00 2.52e+08   2.7 8.64e+00    -  4.88e-02 5.27e-01H  1
 172  2.4052812e+00 2.01e+00 2.14e+08   2.9 1.16e+01    -  1.54e-01 1.99e-01h  1
 173  2.3868727e+00 1.96e+00 3.04e+08   2.9 4.14e+02    -  5.53e-03 9.49e-03f  2
 174  2.3663191e+00 1.97e+00 3.14e+08   2.9 1.32e+02    -  5.84e-02 8.82e-03h  2
 175  2.3509008e+00 1.96e+00 3.22e+08   2.9 1.02e+02    -  2.92e-02 8.76e-03h  2
 176  2.3328144e+00 1.97e+00 3.32e+08   2.9 8.13e+01    -  3.83e-02 1.49e-02h  2
 177  2.2985106e+00 1.96e+00 3.33e+08   2.9 1.52e+02    -  3.17e-03 5.84e-03h  2
 178  2.2539662e+00 1.96e+00 3.64e+08   2.9 7.51e+01    -  8.61e-02 1.60e-02h  1
 179  2.1746887e+00 2.13e+00 4.40e+08   2.9 5.54e+01    -  4.09e-02 5.73e-02f  2
iter    objective    inf_pr   inf_du lg(mu)  ||d||  lg(rg) alpha_du alpha_pr  ls
 180  2.1495464e+00 2.13e+00 4.39e+08   2.9 3.45e+01    -  2.15e-01 3.60e-02h  3
 181  2.3709284e+00 2.13e+00 4.83e+08   2.9 1.97e+02    -  3.81e-02 1.51e-02f  3
 182  2.4319194e+00 1.73e+00 3.56e+08   2.9 1.62e+01    -  4.35e-02 4.79e-01H  1
 183  2.4070236e+00 1.23e+00 3.36e+08   2.9 1.18e+01    -  2.07e-01 4.06e-01H  1
 184  2.4126967e+00 1.28e+00 2.92e+08   2.9 9.20e+00    -  3.26e-01 3.01e-01h  1
 185  2.4114842e+00 1.28e+00 2.87e+08   2.9 2.48e+02    -  3.11e-02 4.26e-04h  5
 186  2.3993861e+00 1.25e+00 2.93e+08   2.9 2.28e+01    -  1.41e-01 3.28e-02h  3
 187  2.3870033e+00 1.24e+00 3.12e+08   2.9 2.08e+01    -  1.30e-02 8.20e-02f  2
 188  2.3835209e+00 1.22e+00 3.25e+08   2.9 1.72e+01    -  2.54e-01 6.89e-02h  2
 189  2.4361975e+00 1.29e+00 4.52e+08   2.9 1.85e+02    -  8.98e-03 1.39e-02f  3
iter    objective    inf_pr   inf_du lg(mu)  ||d||  lg(rg) alpha_du alpha_pr  ls
 190  2.4453138e+00 1.28e+00 4.89e+08   2.8 2.51e+01    -  1.16e-01 3.78e-02f  2
 191  2.4594540e+00 1.26e+00 5.34e+08   2.8 2.27e+01    -  2.65e-03 5.23e-02f  1
 192  2.4679458e+00 1.24e+00 5.61e+08   2.8 1.96e+01    -  1.78e-02 4.05e-02h  1
 193  2.4441857e+00 1.24e+00 5.35e+08   2.8 3.21e+02    -  5.26e-02 1.88e-03h  1
 194  2.3506375e+00 1.25e+00 4.03e+08   2.8 1.50e+01    -  5.23e-03 3.22e-01F  1
 195  2.3438027e+00 1.21e+00 3.77e+08   2.9 9.73e+00    -  7.22e-02 5.83e-02h  1
 196  2.3438745e+00 1.20e+00 3.76e+08   2.9 6.88e+00    -  8.36e-02 6.75e-03h  1
 197  2.3469914e+00 1.21e+00 3.63e+08   2.9 3.97e+02    -  1.65e-02 1.94e-03f  2
 198  2.3639303e+00 1.08e+00 3.87e+08   2.7 9.31e+00    -  1.48e-02 2.74e-01f  1
 199  2.3639747e+00 1.07e+00 3.87e+08   2.9 6.22e+00    -  1.81e-01 5.25e-03h  1
iter    objective    inf_pr   inf_du lg(mu)  ||d||  lg(rg) alpha_du alpha_pr  ls
 200  2.3744882e+00 9.78e-01 3.78e+08   2.9 6.27e+00    -  1.27e-01 2.47e-01f  1
 201  2.4647335e+00 1.03e+00 4.27e+08   2.9 3.92e+02    -  2.48e-02 3.69e-03f  3
 202  2.8202536e+00 1.43e+00 4.48e+08   2.7 2.18e+01    -  5.76e-03 2.41e-01F  1
 203  2.8911130e+00 1.25e+00 5.47e+08   2.7 1.02e+01    -  1.63e-01 4.22e-01F  1
 204  3.0013468e+00 1.09e+00 5.69e+08   2.7 8.87e+00    -  1.50e-01 2.25e-01F  1
 205  2.8471998e+00 1.20e+00 6.06e+08   2.7 2.64e+02    -  3.28e-03 1.29e-02f  2
 206  2.8205506e+00 1.24e+00 5.89e+08   2.7 2.21e+01    -  4.83e-02 5.36e-02f  1
 207  2.8030397e+00 1.28e+00 5.70e+08   2.7 2.32e+01    -  7.53e-03 6.16e-02f  1
 208  2.7961750e+00 1.27e+00 5.62e+08   2.7 2.44e+01    -  3.25e-02 2.75e-02h  1
 209  3.0291544e+00 1.22e+00 7.24e+08   2.7 1.51e+02    -  6.30e-04 1.41e-02f  2
iter    objective    inf_pr   inf_du lg(mu)  ||d||  lg(rg) alpha_du alpha_pr  ls
 210  3.0865391e+00 1.17e+00 7.54e+08   2.7 1.34e+01    -  7.48e-02 4.35e-02f  1
 211  3.2887946e+00 1.09e+00 8.54e+08   2.7 1.29e+01    -  3.38e-02 1.55e-01f  1
 212  3.3295031e+00 1.05e+00 8.75e+08   2.7 9.72e+00    -  2.47e-02 7.41e-02h  1
 213  3.4115041e+00 1.00e+00 8.98e+08   2.7 3.38e+02    -  1.68e-03 7.14e-03f  2
 214  3.4339339e+00 9.91e-01 9.08e+08   2.7 7.22e+01    -  2.04e-02 1.44e-02f  2
 215  3.4453835e+00 9.84e-01 9.10e+08   2.7 6.04e+01    -  3.21e-02 9.25e-03h  2
 216  3.4513159e+00 9.78e-01 9.10e+08   2.7 5.35e+01    -  1.67e-01 6.00e-03h  2
 217  3.6512114e+00 1.01e+00 1.01e+09   2.7 2.87e+02    -  2.37e-03 5.58e-03f  2
 218  3.7286526e+00 1.01e+00 1.04e+09   2.7 1.07e+02    -  1.62e-02 6.49e-03f  2
 219  3.7685839e+00 1.01e+00 1.06e+09   2.7 8.98e+01    -  9.39e-02 4.31e-03h  2
iter    objective    inf_pr   inf_du lg(mu)  ||d||  lg(rg) alpha_du alpha_pr  ls
 220  3.8560931e+00 1.01e+00 1.09e+09   2.7 7.73e+01    -  2.64e-02 1.10e-02f  2
 221  3.8700480e+00 1.01e+00 1.10e+09   2.7 2.86e+02    -  1.99e-02 6.97e-04h  6
 222  3.9457501e+00 1.02e+00 1.14e+09   2.7 2.84e+02    -  3.65e-02 3.74e-03f  4
 223  4.1147517e+00 1.13e+00 1.21e+09   2.7 2.79e+02    -  3.48e-02 9.16e-03f  3
 224  4.2157946e+00 1.16e+00 1.24e+09   2.7 2.70e+02    -  4.63e-02 7.05e-03f  4
 225  4.4366190e+00 1.52e+00 1.25e+09   2.7 3.53e+02    -  4.83e-03 1.26e-02f  3
 226  4.5678466e+00 1.74e+00 1.22e+09   2.7 3.92e+02    -  4.91e-02 8.34e-03f  3
 227  4.5735540e+00 1.79e+00 1.18e+09   2.7 4.75e+02    -  1.17e-02 4.42e-03f  3
 228  4.5887729e+00 1.86e+00 1.14e+09   2.7 2.84e+02    -  3.89e-02 7.11e-03f  3
 229  4.6900811e+00 2.64e+00 9.49e+08   2.7 1.31e+02    -  4.75e-02 4.46e-02f  2
iter    objective    inf_pr   inf_du lg(mu)  ||d||  lg(rg) alpha_du alpha_pr  ls
 230  4.4646445e+00 2.50e+00 6.99e+08   2.7 3.70e+01    -  6.18e-02 1.17e-01f  2
 231  4.5652484e+00 2.50e+00 7.36e+08   2.7 2.81e+02    -  2.37e-02 2.94e-03f  4
 232  4.8718210e+00 2.48e+00 8.27e+08   2.7 2.81e+02    -  1.31e-02 8.25e-03f  3
 233  5.5844943e+00 2.49e+00 9.49e+08   2.7 3.03e+02    -  5.69e-02 1.98e-02f  2
 234  5.8302209e+00 2.48e+00 9.72e+08   2.7 3.21e+02    -  3.09e-02 1.61e-02f  2
 235  5.8364724e+00 2.47e+00 9.78e+08   2.7 2.67e+02    -  1.07e-01 4.46e-03h  3
 236  5.9419584e+00 2.47e+00 1.06e+09   2.7 2.44e+02    -  2.02e-02 1.37e-02f  2
 237  5.9126980e+00 2.47e+00 1.05e+09   2.7 2.54e+02    -  3.47e-02 9.23e-03f  3
 238  6.2231152e+00 2.63e+00 1.20e+09   2.7 2.60e+02    -  5.75e-04 2.45e-02f  2
 239  6.2338896e+00 2.67e+00 1.14e+09   2.7 5.58e+02    -  3.20e-02 9.17e-03f  3
iter    objective    inf_pr   inf_du lg(mu)  ||d||  lg(rg) alpha_du alpha_pr  ls
 240  6.3279824e+00 2.65e+00 1.15e+09   2.7 1.72e+02    -  2.31e-02 9.82e-03f  3
 241  6.3956386e+00 2.63e+00 1.14e+09   2.7 1.51e+02    -  8.47e-02 9.13e-03h  3
 242  6.5964865e+00 2.57e+00 1.13e+09   2.7 1.23e+02    -  5.69e-02 2.63e-02f  2
 243  6.6182904e+00 2.56e+00 1.11e+09   2.7 1.54e+02    -  2.18e-02 6.24e-03f  4
 244  6.7297297e+00 2.49e+00 1.04e+09   2.7 1.84e+02    -  9.19e-02 2.14e-02f  2
 245  6.8095663e+00 2.49e+00 9.84e+08   2.7 2.56e+02    -  2.75e-03 1.39e-02f  2
 246  6.8625280e+00 2.47e+00 9.42e+08   2.7 3.02e+02    -  3.99e-02 8.76e-03f  2
 247  7.0072645e+00 2.41e+00 8.96e+08   2.7 2.43e+02    -  1.04e-02 1.38e-02f  2
 248  7.0976753e+00 2.42e+00 8.66e+08   2.7 1.70e+02    -  8.74e-02 1.31e-02f  2
 249  7.4123131e+00 2.82e+00 8.47e+08   2.7 1.33e+02    -  4.25e-02 4.30e-02f  2
iter    objective    inf_pr   inf_du lg(mu)  ||d||  lg(rg) alpha_du alpha_pr  ls
 250  7.4725340e+00 2.84e+00 8.48e+08   2.7 7.64e+01    -  1.77e-01 2.28e-02f  3
 251  7.6244249e+00 2.82e+00 8.62e+08   2.7 2.19e+02    -  9.81e-02 1.01e-02h  3
 252  7.8573148e+00 2.81e+00 8.85e+08   2.7 2.27e+02    -  2.63e-02 1.65e-02f  2
 253  7.9193305e+00 2.79e+00 8.96e+08   2.7 2.24e+02    -  5.60e-03 8.87e-03f  2
 254  7.9489912e+00 2.78e+00 9.03e+08   2.7 2.10e+02    -  6.23e-03 6.00e-03f  2
 255  8.0307534e+00 2.72e+00 9.25e+08   2.7 2.49e+02    -  1.15e-03 1.77e-02h  1
 256  8.0359502e+00 2.63e+00 9.29e+08   2.7 1.47e+02    -  6.29e-02 3.05e-02f  2
 257  7.9752729e+00 2.51e+00 9.20e+08   2.7 1.05e+02    -  2.47e-03 3.25e-02f  2
 258  7.9143875e+00 2.44e+00 8.85e+08   2.7 6.85e+01    -  2.39e-01 5.26e-02f  2
 259  8.5531447e+00 3.13e+00 7.49e+08   2.7 3.07e+01    -  1.01e-01 5.82e-01F  1
iter    objective    inf_pr   inf_du lg(mu)  ||d||  lg(rg) alpha_du alpha_pr  ls
 260  8.5323839e+00 3.14e+00 6.96e+08   2.7 7.16e+02    -  5.27e-02 4.88e-03h  2
 261  8.5339415e+00 3.06e+00 6.73e+08   2.7 5.97e+01    -  5.23e-02 2.15e-02h  1
 262  8.5495354e+00 2.87e+00 6.14e+08   2.7 6.37e+01    -  1.07e-01 5.05e-02f  2
 263  8.5524123e+00 2.69e+00 5.64e+08   2.7 5.90e+01    -  2.75e-01 4.69e-02f  2
 264  8.7136111e+00 2.65e+00 5.45e+08   2.7 1.30e+02    -  5.79e-02 1.84e-02f  3
 265  8.8012438e+00 2.62e+00 5.32e+08   2.7 9.64e+01    -  1.43e-01 1.49e-02f  4
 266  9.4619273e+00 4.95e+00 4.73e+08   2.7 9.07e+01    -  2.50e-02 8.03e-02f  2
 267  9.5014713e+00 5.22e+00 4.85e+08   2.7 9.58e+01    -  8.22e-02 5.39e-02f  2
 268  9.1502732e+00 3.30e+00 4.89e+08   2.7 1.70e+01    -  1.61e-01 4.14e-01h  1
 269  9.0250516e+00 2.85e+00 4.90e+08   2.7 1.85e+01    -  5.67e-02 1.29e-01f  1
iter    objective    inf_pr   inf_du lg(mu)  ||d||  lg(rg) alpha_du alpha_pr  ls
 270  9.0607990e+00 2.83e+00 4.63e+08   2.7 9.12e+01    -  7.91e-02 1.91e-02h  1
 271  9.2805447e+00 2.76e+00 5.33e+08   2.7 3.15e+01    -  2.98e-02 3.11e-01f  1
 272  8.6181002e+00 2.67e+00 2.90e+08   2.7 2.77e+01    -  2.59e-01 2.78e-01F  1
 273  8.4525240e+00 2.49e+00 2.97e+08   2.7 1.79e+01    -  9.47e-02 8.19e-02h  1
 274  8.2185124e+00 2.24e+00 3.14e+08   2.7 1.59e+01    -  5.64e-02 1.30e-01f  1
 275  8.0757569e+00 2.05e+00 3.30e+08   2.7 1.33e+01    -  2.51e-02 1.13e-01f  1
 276  8.4820793e+00 2.17e+00 3.37e+08   2.7 1.25e+02    -  2.43e-03 2.54e-02f  1
 277  8.4168907e+00 5.88e+00 3.84e+08   2.7 8.90e+00    -  1.68e-01 5.39e-01f  1
 278  8.3503403e+00 4.96e+00 2.89e+08   2.7 8.16e+00    -  1.11e-02 1.62e-01f  1
 279  8.3318992e+00 4.66e+00 2.70e+08   2.7 6.63e+00    -  7.96e-02 6.09e-02f  1
iter    objective    inf_pr   inf_du lg(mu)  ||d||  lg(rg) alpha_du alpha_pr  ls
 280  1.0572106e+01 6.39e+00 4.36e+08   2.7 3.01e+02    -  4.14e-03 5.64e-02F  1
 281  1.0567316e+01 6.37e+00 4.34e+08   2.7 2.70e+01    -  1.75e-01 3.05e-03h  1
 282  1.0411396e+01 6.31e+00 2.67e+08   2.7 2.86e+01    -  3.94e-03 2.38e-01f  1
 283  1.0439686e+01 7.49e+00 3.35e+08   2.7 3.18e+01    -  1.56e-01 4.30e-01f  1
 284  1.0439834e+01 7.48e+00 3.33e+08   2.7 3.54e+02    -  1.04e-02 8.99e-04h  2
 285  1.0425704e+01 7.43e+00 3.28e+08   2.7 1.06e+01    -  7.91e-02 6.42e-03h  2
 286  1.0398127e+01 7.36e+00 3.24e+08   2.7 4.19e+01    -  3.27e-01 9.71e-03h  2
 287  1.0042229e+01 6.88e+00 3.15e+08   2.7 3.53e+01    -  4.80e-02 1.70e-01h  1
 288  1.0018905e+01 6.82e+00 3.14e+08   2.7 9.89e+00    -  3.74e-01 8.64e-03h  2
 289  9.5702400e+00 5.57e+00 3.05e+08   2.7 9.70e+00    -  4.47e-01 1.79e-01h  1
iter    objective    inf_pr   inf_du lg(mu)  ||d||  lg(rg) alpha_du alpha_pr  ls
 290  9.2355129e+00 5.42e+00 4.75e+08   2.7 8.75e+01    -  2.58e-02 4.52e-02h  1
 291  7.5529298e+00 4.64e-01 1.73e+08   2.7 6.25e+00    -  1.29e-01 1.00e+00f  1
 292  7.2209099e+00 3.77e-01 2.85e+08   2.9 1.41e+01    -  3.39e-01 1.87e-01H  1
 293  7.0410778e+00 3.86e-01 3.33e+08   2.9 1.01e+02    -  1.45e-02 9.09e-03f  3
 294  6.7294711e+00 4.03e-01 4.10e+08   2.9 8.97e+01    -  1.47e-01 1.70e-02f  3
 295  6.7045485e+00 4.03e-01 4.15e+08   2.9 7.67e+01    -  6.00e-02 1.51e-03f  7
 296  6.2732491e+00 6.29e-01 5.08e+08   2.9 7.60e+01    -  5.79e-02 2.85e-02f  3
 297  5.7992312e+00 9.21e-01 6.07e+08   2.9 2.33e+02    -  1.22e-01 1.64e-02f  2
 298  5.1313762e+00 1.59e+00 7.28e+08   2.9 1.56e+02    -  4.23e-02 3.60e-02f  2
 299  4.3993302e+00 2.54e+00 8.68e+08   2.8 5.66e+01    -  1.04e-01 1.16e-01f  2
iter    objective    inf_pr   inf_du lg(mu)  ||d||  lg(rg) alpha_du alpha_pr  ls
 300  3.7121637e+00 3.32e+00 1.08e+09   2.8 3.50e+01    -  2.22e-02 2.32e-01F  1
 301  3.8008908e+00 3.80e+00 9.48e+08   2.8 2.83e+02    -  3.26e-02 2.77e-02f  2
 302  3.9410937e+00 3.46e+00 8.10e+08   2.8 3.23e+01    -  1.50e-01 1.21e-01h  1
 303  3.7990589e+00 1.61e+00 4.07e+08   2.8 3.82e+00    -  2.93e-02 5.51e-01f  1
 304  3.7885742e+00 9.95e-01 3.47e+08   2.8 6.09e+00    -  1.27e-01 5.77e-01f  1
 305  3.7767303e+00 9.90e-01 3.49e+08   2.9 2.82e+01    -  1.02e-02 4.53e-03h  1
 306  3.3646749e+00 3.07e+00 4.78e+08   2.9 6.06e+01    -  3.24e-02 9.41e-02f  2
 307  3.3278441e+00 3.08e+00 4.89e+08   2.7 1.23e+02    -  6.02e-02 5.05e-03h  5
 308  3.2441441e+00 3.15e+00 5.08e+08   2.7 1.12e+02    -  4.00e-02 1.46e-02f  4
 309  3.0885227e+00 4.05e+00 5.11e+08   2.7 7.57e+01    -  4.17e-02 7.36e-02f  2
iter    objective    inf_pr   inf_du lg(mu)  ||d||  lg(rg) alpha_du alpha_pr  ls
 310  3.0450640e+00 4.08e+00 5.00e+08   2.7 2.01e+02    -  3.03e-02 6.50e-03f  3
 311  3.0300740e+00 4.08e+00 4.94e+08   2.7 1.89e+02    -  5.63e-02 2.79e-03h  4
 312  3.0054195e+00 4.09e+00 5.05e+08   2.7 1.53e+02    -  1.14e-01 8.58e-03f  3
 313  3.0015700e+00 4.10e+00 5.38e+08   2.7 8.36e+01    -  8.40e-02 2.76e-02f  2
 314  3.0098371e+00 3.87e+00 5.55e+08   2.7 1.10e+02    -  1.66e-02 3.91e-02f  2
 315  3.0307251e+00 3.71e+00 5.52e+08   2.7 4.95e+01    -  8.84e-02 3.76e-02f  2
 316  3.1842585e+00 3.22e+00 5.14e+08   2.7 3.43e+01    -  3.15e-03 1.18e-01f  1
 317  3.7280659e+00 2.27e+00 4.38e+08   2.7 1.93e+01    -  5.72e-02 3.12e-01f  1
 318  4.2718072e+00 5.83e+00 5.70e+08   2.7 3.42e+02    -  6.61e-03 3.69e-02f  2
 319  3.9050529e+00 2.94e+00 3.24e+08   2.7 1.61e+01    -  1.06e-01 7.92e-01f  1
iter    objective    inf_pr   inf_du lg(mu)  ||d||  lg(rg) alpha_du alpha_pr  ls
 320  3.6864198e+00 1.37e+00 1.91e+08   2.7 7.48e+00    -  2.30e-01 6.91e-01f  1
 321  3.6976528e+00 1.25e+00 1.31e+08   2.7 1.14e+01    -  1.11e-01 4.61e-01f  1
 322  3.7030146e+00 1.24e+00 1.52e+08   2.7 6.80e+01    -  4.20e-02 1.26e-02f  3
 323  3.7031650e+00 1.20e+00 1.68e+08   2.7 3.67e+01    -  1.55e-01 2.86e-02h  2
 324  3.8687080e+00 2.08e+00 2.61e+08   2.7 3.38e+01    -  2.49e-02 1.68e-01f  2
 325  4.1470851e+00 2.23e+00 2.43e+08   2.7 2.75e+01    -  3.68e-02 2.95e-01F  1
 326  4.7869668e+00 2.59e+00 2.40e+08   2.7 3.73e+02    -  4.07e-02 1.70e-02f  2
 327  5.1976468e+00 2.88e+00 3.22e+08   2.7 1.76e+02    -  1.34e-02 2.80e-02f  2
 328  5.4049817e+00 2.87e+00 3.77e+08   2.7 9.26e+01    -  5.97e-02 3.11e-02f  2
 329  5.5435656e+00 2.82e+00 4.03e+08   2.7 6.69e+01    -  1.01e-01 3.16e-02h  2
iter    objective    inf_pr   inf_du lg(mu)  ||d||  lg(rg) alpha_du alpha_pr  ls
 330  5.5992582e+00 2.81e+00 4.20e+08   2.7 3.67e+02    -  5.70e-02 2.08e-03f  4
 331  5.7761679e+00 2.79e+00 4.63e+08   2.7 3.64e+02    -  1.86e-02 5.94e-03f  4
 332  5.9362269e+00 2.77e+00 4.98e+08   2.7 2.93e+02    -  1.43e-01 6.76e-03f  4
 333  6.2752332e+00 2.72e+00 5.55e+08   2.7 2.07e+02    -  3.99e-02 1.69e-02f  3
 334  6.5046379e+00 2.73e+00 5.96e+08   2.7 3.19e+02    -  5.68e-02 8.18e-03h  4
 335  8.0761530e+00 3.29e+00 5.36e+08   2.7 4.25e+01    -  3.62e-01 4.78e-01H  1
 336  8.1084697e+00 3.15e+00 5.16e+08   2.7 2.71e+01    -  2.75e-01 4.34e-02h  1
 337  8.1573245e+00 3.07e+00 5.03e+08   2.7 2.57e+01    -  1.92e-01 2.58e-02f  2
 338  8.3673453e+00 2.75e+00 4.55e+08   2.7 2.51e+01    -  3.33e-01 1.03e-01h  1
 339  9.8587069e+00 2.62e+00 2.76e+08   2.7 2.11e+01    -  1.66e-01 4.74e-01f  1
iter    objective    inf_pr   inf_du lg(mu)  ||d||  lg(rg) alpha_du alpha_pr  ls
 340  1.0288644e+01 2.76e+00 2.90e+08   2.7 4.14e+02    -  1.11e-02 1.15e-02f  3
 341  1.1151052e+01 2.93e+00 3.03e+08   2.7 1.89e+02    -  6.70e-02 3.16e-02f  2
 342  1.1686938e+01 2.87e+00 2.99e+08   2.7 8.99e+01    -  7.55e-02 4.15e-02f  2
 343  1.2464146e+01 2.75e+00 2.81e+08   2.7 6.40e+01    -  4.49e-02 8.38e-02h  1
 344  1.3348569e+01 3.22e+00 2.60e+08   2.7 3.42e+02    -  3.07e-03 2.11e-02f  3
 345  1.5460641e+01 4.37e+00 2.45e+08   2.7 3.75e+02    -  4.17e-02 4.27e-02f  2
 346  1.6284106e+01 3.74e+00 2.59e+08   2.7 3.57e+02    -  2.30e-02 4.32e-02h  2
 347  1.6707133e+01 3.68e+00 2.42e+08   2.7 4.44e+02    -  1.47e-02 1.25e-02h  3
 348  1.8787809e+01 3.92e+00 2.44e+08   2.7 9.00e+01    -  2.65e-01 3.04e-01F  1
 349  1.8239183e+01 4.64e+00 8.59e+07   2.7 3.88e+01    -  1.46e-01 4.02e-01F  1
iter    objective    inf_pr   inf_du lg(mu)  ||d||  lg(rg) alpha_du alpha_pr  ls
 350  1.9595448e+01 5.37e+00 1.51e+08   2.7 1.03e+02    -  6.62e-02 1.26e-01F  1
 351  1.9545213e+01 5.32e+00 1.50e+08   2.7 5.08e+01    -  1.46e-01 9.79e-03h  2
 352  1.9523135e+01 5.28e+00 1.47e+08   2.7 9.08e+01    -  1.14e-01 7.31e-03h  2
 353  1.9445669e+01 4.97e+00 1.24e+08   2.7 7.21e+01    -  1.18e-01 5.72e-02f  2
 354  1.9483125e+01 6.39e+00 1.34e+08   2.7 2.69e+01    -  9.55e-02 1.00e+00f  1
 355  2.0922031e+01 4.51e+00 9.28e+07   2.7 1.91e+01    -  1.98e-01 1.00e+00f  1
 356  1.9286463e+01 4.01e+00 1.06e+08   2.7 1.62e+01    -  6.82e-02 1.00e+00f  1
 357  1.7983636e+01 2.14e+00 7.84e+07   2.7 1.36e+01    -  2.96e-01 1.00e+00f  1
 358  2.0256014e+01 5.72e+00 1.01e+08   2.7 1.44e+01    -  4.78e-02 9.40e-01f  1
 359  2.0117749e+01 1.22e+00 3.04e+07   2.7 7.01e+00    -  2.37e-01 1.00e+00f  1
iter    objective    inf_pr   inf_du lg(mu)  ||d||  lg(rg) alpha_du alpha_pr  ls
 360  2.0214388e+01 1.58e+00 5.27e+07   2.7 7.82e+00    -  1.21e-01 7.80e-01f  1
 361  2.0213975e+01 2.16e+00 7.69e+07   2.7 3.14e+01    -  1.06e-01 1.85e-01f  1
 362  1.9210478e+01 2.55e+00 7.69e+07   2.7 2.02e+01    -  6.75e-02 3.53e-01f  1
 363  1.8347157e+01 2.42e+00 9.95e+07   2.7 3.03e+01    -  1.12e-01 1.58e-01f  1
 364  1.4633895e+01 9.67e+00 2.91e+08   2.7 2.84e+01    -  2.40e-01 7.82e-01f  1
 365  1.4722390e+01 6.63e+00 2.48e+08   2.7 1.43e+01    -  7.79e-02 3.86e-01f  1
 366  1.5120181e+01 5.66e+00 1.48e+08   2.7 2.37e+01    -  2.74e-01 4.29e-01f  1
 367  1.4305782e+01 4.45e+00 9.63e+07   2.7 1.79e+01    -  2.85e-02 5.40e-01f  1
 368  1.2750471e+01 5.74e+00 1.28e+08   2.7 1.39e+01    -  2.35e-01 1.00e+00f  1
 369  1.2877559e+01 4.52e+00 1.26e+08   2.7 1.69e+01    -  3.77e-01 2.53e-01h  1
iter    objective    inf_pr   inf_du lg(mu)  ||d||  lg(rg) alpha_du alpha_pr  ls
 370  1.2740225e+01 2.60e+00 1.34e+08   2.7 1.50e+01    -  2.13e-01 4.53e-01f  1
 371  1.2643115e+01 2.47e+00 1.23e+08   2.7 2.29e+01    -  4.09e-02 2.76e-01h  1
 372  1.2515012e+01 2.48e+00 1.20e+08   2.7 6.98e+01    -  2.37e-01 5.55e-02f  2
 373  1.3045813e+01 3.84e+00 1.63e+08   2.7 2.77e+01    -  4.75e-01 1.00e+00F  1
 374  1.2892205e+01 1.97e+00 3.70e+07   2.7 1.14e+01    -  4.45e-02 1.00e+00f  1
 375  1.2766887e+01 1.57e+00 4.31e+07   2.7 8.06e+00    -  3.11e-01 1.00e+00f  1
 376  1.3043662e+01 1.32e+00 3.92e+07   2.7 7.19e+00    -  1.25e-01 1.00e+00f  1
 377  1.2401320e+01 3.84e+00 6.15e+07   2.7 1.33e+01    -  4.01e-01 1.00e+00F  1
 378  1.3657464e+01 1.37e+00 6.73e+07   2.7 8.01e+00    -  6.63e-01 1.00e+00h  1
 379  1.4029687e+01 1.63e+00 5.85e+07   2.7 8.64e+00    -  1.00e+00 1.00e+00f  1
iter    objective    inf_pr   inf_du lg(mu)  ||d||  lg(rg) alpha_du alpha_pr  ls
 380  1.3464388e+01 5.19e-01 2.19e+07   2.7 3.78e+00    -  1.00e+00 1.00e+00h  1
 381  1.3368433e+01 6.49e-02 1.31e+07   2.9 2.07e+00    -  8.64e-01 1.00e+00f  1
 382  1.3380240e+01 1.90e-02 8.14e+06   2.0 1.10e+00    -  1.00e+00 1.00e+00h  1
 383  1.3442917e+01 6.74e-03 3.29e+06   1.8 6.79e-01    -  1.00e+00 1.00e+00f  1
 384  1.3484775e+01 6.59e-03 4.60e+06   1.1 4.71e+00    -  1.00e+00 6.25e-02h  5
 385  1.3516103e+01 6.27e-03 4.66e+06   0.6 3.38e+00    -  1.00e+00 6.25e-02h  5
 386  1.3528639e+01 6.20e-03 5.11e+06   0.6 5.53e+00    -  1.00e+00 1.56e-02h  7
 387  1.3540337e+01 6.13e-03 5.47e+06   0.3 4.81e+00    -  1.00e+00 1.56e-02h  7
 388  1.3546314e+01 6.09e-03 5.59e+06   0.1 6.90e+00    -  1.00e+00 7.81e-03h  8
 389  1.3548924e+01 6.08e-03 5.73e+06   0.1 9.70e+00    -  1.00e+00 2.83e-03h  9
iter    objective    inf_pr   inf_du lg(mu)  ||d||  lg(rg) alpha_du alpha_pr  ls
 390  1.3551100e+01 6.07e-03 5.90e+06   0.3 1.09e+01    -  1.00e+00 2.18e-03h  9
 391  1.3551697e+01 6.06e-03 5.97e+06   0.8 1.46e+01    -  1.00e+00 7.95e-04h 10
 392  1.3552101e+01 6.06e-03 6.05e+06   1.1 2.59e+01    -  1.00e+00 4.34e-04h 10
 393  1.3560050e+01 7.88e-03 8.74e+06   1.5 5.25e+01    -  1.00e+00 6.94e-03f  5
 394  1.3707901e+01 1.18e-01 2.41e+07   1.6 1.74e+01    -  5.84e-01 1.13e-01f  3
 395  1.5300162e+01 2.63e+00 1.08e+08   1.6 1.44e+01    -  3.53e-01 1.00e+00F  1
 396  1.5173661e+01 1.61e+00 3.42e+07   1.6 1.20e+01    -  1.00e+00 1.00e+00h  1
 397  1.3889868e+01 5.21e-01 1.90e+07   1.6 5.98e+00    -  5.64e-01 1.00e+00h  1
 398  1.3821069e+01 1.07e-01 1.39e+07   1.6 2.37e+00    -  7.60e-01 1.00e+00f  1
 399  1.3964999e+01 3.05e-02 1.92e+07   1.6 1.39e+00    -  1.00e+00 1.00e+00f  1
iter    objective    inf_pr   inf_du lg(mu)  ||d||  lg(rg) alpha_du alpha_pr  ls
 400  1.3993406e+01 4.11e-02 1.83e+07   1.6 1.07e+00    -  1.00e+00 1.00e+00f  1
 401  1.4839742e+01 1.60e+00 5.67e+07   1.6 2.28e+01    -  1.08e-01 2.81e-01f  2
 402  1.4739312e+01 1.17e+00 1.55e+07   1.6 5.14e+00    -  1.00e+00 1.00e+00f  1
 403  1.4438606e+01 9.04e-02 1.44e+07   1.6 2.28e+00    -  1.00e+00 1.00e+00f  1
 404  1.4452600e+01 2.76e-02 1.19e+07   1.6 1.49e+00    -  1.00e+00 1.00e+00f  1
 405  1.4411467e+01 9.40e-03 1.29e+07   1.6 7.12e-01    -  1.00e+00 1.00e+00f  1
 406  1.4477277e+01 1.53e-02 6.35e+06   1.6 6.36e-01    -  1.00e+00 1.00e+00f  1
 407  1.4563123e+01 3.99e-02 1.20e+07   1.6 1.22e+00    -  1.00e+00 1.00e+00f  1
 408  1.4854865e+01 1.39e-01 2.03e+07   1.6 2.57e+00    -  1.00e+00 1.00e+00f  1
 409  1.4768243e+01 7.63e-02 8.51e+06   1.6 2.08e+00    -  1.00e+00 1.00e+00f  1
iter    objective    inf_pr   inf_du lg(mu)  ||d||  lg(rg) alpha_du alpha_pr  ls
 410  1.4658674e+01 3.73e-02 8.49e+06   1.6 1.57e+00    -  1.00e+00 1.00e+00f  1
 411  1.4722320e+01 6.70e-03 2.76e+06   1.6 7.89e-01    -  1.00e+00 1.00e+00f  1
 412  1.4727849e+01 1.88e-03 2.67e+06   0.0 2.34e-01    -  1.00e+00 1.00e+00h  1
 413  1.4781233e+01 1.47e-03 2.87e+06  -1.3 3.53e-01    -  1.00e+00 1.00e+00h  1
 414  1.4791516e+01 1.45e-03 2.98e+06  -2.4 2.20e+00    -  1.00e+00 3.12e-02h  6
 415  1.4801774e+01 1.42e-03 2.97e+06  -3.5 2.24e+00    -  1.00e+00 3.12e-02h  6
 416  1.4808362e+01 1.41e-03 3.03e+06  -4.0 2.87e+00    -  1.00e+00 1.56e-02h  7
 417  1.4815594e+01 1.39e-03 3.04e+06  -4.0 3.29e+00    -  1.00e+00 1.56e-02h  7
 418  1.4822749e+01 1.38e-03 3.12e+06  -4.0 3.26e+00    -  1.00e+00 1.48e-02h  7
 419  1.4829950e+01 1.36e-03 3.17e+06  -4.0 3.27e+00    -  1.00e+00 1.55e-02h  7
iter    objective    inf_pr   inf_du lg(mu)  ||d||  lg(rg) alpha_du alpha_pr  ls
 420  1.4837084e+01 1.35e-03 3.19e+06  -4.0 3.16e+00    -  1.00e+00 1.55e-02h  7
 421  1.4844043e+01 1.33e-03 3.23e+06  -4.0 3.09e+00    -  1.00e+00 1.55e-02h  7
 422  1.4850589e+01 1.32e-03 3.22e+06  -4.0 2.95e+00    -  1.00e+00 1.56e-02h  7
 423  1.4856049e+01 1.31e-03 3.22e+06  -3.9 2.94e+00    -  1.00e+00 1.26e-02h  7
 424  1.4867486e+01 1.28e-03 3.37e+06  -4.0 3.33e+00    -  1.00e+00 2.48e-02h  5
 425  1.4874178e+01 1.27e-03 3.42e+06  -4.0 2.93e+00    -  1.00e+00 1.56e-02h  7
 426  1.4879618e+01 1.26e-03 3.41e+06  -4.0 3.03e+00    -  1.00e+00 1.30e-02h  7
 427  1.4884904e+01 1.26e-03 3.48e+06  -4.0 3.08e+00    -  1.00e+00 1.19e-02h  7
 428  1.4891481e+01 1.25e-03 3.54e+06  -4.0 3.01e+00    -  1.00e+00 1.56e-02h  7
 429  1.4897965e+01 1.26e-03 3.56e+06  -4.0 3.00e+00    -  1.00e+00 1.55e-02h  7
iter    objective    inf_pr   inf_du lg(mu)  ||d||  lg(rg) alpha_du alpha_pr  ls
 430  1.4904496e+01 1.26e-03 3.63e+06  -4.0 2.96e+00    -  1.00e+00 1.55e-02h  7
 431  1.4910731e+01 1.25e-03 3.67e+06  -4.0 3.00e+00    -  1.00e+00 1.55e-02h  7
 432  1.4915498e+01 1.25e-03 3.74e+06  -4.0 2.99e+00    -  1.00e+00 1.11e-02h  7
 433  1.4921748e+01 1.24e-03 3.78e+06  -4.0 2.97e+00    -  1.00e+00 1.56e-02h  7
 434  1.4924798e+01 1.24e-03 3.82e+06  -4.0 2.78e+00    -  1.00e+00 7.81e-03h  8
 435  1.4928345e+01 1.23e-03 3.87e+06  -4.0 3.22e+00    -  1.00e+00 8.40e-03h  5
 436  1.4931459e+01 1.22e-03 3.90e+06  -4.0 2.93e+00    -  1.00e+00 7.81e-03h  8
 437  1.4935171e+01 1.22e-03 4.00e+06  -4.0 3.11e+00    -  1.00e+00 8.90e-03h  7
 438  1.4938199e+01 1.21e-03 4.03e+06  -4.0 3.03e+00    -  1.00e+00 7.81e-03h  8
 439  1.4940617e+01 1.21e-03 4.08e+06  -4.0 3.03e+00    -  1.00e+00 5.82e-03h  8
iter    objective    inf_pr   inf_du lg(mu)  ||d||  lg(rg) alpha_du alpha_pr  ls
 440  1.4944625e+01 1.20e-03 4.19e+06  -4.0 3.34e+00    -  1.00e+00 9.50e-03h  7
 441  1.4947703e+01 1.19e-03 4.26e+06  -4.0 3.01e+00    -  1.00e+00 7.81e-03h  8
 442  1.4949520e+01 1.19e-03 4.29e+06  -4.0 3.22e+00    -  1.00e+00 4.65e-03h  8
 443  1.4951060e+01 1.18e-03 4.33e+06  -4.0 3.12e+00    -  1.00e+00 3.89e-03h  9
 444  1.4952985e+01 1.18e-03 4.41e+06  -4.0 3.41e+00    -  1.00e+00 4.67e-03h  8
 445  1.4954247e+01 1.17e-03 4.45e+06  -4.0 3.22e+00    -  1.00e+00 3.28e-03h  9
 446  1.4955110e+01 1.17e-03 4.49e+06  -4.0 3.78e+00    -  1.00e+00 1.98e-03h  9
 447  1.4956145e+01 1.17e-03 4.54e+06  -4.0 3.68e+00    -  1.00e+00 2.49e-03h  9
 448  1.4956976e+01 1.17e-03 4.60e+06  -4.0 4.82e+00    -  1.00e+00 1.81e-03h  9
 449  1.4957644e+01 1.16e-03 4.68e+06  -4.0 5.08e+00    -  1.00e+00 1.61e-03h  9
iter    objective    inf_pr   inf_du lg(mu)  ||d||  lg(rg) alpha_du alpha_pr  ls
 450  1.4958295e+01 1.16e-03 4.74e+06  -2.9 3.61e+00    -  1.00e+00 2.28e-03h  9
 451  1.4958428e+01 1.16e-03 4.79e+06  -2.7 1.18e+01    -  1.00e+00 3.41e-04h 10
 452  1.4958477e+01 1.16e-03 4.81e+06  -2.5 1.73e+01    -  1.00e+00 1.17e-04h 11
 453r 1.4958477e+01 1.16e-03 1.00e+03  -2.5 0.00e+00    -  0.00e+00 3.61e-07R 19
 454r 1.4958600e+01 1.29e-03 9.96e+02  -0.8 4.63e-01    -  1.54e-01 3.49e-03f  1
 455r 1.5099823e+01 7.44e-03 8.08e+02  -1.3 4.85e+00    -  2.95e-01 1.85e-01f  1
 456r 1.5105747e+01 7.37e-03 8.69e+02  -0.1 3.64e+00    -  5.11e-02 1.42e-02f  1
 457r 1.5102108e+01 7.00e-03 4.74e+02  -1.8 4.66e-01    -  4.83e-01 5.06e-02f  1
 458r 1.5090195e+01 4.38e-03 3.23e+02  -2.0 2.01e-01    -  1.00e+00 3.77e-01f  1
 459r 1.5065523e+01 3.93e-04 7.58e+01  -2.8 1.67e-01    -  1.00e+00 9.77e-01f  1
iter    objective    inf_pr   inf_du lg(mu)  ||d||  lg(rg) alpha_du alpha_pr  ls
 460  1.5046501e+01 7.83e-03 3.33e+03  -2.2 4.88e+01    -  4.79e-01 1.73e-02f  1
 461  1.5879749e+01 1.93e+00 3.20e+03  -0.5 2.03e+01    -  1.00e+00 3.72e-01f  1
 462  1.4894480e+01 3.41e-01 1.57e+03  -0.5 4.12e+00    -  1.00e+00 1.00e+00f  1
 463  1.4186607e+01 6.99e-01 4.54e+02  -0.5 6.03e+00    -  1.00e+00 1.00e+00h  1
 464  1.4637635e+01 3.53e-01 5.54e+02  -0.5 4.38e+00    -  1.00e+00 1.00e+00h  1
 465  1.4593672e+01 2.02e-01 7.54e+02  -0.5 3.05e+00    -  1.00e+00 1.00e+00h  1
 466  1.4875562e+01 1.18e-01 9.03e+02  -0.5 2.93e+00    -  1.00e+00 1.00e+00h  1
 467  1.4926999e+01 4.93e-02 1.01e+03  -0.5 2.17e+00    -  1.00e+00 1.00e+00h  1
 468  1.5002701e+01 2.86e-02 1.17e+03  -0.5 2.04e+00    -  1.00e+00 5.00e-01h  2
 469  1.5386031e+01 2.35e-02 6.21e+03  -0.5 1.74e+00    -  1.00e+00 7.98e-01H  1
iter    objective    inf_pr   inf_du lg(mu)  ||d||  lg(rg) alpha_du alpha_pr  ls
 470  1.5155065e+01 1.60e-02 3.62e+03  -0.5 1.59e+00    -  1.00e+00 1.00e+00F  1
 471  1.5147034e+01 1.14e-02 1.19e+03  -0.5 1.53e+00    -  1.00e+00 5.00e-01h  2
 472  1.5194037e+01 1.38e-02 2.31e+03  -0.5 1.00e+00    -  1.00e+00 1.00e+00h  1
 473  1.5189153e+01 5.12e-03 1.30e+03  -0.5 7.40e-01    -  1.00e+00 1.00e+00h  1
 474  1.5220557e+01 2.93e-03 1.49e+03  -0.5 4.66e-01    -  1.00e+00 1.00e+00h  1
 475  1.5211856e+01 1.55e-03 1.42e+03  -0.5 4.16e-01    -  1.00e+00 1.00e+00h  1
 476  1.5193425e+01 1.37e-03 1.77e+03  -0.5 2.72e-01    -  1.00e+00 1.00e+00h  1
 477  1.5202557e+01 3.04e-04 7.99e+02  -0.5 2.06e-01    -  1.00e+00 1.00e+00h  1
 478  1.5202473e+01 5.41e-05 3.22e+02  -2.1 1.74e-01    -  1.00e+00 1.00e+00H  1
 479  1.5082183e+01 4.24e-03 3.64e+02  -2.8 7.97e-01    -  1.00e+00 1.00e+00f  1
iter    objective    inf_pr   inf_du lg(mu)  ||d||  lg(rg) alpha_du alpha_pr  ls
 480  1.4960389e+01 1.45e-02 5.41e+02  -2.9 1.04e+00    -  1.00e+00 6.98e-01h  1
 481  1.4985241e+01 1.59e-03 2.12e+02  -2.9 3.61e-01    -  1.00e+00 1.00e+00h  1
 482  1.5011185e+01 1.21e-03 3.17e+02  -4.0 2.59e-01    -  1.00e+00 9.94e-01h  1
 483  1.5013128e+01 6.89e-04 9.79e+01  -4.0 1.41e-01    -  1.00e+00 6.75e-01h  1
 484  1.5005050e+01 3.24e-03 1.51e+02  -4.0 2.85e-01    -  1.00e+00 9.45e-01h  1
 485  1.4999936e+01 6.39e-03 1.45e+02  -4.1 3.61e-01    -  1.00e+00 1.00e+00h  1
 486  1.4935066e+01 4.62e-01 1.37e+03  -4.1 3.27e+00    -  1.00e+00 1.00e+00h  1
 487  1.4741890e+01 8.66e-01 4.79e+03  -4.1 7.67e+00    -  1.00e+00 6.14e-01h  1
 488  1.4563372e+01 7.08e-01 6.90e+03  -4.1 7.49e+00    -  9.09e-01 2.78e-01h  1
 489  1.4340183e+01 2.18e-02 4.71e+03  -4.1 9.52e-01    -  5.98e-01 1.00e+00h  1
iter    objective    inf_pr   inf_du lg(mu)  ||d||  lg(rg) alpha_du alpha_pr  ls
 490  1.4131883e+01 7.67e-02 3.42e+03  -4.1 4.56e+00    -  1.00e+00 4.10e-01h  1
 491  1.3991612e+01 9.79e-02 2.95e+03  -4.1 7.88e+00    -  7.82e-01 1.91e-01h  1
 492  1.3980435e+01 9.28e-02 2.89e+03  -4.1 5.27e+00    -  3.80e-02 7.74e-02h  1
 493  1.3980242e+01 9.23e-02 2.88e+03  -4.1 2.33e+00    -  1.00e+00 4.47e-03h  1
 494  1.3978662e+01 8.54e-02 2.54e+03  -4.1 1.69e+00    -  1.00e+00 8.22e-02h  1
 495  1.4031202e+01 4.03e-02 4.18e+02  -4.1 1.12e+00    -  1.00e+00 1.00e+00h  1
 496  1.3987738e+01 1.12e-02 2.45e+02  -4.1 9.32e-01    -  1.00e+00 7.98e-01h  1
 497  1.4041574e+01 8.32e-03 4.40e+02  -4.1 5.79e-01    -  1.00e+00 1.00e+00h  1
 498  1.4079869e+01 6.42e-03 5.85e+02  -4.1 4.44e-01    -  1.00e+00 1.00e+00h  1
 499  1.4078433e+01 2.07e-03 3.68e+02  -3.8 3.85e-01    -  1.00e+00 1.00e+00h  1
iter    objective    inf_pr   inf_du lg(mu)  ||d||  lg(rg) alpha_du alpha_pr  ls
 500  1.4075289e+01 7.80e-04 1.10e+02  -4.0 3.06e-01    -  1.00e+00 1.00e+00h  1
 501  1.4095133e+01 5.73e-04 1.95e+02  -4.0 2.25e-01    -  1.00e+00 1.00e+00H  1
 502  1.4087196e+01 2.79e-03 3.16e+02  -4.0 3.59e-01    -  1.00e+00 1.00e+00h  1
 503  1.4081323e+01 5.45e-04 1.89e+02  -4.1 1.95e-01    -  1.00e+00 1.00e+00h  1
 504  1.4087803e+01 4.54e-04 7.34e+01  -4.1 1.36e-01    -  1.00e+00 1.00e+00h  1
 505  1.4089175e+01 6.88e-05 4.27e+01  -4.0 6.12e-02    -  1.00e+00 1.00e+00h  1
 506  1.4089805e+01 4.21e-05 5.04e+01  -4.0 3.36e-02    -  1.00e+00 1.00e+00h  1
 507  1.4089526e+01 1.94e-05 1.47e+01  -4.0 2.24e-02    -  1.00e+00 1.00e+00h  1
 508  1.4089290e+01 4.67e-05 2.91e+01  -4.0 6.88e-02    -  1.00e+00 1.00e+00h  1
 509  1.4088428e+01 4.64e-03 4.52e+02  -4.0 4.54e-01    -  1.00e+00 1.00e+00h  1
iter    objective    inf_pr   inf_du lg(mu)  ||d||  lg(rg) alpha_du alpha_pr  ls
 510  1.4085422e+01 2.39e-03 6.88e+02  -4.1 3.76e-01    -  1.00e+00 1.00e+00h  1
 511  1.4080341e+01 1.77e-03 1.28e+02  -4.1 2.55e-01    -  1.00e+00 1.00e+00h  1
 512  1.4082385e+01 1.27e-03 2.32e+02  -4.1 2.86e-01    -  1.00e+00 1.00e+00h  1
 513  1.4082349e+01 7.84e-04 8.41e+01  -4.1 2.39e-01    -  1.00e+00 6.24e-01h  1
 514  1.4082708e+01 7.35e-04 1.65e+02  -4.1 7.95e-02    -  1.00e+00 6.25e-02f  5
 515  1.4087974e+01 1.31e-04 4.66e+01  -4.1 1.03e-01    -  1.00e+00 1.00e+00h  1
 516  1.4087983e+01 5.17e-05 7.44e+00  -4.0 5.41e-02    -  1.00e+00 1.00e+00h  1
 517  1.4088668e+01 1.64e-05 1.06e+01  -4.0 2.39e-02    -  1.00e+00 1.00e+00h  1
 518  1.4088774e+01 9.83e-06 7.25e+00  -4.0 8.99e-03    -  1.00e+00 1.00e+00h  1
 519  1.4088746e+01 1.28e-05 8.67e+00  -4.0 1.01e-02    -  1.00e+00 1.00e+00h  1
iter    objective    inf_pr   inf_du lg(mu)  ||d||  lg(rg) alpha_du alpha_pr  ls
 520  1.4088714e+01 1.66e-05 1.47e+01  -4.0 1.41e-02    -  1.00e+00 1.00e+00h  1
 521  1.4088624e+01 6.42e-06 6.39e+00  -4.1 5.82e-03    -  1.00e+00 1.00e+00h  1
 522  1.4088757e+01 2.82e-06 1.53e+00  -4.0 3.09e-03    -  1.00e+00 1.00e+00h  1
 523  1.4088755e+01 2.87e-06 1.37e+00  -4.0 1.82e-03    -  1.00e+00 1.00e+00h  1
 524  1.4088603e+01 3.29e-04 9.02e+01  -4.1 8.72e-02    -  1.00e+00 1.00e+00h  1
 525  1.4088625e+01 2.89e-04 8.45e+01  -4.1 4.01e-02    -  1.00e+00 1.25e-01h  4
 526  1.4088620e+01 1.71e-04 1.32e+01  -4.1 1.12e-01    -  1.00e+00 5.00e-01h  2
 527  1.4088422e+01 1.74e-04 1.04e+02  -4.1 8.12e-02    -  1.00e+00 1.00e+00h  1
 528  1.4088200e+01 2.77e-04 1.44e+01  -4.1 9.19e-02    -  1.00e+00 1.00e+00h  1
 529  1.4088619e+01 4.90e-05 1.87e+01  -4.1 2.26e-02    -  1.00e+00 1.00e+00h  1
iter    objective    inf_pr   inf_du lg(mu)  ||d||  lg(rg) alpha_du alpha_pr  ls
 530  1.4088636e+01 3.26e-05 1.70e+01  -4.1 1.48e-02    -  1.00e+00 2.50e-01h  3
 531  1.4088637e+01 3.08e-05 1.63e+01  -4.1 1.30e-02    -  1.00e+00 3.12e-02h  6
 532  1.4088637e+01 3.06e-05 1.62e+01  -4.1 1.20e-02    -  1.00e+00 3.91e-03h  9
 533  1.4088637e+01 3.05e-05 1.62e+01  -4.1 1.15e-02    -  1.00e+00 1.95e-03h 10
 534  1.4088637e+01 3.03e-05 1.62e+01  -4.1 1.41e-02    -  1.00e+00 1.95e-03h 10
 535  1.4088679e+01 4.15e-06 2.70e+00  -4.1 1.37e-02    -  1.00e+00 1.00e+00h  1
 536  1.4088777e+01 1.11e-05 2.85e+00  -4.0 6.67e-03    -  1.00e+00 1.00e+00h  1
 537  1.4088641e+01 7.83e-06 3.46e-01  -4.1 3.47e-03    -  1.00e+00 1.00e+00h  1
 538  1.4088651e+01 1.85e-07 2.35e-01  -4.1 2.18e-04    -  1.00e+00 1.00e+00h  1
 539  1.4088793e+01 1.38e-06 5.83e-01  -4.0 8.16e-04    -  1.00e+00 1.00e+00h  1
iter    objective    inf_pr   inf_du lg(mu)  ||d||  lg(rg) alpha_du alpha_pr  ls
 540  1.4088649e+01 1.10e-06 2.48e-01  -4.1 6.94e-04    -  1.00e+00 1.00e+00h  1
 541  1.4088652e+01 8.75e-07 3.44e-01  -4.1 4.08e-04    -  1.00e+00 1.00e+00h  1
 542  1.4088652e+01 3.72e-07 6.79e-02  -4.1 1.73e-04    -  1.00e+00 1.00e+00h  1
 543  1.4088653e+01 1.07e-07 6.23e-02  -4.1 6.55e-05    -  1.00e+00 1.00e+00h  1
 544  1.4088793e+01 2.35e-06 1.38e+00  -4.0 1.56e-03    -  1.00e+00 1.00e+00h  1
 545  1.4088649e+01 2.19e-06 2.60e-01  -4.1 1.16e-03    -  1.00e+00 1.00e+00h  1
 546  1.4088652e+01 5.79e-07 2.21e-01  -4.1 3.27e-04    -  1.00e+00 1.00e+00h  1
 547  1.4088651e+01 2.55e-07 1.64e-01  -4.1 2.24e-04    -  1.00e+00 1.00e+00h  1
 548  1.4088651e+01 1.62e-08 2.05e-01  -4.1 2.22e-04    -  1.00e+00 1.00e+00h  1
 549  1.4088791e+01 2.00e-06 1.79e+00  -4.0 1.58e-03    -  1.00e+00 1.00e+00h  1
iter    objective    inf_pr   inf_du lg(mu)  ||d||  lg(rg) alpha_du alpha_pr  ls
 550  1.4088648e+01 4.53e-06 8.34e-01  -4.1 2.16e-03    -  1.00e+00 1.00e+00h  1
 551  1.4088650e+01 2.94e-06 1.45e+00  -4.1 2.52e-03    -  1.00e+00 1.00e+00h  1
 552  1.4088657e+01 1.07e-06 2.45e-01  -4.1 1.60e-03    -  1.00e+00 1.00e+00h  1
 553  1.4088652e+01 2.73e-07 3.55e-01  -4.1 2.85e-04    -  1.00e+00 1.00e+00h  1
 554  1.4088651e+01 1.84e-06 8.47e-01  -4.1 6.03e-04    -  1.00e+00 1.00e+00h  1
 555  1.4088650e+01 1.56e-06 8.28e-02  -4.1 4.37e-04    -  1.00e+00 1.00e+00h  1
 556  1.4088651e+01 4.80e-07 4.83e-01  -4.1 4.01e-04    -  1.00e+00 1.00e+00h  1
 557  1.4088651e+01 2.89e-09 9.52e-02  -4.1 3.95e-04    -  1.00e+00 1.00e+00H  1
 558  1.4088651e+01 9.98e-10 2.35e-01  -4.1 3.62e-04    -  1.00e+00 1.00e+00H  1
 559  1.4088650e+01 2.86e-07 1.43e-02  -4.1 3.05e-04    -  1.00e+00 1.00e+00h  1
iter    objective    inf_pr   inf_du lg(mu)  ||d||  lg(rg) alpha_du alpha_pr  ls
 560  1.4088791e+01 6.47e-08 6.11e-01  -4.0 8.78e-04    -  1.00e+00 1.00e+00h  1
 561  1.4088648e+01 1.83e-07 3.15e-01  -4.1 6.71e-04    -  1.00e+00 1.00e+00h  1
 562  1.4088651e+01 3.50e-08 1.95e-01  -4.1 2.62e-04    -  1.00e+00 1.00e+00H  1
 563  1.4088651e+01 1.78e-08 6.15e-02  -4.1 2.03e-04    -  1.00e+00 1.00e+00H  1
 564  1.4088651e+01 3.29e-09 1.07e-02  -4.1 1.71e-05    -  1.00e+00 1.00e+00H  1
 565  1.4088791e+01 1.68e-06 8.88e-01  -4.0 1.26e-03    -  1.00e+00 1.00e+00h  1
 566  1.4088651e+01 1.34e-06 1.35e-01  -4.1 1.32e-03    -  1.00e+00 1.00e+00h  1
 567  1.4088650e+01 1.46e-07 3.73e-01  -4.1 6.03e-04    -  1.00e+00 1.00e+00H  1
 568  1.4088649e+01 1.16e-06 5.28e-02  -4.1 4.84e-04    -  1.00e+00 1.00e+00h  1
 569  1.4088791e+01 1.18e-06 5.13e-01  -4.0 9.68e-04    -  1.00e+00 1.00e+00h  1
iter    objective    inf_pr   inf_du lg(mu)  ||d||  lg(rg) alpha_du alpha_pr  ls
 570  1.4088650e+01 1.20e-06 4.40e-02  -4.1 9.29e-04    -  1.00e+00 1.00e+00h  1
 571  1.4088651e+01 4.22e-07 1.81e-01  -4.1 2.55e-04    -  1.00e+00 1.00e+00h  1
 572  1.4088650e+01 4.34e-07 3.01e-02  -4.1 2.11e-04    -  1.00e+00 1.00e+00h  1
 573  1.4088651e+01 4.58e-08 1.39e-02  -4.1 2.00e-05    -  1.00e+00 1.00e+00h  1
 574  1.4088651e+01 1.13e-08 5.84e-02  -4.1 4.89e-05    -  1.00e+00 1.00e+00H  1
 575  1.4088651e+01 2.22e-08 1.20e-01  -4.1 8.22e-05    -  1.00e+00 1.00e+00H  1
 576  1.4088649e+01 3.81e-09 1.29e+00  -4.1 1.09e-03    -  1.00e+00 1.00e+00H  1
 577  1.4088648e+01 2.43e-07 1.86e-01  -4.1 8.98e-04    -  1.00e+00 1.00e+00h  1
 578  1.4088790e+01 2.21e-06 2.81e+00  -4.0 2.85e-03    -  1.00e+00 1.00e+00h  1
 579  1.4088652e+01 2.16e-06 4.16e+00  -4.1 2.89e-03    -  1.00e+00 1.00e+00h  1
iter    objective    inf_pr   inf_du lg(mu)  ||d||  lg(rg) alpha_du alpha_pr  ls
 580  1.4088665e+01 1.21e-06 3.21e-01  -4.1 3.36e-03    -  1.00e+00 1.00e+00h  1
 581  1.4088651e+01 4.67e-07 2.09e-01  -4.1 1.72e-04    -  1.00e+00 1.00e+00h  1
 582  1.4088650e+01 3.26e-07 8.27e-02  -4.1 8.45e-05    -  1.00e+00 1.00e+00h  1
 583  1.4088651e+01 4.69e-08 4.31e-02  -4.1 1.12e-04    -  1.00e+00 1.00e+00h  1
 584  1.4088651e+01 2.67e-07 6.04e-02  -4.1 1.18e-04    -  1.00e+00 1.00e+00h  1
 585  1.4088651e+01 4.44e-08 3.26e-02  -4.1 7.94e-05    -  1.00e+00 5.00e-01h  2
 586  1.4088651e+01 5.59e-10 7.54e-03  -4.1 4.77e-05    -  1.00e+00 1.00e+00H  1
 587  1.4088790e+01 2.22e-06 6.43e-01  -4.0 7.97e-04    -  1.00e+00 1.00e+00h  1
 588  1.4088649e+01 2.19e-06 1.56e-01  -4.1 6.79e-04    -  1.00e+00 1.00e+00h  1
 589  1.4088651e+01 3.73e-07 1.84e-01  -4.1 2.68e-04    -  1.00e+00 1.00e+00h  1
iter    objective    inf_pr   inf_du lg(mu)  ||d||  lg(rg) alpha_du alpha_pr  ls
 590  1.4088651e+01 3.60e-07 2.41e-02  -4.1 1.89e-04    -  1.00e+00 1.00e+00h  1
 591  1.4088651e+01 5.82e-08 7.91e-03  -4.1 1.36e-05    -  1.00e+00 1.00e+00h  1
 592  1.4088651e+01 4.74e-08 2.46e-02  -4.1 2.02e-05    -  1.00e+00 1.00e+00h  1
 593  1.4088651e+01 3.02e-08 2.01e-01  -4.1 1.75e-04    -  1.00e+00 1.00e+00H  1
 594  1.4088651e+01 5.86e-09 8.51e-02  -4.1 1.31e-04    -  1.00e+00 1.00e+00H  1
 595  1.4088651e+01 6.80e-09 3.24e-02  -4.1 5.40e-05    -  1.00e+00 1.00e+00H  1
 596  1.4088651e+01 5.57e-09 4.17e-02  -4.1 3.97e-05    -  1.00e+00 1.00e+00H  1
 597  1.4088651e+01 7.51e-10 4.46e-02  -4.1 2.79e-05    -  1.00e+00 1.00e+00H  1
 598  1.4088651e+01 4.99e-10 5.02e-02  -4.1 2.34e-05    -  1.00e+00 1.00e+00H  1
 599  1.4088651e+01 1.54e-09 2.46e-02  -4.1 3.58e-05    -  1.00e+00 1.00e+00H  1
iter    objective    inf_pr   inf_du lg(mu)  ||d||  lg(rg) alpha_du alpha_pr  ls
 600  1.4088651e+01 1.17e-10 4.36e-03  -4.1 2.63e-05    -  1.00e+00 1.00e+00H  1
 601  1.4088651e+01 7.83e-11 2.15e-02  -4.1 4.72e-05    -  1.00e+00 1.00e+00H  1
 602  1.4088651e+01 1.33e-09 1.44e-02  -4.1 2.55e-05    -  1.00e+00 1.00e+00H  1
 603  1.4088651e+01 7.20e-08 2.86e-02  -4.1 3.48e-05    -  1.00e+00 1.00e+00h  1
 604  1.4088651e+01 4.17e-10 5.43e-03  -4.1 1.98e-05    -  1.00e+00 1.00e+00H  1
 605  1.4088651e+01 2.11e-10 9.15e-03  -4.1 1.28e-05    -  1.00e+00 1.00e+00H  1
 606  1.4088651e+01 2.42e-10 4.71e-02  -4.1 4.45e-05    -  1.00e+00 1.00e+00H  1
 607  1.4088651e+01 4.33e-08 7.44e-02  -4.1 4.77e-05    -  1.00e+00 1.00e+00h  1
 608  1.4088651e+01 2.65e-11 3.79e-02  -4.1 8.31e-05    -  1.00e+00 1.00e+00H  1
 609  1.4088651e+01 2.48e-11 3.78e-02  -4.1 5.59e-05    -  1.00e+00 6.10e-05h 15
iter    objective    inf_pr   inf_du lg(mu)  ||d||  lg(rg) alpha_du alpha_pr  ls
 610  1.4088651e+01 1.25e-10 3.75e-02  -4.1 1.13e-05    -  1.00e+00 3.12e-02h  6
 611  1.4088651e+01 1.67e-10 3.63e-02  -4.1 1.15e-05    -  1.00e+00 3.12e-02h  6
 612  1.4088651e+01 8.28e-11 2.81e-02  -4.1 8.74e-06    -  1.00e+00 1.00e+00H  1
 613  1.4088651e+01 3.26e-12 9.39e-03  -4.1 1.45e-05    -  1.00e+00 1.00e+00H  1
 614  1.4088651e+01 1.76e-12 1.21e-02  -4.1 7.17e-06    -  1.00e+00 1.95e-03h 10
 615  1.4088650e+01 7.09e-08 7.14e-02  -4.1 1.15e-04    -  1.00e+00 1.00e+00H  1
 616  1.4088651e+01 7.62e-11 1.29e-03  -4.1 7.81e-05    -  1.00e+00 1.00e+00H  1
 617  1.4088651e+01 1.04e-11 5.01e-04  -4.1 5.08e-07    -  1.00e+00 1.00e+00H  1
 618  1.4088789e+01 1.82e-06 1.82e+00  -4.0 1.93e-03    -  1.00e+00 1.00e+00f  1
 619  1.4088654e+01 1.41e-06 8.95e-02  -4.1 2.03e-03    -  1.00e+00 1.00e+00h  1
iter    objective    inf_pr   inf_du lg(mu)  ||d||  lg(rg) alpha_du alpha_pr  ls
 620  1.4088649e+01 5.56e-07 2.54e-01  -4.1 4.75e-04    -  1.00e+00 1.00e+00h  1
 621  1.4088651e+01 3.69e-07 6.87e-02  -4.1 3.24e-04    -  1.00e+00 1.00e+00h  1
 622  1.4088650e+01 1.25e-07 6.58e-02  -4.1 1.40e-04    -  1.00e+00 1.00e+00h  1
 623  1.4088651e+01 2.79e-08 2.23e-02  -4.1 5.70e-05    -  1.00e+00 1.00e+00H  1
 624  1.4088651e+01 4.96e-08 6.34e-03  -4.1 2.87e-05    -  1.00e+00 1.00e+00h  1
 625  1.4088651e+01 2.33e-08 2.79e-03  -4.1 4.80e-06    -  1.00e+00 1.00e+00h  1
 626  1.4088651e+01 9.31e-10 4.96e-03  -4.1 6.89e-06    -  1.00e+00 1.00e+00H  1
 627  1.4088651e+01 2.49e-10 1.97e-02  -4.1 1.39e-05    -  1.00e+00 1.00e+00H  1
 628  1.4088651e+01 4.51e-11 1.90e-02  -4.1 1.21e-05    -  1.00e+00 1.00e+00H  1
 629  1.4088651e+01 1.14e-10 6.70e-03  -4.1 7.15e-06    -  1.00e+00 1.00e+00H  1
iter    objective    inf_pr   inf_du lg(mu)  ||d||  lg(rg) alpha_du alpha_pr  ls
 630  1.4088651e+01 1.41e-10 4.04e-03  -4.1 3.62e-06    -  1.00e+00 1.00e+00H  1
 631  1.4088651e+01 7.09e-10 2.72e-03  -4.1 5.07e-06    -  1.00e+00 1.00e+00H  1
 632  1.4088651e+01 2.50e-10 1.82e-03  -4.1 2.11e-06    -  1.00e+00 1.00e+00H  1
 633  1.4088650e+01 1.40e-08 2.03e-01  -4.1 2.23e-04    -  1.00e+00 1.00e+00H  1
 634  1.4088651e+01 5.12e-09 3.38e-03  -4.1 2.15e-04    -  1.00e+00 1.00e+00H  1
 635  1.4088651e+01 7.08e-10 2.46e-03  -4.1 2.21e-06    -  1.00e+00 1.00e+00h  1
 636  1.4088651e+01 5.84e-11 2.78e-02  -4.1 3.38e-05    -  1.00e+00 1.00e+00H  1
 637  1.4088651e+01 1.02e-10 2.67e-03  -4.1 3.21e-05    -  1.00e+00 1.00e+00H  1
 638  1.4088651e+01 6.88e-10 2.65e-03  -4.1 3.58e-06    -  1.00e+00 1.00e+00H  1
 639  1.4088651e+01 2.99e-09 2.21e-02  -4.1 1.86e-05    -  1.00e+00 1.00e+00H  1
iter    objective    inf_pr   inf_du lg(mu)  ||d||  lg(rg) alpha_du alpha_pr  ls
 640  1.4088651e+01 2.23e-10 5.34e-03  -4.1 1.57e-05    -  1.00e+00 1.00e+00H  1
 641  1.4088651e+01 5.70e-11 5.49e-03  -4.1 6.71e-06    -  1.00e+00 1.00e+00H  1
 642  1.4088651e+01 6.83e-11 2.73e-03  -4.1 3.95e-06    -  1.00e+00 1.00e+00H  1
 643  1.4088651e+01 5.08e-10 4.71e-03  -4.1 7.77e-06    -  1.00e+00 1.00e+00H  1
 644  1.4088651e+01 7.18e-09 4.44e-03  -4.1 5.68e-06    -  1.00e+00 1.00e+00h  1
 645  1.4088651e+01 5.37e-10 1.76e-03  -4.1 6.41e-06    -  1.00e+00 5.00e-01h  2
 646  1.4088651e+01 1.32e-10 2.61e-03  -4.1 4.24e-06    -  1.00e+00 1.00e+00H  1
 647  1.4088651e+01 2.77e-13 8.26e-04  -4.1 3.03e-06    -  1.00e+00 1.00e+00H  1
 648  1.4088651e+01 2.67e-10 1.77e-03  -4.1 2.31e-06    -  1.00e+00 1.00e+00h  1
 649  1.4088651e+01 1.40e-10 1.14e-03  -4.1 1.29e-06    -  1.00e+00 1.00e+00H  1
iter    objective    inf_pr   inf_du lg(mu)  ||d||  lg(rg) alpha_du alpha_pr  ls
 650  1.4088651e+01 1.08e-10 3.80e-03  -4.1 2.95e-06    -  1.00e+00 1.00e+00H  1
 651  1.4088651e+01 3.03e-10 3.63e-03  -4.1 1.60e-06    -  1.00e+00 1.00e+00H  1
 652  1.4088651e+01 8.36e-09 1.06e-02  -4.1 9.05e-06    -  1.00e+00 1.00e+00h  1
 653  1.4088651e+01 7.83e-09 1.28e-02  -4.1 8.92e-06    -  1.00e+00 6.25e-02h  5
 654  1.4088651e+01 7.83e-09 1.61e-02  -4.1 1.22e-05    -  1.00e+00 2.44e-04h 13
 655  1.4088651e+01 7.80e-09 9.45e-03  -4.1 7.79e-06    -  1.00e+00 7.81e-03h  8
 656  1.4088651e+01 1.32e-09 4.86e-03  -4.1 7.03e-06    -  1.00e+00 1.00e+00H  1
 657  1.4088651e+01 1.13e-08 7.17e-03  -4.1 7.74e-06    -  1.00e+00 1.00e+00h  1
 658  1.4088651e+01 6.36e-09 1.63e-03  -4.1 5.37e-06    -  1.00e+00 1.00e+00h  1
 659  1.4088651e+01 1.68e-09 1.25e-03  -4.1 2.27e-06    -  1.00e+00 5.00e-01h  2
iter    objective    inf_pr   inf_du lg(mu)  ||d||  lg(rg) alpha_du alpha_pr  ls
 660  1.4088651e+01 9.14e-10 9.03e-04  -4.1 1.01e-06    -  1.00e+00 1.00e+00h  1
 661  1.4088651e+01 8.24e-10 1.63e-02  -4.1 4.88e-05    -  1.00e+00 4.88e-04h 12
 662  1.4088651e+01 5.68e-10 5.55e-03  -4.1 6.18e-06    -  1.00e+00 1.00e+00H  1
 663  1.4088651e+01 8.22e-09 3.09e-02  -4.1 3.85e-05    -  1.00e+00 1.00e+00H  1
 664  1.4088651e+01 6.78e-09 7.36e-03  -4.1 3.66e-05    -  1.00e+00 1.00e+00H  1
 665  1.4088651e+01 1.39e-13 3.24e-02  -4.1 3.96e-05    -  1.00e+00 1.00e+00H  1
 666  1.4088651e+01 1.59e-10 3.43e-03  -4.1 3.83e-05    -  1.00e+00 1.00e+00H  1
 667  1.4088651e+01 6.31e-09 6.05e-03  -4.1 6.43e-06    -  1.00e+00 1.00e+00h  1
 668  1.4088651e+01 5.82e-09 7.88e-03  -4.1 4.18e-06    -  1.00e+00 6.25e-02h  5
 669  1.4088651e+01 1.23e-09 1.78e-02  -4.1 3.03e-05    -  1.00e+00 1.00e+00H  1
iter    objective    inf_pr   inf_du lg(mu)  ||d||  lg(rg) alpha_du alpha_pr  ls
 670  1.4088651e+01 9.20e-13 1.30e-03  -4.1 2.02e-05    -  1.00e+00 1.00e+00H  1
 671  1.4088651e+01 2.24e-13 1.50e-03  -4.1 1.19e-06    -  1.00e+00 1.00e+00H  1
 672  1.4088651e+01 2.24e-13 1.96e-03  -4.1 1.66e-06    -  1.00e+00 1.00e+00H  1
 673  1.4088651e+01 1.32e-10 2.79e-03  -4.1 3.12e-06    -  1.00e+00 1.00e+00H  1
 674  1.4088651e+01 5.46e-10 2.58e-03  -4.1 2.32e-06    -  1.00e+00 1.25e-01h  4
 675  1.4088651e+01 3.91e-14 9.66e-02  -4.1 1.43e-04    -  1.00e+00 1.00e+00H  1
 676  1.4088651e+01 4.97e-13 8.22e-03  -4.1 1.18e-04    -  1.00e+00 1.00e+00H  1
 677  1.4088651e+01 1.10e-09 2.50e-02  -4.1 2.38e-05    -  1.00e+00 1.00e+00H  1
 678  1.4088651e+01 4.33e-13 1.05e-03  -4.1 1.78e-05    -  1.00e+00 1.00e+00H  1
 679  1.4088651e+01 5.80e-11 1.46e-03  -4.1 3.34e-06    -  1.00e+00 1.00e+00H  1
iter    objective    inf_pr   inf_du lg(mu)  ||d||  lg(rg) alpha_du alpha_pr  ls
 680  1.4088651e+01 1.67e-13 8.94e-04  -4.1 2.13e-06    -  1.00e+00 1.00e+00H  1
 681  1.4088651e+01 4.35e-11 5.14e-04  -4.1 1.37e-06    -  1.00e+00 1.00e+00H  1
 682  1.4088791e+01 9.62e-07 4.51e-01  -4.0 6.60e-04    -  1.00e+00 1.00e+00h  1
 683  1.4088648e+01 6.97e-07 8.19e-02  -4.1 6.75e-04    -  1.00e+00 1.00e+00h  1
 684  1.4088650e+01 2.17e-07 1.59e-01  -4.1 2.85e-04    -  1.00e+00 1.00e+00h  1
 685  1.4088651e+01 1.29e-08 3.19e-02  -4.1 1.51e-04    -  1.00e+00 1.00e+00h  1
 686  1.4088651e+01 6.95e-09 1.35e-02  -4.1 1.38e-05    -  1.00e+00 1.00e+00H  1
 687  1.4088651e+01 1.89e-09 4.05e-03  -4.1 9.50e-06    -  1.00e+00 1.00e+00H  1
 688  1.4088651e+01 1.61e-10 3.94e-03  -4.1 3.58e-06    -  1.00e+00 1.00e+00H  1
 689  1.4088651e+01 1.30e-10 9.99e-03  -4.1 9.52e-06    -  1.00e+00 1.00e+00H  1
iter    objective    inf_pr   inf_du lg(mu)  ||d||  lg(rg) alpha_du alpha_pr  ls
 690  1.4088651e+01 1.38e-10 1.03e-02  -4.1 9.48e-06    -  1.00e+00 1.00e+00H  1
 691  1.4088651e+01 9.62e-11 3.55e-03  -4.1 2.78e-06    -  1.00e+00 1.00e+00H  1
 692  1.4088651e+01 5.41e-10 5.65e-03  -4.1 7.30e-06    -  1.00e+00 1.00e+00H  1
 693  1.4088651e+01 8.81e-10 1.22e-02  -4.1 1.33e-05    -  1.00e+00 1.00e+00H  1
 694  1.4088651e+01 1.67e-10 1.67e-02  -4.1 1.20e-05    -  1.00e+00 1.00e+00H  1
 695  1.4088651e+01 1.01e-10 3.75e-03  -4.1 8.08e-06    -  1.00e+00 1.00e+00H  1
 696  1.4088651e+01 8.33e-11 4.62e-03  -4.1 7.77e-06    -  1.00e+00 1.00e+00H  1
 697  1.4088651e+01 1.10e-09 6.69e-03  -4.1 8.31e-06    -  1.00e+00 1.00e+00H  1
 698  1.4088651e+01 6.40e-11 1.40e-03  -4.1 5.82e-06    -  1.00e+00 1.00e+00H  1
 699  1.4088651e+01 1.00e-11 3.55e-03  -4.1 5.03e-06    -  1.00e+00 1.00e+00H  1
iter    objective    inf_pr   inf_du lg(mu)  ||d||  lg(rg) alpha_du alpha_pr  ls
 700  1.4088651e+01 1.32e-10 4.69e-03  -4.1 4.39e-06    -  1.00e+00 1.00e+00H  1
 701  1.4088651e+01 9.66e-09 4.45e-02  -4.1 5.00e-05    -  1.00e+00 1.00e+00H  1
 702  1.4088651e+01 2.46e-09 1.12e-02  -4.1 3.61e-05    -  1.00e+00 1.00e+00h  1
 703  1.4088651e+01 1.72e-13 9.23e-02  -4.1 9.32e-05    -  1.00e+00 1.00e+00H  1
 704  1.4088651e+01 2.82e-11 1.83e-02  -4.1 6.70e-05    -  1.00e+00 1.00e+00H  1
 705  1.4088651e+01 1.73e-09 5.91e-02  -4.1 8.33e-05    -  1.00e+00 1.00e+00H  1
 706  1.4088651e+01 1.28e-10 1.31e-02  -4.1 5.85e-05    -  1.00e+00 1.00e+00H  1
 707  1.4088651e+01 2.20e-13 1.74e-02  -4.1 1.89e-05    -  1.00e+00 1.00e+00H  1
 708  1.4088651e+01 7.21e-10 1.82e-03  -4.1 1.24e-05    -  1.00e+00 1.00e+00H  1
 709  1.4088651e+01 6.18e-13 9.44e-03  -4.1 1.10e-05    -  1.00e+00 1.00e+00H  1
iter    objective    inf_pr   inf_du lg(mu)  ||d||  lg(rg) alpha_du alpha_pr  ls
 710  1.4088651e+01 3.84e-13 1.50e-02  -4.1 1.53e-05    -  1.00e+00 1.00e+00H  1
 711  1.4088651e+01 1.13e-10 2.06e-03  -4.1 1.25e-05    -  1.00e+00 1.00e+00H  1
 712  1.4088651e+01 1.05e-11 2.59e-03  -4.1 3.77e-06    -  1.00e+00 1.00e+00H  1
 713  1.4088651e+01 5.67e-11 6.52e-03  -4.1 2.56e-05    -  1.00e+00 1.00e+00H  1
 714  1.4088651e+01 2.84e-13 3.35e-02  -4.1 4.68e-05    -  1.00e+00 1.00e+00H  1
 715  1.4088651e+01 4.11e-10 2.97e-03  -4.1 4.29e-05    -  1.00e+00 1.00e+00H  1
 716  1.4088791e+01 1.65e-06 7.48e-01  -4.0 1.00e-03    -  1.00e+00 1.00e+00h  1
 717  1.4088648e+01 1.56e-06 1.89e-01  -4.1 8.22e-04    -  1.00e+00 1.00e+00h  1
 718  1.4088651e+01 1.63e-07 2.25e-01  -4.1 2.03e-04    -  1.00e+00 1.00e+00h  1
 719  1.4088651e+01 3.27e-07 9.14e-02  -4.1 1.80e-04    -  1.00e+00 1.00e+00h  1
iter    objective    inf_pr   inf_du lg(mu)  ||d||  lg(rg) alpha_du alpha_pr  ls
 720  1.4088651e+01 6.18e-08 1.24e-02  -4.1 3.39e-05    -  1.00e+00 1.00e+00h  1
 721  1.4088651e+01 1.15e-08 6.85e-03  -4.1 1.09e-05    -  1.00e+00 1.00e+00h  1
 722  1.4088651e+01 7.59e-10 3.54e-02  -4.1 3.92e-05    -  1.00e+00 1.00e+00H  1
 723  1.4088651e+01 5.34e-10 2.85e-02  -4.1 2.32e-05    -  1.00e+00 1.00e+00H  1
 724  1.4088651e+01 4.93e-10 5.34e-03  -4.1 7.90e-06    -  1.00e+00 1.00e+00H  1
 725  1.4088651e+01 6.46e-10 6.57e-03  -4.1 7.82e-06    -  1.00e+00 1.00e+00H  1
 726  1.4088650e+01 1.11e-08 4.22e-01  -4.1 3.86e-04    -  1.00e+00 1.00e+00H  1
 727  1.4088650e+01 3.62e-09 2.92e-01  -4.1 2.41e-04    -  1.00e+00 1.00e+00H  1
 728  1.4088651e+01 2.05e-10 1.81e-01  -4.1 4.33e-04    -  1.00e+00 1.00e+00H  1
 729  1.4088650e+01 4.06e-10 2.44e-01  -4.1 4.74e-04    -  1.00e+00 1.00e+00H  1
iter    objective    inf_pr   inf_du lg(mu)  ||d||  lg(rg) alpha_du alpha_pr  ls
 730  1.4088651e+01 2.49e-10 1.67e-01  -4.1 2.36e-04    -  1.00e+00 1.00e+00H  1
 731  1.4088651e+01 3.08e-10 6.07e-02  -4.1 2.71e-04    -  1.00e+00 1.00e+00H  1
 732  1.4088651e+01 4.41e-10 2.97e-02  -4.1 5.13e-05    -  1.00e+00 1.00e+00H  1
 733  1.4088651e+01 6.44e-11 6.48e-03  -4.1 1.15e-05    -  1.00e+00 1.00e+00H  1
 734  1.4088651e+01 8.15e-11 1.23e-02  -4.1 1.75e-05    -  1.00e+00 1.00e+00H  1
 735  1.4088651e+01 4.29e-11 1.56e-03  -4.1 1.37e-05    -  1.00e+00 1.00e+00H  1
 736  1.4088651e+01 4.22e-12 4.49e-04  -4.1 1.21e-06    -  1.00e+00 1.00e+00H  1
 737  1.4088791e+01 4.08e-06 7.25e-01  -4.0 1.84e-03    -  1.00e+00 1.00e+00f  1
 738  1.4088646e+01 4.00e-06 2.47e-01  -4.1 1.83e-03    -  1.00e+00 1.00e+00h  1
 739  1.4088791e+01 4.71e-07 1.78e+00  -4.0 2.00e-03    -  1.00e+00 1.00e+00h  1
iter    objective    inf_pr   inf_du lg(mu)  ||d||  lg(rg) alpha_du alpha_pr  ls
 740  1.4088649e+01 1.25e-06 2.82e-01  -4.1 2.24e-03    -  1.00e+00 1.00e+00h  1
 741  1.4088648e+01 4.87e-09 1.61e+00  -4.1 2.86e-03    -  1.00e+00 1.00e+00H  1
 742  1.4088645e+01 6.26e-06 2.53e-01  -4.1 2.12e-03    -  1.00e+00 1.00e+00h  1
 743  1.4088648e+01 3.09e-06 1.30e-01  -4.1 1.55e-04    -  1.00e+00 5.00e-01h  2
 744  1.4088648e+01 2.90e-06 1.19e-01  -4.1 1.06e-04    -  1.00e+00 6.25e-02h  5
 745  1.4088648e+01 2.80e-06 1.63e-01  -4.1 7.10e-04    -  1.00e+00 3.12e-02h  6
 746  1.4088648e+01 2.76e-06 1.23e-01  -4.1 1.06e-04    -  1.00e+00 1.56e-02h  7
 747  1.4088648e+01 2.75e-06 1.33e-01  -4.1 1.11e-04    -  1.00e+00 3.91e-03h  9
 748  1.4088651e+01 2.92e-08 6.67e-02  -4.1 1.14e-04    -  1.00e+00 1.00e+00h  1
 749  1.4088651e+01 1.95e-09 1.86e-03  -4.1 2.07e-06    -  1.00e+00 1.00e+00h  1
iter    objective    inf_pr   inf_du lg(mu)  ||d||  lg(rg) alpha_du alpha_pr  ls
 750  1.4088651e+01 1.88e-08 2.08e-02  -4.1 3.03e-05    -  1.00e+00 1.00e+00h  1
 751  1.4088651e+01 3.68e-09 6.74e-03  -4.1 1.49e-05    -  1.00e+00 1.00e+00H  1
 752  1.4088651e+01 7.34e-10 4.07e-03  -4.1 5.93e-06    -  1.00e+00 1.00e+00H  1
 753  1.4088651e+01 5.55e-09 1.66e-03  -4.1 1.63e-06    -  1.00e+00 1.00e+00h  1
 754  1.4088651e+01 7.61e-10 4.42e-03  -4.1 2.80e-06    -  1.00e+00 1.00e+00h  1
 755  1.4088651e+01 1.08e-09 8.43e-03  -4.1 1.87e-05    -  1.00e+00 1.00e+00H  1
 756  1.4088651e+01 1.05e-09 7.64e-02  -4.1 7.34e-05    -  1.00e+00 1.00e+00H  1
 757  1.4088651e+01 3.58e-10 3.62e-02  -4.1 3.12e-05    -  1.00e+00 1.00e+00H  1
 758  1.4088651e+01 9.30e-10 3.86e-03  -4.1 1.55e-05    -  1.00e+00 1.00e+00H  1
 759  1.4088650e+01 8.38e-10 5.66e-02  -4.1 9.87e-05    -  1.00e+00 1.00e+00H  1
iter    objective    inf_pr   inf_du lg(mu)  ||d||  lg(rg) alpha_du alpha_pr  ls
 760  1.4088651e+01 2.63e-08 9.83e-02  -4.1 4.65e-05    -  1.00e+00 1.00e+00h  1
 761  1.4088651e+01 1.77e-10 1.42e-02  -4.1 5.24e-05    -  1.00e+00 1.00e+00H  1
 762  1.4088651e+01 8.70e-11 9.94e-02  -4.1 9.04e-05    -  1.00e+00 1.00e+00H  1
 763  1.4088651e+01 1.02e-10 2.99e-02  -4.1 6.30e-05    -  1.00e+00 1.00e+00H  1
 764  1.4088651e+01 5.20e-10 3.87e-02  -4.1 3.39e-05    -  1.00e+00 1.00e+00H  1
 765  1.4088651e+01 2.03e-10 2.80e-02  -4.1 2.28e-05    -  1.00e+00 1.00e+00H  1
 766  1.4088651e+01 4.03e-11 1.10e-02  -4.1 2.05e-05    -  1.00e+00 1.00e+00H  1
 767  1.4088651e+01 2.17e-12 6.62e-02  -4.1 6.78e-05    -  1.00e+00 1.00e+00H  1
 768  1.4088651e+01 3.41e-13 3.68e-02  -4.1 2.97e-05    -  1.00e+00 1.00e+00H  1
 769  1.4088651e+01 1.10e-12 1.86e-02  -4.1 4.19e-05    -  1.00e+00 1.00e+00H  1
iter    objective    inf_pr   inf_du lg(mu)  ||d||  lg(rg) alpha_du alpha_pr  ls
 770  1.4088651e+01 6.88e-10 4.21e-02  -4.1 5.13e-05    -  1.00e+00 1.00e+00H  1
 771  1.4088651e+01 8.28e-12 7.28e-03  -4.1 3.37e-05    -  1.00e+00 1.00e+00H  1
 772  1.4088651e+01 4.46e-10 1.86e-02  -4.1 1.90e-05    -  1.00e+00 1.00e+00H  1
 773  1.4088651e+01 3.69e-11 2.51e-03  -4.1 1.54e-05    -  1.00e+00 1.00e+00H  1
 774  1.4088651e+01 2.94e-11 1.18e-02  -4.1 1.15e-05    -  1.00e+00 1.56e-02h  7
 775  1.4088651e+01 9.20e-11 7.07e-04  -4.1 3.08e-07    -  1.00e+00 1.00e+00h  1
 776  1.4088131e+01 6.18e-06 1.35e+01  -6.1 1.45e-02    -  1.00e+00 9.55e-01f  1
 777  1.4088785e+01 5.54e-06 2.98e+00  -4.0 1.62e-02    -  1.00e+00 1.00e+00f  1
 778  1.4088629e+01 3.99e-07 1.74e+00  -4.1 3.06e-03    -  1.00e+00 1.00e+00h  1
 779  1.4088789e+01 3.04e-07 7.65e-01  -4.0 1.49e-03    -  1.00e+00 1.00e+00h  1
iter    objective    inf_pr   inf_du lg(mu)  ||d||  lg(rg) alpha_du alpha_pr  ls
 780  1.4088641e+01 1.17e-06 7.12e-01  -4.1 2.41e-03    -  1.00e+00 1.00e+00h  1
 781  1.4088650e+01 5.71e-07 8.74e-01  -4.1 1.82e-03    -  1.00e+00 1.00e+00h  1
 782  1.4088650e+01 5.50e-07 1.39e-01  -4.1 1.07e-03    -  1.00e+00 1.00e+00h  1
 783  1.4088651e+01 1.29e-07 5.74e-02  -4.1 7.73e-05    -  1.00e+00 1.00e+00h  1
 784  1.4088651e+01 5.29e-08 3.55e-02  -4.1 3.53e-05    -  1.00e+00 1.00e+00h  1
 785  1.4088651e+01 2.23e-08 4.81e-03  -4.1 1.76e-05    -  1.00e+00 1.00e+00h  1
 786  1.4088651e+01 8.80e-09 1.82e-03  -4.1 2.81e-06    -  1.00e+00 1.00e+00h  1
 787  1.4088651e+01 2.82e-09 4.49e-03  -4.1 3.42e-06    -  1.00e+00 1.00e+00h  1
 788  1.4088651e+01 2.00e-09 3.26e-03  -4.1 3.14e-06    -  1.00e+00 1.00e+00h  1
 789  1.4088651e+01 3.99e-10 2.45e-03  -4.1 2.57e-06    -  1.00e+00 1.00e+00h  1
iter    objective    inf_pr   inf_du lg(mu)  ||d||  lg(rg) alpha_du alpha_pr  ls
 790  1.4088651e+01 3.98e-09 5.95e-03  -4.1 5.94e-06    -  1.00e+00 1.00e+00h  1
 791  1.4088651e+01 4.45e-10 3.45e-03  -4.1 1.94e-06    -  1.00e+00 1.00e+00H  1
 792  1.4088651e+01 1.72e-13 2.54e-03  -4.1 5.54e-06    -  1.00e+00 1.00e+00H  1
 793  1.4088651e+01 5.63e-10 1.11e-03  -4.1 3.35e-06    -  1.00e+00 1.00e+00H  1
 794  1.4088651e+01 1.78e-09 1.68e-03  -4.1 1.95e-06    -  1.00e+00 1.00e+00h  1
 795  1.4088651e+01 4.48e-10 2.85e-02  -4.1 2.21e-05    -  1.00e+00 1.00e+00H  1
 796  1.4088651e+01 1.31e-08 5.20e-03  -4.1 1.89e-05    -  1.00e+00 1.00e+00h  1
 797  1.4088651e+01 9.97e-09 2.95e-03  -4.1 7.04e-06    -  1.00e+00 2.50e-01h  3
 798  1.4088651e+01 9.59e-09 3.11e-03  -4.1 1.22e-06    -  1.00e+00 6.25e-02h  5
 799  1.4088651e+01 9.28e-09 2.81e-03  -4.1 2.76e-06    -  1.00e+00 3.12e-02h  6
iter    objective    inf_pr   inf_du lg(mu)  ||d||  lg(rg) alpha_du alpha_pr  ls
 800  1.4088651e+01 9.16e-09 2.54e-03  -4.1 1.96e-06    -  1.00e+00 1.56e-02h  7
 801  1.4088651e+01 9.19e-09 5.21e-03  -4.1 6.05e-06    -  1.00e+00 3.91e-03h  9
 802  1.4088651e+01 9.33e-09 7.09e-02  -4.1 1.48e-04    -  1.00e+00 1.00e+00H  1
 803  1.4088651e+01 4.53e-09 9.29e-04  -4.1 1.18e-04    -  1.00e+00 1.00e+00H  1
 804  1.4088651e+01 1.08e-09 5.48e-04  -4.1 6.80e-07    -  1.00e+00 1.00e+00h  1
 805  1.4088104e+01 7.65e-06 8.60e+00  -6.1 1.00e-02    -  1.00e+00 1.00e+00f  1
 806  1.4088811e+01 6.46e-06 1.33e+00  -4.0 1.26e-02    -  1.00e+00 1.00e+00f  1
 807  1.4088626e+01 6.14e-06 5.72e+00  -4.1 1.17e-02    -  1.00e+00 1.00e+00h  1
 808  1.4088624e+01 6.30e-06 5.04e-01  -4.1 9.53e-03    -  1.00e+00 1.00e+00h  1
 809  1.4088649e+01 4.71e-08 2.03e-01  -4.1 3.01e-04    -  1.00e+00 1.00e+00h  1
iter    objective    inf_pr   inf_du lg(mu)  ||d||  lg(rg) alpha_du alpha_pr  ls
 810  1.4088651e+01 5.09e-08 1.29e-01  -4.1 2.79e-04    -  1.00e+00 1.00e+00H  1
 811  1.4088651e+01 6.71e-09 1.51e-01  -4.1 1.70e-04    -  1.00e+00 1.00e+00H  1
 812  1.4088651e+01 1.67e-09 1.40e-02  -4.1 1.32e-04    -  1.00e+00 1.00e+00H  1
 813  1.4088651e+01 2.12e-10 2.41e-02  -4.1 2.07e-05    -  1.00e+00 1.00e+00H  1
 814  1.4088651e+01 4.35e-11 4.03e-01  -4.1 3.29e-04    -  1.00e+00 1.00e+00H  1
 815  1.4088652e+01 1.04e-11 4.65e-01  -4.1 1.86e-04    -  1.00e+00 1.00e+00H  1
 816  1.4088651e+01 1.41e-10 3.59e-02  -4.1 3.36e-04    -  1.00e+00 1.00e+00H  1
 817  1.4088651e+01 2.03e-10 1.17e-01  -4.1 1.07e-04    -  1.00e+00 1.00e+00H  1
 818  1.4088651e+01 2.37e-11 4.50e-03  -4.1 9.91e-05    -  1.00e+00 1.00e+00H  1
 819  1.4088651e+01 2.37e-11 2.65e-02  -4.1 3.44e-05    -  1.00e+00 1.53e-05h 17
iter    objective    inf_pr   inf_du lg(mu)  ||d||  lg(rg) alpha_du alpha_pr  ls
 820  1.4088651e+01 1.18e-10 3.34e-03  -4.1 8.39e-07    -  1.00e+00 1.00e+00H  1
 821  1.4088651e+01 1.05e-10 4.54e-03  -4.1 5.48e-06    -  1.00e+00 1.00e+00H  1
 822  1.4088651e+01 5.81e-11 1.54e-02  -4.1 1.52e-05    -  1.00e+00 1.00e+00H  1
 823  1.4088651e+01 9.82e-11 2.15e-02  -4.1 1.50e-05    -  1.00e+00 1.00e+00H  1
 824  1.4088651e+01 2.90e-12 2.58e-03  -4.1 8.93e-06    -  1.00e+00 1.00e+00H  1
 825  1.4088651e+01 2.03e-13 6.08e-03  -4.1 8.40e-06    -  1.00e+00 1.00e+00H  1
 826  1.4088651e+01 1.39e-09 1.06e-02  -4.1 1.58e-05    -  1.00e+00 1.00e+00H  1
 827  1.4088651e+01 1.96e-09 1.10e-02  -4.1 1.22e-05    -  1.00e+00 1.00e+00h  1
 828  1.4088651e+01 1.62e-09 7.73e-03  -4.1 6.46e-06    -  1.00e+00 5.00e-01h  2
 829  1.4088651e+01 9.06e-14 6.54e-03  -4.1 2.26e-05    -  1.00e+00 1.00e+00H  1
iter    objective    inf_pr   inf_du lg(mu)  ||d||  lg(rg) alpha_du alpha_pr  ls
 830  1.4088651e+01 1.35e-13 6.30e-03  -4.1 1.56e-05    -  1.00e+00 3.05e-05h 16
 831  1.4088651e+01 4.97e-14 2.29e-03  -4.1 1.66e-05    -  1.00e+00 1.00e+00H  1
 832  1.4088651e+01 6.11e-13 4.01e-03  -4.1 2.85e-06    -  1.00e+00 7.81e-03h  8
 833  1.4088651e+01 4.40e-08 2.37e-02  -4.1 6.54e-05    -  1.00e+00 1.00e+00h  1
 834  1.4088651e+01 4.60e-08 1.03e-03  -4.1 6.35e-05    -  1.00e+00 1.00e+00h  1
 835  1.4088651e+01 2.23e-08 2.29e-03  -4.1 1.82e-06    -  1.00e+00 5.00e-01h  2
 836  1.4088651e+01 1.66e-08 1.54e-03  -4.1 1.31e-06    -  1.00e+00 2.50e-01h  3
 837  1.4088651e+01 1.44e-08 3.56e-03  -4.1 6.58e-07    -  1.00e+00 1.25e-01h  4
 838  1.4088651e+01 1.35e-08 5.77e-03  -4.1 6.06e-07    -  1.00e+00 6.25e-02h  5
 839  1.4088651e+01 1.30e-08 2.81e-03  -4.1 7.68e-07    -  1.00e+00 3.12e-02h  6
iter    objective    inf_pr   inf_du lg(mu)  ||d||  lg(rg) alpha_du alpha_pr  ls
 840  1.4088651e+01 1.97e-09 1.77e-03  -4.1 9.79e-07    -  1.00e+00 1.00e+00h  1
 841  1.4088651e+01 9.36e-10 5.68e-04  -4.1 4.33e-07    -  1.00e+00 1.00e+00h  1
 842  1.4088241e+01 1.37e-05 2.12e+01  -6.1 4.07e-03    -  1.00e+00 8.70e-01f  1
 843  1.4088128e+01 2.00e-05 2.44e+01  -6.1 1.33e-02    -  1.00e+00 9.89e-01h  1
 844  1.4088138e+01 7.90e-06 3.43e+01  -6.1 1.45e-02    -  1.00e+00 3.78e-01h  1
 845  1.4088137e+01 1.47e-05 1.11e+01  -6.1 2.52e-02    -  1.00e+00 1.00e+00h  1
 846  1.4087989e+01 2.74e-05 2.76e+01  -6.1 3.25e-02    -  1.00e+00 1.00e+00h  1
 847  1.4088582e+01 1.61e-05 4.81e+00  -4.0 3.30e-02    -  1.00e+00 1.00e+00f  1
 848  1.4088632e+01 1.29e-06 2.07e+00  -4.1 2.20e-03    -  1.00e+00 1.00e+00h  1
 849  1.4088661e+01 1.22e-06 1.17e+00  -4.1 1.52e-03    -  1.00e+00 1.00e+00h  1
iter    objective    inf_pr   inf_du lg(mu)  ||d||  lg(rg) alpha_du alpha_pr  ls
 850  1.4088651e+01 5.58e-08 8.79e-01  -4.1 1.14e-03    -  1.00e+00 1.00e+00H  1
 851  1.4088653e+01 4.62e-08 3.37e-01  -4.1 7.16e-04    -  1.00e+00 1.00e+00H  1
 852  1.4088653e+01 4.39e-08 1.91e-01  -4.1 1.55e-04    -  1.00e+00 1.00e+00H  1
 853  1.4088652e+01 6.63e-09 9.41e-01  -4.1 9.03e-04    -  1.00e+00 1.00e+00H  1
 854  1.4088654e+01 1.21e-09 7.57e+00  -4.1 6.56e-03    -  1.00e+00 1.00e+00H  1
 855  1.4088649e+01 2.68e-08 1.04e+00  -4.1 5.31e-03    -  1.00e+00 1.00e+00H  1
 856  1.4088660e+01 2.56e-10 4.32e+00  -4.1 4.00e-03    -  1.00e+00 1.00e+00H  1
 857  1.4088652e+01 1.18e-08 3.92e-01  -4.1 3.54e-03    -  1.00e+00 1.00e+00H  1
 858  1.4088650e+01 2.90e-09 2.79e-01  -4.1 3.24e-04    -  1.00e+00 1.00e+00H  1
 859  1.4088651e+01 3.54e-09 5.06e-02  -4.1 1.71e-04    -  1.00e+00 1.00e+00H  1
iter    objective    inf_pr   inf_du lg(mu)  ||d||  lg(rg) alpha_du alpha_pr  ls
 860  1.4088651e+01 3.31e-10 3.38e-02  -4.1 6.09e-05    -  1.00e+00 1.00e+00H  1
 861  1.4088651e+01 2.37e-10 7.58e-03  -4.1 1.89e-05    -  1.00e+00 1.00e+00H  1
 862  1.4088651e+01 5.08e-10 4.87e-03  -4.1 5.45e-06    -  1.00e+00 1.00e+00H  1
 863  1.4088650e+01 2.12e-09 3.42e-02  -4.1 5.41e-05    -  1.00e+00 1.00e+00H  1
 864  1.4088650e+01 4.08e-10 2.86e-02  -4.1 3.27e-05    -  1.00e+00 1.00e+00H  1
 865  1.4088651e+01 1.65e-10 5.53e-03  -4.1 2.46e-05    -  1.00e+00 1.00e+00H  1
 866  1.4088791e+01 1.47e-06 8.53e-01  -4.0 1.22e-03    -  1.00e+00 1.00e+00h  1
 867  1.4088654e+01 1.58e-06 8.30e-02  -4.1 1.22e-03    -  1.00e+00 1.00e+00h  1
 868  1.4088650e+01 1.18e-07 4.25e-02  -4.1 1.61e-04    -  1.00e+00 1.00e+00h  1
 869  1.4088650e+01 2.00e-08 5.08e-02  -4.1 1.04e-04    -  1.00e+00 1.00e+00h  1
iter    objective    inf_pr   inf_du lg(mu)  ||d||  lg(rg) alpha_du alpha_pr  ls
 870  1.4088651e+01 1.64e-08 1.00e-02  -4.1 1.91e-05    -  1.00e+00 1.00e+00h  1
 871  1.4088651e+01 1.66e-08 7.16e-03  -4.1 9.85e-06    -  1.00e+00 1.00e+00h  1
 872  1.4088651e+01 4.32e-09 4.60e-02  -4.1 7.02e-05    -  1.00e+00 1.00e+00H  1
 873  1.4088651e+01 1.40e-08 9.11e-03  -4.1 5.61e-05    -  1.00e+00 1.00e+00h  1
 874  1.4088651e+01 1.32e-08 8.83e-03  -4.1 7.14e-06    -  1.00e+00 6.25e-02h  5
 875  1.4088651e+01 1.55e-09 6.44e-03  -4.1 1.24e-05    -  1.00e+00 1.00e+00H  1
 876  1.4088651e+01 1.68e-10 2.78e-03  -4.1 5.56e-06    -  1.00e+00 1.00e+00H  1
 877  1.4088651e+01 5.37e-10 5.91e-04  -4.1 9.51e-07    -  1.00e+00 1.00e+00h  1
 878  1.4088162e+01 2.44e-04 1.17e+02  -6.1 1.20e-01    -  1.00e+00 1.00e+00f  1
 879  1.4086404e+01 2.50e-04 2.25e+01  -6.1 1.16e-01    -  1.00e+00 1.00e+00h  1
iter    objective    inf_pr   inf_du lg(mu)  ||d||  lg(rg) alpha_du alpha_pr  ls
 880  1.4088574e+01 7.39e-05 3.95e+01  -4.0 4.15e-02    -  1.00e+00 1.00e+00f  1
 881  1.4088304e+01 4.80e-05 8.49e+00  -4.1 3.84e-02    -  1.00e+00 1.00e+00h  1
 882  1.4088604e+01 3.07e-06 6.00e+00  -4.1 6.79e-03    -  1.00e+00 1.00e+00h  1
 883  1.4088774e+01 2.32e-06 1.28e+00  -4.0 2.81e-03    -  1.00e+00 1.00e+00h  1
 884  1.4088634e+01 2.54e-06 1.20e+00  -4.1 2.20e-03    -  1.00e+00 1.00e+00h  1
 885  1.4088646e+01 9.39e-07 2.36e-01  -4.1 5.74e-04    -  1.00e+00 1.00e+00h  1
 886  1.4088647e+01 4.17e-07 1.60e-01  -4.1 3.82e-04    -  1.00e+00 1.00e+00h  1
 887  1.4088648e+01 1.24e-07 3.90e-02  -4.1 5.64e-05    -  1.00e+00 1.00e+00h  1
 888  1.4088790e+01 1.56e-06 2.12e-01  -4.0 6.49e-04    -  1.00e+00 1.00e+00h  1
 889  1.4088646e+01 1.06e-06 2.09e-01  -4.1 6.88e-04    -  1.00e+00 1.00e+00h  1
iter    objective    inf_pr   inf_du lg(mu)  ||d||  lg(rg) alpha_du alpha_pr  ls
 890  1.4088649e+01 5.44e-07 2.99e-01  -4.1 3.12e-04    -  1.00e+00 1.00e+00h  1
 891  1.4088650e+01 1.46e-07 1.29e-01  -4.1 1.84e-04    -  1.00e+00 1.00e+00h  1
 892  1.4088650e+01 2.05e-08 3.16e-02  -4.1 3.51e-05    -  1.00e+00 1.00e+00h  1
 893  1.4088790e+01 1.23e-06 6.01e-01  -4.0 9.14e-04    -  1.00e+00 1.00e+00h  1
 894  1.4088649e+01 1.19e-06 1.63e-01  -4.1 8.66e-04    -  1.00e+00 1.00e+00h  1
 895  1.4088650e+01 4.59e-08 5.67e-02  -4.1 1.19e-04    -  1.00e+00 1.00e+00h  1
 896  1.4088651e+01 2.45e-08 1.36e-01  -4.1 1.47e-04    -  1.00e+00 1.00e+00H  1
 897  1.4088651e+01 9.69e-09 2.88e-02  -4.1 9.77e-05    -  1.00e+00 1.00e+00H  1
 898  1.4088651e+01 1.17e-08 1.91e-02  -4.1 1.99e-05    -  1.00e+00 1.00e+00h  1
 899  1.4088651e+01 9.49e-09 1.75e-01  -4.1 2.06e-04    -  1.00e+00 1.00e+00H  1
iter    objective    inf_pr   inf_du lg(mu)  ||d||  lg(rg) alpha_du alpha_pr  ls
 900  1.4088650e+01 1.47e-09 1.68e-01  -4.1 1.16e-04    -  1.00e+00 1.00e+00H  1
 901  1.4088650e+01 1.78e-07 1.37e-02  -4.1 9.38e-05    -  1.00e+00 1.00e+00h  1
 902  1.4088650e+01 1.70e-07 1.29e-02  -4.1 4.52e-05    -  1.00e+00 3.12e-02h  6
 903  1.4088650e+01 1.66e-07 3.02e-02  -4.1 6.25e-05    -  1.00e+00 1.56e-02h  7
 904  1.4088652e+01 7.73e-10 8.45e-01  -4.1 8.70e-04    -  1.00e+00 1.00e+00H  1
 905  1.4088651e+01 1.15e-10 1.16e-02  -4.1 7.60e-04    -  1.00e+00 1.00e+00H  1
 906  1.4088651e+01 1.31e-09 2.40e-02  -4.1 5.39e-05    -  1.00e+00 1.00e+00H  1
 907  1.4088651e+01 7.58e-10 3.65e-03  -4.1 4.15e-05    -  1.00e+00 1.00e+00H  1
 908  1.4088651e+01 3.32e-10 1.68e-03  -4.1 3.00e-06    -  1.00e+00 1.00e+00H  1
 909  1.4088651e+01 2.74e-10 3.08e-03  -4.1 2.92e-06    -  1.00e+00 1.00e+00H  1
iter    objective    inf_pr   inf_du lg(mu)  ||d||  lg(rg) alpha_du alpha_pr  ls
 910  1.4088651e+01 1.15e-12 1.84e-03  -4.1 3.65e-06    -  1.00e+00 1.00e+00H  1
 911  1.4088651e+01 1.36e-10 1.63e-03  -4.1 2.47e-06    -  1.00e+00 1.00e+00H  1
 912  1.4088651e+01 1.79e-10 7.69e-04  -4.1 2.74e-07    -  1.00e+00 1.00e+00h  1
 913  1.4088115e+01 3.82e-06 9.20e+00  -6.1 1.36e-02    -  1.00e+00 1.00e+00f  1
 914  1.4088728e+01 6.57e-06 4.56e+00  -4.0 1.62e-02    -  1.00e+00 1.00e+00f  1
 915  1.4088626e+01 5.53e-06 1.70e+00  -4.1 3.06e-03    -  1.00e+00 1.00e+00h  1
 916  1.4088648e+01 2.61e-06 8.88e-01  -4.1 1.73e-03    -  1.00e+00 1.00e+00h  1
 917  1.4088651e+01 1.32e-06 8.45e-01  -4.1 1.25e-03    -  1.00e+00 1.00e+00h  1
 918  1.4088648e+01 1.18e-07 1.64e-01  -4.1 4.35e-04    -  1.00e+00 1.00e+00h  1
 919  1.4088651e+01 1.26e-08 6.52e-02  -4.1 1.12e-04    -  1.00e+00 1.00e+00H  1
iter    objective    inf_pr   inf_du lg(mu)  ||d||  lg(rg) alpha_du alpha_pr  ls
 920  1.4088652e+01 2.01e-09 5.25e-02  -4.1 8.17e-05    -  1.00e+00 1.00e+00H  1
 921  1.4088652e+01 1.25e-09 6.82e-02  -4.1 6.13e-05    -  1.00e+00 1.00e+00H  1
 922  1.4088652e+01 9.45e-11 2.75e-01  -4.1 2.58e-04    -  1.00e+00 1.00e+00H  1
 923  1.4088652e+01 6.67e-10 2.84e-01  -4.1 1.46e-04    -  1.00e+00 1.00e+00H  1
 924  1.4088652e+01 4.56e-10 4.30e-02  -4.1 1.50e-04    -  1.00e+00 1.00e+00H  1
 925  1.4088652e+01 1.84e-09 6.88e-02  -4.1 1.41e-04    -  1.00e+00 1.00e+00H  1
 926  1.4088652e+01 3.24e-10 1.47e-02  -4.1 1.16e-04    -  1.00e+00 1.00e+00H  1
 927  1.4088652e+01 2.54e-10 1.93e-02  -4.1 1.65e-05    -  1.00e+00 1.00e+00H  1
 928  1.4088652e+01 5.53e-10 2.20e-01  -4.1 1.79e-04    -  1.00e+00 1.00e+00H  1
 929  1.4088652e+01 9.02e-11 2.07e-01  -4.1 1.84e-04    -  1.00e+00 1.00e+00H  1
iter    objective    inf_pr   inf_du lg(mu)  ||d||  lg(rg) alpha_du alpha_pr  ls
 930  1.4088652e+01 1.33e-10 1.04e-02  -4.1 1.84e-04    -  1.00e+00 1.00e+00H  1
 931  1.4088652e+01 5.12e-10 2.15e-02  -4.1 4.18e-05    -  1.00e+00 1.00e+00H  1
 932  1.4088652e+01 6.39e-14 1.78e-02  -4.1 2.61e-05    -  1.00e+00 1.00e+00H  1
 933  1.4088652e+01 1.63e-12 6.57e-03  -4.1 1.58e-05    -  1.00e+00 1.00e+00H  1
 934  1.4088652e+01 2.26e-10 1.10e-02  -4.1 1.61e-05    -  1.00e+00 1.00e+00H  1
 935  1.4088652e+01 6.85e-11 3.07e-03  -4.1 8.87e-06    -  1.00e+00 1.00e+00H  1
 936  1.4088652e+01 3.38e-11 5.24e-03  -4.1 7.25e-06    -  1.00e+00 1.00e+00H  1
 937  1.4088652e+01 1.31e-12 1.08e-03  -4.1 5.86e-06    -  1.00e+00 1.00e+00H  1
 938  1.4088652e+01 6.06e-12 1.08e-03  -4.1 3.20e-06    -  1.00e+00 1.00e+00H  1
 939  1.4088652e+01 5.86e-13 5.11e-04  -4.1 2.24e-06    -  1.00e+00 1.00e+00H  1
iter    objective    inf_pr   inf_du lg(mu)  ||d||  lg(rg) alpha_du alpha_pr  ls
 940  1.4088101e+01 1.02e-05 4.79e+00  -6.1 4.14e-03    -  1.00e+00 9.98e-01f  1
 941  1.4088110e+01 4.24e-06 1.46e+00  -6.1 1.79e-03    -  1.00e+00 1.00e+00h  1
 942  1.4088816e+01 1.77e-05 5.15e-01  -4.0 5.38e-03    -  1.00e+00 1.00e+00f  1
 943  1.4088643e+01 2.35e-06 6.87e-01  -4.1 1.34e-03    -  1.00e+00 1.00e+00h  1
 944  1.4088648e+01 6.23e-07 3.85e-01  -4.1 9.26e-04    -  1.00e+00 1.00e+00h  1
 945  1.4088650e+01 3.00e-08 9.66e-02  -4.1 1.85e-04    -  1.00e+00 1.00e+00h  1
 946  1.4088651e+01 1.09e-08 3.57e-02  -4.1 6.05e-05    -  1.00e+00 1.00e+00h  1
 947  1.4088651e+01 2.21e-09 1.19e-02  -4.1 2.01e-05    -  1.00e+00 1.00e+00H  1
 948  1.4088651e+01 9.52e-10 2.07e-02  -4.1 2.96e-05    -  1.00e+00 1.00e+00H  1
 949  1.4088651e+01 2.96e-10 1.78e-02  -4.1 1.68e-05    -  1.00e+00 1.00e+00H  1
iter    objective    inf_pr   inf_du lg(mu)  ||d||  lg(rg) alpha_du alpha_pr  ls
 950  1.4088651e+01 1.76e-10 5.15e-02  -4.1 4.63e-05    -  1.00e+00 1.00e+00H  1
 951  1.4088650e+01 1.10e-08 7.89e-01  -4.1 6.72e-04    -  1.00e+00 1.00e+00H  1
 952  1.4088651e+01 6.37e-11 5.02e-01  -4.1 3.11e-04    -  1.00e+00 1.00e+00H  1
 953  1.4088651e+01 8.65e-08 2.41e-01  -4.1 6.00e-04    -  1.00e+00 1.00e+00s 22
 954r 1.4088651e+01 8.65e-08 8.45e+02  -4.1 0.00e+00    -  0.00e+00 0.00e+00R  1
 955r 1.4089238e+01 1.95e-06 2.04e+01  -4.0 2.75e-03    -  9.76e-01 1.00e+00f  1
 956r 1.4100189e+01 1.06e-04 4.27e+00  -4.1 8.41e-02    -  9.70e-01 1.00e+00f  1
 957r 1.4136767e+01 1.90e-03 1.24e+01  -4.0 8.24e-01    -  4.54e-02 1.46e-01H  1
 958r 1.4139189e+01 7.82e-04 7.94e+00  -4.2 2.49e-01    -  4.95e-01 1.00e+00h  1
 959r 1.4190664e+01 8.57e-04 6.55e+00  -4.0 3.15e-01    -  1.00e+00 6.65e-01h  1
iter    objective    inf_pr   inf_du lg(mu)  ||d||  lg(rg) alpha_du alpha_pr  ls
 960r 1.4176718e+01 1.49e-04 3.67e+00  -4.1 1.07e-01    -  1.00e+00 1.00e+00h  1
 961r 1.4181233e+01 6.37e-05 1.15e+00  -4.0 5.29e-02    -  1.00e+00 1.00e+00h  1
 962r 1.4167054e+01 1.11e-04 1.01e+00  -4.1 6.59e-02    -  1.00e+00 1.00e+00h  1
 963r 1.4182424e+01 4.40e-05 6.31e-01  -4.0 6.82e-02    -  1.00e+00 1.00e+00h  1
 964r 1.4184823e+01 3.34e-05 8.72e-01  -4.1 5.13e-02    -  1.00e+00 1.00e+00h  1
 965r 1.4185437e+01 6.46e-05 4.18e-01  -4.0 4.94e-02    -  1.00e+00 1.00e+00h  1
 966r 1.4179769e+01 8.00e-05 6.79e-01  -4.1 7.48e-02    -  1.00e+00 1.00e+00h  1
 967r 1.4184935e+01 5.71e-05 4.46e-01  -4.0 2.73e-02    -  1.00e+00 1.00e+00h  1
 968r 1.4178800e+01 3.21e-05 1.53e-01  -4.1 2.85e-02    -  1.00e+00 1.00e+00h  1
 969r 1.4187164e+01 6.02e-05 2.88e-01  -4.0 4.23e-02    -  1.00e+00 1.00e+00h  1
iter    objective    inf_pr   inf_du lg(mu)  ||d||  lg(rg) alpha_du alpha_pr  ls
 970r 1.4183288e+01 1.14e-05 2.11e-01  -4.1 1.62e-02    -  1.00e+00 1.00e+00h  1
 971r 1.4187809e+01 2.70e-05 2.67e-01  -4.0 3.08e-02    -  1.00e+00 1.00e+00h  1
 972r 1.4182434e+01 2.86e-05 2.22e-01  -4.1 3.61e-02    -  1.00e+00 1.00e+00h  1
 973r 1.4185768e+01 1.78e-05 2.11e-01  -4.0 1.67e-02    -  1.00e+00 1.00e+00h  1
 974r 1.4178641e+01 3.56e-05 1.20e-01  -4.1 3.29e-02    -  1.00e+00 1.00e+00h  1
 975r 1.4175811e+01 4.67e-06 1.42e-01  -4.1 1.57e-02    -  1.00e+00 1.00e+00h  1
 976r 1.4188585e+01 8.66e-05 2.68e-01  -4.0 6.05e-02    -  1.00e+00 1.00e+00h  1
 977r 1.4181928e+01 2.30e-05 1.89e-01  -4.1 3.46e-02    -  1.00e+00 1.00e+00h  1
 978r 1.4181978e+01 2.64e-06 1.47e-01  -4.1 1.30e-02    -  1.00e+00 1.00e+00h  1
 979r 1.4184744e+01 7.06e-06 9.31e-02  -4.0 1.37e-02    -  1.00e+00 1.00e+00h  1
iter    objective    inf_pr   inf_du lg(mu)  ||d||  lg(rg) alpha_du alpha_pr  ls
 980r 1.4176970e+01 2.81e-05 2.23e-01  -4.1 3.68e-02    -  1.00e+00 1.00e+00h  1
 981r 1.4182082e+01 1.23e-05 2.49e-01  -4.0 2.52e-02    -  1.00e+00 1.00e+00h  1
 982r 1.4177051e+01 1.34e-05 1.46e-01  -4.1 2.36e-02    -  1.00e+00 1.00e+00h  1
 983r 1.4184127e+01 2.14e-05 1.31e-01  -4.0 3.41e-02    -  1.00e+00 1.00e+00h  1
 984r 1.4176274e+01 4.28e-05 3.11e-01  -4.1 3.85e-02    -  1.00e+00 1.00e+00h  1
 985r 1.4182641e+01 2.28e-05 1.57e-01  -4.0 3.08e-02    -  1.00e+00 1.00e+00h  1
 986r 1.4178254e+01 2.75e-05 1.96e-01  -4.1 2.09e-02    -  1.00e+00 1.00e+00h  1
 987r 1.4177562e+01 1.53e-05 4.78e-02  -4.1 8.58e-03    -  1.00e+00 1.00e+00h  1
 988r 1.4177408e+01 2.53e-06 2.76e-02  -4.1 1.72e-03    -  1.00e+00 1.00e+00h  1
 989r 1.4187911e+01 4.12e-05 1.16e-01  -4.0 5.01e-02    -  1.00e+00 1.00e+00h  1
iter    objective    inf_pr   inf_du lg(mu)  ||d||  lg(rg) alpha_du alpha_pr  ls
 990r 1.4183470e+01 1.14e-05 1.21e-01  -4.1 1.96e-02    -  1.00e+00 1.00e+00h  1
 991r 1.4180153e+01 9.09e-06 7.86e-02  -4.1 1.58e-02    -  1.00e+00 1.00e+00h  1
 992r 1.4179964e+01 1.84e-05 1.26e-01  -4.1 9.22e-03    -  1.00e+00 1.00e+00h  1
 993r 1.4178252e+01 1.73e-05 6.79e-02  -4.1 8.80e-03    -  1.00e+00 1.00e+00h  1
 994r 1.4178300e+01 5.66e-06 5.20e-02  -4.1 5.07e-03    -  1.00e+00 1.00e+00h  1
 995r 1.4177621e+01 1.22e-06 1.69e-02  -4.1 3.38e-03    -  1.00e+00 1.00e+00h  1
 996r 1.4187606e+01 4.02e-05 2.17e-01  -4.0 4.44e-02    -  1.00e+00 1.00e+00h  1
 997r 1.4186348e+01 7.05e-06 3.16e-01  -4.1 2.52e-02    -  1.00e+00 1.00e+00h  1
 998r 1.4179857e+01 2.94e-05 8.97e-02  -4.1 3.34e-02    -  1.00e+00 1.00e+00h  1
 999r 1.4179630e+01 2.11e-05 1.04e-01  -4.1 9.02e-03    -  1.00e+00 1.00e+00h  1
iter    objective    inf_pr   inf_du lg(mu)  ||d||  lg(rg) alpha_du alpha_pr  ls
1000r 1.4177295e+01 7.87e-06 5.92e-02  -4.1 1.15e-02    -  1.00e+00 1.00e+00h  1

Number of Iterations....: 1000

                                   (scaled)                 (unscaled)
Objective...............:   1.4177294875396925e+01    1.4177294875396925e+01
Dual infeasibility......:   5.9536163386521714e-02    5.9536163386521714e-02
Constraint violation....:   7.8692762741638944e-06    7.8692762741638944e-06
Variable bound violation:   0.0000000000000000e+00    0.0000000000000000e+00
Complementarity.........:   8.0003501948904248e-05    8.0003501948904248e-05
Overall NLP error.......:   5.9536163386521714e-02    5.9536163386521714e-02


Number of objective function evaluations             = 2813
Number of objective gradient evaluations             = 951
Number of equality constraint evaluations            = 2813
Number of inequality constraint evaluations          = 2813
Number of equality constraint Jacobian evaluations   = 1003
Number of inequality constraint Jacobian evaluations = 1003
Number of Lagrangian Hessian evaluations             = 0
Total seconds in IPOPT                               = 1119.678

EXIT: Maximum Number of Iterations Exceeded.
