This is Ipopt version 3.14.19, running with linear solver MUMPS 5.8.2.

Number of nonzeros in equality constraint Jacobian...:   999237
Number of nonzeros in inequality constraint Jacobian.:     4352
Number of nonzeros in Lagrangian Hessian.............:        0

Total number of variables............................:     3203
                     variables with only lower bounds:        0
                variables with lower and upper bounds:      680
                     variables with only upper bounds:        0
Total number of equality constraints.................:     3078
Total number of inequality constraints...............:      457
        inequality constraints with only lower bounds:        0
   inequality constraints with lower and upper bounds:        0
        inequality constraints with only upper bounds:      457

iter    objective    inf_pr   inf_du lg(mu)  ||d||  lg(rg) alpha_du alpha_pr  ls
   0  2.4187439e-02 4.82e+00 1.00e+00   0.0 0.00e+00    -  0.00e+00 0.00e+00   0
   1  2.3423198e-02 4.77e+00 1.38e+01  -0.6 1.56e+01    -  9.30e-03 1.06e-02h  1
   2  2.3277622e-02 4.76e+00 1.03e+02  -0.2 1.49e+01    -  7.78e-02 2.18e-03h  1
   3  2.2425829e-02 4.71e+00 7.81e+02   0.8 2.00e+01    -  1.62e-01 8.25e-03f  1
   4  3.4807274e-02 4.54e+00 8.18e+02   1.0 2.94e+01    -  4.23e-02 4.00e-02f  1
   5  5.5555087e-02 4.42e+00 1.76e+03   1.0 3.16e+01    -  9.48e-02 2.63e-02h  1
   6  1.2780698e-01 4.24e+00 5.04e+03   1.4 4.23e+01    -  1.31e-01 4.53e-02f  1
   7  2.9326953e-01 4.02e+00 6.65e+03   1.9 5.81e+01    -  1.18e-01 5.08e-02f  1
   8  1.0131458e+00 3.43e+00 2.76e+04   2.2 6.30e+01    -  2.51e-01 1.14e-01f  1
   9  4.4078375e+00 5.66e+00 1.10e+05   2.6 6.70e+01    -  2.15e-01 2.39e-01f  1
iter    objective    inf_pr   inf_du lg(mu)  ||d||  lg(rg) alpha_du alpha_pr  ls
  10  9.2033434e+00 5.00e+00 1.01e+05   2.0 4.01e+01    -  5.72e-01 4.17e-01h  1
  11  1.7668520e+01 4.20e+00 7.30e+04   2.4 3.03e+01    -  9.99e-01 6.11e-01h  1
  12  2.5690925e+01 2.92e+00 9.80e+04   2.6 3.75e+01    -  9.70e-01 4.25e-01f  1
  13  2.8727345e+01 1.57e+00 9.90e+04   2.6 1.49e+01    -  9.89e-01 4.59e-01h  1
  14  2.8494992e+01 1.18e+00 6.96e+04   2.2 1.36e+01    -  9.97e-01 6.95e-01h  1
  15  2.4552890e+01 8.52e-01 1.50e+05   2.1 1.47e+01    -  7.80e-01 7.76e-01H  1
  16  2.1819017e+01 1.63e-01 1.74e+05   1.8 1.14e+01    -  8.98e-01 1.00e+00H  1
  17  2.2894362e+01 1.57e+00 1.22e+05   2.3 1.69e+01    -  1.00e+00 8.47e-01f  1
  18  2.0215200e+01 5.75e-01 5.64e+04   2.2 7.42e+00    -  1.00e+00 1.00e+00f  1
  19  1.9799605e+01 2.47e-01 2.74e+04   1.7 5.51e+00    -  1.00e+00 1.00e+00h  1
iter    objective    inf_pr   inf_du lg(mu)  ||d||  lg(rg) alpha_du alpha_pr  ls
  20  2.0175668e+01 9.05e-02 2.11e+04   1.3 3.06e+00    -  1.00e+00 1.00e+00h  1
  21  2.0652099e+01 8.49e-02 1.24e+04   0.9 2.51e+00    -  9.99e-01 1.00e+00f  1
  22  2.0870355e+01 4.15e-02 7.78e+03   0.6 1.77e+00    -  1.00e+00 1.00e+00f  1
  23  2.0651263e+01 1.45e-02 3.39e+03  -0.3 1.09e+00    -  1.00e+00 1.00e+00h  1
  24  2.0627067e+01 9.21e-03 4.69e+03  -0.9 9.23e-01    -  1.00e+00 1.00e+00h  1
  25  2.0789875e+01 6.75e-03 1.92e+03  -0.5 7.57e-01    -  1.00e+00 1.00e+00h  1
  26  2.0802226e+01 4.85e-03 2.18e+03  -0.8 5.19e-01    -  1.00e+00 1.00e+00h  1
  27  2.0749054e+01 1.74e-03 5.33e+02  -1.7 3.89e-01    -  1.00e+00 1.00e+00h  1
  28  2.0737055e+01 3.09e-04 5.31e+02  -2.8 9.05e-02    -  1.00e+00 1.00e+00h  1
  29  2.0725589e+01 6.23e-03 2.75e+03  -3.3 2.97e-01    -  1.00e+00 1.00e+00h  1
iter    objective    inf_pr   inf_du lg(mu)  ||d||  lg(rg) alpha_du alpha_pr  ls
  30  2.0724323e+01 1.38e-03 1.20e+03  -2.8 2.27e-01    -  1.00e+00 1.00e+00h  1
  31  2.0720428e+01 1.12e-04 1.90e+02  -3.9 3.43e-02    -  1.00e+00 1.00e+00h  1
  32  2.0717886e+01 2.74e-04 3.91e+03  -1.9 2.56e-02    -  5.59e-01 1.00e+00f  1
  33  2.0708387e+01 2.88e-04 4.64e+02  -2.5 3.27e-02    -  1.00e+00 1.00e+00h  1
  34  2.0647852e+01 1.84e-02 3.44e+03  -2.7 4.50e-01    -  1.00e+00 5.30e-01h  1
  35  2.0636200e+01 1.52e-02 2.63e+03  -2.8 1.51e+00    -  3.71e-01 4.66e-01h  1
  36  2.0631049e+01 3.69e-03 2.45e+03  -2.8 4.62e-01    -  4.82e-01 1.00e+00h  1
  37  2.0619473e+01 8.82e-04 2.47e+02  -3.4 1.16e-01    -  1.00e+00 1.00e+00h  1
  38  2.0598880e+01 4.13e-04 1.31e+03  -4.0 6.61e-02    -  1.00e+00 6.88e-01h  1
  39  2.0490649e+01 1.26e-02 3.06e+03  -3.6 1.77e+00    -  6.84e-01 1.45e-01f  1
iter    objective    inf_pr   inf_du lg(mu)  ||d||  lg(rg) alpha_du alpha_pr  ls
  40  2.0328424e+01 2.52e-02 2.34e+03  -3.2 3.15e+00    -  4.27e-01 1.19e-01h  1
  41  2.0162405e+01 2.37e-02 1.74e+03  -3.2 1.54e+00    -  2.48e-01 2.58e-01h  1
  42  2.0130272e+01 1.79e-02 1.07e+03  -3.0 4.18e-01    -  5.80e-01 2.44e-01h  1
  43  2.0041857e+01 1.43e-02 8.76e+02  -2.6 1.84e+00    -  2.94e-01 1.69e-01h  1
  44  1.9937812e+01 1.42e-02 3.17e+02  -2.6 5.75e-01    -  7.76e-01 7.35e-01h  1
  45  1.9696802e+01 3.25e-02 4.03e+02  -2.7 1.55e+00    -  5.40e-01 5.88e-01h  1
  46  1.9267766e+01 9.74e-02 6.73e+02  -2.2 5.12e+00    -  6.03e-01 4.29e-01f  1
  47  1.8462606e+01 2.14e-01 7.67e+02  -3.0 1.05e+01    -  3.36e-01 3.03e-01h  1
  48  1.7959237e+01 2.64e-01 1.01e+03  -1.8 9.42e+00    -  5.36e-01 3.32e-01f  1
  49  1.6675062e+01 4.61e-01 1.29e+03  -2.5 2.74e+01    -  2.78e-01 2.42e-01h  1
iter    objective    inf_pr   inf_du lg(mu)  ||d||  lg(rg) alpha_du alpha_pr  ls
  50  1.6216307e+01 2.62e-01 1.02e+03  -2.9 5.19e+00    -  3.64e-01 5.44e-01h  1
  51  1.6241436e+01 1.55e-01 6.55e+02  -2.5 2.90e+00    -  6.17e-01 4.03e-01h  1
  52  1.6087618e+01 6.43e-02 2.11e+02  -2.5 2.36e+00    -  5.48e-01 6.83e-01h  1
  53  1.6006507e+01 6.06e-02 1.83e+02  -2.1 4.32e+00    -  7.75e-01 3.69e-01h  1
  54  1.6741092e+01 3.70e-01 1.15e+02  -1.5 6.58e+00    -  6.96e-01 5.82e-01f  1
  55  1.5606849e+01 3.75e-01 1.65e+02  -1.7 5.21e+00    -  9.61e-01 1.00e+00h  1
  56  1.4950435e+01 2.90e-01 1.36e+02  -1.4 6.80e+00    -  9.35e-01 5.38e-01h  1
  57  1.4438256e+01 1.50e-01 7.00e+01  -1.8 2.92e+00    -  1.00e+00 1.00e+00h  1
  58  1.4702843e+01 1.83e-01 5.03e+01  -1.5 4.15e+00    -  1.00e+00 1.00e+00h  1
  59  1.4113117e+01 9.06e-02 5.32e+01  -2.2 2.89e+00    -  1.00e+00 1.00e+00h  1
iter    objective    inf_pr   inf_du lg(mu)  ||d||  lg(rg) alpha_du alpha_pr  ls
  60  1.4743948e+01 4.77e-02 1.33e+02  -1.9 2.65e+00    -  6.87e-01 6.18e-01H  1
  61  1.4149350e+01 9.10e-02 1.11e+02  -2.3 3.02e+00    -  1.00e+00 1.00e+00h  1
  62  1.3277920e+01 1.71e-01 2.17e+02  -2.4 1.01e+01    -  6.61e-01 4.06e-01h  1
  63  1.2524319e+01 3.87e-01 3.25e+02  -1.9 9.20e+00    -  3.95e-01 5.86e-01f  1
  64  1.2249825e+01 3.23e-01 3.45e+02  -1.8 8.01e+00    -  1.00e+00 3.09e-01h  1
  65  1.1728130e+01 2.42e-01 2.70e+02  -1.8 7.13e+00    -  9.99e-01 5.49e-01h  1
  66  1.0819433e+01 4.83e-01 1.43e+02  -1.8 7.42e+00    -  1.00e+00 8.86e-01h  1
  67  1.0058210e+01 2.85e-01 9.37e+01  -2.0 5.81e+00    -  1.00e+00 1.00e+00h  1
  68  9.9756805e+00 1.19e-01 5.18e+01  -1.7 2.56e+00    -  1.00e+00 8.68e-01h  1
  69  1.0614145e+01 1.36e-01 1.08e+02  -1.8 3.82e+00    -  7.62e-01 4.98e-01H  1
iter    objective    inf_pr   inf_du lg(mu)  ||d||  lg(rg) alpha_du alpha_pr  ls
  70  1.0334789e+01 1.50e-01 5.86e+01  -1.5 3.21e+00    -  1.00e+00 6.42e-01h  1
  71  9.9311110e+00 2.45e-01 5.72e+01  -1.9 4.58e+00    -  1.00e+00 9.65e-01h  1
  72  9.9730483e+00 1.53e-01 4.27e+01  -1.5 2.77e+00    -  1.00e+00 1.00e+00h  1
  73  1.0031969e+01 1.03e-01 3.25e+01  -2.0 2.40e+00    -  1.00e+00 9.21e-01h  1
  74  1.0181527e+01 6.63e-02 2.35e+02  -2.3 1.78e+00    -  7.21e-01 3.44e-01H  1
  75  1.0269309e+01 3.92e-02 9.17e+01  -1.9 1.92e+00    -  1.00e+00 5.00e-01h  2
  76  1.0218748e+01 3.40e-02 9.21e+01  -2.1 2.06e+00    -  1.00e+00 5.00e-01h  2
  77  9.8977478e+00 9.63e-02 1.24e+02  -2.2 2.96e+00    -  1.00e+00 1.00e+00h  1
  78  9.6464810e+00 6.43e-02 1.48e+02  -1.9 1.99e+00    -  1.00e+00 1.00e+00h  1
  79  9.5491850e+00 5.80e-02 5.81e+01  -2.1 1.44e+00    -  1.00e+00 1.00e+00h  1
iter    objective    inf_pr   inf_du lg(mu)  ||d||  lg(rg) alpha_du alpha_pr  ls
  80  9.3427468e+00 2.24e-02 5.50e+01  -2.6 1.62e+00    -  1.00e+00 1.00e+00h  1
  81  9.2191617e+00 2.15e-02 4.37e+01  -2.6 4.21e+00    -  1.00e+00 1.63e-01h  1
  82  8.6805701e+00 2.14e-01 1.46e+02  -2.3 5.95e+00    -  1.00e+00 6.67e-01h  1
  83  8.1708730e+00 1.13e-01 1.30e+02  -2.5 2.24e+00    -  1.00e+00 1.00e+00h  1
  84  7.8927076e+00 5.74e-02 5.62e+01  -2.7 1.72e+00    -  1.00e+00 9.36e-01h  1
  85  8.1330073e+00 7.41e-02 4.98e+01  -2.4 1.62e+00    -  1.00e+00 1.00e+00h  1
  86  8.0310068e+00 4.19e-02 3.45e+01  -2.7 1.45e+00    -  1.00e+00 1.00e+00h  1
  87  8.1253496e+00 3.02e-02 9.86e+01  -2.3 1.28e+00    -  1.00e+00 4.33e-01h  2
  88  8.2692803e+00 2.10e-02 1.92e+02  -2.5 1.52e+00    -  1.00e+00 4.69e-01h  1
  89  8.3986261e+00 1.38e-02 1.95e+02  -2.7 1.08e+00    -  1.00e+00 5.00e-01h  2
iter    objective    inf_pr   inf_du lg(mu)  ||d||  lg(rg) alpha_du alpha_pr  ls
  90  8.4506643e+00 9.33e-03 6.32e+01  -2.8 9.42e-01    -  1.00e+00 5.00e-01h  2
  91  8.4928328e+00 6.32e-03 5.42e+01  -3.0 7.52e-01    -  1.00e+00 5.00e-01h  2
  92  8.5486063e+00 3.77e-03 6.26e+01  -3.4 6.00e-01    -  9.12e-01 6.12e-01H  1
  93  8.7190487e+00 1.18e-02 1.08e+03  -1.8 4.53e+00    -  1.00e+00 1.75e-01f  1
  94  8.9782092e+00 2.44e-02 1.31e+02  -1.9 1.07e+00    -  9.53e-01 1.00e+00h  1
  95  8.9742757e+00 1.80e-02 1.21e+02  -1.9 9.64e-01    -  1.00e+00 1.00e+00h  1
  96  8.9667599e+00 3.06e-02 9.16e+01  -1.9 1.31e+00    -  1.00e+00 1.00e+00h  1
  97  9.0040768e+00 1.15e-02 1.87e+01  -1.9 7.65e-01    -  1.00e+00 1.00e+00h  1
  98  9.0049800e+00 8.95e-03 2.07e+02  -2.2 6.43e-01    -  1.00e+00 2.50e-01h  3
  99  8.8260983e+00 1.39e-02 4.69e+01  -2.8 2.01e+00    -  1.00e+00 5.62e-01h  1
iter    objective    inf_pr   inf_du lg(mu)  ||d||  lg(rg) alpha_du alpha_pr  ls
 100  8.2818090e+00 1.10e-01 1.76e+02  -2.8 5.88e+00    -  1.00e+00 5.61e-01h  1
 101  8.1513135e+00 1.73e-02 9.94e+01  -2.8 9.27e-01    -  1.00e+00 1.00e+00h  1
 102  8.4964355e+00 7.62e-02 4.90e+01  -2.0 3.55e+00    -  4.40e-01 5.97e-01f  1
 103  8.2678110e+00 6.33e-02 1.14e+02  -2.4 1.59e+00    -  1.00e+00 1.00e+00h  1
 104  8.2042271e+00 3.25e-02 4.39e+01  -2.4 1.24e+00    -  9.86e-01 1.00e+00h  1
 105  8.1908054e+00 1.91e-02 1.23e+02  -2.4 1.24e+00    -  1.00e+00 5.00e-01h  2
 106  8.2814466e+00 1.83e-02 6.74e+01  -2.4 8.56e-01    -  1.00e+00 1.00e+00h  1
 107  8.1480237e+00 1.29e-02 2.65e+01  -2.6 7.02e-01    -  1.00e+00 1.00e+00h  1
 108  8.1465622e+00 7.52e-03 1.49e+02  -3.1 7.99e-01    -  6.82e-01 4.70e-01H  1
 109  8.1455618e+00 6.62e-03 2.37e+02  -3.3 7.02e-01    -  1.00e+00 1.15e-01h  1
iter    objective    inf_pr   inf_du lg(mu)  ||d||  lg(rg) alpha_du alpha_pr  ls
 110  8.1603207e+00 2.65e-03 6.65e+01  -3.8 5.30e-01    -  9.57e-01 7.11e-01H  1
 111  8.1620471e+00 5.18e-03 6.30e+01  -2.8 6.08e-01    -  1.00e+00 5.99e-01h  1
 112  8.1650457e+00 1.93e-03 3.80e+01  -2.9 3.50e-01    -  1.00e+00 1.00e+00h  1
 113  8.1553914e+00 5.11e-04 4.07e+01  -3.6 3.34e-01    -  7.11e-01 7.41e-01H  1
 114  8.1443265e+00 4.77e-04 2.65e+02  -3.5 5.85e-01    -  1.00e+00 1.76e-01h  1
 115  8.1148006e+00 2.87e-03 3.61e+02  -3.2 6.86e-01    -  1.00e+00 5.11e-01h  1
 116  8.0730794e+00 9.95e-03 1.96e+02  -2.7 1.32e+00    -  9.26e-01 4.10e-01h  1
 117  8.0286006e+00 6.28e-03 1.70e+02  -2.8 4.65e-01    -  1.00e+00 9.10e-01h  1
 118  7.9814960e+00 4.71e-03 9.89e+01  -3.2 7.67e-01    -  1.00e+00 7.65e-01h  1
 119  7.9441648e+00 4.28e-03 1.91e+02  -3.5 8.30e-01    -  8.26e-01 2.64e-01h  1
iter    objective    inf_pr   inf_du lg(mu)  ||d||  lg(rg) alpha_du alpha_pr  ls
 120  7.9115644e+00 4.47e-03 1.69e+02  -3.1 1.19e+00    -  1.00e+00 1.85e-01h  1
 121  7.7656822e+00 3.28e-02 1.74e+02  -3.3 3.02e+00    -  4.83e-01 3.86e-01h  1
 122  7.6855774e+00 3.76e-02 2.53e+02  -2.7 3.97e+00    -  7.82e-01 2.09e-01h  1
 123  7.6913121e+00 2.93e-02 2.59e+02  -2.4 1.74e+00    -  5.44e-01 2.27e-01h  1
 124  7.7230026e+00 9.64e-03 1.79e+02  -2.6 1.01e+00    -  5.59e-01 1.00e+00h  1
 125  7.6808350e+00 7.20e-03 1.65e+02  -3.1 9.62e-01    -  1.00e+00 4.40e-01h  1
 126  7.6168528e+00 6.52e-03 6.42e+01  -3.6 6.96e-01    -  1.00e+00 7.42e-01h  1
 127  7.6165767e+00 5.24e-03 1.46e+02  -3.5 5.80e-01    -  1.00e+00 2.49e-01h  1
 128  7.6731201e+00 4.53e-03 1.19e+03  -2.5 7.98e-01    -  1.00e+00 2.66e-01h  1
 129  7.8006995e+00 1.34e-02 3.48e+02  -2.6 7.41e-01    -  7.00e-01 1.00e+00h  1
iter    objective    inf_pr   inf_du lg(mu)  ||d||  lg(rg) alpha_du alpha_pr  ls
 130  7.7759610e+00 4.46e-03 9.73e+01  -2.6 3.76e-01    -  1.00e+00 1.00e+00h  1
 131  7.7089103e+00 4.86e-03 2.80e+01  -3.1 4.34e-01    -  1.00e+00 1.00e+00h  1
 132  7.8330324e+00 8.43e-03 9.10e+01  -2.6 4.00e-01    -  1.00e+00 1.00e+00h  1
 133  7.8290321e+00 1.48e-02 8.28e+01  -2.7 8.15e-01    -  1.00e+00 1.00e+00h  1
 134  7.7990506e+00 4.15e-03 2.46e+01  -2.7 4.91e-01    -  1.00e+00 1.00e+00h  1
 135  7.7065167e+00 5.17e-03 2.53e+01  -3.3 4.10e-01    -  1.00e+00 1.00e+00h  1
 136  7.7954082e+00 6.13e-03 5.08e+01  -2.8 4.26e-01    -  1.00e+00 1.00e+00h  1
 137  7.7505494e+00 1.89e-03 4.16e+01  -2.8 2.80e-01    -  7.67e-01 1.00e+00h  1
 138  7.7058997e+00 2.60e-03 1.12e+02  -3.2 3.33e-01    -  1.00e+00 7.95e-01h  1
 139  7.6816673e+00 1.58e-03 3.58e+01  -4.0 2.96e-01    -  1.00e+00 7.69e-01h  1
iter    objective    inf_pr   inf_du lg(mu)  ||d||  lg(rg) alpha_du alpha_pr  ls
 140  7.6992480e+00 8.73e-04 2.45e+01  -3.7 1.96e-01    -  1.00e+00 1.00e+00h  1
 141  7.6907719e+00 4.37e-04 5.06e+01  -4.0 1.21e-01    -  1.00e+00 7.91e-01h  1
 142  7.6806391e+00 3.71e-04 2.92e+02  -3.7 2.49e-01    -  1.00e+00 2.85e-01h  1
 143  7.6718212e+00 1.09e-03 9.20e+01  -3.4 3.30e-01    -  8.73e-01 4.41e-01h  1
 144  7.6571037e+00 1.06e-03 8.64e+01  -3.5 4.08e-01    -  8.95e-01 5.17e-01h  1
 145  7.6280871e+00 1.75e-03 1.21e+02  -3.7 4.60e-01    -  1.00e+00 4.80e-01h  1
 146  7.6249311e+00 3.65e-03 1.29e+02  -2.9 6.25e-01    -  5.75e-01 4.40e-01h  1
 147  7.6174061e+00 3.15e-03 1.39e+02  -3.8 4.15e-01    -  1.00e+00 1.39e-01h  1
 148  7.5865992e+00 1.99e-03 2.41e+02  -4.0 5.11e-01    -  1.00e+00 3.75e-01h  1
 149  7.5174896e+00 2.36e-02 1.92e+02  -2.8 1.91e+00    -  8.30e-01 5.79e-01h  1
iter    objective    inf_pr   inf_du lg(mu)  ||d||  lg(rg) alpha_du alpha_pr  ls
 150  7.4510211e+00 6.02e-03 1.06e+02  -3.1 5.92e-01    -  1.00e+00 9.40e-01h  1
 151  7.4185786e+00 8.28e-03 2.51e+01  -3.1 6.31e-01    -  9.01e-01 1.00e+00h  1
 152  7.5035528e+00 7.92e-03 4.63e+01  -2.4 1.12e+00    -  4.42e-01 3.83e-01h  1
 153  7.4246892e+00 1.64e-02 1.52e+02  -2.7 1.67e+00    -  3.52e-01 5.26e-01h  1
 154  7.3139947e+00 3.94e-02 2.70e+02  -2.7 2.68e+00    -  7.25e-01 5.40e-01h  1
 155  7.2404177e+00 8.05e-02 4.49e+02  -2.4 2.52e+00    -  9.60e-01 5.78e-01h  1
 156  6.8557957e+00 2.45e-01 5.63e+02  -1.8 2.23e+01    -  2.56e-01 1.90e-01f  1
 157  6.7191468e+00 9.13e-02 3.75e+02  -2.4 1.58e+00    -  1.00e+00 6.56e-01h  1
 158  6.8858256e+00 5.24e-02 5.39e+01  -2.1 2.02e+00    -  1.00e+00 1.00e+00h  1
 159  6.8999468e+00 2.56e-02 3.63e+01  -2.4 1.28e+00    -  1.00e+00 5.00e-01h  1
iter    objective    inf_pr   inf_du lg(mu)  ||d||  lg(rg) alpha_du alpha_pr  ls
 160  7.0159740e+00 6.86e-02 2.09e+03  -0.7 1.74e+01    -  9.12e-01 7.04e-02f  1
 161  7.6642154e+00 1.62e-01 5.15e+02  -0.8 2.81e+00    -  8.15e-01 1.00e+00f  1
 162  8.5076003e+00 3.44e-01 5.19e+02  -0.8 3.44e+00    -  9.63e-01 9.79e-01f  1
 163  8.6572974e+00 1.82e-01 2.36e+02  -0.8 4.93e+00    -  8.57e-01 7.58e-01f  1
 164  8.8414385e+00 1.36e-01 1.76e+02  -0.8 2.43e+00    -  1.00e+00 1.00e+00h  1
 165  8.9080913e+00 1.01e-01 1.14e+02  -0.8 2.18e+00    -  1.00e+00 1.00e+00h  1
 166  8.9377576e+00 4.70e-02 2.00e+02  -0.8 1.44e+00    -  1.00e+00 7.24e-01h  1
 167  9.1120339e+00 1.93e-02 3.24e+02  -0.8 1.80e+00    -  8.05e-01 7.09e-01h  1
 168  9.3165270e+00 2.23e-02 4.71e+02  -0.8 2.65e+00    -  1.00e+00 5.00e-01f  2
 169  9.4446394e+00 2.36e-02 4.91e+02  -0.8 3.32e+00    -  1.00e+00 2.50e-01h  3
iter    objective    inf_pr   inf_du lg(mu)  ||d||  lg(rg) alpha_du alpha_pr  ls
 170  9.5718995e+00 2.46e-02 5.17e+02  -0.8 3.05e+00    -  1.00e+00 2.50e-01h  3
 171  9.6680958e+00 2.51e-02 5.28e+02  -0.8 4.80e+00    -  1.00e+00 1.25e-01h  4
 172  9.7663099e+00 2.46e-02 5.26e+02  -0.8 5.17e+00    -  1.00e+00 1.25e-01h  4
 173  1.1366464e+01 4.34e-01 8.15e+02  -0.8 8.00e+00    -  1.00e+00 1.00e+00f  1
 174  1.0920580e+01 1.12e-01 4.92e+02  -0.8 3.72e+00    -  1.00e+00 1.00e+00h  1
 175  1.0999379e+01 3.36e-02 2.70e+02  -0.8 1.78e+00    -  1.00e+00 1.00e+00h  1
 176  1.1011373e+01 2.98e-02 6.53e+01  -0.8 9.53e-01    -  1.00e+00 1.00e+00h  1
 177  1.1055550e+01 2.84e-02 1.07e+02  -0.8 1.39e+00    -  1.00e+00 1.00e+00h  1
 178  1.1058983e+01 1.50e-02 9.30e+01  -0.8 1.10e+00    -  1.00e+00 1.00e+00h  1
 179  1.1062341e+01 9.06e-03 1.79e+02  -0.8 7.32e-01    -  1.00e+00 1.00e+00h  1
iter    objective    inf_pr   inf_du lg(mu)  ||d||  lg(rg) alpha_du alpha_pr  ls
 180  1.1037708e+01 7.64e-03 4.63e+02  -0.8 7.00e-01    -  1.00e+00 1.00e+00H  1
 181  1.1111363e+01 3.56e-03 4.06e+02  -0.8 7.08e-01    -  1.00e+00 1.00e+00H  1
 182  1.1111670e+01 3.53e-03 1.13e+02  -0.8 4.39e-01    -  1.00e+00 1.00e+00h  1
 183  1.1113614e+01 2.47e-03 1.33e+02  -0.8 3.42e-01    -  1.00e+00 1.00e+00h  1
 184  1.1116671e+01 9.02e-04 3.96e+01  -0.8 2.67e-01    -  1.00e+00 1.00e+00h  1
 185  1.1105769e+01 5.41e-05 4.27e+01  -2.0 3.03e-01    -  1.00e+00 1.00e+00H  1
 186  1.1030798e+01 1.99e-03 2.34e+01  -2.6 3.06e-01    -  1.00e+00 1.00e+00h  1
 187  1.0282143e+01 9.50e-02 1.49e+02  -2.7 3.85e+00    -  5.91e-01 4.97e-01f  1
 188  9.2185984e+00 2.17e-01 5.23e+02  -2.7 1.77e+01    -  3.54e-01 2.71e-01h  1
 189  8.1307323e+00 3.77e-01 7.59e+02  -2.7 1.40e+01    -  1.23e-01 3.62e-01h  1
iter    objective    inf_pr   inf_du lg(mu)  ||d||  lg(rg) alpha_du alpha_pr  ls
 190  7.9334495e+00 2.69e-01 3.55e+02  -2.7 2.51e+00    -  4.83e-01 1.00e+00h  1
 191  7.9621203e+00 1.96e-01 2.73e+02  -2.7 1.93e+00    -  3.05e-01 3.04e-01h  1
 192  8.1444705e+00 1.35e-01 1.73e+02  -2.7 2.20e+00    -  4.25e-01 3.74e-01h  1
 193  8.3304506e+00 7.80e-02 1.07e+02  -2.7 2.46e+00    -  3.03e-01 4.45e-01H  1
 194  8.2411177e+00 5.86e-02 9.76e+01  -2.7 2.94e+00    -  1.66e-01 3.06e-01h  1
 195  8.0245986e+00 5.70e-02 1.52e+02  -2.7 7.65e+00    -  1.75e-01 2.24e-01h  1
 196  7.4418756e+00 2.14e-01 3.17e+02  -2.7 4.68e+01    -  1.73e-01 8.95e-02h  1
 197  6.8262917e+00 3.12e-01 5.26e+02  -2.7 6.32e+01    -  1.79e-01 7.77e-02h  1
 198  6.3816365e+00 4.00e-01 5.99e+02  -2.7 2.84e+01    -  2.44e-01 1.18e-01h  1
 199  6.2982323e+00 2.79e-01 4.78e+02  -2.1 5.52e+00    -  7.88e-01 4.26e-01f  1
iter    objective    inf_pr   inf_du lg(mu)  ||d||  lg(rg) alpha_du alpha_pr  ls
 200  5.5937608e+00 5.64e-01 3.34e+02  -2.4 9.64e+00    -  4.99e-01 6.21e-01h  1
 201  5.7773726e+00 5.17e-01 2.36e+02  -1.8 8.11e+00    -  5.79e-01 6.10e-01h  1
 202  5.5138723e+00 1.98e-01 1.56e+02  -2.2 3.23e+00    -  6.92e-01 6.25e-01h  1
 203  5.4219527e+00 9.74e-02 8.34e+01  -2.1 2.95e+00    -  7.10e-01 5.00e-01h  1
 204  5.6529968e+00 9.04e-02 7.65e+01  -1.9 4.04e+00    -  4.25e-01 4.45e-01H  1
 205  5.4931976e+00 1.91e-01 5.22e+01  -1.8 3.07e+00    -  1.00e+00 1.00e+00h  1
 206  5.2418279e+00 2.28e-01 6.18e+01  -1.9 3.32e+00    -  7.46e-01 1.00e+00h  1
 207  5.2312326e+00 6.97e-02 4.53e+01  -1.9 1.88e+00    -  1.00e+00 6.83e-01h  1
 208  5.3849680e+00 2.03e-01 8.36e+01  -1.1 4.32e+00    -  7.09e-01 3.50e-01f  1
 209  5.4867829e+00 1.16e-01 3.71e+01  -1.3 2.22e+00    -  7.20e-01 4.84e-01h  1
iter    objective    inf_pr   inf_du lg(mu)  ||d||  lg(rg) alpha_du alpha_pr  ls
 210  5.6863160e+00 7.02e-02 9.67e+01  -1.3 1.58e+00    -  4.79e-01 6.74e-01H  1
 211  5.5871731e+00 2.92e-02 6.25e+01  -1.6 1.28e+00    -  1.00e+00 1.00e+00h  1
 212  5.6455818e+00 3.25e-02 1.46e+02  -1.8 1.37e+00    -  6.00e-01 5.06e-01H  1
 213  5.7876602e+00 4.26e-02 1.35e+02  -1.5 1.17e+00    -  8.87e-01 1.00e+00f  1
 214  5.7819547e+00 1.26e-02 4.26e+01  -1.8 7.85e-01    -  1.00e+00 1.00e+00h  1
 215  5.8006662e+00 9.96e-03 7.32e+01  -2.1 9.22e-01    -  7.50e-01 7.02e-01H  1
 216  5.7299093e+00 9.12e-03 2.85e+01  -2.4 6.33e-01    -  1.00e+00 1.00e+00h  1
 217  5.7349186e+00 5.80e-03 2.33e+01  -2.0 5.51e-01    -  1.00e+00 1.00e+00h  1
 218  5.7716597e+00 2.29e-03 5.46e+01  -2.7 4.48e-01    -  9.24e-01 7.33e-01H  1
 219  5.7237339e+00 1.58e-03 1.20e+02  -3.1 5.16e-01    -  1.00e+00 5.42e-01h  1
iter    objective    inf_pr   inf_du lg(mu)  ||d||  lg(rg) alpha_du alpha_pr  ls
 220  5.5217505e+00 1.52e-02 1.28e+02  -2.9 1.79e+00    -  1.00e+00 3.69e-01h  1
 221  5.1571968e+00 6.58e-02 1.30e+02  -2.4 1.80e+00    -  1.00e+00 8.41e-01h  1
 222  5.0564315e+00 2.55e-02 1.09e+02  -2.1 1.01e+00    -  1.00e+00 6.98e-01h  1
 223  4.9829076e+00 1.46e-02 5.80e+01  -3.0 1.05e+00    -  7.57e-01 5.97e-01h  1
 224  4.6068925e+00 6.47e-02 9.17e+01  -3.2 3.43e+00    -  5.05e-01 4.84e-01h  1
 225  4.5058461e+00 6.85e-02 5.63e+01  -2.4 1.49e+00    -  1.00e+00 1.00e+00h  1
 226  4.5981343e+00 2.26e-02 2.70e+01  -2.2 9.05e-01    -  1.00e+00 7.37e-01h  1
 227  4.6274917e+00 1.01e-02 3.04e+01  -2.5 8.43e-01    -  7.06e-01 8.65e-01h  1
 228  4.6029799e+00 8.63e-03 1.09e+02  -2.8 8.19e-01    -  1.00e+00 4.21e-01h  1
 229  4.6764692e+00 4.43e-03 7.60e+01  -2.6 9.13e-01    -  6.11e-01 5.38e-01H  1
iter    objective    inf_pr   inf_du lg(mu)  ||d||  lg(rg) alpha_du alpha_pr  ls
 230  4.5135608e+00 2.05e-02 9.03e+01  -3.1 1.33e+00    -  1.00e+00 7.63e-01h  1
 231  4.5003255e+00 1.91e-02 9.37e+01  -2.4 1.33e+00    -  1.00e+00 5.18e-01h  1
 232  4.4270490e+00 6.71e-03 5.23e+01  -3.0 7.24e-01    -  1.00e+00 8.67e-01h  1
 233  4.6866330e+00 5.45e-02 6.28e+01  -2.2 1.16e+00    -  7.24e-01 1.00e+00f  1
 234  4.4577486e+00 3.23e-02 3.10e+01  -2.4 9.49e-01    -  1.00e+00 1.00e+00h  1
 235  4.3561419e+00 3.37e-02 2.85e+01  -2.4 1.02e+00    -  1.00e+00 1.00e+00h  1
 236  4.2301995e+00 1.67e-02 3.81e+01  -3.0 1.00e+00    -  1.00e+00 1.00e+00h  1
 237  4.1028942e+00 5.51e-02 4.02e+01  -3.1 1.34e+00    -  1.00e+00 1.00e+00h  1
 238  4.0667351e+00 1.96e-02 1.01e+01  -3.2 8.31e-01    -  1.00e+00 1.00e+00h  1
 239  4.0426679e+00 1.52e-02 3.70e+01  -3.5 7.60e-01    -  1.00e+00 4.89e-01h  1
iter    objective    inf_pr   inf_du lg(mu)  ||d||  lg(rg) alpha_du alpha_pr  ls
 240  4.1623571e+00 7.96e-03 3.93e+01  -3.1 8.80e-01    -  5.45e-01 4.98e-01H  1
 241  4.2233930e+00 4.65e-03 8.59e+01  -3.0 6.91e-01    -  1.00e+00 5.00e-01h  2
 242  4.2951552e+00 3.79e-03 1.10e+02  -2.7 7.20e-01    -  1.00e+00 5.00e-01h  2
 243  4.2732341e+00 5.24e-03 2.07e+01  -3.2 5.50e-01    -  1.00e+00 6.65e-01h  1
 244  4.4798447e+00 2.67e-02 2.33e+01  -2.4 8.85e-01    -  1.00e+00 1.00e+00f  1
 245  4.3489629e+00 2.88e-02 7.07e+01  -2.4 1.12e+00    -  1.00e+00 1.00e+00h  1
 246  4.3113315e+00 1.14e-02 3.16e+01  -2.4 7.19e-01    -  1.00e+00 1.00e+00h  1
 247  4.3673386e+00 6.03e-03 4.79e+01  -2.4 5.93e-01    -  9.69e-01 5.00e-01h  2
 248  4.4017865e+00 5.04e-03 1.06e+02  -2.4 5.53e-01    -  1.00e+00 3.80e-01h  2
 249  4.3745340e+00 2.47e-03 9.55e+01  -3.0 3.88e-01    -  1.00e+00 6.95e-01h  1
iter    objective    inf_pr   inf_du lg(mu)  ||d||  lg(rg) alpha_du alpha_pr  ls
 250  4.4411112e+00 2.23e-03 1.40e+02  -3.1 5.86e-01    -  2.41e-01 5.12e-01H  1
 251  4.3632531e+00 3.24e-03 2.70e+01  -3.1 4.71e-01    -  1.00e+00 1.00e+00h  1
 252  4.2355130e+00 1.20e-02 3.13e+01  -2.8 8.63e-01    -  1.00e+00 7.95e-01h  1
 253  4.2657398e+00 2.84e-03 1.24e+01  -2.9 3.09e-01    -  1.00e+00 1.00e+00h  1
 254  4.2809152e+00 1.88e-03 3.81e+01  -3.0 3.42e-01    -  1.00e+00 5.00e-01h  2
 255  4.2673193e+00 1.42e-03 2.05e+01  -3.5 4.60e-01    -  1.00e+00 4.07e-01h  1
 256  4.1941791e+00 8.11e-03 6.68e+01  -3.6 9.05e-01    -  1.00e+00 5.21e-01h  1
 257  4.1412119e+00 7.85e-03 7.65e+01  -3.6 1.09e+00    -  8.29e-01 4.34e-01h  1
 258  4.1154960e+00 5.41e-03 7.59e+01  -3.6 6.34e-01    -  4.42e-01 4.37e-01h  1
 259  4.0437566e+00 1.50e-02 6.71e+01  -3.6 1.30e+00    -  6.14e-01 4.64e-01h  1
iter    objective    inf_pr   inf_du lg(mu)  ||d||  lg(rg) alpha_du alpha_pr  ls
 260  4.0379443e+00 5.90e-03 4.77e+01  -3.6 3.92e-01    -  1.00e+00 6.08e-01h  1
 261  4.1186675e+00 9.90e-03 4.90e+01  -3.1 4.43e-01    -  8.03e-01 1.00e+00f  1
 262  4.1099133e+00 1.61e-03 1.37e+01  -3.3 2.41e-01    -  1.00e+00 1.00e+00h  1
 263  4.0957895e+00 1.66e-03 1.02e+02  -3.9 4.01e-01    -  1.00e+00 4.81e-01h  1
 264  4.0871127e+00 2.33e-03 5.37e+01  -4.0 4.84e-01    -  1.00e+00 4.01e-01h  1
 265  4.0981754e+00 2.13e-03 8.20e+01  -3.1 4.36e-01    -  8.01e-01 3.14e-01h  1
 266  4.1058308e+00 1.05e-03 3.33e+01  -3.3 2.05e-01    -  1.00e+00 9.53e-01h  1
 267  4.0819998e+00 4.28e-03 2.24e+01  -3.5 2.71e-01    -  8.64e-01 9.63e-01h  1
 268  4.0493099e+00 2.13e-03 2.61e+01  -3.8 3.58e-01    -  1.00e+00 7.73e-01h  1
 269  4.0443978e+00 2.06e-03 1.49e+02  -4.0 7.20e-01    -  1.00e+00 1.06e-01h  1
iter    objective    inf_pr   inf_du lg(mu)  ||d||  lg(rg) alpha_du alpha_pr  ls
 270  4.0489928e+00 1.83e-02 6.98e+01  -3.0 1.05e+00    -  4.32e-01 5.99e-01f  1
 271  3.9925053e+00 6.90e-03 6.14e+01  -3.4 6.07e-01    -  1.00e+00 6.94e-01h  1
 272  3.9886910e+00 4.60e-03 1.39e+02  -3.2 5.25e-01    -  6.62e-01 3.04e-01h  1
 273  4.0040663e+00 6.14e-03 2.86e+01  -3.3 3.25e-01    -  8.79e-01 9.69e-01h  1
 274  3.9859863e+00 3.77e-03 2.75e+01  -4.0 3.51e-01    -  1.00e+00 8.85e-01h  1
 275  3.9723506e+00 3.73e-03 3.03e+01  -3.5 4.74e-01    -  1.00e+00 9.36e-01h  1
 276  4.0331644e+00 1.86e-03 1.28e+02  -3.2 3.56e-01    -  4.22e-01 6.87e-01H  1
 277  4.0123595e+00 3.83e-03 2.29e+01  -3.8 3.28e-01    -  1.00e+00 9.34e-01h  1
 278  4.0581705e+00 7.71e-03 4.66e+01  -3.1 4.45e-01    -  8.15e-01 1.00e+00h  1
 279  4.0400862e+00 5.43e-03 1.47e+02  -3.3 3.20e-01    -  1.00e+00 3.16e-01h  1
iter    objective    inf_pr   inf_du lg(mu)  ||d||  lg(rg) alpha_du alpha_pr  ls
 280  3.9915692e+00 3.54e-03 1.47e+01  -3.3 3.65e-01    -  1.00e+00 1.00e+00h  1
 281  4.0114155e+00 3.29e-03 2.90e+01  -3.3 3.43e-01    -  1.00e+00 9.19e-01h  1
 282  3.9761580e+00 2.47e-03 3.36e+01  -3.8 4.13e-01    -  1.00e+00 6.38e-01h  1
 283  3.9809813e+00 2.52e-03 3.31e+01  -3.3 4.22e-01    -  9.85e-01 7.58e-01h  1
 284  3.9810571e+00 1.95e-03 1.14e+02  -3.4 3.35e-01    -  1.00e+00 2.43e-01h  1
 285  3.9953735e+00 2.69e-03 1.71e+01  -3.4 2.88e-01    -  1.00e+00 1.00e+00h  1
 286  3.9890233e+00 1.72e-03 1.92e+02  -4.0 3.09e-01    -  1.00e+00 3.67e-01h  1
 287  3.9800009e+00 1.34e-03 1.85e+02  -3.7 4.98e-01    -  1.00e+00 3.01e-01h  1
 288  3.9907823e+00 5.65e-03 3.67e+01  -3.4 4.20e-01    -  1.00e+00 1.00e+00h  1
 289  3.9756784e+00 1.63e-03 1.45e+01  -3.5 1.77e-01    -  1.00e+00 1.00e+00h  1
iter    objective    inf_pr   inf_du lg(mu)  ||d||  lg(rg) alpha_du alpha_pr  ls
 290  3.9697279e+00 1.01e-03 4.27e+01  -3.8 1.28e-01    -  1.00e+00 4.12e-01h  1
 291  3.9681522e+00 4.76e-04 1.27e+02  -4.0 1.90e-01    -  1.00e+00 6.67e-01H  1
 292  3.9691821e+00 5.40e-04 1.04e+02  -3.7 3.52e-01    -  1.00e+00 2.52e-01h  2
 293  3.9468097e+00 1.20e-02 8.45e+01  -3.8 1.21e+00    -  4.11e-01 5.09e-01h  1
 294  3.9278791e+00 1.35e-02 1.27e+02  -3.8 2.12e+00    -  5.69e-01 1.78e-01h  1
 295  3.9226339e+00 1.14e-02 1.25e+02  -3.8 5.98e-01    -  6.83e-01 1.72e-01h  1
 296  3.9239519e+00 8.87e-03 7.38e+01  -3.1 9.78e-01    -  4.88e-01 2.96e-01h  1
 297  3.9194487e+00 6.01e-03 1.12e+02  -3.7 2.96e-01    -  1.00e+00 3.24e-01h  1
 298  3.9104466e+00 7.40e-03 5.28e+01  -3.5 9.53e-01    -  1.00e+00 5.28e-01h  1
 299  3.9168853e+00 1.57e-02 5.87e+01  -3.2 6.45e-01    -  1.00e+00 1.00e+00h  1
iter    objective    inf_pr   inf_du lg(mu)  ||d||  lg(rg) alpha_du alpha_pr  ls
 300  3.9015274e+00 6.61e-03 1.71e+01  -3.3 3.97e-01    -  1.00e+00 1.00e+00h  1
 301  3.8934554e+00 3.31e-03 7.42e+01  -3.6 2.94e-01    -  1.00e+00 6.79e-01h  1
 302  3.9111409e+00 2.51e-03 1.14e+02  -3.3 3.49e-01    -  6.27e-01 5.22e-01H  1
 303  3.9533698e+00 2.10e-03 4.35e+01  -3.1 2.48e-01    -  1.00e+00 1.00e+00h  1
 304  3.9608812e+00 1.76e-03 2.10e+01  -3.1 2.72e-01    -  1.00e+00 1.00e+00h  1
 305  3.9448553e+00 8.71e-04 1.14e+01  -3.8 1.49e-01    -  1.00e+00 1.00e+00h  1
 306  3.9403187e+00 6.76e-04 2.61e+01  -3.8 1.70e-01    -  1.00e+00 8.75e-01h  1
 307  3.9391328e+00 3.24e-04 6.26e+01  -4.0 1.52e-01    -  1.00e+00 5.75e-01h  1
 308  3.9341424e+00 4.83e-04 2.06e+01  -4.0 1.42e-01    -  1.00e+00 7.81e-01h  1
 309  3.9352855e+00 2.20e-04 7.65e+00  -4.0 6.69e-02    -  1.00e+00 1.00e+00h  1
iter    objective    inf_pr   inf_du lg(mu)  ||d||  lg(rg) alpha_du alpha_pr  ls
 310  3.9337492e+00 1.60e-04 5.34e+01  -4.0 1.20e-01    -  1.00e+00 6.72e-01h  1
 311  3.9273650e+00 8.77e-04 5.03e+01  -4.0 2.66e-01    -  1.00e+00 5.28e-01h  1
 312  3.9209895e+00 5.78e-04 4.05e+01  -4.0 1.68e-01    -  1.00e+00 8.09e-01h  1
 313  3.9224961e+00 2.10e-04 9.04e+00  -4.0 1.00e-01    -  1.00e+00 1.00e+00h  1
 314  3.9233296e+00 2.04e-04 1.86e+01  -4.0 8.53e-02    -  8.10e-01 1.00e+00h  1
 315  3.9232121e+00 1.17e-04 2.20e+01  -4.0 5.43e-02    -  1.00e+00 4.85e-01h  1
 316  3.9259584e+00 9.97e-05 4.56e+00  -4.0 4.47e-02    -  1.00e+00 1.00e+00h  1
 317  3.9280786e+00 1.69e-05 4.97e+00  -4.0 2.13e-02    -  1.00e+00 1.00e+00h  1
 318  3.9296385e+00 1.97e-06 2.07e+00  -4.0 1.66e-02    -  1.00e+00 1.00e+00H  1
 319  3.9296563e+00 1.91e-06 6.76e+01  -4.0 3.18e-02    -  1.00e+00 2.79e-02h  6
iter    objective    inf_pr   inf_du lg(mu)  ||d||  lg(rg) alpha_du alpha_pr  ls
 320  3.9285693e+00 8.05e-05 7.01e+01  -4.1 1.09e-01    -  1.00e+00 5.81e-01h  1
 321  3.9253129e+00 4.16e-04 2.64e+01  -4.1 1.33e-01    -  1.00e+00 1.00e+00f  1
 322  3.9219031e+00 4.23e-04 5.30e+01  -4.1 2.82e-01    -  9.16e-01 3.96e-01h  1
 323  3.9190203e+00 8.74e-04 3.55e+01  -4.0 1.80e-01    -  1.00e+00 7.99e-01f  1
 324  3.9136912e+00 1.97e-04 1.86e+01  -4.0 1.11e-01    -  1.00e+00 1.00e+00h  1
 325  3.9137365e+00 1.09e-04 4.98e+01  -4.0 6.23e-02    -  1.00e+00 5.18e-01h  1
 326  3.9138303e+00 8.99e-05 5.88e+01  -4.0 1.26e-01    -  1.00e+00 1.86e-01h  3
 327  3.9596253e+00 3.90e-03 6.93e+01  -3.1 3.69e-01    -  9.61e-01 7.42e-01f  1
 328  3.9605896e+00 7.00e-03 8.50e+01  -3.2 4.36e-01    -  9.24e-01 1.00e+00h  1
 329  3.9239677e+00 9.00e-03 9.24e+01  -3.2 6.88e-01    -  1.00e+00 9.37e-01h  1
iter    objective    inf_pr   inf_du lg(mu)  ||d||  lg(rg) alpha_du alpha_pr  ls
 330  3.8588705e+00 1.65e-02 9.41e+01  -3.2 9.18e-01    -  1.00e+00 8.01e-01h  1
 331  3.8506195e+00 8.44e-03 2.22e+01  -3.5 6.20e-01    -  1.00e+00 9.07e-01h  1
 332  3.8890480e+00 1.51e-02 3.90e+01  -3.0 5.99e-01    -  7.48e-01 5.68e-01h  1
 333  3.8801764e+00 4.65e-03 1.51e+01  -3.3 3.51e-01    -  1.00e+00 1.00e+00h  1
 334  3.8632125e+00 5.57e-03 1.01e+01  -3.3 3.38e-01    -  1.00e+00 1.00e+00h  1
 335  3.8840228e+00 4.40e-03 1.47e+02  -3.1 6.03e-01    -  1.00e+00 2.50e-01h  3
 336  3.9105572e+00 4.02e-03 2.23e+01  -3.2 6.71e-01    -  1.00e+00 5.00e-01h  2
 337  3.9030973e+00 2.51e-03 3.93e+00  -3.2 2.68e-01    -  1.00e+00 1.00e+00h  1
 338  3.9174029e+00 1.97e-03 3.10e+02  -3.4 4.77e-01    -  1.00e+00 2.34e-01h  3
 339  3.9149395e+00 1.76e-03 4.01e+01  -3.5 5.98e-01    -  1.00e+00 1.89e-01h  3
iter    objective    inf_pr   inf_du lg(mu)  ||d||  lg(rg) alpha_du alpha_pr  ls
 340  3.9225909e+00 1.30e-03 4.62e+01  -3.5 3.53e-01    -  1.00e+00 2.50e-01h  3
 341  3.9198571e+00 1.07e-03 1.00e+02  -3.5 3.06e-01    -  1.00e+00 1.90e-01h  3
 342  3.9261144e+00 5.96e-04 2.56e+01  -3.5 2.34e-01    -  1.00e+00 5.00e-01h  2
 343  3.9398625e+00 2.84e-04 1.78e+01  -3.5 1.39e-01    -  1.00e+00 1.00e+00H  1
 344  3.9286928e+00 3.05e-04 1.45e+02  -3.5 2.17e-01    -  1.00e+00 5.00e-01h  2
 345  3.9229700e+00 2.82e-04 1.02e+01  -3.5 8.85e-02    -  1.00e+00 1.00e+00h  1
 346  3.9196963e+00 3.14e-04 1.17e+01  -3.5 9.35e-02    -  1.00e+00 1.00e+00h  1
 347  3.9233455e+00 7.13e-05 2.57e+00  -3.5 4.68e-02    -  1.00e+00 1.00e+00h  1
 348  3.9253639e+00 3.75e-05 4.67e+00  -3.5 4.12e-02    -  1.00e+00 1.00e+00h  1
 349  3.9248573e+00 4.07e-05 3.18e+01  -3.5 8.22e-02    -  1.00e+00 2.50e-01h  3
iter    objective    inf_pr   inf_du lg(mu)  ||d||  lg(rg) alpha_du alpha_pr  ls
 350  3.9243910e+00 4.37e-05 1.55e+02  -3.5 4.17e-01    -  1.00e+00 3.12e-02h  6
 351  3.9238887e+00 4.90e-05 5.24e+01  -3.5 1.27e+00    -  1.00e+00 1.27e-02h  7
 352  3.8725324e+00 2.20e-01 3.35e+02  -3.5 5.36e+00    -  5.50e-01 3.91e-01h  1
 353  3.7561446e+00 4.72e-02 2.25e+02  -3.5 1.03e+00    -  7.10e-01 7.87e-01h  1
 354  3.7513043e+00 2.88e-02 1.49e+02  -3.0 7.25e-01    -  1.00e+00 4.02e-01f  1
 355  3.7964328e+00 1.20e-02 1.62e+02  -2.7 4.23e-01    -  6.98e-01 1.00e+00h  1
 356  3.8517206e+00 3.34e-03 7.37e+01  -2.8 3.41e-01    -  1.00e+00 1.00e+00h  1
 357  3.8526639e+00 1.84e-03 2.29e+01  -3.5 2.06e-01    -  1.00e+00 1.00e+00h  1
 358  3.8557676e+00 1.18e-03 5.71e+01  -3.2 2.73e-01    -  1.00e+00 5.00e-01h  2
 359  3.8648928e+00 6.79e-04 6.63e+01  -3.6 1.79e-01    -  1.00e+00 5.00e-01h  2
iter    objective    inf_pr   inf_du lg(mu)  ||d||  lg(rg) alpha_du alpha_pr  ls
 360  3.8548485e+00 2.93e-03 2.80e+01  -3.8 2.67e-01    -  1.00e+00 8.72e-01h  1
 361  3.8307632e+00 1.73e-03 2.18e+01  -3.9 1.74e-01    -  1.00e+00 1.00e+00h  1
 362  3.8183516e+00 1.07e-03 2.13e+01  -4.0 1.68e-01    -  1.00e+00 1.00e+00h  1
 363  3.8241764e+00 4.84e-04 6.41e+00  -4.0 1.37e-01    -  1.00e+00 9.54e-01h  1
 364  3.8301495e+00 2.58e-04 1.15e+02  -4.0 1.03e-01    -  1.00e+00 4.91e-01h  1
 365  3.8263226e+00 3.57e-04 3.39e+01  -3.7 1.73e-01    -  1.00e+00 7.23e-01h  1
 366  3.8168817e+00 8.90e-04 1.55e+01  -3.8 1.75e-01    -  9.32e-01 1.00e+00h  1
 367  3.8101143e+00 3.31e-04 5.36e+00  -4.0 9.25e-02    -  1.00e+00 1.00e+00h  1
 368  3.8152225e+00 3.66e-04 8.66e+00  -4.0 9.85e-02    -  1.00e+00 1.00e+00h  1
 369  3.8115261e+00 2.24e-04 9.25e+00  -4.0 9.35e-02    -  1.00e+00 1.00e+00h  1
iter    objective    inf_pr   inf_du lg(mu)  ||d||  lg(rg) alpha_du alpha_pr  ls
 370  3.8066722e+00 1.78e-04 8.56e+00  -4.1 8.23e-02    -  1.00e+00 1.00e+00h  1
 371  3.8091047e+00 1.16e-04 5.01e+00  -4.0 6.67e-02    -  1.00e+00 1.00e+00h  1
 372  3.8094394e+00 3.56e-05 3.42e+00  -4.0 3.05e-02    -  1.00e+00 1.00e+00h  1
 373  3.8043933e+00 3.55e-04 2.85e+01  -4.0 1.01e-01    -  1.00e+00 7.67e-01h  1
 374  3.7961666e+00 1.29e-03 3.09e+01  -4.0 3.81e-01    -  1.00e+00 4.18e-01h  1
 375  3.7893876e+00 2.32e-03 2.91e+02  -3.6 6.96e-01    -  1.00e+00 2.61e-01h  1
 376  3.8030314e+00 1.78e-02 1.86e+02  -3.0 1.44e+00    -  3.66e-01 4.39e-01f  1
 377  3.7677982e+00 2.06e-02 1.36e+02  -3.4 1.22e+00    -  3.23e-01 4.98e-01h  1
 378  3.7098160e+00 2.35e-02 1.46e+02  -3.4 1.54e+00    -  4.84e-01 3.13e-01h  1
 379  3.6813945e+00 1.77e-02 1.35e+02  -4.0 8.87e-01    -  4.56e-01 2.98e-01h  1
iter    objective    inf_pr   inf_du lg(mu)  ||d||  lg(rg) alpha_du alpha_pr  ls
 380  3.6482761e+00 9.35e-03 1.08e+02  -4.0 4.39e-01    -  3.46e-01 5.32e-01h  1
 381  3.6399844e+00 8.52e-03 1.08e+02  -3.9 9.45e-01    -  6.03e-01 1.14e-01h  1
 382  3.6408762e+00 9.88e-03 9.39e+01  -3.5 8.93e-01    -  5.85e-01 3.46e-01h  1
 383  3.6227263e+00 1.24e-02 1.12e+02  -3.7 2.67e+00    -  2.52e-01 1.06e-01h  1
 384  3.6098765e+00 6.51e-02 1.64e+02  -3.1 2.40e+00    -  5.84e-01 3.79e-01f  1
 385  3.6547926e+00 3.62e-02 1.50e+02  -2.9 7.55e-01    -  1.00e+00 6.01e-01h  1
 386  3.6382636e+00 1.93e-02 1.07e+02  -3.0 5.18e-01    -  6.13e-01 4.84e-01h  1
 387  3.6172703e+00 6.31e-03 4.02e+01  -3.0 5.39e-01    -  1.00e+00 7.90e-01h  1
 388  3.8164548e+00 6.59e-02 9.69e+01  -2.1 2.48e+00    -  1.00e+00 4.82e-01f  1
 389  3.6718644e+00 1.75e-01 9.65e+01  -2.2 2.75e+00    -  7.76e-01 1.00e+00h  1
iter    objective    inf_pr   inf_du lg(mu)  ||d||  lg(rg) alpha_du alpha_pr  ls
 390  3.7399284e+00 3.24e-02 3.13e+01  -2.2 1.06e+00    -  1.00e+00 1.00e+00h  1
 391  3.8193391e+00 4.92e-02 9.57e+00  -2.2 1.08e+00    -  1.00e+00 1.00e+00h  1
 392  3.8686664e+00 3.86e-02 3.07e+01  -2.2 1.24e+00    -  1.00e+00 9.44e-01h  1
 393  3.8436105e+00 2.13e-02 9.42e+00  -2.2 7.60e-01    -  1.00e+00 1.00e+00h  1
 394  3.8556461e+00 1.47e-02 3.77e+02  -2.2 1.03e+00    -  1.00e+00 3.22e-01h  1
 395  3.8954603e+00 1.10e-02 1.66e+02  -2.2 1.12e+00    -  1.00e+00 2.50e-01h  3
 396  3.9418665e+00 1.05e-02 6.12e+01  -2.2 1.06e+00    -  1.00e+00 2.50e-01h  3
 397  3.9847485e+00 7.80e-03 9.04e+01  -2.2 9.66e-01    -  1.00e+00 2.50e-01h  3
 398  4.0081947e+00 6.92e-03 2.64e+02  -2.2 1.06e+00    -  1.00e+00 1.25e-01h  4
 399  4.0369839e+00 6.04e-03 1.23e+02  -2.2 1.34e+00    -  1.00e+00 1.25e-01h  4
iter    objective    inf_pr   inf_du lg(mu)  ||d||  lg(rg) alpha_du alpha_pr  ls
 400  4.0504351e+00 5.75e-03 7.66e+01  -2.2 1.18e+00    -  1.00e+00 6.25e-02h  5
 401  4.0637285e+00 5.40e-03 1.96e+02  -2.2 1.17e+00    -  1.00e+00 6.25e-02h  5
 402  4.0710094e+00 5.24e-03 1.36e+02  -2.2 1.42e+00    -  1.00e+00 2.98e-02h  6
 403  4.0797709e+00 5.05e-03 3.24e+01  -2.2 1.78e+00    -  1.00e+00 3.12e-02h  6
 404  4.0884932e+00 4.89e-03 1.00e+02  -2.2 1.78e+00    -  1.00e+00 3.12e-02h  6
 405  4.1065969e+00 4.43e-03 3.30e+01  -2.2 2.26e+00    -  1.00e+00 6.25e-02h  5
 406  4.1151827e+00 4.28e-03 1.10e+02  -2.2 1.86e+00    -  1.00e+00 3.12e-02h  6
 407  4.1234929e+00 4.13e-03 6.39e+01  -2.2 2.48e+00    -  1.00e+00 3.12e-02h  6
 408  4.1324994e+00 3.96e-03 1.03e+02  -2.2 2.43e+00    -  1.00e+00 3.12e-02h  6
 409  4.1408606e+00 3.77e-03 8.65e+01  -2.2 2.78e+00    -  1.00e+00 3.12e-02h  6
iter    objective    inf_pr   inf_du lg(mu)  ||d||  lg(rg) alpha_du alpha_pr  ls
 410  4.1990622e+00 1.18e-02 7.65e+01  -2.2 3.03e+00    -  1.00e+00 2.50e-01h  3
 411  4.2275813e+00 1.01e-02 5.53e+01  -2.2 8.45e-01    -  1.00e+00 2.50e-01h  3
 412  4.3003880e+00 3.47e-02 7.24e+01  -2.2 9.41e-01    -  1.00e+00 1.00e+00h  1
 413  4.2918626e+00 1.54e-02 3.65e+01  -2.2 6.63e-01    -  1.00e+00 1.00e+00h  1
 414  4.2558278e+00 8.00e-03 1.06e+01  -2.2 5.58e-01    -  1.00e+00 1.00e+00h  1
 415  4.2754237e+00 6.66e-03 8.55e+01  -2.2 7.25e-01    -  1.00e+00 5.00e-01h  2
 416  4.2961061e+00 8.75e-03 3.57e+01  -2.2 3.91e-01    -  1.00e+00 1.00e+00h  1
 417  4.2828279e+00 5.12e-03 3.01e+01  -2.2 3.89e-01    -  1.00e+00 1.00e+00h  1
 418  4.2872117e+00 6.62e-03 1.11e+02  -2.2 3.67e-01    -  1.00e+00 1.00e+00h  1
 419  4.2959623e+00 3.53e-03 6.22e+01  -2.2 3.59e-01    -  1.00e+00 1.00e+00h  1
iter    objective    inf_pr   inf_du lg(mu)  ||d||  lg(rg) alpha_du alpha_pr  ls
 420  4.3042207e+00 2.59e-03 6.27e+02  -2.2 3.77e-01    -  1.00e+00 5.00e-01h  2
 421  4.3039800e+00 1.51e-03 6.69e+02  -2.2 2.72e-01    -  1.00e+00 5.00e-01h  2
 422  4.3094939e+00 1.18e-03 3.48e+02  -2.2 2.69e-01    -  1.00e+00 2.50e-01h  3
 423  4.3143372e+00 1.04e-03 2.23e+02  -2.2 3.22e-01    -  1.00e+00 1.25e-01h  4
 424  4.3176066e+00 9.82e-04 1.65e+03  -2.2 4.87e-01    -  1.00e+00 6.25e-02h  5
 425  4.3711315e+00 1.24e-04 6.17e+01  -2.2 4.14e-01    -  1.00e+00 1.00e+00H  1
 426  4.3715100e+00 2.97e-04 7.28e+02  -2.2 2.91e-01    -  1.00e+00 2.50e-01h  3
 427  4.3736929e+00 5.15e-05 3.36e+01  -2.2 1.05e-01    -  1.00e+00 1.00e+00H  1
 428  4.3749707e+00 9.10e-05 3.56e+01  -2.2 1.08e-01    -  1.00e+00 1.00e+00H  1
 429  4.3692974e+00 2.14e-04 2.43e+01  -2.2 7.66e-02    -  1.00e+00 1.00e+00h  1
iter    objective    inf_pr   inf_du lg(mu)  ||d||  lg(rg) alpha_du alpha_pr  ls
 430  4.3668931e+00 3.38e-04 1.15e+01  -2.2 1.51e-01    -  1.00e+00 1.00e+00h  1
 431  4.3704549e+00 6.93e-05 5.23e+00  -2.2 6.64e-02    -  1.00e+00 1.00e+00h  1
 432  4.3730425e+00 4.04e-05 1.46e+01  -2.2 4.98e-02    -  1.00e+00 1.00e+00H  1
 433  4.3718073e+00 6.81e-05 5.69e+00  -2.2 3.84e-02    -  1.00e+00 1.00e+00h  1
 434  4.3720668e+00 1.56e-05 2.26e+00  -2.2 1.36e-02    -  1.00e+00 1.00e+00h  1
 435  4.3756497e+00 4.74e-06 1.81e+01  -2.2 7.59e-02    -  1.00e+00 1.00e+00H  1
 436  4.3788611e+00 6.28e-05 3.75e+01  -2.2 1.15e-01    -  1.00e+00 1.00e+00H  1
 437  4.3784602e+00 2.47e-04 2.99e+01  -2.2 1.91e-01    -  1.00e+00 5.00e-01h  2
 438  4.3758402e+00 1.02e-04 9.24e+00  -2.2 5.12e-02    -  1.00e+00 1.00e+00h  1
 439  4.3784892e+00 2.81e-05 9.11e+00  -2.2 4.92e-02    -  1.00e+00 1.00e+00H  1
iter    objective    inf_pr   inf_du lg(mu)  ||d||  lg(rg) alpha_du alpha_pr  ls
 440  4.3795164e+00 3.25e-05 2.42e+01  -2.2 2.09e-01    -  1.00e+00 1.25e-01h  4
 441  4.3840852e+00 7.22e-04 3.84e+01  -2.2 2.51e-01    -  1.00e+00 5.00e-01h  2
 442  4.3857343e+00 7.62e-04 4.79e+01  -2.2 3.87e-01    -  1.00e+00 1.25e-01h  4
 443  4.3874042e+00 8.36e-04 8.24e+01  -2.2 4.92e-01    -  1.00e+00 1.25e-01h  4
 444  4.3892517e+00 8.33e-04 6.64e+01  -2.2 3.89e-01    -  1.00e+00 1.25e-01h  4
 445  4.3902057e+00 9.15e-04 1.75e+02  -2.2 1.07e+00    -  1.00e+00 6.25e-02h  5
 446  4.4072044e+00 3.75e-04 9.06e+01  -2.2 3.29e-01    -  1.00e+00 1.00e+00H  1
 447  4.4086087e+00 8.58e-03 1.39e+02  -2.2 4.87e-01    -  1.00e+00 1.00e+00h  1
 448  4.3921487e+00 1.87e-03 6.79e+01  -2.2 2.12e-01    -  1.00e+00 1.00e+00h  1
 449  4.3705006e+00 6.65e-03 7.76e+01  -2.2 4.13e-01    -  1.00e+00 1.00e+00h  1
iter    objective    inf_pr   inf_du lg(mu)  ||d||  lg(rg) alpha_du alpha_pr  ls
 450  4.3861171e+00 6.94e-03 7.11e+01  -2.2 5.13e-01    -  1.00e+00 1.00e+00h  1
 451  4.3764134e+00 1.78e-03 1.58e+01  -2.2 2.40e-01    -  1.00e+00 1.00e+00h  1
 452  4.3721352e+00 1.02e-03 1.35e+01  -2.2 2.24e-01    -  1.00e+00 1.00e+00h  1
 453  4.3797892e+00 5.84e-04 2.14e+02  -2.2 1.52e-01    -  1.00e+00 5.00e-01h  2
 454  4.4101689e+00 2.38e-04 3.12e+01  -2.2 1.94e-01    -  1.00e+00 1.00e+00H  1
 455  4.4050960e+00 7.03e-04 1.62e+02  -2.2 2.84e-01    -  1.00e+00 5.00e-01h  2
 456  4.4003905e+00 3.82e-04 4.05e+00  -2.2 1.09e-01    -  1.00e+00 1.00e+00h  1
 457  4.4061049e+00 5.42e-05 2.70e+00  -2.2 4.68e-02    -  1.00e+00 1.00e+00h  1
 458  4.4087745e+00 4.47e-05 1.32e+01  -2.2 6.71e-02    -  1.00e+00 5.00e-01h  2
 459  4.4116709e+00 2.85e-05 3.75e+00  -2.2 3.46e-02    -  1.00e+00 1.00e+00h  1
iter    objective    inf_pr   inf_du lg(mu)  ||d||  lg(rg) alpha_du alpha_pr  ls
 460  4.4126998e+00 1.57e-05 4.04e+00  -2.2 1.99e-02    -  1.00e+00 1.00e+00h  1
 461  4.4128999e+00 4.77e-07 7.74e+00  -2.2 3.12e-02    -  1.00e+00 1.00e+00H  1
 462  4.3998591e+00 1.96e-04 6.83e+00  -3.3 6.53e-02    -  1.00e+00 1.00e+00f  1
 463  4.2956005e+00 3.99e-03 4.64e+02  -3.4 1.81e+00    -  1.00e+00 2.67e-01f  1
 464  4.0385320e+00 4.13e-02 2.92e+02  -3.4 5.96e+00    -  4.56e-01 2.04e-01h  1
 465  3.8858871e+00 4.08e-02 2.31e+02  -3.4 2.60e+00    -  4.72e-01 2.82e-01h  1
 466  3.8425137e+00 3.71e-02 2.24e+02  -3.4 2.46e+00    -  3.52e-01 1.01e-01h  1
 467  3.8025114e+00 1.34e-02 1.27e+02  -3.4 5.67e-01    -  5.40e-01 6.47e-01h  1
 468  3.7768436e+00 8.75e-03 1.08e+02  -3.4 7.04e-01    -  4.05e-01 3.62e-01h  1
 469  3.7792131e+00 8.21e-03 1.00e+02  -3.4 2.71e-01    -  9.18e-01 6.11e-02h  1
iter    objective    inf_pr   inf_du lg(mu)  ||d||  lg(rg) alpha_du alpha_pr  ls
 470  3.7871603e+00 5.48e-03 9.70e+01  -3.4 2.63e-01    -  5.99e-01 3.41e-01h  1
 471  3.7961017e+00 3.77e-03 4.68e+02  -3.4 2.96e-01    -  9.37e-01 3.17e-01h  1
 472  3.7899288e+00 4.65e-03 7.30e+01  -3.4 4.66e-01    -  8.94e-01 6.18e-01h  1
 473  3.7619893e+00 4.96e-03 7.10e+01  -3.4 6.37e-01    -  1.00e+00 7.40e-01h  1
 474  3.7391900e+00 2.32e-03 5.56e+01  -3.9 2.73e-01    -  1.00e+00 5.69e-01h  1
 475  3.7001161e+00 4.36e-03 1.36e+01  -3.5 3.27e-01    -  1.00e+00 1.00e+00h  1
 476  3.6910026e+00 2.01e-03 1.31e+01  -4.0 2.40e-01    -  8.76e-01 6.58e-01h  1
 477  3.6947635e+00 1.15e-03 6.50e+01  -3.9 3.80e-01    -  8.45e-01 5.25e-01H  1
 478  3.6956463e+00 7.82e-03 4.92e+01  -3.4 5.64e-01    -  9.57e-01 7.61e-01h  1
 479  3.6866234e+00 3.42e-03 7.69e+01  -3.5 2.50e-01    -  1.00e+00 7.16e-01h  1
iter    objective    inf_pr   inf_du lg(mu)  ||d||  lg(rg) alpha_du alpha_pr  ls
 480  3.6661808e+00 2.65e-03 5.51e+00  -3.8 2.18e-01    -  1.00e+00 1.00e+00h  1
 481  3.6583666e+00 1.88e-03 4.36e+01  -4.0 2.65e-01    -  1.00e+00 6.34e-01h  1
 482  3.6649902e+00 1.02e-03 4.40e+01  -4.0 1.98e-01    -  1.00e+00 5.43e-01h  1
 483  3.6661584e+00 7.33e-04 5.42e+01  -3.7 2.31e-01    -  1.00e+00 5.83e-01h  1
 484  3.6654228e+00 7.74e-04 1.31e+01  -4.0 1.28e-01    -  1.00e+00 1.00e+00h  1
 485  3.6640063e+00 5.49e-04 4.47e+01  -4.0 1.12e-01    -  1.00e+00 5.31e-01h  1
 486  3.6697095e+00 1.61e-03 2.96e+01  -3.7 1.39e-01    -  1.00e+00 1.00e+00h  1
 487  3.6620409e+00 3.32e-03 3.75e+01  -3.8 2.79e-01    -  7.59e-01 8.84e-01h  1
 488  3.6524194e+00 3.71e-03 1.99e+02  -3.8 4.47e-01    -  1.00e+00 4.21e-01h  1
 489  3.5990277e+00 1.05e-02 1.17e+02  -3.3 1.58e+00    -  2.37e-01 3.40e-01f  1
iter    objective    inf_pr   inf_du lg(mu)  ||d||  lg(rg) alpha_du alpha_pr  ls
 490  3.5853464e+00 5.73e-03 5.58e+01  -3.3 6.44e-01    -  1.00e+00 7.56e-01h  1
 491  3.5900877e+00 1.82e-02 5.72e+01  -2.8 6.40e-01    -  6.52e-01 7.52e-01h  1
 492  3.5943376e+00 1.13e-02 4.49e+01  -3.0 3.80e-01    -  1.00e+00 1.00e+00h  1
 493  3.6127663e+00 1.24e-02 1.44e+01  -2.8 4.34e-01    -  9.08e-01 1.00e+00h  1
 494  3.6201473e+00 9.69e-03 6.86e+01  -2.9 5.18e-01    -  1.00e+00 2.36e-01h  1
 495  3.6522417e+00 4.10e-03 2.38e+02  -2.9 4.04e-01    -  4.61e-01 1.00e+00h  1
 496  3.6454192e+00 2.24e-03 3.40e+01  -3.5 3.11e-01    -  1.00e+00 9.72e-01h  1
 497  3.5968175e+00 2.78e-03 2.89e+01  -3.5 3.24e-01    -  9.26e-01 1.00e+00h  1
 498  3.6525810e+00 2.63e-02 2.28e+02  -2.2 3.19e+00    -  8.10e-01 2.35e-01f  1
 499  3.7948548e+00 3.42e-02 1.31e+02  -2.4 1.10e+00    -  8.48e-01 1.00e+00h  1
iter    objective    inf_pr   inf_du lg(mu)  ||d||  lg(rg) alpha_du alpha_pr  ls
 500  3.8108267e+00 1.85e-02 6.96e+01  -2.4 7.00e-01    -  6.74e-01 1.00e+00h  1
 501  3.8222450e+00 7.70e-03 3.26e+01  -2.4 5.54e-01    -  1.00e+00 1.00e+00h  1
 502  3.8539469e+00 5.26e-03 9.52e+01  -2.4 5.28e-01    -  1.00e+00 5.00e-01h  2
 503  3.8822730e+00 3.06e-03 6.21e+01  -2.4 3.91e-01    -  5.50e-01 5.21e-01H  1
 504  3.9379169e+00 5.32e-03 2.66e+01  -2.4 3.78e-01    -  1.00e+00 1.00e+00h  1
 505  3.9579219e+00 2.21e-03 4.61e+01  -2.4 3.71e-01    -  1.00e+00 5.00e-01h  2
 506  4.0044410e+00 1.29e-03 4.04e+02  -2.4 3.93e-01    -  1.00e+00 5.97e-01H  1
 507  4.0258261e+00 9.14e-04 2.24e+01  -2.4 1.44e-01    -  1.00e+00 1.00e+00f  1
 508  4.0365566e+00 9.19e-04 1.17e+01  -2.4 1.64e-01    -  1.00e+00 1.00e+00h  1
 509  4.0511049e+00 3.32e-04 8.04e+00  -2.4 9.43e-02    -  1.00e+00 1.00e+00h  1
iter    objective    inf_pr   inf_du lg(mu)  ||d||  lg(rg) alpha_du alpha_pr  ls
 510  4.0589046e+00 1.48e-04 7.34e+01  -2.4 1.10e-01    -  1.00e+00 5.00e-01h  2
 511  4.0689073e+00 1.33e-04 3.16e+01  -2.4 1.11e-01    -  1.00e+00 5.00e-01h  2
 512  4.0898478e+00 1.05e-03 2.47e+01  -2.4 2.13e-01    -  1.00e+00 1.00e+00h  1
 513  4.1029312e+00 1.51e-03 3.58e+01  -2.4 1.90e-01    -  1.00e+00 1.00e+00h  1
 514  4.0883586e+00 7.96e-04 1.60e+01  -2.4 2.16e-01    -  1.00e+00 1.00e+00h  1
 515  4.0926679e+00 4.73e-04 6.05e+00  -2.4 1.27e-01    -  1.00e+00 1.00e+00h  1
 516  4.0899497e+00 4.28e-05 6.30e+00  -2.4 4.55e-02    -  1.00e+00 1.00e+00h  1
 517  4.0903461e+00 4.05e-05 2.79e+01  -2.4 1.37e-01    -  1.00e+00 2.50e-01h  3
 518  4.0902907e+00 4.70e-05 1.26e+01  -2.4 5.20e-02    -  1.00e+00 1.00e+00H  1
 519  4.0935349e+00 4.60e-05 1.69e+02  -2.4 1.08e-01    -  1.00e+00 2.50e-01h  3
iter    objective    inf_pr   inf_du lg(mu)  ||d||  lg(rg) alpha_du alpha_pr  ls
 520  4.1015318e+00 2.16e-05 1.29e+01  -2.4 5.74e-02    -  1.00e+00 1.00e+00H  1
 521  4.1029646e+00 2.32e-05 9.04e+01  -2.4 1.63e-01    -  1.00e+00 1.25e-01h  4
 522  4.1063780e+00 5.18e-05 7.99e+00  -2.4 4.22e-02    -  1.00e+00 1.00e+00h  1
 523  4.1143578e+00 7.59e-06 1.86e+01  -2.4 9.03e-02    -  1.00e+00 1.00e+00H  1
 524  4.1087488e+00 1.88e-04 9.93e+00  -2.4 9.39e-02    -  1.00e+00 1.00e+00h  1
 525  4.1097137e+00 7.03e-05 6.63e+00  -2.4 4.81e-02    -  1.00e+00 1.00e+00h  1
 526  4.1114562e+00 2.27e-05 2.32e+00  -2.4 2.47e-02    -  1.00e+00 1.00e+00h  1
 527  4.1131398e+00 1.62e-06 2.75e+00  -2.4 1.63e-02    -  1.00e+00 1.00e+00H  1
 528  4.1195266e+00 1.14e-05 1.78e+01  -2.4 8.43e-02    -  1.00e+00 1.00e+00H  1
 529  4.1216608e+00 5.56e-05 4.50e+01  -2.4 2.65e-01    -  1.00e+00 1.25e-01h  4
iter    objective    inf_pr   inf_du lg(mu)  ||d||  lg(rg) alpha_du alpha_pr  ls
 530  4.1230972e+00 6.58e-05 4.50e+01  -2.4 1.68e-01    -  1.00e+00 1.25e-01h  4
 531  4.1243106e+00 7.20e-05 4.21e+01  -2.4 1.70e-01    -  1.00e+00 1.25e-01h  4
 532  4.1251304e+00 7.10e-05 2.51e+01  -2.4 1.49e-01    -  1.00e+00 6.25e-02h  5
 533  4.1453988e+00 3.16e-03 5.61e+01  -2.4 2.71e-01    -  1.00e+00 1.00e+00h  1
 534  4.1336845e+00 4.58e-04 3.31e+01  -2.4 1.29e-01    -  1.00e+00 1.00e+00h  1
 535  4.1263439e+00 6.25e-04 1.45e+01  -2.4 1.13e-01    -  1.00e+00 1.00e+00h  1
 536  4.1327328e+00 1.73e-04 1.08e+01  -2.4 8.58e-02    -  1.00e+00 1.00e+00h  1
 537  4.1357775e+00 7.59e-05 6.89e+00  -2.4 4.58e-02    -  1.00e+00 1.00e+00h  1
 538  4.1355518e+00 5.99e-05 5.38e+01  -2.4 5.11e-02    -  1.00e+00 2.50e-01h  3
 539  4.1353142e+00 5.31e-05 1.11e+02  -2.4 8.13e-02    -  1.00e+00 1.25e-01h  4
iter    objective    inf_pr   inf_du lg(mu)  ||d||  lg(rg) alpha_du alpha_pr  ls
 540  4.1375515e+00 8.95e-06 5.95e+00  -2.4 5.00e-02    -  1.00e+00 1.00e+00H  1
 541  4.1383716e+00 5.17e-06 5.08e+00  -2.4 3.87e-02    -  1.00e+00 1.00e+00H  1
 542  4.1377224e+00 2.57e-05 3.38e+00  -2.4 2.68e-02    -  1.00e+00 1.00e+00h  1
 543  4.1380536e+00 1.72e-05 1.73e+00  -2.4 2.62e-02    -  1.00e+00 1.00e+00h  1
 544  4.1384963e+00 5.60e-06 1.39e+00  -2.4 1.62e-02    -  1.00e+00 1.00e+00h  1
 545  4.1388629e+00 5.99e-07 2.29e+00  -2.4 1.25e-02    -  1.00e+00 1.00e+00H  1
 546  4.1070500e+00 7.43e-04 1.19e+01  -3.3 1.56e-01    -  1.00e+00 1.00e+00f  1
 547  3.8485913e+00 4.70e-02 1.49e+02  -3.4 5.11e+00    -  5.22e-01 2.51e-01f  1
 548  3.7500702e+00 3.81e-02 1.16e+02  -3.4 2.51e+00    -  7.22e-01 2.15e-01h  1
 549  3.6029740e+00 3.43e-02 1.65e+02  -3.4 4.99e+00    -  4.20e-01 1.81e-01h  1
iter    objective    inf_pr   inf_du lg(mu)  ||d||  lg(rg) alpha_du alpha_pr  ls
 550  3.4680472e+00 4.75e-02 1.09e+02  -3.4 1.75e+00    -  5.02e-01 4.99e-01h  1
 551  3.6755559e+00 6.88e-02 6.66e+01  -2.3 4.31e+00    -  4.13e-01 2.92e-01f  1
 552  3.4853115e+00 1.23e-01 1.23e+02  -2.7 4.72e+00    -  8.25e-01 4.44e-01h  1
 553  3.5405606e+00 1.94e-02 3.45e+01  -2.7 1.34e+00    -  1.60e-01 1.00e+00h  1
 554  3.5874881e+00 8.67e-03 1.61e+01  -2.9 7.22e-01    -  1.00e+00 1.00e+00h  1
 555  3.5257503e+00 1.77e-02 2.81e+01  -3.0 8.71e-01    -  7.00e-01 1.00e+00h  1
 556  3.4868042e+00 1.28e-02 1.84e+01  -3.0 7.53e-01    -  1.00e+00 8.85e-01h  1
 557  3.5309084e+00 8.48e-03 2.85e+02  -3.1 9.10e-01    -  1.00e+00 3.50e-01h  2
 558  3.5516435e+00 6.43e-03 7.54e+01  -3.2 7.26e-01    -  1.00e+00 2.18e-01h  3
 559  3.5646680e+00 5.31e-03 1.02e+02  -3.4 6.64e-01    -  1.00e+00 2.22e-01h  3
iter    objective    inf_pr   inf_du lg(mu)  ||d||  lg(rg) alpha_du alpha_pr  ls
 560  3.5766531e+00 4.48e-03 2.11e+01  -3.1 7.23e-01    -  1.00e+00 2.50e-01h  3
 561  3.6347457e+00 2.33e-03 1.03e+02  -2.9 6.96e-01    -  1.00e+00 5.00e-01h  2
 562  3.7725891e+00 1.18e-02 3.66e+01  -2.5 7.09e-01    -  1.00e+00 1.00e+00h  1
 563  3.7665891e+00 5.82e-03 3.66e+01  -2.6 5.08e-01    -  1.00e+00 1.00e+00h  1
 564  3.6883192e+00 8.96e-03 2.16e+01  -2.6 4.77e-01    -  1.00e+00 1.00e+00h  1
 565  3.7155816e+00 5.47e-03 8.01e+01  -2.6 4.38e-01    -  1.00e+00 5.00e-01h  2
 566  3.7535034e+00 3.85e-03 5.26e+01  -2.6 4.93e-01    -  1.00e+00 5.00e-01h  2
 567  3.7859204e+00 2.51e-03 4.30e+01  -2.6 3.45e-01    -  1.00e+00 5.00e-01h  2
 568  3.8155651e+00 1.79e-03 8.13e+01  -2.6 4.29e-01    -  1.00e+00 5.00e-01h  2
 569  3.8378785e+00 1.68e-03 1.65e+01  -2.6 2.32e-01    -  1.00e+00 1.00e+00h  1
iter    objective    inf_pr   inf_du lg(mu)  ||d||  lg(rg) alpha_du alpha_pr  ls
 570  3.8546913e+00 5.10e-04 1.34e+01  -2.6 1.41e-01    -  1.00e+00 1.00e+00h  1
 571  3.8616629e+00 3.16e-04 2.76e+01  -2.6 1.27e-01    -  1.00e+00 5.00e-01h  2
 572  3.8766369e+00 2.42e-04 7.10e+00  -2.6 8.85e-02    -  1.00e+00 1.00e+00h  1
 573  3.8779747e+00 3.89e-04 8.54e+00  -2.6 1.39e-01    -  1.00e+00 1.00e+00h  1
 574  3.8724148e+00 2.13e-04 4.16e+00  -2.6 1.06e-01    -  1.00e+00 1.00e+00h  1
 575  3.8781700e+00 2.11e-05 2.62e+00  -2.6 3.42e-02    -  1.00e+00 1.00e+00h  1
 576  3.8406733e+00 7.73e-04 1.58e+01  -3.4 1.75e-01    -  1.00e+00 1.00e+00h  1
 577  3.7219815e+00 6.72e-03 1.49e+02  -3.5 1.28e+00    -  1.00e+00 4.56e-01h  1
 578  3.6606836e+00 5.75e-03 1.18e+02  -3.5 9.45e-01    -  7.31e-01 3.29e-01h  1
 579  3.6001791e+00 6.47e-03 8.05e+01  -3.5 4.56e-01    -  4.69e-01 8.89e-01h  1
iter    objective    inf_pr   inf_du lg(mu)  ||d||  lg(rg) alpha_du alpha_pr  ls
 580  3.6122674e+00 3.11e-03 3.22e+01  -3.5 2.59e-01    -  1.00e+00 1.00e+00h  1
 581  3.6436833e+00 1.20e-03 2.19e+01  -3.2 2.40e-01    -  1.00e+00 1.00e+00h  1
 582  3.5943902e+00 4.15e-03 2.27e+01  -3.8 3.29e-01    -  1.00e+00 9.17e-01h  1
 583  3.5577421e+00 2.48e-03 2.36e+01  -3.9 3.91e-01    -  1.00e+00 6.06e-01h  1
 584  3.6177819e+00 4.28e-03 1.24e+02  -3.2 3.97e-01    -  5.45e-01 1.00e+00f  1
 585  3.5906411e+00 1.84e-03 4.10e+01  -3.5 2.21e-01    -  1.00e+00 7.84e-01h  1
 586  3.6026611e+00 2.18e-03 1.81e+01  -3.2 2.07e-01    -  1.00e+00 1.00e+00f  1
 587  3.5802044e+00 1.55e-03 3.57e+01  -3.8 2.38e-01    -  1.00e+00 7.90e-01h  1
 588  3.7079655e+00 9.71e-03 4.41e+01  -2.9 7.16e-01    -  1.00e+00 1.00e+00f  1
 589  3.5657016e+00 5.58e-02 7.95e+01  -3.0 1.26e+00    -  5.82e-01 9.86e-01h  1
iter    objective    inf_pr   inf_du lg(mu)  ||d||  lg(rg) alpha_du alpha_pr  ls
 590  3.5906505e+00 1.08e-02 1.88e+01  -3.0 4.82e-01    -  1.00e+00 1.00e+00h  1
 591  3.5887950e+00 3.32e-03 1.20e+01  -3.0 2.66e-01    -  8.01e-01 8.68e-01h  1
 592  3.5958276e+00 2.48e-03 2.01e+02  -3.0 3.14e-01    -  1.00e+00 5.00e-01h  2
 593  3.6195960e+00 1.47e-03 1.19e+02  -3.0 4.42e-01    -  1.00e+00 5.00e-01h  2
 594  3.7722864e+00 9.71e-03 3.04e+02  -2.5 1.28e+00    -  1.00e+00 6.33e-01h  1
 595  3.5519452e+00 2.07e-01 2.66e+02  -2.6 2.98e+00    -  6.76e-01 1.00e+00h  1
 596  3.6057922e+00 4.94e-02 5.09e+01  -2.6 1.48e+00    -  1.00e+00 1.00e+00h  1
 597  3.6065732e+00 1.20e-02 1.07e+01  -2.6 7.98e-01    -  1.00e+00 1.00e+00h  1
 598  3.5734599e+00 8.26e-03 4.18e+00  -2.6 5.22e-01    -  1.00e+00 1.00e+00h  1
 599  3.6504700e+00 7.25e-03 1.31e+02  -2.6 7.37e-01    -  9.47e-01 4.61e-01H  1
iter    objective    inf_pr   inf_du lg(mu)  ||d||  lg(rg) alpha_du alpha_pr  ls
 600  3.6707545e+00 1.35e-02 2.88e+01  -2.6 5.32e-01    -  1.00e+00 1.00e+00h  1
 601  3.6843393e+00 6.41e-03 1.21e+01  -2.6 3.70e-01    -  1.00e+00 1.00e+00h  1
 602  3.6983142e+00 6.63e-03 1.74e+02  -2.6 5.96e-01    -  1.00e+00 6.11e-01h  1
 603  3.7306406e+00 4.21e-03 2.34e+02  -2.6 4.82e-01    -  1.00e+00 5.00e-01h  2
 604  3.7363875e+00 3.37e-03 1.80e+02  -2.6 4.52e-01    -  3.59e-01 2.50e-01h  3
 605  3.7565215e+00 2.81e-03 2.29e+02  -2.6 5.57e-01    -  1.00e+00 2.50e-01h  3
 606  3.8901850e+00 1.92e-03 1.63e+02  -2.6 5.41e-01    -  6.37e-01 1.00e+00H  1
 607  3.8664769e+00 1.09e-03 2.56e+02  -2.6 3.41e-01    -  1.00e+00 5.00e-01h  2
 608  3.8498489e+00 7.53e-04 1.11e+01  -2.6 1.87e-01    -  1.00e+00 1.00e+00h  1
 609  3.8614094e+00 6.41e-04 1.55e+01  -2.6 1.65e-01    -  1.00e+00 1.00e+00h  1
iter    objective    inf_pr   inf_du lg(mu)  ||d||  lg(rg) alpha_du alpha_pr  ls
 610  3.8738790e+00 2.59e-04 1.36e+01  -2.6 9.62e-02    -  1.00e+00 1.00e+00h  1
 611  3.8724474e+00 3.91e-04 8.91e+00  -2.6 8.93e-02    -  1.00e+00 1.00e+00h  1
 612  3.8743282e+00 1.07e-04 3.64e+00  -2.6 5.11e-02    -  1.00e+00 1.00e+00h  1
 613  3.8734602e+00 3.59e-05 3.45e+00  -3.6 3.54e-02    -  1.00e+00 1.00e+00h  1
 614  3.8522596e+00 4.87e-04 7.36e+00  -4.0 1.08e-01    -  1.00e+00 1.00e+00h  1
 615  3.8184188e+00 1.22e-03 1.47e+02  -4.1 7.34e-01    -  7.07e-01 2.31e-01h  1
 616  3.7747640e+00 1.92e-03 1.19e+02  -4.1 1.35e+00    -  5.38e-01 1.65e-01h  1
 617  3.7039087e+00 4.06e-03 1.07e+02  -4.1 3.33e+00    -  1.13e-01 1.10e-01h  1
 618  3.6699842e+00 4.36e-03 9.01e+01  -4.1 1.20e+00    -  1.73e-01 1.79e-01h  1
 619  3.6511264e+00 4.36e-03 8.61e+01  -4.1 1.72e+00    -  3.56e-01 6.56e-02h  1
iter    objective    inf_pr   inf_du lg(mu)  ||d||  lg(rg) alpha_du alpha_pr  ls
 620  3.6239845e+00 4.60e-03 9.19e+01  -4.1 1.53e+00    -  2.68e-01 1.13e-01h  1
 621  3.6032514e+00 4.10e-03 1.46e+02  -4.1 1.04e+00    -  4.32e-01 1.45e-01h  1
 622  3.5819763e+00 4.14e-03 1.14e+02  -4.1 1.22e+00    -  3.76e-01 1.56e-01h  1
 623  3.5587506e+00 4.23e-03 1.37e+02  -4.1 1.01e+00    -  4.64e-01 2.33e-01h  1
 624  3.5429405e+00 5.30e-03 1.33e+02  -4.1 1.58e+00    -  2.25e-01 1.21e-01h  1
 625  3.5277004e+00 5.78e-03 1.14e+02  -4.1 1.41e+00    -  1.96e-01 1.48e-01h  1
 626  3.5238633e+00 4.59e-03 8.81e+01  -4.1 3.23e-01    -  5.54e-01 2.90e-01h  1
 627  3.5201011e+00 3.05e-03 6.04e+01  -4.1 4.11e-01    -  8.26e-01 3.54e-01h  1
 628  3.5183874e+00 1.58e-03 8.16e+01  -4.1 2.17e-01    -  9.97e-01 5.83e-01h  1
 629  3.5172834e+00 1.06e-03 9.66e+01  -4.1 1.53e-01    -  1.00e+00 3.58e-01h  1
iter    objective    inf_pr   inf_du lg(mu)  ||d||  lg(rg) alpha_du alpha_pr  ls
 630  3.5435206e+00 1.34e-03 2.90e+02  -3.4 1.95e-01    -  4.17e-01 7.35e-01h  1
 631  3.5462840e+00 1.73e-03 8.44e+01  -4.0 2.51e-01    -  9.28e-01 7.89e-01h  1
 632  3.5333398e+00 3.89e-04 2.92e+01  -4.0 1.13e-01    -  1.00e+00 1.00e+00h  1
 633  3.5244924e+00 3.63e-04 1.26e+01  -4.0 1.17e-01    -  1.00e+00 1.00e+00h  1
 634  3.5344493e+00 2.25e-04 6.57e+00  -4.0 7.44e-02    -  1.00e+00 1.00e+00h  1
 635  3.5348375e+00 1.98e-04 9.40e+00  -4.0 6.84e-02    -  1.00e+00 1.00e+00h  1
 636  3.5370988e+00 7.50e-05 8.95e+00  -4.0 4.13e-02    -  1.00e+00 1.00e+00h  1
 637  3.5408322e+00 5.19e-05 2.54e+01  -4.0 4.11e-02    -  9.20e-01 1.00e+00H  1
 638  3.5422508e+00 1.72e-05 1.22e+01  -4.0 3.88e-02    -  1.00e+00 1.00e+00H  1
 639  3.5388278e+00 3.97e-05 6.86e+00  -4.0 3.35e-02    -  1.00e+00 1.00e+00h  1
iter    objective    inf_pr   inf_du lg(mu)  ||d||  lg(rg) alpha_du alpha_pr  ls
 640  3.5393112e+00 3.32e-05 3.23e+00  -4.0 2.50e-02    -  1.00e+00 1.00e+00h  1
 641  3.5399926e+00 3.32e-06 3.18e+00  -4.0 2.58e-02    -  1.00e+00 1.00e+00H  1
 642  3.5373732e+00 1.00e-03 1.64e+01  -4.0 9.54e-02    -  1.00e+00 1.00e+00h  1
 643  3.5320726e+00 1.04e-03 3.04e+01  -4.1 2.93e-01    -  5.51e-01 4.03e-01h  1
 644  3.5261835e+00 5.45e-04 5.83e+01  -4.1 1.27e-01    -  1.00e+00 7.46e-01f  1
 645  3.5255773e+00 3.16e-04 1.46e+01  -4.1 7.06e-02    -  1.00e+00 1.00e+00f  1
 646  3.5214778e+00 6.51e-04 1.91e+01  -4.0 1.43e-01    -  1.00e+00 9.12e-01h  1
 647  3.5193267e+00 2.42e-04 7.87e+00  -4.0 8.92e-02    -  1.00e+00 1.00e+00h  1
 648  3.5205289e+00 1.76e-04 8.36e+00  -4.0 6.76e-02    -  1.00e+00 1.00e+00h  1
 649  3.5222645e+00 1.15e-04 4.35e+01  -4.0 5.22e-02    -  9.26e-01 5.00e-01h  2
iter    objective    inf_pr   inf_du lg(mu)  ||d||  lg(rg) alpha_du alpha_pr  ls
 650  3.5251884e+00 6.81e-05 6.97e+01  -4.0 4.24e-02    -  1.00e+00 5.00e-01h  2
 651  3.5272568e+00 5.63e-05 6.90e+01  -4.0 5.53e-02    -  1.00e+00 5.00e-01h  2
 652  3.5291366e+00 1.71e-05 4.34e+00  -4.0 1.76e-02    -  1.00e+00 1.00e+00h  1
 653  3.5288453e+00 3.06e-05 4.74e+00  -4.0 2.75e-02    -  1.00e+00 1.00e+00h  1
 654  3.5282801e+00 1.19e-05 3.30e+00  -4.0 1.81e-02    -  1.00e+00 1.00e+00h  1
 655  3.5279965e+00 5.13e-05 4.39e+00  -4.0 3.34e-02    -  1.00e+00 1.00e+00h  1
 656  3.5253816e+00 2.13e-04 1.41e+01  -4.1 5.83e-02    -  1.00e+00 1.00e+00h  1
 657  3.5185927e+00 2.09e-03 4.75e+01  -4.1 5.35e-01    -  9.07e-01 3.57e-01h  1
 658  3.5180549e+00 1.74e-03 8.86e+01  -4.1 1.44e-01    -  1.00e+00 1.69e-01h  1
 659  3.5197463e+00 3.26e-04 1.60e+01  -3.8 1.03e-01    -  1.00e+00 1.00e+00f  1
iter    objective    inf_pr   inf_du lg(mu)  ||d||  lg(rg) alpha_du alpha_pr  ls
 660  3.5172568e+00 2.08e-04 7.74e+00  -3.9 5.63e-02    -  1.00e+00 1.00e+00h  1
 661  3.5495490e+00 4.20e-03 1.94e+01  -3.3 2.51e-01    -  9.54e-01 1.00e+00h  1
 662  3.5405457e+00 8.08e-03 2.79e+01  -3.4 4.71e-01    -  1.00e+00 1.00e+00h  1
 663  3.5371057e+00 1.32e-03 6.54e+01  -3.4 1.83e-01    -  7.85e-01 1.00e+00h  1
 664  3.5308961e+00 6.66e-04 4.13e+00  -3.4 1.46e-01    -  1.00e+00 1.00e+00h  1
 665  3.5343652e+00 5.82e-04 1.24e+02  -3.4 2.67e-01    -  1.00e+00 5.00e-01h  2
 666  3.5390311e+00 5.66e-04 7.66e+00  -3.4 1.32e-01    -  1.00e+00 1.00e+00h  1
 667  3.5450984e+00 2.94e-04 1.72e+02  -3.4 9.63e-02    -  1.00e+00 5.00e-01h  2
 668  3.5489492e+00 2.19e-04 1.90e+02  -3.4 9.40e-02    -  1.00e+00 2.50e-01h  3
 669  3.5528288e+00 1.63e-04 2.07e+02  -3.4 1.08e-01    -  1.00e+00 2.50e-01h  3
iter    objective    inf_pr   inf_du lg(mu)  ||d||  lg(rg) alpha_du alpha_pr  ls
 670  3.5699086e+00 8.34e-05 1.37e+01  -3.4 9.64e-02    -  1.00e+00 1.00e+00H  1
 671  3.5697166e+00 1.14e-04 1.15e+01  -3.4 1.04e-01    -  1.00e+00 1.00e+00H  1
 672  3.5636670e+00 1.11e-04 3.61e+00  -3.4 6.46e-02    -  1.00e+00 1.00e+00H  1
 673  3.5632783e+00 1.33e-04 3.82e+00  -3.4 7.41e-02    -  1.00e+00 1.00e+00h  1
 674  3.5652631e+00 5.62e-05 1.69e+00  -3.4 3.49e-02    -  1.00e+00 1.00e+00h  1
 675  3.5667220e+00 2.49e-05 4.20e+00  -3.4 2.31e-02    -  1.00e+00 1.00e+00h  1
 676  3.5667414e+00 9.60e-06 1.16e+00  -3.4 1.81e-02    -  1.00e+00 1.00e+00h  1
 677  3.5672688e+00 9.20e-07 5.11e-01  -3.4 5.90e-03    -  1.00e+00 1.00e+00h  1
 678  3.5501729e+00 3.78e-04 1.16e+01  -4.0 1.11e-01    -  1.00e+00 1.00e+00h  1
 679  3.5250668e+00 9.87e-04 2.39e+01  -4.1 2.21e-01    -  1.00e+00 5.94e-01h  1
iter    objective    inf_pr   inf_du lg(mu)  ||d||  lg(rg) alpha_du alpha_pr  ls
 680  3.5116690e+00 1.03e-03 3.55e+01  -4.1 2.72e-01    -  6.17e-01 4.87e-01h  1
 681  3.5099824e+00 5.01e-04 1.71e+01  -4.0 9.75e-02    -  1.00e+00 1.00e+00f  1
 682  3.5126652e+00 3.11e-04 1.01e+02  -4.0 1.10e-01    -  1.00e+00 5.00e-01h  2
 683  3.5151814e+00 2.03e-04 5.87e+01  -4.0 9.59e-02    -  9.82e-01 5.00e-01h  2
 684  3.5169455e+00 1.56e-04 1.86e+01  -4.0 9.67e-02    -  1.00e+00 5.00e-01h  2
 685  3.5190109e+00 7.63e-05 2.58e+00  -4.0 4.09e-02    -  1.00e+00 1.00e+00h  1
 686  3.5217147e+00 8.99e-06 3.09e+00  -4.0 1.74e-02    -  1.00e+00 1.00e+00h  1
 687  3.5252361e+00 6.25e-06 4.71e+00  -4.0 2.56e-02    -  1.00e+00 1.00e+00H  1
 688  3.5250310e+00 8.19e-05 7.85e+00  -4.0 4.30e-02    -  1.00e+00 1.00e+00h  1
 689  3.5214293e+00 3.43e-05 5.53e+00  -4.1 3.77e-02    -  1.00e+00 9.05e-01h  1
iter    objective    inf_pr   inf_du lg(mu)  ||d||  lg(rg) alpha_du alpha_pr  ls
 690  3.5189653e+00 5.04e-05 6.96e+00  -4.1 3.59e-02    -  1.00e+00 1.00e+00f  1
 691  3.5216143e+00 2.10e-05 1.36e+00  -4.0 2.38e-02    -  1.00e+00 1.00e+00h  1
 692  3.5223490e+00 5.62e-06 1.68e+00  -4.0 1.46e-02    -  1.00e+00 1.00e+00h  1
 693  3.5219834e+00 4.51e-06 1.66e+00  -4.0 6.77e-03    -  1.00e+00 1.00e+00h  1
 694  3.5216419e+00 8.02e-06 2.25e+00  -4.0 1.07e-02    -  1.00e+00 1.00e+00h  1
 695  3.5201133e+00 1.90e-04 1.07e+01  -4.0 5.66e-02    -  1.00e+00 1.00e+00h  1
 696  3.5160654e+00 7.57e-04 2.43e+01  -4.1 1.58e-01    -  8.34e-01 6.69e-01h  1
 697  3.5109587e+00 2.89e-04 1.26e+01  -4.1 1.05e-01    -  1.00e+00 1.00e+00f  1
 698  3.5088000e+00 4.88e-04 8.29e+01  -4.1 1.24e-01    -  6.35e-01 1.00e+00h  1
 699  3.5101857e+00 1.70e-04 3.43e+00  -4.0 6.97e-02    -  1.00e+00 1.00e+00h  1
iter    objective    inf_pr   inf_du lg(mu)  ||d||  lg(rg) alpha_du alpha_pr  ls
 700  3.5133924e+00 6.29e-05 3.24e+00  -4.0 4.79e-02    -  1.00e+00 1.00e+00h  1
 701  3.5155610e+00 2.09e-05 2.33e+00  -4.0 2.20e-02    -  1.00e+00 1.00e+00h  1
 702  3.5178039e+00 9.68e-06 3.13e+00  -4.0 1.88e-02    -  1.00e+00 1.00e+00H  1
 703  3.5184628e+00 2.54e-05 4.66e+00  -4.0 2.96e-02    -  1.00e+00 1.00e+00h  1
 704  3.5170918e+00 2.12e-05 1.76e+00  -4.1 2.00e-02    -  1.00e+00 1.00e+00h  1
 705  3.5161156e+00 1.66e-05 2.36e+00  -4.1 3.63e-02    -  1.00e+00 1.00e+00h  1
 706  3.5175302e+00 7.57e-06 6.16e-01  -4.0 1.97e-02    -  1.00e+00 1.00e+00h  1
 707  3.5180094e+00 3.71e-06 1.38e+00  -4.0 1.08e-02    -  1.00e+00 1.00e+00h  1
 708  3.5178853e+00 2.73e-06 1.93e+00  -4.0 7.72e-03    -  1.00e+00 1.00e+00h  1
 709  3.5179173e+00 2.57e-05 3.55e+00  -4.0 2.40e-02    -  1.00e+00 1.00e+00h  1
iter    objective    inf_pr   inf_du lg(mu)  ||d||  lg(rg) alpha_du alpha_pr  ls
 710  3.5135540e+00 2.12e-03 4.09e+01  -4.1 2.13e-01    -  7.17e-01 1.00e+00h  1
 711  3.5065613e+00 6.10e-03 8.85e+01  -4.1 3.96e-01    -  7.75e-01 8.12e-01h  1
 712  3.4944797e+00 3.48e-03 8.49e+01  -4.1 2.56e-01    -  5.81e-01 4.60e-01h  1
 713  3.4907223e+00 3.78e-03 1.25e+02  -4.0 2.64e-01    -  1.71e-01 1.00e+00h  1
 714  3.5155504e+00 1.91e-03 5.37e+01  -3.3 4.04e-01    -  9.94e-01 7.05e-01h  1
 715  3.5168923e+00 1.59e-03 2.35e+01  -3.4 2.48e-01    -  1.00e+00 1.00e+00h  1
 716  3.5174634e+00 2.57e-03 3.71e+01  -3.4 2.81e-01    -  1.00e+00 1.00e+00h  1
 717  3.5084585e+00 1.26e-03 8.52e+00  -3.4 1.73e-01    -  1.00e+00 1.00e+00h  1
 718  3.4983810e+00 1.66e-03 4.44e+01  -3.7 2.99e-01    -  1.00e+00 7.91e-01h  1
 719  3.4979742e+00 9.36e-04 1.08e+01  -3.7 1.86e-01    -  1.00e+00 1.00e+00h  1
iter    objective    inf_pr   inf_du lg(mu)  ||d||  lg(rg) alpha_du alpha_pr  ls
 720  3.5069773e+00 6.60e-04 2.63e+01  -4.0 1.04e-01    -  5.85e-01 5.84e-01H  1
 721  3.5111051e+00 3.10e-04 2.05e+01  -3.6 8.47e-02    -  1.00e+00 1.00e+00h  1
 722  3.5165763e+00 2.22e-04 1.18e+02  -3.7 1.20e-01    -  1.00e+00 5.00e-01h  2
 723  3.5287299e+00 9.01e-05 2.05e+01  -3.7 8.56e-02    -  1.00e+00 1.00e+00H  1
 724  3.5341287e+00 7.06e-05 1.94e+01  -3.7 7.78e-02    -  1.00e+00 1.00e+00H  1
 725  3.5279132e+00 4.64e-05 6.00e+00  -3.7 7.18e-02    -  1.00e+00 1.00e+00H  1
 726  3.5248137e+00 1.20e-04 1.79e+01  -3.7 6.64e-02    -  1.00e+00 1.00e+00h  1
 727  3.5266228e+00 5.83e-05 1.32e+00  -3.7 4.87e-02    -  1.00e+00 1.00e+00h  1
 728  3.5288918e+00 1.32e-05 1.19e+00  -3.7 1.80e-02    -  1.00e+00 1.00e+00h  1
 729  3.5292313e+00 9.62e-06 5.84e+01  -3.7 2.87e-02    -  1.00e+00 2.50e-01h  3
iter    objective    inf_pr   inf_du lg(mu)  ||d||  lg(rg) alpha_du alpha_pr  ls
 730  3.5300727e+00 4.25e-06 4.29e+00  -3.7 2.62e-02    -  1.00e+00 1.00e+00H  1
 731  3.5304895e+00 1.40e-06 9.13e+00  -3.7 4.93e-02    -  1.00e+00 1.00e+00H  1
 732  3.5218910e+00 9.05e-05 6.85e+00  -4.0 5.19e-02    -  1.00e+00 1.00e+00h  1
 733  3.5111890e+00 2.97e-04 1.73e+01  -4.1 1.25e-01    -  1.00e+00 7.11e-01h  1
 734  3.5087561e+00 1.22e-04 9.28e+00  -4.1 6.41e-02    -  1.00e+00 1.00e+00f  1
 735  3.5137709e+00 6.71e-05 2.28e+00  -4.0 4.05e-02    -  1.00e+00 1.00e+00h  1
 736  3.5125049e+00 5.19e-05 4.96e+00  -4.1 4.24e-02    -  1.00e+00 1.00e+00h  1
 737  3.5132166e+00 3.08e-05 2.67e+00  -4.0 2.52e-02    -  1.00e+00 1.00e+00h  1
 738  3.5138948e+00 1.11e-05 2.91e+00  -4.0 1.82e-02    -  1.00e+00 1.00e+00h  1
 739  3.5145348e+00 3.41e-06 4.65e-01  -4.0 1.01e-02    -  1.00e+00 1.00e+00h  1
iter    objective    inf_pr   inf_du lg(mu)  ||d||  lg(rg) alpha_du alpha_pr  ls
 740  3.5149982e+00 4.80e-07 1.30e+00  -4.0 8.63e-03    -  1.00e+00 1.00e+00H  1
 741  3.5145140e+00 2.22e-05 2.55e+01  -4.0 3.97e-02    -  1.00e+00 5.00e-01h  2
 742  3.5111898e+00 1.13e-04 1.18e+01  -4.1 4.95e-02    -  1.00e+00 1.00e+00h  1
 743  3.5062236e+00 3.54e-04 1.55e+01  -4.1 9.62e-02    -  1.00e+00 1.00e+00h  1
 744  3.5092230e+00 2.40e-04 4.19e+00  -4.0 8.20e-02    -  1.00e+00 1.00e+00h  1
 745  3.5081683e+00 5.60e-05 5.49e+00  -4.1 5.02e-02    -  1.00e+00 1.00e+00h  1
 746  3.5095370e+00 3.83e-05 1.37e+00  -4.0 3.93e-02    -  1.00e+00 1.00e+00h  1
 747  3.5103712e+00 8.21e-06 2.92e+00  -4.0 1.20e-02    -  1.00e+00 1.00e+00h  1
 748  3.5114747e+00 5.09e-06 3.04e+00  -4.0 1.59e-02    -  1.00e+00 1.00e+00H  1
 749  3.5116238e+00 4.28e-06 4.79e+01  -4.0 2.82e-02    -  1.00e+00 2.50e-01h  3
iter    objective    inf_pr   inf_du lg(mu)  ||d||  lg(rg) alpha_du alpha_pr  ls
 750  3.5119779e+00 1.11e-06 8.58e-01  -4.0 5.59e-03    -  1.00e+00 1.00e+00h  1
 751  3.5121074e+00 6.93e-07 5.08e-01  -4.0 3.56e-03    -  1.00e+00 1.00e+00h  1
 752  3.5100382e+00 1.25e-04 7.61e+00  -4.1 4.04e-02    -  1.00e+00 1.00e+00h  1
 753  3.5062322e+00 1.02e-03 3.03e+01  -4.1 1.23e-01    -  1.00e+00 1.00e+00h  1
 754  3.4989442e+00 9.21e-03 1.22e+02  -4.1 6.71e-01    -  9.69e-01 6.56e-01h  1
 755  3.4851919e+00 2.41e-03 1.09e+02  -4.1 3.14e-01    -  9.34e-01 7.54e-01h  1
 756  3.4931120e+00 6.45e-04 2.06e+02  -4.0 1.16e-01    -  1.27e-01 1.00e+00h  1
 757  3.5028547e+00 5.79e-04 1.30e+02  -4.0 1.12e-01    -  4.95e-01 8.57e-01h  1
 758  3.5093196e+00 7.33e-04 6.54e+01  -4.1 1.19e-01    -  2.81e-01 4.09e-01H  1
 759  3.4967156e+00 5.91e-04 9.26e+00  -4.1 1.02e-01    -  1.00e+00 1.00e+00f  1
iter    objective    inf_pr   inf_du lg(mu)  ||d||  lg(rg) alpha_du alpha_pr  ls
 760  3.4981874e+00 2.65e-04 3.86e+01  -4.1 7.28e-02    -  1.00e+00 8.54e-01h  1
 761  3.4997132e+00 8.84e-05 1.15e+00  -4.0 4.56e-02    -  1.00e+00 1.00e+00f  1
 762  3.5057051e+00 6.76e-05 6.28e+00  -4.0 5.21e-02    -  1.00e+00 1.00e+00H  1
 763  3.5064027e+00 1.36e-04 1.13e+02  -4.0 1.42e-01    -  1.00e+00 5.00e-01h  2
 764  3.5055736e+00 1.03e-04 4.07e+00  -4.0 4.20e-02    -  1.00e+00 9.67e-01h  1
 765  3.5029381e+00 6.22e-05 1.00e+01  -4.1 4.25e-02    -  1.00e+00 1.00e+00h  1
 766  3.5025638e+00 4.40e-05 3.62e+00  -4.1 3.97e-02    -  1.00e+00 1.00e+00h  1
 767  3.5047619e+00 1.30e-05 2.40e+00  -4.0 1.68e-02    -  1.00e+00 1.00e+00h  1
 768  3.5056017e+00 2.26e-05 2.04e+00  -4.0 2.27e-02    -  1.00e+00 1.00e+00h  1
 769  3.5059918e+00 6.46e-06 1.76e+00  -4.0 1.42e-02    -  1.00e+00 1.00e+00h  1
iter    objective    inf_pr   inf_du lg(mu)  ||d||  lg(rg) alpha_du alpha_pr  ls
 770  3.5061290e+00 3.03e-06 2.52e+00  -4.0 8.89e-03    -  1.00e+00 1.00e+00h  1
 771  3.5068308e+00 1.47e-06 1.15e+00  -4.0 7.27e-03    -  1.00e+00 1.00e+00h  1
 772  3.5069198e+00 1.33e-06 9.95e-01  -4.0 7.71e-03    -  1.00e+00 1.00e+00H  1
 773  3.5066604e+00 9.62e-06 2.21e+00  -4.0 1.39e-02    -  1.00e+00 1.00e+00h  1
 774  3.5052411e+00 9.89e-06 2.07e+00  -4.1 1.37e-02    -  1.00e+00 1.00e+00h  1
 775  3.5062181e+00 2.84e-06 7.32e-01  -4.0 1.17e-02    -  1.00e+00 1.00e+00h  1
 776  3.5064820e+00 1.45e-06 7.92e-01  -4.0 6.50e-03    -  1.00e+00 1.00e+00h  1
 777  3.5063950e+00 5.96e-07 6.44e-01  -4.0 3.95e-03    -  1.00e+00 1.00e+00h  1
 778  3.5065565e+00 9.19e-08 6.39e-01  -4.0 5.57e-03    -  1.00e+00 1.00e+00H  1
 779  3.5069714e+00 4.86e-05 4.85e+00  -4.0 3.31e-02    -  1.00e+00 1.00e+00h  1
iter    objective    inf_pr   inf_du lg(mu)  ||d||  lg(rg) alpha_du alpha_pr  ls
 780  3.5035241e+00 1.35e-05 3.00e+00  -4.1 2.19e-02    -  1.00e+00 1.00e+00h  1
 781  3.5028141e+00 4.20e-05 3.21e+00  -4.1 4.39e-02    -  1.00e+00 1.00e+00h  1
 782  3.5051615e+00 3.28e-05 1.44e+00  -4.0 3.76e-02    -  1.00e+00 1.00e+00h  1
 783  3.5037564e+00 3.65e-06 1.70e+00  -4.1 1.37e-02    -  1.00e+00 1.00e+00h  1
 784  3.5061739e+00 5.20e-06 2.23e+00  -4.0 2.02e-02    -  1.00e+00 1.00e+00H  1
 785  3.5036902e+00 4.09e-05 4.75e+00  -4.1 3.53e-02    -  1.00e+00 1.00e+00h  1
 786  3.5031452e+00 1.43e-05 2.12e+00  -4.1 2.64e-02    -  1.00e+00 1.00e+00h  1
 787  3.5061606e+00 1.88e-05 4.00e+00  -4.0 2.41e-02    -  1.00e+00 1.00e+00h  1
 788  3.5032777e+00 1.27e-05 4.93e-01  -4.1 1.91e-02    -  1.00e+00 1.00e+00h  1
 789  3.5033883e+00 6.89e-06 1.82e+00  -4.1 1.67e-02    -  1.00e+00 1.00e+00h  1
iter    objective    inf_pr   inf_du lg(mu)  ||d||  lg(rg) alpha_du alpha_pr  ls
 790  3.5060973e+00 1.44e-05 1.87e+00  -4.0 1.95e-02    -  1.00e+00 1.00e+00h  1
 791  3.5033451e+00 3.41e-05 4.13e+00  -4.1 3.03e-02    -  1.00e+00 1.00e+00h  1
 792  3.5028677e+00 1.17e-05 2.97e+00  -4.1 2.16e-02    -  1.00e+00 1.00e+00h  1
 793  3.5058132e+00 1.99e-05 2.08e+00  -4.0 2.45e-02    -  1.00e+00 1.00e+00h  1
 794  3.5030914e+00 3.10e-05 2.23e+00  -4.1 2.70e-02    -  1.00e+00 1.00e+00h  1
 795  3.5025960e+00 2.66e-05 2.73e+00  -4.1 3.16e-02    -  1.00e+00 1.00e+00h  1
 796  3.5056272e+00 1.97e-05 2.06e+00  -4.0 2.17e-02    -  1.00e+00 1.00e+00h  1
 797  3.5026967e+00 8.14e-05 7.73e+00  -4.1 5.13e-02    -  1.00e+00 1.00e+00h  1
 798  3.5015290e+00 6.41e-05 1.66e+00  -4.1 4.63e-02    -  1.00e+00 1.00e+00h  1
 799  3.5051816e+00 2.44e-06 2.24e+00  -4.0 2.09e-02    -  1.00e+00 1.00e+00H  1
iter    objective    inf_pr   inf_du lg(mu)  ||d||  lg(rg) alpha_du alpha_pr  ls
 800  3.5066338e+00 2.68e-06 2.74e+00  -4.0 2.20e-02    -  1.00e+00 1.00e+00H  1
 801  3.5027473e+00 2.62e-05 1.68e+00  -4.1 2.30e-02    -  1.00e+00 1.00e+00h  1
 802  3.5030769e+00 8.01e-06 3.63e+00  -4.1 1.31e-02    -  1.00e+00 1.00e+00h  1
 803  3.5052194e+00 1.18e-05 8.65e-01  -4.0 1.50e-02    -  1.00e+00 1.00e+00h  1
 804  3.5030373e+00 1.29e-05 1.23e+00  -4.1 1.65e-02    -  1.00e+00 1.00e+00h  1
 805  3.5033746e+00 2.19e-06 2.55e+00  -4.1 2.52e-02    -  1.00e+00 1.00e+00H  1
 806  3.5058339e+00 2.46e-05 1.84e+00  -4.0 2.38e-02    -  1.00e+00 1.00e+00h  1
 807  3.5023942e+00 5.31e-05 4.02e+00  -4.1 3.68e-02    -  1.00e+00 1.00e+00h  1
 808  3.5021857e+00 3.11e-05 1.88e+00  -4.1 2.22e-02    -  1.00e+00 1.00e+00h  1
 809  3.5056605e+00 1.64e-06 3.06e+00  -4.0 2.30e-02    -  1.00e+00 1.00e+00H  1
iter    objective    inf_pr   inf_du lg(mu)  ||d||  lg(rg) alpha_du alpha_pr  ls
 810  3.5030700e+00 3.53e-05 1.59e+00  -4.1 2.65e-02    -  1.00e+00 1.00e+00h  1
 811  3.5018100e+00 1.13e-04 8.49e+00  -4.1 6.52e-02    -  1.00e+00 1.00e+00h  1
 812  3.5010003e+00 6.28e-05 1.69e+00  -4.1 4.56e-02    -  1.00e+00 1.00e+00h  1
 813  3.5041507e+00 5.09e-05 2.89e+00  -4.0 3.36e-02    -  1.00e+00 1.00e+00h  1
 814  3.5020128e+00 4.81e-05 6.62e+00  -4.1 4.45e-02    -  1.00e+00 1.00e+00h  1
 815  3.5008829e+00 3.06e-05 1.49e+00  -4.1 3.87e-02    -  1.00e+00 1.00e+00h  1
 816  3.5045802e+00 2.68e-06 2.32e+00  -4.0 2.23e-02    -  1.00e+00 1.00e+00H  1
 817  3.5030200e+00 4.01e-06 2.99e+00  -4.1 3.00e-02    -  1.00e+00 1.00e+00H  1
 818  3.5059318e+00 9.33e-05 5.89e+00  -4.0 5.74e-02    -  1.00e+00 1.00e+00h  1
 819  3.5007422e+00 6.98e-05 8.35e-01  -4.1 5.87e-02    -  1.00e+00 1.00e+00h  1
iter    objective    inf_pr   inf_du lg(mu)  ||d||  lg(rg) alpha_du alpha_pr  ls
 820  3.5022672e+00 5.66e-06 8.24e-01  -4.1 1.31e-02    -  1.00e+00 1.00e+00h  1
 821  3.5056471e+00 2.06e-06 1.66e+00  -4.0 1.99e-02    -  1.00e+00 1.00e+00H  1
 822  3.5025266e+00 7.21e-05 5.92e+00  -4.1 3.96e-02    -  1.00e+00 1.00e+00h  1
 823  3.5020676e+00 2.15e-05 5.28e+00  -4.1 2.59e-02    -  1.00e+00 1.00e+00h  1
 824  3.5022875e+00 2.15e-05 1.10e+00  -4.1 2.61e-02    -  1.00e+00 1.00e+00h  1
 825  3.5026819e+00 1.65e-05 2.05e+00  -4.1 2.23e-02    -  1.00e+00 1.00e+00h  1
 826  3.5024669e+00 7.06e-06 9.42e-01  -4.1 1.25e-02    -  1.00e+00 1.00e+00h  1
 827  3.5053403e+00 1.60e-05 1.34e+00  -4.0 1.77e-02    -  1.00e+00 1.00e+00h  1
 828  3.5026253e+00 6.99e-05 9.70e+00  -4.1 4.69e-02    -  1.00e+00 1.00e+00h  1
 829  3.5002782e+00 5.65e-05 1.89e+00  -4.1 3.43e-02    -  1.00e+00 1.00e+00h  1
iter    objective    inf_pr   inf_du lg(mu)  ||d||  lg(rg) alpha_du alpha_pr  ls
 830  3.5061474e+00 1.13e-05 5.85e+00  -4.0 3.64e-02    -  1.00e+00 1.00e+00H  1
 831  3.5019059e+00 4.00e-05 1.58e+00  -4.1 3.91e-02    -  1.00e+00 1.00e+00h  1
 832  3.5020156e+00 2.21e-05 3.88e+00  -4.1 2.98e-02    -  1.00e+00 1.00e+00h  1
 833  3.5027279e+00 1.15e-05 1.13e+00  -4.1 2.22e-02    -  1.00e+00 1.00e+00h  1
 834  3.5029733e+00 5.71e-06 1.79e+00  -4.1 1.35e-02    -  1.00e+00 1.00e+00h  1
 835  3.5045481e+00 5.56e-06 1.25e+00  -4.0 1.56e-02    -  1.00e+00 1.00e+00h  1
 836  3.5030357e+00 5.06e-06 1.15e+00  -4.1 1.06e-02    -  1.00e+00 1.00e+00h  1
 837  3.5030009e+00 3.16e-06 2.65e+00  -4.1 1.75e-02    -  1.00e+00 1.00e+00H  1
 838  3.5053137e+00 2.71e-05 1.39e+00  -4.0 2.19e-02    -  1.00e+00 1.00e+00h  1
 839  3.5024498e+00 3.58e-05 3.07e+00  -4.1 2.97e-02    -  1.00e+00 1.00e+00h  1
iter    objective    inf_pr   inf_du lg(mu)  ||d||  lg(rg) alpha_du alpha_pr  ls
 840  3.5023298e+00 1.10e-05 1.38e+00  -4.1 1.87e-02    -  1.00e+00 1.00e+00h  1
 841  3.5027212e+00 8.80e-07 1.97e-01  -4.1 2.91e-03    -  1.00e+00 1.00e+00h  1
 842  3.5053878e+00 4.15e-07 1.43e+00  -4.0 1.72e-02    -  1.00e+00 1.00e+00H  1
 843  3.5029499e+00 2.90e-05 2.34e+00  -4.1 2.68e-02    -  1.00e+00 1.00e+00h  1
 844  3.5022269e+00 1.00e-05 3.30e+00  -4.1 3.09e-02    -  1.00e+00 1.00e+00h  1
 845  3.5053664e+00 3.65e-05 1.88e+00  -4.0 2.64e-02    -  1.00e+00 1.00e+00h  1
 846  3.5025849e+00 4.14e-05 3.32e+00  -4.1 3.45e-02    -  1.00e+00 1.00e+00h  1
 847  3.5017080e+00 2.74e-05 9.80e-01  -4.1 2.59e-02    -  1.00e+00 1.00e+00h  1
 848  3.5023538e+00 5.57e-06 1.11e+00  -4.1 1.02e-02    -  1.00e+00 1.00e+00h  1
 849  3.5048156e+00 2.27e-05 2.21e+00  -4.0 2.09e-02    -  1.00e+00 1.00e+00h  1
iter    objective    inf_pr   inf_du lg(mu)  ||d||  lg(rg) alpha_du alpha_pr  ls
 850  3.5040588e+00 1.54e-05 5.15e+00  -4.1 3.06e-02    -  1.00e+00 1.00e+00H  1
 851  3.5018926e+00 2.60e-05 1.23e+00  -4.1 3.08e-02    -  1.00e+00 1.00e+00h  1
 852  3.5022715e+00 3.81e-06 9.71e-01  -4.1 6.57e-03    -  1.00e+00 1.00e+00h  1
 853  3.5049575e+00 2.19e-05 1.69e+00  -4.0 2.09e-02    -  1.00e+00 1.00e+00h  1
 854  3.5040897e+00 1.23e-05 3.88e+00  -4.1 4.39e-02    -  1.00e+00 1.00e+00H  1
 855  3.5015884e+00 2.89e-05 1.88e+00  -4.1 4.93e-02    -  1.00e+00 1.00e+00h  1
 856  3.5024403e+00 1.13e-06 5.22e-01  -4.1 4.37e-03    -  1.00e+00 1.00e+00h  1
 857  3.5055537e+00 4.06e-07 1.49e+00  -4.0 2.31e-02    -  1.00e+00 1.00e+00H  1
 858  3.5026275e+00 1.72e-04 8.40e+00  -4.1 6.87e-02    -  1.00e+00 1.00e+00h  1
 859  3.4998488e+00 8.04e-05 1.78e+00  -4.1 6.13e-02    -  1.00e+00 1.00e+00h  1
iter    objective    inf_pr   inf_du lg(mu)  ||d||  lg(rg) alpha_du alpha_pr  ls
 860  3.5019183e+00 2.14e-05 4.83e+00  -4.1 2.54e-02    -  1.00e+00 1.00e+00h  1
 861  3.5043947e+00 3.37e-05 5.97e-01  -4.0 2.74e-02    -  1.00e+00 1.00e+00h  1
 862  3.5027677e+00 5.93e-06 4.00e+00  -4.1 2.87e-02    -  1.00e+00 1.00e+00H  1
 863  3.5025465e+00 2.27e-05 7.15e+00  -4.1 3.02e-02    -  1.00e+00 1.00e+00h  1
 864  3.5022588e+00 1.61e-05 4.16e+00  -4.1 2.26e-02    -  1.00e+00 1.00e+00h  1
 865  3.5021465e+00 2.51e-05 9.97e-01  -4.1 2.44e-02    -  1.00e+00 1.00e+00h  1
 866  3.5023663e+00 5.15e-06 1.53e+00  -4.1 1.83e-02    -  1.00e+00 1.00e+00h  1
 867  3.5025110e+00 2.05e-06 1.06e+00  -4.1 8.18e-03    -  1.00e+00 1.00e+00H  1
 868  3.5025920e+00 1.22e-06 3.73e-01  -4.1 7.04e-03    -  1.00e+00 1.00e+00h  1
 869  3.5031868e+00 4.62e-06 5.44e-01  -4.0 4.03e-03    -  1.00e+00 1.00e+00h  1
iter    objective    inf_pr   inf_du lg(mu)  ||d||  lg(rg) alpha_du alpha_pr  ls
 870  3.5032223e+00 1.18e-06 5.65e-01  -4.1 6.02e-03    -  1.00e+00 1.00e+00h  1
 871  3.5027889e+00 1.12e-06 1.66e+00  -4.1 1.07e-02    -  1.00e+00 1.00e+00H  1
 872  3.5029728e+00 4.33e-07 3.43e+00  -4.1 1.77e-02    -  1.00e+00 1.00e+00H  1
 873  3.5028230e+00 1.74e-06 1.05e+00  -4.1 1.46e-02    -  1.00e+00 1.00e+00H  1
 874  3.5026202e+00 1.28e-05 2.98e+00  -4.1 2.20e-02    -  1.00e+00 1.00e+00h  1
 875  3.5025425e+00 7.35e-06 4.00e-01  -4.1 1.66e-02    -  1.00e+00 1.00e+00h  1
 876  3.5025695e+00 3.29e-06 8.32e-01  -4.1 7.64e-03    -  1.00e+00 1.00e+00h  1
 877  3.5026273e+00 1.36e-06 6.80e-01  -4.1 4.48e-03    -  1.00e+00 1.00e+00h  1
 878  3.5026671e+00 5.94e-07 1.06e-01  -4.1 1.14e-03    -  1.00e+00 1.00e+00h  1
 879  3.5043719e+00 9.91e-06 2.11e+00  -4.0 1.37e-02    -  1.00e+00 1.00e+00h  1
iter    objective    inf_pr   inf_du lg(mu)  ||d||  lg(rg) alpha_du alpha_pr  ls
 880  3.5030510e+00 1.99e-04 1.31e+01  -4.1 7.86e-02    -  1.00e+00 1.00e+00h  1
 881  3.5016979e+00 9.06e-04 3.72e+01  -4.1 1.74e-01    -  1.00e+00 1.00e+00h  1
 882  3.4979995e+00 6.93e-03 5.82e+01  -4.1 4.48e-01    -  1.00e+00 1.00e+00h  1
 883  3.4832892e+00 5.11e-04 4.76e+01  -4.1 1.72e-01    -  9.26e-01 1.00e+00h  1
 884  3.4885438e+00 5.99e-03 3.50e+01  -3.8 3.85e-01    -  1.00e+00 1.00e+00h  1
 885  3.4834298e+00 7.05e-03 5.82e+01  -3.9 1.22e+00    -  4.31e-01 2.55e-01h  1
 886  3.4822177e+00 5.35e-03 8.52e+01  -3.9 3.86e-01    -  1.00e+00 2.98e-01f  1
 887  3.4907833e+00 1.77e-02 4.21e+01  -3.2 1.27e+00    -  5.77e-01 5.56e-01f  1
 888  3.4888612e+00 1.42e-02 6.37e+01  -3.5 3.82e-01    -  9.05e-01 2.01e-01h  1
 889  3.4854564e+00 3.47e-03 3.83e+01  -3.5 2.73e-01    -  6.26e-01 8.23e-01h  1
iter    objective    inf_pr   inf_du lg(mu)  ||d||  lg(rg) alpha_du alpha_pr  ls
 890  3.5272100e+00 2.11e-03 1.17e+02  -3.5 3.24e-01    -  5.84e-01 8.02e-01H  1
 891  3.5232784e+00 1.01e-03 3.97e+01  -3.5 1.92e-01    -  1.00e+00 1.00e+00h  1
 892  3.5181078e+00 7.92e-04 2.53e+02  -3.5 2.61e-01    -  7.61e-01 2.25e-01h  1
 893  3.5099206e+00 1.08e-03 9.51e+01  -3.5 2.35e-01    -  6.34e-01 1.00e+00h  1
 894  3.5210281e+00 6.67e-04 9.73e+00  -3.5 1.53e-01    -  9.70e-01 1.00e+00h  1
 895  3.5015811e+00 2.67e-03 2.75e+01  -3.5 3.03e-01    -  1.00e+00 9.45e-01h  1
 896  3.5007369e+00 8.87e-04 5.66e+00  -3.5 1.65e-01    -  1.00e+00 1.00e+00h  1
 897  3.5059973e+00 5.01e-04 9.93e+01  -3.5 1.38e-01    -  1.00e+00 5.00e-01h  2
 898  3.5129149e+00 4.29e-04 9.55e+01  -3.5 1.58e-01    -  8.46e-01 5.00e-01h  2
 899  3.5213378e+00 3.24e-04 6.54e+01  -3.5 1.29e-01    -  1.00e+00 5.00e-01h  2
iter    objective    inf_pr   inf_du lg(mu)  ||d||  lg(rg) alpha_du alpha_pr  ls
 900  3.5280136e+00 2.52e-04 4.26e+01  -3.5 2.18e-01    -  9.15e-01 5.00e-01h  2
 901  3.5307652e+00 1.71e-04 4.04e+00  -3.5 8.75e-02    -  1.00e+00 1.00e+00h  1
 902  3.5336738e+00 9.46e-05 7.57e+01  -3.5 4.48e-02    -  1.00e+00 5.00e-01h  2
 903  3.5416649e+00 2.13e-05 5.78e+00  -3.5 3.89e-02    -  1.00e+00 1.00e+00H  1
 904  3.5416803e+00 1.66e-05 9.76e+01  -3.5 6.70e-02    -  1.00e+00 2.50e-01h  3
 905  3.5411937e+00 2.95e-05 5.10e+00  -3.5 2.62e-02    -  1.00e+00 1.00e+00h  1
 906  3.5418306e+00 1.33e-05 2.53e+00  -3.5 1.88e-02    -  1.00e+00 1.00e+00h  1
 907  3.5427130e+00 8.28e-06 1.21e+00  -3.5 1.43e-02    -  1.00e+00 1.00e+00h  1
 908  3.5433952e+00 9.22e-06 8.84e-01  -3.5 1.08e-02    -  1.00e+00 1.00e+00h  1
 909  3.5463869e+00 2.61e-06 5.78e+00  -3.5 3.53e-02    -  1.00e+00 1.00e+00H  1
iter    objective    inf_pr   inf_du lg(mu)  ||d||  lg(rg) alpha_du alpha_pr  ls
 910  3.5466234e+00 6.79e-06 2.06e+01  -3.5 4.07e-02    -  1.00e+00 2.50e-01h  3
 911  3.5461117e+00 1.27e-05 3.09e+00  -3.5 1.96e-02    -  1.00e+00 1.00e+00h  1
 912  3.5465312e+00 1.04e-05 1.44e+00  -3.5 1.37e-02    -  1.00e+00 1.00e+00h  1
 913  3.5474632e+00 9.09e-07 1.08e+00  -3.5 1.07e-02    -  1.00e+00 1.00e+00H  1
 914  3.5483295e+00 1.95e-07 2.74e+00  -3.5 1.67e-02    -  1.00e+00 1.00e+00H  1
 915  3.5481321e+00 1.15e-05 3.89e+00  -3.5 2.08e-02    -  1.00e+00 1.00e+00h  1
 916  3.5474933e+00 2.37e-05 2.52e+00  -3.5 2.22e-02    -  1.00e+00 1.00e+00h  1
 917  3.5480642e+00 4.63e-06 1.01e+00  -3.5 1.96e-02    -  1.00e+00 1.00e+00h  1
 918  3.5487134e+00 4.15e-07 1.72e+00  -3.5 1.88e-02    -  1.00e+00 1.00e+00H  1
 919  3.5483868e+00 6.73e-06 2.46e+00  -3.5 1.84e-02    -  1.00e+00 1.00e+00h  1
iter    objective    inf_pr   inf_du lg(mu)  ||d||  lg(rg) alpha_du alpha_pr  ls
 920  3.5482096e+00 4.98e-06 1.17e+00  -3.5 1.40e-02    -  1.00e+00 1.00e+00h  1
 921  3.5485190e+00 2.67e-06 1.39e+00  -3.5 9.51e-03    -  1.00e+00 1.00e+00h  1
 922  3.5488869e+00 1.98e-06 2.94e+00  -3.5 2.01e-02    -  1.00e+00 1.00e+00H  1
 923  3.5486069e+00 6.78e-06 1.98e+00  -3.5 1.10e-02    -  1.00e+00 1.00e+00h  1
 924  3.5485064e+00 1.90e-06 1.28e+00  -3.5 8.00e-03    -  1.00e+00 1.00e+00h  1
 925  3.5486354e+00 2.18e-07 9.05e-01  -3.5 6.12e-03    -  1.00e+00 1.00e+00H  1
 926  3.5488422e+00 1.74e-07 3.30e+00  -3.5 1.44e-02    -  1.00e+00 1.00e+00H  1
 927  3.5490308e+00 1.05e-07 5.89e+00  -3.5 2.99e-02    -  1.00e+00 1.00e+00H  1
 928  3.5408602e+00 2.02e-04 4.35e+00  -4.0 5.07e-02    -  1.00e+00 1.00e+00f  1
 929  3.5142657e+00 1.64e-03 4.78e+01  -4.1 3.47e-01    -  1.00e+00 5.05e-01h  1
iter    objective    inf_pr   inf_du lg(mu)  ||d||  lg(rg) alpha_du alpha_pr  ls
 930  3.4960471e+00 8.90e-04 3.79e+01  -4.1 1.90e-01    -  9.67e-01 7.78e-01h  1
 931  3.4893727e+00 7.49e-04 3.62e+01  -4.1 4.32e-01    -  3.63e-01 2.94e-01h  1
 932  3.4956387e+00 6.88e-04 1.69e+01  -4.1 1.79e-01    -  9.50e-01 6.67e-01h  1
 933  3.4967888e+00 5.19e-04 5.95e+01  -4.1 1.04e-01    -  1.00e+00 2.50e-01h  3
 934  3.4960828e+00 3.96e-04 1.67e+01  -4.1 1.26e-01    -  1.00e+00 8.08e-01h  1
 935  3.5145253e+00 1.26e-03 1.07e+01  -3.7 1.56e-01    -  8.91e-01 1.00e+00f  1
 936  3.5097946e+00 8.78e-04 2.23e+01  -3.8 3.19e-01    -  1.00e+00 5.80e-01h  1
 937  3.5012516e+00 5.42e-04 1.21e+02  -3.8 1.18e-01    -  2.01e-01 1.00e+00h  1
 938  3.5006785e+00 3.65e-04 1.23e+01  -3.8 1.07e-01    -  1.00e+00 1.00e+00h  1
 939  3.5029424e+00 1.72e-04 3.92e+00  -3.8 6.31e-02    -  1.00e+00 1.00e+00h  1
iter    objective    inf_pr   inf_du lg(mu)  ||d||  lg(rg) alpha_du alpha_pr  ls
 940  3.5063794e+00 8.30e-05 1.53e+02  -3.8 5.51e-02    -  9.96e-01 5.00e-01h  2
 941  3.5087320e+00 7.02e-05 6.65e+01  -3.8 7.47e-02    -  1.00e+00 2.50e-01h  3
 942  3.5104200e+00 5.12e-05 1.10e+02  -3.8 6.25e-02    -  1.00e+00 2.50e-01h  3
 943  3.5159009e+00 1.94e-05 6.14e+00  -3.8 4.46e-02    -  1.00e+00 1.00e+00H  1
 944  3.5143413e+00 2.07e-05 3.32e+01  -3.8 4.13e-02    -  1.00e+00 5.00e-01h  2
 945  3.5121932e+00 5.45e-05 2.95e+00  -3.8 3.65e-02    -  1.00e+00 1.00e+00h  1
 946  3.5133424e+00 1.52e-05 1.53e+00  -3.8 2.32e-02    -  1.00e+00 1.00e+00h  1
 947  3.5140575e+00 1.53e-06 5.59e-01  -3.8 6.63e-03    -  1.00e+00 1.00e+00h  1
 948  3.5140896e+00 1.90e-06 6.19e+00  -3.8 3.38e-02    -  1.00e+00 1.00e+00H  1
 949  3.5131068e+00 1.27e-05 3.25e+00  -3.8 2.27e-02    -  1.00e+00 1.00e+00h  1
iter    objective    inf_pr   inf_du lg(mu)  ||d||  lg(rg) alpha_du alpha_pr  ls
 950  3.5135161e+00 5.01e-06 1.70e+00  -3.8 1.47e-02    -  1.00e+00 1.00e+00h  1
 951  3.5136140e+00 5.13e-06 1.83e+00  -3.8 1.15e-02    -  1.00e+00 1.00e+00h  1
 952  3.5134100e+00 3.87e-06 4.03e-01  -3.8 1.16e-02    -  1.00e+00 1.00e+00h  1
 953  3.5135755e+00 8.10e-07 1.61e-01  -3.8 2.37e-03    -  1.00e+00 1.00e+00h  1
 954  3.5136354e+00 1.71e-07 1.64e+00  -3.8 1.43e-02    -  1.00e+00 1.00e+00H  1
 955  3.5136489e+00 2.35e-07 3.04e+00  -3.8 1.17e-02    -  1.00e+00 1.00e+00H  1
 956  3.5134023e+00 7.63e-07 1.12e+00  -3.8 1.12e-02    -  1.00e+00 1.00e+00H  1
 957  3.5134733e+00 3.03e-07 8.18e-01  -3.8 5.94e-03    -  1.00e+00 1.00e+00H  1
 958  3.5133576e+00 9.96e-07 4.03e-01  -3.8 4.78e-03    -  1.00e+00 1.00e+00h  1
 959  3.5133750e+00 1.77e-07 1.00e-01  -3.8 8.77e-04    -  1.00e+00 1.00e+00h  1
iter    objective    inf_pr   inf_du lg(mu)  ||d||  lg(rg) alpha_du alpha_pr  ls
 960  3.5117120e+00 1.13e-05 1.40e+00  -4.0 1.36e-02    -  1.00e+00 1.00e+00h  1
 961  3.5012315e+00 3.71e-04 1.41e+01  -4.1 8.40e-02    -  1.00e+00 1.00e+00h  1
 962  3.5014016e+00 6.87e-05 1.62e+01  -4.1 5.43e-02    -  1.00e+00 1.00e+00h  1
 963  3.5014360e+00 4.92e-05 5.99e+00  -4.1 3.69e-02    -  1.00e+00 1.00e+00h  1
 964  3.5013968e+00 8.73e-06 2.23e+00  -4.1 1.45e-02    -  1.00e+00 1.00e+00h  1
 965  3.5054259e+00 2.59e-06 2.10e+00  -4.0 2.69e-02    -  1.00e+00 1.00e+00H  1
 966  3.5052866e+00 2.58e-06 6.15e+01  -4.1 5.12e-02    -  1.00e+00 6.25e-02h  5
 967  3.5030849e+00 1.29e-06 3.13e+00  -4.1 2.14e-02    -  1.00e+00 1.00e+00H  1
 968  3.5032439e+00 1.00e-06 7.58e+00  -4.1 3.08e-02    -  1.00e+00 1.00e+00H  1
 969  3.5021595e+00 1.37e-05 3.56e+00  -4.1 2.08e-02    -  1.00e+00 1.00e+00h  1
iter    objective    inf_pr   inf_du lg(mu)  ||d||  lg(rg) alpha_du alpha_pr  ls
 970  3.5025807e+00 1.02e-05 2.54e+00  -4.1 1.83e-02    -  1.00e+00 1.00e+00h  1
 971  3.5025812e+00 4.33e-06 6.03e-01  -4.1 1.02e-02    -  1.00e+00 1.00e+00h  1
 972  3.5026256e+00 2.87e-07 2.53e-01  -4.1 1.87e-03    -  1.00e+00 1.00e+00h  1
 973  3.5055858e+00 3.13e-05 3.20e+00  -4.0 2.44e-02    -  1.00e+00 1.00e+00h  1
 974  3.5028042e+00 1.41e-04 5.77e+00  -4.1 4.78e-02    -  1.00e+00 1.00e+00h  1
 975  3.5019949e+00 2.75e-05 4.19e+00  -4.1 2.90e-02    -  1.00e+00 1.00e+00h  1
 976  3.5023238e+00 2.62e-06 3.03e+00  -4.1 1.76e-02    -  1.00e+00 1.00e+00H  1
 977  3.5029532e+00 3.54e-06 1.88e+00  -4.1 8.67e-03    -  1.00e+00 1.00e+00h  1
 978  3.5026333e+00 1.93e-06 8.56e-01  -4.1 8.50e-03    -  1.00e+00 1.00e+00h  1
 979  3.5025549e+00 1.06e-06 4.22e-01  -4.1 5.25e-03    -  1.00e+00 1.00e+00h  1
iter    objective    inf_pr   inf_du lg(mu)  ||d||  lg(rg) alpha_du alpha_pr  ls
 980  3.5038447e+00 1.31e-05 1.17e+00  -4.0 1.38e-02    -  1.00e+00 1.00e+00h  1
 981  3.5037985e+00 4.78e-06 3.73e+00  -4.1 3.87e-02    -  1.00e+00 1.00e+00H  1
 982  3.5021193e+00 3.26e-05 1.17e+00  -4.1 3.82e-02    -  1.00e+00 1.00e+00h  1
 983  3.5022434e+00 1.08e-05 1.94e+00  -4.1 1.63e-02    -  1.00e+00 1.00e+00h  1
 984  3.5046673e+00 3.46e-05 1.44e+00  -4.0 2.51e-02    -  1.00e+00 1.00e+00h  1
 985  3.5029229e+00 8.97e-06 4.46e+00  -4.1 3.05e-02    -  1.00e+00 1.00e+00H  1
 986  3.5022947e+00 9.42e-06 2.78e+00  -4.1 1.61e-02    -  1.00e+00 1.00e+00h  1
 987  3.5027069e+00 2.72e-06 1.31e+00  -4.1 8.70e-03    -  1.00e+00 1.00e+00h  1
 988  3.5028744e+00 8.96e-07 7.39e-01  -4.1 4.90e-03    -  1.00e+00 1.00e+00h  1
 989  3.5027923e+00 3.81e-07 4.11e-01  -4.1 2.83e-03    -  1.00e+00 1.00e+00h  1
iter    objective    inf_pr   inf_du lg(mu)  ||d||  lg(rg) alpha_du alpha_pr  ls
 990  3.5027618e+00 6.97e-08 6.34e-01  -4.1 5.77e-03    -  1.00e+00 1.00e+00H  1
 991  3.5045916e+00 3.38e-05 2.67e+00  -4.0 2.26e-02    -  1.00e+00 1.00e+00h  1
 992  3.5031553e+00 2.35e-05 4.17e+00  -4.1 2.47e-02    -  1.00e+00 1.00e+00h  1
 993  3.5023691e+00 9.50e-06 1.50e+00  -4.1 1.67e-02    -  1.00e+00 1.00e+00h  1
 994  3.5022819e+00 5.82e-06 1.43e+00  -4.1 1.31e-02    -  1.00e+00 1.00e+00h  1
 995  3.5026122e+00 1.24e-06 1.44e-01  -4.1 5.57e-03    -  1.00e+00 1.00e+00h  1
 996  3.5027255e+00 4.51e-08 1.71e-01  -4.1 1.15e-03    -  1.00e+00 1.00e+00h  1
 997  3.5052473e+00 4.05e-05 3.33e+00  -4.0 2.54e-02    -  1.00e+00 1.00e+00h  1
 998  3.5036270e+00 1.79e-05 5.52e+00  -4.1 4.34e-02    -  1.00e+00 1.00e+00H  1
 999  3.5018853e+00 2.91e-05 4.24e+00  -4.1 2.71e-02    -  1.00e+00 1.00e+00h  1
iter    objective    inf_pr   inf_du lg(mu)  ||d||  lg(rg) alpha_du alpha_pr  ls
1000  3.5023158e+00 1.04e-05 2.91e+00  -4.1 2.63e-02    -  1.00e+00 1.00e+00h  1

Number of Iterations....: 1000

                                   (scaled)                 (unscaled)
Objective...............:   3.5023158047506566e+00    3.5023158047506566e+00
Dual infeasibility......:   2.9130903093163862e+00    2.9130903093163862e+00
Constraint violation....:   1.0435189182089744e-05    1.0435189182089744e-05
Variable bound violation:   0.0000000000000000e+00    0.0000000000000000e+00
Complementarity.........:   8.0043600136206415e-05    8.0043600136206415e-05
Overall NLP error.......:   2.9130903093163862e+00    2.9130903093163862e+00


Number of objective function evaluations             = 1641
Number of objective gradient evaluations             = 1001
Number of equality constraint evaluations            = 1641
Number of inequality constraint evaluations          = 1641
Number of equality constraint Jacobian evaluations   = 1001
Number of inequality constraint Jacobian evaluations = 1001
Number of Lagrangian Hessian evaluations             = 0
Total seconds in IPOPT                               = 3474.539

EXIT: Maximum Number of Iterations Exceeded.
