This is Ipopt version 3.14.19, running with linear solver MUMPS 5.8.2.

Number of nonzeros in equality constraint Jacobian...:   782909
Number of nonzeros in inequality constraint Jacobian.:     3392
Number of nonzeros in Lagrangian Hessian.............:        0

Total number of variables............................:     2527
                     variables with only lower bounds:        0
                variables with lower and upper bounds:      536
                     variables with only upper bounds:        0
Total number of equality constraints.................:     2430
Total number of inequality constraints...............:      361
        inequality constraints with only lower bounds:        0
   inequality constraints with lower and upper bounds:        0
        inequality constraints with only upper bounds:      361

iter    objective    inf_pr   inf_du lg(mu)  ||d||  lg(rg) alpha_du alpha_pr  ls
   0  3.6268000e-02 6.05e+00 1.00e+00   0.0 0.00e+00    -  0.00e+00 0.00e+00   0
   1  3.6073623e-02 6.00e+00 1.68e+01  -0.2 1.46e+01    -  8.42e-02 7.26e-03h  1
   2  3.4675035e-02 5.99e+00 1.99e+02   1.8 1.25e+02    -  8.14e-03 2.76e-03f  1
   3  3.5783895e-02 5.81e+00 7.28e+02   0.9 1.58e+01    -  9.52e-02 2.98e-02h  1
   4  7.5127137e-02 5.58e+00 3.94e+03   1.8 4.51e+01    -  1.59e-01 3.70e-02f  1
   5  2.2840199e-01 5.19e+00 1.18e+04   2.1 4.44e+01    -  3.30e-01 6.78e-02f  1
   6  1.7083190e+00 5.30e+00 2.59e+04   2.6 5.99e+01    -  4.83e-01 1.52e-01f  1
   7  2.3675574e+00 4.20e+00 4.35e+04  -3.7 3.27e+01    -  1.66e-01 2.66e-01h  1
   8  7.1873806e+00 6.64e+00 1.99e+05   2.8 5.47e+01    -  2.77e-01 2.95e-01f  1
   9  1.2426876e+01 5.63e+00 2.97e+05   2.3 5.27e+01    -  3.13e-01 2.59e-01h  1
iter    objective    inf_pr   inf_du lg(mu)  ||d||  lg(rg) alpha_du alpha_pr  ls
  10  1.4902075e+01 3.58e+00 5.11e+05   2.3 2.55e+01    -  5.50e-01 3.73e-01h  1
  11  1.7266167e+01 2.47e+00 4.12e+05   1.7 2.41e+01    -  5.18e-01 4.18e-01h  1
  12  1.9308222e+01 1.66e+00 4.08e+05   2.3 1.48e+01    -  1.00e+00 4.49e-01f  1
  13  2.2453419e+01 1.92e+00 4.06e+05   2.4 1.81e+01    -  9.12e-01 5.84e-01f  1
  14  2.4355257e+01 1.25e+00 4.08e+05   2.4 2.17e+01    -  7.57e-01 3.87e-01f  1
  15  2.5543234e+01 9.84e-01 3.50e+05   2.6 8.50e+00    -  1.00e+00 6.09e-01f  1
  16  2.6355247e+01 4.41e-01 1.95e+05   2.1 6.81e+00    -  1.00e+00 1.00e+00h  1
  17  2.6032948e+01 3.81e-01 9.53e+04   1.8 6.97e+00    -  1.00e+00 1.00e+00h  1
  18  2.5467052e+01 2.17e-01 7.70e+04   1.2 6.08e+00    -  1.00e+00 1.00e+00h  1
  19  2.5450502e+01 1.01e-01 2.89e+04   1.3 3.23e+00    -  1.00e+00 1.00e+00f  1
iter    objective    inf_pr   inf_du lg(mu)  ||d||  lg(rg) alpha_du alpha_pr  ls
  20  2.5368944e+01 3.85e-02 1.62e+04   0.7 1.81e+00    -  1.00e+00 1.00e+00h  1
  21  2.5328180e+01 4.09e-03 3.40e+03   0.3 5.95e-01    -  1.00e+00 1.00e+00h  1
  22  2.5372308e+01 5.69e-03 5.85e+03   0.7 5.89e-01    -  1.00e+00 1.00e+00f  1
  23  2.5386065e+01 5.57e-03 7.69e+03   0.6 5.68e-01    -  1.00e+00 1.00e+00f  1
  24  2.5487575e+01 1.01e-02 1.32e+04   0.6 7.51e-01    -  1.00e+00 1.00e+00f  1
  25  2.5575241e+01 9.16e-03 1.62e+04   0.6 7.10e-01    -  1.00e+00 1.00e+00f  1
  26  2.5758589e+01 1.32e-02 1.23e+04   0.6 9.28e-01    -  1.00e+00 1.00e+00f  1
  27  2.5809917e+01 5.35e-03 1.01e+04   0.6 7.36e-01    -  1.00e+00 1.00e+00f  1
  28  2.5875819e+01 9.06e-03 6.55e+03   0.6 6.00e-01    -  1.00e+00 1.00e+00f  1
  29  2.6048473e+01 1.92e-02 1.50e+04   0.6 7.66e-01    -  1.00e+00 1.00e+00f  1
iter    objective    inf_pr   inf_du lg(mu)  ||d||  lg(rg) alpha_du alpha_pr  ls
  30  2.6217429e+01 1.31e-02 2.08e+04   0.6 9.05e-01    -  1.00e+00 1.00e+00f  1
  31  2.6275944e+01 5.43e-03 5.61e+03   0.6 8.38e-01    -  1.00e+00 1.00e+00h  1
  32  2.6313410e+01 3.85e-03 4.18e+03   0.6 4.68e-01    -  1.00e+00 1.00e+00f  1
  33  2.6405788e+01 3.64e-03 5.63e+03   0.6 5.01e-01    -  1.00e+00 1.00e+00f  1
  34  2.6485375e+01 3.93e-03 6.87e+03   0.6 4.57e-01    -  1.00e+00 1.00e+00f  1
  35  2.6603239e+01 4.71e-03 5.33e+03   0.6 7.37e-01    -  1.00e+00 1.00e+00f  1
  36  2.6710437e+01 5.98e-03 9.23e+03   0.6 5.44e-01    -  1.00e+00 1.00e+00f  1
  37  2.6769677e+01 4.93e-03 1.05e+04   0.6 7.66e-01    -  1.00e+00 1.00e+00h  1
  38  2.6876880e+01 5.70e-03 8.24e+03   0.6 8.08e-01    -  1.00e+00 1.00e+00f  1
  39  2.6928252e+01 3.22e-03 4.34e+03   0.6 4.18e-01    -  1.00e+00 1.00e+00f  1
iter    objective    inf_pr   inf_du lg(mu)  ||d||  lg(rg) alpha_du alpha_pr  ls
  40  2.7005123e+01 2.76e-04 2.98e+03   0.6 3.99e-01    -  1.00e+00 1.00e+00H  1
  41  2.6886731e+01 6.93e-05 5.47e+03  -0.5 5.82e-01    -  9.88e-01 1.00e+00H  1
  42  2.6927369e+01 4.77e-05 1.23e+03  -1.4 4.95e-01    -  1.00e+00 1.00e+00H  1
  43  2.6922285e+01 3.89e-05 2.02e+03  -2.5 2.61e-01    -  1.00e+00 1.00e+00H  1
  44  2.6909410e+01 2.58e-04 1.12e+03  -3.4 1.49e-01    -  1.00e+00 1.00e+00h  1
  45  2.6894901e+01 1.00e-04 6.47e+02  -3.5 8.85e-02    -  1.00e+00 1.00e+00h  1
  46  2.6882915e+01 1.01e-04 7.71e+02  -3.5 4.74e-02    -  1.00e+00 1.00e+00h  1
  47  2.6789703e+01 5.19e-03 3.27e+03  -3.9 3.35e-01    -  1.00e+00 1.00e+00h  1
  48  2.6745793e+01 5.89e-03 7.44e+03  -4.0 4.30e+00    -  4.28e-01 3.22e-02h  1
  49  2.6702241e+01 6.84e-03 9.92e+03  -4.0 2.20e+00    -  3.46e-01 6.29e-02h  1
iter    objective    inf_pr   inf_du lg(mu)  ||d||  lg(rg) alpha_du alpha_pr  ls
  50  2.6675149e+01 6.73e-03 1.25e+04  -4.0 6.68e-01    -  7.12e-01 1.14e-01h  1
  51  2.6581662e+01 1.60e-02 1.17e+04  -4.0 1.61e+00    -  3.08e-01 1.48e-01h  1
  52  2.6497917e+01 2.01e-02 9.17e+03  -4.0 1.32e+00    -  8.22e-02 1.86e-01h  1
  53  2.6488922e+01 1.99e-02 9.90e+03  -4.0 1.35e+00    -  1.33e-01 1.71e-02h  1
  54  2.6449962e+01 2.17e-02 9.80e+03  -4.0 2.17e+00    -  6.67e-02 4.95e-02h  1
  55  2.6446883e+01 2.12e-02 9.99e+03  -4.0 8.86e-01    -  5.39e-02 2.47e-02h  1
  56  2.6442660e+01 1.96e-02 8.72e+03  -4.0 8.60e-01    -  5.45e-02 8.71e-02h  1
  57  2.6441695e+01 1.82e-02 8.37e+03  -4.0 1.54e-01    -  1.33e-01 7.37e-02h  1
  58  2.6439350e+01 1.52e-02 6.77e+03  -4.0 1.24e-01    -  1.11e-01 1.61e-01h  1
  59  2.6414006e+01 3.41e-02 7.69e+03  -4.0 4.07e-01    -  5.29e-02 9.27e-01h  1
iter    objective    inf_pr   inf_du lg(mu)  ||d||  lg(rg) alpha_du alpha_pr  ls
  60  2.6401128e+01 3.08e-02 7.68e+03  -4.0 4.56e-01    -  7.07e-02 1.17e-01h  1
  61  2.6389677e+01 3.06e-02 5.11e+03  -4.0 1.94e+00    -  1.40e-01 2.35e-02h  1
  62  2.6367924e+01 3.06e-02 3.65e+03  -4.0 1.23e+00    -  1.30e-01 5.35e-02h  1
  63  2.6345370e+01 2.59e-02 4.43e+03  -4.0 2.78e-01    -  4.65e-02 1.57e-01h  1
  64  2.6334501e+01 3.72e-03 5.07e+03  -4.0 6.21e-02    -  4.80e-01 8.50e-01h  1
  65  2.6322365e+01 6.99e-05 2.72e+01  -3.1 6.59e-02    -  1.00e+00 1.00e+00f  1
  66  2.6329054e+01 3.07e-02 8.62e+02  -1.5 4.24e-01    -  9.90e-01 6.72e-01f  1
  67  2.6223411e+01 1.60e-02 8.26e+02  -1.6 7.81e-01    -  4.50e-01 1.00e+00f  1
  68  2.6148228e+01 8.82e-03 3.65e+02  -1.6 2.47e-01    -  9.75e-01 8.32e-01h  1
  69  2.6070901e+01 1.27e-02 2.99e+01  -1.6 2.99e-01    -  1.00e+00 1.00e+00f  1
iter    objective    inf_pr   inf_du lg(mu)  ||d||  lg(rg) alpha_du alpha_pr  ls
  70  2.6065050e+01 6.24e-05 9.64e+00  -1.6 3.38e-02    -  1.00e+00 1.00e+00h  1
  71  2.5843706e+01 7.51e-03 2.15e+01  -2.4 4.20e-01    -  1.00e+00 1.00e+00f  1
  72  2.4721524e+01 1.19e-01 2.79e+02  -2.5 8.76e+00    -  6.47e-01 2.36e-01f  1
  73  2.4497639e+01 3.31e-01 3.08e+02  -1.0 1.76e+01    -  7.65e-01 1.81e-01f  1
  74  2.1487777e+01 4.60e-01 4.01e+02  -1.2 7.48e+00    -  1.00e+00 1.00e+00f  1
  75  1.8428741e+01 1.15e+00 2.75e+02  -1.3 1.98e+01    -  1.00e+00 6.80e-01h  1
  76  1.9031290e+01 1.06e+00 3.43e+02  -1.0 1.10e+01    -  1.00e+00 1.00e+00h  1
  77  1.6688728e+01 2.15e-01 1.68e+02  -1.5 5.08e+00    -  1.00e+00 1.00e+00h  1
  78  1.3575800e+01 7.06e-01 8.24e+01  -2.0 1.12e+01    -  6.40e-01 8.17e-01h  1
  79  1.3042484e+01 1.00e+00 1.48e+02  -1.2 1.77e+01    -  1.00e+00 5.10e-01h  1
iter    objective    inf_pr   inf_du lg(mu)  ||d||  lg(rg) alpha_du alpha_pr  ls
  80  1.4085258e+01 7.06e-01 8.73e+01  -1.0 1.07e+01    -  9.56e-01 5.38e-01f  1
  81  1.2099174e+01 3.37e-01 4.48e+01  -1.5 6.26e+00    -  1.00e+00 1.00e+00h  1
  82  9.8587813e+00 5.86e-01 4.04e+01  -1.6 1.06e+01    -  9.99e-01 6.86e-01h  1
  83  9.2995165e+00 3.20e-01 7.89e+01  -1.6 6.70e+00    -  1.00e+00 6.61e-01h  1
  84  8.5256998e+00 3.32e-01 5.89e+01  -1.9 4.48e+00    -  1.00e+00 1.00e+00h  1
  85  7.4601552e+00 3.30e-01 6.23e+01  -2.5 6.46e+00    -  7.19e-01 5.82e-01h  1
  86  7.3596982e+00 2.24e-01 6.66e+01  -1.9 3.98e+00    -  9.42e-01 3.07e-01h  1
  87  7.4393734e+00 9.61e-02 5.58e+01  -2.1 2.24e+00    -  1.00e+00 8.33e-01h  1
  88  7.1922654e+00 5.57e-02 6.82e+01  -2.5 2.67e+00    -  1.00e+00 4.63e-01h  1
  89  6.7408742e+00 1.06e-01 1.07e+02  -3.0 6.32e+00    -  6.54e-01 3.57e-01h  1
iter    objective    inf_pr   inf_du lg(mu)  ||d||  lg(rg) alpha_du alpha_pr  ls
  90  6.7503393e+00 4.24e-01 1.89e+02  -2.2 4.74e+00    -  6.69e-01 6.15e-01h  1
  91  6.6379389e+00 1.80e-01 1.36e+02  -2.4 1.70e+00    -  1.00e+00 5.59e-01h  1
  92  6.6140062e+00 7.97e-02 5.96e+01  -2.4 1.66e+00    -  1.00e+00 6.34e-01h  1
  93  6.5130300e+00 3.89e-02 5.00e+01  -4.0 1.74e+00    -  2.37e-01 5.89e-01h  1
  94  6.6126997e+00 2.60e-02 1.13e+02  -2.5 1.93e+00    -  6.50e-01 3.92e-01H  1
  95  6.6181735e+00 2.68e-02 9.43e+01  -2.5 1.13e+00    -  6.05e-01 7.95e-01h  1
  96  6.5995875e+00 1.67e-02 7.51e+01  -2.7 9.51e-01    -  3.09e-01 4.44e-01h  1
  97  6.6354772e+00 1.58e-02 7.98e+02  -1.8 2.39e+00    -  1.00e+00 1.26e-01f  1
  98  6.6482957e+00 9.28e-03 3.89e+02  -4.0 9.11e-01    -  5.15e-01 5.00e-01h  2
  99  6.6851235e+00 9.19e-03 1.48e+02  -2.7 1.13e+00    -  6.51e-01 5.00e-01h  2
iter    objective    inf_pr   inf_du lg(mu)  ||d||  lg(rg) alpha_du alpha_pr  ls
 100  6.7421510e+00 6.19e-03 1.67e+02  -3.2 6.99e-01    -  9.06e-01 7.07e-01H  1
 101  6.7362302e+00 3.26e-03 1.50e+02  -2.7 4.46e-01    -  1.00e+00 4.96e-01h  1
 102  6.7333170e+00 3.08e-03 7.17e+01  -3.3 4.67e-01    -  1.00e+00 7.71e-01h  1
 103  6.7062432e+00 6.66e-03 5.60e+01  -3.8 5.00e-01    -  1.00e+00 7.74e-01h  1
 104  6.6764949e+00 6.21e-03 7.81e+01  -3.5 9.97e-01    -  1.00e+00 2.76e-01h  1
 105  6.6751269e+00 4.62e-03 1.34e+02  -3.8 3.11e-01    -  1.00e+00 2.91e-01h  1
 106  6.6704065e+00 3.54e-03 9.15e+01  -4.0 3.65e-01    -  2.65e-01 3.36e-01h  1
 107  6.6604215e+00 2.62e-03 7.44e+01  -4.0 4.07e-01    -  2.08e-01 3.12e-01h  1
 108  6.7557251e+00 6.70e-03 9.35e+01  -2.3 1.82e+00    -  2.17e-01 1.94e-01f  1
 109  6.7237339e+00 5.19e-03 6.67e+01  -3.0 3.83e-01    -  5.66e-01 5.28e-01h  1
iter    objective    inf_pr   inf_du lg(mu)  ||d||  lg(rg) alpha_du alpha_pr  ls
 110  6.6948690e+00 3.60e-03 6.34e+01  -3.0 3.69e-01    -  6.07e-01 7.97e-01f  1
 111  6.6987177e+00 1.33e-03 4.09e+01  -3.0 1.74e-01    -  1.00e+00 1.00e+00h  1
 112  6.6654039e+00 1.07e-03 4.48e+01  -3.6 1.86e-01    -  1.00e+00 9.88e-01h  1
 113  6.6552018e+00 9.00e-04 4.74e+01  -4.0 2.12e-01    -  5.19e-01 5.17e-01h  1
 114  6.6575486e+00 3.32e-04 4.85e+01  -4.0 1.04e-01    -  1.00e+00 6.39e-01h  1
 115  6.6687452e+00 3.57e-04 3.18e+01  -3.7 1.07e-01    -  8.87e-01 1.00e+00h  1
 116  6.6937071e+00 3.14e-04 5.66e+01  -3.5 1.53e-01    -  8.07e-01 1.00e+00H  1
 117  6.6733341e+00 1.86e-04 2.78e+01  -4.0 7.54e-02    -  1.00e+00 9.24e-01h  1
 118  6.6539360e+00 3.89e-04 1.85e+01  -4.0 1.25e-01    -  1.00e+00 9.62e-01h  1
 119  6.6573695e+00 1.60e-04 1.65e+01  -4.0 6.11e-02    -  1.00e+00 1.00e+00h  1
iter    objective    inf_pr   inf_du lg(mu)  ||d||  lg(rg) alpha_du alpha_pr  ls
 120  6.6625506e+00 6.55e-05 1.47e+01  -4.0 7.72e-02    -  1.00e+00 1.00e+00H  1
 121  6.6577909e+00 2.07e-04 2.53e+01  -4.0 1.00e-01    -  1.00e+00 6.07e-01h  1
 122  6.6497224e+00 1.97e-04 3.96e+01  -4.0 1.25e-01    -  1.00e+00 4.85e-01h  1
 123  6.6531287e+00 3.97e-05 9.20e+00  -4.0 3.83e-02    -  1.00e+00 1.00e+00h  1
 124  6.6535100e+00 4.52e-05 5.76e+00  -4.0 2.96e-02    -  1.00e+00 1.00e+00h  1
 125  6.6514645e+00 2.09e-04 1.73e+01  -4.1 1.00e-01    -  1.00e+00 7.94e-01h  1
 126  6.6484406e+00 3.79e-04 3.48e+01  -4.1 2.98e-01    -  6.22e-01 2.97e-01f  1
 127  6.6847917e+00 3.50e-03 1.02e+02  -3.1 6.20e-01    -  3.98e-01 6.23e-01f  1
 128  6.6414123e+00 9.01e-04 4.97e+01  -3.5 1.77e-01    -  1.00e+00 1.00e+00h  1
 129  6.6331205e+00 6.03e-04 1.29e+02  -3.9 2.22e-01    -  1.00e+00 3.49e-01h  1
iter    objective    inf_pr   inf_du lg(mu)  ||d||  lg(rg) alpha_du alpha_pr  ls
 130  6.6294104e+00 3.74e-04 1.50e+02  -4.0 1.73e-01    -  1.00e+00 4.58e-01h  1
 131  6.6371140e+00 1.37e-04 1.72e+01  -4.0 7.17e-02    -  1.00e+00 1.00e+00h  1
 132  6.6421123e+00 1.51e-04 2.01e+01  -4.0 7.02e-02    -  1.00e+00 1.00e+00h  1
 133  6.6410796e+00 7.10e-05 6.87e+00  -4.0 5.16e-02    -  1.00e+00 1.00e+00h  1
 134  6.6437630e+00 1.05e-05 2.55e+00  -4.0 1.95e-02    -  1.00e+00 1.00e+00h  1
 135  6.6412265e+00 6.91e-04 3.20e+01  -4.0 1.63e-01    -  1.00e+00 1.00e+00h  1
 136  6.6342257e+00 2.49e-04 1.23e+01  -4.1 1.07e-01    -  1.00e+00 1.00e+00h  1
 137  6.6350084e+00 1.74e-04 1.87e+01  -4.0 9.03e-02    -  8.95e-01 1.00e+00h  1
 138  6.6356770e+00 1.31e-04 3.37e+01  -4.0 8.30e-02    -  1.00e+00 3.04e-01h  1
 139  6.6367687e+00 1.56e-04 2.28e+01  -4.0 1.24e-01    -  1.00e+00 5.00e-01h  2
iter    objective    inf_pr   inf_du lg(mu)  ||d||  lg(rg) alpha_du alpha_pr  ls
 140  6.6369612e+00 1.39e-04 7.38e+00  -4.0 1.47e-01    -  1.00e+00 2.50e-01h  3
 141  6.6392490e+00 6.43e-05 1.27e+01  -4.0 6.31e-02    -  1.00e+00 1.00e+00h  1
 142  6.6392262e+00 3.96e-05 5.84e+00  -4.0 4.28e-02    -  1.00e+00 1.00e+00h  1
 143  6.6399190e+00 9.95e-06 4.47e+00  -4.0 1.81e-02    -  1.00e+00 1.00e+00h  1
 144  6.6419523e+00 5.69e-06 5.82e+00  -4.0 3.01e-02    -  1.00e+00 1.00e+00H  1
 145  6.6370095e+00 3.35e-03 6.14e+01  -4.0 4.70e-01    -  1.00e+00 6.87e-01h  1
 146  6.6298725e+00 3.36e-03 9.91e+01  -4.1 5.14e-01    -  3.25e-01 4.26e-01h  1
 147  6.6080465e+00 2.51e-03 7.64e+01  -4.1 7.96e-01    -  4.20e-01 2.92e-01h  1
 148  6.6043780e+00 6.52e-04 1.80e+01  -4.0 1.34e-01    -  8.77e-01 1.00e+00f  1
 149  6.6231681e+00 4.27e-04 2.53e+01  -3.8 1.54e-01    -  1.00e+00 1.00e+00h  1
iter    objective    inf_pr   inf_du lg(mu)  ||d||  lg(rg) alpha_du alpha_pr  ls
 150  6.6224000e+00 2.03e-04 2.32e+01  -4.0 8.36e-02    -  1.00e+00 5.56e-01h  1
 151  6.6212799e+00 1.53e-04 1.95e+01  -4.0 7.41e-02    -  1.00e+00 1.00e+00h  1
 152  6.6274938e+00 8.99e-05 1.49e+01  -4.0 5.85e-02    -  1.00e+00 1.00e+00h  1
 153  6.6327659e+00 1.58e-05 4.98e+00  -4.0 3.68e-02    -  1.00e+00 1.00e+00h  1
 154  6.6324244e+00 2.22e-06 8.86e+00  -4.0 3.92e-02    -  1.00e+00 1.00e+00H  1
 155  6.6316981e+00 9.55e-06 3.98e+00  -4.0 2.16e-02    -  1.00e+00 1.00e+00h  1
 156  6.6317194e+00 1.14e-05 3.15e+00  -4.0 1.92e-02    -  1.00e+00 1.00e+00h  1
 157  6.6314868e+00 2.03e-06 2.35e+00  -4.0 8.71e-03    -  1.00e+00 1.00e+00h  1
 158  6.6310336e+00 7.84e-05 1.01e+01  -4.0 5.20e-02    -  1.00e+00 1.00e+00h  1
 159  6.6247851e+00 3.02e-03 9.92e+01  -4.1 3.25e-01    -  1.00e+00 1.00e+00h  1
iter    objective    inf_pr   inf_du lg(mu)  ||d||  lg(rg) alpha_du alpha_pr  ls
 160  6.6067374e+00 5.88e-04 8.59e+01  -4.1 1.47e-01    -  1.00e+00 1.00e+00h  1
 161  6.6036932e+00 5.50e-04 4.79e+01  -4.0 1.55e-01    -  1.00e+00 1.00e+00h  1
 162  6.6074474e+00 3.62e-04 6.62e+00  -4.0 1.17e-01    -  1.00e+00 1.00e+00h  1
 163  6.6203393e+00 8.34e-05 2.40e+01  -4.0 6.86e-02    -  1.00e+00 1.00e+00h  1
 164  6.6291388e+00 9.57e-06 2.93e+01  -4.0 1.31e-01    -  1.00e+00 1.00e+00H  1
 165  6.6199603e+00 2.06e-03 9.01e+01  -4.0 2.26e-01    -  1.00e+00 1.00e+00h  1
 166  6.6074380e+00 1.67e-03 1.26e+02  -4.1 4.27e-01    -  8.54e-01 5.51e-01h  1
 167  6.6022673e+00 9.78e-04 4.00e+01  -4.1 1.87e-01    -  8.67e-01 1.00e+00h  1
 168  6.6484424e+00 9.52e-04 3.65e+01  -3.2 1.90e-01    -  6.67e-01 8.28e-01f  1
 169  6.6376187e+00 6.03e-04 2.55e+01  -3.4 1.64e-01    -  1.00e+00 9.24e-01h  1
iter    objective    inf_pr   inf_du lg(mu)  ||d||  lg(rg) alpha_du alpha_pr  ls
 170  6.6289127e+00 8.60e-04 4.32e+01  -3.4 1.87e-01    -  8.81e-01 1.00e+00f  1
 171  6.6317072e+00 2.48e-04 1.49e+01  -3.4 1.41e-01    -  1.00e+00 1.00e+00h  1
 172  6.6379201e+00 2.38e-04 1.36e+01  -3.4 9.01e-02    -  1.00e+00 1.00e+00h  1
 173  6.6423305e+00 1.14e-04 8.45e+00  -3.4 6.20e-02    -  1.00e+00 1.00e+00h  1
 174  6.6503542e+00 4.36e-05 1.15e+01  -3.4 5.18e-02    -  1.00e+00 1.00e+00h  1
 175  6.6519440e+00 4.48e-05 1.28e+01  -3.4 3.71e-02    -  1.00e+00 1.00e+00h  1
 176  6.6491638e+00 3.42e-05 6.47e+00  -3.4 3.37e-02    -  1.00e+00 1.00e+00h  1
 177  6.6500242e+00 5.78e-06 2.54e+00  -3.4 1.57e-02    -  1.00e+00 1.00e+00h  1
 178  6.6507043e+00 1.80e-06 8.81e-01  -3.4 7.66e-03    -  1.00e+00 1.00e+00h  1
 179  6.6512373e+00 2.38e-07 6.64e+00  -3.4 3.51e-02    -  1.00e+00 1.00e+00H  1
iter    objective    inf_pr   inf_du lg(mu)  ||d||  lg(rg) alpha_du alpha_pr  ls
 180  6.6255763e+00 2.74e-04 1.94e+01  -4.0 1.00e-01    -  1.00e+00 1.00e+00f  1
 181  6.6173746e+00 1.61e-04 2.84e+01  -4.1 7.92e-02    -  1.00e+00 1.00e+00h  1
 182  6.6191718e+00 9.66e-05 1.60e+01  -4.1 6.93e-02    -  1.00e+00 1.00e+00h  1
 183  6.6215056e+00 7.93e-05 1.20e+01  -4.0 4.19e-02    -  1.00e+00 1.00e+00h  1
 184  6.6223364e+00 2.22e-05 3.89e+00  -4.0 2.72e-02    -  1.00e+00 1.00e+00h  1
 185  6.6236411e+00 5.23e-06 2.52e+00  -4.0 1.46e-02    -  1.00e+00 1.00e+00h  1
 186  6.6238251e+00 1.89e-06 2.10e+00  -4.0 9.06e-03    -  1.00e+00 1.00e+00h  1
 187  6.6234686e+00 1.89e-05 4.38e+00  -4.0 2.12e-02    -  1.00e+00 1.00e+00h  1
 188  6.6214282e+00 3.65e-05 8.41e+00  -4.1 2.85e-02    -  1.00e+00 1.00e+00h  1
 189  6.6220918e+00 1.98e-05 7.88e+00  -4.0 2.52e-02    -  1.00e+00 1.00e+00h  1
iter    objective    inf_pr   inf_du lg(mu)  ||d||  lg(rg) alpha_du alpha_pr  ls
 190  6.6226865e+00 8.85e-06 1.71e+00  -4.0 2.28e-02    -  1.00e+00 1.00e+00h  1
 191  6.6225123e+00 9.99e-07 1.45e+00  -4.0 7.22e-03    -  1.00e+00 1.00e+00h  1
 192  6.6226318e+00 1.14e-07 1.30e+00  -4.0 4.96e-03    -  1.00e+00 1.00e+00H  1
 193  6.6226481e+00 3.75e-07 4.77e+00  -4.0 1.89e-02    -  1.00e+00 1.00e+00H  1
 194  6.6206839e+00 7.05e-04 4.32e+01  -4.1 3.05e-01    -  7.23e-01 4.52e-01h  1
 195  6.6171225e+00 1.86e-03 1.01e+02  -4.1 2.15e-01    -  1.00e+00 1.00e+00f  1
 196  6.6107739e+00 9.36e-04 3.81e+01  -4.1 1.62e-01    -  1.00e+00 1.00e+00h  1
 197  6.6079747e+00 1.02e-03 1.27e+01  -4.1 2.00e-01    -  3.74e-01 5.49e-01h  1
 198  6.6084368e+00 8.96e-04 5.74e+01  -4.1 1.23e-01    -  1.00e+00 1.25e-01h  4
 199  6.6119704e+00 7.96e-04 1.61e+01  -4.1 1.23e-01    -  1.00e+00 1.00e+00h  1
iter    objective    inf_pr   inf_du lg(mu)  ||d||  lg(rg) alpha_du alpha_pr  ls
 200  6.6147097e+00 1.48e-04 3.34e+01  -4.1 6.54e-02    -  1.00e+00 1.00e+00h  1
 201  6.6184670e+00 2.88e-05 6.17e+00  -4.0 5.77e-02    -  1.00e+00 1.00e+00H  1
 202  6.6213122e+00 1.25e-05 1.40e+01  -4.0 6.97e-02    -  1.00e+00 1.00e+00H  1
 203  6.6202875e+00 2.53e-05 1.62e+00  -4.0 4.09e-02    -  1.00e+00 1.00e+00h  1
 204  6.6207894e+00 5.10e-06 2.87e+00  -4.0 1.49e-02    -  1.00e+00 1.00e+00h  1
 205  6.6210957e+00 2.15e-06 2.83e+00  -4.0 6.68e-03    -  1.00e+00 1.00e+00h  1
 206  6.6210590e+00 4.23e-06 2.65e+00  -4.0 1.01e-02    -  1.00e+00 1.00e+00h  1
 207  6.6209963e+00 8.14e-05 1.35e+01  -4.0 4.39e-02    -  1.00e+00 1.00e+00h  1
 208  6.6186401e+00 6.70e-05 2.06e+01  -4.1 4.24e-02    -  1.00e+00 1.00e+00h  1
 209  6.6165502e+00 1.55e-04 2.35e+01  -4.1 5.15e-02    -  1.00e+00 1.00e+00h  1
iter    objective    inf_pr   inf_du lg(mu)  ||d||  lg(rg) alpha_du alpha_pr  ls
 210  6.6170797e+00 2.76e-05 1.05e+01  -4.1 3.38e-02    -  1.00e+00 1.00e+00h  1
 211  6.6189103e+00 8.66e-06 3.20e+00  -4.0 2.57e-02    -  1.00e+00 1.00e+00H  1
 212  6.6198768e+00 2.82e-07 2.63e+01  -4.0 9.45e-02    -  1.00e+00 1.00e+00H  1
 213  6.6215734e+00 6.36e-03 1.18e+02  -3.7 8.05e-01    -  1.00e+00 3.75e-01f  1
 214  6.6165388e+00 1.23e-02 2.48e+02  -3.9 1.47e+00    -  1.00e+00 4.01e-01h  1
 215  6.5952393e+00 3.47e-03 7.37e+01  -3.9 3.45e-01    -  1.00e+00 1.00e+00h  1
 216  6.5906534e+00 2.43e-03 6.70e+01  -3.5 3.74e-01    -  1.00e+00 5.47e-01h  1
 217  6.6236946e+00 5.79e-03 1.06e+02  -3.1 5.16e-01    -  1.00e+00 1.00e+00h  1
 218  6.6145919e+00 1.60e-03 3.54e+01  -3.2 2.94e-01    -  1.00e+00 1.00e+00h  1
 219  6.6124126e+00 1.07e-03 1.85e+01  -3.2 2.81e-01    -  7.84e-01 3.61e-01h  1
iter    objective    inf_pr   inf_du lg(mu)  ||d||  lg(rg) alpha_du alpha_pr  ls
 220  6.6144029e+00 8.69e-04 2.78e+02  -3.2 2.75e-01    -  1.00e+00 1.75e-01f  3
 221  6.6380506e+00 5.29e-04 2.86e+01  -3.2 1.55e-01    -  1.00e+00 1.00e+00h  1
 222  6.6493050e+00 1.29e-04 3.05e+01  -3.2 1.44e-01    -  1.00e+00 1.00e+00h  1
 223  6.6606729e+00 6.62e-05 2.28e+01  -3.2 7.96e-02    -  1.00e+00 1.00e+00H  1
 224  6.6594611e+00 7.30e-05 1.35e+01  -3.2 6.81e-02    -  1.00e+00 1.00e+00h  1
 225  6.6631777e+00 1.50e-05 2.29e+00  -3.2 2.50e-02    -  1.00e+00 1.00e+00h  1
 226  6.6668574e+00 9.88e-07 1.03e+01  -3.2 4.46e-02    -  1.00e+00 1.00e+00H  1
 227  6.6676855e+00 9.05e-05 1.95e+01  -3.2 6.32e-02    -  1.00e+00 1.00e+00h  1
 228  6.6667971e+00 1.16e-04 1.09e+01  -3.2 6.74e-02    -  1.00e+00 1.00e+00h  1
 229  6.6672808e+00 2.92e-05 3.78e+00  -3.2 3.08e-02    -  1.00e+00 1.00e+00h  1
iter    objective    inf_pr   inf_du lg(mu)  ||d||  lg(rg) alpha_du alpha_pr  ls
 230  6.6688915e+00 8.60e-06 3.67e+00  -3.2 1.76e-02    -  1.00e+00 1.00e+00h  1
 231  6.6705845e+00 1.65e-06 6.26e+00  -3.2 2.07e-02    -  1.00e+00 1.00e+00H  1
 232  6.6706386e+00 7.42e-06 8.69e+00  -3.2 1.19e-01    -  1.00e+00 1.25e-01h  4
 233  6.6725230e+00 8.47e-07 2.24e+01  -3.2 1.13e-01    -  1.00e+00 1.00e+00H  1
 234  6.6723571e+00 1.24e-05 2.63e+01  -3.2 3.05e-01    -  1.00e+00 6.25e-02h  5
 235  6.6709493e+00 2.29e-04 4.43e+01  -3.2 3.78e-01    -  1.00e+00 2.50e-01h  3
 236  6.6689288e+00 6.24e-05 2.48e+01  -3.2 4.58e-02    -  1.00e+00 1.00e+00h  1
 237  6.6705676e+00 1.22e-05 1.84e+01  -3.2 5.95e-02    -  1.00e+00 1.00e+00H  1
 238  6.6697496e+00 3.72e-04 2.86e+01  -3.2 9.89e-02    -  1.00e+00 1.00e+00h  1
 239  6.6686465e+00 8.39e-05 1.25e+01  -3.2 6.45e-02    -  1.00e+00 1.00e+00h  1
iter    objective    inf_pr   inf_du lg(mu)  ||d||  lg(rg) alpha_du alpha_pr  ls
 240  6.6685490e+00 5.31e-05 9.86e+00  -3.2 4.84e-02    -  1.00e+00 1.00e+00h  1
 241  6.6698384e+00 4.59e-05 9.41e+00  -3.2 3.35e-02    -  1.00e+00 1.00e+00h  1
 242  6.6701626e+00 4.09e-05 9.70e+00  -3.2 3.85e-02    -  1.00e+00 1.00e+00h  1
 243  6.6705456e+00 4.11e-05 9.85e+00  -3.2 3.25e-02    -  1.00e+00 1.00e+00h  1
 244  6.6703893e+00 9.01e-06 2.99e+00  -3.2 2.81e-02    -  1.00e+00 1.00e+00h  1
 245  6.6708355e+00 1.54e-07 3.09e+00  -3.2 1.33e-02    -  1.00e+00 1.00e+00H  1
 246  6.6716400e+00 4.18e-06 2.48e+01  -3.2 8.99e-02    -  1.00e+00 1.00e+00H  1
 247  6.6715242e+00 6.12e-06 2.84e+01  -3.2 2.35e-01    -  1.00e+00 6.25e-02h  5
 248  6.6722143e+00 1.39e-07 5.83e+01  -3.2 1.49e-01    -  1.00e+00 1.00e+00H  1
 249  6.6722075e+00 2.74e-07 5.83e+01  -3.2 1.91e-01    -  1.00e+00 9.77e-04h 11
iter    objective    inf_pr   inf_du lg(mu)  ||d||  lg(rg) alpha_du alpha_pr  ls
 250  6.6701348e+00 7.26e-06 5.88e+00  -3.2 5.02e-02    -  1.00e+00 1.00e+00H  1
 251  6.6674525e+00 1.09e-04 1.53e+01  -3.2 6.52e-02    -  1.00e+00 1.00e+00h  1
 252  6.6686247e+00 7.48e-05 8.47e+00  -3.2 5.28e-02    -  1.00e+00 1.00e+00h  1
 253  6.6692966e+00 7.79e-06 1.39e+01  -3.2 4.47e-02    -  1.00e+00 1.00e+00H  1
 254  6.6683210e+00 2.46e-05 1.06e+01  -3.2 3.82e-02    -  1.00e+00 1.00e+00h  1
 255  6.6680263e+00 1.73e-06 1.30e+00  -3.2 7.99e-03    -  1.00e+00 1.00e+00h  1
 256  6.6679307e+00 4.13e-07 3.76e+00  -3.2 1.60e-02    -  1.00e+00 1.00e+00H  1
 257  6.6676913e+00 2.34e-07 1.45e+01  -3.2 4.30e-02    -  1.00e+00 1.00e+00H  1
 258  6.6676759e+00 2.77e-07 1.47e+01  -3.2 1.11e-01    -  1.00e+00 1.56e-02h  7
 259  6.6683621e+00 1.62e-07 1.21e+01  -3.2 6.25e-02    -  1.00e+00 1.00e+00H  1
iter    objective    inf_pr   inf_du lg(mu)  ||d||  lg(rg) alpha_du alpha_pr  ls
 260  6.6677758e+00 4.03e-05 1.37e+01  -3.2 3.85e-02    -  1.00e+00 1.00e+00h  1
 261  6.6667327e+00 5.03e-05 6.15e+00  -3.2 3.59e-02    -  1.00e+00 1.00e+00h  1
 262  6.6670809e+00 2.57e-05 1.02e+01  -3.2 2.33e-02    -  1.00e+00 5.00e-01h  2
 263  6.6676688e+00 6.91e-07 4.78e+00  -3.2 2.33e-02    -  1.00e+00 1.00e+00H  1
 264  6.6692651e+00 5.69e-08 9.77e+00  -3.2 3.59e-02    -  1.00e+00 1.00e+00H  1
 265  6.6677580e+00 1.43e-06 1.49e+00  -3.2 3.42e-02    -  1.00e+00 1.00e+00H  1
 266  6.6676740e+00 3.08e-06 1.96e+00  -3.2 8.96e-03    -  1.00e+00 1.00e+00h  1
 267  6.6678688e+00 8.46e-07 6.60e-01  -3.2 6.78e-03    -  1.00e+00 1.00e+00h  1
 268  6.6679998e+00 2.94e-08 1.08e+00  -3.2 3.93e-03    -  1.00e+00 1.00e+00H  1
 269  6.6679920e+00 5.15e-07 1.42e+01  -3.2 1.11e-01    -  1.00e+00 3.12e-02h  6
iter    objective    inf_pr   inf_du lg(mu)  ||d||  lg(rg) alpha_du alpha_pr  ls
 270  6.6676725e+00 8.59e-09 7.35e+00  -3.2 3.57e-02    -  1.00e+00 1.00e+00H  1
 271  6.6251192e+00 1.94e-03 6.80e+01  -4.0 2.34e-01    -  1.00e+00 9.76e-01f  1
 272  6.6040645e+00 6.40e-04 6.05e+01  -4.1 1.63e-01    -  9.46e-01 1.00e+00h  1
 273  6.6090421e+00 2.09e-04 2.11e+01  -4.1 1.14e-01    -  1.00e+00 1.00e+00h  1
 274  6.6201414e+00 2.14e-04 2.82e+01  -3.7 9.10e-02    -  1.00e+00 9.95e-01h  1
 275  6.6174672e+00 8.16e-05 1.75e+01  -3.8 6.19e-02    -  1.00e+00 1.00e+00h  1
 276  6.6185554e+00 9.42e-05 1.12e+01  -3.8 5.84e-02    -  1.00e+00 1.00e+00h  1
 277  6.6212004e+00 2.12e-05 1.66e+01  -3.8 4.92e-02    -  1.00e+00 1.00e+00H  1
 278  6.6211900e+00 3.07e-05 2.39e+00  -3.8 3.14e-02    -  1.00e+00 1.00e+00h  1
 279  6.6216483e+00 1.41e-06 1.53e+00  -3.8 9.49e-03    -  1.00e+00 1.00e+00h  1
iter    objective    inf_pr   inf_du lg(mu)  ||d||  lg(rg) alpha_du alpha_pr  ls
 280  6.6212409e+00 1.01e-06 3.72e+00  -3.8 1.60e-02    -  1.00e+00 1.00e+00H  1
 281  6.6217793e+00 2.66e-07 2.09e+01  -3.8 8.17e-02    -  1.00e+00 1.00e+00H  1
 282  6.6199707e+00 2.33e-05 2.12e+01  -3.8 7.38e-02    -  1.00e+00 5.00e-01h  2
 283  6.6196305e+00 4.62e-06 3.46e+00  -3.8 5.45e-02    -  1.00e+00 1.00e+00H  1
 284  6.6194566e+00 5.05e-05 9.14e+00  -3.8 4.24e-02    -  1.00e+00 1.00e+00h  1
 285  6.6189826e+00 3.41e-05 8.24e-01  -3.8 3.65e-02    -  1.00e+00 1.00e+00h  1
 286  6.6193140e+00 1.22e-06 1.44e+00  -3.8 7.68e-03    -  1.00e+00 1.00e+00h  1
 287  6.6151398e+00 6.99e-05 1.08e+01  -4.0 5.12e-02    -  1.00e+00 1.00e+00h  1
 288  6.6095106e+00 3.59e-04 3.30e+01  -4.1 1.01e-01    -  1.00e+00 1.00e+00h  1
 289  6.6074304e+00 5.04e-04 3.96e+01  -4.1 1.27e-01    -  1.00e+00 8.13e-01h  1
iter    objective    inf_pr   inf_du lg(mu)  ||d||  lg(rg) alpha_du alpha_pr  ls
 290  6.6028574e+00 1.65e-04 1.59e+01  -4.1 9.38e-02    -  1.00e+00 1.00e+00f  1
 291  6.6073801e+00 1.63e-04 3.06e+01  -4.0 7.86e-02    -  7.60e-01 1.00e+00h  1
 292  6.6110480e+00 4.02e-05 4.72e+00  -4.0 4.01e-02    -  1.00e+00 1.00e+00h  1
 293  6.6119000e+00 1.93e-05 7.88e+00  -4.0 2.96e-02    -  1.00e+00 1.00e+00h  1
 294  6.6112986e+00 6.94e-06 1.02e+00  -4.0 1.99e-02    -  1.00e+00 1.00e+00h  1
 295  6.6121002e+00 8.79e-07 7.05e-01  -4.0 3.96e-03    -  1.00e+00 1.00e+00h  1
 296  6.6123975e+00 1.66e-08 5.37e+00  -4.0 2.25e-02    -  1.00e+00 1.00e+00H  1
 297  6.6122025e+00 6.88e-06 3.44e+00  -4.0 1.76e-02    -  1.00e+00 1.00e+00h  1
 298  6.6109770e+00 3.36e-06 2.06e+00  -4.1 1.37e-02    -  1.00e+00 1.00e+00h  1
 299  6.6120319e+00 1.68e-06 3.45e-01  -4.0 4.81e-03    -  1.00e+00 1.00e+00h  1
iter    objective    inf_pr   inf_du lg(mu)  ||d||  lg(rg) alpha_du alpha_pr  ls
 300  6.6122907e+00 6.57e-07 9.02e-01  -4.0 4.43e-03    -  1.00e+00 1.00e+00h  1
 301  6.6101620e+00 1.21e-04 1.27e+01  -4.1 4.79e-02    -  1.00e+00 1.00e+00h  1
 302  6.6114991e+00 7.35e-05 2.30e+01  -4.0 4.96e-02    -  1.00e+00 1.00e+00h  1
 303  6.6097637e+00 6.30e-05 4.83e+00  -4.1 4.28e-02    -  1.00e+00 1.00e+00h  1
 304  6.6109959e+00 1.20e-04 1.30e+01  -4.0 5.33e-02    -  1.00e+00 1.00e+00h  1
 305  6.6091669e+00 1.30e-04 3.00e+00  -4.1 5.46e-02    -  1.00e+00 1.00e+00h  1
 306  6.6112023e+00 1.14e-04 1.08e+01  -4.0 7.89e-02    -  1.00e+00 1.00e+00h  1
 307  6.6079540e+00 1.02e-04 2.18e+00  -4.1 6.57e-02    -  1.00e+00 1.00e+00h  1
 308  6.6098132e+00 2.73e-06 1.38e+00  -4.0 9.92e-03    -  1.00e+00 1.00e+00h  1
 309  6.6117707e+00 1.60e-06 1.64e+00  -4.0 1.02e-02    -  1.00e+00 1.00e+00h  1
iter    objective    inf_pr   inf_du lg(mu)  ||d||  lg(rg) alpha_du alpha_pr  ls
 310  6.6121621e+00 2.04e-06 1.54e+00  -4.0 8.05e-03    -  1.00e+00 1.00e+00h  1
 311  6.6103217e+00 3.50e-06 1.47e+00  -4.1 9.10e-03    -  1.00e+00 1.00e+00h  1
 312  6.6098247e+00 5.73e-06 3.87e+00  -4.1 1.82e-02    -  1.00e+00 1.00e+00h  1
 313  6.6100652e+00 3.98e-06 6.42e-01  -4.1 1.56e-02    -  1.00e+00 1.00e+00h  1
 314  6.6119532e+00 3.59e-06 8.37e-01  -4.0 1.12e-02    -  1.00e+00 1.00e+00h  1
 315  6.6098744e+00 6.80e-06 3.23e+00  -4.1 1.45e-02    -  1.00e+00 1.00e+00h  1
 316  6.6097405e+00 2.08e-06 2.22e+00  -4.1 9.27e-03    -  1.00e+00 1.00e+00h  1
 317  6.6117375e+00 6.72e-06 6.37e-01  -4.0 1.18e-02    -  1.00e+00 1.00e+00h  1
 318  6.6097027e+00 5.88e-06 3.18e+00  -4.1 1.34e-02    -  1.00e+00 1.00e+00h  1
 319  6.6116982e+00 5.65e-06 5.05e-01  -4.0 1.18e-02    -  1.00e+00 1.00e+00h  1
iter    objective    inf_pr   inf_du lg(mu)  ||d||  lg(rg) alpha_du alpha_pr  ls
 320  6.6096533e+00 5.79e-06 2.64e+00  -4.1 1.25e-02    -  1.00e+00 1.00e+00h  1
 321  6.6117782e+00 5.53e-06 5.75e-01  -4.0 1.06e-02    -  1.00e+00 1.00e+00h  1
 322  6.6098907e+00 6.98e-06 1.95e+00  -4.1 1.25e-02    -  1.00e+00 1.00e+00h  1
 323  6.6097237e+00 2.72e-06 3.45e+00  -4.1 1.16e-02    -  1.00e+00 1.00e+00h  1
 324  6.6116119e+00 4.61e-06 2.80e+00  -4.0 1.73e-02    -  1.00e+00 1.00e+00h  1
 325  6.6097746e+00 2.97e-06 6.94e-01  -4.1 1.43e-02    -  1.00e+00 1.00e+00h  1
 326  6.6098057e+00 2.15e-06 9.23e-01  -4.1 6.44e-03    -  1.00e+00 1.00e+00h  1
 327  6.6117807e+00 7.70e-06 1.92e+00  -4.0 1.49e-02    -  1.00e+00 1.00e+00h  1
 328  6.6096972e+00 3.94e-05 7.86e+00  -4.1 4.18e-02    -  1.00e+00 1.00e+00h  1
 329  6.6089634e+00 1.38e-05 3.71e+00  -4.1 2.22e-02    -  1.00e+00 1.00e+00h  1
iter    objective    inf_pr   inf_du lg(mu)  ||d||  lg(rg) alpha_du alpha_pr  ls
 330  6.6114321e+00 8.39e-06 1.35e+00  -4.0 1.55e-02    -  1.00e+00 1.00e+00h  1
 331  6.6099502e+00 4.70e-07 3.29e+00  -4.1 2.04e-02    -  1.00e+00 1.00e+00H  1
 332  6.6114778e+00 7.02e-06 1.47e+00  -4.0 1.77e-02    -  1.00e+00 1.00e+00h  1
 333  6.6092904e+00 1.86e-05 5.78e+00  -4.1 2.89e-02    -  1.00e+00 1.00e+00h  1
 334  6.6093486e+00 1.08e-05 2.12e+00  -4.1 2.56e-02    -  1.00e+00 1.00e+00h  1
 335  6.6115801e+00 6.55e-06 1.54e+00  -4.0 1.40e-02    -  1.00e+00 1.00e+00h  1
 336  6.6096616e+00 3.17e-05 6.60e+00  -4.1 3.81e-02    -  1.00e+00 1.00e+00h  1
 337  6.6092767e+00 1.41e-05 1.94e+00  -4.1 2.94e-02    -  1.00e+00 1.00e+00h  1
 338  6.6115557e+00 1.31e-05 2.52e+00  -4.0 1.64e-02    -  1.00e+00 1.00e+00h  1
 339  6.6096036e+00 1.30e-05 1.54e+00  -4.1 1.59e-02    -  1.00e+00 1.00e+00h  1
iter    objective    inf_pr   inf_du lg(mu)  ||d||  lg(rg) alpha_du alpha_pr  ls
 340  6.6092131e+00 2.45e-05 8.48e+00  -4.1 3.45e-02    -  1.00e+00 1.00e+00h  1
 341  6.6109974e+00 1.60e-05 6.83e-01  -4.0 3.03e-02    -  1.00e+00 1.00e+00h  1
 342  6.6093262e+00 5.68e-06 1.59e+00  -4.1 1.04e-02    -  1.00e+00 1.00e+00h  1
 343  6.6119317e+00 1.15e-06 3.25e+00  -4.0 1.86e-02    -  1.00e+00 1.00e+00H  1
 344  6.6094042e+00 8.52e-06 2.10e+00  -4.1 1.80e-02    -  1.00e+00 1.00e+00h  1
 345  6.6095835e+00 8.20e-06 3.96e+00  -4.1 1.65e-02    -  1.00e+00 1.00e+00h  1
 346  6.6094565e+00 5.02e-06 3.05e-01  -4.1 1.43e-02    -  1.00e+00 1.00e+00h  1
 347  6.6095691e+00 1.75e-07 1.46e-01  -4.1 8.97e-04    -  1.00e+00 1.00e+00h  1
 348  6.6118229e+00 6.89e-06 2.05e+00  -4.0 1.45e-02    -  1.00e+00 1.00e+00h  1
 349  6.6096974e+00 8.00e-06 2.90e+00  -4.1 1.95e-02    -  1.00e+00 1.00e+00h  1
iter    objective    inf_pr   inf_du lg(mu)  ||d||  lg(rg) alpha_du alpha_pr  ls
 350  6.6092290e+00 5.58e-05 1.20e+01  -4.1 4.84e-02    -  1.00e+00 1.00e+00h  1
 351  6.6088966e+00 3.15e-05 5.70e+00  -4.1 3.59e-02    -  1.00e+00 1.00e+00h  1
 352  6.6119002e+00 1.61e-06 5.77e+00  -4.0 3.35e-02    -  1.00e+00 1.00e+00H  1
 353  6.6093642e+00 2.35e-05 3.46e+00  -4.1 3.48e-02    -  1.00e+00 1.00e+00h  1
 354  6.6093551e+00 2.96e-05 7.58e+00  -4.1 5.32e-02    -  1.00e+00 1.00e+00h  1
 355  6.6086145e+00 2.39e-05 6.55e-01  -4.1 4.68e-02    -  1.00e+00 1.00e+00h  1
 356  6.6105571e+00 4.64e-06 1.50e+00  -4.0 1.66e-02    -  1.00e+00 1.00e+00h  1
 357  6.6099460e+00 4.20e-07 4.13e+00  -4.1 1.94e-02    -  1.00e+00 1.00e+00H  1
 358  6.6091388e+00 5.36e-06 1.81e+00  -4.1 1.67e-02    -  1.00e+00 1.00e+00h  1
 359  6.6112627e+00 6.55e-06 2.00e+00  -4.0 1.84e-02    -  1.00e+00 1.00e+00h  1
iter    objective    inf_pr   inf_du lg(mu)  ||d||  lg(rg) alpha_du alpha_pr  ls
 360  6.6102015e+00 1.99e-06 5.48e+00  -4.1 3.58e-02    -  1.00e+00 1.00e+00H  1
 361  6.6090663e+00 1.60e-05 1.59e+00  -4.1 2.09e-02    -  1.00e+00 1.00e+00h  1
 362  6.6114483e+00 2.84e-07 1.31e+00  -4.0 1.59e-02    -  1.00e+00 1.00e+00H  1
 363  6.6096138e+00 5.69e-07 3.78e+00  -4.1 2.46e-02    -  1.00e+00 1.00e+00H  1
 364  6.6089796e+00 2.68e-04 2.92e+01  -4.1 1.52e-01    -  1.00e+00 1.00e+00h  1
 365  6.6059825e+00 1.60e-04 8.71e+00  -4.1 1.17e-01    -  1.00e+00 1.00e+00h  1
 366  6.6065519e+00 1.64e-04 2.82e+01  -4.1 1.38e-01    -  1.00e+00 5.00e-01h  2
 367  6.6071458e+00 6.32e-05 2.70e+00  -4.1 5.23e-02    -  1.00e+00 1.00e+00h  1
 368  6.6108857e+00 1.34e-05 4.11e+00  -4.0 2.11e-02    -  1.00e+00 1.00e+00h  1
 369  6.6095812e+00 1.37e-06 5.61e+00  -4.1 3.78e-02    -  1.00e+00 1.00e+00H  1
iter    objective    inf_pr   inf_du lg(mu)  ||d||  lg(rg) alpha_du alpha_pr  ls
 370  6.6108467e+00 9.28e-07 2.28e+01  -4.1 7.16e-02    -  1.00e+00 1.00e+00H  1
 371  6.6073732e+00 8.23e-05 7.24e+00  -4.1 7.35e-02    -  1.00e+00 1.00e+00h  1
 372  6.6059824e+00 4.66e-04 2.94e+01  -4.1 1.55e-01    -  1.00e+00 1.00e+00h  1
 373  6.6024291e+00 2.97e-04 1.15e+01  -4.1 1.25e-01    -  1.00e+00 1.00e+00h  1
 374  6.6000127e+00 4.97e-04 4.10e+01  -4.0 1.69e-01    -  1.00e+00 8.72e-01h  1
 375  6.5984351e+00 2.70e-04 7.17e+00  -4.0 9.96e-02    -  1.00e+00 1.00e+00h  1
 376  6.6026161e+00 1.21e-04 1.51e+01  -4.0 7.92e-02    -  1.00e+00 1.00e+00h  1
 377  6.6044976e+00 8.70e-05 9.78e+00  -4.0 7.21e-02    -  1.00e+00 1.00e+00h  1
 378  6.6077353e+00 3.41e-05 6.00e+00  -4.0 4.11e-02    -  1.00e+00 1.00e+00h  1
 379  6.6102301e+00 7.05e-06 4.41e+00  -4.0 1.61e-02    -  1.00e+00 1.00e+00h  1
iter    objective    inf_pr   inf_du lg(mu)  ||d||  lg(rg) alpha_du alpha_pr  ls
 380  6.6113372e+00 6.93e-06 2.99e+00  -4.1 1.28e-02    -  1.00e+00 1.00e+00h  1
 381  6.6102175e+00 3.89e-06 2.78e+00  -4.1 1.64e-02    -  1.00e+00 1.00e+00h  1
 382  6.6096151e+00 6.78e-06 3.94e+00  -4.1 1.41e-02    -  1.00e+00 1.00e+00h  1
 383  6.6095349e+00 3.73e-06 4.61e-01  -4.1 1.10e-02    -  1.00e+00 1.00e+00h  1
 384  6.6104499e+00 4.74e-07 6.39e-01  -4.0 4.56e-03    -  1.00e+00 1.00e+00h  1
 385  6.6096414e+00 2.68e-07 1.60e+00  -4.1 6.65e-03    -  1.00e+00 1.00e+00H  1
 386  6.6094716e+00 3.50e-08 1.51e+00  -4.1 6.87e-03    -  1.00e+00 1.00e+00H  1
 387  6.6111759e+00 5.54e-06 1.07e+00  -4.0 7.74e-03    -  1.00e+00 1.00e+00h  1
 388  6.6095332e+00 2.67e-07 1.53e+00  -4.1 9.91e-03    -  1.00e+00 1.00e+00H  1
 389  6.6093887e+00 2.79e-06 3.36e+00  -4.1 1.16e-02    -  1.00e+00 1.00e+00h  1
iter    objective    inf_pr   inf_du lg(mu)  ||d||  lg(rg) alpha_du alpha_pr  ls
 390  6.6093730e+00 2.26e-06 1.49e+00  -4.1 8.72e-03    -  1.00e+00 1.00e+00h  1
 391  6.6112168e+00 3.22e-06 1.23e+00  -4.0 1.06e-02    -  1.00e+00 1.00e+00h  1
 392  6.6095776e+00 8.32e-08 1.77e+00  -4.1 1.22e-02    -  1.00e+00 1.00e+00H  1
 393  6.6091719e+00 4.76e-06 4.30e+00  -4.1 1.66e-02    -  1.00e+00 1.00e+00h  1
 394  6.6093602e+00 2.96e-06 1.48e+00  -4.1 1.14e-02    -  1.00e+00 1.00e+00h  1
 395  6.6094893e+00 1.58e-06 1.21e+00  -4.1 7.29e-03    -  1.00e+00 1.00e+00h  1
 396  6.6094120e+00 9.24e-07 4.34e-01  -4.1 3.59e-03    -  1.00e+00 1.00e+00h  1
 397  6.6114087e+00 3.86e-06 1.95e+00  -4.0 9.94e-03    -  1.00e+00 1.00e+00h  1
 398  6.6094264e+00 8.04e-06 2.54e+00  -4.1 1.79e-02    -  1.00e+00 1.00e+00h  1
 399  6.6089114e+00 1.24e-04 1.66e+01  -4.1 7.29e-02    -  1.00e+00 1.00e+00h  1
iter    objective    inf_pr   inf_du lg(mu)  ||d||  lg(rg) alpha_du alpha_pr  ls
 400  6.6084026e+00 4.28e-05 8.42e+00  -4.1 4.26e-02    -  1.00e+00 1.00e+00h  1
 401  6.6080015e+00 1.29e-04 1.05e+01  -4.1 5.64e-02    -  1.00e+00 1.00e+00h  1
 402  6.6076290e+00 1.08e-04 2.86e+00  -4.1 5.51e-02    -  1.00e+00 1.00e+00h  1
 403  6.6077086e+00 4.79e-05 1.17e+01  -4.1 4.31e-02    -  1.00e+00 1.00e+00h  1
 404  6.6076160e+00 3.62e-05 2.96e+00  -4.1 3.88e-02    -  1.00e+00 1.00e+00h  1
 405  6.6086186e+00 1.36e-05 6.75e+00  -4.1 2.16e-02    -  1.00e+00 1.00e+00h  1
 406  6.6093193e+00 6.56e-06 1.13e+00  -4.0 1.67e-02    -  1.00e+00 1.00e+00h  1
 407  6.6094318e+00 1.67e-06 6.66e-01  -4.1 3.46e-03    -  1.00e+00 1.00e+00h  1
 408  6.6093221e+00 2.42e-07 2.26e+00  -4.1 1.47e-02    -  1.00e+00 1.00e+00H  1
 409  6.6111770e+00 7.65e-06 3.63e+00  -4.0 1.13e-02    -  1.00e+00 1.00e+00h  1
iter    objective    inf_pr   inf_du lg(mu)  ||d||  lg(rg) alpha_du alpha_pr  ls
 410  6.6097102e+00 9.08e-06 5.64e+00  -4.1 1.93e-02    -  1.00e+00 1.00e+00h  1
 411  6.6090262e+00 1.25e-06 2.81e+00  -4.1 8.31e-03    -  1.00e+00 1.00e+00h  1
 412  6.6111913e+00 1.99e-08 2.14e+00  -4.0 1.35e-02    -  1.00e+00 1.00e+00H  1
 413  6.6089990e+00 4.62e-05 1.01e+01  -4.1 5.30e-02    -  1.00e+00 1.00e+00h  1
 414  6.6077913e+00 3.87e-05 4.16e+00  -4.1 4.15e-02    -  1.00e+00 1.00e+00h  1
 415  6.6085145e+00 1.61e-05 5.18e+00  -4.1 2.72e-02    -  1.00e+00 1.00e+00h  1
 416  6.6111554e+00 1.92e-06 2.85e+00  -4.0 3.58e-02    -  1.00e+00 1.00e+00H  1
 417  6.6084659e+00 1.84e-04 2.18e+01  -4.1 9.42e-02    -  1.00e+00 1.00e+00h  1
 418  6.6048215e+00 1.66e-04 6.91e+00  -4.1 8.75e-02    -  1.00e+00 1.00e+00h  1
 419  6.6076420e+00 1.01e-04 1.67e+01  -4.1 7.98e-02    -  1.00e+00 1.00e+00h  1
iter    objective    inf_pr   inf_du lg(mu)  ||d||  lg(rg) alpha_du alpha_pr  ls
 420  6.6067133e+00 6.36e-05 2.38e+00  -4.1 6.46e-02    -  1.00e+00 1.00e+00h  1
 421  6.6098087e+00 2.63e-05 9.07e+00  -4.0 2.82e-02    -  1.00e+00 1.00e+00h  1
 422  6.6089542e+00 8.98e-06 4.63e+00  -4.1 2.58e-02    -  1.00e+00 1.00e+00h  1
 423  6.6107340e+00 5.40e-06 4.15e+00  -4.0 1.58e-02    -  1.00e+00 1.00e+00h  1
 424  6.6092277e+00 3.20e-06 5.18e-01  -4.1 1.16e-02    -  1.00e+00 1.00e+00h  1
 425  6.6093022e+00 2.14e-07 5.13e-01  -4.1 2.44e-03    -  1.00e+00 1.00e+00h  1
 426  6.6109314e+00 1.34e-06 1.38e+00  -4.0 6.07e-03    -  1.00e+00 1.00e+00h  1
 427  6.6092769e+00 2.88e-06 1.58e+00  -4.1 9.06e-03    -  1.00e+00 1.00e+00h  1
 428  6.6089371e+00 2.25e-06 3.11e+00  -4.1 1.12e-02    -  1.00e+00 1.00e+00h  1
 429  6.6110082e+00 4.04e-06 1.18e+00  -4.0 1.10e-02    -  1.00e+00 1.00e+00h  1
iter    objective    inf_pr   inf_du lg(mu)  ||d||  lg(rg) alpha_du alpha_pr  ls
 430  6.6088470e+00 5.36e-06 2.54e+00  -4.1 1.63e-02    -  1.00e+00 1.00e+00h  1
 431  6.6108380e+00 4.19e-06 2.44e-01  -4.0 1.43e-02    -  1.00e+00 1.00e+00h  1
 432  6.6090017e+00 3.35e-06 1.75e+00  -4.1 1.02e-02    -  1.00e+00 1.00e+00h  1
 433  6.6089278e+00 1.21e-06 2.61e+00  -4.1 8.19e-03    -  1.00e+00 1.00e+00h  1
 434  6.6109384e+00 2.91e-06 1.59e+00  -4.0 9.70e-03    -  1.00e+00 1.00e+00h  1
 435  6.6090465e+00 3.22e-06 9.98e-01  -4.1 9.95e-03    -  1.00e+00 1.00e+00h  1
 436  6.6089021e+00 3.08e-06 2.02e+00  -4.1 1.18e-02    -  1.00e+00 1.00e+00h  1
 437  6.6109038e+00 4.11e-06 1.51e+00  -4.0 1.19e-02    -  1.00e+00 1.00e+00h  1
 438  6.6087595e+00 4.36e-06 2.61e+00  -4.1 1.35e-02    -  1.00e+00 1.00e+00h  1
 439  6.6108653e+00 3.46e-06 1.14e+00  -4.0 1.13e-02    -  1.00e+00 1.00e+00h  1
iter    objective    inf_pr   inf_du lg(mu)  ||d||  lg(rg) alpha_du alpha_pr  ls
 440  6.6090511e+00 3.49e-06 1.54e+00  -4.1 1.03e-02    -  1.00e+00 1.00e+00h  1
 441  6.6089259e+00 2.02e-06 1.77e+00  -4.1 8.98e-03    -  1.00e+00 1.00e+00h  1
 442  6.6089542e+00 1.56e-06 1.04e+00  -4.1 6.78e-03    -  1.00e+00 1.00e+00h  1
 443  6.6108445e+00 2.88e-06 6.07e-01  -4.0 9.47e-03    -  1.00e+00 1.00e+00h  1
 444  6.6089256e+00 6.69e-06 1.65e+00  -4.1 1.29e-02    -  1.00e+00 1.00e+00h  1
 445  6.6087325e+00 8.62e-06 4.45e+00  -4.1 1.47e-02    -  1.00e+00 1.00e+00h  1
 446  6.6107517e+00 1.22e-05 1.57e+00  -4.0 1.65e-02    -  1.00e+00 1.00e+00h  1
 447  6.6087872e+00 6.97e-06 5.04e+00  -4.1 1.57e-02    -  1.00e+00 1.00e+00h  1
 448  6.6085893e+00 5.76e-06 7.92e-01  -4.1 1.87e-02    -  1.00e+00 1.00e+00h  1
 449  6.6106264e+00 4.45e-06 2.87e-01  -4.0 1.01e-02    -  1.00e+00 1.00e+00h  1
iter    objective    inf_pr   inf_du lg(mu)  ||d||  lg(rg) alpha_du alpha_pr  ls
 450  6.6089421e+00 5.38e-07 6.01e+00  -4.1 2.83e-02    -  1.00e+00 1.00e+00H  1
 451  6.6105715e+00 3.30e-05 1.37e+01  -4.0 3.88e-02    -  1.00e+00 1.00e+00h  1
 452  6.6074388e+00 2.04e-04 2.38e+01  -4.1 8.19e-02    -  1.00e+00 1.00e+00h  1
 453  6.6053703e+00 1.12e-04 1.42e+01  -4.1 8.61e-02    -  1.00e+00 1.00e+00h  1
 454  6.6062780e+00 4.24e-05 8.04e+00  -4.1 4.93e-02    -  1.00e+00 1.00e+00h  1
 455  6.6087515e+00 1.42e-05 3.46e+00  -4.0 2.57e-02    -  1.00e+00 1.00e+00h  1
 456  6.6079836e+00 8.60e-06 3.12e+00  -4.1 1.64e-02    -  1.00e+00 1.00e+00h  1
 457  6.6104506e+00 8.24e-07 8.36e+00  -4.0 2.80e-02    -  1.00e+00 1.00e+00H  1
 458  6.6083513e+00 9.46e-05 1.51e+01  -4.1 6.34e-02    -  1.00e+00 1.00e+00h  1
 459  6.6067472e+00 5.51e-05 8.21e+00  -4.1 5.85e-02    -  1.00e+00 1.00e+00h  1
iter    objective    inf_pr   inf_du lg(mu)  ||d||  lg(rg) alpha_du alpha_pr  ls
 460  6.6065050e+00 1.97e-04 1.65e+01  -4.1 1.09e-01    -  1.00e+00 1.00e+00h  1
 461  6.6044203e+00 1.18e-04 7.57e+00  -4.1 8.09e-02    -  1.00e+00 1.00e+00h  1
 462  6.6062981e+00 6.03e-05 1.04e+01  -4.0 7.21e-02    -  1.00e+00 5.00e-01h  2
 463  6.6074855e+00 6.32e-06 2.13e+00  -4.1 2.36e-02    -  1.00e+00 1.00e+00h  1
 464  6.6093975e+00 1.97e-06 1.30e+00  -4.0 7.84e-03    -  1.00e+00 1.00e+00h  1
 465  6.6088499e+00 4.76e-06 4.03e+00  -4.1 1.91e-02    -  1.00e+00 1.00e+00H  1
 466  6.6103489e+00 2.99e-06 1.31e+00  -4.0 1.23e-02    -  1.00e+00 1.00e+00h  1
 467  6.6084941e+00 5.85e-06 2.18e+00  -4.1 1.21e-02    -  1.00e+00 1.00e+00h  1
 468  6.6085934e+00 2.96e-06 8.70e-01  -4.1 6.56e-03    -  1.00e+00 1.00e+00h  1
 469  6.6103992e+00 5.03e-06 7.40e-01  -4.0 8.29e-03    -  1.00e+00 1.00e+00h  1
iter    objective    inf_pr   inf_du lg(mu)  ||d||  lg(rg) alpha_du alpha_pr  ls
 470  6.6084905e+00 3.73e-06 1.03e+00  -4.1 8.33e-03    -  1.00e+00 1.00e+00h  1
 471  6.6083582e+00 8.64e-06 5.81e+00  -4.1 1.99e-02    -  1.00e+00 1.00e+00h  1
 472  6.6082707e+00 1.51e-05 4.83e-01  -4.1 1.78e-02    -  1.00e+00 1.00e+00h  1
 473  6.6084121e+00 1.79e-06 3.64e-01  -4.1 1.14e-03    -  1.00e+00 1.00e+00h  1
 474  6.6104462e+00 7.84e-06 9.78e-01  -4.0 9.46e-03    -  1.00e+00 1.00e+00h  1
 475  6.6084921e+00 9.80e-06 1.46e+00  -4.1 9.86e-03    -  1.00e+00 1.00e+00h  1
 476  6.6082651e+00 1.18e-05 4.61e+00  -4.1 1.86e-02    -  1.00e+00 1.00e+00h  1
 477  6.6101625e+00 1.17e-05 3.80e-01  -4.0 1.99e-02    -  1.00e+00 1.00e+00h  1
 478  6.6082280e+00 4.84e-06 1.83e+00  -4.1 9.24e-03    -  1.00e+00 1.00e+00h  1
 479  6.6083531e+00 2.90e-06 2.24e+00  -4.1 1.23e-02    -  1.00e+00 1.00e+00h  1
iter    objective    inf_pr   inf_du lg(mu)  ||d||  lg(rg) alpha_du alpha_pr  ls
 480  6.6104376e+00 7.28e-06 1.08e+00  -4.0 1.10e-02    -  1.00e+00 1.00e+00h  1
 481  6.6083029e+00 9.39e-06 3.68e+00  -4.1 1.08e-02    -  1.00e+00 1.00e+00h  1
 482  6.6083989e+00 2.25e-06 1.21e+00  -4.1 9.06e-03    -  1.00e+00 1.00e+00h  1
 483  6.6104569e+00 3.72e-06 1.40e+00  -4.0 9.44e-03    -  1.00e+00 1.00e+00h  1
 484  6.6083292e+00 1.64e-05 3.50e+00  -4.1 1.92e-02    -  1.00e+00 1.00e+00h  1
 485  6.6083500e+00 5.51e-06 2.75e+00  -4.1 1.33e-02    -  1.00e+00 1.00e+00h  1
 486  6.6083496e+00 3.57e-06 6.42e-01  -4.1 2.44e-03    -  1.00e+00 1.00e+00h  1
 487  6.6104282e+00 3.59e-06 2.79e-01  -4.0 9.12e-03    -  1.00e+00 1.00e+00h  1
 488  6.6084084e+00 4.67e-05 6.65e+00  -4.1 3.45e-02    -  1.00e+00 1.00e+00h  1
 489  6.6083292e+00 2.12e-05 9.52e+00  -4.1 2.51e-02    -  1.00e+00 1.00e+00h  1
iter    objective    inf_pr   inf_du lg(mu)  ||d||  lg(rg) alpha_du alpha_pr  ls
 490  6.6080287e+00 2.61e-05 8.67e+00  -4.1 4.37e-02    -  1.00e+00 1.00e+00h  1
 491  6.6074473e+00 1.49e-05 2.06e+00  -4.1 3.22e-02    -  1.00e+00 1.00e+00h  1
 492  6.6099153e+00 6.93e-06 1.99e+00  -4.0 1.62e-02    -  1.00e+00 1.00e+00h  1
 493  6.6085728e+00 1.86e-07 3.71e+00  -4.1 1.74e-02    -  1.00e+00 1.00e+00H  1
 494  6.6104407e+00 3.99e-05 1.07e+01  -4.0 5.64e-02    -  1.00e+00 1.00e+00h  1
 495  6.6073703e+00 1.25e-04 2.62e+01  -4.1 6.16e-02    -  1.00e+00 1.00e+00h  1
 496  6.6061007e+00 9.81e-05 8.12e+00  -4.1 7.85e-02    -  1.00e+00 1.00e+00h  1
 497  6.6058665e+00 9.62e-05 1.42e+01  -4.1 6.80e-02    -  1.00e+00 1.00e+00h  1
 498  6.6082293e+00 5.17e-05 3.32e+00  -4.0 4.91e-02    -  1.00e+00 1.00e+00h  1
 499  6.6074149e+00 2.22e-05 5.06e+00  -4.1 2.39e-02    -  1.00e+00 1.00e+00h  1
iter    objective    inf_pr   inf_du lg(mu)  ||d||  lg(rg) alpha_du alpha_pr  ls
 500  6.6099688e+00 7.34e-06 3.92e+00  -4.0 1.91e-02    -  1.00e+00 1.00e+00h  1
 501  6.6087465e+00 1.06e-05 2.37e+00  -4.1 1.81e-02    -  1.00e+00 1.00e+00h  1
 502  6.6083667e+00 2.87e-06 9.13e-01  -4.1 1.04e-02    -  1.00e+00 1.00e+00h  1
 503  6.6086272e+00 1.14e-06 1.55e+00  -4.1 6.65e-03    -  1.00e+00 1.00e+00h  1
 504  6.6086334e+00 6.74e-07 3.17e-01  -4.1 5.03e-03    -  1.00e+00 1.00e+00h  1
 505  6.6085949e+00 9.43e-08 1.48e-01  -4.1 6.55e-04    -  1.00e+00 1.00e+00h  1
 506  6.6104384e+00 4.94e-06 1.70e+00  -4.0 8.63e-03    -  1.00e+00 1.00e+00h  1
 507  6.6085869e+00 5.09e-06 1.58e+00  -4.1 1.15e-02    -  1.00e+00 1.00e+00h  1
 508  6.6081769e+00 8.11e-06 6.06e+00  -4.1 3.03e-02    -  1.00e+00 1.00e+00h  1
 509  6.6082575e+00 8.67e-06 3.65e-01  -4.1 2.81e-02    -  1.00e+00 1.00e+00h  1
iter    objective    inf_pr   inf_du lg(mu)  ||d||  lg(rg) alpha_du alpha_pr  ls
 510  6.6101977e+00 3.75e-06 8.84e-01  -4.0 1.02e-02    -  1.00e+00 1.00e+00h  1
 511  6.6085442e+00 1.40e-07 2.23e+00  -4.1 1.16e-02    -  1.00e+00 1.00e+00H  1
 512  6.6103761e+00 7.10e-06 1.03e+00  -4.0 1.10e-02    -  1.00e+00 1.00e+00h  1
 513  6.6082816e+00 9.09e-06 3.49e+00  -4.1 2.08e-02    -  1.00e+00 1.00e+00h  1
 514  6.6082300e+00 7.51e-06 1.13e+00  -4.1 1.76e-02    -  1.00e+00 1.00e+00h  1
 515  6.6103090e+00 4.04e-06 7.54e-01  -4.0 1.10e-02    -  1.00e+00 1.00e+00h  1
 516  6.6088805e+00 2.26e-06 5.03e+00  -4.1 2.39e-02    -  1.00e+00 1.00e+00H  1
 517  6.6081245e+00 1.13e-05 5.55e-01  -4.1 2.19e-02    -  1.00e+00 1.00e+00h  1
 518  6.6082933e+00 7.30e-07 4.99e-01  -4.1 1.42e-03    -  1.00e+00 1.00e+00h  1
 519  6.6104195e+00 3.72e-06 3.90e-01  -4.0 1.12e-02    -  1.00e+00 1.00e+00h  1
iter    objective    inf_pr   inf_du lg(mu)  ||d||  lg(rg) alpha_du alpha_pr  ls
 520  6.6084854e+00 9.98e-06 6.98e+00  -4.1 1.90e-02    -  1.00e+00 1.00e+00h  1
 521  6.6080530e+00 9.27e-06 4.89e-01  -4.1 1.45e-02    -  1.00e+00 1.00e+00h  1
 522  6.6083226e+00 5.66e-07 4.81e-01  -4.1 1.99e-03    -  1.00e+00 1.00e+00h  1
 523  6.6084210e+00 6.08e-07 2.38e-01  -4.1 1.25e-03    -  1.00e+00 1.00e+00h  1
 524  6.6104549e+00 4.00e-06 6.43e-01  -4.0 1.16e-02    -  1.00e+00 1.00e+00h  1
 525  6.6083896e+00 1.41e-05 6.21e+00  -4.1 2.20e-02    -  1.00e+00 1.00e+00h  1
 526  6.6080843e+00 9.56e-06 5.24e-01  -4.1 2.00e-02    -  1.00e+00 1.00e+00h  1
 527  6.6083619e+00 8.49e-07 6.60e-01  -4.1 2.71e-03    -  1.00e+00 1.00e+00h  1
 528  6.6083767e+00 2.78e-07 2.90e-01  -4.1 1.91e-03    -  1.00e+00 1.00e+00h  1
 529  6.6104288e+00 3.78e-06 2.89e-01  -4.0 1.18e-02    -  1.00e+00 1.00e+00h  1
iter    objective    inf_pr   inf_du lg(mu)  ||d||  lg(rg) alpha_du alpha_pr  ls
 530  6.6083537e+00 2.93e-05 6.97e+00  -4.1 3.43e-02    -  1.00e+00 1.00e+00h  1
 531  6.6073324e+00 2.68e-05 7.39e-01  -4.1 3.32e-02    -  1.00e+00 1.00e+00h  1
 532  6.6100173e+00 4.96e-06 1.44e+00  -4.0 1.28e-02    -  1.00e+00 1.00e+00h  1
 533  6.6085298e+00 1.04e-06 1.61e+00  -4.1 1.30e-02    -  1.00e+00 1.00e+00H  1
 534  6.6081662e+00 4.57e-06 3.10e+00  -4.1 9.31e-03    -  1.00e+00 1.00e+00h  1
 535  6.6103297e+00 5.11e-06 8.85e-01  -4.0 1.36e-02    -  1.00e+00 1.00e+00h  1
 536  6.6083670e+00 4.06e-06 2.28e+00  -4.1 1.14e-02    -  1.00e+00 1.00e+00h  1
 537  6.6083376e+00 4.86e-06 2.87e+00  -4.1 1.04e-02    -  1.00e+00 1.00e+00h  1
 538  6.6083877e+00 4.02e-06 5.70e-01  -4.1 1.18e-02    -  1.00e+00 1.00e+00h  1
 539  6.6084041e+00 2.44e-07 3.56e-01  -4.1 1.01e-03    -  1.00e+00 1.00e+00h  1
iter    objective    inf_pr   inf_du lg(mu)  ||d||  lg(rg) alpha_du alpha_pr  ls
 540  6.6083981e+00 1.97e-08 1.06e-01  -4.1 3.85e-04    -  1.00e+00 1.00e+00h  1
 541  6.6104522e+00 4.64e-06 2.77e+00  -4.0 1.20e-02    -  1.00e+00 1.00e+00h  1
 542  6.6083705e+00 9.29e-06 2.50e+00  -4.1 1.86e-02    -  1.00e+00 1.00e+00h  1
 543  6.6083209e+00 2.06e-06 1.68e+00  -4.1 8.05e-03    -  1.00e+00 1.00e+00h  1
 544  6.6084005e+00 9.53e-07 1.63e+00  -4.1 4.72e-03    -  1.00e+00 1.00e+00h  1
 545  6.6083476e+00 5.10e-07 1.55e-01  -4.1 1.64e-03    -  1.00e+00 1.00e+00h  1
 546  6.6104216e+00 5.66e-06 1.72e+00  -4.0 1.36e-02    -  1.00e+00 1.00e+00h  1
 547  6.6083369e+00 1.13e-05 7.15e+00  -4.1 2.52e-02    -  1.00e+00 1.00e+00h  1
 548  6.6077177e+00 8.61e-06 5.81e-01  -4.1 2.49e-02    -  1.00e+00 1.00e+00h  1
 549  6.6080133e+00 1.43e-06 4.96e-01  -4.1 1.83e-03    -  1.00e+00 1.00e+00h  1
iter    objective    inf_pr   inf_du lg(mu)  ||d||  lg(rg) alpha_du alpha_pr  ls
 550  6.6104342e+00 2.71e-07 1.24e+00  -4.0 1.50e-02    -  1.00e+00 1.00e+00H  1
 551  6.6091348e+00 1.29e-07 6.02e+00  -4.1 2.49e-02    -  1.00e+00 1.00e+00H  1
 552  6.6076801e+00 1.15e-05 2.75e-01  -4.1 2.69e-02    -  1.00e+00 1.00e+00h  1
 553  6.6081048e+00 2.51e-06 8.42e-01  -4.1 1.91e-03    -  1.00e+00 1.00e+00h  1
 554  6.6084786e+00 1.29e-06 5.53e-01  -4.1 2.17e-03    -  1.00e+00 1.00e+00h  1
 555  6.6084140e+00 2.00e-07 4.04e-01  -4.1 1.97e-03    -  1.00e+00 1.00e+00h  1
 556  6.6083607e+00 1.84e-07 2.96e-01  -4.1 7.42e-04    -  1.00e+00 1.00e+00h  1
 557  6.6097484e+00 1.50e-06 1.08e+00  -4.0 6.84e-03    -  1.00e+00 1.00e+00h  1
 558  6.6084194e+00 1.43e-06 1.74e+00  -4.1 8.12e-03    -  1.00e+00 1.00e+00h  1
 559  6.6083485e+00 2.30e-06 4.07e-01  -4.1 5.48e-03    -  1.00e+00 1.00e+00h  1
iter    objective    inf_pr   inf_du lg(mu)  ||d||  lg(rg) alpha_du alpha_pr  ls
 560  6.6083729e+00 2.04e-07 2.44e-01  -4.1 1.09e-03    -  1.00e+00 1.00e+00h  1
 561  6.6083737e+00 7.57e-09 5.36e-02  -4.1 2.55e-04    -  1.00e+00 1.00e+00h  1
 562  6.6104313e+00 4.35e-06 1.83e+00  -4.0 1.15e-02    -  1.00e+00 1.00e+00h  1
 563  6.6083195e+00 5.26e-06 6.23e-01  -4.1 1.26e-02    -  1.00e+00 1.00e+00h  1
 564  6.6082338e+00 1.78e-05 1.05e+01  -4.1 3.51e-02    -  1.00e+00 1.00e+00h  1
 565  6.6076129e+00 1.13e-05 6.95e-01  -4.1 3.07e-02    -  1.00e+00 1.00e+00h  1
 566  6.6078268e+00 1.93e-06 3.44e-01  -4.1 2.91e-03    -  1.00e+00 1.00e+00h  1
 567  6.6103764e+00 6.59e-07 1.57e+00  -4.0 1.44e-02    -  1.00e+00 1.00e+00H  1
 568  6.6086744e+00 9.22e-08 3.23e+00  -4.1 1.79e-02    -  1.00e+00 1.00e+00H  1
 569  6.6080016e+00 5.62e-06 4.42e-01  -4.1 1.60e-02    -  1.00e+00 1.00e+00h  1
iter    objective    inf_pr   inf_du lg(mu)  ||d||  lg(rg) alpha_du alpha_pr  ls
 570  6.6082007e+00 8.20e-07 5.60e-01  -4.1 1.78e-03    -  1.00e+00 1.00e+00h  1
 571  6.6104733e+00 3.96e-07 1.95e+00  -4.0 1.40e-02    -  1.00e+00 1.00e+00H  1
 572  6.6082760e+00 1.32e-05 2.96e+00  -4.1 1.76e-02    -  1.00e+00 1.00e+00h  1
 573  6.6082334e+00 8.38e-06 3.75e-01  -4.1 1.11e-02    -  1.00e+00 1.00e+00h  1
 574  6.6083435e+00 1.23e-06 4.81e-01  -4.1 1.78e-03    -  1.00e+00 1.00e+00h  1
 575  6.6083497e+00 5.43e-07 8.45e-02  -4.1 1.33e-03    -  1.00e+00 1.00e+00h  1
 576  6.6105038e+00 6.18e-06 8.01e-01  -4.0 1.42e-02    -  1.00e+00 1.00e+00h  1
 577  6.6082837e+00 6.77e-06 2.16e+00  -4.1 1.30e-02    -  1.00e+00 1.00e+00h  1
 578  6.6082810e+00 1.98e-06 1.78e+00  -4.1 8.01e-03    -  1.00e+00 1.00e+00h  1
 579  6.6083871e+00 5.26e-07 7.66e-01  -4.1 5.67e-03    -  1.00e+00 1.00e+00h  1
iter    objective    inf_pr   inf_du lg(mu)  ||d||  lg(rg) alpha_du alpha_pr  ls
 580  6.6083148e+00 1.93e-07 6.36e-01  -4.1 2.66e-03    -  1.00e+00 1.00e+00h  1
 581  6.6104602e+00 6.57e-06 1.60e-01  -4.0 1.47e-02    -  1.00e+00 1.00e+00h  1
 582  6.6082759e+00 9.23e-06 2.14e+00  -4.1 1.72e-02    -  1.00e+00 1.00e+00h  1
 583  6.6082544e+00 1.67e-06 2.27e+00  -4.1 7.84e-03    -  1.00e+00 1.00e+00h  1
 584  6.6083173e+00 9.87e-07 4.29e-01  -4.1 2.85e-03    -  1.00e+00 1.00e+00h  1
 585  6.6083651e+00 1.11e-06 3.93e-01  -4.1 1.88e-03    -  1.00e+00 1.00e+00h  1
 586  6.6083828e+00 2.19e-07 4.58e-01  -4.1 2.31e-03    -  1.00e+00 1.00e+00h  1
 587  6.6083650e+00 1.76e-07 3.18e-01  -4.1 1.78e-03    -  1.00e+00 1.00e+00h  1
 588  6.6083738e+00 8.97e-08 2.83e-02  -4.1 1.91e-04    -  1.00e+00 1.00e+00h  1
 589  6.6083750e+00 6.82e-08 1.35e-01  -4.1 7.36e-04    -  1.00e+00 1.00e+00H  1
iter    objective    inf_pr   inf_du lg(mu)  ||d||  lg(rg) alpha_du alpha_pr  ls
 590  6.6083734e+00 1.81e-08 6.18e-01  -4.1 2.54e-03    -  1.00e+00 1.00e+00H  1
 591  6.6083621e+00 4.87e-07 1.73e-01  -4.1 1.92e-03    -  1.00e+00 1.00e+00h  1
 592  6.6083537e+00 4.70e-07 2.04e-01  -4.1 9.27e-04    -  1.00e+00 1.00e+00h  1
 593  6.6083627e+00 1.49e-07 3.75e-02  -4.1 5.42e-04    -  1.00e+00 1.00e+00h  1
 594  6.6096811e+00 9.37e-07 1.20e+00  -4.0 5.35e-03    -  1.00e+00 1.00e+00h  1
 595  6.6084445e+00 4.93e-07 2.70e-01  -4.1 5.08e-03    -  1.00e+00 1.00e+00H  1
 596  6.6082665e+00 3.82e-06 2.21e+00  -4.1 8.02e-03    -  1.00e+00 1.00e+00h  1
 597  6.6083365e+00 1.30e-06 3.55e-01  -4.1 6.38e-03    -  1.00e+00 1.00e+00h  1
 598  6.6083755e+00 1.56e-06 1.74e+00  -4.1 4.58e-03    -  1.00e+00 5.00e-01h  2
 599  6.6083556e+00 4.19e-07 7.06e-02  -4.1 8.51e-04    -  1.00e+00 1.00e+00h  1
iter    objective    inf_pr   inf_du lg(mu)  ||d||  lg(rg) alpha_du alpha_pr  ls
 600  6.6083584e+00 1.59e-07 1.09e-01  -4.1 6.25e-04    -  1.00e+00 1.00e+00h  1
 601  6.6101443e+00 2.08e-06 4.92e-01  -4.0 7.98e-03    -  1.00e+00 1.00e+00h  1
 602  6.6084492e+00 2.23e-06 4.45e-01  -4.1 7.96e-03    -  1.00e+00 1.00e+00h  1
 603  6.6082593e+00 3.61e-06 2.92e+00  -4.1 1.18e-02    -  1.00e+00 1.00e+00h  1
 604  6.6083274e+00 2.84e-06 2.10e-01  -4.1 9.86e-03    -  1.00e+00 1.00e+00h  1
 605  6.6083400e+00 1.58e-07 2.55e-01  -4.1 1.27e-03    -  1.00e+00 1.00e+00h  1
 606  6.6101720e+00 2.35e-06 4.85e-01  -4.0 8.85e-03    -  1.00e+00 1.00e+00h  1
 607  6.6084400e+00 4.43e-06 3.91e+00  -4.1 1.23e-02    -  1.00e+00 1.00e+00h  1
 608  6.6081563e+00 2.48e-06 2.40e-01  -4.1 1.14e-02    -  1.00e+00 1.00e+00h  1
 609  6.6082441e+00 3.86e-07 9.58e-02  -4.1 6.47e-04    -  1.00e+00 1.00e+00h  1
iter    objective    inf_pr   inf_du lg(mu)  ||d||  lg(rg) alpha_du alpha_pr  ls
 610  6.6102893e+00 2.65e-06 6.27e-01  -4.0 9.42e-03    -  1.00e+00 1.00e+00h  1
 611  6.6084129e+00 2.99e-06 7.12e-01  -4.1 9.68e-03    -  1.00e+00 1.00e+00h  1
 612  6.6081856e+00 6.24e-06 2.19e+00  -4.1 1.05e-02    -  1.00e+00 1.00e+00h  1
 613  6.6082779e+00 2.30e-06 3.18e-01  -4.1 9.13e-03    -  1.00e+00 1.00e+00h  1
 614  6.6083335e+00 3.02e-07 1.49e-01  -4.1 7.29e-04    -  1.00e+00 1.00e+00h  1
 615  6.6083509e+00 1.34e-07 1.06e-01  -4.1 4.39e-04    -  1.00e+00 1.00e+00h  1
 616  6.6103196e+00 3.56e-06 5.88e-01  -4.0 9.78e-03    -  1.00e+00 1.00e+00h  1
 617  6.6083676e+00 5.02e-06 2.52e+00  -4.1 1.31e-02    -  1.00e+00 1.00e+00h  1
 618  6.6081232e+00 2.39e-06 3.10e-01  -4.1 9.19e-03    -  1.00e+00 1.00e+00h  1
 619  6.6082909e+00 3.20e-07 1.68e-01  -4.1 1.45e-03    -  1.00e+00 1.00e+00h  1
iter    objective    inf_pr   inf_du lg(mu)  ||d||  lg(rg) alpha_du alpha_pr  ls
 620  6.6083590e+00 2.10e-08 8.41e-02  -4.1 4.09e-04    -  1.00e+00 1.00e+00H  1
 621  6.6104279e+00 4.10e-06 1.16e+00  -4.0 1.03e-02    -  1.00e+00 1.00e+00h  1
 622  6.6083170e+00 3.57e-06 2.56e+00  -4.1 1.05e-02    -  1.00e+00 1.00e+00h  1
 623  6.6082607e+00 2.13e-06 3.78e-01  -4.1 9.50e-03    -  1.00e+00 1.00e+00h  1
 624  6.6083494e+00 1.43e-06 6.80e-01  -4.1 2.76e-03    -  1.00e+00 1.00e+00h  1
 625  6.6083464e+00 7.04e-07 1.15e-01  -4.1 1.77e-03    -  1.00e+00 1.00e+00h  1
 626  6.6083596e+00 1.19e-07 4.10e-02  -4.1 8.11e-05    -  1.00e+00 1.00e+00h  1
 627  6.6083597e+00 3.61e-08 1.96e-01  -4.1 1.01e-03    -  1.00e+00 1.00e+00H  1
 628  6.6083617e+00 1.26e-08 4.40e-02  -4.1 7.10e-04    -  1.00e+00 1.00e+00H  1
 629  6.6083601e+00 6.59e-09 6.60e-03  -4.1 2.91e-05    -  1.00e+00 1.00e+00h  1
iter    objective    inf_pr   inf_du lg(mu)  ||d||  lg(rg) alpha_du alpha_pr  ls
 630  6.6099094e+00 1.22e-06 1.64e+00  -4.0 6.24e-03    -  1.00e+00 1.00e+00h  1
 631  6.6084816e+00 1.05e-06 1.69e-01  -4.1 5.98e-03    -  1.00e+00 1.00e+00h  1
 632  6.6083434e+00 6.85e-07 4.38e-01  -4.1 3.29e-03    -  1.00e+00 1.00e+00h  1
 633  6.6083772e+00 7.54e-07 5.76e-02  -4.1 2.58e-03    -  1.00e+00 1.00e+00h  1
 634  6.6083735e+00 2.75e-07 6.58e-02  -4.1 3.90e-04    -  1.00e+00 1.00e+00h  1
 635  6.6083601e+00 4.78e-08 3.14e-02  -4.1 2.39e-04    -  1.00e+00 1.00e+00h  1
 636  6.6083546e+00 2.19e-08 1.80e-02  -4.1 5.89e-05    -  1.00e+00 1.00e+00h  1
 637  6.6102730e+00 2.59e-06 1.62e+00  -4.0 8.23e-03    -  1.00e+00 1.00e+00h  1
 638  6.6083566e+00 2.44e-06 2.98e-01  -4.1 8.62e-03    -  1.00e+00 1.00e+00h  1
 639  6.6082474e+00 2.50e-06 2.32e+00  -4.1 1.23e-02    -  1.00e+00 1.00e+00h  1
iter    objective    inf_pr   inf_du lg(mu)  ||d||  lg(rg) alpha_du alpha_pr  ls
 640  6.6082021e+00 2.45e-06 3.04e-01  -4.1 1.10e-02    -  1.00e+00 1.00e+00h  1
 641  6.6083579e+00 2.39e-07 3.61e-01  -4.1 1.57e-03    -  1.00e+00 1.00e+00h  1
 642  6.6083213e+00 1.06e-07 7.22e-02  -4.1 8.32e-04    -  1.00e+00 1.00e+00h  1
 643  6.6103271e+00 3.01e-06 1.43e+00  -4.0 9.33e-03    -  1.00e+00 1.00e+00h  1
 644  6.6083531e+00 3.49e-06 2.66e+00  -4.1 1.20e-02    -  1.00e+00 1.00e+00h  1
 645  6.6082282e+00 1.70e-06 2.10e-01  -4.1 8.06e-03    -  1.00e+00 1.00e+00h  1
 646  6.6082974e+00 2.75e-07 2.09e-01  -4.1 6.52e-04    -  1.00e+00 1.00e+00h  1
 647  6.6103657e+00 3.25e-06 5.07e-01  -4.0 9.61e-03    -  1.00e+00 1.00e+00h  1
 648  6.6083569e+00 3.80e-06 1.49e+00  -4.1 1.16e-02    -  1.00e+00 1.00e+00h  1
 649  6.6082617e+00 1.86e-06 3.69e-01  -4.1 9.74e-03    -  1.00e+00 1.00e+00h  1
iter    objective    inf_pr   inf_du lg(mu)  ||d||  lg(rg) alpha_du alpha_pr  ls
 650  6.6083430e+00 3.25e-07 6.87e-01  -4.1 3.46e-03    -  1.00e+00 1.00e+00h  1
 651  6.6083517e+00 1.84e-07 2.32e-01  -4.1 1.70e-03    -  1.00e+00 1.00e+00h  1
 652  6.6083613e+00 4.80e-08 4.51e-02  -4.1 1.51e-04    -  1.00e+00 1.00e+00h  1
 653  6.6083592e+00 2.80e-08 7.92e-02  -4.1 2.83e-04    -  1.00e+00 1.00e+00H  1
 654  6.6083557e+00 1.75e-08 1.29e-01  -4.1 5.87e-04    -  1.00e+00 1.00e+00H  1
 655  6.6083554e+00 3.14e-08 1.45e-01  -4.1 5.54e-04    -  1.00e+00 1.00e+00h  1
 656  6.6083520e+00 1.73e-07 3.15e-02  -4.1 3.87e-04    -  1.00e+00 1.00e+00h  1
 657  6.6083532e+00 7.42e-08 3.15e-02  -4.1 1.57e-04    -  1.00e+00 5.00e-01h  2
 658  6.6102059e+00 2.69e-06 2.11e+00  -4.0 1.10e-02    -  1.00e+00 1.00e+00h  1
 659  6.6084272e+00 2.79e-06 3.74e-01  -4.1 1.07e-02    -  1.00e+00 1.00e+00h  1
iter    objective    inf_pr   inf_du lg(mu)  ||d||  lg(rg) alpha_du alpha_pr  ls
 660  6.6081854e+00 2.19e-05 5.86e+00  -4.1 4.05e-02    -  1.00e+00 1.00e+00h  1
 661  6.6078029e+00 1.85e-05 5.33e-01  -4.1 3.96e-02    -  1.00e+00 1.00e+00h  1
 662  6.6081923e+00 6.29e-07 1.14e+00  -4.1 5.79e-03    -  1.00e+00 1.00e+00h  1
 663  6.6081610e+00 6.86e-07 3.54e-01  -4.1 2.92e-03    -  1.00e+00 1.00e+00h  1
 664  6.6102769e+00 3.80e-06 1.50e+00  -4.0 1.26e-02    -  1.00e+00 1.00e+00h  1
 665  6.6095727e+00 2.35e-06 6.44e+00  -4.1 3.66e-02    -  1.00e+00 1.00e+00H  1
 666  6.6075072e+00 3.14e-05 6.32e-01  -4.1 3.17e-02    -  1.00e+00 1.00e+00h  1
 667  6.6078619e+00 1.73e-06 6.69e-01  -4.1 2.07e-03    -  1.00e+00 1.00e+00h  1
 668  6.6082609e+00 1.30e-06 3.33e-01  -4.1 1.93e-03    -  1.00e+00 1.00e+00h  1
 669  6.6084924e+00 9.23e-07 5.77e-01  -4.1 2.01e-03    -  1.00e+00 1.00e+00h  1
iter    objective    inf_pr   inf_du lg(mu)  ||d||  lg(rg) alpha_du alpha_pr  ls
 670  6.6083389e+00 6.89e-07 2.01e-01  -4.1 1.47e-03    -  1.00e+00 1.00e+00h  1
 671  6.6083544e+00 2.89e-07 1.05e-01  -4.1 4.63e-04    -  1.00e+00 1.00e+00h  1
 672  6.6083565e+00 1.38e-08 5.49e-02  -4.1 2.23e-04    -  1.00e+00 1.00e+00h  1
 673  6.6083546e+00 1.26e-08 7.49e-03  -4.1 8.91e-05    -  1.00e+00 1.00e+00h  1
 674  6.6096430e+00 1.54e-06 8.92e-01  -4.0 4.25e-03    -  1.00e+00 1.00e+00h  1
 675  6.6084060e+00 1.37e-06 1.33e-01  -4.1 3.79e-03    -  1.00e+00 1.00e+00h  1
 676  6.6083416e+00 7.13e-07 1.20e+00  -4.1 5.76e-03    -  1.00e+00 1.00e+00h  1
 677  6.6083207e+00 5.64e-07 5.47e-02  -4.1 5.21e-03    -  1.00e+00 1.00e+00h  1
 678  6.6083489e+00 1.38e-07 2.67e-02  -4.1 1.20e-04    -  1.00e+00 1.00e+00h  1
 679  6.6103267e+00 2.74e-06 1.45e+00  -4.0 8.69e-03    -  1.00e+00 1.00e+00h  1
iter    objective    inf_pr   inf_du lg(mu)  ||d||  lg(rg) alpha_du alpha_pr  ls
 680  6.6083301e+00 2.42e-06 2.66e-01  -4.1 8.62e-03    -  1.00e+00 1.00e+00h  1
 681  6.6082921e+00 1.59e-05 7.19e+00  -4.1 2.76e-02    -  1.00e+00 1.00e+00h  1
 682  6.6074334e+00 1.55e-05 3.79e-01  -4.1 2.66e-02    -  1.00e+00 1.00e+00h  1
 683  6.6099795e+00 3.59e-06 3.07e-01  -4.0 8.96e-03    -  1.00e+00 1.00e+00h  1
 684  6.6083089e+00 2.31e-06 1.58e+00  -4.1 8.46e-03    -  1.00e+00 1.00e+00h  1
 685  6.6081971e+00 9.21e-07 1.12e+00  -4.1 6.50e-03    -  1.00e+00 1.00e+00h  1
 686  6.6082873e+00 5.35e-07 3.88e-01  -4.1 2.57e-03    -  1.00e+00 1.00e+00h  1
 687  6.6083758e+00 3.03e-07 9.45e-02  -4.1 5.78e-04    -  1.00e+00 1.00e+00h  1
 688  6.6083758e+00 4.76e-08 2.44e-01  -4.1 1.74e-03    -  1.00e+00 1.00e+00H  1
 689  6.6083618e+00 2.03e-08 4.43e-01  -4.1 1.76e-03    -  1.00e+00 1.00e+00H  1
iter    objective    inf_pr   inf_du lg(mu)  ||d||  lg(rg) alpha_du alpha_pr  ls
 690  6.6083636e+00 6.57e-09 4.85e-02  -4.1 1.40e-03    -  1.00e+00 1.00e+00H  1
 691  6.6083633e+00 2.89e-09 2.07e-02  -4.1 8.53e-05    -  1.00e+00 1.00e+00H  1
 692  6.6083574e+00 2.30e-09 1.32e-01  -4.1 6.43e-04    -  1.00e+00 1.00e+00H  1
 693  6.6083571e+00 1.32e-10 3.28e-01  -4.1 1.06e-03    -  1.00e+00 1.00e+00H  1
 694  6.6083573e+00 1.12e-10 1.61e-01  -4.1 8.55e-04    -  1.00e+00 1.00e+00H  1
 695  6.6083536e+00 1.07e-07 1.22e-01  -4.1 7.76e-04    -  1.00e+00 1.00e+00h  1
 696  6.6083531e+00 5.69e-08 3.02e-02  -4.1 3.72e-04    -  1.00e+00 1.00e+00h  1
 697  6.6083547e+00 4.60e-08 2.67e-01  -4.1 3.60e-04    -  1.00e+00 2.50e-01h  3
 698  6.6083551e+00 3.68e-08 1.05e-01  -4.1 9.96e-05    -  1.00e+00 2.50e-01h  3
 699  6.6083541e+00 3.49e-08 2.97e-02  -4.1 1.87e-04    -  1.00e+00 1.00e+00h  1
iter    objective    inf_pr   inf_du lg(mu)  ||d||  lg(rg) alpha_du alpha_pr  ls
 700  6.6101656e+00 2.06e-06 2.12e+00  -4.0 7.76e-03    -  1.00e+00 1.00e+00h  1
 701  6.6084107e+00 2.19e-06 2.37e-01  -4.1 7.99e-03    -  1.00e+00 1.00e+00h  1
 702  6.6083257e+00 2.40e-06 2.72e+00  -4.1 1.06e-02    -  1.00e+00 1.00e+00h  1
 703  6.6082740e+00 3.18e-06 1.34e-01  -4.1 1.01e-02    -  1.00e+00 1.00e+00h  1
 704  6.6083386e+00 2.41e-07 3.94e-01  -4.1 1.45e-03    -  1.00e+00 1.00e+00h  1
 705  6.6083409e+00 1.10e-07 1.09e-01  -4.1 1.26e-03    -  1.00e+00 1.00e+00h  1
 706  6.6083490e+00 4.59e-08 3.34e-01  -4.1 1.16e-03    -  1.00e+00 1.00e+00h  1
 707  6.6083478e+00 6.79e-08 1.76e-02  -4.1 1.05e-03    -  1.00e+00 1.00e+00h  1
 708  6.6091787e+00 7.41e-07 6.31e-01  -4.0 3.46e-03    -  1.00e+00 1.00e+00h  1
 709  6.6086695e+00 3.03e-07 2.13e-01  -4.1 3.00e-03    -  1.00e+00 1.00e+00h  1
iter    objective    inf_pr   inf_du lg(mu)  ||d||  lg(rg) alpha_du alpha_pr  ls
 710  6.6083540e+00 5.69e-07 1.85e+00  -4.1 4.00e-03    -  1.00e+00 1.00e+00h  1
 711  6.6084043e+00 4.69e-07 1.76e-01  -4.1 3.83e-03    -  1.00e+00 1.00e+00h  1
 712  6.6083591e+00 2.82e-07 1.85e-01  -4.1 5.56e-04    -  1.00e+00 1.00e+00h  1
 713  6.6083361e+00 5.98e-08 7.97e-02  -4.1 2.47e-04    -  1.00e+00 1.00e+00h  1
 714  6.6099778e+00 1.56e-06 6.52e-01  -4.0 7.19e-03    -  1.00e+00 1.00e+00h  1
 715  6.6084725e+00 1.45e-06 3.78e-01  -4.1 7.25e-03    -  1.00e+00 1.00e+00h  1
 716  6.6082817e+00 1.88e-06 2.16e+00  -4.1 8.85e-03    -  1.00e+00 1.00e+00h  1
 717  6.6083367e+00 1.18e-06 3.48e-01  -4.1 7.94e-03    -  1.00e+00 1.00e+00h  1
 718  6.6083609e+00 1.56e-07 4.81e-01  -4.1 1.60e-03    -  1.00e+00 1.00e+00h  1
 719  6.6083420e+00 8.35e-08 3.36e-02  -4.1 8.47e-04    -  1.00e+00 1.00e+00h  1
iter    objective    inf_pr   inf_du lg(mu)  ||d||  lg(rg) alpha_du alpha_pr  ls
 720  6.6083502e+00 1.53e-08 3.05e-02  -4.1 9.06e-05    -  1.00e+00 1.00e+00h  1
 721  6.6100596e+00 1.82e-06 5.42e-01  -4.0 8.24e-03    -  1.00e+00 1.00e+00h  1
 722  6.6084813e+00 1.71e-06 1.51e-01  -4.1 7.87e-03    -  1.00e+00 1.00e+00h  1
 723  6.6082334e+00 8.29e-06 4.88e+00  -4.1 1.98e-02    -  1.00e+00 1.00e+00h  1
 724  6.6081877e+00 7.39e-06 3.80e-01  -4.1 1.83e-02    -  1.00e+00 1.00e+00h  1
 725  6.6081708e+00 1.31e-07 8.34e-02  -4.1 6.30e-04    -  1.00e+00 1.00e+00h  1
 726  6.6100468e+00 2.23e-06 4.55e-01  -4.0 9.68e-03    -  1.00e+00 1.00e+00h  1
 727  6.6084262e+00 1.25e-07 1.11e+00  -4.1 9.41e-03    -  1.00e+00 1.00e+00H  1
 728  6.6082114e+00 1.09e-06 7.64e-01  -4.1 6.29e-03    -  1.00e+00 1.00e+00h  1
 729  6.6082948e+00 1.57e-07 3.04e-01  -4.1 1.32e-03    -  1.00e+00 1.00e+00h  1
iter    objective    inf_pr   inf_du lg(mu)  ||d||  lg(rg) alpha_du alpha_pr  ls
 730  6.6083595e+00 1.16e-07 5.97e-02  -4.1 4.82e-04    -  1.00e+00 1.00e+00h  1
 731  6.6083628e+00 2.54e-08 1.86e-01  -4.1 8.96e-04    -  1.00e+00 1.00e+00H  1
 732  6.6083577e+00 1.19e-08 6.45e-02  -4.1 3.77e-04    -  1.00e+00 1.00e+00H  1
 733  6.6083561e+00 7.51e-09 5.02e-02  -4.1 1.72e-04    -  1.00e+00 1.00e+00H  1
 734  6.6083561e+00 5.44e-09 1.15e-02  -4.1 7.59e-05    -  1.00e+00 1.00e+00h  1
 735  6.6095758e+00 7.77e-07 1.04e+00  -4.0 5.01e-03    -  1.00e+00 1.00e+00h  1
 736  6.6085233e+00 5.84e-07 1.39e-01  -4.1 4.43e-03    -  1.00e+00 1.00e+00h  1
 737  6.6083414e+00 2.10e-07 9.97e-01  -4.1 3.32e-03    -  1.00e+00 1.00e+00h  1
 738  6.6083783e+00 3.74e-08 4.84e-02  -4.1 3.25e-03    -  1.00e+00 1.00e+00H  1
 739  6.6083502e+00 1.19e-07 3.26e-02  -4.1 1.36e-04    -  1.00e+00 1.00e+00h  1
iter    objective    inf_pr   inf_du lg(mu)  ||d||  lg(rg) alpha_du alpha_pr  ls
 740  6.6083244e+00 1.42e-07 5.00e-02  -4.1 2.33e-04    -  1.00e+00 1.00e+00h  1
 741  6.6083522e+00 8.09e-08 3.33e-02  -4.1 1.99e-04    -  1.00e+00 1.00e+00h  1
 742  6.6083543e+00 2.38e-08 3.10e-02  -4.1 1.60e-04    -  1.00e+00 1.00e+00h  1
 743  6.6083537e+00 5.19e-09 1.22e-02  -4.1 7.62e-05    -  1.00e+00 1.00e+00h  1
 744  6.6094741e+00 7.53e-07 6.29e-01  -4.0 3.58e-03    -  1.00e+00 1.00e+00h  1
 745  6.6083778e+00 6.56e-07 9.22e-02  -4.1 3.35e-03    -  1.00e+00 1.00e+00h  1
 746  6.6083507e+00 6.33e-07 4.14e-01  -4.1 2.71e-03    -  1.00e+00 1.00e+00h  1
 747  6.6083418e+00 5.39e-07 5.06e-02  -4.1 2.40e-03    -  1.00e+00 1.00e+00h  1
 748  6.6083604e+00 7.82e-08 1.49e-02  -4.1 1.14e-04    -  1.00e+00 1.00e+00h  1
 749  6.6083571e+00 5.54e-08 5.31e-02  -4.1 2.09e-04    -  1.00e+00 1.00e+00H  1
iter    objective    inf_pr   inf_du lg(mu)  ||d||  lg(rg) alpha_du alpha_pr  ls
 750  6.6083555e+00 1.90e-08 4.50e-02  -4.1 1.31e-04    -  1.00e+00 1.00e+00h  1
 751  6.6083569e+00 3.26e-09 4.71e-02  -4.1 2.14e-04    -  1.00e+00 1.00e+00H  1
 752  6.6083560e+00 5.35e-10 9.72e-03  -4.1 1.57e-04    -  1.00e+00 1.00e+00H  1
 753  6.6093709e+00 6.93e-07 8.85e-01  -4.0 4.60e-03    -  1.00e+00 1.00e+00f  1
 754  6.6084375e+00 2.55e-07 1.95e-01  -4.1 4.48e-03    -  1.00e+00 1.00e+00H  1
 755  6.6084776e+00 3.66e-08 2.44e+00  -4.1 1.13e-02    -  1.00e+00 1.00e+00H  1
 756  6.6083164e+00 2.04e-06 8.71e-02  -4.1 1.03e-02    -  1.00e+00 1.00e+00h  1
 757  6.6083103e+00 1.50e-08 3.29e-02  -4.1 2.58e-04    -  1.00e+00 1.00e+00h  1
 758  6.6099966e+00 2.48e-06 9.57e-01  -4.0 8.95e-03    -  1.00e+00 1.00e+00h  1
 759  6.6083979e+00 4.70e-07 9.11e-01  -4.1 8.83e-03    -  1.00e+00 1.00e+00H  1
iter    objective    inf_pr   inf_du lg(mu)  ||d||  lg(rg) alpha_du alpha_pr  ls
 760  6.6081675e+00 3.68e-06 4.30e+00  -4.1 1.15e-02    -  1.00e+00 1.00e+00h  1
 761  6.6082649e+00 2.62e-06 4.69e-01  -4.1 1.11e-02    -  1.00e+00 1.00e+00h  1
 762  6.6082926e+00 5.81e-08 1.07e-01  -4.1 4.92e-04    -  1.00e+00 1.00e+00h  1
 763  6.6101313e+00 3.10e-06 8.98e-01  -4.0 1.04e-02    -  1.00e+00 1.00e+00h  1
 764  6.6083785e+00 3.63e-07 1.11e+00  -4.1 1.01e-02    -  1.00e+00 1.00e+00H  1
 765  6.6082638e+00 9.33e-07 1.86e+00  -4.1 6.04e-03    -  1.00e+00 1.00e+00h  1
 766  6.6083488e+00 9.45e-07 3.55e-01  -4.1 5.00e-03    -  1.00e+00 1.00e+00h  1
 767  6.6083532e+00 1.92e-07 1.66e-01  -4.1 6.10e-04    -  1.00e+00 1.00e+00h  1
 768  6.6083436e+00 3.97e-07 9.82e-02  -4.1 4.08e-04    -  1.00e+00 1.00e+00h  1
 769  6.6083525e+00 1.14e-07 1.50e-01  -4.1 6.50e-04    -  1.00e+00 1.00e+00h  1
iter    objective    inf_pr   inf_du lg(mu)  ||d||  lg(rg) alpha_du alpha_pr  ls
 770  6.6083500e+00 1.42e-07 3.86e-02  -4.1 3.45e-04    -  1.00e+00 1.00e+00h  1
 771  6.6083518e+00 5.55e-09 1.67e-02  -4.1 7.35e-05    -  1.00e+00 1.00e+00h  1
 772  6.6100761e+00 1.75e-06 2.05e+00  -4.0 6.98e-03    -  1.00e+00 1.00e+00h  1
 773  6.6084287e+00 1.67e-06 7.81e-02  -4.1 6.75e-03    -  1.00e+00 1.00e+00h  1
 774  6.6083560e+00 2.12e-07 7.32e-01  -4.1 3.62e-03    -  1.00e+00 1.00e+00h  1
 775  6.6083629e+00 7.60e-09 3.34e-02  -4.1 3.44e-03    -  1.00e+00 1.00e+00H  1
 776  6.6083528e+00 3.69e-08 9.74e-03  -4.1 5.00e-05    -  1.00e+00 1.00e+00h  1
 777  6.6083359e+00 1.08e-07 1.02e-01  -4.1 3.40e-04    -  1.00e+00 1.00e+00h  1
 778  6.6083430e+00 4.55e-08 1.50e-01  -4.1 3.31e-04    -  1.00e+00 5.00e-01h  2
 779  6.6083519e+00 7.70e-09 5.92e-02  -4.1 2.72e-04    -  1.00e+00 1.00e+00H  1
iter    objective    inf_pr   inf_du lg(mu)  ||d||  lg(rg) alpha_du alpha_pr  ls
 780  6.6083530e+00 2.17e-10 2.36e-02  -4.1 1.92e-04    -  1.00e+00 1.00e+00H  1
 781  6.6094119e+00 8.68e-07 6.25e-01  -4.0 4.11e-03    -  1.00e+00 1.00e+00f  1
 782  6.6083978e+00 1.32e-06 4.28e-01  -4.1 4.79e-03    -  1.00e+00 1.00e+00h  1
 783  6.6083212e+00 8.57e-07 1.87e+00  -4.1 7.59e-03    -  1.00e+00 1.00e+00h  1
 784  6.6083180e+00 6.79e-07 3.11e-01  -4.1 6.23e-03    -  1.00e+00 1.00e+00h  1
 785  6.6083211e+00 4.19e-08 1.56e-01  -4.1 5.83e-04    -  1.00e+00 1.00e+00h  1
 786  6.6083530e+00 1.23e-08 2.60e-02  -4.1 2.55e-04    -  1.00e+00 1.00e+00H  1
 787  6.6083556e+00 1.02e-08 2.83e-02  -4.1 1.45e-04    -  1.00e+00 1.00e+00H  1
 788  6.6083543e+00 2.94e-09 2.66e-02  -4.1 1.29e-04    -  1.00e+00 1.00e+00H  1
 789  6.6083547e+00 1.91e-11 1.57e-02  -4.1 9.71e-05    -  1.00e+00 1.00e+00H  1
iter    objective    inf_pr   inf_du lg(mu)  ||d||  lg(rg) alpha_du alpha_pr  ls
 790  6.6083547e+00 1.41e-11 1.48e-01  -4.1 4.25e-05    -  1.00e+00 1.95e-03h 10
 791  6.6083575e+00 4.58e-08 1.79e-02  -4.1 1.51e-04    -  1.00e+00 1.00e+00s 22
 792r 6.6083575e+00 4.58e-08 8.89e+02  -4.1 0.00e+00    -  0.00e+00 0.00e+00R  1
 793r 6.6097742e+00 9.10e-07 3.38e-01  -4.0 4.28e-03    -  1.00e+00 1.00e+00f  1
 794r 6.6190386e+00 3.01e-05 3.75e+01  -4.1 3.27e-02    -  8.47e-01 1.00e+00f  1
 795r 6.6805258e+00 1.08e-03 8.99e+00  -4.0 1.81e-01    -  3.58e-01 1.00e+00h  1
 796r 6.6978718e+00 4.92e-04 5.92e-01  -4.1 1.22e-01    -  1.00e+00 1.00e+00h  1
 797r 6.7137878e+00 3.63e-04 7.75e-01  -4.0 1.01e-01    -  1.00e+00 1.00e+00h  1
 798r 6.6985951e+00 1.04e-04 4.83e-01  -4.1 7.91e-02    -  1.00e+00 1.00e+00h  1
 799r 6.7123387e+00 2.62e-05 5.00e-01  -4.1 4.19e-02    -  1.00e+00 1.00e+00h  1
iter    objective    inf_pr   inf_du lg(mu)  ||d||  lg(rg) alpha_du alpha_pr  ls
 800r 6.7221321e+00 4.47e-05 6.23e-01  -4.1 4.06e-02    -  1.00e+00 1.00e+00h  1
 801r 6.7222423e+00 1.86e-05 2.25e-01  -4.1 3.15e-02    -  1.00e+00 1.00e+00h  1
 802r 6.7206877e+00 3.25e-06 9.72e-02  -4.1 1.26e-02    -  1.00e+00 1.00e+00h  1
 803r 6.7206752e+00 7.24e-07 6.32e-02  -4.1 4.82e-03    -  1.00e+00 1.00e+00h  1
 804r 6.7209559e+00 2.94e-07 2.82e-02  -4.1 3.09e-03    -  1.00e+00 1.00e+00h  1
 805r 6.7208685e+00 1.03e-07 1.64e-02  -4.1 1.81e-03    -  1.00e+00 1.00e+00h  1
 806r 6.7208434e+00 1.52e-07 2.26e-02  -4.1 2.37e-03    -  1.00e+00 1.00e+00h  1
 807r 6.7208008e+00 1.95e-07 2.30e-02  -4.1 1.98e-03    -  1.00e+00 1.00e+00h  1
 808r 6.7208115e+00 1.14e-07 1.07e-02  -4.1 1.27e-03    -  1.00e+00 1.00e+00h  1
 809r 6.7208394e+00 4.83e-08 6.30e-03  -4.1 7.30e-04    -  1.00e+00 1.00e+00h  1
iter    objective    inf_pr   inf_du lg(mu)  ||d||  lg(rg) alpha_du alpha_pr  ls
 810r 6.7208427e+00 4.54e-08 3.78e-03  -4.1 4.82e-04    -  1.00e+00 1.00e+00h  1
 811r 6.7065264e+00 1.01e-04 4.34e+00  -6.1 4.58e-02    -  8.69e-01 9.61e-01f  1
 812r 7.0066196e+00 1.50e-02 4.46e+00  -4.0 9.15e-01    -  1.00e+00 8.72e-01f  1
 813r 6.9122384e+00 8.46e-03 3.19e+00  -4.1 4.61e-01    -  1.00e+00 6.77e-01h  1
 814r 6.8255988e+00 1.93e-03 8.53e-01  -4.1 2.84e-01    -  1.00e+00 1.00e+00h  1
 815r 6.7749483e+00 7.40e-04 1.90e+00  -4.1 2.73e-01    -  1.00e+00 5.83e-01h  1
 816r 6.7401862e+00 6.37e-04 2.29e+00  -4.1 2.10e-01    -  1.00e+00 8.38e-01f  1
 817r 6.7198486e+00 3.31e-04 6.82e-01  -4.1 1.13e-01    -  1.00e+00 1.00e+00f  1
 818r 6.7156257e+00 2.21e-04 6.52e-01  -4.1 7.93e-02    -  1.00e+00 1.00e+00h  1
 819r 6.7497864e+00 2.49e-04 1.10e+00  -4.0 9.21e-02    -  1.00e+00 1.00e+00h  1
iter    objective    inf_pr   inf_du lg(mu)  ||d||  lg(rg) alpha_du alpha_pr  ls
 820r 6.7212536e+00 1.72e-04 6.21e-01  -4.1 1.05e-01    -  1.00e+00 1.00e+00h  1
 821r 6.7194016e+00 4.17e-05 4.19e-01  -4.1 4.74e-02    -  1.00e+00 1.00e+00h  1
 822r 6.7216876e+00 1.60e-05 1.36e-01  -4.1 2.46e-02    -  1.00e+00 1.00e+00h  1
 823r 6.7221414e+00 8.98e-07 6.06e-02  -4.1 5.34e-03    -  1.00e+00 1.00e+00h  1
 824r 6.7220271e+00 1.37e-06 1.07e-01  -4.1 8.50e-03    -  1.00e+00 1.00e+00h  1
 825r 6.7210885e+00 1.03e-06 1.03e-01  -4.1 6.68e-03    -  1.00e+00 1.00e+00h  1
 826r 6.7206812e+00 3.37e-07 3.24e-02  -4.1 3.77e-03    -  1.00e+00 1.00e+00h  1
 827r 6.7207764e+00 9.57e-08 1.26e-02  -4.1 1.62e-03    -  1.00e+00 1.00e+00h  1
 828r 6.7207930e+00 6.19e-08 5.32e-03  -4.1 4.98e-04    -  1.00e+00 1.00e+00h  1
 829r 6.7208136e+00 2.06e-08 5.80e-03  -4.1 3.89e-04    -  1.00e+00 1.00e+00h  1
iter    objective    inf_pr   inf_du lg(mu)  ||d||  lg(rg) alpha_du alpha_pr  ls
 830r 6.7208340e+00 2.85e-08 4.55e-03  -4.1 4.76e-04    -  1.00e+00 1.00e+00h  1
 831r 6.6886994e+00 3.55e-04 5.69e-01  -6.1 1.17e-01    -  9.68e-01 9.69e-01f  1
 832r 7.0027621e+00 1.82e-02 3.86e+00  -4.0 1.07e+00    -  8.73e-01 7.58e-01f  1
 833r 6.9411079e+00 9.87e-03 8.08e+00  -4.2 5.85e-01    -  1.00e+00 5.03e-01h  1
 834r 6.8850119e+00 1.55e-03 1.10e+00  -4.2 2.71e-01    -  9.79e-01 9.49e-01h  1
 835r 6.7646016e+00 3.66e-03 9.72e-01  -4.2 3.23e-01    -  1.00e+00 9.97e-01h  1
 836r 6.7469834e+00 1.02e-03 6.56e-01  -4.2 2.44e-01    -  1.00e+00 1.00e+00h  1
 837r 6.7126710e+00 7.42e-04 4.50e-01  -4.2 1.50e-01    -  1.00e+00 9.40e-01h  1
 838r 6.7085942e+00 2.74e-04 1.04e+00  -4.2 1.08e-01    -  1.00e+00 1.00e+00f  1
 839r 6.7196250e+00 1.42e-04 4.03e-01  -4.2 7.09e-02    -  1.00e+00 1.00e+00h  1
iter    objective    inf_pr   inf_du lg(mu)  ||d||  lg(rg) alpha_du alpha_pr  ls
 840r 6.7383966e+00 6.65e-05 8.14e-01  -4.0 6.91e-02    -  1.00e+00 1.00e+00f  1
 841r 6.7147437e+00 1.65e-04 7.29e-01  -4.1 7.44e-02    -  1.00e+00 1.00e+00h  1
 842r 6.7178933e+00 3.88e-05 3.57e-01  -4.1 3.63e-02    -  1.00e+00 1.00e+00h  1
 843r 6.7218870e+00 1.85e-05 1.83e-01  -4.1 2.82e-02    -  1.00e+00 1.00e+00h  1
 844r 6.7211059e+00 1.02e-06 7.59e-02  -4.1 9.40e-03    -  1.00e+00 1.00e+00h  1
 845r 6.7212476e+00 1.67e-07 1.80e-02  -4.1 1.70e-03    -  1.00e+00 1.00e+00h  1
 846r 6.7210238e+00 2.08e-07 1.32e-02  -4.1 1.68e-03    -  1.00e+00 1.00e+00h  1
 847r 6.7208949e+00 3.25e-07 5.07e-02  -4.1 3.57e-03    -  1.00e+00 1.00e+00h  1
 848r 6.7209779e+00 9.45e-08 8.18e-03  -4.1 1.87e-03    -  1.00e+00 1.00e+00h  1
 849r 6.7209295e+00 2.06e-08 3.54e-03  -4.1 5.09e-04    -  1.00e+00 1.00e+00h  1
iter    objective    inf_pr   inf_du lg(mu)  ||d||  lg(rg) alpha_du alpha_pr  ls
 850r 6.7018951e+00 8.12e-05 5.72e-01  -6.1 5.19e-02    -  9.75e-01 9.62e-01f  1
 851r 7.0083864e+00 1.84e-02 1.37e+01  -4.0 1.13e+00    -  1.00e+00 6.77e-01f  1
 852r 6.8627516e+00 6.66e-03 1.39e+00  -4.2 4.40e-01    -  1.00e+00 9.02e-01h  1
 853r 6.8108841e+00 1.22e-03 6.21e-01  -4.2 2.09e-01    -  1.00e+00 1.00e+00h  1
 854r 6.7372190e+00 1.37e-03 4.31e+00  -4.2 2.93e-01    -  1.00e+00 7.40e-01h  1
 855r 6.7131641e+00 6.30e-04 3.68e-01  -4.2 1.59e-01    -  1.00e+00 1.00e+00h  1
 856r 6.7173414e+00 4.56e-04 5.25e-01  -4.2 1.56e-01    -  1.00e+00 1.00e+00h  1
 857r 6.7163262e+00 2.16e-04 2.87e+00  -4.2 9.22e-02    -  1.00e+00 8.50e-01h  1
 858r 6.7486920e+00 1.81e-04 1.34e+00  -4.0 1.05e-01    -  1.00e+00 1.00e+00f  1
 859r 6.7271785e+00 1.28e-04 7.92e-01  -4.1 8.16e-02    -  1.00e+00 1.00e+00h  1
iter    objective    inf_pr   inf_du lg(mu)  ||d||  lg(rg) alpha_du alpha_pr  ls
 860r 6.7150992e+00 1.24e-04 8.47e-01  -4.1 7.35e-02    -  1.00e+00 1.00e+00h  1
 861r 6.7176922e+00 4.97e-05 2.68e-01  -4.1 3.96e-02    -  1.00e+00 1.00e+00h  1
 862r 6.7229804e+00 7.61e-06 1.27e-01  -4.1 1.92e-02    -  1.00e+00 1.00e+00h  1
 863r 6.7216722e+00 2.51e-06 1.73e-01  -4.1 1.08e-02    -  1.00e+00 1.00e+00h  1
 864r 6.7211200e+00 3.30e-06 1.18e-01  -4.1 9.06e-03    -  1.00e+00 1.00e+00h  1
 865r 6.7209262e+00 3.98e-07 3.68e-02  -4.1 4.05e-03    -  1.00e+00 1.00e+00h  1
 866r 6.7206267e+00 3.82e-09 2.11e-02  -4.1 2.48e-03    -  1.00e+00 1.00e+00H  1
 867r 6.7208468e+00 2.16e-07 1.74e-02  -4.1 1.92e-03    -  1.00e+00 1.00e+00h  1
 868r 6.7209663e+00 7.41e-08 1.11e-02  -4.1 1.18e-03    -  1.00e+00 1.00e+00h  1
 869r 6.7208678e+00 1.42e-07 7.65e-03  -4.1 7.99e-04    -  1.00e+00 1.00e+00h  1
iter    objective    inf_pr   inf_du lg(mu)  ||d||  lg(rg) alpha_du alpha_pr  ls
 870r 6.7208440e+00 2.34e-08 5.05e-03  -4.1 5.25e-04    -  1.00e+00 1.00e+00h  1
 871r 6.7208960e+00 3.83e-09 2.40e-03  -4.1 4.31e-04    -  1.00e+00 1.00e+00H  1
 872r 6.6858483e+00 3.61e-04 6.03e-01  -6.1 1.19e-01    -  9.53e-01 9.69e-01f  1
 873r 6.6941771e+00 5.77e-05 6.38e-02  -5.2 3.81e-02    -  1.00e+00 1.00e+00h  1
 874r 6.9870127e+00 2.82e-02 1.21e+01  -4.0 1.06e+00    -  1.00e+00 8.60e-01f  1
 875r 6.8463548e+00 1.03e-02 3.54e+00  -4.1 6.24e-01    -  1.00e+00 1.00e+00h  1
 876r 6.7890267e+00 3.58e-03 1.53e+00  -4.1 2.91e-01    -  1.00e+00 1.00e+00h  1
 877r 6.7675661e+00 1.70e-03 7.83e-01  -4.1 1.68e-01    -  5.58e-01 5.45e-01h  1
 878r 6.7184591e+00 1.12e-03 3.30e-01  -4.1 1.88e-01    -  1.00e+00 1.00e+00f  1
 879r 6.7192272e+00 6.21e-04 5.19e-01  -4.1 1.29e-01    -  1.00e+00 1.00e+00h  1
iter    objective    inf_pr   inf_du lg(mu)  ||d||  lg(rg) alpha_du alpha_pr  ls
 880r 6.7184743e+00 2.22e-04 5.70e-01  -4.1 9.09e-02    -  1.00e+00 1.00e+00h  1
 881r 6.7179321e+00 5.31e-05 4.51e-01  -4.1 4.15e-02    -  1.00e+00 1.00e+00h  1
 882r 6.7300013e+00 3.10e-05 4.63e-01  -4.0 3.46e-02    -  1.00e+00 1.00e+00h  1
 883r 6.7197123e+00 4.72e-05 3.59e-01  -4.1 4.00e-02    -  1.00e+00 1.00e+00h  1
 884r 6.7187230e+00 4.39e-05 4.13e-01  -4.1 4.30e-02    -  1.00e+00 1.00e+00h  1
 885r 6.7203722e+00 1.34e-05 6.64e-02  -4.1 2.49e-02    -  1.00e+00 1.00e+00h  1
 886r 6.7209065e+00 3.34e-07 3.33e-02  -4.1 2.81e-03    -  1.00e+00 1.00e+00h  1
 887r 6.7212679e+00 6.80e-07 7.31e-02  -4.1 3.57e-03    -  1.00e+00 1.00e+00h  1
 888r 6.7213187e+00 7.54e-07 5.07e-02  -4.1 5.22e-03    -  1.00e+00 1.00e+00h  1
 889r 6.7209788e+00 1.15e-07 1.79e-02  -4.1 1.92e-03    -  1.00e+00 1.00e+00h  1
iter    objective    inf_pr   inf_du lg(mu)  ||d||  lg(rg) alpha_du alpha_pr  ls
 890r 6.7208884e+00 7.63e-08 1.27e-02  -4.1 1.34e-03    -  1.00e+00 1.00e+00h  1
 891r 6.7208978e+00 5.51e-08 4.58e-03  -4.1 4.49e-04    -  1.00e+00 1.00e+00h  1
 892r 6.7208690e+00 3.00e-08 4.17e-03  -4.1 3.55e-04    -  1.00e+00 1.00e+00h  1
 893r 6.6914266e+00 2.48e-04 2.79e+00  -6.1 9.54e-02    -  8.97e-01 9.70e-01f  1
 894r 6.9991362e+00 2.84e-02 4.97e+00  -4.0 9.33e-01    -  1.00e+00 1.00e+00f  1
 895r 6.8946321e+00 1.11e-02 5.40e+00  -4.1 4.53e-01    -  1.00e+00 7.27e-01h  1
 896r 6.8410142e+00 1.98e-03 9.69e-01  -4.1 3.12e-01    -  1.00e+00 1.00e+00h  1
 897r 6.7071157e+00 2.99e-03 7.43e-01  -4.1 3.88e-01    -  1.00e+00 1.00e+00h  1
 898r 6.7199002e+00 1.23e-03 8.46e+00  -4.1 1.98e-01    -  1.00e+00 5.91e-01h  1
 899r 6.7227560e+00 5.91e-04 8.91e-01  -4.1 1.38e-01    -  1.00e+00 1.00e+00h  1
iter    objective    inf_pr   inf_du lg(mu)  ||d||  lg(rg) alpha_du alpha_pr  ls
 900r 6.7199989e+00 2.27e-04 6.22e-01  -4.1 9.01e-02    -  1.00e+00 1.00e+00h  1
 901r 6.7223793e+00 6.86e-05 7.00e-01  -4.1 6.08e-02    -  1.00e+00 1.00e+00h  1
 902r 6.7244363e+00 8.43e-06 3.19e-01  -4.1 2.06e-02    -  1.00e+00 1.00e+00h  1
 903r 6.7228141e+00 1.08e-05 2.13e-01  -4.1 1.94e-02    -  1.00e+00 1.00e+00h  1
 904r 6.7209909e+00 2.38e-05 2.57e-01  -4.1 2.42e-02    -  1.00e+00 1.00e+00h  1
 905r 6.7209790e+00 3.83e-06 9.56e-02  -4.1 1.04e-02    -  1.00e+00 1.00e+00h  1
 906r 6.7216151e+00 2.88e-06 9.01e-02  -4.1 8.13e-03    -  1.00e+00 1.00e+00h  1
 907r 6.7215619e+00 6.26e-07 6.75e-02  -4.1 5.15e-03    -  1.00e+00 1.00e+00h  1
 908r 6.7213363e+00 3.48e-07 1.77e-02  -4.1 2.20e-03    -  1.00e+00 1.00e+00h  1
 909r 6.7213078e+00 2.86e-08 7.62e-03  -4.1 7.15e-04    -  1.00e+00 1.00e+00h  1
iter    objective    inf_pr   inf_du lg(mu)  ||d||  lg(rg) alpha_du alpha_pr  ls
 910r 6.7212526e+00 3.91e-09 5.67e-03  -4.1 4.69e-04    -  1.00e+00 1.00e+00H  1
 911r 6.7212055e+00 6.80e-08 4.45e-03  -4.1 3.85e-04    -  1.00e+00 1.00e+00h  1
 912r 6.6966307e+00 2.65e-04 3.45e-01  -6.1 1.00e-01    -  9.61e-01 9.67e-01f  1
 913r 7.0328085e+00 2.61e-02 5.63e+00  -4.0 1.00e+00    -  1.00e+00 1.00e+00f  1
 914r 6.8982118e+00 9.85e-03 2.90e+00  -4.1 5.52e-01    -  1.00e+00 9.30e-01h  1
 915r 6.8617718e+00 2.62e-03 1.08e+00  -4.1 3.30e-01    -  1.00e+00 8.62e-01h  1
 916r 6.7849983e+00 2.81e-03 1.01e+00  -4.1 3.01e-01    -  1.00e+00 1.00e+00h  1
 917r 6.7227963e+00 1.55e-03 2.50e-01  -4.1 2.44e-01    -  1.00e+00 1.00e+00h  1
 918r 6.7206628e+00 4.24e-04 1.11e+00  -4.1 1.34e-01    -  1.00e+00 8.84e-01h  1
 919r 6.7216742e+00 3.30e-04 1.46e+00  -4.1 1.37e-01    -  1.00e+00 1.00e+00h  1
iter    objective    inf_pr   inf_du lg(mu)  ||d||  lg(rg) alpha_du alpha_pr  ls
 920r 6.7204046e+00 6.25e-05 4.56e-01  -4.1 4.87e-02    -  1.00e+00 1.00e+00h  1
 921r 6.7208877e+00 7.81e-06 1.94e-01  -4.1 1.81e-02    -  1.00e+00 1.00e+00h  1
 922r 6.7239830e+00 6.95e-06 2.29e-01  -4.1 2.03e-02    -  1.00e+00 1.00e+00h  1
 923r 6.7250277e+00 6.89e-06 1.46e-01  -4.1 1.41e-02    -  1.00e+00 1.00e+00h  1
 924r 6.7240283e+00 2.63e-06 1.23e-01  -4.1 1.02e-02    -  1.00e+00 1.00e+00h  1
 925r 6.7231909e+00 1.91e-06 1.04e-01  -4.1 1.08e-02    -  1.00e+00 1.00e+00h  1
 926r 6.7224228e+00 7.72e-07 2.80e-02  -4.1 7.01e-03    -  1.00e+00 1.00e+00h  1
 927r 6.7220003e+00 4.52e-07 2.48e-02  -4.1 4.01e-03    -  1.00e+00 1.00e+00h  1
 928r 6.7213781e+00 3.94e-07 5.63e-02  -4.1 4.04e-03    -  1.00e+00 1.00e+00h  1
 929r 6.7214945e+00 2.12e-07 1.35e-02  -4.1 2.13e-03    -  1.00e+00 1.00e+00h  1
iter    objective    inf_pr   inf_du lg(mu)  ||d||  lg(rg) alpha_du alpha_pr  ls
 930r 6.7213973e+00 4.77e-08 3.89e-03  -4.1 7.57e-04    -  1.00e+00 1.00e+00h  1
 931r 6.6765848e+00 6.84e-04 2.46e+00  -6.1 2.05e-01    -  9.07e-01 9.68e-01f  1
 932r 6.6676519e+00 7.39e-05 5.23e-01  -6.1 5.45e-02    -  9.50e-01 1.00e+00h  1
 933r 7.0318187e+00 3.44e-02 3.03e+01  -4.0 2.46e+00    -  1.00e+00 4.30e-01f  1
 934r 6.8658440e+00 9.17e-03 1.39e+00  -4.3 5.35e-01    -  1.00e+00 1.00e+00h  1
 935r 6.8008858e+00 6.66e-03 1.02e+00  -4.3 9.63e-01    -  3.78e-01 5.16e-01h  1
 936r 6.7567397e+00 1.05e-03 6.88e+00  -4.3 2.23e-01    -  2.24e-01 1.00e+00h  1
 937r 6.6900803e+00 1.87e-03 2.01e-01  -4.3 2.83e-01    -  1.00e+00 1.00e+00h  1
 938r 6.6901766e+00 4.91e-04 1.66e+00  -4.3 1.23e-01    -  1.00e+00 7.18e-01h  1
 939r 6.7025417e+00 2.48e-04 5.52e-01  -4.3 1.06e-01    -  1.00e+00 1.00e+00f  1
iter    objective    inf_pr   inf_du lg(mu)  ||d||  lg(rg) alpha_du alpha_pr  ls
 940r 6.7030132e+00 7.36e-05 2.69e-01  -4.3 4.38e-02    -  1.00e+00 1.00e+00h  1
 941r 6.7452363e+00 3.78e-04 1.71e+00  -4.0 1.27e-01    -  1.00e+00 1.00e+00f  1
 942r 6.7282751e+00 1.21e-04 5.31e-01  -4.1 6.64e-02    -  1.00e+00 1.00e+00h  1
 943r 6.7215040e+00 5.38e-05 4.52e-01  -4.1 4.97e-02    -  1.00e+00 1.00e+00h  1
 944r 6.7219854e+00 1.08e-05 1.75e-01  -4.1 2.14e-02    -  1.00e+00 1.00e+00h  1
 945r 6.7221021e+00 1.95e-06 9.08e-02  -4.1 9.25e-03    -  1.00e+00 1.00e+00h  1
 946r 6.7210844e+00 2.35e-06 7.88e-02  -4.1 9.76e-03    -  1.00e+00 1.00e+00h  1
 947r 6.7203031e+00 5.83e-06 1.83e-01  -4.1 1.37e-02    -  1.00e+00 1.00e+00h  1
 948r 6.7206176e+00 1.98e-06 6.38e-02  -4.1 8.95e-03    -  1.00e+00 1.00e+00h  1
 949r 6.7207419e+00 2.78e-07 2.20e-02  -4.1 2.89e-03    -  1.00e+00 1.00e+00h  1
iter    objective    inf_pr   inf_du lg(mu)  ||d||  lg(rg) alpha_du alpha_pr  ls
 950r 6.7207795e+00 1.01e-07 6.80e-03  -4.1 6.67e-04    -  1.00e+00 1.00e+00h  1
 951r 6.7208309e+00 3.55e-08 6.75e-03  -4.1 6.79e-04    -  1.00e+00 1.00e+00h  1
 952r 6.7208687e+00 7.25e-08 6.37e-03  -4.1 7.81e-04    -  1.00e+00 1.00e+00h  1
 953r 6.7209040e+00 1.97e-08 7.95e-03  -4.1 7.01e-04    -  1.00e+00 1.00e+00h  1
 954r 6.7208794e+00 2.82e-08 2.25e-03  -4.1 5.35e-04    -  1.00e+00 1.00e+00h  1
 955r 6.7032234e+00 1.38e-04 3.10e+00  -6.1 6.95e-02    -  8.94e-01 9.63e-01f  1
 956r 6.6855974e+00 5.78e-05 2.48e-02  -6.1 5.05e-02    -  1.00e+00 1.00e+00h  1
 957r 7.0000196e+00 2.39e-02 4.05e+01  -4.0 2.56e+00    -  1.00e+00 3.48e-01f  1
 958r 6.8447518e+00 1.36e-02 6.26e+00  -4.4 7.31e-01    -  8.76e-01 1.00e+00h  1
 959r 6.8084776e+00 2.85e-03 3.96e+00  -4.4 3.12e-01    -  5.85e-01 1.00e+00h  1
iter    objective    inf_pr   inf_du lg(mu)  ||d||  lg(rg) alpha_du alpha_pr  ls
 960r 6.7480808e+00 1.40e-03 6.89e-01  -4.4 2.55e-01    -  1.00e+00 1.00e+00h  1
 961r 6.7014447e+00 1.07e-03 1.86e-01  -4.4 2.21e-01    -  1.00e+00 1.00e+00h  1
 962r 6.6953742e+00 4.28e-04 2.26e+00  -4.4 9.75e-02    -  1.00e+00 6.94e-01h  1
 963r 6.6940408e+00 1.24e-04 5.13e-01  -4.4 7.00e-02    -  1.00e+00 1.00e+00h  1
 964r 6.7020832e+00 3.24e-05 2.55e-01  -4.4 3.75e-02    -  1.00e+00 1.00e+00h  1
 965r 6.7808873e+00 1.12e-03 2.14e+00  -4.0 2.17e-01    -  1.00e+00 1.00e+00f  1
 966r 6.7445011e+00 3.71e-04 7.71e-01  -4.1 1.36e-01    -  1.00e+00 1.00e+00h  1
 967r 6.7121978e+00 2.83e-04 7.78e-01  -4.1 1.46e-01    -  1.00e+00 1.00e+00h  1
 968r 6.7113223e+00 2.42e-04 6.73e-01  -4.1 1.03e-01    -  1.00e+00 1.00e+00h  1
 969r 6.7221323e+00 6.22e-05 3.02e-01  -4.1 4.64e-02    -  1.00e+00 1.00e+00h  1
iter    objective    inf_pr   inf_du lg(mu)  ||d||  lg(rg) alpha_du alpha_pr  ls
 970r 6.7192345e+00 1.04e-05 2.35e-01  -4.1 1.80e-02    -  1.00e+00 1.00e+00h  1
 971r 6.7205953e+00 2.63e-06 7.52e-02  -4.1 1.10e-02    -  1.00e+00 1.00e+00h  1
 972r 6.7216193e+00 5.14e-07 4.91e-02  -4.1 4.24e-03    -  1.00e+00 1.00e+00h  1
 973r 6.7211082e+00 3.20e-07 3.11e-02  -4.1 2.60e-03    -  1.00e+00 1.00e+00h  1
 974r 6.7208296e+00 1.75e-07 2.15e-02  -4.1 2.06e-03    -  1.00e+00 1.00e+00h  1
 975r 6.7209091e+00 3.34e-08 8.18e-03  -4.1 9.99e-04    -  1.00e+00 1.00e+00h  1
 976r 6.7209272e+00 3.99e-08 4.57e-03  -4.1 5.53e-04    -  1.00e+00 1.00e+00h  1
 977r 6.6695253e+00 5.24e-04 1.07e+00  -6.1 1.58e-01    -  9.36e-01 9.87e-01f  1
 978r 6.6662158e+00 2.12e-05 8.14e-01  -6.1 3.03e-02    -  9.68e-01 1.00e+00h  1
 979r 6.8061188e+00 4.74e-03 3.41e+01  -4.0 2.84e+00    -  1.00e+00 1.39e-01f  1
iter    objective    inf_pr   inf_du lg(mu)  ||d||  lg(rg) alpha_du alpha_pr  ls
 980r 6.7379832e+00 1.35e-03 5.28e-01  -4.6 2.17e-01    -  1.00e+00 1.00e+00h  1
 981r 6.7075481e+00 5.83e-04 4.24e-01  -4.6 1.76e-01    -  1.00e+00 1.00e+00h  1
 982r 6.6842661e+00 2.23e-04 2.99e-01  -4.6 1.39e-01    -  1.00e+00 1.00e+00h  1
 983r 6.6870709e+00 1.24e-04 2.20e-01  -4.6 6.75e-02    -  1.00e+00 1.00e+00h  1
 984r 6.6879872e+00 4.30e-05 1.12e-01  -4.6 4.14e-02    -  1.00e+00 1.00e+00h  1
 985r 6.6926743e+00 1.21e-05 6.54e-02  -4.6 2.22e-02    -  1.00e+00 1.00e+00h  1
 986r 6.8108230e+00 2.82e-03 2.78e+00  -4.0 3.19e-01    -  1.00e+00 1.00e+00f  1
 987r 6.7554053e+00 7.51e-04 1.15e+00  -4.1 1.91e-01    -  1.00e+00 1.00e+00h  1
 988r 6.6936415e+00 1.79e-03 1.91e+00  -4.1 2.70e-01    -  1.00e+00 1.00e+00h  1
 989r 6.7078211e+00 4.77e-04 3.14e-01  -4.1 1.47e-01    -  1.00e+00 1.00e+00h  1
iter    objective    inf_pr   inf_du lg(mu)  ||d||  lg(rg) alpha_du alpha_pr  ls
 990r 6.7170486e+00 2.30e-04 6.82e-01  -4.1 9.17e-02    -  1.00e+00 1.00e+00h  1
 991r 6.7187108e+00 7.77e-05 3.82e-01  -4.1 4.69e-02    -  1.00e+00 1.00e+00h  1
 992r 6.7207246e+00 1.69e-05 2.59e-01  -4.1 2.44e-02    -  1.00e+00 1.00e+00h  1
 993r 6.7220586e+00 2.16e-06 1.14e-01  -4.1 9.85e-03    -  1.00e+00 1.00e+00h  1
 994r 6.7218867e+00 3.11e-06 8.10e-02  -4.1 8.99e-03    -  1.00e+00 1.00e+00h  1
 995r 6.7213917e+00 3.84e-06 1.07e-01  -4.1 1.11e-02    -  1.00e+00 1.00e+00h  1
 996r 6.7213426e+00 7.54e-07 3.45e-02  -4.1 5.52e-03    -  1.00e+00 1.00e+00h  1
 997r 6.7212806e+00 1.44e-07 1.28e-02  -4.1 1.85e-03    -  1.00e+00 1.00e+00h  1
 998r 6.7212469e+00 3.83e-08 8.14e-03  -4.1 8.82e-04    -  1.00e+00 1.00e+00h  1
 999r 6.7211695e+00 7.72e-08 9.75e-03  -4.1 1.07e-03    -  1.00e+00 1.00e+00h  1
iter    objective    inf_pr   inf_du lg(mu)  ||d||  lg(rg) alpha_du alpha_pr  ls
1000r 6.7211393e+00 2.81e-08 8.26e-03  -4.1 6.16e-04    -  1.00e+00 1.00e+00h  1

Number of Iterations....: 1000

                                   (scaled)                 (unscaled)
Objective...............:   6.7211392809369448e+00    6.7211392809369448e+00
Dual infeasibility......:   4.5708210985519492e-02    4.5708210985519492e-02
Constraint violation....:   2.8060929579964977e-08    2.8060929579964977e-08
Variable bound violation:   0.0000000000000000e+00    0.0000000000000000e+00
Complementarity.........:   8.0657747396007575e-05    8.0657747396007575e-05
Overall NLP error.......:   4.5708210985519492e-02    4.5708210985519492e-02


Number of objective function evaluations             = 1272
Number of objective gradient evaluations             = 794
Number of equality constraint evaluations            = 1272
Number of inequality constraint evaluations          = 1272
Number of equality constraint Jacobian evaluations   = 1002
Number of inequality constraint Jacobian evaluations = 1002
Number of Lagrangian Hessian evaluations             = 0
Total seconds in IPOPT                               = 3040.430

EXIT: Maximum Number of Iterations Exceeded.
