This is Ipopt version 3.14.19, running with linear solver MUMPS 5.8.2.

Number of nonzeros in equality constraint Jacobian...:  1215565
Number of nonzeros in inequality constraint Jacobian.:     5312
Number of nonzeros in Lagrangian Hessian.............:        0

Total number of variables............................:     3879
                     variables with only lower bounds:        0
                variables with lower and upper bounds:      824
                     variables with only upper bounds:        0
Total number of equality constraints.................:     3726
Total number of inequality constraints...............:      553
        inequality constraints with only lower bounds:        0
   inequality constraints with lower and upper bounds:        0
        inequality constraints with only upper bounds:      553

iter    objective    inf_pr   inf_du lg(mu)  ||d||  lg(rg) alpha_du alpha_pr  ls
   0  1.0497457e-03 4.15e+00 1.00e+00   0.0 0.00e+00    -  0.00e+00 0.00e+00   0
   1  1.2379784e-03 4.13e+00 1.56e+01  -0.3 1.69e+01    -  2.02e-02 4.27e-03h  1
   2  8.0297908e-03 4.07e+00 6.11e+01  -0.5 5.80e+01    -  2.01e-01 1.48e-02f  1
   3  8.4547184e-01 3.77e+00 7.24e+01  -0.7 6.13e+01    -  8.99e-02 1.50e-01f  1
   4  3.9358240e+00 3.07e+00 1.32e+02  -0.4 5.23e+01    -  3.12e-01 2.70e-01f  1
   5  3.9982346e+00 3.02e+00 6.90e+03   0.6 2.76e+01    -  1.00e+00 1.65e-02h  1
   6  4.4117103e+00 2.88e+00 1.33e+04   1.9 3.43e+01    -  6.32e-01 6.51e-02h  1
   7  7.9377574e+00 2.47e+00 2.85e+04   2.0 3.83e+01    -  9.52e-01 3.17e-01h  1
   8  1.6227515e+01 1.18e+00 5.96e+04   2.0 2.54e+01    -  9.16e-01 7.16e-01h  1
   9  1.7444256e+01 7.66e-01 4.24e+04   1.8 1.47e+01    -  1.00e+00 3.58e-01h  1
iter    objective    inf_pr   inf_du lg(mu)  ||d||  lg(rg) alpha_du alpha_pr  ls
  10  1.9421054e+01 6.48e-01 3.39e+04   1.4 1.51e+01    -  1.00e+00 6.83e-01h  1
  11  2.0725300e+01 9.95e-01 4.46e+04   1.6 1.47e+01    -  9.90e-01 6.57e-01f  1
  12  1.9965536e+01 3.14e-01 2.12e+04   1.5 8.95e+00    -  7.49e-01 1.00e+00f  1
  13  1.9515838e+01 2.32e-01 1.75e+04   0.0 5.64e+00    -  5.34e-01 1.00e+00h  1
  14  1.9580848e+01 2.17e-01 1.26e+04   1.2 5.17e+00    -  1.00e+00 1.00e+00f  1
  15  1.9421263e+01 5.85e-02 5.56e+03   0.7 2.72e+00    -  1.00e+00 1.00e+00h  1
  16  1.9463764e+01 3.73e-02 1.19e+04   0.5 2.33e+00    -  8.34e-01 9.15e-01H  1
  17  1.9746631e+01 9.75e-02 1.86e+04   0.8 3.02e+00    -  1.00e+00 1.00e+00f  1
  18  1.9713145e+01 9.31e-02 9.72e+03   0.7 2.55e+00    -  1.00e+00 1.00e+00f  1
  19  1.9650752e+01 1.66e-02 3.26e+03   0.4 1.03e+00    -  1.00e+00 1.00e+00h  1
iter    objective    inf_pr   inf_du lg(mu)  ||d||  lg(rg) alpha_du alpha_pr  ls
  20  1.9699202e+01 6.43e-03 7.71e+03   0.1 1.56e+00    -  9.62e-01 1.00e+00H  1
  21  1.9827179e+01 1.85e-03 1.14e+04  -0.2 1.59e+00    -  9.30e-01 1.00e+00H  1
  22  1.9838519e+01 1.47e-03 1.02e+04  -0.6 2.23e+00    -  1.00e+00 1.25e-01h  4
  23  1.9939766e+01 2.25e-04 1.50e+03  -0.9 6.37e-01    -  1.00e+00 1.00e+00H  1
  24  1.9950684e+01 1.53e-04 1.50e+03  -1.0 7.73e-01    -  1.00e+00 1.25e-01h  4
  25  1.9957097e+01 1.35e-04 1.60e+03  -1.3 8.37e-01    -  1.00e+00 6.25e-02h  5
  26  1.9961358e+01 1.30e-04 4.14e+03  -1.5 1.98e+00    -  1.00e+00 1.45e-02h  7
  27  1.9965903e+01 1.26e-04 4.79e+03  -1.2 2.20e+00    -  1.00e+00 1.38e-02h  7
  28  2.0029787e+01 2.44e-03 1.34e+03  -0.9 9.73e-01    -  1.00e+00 4.29e-01f  2
  29  2.0224816e+01 8.96e-04 4.11e+03  -1.0 1.38e+00    -  1.00e+00 1.00e+00H  1
iter    objective    inf_pr   inf_du lg(mu)  ||d||  lg(rg) alpha_du alpha_pr  ls
  30  2.0073124e+01 5.56e-04 1.61e+03  -1.0 9.23e-01    -  1.00e+00 1.00e+00F  1
  31  2.0033364e+01 7.25e-03 3.11e+03  -1.0 1.28e+00    -  1.00e+00 3.72e-01h  2
  32  2.0059031e+01 5.06e-03 2.58e+02  -1.0 3.19e-01    -  1.00e+00 1.00e+00h  1
  33  2.0089151e+01 1.51e-03 8.34e+02  -1.0 2.60e-01    -  1.00e+00 1.00e+00h  1
  34  2.0064266e+01 5.48e-04 5.08e+02  -1.0 1.87e-01    -  1.00e+00 1.00e+00h  1
  35  2.0049642e+01 2.06e-04 3.97e+02  -1.0 1.14e-01    -  1.00e+00 1.00e+00h  1
  36  2.0061783e+01 7.95e-05 1.23e+02  -2.1 7.51e-02    -  1.00e+00 1.00e+00h  1
  37  2.0069206e+01 4.02e-05 3.22e+02  -2.9 1.11e-01    -  1.00e+00 1.00e+00H  1
  38  2.0044428e+01 2.86e-04 1.54e+04  -2.0 1.65e-01    -  2.16e-01 1.00e+00H  1
  39  2.0030126e+01 1.11e-04 1.10e+04  -2.6 9.29e-02    -  2.16e-01 1.00e+00h  1
iter    objective    inf_pr   inf_du lg(mu)  ||d||  lg(rg) alpha_du alpha_pr  ls
  40  2.0030368e+01 3.44e-05 9.48e+03  -2.6 5.15e-02    -  1.93e-01 1.00e+00h  1
  41  2.0021687e+01 1.11e-04 9.08e+01  -3.1 2.74e-02    -  1.00e+00 1.00e+00h  1
  42  1.9979184e+01 2.01e-03 8.83e+02  -3.2 1.27e-01    -  1.00e+00 6.87e-01h  1
  43  1.9889940e+01 7.68e-03 1.77e+03  -3.3 8.69e-01    -  5.55e-01 2.22e-01h  1
  44  1.9828098e+01 8.05e-03 2.68e+03  -3.3 6.96e-01    -  1.00e+00 1.80e-01h  1
  45  1.9709134e+01 1.06e-02 2.40e+03  -3.3 1.04e+00    -  6.78e-01 2.88e-01h  1
  46  1.9639636e+01 8.36e-03 1.36e+03  -3.3 5.80e-01    -  2.65e-01 4.36e-01h  1
  47  1.9654100e+01 3.60e-03 2.30e+02  -2.8 1.79e-01    -  1.00e+00 1.00e+00f  1
  48  1.9581159e+01 1.60e-03 6.02e+02  -3.1 1.85e-01    -  1.00e+00 7.51e-01h  1
  49  1.9414319e+01 4.27e-03 9.55e+02  -3.1 1.59e+00    -  6.62e-01 2.09e-01h  1
iter    objective    inf_pr   inf_du lg(mu)  ||d||  lg(rg) alpha_du alpha_pr  ls
  50  1.8930205e+01 5.85e-02 6.33e+02  -2.2 7.69e+00    -  2.27e-01 1.43e-01f  1
  51  1.8382290e+01 5.25e-02 9.83e+02  -2.2 1.80e+01    -  2.57e-01 6.64e-02f  1
  52  1.7546093e+01 9.60e-02 1.88e+03  -2.0 1.02e+01    -  3.99e-01 2.12e-01f  1
  53  1.6289560e+01 2.14e-01 2.31e+03  -2.2 1.24e+01    -  4.51e-01 2.64e-01h  1
  54  1.5123087e+01 3.86e-01 2.65e+03  -1.7 1.36e+01    -  7.06e-01 2.70e-01h  1
  55  1.4086526e+01 1.66e-01 3.94e+02  -1.8 3.15e+00    -  6.48e-01 1.00e+00h  1
  56  1.4825442e+01 2.40e-01 6.43e+01  -1.3 6.01e+00    -  1.00e+00 5.68e-01h  1
  57  1.4201444e+01 2.09e-01 1.15e+02  -1.4 4.14e+00    -  1.00e+00 1.00e+00h  1
  58  1.4262225e+01 1.69e-01 8.44e+01  -1.4 3.03e+00    -  9.28e-01 1.00e+00h  1
  59  1.4144433e+01 7.37e-02 8.52e+01  -1.8 2.91e+00    -  8.53e-01 6.66e-01H  1
iter    objective    inf_pr   inf_du lg(mu)  ||d||  lg(rg) alpha_du alpha_pr  ls
  60  1.5916656e+01 4.83e-01 1.55e+02  -1.2 5.68e+00    -  9.56e-01 1.00e+00f  1
  61  1.4963290e+01 1.90e-01 9.38e+01  -1.3 3.04e+00    -  1.00e+00 1.00e+00h  1
  62  1.4321135e+01 1.89e-01 6.06e+01  -1.3 4.93e+00    -  1.00e+00 8.83e-01h  1
  63  1.4263448e+01 9.93e-02 4.39e+01  -1.3 3.04e+00    -  1.00e+00 1.00e+00h  1
  64  1.5293174e+01 1.77e-01 1.10e+02  -1.0 3.76e+00    -  1.00e+00 1.00e+00h  1
  65  1.4894718e+01 7.68e-02 6.20e+01  -1.1 2.45e+00    -  1.00e+00 1.00e+00h  1
  66  1.4593148e+01 6.12e-02 7.18e+01  -1.3 2.45e+00    -  1.00e+00 8.48e-01h  1
  67  1.4527519e+01 3.28e-02 8.70e+01  -1.4 1.85e+00    -  1.00e+00 4.96e-01h  1
  68  1.4240814e+01 1.25e-01 9.59e+01  -1.4 2.96e+00    -  9.99e-01 1.00e+00h  1
  69  1.3035179e+01 2.29e-01 1.46e+02  -1.5 4.95e+00    -  1.00e+00 1.00e+00h  1
iter    objective    inf_pr   inf_du lg(mu)  ||d||  lg(rg) alpha_du alpha_pr  ls
  70  1.2702379e+01 2.49e-01 1.53e+02  -1.2 4.25e+00    -  1.00e+00 1.00e+00h  1
  71  1.2352986e+01 9.74e-02 3.88e+01  -1.9 2.80e+00    -  1.00e+00 1.00e+00h  1
  72  1.1010001e+01 2.65e-01 3.78e+01  -2.1 4.71e+00    -  1.00e+00 1.00e+00h  1
  73  9.8873443e+00 2.70e-01 4.06e+01  -1.8 1.17e+01    -  1.00e+00 4.82e-01h  1
  74  9.0062954e+00 3.00e-01 5.65e+01  -2.0 6.16e+00    -  1.00e+00 7.34e-01h  1
  75  1.0094556e+01 4.71e-01 3.43e+01  -1.5 5.48e+00    -  1.00e+00 1.00e+00h  1
  76  9.6692153e+00 1.73e-01 2.01e+01  -1.6 4.20e+00    -  1.00e+00 7.13e-01h  1
  77  1.0879670e+01 3.97e-01 9.30e+01  -1.4 5.97e+00    -  1.00e+00 1.00e+00h  1
  78  1.0187290e+01 1.48e-01 2.22e+01  -1.5 3.72e+00    -  1.00e+00 1.00e+00h  1
  79  1.1136001e+01 3.29e-01 3.05e+01  -1.2 5.39e+00    -  1.00e+00 9.43e-01h  1
iter    objective    inf_pr   inf_du lg(mu)  ||d||  lg(rg) alpha_du alpha_pr  ls
  80  1.0622885e+01 1.88e-01 7.47e+00  -1.3 3.37e+00    -  1.00e+00 1.00e+00h  1
  81  1.0361554e+01 8.57e-02 4.15e+01  -1.6 3.00e+00    -  8.56e-01 6.21e-01H  1
  82  1.2066570e+01 2.96e-01 7.41e+01  -1.2 5.16e+00    -  1.00e+00 1.00e+00f  1
  83  1.1953808e+01 8.43e-02 3.95e+01  -1.3 2.75e+00    -  1.00e+00 1.00e+00h  1
  84  1.1622741e+01 4.93e-02 2.35e+01  -1.3 1.76e+00    -  1.00e+00 1.00e+00h  1
  85  1.1776384e+01 9.57e-02 5.41e+01  -1.3 2.49e+00    -  9.48e-01 1.00e+00h  1
  86  1.1629022e+01 4.52e-02 3.63e+01  -1.6 1.77e+00    -  1.00e+00 1.00e+00h  1
  87  1.2006353e+01 3.02e-02 9.10e+01  -1.9 1.66e+00    -  5.55e-01 5.76e-01H  1
  88  1.1708026e+01 1.87e-02 8.03e+01  -2.2 1.95e+00    -  1.00e+00 5.18e-01h  1
  89  1.0756362e+01 9.45e-02 1.79e+02  -2.3 3.12e+00    -  4.08e-01 1.00e+00h  1
iter    objective    inf_pr   inf_du lg(mu)  ||d||  lg(rg) alpha_du alpha_pr  ls
  90  1.0441280e+01 7.84e-02 2.10e+02  -2.3 8.43e+00    -  8.90e-01 1.21e-01h  1
  91  9.4685208e+00 2.87e-01 2.21e+02  -2.3 4.11e+00    -  4.85e-01 1.00e+00h  1
  92  9.3531157e+00 1.51e-01 1.92e+02  -2.0 4.26e+00    -  1.00e+00 4.59e-01h  1
  93  9.4247854e+00 4.10e-02 7.13e+01  -2.1 1.23e+00    -  1.00e+00 9.91e-01h  1
  94  9.1761527e+00 2.54e-02 4.17e+01  -2.6 1.51e+00    -  1.00e+00 9.83e-01h  1
  95  8.9497612e+00 2.58e-02 6.82e+01  -2.3 3.82e+00    -  1.00e+00 1.92e-01h  1
  96  7.9556952e+00 3.51e-01 1.50e+02  -2.1 1.24e+01    -  8.18e-01 3.91e-01h  1
  97  7.5565502e+00 1.53e-01 5.59e+01  -2.3 2.92e+00    -  1.00e+00 1.00e+00h  1
  98  7.4919054e+00 1.11e-01 4.65e+01  -2.5 1.64e+00    -  1.00e+00 3.00e-01h  1
  99  8.0009863e+00 6.60e-02 1.76e+01  -1.9 2.68e+00    -  7.87e-01 6.18e-01h  1
iter    objective    inf_pr   inf_du lg(mu)  ||d||  lg(rg) alpha_du alpha_pr  ls
 100  7.9981174e+00 3.98e-02 3.64e+01  -2.0 2.36e+00    -  1.00e+00 4.01e-01h  1
 101  8.0097868e+00 3.15e-02 3.44e+01  -2.0 1.08e+00    -  1.94e-01 2.32e-01h  1
 102  8.0753385e+00 1.88e-02 3.34e+02  -2.2 1.15e+00    -  1.00e+00 3.94e-01h  1
 103  1.0146367e+01 5.21e-01 3.12e+02  -1.4 9.14e+00    -  7.32e-01 5.90e-01f  1
 104  1.0097768e+01 5.09e-02 1.59e+02  -1.6 2.63e+00    -  1.00e+00 1.00e+00h  1
 105  9.8631925e+00 5.51e-02 6.44e+01  -1.6 1.71e+00    -  1.00e+00 1.00e+00h  1
 106  9.8691970e+00 3.36e-02 2.51e+01  -1.6 1.44e+00    -  1.00e+00 1.00e+00h  1
 107  9.9379626e+00 4.14e-02 1.67e+01  -1.6 1.52e+00    -  1.00e+00 1.00e+00h  1
 108  9.5935499e+00 3.18e-02 4.34e+01  -1.9 1.35e+00    -  1.00e+00 1.00e+00h  1
 109  8.8944877e+00 9.95e-02 1.03e+02  -2.0 2.35e+00    -  6.38e-01 1.00e+00h  1
iter    objective    inf_pr   inf_du lg(mu)  ||d||  lg(rg) alpha_du alpha_pr  ls
 110  8.4515791e+00 4.65e-02 1.19e+02  -2.0 1.66e+00    -  1.00e+00 1.00e+00h  1
 111  8.3930078e+00 2.98e-02 4.18e+01  -2.0 1.44e+00    -  1.00e+00 1.00e+00h  1
 112  8.1524981e+00 1.47e-02 3.47e+01  -2.6 1.44e+00    -  1.00e+00 6.22e-01h  1
 113  7.9062377e+00 3.15e-02 5.30e+01  -2.2 2.43e+00    -  1.00e+00 5.00e-01h  2
 114  7.6319432e+00 2.75e-02 7.32e+01  -2.6 2.26e+00    -  1.00e+00 5.02e-01h  1
 115  7.1596780e+00 9.26e-02 8.71e+01  -2.7 3.98e+00    -  1.00e+00 4.99e-01h  1
 116  7.5756792e+00 4.56e-02 3.08e+01  -2.2 1.63e+00    -  1.00e+00 1.00e+00h  1
 117  7.5193751e+00 2.54e-02 2.35e+01  -2.3 1.35e+00    -  4.78e-01 7.52e-01h  1
 118  7.3248288e+00 2.37e-02 1.83e+01  -2.4 1.29e+00    -  1.00e+00 8.06e-01h  1
 119  8.0418208e+00 1.16e-01 9.86e+01  -2.1 2.49e+00    -  1.00e+00 1.00e+00h  1
iter    objective    inf_pr   inf_du lg(mu)  ||d||  lg(rg) alpha_du alpha_pr  ls
 120  7.6567468e+00 7.27e-02 5.13e+01  -2.2 2.50e+00    -  9.91e-01 1.00e+00h  1
 121  7.6090091e+00 2.41e-02 5.30e+01  -2.2 1.26e+00    -  1.00e+00 6.73e-01h  1
 122  7.6425506e+00 4.25e-02 3.42e+01  -2.2 1.40e+00    -  7.38e-01 1.00e+00h  1
 123  7.4469623e+00 2.10e-02 2.90e+01  -2.7 1.47e+00    -  1.00e+00 5.37e-01h  1
 124  7.5065474e+00 1.81e-02 3.39e+01  -2.2 1.58e+00    -  1.00e+00 5.00e-01h  2
 125  7.2643426e+00 1.92e-02 4.92e+01  -2.6 1.26e+00    -  1.00e+00 7.69e-01h  1
 126  7.0661711e+00 2.35e-02 6.67e+01  -2.8 1.62e+00    -  1.00e+00 5.67e-01h  1
 127  6.9407268e+00 2.79e-02 8.63e+01  -3.0 1.14e+00    -  1.00e+00 7.09e-01h  1
 128  6.9689624e+00 1.48e-02 6.03e+01  -2.7 9.91e-01    -  4.82e-01 5.13e-01h  1
 129  6.9649708e+00 1.32e-02 4.09e+02  -3.0 6.11e-01    -  1.00e+00 1.10e-01h  1
iter    objective    inf_pr   inf_du lg(mu)  ||d||  lg(rg) alpha_du alpha_pr  ls
 130  6.9198402e+00 7.81e-03 8.35e+01  -3.0 8.85e-01    -  9.50e-01 4.69e-01h  1
 131  7.0705998e+00 4.59e-03 6.42e+01  -2.8 6.96e-01    -  6.82e-01 6.75e-01H  1
 132  6.9635876e+00 4.09e-03 4.81e+01  -3.0 6.05e-01    -  1.00e+00 7.15e-01h  1
 133  6.9132960e+00 3.85e-03 1.71e+02  -3.3 8.04e-01    -  1.00e+00 2.69e-01h  1
 134  6.8714750e+00 8.09e-03 6.41e+01  -3.1 6.31e-01    -  8.67e-01 7.63e-01h  1
 135  6.8664920e+00 4.90e-03 7.40e+01  -3.2 4.51e-01    -  1.00e+00 4.04e-01h  1
 136  7.0432935e+00 1.94e-02 5.86e+01  -2.6 7.90e-01    -  5.08e-01 8.83e-01h  1
 137  6.8328953e+00 5.42e-02 1.04e+02  -2.9 1.32e+00    -  7.48e-01 1.00e+00h  1
 138  6.7943103e+00 1.36e-02 3.74e+01  -2.9 6.17e-01    -  1.00e+00 1.00e+00h  1
 139  6.7672608e+00 1.09e-02 1.71e+02  -3.4 7.05e-01    -  1.00e+00 2.28e-01h  1
iter    objective    inf_pr   inf_du lg(mu)  ||d||  lg(rg) alpha_du alpha_pr  ls
 140  6.6709072e+00 1.22e-02 6.63e+01  -3.5 1.20e+00    -  1.00e+00 4.77e-01h  1
 141  6.6071391e+00 1.47e-02 1.06e+02  -3.2 3.58e+00    -  9.99e-01 1.59e-01h  1
 142  6.5910451e+00 1.23e-02 6.51e+01  -3.4 1.24e+00    -  7.46e-01 1.85e-01h  1
 143  6.5253492e+00 2.16e-02 7.01e+01  -3.1 2.66e+00    -  5.52e-01 3.29e-01h  1
 144  6.4905571e+00 2.07e-02 7.75e+01  -3.6 2.66e+00    -  1.34e-01 1.07e-01h  1
 145  6.5135157e+00 1.98e-02 8.15e+01  -3.0 1.65e+00    -  1.00e+00 5.15e-01h  1
 146  6.3846744e+00 8.21e-02 1.29e+02  -3.1 3.48e+00    -  2.78e-01 5.15e-01h  1
 147  6.3184977e+00 6.62e-02 1.21e+02  -4.0 1.98e+00    -  5.66e-01 2.49e-01h  1
 148  6.2780769e+00 5.03e-02 1.02e+02  -2.8 1.88e+00    -  8.63e-01 5.88e-01h  1
 149  6.2439591e+00 4.39e-02 9.53e+01  -2.9 3.24e+00    -  5.86e-01 1.37e-01h  1
iter    objective    inf_pr   inf_du lg(mu)  ||d||  lg(rg) alpha_du alpha_pr  ls
 150  6.2432693e+00 3.32e-02 8.52e+01  -3.1 5.19e-01    -  1.00e+00 2.46e-01h  1
 151  6.2908688e+00 1.67e-02 6.31e+01  -2.8 5.88e-01    -  6.83e-01 4.92e-01h  1
 152  6.3328009e+00 7.63e-03 3.66e+01  -3.0 5.22e-01    -  5.64e-01 5.41e-01h  1
 153  6.3334669e+00 4.45e-03 4.92e+01  -3.2 3.98e-01    -  1.00e+00 4.60e-01h  1
 154  6.3774443e+00 1.48e-02 1.03e+02  -2.8 8.96e-01    -  7.79e-01 9.98e-01h  1
 155  6.3476285e+00 9.20e-03 1.08e+02  -3.0 7.22e-01    -  8.87e-01 4.43e-01h  1
 156  6.3179283e+00 6.91e-03 7.16e+01  -3.0 6.31e-01    -  1.00e+00 8.07e-01h  1
 157  6.2094755e+00 2.70e-02 6.59e+01  -3.0 1.23e+00    -  7.15e-01 6.88e-01h  1
 158  6.3313468e+00 1.64e-02 4.11e+01  -2.7 7.64e-01    -  6.91e-01 1.00e+00h  1
 159  6.3184003e+00 5.91e-03 3.07e+01  -2.8 4.02e-01    -  1.00e+00 6.44e-01h  1
iter    objective    inf_pr   inf_du lg(mu)  ||d||  lg(rg) alpha_du alpha_pr  ls
 160  6.2480895e+00 6.83e-03 2.24e+01  -3.2 6.82e-01    -  1.00e+00 5.35e-01h  1
 161  6.1810250e+00 7.33e-03 5.28e+01  -3.5 1.07e+00    -  1.00e+00 3.70e-01h  1
 162  6.1980842e+00 1.52e-02 7.38e+01  -2.8 1.63e+00    -  1.00e+00 3.97e-01h  1
 163  6.1661398e+00 3.19e-03 5.50e+01  -2.9 3.23e-01    -  1.00e+00 1.00e+00h  1
 164  6.1505530e+00 2.67e-03 8.47e+01  -3.5 4.01e-01    -  1.00e+00 1.51e-01h  1
 165  6.1576036e+00 1.98e-03 3.41e+01  -2.9 5.37e-01    -  1.00e+00 3.99e-01h  1
 166  6.1278708e+00 2.49e-03 1.89e+01  -3.0 3.28e-01    -  8.54e-01 9.71e-01h  1
 167  6.2490978e+00 6.20e-03 1.90e+01  -2.7 4.88e-01    -  1.00e+00 1.00e+00h  1
 168  6.2346458e+00 2.80e-03 1.92e+01  -2.8 3.13e-01    -  1.00e+00 1.00e+00h  1
 169  6.1952041e+00 1.87e-03 2.10e+01  -2.8 3.17e-01    -  7.70e-01 1.00e+00h  1
iter    objective    inf_pr   inf_du lg(mu)  ||d||  lg(rg) alpha_du alpha_pr  ls
 170  6.1398259e+00 1.57e-03 3.17e+01  -3.2 3.67e-01    -  1.00e+00 6.27e-01h  1
 171  6.1710244e+00 1.15e-03 1.60e+01  -2.9 2.51e-01    -  1.00e+00 1.00e+00h  1
 172  6.1216012e+00 1.28e-03 2.91e+01  -3.3 3.13e-01    -  1.00e+00 5.55e-01h  1
 173  6.0900726e+00 1.14e-03 2.33e+02  -3.3 5.06e-01    -  1.00e+00 3.56e-01h  1
 174  6.0515239e+00 2.14e-03 1.95e+01  -3.4 2.27e-01    -  1.00e+00 1.00e+00h  1
 175  6.0709216e+00 9.24e-04 7.81e+01  -3.2 3.28e-01    -  1.00e+00 5.96e-01h  1
 176  6.0139768e+00 1.75e-03 2.07e+01  -3.6 2.48e-01    -  1.00e+00 1.00e+00h  1
 177  6.0311038e+00 1.36e-03 8.87e+01  -3.1 5.34e-01    -  7.04e-01 3.40e-01h  1
 178  5.9992197e+00 1.23e-03 2.10e+01  -3.6 1.98e-01    -  1.00e+00 1.00e+00h  1
 179  5.9751569e+00 1.01e-03 2.32e+01  -4.0 3.74e-01    -  3.99e-01 4.59e-01h  1
iter    objective    inf_pr   inf_du lg(mu)  ||d||  lg(rg) alpha_du alpha_pr  ls
 180  5.9915785e+00 1.03e-03 2.82e+01  -3.5 2.52e-01    -  1.00e+00 7.69e-01h  1
 181  5.9648401e+00 4.88e-04 2.42e+01  -4.0 1.93e-01    -  1.00e+00 7.11e-01h  1
 182  5.9602107e+00 4.59e-04 2.22e+01  -4.0 3.54e-01    -  6.29e-01 1.42e-01h  1
 183  5.9521756e+00 7.28e-04 2.39e+01  -4.0 3.58e-01    -  1.00e+00 4.04e-01h  1
 184  6.0056359e+00 6.12e-03 3.50e+01  -3.3 5.75e-01    -  6.38e-01 8.49e-01h  1
 185  5.9523232e+00 2.79e-03 2.30e+01  -3.5 4.31e-01    -  7.82e-01 9.76e-01h  1
 186  5.9505780e+00 1.61e-03 7.71e+01  -3.5 1.82e-01    -  1.00e+00 4.41e-01h  1
 187  5.9446851e+00 5.20e-04 9.31e+00  -3.8 1.60e-01    -  1.00e+00 8.94e-01h  1
 188  5.9377995e+00 3.52e-04 1.19e+01  -4.0 1.32e-01    -  1.00e+00 8.92e-01h  1
 189  5.9301014e+00 2.99e-03 3.12e+01  -4.0 4.80e-01    -  1.00e+00 7.60e-01h  1
iter    objective    inf_pr   inf_du lg(mu)  ||d||  lg(rg) alpha_du alpha_pr  ls
 190  5.9674583e+00 3.75e-03 2.80e+01  -3.5 3.56e-01    -  1.00e+00 1.00e+00h  1
 191  5.9600905e+00 2.55e-03 3.81e+01  -3.6 3.67e-01    -  7.18e-01 3.49e-01h  1
 192  5.9369094e+00 2.31e-03 1.73e+01  -3.6 3.76e-01    -  6.98e-01 7.96e-01h  1
 193  5.9185910e+00 1.17e-03 1.61e+01  -4.0 2.14e-01    -  1.00e+00 8.98e-01h  1
 194  5.9670300e+00 5.96e-03 3.10e+01  -3.4 4.63e-01    -  7.44e-01 1.00e+00h  1
 195  5.9422158e+00 3.02e-03 3.17e+01  -3.6 2.59e-01    -  1.00e+00 7.82e-01h  1
 196  5.9267254e+00 2.08e-03 8.87e+00  -3.6 3.18e-01    -  9.08e-01 1.00e+00h  1
 197  5.9254027e+00 1.62e-03 4.30e+01  -3.6 3.33e-01    -  1.00e+00 2.29e-01h  1
 198  5.9276414e+00 1.24e-03 3.02e+01  -3.6 3.17e-01    -  1.00e+00 5.00e-01f  2
 199  5.9377888e+00 1.37e-03 1.09e+01  -3.6 2.27e-01    -  1.00e+00 1.00e+00h  1
iter    objective    inf_pr   inf_du lg(mu)  ||d||  lg(rg) alpha_du alpha_pr  ls
 200  5.9668451e+00 5.31e-04 8.82e+00  -3.3 1.60e-01    -  9.24e-01 1.00e+00h  1
 201  5.9618631e+00 3.54e-04 1.99e+01  -3.4 1.29e-01    -  1.00e+00 7.00e-01h  1
 202  5.9441960e+00 3.17e-04 6.48e+00  -3.8 1.07e-01    -  1.00e+00 1.00e+00h  1
 203  5.9311796e+00 1.61e-04 1.01e+01  -4.0 9.51e-02    -  1.00e+00 7.70e-01h  1
 204  5.9153751e+00 7.08e-04 2.38e+01  -4.0 2.96e-01    -  1.00e+00 6.34e-01h  1
 205  5.9138827e+00 2.66e-04 1.01e+01  -4.0 1.19e-01    -  1.00e+00 1.00e+00h  1
 206  5.9291434e+00 2.48e-04 4.59e+00  -3.7 8.07e-02    -  1.00e+00 1.00e+00h  1
 207  5.9270136e+00 1.25e-04 7.44e+00  -3.8 6.29e-02    -  1.00e+00 5.74e-01h  1
 208  5.9177554e+00 2.44e-04 7.11e+00  -4.0 1.02e-01    -  1.00e+00 1.00e+00f  1
 209  5.9103765e+00 1.32e-03 1.95e+01  -4.1 3.60e-01    -  6.30e-01 7.10e-01h  1
iter    objective    inf_pr   inf_du lg(mu)  ||d||  lg(rg) alpha_du alpha_pr  ls
 210  5.9108036e+00 4.21e-04 7.65e+00  -4.0 1.46e-01    -  1.00e+00 1.00e+00f  1
 211  5.9097900e+00 9.17e-04 6.14e+00  -4.0 1.87e-01    -  1.00e+00 1.00e+00h  1
 212  5.9063695e+00 6.19e-04 6.72e+00  -4.0 1.64e-01    -  1.00e+00 1.00e+00h  1
 213  5.9361092e+00 6.12e-04 1.39e+01  -3.6 1.45e-01    -  6.50e-01 1.00e+00h  1
 214  5.9204961e+00 4.90e-04 6.11e+00  -3.8 1.48e-01    -  1.00e+00 1.00e+00h  1
 215  5.9219619e+00 3.11e-04 1.48e+01  -3.8 1.17e-01    -  7.09e-01 1.00e+00h  1
 216  5.9172285e+00 1.71e-04 1.35e+00  -3.8 9.82e-02    -  1.00e+00 1.00e+00h  1
 217  5.9142865e+00 5.60e-05 5.20e+00  -4.0 5.58e-02    -  1.00e+00 1.00e+00h  1
 218  5.9155002e+00 5.58e-05 1.12e+01  -4.0 1.20e-01    -  1.00e+00 1.00e+00H  1
 219  5.9119772e+00 1.17e-04 9.13e+00  -4.0 6.73e-02    -  1.00e+00 1.00e+00h  1
iter    objective    inf_pr   inf_du lg(mu)  ||d||  lg(rg) alpha_du alpha_pr  ls
 220  5.9112741e+00 1.59e-04 2.91e+00  -4.0 7.12e-02    -  1.00e+00 1.00e+00h  1
 221  5.9124524e+00 1.00e-04 1.92e+00  -4.0 4.91e-02    -  1.00e+00 1.00e+00h  1
 222  5.9132168e+00 1.35e-05 2.82e+00  -4.0 4.85e-02    -  1.00e+00 1.00e+00H  1
 223  5.9108748e+00 2.24e-03 1.95e+01  -4.0 2.44e-01    -  1.00e+00 1.00e+00h  1
 224  5.9050877e+00 1.23e-02 5.49e+01  -4.1 1.73e+00    -  2.81e-01 3.15e-01h  1
 225  5.8947646e+00 1.61e-03 5.00e+01  -4.0 2.50e-01    -  6.76e-01 1.00e+00h  1
 226  5.8959984e+00 4.88e-04 8.34e+00  -4.0 1.53e-01    -  1.00e+00 9.25e-01h  1
 227  5.9820032e+00 6.37e-03 1.16e+02  -2.8 1.22e+00    -  1.00e+00 3.99e-01f  1
 228  6.0335800e+00 2.29e-03 3.19e+01  -2.9 3.45e-01    -  9.45e-01 1.00e+00h  1
 229  6.1295209e+00 1.01e-02 3.83e+01  -2.9 6.83e-01    -  8.09e-01 1.00e+00h  1
iter    objective    inf_pr   inf_du lg(mu)  ||d||  lg(rg) alpha_du alpha_pr  ls
 230  6.1265240e+00 3.75e-02 8.39e+01  -2.9 1.63e+00    -  7.65e-01 1.00e+00h  1
 231  6.1155030e+00 1.75e-02 4.30e+01  -2.9 8.65e-01    -  1.00e+00 6.34e-01h  1
 232  6.1485990e+00 1.78e-02 2.49e+01  -2.9 1.25e+00    -  6.15e-01 7.07e-01H  1
 233  6.1296088e+00 1.33e-02 9.25e+01  -2.9 1.26e+00    -  1.00e+00 4.08e-01h  1
 234  6.1141262e+00 1.17e-02 1.16e+01  -2.9 9.36e-01    -  9.68e-01 8.08e-01h  1
 235  6.1016646e+00 1.37e-02 1.93e+01  -2.9 1.43e+00    -  6.18e-01 5.34e-01h  1
 236  6.0901894e+00 6.73e-03 1.55e+01  -2.9 5.34e-01    -  1.00e+00 8.71e-01h  1
 237  6.1039309e+00 3.31e-03 2.23e+01  -2.9 8.16e-01    -  7.11e-01 5.61e-01H  1
 238  6.1231449e+00 1.91e-03 3.63e+01  -2.9 3.43e-01    -  1.00e+00 6.08e-01h  1
 239  6.1489429e+00 1.05e-03 1.26e+01  -2.9 2.69e-01    -  1.00e+00 1.00e+00h  1
iter    objective    inf_pr   inf_du lg(mu)  ||d||  lg(rg) alpha_du alpha_pr  ls
 240  6.1521905e+00 1.11e-03 3.89e+01  -2.9 3.30e-01    -  1.00e+00 5.00e-01h  2
 241  6.1537023e+00 7.12e-04 2.68e+01  -2.9 3.92e-01    -  1.00e+00 5.00e-01h  2
 242  6.1689388e+00 2.74e-04 4.64e+00  -2.9 1.47e-01    -  1.00e+00 1.00e+00h  1
 243  6.1787511e+00 2.71e-04 7.56e+00  -2.9 1.28e-01    -  1.00e+00 1.00e+00h  1
 244  6.1798936e+00 2.34e-04 5.43e+00  -2.9 1.04e-01    -  1.00e+00 1.00e+00h  1
 245  6.1802131e+00 1.07e-04 5.48e+00  -2.9 7.92e-02    -  1.00e+00 1.00e+00h  1
 246  6.1827794e+00 3.11e-05 1.43e+00  -2.9 3.61e-02    -  1.00e+00 1.00e+00h  1
 247  6.1858750e+00 2.15e-06 1.78e+00  -2.9 5.13e-02    -  1.00e+00 1.00e+00H  1
 248  6.0889666e+00 1.79e-03 1.52e+01  -3.5 3.48e-01    -  1.00e+00 8.55e-01f  1
 249  6.0240763e+00 2.87e-03 1.61e+02  -3.6 6.28e-01    -  1.00e+00 4.16e-01h  1
iter    objective    inf_pr   inf_du lg(mu)  ||d||  lg(rg) alpha_du alpha_pr  ls
 250  5.9747764e+00 3.29e-03 3.31e+01  -3.6 5.40e-01    -  9.66e-01 6.30e-01h  1
 251  5.9652423e+00 2.35e-03 3.18e+01  -3.6 2.85e-01    -  5.31e-01 3.45e-01h  1
 252  5.9514992e+00 1.55e-03 2.62e+01  -3.6 5.64e-01    -  5.48e-01 3.22e-01f  1
 253  5.9476700e+00 6.43e-04 2.85e+01  -3.6 1.65e-01    -  5.06e-01 1.00e+00h  1
 254  5.9477585e+00 5.57e-04 6.84e+00  -3.6 1.46e-01    -  1.00e+00 1.00e+00h  1
 255  5.9566289e+00 2.06e-04 8.65e+00  -3.6 8.49e-02    -  1.00e+00 1.00e+00h  1
 256  5.9590912e+00 5.16e-05 3.50e+00  -3.6 6.46e-02    -  1.00e+00 1.00e+00h  1
 257  5.9596549e+00 2.96e-05 6.48e+00  -3.6 7.21e-02    -  1.00e+00 1.00e+00H  1
 258  5.9575371e+00 2.44e-05 7.50e+00  -3.6 7.88e-02    -  1.00e+00 1.00e+00H  1
 259  5.9565811e+00 6.52e-06 1.07e+01  -3.6 9.22e-02    -  1.00e+00 1.00e+00H  1
iter    objective    inf_pr   inf_du lg(mu)  ||d||  lg(rg) alpha_du alpha_pr  ls
 260  5.9347086e+00 2.81e-04 1.03e+01  -3.9 1.08e-01    -  1.00e+00 1.00e+00h  1
 261  5.9164837e+00 2.83e-04 2.78e+01  -4.0 1.48e-01    -  1.00e+00 6.42e-01h  1
 262  5.9138800e+00 2.55e-04 6.52e+00  -4.0 8.24e-02    -  9.33e-01 1.00e+00f  1
 263  5.9124398e+00 1.72e-04 5.86e+00  -4.0 8.22e-02    -  1.00e+00 1.00e+00h  1
 264  5.9121493e+00 5.27e-05 9.63e+00  -4.0 5.48e-02    -  7.08e-01 1.00e+00h  1
 265  5.9116233e+00 2.79e-05 2.61e+00  -4.0 3.54e-02    -  1.00e+00 1.00e+00h  1
 266  5.9115858e+00 5.58e-07 2.58e+00  -4.0 3.94e-02    -  1.00e+00 1.00e+00H  1
 267  5.9160531e+00 2.15e-03 2.25e+01  -3.7 5.65e-01    -  1.00e+00 5.88e-01f  1
 268  5.9071414e+00 5.17e-04 2.29e+01  -3.8 1.29e-01    -  1.00e+00 9.45e-01h  1
 269  5.9067071e+00 2.72e-04 1.21e+01  -3.8 1.13e-01    -  3.87e-01 5.00e-01f  2
iter    objective    inf_pr   inf_du lg(mu)  ||d||  lg(rg) alpha_du alpha_pr  ls
 270  5.9045827e+00 1.19e-04 4.96e+00  -4.0 8.70e-02    -  1.00e+00 8.47e-01h  1
 271  5.9259477e+00 3.57e-04 1.04e+01  -3.6 1.28e-01    -  8.65e-01 1.00e+00h  1
 272  5.9197823e+00 2.72e-04 7.56e+00  -3.8 7.12e-02    -  1.00e+00 1.00e+00h  1
 273  5.9190404e+00 5.32e-05 3.64e+00  -3.8 4.37e-02    -  1.00e+00 1.00e+00h  1
 274  5.9196953e+00 3.81e-05 2.89e+00  -3.8 3.72e-02    -  1.00e+00 1.00e+00h  1
 275  5.9197138e+00 1.54e-05 1.17e+00  -3.8 2.54e-02    -  1.00e+00 1.00e+00h  1
 276  5.9206159e+00 3.38e-07 8.14e-01  -3.8 1.54e-02    -  1.00e+00 1.00e+00H  1
 277  5.9068487e+00 9.17e-05 3.76e+00  -4.0 6.70e-02    -  1.00e+00 1.00e+00h  1
 278  5.9044973e+00 2.21e-04 5.72e+00  -4.0 7.20e-02    -  1.00e+00 1.00e+00h  1
 279  5.9196828e+00 2.76e-04 9.73e+00  -3.7 1.08e-01    -  1.00e+00 1.00e+00h  1
iter    objective    inf_pr   inf_du lg(mu)  ||d||  lg(rg) alpha_du alpha_pr  ls
 280  5.9115842e+00 3.75e-04 4.31e+00  -3.8 1.16e-01    -  1.00e+00 9.89e-01h  1
 281  5.9106630e+00 2.46e-04 6.06e+00  -3.8 1.03e-01    -  1.00e+00 1.00e+00f  1
 282  5.9111076e+00 4.96e-05 2.46e+00  -3.8 5.34e-02    -  9.87e-01 1.00e+00h  1
 283  5.9048621e+00 3.36e-05 2.41e+00  -4.0 3.86e-02    -  1.00e+00 1.00e+00h  1
 284  5.9041140e+00 3.49e-05 3.08e+00  -4.0 3.63e-02    -  1.00e+00 1.00e+00h  1
 285  5.9047420e+00 7.32e-06 9.95e-01  -4.0 1.90e-02    -  1.00e+00 1.00e+00h  1
 286  5.9049990e+00 2.32e-06 6.33e-01  -4.0 7.05e-03    -  1.00e+00 1.00e+00h  1
 287  5.9048496e+00 1.25e-05 2.12e+00  -4.0 2.13e-02    -  1.00e+00 1.00e+00h  1
 288  5.8996885e+00 4.03e-04 1.28e+01  -4.1 1.13e-01    -  1.00e+00 1.00e+00h  1
 289  5.8983821e+00 8.82e-05 1.69e+01  -4.1 6.24e-02    -  1.00e+00 1.00e+00h  1
iter    objective    inf_pr   inf_du lg(mu)  ||d||  lg(rg) alpha_du alpha_pr  ls
 290  5.9018191e+00 2.74e-04 3.26e+00  -4.0 9.48e-02    -  1.00e+00 1.00e+00h  1
 291  5.8988370e+00 1.78e-04 4.51e+00  -4.1 7.98e-02    -  1.00e+00 1.00e+00h  1
 292  5.8980139e+00 4.89e-05 3.87e+00  -4.1 5.35e-02    -  1.00e+00 1.00e+00h  1
 293  5.9028956e+00 8.25e-06 2.71e+00  -4.0 4.26e-02    -  1.00e+00 1.00e+00H  1
 294  5.9029615e+00 2.98e-05 1.43e+00  -4.0 3.48e-02    -  1.00e+00 1.00e+00h  1
 295  5.8994264e+00 2.42e-05 1.91e+00  -4.1 2.93e-02    -  1.00e+00 1.00e+00h  1
 296  5.9033281e+00 2.17e-05 9.81e-01  -4.0 2.64e-02    -  1.00e+00 1.00e+00h  1
 297  5.8995548e+00 4.38e-05 2.68e+00  -4.1 3.72e-02    -  1.00e+00 1.00e+00h  1
 298  5.8989989e+00 1.77e-05 4.82e+00  -4.1 3.13e-02    -  1.00e+00 1.00e+00h  1
 299  5.9029778e+00 2.88e-05 1.66e+00  -4.0 3.31e-02    -  1.00e+00 1.00e+00h  1
iter    objective    inf_pr   inf_du lg(mu)  ||d||  lg(rg) alpha_du alpha_pr  ls
 300  5.8990464e+00 3.80e-05 2.47e+00  -4.1 3.65e-02    -  1.00e+00 1.00e+00h  1
 301  5.8988618e+00 4.99e-05 4.58e+00  -4.1 3.56e-02    -  1.00e+00 1.00e+00h  1
 302  5.8989261e+00 2.03e-05 3.35e+00  -4.1 2.54e-02    -  1.00e+00 1.00e+00h  1
 303  5.9023564e+00 3.22e-05 7.29e-01  -4.0 3.05e-02    -  1.00e+00 1.00e+00h  1
 304  5.8991589e+00 7.67e-05 3.96e+00  -4.1 4.74e-02    -  1.00e+00 1.00e+00h  1
 305  5.8985741e+00 7.54e-04 2.07e+01  -4.1 1.60e-01    -  1.00e+00 1.00e+00h  1
 306  5.8968219e+00 7.65e-04 3.47e+01  -4.1 1.61e-01    -  1.00e+00 1.00e+00h  1
 307  5.8922610e+00 7.78e-04 1.02e+01  -4.1 1.71e-01    -  1.00e+00 8.18e-01h  1
 308  5.8940874e+00 6.21e-04 1.19e+01  -4.0 1.39e-01    -  1.00e+00 2.50e-01h  3
 309  5.8999292e+00 2.53e-04 5.56e+00  -4.0 1.08e-01    -  1.00e+00 1.00e+00h  1
iter    objective    inf_pr   inf_du lg(mu)  ||d||  lg(rg) alpha_du alpha_pr  ls
 310  5.8955408e+00 1.53e-04 5.70e+00  -4.1 9.10e-02    -  1.00e+00 6.82e-01h  1
 311  5.9231590e+00 3.65e-04 6.87e+00  -3.6 1.03e-01    -  1.00e+00 1.00e+00f  1
 312  5.9227665e+00 1.07e-04 6.35e+00  -3.7 6.28e-02    -  1.00e+00 1.00e+00h  1
 313  5.9212998e+00 8.28e-05 3.57e+00  -3.7 6.59e-02    -  1.00e+00 1.00e+00h  1
 314  5.9221864e+00 3.84e-05 2.35e+00  -3.7 4.17e-02    -  1.00e+00 1.00e+00h  1
 315  5.9232344e+00 1.74e-05 7.27e-01  -3.7 2.15e-02    -  1.00e+00 1.00e+00h  1
 316  5.9241000e+00 3.54e-06 6.72e-01  -3.7 9.77e-03    -  1.00e+00 1.00e+00h  1
 317  5.9247379e+00 3.01e-06 4.25e+00  -3.7 5.88e-02    -  1.00e+00 1.00e+00H  1
 318  5.9270956e+00 1.00e-06 1.27e+01  -3.7 9.57e-02    -  1.00e+00 1.00e+00H  1
 319  5.9220093e+00 1.63e-04 3.98e+00  -3.7 7.68e-02    -  1.00e+00 1.00e+00h  1
iter    objective    inf_pr   inf_du lg(mu)  ||d||  lg(rg) alpha_du alpha_pr  ls
 320  5.9220412e+00 1.74e-04 5.49e+00  -3.7 8.97e-02    -  1.00e+00 1.00e+00h  1
 321  5.9217148e+00 1.15e-04 9.76e-01  -3.7 6.53e-02    -  1.00e+00 1.00e+00h  1
 322  5.9244999e+00 1.26e-05 1.54e+00  -3.7 2.16e-02    -  1.00e+00 1.00e+00h  1
 323  5.9247044e+00 2.97e-06 1.55e+00  -3.7 1.47e-02    -  1.00e+00 1.00e+00h  1
 324  5.9248768e+00 4.31e-06 8.20e-01  -3.7 1.43e-02    -  1.00e+00 1.00e+00h  1
 325  5.9250525e+00 2.76e-06 3.75e-01  -3.7 8.58e-03    -  1.00e+00 1.00e+00h  1
 326  5.9252436e+00 8.07e-07 1.87e-01  -3.7 3.81e-03    -  1.00e+00 1.00e+00h  1
 327  5.9253586e+00 6.36e-07 3.05e+00  -3.7 3.35e-02    -  1.00e+00 1.00e+00H  1
 328  5.9261591e+00 1.24e-07 1.29e+01  -3.7 1.03e-01    -  1.00e+00 1.00e+00H  1
 329  5.9041057e+00 2.02e-04 1.16e+01  -4.0 8.68e-02    -  1.00e+00 1.00e+00f  1
iter    objective    inf_pr   inf_du lg(mu)  ||d||  lg(rg) alpha_du alpha_pr  ls
 330  5.8978926e+00 3.20e-04 8.77e+00  -4.1 1.05e-01    -  1.00e+00 1.00e+00h  1
 331  5.8965405e+00 1.87e-04 7.42e+00  -4.1 9.47e-02    -  1.00e+00 1.00e+00h  1
 332  5.9034819e+00 6.29e-05 9.33e+00  -4.0 9.93e-02    -  1.00e+00 1.00e+00H  1
 333  5.8981609e+00 2.61e-04 9.56e+00  -4.1 9.77e-02    -  1.00e+00 1.00e+00h  1
 334  5.8964991e+00 1.83e-04 2.12e+00  -4.1 7.69e-02    -  1.00e+00 1.00e+00h  1
 335  5.8981874e+00 6.41e-05 5.60e+00  -4.1 5.27e-02    -  1.00e+00 1.00e+00h  1
 336  5.8978704e+00 6.58e-05 2.19e+00  -4.1 4.42e-02    -  1.00e+00 1.00e+00h  1
 337  5.9012896e+00 8.02e-05 6.32e+00  -4.0 5.43e-02    -  1.00e+00 1.00e+00h  1
 338  5.8978832e+00 5.23e-05 8.28e-01  -4.1 5.16e-02    -  1.00e+00 1.00e+00h  1
 339  5.8984712e+00 8.67e-06 3.21e+00  -4.1 2.15e-02    -  1.00e+00 1.00e+00h  1
iter    objective    inf_pr   inf_du lg(mu)  ||d||  lg(rg) alpha_du alpha_pr  ls
 340  5.9010392e+00 5.98e-06 9.85e-01  -4.0 2.12e-02    -  1.00e+00 1.00e+00h  1
 341  5.9022056e+00 2.46e-06 7.96e-01  -4.0 7.52e-03    -  1.00e+00 1.00e+00h  1
 342  5.9026960e+00 2.07e-05 3.05e+00  -4.0 2.61e-02    -  1.00e+00 1.00e+00h  1
 343  5.8984740e+00 8.02e-05 5.91e+00  -4.1 5.27e-02    -  1.00e+00 1.00e+00h  1
 344  5.8967697e+00 1.14e-03 2.01e+01  -4.1 1.98e-01    -  1.00e+00 1.00e+00h  1
 345  5.8954388e+00 1.47e-03 4.66e+01  -4.1 2.20e-01    -  1.00e+00 1.00e+00h  1
 346  5.8946226e+00 4.29e-04 1.23e+01  -4.1 1.23e-01    -  1.00e+00 1.00e+00h  1
 347  5.8994644e+00 6.38e-05 8.47e+00  -4.0 4.43e-02    -  1.00e+00 1.00e+00h  1
 348  5.8947869e+00 4.78e-04 9.59e+00  -4.1 1.32e-01    -  1.00e+00 1.00e+00h  1
 349  5.8945704e+00 1.04e-04 6.52e+00  -4.1 5.55e-02    -  1.00e+00 9.13e-01h  1
iter    objective    inf_pr   inf_du lg(mu)  ||d||  lg(rg) alpha_du alpha_pr  ls
 350  5.8989934e+00 8.84e-05 2.66e+00  -4.0 5.71e-02    -  1.00e+00 1.00e+00f  1
 351  5.8956410e+00 7.03e-05 3.66e+00  -4.1 5.50e-02    -  1.00e+00 1.00e+00h  1
 352  5.8991086e+00 5.27e-05 6.64e-01  -4.0 4.22e-02    -  1.00e+00 1.00e+00h  1
 353  5.8965633e+00 3.13e-05 2.66e+00  -4.1 3.30e-02    -  1.00e+00 1.00e+00h  1
 354  5.9002253e+00 2.85e-05 3.07e+00  -4.0 3.19e-02    -  1.00e+00 1.00e+00h  1
 355  5.8960471e+00 1.45e-04 9.67e+00  -4.1 6.11e-02    -  1.00e+00 1.00e+00h  1
 356  5.8956868e+00 2.39e-05 3.76e+00  -4.1 3.11e-02    -  1.00e+00 1.00e+00h  1
 357  5.8993427e+00 2.78e-05 1.35e+00  -4.0 3.17e-02    -  1.00e+00 1.00e+00h  1
 358  5.8963038e+00 6.49e-06 3.08e+00  -4.1 4.79e-02    -  1.00e+00 1.00e+00H  1
 359  5.8998104e+00 2.67e-05 2.74e+00  -4.0 2.96e-02    -  1.00e+00 1.00e+00h  1
iter    objective    inf_pr   inf_du lg(mu)  ||d||  lg(rg) alpha_du alpha_pr  ls
 360  5.8955778e+00 1.07e-04 7.90e+00  -4.1 4.98e-02    -  1.00e+00 1.00e+00h  1
 361  5.8992206e+00 6.52e-05 1.78e+00  -4.0 4.21e-02    -  1.00e+00 1.00e+00h  1
 362  5.8956943e+00 5.30e-05 2.74e+00  -4.1 4.21e-02    -  1.00e+00 1.00e+00h  1
 363  5.8955118e+00 1.68e-05 2.60e+00  -4.1 2.52e-02    -  1.00e+00 1.00e+00h  1
 364  5.8996750e+00 2.13e-05 1.73e+00  -4.0 2.86e-02    -  1.00e+00 1.00e+00h  1
 365  5.8959529e+00 3.44e-05 2.50e+00  -4.1 3.22e-02    -  1.00e+00 1.00e+00h  1
 366  5.8958907e+00 3.28e-05 3.56e+00  -4.1 3.64e-02    -  1.00e+00 1.00e+00h  1
 367  5.8954755e+00 2.03e-05 1.21e+00  -4.1 3.07e-02    -  1.00e+00 1.00e+00h  1
 368  5.8994214e+00 1.65e-05 5.52e-01  -4.0 2.32e-02    -  1.00e+00 1.00e+00h  1
 369  5.8960007e+00 4.65e-05 3.35e+00  -4.1 3.31e-02    -  1.00e+00 1.00e+00h  1
iter    objective    inf_pr   inf_du lg(mu)  ||d||  lg(rg) alpha_du alpha_pr  ls
 370  5.8952625e+00 7.64e-04 2.33e+01  -4.1 1.39e-01    -  1.00e+00 1.00e+00h  1
 371  5.8912374e+00 2.39e-04 9.52e+00  -4.1 1.02e-01    -  1.00e+00 1.00e+00h  1
 372  5.9068722e+00 6.46e-04 9.16e+00  -3.8 1.22e-01    -  1.00e+00 1.00e+00h  1
 373  5.9014870e+00 1.56e-04 6.64e+00  -3.9 5.55e-02    -  1.00e+00 8.68e-01h  1
 374  5.9014204e+00 9.50e-05 2.23e+01  -3.9 5.34e-02    -  1.00e+00 5.00e-01f  2
 375  5.9038853e+00 3.16e-05 7.50e+00  -3.9 7.10e-02    -  1.00e+00 1.00e+00H  1
 376  5.9014451e+00 4.99e-05 5.43e+00  -3.9 5.05e-02    -  1.00e+00 1.00e+00h  1
 377  5.9024817e+00 5.41e-06 7.88e-01  -3.9 1.77e-02    -  1.00e+00 1.00e+00h  1
 378  5.9029740e+00 1.42e-06 8.94e-01  -3.9 5.42e-03    -  1.00e+00 1.00e+00h  1
 379  5.9002128e+00 3.16e-05 3.25e+00  -4.0 2.75e-02    -  1.00e+00 1.00e+00h  1
iter    objective    inf_pr   inf_du lg(mu)  ||d||  lg(rg) alpha_du alpha_pr  ls
 380  5.8952273e+00 4.92e-04 1.71e+01  -4.1 9.91e-02    -  1.00e+00 1.00e+00h  1
 381  5.8944102e+00 3.07e-04 2.73e+01  -4.1 1.03e-01    -  1.00e+00 1.00e+00h  1
 382  5.8937967e+00 1.60e-04 6.09e+00  -4.1 1.06e-01    -  1.00e+00 1.00e+00h  1
 383  5.8976433e+00 7.01e-05 6.81e+00  -4.0 5.17e-02    -  1.00e+00 1.00e+00h  1
 384  5.8950957e+00 6.45e-05 8.04e+00  -4.1 8.44e-02    -  1.00e+00 1.00e+00H  1
 385  5.8971908e+00 2.83e-04 1.29e+01  -4.0 1.12e-01    -  1.00e+00 1.00e+00h  1
 386  5.8908594e+00 1.71e-04 5.03e+00  -4.1 9.49e-02    -  1.00e+00 1.00e+00h  1
 387  5.8935098e+00 9.13e-05 2.05e+01  -4.0 7.78e-02    -  1.00e+00 5.04e-01h  1
 388  5.8980072e+00 1.68e-05 3.48e+00  -4.0 3.08e-02    -  1.00e+00 1.00e+00h  1
 389  5.8944336e+00 4.54e-05 1.97e+00  -4.1 3.24e-02    -  1.00e+00 1.00e+00h  1
iter    objective    inf_pr   inf_du lg(mu)  ||d||  lg(rg) alpha_du alpha_pr  ls
 390  5.8987967e+00 2.32e-05 1.16e+00  -4.0 2.60e-02    -  1.00e+00 1.00e+00h  1
 391  5.8953548e+00 3.68e-05 2.43e+00  -4.1 2.99e-02    -  1.00e+00 1.00e+00h  1
 392  5.8989555e+00 1.81e-05 2.06e+00  -4.0 2.16e-02    -  1.00e+00 1.00e+00h  1
 393  5.8951394e+00 4.86e-05 4.54e+00  -4.1 3.49e-02    -  1.00e+00 1.00e+00h  1
 394  5.8991181e+00 2.67e-05 2.21e+00  -4.0 3.01e-02    -  1.00e+00 1.00e+00h  1
 395  5.8949256e+00 2.09e-05 2.38e+00  -4.1 2.36e-02    -  1.00e+00 1.00e+00h  1
 396  5.8992209e+00 1.71e-05 1.42e+00  -4.0 2.44e-02    -  1.00e+00 1.00e+00h  1
 397  5.8950915e+00 1.02e-04 4.33e+00  -4.1 4.36e-02    -  1.00e+00 1.00e+00h  1
 398  5.8942463e+00 4.57e-03 4.58e+01  -4.1 2.94e-01    -  9.38e-01 1.00e+00h  1
 399  5.8902420e+00 5.94e-04 2.31e+01  -4.1 1.28e-01    -  1.00e+00 1.00e+00h  1
iter    objective    inf_pr   inf_du lg(mu)  ||d||  lg(rg) alpha_du alpha_pr  ls
 400  5.8946101e+00 1.72e-03 1.98e+01  -3.8 2.61e-01    -  1.00e+00 5.92e-01h  1
 401  5.8946506e+00 8.82e-04 4.57e+00  -3.9 1.19e-01    -  1.00e+00 1.00e+00h  1
 402  5.9083675e+00 3.98e-04 1.69e+01  -3.9 1.71e-01    -  9.69e-01 1.00e+00H  1
 403  5.9014737e+00 2.57e-04 7.61e+01  -3.9 1.26e-01    -  1.00e+00 4.57e-01h  1
 404  5.8936850e+00 2.03e-04 8.11e+00  -3.9 1.09e-01    -  1.00e+00 1.00e+00f  1
 405  5.8988817e+00 8.99e-05 5.60e+00  -3.9 4.09e-02    -  1.00e+00 1.00e+00h  1
 406  5.9002209e+00 3.13e-05 3.93e+00  -3.9 3.01e-02    -  1.00e+00 1.00e+00h  1
 407  5.9001345e+00 3.40e-05 3.94e+00  -3.9 3.07e-02    -  1.00e+00 1.00e+00h  1
 408  5.9003575e+00 1.54e-05 1.97e+00  -3.9 2.48e-02    -  1.00e+00 1.00e+00h  1
 409  5.9007264e+00 1.62e-05 1.58e+00  -3.9 1.99e-02    -  1.00e+00 1.00e+00h  1
iter    objective    inf_pr   inf_du lg(mu)  ||d||  lg(rg) alpha_du alpha_pr  ls
 410  5.9009516e+00 2.42e-06 9.46e+00  -3.9 9.28e-02    -  1.00e+00 1.00e+00H  1
 411  5.8960417e+00 4.03e-03 3.78e+01  -4.0 3.06e-01    -  1.00e+00 1.00e+00h  1
 412  5.8845768e+00 1.48e-03 4.49e+01  -4.1 1.72e-01    -  1.00e+00 8.75e-01h  1
 413  5.9048398e+00 9.77e-04 6.55e+00  -3.7 1.18e-01    -  1.00e+00 1.00e+00f  1
 414  5.9016062e+00 8.87e-04 1.86e+01  -3.8 1.79e-01    -  1.00e+00 5.64e-01h  1
 415  5.8964679e+00 6.97e-03 3.90e+01  -3.8 7.72e-01    -  6.79e-01 4.69e-01f  1
 416  5.8848204e+00 2.85e-02 1.14e+02  -3.8 2.53e+00    -  6.08e-01 2.78e-01h  1
 417  5.8669843e+00 2.15e-02 1.88e+02  -3.8 1.03e+00    -  6.11e-01 7.43e-01h  1
 418  5.8375883e+00 4.42e-03 1.05e+02  -4.0 3.77e-01    -  5.11e-01 8.10e-01h  1
 419  5.8427524e+00 3.12e-03 7.86e+01  -3.7 3.53e-01    -  1.00e+00 2.91e-01h  1
iter    objective    inf_pr   inf_du lg(mu)  ||d||  lg(rg) alpha_du alpha_pr  ls
 420  5.8571601e+00 2.35e-03 5.28e+01  -3.4 3.82e-01    -  5.96e-01 3.71e-01h  1
 421  5.8615051e+00 2.02e-03 9.85e+01  -3.5 2.43e-01    -  1.00e+00 1.40e-01h  1
 422  5.8675356e+00 1.44e-03 1.28e+02  -3.9 2.03e-01    -  1.00e+00 2.95e-01h  1
 423  5.8768904e+00 1.38e-03 1.51e+01  -4.0 1.94e-01    -  1.00e+00 8.90e-01h  1
 424  5.8727883e+00 6.34e-04 7.50e+00  -4.0 1.24e-01    -  1.00e+00 1.00e+00h  1
 425  5.8862014e+00 2.65e-04 5.20e+00  -3.7 9.23e-02    -  1.00e+00 1.00e+00h  1
 426  5.8811958e+00 1.79e-04 3.65e+00  -4.0 9.06e-02    -  1.00e+00 1.00e+00h  1
 427  5.8789885e+00 2.18e-04 6.54e+00  -4.0 7.85e-02    -  1.00e+00 1.00e+00h  1
 428  5.8739855e+00 2.12e-03 2.30e+01  -4.0 2.21e-01    -  1.00e+00 1.00e+00h  1
 429  5.8678857e+00 7.44e-04 1.34e+01  -4.1 1.05e-01    -  8.51e-01 7.41e-01h  1
iter    objective    inf_pr   inf_du lg(mu)  ||d||  lg(rg) alpha_du alpha_pr  ls
 430  5.8688219e+00 6.08e-04 2.03e+01  -4.0 1.02e-01    -  1.00e+00 1.88e-01f  3
 431  5.8737964e+00 1.10e-04 4.02e+00  -4.0 9.00e-02    -  1.00e+00 1.00e+00h  1
 432  5.8853301e+00 7.97e-05 5.61e+00  -3.7 5.92e-02    -  1.00e+00 9.05e-01h  1
 433  5.8853115e+00 1.09e-04 3.61e+00  -3.8 4.99e-02    -  1.00e+00 1.00e+00h  1
 434  5.8847014e+00 1.19e-04 2.33e+01  -3.8 1.45e-01    -  8.90e-01 1.89e-01h  3
 435  5.8847031e+00 1.58e-06 7.57e+00  -3.8 6.25e-02    -  1.00e+00 1.00e+00H  1
 436  5.8735731e+00 4.75e-03 4.57e+01  -4.0 3.29e-01    -  1.00e+00 1.00e+00h  1
 437  5.8676784e+00 4.30e-03 6.79e+01  -4.1 4.73e-01    -  9.86e-01 3.60e-01h  1
 438  5.8634163e+00 2.90e-03 5.24e+01  -4.1 1.90e-01    -  2.89e-01 3.23e-01h  1
 439  5.8781712e+00 1.33e-03 4.51e+00  -3.8 1.67e-01    -  1.00e+00 1.00e+00f  1
iter    objective    inf_pr   inf_du lg(mu)  ||d||  lg(rg) alpha_du alpha_pr  ls
 440  5.8754713e+00 5.28e-04 7.94e+00  -3.9 1.15e-01    -  1.00e+00 7.76e-01h  1
 441  5.8742448e+00 1.02e-04 4.34e+00  -3.9 4.70e-02    -  1.00e+00 1.00e+00f  1
 442  5.8708177e+00 3.08e-04 1.06e+01  -4.0 8.55e-02    -  1.00e+00 9.34e-01h  1
 443  5.8705157e+00 6.60e-05 5.82e+00  -4.0 5.33e-02    -  1.00e+00 1.00e+00h  1
 444  5.8704222e+00 9.72e-05 3.44e+00  -4.0 7.31e-02    -  1.00e+00 1.00e+00h  1
 445  5.8713286e+00 3.60e-05 7.58e-01  -4.0 4.36e-02    -  1.00e+00 1.00e+00h  1
 446  5.8717615e+00 5.34e-06 6.83e-01  -4.0 1.03e-02    -  1.00e+00 1.00e+00h  1
 447  5.8717390e+00 1.67e-06 3.26e+00  -4.0 3.01e-02    -  1.00e+00 1.00e+00H  1
 448  5.8710871e+00 1.25e-04 6.01e+00  -4.0 5.93e-02    -  1.00e+00 8.66e-01h  1
 449  5.8665615e+00 9.50e-05 8.46e+00  -4.1 5.80e-02    -  1.00e+00 1.00e+00h  1
iter    objective    inf_pr   inf_du lg(mu)  ||d||  lg(rg) alpha_du alpha_pr  ls
 450  5.8695645e+00 8.15e-05 1.07e+00  -4.0 4.67e-02    -  1.00e+00 1.00e+00h  1
 451  5.8707426e+00 9.37e-06 1.28e+00  -4.0 1.67e-02    -  1.00e+00 1.00e+00h  1
 452  5.8707335e+00 6.03e-06 1.01e+00  -4.0 1.03e-02    -  1.00e+00 1.00e+00h  1
 453  5.8707306e+00 4.27e-05 2.26e+00  -4.0 3.79e-02    -  1.00e+00 1.00e+00h  1
 454  5.8663629e+00 1.29e-03 1.64e+01  -4.1 2.15e-01    -  1.00e+00 1.00e+00h  1
 455  5.8660736e+00 2.15e-04 1.93e+01  -4.0 1.06e-01    -  1.00e+00 1.00e+00h  1
 456  5.8675030e+00 1.42e-04 3.84e+00  -4.0 9.64e-02    -  1.00e+00 1.00e+00h  1
 457  5.8648500e+00 6.16e-05 3.02e+00  -4.1 5.93e-02    -  1.00e+00 1.00e+00h  1
 458  5.8675838e+00 3.97e-05 2.61e+00  -4.0 4.14e-02    -  1.00e+00 1.00e+00h  1
 459  5.8694222e+00 7.61e-06 8.28e-01  -4.0 1.99e-02    -  1.00e+00 1.00e+00h  1
iter    objective    inf_pr   inf_du lg(mu)  ||d||  lg(rg) alpha_du alpha_pr  ls
 460  5.8697713e+00 3.30e-06 4.37e-01  -4.0 8.69e-03    -  1.00e+00 1.00e+00h  1
 461  5.8702871e+00 1.24e-06 1.46e+00  -4.0 1.77e-02    -  1.00e+00 1.00e+00H  1
 462  5.8703044e+00 2.47e-04 6.49e+00  -4.0 7.49e-02    -  1.00e+00 1.00e+00h  1
 463  5.8657101e+00 7.64e-05 2.91e+00  -4.1 5.31e-02    -  1.00e+00 1.00e+00h  1
 464  5.8653451e+00 6.29e-05 4.29e+00  -4.1 6.08e-02    -  9.90e-01 1.00e+00h  1
 465  5.8674178e+00 8.33e-05 1.90e+00  -4.0 5.26e-02    -  1.00e+00 1.00e+00h  1
 466  5.8663871e+00 4.02e-06 1.20e+00  -4.1 1.20e-02    -  1.00e+00 1.00e+00h  1
 467  5.8696698e+00 2.56e-05 2.15e+00  -4.0 2.33e-02    -  1.00e+00 1.00e+00h  1
 468  5.8661946e+00 1.74e-05 2.30e+00  -4.1 2.53e-02    -  1.00e+00 1.00e+00h  1
 469  5.8701013e+00 3.36e-05 1.97e+00  -4.0 2.71e-02    -  1.00e+00 1.00e+00h  1
iter    objective    inf_pr   inf_du lg(mu)  ||d||  lg(rg) alpha_du alpha_pr  ls
 470  5.8658177e+00 3.87e-05 3.19e+00  -4.1 3.72e-02    -  1.00e+00 1.00e+00h  1
 471  5.8656864e+00 1.10e-05 7.27e-01  -4.1 3.03e-02    -  1.00e+00 1.00e+00h  1
 472  5.8698855e+00 3.99e-05 9.73e-01  -4.0 2.79e-02    -  1.00e+00 1.00e+00h  1
 473  5.8660748e+00 3.79e-05 3.43e+00  -4.1 4.01e-02    -  1.00e+00 1.00e+00h  1
 474  5.8655048e+00 5.99e-05 4.51e+00  -4.1 3.98e-02    -  1.00e+00 1.00e+00h  1
 475  5.8652090e+00 4.12e-05 4.60e+00  -4.1 4.80e-02    -  1.00e+00 1.00e+00h  1
 476  5.8686760e+00 4.52e-05 1.01e+00  -4.0 4.06e-02    -  1.00e+00 1.00e+00h  1
 477  5.8653094e+00 2.96e-05 1.76e+00  -4.1 3.43e-02    -  1.00e+00 1.00e+00h  1
 478  5.8655398e+00 2.60e-06 3.53e+00  -4.1 3.06e-02    -  1.00e+00 1.00e+00H  1
 479  5.8690194e+00 3.46e-04 1.14e+01  -4.0 7.90e-02    -  1.00e+00 1.00e+00h  1
iter    objective    inf_pr   inf_du lg(mu)  ||d||  lg(rg) alpha_du alpha_pr  ls
 480  5.8633797e+00 2.23e-04 2.15e+00  -4.1 6.99e-02    -  1.00e+00 1.00e+00h  1
 481  5.8688852e+00 2.95e-05 2.58e+00  -4.0 3.14e-02    -  1.00e+00 1.00e+00h  1
 482  5.8655177e+00 3.10e-05 1.26e+00  -4.1 3.14e-02    -  1.00e+00 1.00e+00h  1
 483  5.8650377e+00 1.78e-05 1.94e+00  -4.1 2.07e-02    -  1.00e+00 1.00e+00h  1
 484  5.8692733e+00 3.51e-05 2.11e+00  -4.0 3.27e-02    -  1.00e+00 1.00e+00h  1
 485  5.8653899e+00 1.73e-05 1.56e+00  -4.1 3.28e-02    -  1.00e+00 1.00e+00h  1
 486  5.8655855e+00 6.18e-06 3.06e+00  -4.1 2.90e-02    -  1.00e+00 1.00e+00H  1
 487  5.8652052e+00 8.23e-06 1.61e+00  -4.1 2.44e-02    -  1.00e+00 1.00e+00h  1
 488  5.8690946e+00 2.94e-05 1.51e+00  -4.0 2.93e-02    -  1.00e+00 1.00e+00h  1
 489  5.8654794e+00 2.90e-05 2.06e+00  -4.1 3.09e-02    -  1.00e+00 1.00e+00h  1
iter    objective    inf_pr   inf_du lg(mu)  ||d||  lg(rg) alpha_du alpha_pr  ls
 490  5.8652001e+00 2.27e-05 2.51e+00  -4.1 2.73e-02    -  1.00e+00 1.00e+00h  1
 491  5.8652499e+00 1.00e-05 2.10e+00  -4.1 2.32e-02    -  1.00e+00 1.00e+00h  1
 492  5.8654042e+00 3.99e-06 6.03e-01  -4.1 1.34e-02    -  1.00e+00 1.00e+00h  1
 493  5.8692430e+00 2.30e-05 9.23e-01  -4.0 2.67e-02    -  1.00e+00 1.00e+00h  1
 494  5.8654872e+00 1.13e-04 4.08e+00  -4.1 5.10e-02    -  1.00e+00 1.00e+00h  1
 495  5.8650307e+00 1.07e-04 9.31e+00  -4.1 5.22e-02    -  1.00e+00 1.00e+00h  1
 496  5.8643060e+00 1.78e-04 4.27e+00  -4.1 5.76e-02    -  1.00e+00 1.00e+00h  1
 497  5.8681253e+00 4.91e-05 3.30e+00  -4.0 4.94e-02    -  1.00e+00 1.00e+00h  1
 498  5.8636855e+00 5.96e-05 2.36e+00  -4.1 5.28e-02    -  1.00e+00 1.00e+00h  1
 499  5.8685737e+00 2.11e-05 8.31e-01  -4.0 2.98e-02    -  1.00e+00 1.00e+00h  1
iter    objective    inf_pr   inf_du lg(mu)  ||d||  lg(rg) alpha_du alpha_pr  ls
 500  5.8655904e+00 3.26e-07 2.59e+00  -4.1 3.28e-02    -  1.00e+00 1.00e+00H  1
 501  5.8696001e+00 9.65e-05 5.93e+00  -4.0 4.77e-02    -  1.00e+00 1.00e+00h  1
 502  5.8650670e+00 2.46e-05 4.84e+00  -4.1 2.80e-02    -  1.00e+00 1.00e+00h  1
 503  5.8655264e+00 2.67e-06 2.79e+00  -4.1 2.34e-02    -  1.00e+00 1.00e+00H  1
 504  5.8693708e+00 1.83e-05 1.79e+00  -4.0 3.08e-02    -  1.00e+00 1.00e+00h  1
 505  5.8654483e+00 1.92e-05 9.73e-01  -4.1 2.70e-02    -  1.00e+00 1.00e+00h  1
 506  5.8652968e+00 2.78e-05 3.50e+00  -4.1 3.32e-02    -  1.00e+00 1.00e+00h  1
 507  5.8651166e+00 1.94e-05 2.83e-01  -4.1 3.08e-02    -  1.00e+00 1.00e+00h  1
 508  5.8688593e+00 1.05e-05 6.71e-01  -4.0 1.88e-02    -  1.00e+00 1.00e+00h  1
 509  5.8656336e+00 1.08e-05 9.45e-01  -4.1 2.30e-02    -  1.00e+00 1.00e+00h  1
iter    objective    inf_pr   inf_du lg(mu)  ||d||  lg(rg) alpha_du alpha_pr  ls
 510  5.8653176e+00 5.75e-06 1.32e+00  -4.1 1.49e-02    -  1.00e+00 1.00e+00h  1
 511  5.8655271e+00 1.72e-06 6.21e-01  -4.1 7.87e-03    -  1.00e+00 1.00e+00h  1
 512  5.8695191e+00 1.20e-05 5.05e-01  -4.0 2.21e-02    -  1.00e+00 1.00e+00h  1
 513  5.8654221e+00 1.18e-05 1.38e+00  -4.1 2.64e-02    -  1.00e+00 1.00e+00h  1
 514  5.8653686e+00 1.89e-05 2.41e+00  -4.1 2.73e-02    -  1.00e+00 1.00e+00h  1
 515  5.8651345e+00 1.35e-05 1.11e+00  -4.1 2.43e-02    -  1.00e+00 1.00e+00h  1
 516  5.8693307e+00 1.58e-05 6.73e-01  -4.0 2.71e-02    -  1.00e+00 1.00e+00h  1
 517  5.8654742e+00 1.67e-05 1.44e+00  -4.1 2.53e-02    -  1.00e+00 1.00e+00h  1
 518  5.8653249e+00 3.33e-06 1.36e+00  -4.1 1.40e-02    -  1.00e+00 1.00e+00h  1
 519  5.8654990e+00 1.54e-06 7.43e-01  -4.1 9.94e-03    -  1.00e+00 1.00e+00h  1
iter    objective    inf_pr   inf_du lg(mu)  ||d||  lg(rg) alpha_du alpha_pr  ls
 520  5.8695448e+00 1.22e-05 8.70e-01  -4.0 2.46e-02    -  1.00e+00 1.00e+00h  1
 521  5.8654503e+00 1.78e-05 1.83e+00  -4.1 3.08e-02    -  1.00e+00 1.00e+00h  1
 522  5.8652604e+00 8.35e-06 6.75e-01  -4.1 2.02e-02    -  1.00e+00 1.00e+00h  1
 523  5.8654368e+00 2.46e-06 8.78e-01  -4.1 1.08e-02    -  1.00e+00 1.00e+00h  1
 524  5.8694468e+00 1.28e-05 6.84e-01  -4.0 2.51e-02    -  1.00e+00 1.00e+00h  1
 525  5.8655250e+00 1.38e-05 1.11e+00  -4.1 2.58e-02    -  1.00e+00 1.00e+00h  1
 526  5.8653088e+00 3.20e-06 1.42e+00  -4.1 1.17e-02    -  1.00e+00 1.00e+00h  1
 527  5.8695330e+00 1.53e-05 9.47e-01  -4.0 2.91e-02    -  1.00e+00 1.00e+00h  1
 528  5.8653482e+00 2.07e-05 2.93e+00  -4.1 2.90e-02    -  1.00e+00 1.00e+00h  1
 529  5.8650687e+00 1.24e-05 9.15e-01  -4.1 2.17e-02    -  1.00e+00 1.00e+00h  1
iter    objective    inf_pr   inf_du lg(mu)  ||d||  lg(rg) alpha_du alpha_pr  ls
 530  5.8695188e+00 1.34e-05 9.57e-01  -4.0 2.64e-02    -  1.00e+00 1.00e+00h  1
 531  5.8654675e+00 2.29e-05 2.10e+00  -4.1 3.15e-02    -  1.00e+00 1.00e+00h  1
 532  5.8651288e+00 5.89e-06 1.24e+00  -4.1 1.76e-02    -  1.00e+00 1.00e+00h  1
 533  5.8695272e+00 1.70e-05 1.10e+00  -4.0 2.92e-02    -  1.00e+00 1.00e+00h  1
 534  5.8655149e+00 2.22e-05 1.44e+00  -4.1 3.39e-02    -  1.00e+00 1.00e+00h  1
 535  5.8653168e+00 1.47e-05 2.96e+00  -4.1 2.03e-02    -  1.00e+00 1.00e+00h  1
 536  5.8653381e+00 7.87e-06 5.68e-01  -4.1 1.49e-02    -  1.00e+00 1.00e+00h  1
 537  5.8654956e+00 1.54e-06 7.58e-01  -4.1 7.25e-03    -  1.00e+00 1.00e+00h  1
 538  5.8696281e+00 1.59e-05 6.07e-01  -4.0 2.91e-02    -  1.00e+00 1.00e+00h  1
 539  5.8653906e+00 1.84e-05 1.58e+00  -4.1 3.00e-02    -  1.00e+00 1.00e+00h  1
iter    objective    inf_pr   inf_du lg(mu)  ||d||  lg(rg) alpha_du alpha_pr  ls
 540  5.8653480e+00 7.50e-06 1.31e+00  -4.1 1.95e-02    -  1.00e+00 1.00e+00h  1
 541  5.8654315e+00 5.64e-06 3.23e-01  -4.1 1.55e-02    -  1.00e+00 1.00e+00h  1
 542  5.8695048e+00 1.56e-05 4.13e-01  -4.0 2.84e-02    -  1.00e+00 1.00e+00h  1
 543  5.8654703e+00 3.46e-05 3.11e+00  -4.1 4.17e-02    -  1.00e+00 1.00e+00h  1
 544  5.8650455e+00 1.61e-05 8.17e-01  -4.1 2.48e-02    -  1.00e+00 1.00e+00h  1
 545  5.8695835e+00 1.79e-05 9.12e-01  -4.0 3.05e-02    -  1.00e+00 1.00e+00h  1
 546  5.8654492e+00 2.23e-05 2.21e+00  -4.1 3.08e-02    -  1.00e+00 1.00e+00h  1
 547  5.8651412e+00 6.72e-06 7.05e-01  -4.1 1.83e-02    -  1.00e+00 1.00e+00h  1
 548  5.8654654e+00 2.64e-07 2.24e-01  -4.1 2.56e-03    -  1.00e+00 1.00e+00h  1
 549  5.8697098e+00 1.86e-05 8.45e-01  -4.0 3.05e-02    -  1.00e+00 1.00e+00h  1
iter    objective    inf_pr   inf_du lg(mu)  ||d||  lg(rg) alpha_du alpha_pr  ls
 550  5.8654177e+00 3.75e-05 2.17e+00  -4.1 4.20e-02    -  1.00e+00 1.00e+00h  1
 551  5.8651877e+00 6.44e-06 2.07e+00  -4.1 1.66e-02    -  1.00e+00 1.00e+00h  1
 552  5.8696665e+00 2.29e-05 3.39e-01  -4.0 3.43e-02    -  1.00e+00 1.00e+00h  1
 553  5.8651844e+00 4.48e-05 3.76e+00  -4.1 4.61e-02    -  1.00e+00 1.00e+00h  1
 554  5.8645439e+00 1.67e-05 1.15e+00  -4.1 4.12e-02    -  1.00e+00 1.00e+00h  1
 555  5.8697350e+00 9.32e-07 1.82e+00  -4.0 3.41e-02    -  1.00e+00 1.00e+00H  1
 556  5.8653765e+00 2.68e-05 1.62e+00  -4.1 3.54e-02    -  1.00e+00 1.00e+00h  1
 557  5.8648791e+00 2.62e-05 3.30e+00  -4.1 3.42e-02    -  1.00e+00 1.00e+00h  1
 558  5.8688888e+00 3.64e-05 3.97e-01  -4.0 3.73e-02    -  1.00e+00 1.00e+00h  1
 559  5.8652914e+00 1.72e-05 1.88e+00  -4.1 2.88e-02    -  1.00e+00 1.00e+00h  1
iter    objective    inf_pr   inf_du lg(mu)  ||d||  lg(rg) alpha_du alpha_pr  ls
 560  5.8653134e+00 1.56e-06 1.60e+00  -4.1 9.29e-03    -  1.00e+00 1.00e+00h  1
 561  5.8695787e+00 1.98e-05 1.43e+00  -4.0 3.06e-02    -  1.00e+00 1.00e+00h  1
 562  5.8653911e+00 2.55e-05 1.53e+00  -4.1 3.69e-02    -  1.00e+00 1.00e+00h  1
 563  5.8652105e+00 7.20e-06 1.74e+00  -4.1 1.84e-02    -  1.00e+00 1.00e+00h  1
 564  5.8654405e+00 4.10e-06 1.50e+00  -4.1 1.48e-02    -  1.00e+00 1.00e+00h  1
 565  5.8653992e+00 9.07e-07 1.65e-01  -4.1 7.70e-03    -  1.00e+00 1.00e+00h  1
 566  5.8696281e+00 2.02e-05 1.36e+00  -4.0 3.11e-02    -  1.00e+00 1.00e+00h  1
 567  5.8655030e+00 3.84e-05 2.53e+00  -4.1 3.66e-02    -  1.00e+00 1.00e+00h  1
 568  5.8650122e+00 1.52e-05 1.08e+00  -4.1 2.32e-02    -  1.00e+00 1.00e+00h  1
 569  5.8695781e+00 1.94e-05 1.33e+00  -4.0 3.12e-02    -  1.00e+00 1.00e+00h  1
iter    objective    inf_pr   inf_du lg(mu)  ||d||  lg(rg) alpha_du alpha_pr  ls
 570  5.8653849e+00 2.52e-05 1.05e+00  -4.1 3.50e-02    -  1.00e+00 1.00e+00h  1
 571  5.8651710e+00 1.01e-05 3.12e+00  -4.1 2.20e-02    -  1.00e+00 1.00e+00h  1
 572  5.8651756e+00 4.97e-06 7.30e-01  -4.1 1.69e-02    -  1.00e+00 1.00e+00h  1
 573  5.8654588e+00 1.83e-07 3.37e-01  -4.1 3.04e-03    -  1.00e+00 1.00e+00h  1
 574  5.8695029e+00 1.90e-05 1.36e+00  -4.0 3.04e-02    -  1.00e+00 1.00e+00h  1
 575  5.8655089e+00 4.27e-05 2.00e+00  -4.1 4.32e-02    -  1.00e+00 1.00e+00h  1
 576  5.8652239e+00 6.69e-06 2.23e+00  -4.1 1.61e-02    -  1.00e+00 1.00e+00h  1
 577  5.8654637e+00 2.75e-06 6.33e-01  -4.1 8.07e-03    -  1.00e+00 1.00e+00h  1
 578  5.8654440e+00 7.09e-07 3.25e-01  -4.1 5.17e-03    -  1.00e+00 1.00e+00h  1
 579  5.8696383e+00 2.52e-05 1.33e+00  -4.0 3.53e-02    -  1.00e+00 1.00e+00h  1
iter    objective    inf_pr   inf_du lg(mu)  ||d||  lg(rg) alpha_du alpha_pr  ls
 580  5.8653658e+00 4.50e-05 3.38e+00  -4.1 4.10e-02    -  1.00e+00 1.00e+00h  1
 581  5.8645001e+00 2.03e-05 9.11e-01  -4.1 3.82e-02    -  1.00e+00 1.00e+00h  1
 582  5.8695756e+00 4.79e-07 1.04e+00  -4.0 3.60e-02    -  1.00e+00 1.00e+00H  1
 583  5.8654533e+00 6.73e-05 2.66e+00  -4.1 5.16e-02    -  1.00e+00 1.00e+00h  1
 584  5.8649757e+00 7.94e-06 1.80e+00  -4.1 2.73e-02    -  1.00e+00 1.00e+00h  1
 585  5.8695714e+00 3.44e-05 2.13e+00  -4.0 3.98e-02    -  1.00e+00 1.00e+00h  1
 586  5.8653033e+00 9.83e-05 4.20e+00  -4.1 6.13e-02    -  1.00e+00 1.00e+00h  1
 587  5.8636721e+00 3.53e-05 7.08e-01  -4.1 5.03e-02    -  1.00e+00 1.00e+00h  1
 588  5.8696306e+00 1.39e-06 7.61e-01  -4.0 4.01e-02    -  1.00e+00 1.00e+00H  1
 589  5.8654315e+00 5.36e-05 3.14e+00  -4.1 3.98e-02    -  1.00e+00 1.00e+00h  1
iter    objective    inf_pr   inf_du lg(mu)  ||d||  lg(rg) alpha_du alpha_pr  ls
 590  5.8645450e+00 1.44e-05 6.44e-01  -4.1 3.28e-02    -  1.00e+00 1.00e+00h  1
 591  5.8696572e+00 3.14e-07 1.94e+00  -4.0 3.85e-02    -  1.00e+00 1.00e+00H  1
 592  5.8654203e+00 9.48e-05 3.38e+00  -4.1 5.63e-02    -  1.00e+00 1.00e+00h  1
 593  5.8647558e+00 2.55e-05 5.37e-01  -4.1 3.27e-02    -  1.00e+00 1.00e+00h  1
 594  5.8653551e+00 2.90e-06 1.06e+00  -4.1 1.44e-02    -  1.00e+00 1.00e+00h  1
 595  5.8654554e+00 1.79e-06 2.21e-01  -4.1 9.46e-03    -  1.00e+00 1.00e+00h  1
 596  5.8655092e+00 1.35e-07 3.40e-01  -4.1 2.78e-03    -  1.00e+00 1.00e+00h  1
 597  5.8655544e+00 9.55e-08 1.14e-01  -4.1 1.04e-03    -  1.00e+00 1.00e+00h  1
 598  5.8689920e+00 9.01e-06 1.16e+00  -4.0 2.19e-02    -  1.00e+00 1.00e+00h  1
 599  5.8656665e+00 1.48e-05 1.10e+00  -4.1 2.57e-02    -  1.00e+00 1.00e+00h  1
iter    objective    inf_pr   inf_du lg(mu)  ||d||  lg(rg) alpha_du alpha_pr  ls
 600  5.8653435e+00 3.89e-06 1.47e+00  -4.1 1.25e-02    -  1.00e+00 1.00e+00h  1
 601  5.8655108e+00 9.66e-07 3.60e-01  -4.1 6.89e-03    -  1.00e+00 1.00e+00h  1
 602  5.8655236e+00 2.40e-07 1.53e-01  -4.1 2.71e-03    -  1.00e+00 1.00e+00h  1
 603  5.8655024e+00 3.63e-08 1.11e-01  -4.1 1.21e-03    -  1.00e+00 1.00e+00h  1
 604  5.8695244e+00 1.47e-05 1.03e+00  -4.0 2.92e-02    -  1.00e+00 1.00e+00h  1
 605  5.8654896e+00 4.83e-05 3.82e+00  -4.1 4.16e-02    -  1.00e+00 1.00e+00h  1
 606  5.8647902e+00 2.67e-05 5.30e-01  -4.1 2.90e-02    -  1.00e+00 1.00e+00h  1
 607  5.8653962e+00 1.18e-06 6.38e-01  -4.1 7.01e-03    -  1.00e+00 1.00e+00h  1
 608  5.8653989e+00 3.17e-07 2.07e-01  -4.1 3.82e-03    -  1.00e+00 1.00e+00h  1
 609  5.8695604e+00 1.69e-05 5.44e-01  -4.0 3.14e-02    -  1.00e+00 1.00e+00h  1
iter    objective    inf_pr   inf_du lg(mu)  ||d||  lg(rg) alpha_du alpha_pr  ls
 610  5.8655122e+00 1.80e-04 7.05e+00  -4.1 8.10e-02    -  1.00e+00 1.00e+00h  1
 611  5.8627918e+00 1.03e-04 9.18e-01  -4.1 6.80e-02    -  1.00e+00 1.00e+00h  1
 612  5.8688389e+00 2.93e-05 1.12e+00  -4.0 4.01e-02    -  1.00e+00 1.00e+00h  1
 613  5.8654615e+00 3.84e-05 3.63e+00  -4.1 3.90e-02    -  1.00e+00 1.00e+00h  1
 614  5.8646499e+00 2.05e-05 3.17e-01  -4.1 3.59e-02    -  1.00e+00 1.00e+00h  1
 615  5.8695806e+00 4.73e-07 3.73e-01  -4.0 3.41e-02    -  1.00e+00 1.00e+00H  1
 616  5.8653944e+00 3.97e-05 3.45e+00  -4.1 4.30e-02    -  1.00e+00 1.00e+00h  1
 617  5.8648667e+00 1.66e-05 1.34e+00  -4.1 2.39e-02    -  1.00e+00 1.00e+00h  1
 618  5.8653984e+00 5.03e-06 1.21e+00  -4.1 1.89e-02    -  1.00e+00 1.00e+00h  1
 619  5.8655096e+00 1.30e-06 5.49e-01  -4.1 8.44e-03    -  1.00e+00 1.00e+00h  1
iter    objective    inf_pr   inf_du lg(mu)  ||d||  lg(rg) alpha_du alpha_pr  ls
 620  5.8655491e+00 6.33e-08 1.16e-01  -4.1 1.48e-03    -  1.00e+00 1.00e+00h  1
 621  5.8655251e+00 8.72e-08 9.82e-02  -4.1 9.56e-04    -  1.00e+00 1.00e+00h  1
 622  5.8655088e+00 2.98e-07 1.61e-01  -4.1 1.86e-03    -  1.00e+00 1.00e+00h  1
 623  5.8655147e+00 9.09e-07 4.43e-01  -4.1 3.75e-03    -  1.00e+00 1.00e+00h  1
 624  5.8655055e+00 2.22e-07 2.47e-01  -4.1 2.24e-03    -  1.00e+00 1.00e+00h  1
 625  5.8655020e+00 3.17e-08 6.19e-02  -4.1 1.07e-03    -  1.00e+00 1.00e+00h  1
 626  5.8654967e+00 2.38e-09 2.78e-02  -4.1 7.44e-04    -  1.00e+00 1.00e+00H  1
 627  5.8691181e+00 6.46e-06 1.41e+00  -4.0 1.89e-02    -  1.00e+00 1.00e+00f  1
 628  5.8655801e+00 8.15e-06 3.33e-01  -4.1 2.04e-02    -  1.00e+00 1.00e+00h  1
 629  5.8654732e+00 6.52e-06 1.28e+00  -4.1 1.70e-02    -  1.00e+00 1.00e+00h  1
iter    objective    inf_pr   inf_du lg(mu)  ||d||  lg(rg) alpha_du alpha_pr  ls
 630  5.8653569e+00 5.82e-06 1.09e-01  -4.1 1.56e-02    -  1.00e+00 1.00e+00h  1
 631  5.8654614e+00 3.47e-08 9.83e-02  -4.1 9.46e-04    -  1.00e+00 1.00e+00h  1
 632  5.8694809e+00 8.23e-06 7.82e-01  -4.0 2.12e-02    -  1.00e+00 1.00e+00h  1
 633  5.8654926e+00 7.80e-06 3.76e-01  -4.1 2.25e-02    -  1.00e+00 1.00e+00h  1
 634  5.8652128e+00 6.66e-05 6.67e+00  -4.1 5.95e-02    -  1.00e+00 1.00e+00h  1
 635  5.8636861e+00 4.78e-05 9.87e-01  -4.1 5.32e-02    -  1.00e+00 1.00e+00h  1
 636  5.8689816e+00 1.15e-05 1.09e+00  -4.0 2.33e-02    -  1.00e+00 1.00e+00h  1
 637  5.8653201e+00 2.06e-05 2.51e+00  -4.1 3.71e-02    -  1.00e+00 1.00e+00h  1
 638  5.8647135e+00 1.98e-05 5.50e-01  -4.1 3.20e-02    -  1.00e+00 1.00e+00h  1
 639  5.8694804e+00 3.79e-07 4.70e-01  -4.0 2.34e-02    -  1.00e+00 1.00e+00H  1
iter    objective    inf_pr   inf_du lg(mu)  ||d||  lg(rg) alpha_du alpha_pr  ls
 640  5.8654716e+00 1.93e-05 2.46e+00  -4.1 2.96e-02    -  1.00e+00 1.00e+00h  1
 641  5.8649874e+00 7.65e-06 1.90e-01  -4.1 2.62e-02    -  1.00e+00 1.00e+00h  1
 642  5.8654647e+00 2.91e-07 2.04e-01  -4.1 3.06e-03    -  1.00e+00 1.00e+00h  1
 643  5.8655642e+00 2.00e-07 1.46e-01  -4.1 1.98e-03    -  1.00e+00 1.00e+00h  1
 644  5.8655194e+00 1.75e-08 2.93e-01  -4.1 3.38e-03    -  1.00e+00 1.00e+00H  1
 645  5.8654975e+00 1.99e-07 1.72e-01  -4.1 3.22e-03    -  1.00e+00 1.00e+00h  1
 646  5.8655092e+00 3.74e-09 1.40e-01  -4.1 2.80e-03    -  1.00e+00 1.00e+00H  1
 647  5.8655110e+00 8.72e-10 1.33e-02  -4.1 1.01e-03    -  1.00e+00 1.00e+00H  1
 648  5.8681292e+00 3.63e-06 5.71e-01  -4.0 9.72e-03    -  1.00e+00 1.00e+00f  1
 649  5.8656705e+00 2.77e-06 1.19e-01  -4.1 8.79e-03    -  1.00e+00 1.00e+00h  1
iter    objective    inf_pr   inf_du lg(mu)  ||d||  lg(rg) alpha_du alpha_pr  ls
 650  5.8654933e+00 3.43e-07 6.05e-01  -4.1 6.09e-03    -  1.00e+00 1.00e+00h  1
 651  5.8655144e+00 5.10e-07 2.15e-02  -4.1 5.38e-03    -  1.00e+00 1.00e+00h  1
 652  5.8655204e+00 1.02e-08 1.32e-02  -4.1 1.88e-04    -  1.00e+00 1.00e+00h  1
 653  5.8655173e+00 3.63e-10 2.68e-02  -4.1 2.38e-04    -  1.00e+00 1.00e+00H  1
 654  5.8655095e+00 9.48e-10 7.21e-02  -4.1 7.71e-04    -  1.00e+00 1.00e+00H  1
 655  5.8655096e+00 5.67e-09 4.91e-01  -4.1 4.80e-03    -  1.00e+00 1.00e+00H  1
 656  5.8655067e+00 4.81e-10 7.64e-01  -4.1 4.73e-03    -  1.00e+00 1.00e+00H  1
 657  5.8654893e+00 5.56e-07 4.57e-01  -4.1 4.33e-03    -  1.00e+00 1.00e+00h  1
 658  5.8654894e+00 5.28e-07 4.98e-01  -4.1 3.10e-03    -  1.00e+00 6.25e-02h  5
 659  5.8655032e+00 1.83e-10 5.37e-01  -4.1 8.80e-03    -  1.00e+00 1.00e+00H  1
iter    objective    inf_pr   inf_du lg(mu)  ||d||  lg(rg) alpha_du alpha_pr  ls
 660  5.8654678e+00 2.36e-06 1.44e+00  -4.1 9.06e-03    -  1.00e+00 1.00e+00h  1
 661  5.8654444e+00 1.82e-06 4.92e-01  -4.1 1.02e-02    -  1.00e+00 1.00e+00h  1
 662  5.8654815e+00 1.20e-06 3.17e-01  -4.1 8.27e-03    -  1.00e+00 1.00e+00h  1
 663  5.8654484e+00 1.06e-06 3.03e-01  -4.1 6.76e-03    -  1.00e+00 1.00e+00h  1
 664  5.8654618e+00 4.30e-07 3.36e-01  -4.1 4.06e-03    -  1.00e+00 1.00e+00h  1
 665  5.8654753e+00 2.44e-07 9.20e-02  -4.1 3.14e-03    -  1.00e+00 1.00e+00h  1
 666  5.8654794e+00 6.87e-08 5.39e-02  -4.1 6.69e-04    -  1.00e+00 1.00e+00h  1
 667  5.8654807e+00 4.33e-10 2.11e-01  -4.1 1.91e-03    -  1.00e+00 1.00e+00H  1
 668  5.8694651e+00 2.35e-05 2.12e+00  -4.0 2.43e-02    -  1.00e+00 1.00e+00f  1
 669  5.8654473e+00 1.21e-05 1.24e+00  -4.1 1.95e-02    -  1.00e+00 1.00e+00h  1
iter    objective    inf_pr   inf_du lg(mu)  ||d||  lg(rg) alpha_du alpha_pr  ls
 670  5.8654227e+00 5.10e-05 4.70e+00  -4.1 4.23e-02    -  1.00e+00 1.00e+00h  1
 671  5.8653823e+00 4.65e-05 4.79e-01  -4.1 4.03e-02    -  1.00e+00 1.00e+00h  1
 672  5.8651894e+00 9.99e-05 6.06e+00  -4.1 6.30e-02    -  1.00e+00 1.00e+00h  1
 673  5.8639286e+00 7.58e-05 8.71e-01  -4.1 5.20e-02    -  1.00e+00 1.00e+00h  1
 674  5.8650215e+00 1.92e-05 2.71e+00  -4.1 3.20e-02    -  1.00e+00 1.00e+00h  1
 675  5.8647004e+00 1.37e-05 2.61e-01  -4.1 2.59e-02    -  1.00e+00 1.00e+00h  1
 676  5.8652178e+00 1.00e-06 8.62e-01  -4.1 5.62e-03    -  1.00e+00 1.00e+00h  1
 677  5.8689460e+00 9.07e-06 1.55e+00  -4.0 1.63e-02    -  1.00e+00 1.00e+00h  1
 678  5.8656302e+00 1.14e-05 4.15e-01  -4.1 1.92e-02    -  1.00e+00 1.00e+00h  1
 679  5.8654349e+00 5.19e-06 1.49e+00  -4.1 1.57e-02    -  1.00e+00 1.00e+00h  1
iter    objective    inf_pr   inf_du lg(mu)  ||d||  lg(rg) alpha_du alpha_pr  ls
 680  5.8653203e+00 4.82e-06 2.25e-01  -4.1 1.50e-02    -  1.00e+00 1.00e+00h  1
 681  5.8655146e+00 7.58e-07 2.70e-01  -4.1 3.48e-03    -  1.00e+00 1.00e+00h  1
 682  5.8654993e+00 3.92e-07 6.43e-02  -4.1 2.25e-03    -  1.00e+00 1.00e+00h  1
 683  5.8655045e+00 3.39e-08 5.08e-02  -4.1 5.98e-04    -  1.00e+00 1.00e+00h  1
 684  5.8655116e+00 1.21e-09 1.55e-02  -4.1 2.02e-04    -  1.00e+00 1.00e+00H  1
 685  5.8655123e+00 3.29e-09 2.27e-02  -4.1 2.67e-04    -  1.00e+00 1.00e+00H  1
 686  5.8655052e+00 6.41e-10 8.27e-02  -4.1 1.07e-03    -  1.00e+00 1.00e+00H  1
 687  5.8654978e+00 2.15e-10 1.12e-01  -4.1 1.02e-03    -  1.00e+00 1.00e+00H  1
 688  5.8654966e+00 7.41e-10 1.36e-01  -4.1 1.48e-03    -  1.00e+00 1.00e+00H  1
 689  5.8654976e+00 2.55e-10 1.55e-01  -4.1 1.40e-03    -  1.00e+00 1.00e+00H  1
iter    objective    inf_pr   inf_du lg(mu)  ||d||  lg(rg) alpha_du alpha_pr  ls
 690  5.8654926e+00 1.41e-09 1.74e-02  -4.1 1.29e-03    -  1.00e+00 1.00e+00H  1
 691  5.8654906e+00 1.54e-10 1.52e-02  -4.1 4.46e-04    -  1.00e+00 1.00e+00H  1
 692  5.8654923e+00 9.12e-10 8.10e-02  -4.1 9.48e-04    -  1.00e+00 1.00e+00H  1
 693  5.8655003e+00 4.08e-11 1.01e+00  -4.1 9.95e-03    -  1.00e+00 1.00e+00H  1
 694  5.8655064e+00 3.23e-12 1.31e+00  -4.1 5.96e-03    -  1.00e+00 1.00e+00H  1
 695  5.8654599e+00 4.18e-06 4.62e-01  -4.1 1.33e-02    -  1.00e+00 1.00e+00h  1
 696  5.8654690e+00 2.10e-06 8.27e-01  -4.1 1.07e-02    -  1.00e+00 5.00e-01h  2
 697  5.8654705e+00 1.85e-06 8.34e-01  -4.1 4.19e-03    -  1.00e+00 1.25e-01h  4
 698  5.8654686e+00 3.74e-07 1.34e-01  -4.1 3.40e-03    -  1.00e+00 1.00e+00h  1
 699  5.8654786e+00 1.93e-07 2.65e-01  -4.1 3.06e-03    -  1.00e+00 5.00e-01h  2
iter    objective    inf_pr   inf_du lg(mu)  ||d||  lg(rg) alpha_du alpha_pr  ls
 700  5.8654817e+00 1.40e-07 4.59e-01  -4.1 9.78e-04    -  1.00e+00 2.50e-01h  3
 701  5.8654818e+00 1.39e-07 5.87e-01  -4.1 5.99e-04    -  1.00e+00 7.81e-03h  8
 702  5.8654818e+00 1.39e-07 3.76e-01  -4.1 9.38e-04    -  1.00e+00 3.91e-03h  9
 703  5.8654818e+00 1.39e-07 6.91e-01  -4.1 6.45e-04    -  1.00e+00 9.77e-04h 11
 704  5.8654945e+00 6.09e-08 3.16e-02  -4.1 8.74e-04    -  1.00e+00 1.00e+00h  1
 705  5.8654899e+00 1.84e-08 4.10e-02  -4.1 4.03e-04    -  1.00e+00 1.00e+00h  1
 706  5.8654916e+00 8.48e-09 5.63e-03  -4.1 2.15e-04    -  1.00e+00 1.00e+00h  1
 707  5.8654901e+00 6.48e-09 5.97e-03  -4.1 6.38e-05    -  1.00e+00 1.00e+00h  1
 708  5.8654920e+00 9.22e-10 2.35e-01  -4.1 3.28e-03    -  1.00e+00 1.00e+00H  1
 709  5.8654936e+00 2.88e-10 6.85e-01  -4.1 4.53e-03    -  1.00e+00 1.00e+00H  1
iter    objective    inf_pr   inf_du lg(mu)  ||d||  lg(rg) alpha_du alpha_pr  ls
 710  5.8655004e+00 2.12e-09 1.44e-01  -4.1 3.60e-03    -  1.00e+00 1.00e+00H  1
 711  5.8654884e+00 2.58e-07 2.91e-01  -4.1 3.52e-03    -  1.00e+00 1.00e+00h  1
 712  5.8655019e+00 1.15e-09 9.60e-02  -4.1 3.21e-03    -  1.00e+00 1.00e+00H  1
 713  5.8655029e+00 1.17e-10 2.76e-01  -4.1 2.84e-03    -  1.00e+00 1.00e+00H  1
 714  5.8654975e+00 1.82e-07 2.89e-02  -4.1 2.00e-03    -  1.00e+00 1.00e+00h  1
 715  5.8655005e+00 6.96e-08 8.31e-02  -4.1 5.75e-04    -  1.00e+00 5.00e-01h  2
 716  5.8655015e+00 3.76e-08 4.51e-02  -4.1 1.64e-04    -  1.00e+00 5.00e-01h  2
 717  5.8655000e+00 3.28e-08 1.94e-02  -4.1 2.32e-04    -  1.00e+00 1.00e+00h  1
 718  5.8654989e+00 1.12e-10 3.67e-02  -4.1 4.24e-04    -  1.00e+00 1.00e+00H  1
 719  5.8654992e+00 3.14e-10 8.68e-02  -4.1 7.41e-04    -  1.00e+00 1.00e+00H  1
iter    objective    inf_pr   inf_du lg(mu)  ||d||  lg(rg) alpha_du alpha_pr  ls
 720  5.8655000e+00 2.57e-11 6.28e-01  -4.1 5.18e-03    -  1.00e+00 1.00e+00H  1
 721  5.8654965e+00 2.23e-09 2.96e-01  -4.1 2.48e-03    -  1.00e+00 1.00e+00H  1
 722  5.8654907e+00 3.88e-12 3.96e-01  -4.1 3.78e-03    -  1.00e+00 1.00e+00H  1
 723  5.8654955e+00 4.33e-10 1.09e-01  -4.1 2.90e-03    -  1.00e+00 1.00e+00H  1
 724  5.8654942e+00 6.12e-11 6.24e-01  -4.1 5.66e-03    -  1.00e+00 1.00e+00H  1
 725  5.8655002e+00 2.80e-11 4.94e-01  -4.1 2.51e-03    -  1.00e+00 1.00e+00H  1
 726  5.8654851e+00 3.31e-07 1.15e-01  -4.1 2.62e-03    -  1.00e+00 1.00e+00h  1
 727  5.8654851e+00 3.30e-07 4.79e-01  -4.1 2.40e-03    -  1.00e+00 3.91e-03h  9
 728  5.8654910e+00 1.66e-07 2.69e-01  -4.1 6.58e-04    -  1.00e+00 5.00e-01h  2
 729  5.8654936e+00 1.17e-07 4.22e-01  -4.1 8.69e-04    -  1.00e+00 2.50e-01h  3
iter    objective    inf_pr   inf_du lg(mu)  ||d||  lg(rg) alpha_du alpha_pr  ls
 730  5.8654949e+00 2.35e-08 8.59e-03  -4.1 1.78e-04    -  1.00e+00 1.00e+00h  1
 731  5.8654947e+00 6.57e-09 1.43e-02  -4.1 1.21e-04    -  1.00e+00 1.00e+00h  1
 732  5.8654946e+00 3.79e-08 4.26e-02  -4.1 4.32e-04    -  1.00e+00 1.00e+00h  1
 733  5.8654994e+00 2.32e-11 3.94e-01  -4.1 3.58e-03    -  1.00e+00 1.00e+00H  1
 734  5.8654972e+00 3.44e-10 1.82e-01  -4.1 1.63e-03    -  1.00e+00 1.00e+00H  1
 735  5.8654975e+00 1.12e-07 1.14e-01  -4.1 1.11e-03    -  1.00e+00 1.00e+00h  1
 736  5.8654999e+00 3.90e-10 8.26e-02  -4.1 1.26e-03    -  1.00e+00 1.00e+00H  1
 737  5.8655020e+00 7.65e-12 1.15e-01  -4.1 1.51e-03    -  1.00e+00 1.00e+00H  1
 738  5.8654978e+00 6.52e-10 2.72e-02  -4.1 1.28e-03    -  1.00e+00 1.00e+00H  1
 739  5.8654960e+00 3.56e-08 3.36e-02  -4.1 3.50e-04    -  1.00e+00 1.00e+00h  1
iter    objective    inf_pr   inf_du lg(mu)  ||d||  lg(rg) alpha_du alpha_pr  ls
 740  5.8654979e+00 1.76e-08 6.56e-02  -4.1 1.94e-04    -  1.00e+00 5.00e-01h  2
 741  5.8654980e+00 1.63e-08 4.18e-02  -4.1 1.09e-04    -  1.00e+00 6.25e-02h  5
 742  5.8654980e+00 1.63e-08 4.47e-02  -4.1 9.61e-05    -  1.00e+00 3.91e-03h  9
 743  5.8654980e+00 1.62e-08 6.39e-02  -4.1 1.04e-04    -  1.00e+00 1.95e-03h 10
 744  5.8654980e+00 1.62e-08 7.19e-02  -4.1 1.14e-04    -  1.00e+00 9.77e-04h 11
 745  5.8654993e+00 8.24e-09 6.96e-03  -4.1 1.42e-04    -  1.00e+00 1.00e+00h  1
 746  5.8654992e+00 2.67e-09 2.49e-03  -4.1 6.03e-05    -  1.00e+00 1.00e+00h  1
 747  5.8654990e+00 9.67e-10 2.21e-03  -4.1 3.56e-05    -  1.00e+00 1.00e+00h  1
 748  5.8654989e+00 1.01e-09 5.89e-04  -4.1 1.55e-05    -  1.00e+00 1.00e+00h  1
 749  5.8562325e+00 2.74e-05 2.62e+00  -6.1 3.45e-02    -  8.61e-01 9.55e-01f  1
iter    objective    inf_pr   inf_du lg(mu)  ||d||  lg(rg) alpha_du alpha_pr  ls
 750  5.8749336e+00 1.31e-04 2.90e+00  -4.0 8.01e-02    -  1.00e+00 1.00e+00f  1
 751  5.8650640e+00 1.86e-04 6.90e+00  -4.1 7.59e-02    -  1.00e+00 1.00e+00h  1
 752  5.8639909e+00 4.93e-05 1.15e+00  -4.1 4.79e-02    -  1.00e+00 1.00e+00h  1
 753  5.8654262e+00 3.30e-06 7.76e-01  -4.1 1.11e-02    -  1.00e+00 1.00e+00h  1
 754  5.8659465e+00 1.31e-06 7.25e-01  -4.1 9.66e-03    -  1.00e+00 1.00e+00h  1
 755  5.8660009e+00 2.73e-07 1.77e-01  -4.1 2.86e-03    -  1.00e+00 1.00e+00h  1
 756  5.8660428e+00 4.23e-08 9.74e-02  -4.1 1.21e-03    -  1.00e+00 1.00e+00h  1
 757  5.8660415e+00 5.11e-08 6.64e-02  -4.1 7.23e-04    -  1.00e+00 1.00e+00h  1
 758  5.8660261e+00 1.12e-07 7.16e-02  -4.1 1.05e-03    -  1.00e+00 1.00e+00h  1
 759  5.8660279e+00 5.63e-08 5.61e-02  -4.1 6.07e-04    -  1.00e+00 1.00e+00h  1
iter    objective    inf_pr   inf_du lg(mu)  ||d||  lg(rg) alpha_du alpha_pr  ls
 760  5.8660226e+00 3.64e-08 3.37e-02  -4.1 3.99e-04    -  1.00e+00 1.00e+00h  1
 761  5.8660114e+00 3.32e-08 1.66e-02  -4.1 2.14e-04    -  1.00e+00 1.00e+00h  1
 762  5.8660036e+00 1.35e-10 4.91e-02  -4.1 7.36e-04    -  1.00e+00 1.00e+00H  1
 763  5.8660044e+00 1.12e-08 3.70e-02  -4.1 3.91e-04    -  1.00e+00 1.00e+00h  1
 764  5.8660048e+00 8.18e-09 1.73e-02  -4.1 2.79e-04    -  1.00e+00 1.00e+00h  1
 765  5.8660047e+00 6.44e-09 5.33e-02  -4.1 1.43e-04    -  1.00e+00 2.50e-01h  3
 766  5.8660032e+00 1.63e-10 5.31e-03  -4.1 1.91e-04    -  1.00e+00 1.00e+00H  1
 767  5.8660027e+00 7.76e-11 1.38e-02  -4.1 1.73e-04    -  1.00e+00 1.00e+00H  1
 768  5.8660039e+00 3.56e-12 1.35e-01  -4.1 1.53e-03    -  1.00e+00 1.00e+00H  1
 769  5.8660058e+00 3.95e-12 1.68e-01  -4.1 6.87e-04    -  1.00e+00 1.00e+00H  1
iter    objective    inf_pr   inf_du lg(mu)  ||d||  lg(rg) alpha_du alpha_pr  ls
 770  5.8660026e+00 1.35e-11 3.98e-02  -4.1 1.10e-03    -  1.00e+00 1.00e+00H  1
 771  5.8659991e+00 1.60e-11 1.30e-01  -4.1 8.12e-04    -  1.00e+00 1.00e+00H  1
 772  5.8660033e+00 4.35e-12 1.15e-02  -4.1 8.80e-04    -  1.00e+00 1.00e+00H  1
 773  5.8660042e+00 6.87e-12 4.47e-02  -4.1 4.37e-04    -  1.00e+00 1.00e+00H  1
 774  5.8660030e+00 7.11e-12 1.55e-02  -4.1 4.25e-04    -  1.00e+00 1.00e+00H  1
 775  5.8660019e+00 4.91e-08 2.83e-02  -4.1 2.88e-04    -  1.00e+00 1.00e+00h  1
 776  5.8660020e+00 4.62e-08 1.16e-01  -4.1 2.50e-04    -  1.00e+00 3.12e-02h  6
 777  5.8660045e+00 5.22e-12 4.91e-02  -4.1 7.27e-04    -  1.00e+00 1.00e+00H  1
 778  5.8660047e+00 3.67e-12 5.56e-02  -4.1 4.48e-04    -  1.00e+00 1.00e+00H  1
 779  5.8660037e+00 6.80e-12 1.40e-02  -4.1 2.91e-04    -  1.00e+00 1.00e+00H  1
iter    objective    inf_pr   inf_du lg(mu)  ||d||  lg(rg) alpha_du alpha_pr  ls
 780  5.8660031e+00 1.34e-12 1.95e-02  -4.1 2.00e-04    -  1.00e+00 1.00e+00H  1
 781  5.8660038e+00 2.61e-08 7.02e-03  -4.1 2.07e-04    -  1.00e+00 1.00e+00h  1
 782  5.8660046e+00 5.54e-08 3.02e-02  -4.1 3.15e-04    -  1.00e+00 1.00e+00h  1
 783  5.8660042e+00 1.52e-08 1.88e-02  -4.1 1.93e-04    -  1.00e+00 1.00e+00h  1
 784  5.8660043e+00 1.52e-08 1.27e-01  -4.1 1.05e-04    -  1.00e+00 3.12e-02h  6
 785  5.8660058e+00 2.80e-13 2.64e-02  -4.1 4.08e-04    -  1.00e+00 1.00e+00H  1
 786  5.8660090e+00 5.36e-10 2.63e-01  -4.1 3.38e-03    -  1.00e+00 1.00e+00H  1
 787  5.8660043e+00 2.37e-07 1.68e-01  -4.1 1.38e-03    -  1.00e+00 1.00e+00h  1
 788  5.8660075e+00 2.11e-07 1.48e-01  -4.1 1.45e-03    -  1.00e+00 5.00e-01h  2
 789  5.8660087e+00 1.38e-07 4.02e-02  -4.1 5.51e-04    -  1.00e+00 1.00e+00h  1
iter    objective    inf_pr   inf_du lg(mu)  ||d||  lg(rg) alpha_du alpha_pr  ls
 790  5.8660088e+00 1.33e-07 5.95e-02  -4.1 5.86e-04    -  1.00e+00 1.00e+00h  1
 791  5.8660082e+00 3.95e-08 6.06e-02  -4.1 4.77e-04    -  1.00e+00 1.00e+00h  1
 792  5.8660111e+00 2.01e-09 1.70e-02  -4.1 5.09e-04    -  1.00e+00 1.00e+00H  1
 793  5.8660096e+00 5.28e-08 1.52e-02  -4.1 2.62e-04    -  1.00e+00 1.00e+00h  1
 794  5.8660095e+00 3.18e-08 1.81e-02  -4.1 1.74e-04    -  1.00e+00 1.00e+00h  1
 795  5.8660100e+00 6.61e-10 2.63e-02  -4.1 3.23e-04    -  1.00e+00 1.00e+00H  1
 796  5.8660106e+00 1.54e-07 6.96e-02  -4.1 5.21e-04    -  1.00e+00 1.00e+00h  1
 797  5.8660130e+00 3.61e-11 2.07e-01  -4.1 1.51e-03    -  1.00e+00 1.00e+00H  1
 798  5.8660104e+00 3.11e-11 1.22e-01  -4.1 9.51e-04    -  1.00e+00 1.00e+00H  1
 799  5.8660131e+00 4.04e-10 4.88e-02  -4.1 6.70e-04    -  1.00e+00 1.00e+00H  1
iter    objective    inf_pr   inf_du lg(mu)  ||d||  lg(rg) alpha_du alpha_pr  ls
 800  5.8660119e+00 5.31e-08 2.90e-02  -4.1 4.94e-04    -  1.00e+00 1.00e+00h  1
 801  5.8660127e+00 4.64e-08 1.85e-01  -4.1 2.37e-04    -  1.00e+00 2.50e-01h  3
 802  5.8660127e+00 4.74e-08 4.06e-02  -4.1 2.34e-04    -  1.00e+00 6.25e-02h  5
 803  5.8660129e+00 1.02e-11 5.93e-02  -4.1 7.34e-04    -  1.00e+00 1.00e+00H  1
 804  5.8660129e+00 3.67e-11 5.94e-02  -4.1 4.76e-03    -  1.00e+00 3.05e-05h 16
 805  5.8660129e+00 5.94e-11 1.74e-01  -4.1 1.35e-02    -  1.00e+00 7.63e-06h 18
 806  5.8660138e+00 2.76e-12 3.80e-02  -4.1 4.49e-04    -  1.00e+00 1.00e+00H  1
 807  5.8660187e+00 2.27e-12 3.02e-01  -4.1 2.96e-03    -  1.00e+00 1.00e+00H  1
 808  5.8660104e+00 6.34e-07 6.32e-02  -4.1 2.37e-03    -  1.00e+00 1.00e+00h  1
 809  5.8660129e+00 8.97e-07 3.39e-01  -4.1 2.58e-03    -  1.00e+00 1.00e+00h  1
iter    objective    inf_pr   inf_du lg(mu)  ||d||  lg(rg) alpha_du alpha_pr  ls
 810  5.8660146e+00 1.55e-07 1.87e-01  -4.1 1.88e-03    -  1.00e+00 5.00e-01h  2
 811  5.8660095e+00 8.76e-08 1.41e-01  -4.1 1.43e-03    -  1.00e+00 1.00e+00h  1
 812  5.8660114e+00 4.86e-08 4.09e-01  -4.1 1.25e-03    -  1.00e+00 2.50e-01h  3
 813  5.8660143e+00 3.01e-12 1.32e-02  -4.1 8.67e-04    -  1.00e+00 1.00e+00H  1
 814  5.8660143e+00 2.75e-12 1.90e-01  -4.1 1.87e-04    -  1.00e+00 6.10e-05h 15
 815r 5.8660143e+00 2.75e-12 4.63e+02  -4.1 0.00e+00    -  0.00e+00 4.77e-07R 22
 816r 5.8673081e+00 6.28e-07 6.25e-02  -4.0 4.07e-03    -  1.00e+00 1.00e+00f  1
 817r 5.8815467e+00 8.96e-05 1.91e+01  -4.1 5.62e-02    -  8.56e-01 1.00e+00f  1
 818r 5.9708247e+00 1.72e-03 3.91e+00  -4.0 2.85e-01    -  4.78e-01 1.00e+00h  1
 819r 5.9842830e+00 2.19e-04 1.34e-01  -4.1 7.93e-02    -  1.00e+00 1.00e+00h  1
iter    objective    inf_pr   inf_du lg(mu)  ||d||  lg(rg) alpha_du alpha_pr  ls
 820r 6.0176056e+00 2.24e-04 2.45e-01  -4.0 1.10e-01    -  1.00e+00 1.00e+00h  1
 821r 6.0029898e+00 9.80e-05 6.53e-02  -4.1 5.92e-02    -  1.00e+00 1.00e+00h  1
 822r 6.0189729e+00 1.08e-04 1.32e-01  -4.0 6.54e-02    -  1.00e+00 1.00e+00h  1
 823r 6.0058972e+00 5.52e-05 4.03e-02  -4.1 4.50e-02    -  1.00e+00 1.00e+00h  1
 824r 6.0200976e+00 8.11e-05 9.59e-02  -4.0 6.22e-02    -  1.00e+00 1.00e+00h  1
 825r 6.0062936e+00 5.35e-05 4.89e-02  -4.1 4.67e-02    -  1.00e+00 1.00e+00h  1
 826r 6.0191000e+00 7.48e-05 7.10e-02  -4.0 5.29e-02    -  1.00e+00 1.00e+00h  1
 827r 6.0046624e+00 8.20e-05 5.57e-02  -4.1 4.71e-02    -  1.00e+00 1.00e+00h  1
 828r 6.0191917e+00 8.65e-05 1.03e-01  -4.0 5.23e-02    -  1.00e+00 1.00e+00h  1
 829r 6.0055562e+00 5.58e-05 5.86e-02  -4.1 4.62e-02    -  1.00e+00 1.00e+00h  1
iter    objective    inf_pr   inf_du lg(mu)  ||d||  lg(rg) alpha_du alpha_pr  ls
 830r 6.0063497e+00 1.52e-05 4.12e-02  -4.1 2.75e-02    -  1.00e+00 1.00e+00h  1
 831r 6.0195304e+00 3.98e-05 3.84e-02  -4.0 4.37e-02    -  1.00e+00 1.00e+00f  1
 832r 6.0077479e+00 3.67e-05 2.67e-02  -4.1 3.85e-02    -  1.00e+00 1.00e+00h  1
 833r 6.0058496e+00 2.35e-05 5.02e-02  -4.1 3.01e-02    -  1.00e+00 1.00e+00h  1
 834r 6.0205632e+00 7.09e-05 3.84e-02  -4.0 5.20e-02    -  1.00e+00 1.00e+00f  1
 835r 6.0076425e+00 4.31e-05 2.81e-02  -4.1 4.46e-02    -  1.00e+00 1.00e+00h  1
 836r 6.0062774e+00 8.27e-06 2.61e-02  -4.1 1.82e-02    -  1.00e+00 1.00e+00h  1
 837r 6.0186465e+00 3.27e-05 2.34e-02  -4.0 3.98e-02    -  1.00e+00 1.00e+00f  1
 838r 6.0073968e+00 3.97e-05 1.96e-02  -4.1 3.98e-02    -  1.00e+00 1.00e+00h  1
 839r 6.0064289e+00 3.51e-06 2.44e-02  -4.1 1.36e-02    -  1.00e+00 1.00e+00h  1
iter    objective    inf_pr   inf_du lg(mu)  ||d||  lg(rg) alpha_du alpha_pr  ls
 840r 6.0198016e+00 3.51e-05 2.45e-02  -4.0 4.14e-02    -  1.00e+00 1.00e+00f  1
 841r 6.0080184e+00 2.93e-05 1.67e-02  -4.1 3.66e-02    -  1.00e+00 1.00e+00h  1
 842r 6.0063224e+00 1.37e-05 3.65e-02  -4.1 2.18e-02    -  1.00e+00 1.00e+00h  1
 843r 6.0070141e+00 3.11e-06 7.09e-03  -4.1 1.12e-02    -  1.00e+00 1.00e+00h  1
 844r 6.0194554e+00 3.28e-05 2.33e-02  -4.0 4.12e-02    -  1.00e+00 1.00e+00f  1
 845r 6.0083084e+00 2.92e-05 5.90e-02  -4.1 3.82e-02    -  1.00e+00 1.00e+00h  1
 846r 6.0048063e+00 3.50e-05 6.71e-02  -4.1 4.14e-02    -  1.00e+00 1.00e+00h  1
 847r 6.0232042e+00 9.06e-05 4.17e-02  -4.0 6.31e-02    -  1.00e+00 1.00e+00h  1
 848r 6.0100431e+00 5.21e-05 3.13e-02  -4.1 4.68e-02    -  1.00e+00 1.00e+00h  1
 849r 6.0090227e+00 9.14e-06 1.42e-02  -4.1 2.00e-02    -  1.00e+00 1.00e+00h  1
iter    objective    inf_pr   inf_du lg(mu)  ||d||  lg(rg) alpha_du alpha_pr  ls
 850r 6.0073792e+00 1.49e-06 1.03e-02  -4.1 8.68e-03    -  1.00e+00 1.00e+00h  1
 851r 6.0066652e+00 2.53e-07 2.37e-03  -4.1 2.86e-03    -  1.00e+00 1.00e+00h  1
 852r 6.0250237e+00 1.70e-04 1.53e-01  -4.0 6.87e-02    -  1.00e+00 1.00e+00f  1
 853r 6.0077093e+00 9.75e-05 6.07e-02  -4.1 6.12e-02    -  1.00e+00 1.00e+00h  1
 854r 6.0085795e+00 3.51e-05 9.16e-02  -4.1 5.01e-02    -  1.00e+00 1.00e+00h  1
 855r 6.0067121e+00 7.37e-06 8.10e-03  -4.1 1.80e-02    -  1.00e+00 1.00e+00h  1
 856r 6.0066889e+00 3.67e-07 4.79e-03  -4.1 4.17e-03    -  1.00e+00 1.00e+00h  1
 857r 6.0227057e+00 4.91e-05 4.55e-02  -4.0 5.34e-02    -  1.00e+00 1.00e+00f  1
 858r 6.0080624e+00 4.42e-05 5.21e-02  -4.1 4.84e-02    -  1.00e+00 1.00e+00h  1
 859r 6.0056580e+00 5.47e-05 6.56e-02  -4.1 4.78e-02    -  1.00e+00 1.00e+00h  1
iter    objective    inf_pr   inf_du lg(mu)  ||d||  lg(rg) alpha_du alpha_pr  ls
 860r 6.0063056e+00 7.84e-06 8.83e-03  -4.1 1.89e-02    -  1.00e+00 1.00e+00h  1
 861r 6.0064832e+00 3.84e-07 2.32e-03  -4.1 4.85e-03    -  1.00e+00 1.00e+00h  1
 862r 6.0183558e+00 2.67e-05 1.49e-02  -4.0 3.98e-02    -  1.00e+00 1.00e+00f  1
 863r 6.0073781e+00 2.23e-05 1.62e-02  -4.1 3.72e-02    -  1.00e+00 1.00e+00h  1
 864r 6.0064780e+00 1.31e-06 1.29e-02  -4.1 1.02e-02    -  1.00e+00 1.00e+00h  1
 865r 6.0064576e+00 4.05e-07 4.43e-03  -4.1 4.48e-03    -  1.00e+00 1.00e+00h  1
 866r 6.0188534e+00 3.16e-05 3.48e-02  -4.0 4.17e-02    -  1.00e+00 1.00e+00f  1
 867r 6.0077165e+00 3.76e-05 1.54e-02  -4.1 3.80e-02    -  1.00e+00 1.00e+00h  1
 868r 6.0062817e+00 5.37e-06 2.97e-02  -4.1 1.58e-02    -  1.00e+00 1.00e+00h  1
 869r 6.0204626e+00 3.34e-05 2.51e-02  -4.0 4.64e-02    -  1.00e+00 1.00e+00f  1
iter    objective    inf_pr   inf_du lg(mu)  ||d||  lg(rg) alpha_du alpha_pr  ls
 870r 6.0090262e+00 3.05e-05 2.16e-02  -4.1 3.82e-02    -  1.00e+00 1.00e+00h  1
 871r 6.0068707e+00 1.47e-05 3.53e-02  -4.1 2.24e-02    -  1.00e+00 1.00e+00h  1
 872r 6.0070433e+00 3.85e-06 1.13e-02  -4.1 1.32e-02    -  1.00e+00 1.00e+00h  1
 873r 6.0069172e+00 3.43e-07 2.45e-03  -4.1 3.37e-03    -  1.00e+00 1.00e+00h  1
 874r 6.0189185e+00 2.88e-05 7.69e-02  -4.0 3.71e-02    -  1.00e+00 1.00e+00f  1
 875r 6.0058790e+00 4.00e-05 6.00e-02  -4.1 4.39e-02    -  1.00e+00 1.00e+00h  1
 876r 6.0060700e+00 3.13e-05 4.92e-02  -4.1 3.82e-02    -  1.00e+00 1.00e+00h  1
 877r 6.0063873e+00 2.69e-06 5.33e-03  -4.1 1.14e-02    -  1.00e+00 1.00e+00h  1
 878r 6.0164298e+00 2.69e-05 3.33e-02  -4.0 3.47e-02    -  1.00e+00 1.00e+00f  1
 879r 6.0068350e+00 2.59e-05 2.21e-02  -4.1 3.60e-02    -  1.00e+00 1.00e+00h  1
iter    objective    inf_pr   inf_du lg(mu)  ||d||  lg(rg) alpha_du alpha_pr  ls
 880r 6.0050033e+00 2.70e-05 4.39e-02  -4.1 3.71e-02    -  1.00e+00 1.00e+00h  1
 881r 6.0223135e+00 6.42e-05 3.58e-02  -4.0 5.65e-02    -  1.00e+00 1.00e+00f  1
 882r 6.0090706e+00 4.13e-05 1.15e-02  -4.1 4.27e-02    -  1.00e+00 1.00e+00h  1
 883r 6.0073058e+00 1.21e-06 1.20e-02  -4.1 7.87e-03    -  1.00e+00 1.00e+00h  1
 884r 6.0063634e+00 8.06e-07 7.15e-03  -4.1 5.34e-03    -  1.00e+00 1.00e+00h  1
 885r 6.0064022e+00 1.50e-07 2.21e-03  -4.1 1.80e-03    -  1.00e+00 1.00e+00h  1
 886r 6.0175896e+00 4.27e-05 5.64e-02  -4.0 4.01e-02    -  1.00e+00 1.00e+00f  1
 887r 6.0056016e+00 3.29e-05 3.61e-02  -4.1 4.09e-02    -  1.00e+00 1.00e+00h  1
 888r 6.0077738e+00 4.93e-05 7.13e-02  -4.1 5.13e-02    -  1.00e+00 1.00e+00h  1
 889r 6.0058779e+00 1.11e-05 4.50e-03  -4.1 2.46e-02    -  1.00e+00 1.00e+00h  1
iter    objective    inf_pr   inf_du lg(mu)  ||d||  lg(rg) alpha_du alpha_pr  ls
 890r 6.0200787e+00 4.09e-05 3.66e-02  -4.0 4.70e-02    -  1.00e+00 1.00e+00f  1
 891r 6.0073490e+00 4.24e-05 2.39e-02  -4.1 4.31e-02    -  1.00e+00 1.00e+00h  1
 892r 6.0067814e+00 6.11e-06 3.16e-02  -4.1 1.84e-02    -  1.00e+00 1.00e+00h  1
 893r 6.0068024e+00 1.26e-06 6.11e-03  -4.1 8.17e-03    -  1.00e+00 1.00e+00h  1
 894r 6.0066226e+00 1.78e-07 1.21e-03  -4.1 1.70e-03    -  1.00e+00 1.00e+00h  1
 895r 5.9676533e+00 2.99e-04 3.57e+00  -6.1 1.41e-01    -  7.48e-01 9.94e-01f  1
 896r 6.0300160e+00 3.41e-03 3.92e+00  -4.0 2.64e+00    -  2.27e-01 1.42e-01f  1
 897r 5.9510393e+00 1.65e-03 2.97e+00  -4.8 2.98e-01    -  4.00e-01 1.00e+00h  1
 898r 5.9550693e+00 4.15e-04 2.19e-02  -4.8 1.29e-01    -  1.00e+00 1.00e+00h  1
 899r 6.0475573e+00 3.51e-03 2.61e+00  -4.0 5.70e-01    -  1.00e+00 6.35e-01f  1
iter    objective    inf_pr   inf_du lg(mu)  ||d||  lg(rg) alpha_du alpha_pr  ls
 900r 6.0178016e+00 7.72e-04 8.11e-02  -4.2 1.67e-01    -  1.00e+00 1.00e+00h  1
 901r 5.9976702e+00 2.42e-04 3.87e-02  -4.2 8.81e-02    -  1.00e+00 1.00e+00h  1
 902r 6.0420719e+00 5.25e-04 2.44e-01  -4.0 1.58e-01    -  1.00e+00 1.00e+00f  1
 903r 6.0156067e+00 1.98e-04 9.59e-02  -4.1 9.04e-02    -  1.00e+00 1.00e+00h  1
 904r 6.0136245e+00 2.58e-04 7.12e-02  -4.1 1.06e-01    -  1.00e+00 1.00e+00h  1
 905r 6.0092940e+00 4.59e-05 1.37e-02  -4.1 4.21e-02    -  1.00e+00 1.00e+00h  1
 906r 6.0077040e+00 1.35e-06 1.01e-02  -4.1 7.55e-03    -  1.00e+00 1.00e+00h  1
 907r 6.0063166e+00 7.79e-07 5.22e-03  -4.1 4.45e-03    -  1.00e+00 1.00e+00h  1
 908r 6.0062804e+00 5.13e-07 3.84e-03  -4.1 4.95e-03    -  1.00e+00 1.00e+00h  1
 909r 5.9414215e+00 1.25e-03 3.82e+00  -6.1 2.39e-01    -  7.36e-01 9.94e-01f  1
iter    objective    inf_pr   inf_du lg(mu)  ||d||  lg(rg) alpha_du alpha_pr  ls
 910r 5.9374979e+00 4.40e-05 2.68e-01  -6.1 4.71e-02    -  8.61e-01 1.00e+00h  1
 911r 6.0872048e+00 5.30e-03 2.95e+00  -4.0 3.47e+00    -  5.29e-01 1.41e-01f  1
 912r 6.0139897e+00 1.25e-03 3.64e-02  -4.7 2.38e-01    -  1.00e+00 1.00e+00h  1
 913r 5.9806113e+00 5.76e-04 4.11e+00  -4.7 1.32e-01    -  3.63e-01 1.00e+00h  1
 914r 5.9605504e+00 2.89e-04 2.54e-02  -4.7 1.17e-01    -  1.00e+00 1.00e+00h  1
 915r 5.9586182e+00 2.58e-05 8.16e-03  -4.7 2.40e-02    -  1.00e+00 1.00e+00h  1
 916r 6.1751574e+00 1.22e-02 9.82e-01  -4.0 6.94e-01    -  1.00e+00 1.00e+00f  1
 917r 6.0901919e+00 2.74e-03 4.06e-01  -4.1 2.71e-01    -  1.00e+00 1.00e+00h  1
 918r 6.0329209e+00 7.30e-04 4.04e-02  -4.1 1.77e-01    -  1.00e+00 1.00e+00h  1
 919r 5.9964265e+00 7.72e-04 1.74e-01  -4.1 1.84e-01    -  1.00e+00 1.00e+00h  1
iter    objective    inf_pr   inf_du lg(mu)  ||d||  lg(rg) alpha_du alpha_pr  ls
 920r 6.0022171e+00 3.92e-04 5.03e-02  -4.1 1.28e-01    -  1.00e+00 1.00e+00h  1
 921r 6.0042038e+00 2.46e-05 5.28e-02  -4.1 3.44e-02    -  1.00e+00 1.00e+00h  1
 922r 6.0072838e+00 9.02e-06 1.77e-02  -4.1 1.48e-02    -  1.00e+00 1.00e+00h  1
 923r 6.0068582e+00 1.51e-06 7.67e-03  -4.1 4.96e-03    -  1.00e+00 1.00e+00h  1
 924r 6.0073990e+00 6.84e-07 4.00e-03  -4.1 4.48e-03    -  1.00e+00 1.00e+00h  1
 925r 5.9648535e+00 4.91e-04 8.31e-01  -6.1 1.40e-01    -  9.20e-01 9.98e-01f  1
 926r 5.9516537e+00 4.62e-05 2.31e-01  -6.1 4.30e-02    -  9.08e-01 1.00e+00h  1
 927r 5.9188742e+00 2.58e-04 2.68e-03  -6.1 1.16e-01    -  1.00e+00 1.00e+00h  1
 928r 5.9083744e+00 6.15e-05 3.26e-03  -6.1 4.53e-02    -  1.00e+00 1.00e+00h  1
 929r 5.9051751e+00 1.50e-05 1.30e-03  -6.1 2.24e-02    -  1.00e+00 1.00e+00h  1
iter    objective    inf_pr   inf_du lg(mu)  ||d||  lg(rg) alpha_du alpha_pr  ls
 930r 6.4988427e+00 6.52e-02 8.89e+00  -4.0 1.16e+01    -  1.00e+00 1.60e-01f  1
 931r 6.3545293e+00 3.23e-02 6.86e+00  -4.5 7.34e-01    -  1.84e-01 6.05e-01h  1
 932r 6.1511297e+00 8.36e-03 1.39e+00  -4.5 6.37e-01    -  8.37e-01 1.00e+00h  1
 933r 6.0562658e+00 5.69e-03 1.76e+00  -4.5 8.48e-01    -  9.60e-01 4.51e-01h  1
 934r 5.9929669e+00 2.08e-03 2.45e+00  -4.5 3.27e-01    -  3.66e-01 7.07e-01h  1
 935r 5.9674419e+00 4.99e-04 6.68e-01  -4.5 1.63e-01    -  7.77e-01 9.29e-01h  1
 936r 5.9731450e+00 2.85e-04 7.34e-02  -4.5 9.24e-02    -  1.00e+00 1.00e+00f  1
 937r 5.9760873e+00 2.48e-05 2.15e-02  -4.5 2.65e-02    -  1.00e+00 1.00e+00h  1
 938r 5.9785007e+00 7.31e-06 1.09e-02  -4.5 1.40e-02    -  1.00e+00 1.00e+00h  1
 939r 6.1441520e+00 6.86e-03 1.38e-01  -4.0 6.03e-01    -  1.00e+00 1.00e+00f  1
iter    objective    inf_pr   inf_du lg(mu)  ||d||  lg(rg) alpha_du alpha_pr  ls
 940r 6.0692108e+00 1.80e-03 4.10e-02  -4.1 2.58e-01    -  1.00e+00 1.00e+00h  1
 941r 6.0173233e+00 1.34e-03 1.21e-01  -4.1 3.12e-01    -  1.00e+00 1.00e+00h  1
 942r 6.0075699e+00 7.87e-04 6.02e-02  -4.1 1.84e-01    -  1.00e+00 1.00e+00h  1
 943r 6.0076873e+00 7.45e-05 6.17e-02  -4.1 4.75e-02    -  1.00e+00 1.00e+00h  1
 944r 6.0063753e+00 9.03e-06 2.71e-02  -4.1 1.92e-02    -  1.00e+00 1.00e+00h  1
 945r 6.0066661e+00 2.07e-06 1.25e-02  -4.1 7.95e-03    -  1.00e+00 1.00e+00h  1
 946r 6.0070117e+00 5.08e-07 5.63e-03  -4.1 4.49e-03    -  1.00e+00 1.00e+00h  1
 947r 6.0069196e+00 2.48e-07 3.10e-03  -4.1 2.42e-03    -  1.00e+00 1.00e+00h  1
 948r 5.9747440e+00 3.57e-04 2.33e+00  -6.1 1.23e-01    -  8.19e-01 9.96e-01f  1
 949r 5.9588206e+00 7.97e-05 1.05e-02  -6.1 4.77e-02    -  9.95e-01 1.00e+00h  1
iter    objective    inf_pr   inf_du lg(mu)  ||d||  lg(rg) alpha_du alpha_pr  ls
 950r 5.9175904e+00 6.44e-04 8.04e-03  -6.1 1.69e-01    -  1.00e+00 1.00e+00h  1
 951r 6.0151372e+00 3.09e-03 2.02e+01  -4.0 5.05e+00    -  1.00e+00 5.85e-02f  1
 952r 5.9840303e+00 5.66e-04 1.10e+00  -4.7 1.74e-01    -  9.43e-01 1.00e+00h  1
 953r 5.9754235e+00 2.95e-04 5.13e-01  -4.7 9.65e-02    -  8.82e-01 1.00e+00h  1
 954r 5.9678015e+00 5.35e-05 1.81e-02  -4.7 3.82e-02    -  1.00e+00 1.00e+00h  1
 955r 5.9652852e+00 2.00e-05 8.52e-03  -4.7 2.34e-02    -  1.00e+00 1.00e+00h  1
 956r 5.9643120e+00 9.78e-06 3.18e-03  -4.7 1.50e-02    -  1.00e+00 1.00e+00h  1
 957r 6.1438824e+00 8.23e-03 7.74e-01  -4.0 5.09e-01    -  1.00e+00 1.00e+00f  1
 958r 6.0689003e+00 3.25e-03 3.48e-01  -4.1 3.61e-01    -  1.00e+00 1.00e+00h  1
 959r 6.0124003e+00 1.33e-03 7.69e-02  -4.1 2.23e-01    -  1.00e+00 1.00e+00h  1
iter    objective    inf_pr   inf_du lg(mu)  ||d||  lg(rg) alpha_du alpha_pr  ls
 960r 6.0087419e+00 2.98e-04 2.87e-02  -4.1 1.33e-01    -  1.00e+00 1.00e+00h  1
 961r 6.0046655e+00 1.65e-04 7.74e-02  -4.1 7.29e-02    -  1.00e+00 1.00e+00h  1
 962r 6.0077422e+00 1.78e-05 2.60e-02  -4.1 2.56e-02    -  1.00e+00 1.00e+00h  1
 963r 6.0072490e+00 6.06e-06 1.20e-02  -4.1 1.47e-02    -  1.00e+00 1.00e+00h  1
 964r 6.0069507e+00 8.44e-07 5.24e-03  -4.1 5.94e-03    -  1.00e+00 1.00e+00h  1
 965r 6.0069576e+00 2.08e-07 2.08e-03  -4.1 2.01e-03    -  1.00e+00 1.00e+00h  1
 966r 5.9618773e+00 4.45e-04 5.66e+00  -6.1 1.51e-01    -  6.54e-01 9.92e-01f  1
 967r 5.9534326e+00 3.40e-05 3.60e-02  -6.1 3.32e-02    -  9.73e-01 1.00e+00h  1
 968r 5.9220892e+00 1.83e-04 1.30e-02  -6.1 1.09e-01    -  1.00e+00 1.00e+00h  1
 969r 5.9129662e+00 9.95e-05 5.63e-03  -6.1 5.28e-02    -  9.88e-01 1.00e+00h  1
iter    objective    inf_pr   inf_du lg(mu)  ||d||  lg(rg) alpha_du alpha_pr  ls
 970r 5.9039313e+00 2.30e-05 9.74e-04  -6.1 3.42e-02    -  1.00e+00 1.00e+00h  1
 971r 6.1449321e+00 1.11e-02 2.63e+01  -4.0 9.29e+00    -  1.00e+00 8.47e-02f  1
 972r 6.0671042e+00 2.36e-03 6.12e+00  -4.6 3.28e-01    -  7.87e-01 1.00e+00h  1
 973r 6.0068323e+00 1.29e-03 1.60e+00  -4.6 2.05e-01    -  7.68e-01 1.00e+00h  1
 974r 5.9669790e+00 7.33e-04 3.51e-02  -4.6 1.61e-01    -  1.00e+00 1.00e+00h  1
 975r 5.9593760e+00 1.29e-04 2.10e-02  -4.6 5.91e-02    -  1.00e+00 1.00e+00h  1
 976r 5.9667848e+00 2.45e-05 1.46e-02  -4.6 2.78e-02    -  1.00e+00 1.00e+00h  1
 977r 5.9683908e+00 3.85e-06 7.38e-03  -4.6 1.33e-02    -  1.00e+00 1.00e+00h  1
 978r 6.1231097e+00 6.23e-03 5.97e-01  -4.0 4.80e-01    -  1.00e+00 1.00e+00f  1
 979r 6.0652284e+00 1.18e-03 3.22e-01  -4.1 1.99e-01    -  1.00e+00 1.00e+00h  1
iter    objective    inf_pr   inf_du lg(mu)  ||d||  lg(rg) alpha_du alpha_pr  ls
 980r 6.0150244e+00 5.59e-04 6.29e-02  -4.1 1.79e-01    -  1.00e+00 1.00e+00h  1
 981r 6.0044101e+00 2.09e-04 1.06e-01  -4.1 8.43e-02    -  1.00e+00 1.00e+00h  1
 982r 6.0076038e+00 5.16e-05 3.83e-02  -4.1 3.84e-02    -  1.00e+00 1.00e+00h  1
 983r 6.0051809e+00 5.11e-06 2.27e-02  -4.1 1.52e-02    -  1.00e+00 1.00e+00h  1
 984r 6.0062644e+00 2.68e-06 1.05e-02  -4.1 7.94e-03    -  1.00e+00 1.00e+00h  1
 985r 6.0068334e+00 4.23e-07 4.79e-03  -4.1 4.26e-03    -  1.00e+00 1.00e+00h  1
 986r 6.0068125e+00 2.09e-07 1.77e-03  -4.1 2.31e-03    -  1.00e+00 1.00e+00h  1
 987r 5.9616014e+00 6.27e-04 6.12e-01  -6.1 1.48e-01    -  9.33e-01 1.00e+00f  1
 988r 5.9497450e+00 5.53e-05 4.62e-03  -6.1 4.96e-02    -  1.00e+00 1.00e+00h  1
 989r 5.9161912e+00 2.28e-04 4.00e-03  -6.1 1.15e-01    -  1.00e+00 1.00e+00h  1
iter    objective    inf_pr   inf_du lg(mu)  ||d||  lg(rg) alpha_du alpha_pr  ls
 990r 5.9090087e+00 4.04e-05 2.49e-03  -6.1 2.86e-02    -  1.00e+00 1.00e+00h  1
 991r 6.3673995e+00 5.01e-02 2.11e+00  -4.0 9.05e+00    -  3.45e-02 1.67e-01f  1
 992r 6.3211945e+00 3.67e-02 1.52e+00  -4.9 5.89e-01    -  2.76e-01 2.80e-01h  1
 993r 6.2132137e+00 1.93e-02 3.91e-01  -4.9 6.09e-01    -  8.98e-01 5.80e-01h  1
 994r 6.1069776e+00 7.32e-03 1.83e-01  -4.9 6.00e-01    -  5.92e-01 7.14e-01h  1
 995r 6.0583366e+00 5.53e-03 1.76e+00  -4.9 5.34e-01    -  1.00e+00 2.86e-01h  1
 996r 5.9887566e+00 1.88e-03 3.53e-01  -4.9 2.70e-01    -  7.67e-01 8.17e-01h  1
 997r 5.9466557e+00 1.47e-03 2.75e-01  -4.9 2.47e-01    -  1.00e+00 8.20e-01h  1
 998r 5.9517151e+00 1.17e-04 8.74e-03  -4.9 8.81e-02    -  1.00e+00 1.00e+00h  1
 999r 5.9510316e+00 8.61e-05 1.95e-02  -4.9 5.36e-02    -  1.00e+00 1.00e+00h  1
iter    objective    inf_pr   inf_du lg(mu)  ||d||  lg(rg) alpha_du alpha_pr  ls
1000r 5.9513770e+00 2.81e-06 2.80e-03  -4.9 9.63e-03    -  1.00e+00 1.00e+00h  1

Number of Iterations....: 1000

                                   (scaled)                 (unscaled)
Objective...............:   5.9513769869606907e+00    5.9513769869606907e+00
Dual infeasibility......:   4.0390245272500604e-02    4.0390245272500604e-02
Constraint violation....:   2.8050093394682563e-06    2.8050093394682563e-06
Variable bound violation:   0.0000000000000000e+00    0.0000000000000000e+00
Complementarity.........:   2.0104279586284445e-05    2.0104279586284445e-05
Overall NLP error.......:   4.0390245272500604e-02    4.0390245272500604e-02


Number of objective function evaluations             = 1436
Number of objective gradient evaluations             = 817
Number of equality constraint evaluations            = 1436
Number of inequality constraint evaluations          = 1436
Number of equality constraint Jacobian evaluations   = 1002
Number of inequality constraint Jacobian evaluations = 1002
Number of Lagrangian Hessian evaluations             = 0
Total seconds in IPOPT                               = 3567.521

EXIT: Maximum Number of Iterations Exceeded.
