This is Ipopt version 3.14.19, running with linear solver MUMPS 5.8.2.

Number of nonzeros in equality constraint Jacobian...:   999237
Number of nonzeros in inequality constraint Jacobian.:     4352
Number of nonzeros in Lagrangian Hessian.............:        0

Total number of variables............................:     3203
                     variables with only lower bounds:        0
                variables with lower and upper bounds:      680
                     variables with only upper bounds:        0
Total number of equality constraints.................:     3078
Total number of inequality constraints...............:      457
        inequality constraints with only lower bounds:        0
   inequality constraints with lower and upper bounds:        0
        inequality constraints with only upper bounds:      457

iter    objective    inf_pr   inf_du lg(mu)  ||d||  lg(rg) alpha_du alpha_pr  ls
   0  2.7334146e-02 4.69e+00 1.00e+00   0.0 0.00e+00    -  0.00e+00 0.00e+00   0
   1  2.6373248e-02 4.64e+00 1.51e+01  -0.2 1.57e+01    -  5.49e-03 9.60e-03h  1
   2  2.5683154e-02 4.61e+00 1.54e+02   0.1 1.75e+01    -  8.08e-02 6.26e-03f  1
   3  2.5261185e-02 4.55e+00 1.81e+02   0.2 1.86e+01    -  3.19e-02 1.27e-02f  1
   4  2.6318191e-02 4.48e+00 3.34e+02   0.8 2.21e+01    -  8.85e-02 1.50e-02f  1
   5  3.9543125e-02 4.34e+00 1.24e+03   1.3 2.50e+01    -  6.88e-02 3.10e-02f  1
   6  7.4048183e-02 4.20e+00 2.57e+03   1.7 3.04e+01    -  1.32e-01 2.93e-02f  1
   7  3.0192495e-01 3.79e+00 1.13e+04   2.1 3.98e+01    -  3.07e-01 7.81e-02f  1
   8  1.0756117e+00 3.11e+00 1.69e+04   1.4 3.85e+01    -  2.32e-01 1.77e-01h  1
   9  2.4369914e+00 2.95e+00 3.37e+04   2.0 4.69e+01    -  9.38e-01 1.91e-01h  1
iter    objective    inf_pr   inf_du lg(mu)  ||d||  lg(rg) alpha_du alpha_pr  ls
  10  7.6043757e+00 2.51e+00 4.65e+04   2.5 4.78e+01    -  4.68e-01 4.25e-01F  1
  11  1.4410498e+01 3.21e+00 3.74e+04   1.8 2.70e+01    -  5.68e-01 6.78e-01h  1
  12  2.0404705e+01 1.64e+00 3.02e+04   1.9 2.17e+01    -  7.02e-01 6.35e-01f  1
  13  2.3490676e+01 6.77e-01 1.48e+04   1.3 1.17e+01    -  9.56e-01 6.43e-01h  1
  14  2.3707550e+01 2.56e-01 7.24e+03   0.7 7.07e+00    -  1.00e+00 8.56e-01h  1
  15  2.3262339e+01 2.00e-01 2.87e+03   0.4 4.66e+00    -  1.00e+00 1.00e+00h  1
  16  2.2849228e+01 4.03e-02 6.12e+02  -0.2 2.67e+00    -  1.00e+00 1.00e+00h  1
  17  2.2473474e+01 3.87e-02 3.37e+02  -0.6 1.57e+00    -  9.99e-01 1.00e+00h  1
  18  2.2465859e+01 7.01e-03 2.72e+02  -0.9 1.06e+00    -  1.00e+00 1.00e+00h  1
  19  2.2338220e+01 5.14e-03 1.04e+02  -1.6 7.30e-01    -  1.00e+00 1.00e+00h  1
iter    objective    inf_pr   inf_du lg(mu)  ||d||  lg(rg) alpha_du alpha_pr  ls
  20  2.1997827e+01 1.18e-02 5.28e+01  -2.0 8.65e-01    -  1.00e+00 1.00e+00h  1
  21  2.1406904e+01 7.65e-02 1.26e+02  -1.8 2.32e+00    -  1.00e+00 8.24e-01h  1
  22  2.1061830e+01 1.83e-02 1.35e+02  -2.1 1.31e+00    -  1.00e+00 1.00e+00h  1
  23  2.0253463e+01 8.26e-02 1.51e+02  -2.5 3.07e+00    -  1.00e+00 8.55e-01h  1
  24  1.9170996e+01 2.55e-01 4.88e+02  -2.0 9.45e+00    -  1.00e+00 4.25e-01h  1
  25  1.8953617e+01 3.01e-01 3.63e+02  -1.8 3.11e+00    -  1.00e+00 9.61e-01h  1
  26  1.8008907e+01 2.48e-01 1.93e+02  -1.8 4.61e+00    -  1.00e+00 1.00e+00h  1
  27  1.8521949e+01 1.23e-01 1.12e+02  -1.6 3.00e+00    -  1.00e+00 1.00e+00h  1
  28  1.7809904e+01 8.84e-02 6.24e+01  -2.1 3.19e+00    -  1.00e+00 1.00e+00h  1
  29  1.7774880e+01 1.41e-01 6.27e+01  -2.1 3.50e+00    -  1.00e+00 1.00e+00h  1
iter    objective    inf_pr   inf_du lg(mu)  ||d||  lg(rg) alpha_du alpha_pr  ls
  30  1.8032631e+01 9.49e-02 2.73e+01  -1.8 2.49e+00    -  1.00e+00 1.00e+00h  1
  31  1.8378083e+01 2.22e-02 6.29e+01  -1.9 1.42e+00    -  1.00e+00 1.00e+00h  1
  32  1.8558207e+01 1.43e-02 6.64e+01  -1.9 1.16e+00    -  1.00e+00 1.00e+00h  1
  33  1.8483829e+01 1.77e-02 6.44e+01  -2.1 1.44e+00    -  1.00e+00 1.00e+00h  1
  34  1.8149149e+01 2.67e-02 1.38e+02  -2.6 1.42e+00    -  1.00e+00 1.00e+00h  1
  35  1.7704834e+01 5.97e-02 1.48e+02  -2.7 2.10e+00    -  1.00e+00 1.00e+00h  1
  36  1.7384732e+01 3.99e-02 1.68e+02  -2.4 1.90e+00    -  1.00e+00 4.86e-01h  1
  37  1.7338259e+01 6.56e-02 6.46e+01  -2.2 1.15e+00    -  1.00e+00 1.00e+00h  1
  38  1.7332674e+01 7.51e-02 1.83e+02  -1.9 1.45e+00    -  1.00e+00 6.23e-01h  1
  39  1.7081257e+01 3.35e-02 7.69e+01  -2.2 1.53e+00    -  1.00e+00 1.00e+00h  1
iter    objective    inf_pr   inf_du lg(mu)  ||d||  lg(rg) alpha_du alpha_pr  ls
  40  1.6998388e+01 9.73e-02 1.52e+02  -2.0 2.06e+00    -  1.00e+00 1.00e+00h  1
  41  1.7337023e+01 1.64e-01 8.87e+01  -1.7 2.10e+00    -  1.00e+00 1.00e+00h  1
  42  1.6672889e+01 1.20e-01 5.73e+01  -1.8 4.76e+00    -  9.36e-01 6.91e-01h  1
  43  1.5943288e+01 1.36e-01 7.36e+01  -2.0 4.68e+00    -  1.00e+00 7.76e-01h  1
  44  1.6439037e+01 8.60e-02 4.57e+01  -1.7 2.67e+00    -  1.00e+00 1.00e+00h  1
  45  1.6210459e+01 1.33e-01 9.39e+01  -1.9 3.15e+00    -  1.00e+00 1.00e+00h  1
  46  1.5753830e+01 5.55e-02 4.76e+01  -2.2 2.46e+00    -  1.00e+00 1.00e+00h  1
  47  1.5864908e+01 9.25e-02 7.77e+01  -2.0 3.48e+00    -  1.00e+00 8.68e-01h  1
  48  1.5765905e+01 4.67e-02 6.89e+01  -2.5 1.90e+00    -  1.00e+00 7.63e-01h  1
  49  1.5895800e+01 2.19e-02 9.45e+01  -2.6 2.04e+00    -  9.18e-01 5.48e-01H  1
iter    objective    inf_pr   inf_du lg(mu)  ||d||  lg(rg) alpha_du alpha_pr  ls
  50  1.6034703e+01 1.89e-02 2.00e+02  -2.1 3.86e+00    -  1.00e+00 3.88e-01H  1
  51  1.5931030e+01 1.78e-02 8.90e+01  -2.6 1.28e+00    -  1.00e+00 1.00e+00h  1
  52  1.5536051e+01 6.94e-02 1.29e+02  -2.7 3.48e+00    -  6.78e-01 5.53e-01h  1
  53  1.5169611e+01 6.52e-02 1.94e+02  -2.4 1.84e+00    -  1.00e+00 1.00e+00h  1
  54  1.5019046e+01 7.31e-02 1.11e+02  -2.2 1.96e+00    -  8.14e-01 8.67e-01h  1
  55  1.4913037e+01 3.81e-02 1.01e+02  -2.4 1.79e+00    -  1.00e+00 4.98e-01h  1
  56  1.4435749e+01 2.22e-01 1.12e+02  -2.5 4.17e+00    -  1.00e+00 7.52e-01h  1
  57  1.5287951e+01 2.54e-01 1.11e+02  -1.8 5.06e+00    -  4.22e-01 7.46e-01f  1
  58  1.4078782e+01 4.29e-01 1.63e+02  -2.1 1.16e+01    -  6.61e-01 5.00e-01h  1
  59  1.3610873e+01 1.77e-01 1.29e+02  -2.3 2.80e+00    -  5.39e-01 1.00e+00h  1
iter    objective    inf_pr   inf_du lg(mu)  ||d||  lg(rg) alpha_du alpha_pr  ls
  60  1.3421323e+01 7.99e-02 6.07e+01  -2.2 2.91e+00    -  1.00e+00 7.58e-01h  1
  61  1.3357376e+01 4.35e-02 6.72e+01  -2.5 3.16e+00    -  8.12e-01 4.75e-01h  1
  62  1.3363446e+01 3.55e-02 1.37e+02  -2.5 2.67e+00    -  1.00e+00 2.04e-01h  1
  63  1.4060808e+01 1.30e-01 9.14e+01  -2.0 3.10e+00    -  6.91e-01 9.48e-01h  1
  64  1.3512597e+01 5.98e-02 5.21e+01  -2.2 1.65e+00    -  1.00e+00 9.42e-01h  1
  65  1.3511098e+01 3.86e-02 8.31e+01  -2.2 2.09e+00    -  9.57e-01 6.19e-01h  1
  66  1.3462889e+01 2.26e-02 7.68e+01  -2.6 1.97e+00    -  1.00e+00 4.97e-01h  1
  67  1.3344762e+01 4.74e-02 1.13e+02  -2.9 1.87e+00    -  1.00e+00 1.00e+00h  1
  68  1.3396114e+01 3.54e-02 1.01e+02  -2.4 1.34e+00    -  1.00e+00 9.27e-01h  1
  69  1.3201751e+01 3.66e-02 3.69e+01  -2.5 1.49e+00    -  1.00e+00 1.00e+00h  1
iter    objective    inf_pr   inf_du lg(mu)  ||d||  lg(rg) alpha_du alpha_pr  ls
  70  1.3246847e+01 1.73e-02 7.93e+01  -2.6 9.99e-01    -  1.00e+00 7.02e-01h  1
  71  1.3241933e+01 1.32e-02 1.47e+02  -2.8 1.57e+00    -  1.00e+00 2.32e-01h  3
  72  1.3164235e+01 9.09e-02 1.33e+02  -2.5 2.93e+00    -  1.00e+00 6.01e-01h  1
  73  1.2932829e+01 4.78e-02 1.83e+02  -2.7 1.51e+00    -  1.00e+00 8.41e-01h  1
  74  1.3144322e+01 5.95e-02 1.53e+02  -2.0 2.21e+00    -  9.67e-01 5.83e-01f  1
  75  1.3132191e+01 3.22e-02 1.00e+02  -2.1 2.31e+00    -  8.25e-01 1.00e+00h  1
  76  1.2917540e+01 2.34e-02 5.68e+01  -2.4 1.25e+00    -  1.00e+00 1.00e+00h  1
  77  1.2897897e+01 1.55e-02 1.15e+02  -2.4 1.87e+00    -  7.81e-01 5.39e-01H  1
  78  1.3237541e+01 5.15e-02 1.49e+02  -2.2 1.28e+00    -  1.00e+00 1.00e+00h  1
  79  1.3126646e+01 1.30e-02 7.18e+01  -2.3 6.99e-01    -  1.00e+00 1.00e+00h  1
iter    objective    inf_pr   inf_du lg(mu)  ||d||  lg(rg) alpha_du alpha_pr  ls
  80  1.2927677e+01 1.34e-02 1.40e+02  -2.6 1.53e+00    -  1.00e+00 5.66e-01h  1
  81  1.2894516e+01 9.44e-03 1.99e+02  -2.7 1.15e+00    -  1.00e+00 3.41e-01h  1
  82  1.2752563e+01 3.10e-02 1.63e+02  -2.8 1.76e+00    -  1.00e+00 6.06e-01h  1
  83  1.2580269e+01 7.41e-02 2.83e+02  -2.3 3.28e+00    -  9.79e-01 5.85e-01h  1
  84  1.2691866e+01 1.23e-01 3.40e+02  -2.0 3.61e+00    -  5.28e-01 5.43e-01h  1
  85  1.2448648e+01 3.86e-02 1.63e+02  -2.2 1.42e+00    -  6.20e-01 8.80e-01h  1
  86  1.2200166e+01 3.25e-02 1.37e+02  -2.5 1.89e+00    -  1.00e+00 6.57e-01h  1
  87  1.2000489e+01 2.43e-02 9.85e+01  -2.5 1.71e+00    -  1.00e+00 6.95e-01h  1
  88  1.1691873e+01 6.62e-02 1.33e+02  -2.6 3.10e+00    -  1.00e+00 6.32e-01h  1
  89  1.1460386e+01 1.78e-01 2.61e+02  -2.1 5.52e+00    -  8.74e-01 5.16e-01h  1
iter    objective    inf_pr   inf_du lg(mu)  ||d||  lg(rg) alpha_du alpha_pr  ls
  90  1.1586893e+01 1.36e-01 2.73e+02  -1.8 5.38e+00    -  8.29e-01 3.78e-01h  1
  91  1.1513252e+01 1.43e-01 1.59e+02  -2.0 3.24e+00    -  8.05e-01 1.00e+00h  1
  92  1.1230626e+01 6.95e-02 1.13e+02  -2.1 3.54e+00    -  1.00e+00 5.13e-01h  1
  93  1.2114895e+01 1.46e-01 1.25e+02  -1.5 4.63e+00    -  1.00e+00 6.57e-01f  1
  94  1.2536315e+01 1.86e-01 9.98e+01  -1.6 2.85e+00    -  5.71e-01 1.00e+00h  1
  95  1.2295418e+01 7.96e-02 4.73e+01  -1.6 1.65e+00    -  1.00e+00 9.51e-01h  1
  96  1.2172842e+01 4.37e-02 5.25e+01  -1.6 2.18e+00    -  1.00e+00 5.37e-01h  1
  97  1.2012160e+01 3.08e-02 1.10e+02  -1.9 2.29e+00    -  1.00e+00 3.15e-01h  2
  98  1.1765811e+01 5.93e-02 7.21e+01  -2.0 4.03e+00    -  7.20e-01 5.00e-01h  2
  99  1.2122518e+01 3.35e-01 1.22e+02  -1.7 3.39e+00    -  1.00e+00 1.00e+00h  1
iter    objective    inf_pr   inf_du lg(mu)  ||d||  lg(rg) alpha_du alpha_pr  ls
 100  1.1523620e+01 2.05e-01 1.53e+02  -1.8 3.83e+00    -  1.00e+00 1.00e+00h  1
 101  9.8832291e+00 5.51e-01 3.53e+02  -1.8 9.23e+00    -  5.69e-01 9.63e-01h  1
 102  1.0764100e+01 5.53e-01 2.73e+02  -1.5 5.23e+00    -  9.45e-01 9.36e-01h  1
 103  1.0476679e+01 2.14e-01 5.46e+01  -1.7 3.45e+00    -  1.00e+00 1.00e+00h  1
 104  1.0921420e+01 1.26e-01 5.69e+01  -1.4 4.21e+00    -  1.00e+00 4.55e-01h  1
 105  1.0013290e+01 1.27e-01 6.84e+01  -1.9 3.49e+00    -  1.00e+00 9.55e-01h  1
 106  8.9374021e+00 3.19e-01 9.51e+01  -2.0 7.72e+00    -  1.00e+00 7.51e-01h  1
 107  7.7676356e+00 6.37e-01 1.27e+02  -2.1 1.05e+01    -  1.00e+00 8.44e-01h  1
 108  7.4108549e+00 5.55e-01 1.20e+02  -1.8 7.61e+00    -  7.52e-01 5.87e-01h  1
 109  7.1329483e+00 1.39e-01 2.91e+01  -2.2 2.64e+00    -  1.00e+00 1.00e+00h  1
iter    objective    inf_pr   inf_du lg(mu)  ||d||  lg(rg) alpha_du alpha_pr  ls
 110  8.2247618e+00 1.78e-01 3.84e+01  -1.6 5.55e+00    -  1.00e+00 7.07e-01h  1
 111  8.5150648e+00 1.44e-01 3.93e+01  -1.7 2.90e+00    -  1.00e+00 1.00e+00h  1
 112  7.7152265e+00 1.16e-01 3.66e+01  -2.0 3.56e+00    -  9.99e-01 9.50e-01h  1
 113  7.7687093e+00 5.96e-02 4.64e+01  -2.1 3.02e+00    -  4.57e-01 4.04e-01H  1
 114  7.6689413e+00 3.64e-02 6.57e+01  -2.1 1.44e+00    -  1.00e+00 4.13e-01h  1
 115  7.3690134e+00 2.73e-02 5.00e+01  -2.4 2.20e+00    -  1.00e+00 6.80e-01h  1
 116  7.2423539e+00 3.65e-02 6.45e+01  -2.1 2.57e+00    -  1.00e+00 5.00e-01h  2
 117  6.9211523e+00 4.39e-02 9.25e+01  -2.6 2.21e+00    -  1.00e+00 1.00e+00h  1
 118  7.3615852e+00 6.04e-02 5.79e+01  -2.0 3.36e+00    -  1.00e+00 6.72e-01h  1
 119  7.2380919e+00 3.47e-02 4.19e+01  -2.1 1.09e+00    -  1.00e+00 8.99e-01h  1
iter    objective    inf_pr   inf_du lg(mu)  ||d||  lg(rg) alpha_du alpha_pr  ls
 120  6.8555645e+00 4.22e-02 4.18e+01  -2.4 2.21e+00    -  1.00e+00 1.00e+00h  1
 121  6.4525457e+00 1.13e-01 8.37e+01  -2.5 3.76e+00    -  8.46e-01 7.75e-01h  1
 122  6.4260213e+00 3.44e-02 3.31e+01  -2.6 1.41e+00    -  1.00e+00 9.06e-01h  1
 123  6.2967674e+00 1.76e-02 2.93e+01  -3.2 1.06e+00    -  1.00e+00 6.36e-01h  1
 124  6.3587086e+00 2.32e-02 2.89e+01  -2.5 2.15e+00    -  1.00e+00 6.61e-01h  1
 125  6.3360014e+00 1.94e-02 5.51e+01  -2.6 9.20e-01    -  8.99e-01 1.60e-01h  1
 126  6.3134097e+00 1.35e-02 7.05e+01  -2.6 1.15e+00    -  5.11e-01 3.15e-01h  1
 127  6.3350119e+00 1.29e-02 9.83e+01  -2.6 1.01e+00    -  1.00e+00 7.12e-01h  1
 128  6.2741224e+00 1.14e-02 5.04e+01  -2.7 7.08e-01    -  1.00e+00 1.00e+00h  1
 129  6.2755618e+00 8.28e-03 5.96e+01  -4.0 6.08e-01    -  4.22e-01 2.63e-01h  1
iter    objective    inf_pr   inf_du lg(mu)  ||d||  lg(rg) alpha_du alpha_pr  ls
 130  6.3647702e+00 7.99e-03 1.51e+02  -2.7 9.22e-01    -  6.89e-01 5.16e-01H  1
 131  6.4360412e+00 5.21e-03 5.01e+01  -2.9 5.01e-01    -  1.00e+00 1.00e+00h  1
 132  6.4255102e+00 3.52e-03 2.33e+02  -3.8 3.15e-01    -  9.40e-01 3.32e-01h  1
 133  6.4148326e+00 2.27e-03 1.00e+02  -4.0 3.18e-01    -  1.00e+00 3.68e-01h  1
 134  6.3919116e+00 1.74e-03 9.12e+01  -4.0 5.20e-01    -  1.00e+00 2.31e-01h  1
 135  6.4096930e+00 6.32e-03 1.21e+02  -2.9 9.25e-01    -  7.93e-01 4.17e-01f  1
 136  6.4165417e+00 9.73e-04 2.60e+01  -3.0 2.09e-01    -  1.00e+00 1.00e+00h  1
 137  6.3822458e+00 1.27e-03 5.21e+01  -3.7 2.96e-01    -  1.00e+00 7.20e-01h  1
 138  6.4288346e+00 3.47e-03 9.06e+01  -2.8 8.26e-01    -  1.00e+00 3.89e-01f  1
 139  6.4440184e+00 2.70e-03 4.86e+01  -2.9 3.24e-01    -  1.00e+00 1.00e+00h  1
iter    objective    inf_pr   inf_du lg(mu)  ||d||  lg(rg) alpha_du alpha_pr  ls
 140  6.4501574e+00 8.55e-04 1.18e+01  -2.9 2.43e-01    -  1.00e+00 1.00e+00h  1
 141  6.3854390e+00 1.76e-03 2.52e+01  -3.4 3.73e-01    -  1.00e+00 7.26e-01h  1
 142  6.2965418e+00 1.31e-02 7.84e+01  -3.5 9.55e-01    -  6.77e-01 5.33e-01h  1
 143  6.2509068e+00 1.18e-02 8.81e+01  -3.5 7.06e-01    -  8.44e-01 5.40e-01h  1
 144  6.2258647e+00 1.31e-02 9.01e+01  -3.1 1.70e+00    -  5.01e-01 1.55e-01h  1
 145  6.2383549e+00 2.13e-03 4.01e+01  -3.4 3.18e-01    -  1.00e+00 1.00e+00h  1
 146  6.2245119e+00 3.52e-03 1.04e+02  -3.8 3.36e-01    -  1.00e+00 5.62e-01h  1
 147  6.2165603e+00 3.07e-03 8.97e+01  -3.8 3.56e-01    -  9.31e-01 3.47e-01h  1
 148  6.2128449e+00 2.97e-03 6.81e+01  -4.0 2.67e-01    -  9.62e-01 6.74e-01h  1
 149  6.2069986e+00 3.25e-03 4.12e+01  -4.0 4.07e-01    -  1.00e+00 4.62e-01h  1
iter    objective    inf_pr   inf_du lg(mu)  ||d||  lg(rg) alpha_du alpha_pr  ls
 150  6.2050427e+00 2.47e-03 5.48e+01  -3.7 4.25e-01    -  1.00e+00 3.46e-01h  1
 151  6.2197890e+00 2.85e-03 6.21e+01  -3.4 2.91e-01    -  3.92e-01 6.97e-01h  1
 152  6.2112181e+00 5.39e-04 4.50e+01  -3.6 1.79e-01    -  1.00e+00 1.00e+00h  1
 153  6.2061497e+00 3.78e-04 8.29e+00  -3.7 1.48e-01    -  1.00e+00 1.00e+00h  1
 154  6.2070072e+00 2.17e-04 5.64e+01  -4.0 8.46e-02    -  1.00e+00 7.41e-01h  1
 155  6.2103933e+00 1.45e-04 2.59e+01  -4.0 1.12e-01    -  1.00e+00 7.74e-01h  1
 156  6.2066430e+00 1.40e-04 4.19e+01  -4.0 7.03e-02    -  7.97e-01 1.00e+00h  1
 157  6.2066237e+00 1.21e-04 1.70e+01  -4.0 7.17e-02    -  1.00e+00 9.67e-01h  1
 158  6.2059532e+00 5.58e-05 8.34e+00  -4.0 6.20e-02    -  1.00e+00 1.00e+00h  1
 159  6.2065173e+00 3.00e-05 2.41e+01  -4.0 3.25e-02    -  1.00e+00 4.82e-01h  1
iter    objective    inf_pr   inf_du lg(mu)  ||d||  lg(rg) alpha_du alpha_pr  ls
 160  6.2062996e+00 2.66e-04 8.55e+00  -4.0 6.81e-02    -  1.00e+00 1.00e+00h  1
 161  6.2004450e+00 1.33e-03 7.61e+01  -4.1 5.68e-01    -  8.89e-01 2.35e-01h  1
 162  6.1854698e+00 1.38e-02 2.79e+02  -4.0 1.69e+00    -  1.00e+00 3.23e-01h  1
 163  6.1654471e+00 1.75e-02 2.49e+02  -3.4 1.88e+00    -  1.00e+00 3.08e-01h  1
 164  6.1418916e+00 1.10e-02 2.57e+02  -3.2 1.04e+00    -  5.51e-01 3.89e-01h  1
 165  6.2011981e+00 2.91e-02 1.51e+02  -2.7 1.20e+00    -  6.31e-01 6.93e-01h  1
 166  6.2058759e+00 1.89e-02 6.72e+01  -2.9 4.44e-01    -  1.00e+00 1.00e+00h  1
 167  6.2089055e+00 1.04e-02 1.04e+02  -2.9 4.70e-01    -  9.76e-01 5.48e-01h  1
 168  6.2140694e+00 8.69e-03 2.41e+02  -2.9 3.21e-01    -  1.00e+00 1.62e-01h  1
 169  6.2443418e+00 5.33e-03 4.60e+01  -2.9 5.35e-01    -  1.00e+00 1.00e+00f  1
iter    objective    inf_pr   inf_du lg(mu)  ||d||  lg(rg) alpha_du alpha_pr  ls
 170  6.2351553e+00 1.91e-03 1.08e+01  -2.9 2.81e-01    -  1.00e+00 1.00e+00h  1
 171  6.2413074e+00 9.80e-04 5.10e+01  -2.9 2.03e-01    -  7.53e-01 5.00e-01h  2
 172  6.2639408e+00 7.63e-04 2.14e+01  -2.9 1.78e-01    -  1.00e+00 1.00e+00h  1
 173  6.2767682e+00 4.69e-04 2.70e+01  -2.9 1.32e-01    -  1.00e+00 1.00e+00h  1
 174  6.2796386e+00 3.42e-04 1.53e+01  -2.9 1.07e-01    -  1.00e+00 1.00e+00h  1
 175  6.2863833e+00 1.33e-04 6.90e+00  -2.9 6.01e-02    -  1.00e+00 1.00e+00h  1
 176  6.2934749e+00 2.72e-05 4.96e+00  -2.9 4.18e-02    -  1.00e+00 1.00e+00h  1
 177  6.3022945e+00 1.94e-05 2.10e+01  -2.9 9.02e-02    -  1.00e+00 1.00e+00H  1
 178  6.3045965e+00 2.78e-05 2.98e+01  -2.9 8.68e-02    -  1.00e+00 1.00e+00H  1
 179  6.2877492e+00 3.27e-04 1.11e+01  -2.9 1.43e-01    -  1.00e+00 1.00e+00h  1
iter    objective    inf_pr   inf_du lg(mu)  ||d||  lg(rg) alpha_du alpha_pr  ls
 180  6.2922613e+00 9.68e-05 8.95e+00  -2.9 6.51e-02    -  1.00e+00 1.00e+00h  1
 181  6.2936817e+00 1.74e-04 6.97e+00  -2.9 6.52e-02    -  1.00e+00 1.00e+00h  1
 182  6.2945378e+00 6.74e-05 4.00e+00  -2.9 5.10e-02    -  1.00e+00 1.00e+00h  1
 183  6.2985868e+00 9.09e-06 4.53e+00  -2.9 3.52e-02    -  1.00e+00 1.00e+00H  1
 184  6.2377706e+00 9.79e-04 2.53e+01  -3.7 1.92e-01    -  1.00e+00 1.00e+00f  1
 185  6.1746112e+00 1.86e-03 5.41e+01  -3.8 4.44e-01    -  5.02e-01 5.11e-01h  1
 186  6.1499673e+00 1.72e-03 1.35e+02  -4.0 5.03e-01    -  1.00e+00 2.36e-01h  1
 187  6.1451802e+00 1.33e-03 8.72e+01  -3.5 2.58e-01    -  6.29e-01 2.22e-01h  1
 188  6.1432547e+00 8.62e-04 6.82e+01  -4.0 1.33e-01    -  6.63e-01 3.18e-01h  1
 189  6.1338834e+00 5.45e-04 4.21e+01  -4.0 2.60e-01    -  7.70e-01 3.92e-01h  1
iter    objective    inf_pr   inf_du lg(mu)  ||d||  lg(rg) alpha_du alpha_pr  ls
 190  6.1753476e+00 6.64e-04 1.35e+01  -3.4 1.71e-01    -  1.00e+00 1.00e+00h  1
 191  6.1411693e+00 6.50e-04 3.89e+01  -3.9 1.70e-01    -  1.00e+00 7.88e-01h  1
 192  6.1280884e+00 3.20e-04 3.09e+01  -4.0 1.36e-01    -  1.00e+00 6.29e-01h  1
 193  6.1332425e+00 1.59e-04 1.03e+01  -4.0 8.42e-02    -  1.00e+00 1.00e+00h  1
 194  6.1355643e+00 1.00e-04 1.47e+01  -4.0 6.43e-02    -  9.10e-01 1.00e+00h  1
 195  6.1373455e+00 7.80e-05 9.87e+00  -4.0 5.09e-02    -  1.00e+00 1.00e+00h  1
 196  6.1376902e+00 2.30e-05 2.83e+00  -4.0 3.12e-02    -  1.00e+00 1.00e+00h  1
 197  6.1390783e+00 3.87e-06 1.55e+00  -4.0 1.06e-02    -  1.00e+00 1.00e+00h  1
 198  6.1379766e+00 1.82e-04 1.51e+01  -4.0 8.32e-02    -  1.00e+00 1.00e+00h  1
 199  6.1345422e+00 7.01e-05 1.28e+01  -4.1 4.98e-02    -  1.00e+00 1.00e+00h  1
iter    objective    inf_pr   inf_du lg(mu)  ||d||  lg(rg) alpha_du alpha_pr  ls
 200  6.1338578e+00 4.85e-05 6.96e+00  -4.0 6.31e-02    -  1.00e+00 1.00e+00h  1
 201  6.1352442e+00 3.48e-05 4.56e+00  -4.0 3.51e-02    -  1.00e+00 1.00e+00h  1
 202  6.1347238e+00 4.31e-05 5.12e+00  -4.0 3.17e-02    -  1.00e+00 1.00e+00h  1
 203  6.1329624e+00 4.14e-05 6.85e+00  -4.1 3.02e-02    -  1.00e+00 1.00e+00h  1
 204  6.1317239e+00 1.72e-04 1.27e+01  -4.0 6.57e-02    -  1.00e+00 1.00e+00h  1
 205  6.1310991e+00 8.44e-05 3.54e+00  -4.0 4.63e-02    -  1.00e+00 1.00e+00h  1
 206  6.1315518e+00 9.65e-06 2.50e+00  -4.0 1.81e-02    -  1.00e+00 1.00e+00h  1
 207  6.1359744e+00 1.49e-05 1.83e+01  -4.0 9.86e-02    -  7.83e-01 1.00e+00H  1
 208  6.1303841e+00 2.18e-04 3.21e+01  -4.0 9.39e-02    -  1.00e+00 1.00e+00h  1
 209  6.1239190e+00 2.24e-04 2.00e+01  -4.0 1.34e-01    -  1.00e+00 8.16e-01h  1
iter    objective    inf_pr   inf_du lg(mu)  ||d||  lg(rg) alpha_du alpha_pr  ls
 210  6.1278476e+00 5.20e-05 4.66e+00  -4.0 5.01e-02    -  1.00e+00 1.00e+00h  1
 211  6.1305904e+00 1.24e-05 9.42e+00  -4.0 5.60e-02    -  1.00e+00 1.00e+00H  1
 212  6.1293661e+00 7.45e-04 4.19e+01  -4.0 2.73e-01    -  1.00e+00 6.33e-01h  1
 213  6.1196788e+00 3.01e-03 7.38e+01  -4.1 1.02e+00    -  1.96e-01 2.99e-01h  1
 214  6.1231603e+00 1.08e-03 7.86e+01  -3.4 1.72e-01    -  1.00e+00 7.22e-01f  1
 215  6.1480980e+00 7.77e-04 2.25e+01  -3.2 1.95e-01    -  1.00e+00 9.46e-01h  1
 216  6.1526303e+00 7.82e-04 1.84e+01  -3.3 1.90e-01    -  1.00e+00 1.00e+00h  1
 217  6.1513013e+00 3.50e-04 7.87e+00  -3.3 1.04e-01    -  1.00e+00 1.00e+00h  1
 218  6.1611901e+00 3.54e-05 6.29e+00  -3.3 4.13e-02    -  1.00e+00 1.00e+00h  1
 219  6.1801083e+00 1.76e-06 1.38e+01  -3.3 9.18e-02    -  1.00e+00 1.00e+00H  1
iter    objective    inf_pr   inf_du lg(mu)  ||d||  lg(rg) alpha_du alpha_pr  ls
 220  6.1475682e+00 2.23e-04 1.24e+01  -3.7 9.44e-02    -  1.00e+00 1.00e+00f  1
 221  6.1215822e+00 4.33e-04 3.09e+01  -3.8 1.64e-01    -  1.00e+00 8.11e-01h  1
 222  6.1219435e+00 2.39e-04 1.78e+01  -3.8 1.12e-01    -  1.00e+00 4.57e-01h  1
 223  6.1418294e+00 1.60e-04 3.57e+00  -3.6 8.35e-02    -  1.00e+00 1.00e+00h  1
 224  6.1399692e+00 5.24e-05 4.23e+00  -3.7 3.62e-02    -  1.00e+00 1.00e+00h  1
 225  6.1379320e+00 1.29e-05 5.46e+00  -3.7 2.35e-02    -  1.00e+00 1.00e+00h  1
 226  6.1377935e+00 4.60e-06 1.90e+00  -3.7 9.63e-03    -  1.00e+00 1.00e+00h  1
 227  6.1254331e+00 1.20e-04 6.04e+00  -4.0 4.50e-02    -  1.00e+00 1.00e+00h  1
 228  6.1310039e+00 7.69e-04 3.26e+01  -3.7 1.80e-01    -  1.00e+00 9.21e-01h  1
 229  6.1154832e+00 4.95e-04 1.16e+01  -3.8 1.41e-01    -  1.00e+00 1.00e+00h  1
iter    objective    inf_pr   inf_du lg(mu)  ||d||  lg(rg) alpha_du alpha_pr  ls
 230  6.1166008e+00 1.73e-04 1.52e+01  -4.0 9.08e-02    -  1.00e+00 1.00e+00h  1
 231  6.1121777e+00 1.09e-04 3.89e+00  -4.0 8.23e-02    -  1.00e+00 1.00e+00h  1
 232  6.1183648e+00 3.02e-05 5.67e+00  -4.0 3.58e-02    -  1.00e+00 1.00e+00h  1
 233  6.1225517e+00 6.98e-07 7.26e+00  -4.0 3.27e-02    -  1.00e+00 1.00e+00H  1
 234  6.1210184e+00 2.44e-05 9.58e+00  -4.0 2.56e-02    -  1.00e+00 1.00e+00h  1
 235  6.1212889e+00 8.16e-06 2.35e+00  -4.0 1.60e-02    -  1.00e+00 1.00e+00h  1
 236  6.1206086e+00 8.89e-05 9.36e+00  -4.0 5.59e-02    -  1.00e+00 1.00e+00h  1
 237  6.1176346e+00 2.62e-05 8.15e+00  -4.1 3.10e-02    -  1.00e+00 1.00e+00h  1
 238  6.1193382e+00 2.90e-06 2.74e+00  -4.0 2.05e-02    -  1.00e+00 1.00e+00H  1
 239  6.1257110e+00 9.90e-03 1.25e+02  -3.7 6.06e-01    -  1.00e+00 1.00e+00f  1
iter    objective    inf_pr   inf_du lg(mu)  ||d||  lg(rg) alpha_du alpha_pr  ls
 240  6.0989458e+00 6.75e-03 1.39e+02  -3.8 3.84e-01    -  8.50e-01 3.20e-01h  1
 241  6.1072686e+00 1.19e-03 3.19e+01  -3.5 2.22e-01    -  1.00e+00 1.00e+00f  1
 242  6.1122745e+00 7.42e-04 1.37e+02  -3.2 3.17e-01    -  8.80e-01 3.37e-01h  1
 243  6.1366979e+00 5.89e-04 4.83e+01  -3.3 2.01e-01    -  1.00e+00 1.00e+00h  1
 244  6.1616185e+00 3.10e-04 9.90e+01  -3.3 2.94e-01    -  8.00e-01 1.00e+00H  1
 245  6.1278961e+00 2.52e-03 4.71e+01  -3.3 2.91e-01    -  8.39e-01 1.00e+00h  1
 246  6.1164658e+00 1.42e-03 2.05e+02  -3.3 3.38e-01    -  1.00e+00 3.88e-01h  1
 247  6.0999206e+00 1.37e-03 4.37e+01  -3.3 3.25e-01    -  9.00e-01 1.00e+00f  1
 248  6.0987759e+00 1.02e-03 1.58e+01  -3.7 1.73e-01    -  1.00e+00 1.00e+00h  1
 249  6.0920288e+00 7.48e-04 2.46e+01  -4.0 2.90e-01    -  1.00e+00 7.30e-01h  1
iter    objective    inf_pr   inf_du lg(mu)  ||d||  lg(rg) alpha_du alpha_pr  ls
 250  6.1049707e+00 4.73e-04 4.52e+00  -3.5 1.67e-01    -  1.00e+00 1.00e+00h  1
 251  6.1220491e+00 2.74e-04 8.89e+01  -3.7 1.34e-01    -  5.29e-01 1.00e+00H  1
 252  6.1119850e+00 5.30e-04 2.07e+01  -3.7 1.48e-01    -  6.68e-01 9.51e-01h  1
 253  6.1072136e+00 2.82e-04 2.12e+01  -3.7 1.57e-01    -  1.00e+00 4.72e-01f  1
 254  6.0984421e+00 2.49e-04 1.55e+01  -3.7 1.31e-01    -  9.02e-01 1.00e+00f  1
 255  6.0981758e+00 1.57e-04 2.58e+01  -4.0 6.69e-02    -  1.00e+00 4.11e-01h  1
 256  6.0917727e+00 1.72e-04 1.50e+01  -4.0 9.89e-02    -  1.00e+00 8.30e-01h  1
 257  6.1008991e+00 1.64e-04 1.30e+01  -3.7 6.88e-02    -  1.00e+00 1.00e+00h  1
 258  6.0965126e+00 9.42e-05 6.87e+00  -4.0 5.73e-02    -  1.00e+00 1.00e+00h  1
 259  6.0964565e+00 1.46e-05 5.23e+00  -4.0 2.53e-02    -  1.00e+00 1.00e+00h  1
iter    objective    inf_pr   inf_du lg(mu)  ||d||  lg(rg) alpha_du alpha_pr  ls
 260  6.0990849e+00 1.63e-05 3.63e+00  -4.0 2.79e-02    -  1.00e+00 1.00e+00h  1
 261  6.0940430e+00 1.09e-04 1.40e+01  -4.1 6.11e-02    -  1.00e+00 1.00e+00h  1
 262  6.0873634e+00 4.07e-04 4.07e+01  -4.0 1.18e-01    -  1.00e+00 1.00e+00h  1
 263  6.0803628e+00 4.54e-04 4.39e+01  -4.0 1.30e-01    -  1.00e+00 9.83e-01h  1
 264  6.0853580e+00 1.34e-04 4.44e+00  -4.0 9.23e-02    -  1.00e+00 1.00e+00h  1
 265  6.0969241e+00 7.72e-05 6.24e+00  -3.7 3.94e-02    -  1.00e+00 1.00e+00h  1
 266  6.0972544e+00 4.42e-05 4.13e+01  -3.8 1.38e-01    -  1.00e+00 1.00e+00H  1
 267  6.0889358e+00 2.50e-03 1.16e+02  -3.8 5.87e-01    -  8.55e-01 5.27e-01h  1
 268  6.0777568e+00 2.11e-03 1.65e+02  -3.8 6.75e-01    -  3.34e-01 3.34e-01h  1
 269  6.0513846e+00 2.69e-03 1.86e+02  -4.0 1.01e+00    -  1.68e-01 3.08e-01h  1
iter    objective    inf_pr   inf_du lg(mu)  ||d||  lg(rg) alpha_du alpha_pr  ls
 270  6.0831825e+00 2.95e-03 1.25e+02  -3.0 6.97e-01    -  3.70e-01 4.02e-01f  1
 271  6.0786992e+00 1.05e-03 3.49e+01  -3.4 1.98e-01    -  1.00e+00 7.23e-01h  1
 272  6.0864414e+00 7.48e-04 1.42e+02  -3.2 2.69e-01    -  1.00e+00 2.61e-01f  1
 273  6.1207364e+00 5.18e-04 7.50e+01  -3.3 1.67e-01    -  7.57e-01 1.00e+00h  1
 274  6.1282245e+00 3.53e-04 2.21e+01  -3.3 1.18e-01    -  1.00e+00 1.00e+00h  1
 275  6.1208641e+00 2.05e-04 4.94e+01  -3.3 1.15e-01    -  1.00e+00 5.07e-01h  1
 276  6.1245650e+00 1.00e-04 4.31e+01  -3.3 8.15e-02    -  1.00e+00 5.00e-01f  2
 277  6.1353747e+00 9.89e-05 9.09e+00  -3.3 6.18e-02    -  1.00e+00 1.00e+00h  1
 278  6.1379551e+00 5.36e-05 9.87e+00  -3.3 5.18e-02    -  1.00e+00 1.00e+00h  1
 279  6.1364408e+00 1.45e-05 4.91e+00  -3.3 2.31e-02    -  1.00e+00 1.00e+00h  1
iter    objective    inf_pr   inf_du lg(mu)  ||d||  lg(rg) alpha_du alpha_pr  ls
 280  6.1385689e+00 3.97e-07 3.73e+00  -3.3 2.88e-02    -  1.00e+00 1.00e+00H  1
 281  6.1207139e+00 7.19e-05 6.36e+00  -4.0 6.00e-02    -  1.00e+00 1.00e+00f  1
 282  6.0777210e+00 1.18e-03 3.27e+01  -4.1 3.98e-01    -  4.14e-01 4.08e-01h  1
 283  6.0696645e+00 4.69e-04 3.08e+01  -4.0 1.09e-01    -  1.00e+00 6.78e-01f  1
 284  6.0668427e+00 1.06e-04 1.95e+01  -4.0 8.19e-02    -  1.00e+00 1.00e+00h  1
 285  6.0691708e+00 3.34e-05 5.99e+00  -4.0 4.34e-02    -  1.00e+00 1.00e+00h  1
 286  6.0716269e+00 1.13e-05 4.90e+00  -4.0 3.21e-02    -  1.00e+00 1.00e+00h  1
 287  6.0701957e+00 1.75e-05 5.91e+00  -4.0 2.48e-02    -  1.00e+00 1.00e+00h  1
 288  6.0661642e+00 1.23e-04 1.32e+01  -4.0 7.59e-02    -  1.00e+00 1.00e+00h  1
 289  6.0624512e+00 1.21e-04 2.08e+01  -4.0 1.01e-01    -  1.00e+00 1.00e+00h  1
iter    objective    inf_pr   inf_du lg(mu)  ||d||  lg(rg) alpha_du alpha_pr  ls
 290  6.0631806e+00 7.90e-05 5.18e+00  -4.0 7.86e-02    -  1.00e+00 1.00e+00h  1
 291  6.0634843e+00 2.16e-04 1.40e+01  -4.0 9.94e-02    -  1.00e+00 1.00e+00h  1
 292  6.0607108e+00 1.23e-04 1.44e+00  -4.0 6.91e-02    -  1.00e+00 1.00e+00h  1
 293  6.0629356e+00 4.33e-06 2.55e+00  -4.0 1.29e-02    -  1.00e+00 1.00e+00h  1
 294  6.0668510e+00 2.81e-06 7.72e+00  -4.0 3.20e-02    -  1.00e+00 1.00e+00H  1
 295  6.0652524e+00 5.23e-04 4.67e+01  -4.0 1.46e-01    -  1.00e+00 1.00e+00h  1
 296  6.0457590e+00 4.61e-03 1.46e+02  -4.1 4.23e-01    -  8.34e-01 9.60e-01h  1
 297  6.0379388e+00 5.09e-03 1.90e+02  -3.3 2.72e+00    -  4.11e-01 6.79e-02f  1
 298  6.0214138e+00 2.10e-03 1.28e+02  -4.0 3.66e-01    -  5.35e-01 1.00e+00h  1
 299  6.0212148e+00 1.52e-03 1.08e+02  -3.8 2.44e-01    -  5.86e-01 3.10e-01h  1
iter    objective    inf_pr   inf_du lg(mu)  ||d||  lg(rg) alpha_du alpha_pr  ls
 300  6.0274513e+00 1.83e-03 8.62e+01  -3.3 3.33e-01    -  1.00e+00 5.34e-01h  1
 301  6.0157548e+00 9.53e-03 1.49e+02  -3.4 4.90e-01    -  1.00e+00 9.73e-01h  1
 302  5.9926398e+00 3.61e-03 1.01e+02  -4.0 3.31e-01    -  1.00e+00 6.82e-01h  1
 303  5.9896147e+00 1.36e-03 1.05e+01  -3.5 2.34e-01    -  1.00e+00 1.00e+00h  1
 304  6.0014503e+00 6.71e-04 1.74e+02  -3.6 1.48e-01    -  1.00e+00 5.56e-01h  1
 305  6.0221228e+00 4.22e-04 1.40e+02  -3.4 2.02e-01    -  1.00e+00 5.00e-01h  2
 306  6.0495469e+00 2.52e-04 2.84e+01  -3.4 1.41e-01    -  1.00e+00 1.00e+00h  1
 307  6.0931179e+00 1.43e-03 4.92e+01  -3.1 1.72e-01    -  1.00e+00 1.00e+00h  1
 308  6.0876934e+00 9.28e-04 4.96e+01  -3.2 1.71e-01    -  1.00e+00 3.75e-01h  1
 309  6.0759615e+00 4.32e-04 2.27e+01  -3.2 1.60e-01    -  1.00e+00 1.00e+00f  1
iter    objective    inf_pr   inf_du lg(mu)  ||d||  lg(rg) alpha_du alpha_pr  ls
 310  6.0824908e+00 1.59e-04 1.03e+01  -3.2 1.09e-01    -  1.00e+00 1.00e+00h  1
 311  6.1039285e+00 3.57e-05 1.07e+01  -3.2 8.62e-02    -  1.00e+00 1.00e+00H  1
 312  6.1096621e+00 9.69e-06 1.58e+01  -3.2 5.95e-02    -  1.00e+00 1.00e+00H  1
 313  6.1128384e+00 8.12e-06 2.44e+01  -3.2 1.38e-01    -  1.00e+00 1.00e+00H  1
 314  6.1142284e+00 2.08e-06 3.64e+01  -3.2 1.28e-01    -  1.00e+00 1.00e+00H  1
 315  6.0779126e+00 9.97e-04 1.26e+01  -3.8 1.41e-01    -  1.00e+00 1.00e+00f  1
 316  6.0572008e+00 1.37e-03 3.60e+01  -3.9 3.80e-01    -  1.00e+00 2.76e-01h  1
 317  6.0313176e+00 1.16e-03 4.87e+01  -3.9 3.40e-01    -  1.64e-01 4.00e-01f  1
 318  6.0208898e+00 3.68e-04 3.56e+01  -3.9 1.10e-01    -  1.00e+00 1.00e+00h  1
 319  6.0213980e+00 1.77e-04 4.53e+01  -3.9 9.05e-02    -  8.94e-01 5.10e-01h  1
iter    objective    inf_pr   inf_du lg(mu)  ||d||  lg(rg) alpha_du alpha_pr  ls
 320  6.0201148e+00 4.52e-05 6.44e+00  -4.0 3.19e-02    -  1.00e+00 1.00e+00h  1
 321  6.0217665e+00 2.16e-05 8.92e+00  -4.0 2.92e-02    -  7.15e-01 1.00e+00h  1
 322  6.0231929e+00 1.03e-05 4.07e+00  -4.0 2.30e-02    -  1.00e+00 1.00e+00h  1
 323  6.0223935e+00 4.48e-05 7.52e+00  -4.0 3.75e-02    -  1.00e+00 1.00e+00h  1
 324  6.0185462e+00 2.14e-05 7.64e+00  -4.1 2.76e-02    -  1.00e+00 1.00e+00h  1
 325  6.0195788e+00 9.72e-06 3.18e+00  -4.0 1.74e-02    -  1.00e+00 1.00e+00h  1
 326  6.0207751e+00 5.18e-06 2.27e+00  -4.0 1.82e-02    -  1.00e+00 1.00e+00h  1
 327  6.0211094e+00 7.76e-07 8.06e+00  -4.0 3.48e-02    -  1.00e+00 1.00e+00H  1
 328  6.0186893e+00 5.81e-04 3.18e+01  -4.0 1.10e-01    -  1.00e+00 1.00e+00h  1
 329  6.0081447e+00 1.79e-02 1.66e+02  -4.1 2.05e+00    -  1.70e-01 3.00e-01h  1
iter    objective    inf_pr   inf_du lg(mu)  ||d||  lg(rg) alpha_du alpha_pr  ls
 330  5.9839604e+00 7.90e-03 1.27e+02  -4.1 2.36e-01    -  3.73e-01 5.64e-01h  1
 331  5.9831128e+00 5.95e-03 9.63e+01  -3.8 1.62e-01    -  1.00e+00 2.47e-01f  1
 332  5.9922141e+00 3.54e-04 4.84e+01  -4.0 1.08e-01    -  1.00e+00 1.00e+00h  1
 333  6.0167011e+00 1.17e-03 4.96e+01  -3.5 1.51e-01    -  8.53e-01 1.00e+00h  1
 334  6.0188868e+00 9.10e-04 1.68e+02  -3.6 1.32e-01    -  1.00e+00 2.34e-01h  1
 335  6.0198278e+00 1.21e-03 2.33e+01  -3.6 2.58e-01    -  1.00e+00 5.00e-01f  2
 336  6.0154578e+00 7.15e-03 9.88e+01  -3.6 3.91e-01    -  1.00e+00 1.00e+00h  1
 337  5.9992997e+00 2.17e-03 5.46e+01  -3.6 2.33e-01    -  6.45e-01 7.76e-01h  1
 338  5.9996716e+00 1.99e-03 3.89e+01  -3.6 2.79e-01    -  6.26e-01 5.31e-01h  1
 339  6.0037694e+00 1.61e-03 8.97e+01  -3.6 2.49e-01    -  5.92e-01 1.00e+00h  1
iter    objective    inf_pr   inf_du lg(mu)  ||d||  lg(rg) alpha_du alpha_pr  ls
 340  5.9945936e+00 6.61e-04 6.50e+01  -3.6 1.45e-01    -  5.44e-01 1.00e+00h  1
 341  5.9880729e+00 3.74e-03 5.93e+01  -3.6 3.21e-01    -  1.00e+00 1.00e+00h  1
 342  5.9760272e+00 1.13e-03 1.45e+01  -4.0 1.90e-01    -  1.00e+00 1.00e+00h  1
 343  5.9795108e+00 7.14e-04 1.49e+02  -3.6 1.44e-01    -  1.00e+00 4.38e-01h  1
 344  6.0115247e+00 4.85e-04 2.51e+01  -3.3 1.65e-01    -  1.00e+00 1.00e+00h  1
 345  6.0330560e+00 5.47e-04 2.66e+01  -3.4 1.47e-01    -  7.28e-01 1.00e+00h  1
 346  6.0254098e+00 2.70e-04 2.40e+01  -3.4 1.08e-01    -  1.00e+00 1.00e+00h  1
 347  6.0352407e+00 8.27e-05 1.70e+01  -3.4 5.42e-02    -  1.00e+00 1.00e+00h  1
 348  6.0541451e+00 6.33e-05 4.41e+01  -3.4 9.79e-02    -  1.00e+00 1.00e+00H  1
 349  6.0419280e+00 1.66e-04 3.28e+01  -3.4 1.01e-01    -  1.00e+00 1.00e+00h  1
iter    objective    inf_pr   inf_du lg(mu)  ||d||  lg(rg) alpha_du alpha_pr  ls
 350  6.0406837e+00 8.23e-05 8.80e+00  -3.4 7.47e-02    -  1.00e+00 1.00e+00h  1
 351  6.0442523e+00 3.09e-05 6.37e+00  -3.4 3.84e-02    -  1.00e+00 1.00e+00h  1
 352  6.0484707e+00 1.64e-05 1.16e+01  -3.4 4.57e-02    -  1.00e+00 1.00e+00H  1
 353  6.0494262e+00 6.63e-06 3.01e+01  -3.4 1.36e-01    -  1.00e+00 1.00e+00H  1
 354  6.0484405e+00 1.21e-05 3.20e+01  -3.4 1.76e-01    -  1.00e+00 1.25e-01h  4
 355  6.0295356e+00 2.49e-03 8.05e+01  -3.4 4.12e-01    -  1.00e+00 8.22e-01h  1
 356  6.0270976e+00 9.30e-04 5.02e+01  -3.4 1.70e-01    -  1.00e+00 6.35e-01h  1
 357  6.0315313e+00 2.66e-04 1.38e+01  -3.4 1.08e-01    -  4.71e-01 1.00e+00h  1
 358  6.0370972e+00 6.33e-05 2.82e+01  -3.4 4.86e-02    -  1.00e+00 7.59e-01h  1
 359  6.0396534e+00 7.57e-05 4.11e+01  -3.4 8.89e-02    -  1.00e+00 5.00e-01f  2
iter    objective    inf_pr   inf_du lg(mu)  ||d||  lg(rg) alpha_du alpha_pr  ls
 360  6.0428512e+00 6.52e-05 3.52e+01  -3.4 1.14e-01    -  1.00e+00 1.00e+00H  1
 361  6.0397172e+00 1.16e-04 4.28e+01  -3.4 3.57e-01    -  1.00e+00 1.70e-01h  3
 362  6.0266614e+00 1.42e-03 5.97e+01  -3.4 1.94e-01    -  1.00e+00 1.00e+00h  1
 363  6.0206679e+00 3.32e-04 2.07e+01  -3.4 1.09e-01    -  1.00e+00 1.00e+00h  1
 364  6.0247268e+00 2.92e-04 1.45e+01  -3.4 1.13e-01    -  1.00e+00 1.00e+00h  1
 365  6.0217572e+00 3.10e-04 1.40e+01  -3.4 9.20e-02    -  1.00e+00 1.00e+00h  1
 366  6.0253372e+00 5.53e-05 9.28e+00  -3.4 4.78e-02    -  1.00e+00 1.00e+00h  1
 367  6.0287949e+00 2.41e-05 1.08e+01  -3.4 3.34e-02    -  1.00e+00 1.00e+00h  1
 368  6.0329273e+00 2.24e-05 3.82e+01  -3.4 1.19e-01    -  1.00e+00 1.00e+00H  1
 369  6.0320093e+00 1.94e-05 5.66e+01  -3.4 1.06e-01    -  1.00e+00 1.25e-01h  4
iter    objective    inf_pr   inf_du lg(mu)  ||d||  lg(rg) alpha_du alpha_pr  ls
 370  6.0298561e+00 3.18e-05 2.35e+01  -3.4 8.35e-02    -  1.00e+00 1.00e+00H  1
 371  6.0281507e+00 3.56e-05 1.60e+02  -3.4 1.43e-01    -  1.00e+00 2.22e-01h  3
 372  6.0281173e+00 1.13e-05 5.81e+00  -3.4 4.87e-02    -  1.00e+00 1.00e+00H  1
 373  6.0278740e+00 2.15e-05 2.95e+01  -3.4 1.51e-01    -  1.00e+00 1.00e+00H  1
 374  6.0273083e+00 3.61e-05 3.44e+01  -3.4 1.14e+00    -  7.40e-01 1.97e-02h  5
 375  6.0125285e+00 8.77e-03 1.47e+02  -3.4 1.83e+00    -  3.92e-01 2.81e-01h  1
 376  5.9944452e+00 6.93e-03 1.95e+02  -3.4 5.34e-01    -  9.70e-01 6.91e-01h  1
 377  5.9869981e+00 1.13e-03 3.06e+01  -3.4 2.05e-01    -  1.00e+00 1.00e+00f  1
 378  5.9894599e+00 8.28e-04 2.73e+02  -3.4 1.77e-01    -  1.00e+00 2.85e-01h  1
 379  5.9909280e+00 6.45e-04 1.80e+02  -3.4 1.81e-01    -  1.00e+00 2.38e-01h  3
iter    objective    inf_pr   inf_du lg(mu)  ||d||  lg(rg) alpha_du alpha_pr  ls
 380  5.9942578e+00 3.39e-04 1.30e+02  -3.4 2.10e-01    -  1.00e+00 5.00e-01h  2
 381  5.9944578e+00 3.01e-04 8.78e+01  -3.4 3.53e-01    -  1.00e+00 1.25e-01h  4
 382  5.9973253e+00 3.39e-04 1.14e+02  -3.4 1.85e-01    -  1.00e+00 5.00e-01h  2
 383  5.9999829e+00 3.41e-04 3.61e+01  -3.4 1.54e-01    -  1.00e+00 5.40e-01h  1
 384  6.0000220e+00 2.41e-04 2.50e+01  -3.4 1.01e-01    -  1.00e+00 1.00e+00f  1
 385  5.9994592e+00 1.08e-04 2.87e+01  -3.4 8.31e-02    -  1.00e+00 7.04e-01h  1
 386  5.9999706e+00 4.32e-05 1.29e+01  -3.7 7.74e-02    -  9.64e-01 1.00e+00H  1
 387  5.9690482e+00 7.47e-04 3.36e+01  -4.0 1.68e-01    -  1.00e+00 1.00e+00h  1
 388  5.9449499e+00 8.00e-04 4.54e+01  -4.0 3.50e-01    -  1.00e+00 6.03e-01h  1
 389  5.9449149e+00 3.01e-04 1.60e+01  -4.0 1.05e-01    -  1.00e+00 1.00e+00h  1
iter    objective    inf_pr   inf_du lg(mu)  ||d||  lg(rg) alpha_du alpha_pr  ls
 390  5.9655031e+00 1.04e-04 1.09e+02  -3.7 8.99e-02    -  4.70e-01 1.00e+00H  1
 391  5.9581269e+00 8.02e-05 1.86e+01  -4.0 7.17e-02    -  1.00e+00 6.50e-01h  1
 392  5.9508519e+00 2.19e-04 2.12e+01  -4.0 8.98e-02    -  1.00e+00 1.00e+00h  1
 393  5.9447801e+00 1.97e-04 2.31e+01  -4.1 9.11e-02    -  1.00e+00 1.00e+00h  1
 394  5.9539496e+00 2.32e-05 4.71e+00  -4.0 5.76e-02    -  1.00e+00 1.00e+00H  1
 395  5.9548332e+00 1.24e-05 5.35e+00  -4.0 2.46e-02    -  1.00e+00 1.00e+00h  1
 396  5.9552359e+00 2.78e-06 9.43e+00  -4.0 4.11e-02    -  1.00e+00 1.00e+00H  1
 397  5.9599209e+00 1.61e-03 5.27e+01  -3.7 3.31e-01    -  1.00e+00 1.00e+00h  1
 398  5.9390820e+00 5.31e-04 2.10e+01  -3.8 1.49e-01    -  1.00e+00 1.00e+00h  1
 399  5.9381924e+00 1.90e-04 1.40e+01  -4.0 1.06e-01    -  1.00e+00 1.00e+00h  1
iter    objective    inf_pr   inf_du lg(mu)  ||d||  lg(rg) alpha_du alpha_pr  ls
 400  5.9765025e+00 1.24e-03 3.62e+01  -3.4 2.32e-01    -  1.00e+00 9.91e-01h  1
 401  5.9729082e+00 2.41e-03 4.97e+01  -3.4 3.07e-01    -  1.00e+00 8.36e-01h  1
 402  5.9612421e+00 8.45e-04 7.80e+00  -3.4 1.56e-01    -  1.00e+00 1.00e+00h  1
 403  5.9588097e+00 4.71e-04 4.75e+00  -3.4 1.14e-01    -  1.00e+00 1.00e+00h  1
 404  5.9648755e+00 2.50e-04 1.37e+02  -3.4 9.16e-02    -  1.00e+00 5.00e-01h  2
 405  5.9663118e+00 2.21e-04 1.45e+02  -3.4 1.57e-01    -  1.00e+00 1.25e-01h  4
 406  5.9683264e+00 1.95e-04 8.19e+01  -3.4 1.93e-01    -  1.00e+00 1.25e-01h  4
 407  5.9722150e+00 1.54e-04 8.90e+01  -3.4 1.09e-01    -  1.00e+00 2.50e-01h  3
 408  5.9878450e+00 4.79e-05 1.87e+01  -3.4 1.21e-01    -  1.00e+00 1.00e+00H  1
 409  5.9896658e+00 3.05e-05 2.05e+01  -3.4 7.37e-02    -  1.00e+00 1.00e+00H  1
iter    objective    inf_pr   inf_du lg(mu)  ||d||  lg(rg) alpha_du alpha_pr  ls
 410  5.9870142e+00 2.67e-05 1.12e+01  -3.4 5.71e-02    -  1.00e+00 1.00e+00H  1
 411  5.9882604e+00 1.82e-05 3.11e+00  -3.4 2.72e-02    -  1.00e+00 1.00e+00h  1
 412  5.9892185e+00 1.35e-05 4.53e+00  -3.4 2.56e-02    -  1.00e+00 1.00e+00h  1
 413  5.9893002e+00 6.59e-06 1.02e+01  -3.4 6.27e-02    -  1.00e+00 1.00e+00H  1
 414  5.9889654e+00 2.32e-05 2.13e+01  -3.4 9.18e-01    -  9.47e-01 3.12e-02h  6
 415  6.0097624e+00 4.32e-06 1.10e+02  -3.4 5.03e-01    -  1.00e+00 1.00e+00H  1
 416  6.0089360e+00 2.64e-06 1.97e+02  -3.4 5.28e-01    -  1.00e+00 2.14e-02h  6
 417  5.9584785e+00 1.67e-03 5.64e+01  -3.4 3.18e-01    -  1.00e+00 7.05e-01f  1
 418  5.9652811e+00 8.21e-04 8.20e+01  -3.4 2.48e-01    -  1.00e+00 5.00e-01h  2
 419  5.9670757e+00 7.33e-04 7.04e+01  -3.4 2.28e-01    -  9.06e-01 1.25e-01h  4
iter    objective    inf_pr   inf_du lg(mu)  ||d||  lg(rg) alpha_du alpha_pr  ls
 420  5.9671178e+00 7.30e-04 5.40e+01  -3.4 4.37e-01    -  1.00e+00 3.91e-03h  9
 421  5.9671894e+00 7.25e-04 8.84e+01  -3.4 8.61e-01    -  1.00e+00 7.81e-03h  8
 422  5.9561575e+00 5.20e-02 2.87e+02  -3.4 2.82e+00    -  4.65e-01 5.41e-01h  1
 423  5.8665653e+00 1.57e-02 1.95e+02  -3.4 7.60e-01    -  8.89e-01 7.11e-01h  1
 424  5.9014423e+00 1.15e-02 1.40e+02  -3.1 8.54e-01    -  1.00e+00 6.93e-01f  1
 425  5.9690175e+00 1.31e-02 7.46e+01  -2.8 8.26e-01    -  1.00e+00 9.31e-01h  1
 426  5.9439405e+00 4.99e-03 3.19e+01  -2.9 3.89e-01    -  1.00e+00 1.00e+00h  1
 427  5.9505017e+00 2.56e-03 5.05e+01  -2.9 3.71e-01    -  1.00e+00 8.04e-01h  1
 428  5.9892112e+00 1.03e-03 7.74e+01  -2.9 2.37e-01    -  1.00e+00 7.86e-01h  1
 429  6.0181576e+00 6.00e-04 2.87e+01  -2.9 2.51e-01    -  1.00e+00 6.35e-01h  1
iter    objective    inf_pr   inf_du lg(mu)  ||d||  lg(rg) alpha_du alpha_pr  ls
 430  6.0317741e+00 5.01e-04 7.65e+01  -2.9 2.02e-01    -  1.00e+00 5.00e-01f  2
 431  6.0546834e+00 3.42e-04 1.95e+01  -2.9 1.46e-01    -  1.00e+00 1.00e+00h  1
 432  6.0637106e+00 3.22e-04 3.16e+01  -2.9 1.02e-01    -  1.00e+00 1.00e+00h  1
 433  6.0665641e+00 1.11e-04 5.72e+00  -2.9 8.35e-02    -  1.00e+00 1.00e+00h  1
 434  6.0777638e+00 2.63e-05 7.15e+00  -2.9 4.70e-02    -  1.00e+00 1.00e+00h  1
 435  6.0792621e+00 2.76e-05 9.71e+01  -2.9 1.75e-01    -  1.00e+00 2.50e-01h  3
 436  6.0876960e+00 7.22e-06 1.14e+01  -2.9 5.04e-02    -  1.00e+00 1.00e+00H  1
 437  6.0855797e+00 3.12e-05 9.65e+00  -2.9 3.89e-02    -  1.00e+00 1.00e+00h  1
 438  6.0845863e+00 1.60e-05 3.92e+00  -2.9 2.11e-02    -  1.00e+00 1.00e+00h  1
 439  6.0878331e+00 4.01e-07 2.83e+00  -2.9 2.25e-02    -  1.00e+00 1.00e+00H  1
iter    objective    inf_pr   inf_du lg(mu)  ||d||  lg(rg) alpha_du alpha_pr  ls
 440  6.0231995e+00 7.69e-04 2.96e+01  -3.7 2.19e-01    -  1.00e+00 9.72e-01f  1
 441  5.9423228e+00 2.90e-03 7.91e+01  -3.7 5.48e-01    -  9.57e-01 4.84e-01h  1
 442  5.9315400e+00 1.89e-03 1.05e+02  -3.7 2.21e-01    -  1.00e+00 3.59e-01h  1
 443  5.9224731e+00 4.53e-04 3.71e+01  -4.0 1.10e-01    -  1.00e+00 7.50e-01h  1
 444  5.9205177e+00 3.40e-04 2.26e+01  -4.0 1.22e-01    -  1.00e+00 3.03e-01h  1
 445  5.9219173e+00 1.34e-04 1.21e+01  -4.0 7.03e-02    -  1.00e+00 1.00e+00h  1
 446  5.9213177e+00 1.53e-04 2.23e+01  -4.0 6.93e-02    -  1.00e+00 1.00e+00h  1
 447  5.9197832e+00 9.61e-05 2.77e+01  -4.0 6.84e-02    -  1.00e+00 3.78e-01h  1
 448  5.9168479e+00 3.59e-05 6.37e+00  -4.0 3.69e-02    -  1.00e+00 1.00e+00h  1
 449  5.9188998e+00 2.70e-05 4.70e+00  -4.0 2.87e-02    -  1.00e+00 1.00e+00h  1
iter    objective    inf_pr   inf_du lg(mu)  ||d||  lg(rg) alpha_du alpha_pr  ls
 450  5.9178695e+00 1.45e-04 1.33e+01  -4.0 6.26e-02    -  1.00e+00 9.85e-01h  1
 451  5.9128269e+00 2.03e-04 2.36e+01  -4.1 1.22e-01    -  1.00e+00 6.22e-01h  1
 452  5.9107527e+00 3.89e-05 2.03e+01  -4.0 5.72e-02    -  1.00e+00 1.00e+00f  1
 453  5.9123721e+00 2.60e-05 4.50e+00  -4.0 3.83e-02    -  1.00e+00 1.00e+00h  1
 454  5.9120349e+00 6.10e-05 7.50e+00  -4.0 4.78e-02    -  1.00e+00 1.00e+00h  1
 455  5.9122969e+00 2.37e-05 5.79e+00  -4.0 3.04e-02    -  1.00e+00 1.00e+00h  1
 456  5.9121571e+00 4.31e-05 6.72e+00  -4.0 4.36e-02    -  1.00e+00 1.00e+00h  1
 457  5.9061545e+00 2.53e-03 7.83e+01  -4.1 1.16e+00    -  2.24e-01 2.63e-01h  1
 458  5.9364509e+00 8.65e-03 1.69e+02  -3.3 8.37e-01    -  8.62e-01 5.99e-01f  1
 459  5.9201225e+00 5.08e-03 1.64e+02  -3.4 3.49e-01    -  1.00e+00 1.00e+00h  1
iter    objective    inf_pr   inf_du lg(mu)  ||d||  lg(rg) alpha_du alpha_pr  ls
 460  5.9145568e+00 2.82e-03 9.35e+01  -3.4 2.91e-01    -  1.00e+00 5.80e-01h  1
 461  5.9011184e+00 2.91e-03 1.06e+02  -3.4 5.30e-01    -  8.51e-01 4.38e-01h  1
 462  5.9004060e+00 2.85e-03 2.24e+02  -3.7 3.86e-01    -  1.00e+00 2.37e-02h  1
 463  5.8853089e+00 1.60e-03 4.31e+01  -4.0 3.59e-01    -  8.38e-01 6.30e-01h  1
 464  5.8755614e+00 4.18e-03 8.76e+01  -4.0 8.06e-01    -  1.00e+00 3.93e-01h  1
 465  5.8670603e+00 5.20e-03 1.13e+02  -4.0 1.14e+00    -  3.68e-01 2.40e-01h  1
 466  5.8783676e+00 4.93e-03 1.30e+02  -3.4 7.11e-01    -  7.31e-01 5.87e-01h  1
 467  5.8713848e+00 8.96e-04 7.59e+01  -3.6 1.74e-01    -  1.00e+00 8.18e-01h  1
 468  5.8644773e+00 4.05e-04 2.42e+01  -4.0 1.46e-01    -  1.00e+00 6.77e-01h  1
 469  5.8621376e+00 2.29e-04 1.54e+02  -4.0 1.43e-01    -  1.00e+00 5.72e-01h  1
iter    objective    inf_pr   inf_du lg(mu)  ||d||  lg(rg) alpha_du alpha_pr  ls
 470  5.8784971e+00 1.31e-04 6.00e+01  -3.7 1.43e-01    -  6.36e-01 5.67e-01H  1
 471  5.8781096e+00 9.25e-05 5.32e+01  -4.0 1.63e-01    -  3.50e-01 4.18e-01H  1
 472  5.8727954e+00 6.09e-04 6.73e+01  -4.0 3.40e-01    -  4.12e-01 4.55e-01h  1
 473  5.8557193e+00 4.46e-03 1.54e+02  -4.0 9.67e-01    -  2.55e-01 4.57e-01h  1
 474  5.8494543e+00 3.81e-03 1.70e+02  -3.7 5.38e-01    -  7.30e-01 2.59e-01f  1
 475  5.8423360e+00 3.10e-03 2.10e+02  -4.0 2.79e-01    -  7.36e-01 1.87e-01h  1
 476  5.8523993e+00 1.25e-03 1.20e+02  -3.7 1.70e-01    -  1.00e+00 6.31e-01h  1
 477  5.8569804e+00 7.43e-04 3.19e+01  -3.7 1.49e-01    -  1.00e+00 8.85e-01h  1
 478  5.8460132e+00 3.02e-04 1.40e+01  -4.0 1.04e-01    -  1.00e+00 1.00e+00h  1
 479  5.8385333e+00 2.21e-04 1.65e+01  -4.0 1.29e-01    -  1.00e+00 1.00e+00h  1
iter    objective    inf_pr   inf_du lg(mu)  ||d||  lg(rg) alpha_du alpha_pr  ls
 480  5.8443356e+00 1.41e-04 4.22e+01  -4.0 6.98e-02    -  1.00e+00 6.00e-01h  1
 481  5.8548941e+00 5.35e-05 1.78e+02  -4.0 5.53e-02    -  3.94e-01 1.00e+00H  1
 482  5.8551183e+00 4.00e-05 1.63e+02  -4.0 8.46e-02    -  1.00e+00 2.50e-01h  3
 483  5.8614266e+00 2.61e-04 2.44e+01  -3.7 7.27e-02    -  1.00e+00 1.00e+00h  1
 484  5.8558009e+00 3.05e-03 5.38e+01  -3.8 2.70e-01    -  1.00e+00 1.00e+00h  1
 485  5.8402929e+00 1.91e-03 8.56e+01  -3.8 3.00e-01    -  1.00e+00 1.00e+00h  1
 486  5.8288777e+00 1.20e-03 7.53e+01  -3.8 2.22e-01    -  7.83e-01 4.81e-01h  1
 487  5.8313813e+00 6.47e-04 1.56e+02  -3.9 1.05e-01    -  1.00e+00 4.68e-01h  1
 488  5.8340146e+00 3.50e-04 3.25e+01  -4.0 1.14e-01    -  1.00e+00 6.18e-01h  1
 489  5.8390774e+00 2.40e-04 3.19e+01  -4.0 1.62e-01    -  1.00e+00 6.33e-01H  1
iter    objective    inf_pr   inf_du lg(mu)  ||d||  lg(rg) alpha_du alpha_pr  ls
 490  5.8313603e+00 2.46e-04 1.64e+01  -4.1 1.08e-01    -  1.00e+00 1.00e+00h  1
 491  5.8264568e+00 4.18e-04 1.29e+01  -4.0 1.16e-01    -  1.00e+00 9.52e-01h  1
 492  5.8279659e+00 1.77e-04 1.20e+01  -4.0 1.05e-01    -  1.00e+00 1.00e+00h  1
 493  5.8319423e+00 9.56e-05 8.50e+00  -4.0 7.42e-02    -  1.00e+00 1.00e+00h  1
 494  5.8322870e+00 8.45e-05 4.80e+01  -4.0 8.37e-02    -  1.00e+00 5.00e-01h  2
 495  5.8335931e+00 3.24e-05 8.34e+00  -4.0 3.91e-02    -  1.00e+00 1.00e+00h  1
 496  5.8364867e+00 2.21e-06 8.57e+00  -4.0 2.97e-02    -  1.00e+00 1.00e+00H  1
 497  5.8366454e+00 7.04e-05 6.34e+01  -4.0 1.14e-01    -  1.00e+00 5.00e-01h  2
 498  5.8323348e+00 6.03e-04 3.98e+01  -4.1 4.19e-01    -  4.09e-01 3.64e-01h  1
 499  5.8251247e+00 2.86e-03 8.02e+01  -4.1 6.45e-01    -  5.04e-01 4.71e-01h  1
iter    objective    inf_pr   inf_du lg(mu)  ||d||  lg(rg) alpha_du alpha_pr  ls
 500  5.8242872e+00 5.90e-03 1.32e+02  -3.3 2.26e+00    -  2.41e-01 1.45e-01f  1
 501  5.8370432e+00 1.11e-02 1.56e+02  -3.1 1.76e+00    -  3.60e-01 2.89e-01h  1
 502  5.8060940e+00 2.35e-03 6.35e+01  -3.5 2.75e-01    -  1.00e+00 1.00e+00h  1
 503  5.8382563e+00 2.09e-03 8.24e+01  -3.2 2.38e-01    -  1.00e+00 1.00e+00h  1
 504  5.8361437e+00 1.99e-03 7.94e+01  -3.3 3.32e-01    -  1.00e+00 7.01e-01h  1
 505  5.8361933e+00 1.34e-03 2.55e+02  -3.3 2.47e-01    -  1.00e+00 3.84e-01h  1
 506  5.8437875e+00 2.81e-04 4.99e+01  -3.3 1.25e-01    -  1.00e+00 8.35e-01h  1
 507  5.8453288e+00 2.47e-04 1.20e+02  -3.3 9.03e-02    -  1.00e+00 1.25e-01h  4
 508  5.8634954e+00 3.67e-04 1.43e+01  -3.3 1.11e-01    -  1.00e+00 1.00e+00h  1
 509  5.8677379e+00 1.70e-04 1.03e+01  -3.3 6.67e-02    -  1.00e+00 1.00e+00h  1
iter    objective    inf_pr   inf_du lg(mu)  ||d||  lg(rg) alpha_du alpha_pr  ls
 510  5.8673301e+00 7.63e-05 1.04e+01  -3.3 5.02e-02    -  1.00e+00 1.00e+00h  1
 511  5.8742086e+00 2.78e-05 4.29e+00  -3.3 2.85e-02    -  1.00e+00 1.00e+00h  1
 512  5.8783006e+00 1.55e-05 7.04e+00  -3.3 5.18e-02    -  1.00e+00 1.00e+00H  1
 513  5.8851328e+00 5.46e-06 2.61e+01  -3.3 1.14e-01    -  1.00e+00 1.00e+00H  1
 514  5.8714153e+00 3.91e-04 2.42e+01  -3.3 1.01e-01    -  1.00e+00 1.00e+00h  1
 515  5.8669497e+00 2.99e-04 1.06e+01  -3.3 1.05e-01    -  1.00e+00 1.00e+00h  1
 516  5.8704218e+00 1.42e-04 5.00e+00  -3.3 6.72e-02    -  1.00e+00 5.00e-01h  2
 517  5.8792843e+00 1.31e-05 9.75e+00  -3.3 7.66e-02    -  1.00e+00 1.00e+00H  1
 518  5.8790000e+00 1.83e-05 1.70e+01  -3.3 6.07e-02    -  1.00e+00 1.00e+00H  1
 519  5.8708573e+00 1.86e-04 2.24e+01  -3.3 7.19e-02    -  1.00e+00 1.00e+00h  1
iter    objective    inf_pr   inf_du lg(mu)  ||d||  lg(rg) alpha_du alpha_pr  ls
 520  5.8740263e+00 7.29e-05 2.46e+00  -3.3 5.15e-02    -  1.00e+00 1.00e+00h  1
 521  5.8771369e+00 1.53e-05 2.67e+00  -3.3 3.16e-02    -  1.00e+00 1.00e+00h  1
 522  5.8791723e+00 5.54e-06 8.67e+00  -3.3 3.90e-02    -  1.00e+00 1.00e+00H  1
 523  5.8818776e+00 4.06e-06 1.62e+01  -3.3 5.33e-02    -  1.00e+00 1.00e+00H  1
 524  5.8785372e+00 5.68e-05 8.49e+00  -3.3 5.15e-02    -  1.00e+00 1.00e+00h  1
 525  5.8796604e+00 1.19e-05 3.36e+00  -3.3 2.36e-02    -  1.00e+00 1.00e+00h  1
 526  5.8812205e+00 9.59e-07 9.76e+00  -3.3 5.57e-02    -  1.00e+00 1.00e+00H  1
 527  5.8362858e+00 1.03e-03 2.73e+01  -4.0 1.80e-01    -  1.00e+00 1.00e+00f  1
 528  5.8146714e+00 9.91e-04 4.62e+01  -4.1 3.64e-01    -  1.00e+00 5.35e-01h  1
 529  5.7998204e+00 4.90e-04 4.23e+01  -4.0 1.45e-01    -  1.00e+00 1.00e+00h  1
iter    objective    inf_pr   inf_du lg(mu)  ||d||  lg(rg) alpha_du alpha_pr  ls
 530  5.8057243e+00 2.44e-04 2.13e+01  -4.0 1.06e-01    -  1.00e+00 8.21e-01h  1
 531  5.8110320e+00 8.75e-05 1.91e+01  -4.0 7.44e-02    -  1.00e+00 7.92e-01h  1
 532  5.8139312e+00 5.58e-05 5.84e+00  -4.0 4.40e-02    -  1.00e+00 1.00e+00h  1
 533  5.8148713e+00 5.00e-05 8.03e+01  -4.0 9.14e-02    -  1.00e+00 2.50e-01h  3
 534  5.8178451e+00 1.34e-05 1.21e+01  -4.0 5.58e-02    -  1.00e+00 1.00e+00H  1
 535  5.8166572e+00 1.33e-04 1.78e+01  -4.0 8.72e-02    -  1.00e+00 1.00e+00h  1
 536  5.8102100e+00 8.64e-05 1.64e+01  -4.1 5.97e-02    -  1.00e+00 1.00e+00h  1
 537  5.8076986e+00 1.68e-04 2.05e+01  -4.0 7.26e-02    -  1.00e+00 1.00e+00h  1
 538  5.8092429e+00 8.76e-05 2.54e+00  -4.0 4.76e-02    -  1.00e+00 1.00e+00h  1
 539  5.8126588e+00 1.13e-05 5.06e+00  -4.0 4.31e-02    -  1.00e+00 1.00e+00H  1
iter    objective    inf_pr   inf_du lg(mu)  ||d||  lg(rg) alpha_du alpha_pr  ls
 540  5.8115350e+00 6.88e-04 3.12e+01  -4.0 1.94e-01    -  1.00e+00 1.00e+00h  1
 541  5.8030266e+00 1.90e-03 7.21e+01  -4.1 4.66e-01    -  1.00e+00 6.53e-01h  1
 542  5.7950940e+00 1.35e-03 7.09e+01  -4.1 2.03e-01    -  4.62e-01 2.98e-01h  1
 543  5.8036178e+00 6.71e-04 1.96e+01  -3.6 1.65e-01    -  1.00e+00 1.00e+00f  1
 544  5.8144563e+00 2.13e-04 8.36e+00  -3.7 9.80e-02    -  1.00e+00 1.00e+00h  1
 545  5.8149062e+00 1.76e-04 1.17e+01  -3.7 7.72e-02    -  1.00e+00 1.00e+00h  1
 546  5.8165015e+00 2.02e-04 1.73e+01  -3.7 8.59e-02    -  1.00e+00 1.00e+00h  1
 547  5.8183228e+00 5.91e-05 3.86e+00  -3.7 4.04e-02    -  1.00e+00 1.00e+00h  1
 548  5.8221613e+00 9.64e-06 2.91e+00  -3.7 2.25e-02    -  1.00e+00 1.00e+00h  1
 549  5.8263731e+00 1.51e-06 5.94e+00  -3.7 3.82e-02    -  1.00e+00 1.00e+00H  1
iter    objective    inf_pr   inf_du lg(mu)  ||d||  lg(rg) alpha_du alpha_pr  ls
 550  5.8141057e+00 4.58e-05 7.79e+00  -4.0 4.57e-02    -  1.00e+00 1.00e+00h  1
 551  5.8015910e+00 2.06e-04 2.09e+01  -4.1 8.60e-02    -  1.00e+00 1.00e+00h  1
 552  5.8041673e+00 1.33e-04 7.08e+00  -4.0 6.38e-02    -  1.00e+00 1.00e+00h  1
 553  5.8080346e+00 3.68e-05 7.63e+00  -4.0 4.40e-02    -  1.00e+00 1.00e+00h  1
 554  5.8089027e+00 1.44e-05 2.54e+00  -4.0 1.86e-02    -  1.00e+00 1.00e+00h  1
 555  5.8090035e+00 2.09e-06 2.19e+00  -4.0 9.18e-03    -  1.00e+00 1.00e+00h  1
 556  5.8096077e+00 1.50e-06 1.60e+00  -4.0 6.81e-03    -  1.00e+00 1.00e+00h  1
 557  5.8095448e+00 2.26e-07 2.73e+00  -4.0 1.30e-02    -  1.00e+00 1.00e+00H  1
 558  5.8091517e+00 7.33e-05 1.10e+01  -4.0 4.18e-02    -  1.00e+00 1.00e+00h  1
 559  5.8054723e+00 1.05e-04 1.75e+01  -4.1 6.50e-02    -  1.00e+00 1.00e+00h  1
iter    objective    inf_pr   inf_du lg(mu)  ||d||  lg(rg) alpha_du alpha_pr  ls
 560  5.8026209e+00 4.84e-05 1.78e+01  -4.1 5.02e-02    -  1.00e+00 1.00e+00h  1
 561  5.8063171e+00 5.49e-05 3.49e+00  -4.0 5.94e-02    -  1.00e+00 1.00e+00h  1
 562  5.8059779e+00 4.87e-06 7.29e+00  -4.1 4.10e-02    -  1.00e+00 1.00e+00H  1
 563  5.8067834e+00 1.67e-04 1.79e+01  -4.0 7.64e-02    -  1.00e+00 1.00e+00h  1
 564  5.8030162e+00 9.60e-05 1.95e+01  -4.1 6.16e-02    -  1.00e+00 1.00e+00h  1
 565  5.8035236e+00 9.84e-05 9.92e+00  -4.1 6.30e-02    -  1.00e+00 1.00e+00h  1
 566  5.8029408e+00 4.83e-05 1.89e+00  -4.1 4.32e-02    -  1.00e+00 1.00e+00h  1
 567  5.8048601e+00 5.48e-06 1.61e+00  -4.0 1.39e-02    -  1.00e+00 1.00e+00h  1
 568  5.8078442e+00 4.63e-06 7.33e+00  -4.0 4.55e-02    -  1.00e+00 1.00e+00H  1
 569  5.8041438e+00 2.90e-03 5.27e+01  -4.1 2.83e-01    -  1.00e+00 1.00e+00h  1
iter    objective    inf_pr   inf_du lg(mu)  ||d||  lg(rg) alpha_du alpha_pr  ls
 570  5.7995842e+00 5.53e-03 1.02e+02  -4.1 1.08e+00    -  4.01e-01 2.83e-01h  1
 571  5.7761568e+00 1.71e-02 1.85e+02  -4.1 4.29e+00    -  9.01e-02 1.45e-01h  1
 572  5.7746619e+00 6.76e-03 6.94e+01  -3.5 3.26e-01    -  5.91e-01 9.26e-01f  1
 573  5.7805759e+00 4.23e-03 3.99e+01  -3.8 4.66e-01    -  8.10e-01 6.95e-01h  1
 574  5.8321577e+00 4.87e-03 3.03e+01  -3.5 7.12e-01    -  6.23e-01 6.10e-01H  1
 575  5.7869884e+00 2.87e-03 2.73e+01  -3.7 2.90e-01    -  9.80e-01 1.00e+00h  1
 576  5.8225075e+00 1.12e-02 9.07e+01  -3.2 8.72e-01    -  1.00e+00 7.67e-01h  1
 577  5.7961023e+00 2.91e-03 6.63e+01  -3.3 3.03e-01    -  1.00e+00 1.00e+00h  1
 578  5.7864093e+00 1.64e-03 3.91e+01  -3.3 2.67e-01    -  1.00e+00 5.59e-01h  1
 579  5.7913445e+00 1.17e-03 9.20e+01  -3.6 2.84e-01    -  1.00e+00 4.60e-01h  1
iter    objective    inf_pr   inf_du lg(mu)  ||d||  lg(rg) alpha_du alpha_pr  ls
 580  5.7717751e+00 3.97e-03 4.40e+01  -4.0 4.96e-01    -  9.58e-01 7.82e-01h  1
 581  5.7882740e+00 2.08e-03 5.14e+01  -3.7 2.67e-01    -  1.00e+00 7.61e-01h  1
 582  5.7771548e+00 1.06e-03 9.14e+00  -3.8 1.87e-01    -  1.00e+00 1.00e+00h  1
 583  5.7862428e+00 3.71e-04 1.25e+02  -4.0 1.44e-01    -  1.00e+00 7.76e-01h  1
 584  5.7907596e+00 2.65e-04 1.55e+02  -4.0 1.37e-01    -  1.00e+00 4.38e-01h  1
 585  5.8185625e+00 7.77e-04 3.05e+01  -3.4 1.86e-01    -  1.00e+00 1.00e+00h  1
 586  5.8345863e+00 6.46e-04 2.81e+01  -3.4 1.47e-01    -  1.00e+00 1.00e+00h  1
 587  5.8383803e+00 3.15e-04 4.06e+01  -3.4 1.01e-01    -  8.80e-01 1.00e+00h  1
 588  5.8345328e+00 1.57e-04 9.18e+00  -3.4 6.69e-02    -  1.00e+00 1.00e+00h  1
 589  5.8392895e+00 2.60e-05 5.92e+00  -3.4 3.65e-02    -  1.00e+00 1.00e+00h  1
iter    objective    inf_pr   inf_du lg(mu)  ||d||  lg(rg) alpha_du alpha_pr  ls
 590  5.8427023e+00 1.56e-05 6.05e+00  -3.4 2.37e-02    -  1.00e+00 1.00e+00h  1
 591  5.8439842e+00 5.69e-06 5.06e+00  -3.4 1.77e-02    -  1.00e+00 1.00e+00h  1
 592  5.8504282e+00 4.70e-06 1.59e+01  -3.4 5.25e-02    -  1.00e+00 1.00e+00H  1
 593  5.8498527e+00 3.53e-06 2.27e+01  -3.4 5.52e-02    -  1.00e+00 1.00e+00H  1
 594  5.8440951e+00 1.16e-04 2.07e+01  -3.4 8.08e-02    -  1.00e+00 1.00e+00h  1
 595  5.8436830e+00 5.07e-05 3.74e+00  -3.4 5.40e-02    -  1.00e+00 1.00e+00h  1
 596  5.8460204e+00 5.35e-06 2.97e+00  -3.4 1.62e-02    -  1.00e+00 1.00e+00h  1
 597  5.8498244e+00 2.65e-06 8.29e+00  -3.4 4.02e-02    -  1.00e+00 1.00e+00H  1
 598  5.8498216e+00 4.87e-06 4.70e+01  -3.4 1.33e-01    -  1.00e+00 6.25e-02h  5
 599  5.8506775e+00 1.39e-06 2.66e+01  -3.4 7.37e-02    -  1.00e+00 1.00e+00H  1
iter    objective    inf_pr   inf_du lg(mu)  ||d||  lg(rg) alpha_du alpha_pr  ls
 600  5.8505779e+00 4.01e-06 5.03e+01  -3.4 1.23e-01    -  1.00e+00 6.25e-02h  5
 601  5.8496414e+00 4.78e-06 2.45e+01  -3.4 5.82e-02    -  1.00e+00 2.50e-01h  3
 602  5.8490230e+00 6.86e-07 4.29e+00  -3.4 2.58e-02    -  1.00e+00 1.00e+00H  1
 603  5.8487992e+00 1.65e-05 5.06e+00  -3.4 2.74e-02    -  1.00e+00 1.00e+00h  1
 604  5.8486876e+00 1.06e-05 4.26e+00  -3.4 2.09e-02    -  1.00e+00 1.00e+00h  1
 605  5.8492100e+00 9.46e-07 4.05e+00  -3.4 2.22e-02    -  1.00e+00 1.00e+00H  1
 606  5.8484772e+00 5.71e-06 3.56e+00  -3.4 1.57e-02    -  1.00e+00 1.00e+00h  1
 607  5.8486823e+00 2.67e-07 2.44e+00  -3.4 1.19e-02    -  1.00e+00 1.00e+00H  1
 608  5.8490533e+00 3.00e-07 5.32e+00  -3.4 1.82e-02    -  1.00e+00 1.00e+00H  1
 609  5.8485514e+00 5.86e-05 1.04e+01  -3.4 3.65e-02    -  1.00e+00 1.00e+00h  1
iter    objective    inf_pr   inf_du lg(mu)  ||d||  lg(rg) alpha_du alpha_pr  ls
 610  5.8481351e+00 2.15e-05 5.09e+00  -3.4 2.65e-02    -  1.00e+00 1.00e+00h  1
 611  5.8484699e+00 8.22e-06 2.02e+00  -3.4 1.65e-02    -  1.00e+00 1.00e+00h  1
 612  5.8482989e+00 5.89e-06 1.85e+00  -3.4 1.20e-02    -  1.00e+00 1.00e+00h  1
 613  5.8488301e+00 1.95e-06 5.71e+00  -3.4 2.46e-02    -  1.00e+00 1.00e+00H  1
 614  5.8481519e+00 6.11e-06 5.00e+00  -3.4 1.28e-02    -  1.00e+00 1.00e+00h  1
 615  5.8480935e+00 1.02e-06 1.07e+00  -3.4 4.84e-03    -  1.00e+00 1.00e+00h  1
 616  5.8482066e+00 6.05e-08 1.93e+00  -3.4 8.14e-03    -  1.00e+00 1.00e+00H  1
 617  5.8215344e+00 5.57e-04 1.71e+01  -4.0 1.06e-01    -  1.00e+00 1.00e+00f  1
 618  5.8004460e+00 1.13e-03 4.55e+01  -4.1 1.77e-01    -  1.00e+00 7.02e-01h  1
 619  5.7952963e+00 2.82e-04 2.27e+01  -4.1 8.39e-02    -  1.00e+00 1.00e+00h  1
iter    objective    inf_pr   inf_du lg(mu)  ||d||  lg(rg) alpha_du alpha_pr  ls
 620  5.7986242e+00 1.43e-04 1.27e+01  -4.1 7.60e-02    -  1.00e+00 8.60e-01h  1
 621  5.8006390e+00 7.43e-05 3.47e+01  -4.0 4.16e-02    -  1.00e+00 5.00e-01f  2
 622  5.8030053e+00 2.75e-05 3.71e+00  -4.0 3.04e-02    -  1.00e+00 1.00e+00h  1
 623  5.8039615e+00 8.09e-06 2.84e+00  -4.0 1.44e-02    -  1.00e+00 1.00e+00h  1
 624  5.8045303e+00 4.73e-06 1.57e+00  -4.0 1.15e-02    -  1.00e+00 1.00e+00h  1
 625  5.8032021e+00 4.68e-07 2.81e+00  -4.1 1.44e-02    -  1.00e+00 1.00e+00H  1
 626  5.8045317e+00 2.59e-06 1.17e+00  -4.0 1.03e-02    -  1.00e+00 1.00e+00h  1
 627  5.8027448e+00 3.33e-06 1.70e+00  -4.1 8.43e-03    -  1.00e+00 1.00e+00h  1
 628  5.8044070e+00 2.85e-05 9.29e+00  -4.0 3.35e-02    -  1.00e+00 1.00e+00h  1
 629  5.8012878e+00 1.35e-05 2.32e+00  -4.1 2.11e-02    -  1.00e+00 1.00e+00h  1
iter    objective    inf_pr   inf_du lg(mu)  ||d||  lg(rg) alpha_du alpha_pr  ls
 630  5.8038970e+00 1.18e-05 1.81e+00  -4.0 1.24e-02    -  1.00e+00 1.00e+00h  1
 631  5.8014523e+00 1.31e-07 5.07e+00  -4.1 2.31e-02    -  1.00e+00 1.00e+00H  1
 632  5.8027442e+00 2.25e-04 2.18e+01  -4.0 9.52e-02    -  1.00e+00 1.00e+00h  1
 633  5.7989231e+00 9.57e-05 3.94e+00  -4.1 5.83e-02    -  1.00e+00 1.00e+00h  1
 634  5.8031071e+00 4.79e-05 5.44e+00  -4.0 5.04e-02    -  1.00e+00 1.00e+00h  1
 635  5.7991133e+00 3.78e-05 1.10e+00  -4.1 4.14e-02    -  1.00e+00 1.00e+00h  1
 636  5.8024905e+00 1.12e-05 1.55e+00  -4.0 1.23e-02    -  1.00e+00 1.00e+00h  1
 637  5.8006388e+00 2.74e-06 1.10e+01  -4.1 5.00e-02    -  1.00e+00 1.00e+00H  1
 638  5.8028091e+00 8.57e-05 2.08e+01  -4.0 3.91e-02    -  1.00e+00 1.00e+00h  1
 639  5.7991435e+00 5.74e-05 5.92e+00  -4.1 4.05e-02    -  1.00e+00 1.00e+00h  1
iter    objective    inf_pr   inf_du lg(mu)  ||d||  lg(rg) alpha_du alpha_pr  ls
 640  5.7976271e+00 1.01e-04 1.78e+01  -4.1 5.64e-02    -  1.00e+00 1.00e+00h  1
 641  5.8011535e+00 1.30e-04 2.03e+00  -4.0 5.70e-02    -  1.00e+00 1.00e+00h  1
 642  5.7995050e+00 3.37e-05 9.41e+00  -4.1 2.73e-02    -  1.00e+00 1.00e+00h  1
 643  5.7990071e+00 1.60e-05 2.54e+00  -4.1 2.18e-02    -  1.00e+00 1.00e+00h  1
 644  5.8007779e+00 7.10e-06 9.70e-01  -4.0 1.00e-02    -  1.00e+00 1.00e+00h  1
 645  5.8003800e+00 3.93e-07 2.52e+00  -4.1 1.35e-02    -  1.00e+00 1.00e+00H  1
 646  5.8032659e+00 1.27e-05 2.34e+00  -4.0 1.23e-02    -  1.00e+00 1.00e+00h  1
 647  5.8002047e+00 5.01e-06 1.84e+00  -4.1 1.29e-02    -  1.00e+00 1.00e+00h  1
 648  5.8033224e+00 1.33e-05 1.38e+00  -4.0 1.19e-02    -  1.00e+00 1.00e+00h  1
 649  5.8001085e+00 5.27e-05 8.32e+00  -4.1 4.35e-02    -  1.00e+00 1.00e+00h  1
iter    objective    inf_pr   inf_du lg(mu)  ||d||  lg(rg) alpha_du alpha_pr  ls
 650  5.7988532e+00 1.85e-05 1.28e+00  -4.1 3.28e-02    -  1.00e+00 1.00e+00h  1
 651  5.8033843e+00 1.83e-06 4.34e+00  -4.0 2.27e-02    -  1.00e+00 1.00e+00H  1
 652  5.7998932e+00 2.00e-05 9.79e-01  -4.1 2.12e-02    -  1.00e+00 1.00e+00h  1
 653  5.8000116e+00 1.11e-06 1.92e+00  -4.1 6.41e-03    -  1.00e+00 1.00e+00h  1
 654  5.8031951e+00 1.20e-05 1.25e+00  -4.0 1.09e-02    -  1.00e+00 1.00e+00h  1
 655  5.8004006e+00 1.19e-05 3.21e+00  -4.1 2.24e-02    -  1.00e+00 1.00e+00h  1
 656  5.7999512e+00 5.45e-06 1.70e+00  -4.1 1.21e-02    -  1.00e+00 1.00e+00h  1
 657  5.8032859e+00 1.41e-05 1.88e+00  -4.0 1.20e-02    -  1.00e+00 1.00e+00h  1
 658  5.8001435e+00 2.04e-05 2.62e+00  -4.1 2.06e-02    -  1.00e+00 1.00e+00h  1
 659  5.7997657e+00 4.59e-06 1.86e+00  -4.1 1.23e-02    -  1.00e+00 1.00e+00h  1
iter    objective    inf_pr   inf_du lg(mu)  ||d||  lg(rg) alpha_du alpha_pr  ls
 660  5.8033222e+00 2.08e-05 2.42e+00  -4.0 1.75e-02    -  1.00e+00 1.00e+00h  1
 661  5.7999989e+00 1.49e-05 1.39e+00  -4.1 1.16e-02    -  1.00e+00 1.00e+00h  1
 662  5.7999860e+00 8.80e-06 4.21e+00  -4.1 1.61e-02    -  1.00e+00 1.00e+00h  1
 663  5.7998922e+00 4.84e-06 5.22e-01  -4.1 1.46e-02    -  1.00e+00 1.00e+00h  1
 664  5.8000983e+00 4.98e-07 6.76e-01  -4.1 4.45e-03    -  1.00e+00 1.00e+00h  1
 665  5.8030330e+00 1.12e-05 1.07e+00  -4.0 1.03e-02    -  1.00e+00 1.00e+00h  1
 666  5.8002968e+00 1.08e-05 2.70e+00  -4.1 1.34e-02    -  1.00e+00 1.00e+00h  1
 667  5.7997789e+00 4.84e-05 1.17e+01  -4.1 3.79e-02    -  1.00e+00 1.00e+00h  1
 668  5.7988739e+00 3.52e-05 1.20e+00  -4.1 3.44e-02    -  1.00e+00 1.00e+00h  1
 669  5.7991392e+00 2.60e-07 9.03e-01  -4.1 3.29e-03    -  1.00e+00 1.00e+00h  1
iter    objective    inf_pr   inf_du lg(mu)  ||d||  lg(rg) alpha_du alpha_pr  ls
 670  5.8024944e+00 1.48e-05 8.21e-01  -4.0 1.18e-02    -  1.00e+00 1.00e+00h  1
 671  5.8005171e+00 3.58e-06 7.65e+00  -4.1 3.89e-02    -  1.00e+00 1.00e+00H  1
 672  5.7995652e+00 1.26e-05 6.85e+00  -4.1 2.57e-02    -  1.00e+00 1.00e+00h  1
 673  5.7993376e+00 1.67e-05 5.37e+00  -4.1 2.37e-02    -  1.00e+00 1.00e+00h  1
 674  5.7996319e+00 7.93e-06 4.17e-01  -4.1 1.65e-02    -  1.00e+00 1.00e+00h  1
 675  5.7997654e+00 2.98e-07 3.71e-01  -4.1 2.31e-03    -  1.00e+00 1.00e+00h  1
 676  5.8002155e+00 8.46e-08 1.22e+01  -4.1 5.40e-02    -  1.00e+00 1.00e+00H  1
 677  5.8024469e+00 1.73e-05 1.01e+01  -4.0 2.44e-02    -  1.00e+00 1.00e+00h  1
 678  5.8005493e+00 6.15e-05 4.78e+00  -4.1 4.21e-02    -  1.00e+00 1.00e+00h  1
 679  5.7986599e+00 2.54e-05 3.88e+00  -4.1 3.18e-02    -  1.00e+00 1.00e+00h  1
iter    objective    inf_pr   inf_du lg(mu)  ||d||  lg(rg) alpha_du alpha_pr  ls
 680  5.8018041e+00 2.52e-05 3.18e+00  -4.0 4.06e-02    -  1.00e+00 1.00e+00h  1
 681  5.7999160e+00 9.23e-06 2.40e+00  -4.1 1.47e-02    -  1.00e+00 1.00e+00h  1
 682  5.7996358e+00 6.45e-06 4.50e+00  -4.1 1.24e-02    -  1.00e+00 1.00e+00h  1
 683  5.7999767e+00 5.64e-06 1.91e+00  -4.1 1.13e-02    -  1.00e+00 1.00e+00h  1
 684  5.7996215e+00 2.69e-06 7.26e-01  -4.1 7.03e-03    -  1.00e+00 1.00e+00h  1
 685  5.7996599e+00 9.12e-07 1.21e+00  -4.1 3.82e-03    -  1.00e+00 1.00e+00h  1
 686  5.7997040e+00 1.29e-06 1.88e-01  -4.1 2.99e-03    -  1.00e+00 1.00e+00h  1
 687  5.7997490e+00 2.06e-07 1.07e-01  -4.1 7.66e-04    -  1.00e+00 1.00e+00h  1
 688  5.8028887e+00 9.32e-06 2.16e+00  -4.0 1.40e-02    -  1.00e+00 1.00e+00h  1
 689  5.7999505e+00 6.01e-06 2.15e+00  -4.1 1.29e-02    -  1.00e+00 1.00e+00h  1
iter    objective    inf_pr   inf_du lg(mu)  ||d||  lg(rg) alpha_du alpha_pr  ls
 690  5.7994453e+00 5.96e-06 2.56e+00  -4.1 1.27e-02    -  1.00e+00 1.00e+00h  1
 691  5.7998167e+00 2.47e-06 4.87e-01  -4.1 9.40e-03    -  1.00e+00 1.00e+00h  1
 692  5.7997764e+00 1.36e-07 2.77e-01  -4.1 1.34e-03    -  1.00e+00 1.00e+00h  1
 693  5.7997775e+00 1.10e-07 1.56e+00  -4.1 5.74e-03    -  1.00e+00 1.00e+00H  1
 694  5.7995823e+00 5.73e-05 8.26e+00  -4.1 3.64e-02    -  1.00e+00 1.00e+00h  1
 695  5.7994697e+00 2.87e-05 1.20e+01  -4.1 3.04e-02    -  1.00e+00 1.00e+00h  1
 696  5.7990761e+00 1.42e-05 1.05e+01  -4.1 2.01e-02    -  1.00e+00 1.00e+00h  1
 697  5.8002681e+00 5.12e-06 4.21e+00  -4.0 1.20e-02    -  1.00e+00 1.00e+00h  1
 698  5.8000094e+00 3.59e-06 1.68e+00  -4.1 9.02e-03    -  1.00e+00 1.00e+00h  1
 699  5.7996453e+00 1.74e-06 9.44e+00  -4.1 3.44e-02    -  1.00e+00 1.00e+00H  1
iter    objective    inf_pr   inf_du lg(mu)  ||d||  lg(rg) alpha_du alpha_pr  ls
 700  5.8002373e+00 3.21e-07 1.18e+01  -4.1 3.08e-02    -  1.00e+00 1.00e+00H  1
 701  5.8001495e+00 6.79e-07 3.17e+01  -4.1 3.40e-02    -  1.00e+00 1.25e-01h  4
 702  5.7987536e+00 4.57e-05 6.53e+00  -4.1 3.66e-02    -  1.00e+00 1.00e+00h  1
 703  5.7988631e+00 2.21e-05 4.04e+00  -4.1 2.40e-02    -  1.00e+00 5.00e-01h  2
 704  5.7989417e+00 1.94e-05 6.55e+00  -4.1 1.63e-02    -  1.00e+00 1.25e-01h  4
 705  5.7989452e+00 1.93e-05 7.19e+00  -4.1 1.97e-02    -  1.00e+00 7.81e-03h  8
 706  5.7998297e+00 1.19e-06 3.53e+00  -4.1 2.91e-02    -  1.00e+00 1.00e+00H  1
 707  5.7991192e+00 4.78e-06 2.54e+00  -4.1 1.42e-02    -  1.00e+00 1.00e+00h  1
 708  5.8005804e+00 1.25e-06 1.12e+00  -4.0 8.19e-03    -  1.00e+00 1.00e+00h  1
 709  5.8001751e+00 3.87e-07 6.78e-01  -4.1 4.02e-03    -  1.00e+00 1.00e+00h  1
iter    objective    inf_pr   inf_du lg(mu)  ||d||  lg(rg) alpha_du alpha_pr  ls
 710  5.7998601e+00 6.08e-07 8.97e-01  -4.1 4.34e-03    -  1.00e+00 1.00e+00h  1
 711  5.7998534e+00 1.85e-07 3.11e-01  -4.1 2.89e-03    -  1.00e+00 1.00e+00h  1
 712  5.7997990e+00 2.46e-08 1.59e-01  -4.1 6.58e-04    -  1.00e+00 1.00e+00h  1
 713  5.8021882e+00 3.87e-06 1.38e+00  -4.0 9.82e-03    -  1.00e+00 1.00e+00h  1
 714  5.7997652e+00 2.05e-07 9.13e-01  -4.1 1.14e-02    -  1.00e+00 1.00e+00H  1
 715  5.7996215e+00 2.28e-08 2.40e+00  -4.1 1.00e-02    -  1.00e+00 1.00e+00H  1
 716  5.8025585e+00 7.41e-06 9.60e-01  -4.0 1.28e-02    -  1.00e+00 1.00e+00h  1
 717  5.7996735e+00 8.83e-06 2.14e+00  -4.1 1.30e-02    -  1.00e+00 1.00e+00h  1
 718  5.7995240e+00 1.48e-06 8.98e-01  -4.1 8.02e-03    -  1.00e+00 1.00e+00h  1
 719  5.7995515e+00 1.33e-06 1.11e+00  -4.1 6.16e-03    -  1.00e+00 1.00e+00h  1
iter    objective    inf_pr   inf_du lg(mu)  ||d||  lg(rg) alpha_du alpha_pr  ls
 720  5.7995917e+00 4.90e-07 1.05e-01  -4.1 3.73e-03    -  1.00e+00 1.00e+00h  1
 721  5.7996339e+00 8.13e-09 7.02e-02  -4.1 3.04e-04    -  1.00e+00 1.00e+00h  1
 722  5.8028530e+00 7.68e-06 1.84e+00  -4.0 1.25e-02    -  1.00e+00 1.00e+00h  1
 723  5.7996848e+00 1.08e-05 2.84e+00  -4.1 1.54e-02    -  1.00e+00 1.00e+00h  1
 724  5.7994456e+00 3.32e-06 2.73e+00  -4.1 1.15e-02    -  1.00e+00 1.00e+00h  1
 725  5.7995360e+00 1.97e-06 1.20e+00  -4.1 7.22e-03    -  1.00e+00 1.00e+00h  1
 726  5.7996214e+00 9.15e-08 1.37e-01  -4.1 2.06e-03    -  1.00e+00 1.00e+00h  1
 727  5.7996204e+00 2.82e-08 2.75e-01  -4.1 1.08e-03    -  1.00e+00 1.00e+00h  1
 728  5.7996796e+00 1.52e-08 2.43e+00  -4.1 1.28e-02    -  1.00e+00 1.00e+00H  1
 729  5.7996328e+00 1.96e-08 3.18e+00  -4.1 6.76e-03    -  1.00e+00 1.00e+00H  1
iter    objective    inf_pr   inf_du lg(mu)  ||d||  lg(rg) alpha_du alpha_pr  ls
 730  5.7995573e+00 1.06e-07 1.10e+00  -4.1 8.63e-03    -  1.00e+00 1.00e+00H  1
 731  5.8018880e+00 2.44e-06 1.85e+00  -4.0 9.44e-03    -  1.00e+00 1.00e+00h  1
 732  5.7998819e+00 1.02e-07 2.19e+00  -4.1 1.69e-02    -  1.00e+00 1.00e+00H  1
 733  5.7995214e+00 1.19e-05 4.85e+00  -4.1 1.94e-02    -  1.00e+00 1.00e+00h  1
 734  5.7993213e+00 1.05e-05 7.16e-01  -4.1 1.84e-02    -  1.00e+00 1.00e+00h  1
 735  5.7993492e+00 1.08e-07 3.18e-01  -4.1 1.83e-03    -  1.00e+00 1.00e+00h  1
 736  5.8024437e+00 4.71e-06 1.87e+00  -4.0 1.06e-02    -  1.00e+00 1.00e+00h  1
 737  5.7996151e+00 7.69e-06 1.78e+00  -4.1 1.53e-02    -  1.00e+00 1.00e+00h  1
 738  5.7992383e+00 4.33e-05 7.83e+00  -4.1 5.09e-02    -  1.00e+00 1.00e+00h  1
 739  5.7984276e+00 3.00e-05 1.07e+00  -4.1 4.39e-02    -  1.00e+00 1.00e+00h  1
iter    objective    inf_pr   inf_du lg(mu)  ||d||  lg(rg) alpha_du alpha_pr  ls
 740  5.8016745e+00 6.84e-06 9.58e-01  -4.0 1.23e-02    -  1.00e+00 1.00e+00h  1
 741  5.8000714e+00 2.88e-06 6.16e+00  -4.1 3.32e-02    -  1.00e+00 1.00e+00H  1
 742  5.7989393e+00 7.55e-06 1.23e+00  -4.1 2.24e-02    -  1.00e+00 1.00e+00h  1
 743  5.8021636e+00 9.35e-06 1.98e+00  -4.0 1.54e-02    -  1.00e+00 1.00e+00h  1
 744  5.7997648e+00 8.97e-06 2.09e+00  -4.1 1.74e-02    -  1.00e+00 1.00e+00h  1
 745  5.7994501e+00 2.77e-06 2.41e+00  -4.1 9.90e-03    -  1.00e+00 1.00e+00h  1
 746  5.7995444e+00 1.36e-06 6.75e-01  -4.1 8.01e-03    -  1.00e+00 1.00e+00h  1
 747  5.7995772e+00 1.59e-07 6.24e-01  -4.1 3.02e-03    -  1.00e+00 1.00e+00h  1
 748  5.7996038e+00 1.60e-07 2.92e-01  -4.1 2.47e-03    -  1.00e+00 1.00e+00h  1
 749  5.7996146e+00 2.14e-08 1.04e-01  -4.1 9.00e-04    -  1.00e+00 1.00e+00h  1
iter    objective    inf_pr   inf_du lg(mu)  ||d||  lg(rg) alpha_du alpha_pr  ls
 750  5.8018551e+00 5.79e-06 1.08e+00  -4.0 1.24e-02    -  1.00e+00 1.00e+00h  1
 751  5.7998368e+00 3.41e-07 1.78e+00  -4.1 1.46e-02    -  1.00e+00 1.00e+00H  1
 752  5.7993646e+00 4.52e-06 3.73e+00  -4.1 1.25e-02    -  1.00e+00 1.00e+00h  1
 753  5.7997181e+00 1.29e-06 5.38e-01  -4.1 8.02e-03    -  1.00e+00 1.00e+00h  1
 754  5.7995033e+00 1.40e-07 6.57e-01  -4.1 2.01e-03    -  1.00e+00 1.00e+00h  1
 755  5.7995756e+00 5.34e-08 3.79e-01  -4.1 1.27e-03    -  1.00e+00 1.00e+00h  1
 756  5.8022970e+00 9.12e-06 1.09e+00  -4.0 1.42e-02    -  1.00e+00 1.00e+00h  1
 757  5.7997423e+00 2.59e-07 2.84e+00  -4.1 2.37e-02    -  1.00e+00 1.00e+00H  1
 758  5.7993586e+00 7.86e-06 7.70e+00  -4.1 1.96e-02    -  1.00e+00 1.00e+00h  1
 759  5.7989652e+00 1.30e-05 2.83e+00  -4.1 2.49e-02    -  1.00e+00 1.00e+00h  1
iter    objective    inf_pr   inf_du lg(mu)  ||d||  lg(rg) alpha_du alpha_pr  ls
 760  5.7995001e+00 9.23e-06 2.69e+00  -4.1 1.56e-02    -  1.00e+00 1.00e+00h  1
 761  5.7992042e+00 5.59e-06 2.15e+00  -4.1 1.51e-02    -  1.00e+00 1.00e+00h  1
 762  5.7993866e+00 2.36e-07 9.84e-01  -4.1 2.87e-03    -  1.00e+00 1.00e+00h  1
 763  5.7994380e+00 8.66e-08 3.49e-01  -4.1 2.09e-03    -  1.00e+00 1.00e+00h  1
 764  5.8004546e+00 5.21e-07 6.36e-01  -4.0 4.26e-03    -  1.00e+00 1.00e+00h  1
 765  5.8000213e+00 6.55e-07 7.37e-01  -4.1 4.29e-03    -  1.00e+00 1.00e+00h  1
 766  5.7995919e+00 6.43e-07 6.65e-01  -4.1 4.72e-03    -  1.00e+00 1.00e+00h  1
 767  5.7996252e+00 1.18e-07 1.97e-01  -4.1 1.91e-03    -  1.00e+00 1.00e+00h  1
 768  5.7995881e+00 2.78e-08 8.87e-02  -4.1 3.81e-04    -  1.00e+00 1.00e+00h  1
 769  5.8023217e+00 4.54e-06 1.65e+00  -4.0 1.03e-02    -  1.00e+00 1.00e+00h  1
iter    objective    inf_pr   inf_du lg(mu)  ||d||  lg(rg) alpha_du alpha_pr  ls
 770  5.7996297e+00 6.75e-06 1.11e+00  -4.1 1.22e-02    -  1.00e+00 1.00e+00h  1
 771  5.7994350e+00 7.57e-06 3.03e+00  -4.1 1.69e-02    -  1.00e+00 1.00e+00h  1
 772  5.7992092e+00 5.92e-06 6.50e-01  -4.1 1.53e-02    -  1.00e+00 1.00e+00h  1
 773  5.7993984e+00 1.10e-07 2.80e-01  -4.1 1.57e-03    -  1.00e+00 1.00e+00h  1
 774  5.8025080e+00 7.41e-06 8.35e-01  -4.0 1.20e-02    -  1.00e+00 1.00e+00h  1
 775  5.7996829e+00 8.43e-06 1.28e+00  -4.1 1.37e-02    -  1.00e+00 1.00e+00h  1
 776  5.7993989e+00 4.51e-06 2.83e+00  -4.1 1.55e-02    -  1.00e+00 1.00e+00h  1
 777  5.7992922e+00 4.50e-06 1.84e+00  -4.1 1.31e-02    -  1.00e+00 1.00e+00h  1
 778  5.7995127e+00 3.21e-07 6.99e-01  -4.1 3.14e-03    -  1.00e+00 1.00e+00h  1
 779  5.7994583e+00 7.74e-08 3.30e-01  -4.1 1.20e-03    -  1.00e+00 1.00e+00h  1
iter    objective    inf_pr   inf_du lg(mu)  ||d||  lg(rg) alpha_du alpha_pr  ls
 780  5.7994956e+00 4.20e-08 2.79e-01  -4.1 8.12e-04    -  1.00e+00 1.00e+00h  1
 781  5.8025012e+00 9.55e-06 1.80e+00  -4.0 1.51e-02    -  1.00e+00 1.00e+00h  1
 782  5.7996607e+00 3.50e-05 5.73e+00  -4.1 3.82e-02    -  1.00e+00 1.00e+00h  1
 783  5.7992055e+00 6.47e-04 4.42e+01  -4.1 1.83e-01    -  1.00e+00 1.00e+00h  1
 784  5.7944369e+00 3.77e-04 1.58e+01  -4.1 1.45e-01    -  1.00e+00 1.00e+00h  1
 785  5.7956746e+00 3.55e-04 2.12e+01  -4.1 1.64e-01    -  1.00e+00 5.00e-01h  2
 786  5.7961602e+00 2.84e-04 2.36e+01  -4.1 1.11e-01    -  1.00e+00 1.00e+00h  1
 787  5.7950521e+00 2.00e-04 2.63e+00  -4.0 8.16e-02    -  1.00e+00 1.00e+00h  1
 788  5.7973631e+00 1.58e-05 4.25e+00  -4.0 3.55e-02    -  1.00e+00 1.00e+00h  1
 789  5.7996003e+00 4.59e-06 3.90e+00  -4.0 2.04e-02    -  1.00e+00 1.00e+00h  1
iter    objective    inf_pr   inf_du lg(mu)  ||d||  lg(rg) alpha_du alpha_pr  ls
 790  5.8012059e+00 3.64e-06 1.25e+01  -4.1 5.92e-02    -  1.00e+00 1.00e+00H  1
 791  5.8005312e+00 4.78e-06 2.50e+01  -4.1 4.33e-02    -  1.00e+00 2.50e-01h  3
 792  5.8001372e+00 1.79e-06 2.75e+00  -4.1 3.19e-02    -  1.00e+00 1.00e+00H  1
 793  5.7997025e+00 2.85e-06 1.76e+00  -4.1 5.73e-03    -  1.00e+00 1.00e+00h  1
 794  5.7995094e+00 1.86e-06 2.48e+00  -4.1 6.30e-03    -  1.00e+00 1.00e+00h  1
 795  5.7996519e+00 4.43e-07 8.36e-01  -4.1 3.69e-03    -  1.00e+00 1.00e+00h  1
 796  5.7995612e+00 1.31e-07 2.66e-01  -4.1 1.48e-03    -  1.00e+00 1.00e+00h  1
 797  5.7995275e+00 1.49e-07 2.14e-01  -4.1 8.98e-04    -  1.00e+00 1.00e+00h  1
 798  5.7994797e+00 5.11e-07 5.29e-01  -4.1 3.19e-03    -  1.00e+00 1.00e+00h  1
 799  5.7994574e+00 6.51e-07 1.06e+00  -4.1 2.66e-03    -  1.00e+00 1.00e+00h  1
iter    objective    inf_pr   inf_du lg(mu)  ||d||  lg(rg) alpha_du alpha_pr  ls
 800  5.7994300e+00 1.53e-06 1.09e+00  -4.1 3.28e-03    -  1.00e+00 1.00e+00h  1
 801  5.7994674e+00 1.96e-07 7.80e-01  -4.1 2.84e-03    -  1.00e+00 5.00e-01h  2
 802  5.7995058e+00 5.47e-08 1.17e-01  -4.1 1.50e-03    -  1.00e+00 1.00e+00h  1
 803  5.7995131e+00 1.50e-08 1.43e-01  -4.1 7.66e-04    -  1.00e+00 1.00e+00H  1
 804  5.8019132e+00 4.62e-06 1.66e+00  -4.0 9.74e-03    -  1.00e+00 1.00e+00h  1
 805  5.7996551e+00 4.15e-07 3.04e+00  -4.1 1.67e-02    -  1.00e+00 1.00e+00H  1
 806  5.7994012e+00 2.99e-05 8.53e+00  -4.1 4.20e-02    -  1.00e+00 1.00e+00h  1
 807  5.7987780e+00 2.40e-05 6.45e-01  -4.1 3.83e-02    -  1.00e+00 1.00e+00h  1
 808  5.7987098e+00 2.72e-07 3.40e-01  -4.1 3.40e-03    -  1.00e+00 1.00e+00h  1
 809  5.8019285e+00 8.18e-06 1.04e+00  -4.0 1.31e-02    -  1.00e+00 1.00e+00h  1
iter    objective    inf_pr   inf_du lg(mu)  ||d||  lg(rg) alpha_du alpha_pr  ls
 810  5.8003121e+00 1.92e-06 7.92e+00  -4.1 2.41e-02    -  1.00e+00 1.00e+00H  1
 811  5.7986954e+00 8.39e-06 3.50e-01  -4.1 2.52e-02    -  1.00e+00 1.00e+00h  1
 812  5.8021242e+00 9.80e-06 3.84e-01  -4.0 1.33e-02    -  1.00e+00 1.00e+00h  1
 813  5.7996108e+00 8.30e-08 2.33e+00  -4.1 1.60e-02    -  1.00e+00 1.00e+00H  1
 814  5.7994825e+00 3.74e-06 2.37e+00  -4.1 1.10e-02    -  1.00e+00 1.00e+00h  1
 815  5.7992952e+00 2.34e-06 6.23e-01  -4.1 8.74e-03    -  1.00e+00 1.00e+00h  1
 816  5.7994673e+00 6.92e-07 3.28e-01  -4.1 1.73e-03    -  1.00e+00 1.00e+00h  1
 817  5.7995122e+00 6.22e-07 6.84e-01  -4.1 1.92e-03    -  1.00e+00 1.00e+00h  1
 818  5.7995648e+00 4.18e-07 1.56e-01  -4.1 1.22e-03    -  1.00e+00 1.00e+00h  1
 819  5.7995922e+00 2.53e-07 1.53e-01  -4.1 8.23e-04    -  1.00e+00 1.00e+00h  1
iter    objective    inf_pr   inf_du lg(mu)  ||d||  lg(rg) alpha_du alpha_pr  ls
 820  5.7995683e+00 2.04e-07 3.57e-01  -4.1 1.39e-03    -  1.00e+00 1.00e+00H  1
 821  5.7995109e+00 2.46e-07 3.95e-01  -4.1 9.59e-04    -  1.00e+00 1.00e+00h  1
 822  5.7995387e+00 1.63e-09 2.93e-01  -4.1 9.09e-04    -  1.00e+00 1.00e+00H  1
 823  5.7995371e+00 1.19e-09 1.76e-01  -4.1 7.18e-04    -  1.00e+00 1.00e+00H  1
 824  5.7995271e+00 2.03e-08 2.88e-01  -4.1 7.94e-04    -  1.00e+00 1.00e+00H  1
 825  5.7995271e+00 2.02e-08 7.94e-01  -4.1 2.52e-03    -  1.00e+00 3.05e-05h 16
 826r 5.7995271e+00 2.02e-08 1.00e+03  -4.1 0.00e+00    -  0.00e+00 4.77e-07R 22
 827r 5.8005763e+00 2.04e-06 1.81e-01  -4.0 4.11e-03    -  1.00e+00 1.00e+00f  1
 828r 5.8128508e+00 7.01e-05 4.94e+01  -4.1 4.31e-02    -  7.83e-01 1.00e+00f  1
 829r 5.8634170e+00 8.14e-04 1.78e+01  -4.0 1.88e-01    -  4.20e-01 1.00e+00h  1
iter    objective    inf_pr   inf_du lg(mu)  ||d||  lg(rg) alpha_du alpha_pr  ls
 830r 5.8799502e+00 6.92e-04 1.58e+00  -4.1 1.80e-01    -  9.62e-01 1.00e+00h  1
 831r 5.9014439e+00 6.81e-04 4.52e-01  -4.0 1.67e-01    -  1.00e+00 1.00e+00h  1
 832r 5.8846738e+00 2.10e-04 9.41e+00  -4.1 8.09e-02    -  7.45e-01 1.00e+00h  1
 833r 5.8971838e+00 5.94e-05 5.63e-01  -4.1 4.21e-02    -  1.00e+00 1.00e+00h  1
 834r 5.9063290e+00 4.12e-05 1.70e-01  -4.1 4.05e-02    -  1.00e+00 1.00e+00h  1
 835r 5.9066273e+00 1.55e-05 1.52e-01  -4.1 2.33e-02    -  1.00e+00 1.00e+00h  1
 836r 5.9054059e+00 1.88e-06 6.51e-02  -4.1 7.85e-03    -  1.00e+00 1.00e+00h  1
 837r 5.9053723e+00 2.76e-07 3.62e-02  -4.1 4.54e-03    -  1.00e+00 1.00e+00h  1
 838r 5.9065217e+00 6.94e-07 4.00e-02  -4.1 6.03e-03    -  1.00e+00 1.00e+00h  1
 839r 5.9064313e+00 2.96e-07 3.62e-02  -4.1 3.30e-03    -  1.00e+00 1.00e+00h  1
iter    objective    inf_pr   inf_du lg(mu)  ||d||  lg(rg) alpha_du alpha_pr  ls
 840r 5.9063805e+00 8.88e-08 1.68e-02  -4.1 1.96e-03    -  1.00e+00 1.00e+00h  1
 841r 5.9063852e+00 2.33e-08 3.78e-03  -4.1 6.46e-04    -  1.00e+00 1.00e+00h  1
 842r 5.8832226e+00 9.87e-05 4.99e+00  -6.1 8.10e-02    -  8.64e-01 9.51e-01f  1
 843r 5.9332471e+00 8.71e-04 1.27e+01  -4.0 3.88e+00    -  2.16e-01 6.41e-02f  1
 844r 5.8656581e+00 8.13e-04 1.37e+00  -4.9 2.15e-01    -  7.40e-01 9.61e-01h  1
 845r 5.8598327e+00 4.67e-04 1.32e-01  -4.9 1.23e-01    -  9.97e-01 1.00e+00h  1
 846r 5.8607194e+00 1.22e-04 6.36e-01  -4.9 5.10e-02    -  1.00e+00 7.70e-01h  1
 847r 5.9088072e+00 1.02e-03 4.46e+01  -4.0 5.64e-01    -  1.00e+00 2.94e-01f  1
 848r 5.8888559e+00 3.61e-04 3.41e-01  -4.4 1.15e-01    -  1.00e+00 1.00e+00h  1
 849r 5.8818651e+00 1.12e-04 2.37e-01  -4.4 7.08e-02    -  1.00e+00 1.00e+00h  1
iter    objective    inf_pr   inf_du lg(mu)  ||d||  lg(rg) alpha_du alpha_pr  ls
 850r 5.9526877e+00 1.03e-03 1.14e+00  -4.0 2.19e-01    -  1.00e+00 1.00e+00f  1
 851r 5.9307652e+00 4.28e-04 3.96e-01  -4.1 9.17e-02    -  1.00e+00 1.00e+00h  1
 852r 5.9145829e+00 5.62e-05 4.60e-01  -4.1 5.59e-02    -  1.00e+00 1.00e+00h  1
 853r 5.9051852e+00 6.99e-05 4.63e-01  -4.1 4.18e-02    -  1.00e+00 1.00e+00h  1
 854r 5.9026180e+00 3.35e-05 1.96e-01  -4.1 3.40e-02    -  1.00e+00 1.00e+00h  1
 855r 5.9072212e+00 8.68e-06 1.40e-01  -4.1 1.91e-02    -  1.00e+00 1.00e+00h  1
 856r 5.9079043e+00 6.93e-06 1.06e-01  -4.1 1.38e-02    -  1.00e+00 1.00e+00h  1
 857r 5.9066230e+00 1.53e-06 2.10e-02  -4.1 6.73e-03    -  1.00e+00 1.00e+00h  1
 858r 5.9066244e+00 1.33e-07 1.37e-02  -4.1 1.83e-03    -  1.00e+00 1.00e+00h  1
 859r 5.9064561e+00 3.38e-07 2.19e-02  -4.1 3.19e-03    -  1.00e+00 1.00e+00h  1
iter    objective    inf_pr   inf_du lg(mu)  ||d||  lg(rg) alpha_du alpha_pr  ls
 860r 5.9065279e+00 2.36e-07 1.62e-02  -4.1 2.60e-03    -  1.00e+00 1.00e+00h  1
 861r 5.9066137e+00 3.70e-08 9.24e-03  -4.1 1.04e-03    -  1.00e+00 1.00e+00h  1
 862r 5.9065963e+00 1.38e-08 4.58e-03  -4.1 6.58e-04    -  1.00e+00 1.00e+00h  1
 863r 5.9065750e+00 5.15e-09 1.45e-03  -4.1 2.82e-04    -  1.00e+00 1.00e+00h  1
 864r 5.8775209e+00 2.71e-04 3.26e+00  -6.1 9.99e-02    -  8.86e-01 9.68e-01f  1
 865r 6.2003160e+00 1.43e-02 5.24e+00  -4.0 9.78e-01    -  1.00e+00 1.00e+00f  1
 866r 6.1243657e+00 7.54e-03 1.06e+01  -4.1 5.49e-01    -  1.00e+00 5.17e-01h  1
 867r 6.0407469e+00 1.22e-03 6.35e-01  -4.1 2.61e-01    -  1.00e+00 1.00e+00h  1
 868r 5.9382314e+00 1.86e-03 1.12e+00  -4.1 3.04e-01    -  1.00e+00 1.00e+00h  1
 869r 5.9112948e+00 5.87e-04 4.91e-01  -4.1 1.60e-01    -  1.00e+00 1.00e+00h  1
iter    objective    inf_pr   inf_du lg(mu)  ||d||  lg(rg) alpha_du alpha_pr  ls
 870r 5.8939290e+00 4.74e-04 3.48e-01  -4.1 1.37e-01    -  1.00e+00 1.00e+00h  1
 871r 5.8908819e+00 2.36e-04 6.39e-01  -4.1 1.03e-01    -  1.00e+00 1.00e+00h  1
 872r 5.9033899e+00 8.86e-05 3.52e-01  -4.1 5.59e-02    -  1.00e+00 1.00e+00h  1
 873r 5.9037485e+00 3.41e-05 3.06e-01  -4.1 3.57e-02    -  1.00e+00 1.00e+00h  1
 874r 5.9045209e+00 7.99e-06 1.41e-01  -4.1 1.58e-02    -  1.00e+00 1.00e+00h  1
 875r 5.9058375e+00 3.55e-06 7.68e-02  -4.1 1.00e-02    -  1.00e+00 1.00e+00h  1
 876r 5.9054222e+00 2.40e-06 9.24e-02  -4.1 1.10e-02    -  1.00e+00 1.00e+00h  1
 877r 5.9059668e+00 1.01e-06 6.71e-02  -4.1 5.68e-03    -  1.00e+00 1.00e+00h  1
 878r 5.9063180e+00 4.61e-07 4.96e-02  -4.1 3.91e-03    -  1.00e+00 1.00e+00h  1
 879r 5.9065063e+00 1.08e-07 2.17e-02  -4.1 2.26e-03    -  1.00e+00 1.00e+00h  1
iter    objective    inf_pr   inf_du lg(mu)  ||d||  lg(rg) alpha_du alpha_pr  ls
 880r 5.9066007e+00 3.01e-08 5.30e-03  -4.1 8.94e-04    -  1.00e+00 1.00e+00h  1
 881r 5.9065857e+00 2.85e-08 6.38e-03  -4.1 7.36e-04    -  1.00e+00 1.00e+00h  1
 882r 5.9066368e+00 1.84e-08 3.45e-03  -4.1 6.92e-04    -  1.00e+00 1.00e+00h  1
 883r 5.8716841e+00 3.59e-04 3.31e+00  -6.1 1.48e-01    -  8.82e-01 9.71e-01f  1
 884r 6.0755532e+00 1.07e-02 2.57e+00  -4.0 1.01e+00    -  4.78e-01 6.64e-01f  1
 885r 6.0150007e+00 4.86e-03 4.44e+00  -4.3 3.61e-01    -  1.00e+00 6.68e-01h  1
 886r 5.9848742e+00 1.09e-03 1.25e+01  -4.3 2.19e-01    -  3.37e-01 1.00e+00h  1
 887r 5.9073025e+00 1.22e-03 5.90e+00  -4.3 3.94e-01    -  7.20e-01 5.87e-01h  1
 888r 5.9009483e+00 1.91e-03 2.68e-01  -4.3 2.47e-01    -  1.00e+00 1.00e+00h  1
 889r 5.8867736e+00 4.38e-04 2.31e-01  -4.3 1.21e-01    -  1.00e+00 1.00e+00h  1
iter    objective    inf_pr   inf_du lg(mu)  ||d||  lg(rg) alpha_du alpha_pr  ls
 890r 5.8865422e+00 1.88e-04 2.96e-01  -4.3 8.94e-02    -  1.00e+00 1.00e+00h  1
 891r 5.8908831e+00 5.84e-05 2.47e+00  -4.3 3.96e-02    -  1.00e+00 9.04e-01h  1
 892r 5.9363938e+00 4.05e-04 9.64e-01  -4.0 1.48e-01    -  1.00e+00 1.00e+00f  1
 893r 5.9157722e+00 2.81e-04 2.98e-01  -4.1 7.79e-02    -  1.00e+00 1.00e+00h  1
 894r 5.9071066e+00 7.26e-05 3.05e-01  -4.1 4.70e-02    -  1.00e+00 1.00e+00h  1
 895r 5.9073538e+00 2.78e-05 1.78e-01  -4.1 2.77e-02    -  1.00e+00 1.00e+00h  1
 896r 5.9074530e+00 7.65e-06 1.32e-01  -4.1 1.68e-02    -  1.00e+00 1.00e+00h  1
 897r 5.9069179e+00 6.03e-07 2.91e-02  -4.1 4.79e-03    -  1.00e+00 1.00e+00h  1
 898r 5.9065873e+00 1.96e-07 2.69e-02  -4.1 2.58e-03    -  1.00e+00 1.00e+00h  1
 899r 5.9067406e+00 2.80e-07 2.26e-02  -4.1 2.68e-03    -  1.00e+00 1.00e+00h  1
iter    objective    inf_pr   inf_du lg(mu)  ||d||  lg(rg) alpha_du alpha_pr  ls
 900r 5.9065065e+00 2.25e-07 3.32e-02  -4.1 2.76e-03    -  1.00e+00 1.00e+00h  1
 901r 5.9064825e+00 4.73e-08 7.95e-03  -4.1 1.14e-03    -  1.00e+00 1.00e+00h  1
 902r 5.9065181e+00 1.36e-08 2.88e-03  -4.1 5.52e-04    -  1.00e+00 1.00e+00h  1
 903r 5.8776497e+00 4.63e-04 1.32e+01  -6.1 1.28e-01    -  7.45e-01 9.42e-01f  1
 904r 5.8752828e+00 4.18e-04 1.22e+01  -6.1 1.21e-01    -  8.09e-01 9.72e-02h  1
 905r 5.8596279e+00 1.40e-04 1.54e-01  -6.1 6.23e-02    -  9.95e-01 1.00e+00h  1
 906r 5.9905918e+00 1.09e-02 2.30e+00  -4.0 5.16e+00    -  4.79e-02 1.12e-01f  1
 907r 5.9712516e+00 8.06e-03 1.73e+00  -5.1 4.00e-01    -  3.34e-01 2.65e-01h  1
 908r 5.9641768e+00 6.25e-03 5.79e+00  -5.1 3.92e-01    -  1.00e+00 2.28e-01f  1
 909r 5.9470697e+00 3.33e-03 2.90e+00  -5.1 2.49e-01    -  6.96e-01 5.57e-01h  1
iter    objective    inf_pr   inf_du lg(mu)  ||d||  lg(rg) alpha_du alpha_pr  ls
 910r 5.8908322e+00 1.77e-03 2.53e+00  -5.1 2.98e-01    -  4.67e-01 8.65e-01h  1
 911r 5.8463611e+00 1.37e-03 2.94e-01  -5.1 2.00e-01    -  8.93e-01 9.38e-01h  1
 912r 5.8443777e+00 4.86e-04 1.73e-02  -5.1 1.23e-01    -  1.00e+00 1.00e+00f  1
 913r 5.8501632e+00 1.13e-04 3.98e-01  -5.1 6.58e-02    -  1.00e+00 8.81e-01h  1
 914r 6.1413573e+00 3.08e-02 1.36e+01  -4.0 1.22e+00    -  1.00e+00 8.77e-01f  1
 915r 6.0800845e+00 1.68e-02 1.08e+01  -4.1 5.50e-01    -  8.37e-01 5.21e-01h  1
 916r 5.9465765e+00 9.87e-03 4.45e+00  -4.1 7.31e-01    -  5.44e-01 7.16e-01h  1
 917r 5.8851424e+00 3.37e-03 3.95e+00  -4.1 3.08e-01    -  1.00e+00 7.34e-01h  1
 918r 5.8816749e+00 1.78e-03 2.28e+00  -4.1 1.55e-01    -  7.20e-01 5.01e-01h  1
 919r 5.8829607e+00 3.67e-04 1.42e+00  -4.1 1.77e-01    -  1.00e+00 8.67e-01h  1
iter    objective    inf_pr   inf_du lg(mu)  ||d||  lg(rg) alpha_du alpha_pr  ls
 920r 5.8870874e+00 4.24e-04 5.35e-01  -4.1 1.19e-01    -  1.00e+00 1.00e+00f  1
 921r 5.8926239e+00 1.86e-04 4.93e-01  -4.1 8.46e-02    -  1.00e+00 1.00e+00h  1
 922r 5.8987788e+00 5.88e-05 4.64e-01  -4.1 4.88e-02    -  1.00e+00 1.00e+00h  1
 923r 5.9010757e+00 4.21e-05 3.14e-01  -4.1 3.01e-02    -  1.00e+00 1.00e+00h  1
 924r 5.9070238e+00 2.07e-05 1.99e-01  -4.0 2.44e-02    -  1.00e+00 1.00e+00h  1
 925r 5.9034728e+00 9.82e-06 2.42e-01  -4.1 2.10e-02    -  1.00e+00 1.00e+00h  1
 926r 5.9052639e+00 2.13e-06 8.97e-02  -4.1 1.14e-02    -  1.00e+00 1.00e+00h  1
 927r 5.9060865e+00 1.10e-06 6.05e-02  -4.1 6.47e-03    -  1.00e+00 1.00e+00h  1
 928r 5.9062635e+00 1.56e-07 2.35e-02  -4.1 2.20e-03    -  1.00e+00 1.00e+00h  1
 929r 5.9065045e+00 2.65e-07 1.90e-02  -4.1 2.78e-03    -  1.00e+00 1.00e+00h  1
iter    objective    inf_pr   inf_du lg(mu)  ||d||  lg(rg) alpha_du alpha_pr  ls
 930r 5.9065082e+00 3.52e-07 2.87e-02  -4.1 4.17e-03    -  1.00e+00 1.00e+00h  1
 931r 5.9064529e+00 1.09e-07 5.89e-03  -4.1 1.81e-03    -  1.00e+00 1.00e+00h  1
 932r 5.9065495e+00 2.96e-08 4.59e-03  -4.1 7.82e-04    -  1.00e+00 1.00e+00h  1
 933r 5.9064666e+00 2.43e-08 4.14e-03  -4.1 5.00e-04    -  1.00e+00 1.00e+00h  1
 934r 5.8815181e+00 3.08e-04 3.53e+00  -6.1 9.00e-02    -  8.61e-01 9.78e-01f  1
 935r 5.8648701e+00 5.94e-05 2.12e-01  -6.1 5.36e-02    -  9.90e-01 1.00e+00h  1
 936r 6.3241489e+00 4.67e-02 2.98e+01  -4.0 3.04e+00    -  1.00e+00 4.92e-01f  1
 937r 6.2337212e+00 3.01e-02 2.38e+01  -4.3 7.88e-01    -  1.33e-01 3.76e-01h  1
 938r 6.1320042e+00 8.26e-03 1.26e+01  -4.3 4.13e-01    -  6.15e-01 1.00e+00h  1
 939r 5.9923625e+00 5.18e-03 2.38e+00  -4.3 5.23e-01    -  8.00e-01 7.95e-01h  1
iter    objective    inf_pr   inf_du lg(mu)  ||d||  lg(rg) alpha_du alpha_pr  ls
 940r 5.9602791e+00 2.13e-03 3.32e+00  -4.3 3.60e-01    -  9.44e-01 6.47e-01h  1
 941r 5.8953187e+00 2.06e-03 3.13e+00  -4.3 4.47e-01    -  9.38e-01 5.81e-01h  1
 942r 5.8855835e+00 1.46e-03 1.38e+00  -4.3 2.26e-01    -  6.83e-01 4.29e-01f  1
 943r 5.8877304e+00 3.43e-04 2.56e-01  -4.3 1.11e-01    -  1.00e+00 1.00e+00f  1
 944r 5.8792650e+00 3.74e-04 4.42e-01  -4.3 1.19e-01    -  1.00e+00 1.00e+00h  1
 945r 5.8863037e+00 1.16e-04 2.82e-01  -4.3 5.68e-02    -  1.00e+00 1.00e+00h  1
 946r 5.8925927e+00 4.35e-05 2.43e-01  -4.3 4.23e-02    -  1.00e+00 1.00e+00h  1
 947r 5.9397552e+00 6.23e-04 1.68e+00  -4.0 1.52e-01    -  1.00e+00 1.00e+00f  1
 948r 5.9180580e+00 4.92e-04 4.98e-01  -4.1 1.29e-01    -  1.00e+00 1.00e+00h  1
 949r 5.9036954e+00 1.74e-04 3.93e-01  -4.1 1.00e-01    -  1.00e+00 1.00e+00h  1
iter    objective    inf_pr   inf_du lg(mu)  ||d||  lg(rg) alpha_du alpha_pr  ls
 950r 5.9099147e+00 6.36e-05 1.97e-01  -4.1 5.02e-02    -  1.00e+00 1.00e+00h  1
 951r 5.9088111e+00 8.94e-06 1.61e-01  -4.1 1.44e-02    -  1.00e+00 1.00e+00h  1
 952r 5.9069365e+00 4.26e-06 9.56e-02  -4.1 1.16e-02    -  1.00e+00 1.00e+00h  1
 953r 5.9057476e+00 4.85e-06 9.99e-02  -4.1 1.36e-02    -  1.00e+00 1.00e+00h  1
 954r 5.9067680e+00 1.70e-06 3.59e-02  -4.1 8.09e-03    -  1.00e+00 1.00e+00h  1
 955r 5.9064161e+00 1.62e-07 2.35e-02  -4.1 2.51e-03    -  1.00e+00 1.00e+00h  1
 956r 5.9065818e+00 6.23e-08 1.32e-02  -4.1 1.35e-03    -  1.00e+00 1.00e+00h  1
 957r 5.9066198e+00 2.67e-08 7.38e-03  -4.1 7.62e-04    -  1.00e+00 1.00e+00h  1
 958r 5.9065323e+00 2.98e-08 1.08e-02  -4.1 9.30e-04    -  1.00e+00 1.00e+00h  1
 959r 5.9064829e+00 2.63e-08 3.60e-03  -4.1 6.01e-04    -  1.00e+00 1.00e+00h  1
iter    objective    inf_pr   inf_du lg(mu)  ||d||  lg(rg) alpha_du alpha_pr  ls
 960r 5.8726430e+00 3.80e-04 2.74e+00  -6.1 1.25e-01    -  9.04e-01 9.55e-01f  1
 961r 5.8579982e+00 2.87e-04 2.73e-02  -6.1 8.76e-02    -  9.84e-01 1.00e+00h  1
 962r 5.8352054e+00 1.81e-04 2.73e-02  -6.1 7.64e-02    -  1.00e+00 1.00e+00h  1
 963r 6.0622317e+00 1.38e-02 3.55e+00  -4.0 5.01e+00    -  1.97e-01 1.47e-01f  1
 964r 6.0062890e+00 7.40e-03 4.18e+00  -4.9 4.24e-01    -  2.88e-01 4.89e-01h  1
 965r 5.9647448e+00 3.42e-03 7.80e+00  -4.9 2.46e-01    -  1.75e-01 5.94e-01h  1
 966r 5.8818135e+00 2.89e-03 1.44e+00  -4.9 2.86e-01    -  8.10e-01 8.74e-01h  1
 967r 5.8712353e+00 6.24e-04 2.91e-02  -4.9 1.90e-01    -  1.00e+00 1.00e+00h  1
 968r 5.8628038e+00 3.65e-04 2.45e+00  -4.9 1.09e-01    -  1.00e+00 5.34e-01h  1
 969r 5.8568650e+00 3.81e-04 2.93e-01  -4.9 1.36e-01    -  1.00e+00 1.00e+00f  1
iter    objective    inf_pr   inf_du lg(mu)  ||d||  lg(rg) alpha_du alpha_pr  ls
 970r 5.8616500e+00 1.67e-04 5.46e-02  -4.9 7.27e-02    -  1.00e+00 1.00e+00h  1
 971r 6.0415071e+00 8.75e-03 5.13e+00  -4.0 5.92e-01    -  1.00e+00 1.00e+00f  1
 972r 5.9571699e+00 2.41e-03 1.36e+00  -4.1 2.92e-01    -  1.00e+00 1.00e+00h  1
 973r 5.9248941e+00 1.09e-03 5.22e-01  -4.1 1.49e-01    -  1.00e+00 1.00e+00h  1
 974r 5.9087461e+00 6.65e-04 5.59e+00  -4.1 1.41e-01    -  1.00e+00 5.91e-01h  1
 975r 5.9074682e+00 1.67e-04 4.83e-01  -4.1 6.86e-02    -  1.00e+00 1.00e+00f  1
 976r 5.8976807e+00 1.64e-04 4.34e-01  -4.1 7.13e-02    -  1.00e+00 1.00e+00h  1
 977r 5.9040185e+00 3.52e-05 3.25e-01  -4.1 3.75e-02    -  1.00e+00 1.00e+00h  1
 978r 5.9060560e+00 1.84e-05 2.46e-01  -4.1 2.73e-02    -  1.00e+00 1.00e+00h  1
 979r 5.9054124e+00 2.95e-06 5.19e-02  -4.1 1.10e-02    -  1.00e+00 1.00e+00h  1
iter    objective    inf_pr   inf_du lg(mu)  ||d||  lg(rg) alpha_du alpha_pr  ls
 980r 5.9060318e+00 4.46e-07 3.74e-02  -4.1 3.25e-03    -  1.00e+00 1.00e+00h  1
 981r 5.9071438e+00 8.80e-07 4.22e-02  -4.1 6.31e-03    -  1.00e+00 1.00e+00h  1
 982r 5.9071907e+00 4.75e-07 8.29e-02  -4.1 4.64e-03    -  1.00e+00 1.00e+00h  1
 983r 5.9071209e+00 1.59e-07 1.54e-02  -4.1 2.99e-03    -  1.00e+00 1.00e+00h  1
 984r 5.9071189e+00 1.61e-08 6.96e-03  -4.1 7.33e-04    -  1.00e+00 1.00e+00h  1
 985r 5.9071576e+00 4.15e-08 7.03e-03  -4.1 7.98e-04    -  1.00e+00 1.00e+00h  1
 986r 5.9071311e+00 1.52e-08 6.53e-03  -4.1 5.67e-04    -  1.00e+00 1.00e+00h  1
 987r 5.9071300e+00 4.16e-09 1.14e-02  -4.1 1.10e-03    -  1.00e+00 1.00e+00H  1
 988r 5.9071312e+00 1.95e-08 7.59e-03  -4.1 7.83e-04    -  1.00e+00 1.00e+00h  1
 989r 5.9071302e+00 2.16e-08 3.35e-03  -4.1 5.80e-04    -  1.00e+00 1.00e+00h  1
iter    objective    inf_pr   inf_du lg(mu)  ||d||  lg(rg) alpha_du alpha_pr  ls
 990r 5.8852018e+00 1.80e-04 1.23e+00  -6.1 7.63e-02    -  9.37e-01 9.66e-01f  1
 991r 5.8668018e+00 6.46e-05 3.15e-02  -6.1 5.83e-02    -  1.00e+00 1.00e+00h  1
 992r 5.8394363e+00 1.35e-04 1.92e-02  -6.1 8.99e-02    -  1.00e+00 1.00e+00h  1
 993r 5.8312449e+00 1.61e-04 1.95e-02  -6.1 4.79e-02    -  1.00e+00 1.00e+00h  1
 994r 5.8306375e+00 7.03e-05 9.73e-03  -6.1 2.92e-02    -  1.00e+00 1.00e+00h  1
 995r 6.1954278e+00 2.46e-02 7.28e+01  -4.0 8.31e+00    -  1.00e+00 1.49e-01f  1
 996r 6.0326087e+00 9.87e-03 7.10e+01  -4.5 5.23e-01    -  7.23e-02 1.00e+00h  1
 997r 5.9418346e+00 2.50e-03 9.63e-01  -4.5 3.24e-01    -  9.87e-01 1.00e+00h  1
 998r 5.9196845e+00 1.77e-03 2.46e+00  -4.5 2.98e-01    -  5.58e-01 2.85e-01h  1
 999r 5.8938788e+00 1.21e-03 1.34e+00  -4.5 2.49e-01    -  1.00e+00 6.37e-01f  1
iter    objective    inf_pr   inf_du lg(mu)  ||d||  lg(rg) alpha_du alpha_pr  ls
1000r 5.8653784e+00 1.09e-03 2.83e-01  -4.5 1.79e-01    -  1.00e+00 1.00e+00h  1

Number of Iterations....: 1000

                                   (scaled)                 (unscaled)
Objective...............:   5.8653783777451771e+00    5.8653783777451771e+00
Dual infeasibility......:   2.8226408067485681e-01    2.8226408067485681e-01
Constraint violation....:   1.0942727319953605e-03    1.0942727319953605e-03
Variable bound violation:   0.0000000000000000e+00    0.0000000000000000e+00
Complementarity.........:   3.4515069024541919e-05    3.4515069024541919e-05
Overall NLP error.......:   2.8226408067485681e-01    2.8226408067485681e-01


Number of objective function evaluations             = 1382
Number of objective gradient evaluations             = 828
Number of equality constraint evaluations            = 1382
Number of inequality constraint evaluations          = 1382
Number of equality constraint Jacobian evaluations   = 1002
Number of inequality constraint Jacobian evaluations = 1002
Number of Lagrangian Hessian evaluations             = 0
Total seconds in IPOPT                               = 3506.885

EXIT: Maximum Number of Iterations Exceeded.
