This is Ipopt version 3.14.19, running with linear solver MUMPS 5.8.2.

Number of nonzeros in equality constraint Jacobian...:   566581
Number of nonzeros in inequality constraint Jacobian.:     2432
Number of nonzeros in Lagrangian Hessian.............:        0

Total number of variables............................:     1851
                     variables with only lower bounds:        0
                variables with lower and upper bounds:      392
                     variables with only upper bounds:        0
Total number of equality constraints.................:     1782
Total number of inequality constraints...............:      265
        inequality constraints with only lower bounds:        0
   inequality constraints with lower and upper bounds:        0
        inequality constraints with only upper bounds:      265

iter    objective    inf_pr   inf_du lg(mu)  ||d||  lg(rg) alpha_du alpha_pr  ls
   0  3.3357103e-02 6.68e+00 1.00e+00   0.0 0.00e+00    -  0.00e+00 0.00e+00   0
   1  3.3438547e-02 6.61e+00 6.97e+01  -0.3 1.04e+01    -  4.96e-01 1.03e-02h  1
   2  3.4042029e-02 6.49e+00 1.31e+02  -0.7 1.60e+01    -  2.86e-02 1.78e-02h  1
   3  2.9285610e-01 6.47e+00 1.82e+02   0.5 7.50e+01    -  8.64e-02 5.67e-02f  1
   4  1.3432221e+00 6.50e+00 4.80e+02   0.9 1.30e+02    -  6.03e-02 6.04e-02f  1
   5  2.0787542e+00 6.07e+00 9.18e+02  -4.0 1.41e+02    -  7.97e-02 5.18e-02h  1
   6  2.3598880e+00 6.02e+00 1.22e+03   0.9 1.06e+02    -  1.21e-01 2.82e-02f  1
   7  3.2585820e+00 5.41e+00 2.19e+03   0.8 1.37e+02    -  1.19e-01 5.49e-02h  1
   8  3.2561051e+00 5.34e+00 7.03e+04   1.4 4.60e+01    -  1.00e+00 1.36e-02h  1
   9  3.6278058e+00 4.94e+00 6.50e+04   2.7 1.22e+02    -  5.75e-02 7.07e-02f  1
iter    objective    inf_pr   inf_du lg(mu)  ||d||  lg(rg) alpha_du alpha_pr  ls
  10  5.2703837e+00 4.59e+00 7.52e+04   1.6 5.46e+01    -  1.13e-01 1.48e-01h  1
  11  5.3709662e+00 4.55e+00 6.90e+04   2.8 1.29e+02    -  7.36e-02 2.09e-02f  1
  12  6.3250261e+00 4.78e+00 8.70e+04   2.8 1.23e+02    -  7.11e-02 7.31e-02f  1
  13  7.3253016e+00 4.68e+00 1.62e+05   2.7 8.93e+01    -  2.73e-01 1.29e-01h  1
  14  9.4545501e+00 4.98e+00 3.19e+05   2.8 6.68e+01    -  1.72e-01 2.04e-01f  1
  15  1.0011764e+01 4.53e+00 2.99e+05   2.4 5.04e+01    -  2.05e-01 1.62e-01h  1
  16  1.0404643e+01 3.72e+00 5.13e+05   2.8 5.67e+01    -  2.15e-01 2.09e-01f  1
  17  1.0749804e+01 2.56e+00 5.98e+05   2.8 2.29e+01    -  4.24e-01 3.50e-01h  1
  18  1.2091486e+01 3.18e+00 8.94e+05   2.8 4.09e+01    -  2.44e-01 3.27e-01H  1
  19  1.2484699e+01 2.31e+00 1.03e+06   2.4 1.24e+01    -  4.94e-01 3.19e-01h  1
iter    objective    inf_pr   inf_du lg(mu)  ||d||  lg(rg) alpha_du alpha_pr  ls
  20  1.3504166e+01 1.65e+00 1.47e+06   2.8 1.36e+01    -  1.00e+00 7.71e-01h  1
  21  1.3732005e+01 9.46e-01 1.61e+06   2.8 1.44e+01    -  5.82e-01 8.98e-01f  1
  22  1.3343772e+01 7.00e-01 2.08e+06   2.8 1.49e+01    -  4.97e-01 2.94e-01f  1
  23  1.3021391e+01 5.71e-01 2.41e+06   2.8 1.06e+01    -  7.85e-01 2.86e-01f  1
  24  1.2398191e+01 3.54e-01 2.34e+06   2.8 1.89e+01    -  6.27e-01 6.44e-01H  1
  25  1.2051307e+01 1.98e-01 2.65e+06   2.5 7.48e+00    -  8.79e-01 8.90e-01H  1
  26  1.2414402e+01 4.36e-01 2.66e+06   2.7 4.19e+00    -  1.00e+00 1.00e+00f  1
  27  1.2483519e+01 5.55e-01 3.45e+06   2.6 2.32e+01    -  3.49e-01 2.00e-01f  2
  28  1.2392901e+01 5.91e-01 4.22e+06   2.6 2.84e+01    -  3.85e-01 1.15e-01f  2
  29  1.2363383e+01 6.71e-01 5.10e+06   2.6 2.34e+01    -  5.53e-01 2.10e-01f  2
iter    objective    inf_pr   inf_du lg(mu)  ||d||  lg(rg) alpha_du alpha_pr  ls
  30  1.2205486e+01 6.83e-01 5.06e+06   2.6 1.70e+01    -  6.61e-01 5.37e-01H  1
  31  1.2150641e+01 1.07e+00 4.64e+06   2.6 5.33e+01    -  2.13e-01 1.04e-01f  3
  32  1.1683339e+01 1.78e-01 1.57e+06   2.6 3.17e+00    -  6.69e-01 8.95e-01f  1
  33  1.1728175e+01 4.68e-01 2.58e+06   2.8 8.16e+00    -  6.35e-01 7.22e-01f  1
  34  1.1460282e+01 1.54e-01 1.55e+06   2.7 3.93e+00    -  1.00e+00 1.00e+00h  1
  35  1.1149495e+01 5.28e-02 5.12e+05   2.2 2.25e+00    -  1.00e+00 1.00e+00h  1
  36  1.0865945e+01 2.74e-02 1.64e+06   1.9 2.79e+00    -  9.54e-01 6.44e-01H  1
  37  1.0631147e+01 2.64e-01 2.15e+06   2.4 3.84e+00    -  1.00e+00 1.00e+00f  1
  38  1.0730514e+01 2.85e-01 1.82e+06   2.5 1.57e+00    -  1.00e+00 1.00e+00f  1
  39  1.0699438e+01 5.79e-02 9.74e+05   2.4 1.10e+00    -  1.00e+00 1.00e+00h  1
iter    objective    inf_pr   inf_du lg(mu)  ||d||  lg(rg) alpha_du alpha_pr  ls
  40  1.0575653e+01 2.49e-02 5.16e+05   1.9 8.47e-01    -  1.00e+00 1.00e+00h  1
  41  1.0540461e+01 2.65e-02 8.87e+05   1.9 8.86e-01    -  9.12e-01 1.00e+00H  1
  42  1.0518541e+01 4.69e-02 8.16e+05   1.9 8.62e-01    -  1.00e+00 1.00e+00f  1
  43  1.0526250e+01 8.88e-03 9.88e+05   1.6 1.75e+00    -  1.00e+00 8.52e-01H  1
  44  1.0517546e+01 9.11e-03 1.56e+06   1.3 1.73e+00    -  9.08e-01 8.81e-01H  1
  45  1.0604020e+01 7.39e-02 1.24e+06   2.8 4.30e+00    -  9.76e-01 2.35e-01f  1
  46  1.1171569e+01 1.66e-01 3.56e+06   2.7 3.93e+00    -  9.76e-01 1.00e+00f  1
  47  1.0796292e+01 7.44e-02 1.10e+06   2.0 3.06e+00    -  1.00e+00 1.00e+00h  1
  48  1.0660529e+01 3.62e-02 1.08e+06   2.0 1.11e+00    -  1.00e+00 1.00e+00h  1
  49  1.0655218e+01 3.57e-02 1.28e+06   2.0 5.55e+00    -  1.00e+00 3.66e-02h  5
iter    objective    inf_pr   inf_du lg(mu)  ||d||  lg(rg) alpha_du alpha_pr  ls
  50  1.0651591e+01 3.44e-02 1.40e+06   2.0 4.62e+00    -  1.00e+00 5.10e-02h  5
  51  1.0653865e+01 3.42e-02 1.44e+06   2.0 1.39e+01    -  3.66e-01 1.50e-02f  6
  52  1.0702025e+01 3.63e-02 1.88e+06   2.0 1.53e+01    -  7.78e-01 6.26e-02f  4
  53  1.0842827e+01 9.93e-02 3.37e+06   2.0 3.53e+01    -  4.90e-01 5.23e-02f  4
  54  1.1034718e+01 1.51e-01 5.19e+06   2.0 3.82e+01    -  4.54e-01 5.06e-02f  4
  55  1.1141143e+01 1.56e-01 6.20e+06   2.0 3.53e+01    -  5.80e-01 2.79e-02f  5
  56  1.2015397e+01 8.23e-01 1.18e+07   2.0 2.59e+01    -  1.00e+00 2.67e-01f  2
  57  1.2665008e+01 6.02e-01 1.51e+07   2.0 1.95e+01    -  2.73e-01 3.58e-01H  1
  58  1.2462104e+01 2.87e-01 1.22e+07   2.0 5.83e+00    -  7.66e-01 5.55e-01f  1
  59  1.2476874e+01 2.50e-01 1.06e+07   2.0 6.28e+00    -  2.58e-01 2.57e-01h  1
iter    objective    inf_pr   inf_du lg(mu)  ||d||  lg(rg) alpha_du alpha_pr  ls
  60  1.2579590e+01 2.06e-01 1.04e+07   2.0 8.81e+00    -  1.36e-01 2.10e-01h  1
  61  1.2718738e+01 2.53e-01 1.10e+07   2.0 1.10e+01    -  2.39e-01 2.29e-01H  1
  62  1.2803285e+01 2.52e-01 1.12e+07   2.0 1.45e+02    -  7.65e-02 9.71e-03f  3
  63  1.2890134e+01 2.21e-01 9.18e+06   2.0 1.19e+01    -  1.58e-01 3.01e-01H  1
  64  1.2957769e+01 2.23e-01 9.12e+06   2.0 3.67e+01    -  2.15e-01 2.46e-02f  2
  65  1.3003503e+01 2.20e-01 9.18e+06   2.0 3.42e+01    -  9.89e-02 2.37e-02f  4
  66  1.3059804e+01 2.16e-01 9.91e+06   2.0 3.13e+01    -  2.59e-01 3.28e-02f  4
  67  1.3104694e+01 2.11e-01 1.04e+07   2.0 2.79e+01    -  2.24e-01 3.15e-02f  4
  68  1.3153374e+01 2.09e-01 1.16e+07   2.0 9.91e+01    -  1.12e-01 1.93e-02f  4
  69  1.2942260e+01 1.98e-01 5.57e+06   2.0 3.22e+00    -  8.17e-01 9.88e-01h  1
iter    objective    inf_pr   inf_du lg(mu)  ||d||  lg(rg) alpha_du alpha_pr  ls
  70  1.2984119e+01 1.70e-01 5.59e+06   2.0 6.56e+00    -  8.28e-02 1.99e-01f  1
  71  1.2995786e+01 1.60e-01 6.28e+06   2.0 9.45e+00    -  3.09e-01 1.29e-01h  1
  72  1.3008809e+01 1.95e-01 8.14e+06   2.0 1.68e+02    -  4.01e-02 9.12e-03f  4
  73  1.3013773e+01 2.00e-01 8.75e+06   2.0 1.44e+02    -  8.41e-02 3.67e-03f  5
  74  1.3018140e+01 2.02e-01 9.14e+06   2.0 1.31e+02    -  6.30e-02 2.71e-03f  6
  75  1.3021124e+01 2.02e-01 9.39e+06   2.0 1.21e+02    -  7.73e-02 1.81e-03f  7
  76  1.3051370e+01 2.54e-01 1.16e+07   2.0 1.31e+02    -  6.37e-02 1.86e-02f  4
  77  1.2969967e+01 1.71e-01 9.81e+06   2.0 1.23e+01    -  8.35e-01 4.91e-01H  1
  78  1.2999629e+01 2.12e-01 1.10e+07   2.0 4.83e+01    -  1.75e-01 3.48e-02f  3
  79  1.3000114e+01 2.12e-01 1.10e+07   2.0 1.79e+02    -  6.85e-02 6.19e-04h  8
iter    objective    inf_pr   inf_du lg(mu)  ||d||  lg(rg) alpha_du alpha_pr  ls
  80  1.3010801e+01 2.22e-01 1.19e+07   2.0 1.68e+02    -  5.77e-02 6.42e-03f  5
  81  1.3019495e+01 2.33e-01 1.28e+07   2.0 1.41e+02    -  3.15e-02 8.20e-03f  4
  82  1.3024411e+01 2.35e-01 1.33e+07   2.0 9.05e+01    -  1.37e-01 1.06e-02f  5
  83  1.2862304e+01 2.04e-01 1.08e+07   2.0 1.18e+01    -  3.67e-01 5.74e-01F  1
  84  1.2846577e+01 2.08e-01 1.17e+07   2.0 7.33e+01    -  6.49e-02 1.17e-02f  5
  85  1.2829459e+01 2.30e-01 1.32e+07   2.0 6.97e+01    -  8.40e-02 2.24e-02f  4
  86  1.2819650e+01 2.31e-01 1.37e+07   2.0 4.64e+01    -  1.01e-01 1.28e-02f  5
  87  1.2808940e+01 2.41e-01 1.47e+07   2.0 5.23e+01    -  9.71e-02 2.98e-02f  4
  88  1.2763247e+01 2.16e-01 1.49e+07   2.0 1.48e+02    -  8.84e-02 2.47e-02f  3
  89  1.2574356e+01 1.13e-01 3.15e+06   2.0 1.57e+00    -  4.25e-01 1.00e+00h  1
iter    objective    inf_pr   inf_du lg(mu)  ||d||  lg(rg) alpha_du alpha_pr  ls
  90  1.2587641e+01 1.16e-01 3.11e+06   2.0 9.21e+00    -  2.96e-01 1.45e-01h  2
  91  1.2631119e+01 5.40e-02 2.52e+06   2.0 2.02e+00    -  1.00e+00 5.35e-01h  1
  92  1.2574956e+01 2.67e-02 2.22e+06   2.0 2.11e+00    -  8.70e-01 9.22e-01H  1
  93  1.2546561e+01 8.50e-03 1.22e+06   2.0 6.04e-01    -  9.87e-01 1.00e+00f  1
  94  1.2538187e+01 1.15e-02 8.49e+05   2.0 5.71e-01    -  9.93e-01 1.00e+00f  1
  95  1.2450550e+01 8.40e-03 2.10e+06   1.3 1.67e+00    -  5.65e-01 6.92e-01H  1
  96  1.2416065e+01 8.60e-03 1.56e+06   1.3 1.22e+00    -  5.86e-01 6.58e-01H  1
  97  1.2398528e+01 8.65e-03 1.64e+06   1.3 1.68e+00    -  7.91e-01 1.21e-01f  3
  98  1.2381521e+01 8.65e-03 1.64e+06   1.3 2.99e+00    -  3.36e-01 7.30e-02f  3
  99  1.2369324e+01 8.65e-03 1.76e+06   1.3 1.18e+01    -  3.18e-01 1.30e-02f  5
iter    objective    inf_pr   inf_du lg(mu)  ||d||  lg(rg) alpha_du alpha_pr  ls
 100  1.2363181e+01 8.65e-03 1.82e+06   1.3 9.85e+00    -  1.36e-01 1.28e-02f  6
 101  1.2369298e+01 8.66e-03 1.96e+06   1.3 4.78e+01    -  3.56e-02 3.70e-03f  6
 102  1.2342419e+01 1.27e-01 4.95e+06   1.3 1.86e+01    -  1.55e-01 1.61e-01f  2
 103  1.2362271e+01 1.19e-01 8.00e+06   1.3 9.21e+00    -  3.09e-01 5.50e-01H  1
 104  1.2375850e+01 1.20e-01 8.97e+06   1.3 1.99e+01    -  1.87e-01 4.01e-02h  1
 105  1.2395120e+01 1.37e-01 1.06e+07   1.3 1.30e+01    -  1.64e-01 9.34e-02f  2
 106  1.2420887e+01 1.43e-01 1.18e+07   1.3 7.22e+00    -  1.84e-01 1.57e-01H  1
 107  1.2363274e+01 1.56e-01 1.25e+07   1.3 5.27e+01    -  2.20e-02 2.43e-02f  2
 108  1.2354406e+01 1.10e-01 8.73e+06   1.3 1.27e+00    -  1.50e-01 3.39e-01f  1
 109  1.2347863e+01 8.84e-02 7.39e+06   1.3 1.46e+00    -  5.05e-01 1.80e-01h  1
iter    objective    inf_pr   inf_du lg(mu)  ||d||  lg(rg) alpha_du alpha_pr  ls
 110  1.2341605e+01 7.33e-02 7.41e+06   1.3 6.82e+00    -  1.39e-01 1.17e-01h  1
 111  1.2352317e+01 8.62e-02 7.76e+06   1.3 6.01e+00    -  1.20e-01 1.19e-01h  1
 112  1.2353885e+01 8.88e-02 8.36e+06   1.3 3.42e+01    -  6.32e-02 1.23e-02f  3
 113  1.2352372e+01 9.55e-02 9.36e+06   1.3 5.43e+01    -  5.26e-02 1.12e-02f  3
 114  1.2453086e+01 1.39e-01 1.19e+07   1.3 2.77e+02    -  1.28e-02 6.83e-03f  3
 115  1.2514693e+01 1.81e-01 1.39e+07   1.3 2.17e+02    -  1.54e-02 6.81e-03f  3
 116  1.2547609e+01 2.27e-01 1.57e+07   1.3 1.22e+02    -  4.57e-02 1.14e-02f  3
 117  1.2538754e+01 2.72e-01 1.71e+07   1.3 4.57e+01    -  3.15e-02 2.83e-02f  2
 118  1.2486559e+01 2.66e-01 1.80e+07   1.3 1.55e+02    -  2.37e-02 6.81e-03h  3
 119  1.2287397e+01 6.98e-02 7.31e+06   1.3 1.81e+00    -  6.75e-01 7.41e-01h  1
iter    objective    inf_pr   inf_du lg(mu)  ||d||  lg(rg) alpha_du alpha_pr  ls
 120  1.2243875e+01 5.86e-02 6.59e+06   1.3 2.92e+00    -  1.62e-01 1.77e-01h  1
 121  1.2226415e+01 5.59e-02 6.43e+06   1.3 2.30e+00    -  4.76e-01 5.03e-02h  1
 122  1.2206034e+01 5.57e-02 6.59e+06   1.3 1.35e+01    -  6.50e-02 1.50e-02f  3
 123  1.2181505e+01 5.84e-02 7.18e+06   1.3 1.55e+02    -  2.57e-02 2.20e-03f  5
 124  1.2180298e+01 5.84e-02 7.21e+06   1.3 2.29e+02    -  1.53e-02 8.50e-05h  9
 125  1.2159761e+01 6.07e-02 7.76e+06   1.3 2.22e+02    -  2.02e-02 1.57e-03f  5
 126  1.2147813e+01 6.15e-02 8.09e+06   1.3 2.10e+02    -  1.74e-02 1.01e-03f  6
 127  1.2145807e+01 6.17e-02 8.28e+06   1.3 1.82e+02    -  4.36e-02 8.74e-04f  7
 128  1.2136969e+01 6.18e-02 8.52e+06   1.3 2.63e+01    -  2.13e-01 6.72e-03f  5
 129  1.2136004e+01 6.20e-02 8.82e+06   1.3 3.89e+02    -  7.39e-03 4.86e-04f  5
iter    objective    inf_pr   inf_du lg(mu)  ||d||  lg(rg) alpha_du alpha_pr  ls
 130  1.2133042e+01 6.21e-02 8.98e+06   1.3 2.42e+02    -  1.99e-02 4.02e-04f  6
 131  1.2141591e+01 1.34e-01 1.24e+07   1.3 3.29e+02    -  8.08e-03 7.13e-03f  3
 132  1.2141537e+01 1.34e-01 1.24e+07   1.3 3.14e+02    -  4.74e-02 7.64e-05h  9
 133  1.2172224e+01 1.76e-01 1.46e+07   1.3 2.78e+02    -  2.06e-02 7.01e-03f  4
 134  1.2194701e+01 1.84e-01 1.56e+07   1.3 1.47e+02    -  8.53e-02 8.33e-03f  4
 135  1.2228770e+01 2.19e-01 1.72e+07   1.3 2.61e+01    -  6.46e-02 9.23e-02f  2
 136  1.2241674e+01 2.28e-01 1.76e+07   1.3 2.17e+01    -  2.69e-01 4.93e-02f  3
 137  1.2281495e+01 2.74e-01 1.85e+07   1.3 1.95e+01    -  2.64e-01 1.06e-01f  3
 138  1.2290463e+01 2.84e-01 2.02e+07   1.3 1.49e+02    -  2.67e-02 9.36e-03f  4
 139  1.2234795e+01 2.71e-01 1.93e+07   1.3 8.94e+00    -  4.51e-01 1.06e-01f  2
iter    objective    inf_pr   inf_du lg(mu)  ||d||  lg(rg) alpha_du alpha_pr  ls
 140  1.2148559e+01 2.64e-01 1.76e+07   1.3 7.85e+00    -  4.61e-01 2.00e-01h  2
 141  1.2114807e+01 2.48e-01 1.68e+07   1.3 6.67e+00    -  5.34e-01 8.72e-02h  3
 142  1.2127784e+01 2.51e-01 1.69e+07   1.3 2.08e+02    -  1.59e-02 4.12e-03f  4
 143  1.2126807e+01 2.49e-01 1.69e+07   1.3 8.16e+00    -  7.42e-01 5.69e-03h  2
 144  1.2125696e+01 2.48e-01 1.68e+07   1.3 7.44e+00    -  8.64e-01 6.65e-03h  7
 145  1.1991124e+01 1.17e-01 7.29e+06   1.3 7.45e+00    -  3.87e-01 8.14e-01H  1
 146  1.2025543e+01 1.16e-01 7.20e+06   1.3 2.03e+02    -  5.05e-02 4.28e-03h  4
 147  1.2037436e+01 6.25e-02 4.10e+06   1.3 4.57e+00    -  2.55e-01 4.77e-01h  1
 148  1.2033571e+01 4.28e-02 3.44e+06   1.3 2.85e+00    -  7.39e-01 4.25e-01f  1
 149  1.2015093e+01 4.74e-02 4.31e+06   1.3 6.89e+00    -  2.97e-01 1.00e-01f  2
iter    objective    inf_pr   inf_du lg(mu)  ||d||  lg(rg) alpha_du alpha_pr  ls
 150  1.2009873e+01 7.13e-02 7.04e+06   1.3 4.50e+01    -  6.76e-03 2.78e-02f  2
 151  1.2010070e+01 7.13e-02 7.18e+06   1.3 5.10e+01    -  6.37e-02 1.88e-03h  6
 152  1.2010595e+01 7.13e-02 7.24e+06   1.3 1.79e+02    -  2.06e-02 4.45e-04f  7
 153  1.2011636e+01 7.13e-02 7.28e+06   1.3 2.07e+02    -  5.53e-02 2.17e-04h  8
 154  1.2046253e+01 7.89e-02 7.88e+06   1.3 3.16e+02    -  7.66e-03 3.43e-03f  4
 155  1.2116341e+01 1.20e-01 9.30e+06   1.3 2.37e+02    -  3.00e-02 8.50e-03f  3
 156  1.2173424e+01 1.46e-01 1.05e+07   1.3 1.57e+02    -  2.31e-02 1.19e-02f  3
 157  1.2180606e+01 1.46e-01 1.07e+07   1.3 1.01e+02    -  1.27e-02 3.65e-03f  5
 158  1.2170302e+01 1.45e-01 1.09e+07   1.3 8.77e+01    -  3.24e-02 4.75e-03f  5
 159  1.2147737e+01 1.47e-01 1.11e+07   1.3 2.37e+01    -  2.88e-02 3.12e-02f  4
iter    objective    inf_pr   inf_du lg(mu)  ||d||  lg(rg) alpha_du alpha_pr  ls
 160  1.2126574e+01 1.49e-01 1.13e+07   1.3 2.27e+01    -  2.90e-01 3.05e-02f  4
 161  1.2106628e+01 1.49e-01 1.15e+07   1.3 2.11e+01    -  9.86e-02 3.29e-02f  4
 162  1.2107554e+01 1.49e-01 1.17e+07   1.3 9.21e+01    -  1.88e-02 1.85e-03f  7
 163  1.2105242e+01 1.48e-01 1.19e+07   1.3 2.41e+01    -  1.47e-01 2.07e-02f  5
 164  1.2104905e+01 1.47e-01 1.21e+07   1.3 2.34e+01    -  1.06e-01 2.14e-02f  5
 165  1.2103594e+01 1.46e-01 1.22e+07   1.3 2.22e+01    -  1.26e-01 2.21e-02f  5
 166  1.2097864e+01 1.50e-01 1.28e+07   1.3 8.73e+01    -  1.84e-02 1.09e-02f  4
 167  1.2088600e+01 1.51e-01 1.32e+07   1.3 8.99e+01    -  3.37e-02 5.82e-03f  4
 168  1.2071270e+01 1.57e-01 1.41e+07   1.3 7.87e+01    -  1.77e-01 1.39e-02f  3
 169  1.2050849e+01 1.61e-01 1.49e+07   1.3 5.37e+01    -  9.67e-02 1.85e-02f  4
iter    objective    inf_pr   inf_du lg(mu)  ||d||  lg(rg) alpha_du alpha_pr  ls
 170  1.2058544e+01 1.80e-01 1.69e+07   1.3 8.67e+01    -  1.98e-02 2.36e-02f  3
 171  1.1995933e+01 1.35e-01 1.35e+07   1.3 3.12e+00    -  4.36e-01 2.97e-01h  1
 172  1.1891174e+01 9.10e-02 1.17e+07   1.3 6.87e+00    -  3.32e-01 4.68e-01H  1
 173  1.1884338e+01 9.09e-02 1.21e+07   1.3 4.99e+01    -  5.89e-02 6.88e-03f  3
 174  1.1876195e+01 9.14e-02 1.23e+07   1.3 4.23e+01    -  7.49e-02 1.24e-02f  3
 175  1.1870397e+01 9.54e-02 1.26e+07   1.3 4.13e+01    -  1.10e-02 1.43e-02f  4
 176  1.1886121e+01 9.05e-02 1.28e+07   1.3 2.21e+02    -  8.66e-03 6.25e-03f  4
 177  1.1774029e+01 4.91e-02 6.08e+06   1.3 2.40e+00    -  2.96e-01 6.04e-01h  1
 178  1.1714083e+01 3.33e-02 4.52e+06   1.3 1.85e+00    -  4.59e-01 4.02e-01h  1
 179  1.1620045e+01 4.44e-02 3.58e+06   1.3 2.59e+00    -  9.40e-01 4.68e-01h  1
iter    objective    inf_pr   inf_du lg(mu)  ||d||  lg(rg) alpha_du alpha_pr  ls
 180  1.1612910e+01 4.44e-02 3.51e+06   1.3 1.29e+01    -  1.79e-01 1.39e-02h  4
 181  1.1607792e+01 4.46e-02 3.56e+06   1.3 1.06e+02    -  3.72e-02 1.05e-03f  6
 182  1.1593854e+01 4.61e-02 3.73e+06   1.3 1.05e+02    -  2.40e-02 2.32e-03f  5
 183  1.1580664e+01 4.72e-02 3.95e+06   1.3 8.82e+01    -  3.12e-02 2.54e-03f  5
 184  1.1572652e+01 4.75e-02 4.07e+06   1.3 7.88e+01    -  6.41e-02 1.74e-03f  6
 185  1.1563473e+01 4.79e-02 4.22e+06   1.3 6.76e+01    -  5.72e-02 2.39e-03f  6
 186  1.1556773e+01 1.90e-01 7.34e+06   1.3 1.10e+02    -  3.76e-02 2.28e-02f  2
 187  1.1526284e+01 7.33e-02 8.13e+06   1.3 9.48e+00    -  5.08e-01 5.56e-01H  1
 188  1.1522000e+01 7.08e-02 8.30e+06   1.3 9.62e+00    -  2.44e-01 4.91e-02h  3
 189  1.1514078e+01 6.87e-02 8.62e+06   1.3 1.89e+01    -  4.31e-02 2.38e-02f  3
iter    objective    inf_pr   inf_du lg(mu)  ||d||  lg(rg) alpha_du alpha_pr  ls
 190  1.1451208e+01 8.24e-02 9.62e+06   1.3 1.09e+02    -  1.49e-02 1.08e-02f  3
 191  1.1414919e+01 1.02e-01 1.04e+07   1.3 5.21e+01    -  7.01e-02 1.73e-02f  3
 192  1.1367073e+01 1.21e-01 1.14e+07   1.3 4.18e+01    -  3.16e-02 2.86e-02f  3
 193  1.1373931e+01 1.22e-01 1.25e+07   1.3 8.30e+02    -  1.04e-02 1.56e-03f  4
 194  1.1358246e+01 1.22e-01 1.29e+07   1.3 1.17e+02    -  3.30e-02 3.34e-03f  5
 195  1.1250193e+01 2.52e-01 1.61e+07   1.3 1.10e+02    -  7.44e-02 3.12e-02f  2
 196  1.1203095e+01 3.10e-01 1.81e+07   1.3 5.23e+01    -  4.61e-02 5.53e-02f  2
 197  1.1211311e+01 3.09e-01 1.84e+07   1.3 2.05e+02    -  2.48e-02 3.35e-03h  3
 198  1.1182993e+01 5.84e-02 4.81e+06   1.3 6.63e-01    -  4.38e-01 8.03e-01h  1
 199  1.1180284e+01 5.37e-02 4.48e+06   1.3 9.60e-01    -  3.12e-01 8.06e-02h  1
iter    objective    inf_pr   inf_du lg(mu)  ||d||  lg(rg) alpha_du alpha_pr  ls
 200  1.1161485e+01 3.02e-02 2.21e+06   1.3 1.01e+00    -  4.28e-01 4.93e-01f  1
 201  1.1145462e+01 3.00e-02 2.19e+06   1.3 1.57e+00    -  3.29e-01 6.27e-01f  1
 202  1.1194943e+01 2.17e-02 3.12e+06   1.3 4.15e+00    -  2.37e-01 4.90e-01H  1
 203  1.1209922e+01 2.26e-02 3.16e+06   1.3 1.15e+01    -  8.38e-02 3.26e-02f  2
 204  1.1230253e+01 2.47e-02 2.85e+06   1.3 4.23e+01    -  1.05e-01 1.23e-02f  3
 205  1.1326938e+01 1.41e-01 5.91e+06   1.3 5.46e+01    -  2.66e-02 4.34e-02f  2
 206  1.1379708e+01 2.25e-01 8.74e+06   1.3 5.39e+01    -  2.88e-02 3.24e-02f  2
 207  1.1412751e+01 4.29e-01 1.28e+07   1.3 6.52e+01    -  3.73e-02 4.13e-02f  2
 208  1.1418561e+01 4.28e-01 1.31e+07   1.3 3.08e+01    -  4.62e-02 1.16e-02f  4
 209  1.1420286e+01 4.38e-01 1.39e+07   1.3 4.65e+01    -  8.54e-02 1.60e-02f  3
iter    objective    inf_pr   inf_du lg(mu)  ||d||  lg(rg) alpha_du alpha_pr  ls
 210  1.1424794e+01 4.52e-01 1.48e+07   1.3 3.75e+01    -  4.80e-02 2.41e-02f  3
 211  1.1429165e+01 4.66e-01 1.56e+07   1.3 3.12e+01    -  9.16e-02 3.08e-02f  3
 212  1.1377578e+01 4.60e-01 1.56e+07   1.3 1.78e+02    -  1.98e-02 6.97e-03f  3
 213  1.1404839e+01 6.22e-02 3.16e+06   1.3 5.65e-01    -  2.60e-01 8.69e-01f  1
 214  1.1412579e+01 4.27e-02 2.80e+06   1.3 1.17e+00    -  2.77e-01 4.19e-01f  1
 215  1.1396007e+01 1.84e-02 1.44e+06   1.3 5.67e-01    -  5.97e-01 8.46e-01f  1
 216  1.1353622e+01 2.44e-02 1.66e+06   1.3 6.57e-01    -  4.54e-01 1.00e+00f  1
 217  1.1366052e+01 9.64e-03 9.68e+05   1.3 3.24e-01    -  6.92e-01 5.92e-01f  1
 218  1.1478328e+01 9.02e-02 2.17e+06   1.3 1.95e+00    -  3.43e-01 7.09e-01f  1
 219  1.1440877e+01 1.10e-01 1.96e+06   1.3 8.02e-01    -  3.60e-01 1.00e+00f  1
iter    objective    inf_pr   inf_du lg(mu)  ||d||  lg(rg) alpha_du alpha_pr  ls
 220  1.1429183e+01 1.48e-01 4.08e+06   1.3 1.14e+01    -  9.55e-02 7.54e-02f  2
 221  1.1402554e+01 1.14e-01 3.55e+06   1.3 1.11e+00    -  4.96e-01 3.00e-01h  1
 222  1.1353257e+01 5.44e-02 2.85e+06   1.3 6.99e-01    -  5.57e-01 7.14e-01f  1
 223  1.1315994e+01 2.79e-02 3.11e+06   1.3 6.19e-01    -  4.59e-01 1.00e+00f  1
 224  1.1398881e+01 1.44e-01 3.54e+06   1.3 1.57e+02    -  6.17e-03 9.09e-03f  2
 225  1.1414070e+01 9.05e-02 1.75e+06   1.3 1.12e+00    -  1.55e-01 6.12e-01f  1
 226  1.1436045e+01 6.06e-02 1.01e+06   1.3 8.76e-01    -  1.60e-01 4.90e-01f  1
 227  1.1444281e+01 4.41e-02 1.45e+06   1.3 8.79e-01    -  7.94e-02 5.40e-01h  1
 228  1.1432043e+01 1.09e-01 4.27e+06   1.3 7.50e+01    -  4.37e-03 2.45e-02f  2
 229  1.1434009e+01 9.35e-02 3.72e+06   1.3 1.58e+00    -  4.77e-01 1.43e-01h  2
iter    objective    inf_pr   inf_du lg(mu)  ||d||  lg(rg) alpha_du alpha_pr  ls
 230  1.1439394e+01 8.55e-02 3.37e+06   1.3 1.64e+00    -  3.80e-01 9.25e-02h  2
 231  1.1454110e+01 7.03e-02 2.76e+06   1.3 1.77e+00    -  3.78e-01 1.85e-01h  2
 232  1.1467303e+01 6.78e-02 2.98e+06   1.3 5.63e+00    -  1.71e-01 4.81e-02h  3
 233  1.1468441e+01 6.76e-02 3.08e+06   1.3 1.54e+01    -  5.52e-02 3.13e-03f  5
 234  1.1471066e+01 6.71e-02 3.59e+06   1.3 1.22e+01    -  1.54e-01 8.03e-03f  4
 235  1.1476479e+01 6.59e-02 4.28e+06   1.3 7.63e+00    -  1.23e-01 1.77e-02f  4
 236  1.1639561e+01 1.75e-01 7.57e+06   1.3 1.59e+02    -  1.80e-02 2.27e-02f  2
 237  1.1572472e+01 1.17e-01 4.10e+06   1.3 2.84e+00    -  7.05e-01 5.00e-01h  2
 238  1.1567031e+01 1.12e-01 3.72e+06   1.3 4.95e+00    -  5.25e-01 4.99e-02h  4
 239  1.1560995e+01 1.06e-01 3.32e+06   1.3 4.75e+00    -  1.00e+00 6.93e-02h  4
iter    objective    inf_pr   inf_du lg(mu)  ||d||  lg(rg) alpha_du alpha_pr  ls
 240  1.1504474e+01 9.40e-03 3.63e+06   1.3 4.44e+00    -  3.69e-01 8.91e-01H  1
 241  1.1438155e+01 1.50e-02 4.26e+06   1.3 2.99e+02    -  1.52e-02 3.76e-03f  3
 242  1.1436824e+01 1.37e-02 2.40e+06   1.3 9.27e-01    -  7.44e-01 8.85e-01f  1
 243  1.1434830e+01 1.54e-02 3.44e+06   1.3 1.24e+00    -  3.64e-01 9.59e-01H  1
 244  1.1456540e+01 1.50e-02 2.15e+06   1.3 1.75e+00    -  3.95e-01 1.60e-01f  1
 245  1.1559359e+01 3.98e-02 3.99e+06   1.3 1.13e+02    -  1.33e-02 1.45e-02f  2
 246  1.1566886e+01 2.16e-02 2.86e+06   1.3 5.88e-01    -  9.48e-01 7.72e-01f  1
 247  1.1571511e+01 2.40e-02 2.53e+06   1.3 1.18e+00    -  4.07e-01 2.12e-01h  2
 248  1.1578799e+01 2.53e-02 2.25e+06   1.3 6.96e-01    -  7.15e-01 2.62e-01h  2
 249  1.1563807e+01 2.53e-02 2.09e+06   1.3 2.78e+02    -  2.44e-02 1.79e-03f  5
iter    objective    inf_pr   inf_du lg(mu)  ||d||  lg(rg) alpha_du alpha_pr  ls
 250  1.1564183e+01 2.53e-02 2.16e+06   1.3 8.29e-01    -  3.46e-01 6.28e-02h  4
 251  1.1569755e+01 2.51e-02 2.11e+06   1.3 2.81e+00    -  2.67e-01 6.03e-02f  3
 252  1.1572931e+01 2.51e-02 2.28e+06   1.3 4.61e+00    -  1.07e-01 1.15e-02h  5
 253  1.1591500e+01 2.50e-02 3.17e+06   1.3 1.87e+01    -  1.02e-01 1.13e-02f  4
 254  1.1605816e+01 2.50e-02 3.89e+06   1.3 1.89e+01    -  5.27e-02 9.68e-03f  4
 255  1.1626556e+01 2.50e-02 4.62e+06   1.3 6.49e+01    -  2.76e-02 4.01e-03f  5
 256  1.1649606e+01 2.50e-02 5.26e+06   1.3 5.74e+01    -  5.44e-02 4.38e-03f  5
 257  1.1896220e+01 1.34e-01 1.12e+07   1.3 4.85e+01    -  6.57e-02 5.00e-02f  2
 258  1.1941289e+01 1.36e-01 1.23e+07   1.3 2.23e+01    -  1.71e-01 1.98e-02f  4
 259  1.2030508e+01 1.44e-01 1.37e+07   1.3 3.51e+01    -  6.91e-02 2.47e-02f  3
iter    objective    inf_pr   inf_du lg(mu)  ||d||  lg(rg) alpha_du alpha_pr  ls
 260  1.2095410e+01 1.29e-01 9.07e+06   1.3 1.34e+00    -  5.91e-01 6.07e-01h  1
 261  1.2123920e+01 1.31e-01 9.50e+06   1.3 5.51e+00    -  1.04e-01 7.33e-02h  1
 262  1.2130599e+01 1.31e-01 1.01e+07   1.3 3.52e+01    -  7.15e-02 5.33e-03h  2
 263  1.2133744e+01 1.31e-01 1.03e+07   1.3 6.30e+01    -  4.29e-02 1.11e-03h  5
 264  1.2141090e+01 1.31e-01 1.07e+07   1.3 5.00e+01    -  7.43e-02 2.66e-03h  5
 265  1.2152646e+01 1.30e-01 1.10e+07   1.3 3.94e+01    -  2.13e-02 4.38e-03f  5
 266  1.2173996e+01 1.35e-01 1.22e+07   1.3 1.80e+02    -  7.58e-03 4.54e-03f  4
 267  1.2189499e+01 1.31e-01 1.30e+07   1.3 1.06e+01    -  1.47e-01 7.60e-02f  3
 268  1.2206655e+01 1.27e-01 1.37e+07   1.3 9.73e+00    -  3.64e-01 8.16e-02f  3
 269  1.2217362e+01 1.24e-01 1.42e+07   1.3 8.89e+00    -  3.01e-01 4.59e-02h  4
iter    objective    inf_pr   inf_du lg(mu)  ||d||  lg(rg) alpha_du alpha_pr  ls
 270  1.2299393e+01 1.44e-01 1.75e+07   1.3 1.61e+02    -  1.27e-03 7.56e-03f  3
 271  1.2314987e+01 1.43e-01 1.79e+07   1.3 2.53e+01    -  1.74e-01 9.05e-03f  5
 272  1.2390277e+01 1.48e-01 2.00e+07   1.3 2.49e+01    -  8.28e-02 4.27e-02f  3
 273  1.2407581e+01 1.47e-01 2.04e+07   1.3 2.39e+01    -  2.22e-01 1.12e-02f  5
 274  1.2419987e+01 1.48e-01 2.07e+07   1.3 1.99e+02    -  2.02e-02 2.39e-03f  5
 275  1.2437244e+01 1.45e-01 2.18e+07   1.3 1.20e+01    -  3.47e-01 7.76e-02h  3
 276  1.2453964e+01 1.41e-01 2.28e+07   1.3 1.15e+01    -  1.62e-01 7.60e-02h  3
 277  1.2461710e+01 1.38e-01 2.32e+07   1.3 1.09e+01    -  3.41e-01 3.92e-02h  4
 278  1.2467866e+01 1.39e-01 2.39e+07   1.3 2.04e+02    -  1.95e-02 1.91e-03f  5
 279  1.2472043e+01 1.38e-01 2.41e+07   1.3 2.30e+01    -  2.31e-01 7.24e-03h  6
iter    objective    inf_pr   inf_du lg(mu)  ||d||  lg(rg) alpha_du alpha_pr  ls
 280  1.2493945e+01 1.40e-01 2.51e+07   1.3 2.28e+01    -  1.98e-01 3.56e-02f  4
 281  1.2506155e+01 1.39e-01 2.56e+07   1.3 2.16e+01    -  1.32e-01 2.04e-02f  5
 282  1.2568346e+01 4.27e-01 3.73e+07   1.3 2.29e+02    -  6.05e-03 2.21e-02f  2
 283  1.2562907e+01 4.54e-01 4.05e+07   1.3 2.20e+02    -  1.85e-02 8.41e-03f  3
 284  1.2558081e+01 4.55e-01 4.14e+07   1.3 1.58e+02    -  4.46e-02 3.28e-03f  5
 285  1.2545035e+01 4.83e-01 4.47e+07   1.3 1.46e+02    -  1.93e-02 1.41e-02f  3
 286  1.2676450e+01 4.65e-01 4.25e+07   1.3 2.45e+02    -  6.55e-03 1.30e-02f  2
 287  1.2623477e+01 4.56e-01 3.44e+07   1.3 4.73e+00    -  1.06e-01 2.26e-01h  1
 288  1.2677492e+01 5.76e-01 3.30e+07   1.3 3.14e+01    -  3.62e-02 4.62e-02f  2
 289  1.2649618e+01 5.23e-01 3.10e+07   1.3 1.03e+01    -  2.60e-01 1.00e-01h  1
iter    objective    inf_pr   inf_du lg(mu)  ||d||  lg(rg) alpha_du alpha_pr  ls
 290  1.2676227e+01 5.26e-01 3.46e+07   1.3 2.81e+02    -  1.14e-02 5.02e-03f  4
 291  1.2670736e+01 5.18e-01 3.58e+07   1.3 2.19e+01    -  1.92e-01 6.18e-02h  2
 292  1.2664157e+01 4.98e-01 3.64e+07   1.3 1.85e+01    -  1.80e-01 1.02e-01h  1
 293  1.2640713e+01 4.66e-01 3.59e+07   1.3 1.44e+01    -  6.70e-02 7.43e-02h  1
 294  1.2566789e+01 4.66e-01 3.74e+07   1.3 3.17e+02    -  2.66e-03 3.25e-03f  4
 295  1.2487517e+01 4.67e-01 3.87e+07   1.3 3.09e+02    -  2.09e-02 3.03e-03f  4
 296  1.2407141e+01 4.68e-01 4.00e+07   1.3 2.90e+02    -  7.05e-03 3.26e-03f  4
 297  1.2369277e+01 4.67e-01 4.06e+07   1.3 2.59e+02    -  1.59e-02 1.67e-03f  5
 298  1.2353961e+01 4.67e-01 4.09e+07   1.3 2.96e+02    -  1.38e-02 7.47e-04f  6
 299  1.2344458e+01 4.67e-01 4.11e+07   1.3 5.21e+02    -  4.50e-03 2.62e-04f  7
iter    objective    inf_pr   inf_du lg(mu)  ||d||  lg(rg) alpha_du alpha_pr  ls
 300  1.2334997e+01 4.67e-01 4.13e+07   1.3 5.12e+02    -  1.50e-02 2.66e-04f  7
 301  1.2085085e+01 5.15e-01 4.69e+07   1.3 4.76e+02    -  4.72e-03 9.75e-03f  2
 302  1.1958990e+01 5.15e-01 4.87e+07   1.3 2.35e+02    -  2.11e-03 6.41e-03f  3
 303  1.1948056e+01 5.14e-01 4.88e+07   1.3 4.84e+02    -  1.78e-02 2.87e-04h  6
 304  1.1936676e+01 5.14e-01 4.90e+07   1.3 4.27e+02    -  7.53e-03 3.50e-04h  6
 305  1.1889570e+01 5.14e-01 4.97e+07   1.3 3.96e+02    -  8.98e-03 1.63e-03f  4
 306  1.1780233e+01 5.27e-01 5.27e+07   1.3 2.54e+02    -  5.81e-04 1.57e-02f  2
 307  1.1690266e+01 5.14e-01 5.25e+07   1.3 4.86e+01    -  1.46e-01 3.06e-02h  3
 308  1.1601342e+01 4.92e-01 5.16e+07   1.3 3.46e+01    -  6.31e-02 4.55e-02h  3
 309  1.1504188e+01 4.74e-01 4.94e+07   1.3 2.60e+01    -  6.45e-02 8.26e-02h  2
iter    objective    inf_pr   inf_du lg(mu)  ||d||  lg(rg) alpha_du alpha_pr  ls
 310  1.1504300e+01 4.70e-01 4.98e+07   1.3 2.85e+02    -  1.71e-02 3.46e-03h  4
 311  1.1441932e+01 3.59e-01 3.72e+07   1.3 2.70e+00    -  2.43e-01 2.36e-01h  1
 312  1.1373664e+01 2.52e-01 2.59e+07   1.3 2.88e+00    -  5.34e-01 3.01e-01h  1
 313  1.1264667e+01 1.23e-01 1.32e+07   1.3 2.53e+00    -  2.17e-01 5.31e-01h  1
 314  1.1244274e+01 1.43e-01 1.51e+07   1.3 2.73e+02    -  2.57e-02 7.13e-03f  3
 315  1.1217174e+01 1.47e-01 1.56e+07   1.3 3.45e+01    -  1.20e-01 2.65e-02f  3
 316  1.1170766e+01 1.53e-01 1.66e+07   1.3 9.55e+01    -  2.48e-02 1.06e-02f  3
 317  1.1149677e+01 1.53e-01 1.71e+07   1.3 1.81e+02    -  3.11e-02 2.52e-03f  4
 318  1.1124010e+01 1.56e-01 1.79e+07   1.3 2.26e+02    -  2.16e-02 3.30e-03f  4
 319  1.1065354e+01 1.68e-01 1.93e+07   1.3 2.65e+02    -  9.34e-03 5.91e-03f  3
iter    objective    inf_pr   inf_du lg(mu)  ||d||  lg(rg) alpha_du alpha_pr  ls
 320  1.1008024e+01 1.94e-01 2.24e+07   1.3 2.33e+02    -  3.89e-03 1.02e-02f  2
 321  1.1004697e+01 1.94e-01 2.25e+07   1.3 1.81e+02    -  3.56e-02 5.85e-04h  6
 322  1.0993328e+01 1.97e-01 2.37e+07   1.3 1.44e+02    -  4.79e-03 9.24e-03f  2
 323  1.0967315e+01 1.91e-01 2.35e+07   1.3 1.01e+01    -  1.61e-01 3.71e-02f  2
 324  1.0919523e+01 1.82e-01 2.30e+07   1.3 9.70e+00    -  2.29e-01 8.23e-02h  1
 325  1.0854006e+01 1.76e-01 2.19e+07   1.3 8.92e+00    -  2.95e-01 1.72e-01h  1
 326  1.0847494e+01 1.75e-01 2.18e+07   1.3 2.28e+02    -  3.09e-02 1.92e-03f  5
 327  1.0759531e+01 1.72e-01 1.65e+07   1.3 6.50e+00    -  3.73e-01 3.81e-01h  1
 328  1.0736882e+01 1.51e-01 1.50e+07   1.3 5.13e+00    -  2.38e-01 1.64e-01h  1
 329  1.0723250e+01 1.38e-01 1.42e+07   1.3 4.41e+00    -  1.09e-01 9.69e-02h  1
iter    objective    inf_pr   inf_du lg(mu)  ||d||  lg(rg) alpha_du alpha_pr  ls
 330  1.0720831e+01 1.39e-01 1.54e+07   1.3 1.74e+02    -  5.05e-03 2.96e-03f  4
 331  1.0726491e+01 1.52e-01 1.72e+07   1.3 1.21e+01    -  6.01e-02 1.28e-01f  2
 332  1.0755078e+01 1.61e-01 1.81e+07   1.3 1.05e+01    -  8.65e-02 1.80e-01H  1
 333  1.0796055e+01 1.67e-01 1.79e+07   1.3 8.61e+00    -  1.47e-01 2.25e-01H  1
 334  1.0811584e+01 1.74e-01 1.94e+07   1.3 2.04e+02    -  4.57e-03 3.49e-03f  4
 335  1.0806375e+01 1.78e-01 2.03e+07   1.3 7.14e+01    -  5.30e-02 7.82e-03f  4
 336  1.0803871e+01 1.78e-01 2.08e+07   1.3 6.59e+01    -  3.46e-02 3.82e-03f  5
 337  1.0801071e+01 1.79e-01 2.12e+07   1.3 6.43e+01    -  2.80e-02 3.90e-03f  5
 338  1.0800812e+01 1.79e-01 2.14e+07   1.3 2.01e+02    -  4.69e-03 6.03e-04f  7
 339  1.0818630e+01 8.01e-01 3.07e+07   1.3 1.04e+02    -  3.66e-02 5.71e-02f  1
iter    objective    inf_pr   inf_du lg(mu)  ||d||  lg(rg) alpha_du alpha_pr  ls
 340  1.0817395e+01 8.09e-01 3.13e+07   1.3 2.97e+01    -  7.12e-02 4.67e-02h  1
 341  1.0824605e+01 8.29e-01 3.17e+07   1.3 2.39e+01    -  7.67e-02 7.86e-02f  1
 342  1.0821781e+01 8.29e-01 3.19e+07   1.3 1.51e+02    -  3.18e-03 1.66e-03f  4
 343  1.0810802e+01 8.30e-01 3.22e+07   1.3 8.48e+01    -  3.01e-02 6.40e-03h  3
 344  1.0802608e+01 8.28e-01 3.25e+07   1.3 6.97e+01    -  1.59e-02 6.24e-03h  3
 345  1.0792198e+01 8.28e-01 3.29e+07   1.3 5.93e+01    -  1.03e-01 1.24e-02h  2
 346  1.0759547e+01 8.26e-01 3.35e+07   1.3 1.48e+02    -  2.48e-02 5.50e-03f  3
 347  1.0737731e+01 8.23e-01 3.38e+07   1.3 1.20e+02    -  8.74e-03 6.55e-03f  3
 348  1.0770866e+01 8.26e-01 3.59e+07   1.3 1.75e+02    -  6.02e-04 8.22e-03f  3
 349  1.0786796e+01 8.26e-01 3.68e+07   1.3 1.16e+02    -  2.29e-02 6.56e-03h  3
iter    objective    inf_pr   inf_du lg(mu)  ||d||  lg(rg) alpha_du alpha_pr  ls
 350  1.0771064e+01 8.25e-01 3.86e+07   1.3 1.33e+02    -  2.47e-03 1.48e-02f  2
 351  1.0799550e+01 8.20e-01 3.89e+07   1.3 8.56e+01    -  1.73e-02 1.02e-02h  2
 352  1.0751668e+01 8.14e-01 3.96e+07   1.3 1.28e+02    -  1.56e-02 8.20e-03f  2
 353  1.0712468e+01 7.66e-01 3.79e+07   1.3 1.18e+01    -  1.83e-01 5.94e-02h  1
 354  1.0662110e+01 5.75e-01 2.94e+07   1.3 4.75e+00    -  2.33e-01 2.74e-01h  1
 355  1.0696203e+01 4.33e-01 2.33e+07   1.3 3.94e+00    -  9.62e-02 2.45e-01f  1
 356  1.0727684e+01 4.22e-01 2.34e+07   1.3 4.18e+02    -  1.54e-02 5.65e-03h  3
 357  1.0726517e+01 3.10e-01 1.79e+07   1.3 3.08e+00    -  1.86e-01 2.64e-01f  1
 358  1.0725610e+01 2.78e-01 1.63e+07   1.3 1.97e+00    -  4.40e-01 1.06e-01h  1
 359  1.0739114e+01 1.57e-01 8.64e+06   1.3 1.88e+00    -  1.67e-01 5.91e-01f  1
iter    objective    inf_pr   inf_du lg(mu)  ||d||  lg(rg) alpha_du alpha_pr  ls
 360  1.0737716e+01 1.57e-01 8.69e+06   1.3 1.72e+02    -  1.57e-02 1.67e-04h  7
 361  1.0728139e+01 1.58e-01 9.35e+06   1.3 2.15e+01    -  4.07e-02 2.36e-02f  3
 362  1.0725467e+01 1.58e-01 9.42e+06   1.3 7.99e+01    -  1.98e-02 6.46e-04h  6
 363  1.0695048e+01 1.68e-01 1.05e+07   1.3 1.06e+02    -  2.31e-02 5.83e-03f  3
 364  1.0669431e+01 1.84e-01 1.20e+07   1.3 8.28e+01    -  2.38e-02 9.27e-03f  3
 365  1.0649717e+01 1.87e-01 1.29e+07   1.3 1.66e+02    -  2.16e-02 3.41e-03f  4
 366  1.0646677e+01 1.87e-01 1.30e+07   1.3 1.26e+02    -  5.50e-02 4.86e-04f  7
 367  1.0624411e+01 1.90e-01 1.36e+07   1.3 9.95e+01    -  4.33e-02 5.12e-03f  4
 368  1.0619235e+01 1.89e-01 1.38e+07   1.3 7.10e+01    -  7.60e-02 1.68e-03h  6
 369  1.0576853e+01 1.92e-01 1.45e+07   1.3 9.50e+01    -  1.04e-03 9.87e-03f  2
iter    objective    inf_pr   inf_du lg(mu)  ||d||  lg(rg) alpha_du alpha_pr  ls
 370  1.0575930e+01 1.88e-01 1.46e+07   1.3 1.40e+01    -  2.23e-01 4.22e-02h  3
 371  1.0574254e+01 1.83e-01 1.47e+07   1.3 1.21e+01    -  1.52e-01 4.84e-02f  3
 372  1.0571625e+01 1.77e-01 1.47e+07   1.3 1.06e+01    -  1.40e-01 5.19e-02h  3
 373  1.0533239e+01 1.81e-01 1.61e+07   1.3 8.71e+01    -  1.19e-02 1.40e-02f  3
 374  1.0514241e+01 1.80e-01 1.63e+07   1.3 3.77e+01    -  8.87e-02 7.14e-03f  5
 375  1.0385754e+01 2.27e-01 1.84e+07   1.7 3.54e+01    -  1.26e-01 6.04e-02f  2
 376  1.0300815e+01 4.46e-01 2.03e+07   2.2 1.47e+01    -  3.30e-01 2.09e-01f  1
 377  1.0837989e+01 9.06e-01 2.32e+07   2.8 1.45e+02    -  4.55e-02 4.67e-02f  1
 378  1.0680577e+01 7.49e-01 1.82e+07   1.9 6.53e+00    -  7.13e-02 2.64e-01h  1
 379  1.0667677e+01 6.79e-01 1.63e+07   1.9 1.55e+01    -  1.22e-01 1.10e-01h  1
iter    objective    inf_pr   inf_du lg(mu)  ||d||  lg(rg) alpha_du alpha_pr  ls
 380  1.0654516e+01 6.59e-01 1.63e+07   1.9 1.35e+01    -  1.17e-01 2.87e-02h  1
 381  1.0606369e+01 6.44e-01 1.90e+07   1.9 3.18e+01    -  3.92e-02 4.71e-02h  1
 382  1.0546676e+01 6.25e-01 1.98e+07   1.9 2.45e+01    -  1.08e-01 4.47e-02h  1
 383  1.0531210e+01 6.13e-01 2.06e+07   1.9 4.54e+01    -  3.40e-02 1.93e-02h  3
 384  1.0587072e+01 6.03e-01 2.14e+07   1.9 7.96e+01    -  5.96e-02 9.83e-03h  3
 385  1.0665286e+01 5.91e-01 2.20e+07   1.9 7.42e+01    -  2.06e-02 1.24e-02f  3
 386  1.0863674e+01 5.45e-01 2.32e+07   1.9 5.90e+01    -  3.04e-02 3.56e-02f  2
 387  1.0965112e+01 5.29e-01 2.34e+07   1.9 3.16e+01    -  8.23e-02 4.41e-02f  2
 388  1.1013860e+01 5.44e-01 2.35e+07   1.9 1.03e+02    -  5.51e-02 2.74e-02f  2
 389  1.0971335e+01 4.28e-01 1.91e+07   1.9 4.31e+00    -  1.62e-01 2.22e-01h  1
iter    objective    inf_pr   inf_du lg(mu)  ||d||  lg(rg) alpha_du alpha_pr  ls
 390  1.0987746e+01 3.26e-01 1.55e+07   1.9 6.10e+00    -  2.22e-01 2.73e-01h  1
 391  1.1006964e+01 3.15e-01 1.30e+07   1.9 5.20e+00    -  3.60e-01 3.44e-01h  1
 392  1.1319773e+01 3.17e-01 1.62e+07   1.9 2.15e+02    -  4.66e-02 1.16e-02f  3
 393  1.1457769e+01 2.34e-01 1.26e+07   1.9 4.70e+00    -  2.44e-01 4.28e-01f  1
 394  1.1502003e+01 1.91e-01 9.84e+06   1.9 3.90e+00    -  2.57e-01 5.64e-01f  1
 395  1.1552278e+01 1.61e-01 6.99e+06   1.9 3.62e+00    -  3.38e-01 6.90e-01f  1
 396  1.1725233e+01 6.17e-01 1.38e+07   1.9 2.58e+02    -  2.74e-02 2.69e-02f  2
 397  1.1499707e+01 3.15e-01 8.02e+06   1.9 3.64e+00    -  2.35e-01 5.44e-01f  1
 398  1.1589124e+01 3.92e-01 6.27e+06   1.9 9.68e+00    -  1.42e-01 3.61e-01f  1
 399  1.1563815e+01 3.65e-01 6.31e+06   1.9 8.40e+00    -  2.84e-01 1.35e-01f  1
iter    objective    inf_pr   inf_du lg(mu)  ||d||  lg(rg) alpha_du alpha_pr  ls
 400  1.1586189e+01 3.88e-01 8.54e+06   1.9 7.79e+00    -  3.48e-01 3.34e-01f  1
 401  1.2162085e+01 9.26e-01 7.37e+06   1.9 3.51e+02    -  1.89e-02 2.15e-02f  2
 402  1.1889532e+01 5.60e-01 4.53e+06   1.9 3.52e+00    -  3.47e-01 3.96e-01f  1
 403  1.1481859e+01 8.24e-02 2.53e+06   1.9 3.11e+00    -  4.24e-01 1.00e+00f  1
 404  1.1389262e+01 5.85e-02 2.17e+06   1.9 1.93e+00    -  3.90e-01 4.72e-01f  1
 405  1.1826099e+01 3.01e-01 6.18e+06   1.9 2.10e+02    -  2.39e-02 1.85e-02f  2
 406  1.1656032e+01 8.12e-02 5.38e+06   1.9 2.10e+00    -  2.03e-01 9.32e-01f  1
 407  1.1687404e+01 6.02e-02 3.99e+06   1.9 2.85e+00    -  4.36e-01 3.74e-01f  1
 408  1.1739691e+01 4.09e-02 4.50e+06   1.9 1.12e+00    -  4.43e-01 1.00e+00f  1
 409  1.1658186e+01 7.01e-02 5.45e+06   1.9 2.17e+02    -  7.72e-02 9.51e-03f  4
iter    objective    inf_pr   inf_du lg(mu)  ||d||  lg(rg) alpha_du alpha_pr  ls
 410  1.1681913e+01 6.27e-02 4.75e+06   1.9 4.67e+00    -  1.96e-01 2.91e-01H  1
 411  1.1711836e+01 5.95e-02 4.41e+06   1.9 3.31e+00    -  3.48e-01 2.86e-01h  1
 412  1.1843916e+01 2.81e-02 2.69e+06   1.9 2.33e+00    -  4.59e-01 6.98e-01F  1
 413  1.1929389e+01 4.97e-02 4.03e+06   1.9 1.45e+02    -  5.35e-02 9.00e-03f  3
 414  1.2381502e+01 3.21e-01 7.68e+06   1.9 5.08e+00    -  5.34e-01 9.54e-01f  1
 415  1.2378830e+01 2.34e-01 6.58e+06   1.9 4.44e+00    -  1.56e-01 3.23e-01f  1
 416  1.2359553e+01 1.60e-01 6.10e+06   1.9 3.00e+00    -  3.18e-01 3.63e-01f  1
 417  1.2376344e+01 1.71e-01 7.95e+06   1.9 2.19e+02    -  2.55e-02 1.31e-02f  2
 418  1.2323202e+01 8.69e-02 5.29e+06   1.9 1.15e+00    -  6.00e-01 4.95e-01f  1
 419  1.2247286e+01 4.32e-02 3.71e+06   1.9 1.30e+00    -  3.44e-01 5.70e-01f  1
iter    objective    inf_pr   inf_du lg(mu)  ||d||  lg(rg) alpha_du alpha_pr  ls
 420  1.2205771e+01 4.24e-02 3.13e+06   1.9 1.24e+00    -  2.24e-01 6.14e-01f  1
 421  1.2093838e+01 5.78e-02 4.84e+06   1.9 2.13e+02    -  3.84e-02 8.59e-03f  2
 422  1.2018813e+01 5.66e-02 5.41e+06   1.9 4.09e+00    -  6.74e-01 2.26e-01h  1
 423  1.2006319e+01 5.36e-02 5.44e+06   1.9 2.33e+00    -  7.59e-01 5.45e-02h  1
 424  1.1908659e+01 6.36e-02 5.48e+06   1.9 1.67e+00    -  6.70e-01 5.31e-01f  1
 425  1.1988671e+01 6.41e-02 6.33e+06   1.9 2.12e+02    -  6.10e-02 5.03e-03f  4
 426  1.2003674e+01 3.29e-02 3.68e+06   1.9 1.64e+00    -  6.86e-01 9.43e-01h  1
 427  1.1996172e+01 3.59e-02 4.06e+06   1.9 1.11e+00    -  7.28e-01 1.00e+00f  1
 428  1.1984429e+01 2.98e-02 2.21e+06   1.9 1.52e+00    -  4.87e-01 7.93e-01f  1
 429  1.1971915e+01 3.01e-02 2.48e+06   1.9 1.95e+02    -  2.72e-02 2.65e-03f  2
iter    objective    inf_pr   inf_du lg(mu)  ||d||  lg(rg) alpha_du alpha_pr  ls
 430  1.1972175e+01 2.98e-02 2.49e+06   1.9 2.32e+00    -  7.30e-01 1.12e-02h  1
 431  1.1997029e+01 3.52e-02 3.80e+06   1.9 2.25e+00    -  1.00e+00 6.42e-01f  1
 432  1.1973873e+01 2.86e-02 3.43e+06   1.9 2.64e+00    -  2.61e-01 2.09e-01f  2
 433  1.2126869e+01 7.77e-02 7.44e+06   1.9 1.42e+02    -  4.24e-02 1.80e-02f  3
 434  1.2157265e+01 6.39e-02 7.71e+06   1.9 2.57e+00    -  4.98e-01 1.81e-01h  2
 435  1.2174920e+01 5.24e-02 7.64e+06   1.9 1.81e+00    -  1.00e+00 1.92e-01f  2
 436  1.2070539e+01 1.27e-02 3.32e+06   1.9 1.33e+00    -  4.08e-01 9.46e-01H  1
 437  1.2089910e+01 1.79e-02 3.41e+06   1.9 1.53e+02    -  9.20e-02 1.12e-02f  4
 438  1.2100995e+01 9.16e-03 1.77e+06   1.9 7.18e-01    -  5.01e-01 1.00e+00f  1
 439  1.2089095e+01 9.20e-03 1.43e+06   1.9 1.78e+00    -  8.65e-01 1.10e-01H  1
iter    objective    inf_pr   inf_du lg(mu)  ||d||  lg(rg) alpha_du alpha_pr  ls
 440  1.2174615e+01 2.54e-02 3.84e+06   1.9 1.14e+00    -  9.91e-01 1.00e+00f  1
 441  1.2142140e+01 2.11e-02 2.81e+06   1.9 1.99e+00    -  9.26e-01 2.54e-01h  1
 442  1.2121498e+01 2.59e-02 3.72e+06   1.9 4.56e+00    -  4.01e-01 1.37e-01f  3
 443  1.2116349e+01 5.40e-02 5.36e+06   1.9 4.57e+00    -  9.26e-01 2.59e-01f  2
 444  1.2089714e+01 7.62e-02 7.90e+06   1.9 5.64e+00    -  6.13e-01 2.13e-01f  2
 445  1.2639074e+01 2.07e-01 1.33e+07   1.9 1.71e+02    -  3.89e-02 2.22e-02f  3
 446  1.2429432e+01 1.28e-01 7.02e+06   1.9 3.31e+00    -  3.47e-01 5.00e-01f  2
 447  1.2364578e+01 1.04e-01 5.36e+06   1.9 3.01e+00    -  5.66e-01 2.05e-01h  2
 448  1.2347378e+01 9.76e-02 5.10e+06   1.9 3.68e+00    -  7.03e-01 6.15e-02h  4
 449  1.2305843e+01 8.55e-02 5.12e+06   1.9 4.52e+00    -  5.95e-01 1.31e-01h  3
iter    objective    inf_pr   inf_du lg(mu)  ||d||  lg(rg) alpha_du alpha_pr  ls
 450  1.2304728e+01 8.51e-02 5.14e+06   1.9 3.56e+00    -  1.00e+00 4.41e-03h  8
 451  1.2194316e+01 5.85e-02 5.06e+06   1.9 3.47e+00    -  7.38e-01 7.19e-01H  1
 452  1.2184055e+01 6.04e-02 6.52e+06   1.9 2.40e+02    -  8.41e-02 4.13e-03h  3
 453  1.2133889e+01 1.14e-02 1.19e+06   1.9 4.18e-01    -  1.00e+00 1.00e+00h  1
 454  1.2136210e+01 1.16e-02 2.45e+06   1.9 7.21e-01    -  1.00e+00 1.00e+00H  1
 455  1.2120654e+01 1.13e-02 6.92e+05   1.3 3.87e-01    -  9.24e-01 8.25e-01H  1
 456  1.2072032e+01 1.12e-02 1.10e+06   1.5 9.45e-01    -  1.00e+00 6.25e-01f  1
 457  1.2028580e+01 1.10e-02 2.09e+06   1.4 5.38e-01    -  6.50e-01 1.00e+00f  1
 458  1.2018348e+01 1.11e-02 2.46e+06   1.4 3.69e-01    -  8.32e-01 1.00e+00f  1
 459  1.2017890e+01 1.11e-02 2.50e+06   1.4 1.20e+02    -  4.55e-02 1.25e-04h  9
iter    objective    inf_pr   inf_du lg(mu)  ||d||  lg(rg) alpha_du alpha_pr  ls
 460  1.2015141e+01 1.11e-02 2.90e+06   1.4 9.68e+00    -  4.35e-01 1.12e-02f  5
 461  1.1999093e+01 2.06e-02 5.16e+06   1.4 4.62e+01    -  6.30e-02 1.73e-02f  3
 462  1.1969411e+01 3.38e-02 6.88e+06   1.4 3.57e+01    -  1.08e-01 2.39e-02f  3
 463  1.1926829e+01 1.46e-01 8.99e+06   1.4 4.14e+01    -  4.77e-02 3.89e-02f  2
 464  1.1926000e+01 1.45e-01 9.31e+06   1.4 2.99e+01    -  7.83e-02 3.86e-03h  4
 465  1.1917117e+01 1.43e-01 9.92e+06   1.4 1.38e+01    -  3.44e-01 2.09e-02h  4
 466  1.1904932e+01 1.40e-01 1.08e+07   1.4 1.04e+01    -  3.18e-01 4.23e-02f  4
 467  1.1880611e+01 1.35e-01 1.23e+07   1.4 8.76e+00    -  3.88e-01 8.87e-02f  3
 468  1.1955713e+01 2.18e-01 1.43e+07   1.4 1.20e+02    -  4.09e-02 2.82e-02f  2
 469  1.1941994e+01 2.06e-01 1.35e+07   1.4 3.44e+00    -  3.10e-01 6.73e-02h  2
iter    objective    inf_pr   inf_du lg(mu)  ||d||  lg(rg) alpha_du alpha_pr  ls
 470  1.1939537e+01 2.03e-01 1.34e+07   1.4 5.40e+00    -  2.02e-01 1.22e-02h  5
 471  1.1938755e+01 1.99e-01 1.35e+07   1.4 2.20e+01    -  6.33e-02 8.11e-03h  4
 472  1.1938207e+01 1.98e-01 1.35e+07   1.4 1.96e+01    -  1.52e-01 3.29e-03h  6
 473  1.1935645e+01 1.86e-01 1.37e+07   1.4 1.79e+01    -  8.49e-02 1.67e-02f  4
 474  1.2459920e+01 3.47e-01 1.61e+07   1.4 3.13e+02    -  1.38e-02 1.57e-02f  2
 475  1.2395476e+01 3.12e-01 1.48e+07   1.4 3.26e+00    -  8.43e-01 1.02e-01h  2
 476  1.2379356e+01 3.05e-01 1.45e+07   1.4 4.55e+00    -  1.92e-01 2.39e-02h  4
 477  1.2369809e+01 3.01e-01 1.45e+07   1.4 5.69e+00    -  5.82e-02 1.06e-02h  5
 478  1.2340415e+01 2.96e-01 1.49e+07   1.4 1.84e+01    -  2.55e-02 1.78e-02f  2
 479  1.2319756e+01 2.90e-01 1.71e+07   1.4 1.57e+02    -  4.07e-03 6.54e-03f  2
iter    objective    inf_pr   inf_du lg(mu)  ||d||  lg(rg) alpha_du alpha_pr  ls
 480  1.2319016e+01 2.90e-01 1.73e+07   1.4 3.40e+02    -  1.25e-02 2.52e-04h  6
 481  1.2315856e+01 2.88e-01 1.89e+07   1.4 4.44e+02    -  1.31e-02 1.90e-03f  3
 482  1.2311143e+01 2.88e-01 1.96e+07   1.4 3.02e+02    -  2.26e-02 1.06e-03f  4
 483  1.2296257e+01 2.89e-01 2.07e+07   1.4 1.15e+02    -  5.81e-02 2.43e-03f  4
 484  1.2314167e+01 3.10e-01 2.19e+07   1.4 3.07e+02    -  3.06e-02 4.65e-03f  4
 485  1.2305188e+01 3.03e-01 2.14e+07   1.4 1.41e+00    -  3.97e-01 2.31e-02h  6
 486  1.2295021e+01 2.99e-01 2.12e+07   1.4 2.71e+00    -  1.79e-01 1.33e-02h  6
 487  1.2237640e+01 2.88e-01 2.32e+07   1.4 3.65e+01    -  6.54e-02 2.06e-02f  2
 488  1.2166210e+01 2.71e-01 2.37e+07   1.4 1.29e+01    -  4.18e-02 4.09e-02h  2
 489  1.2158061e+01 2.70e-01 2.37e+07   1.4 9.41e+00    -  2.20e-01 5.63e-03h  5
iter    objective    inf_pr   inf_du lg(mu)  ||d||  lg(rg) alpha_du alpha_pr  ls
 490  1.2142273e+01 2.66e-01 2.37e+07   1.4 8.41e+00    -  1.23e-01 1.21e-02h  5
 491  1.2084633e+01 2.61e-01 2.77e+07   1.4 1.40e+02    -  1.20e-02 1.02e-02f  2
 492  1.2059267e+01 2.56e-01 2.83e+07   1.4 1.75e+01    -  1.80e-01 1.99e-02h  3
 493  1.2046437e+01 2.54e-01 2.87e+07   1.4 1.66e+01    -  3.03e-01 1.06e-02h  4
 494  1.2022911e+01 2.49e-01 2.92e+07   1.4 1.57e+01    -  1.67e-01 2.09e-02h  4
 495  1.2121079e+01 2.63e-01 3.48e+07   1.4 2.65e+02    -  2.23e-02 1.01e-02f  3
 496  1.2119479e+01 2.62e-01 3.47e+07   1.4 1.97e+00    -  6.34e-01 4.06e-03h  7
 497  1.2119189e+01 2.62e-01 3.47e+07   1.4 4.18e+01    -  5.56e-02 1.11e-04h 10
 498  1.2118842e+01 2.62e-01 3.47e+07   1.4 6.84e+00    -  2.23e-01 5.51e-04h 10
 499  1.2118634e+01 2.62e-01 3.47e+07   1.4 6.79e+00    -  2.45e-01 3.33e-04h 11
iter    objective    inf_pr   inf_du lg(mu)  ||d||  lg(rg) alpha_du alpha_pr  ls
 500  1.2092255e+01 2.51e-01 3.33e+07   1.4 6.74e+00    -  6.19e-01 4.38e-02h  4
 501  1.2260734e+01 5.48e-01 3.26e+07   1.4 4.82e+02    -  1.68e-02 1.20e-02f  2
 502  1.1985288e+01 2.33e-01 1.53e+07   1.4 1.62e+00    -  7.24e-01 6.01e-01h  1
 503  1.1896727e+01 2.17e-01 1.54e+07   1.4 6.45e+00    -  1.93e-01 9.15e-02h  1
 504  1.1796485e+01 1.78e-01 1.42e+07   1.4 2.88e+00    -  4.91e-01 1.83e-01h  1
 505  1.1657776e+01 1.59e-01 1.43e+07   1.4 6.74e+00    -  1.46e-01 1.38e-01H  1
 506  1.1626759e+01 1.52e-01 1.49e+07   1.4 9.81e+00    -  1.62e-01 4.47e-02h  1
 507  1.1629061e+01 1.51e-01 1.53e+07   1.4 3.31e+01    -  3.58e-02 4.35e-03h  4
 508  1.1636498e+01 1.51e-01 1.57e+07   1.4 1.02e+02    -  1.73e-02 1.37e-03f  5
 509  1.1640520e+01 1.50e-01 1.59e+07   1.4 9.32e+01    -  2.85e-02 8.00e-04f  6
iter    objective    inf_pr   inf_du lg(mu)  ||d||  lg(rg) alpha_du alpha_pr  ls
 510  1.1645732e+01 1.50e-01 1.61e+07   1.4 8.33e+01    -  2.01e-02 1.13e-03f  6
 511  1.1645319e+01 1.51e-01 1.63e+07   1.4 5.22e+02    -  2.53e-02 5.76e-04f  6
 512  1.1567086e+01 1.18e-01 1.51e+07   1.4 7.40e+00    -  9.15e-02 2.46e-01H  1
 513  1.1546974e+01 1.19e-01 1.67e+07   1.4 2.17e+01    -  8.55e-02 3.67e-02f  2
 514  1.1552261e+01 1.20e-01 1.76e+07   1.4 1.46e+02    -  1.04e-02 2.37e-03f  4
 515  1.1561898e+01 1.21e-01 1.88e+07   1.4 1.71e+02    -  1.82e-03 2.45e-03f  4
 516  1.1563720e+01 1.21e-01 1.91e+07   1.4 1.68e+02    -  2.48e-02 5.63e-04f  6
 517  1.1565045e+01 1.21e-01 1.92e+07   1.4 1.47e+02    -  3.32e-03 4.55e-04f  7
 518  1.1563575e+01 1.21e-01 1.95e+07   1.4 1.89e+02    -  2.82e-03 4.19e-04f  7
 519  1.1554986e+01 1.55e-01 2.68e+07   1.4 2.03e+02    -  3.76e-03 1.05e-02f  2
iter    objective    inf_pr   inf_du lg(mu)  ||d||  lg(rg) alpha_du alpha_pr  ls
 520  1.1556273e+01 1.94e-01 3.14e+07   1.4 1.49e+02    -  1.24e-02 1.02e-02f  3
 521  1.1555680e+01 1.94e-01 3.18e+07   1.4 9.77e+01    -  1.10e-01 1.57e-03f  6
 522  1.1472872e+01 2.58e-01 3.59e+07   1.4 2.17e+02    -  7.09e-03 8.52e-03f  2
 523  1.1467047e+01 2.58e-01 3.62e+07   1.4 1.96e+02    -  3.34e-02 6.44e-04f  6
 524  1.1433006e+01 2.99e-01 3.93e+07   1.4 1.81e+02    -  4.54e-03 8.12e-03f  3
 525  1.1411835e+01 3.06e-01 4.07e+07   1.4 1.66e+02    -  4.29e-02 3.87e-03f  4
 526  1.1404900e+01 3.06e-01 4.12e+07   1.4 1.43e+02    -  4.45e-02 1.31e-03h  6
 527  1.1382947e+01 3.14e-01 4.30e+07   1.4 1.28e+02    -  8.18e-02 6.15e-03f  4
 528  1.1397765e+01 5.72e-01 5.01e+07   1.4 1.20e+02    -  1.24e-03 3.66e-02f  2
 529  1.1338071e+01 5.69e-01 5.12e+07   1.4 2.03e+02    -  4.51e-02 3.55e-03h  4
iter    objective    inf_pr   inf_du lg(mu)  ||d||  lg(rg) alpha_du alpha_pr  ls
 530  1.1288357e+01 5.19e-01 4.78e+07   1.4 6.36e+00    -  1.75e-01 8.99e-02h  3
 531  1.1095469e+01 3.43e-01 3.53e+07   1.4 5.39e+00    -  1.87e-01 3.71e-01h  1
 532  1.0928639e+01 2.77e-01 2.95e+07   1.4 5.38e+00    -  3.14e-01 2.93e-01h  1
 533  1.1079746e+01 3.01e-01 3.23e+07   1.4 2.12e+02    -  4.46e-03 1.03e-02f  3
 534  1.1125713e+01 2.73e-01 3.01e+07   1.4 8.53e+00    -  1.81e-01 2.62e-01h  1
 535  1.1118502e+01 2.37e-01 2.71e+07   1.4 6.79e+00    -  1.26e-01 2.60e-01h  1
 536  1.1081700e+01 1.99e-01 2.38e+07   1.4 5.54e+00    -  1.72e-01 2.89e-01h  1
 537  1.1070846e+01 1.99e-01 2.41e+07   1.4 2.47e+02    -  1.76e-02 4.59e-04f  7
 538  1.0876675e+01 1.71e-01 2.36e+07   1.4 1.12e+01    -  1.85e-01 2.05e-01H  1
 539  1.0872631e+01 1.71e-01 2.38e+07   1.4 1.53e+02    -  2.88e-02 4.42e-04h  6
iter    objective    inf_pr   inf_du lg(mu)  ||d||  lg(rg) alpha_du alpha_pr  ls
 540  1.0807937e+01 1.84e-01 2.70e+07   1.4 3.15e+02    -  2.27e-03 3.82e-03f  3
 541  1.0804155e+01 1.84e-01 2.72e+07   1.4 3.12e+02    -  2.17e-02 2.14e-04h  7
 542  1.0785825e+01 1.85e-01 2.81e+07   1.4 2.98e+02    -  7.19e-03 1.17e-03f  5
 543  1.0761222e+01 1.87e-01 2.96e+07   1.4 2.81e+02    -  3.42e-02 2.07e-03f  5
 544  1.0754077e+01 1.87e-01 3.04e+07   1.4 2.62e+02    -  1.03e-02 1.07e-03f  6
 545  1.0747339e+01 1.87e-01 3.11e+07   1.4 2.57e+02    -  2.01e-02 1.08e-03f  6
 546  1.0741849e+01 1.87e-01 3.17e+07   1.4 2.71e+02    -  2.29e-02 1.17e-03f  6
 547  1.0731401e+01 4.69e-01 4.22e+07   1.4 2.60e+02    -  4.37e-03 2.05e-02f  2
 548  1.0730034e+01 4.68e-01 4.25e+07   1.4 2.28e+02    -  5.42e-02 9.59e-04h  6
 549  1.0731649e+01 4.68e-01 4.27e+07   1.4 2.23e+02    -  4.35e-02 8.06e-04h  7
iter    objective    inf_pr   inf_du lg(mu)  ||d||  lg(rg) alpha_du alpha_pr  ls
 550  1.0818549e+01 5.45e-01 4.46e+07   1.4 2.20e+02    -  1.38e-02 1.51e-02f  3
 551  1.0822370e+01 5.43e-01 4.58e+07   1.4 2.42e+02    -  1.68e-02 7.60e-03f  3
 552  1.0863119e+01 5.43e-01 4.63e+07   1.4 2.23e+02    -  3.18e-03 6.98e-03f  2
 553  1.0858168e+01 3.94e-01 3.63e+07   1.4 8.42e+00    -  1.05e-01 3.16e-01h  1
 554  1.0805451e+01 3.30e-01 3.09e+07   1.4 7.46e+00    -  1.90e-01 2.18e-01h  1
 555  1.0733329e+01 2.53e-01 2.38e+07   1.4 6.41e+00    -  6.75e-02 3.75e-01h  1
 556  1.0811917e+01 2.73e-01 2.52e+07   1.4 2.39e+02    -  1.51e-02 7.93e-03f  3
 557  1.0794116e+01 2.50e-01 2.38e+07   1.4 5.95e+00    -  1.64e-01 8.79e-02h  1
 558  1.0759298e+01 1.99e-01 2.01e+07   1.4 5.56e+00    -  2.08e-01 2.42e-01f  1
 559  1.0734438e+01 1.57e-01 1.62e+07   1.4 4.78e+00    -  1.69e-01 2.84e-01h  1
iter    objective    inf_pr   inf_du lg(mu)  ||d||  lg(rg) alpha_du alpha_pr  ls
 560  1.0758306e+01 1.75e-01 1.80e+07   1.4 2.27e+02    -  5.73e-03 4.34e-03f  3
 561  1.0758684e+01 1.75e-01 1.81e+07   1.4 3.09e+02    -  1.16e-02 9.10e-05h  8
 562  1.0760880e+01 1.75e-01 1.84e+07   1.4 3.08e+02    -  1.44e-02 4.78e-04f  6
 563  1.0778267e+01 1.91e-01 2.00e+07   1.4 3.02e+02    -  1.07e-02 2.98e-03f  4
 564  1.0787631e+01 2.16e-01 2.25e+07   1.4 2.53e+02    -  2.45e-02 5.30e-03f  4
 565  1.0801553e+01 2.22e-01 2.35e+07   1.4 2.40e+02    -  5.98e-02 2.60e-03f  5
 566  1.0817529e+01 2.31e-01 2.49e+07   1.4 2.30e+02    -  4.00e-02 3.72e-03f  5
 567  1.0833615e+01 2.39e-01 2.63e+07   1.4 2.13e+02    -  1.04e-02 4.00e-03f  5
 568  1.0842899e+01 2.45e-01 2.75e+07   1.4 2.04e+02    -  5.34e-02 3.62e-03f  5
 569  1.0849409e+01 2.46e-01 2.81e+07   1.4 1.95e+02    -  2.18e-02 2.25e-03f  6
iter    objective    inf_pr   inf_du lg(mu)  ||d||  lg(rg) alpha_du alpha_pr  ls
 570  1.0852896e+01 2.46e-01 2.84e+07   1.4 1.90e+02    -  3.07e-02 1.20e-03f  7
 571  1.0986968e+01 3.52e-01 3.39e+07   1.4 1.96e+02    -  1.65e-02 2.03e-02f  3
 572  1.0985318e+01 3.52e-01 3.41e+07   1.4 1.28e+02    -  1.67e-02 1.93e-03f  5
 573  1.0984470e+01 3.62e-01 3.53e+07   1.4 1.40e+02    -  7.25e-03 8.66e-03f  3
 574  1.0989993e+01 3.67e-01 3.63e+07   1.4 1.55e+02    -  6.80e-02 6.35e-03f  4
 575  1.1076480e+01 4.19e-01 3.84e+07   1.4 1.37e+02    -  8.13e-03 2.01e-02f  3
 576  1.1046472e+01 4.18e-01 3.85e+07   1.4 2.56e+02    -  2.01e-02 5.04e-03h  4
 577  1.0963879e+01 2.92e-01 2.65e+07   1.4 1.76e+00    -  1.81e-01 3.11e-01h  1
 578  1.0784875e+01 1.02e-01 5.66e+06   1.4 2.04e+00    -  1.67e-01 8.37e-01h  1
 579  1.0738105e+01 6.89e-02 4.51e+06   1.4 1.86e+00    -  3.00e-01 3.86e-01h  1
iter    objective    inf_pr   inf_du lg(mu)  ||d||  lg(rg) alpha_du alpha_pr  ls
 580  1.0818142e+01 6.94e-02 5.56e+06   1.4 3.22e+02    -  7.87e-03 3.70e-03f  3
 581  1.0842830e+01 6.21e-02 5.39e+06   1.4 4.44e+00    -  3.18e-01 2.96e-01h  1
 582  1.0843093e+01 6.20e-02 5.51e+06   1.4 4.39e+01    -  6.79e-02 3.22e-03h  5
 583  1.0843450e+01 6.19e-02 5.60e+06   1.4 4.45e+01    -  1.25e-01 2.35e-03h  6
 584  1.0846802e+01 6.18e-02 5.65e+06   1.4 2.58e+02    -  1.89e-02 2.69e-04h  7
 585  1.0849675e+01 6.18e-02 5.72e+06   1.4 1.32e+02    -  1.99e-02 6.16e-04h  7
 586  1.0907402e+01 6.60e-02 6.76e+06   1.4 2.20e+02    -  1.13e-02 5.15e-03f  4
 587  1.0921687e+01 6.61e-02 6.93e+06   1.4 2.86e+02    -  2.09e-02 9.60e-04f  6
 588  1.0929078e+01 6.62e-02 7.04e+06   1.4 3.15e+02    -  1.16e-03 6.15e-04f  6
 589  1.0938383e+01 6.63e-02 7.11e+06   1.4 3.56e+02    -  5.04e-02 5.95e-04f  6
iter    objective    inf_pr   inf_du lg(mu)  ||d||  lg(rg) alpha_du alpha_pr  ls
 590  1.0950072e+01 6.63e-02 7.19e+06   1.4 4.21e+02    -  1.15e-02 5.56e-04f  7
 591  1.1382393e+01 3.89e-01 1.24e+07   1.4 2.94e+02    -  5.92e-03 2.21e-02f  2
 592  1.1388979e+01 3.89e-01 1.26e+07   1.4 2.01e+02    -  6.20e-02 7.36e-04h  7
 593  1.1398033e+01 3.89e-01 1.28e+07   1.4 1.80e+02    -  9.08e-02 1.14e-03h  7
 594  1.1391460e+01 3.89e-01 1.39e+07   1.4 1.45e+02    -  8.13e-02 3.72e-03h  4
 595  1.1318525e+01 3.09e-01 1.33e+07   1.4 8.03e+00    -  5.27e-01 3.56e-01h  1
 596  1.1305407e+01 2.42e-01 1.24e+07   1.4 6.60e+00    -  1.19e-01 3.74e-01h  1
 597  1.1291218e+01 1.79e-01 1.10e+07   1.4 4.94e+00    -  4.06e-01 3.83e-01h  1
 598  1.1314365e+01 1.79e-01 1.09e+07   1.4 2.11e+02    -  4.50e-02 1.43e-03h  5
 599  1.1411561e+01 1.99e-01 9.44e+06   1.4 8.41e+00    -  2.56e-01 3.33e-01h  1
iter    objective    inf_pr   inf_du lg(mu)  ||d||  lg(rg) alpha_du alpha_pr  ls
 600  1.1415794e+01 1.99e-01 9.73e+06   1.4 9.52e+01    -  4.23e-02 2.22e-03h  5
 601  1.1416693e+01 1.99e-01 1.04e+07   1.4 4.75e+01    -  5.98e-02 1.30e-02h  3
 602  1.1423247e+01 1.98e-01 1.11e+07   1.4 1.49e+02    -  3.52e-02 3.63e-03f  4
 603  1.1423185e+01 1.98e-01 1.24e+07   1.4 1.13e+02    -  1.51e-02 1.02e-02f  3
 604  1.1420550e+01 1.97e-01 1.36e+07   1.4 1.01e+02    -  4.64e-02 1.07e-02f  3
 605  1.1418010e+01 1.95e-01 1.52e+07   1.4 8.06e+01    -  2.06e-02 1.76e-02f  3
 606  1.1411444e+01 1.95e-01 1.63e+07   1.4 1.86e+02    -  2.30e-02 3.43e-03f  4
 607  1.1416492e+01 1.86e-01 1.70e+07   1.4 1.78e+01    -  6.40e-02 9.83e-02f  2
 608  1.1416588e+01 1.73e-01 1.72e+07   1.4 1.39e+01    -  8.82e-02 1.02e-01h  2
 609  1.1406058e+01 1.57e-01 1.72e+07   1.4 1.10e+01    -  1.33e-01 1.11e-01h  1
iter    objective    inf_pr   inf_du lg(mu)  ||d||  lg(rg) alpha_du alpha_pr  ls
 610  1.1364735e+01 1.57e-01 1.82e+07   1.4 1.71e+02    -  1.93e-02 8.21e-03f  3
 611  1.1291590e+01 1.45e-01 1.82e+07   1.4 1.23e+01    -  1.30e-01 9.53e-02h  1
 612  1.1129910e+01 1.37e-01 1.75e+07   1.4 9.90e+00    -  1.71e-01 2.77e-01H  1
 613  1.1122041e+01 1.37e-01 1.76e+07   1.4 2.43e+02    -  3.53e-02 3.38e-04h  6
 614  1.1107530e+01 1.37e-01 1.78e+07   1.4 8.25e+01    -  4.21e-02 1.96e-03h  5
 615  1.1083123e+01 1.38e-01 1.81e+07   1.4 7.37e+01    -  9.71e-02 3.61e-03f  5
 616  1.0977224e+01 1.52e-01 1.91e+07   1.4 6.30e+01    -  7.20e-02 1.91e-02f  3
 617  1.0882928e+01 1.57e-01 2.02e+07   1.4 2.13e+02    -  1.32e-03 7.69e-03f  2
 618  1.0726174e+01 1.18e-01 1.65e+07   1.4 5.08e+00    -  1.55e-01 2.77e-01h  1
 619  1.0546417e+01 1.25e-01 1.27e+07   1.4 4.63e+00    -  3.60e-01 4.15e-01h  1
iter    objective    inf_pr   inf_du lg(mu)  ||d||  lg(rg) alpha_du alpha_pr  ls
 620  1.0333350e+01 1.33e-01 1.08e+07   1.4 3.84e+00    -  1.75e-01 5.01e-01h  1
 621  1.0626090e+01 4.46e-01 1.94e+07   2.8 2.66e+02    -  2.07e-02 2.64e-02f  1
 622  1.0558314e+01 3.29e-01 1.87e+07   1.5 6.46e+00    -  2.87e-01 2.51e-01h  1
 623  1.0452739e+01 2.97e-01 1.80e+07   1.5 9.76e+00    -  1.72e-01 1.00e-01h  1
 624  1.0371043e+01 2.87e-01 1.81e+07   1.5 3.57e+01    -  2.90e-02 3.71e-02h  2
 625  1.0338469e+01 2.85e-01 1.85e+07   1.5 8.95e+01    -  4.58e-02 4.98e-03f  3
 626  1.0299403e+01 2.83e-01 1.90e+07   1.5 7.62e+01    -  2.80e-02 7.35e-03f  3
 627  1.0269744e+01 2.85e-01 2.02e+07   2.8 8.37e+01    -  1.99e-01 2.05e-02f  1
 628  1.0119170e+01 1.23e+00 3.12e+07   2.8 1.71e+02    -  7.61e-02 5.62e-02f  1
 629  1.0047550e+01 7.92e-01 2.23e+07   2.8 4.63e+00    -  3.42e-01 3.43e-01f  1
iter    objective    inf_pr   inf_du lg(mu)  ||d||  lg(rg) alpha_du alpha_pr  ls
 630  1.0063880e+01 6.89e-01 2.00e+07   2.8 8.88e+00    -  3.41e-01 1.21e-01f  1
 631  1.0107389e+01 4.90e-01 1.60e+07   2.8 5.98e+00    -  4.38e-01 3.15e-01f  1
 632  1.0162620e+01 2.96e-01 1.22e+07   2.8 6.98e+00    -  4.37e-01 4.22e-01f  1
 633  1.0051591e+01 1.34e-01 9.59e+06   2.7 3.62e+00    -  1.00e+00 6.09e-01h  1
 634  1.0260946e+01 2.47e-01 1.27e+07   2.8 3.03e+02    -  5.65e-02 1.66e-02f  3
 635  1.0297734e+01 2.92e-01 1.17e+07   2.6 9.08e+00    -  3.22e-01 3.65e-01h  1
 636  1.0313670e+01 2.88e-01 1.26e+07   2.6 2.40e+01    -  3.84e-01 4.09e-02f  4
 637  1.0369302e+01 2.89e-01 1.48e+07   2.6 1.62e+02    -  5.53e-02 9.55e-03f  4
 638  1.0396437e+01 2.89e-01 1.59e+07   2.6 1.34e+02    -  2.73e-02 5.47e-03f  5
 639  1.0427875e+01 2.89e-01 1.69e+07   2.6 1.37e+02    -  1.41e-01 5.49e-03f  5
iter    objective    inf_pr   inf_du lg(mu)  ||d||  lg(rg) alpha_du alpha_pr  ls
 640  1.0468640e+01 2.89e-01 1.82e+07   2.6 1.24e+02    -  3.36e-02 7.61e-03f  5
 641  1.1262289e+01 5.70e-01 2.90e+07   2.6 1.33e+02    -  5.59e-02 3.63e-02f  2
 642  1.1488142e+01 3.95e-01 1.56e+07   2.6 6.30e+00    -  5.09e-01 8.63e-01h  1
 643  1.1639092e+01 3.24e-01 1.43e+07   2.6 9.71e+00    -  3.14e-01 4.13e-01H  1
 644  1.1686335e+01 5.06e-01 2.04e+07   2.6 9.80e+01    -  7.77e-02 3.10e-02f  2
 645  1.1675198e+01 5.38e-01 2.30e+07   2.6 5.23e+01    -  1.20e-01 3.29e-02f  3
 646  1.1646427e+01 5.55e-01 2.51e+07   2.6 4.36e+01    -  2.50e-01 3.25e-02f  3
 647  1.1596601e+01 5.77e-01 2.75e+07   2.6 3.60e+01    -  1.50e-01 4.50e-02f  3
 648  1.1634190e+01 5.49e-01 2.95e+07   2.6 3.27e+02    -  3.22e-02 1.21e-02f  3
 649  1.1273283e+01 2.85e-01 1.05e+07   2.6 5.40e+00    -  4.51e-01 9.58e-01f  1
iter    objective    inf_pr   inf_du lg(mu)  ||d||  lg(rg) alpha_du alpha_pr  ls
 650  1.1057590e+01 2.55e-01 1.35e+07   2.6 6.43e+00    -  6.25e-01 3.77e-01h  1
 651  1.0856308e+01 1.72e-01 1.24e+07   2.6 3.97e+00    -  4.19e-01 4.61e-01f  1
 652  1.0717982e+01 2.18e-01 1.36e+07   2.6 2.64e+02    -  4.84e-02 1.92e-02f  3
 653  1.0497304e+01 4.29e-01 1.54e+07   2.6 3.74e+01    -  1.76e-01 1.59e-01f  2
 654  1.0364295e+01 4.31e-01 1.68e+07   2.6 8.37e+01    -  3.29e-02 1.77e-02f  3
 655  1.0314536e+01 4.31e-01 1.72e+07   2.6 1.21e+02    -  3.99e-02 4.09e-03h  5
 656  1.0207602e+01 4.33e-01 1.84e+07   2.6 1.71e+02    -  3.57e-02 6.80e-03f  4
 657  9.9399819e+00 4.62e-01 2.15e+07   2.6 1.57e+02    -  1.23e-01 2.04e-02f  3
 658  9.4973972e+00 8.43e-01 2.83e+07   2.8 1.09e+02    -  2.65e-02 6.33e-02f  2
 659  9.4578957e+00 1.03e+00 3.21e+07   2.8 1.43e+02    -  1.18e-01 3.08e-02f  2
iter    objective    inf_pr   inf_du lg(mu)  ||d||  lg(rg) alpha_du alpha_pr  ls
 660  9.1266526e+00 5.01e-01 1.74e+07   2.8 4.37e+00    -  2.01e-02 5.21e-01f  1
 661  8.5913708e+00 7.57e-01 1.90e+07   2.8 2.64e+01    -  2.64e-01 3.24e-01F  1
 662  8.3267356e+00 3.67e-01 1.55e+07   2.8 6.49e+00    -  5.49e-01 6.27e-01f  1
 663  8.2648716e+00 3.25e-01 1.42e+07   2.8 7.62e+00    -  4.34e-01 1.43e-01h  1
 664  8.1901632e+00 2.64e-01 1.21e+07   2.8 5.72e+00    -  6.21e-01 3.50e-01f  1
 665  9.5156700e+00 1.75e+00 1.28e+07   2.8 1.55e+02    -  5.40e-02 5.22e-02f  1
 666  8.8132011e+00 6.76e-01 7.44e+06   2.7 3.10e+00    -  4.29e-01 6.62e-01h  1
 667  8.5249944e+00 1.84e-01 9.12e+06   2.7 2.09e+00    -  4.59e-01 9.98e-01h  1
 668  8.4419986e+00 1.38e-01 7.49e+06   2.8 4.11e+00    -  7.00e-03 2.79e-01f  1
 669  8.2926930e+00 2.10e-01 7.75e+06   2.8 2.44e+02    -  7.22e-02 1.64e-02f  2
iter    objective    inf_pr   inf_du lg(mu)  ||d||  lg(rg) alpha_du alpha_pr  ls
 670  8.1946369e+00 2.58e-01 7.24e+06   2.8 9.86e+00    -  3.58e-01 2.34e-01f  1
 671  8.1307491e+00 3.70e-01 7.89e+06   2.8 7.50e+00    -  7.21e-01 6.88e-01f  1
 672  8.1141290e+00 2.88e-01 9.63e+06   2.8 7.24e+00    -  5.43e-01 3.47e-01f  1
 673  8.5554623e+00 4.49e-01 1.69e+07   2.8 1.46e+02    -  6.24e-02 5.10e-02f  2
 674  8.4913283e+00 3.88e-01 1.89e+07   2.7 7.37e+00    -  4.44e-01 3.33e-01h  1
 675  8.4992542e+00 3.62e-01 1.87e+07   2.7 5.74e+00    -  3.73e-01 6.80e-02h  1
 676  8.5479539e+00 3.63e-01 1.73e+07   2.7 5.26e+00    -  4.07e-01 5.25e-01h  1
 677  8.7611889e+00 4.50e-01 1.79e+07   2.7 1.92e+02    -  8.76e-02 2.53e-02f  3
 678  8.6194982e+00 2.22e-01 8.85e+06   2.7 3.13e+00    -  5.89e-01 5.45e-01h  1
 679  8.5797727e+00 1.68e-01 6.02e+06   2.7 3.69e+00    -  5.47e-03 5.06e-01f  1
iter    objective    inf_pr   inf_du lg(mu)  ||d||  lg(rg) alpha_du alpha_pr  ls
 680  8.5281179e+00 9.93e-02 4.28e+06   2.7 4.87e+00    -  2.80e-01 4.09e-01f  1
 681  8.5527255e+00 7.69e-02 4.06e+06   2.8 2.23e+00    -  1.00e+00 1.00e+00f  1
 682  8.4789499e+00 1.90e-01 6.48e+06   2.8 5.63e+00    -  5.91e-01 4.78e-01h  1
 683  8.5778095e+00 2.35e-01 5.30e+06   2.8 1.70e+02    -  8.84e-02 1.25e-02f  2
 684  8.5782149e+00 2.02e-01 5.93e+06   2.7 3.24e+00    -  9.23e-01 1.51e-01h  1
 685  8.5794868e+00 1.56e-01 6.63e+06   2.7 3.22e+00    -  1.00e+00 5.08e-01h  1
 686  8.4328329e+00 5.27e-02 2.97e+06   2.7 2.66e+00    -  3.00e-01 5.97e-01F  1
 687  9.1310010e+00 2.02e-01 1.21e+07   2.8 8.72e+01    -  1.16e-01 5.94e-02f  2
 688  8.6472398e+00 1.29e-01 4.58e+06   2.6 2.96e+00    -  2.30e-01 9.68e-01h  1
 689  8.4981055e+00 1.53e-01 3.73e+06   2.6 8.77e+00    -  3.98e-01 1.95e-01f  1
iter    objective    inf_pr   inf_du lg(mu)  ||d||  lg(rg) alpha_du alpha_pr  ls
 690  8.5369410e+00 4.63e-02 2.61e+06   1.9 1.69e+00    -  2.71e-01 8.38e-01h  1
 691  8.6831226e+00 6.78e-02 3.16e+06   1.9 2.08e+00    -  5.28e-01 7.40e-01h  1
 692  8.7273267e+00 3.87e-02 3.67e+06   1.9 1.51e+00    -  5.19e-01 7.49e-01h  1
 693  8.8519167e+00 7.59e-01 7.42e+06   2.8 1.96e+02    -  1.12e-01 3.03e-02f  1
 694  8.4780527e+00 2.43e-01 8.27e+06   2.2 3.55e+00    -  3.80e-01 1.00e+00f  1
 695  8.4649067e+00 1.17e-01 1.98e+06   2.2 1.74e+00    -  8.11e-01 5.71e-01h  1
 696  8.4922074e+00 8.81e-02 1.37e+06   2.2 2.19e+00    -  1.00e+00 3.66e-01f  1
 697  8.5740279e+00 7.21e-02 2.95e+06   2.0 1.80e+00    -  1.00e+00 1.00e+00h  1
 698  8.5849417e+00 9.42e-03 4.53e+06   1.4 5.21e-01    -  1.00e+00 1.00e+00h  1
 699  9.2322400e+00 8.22e-01 1.50e+07   2.8 1.89e+02    -  1.66e-02 3.49e-02f  1
iter    objective    inf_pr   inf_du lg(mu)  ||d||  lg(rg) alpha_du alpha_pr  ls
 700  8.8914075e+00 4.95e-01 5.61e+06   1.5 4.87e+00    -  8.78e-01 6.11e-01h  1
 701  8.7372305e+00 2.59e-01 2.66e+06   1.5 2.45e+00    -  1.00e+00 5.62e-01h  1
 702  8.6136015e+00 1.74e-01 7.16e+05   1.5 2.73e+00    -  5.94e-01 4.21e-01h  1
 703  8.4971087e+00 9.96e-02 1.68e+06   1.5 1.59e+00    -  1.00e+00 5.00e-01h  1
 704  8.3600857e+00 1.53e-02 1.99e+06   1.5 7.39e-01    -  1.00e+00 1.00e+00h  1
 705  8.3275732e+00 8.79e-03 1.69e+06   0.7 6.35e-01    -  1.00e+00 6.54e-01h  1
 706  9.4986807e+00 1.23e+00 1.89e+07   2.8 2.58e+02    -  1.94e-02 3.11e-02f  1
 707  8.8848494e+00 7.85e-01 3.80e+06   1.1 6.32e+00    -  1.00e+00 8.61e-01h  1
 708  8.4931699e+00 1.11e-01 2.77e+06   1.1 2.54e+00    -  1.00e+00 9.93e-01h  1
 709  8.4009015e+00 5.32e-02 1.27e+06   1.1 8.90e-01    -  8.21e-01 5.43e-01h  1
iter    objective    inf_pr   inf_du lg(mu)  ||d||  lg(rg) alpha_du alpha_pr  ls
 710  8.3151894e+00 8.76e-03 8.40e+05   1.1 4.70e-01    -  1.00e+00 1.00e+00f  1
 711  8.3144675e+00 8.86e-03 4.97e+05   0.7 2.24e-01    -  1.00e+00 9.13e-01h  1
 712  8.3248179e+00 9.11e-03 4.41e+05   0.3 4.29e-01    -  8.99e-01 7.60e-01H  1
 713  8.3327724e+00 9.16e-03 4.17e+05   0.2 1.37e-01    -  1.00e+00 1.00e+00h  1
 714  8.3284590e+00 9.12e-03 4.76e+05   0.7 1.40e-01    -  1.00e+00 1.00e+00f  1
 715r 8.3284590e+00 9.12e-03 1.00e+03   0.6 0.00e+00    -  0.00e+00 4.82e-07R 16
 716r 8.3459314e+00 1.09e-02 6.75e+01  -0.0 2.88e-01    -  9.58e-01 9.43e-01f  1
 717r 8.2598353e+00 3.57e-02 4.32e+02  -0.4 1.09e+00    -  3.89e-01 1.00e+00f  1
 718r 8.2562608e+00 3.85e-02 2.48e+02  -0.1 1.39e+00    -  1.00e+00 1.00e+00f  1
 719r 8.2910932e+00 4.39e-02 1.22e+02  -0.5 6.10e-01    -  1.00e+00 9.95e-01f  1
iter    objective    inf_pr   inf_du lg(mu)  ||d||  lg(rg) alpha_du alpha_pr  ls
 720r 8.2945994e+00 4.97e-02 7.53e+01  -1.0 5.46e-01    -  1.00e+00 1.00e+00f  1
 721r 8.3268069e+00 5.00e-02 2.40e+02  -1.8 7.89e-01    -  1.00e+00 9.01e-01f  1
 722r 8.2874350e+00 4.95e-02 1.10e+02  -2.3 4.17e-01    -  1.00e+00 9.38e-01f  1
 723r 8.3023755e+00 4.94e-02 1.38e+02  -2.5 3.92e-01    -  1.00e+00 8.67e-01f  1
 724r 8.2965913e+00 4.95e-02 1.65e+01  -3.3 5.08e-02    -  1.00e+00 9.24e-01f  1
 725r 8.2841596e+00 4.94e-02 2.76e+01  -3.6 3.17e-01    -  1.00e+00 3.81e-01f  1
 726r 8.2628321e+00 4.93e-02 6.37e+01  -3.5 3.88e-01    -  1.00e+00 3.82e-01f  1
 727r 8.2007358e+00 4.90e-02 1.63e+02  -2.3 8.98e-01    -  1.00e+00 4.11e-01f  1
 728r 8.1714735e+00 4.87e-02 2.67e+02  -2.7 5.41e-01    -  1.00e+00 8.87e-01h  1
 729r 8.1968480e+00 4.88e-02 5.59e+01  -2.7 2.51e-01    -  9.41e-01 1.00e+00h  1
iter    objective    inf_pr   inf_du lg(mu)  ||d||  lg(rg) alpha_du alpha_pr  ls
 730r 8.1841518e+00 4.89e-02 2.18e+01  -2.7 1.08e-01    -  1.00e+00 1.00e+00h  1
 731r 8.1797008e+00 4.89e-02 5.52e+01  -2.7 1.39e-01    -  1.00e+00 1.00e+00h  1
 732r 8.1788984e+00 4.88e-02 6.47e+01  -2.7 2.49e-01    -  1.00e+00 1.00e+00h  1
 733r 8.1809808e+00 4.88e-02 1.78e+01  -2.7 8.68e-02    -  1.00e+00 1.00e+00h  1
 734r 8.1748772e+00 4.88e-02 1.69e+01  -3.6 1.04e-01    -  1.00e+00 9.02e-01f  1
 735r 8.1655713e+00 4.87e-02 7.13e+01  -3.8 5.71e-01    -  1.00e+00 4.00e-01f  1
 736r 8.1459127e+00 4.86e-02 1.12e+02  -3.3 4.51e-01    -  1.00e+00 4.20e-01h  1
 737r 8.1535986e+00 4.86e-02 2.83e+01  -3.4 1.45e-01    -  7.40e-01 1.00e+00h  1
 738r 8.1518429e+00 4.86e-02 2.32e+01  -3.9 7.24e-02    -  1.00e+00 1.00e+00f  1
 739r 8.1439038e+00 4.86e-02 4.55e+01  -3.3 1.85e-01    -  1.00e+00 7.43e-01f  1
iter    objective    inf_pr   inf_du lg(mu)  ||d||  lg(rg) alpha_du alpha_pr  ls
 740r 8.1709965e+00 4.87e-02 2.94e+01  -3.5 2.12e-01    -  6.02e-01 1.00e+00h  1
 741r 8.1566991e+00 4.86e-02 4.53e+01  -3.5 1.26e-01    -  9.62e-01 1.00e+00h  1
 742r 8.1567794e+00 4.86e-02 9.82e+00  -3.5 1.07e-01    -  1.00e+00 1.00e+00h  1
 743r 8.1580151e+00 4.86e-02 1.00e+01  -3.5 2.25e-02    -  1.00e+00 1.00e+00h  1
 744r 8.1579738e+00 4.86e-02 6.10e+00  -4.0 3.02e-02    -  1.00e+00 1.00e+00f  1
 745r 8.1490108e+00 4.86e-02 2.50e+01  -4.0 2.40e-01    -  1.00e+00 4.70e-01h  1
 746r 8.1464007e+00 4.85e-02 8.98e+01  -3.7 2.75e-01    -  1.00e+00 1.00e+00f  1
 747r 8.1560397e+00 4.86e-02 2.84e+01  -3.8 2.88e-01    -  3.94e-01 1.00e+00h  1
 748r 8.1652794e+00 4.86e-02 4.08e+01  -3.8 1.21e-01    -  1.00e+00 1.00e+00h  1
 749r 8.1553334e+00 4.86e-02 5.70e+00  -3.8 7.38e-02    -  1.00e+00 1.00e+00h  1
iter    objective    inf_pr   inf_du lg(mu)  ||d||  lg(rg) alpha_du alpha_pr  ls
 750r 8.1554528e+00 4.86e-02 2.46e+00  -3.8 8.67e-03    -  1.00e+00 1.00e+00h  1
 751r 8.1554571e+00 4.86e-02 4.44e+00  -4.0 1.40e-02    -  1.00e+00 1.00e+00f  1
 752r 8.1529797e+00 4.86e-02 4.11e+01  -4.0 1.34e-01    -  1.00e+00 1.00e+00h  1
 753r 8.1552797e+00 4.85e-02 6.44e+01  -4.0 1.49e-01    -  1.00e+00 5.28e-01h  1
 754r 8.1581283e+00 4.86e-02 1.77e+01  -4.0 1.13e-01    -  1.00e+00 1.00e+00h  1
 755r 8.1595143e+00 4.86e-02 4.26e+01  -4.0 1.01e-01    -  1.00e+00 1.00e+00h  1
 756r 8.1572504e+00 4.86e-02 1.11e+01  -4.0 1.03e-01    -  1.00e+00 1.00e+00h  1
 757r 8.1595218e+00 4.86e-02 2.86e+01  -4.0 5.03e-02    -  1.00e+00 1.00e+00h  1
 758r 8.1578733e+00 4.86e-02 5.32e+00  -4.0 4.31e-02    -  1.00e+00 1.00e+00h  1
 759r 8.1577725e+00 4.86e-02 1.54e+00  -4.0 7.20e-03    -  1.00e+00 1.00e+00h  1
iter    objective    inf_pr   inf_du lg(mu)  ||d||  lg(rg) alpha_du alpha_pr  ls
 760r 8.1584911e+00 4.86e-02 4.54e+00  -4.0 1.05e-02    -  1.00e+00 1.00e+00h  1
 761r 8.1578952e+00 4.86e-02 3.24e+00  -4.1 5.22e-03    -  1.00e+00 1.00e+00h  1
 762r 8.1575430e+00 4.86e-02 4.70e+00  -4.0 3.61e-02    -  1.00e+00 1.00e+00f  1
 763r 8.1594484e+00 4.86e-02 1.79e+01  -4.1 3.88e-02    -  1.00e+00 1.00e+00h  1
 764r 8.1578961e+00 4.86e-02 6.71e+00  -4.0 4.58e-02    -  1.00e+00 1.00e+00h  1
 765r 8.1592354e+00 4.86e-02 9.91e+00  -4.1 5.94e-02    -  1.00e+00 1.00e+00h  1
 766r 8.1570495e+00 4.86e-02 9.07e+00  -4.1 7.27e-02    -  1.00e+00 1.00e+00h  1
 767r 8.1600789e+00 4.85e-02 8.05e+01  -4.0 1.31e-01    -  1.00e+00 1.00e+00h  1
 768r 8.1610216e+00 4.86e-02 2.98e+01  -4.1 2.12e-01    -  6.19e-01 1.00e+00h  1
 769r 8.1600599e+00 4.86e-02 1.96e+01  -4.0 1.14e-01    -  1.00e+00 1.00e+00h  1
iter    objective    inf_pr   inf_du lg(mu)  ||d||  lg(rg) alpha_du alpha_pr  ls
 770r 8.1568107e+00 4.86e-02 1.11e+01  -4.1 5.34e-02    -  1.00e+00 1.00e+00h  1
 771r 8.1580224e+00 4.86e-02 5.41e+00  -4.0 1.65e-02    -  1.00e+00 1.00e+00h  1
 772r 8.1595572e+00 4.86e-02 7.26e+00  -4.1 5.20e-02    -  1.00e+00 1.00e+00h  1
 773r 8.1566804e+00 4.86e-02 1.44e+01  -4.1 6.60e-02    -  1.00e+00 1.00e+00h  1
 774r 8.1569075e+00 4.86e-02 2.57e+01  -4.1 5.66e-02    -  1.00e+00 1.00e+00h  1
 775r 8.1577906e+00 4.86e-02 1.16e+01  -4.1 6.27e-02    -  1.00e+00 1.00e+00H  1
 776r 8.1621200e+00 4.86e-02 2.00e+01  -4.0 5.17e-02    -  1.00e+00 1.00e+00f  1
 777r 8.1599587e+00 4.86e-02 3.49e+00  -4.1 2.70e-02    -  1.00e+00 1.00e+00h  1
 778r 8.1580650e+00 4.86e-02 4.25e+00  -4.0 4.13e-02    -  1.00e+00 1.00e+00h  1
 779r 8.1590175e+00 4.86e-02 2.79e+01  -4.1 8.99e-02    -  1.00e+00 1.00e+00h  1
iter    objective    inf_pr   inf_du lg(mu)  ||d||  lg(rg) alpha_du alpha_pr  ls
 780r 8.1581305e+00 4.86e-02 3.79e+00  -4.1 8.10e-02    -  1.00e+00 1.00e+00h  1
 781r 8.1571378e+00 4.86e-02 1.50e+01  -4.1 4.56e-02    -  1.00e+00 1.00e+00h  1
 782r 8.1581814e+00 4.86e-02 1.04e+00  -4.0 3.58e-02    -  1.00e+00 1.00e+00h  1
 783r 8.1595870e+00 4.86e-02 3.59e+00  -4.1 4.77e-02    -  1.00e+00 1.00e+00h  1
 784r 8.1562352e+00 4.86e-02 8.16e+00  -4.1 4.76e-02    -  1.00e+00 1.00e+00h  1
 785r 8.1600328e+00 4.85e-02 4.25e+01  -4.1 1.00e-01    -  1.00e+00 1.00e+00h  1
 786r 8.1589449e+00 4.86e-02 1.23e+01  -4.1 9.92e-02    -  1.00e+00 1.00e+00h  1
 787r 8.1603606e+00 4.86e-02 1.88e+01  -4.1 1.34e-01    -  1.00e+00 2.99e-01h  2
 788r 8.1588372e+00 4.86e-02 5.87e+00  -4.1 3.57e-02    -  1.00e+00 1.00e+00h  1
 789r 8.1573680e+00 4.86e-02 2.04e+01  -4.1 5.22e-02    -  1.00e+00 1.00e+00h  1
iter    objective    inf_pr   inf_du lg(mu)  ||d||  lg(rg) alpha_du alpha_pr  ls
 790r 8.1588670e+00 4.86e-02 3.64e+00  -4.1 4.71e-02    -  1.00e+00 1.00e+00h  1
 791r 8.1619809e+00 4.86e-02 2.76e+01  -4.1 9.20e-02    -  1.00e+00 1.00e+00H  1
 792r 8.1590676e+00 4.86e-02 1.19e+01  -4.1 9.36e-02    -  1.00e+00 1.00e+00h  1
 793r 8.1554559e+00 4.86e-02 1.27e+01  -4.1 3.10e-02    -  1.00e+00 1.00e+00h  1
 794r 8.1586516e+00 4.86e-02 1.49e+00  -4.0 2.68e-02    -  1.00e+00 1.00e+00h  1
 795r 8.1603456e+00 4.86e-02 5.76e+00  -4.1 4.46e-02    -  1.00e+00 1.00e+00h  1
 796r 8.1589358e+00 4.86e-02 7.34e+00  -4.1 3.82e-02    -  1.00e+00 1.00e+00h  1
 797r 8.1564163e+00 4.86e-02 1.75e+01  -4.1 4.60e-02    -  1.00e+00 1.00e+00h  1
 798r 8.1589678e+00 4.86e-02 5.27e+00  -4.1 3.92e-02    -  1.00e+00 1.00e+00h  1
 799r 8.1608823e+00 4.86e-02 2.31e+01  -4.1 5.68e-02    -  1.00e+00 1.00e+00H  1
iter    objective    inf_pr   inf_du lg(mu)  ||d||  lg(rg) alpha_du alpha_pr  ls
 800r 8.1581999e+00 4.86e-02 4.69e+00  -4.1 5.81e-02    -  1.00e+00 1.00e+00H  1
 801r 8.1581840e+00 4.86e-02 1.19e+01  -4.0 2.39e-02    -  1.00e+00 1.00e+00f  1
 802r 8.1614283e+00 4.86e-02 1.14e+01  -4.1 7.62e-02    -  1.00e+00 1.00e+00h  1
 803r 8.1561828e+00 4.86e-02 8.19e+00  -4.1 5.15e-02    -  1.00e+00 1.00e+00h  1
 804r 8.1575684e+00 4.85e-02 3.02e+01  -4.1 9.22e-02    -  1.00e+00 1.00e+00h  1
 805r 8.1584586e+00 4.86e-02 8.02e+00  -4.1 7.40e-02    -  1.00e+00 1.00e+00h  1
 806r 8.1672453e+00 4.86e-02 5.26e+01  -4.1 1.57e-01    -  1.00e+00 1.00e+00h  1
 807r 8.1582171e+00 4.86e-02 1.32e+01  -4.1 1.60e-01    -  1.00e+00 1.00e+00h  1
 808r 8.1543054e+00 4.85e-02 4.36e+01  -4.0 1.53e-01    -  1.00e+00 1.00e+00h  1
 809r 8.1624020e+00 4.86e-02 1.85e+01  -4.1 1.43e-01    -  1.00e+00 1.00e+00h  1
iter    objective    inf_pr   inf_du lg(mu)  ||d||  lg(rg) alpha_du alpha_pr  ls
 810r 8.1581694e+00 4.86e-02 1.08e+01  -4.0 7.26e-02    -  1.00e+00 1.00e+00h  1
 811r 8.1575961e+00 4.86e-02 1.67e+01  -4.1 5.49e-02    -  1.00e+00 1.00e+00h  1
 812r 8.1583433e+00 4.86e-02 3.27e+00  -4.1 4.47e-02    -  1.00e+00 1.00e+00h  1
 813r 8.1581951e+00 4.86e-02 2.32e+00  -4.0 8.21e-03    -  1.00e+00 1.00e+00h  1
 814r 8.1606567e+00 4.86e-02 4.75e+00  -4.1 4.08e-02    -  1.00e+00 1.00e+00h  1
 815r 8.1586477e+00 4.86e-02 2.49e+00  -4.1 3.65e-02    -  1.00e+00 1.00e+00h  1
 816r 8.1582942e+00 4.86e-02 1.73e+01  -4.1 4.57e-02    -  1.00e+00 1.00e+00h  1
 817r 8.1591682e+00 4.86e-02 3.56e+00  -4.1 4.15e-02    -  1.00e+00 1.00e+00h  1
 818r 8.1583058e+00 4.86e-02 1.78e+00  -4.1 7.46e-03    -  1.00e+00 1.00e+00h  1
 819r 8.1587159e+00 4.86e-02 1.40e+00  -4.1 4.83e-03    -  1.00e+00 1.00e+00h  1
iter    objective    inf_pr   inf_du lg(mu)  ||d||  lg(rg) alpha_du alpha_pr  ls
 820r 8.1587156e+00 4.86e-02 8.45e-01  -4.1 2.02e-03    -  1.00e+00 1.00e+00h  1
 821r 8.1586605e+00 4.86e-02 8.93e-01  -4.0 2.46e-03    -  1.00e+00 1.00e+00f  1
 822r 8.1608538e+00 4.86e-02 1.89e+01  -4.1 5.44e-02    -  1.00e+00 1.00e+00f  1
 823r 8.1588415e+00 4.86e-02 3.67e+00  -4.1 4.55e-02    -  1.00e+00 1.00e+00h  1
 824r 8.1586749e+00 4.86e-02 2.37e+01  -4.1 6.32e-02    -  1.00e+00 1.00e+00h  1
 825r 8.1583643e+00 4.86e-02 3.37e+00  -4.1 5.41e-02    -  1.00e+00 1.00e+00h  1
 826r 8.1621847e+00 4.86e-02 1.16e+01  -4.1 3.24e-02    -  1.00e+00 1.00e+00h  1
 827r 8.1585992e+00 4.86e-02 3.20e+00  -4.1 3.23e-02    -  1.00e+00 1.00e+00h  1
 828r 8.1587817e+00 4.86e-02 2.16e+00  -4.0 7.64e-03    -  1.00e+00 1.00e+00h  1
 829r 8.1619703e+00 4.86e-02 1.91e+01  -4.1 8.17e-02    -  1.00e+00 1.00e+00h  1
iter    objective    inf_pr   inf_du lg(mu)  ||d||  lg(rg) alpha_du alpha_pr  ls
 830r 8.1585929e+00 4.86e-02 4.99e+00  -4.1 7.26e-02    -  1.00e+00 1.00e+00h  1
 831r 8.1568021e+00 4.86e-02 2.27e+01  -4.1 7.35e-02    -  1.00e+00 1.00e+00h  1
 832r 8.1592916e+00 4.86e-02 5.52e+00  -4.1 7.42e-02    -  1.00e+00 1.00e+00h  1
 833r 8.1583203e+00 4.86e-02 1.69e+00  -4.0 1.24e-02    -  1.00e+00 1.00e+00h  1
 834r 8.1622077e+00 4.86e-02 2.97e+01  -4.1 9.75e-02    -  1.00e+00 1.00e+00h  1
 835r 8.1584919e+00 4.86e-02 2.75e+00  -4.1 8.40e-02    -  1.00e+00 1.00e+00h  1
 836r 8.1593128e+00 4.86e-02 2.36e+01  -4.1 7.45e-02    -  1.00e+00 1.00e+00h  1
 837r 8.1590431e+00 4.86e-02 7.44e+00  -4.1 6.81e-02    -  1.00e+00 1.00e+00h  1
 838r 8.1582743e+00 4.86e-02 4.56e+00  -4.0 1.88e-02    -  1.00e+00 1.00e+00h  1
 839r 8.1650517e+00 4.86e-02 2.65e+01  -4.1 1.12e-01    -  1.00e+00 1.00e+00h  1
iter    objective    inf_pr   inf_du lg(mu)  ||d||  lg(rg) alpha_du alpha_pr  ls
 840r 8.1571784e+00 4.86e-02 1.25e+01  -4.1 6.72e-02    -  1.00e+00 1.00e+00h  1
 841r 8.1560369e+00 4.85e-02 4.03e+01  -4.1 1.55e-01    -  1.00e+00 1.00e+00h  1
 842r 8.1597505e+00 4.86e-02 9.51e+00  -4.1 9.58e-02    -  1.00e+00 1.00e+00h  1
 843r 8.1638532e+00 4.86e-02 4.48e+01  -4.1 1.26e-01    -  8.37e-01 1.00e+00H  1
 844r 8.1570721e+00 4.86e-02 1.42e+01  -4.1 1.35e-01    -  1.00e+00 1.00e+00h  1
 845r 8.1597806e+00 4.86e-02 2.71e+01  -4.0 7.49e-02    -  1.00e+00 1.00e+00h  1
 846r 8.1618620e+00 4.86e-02 8.06e+00  -4.1 8.04e-02    -  1.00e+00 1.00e+00h  1
 847r 8.1570173e+00 4.86e-02 1.13e+01  -4.1 6.22e-02    -  1.00e+00 1.00e+00h  1
 848r 8.1615302e+00 4.86e-02 4.76e+01  -4.1 1.31e-01    -  1.00e+00 1.00e+00H  1
 849r 8.1611309e+00 4.86e-02 1.43e+01  -4.1 1.43e-01    -  1.00e+00 1.00e+00f  1
iter    objective    inf_pr   inf_du lg(mu)  ||d||  lg(rg) alpha_du alpha_pr  ls
 850r 8.1585828e+00 4.86e-02 1.08e+01  -4.0 4.21e-02    -  1.00e+00 1.00e+00h  1
 851r 8.1612001e+00 4.86e-02 7.83e+00  -4.1 4.80e-02    -  1.00e+00 1.00e+00h  1
 852r 8.1586630e+00 4.86e-02 1.40e+01  -4.1 5.96e-02    -  1.00e+00 1.00e+00H  1
 853r 8.1527480e+00 4.85e-02 3.65e+01  -4.1 9.77e-02    -  1.00e+00 1.00e+00h  1
 854r 8.1588768e+00 4.86e-02 1.42e+01  -4.1 1.25e-01    -  1.00e+00 1.00e+00h  1
 855r 8.1637486e+00 4.86e-02 1.38e+01  -4.1 5.97e-02    -  1.00e+00 1.00e+00h  1
 856r 8.1592791e+00 4.86e-02 1.62e+00  -4.1 4.52e-02    -  1.00e+00 1.00e+00h  1
 857r 8.1590803e+00 4.86e-02 9.94e-01  -4.0 3.42e-03    -  1.00e+00 1.00e+00h  1
 858r 8.1625454e+00 4.86e-02 1.14e+01  -4.1 5.98e-02    -  1.00e+00 1.00e+00f  1
 859r 8.1584356e+00 4.86e-02 7.85e+00  -4.1 3.69e-02    -  1.00e+00 1.00e+00h  1
iter    objective    inf_pr   inf_du lg(mu)  ||d||  lg(rg) alpha_du alpha_pr  ls
 860r 8.1577887e+00 4.85e-02 3.09e+01  -4.1 9.51e-02    -  1.00e+00 1.00e+00h  1
 861r 8.1599960e+00 4.86e-02 6.54e+00  -4.1 7.56e-02    -  1.00e+00 1.00e+00h  1
 862r 8.1603313e+00 4.86e-02 4.56e+01  -4.1 1.11e-01    -  1.00e+00 1.00e+00h  1
 863r 8.1578711e+00 4.85e-02 1.64e+01  -4.1 1.16e-01    -  1.00e+00 1.00e+00h  1
 864r 8.1582360e+00 4.86e-02 7.85e+00  -4.0 2.71e-02    -  1.00e+00 1.00e+00h  1
 865r 8.1635644e+00 4.86e-02 1.56e+01  -4.1 9.28e-02    -  1.00e+00 1.00e+00h  1
 866r 8.1588353e+00 4.86e-02 6.86e+00  -4.1 7.49e-02    -  1.00e+00 1.00e+00h  1
 867r 8.1563748e+00 4.86e-02 1.34e+01  -4.1 4.75e-02    -  1.00e+00 1.00e+00h  1
 868r 8.1589142e+00 4.86e-02 2.02e+00  -4.1 3.46e-02    -  1.00e+00 1.00e+00h  1
 869r 8.1585098e+00 4.86e-02 1.20e+00  -4.1 4.87e-03    -  1.00e+00 1.00e+00h  1
iter    objective    inf_pr   inf_du lg(mu)  ||d||  lg(rg) alpha_du alpha_pr  ls
 870r 8.1587367e+00 4.86e-02 2.23e+00  -4.1 6.40e-03    -  1.00e+00 1.00e+00h  1
 871r 8.1587107e+00 4.86e-02 5.89e-01  -4.1 4.31e-03    -  1.00e+00 1.00e+00h  1
 872r 8.1590251e+00 4.86e-02 2.23e+00  -4.0 7.11e-03    -  1.00e+00 1.00e+00f  1
 873r 8.1612522e+00 4.86e-02 1.38e+01  -4.1 5.32e-02    -  1.00e+00 1.00e+00h  1
 874r 8.1586890e+00 4.86e-02 2.77e+00  -4.1 5.40e-02    -  1.00e+00 1.00e+00h  1
 875r 8.1594315e+00 4.86e-02 1.32e+01  -4.1 4.06e-02    -  1.00e+00 1.00e+00h  1
 876r 8.1587897e+00 4.86e-02 1.61e+00  -4.1 3.43e-02    -  1.00e+00 1.00e+00h  1
 877r 8.1585371e+00 4.86e-02 1.61e+00  -4.0 5.67e-03    -  1.00e+00 1.00e+00h  1
 878r 8.1629142e+00 4.86e-02 1.71e+01  -4.1 6.98e-02    -  1.00e+00 1.00e+00h  1
 879r 8.1584105e+00 4.86e-02 5.03e+00  -4.1 5.50e-02    -  1.00e+00 1.00e+00h  1
iter    objective    inf_pr   inf_du lg(mu)  ||d||  lg(rg) alpha_du alpha_pr  ls
 880r 8.1588373e+00 4.85e-02 4.12e+01  -4.1 1.17e-01    -  1.00e+00 1.00e+00h  1
 881r 8.1599691e+00 4.86e-02 1.04e+01  -4.1 1.11e-01    -  1.00e+00 1.00e+00h  1
 882r 8.1606216e+00 4.86e-02 1.53e+01  -4.1 4.70e-02    -  1.00e+00 1.00e+00h  1
 883r 8.1591228e+00 4.86e-02 3.13e+00  -4.1 3.68e-02    -  1.00e+00 1.00e+00h  1
 884r 8.1589975e+00 4.86e-02 1.13e+00  -4.1 4.31e-03    -  1.00e+00 1.00e+00h  1
 885r 8.1590625e+00 4.86e-02 8.87e-01  -4.1 1.70e-03    -  1.00e+00 1.00e+00h  1
 886r 8.1587754e+00 4.86e-02 1.58e+00  -4.0 3.87e-03    -  1.00e+00 1.00e+00f  1
 887r 8.1640781e+00 4.86e-02 2.25e+01  -4.1 7.18e-02    -  1.00e+00 1.00e+00f  1
 888r 8.1593779e+00 4.86e-02 4.14e+00  -4.1 6.30e-02    -  1.00e+00 1.00e+00h  1
 889r 8.1579736e+00 4.86e-02 1.23e+01  -4.1 2.31e-02    -  1.00e+00 1.00e+00h  1
iter    objective    inf_pr   inf_du lg(mu)  ||d||  lg(rg) alpha_du alpha_pr  ls
 890r 8.1588211e+00 4.86e-02 2.23e+00  -4.1 1.98e-02    -  1.00e+00 1.00e+00h  1
 891r 8.1586003e+00 4.86e-02 2.71e+00  -4.1 5.67e-03    -  1.00e+00 1.00e+00h  1
 892r 8.1585712e+00 4.86e-02 1.61e-01  -4.1 2.77e-03    -  1.00e+00 1.00e+00h  1
 893r 8.1586056e+00 4.86e-02 2.17e-01  -4.1 6.55e-04    -  1.00e+00 1.00e+00h  1
 894r 8.1584428e+00 4.86e-02 4.16e+00  -4.0 7.23e-03    -  1.00e+00 1.00e+00f  1
 895r 8.1617734e+00 4.86e-02 1.87e+01  -4.1 7.79e-02    -  1.00e+00 1.00e+00h  1
 896r 8.1595444e+00 4.86e-02 1.19e+01  -4.1 4.72e-02    -  1.00e+00 1.00e+00h  1
 897r 8.1585847e+00 4.86e-02 2.77e+01  -4.1 7.11e-02    -  1.00e+00 1.00e+00H  1
 898r 8.1578946e+00 4.86e-02 1.86e+01  -4.1 4.65e-02    -  1.00e+00 1.00e+00h  1
 899r 8.1582926e+00 4.86e-02 5.53e+00  -4.1 5.08e-02    -  1.00e+00 1.00e+00h  1
iter    objective    inf_pr   inf_du lg(mu)  ||d||  lg(rg) alpha_du alpha_pr  ls
 900r 8.1596429e+00 4.86e-02 3.52e+00  -4.1 1.03e-02    -  1.00e+00 1.00e+00h  1
 901r 8.1586388e+00 4.86e-02 8.28e-01  -4.1 7.16e-03    -  1.00e+00 1.00e+00h  1
 902r 8.1586753e+00 4.86e-02 2.58e-01  -4.1 4.66e-04    -  1.00e+00 1.00e+00h  1
 903r 8.1587900e+00 4.86e-02 1.66e+00  -4.0 3.93e-03    -  1.00e+00 1.00e+00f  1
 904r 8.1609547e+00 4.86e-02 1.47e+01  -4.1 4.72e-02    -  1.00e+00 1.00e+00f  1
 905r 8.1592301e+00 4.86e-02 6.10e+00  -4.1 3.19e-02    -  1.00e+00 1.00e+00h  1
 906r 8.1575740e+00 4.86e-02 1.33e+01  -4.1 3.70e-02    -  1.00e+00 1.00e+00H  1
 907r 8.1596402e+00 4.86e-02 7.97e+00  -4.0 2.19e-02    -  1.00e+00 1.00e+00f  1
 908r 8.1611689e+00 4.86e-02 1.04e+01  -4.1 6.29e-02    -  1.00e+00 1.00e+00h  1
 909r 8.1556256e+00 4.86e-02 1.30e+01  -4.1 4.96e-02    -  1.00e+00 1.00e+00h  1
iter    objective    inf_pr   inf_du lg(mu)  ||d||  lg(rg) alpha_du alpha_pr  ls
 910r 8.1557538e+00 4.85e-02 3.35e+01  -4.1 1.09e-01    -  1.00e+00 1.00e+00h  1
 911r 8.1599248e+00 4.86e-02 9.43e+00  -4.1 1.05e-01    -  1.00e+00 1.00e+00h  1
 912r 8.1622707e+00 4.86e-02 2.45e+01  -4.1 4.69e-02    -  1.00e+00 1.00e+00h  1
 913r 8.1583868e+00 4.86e-02 5.12e+00  -4.1 5.47e-02    -  1.00e+00 1.00e+00h  1
 914r 8.1587711e+00 4.86e-02 8.21e-01  -4.1 8.91e-03    -  1.00e+00 1.00e+00h  1
 915r 8.1593504e+00 4.86e-02 2.83e+00  -4.1 9.81e-03    -  1.00e+00 1.00e+00h  1
 916r 8.1587887e+00 4.86e-02 9.11e-01  -4.1 8.87e-03    -  1.00e+00 1.00e+00H  1
 917r 8.1585932e+00 4.86e-02 1.31e+00  -4.0 3.57e-03    -  1.00e+00 1.00e+00f  1
 918r 8.1626472e+00 4.86e-02 8.77e+00  -4.1 5.20e-02    -  1.00e+00 1.00e+00f  1
 919r 8.1586485e+00 4.86e-02 2.64e+00  -4.1 4.61e-02    -  1.00e+00 1.00e+00h  1
iter    objective    inf_pr   inf_du lg(mu)  ||d||  lg(rg) alpha_du alpha_pr  ls
 920r 8.1600657e+00 4.86e-02 2.11e+01  -4.1 5.75e-02    -  1.00e+00 1.00e+00h  1
 921r 8.1594951e+00 4.86e-02 4.54e+00  -4.1 5.45e-02    -  1.00e+00 1.00e+00h  1
 922r 8.1587809e+00 4.86e-02 1.72e+00  -4.1 1.25e-02    -  1.00e+00 1.00e+00h  1
 923r 8.1586540e+00 4.86e-02 2.57e+00  -4.1 4.69e-03    -  1.00e+00 1.00e+00h  1
 924r 8.1588083e+00 4.86e-02 6.76e-01  -4.1 4.74e-03    -  1.00e+00 1.00e+00h  1
 925r 8.1588250e+00 4.86e-02 4.28e-01  -4.1 1.47e-03    -  1.00e+00 1.00e+00h  1
 926r 8.1587684e+00 4.86e-02 6.29e-01  -4.1 9.65e-04    -  1.00e+00 1.00e+00h  1
 927r 8.1588781e+00 4.86e-02 4.02e-01  -4.1 1.32e-03    -  1.00e+00 1.00e+00h  1
 928r 8.1588738e+00 4.86e-02 1.98e-01  -4.1 6.41e-04    -  1.00e+00 1.00e+00h  1
 929r 8.1588754e+00 4.86e-02 1.42e-01  -4.1 5.78e-04    -  1.00e+00 1.00e+00h  1
iter    objective    inf_pr   inf_du lg(mu)  ||d||  lg(rg) alpha_du alpha_pr  ls
 930r 8.1588791e+00 4.86e-02 1.91e-01  -4.1 2.92e-04    -  1.00e+00 1.00e+00h  1
 931r 8.1589706e+00 4.86e-02 8.06e-01  -4.1 1.12e-03    -  1.00e+00 1.00e+00H  1
 932r 8.1589561e+00 4.86e-02 2.87e+00  -4.0 5.34e-03    -  1.00e+00 1.00e+00f  1
 933r 8.1581051e+00 4.86e-02 6.14e+01  -4.1 1.72e-01    -  1.00e+00 1.00e+00h  1
 934r 8.1652139e+00 4.86e-02 3.58e+01  -4.1 1.03e-01    -  1.00e+00 1.00e+00h  1
 935r 8.1612988e+00 4.85e-02 5.43e+01  -4.1 1.71e-01    -  1.00e+00 1.00e+00h  1
 936r 8.1542331e+00 4.86e-02 6.10e+01  -4.1 1.12e-01    -  1.00e+00 1.00e+00h  1
 937r 8.1598364e+00 4.85e-02 3.91e+00  -4.1 1.10e-01    -  1.00e+00 1.00e+00h  1
 938r 8.1597165e+00 4.86e-02 8.93e-01  -4.0 5.55e-03    -  1.00e+00 1.00e+00h  1
 939r 8.1591768e+00 4.86e-02 2.87e+01  -4.1 8.35e-02    -  1.00e+00 1.00e+00h  1
iter    objective    inf_pr   inf_du lg(mu)  ||d||  lg(rg) alpha_du alpha_pr  ls
 940r 8.1554895e+00 4.86e-02 1.92e+01  -4.1 5.15e-02    -  1.00e+00 1.00e+00h  1
 941r 8.1570899e+00 4.85e-02 6.37e+01  -4.1 1.39e-01    -  1.00e+00 1.00e+00h  1
 942r 8.1605626e+00 4.86e-02 1.14e+01  -4.1 1.13e-01    -  1.00e+00 1.00e+00h  1
 943r 8.1566898e+00 4.86e-02 5.19e+01  -4.1 1.48e-01    -  1.00e+00 7.32e-01h  1
 944r 8.1575334e+00 4.86e-02 2.03e+01  -4.1 1.25e-01    -  1.00e+00 5.00e-01f  2
 945r 8.1550416e+00 4.86e-02 6.23e+01  -4.1 1.41e-01    -  1.00e+00 1.00e+00H  1
 946r 8.1614700e+00 4.85e-02 8.04e+00  -4.1 8.10e-02    -  1.00e+00 1.00e+00f  1
 947r 8.1582579e+00 4.86e-02 1.28e+01  -4.1 3.58e-02    -  1.00e+00 1.00e+00h  1
 948r 8.1596619e+00 4.86e-02 4.24e+00  -4.1 1.66e-02    -  1.00e+00 1.00e+00h  1
 949r 8.1594882e+00 4.86e-02 3.16e+00  -4.1 8.48e-03    -  1.00e+00 1.00e+00h  1
iter    objective    inf_pr   inf_du lg(mu)  ||d||  lg(rg) alpha_du alpha_pr  ls
 950r 8.1593859e+00 4.86e-02 6.93e-01  -4.1 5.36e-03    -  1.00e+00 1.00e+00h  1
 951r 8.1592398e+00 4.86e-02 1.04e+00  -4.1 2.30e-03    -  1.00e+00 1.00e+00h  1
 952r 8.1588531e+00 4.86e-02 1.57e+00  -4.1 3.48e-03    -  1.00e+00 1.00e+00h  1
 953r 8.1588439e+00 4.86e-02 8.03e-01  -4.1 1.92e-03    -  1.00e+00 1.00e+00h  1
 954r 8.1590053e+00 4.86e-02 3.47e-01  -4.1 1.18e-03    -  1.00e+00 1.00e+00H  1
 955r 8.1587960e+00 4.86e-02 9.14e-01  -4.0 2.20e-03    -  1.00e+00 1.00e+00f  1
 956r 8.1618995e+00 4.86e-02 1.57e+01  -4.1 4.44e-02    -  1.00e+00 1.00e+00f  1
 957r 8.1583120e+00 4.86e-02 7.98e+00  -4.1 3.28e-02    -  1.00e+00 1.00e+00h  1
 958r 8.1584078e+00 4.86e-02 1.57e+01  -4.1 4.96e-02    -  1.00e+00 1.00e+00h  1
 959r 8.1583293e+00 4.86e-02 6.09e+00  -4.1 3.18e-02    -  1.00e+00 1.00e+00h  1
iter    objective    inf_pr   inf_du lg(mu)  ||d||  lg(rg) alpha_du alpha_pr  ls
 960r 8.1598233e+00 4.86e-02 8.50e+00  -4.1 2.51e-02    -  1.00e+00 1.00e+00h  1
 961r 8.1583549e+00 4.86e-02 2.05e+00  -4.1 1.87e-02    -  1.00e+00 1.00e+00h  1
 962r 8.1589890e+00 4.86e-02 5.55e+00  -4.1 1.19e-02    -  1.00e+00 1.00e+00h  1
 963r 8.1587378e+00 4.86e-02 6.33e-01  -4.1 1.04e-02    -  1.00e+00 1.00e+00h  1
 964r 8.1586997e+00 4.86e-02 2.64e-01  -4.1 1.13e-03    -  1.00e+00 1.00e+00h  1
 965r 8.1587678e+00 4.86e-02 1.03e+00  -4.1 2.11e-03    -  1.00e+00 1.00e+00h  1
 966r 8.1591914e+00 4.86e-02 2.93e+00  -4.1 4.79e-03    -  1.00e+00 1.00e+00h  1
 967r 8.1591568e+00 4.86e-02 9.28e-01  -4.1 2.88e-03    -  1.00e+00 1.00e+00h  1
 968r 8.1589130e+00 4.86e-02 7.22e-01  -4.1 3.05e-03    -  1.00e+00 1.00e+00H  1
 969r 8.1590101e+00 4.86e-02 5.86e-01  -4.1 1.63e-03    -  1.00e+00 1.00e+00h  1
iter    objective    inf_pr   inf_du lg(mu)  ||d||  lg(rg) alpha_du alpha_pr  ls
 970r 8.1589776e+00 4.86e-02 2.44e-01  -4.1 1.71e-03    -  1.00e+00 1.00e+00h  1
 971r 8.1589358e+00 4.86e-02 2.16e-01  -4.1 8.97e-04    -  1.00e+00 1.00e+00h  1
 972r 8.1588059e+00 4.86e-02 9.61e-01  -4.1 1.63e-03    -  1.00e+00 1.00e+00h  1
 973r 8.1589623e+00 4.86e-02 2.00e-01  -4.1 1.77e-03    -  1.00e+00 1.00e+00H  1
 974r 8.1591283e+00 4.86e-02 2.59e+00  -4.1 5.13e-03    -  1.00e+00 1.00e+00H  1
 975r 8.1587812e+00 4.86e-02 1.63e+00  -4.0 6.14e-03    -  1.00e+00 1.00e+00f  1
 976r 8.1574825e+00 4.86e-02 4.14e+01  -4.1 1.04e-01    -  1.00e+00 1.00e+00h  1
 977r 8.1517650e+00 4.86e-02 3.57e+01  -4.1 5.42e-02    -  1.00e+00 1.00e+00h  1
 978r 8.1608133e+00 4.86e-02 2.01e+01  -4.1 9.86e-02    -  1.00e+00 1.00e+00h  1
 979r 8.1630849e+00 4.86e-02 2.88e+01  -4.1 6.81e-02    -  1.00e+00 1.00e+00h  1
iter    objective    inf_pr   inf_du lg(mu)  ||d||  lg(rg) alpha_du alpha_pr  ls
 980r 8.1592634e+00 4.86e-02 1.44e+01  -4.1 7.50e-02    -  1.00e+00 1.00e+00h  1
 981r 8.1588025e+00 4.86e-02 4.53e+00  -4.1 1.69e-02    -  1.00e+00 1.00e+00h  1
 982r 8.1594027e+00 4.86e-02 2.20e+00  -4.1 8.50e-03    -  1.00e+00 1.00e+00h  1
 983r 8.1592631e+00 4.86e-02 5.78e-01  -4.1 2.17e-03    -  1.00e+00 1.00e+00h  1
 984r 8.1589075e+00 4.86e-02 1.16e+00  -4.1 3.40e-03    -  1.00e+00 1.00e+00h  1
 985r 8.1586331e+00 4.86e-02 1.05e+00  -4.1 2.14e-03    -  1.00e+00 1.00e+00h  1
 986r 8.1588818e+00 4.86e-02 1.36e-01  -4.1 1.28e-03    -  1.00e+00 1.00e+00h  1
 987r 8.1588383e+00 4.86e-02 1.84e-01  -4.1 4.90e-04    -  1.00e+00 1.00e+00h  1
 988r 8.1588490e+00 4.86e-02 5.45e-02  -4.1 3.85e-04    -  1.00e+00 1.00e+00h  1
 989r 8.1588540e+00 4.86e-02 4.71e-02  -4.1 9.81e-05    -  1.00e+00 1.00e+00h  1
iter    objective    inf_pr   inf_du lg(mu)  ||d||  lg(rg) alpha_du alpha_pr  ls
 990r 8.1588911e+00 4.86e-02 2.58e-01  -4.1 8.32e-04    -  1.00e+00 1.00e+00h  1
 991r 8.1589013e+00 4.86e-02 4.35e-01  -4.1 6.54e-04    -  1.00e+00 1.00e+00h  1
 992r 8.1589164e+00 4.86e-02 1.05e-01  -4.1 5.90e-04    -  1.00e+00 1.00e+00h  1
 993r 8.1588913e+00 4.86e-02 1.61e-01  -4.1 4.98e-04    -  1.00e+00 1.00e+00h  1
 994r 8.1589145e+00 4.86e-02 9.04e-02  -4.1 4.77e-04    -  1.00e+00 1.00e+00h  1
 995r 8.1589162e+00 4.86e-02 9.33e-02  -4.1 1.55e-04    -  1.00e+00 1.00e+00h  1
 996r 8.1589346e+00 4.86e-02 1.90e-01  -4.1 3.75e-04    -  1.00e+00 1.00e+00h  1
 997r 8.1589754e+00 4.86e-02 2.26e-01  -4.1 3.30e-04    -  1.00e+00 1.00e+00h  1
 998r 8.1589520e+00 4.86e-02 5.23e-02  -4.1 2.44e-04    -  1.00e+00 1.00e+00h  1
 999r 8.1589557e+00 4.86e-02 7.45e-02  -4.1 1.57e-04    -  1.00e+00 1.00e+00H  1
iter    objective    inf_pr   inf_du lg(mu)  ||d||  lg(rg) alpha_du alpha_pr  ls
1000r 8.1589603e+00 4.86e-02 4.18e-02  -4.1 1.99e-04    -  1.00e+00 1.00e+00H  1

Number of Iterations....: 1000

                                   (scaled)                 (unscaled)
Objective...............:   8.1589602817488860e+00    8.1589602817488860e+00
Dual infeasibility......:   5.9600237227520086e-02    5.9600237227520086e-02
Constraint violation....:   4.8562571807566783e-02    4.8562571807566783e-02
Variable bound violation:   0.0000000000000000e+00    0.0000000000000000e+00
Complementarity.........:   8.0002690117197801e-05    8.0002690117197801e-05
Overall NLP error.......:   5.9600237227520086e-02    5.9600237227520086e-02


Number of objective function evaluations             = 3099
Number of objective gradient evaluations             = 717
Number of equality constraint evaluations            = 3099
Number of inequality constraint evaluations          = 3099
Number of equality constraint Jacobian evaluations   = 1002
Number of inequality constraint Jacobian evaluations = 1002
Number of Lagrangian Hessian evaluations             = 0
Total seconds in IPOPT                               = 2518.122

EXIT: Maximum Number of Iterations Exceeded.
