This is Ipopt version 3.14.19, running with linear solver MUMPS 5.8.2.

Number of nonzeros in equality constraint Jacobian...:   350253
Number of nonzeros in inequality constraint Jacobian.:     1472
Number of nonzeros in Lagrangian Hessian.............:        0

Total number of variables............................:     1175
                     variables with only lower bounds:        0
                variables with lower and upper bounds:      248
                     variables with only upper bounds:        0
Total number of equality constraints.................:     1134
Total number of inequality constraints...............:      169
        inequality constraints with only lower bounds:        0
   inequality constraints with lower and upper bounds:        0
        inequality constraints with only upper bounds:      169

iter    objective    inf_pr   inf_du lg(mu)  ||d||  lg(rg) alpha_du alpha_pr  ls
   0  7.2306327e-02 7.53e+00 1.00e+00   0.0 0.00e+00    -  0.00e+00 0.00e+00   0
   1  7.2225045e-02 7.46e+00 1.77e+01  -0.4 1.25e+01    -  1.24e-01 9.01e-03h  1
   2  7.2169235e-02 7.44e+00 4.63e+03   0.1 1.24e+01    -  7.65e-01 3.10e-03h  1
   3  9.1083052e-02 7.27e+00 5.48e+03   2.1 1.02e+02    -  2.47e-02 1.32e-02h  1
   4  3.3157007e-01 7.03e+00 5.46e+04   2.6 1.64e+02    -  2.88e-01 2.13e-02f  1
   5  5.6959317e-01 6.87e+00 5.64e+04   2.9 1.39e+02    -  2.42e-02 1.82e-02h  1
   6  7.8338770e-01 6.75e+00 9.56e+04   2.9 1.60e+02    -  5.26e-02 1.34e-02h  1
   7  1.2189406e+00 6.54e+00 1.00e+05   2.8 1.68e+02    -  2.90e-02 2.37e-02h  1
   8  1.4753241e+00 6.44e+00 1.13e+05   2.9 1.87e+02    -  3.13e-02 1.50e-02h  1
   9  1.9180894e+00 6.29e+00 1.16e+05   1.8 1.46e+02    -  2.98e-02 2.11e-02h  1
iter    objective    inf_pr   inf_du lg(mu)  ||d||  lg(rg) alpha_du alpha_pr  ls
  10  2.2893115e+00 6.19e+00 1.46e+05   2.9 1.81e+02    -  3.65e-02 1.47e-02h  1
  11  2.5586573e+00 6.09e+00 1.68e+05  -3.7 1.48e+02    -  2.37e-02 1.38e-02h  1
  12  2.6246676e+00 6.07e+00 2.38e+05  -3.7 1.83e+02    -  7.42e-03 3.49e-03h  1
  13  2.8988331e+00 5.98e+00 1.91e+05   2.9 2.28e+02    -  3.12e-03 1.22e-02h  1
  14  3.0348249e+00 5.91e+00 2.22e+05   2.1 1.51e+02    -  3.04e-02 1.14e-02h  1
  15  3.2373511e+00 5.81e+00 2.80e+05   2.0 1.81e+02    -  1.74e-02 1.63e-02h  1
  16  3.2631825e+00 5.78e+00 2.92e+05   1.2 1.33e+02    -  2.51e-02 4.93e-03h  1
  17  3.2926511e+00 5.75e+00 3.08e+05   2.9 1.50e+02    -  8.37e-03 5.75e-03f  1
  18  3.5017198e+00 5.55e+00 4.71e+05   2.3 1.18e+02    -  1.67e-02 2.94e-02h  1
  19  3.6729637e+00 5.42e+00 6.18e+05   2.9 1.10e+02    -  1.21e-02 1.88e-02h  1
iter    objective    inf_pr   inf_du lg(mu)  ||d||  lg(rg) alpha_du alpha_pr  ls
  20  3.7117842e+00 5.37e+00 6.87e+05  -3.7 1.01e+02    -  2.60e-02 8.00e-03h  1
  21  3.7615831e+00 5.35e+00 7.46e+05   2.9 1.67e+02    -  1.03e-02 4.15e-03h  1
  22  4.0514936e+00 5.16e+00 1.06e+06   2.9 1.43e+02    -  1.80e-02 2.66e-02f  1
  23  4.5537231e+00 4.91e+00 1.29e+06   2.9 1.72e+02    -  1.93e-02 2.98e-02f  1
  24  4.7697047e+00 4.78e+00 1.62e+06   2.9 1.86e+02    -  2.14e-02 2.15e-02h  1
  25  4.9230192e+00 4.64e+00 1.82e+06   2.8 1.46e+02    -  3.00e-02 2.76e-02h  1
  26  4.8204264e+00 4.53e+00 1.93e+06   2.9 1.40e+02    -  3.64e-02 2.22e-02h  1
  27  4.7775209e+00 4.51e+00 1.94e+06   2.9 1.38e+02    -  9.44e-03 4.25e-03h  1
  28  4.6703080e+00 4.44e+00 1.97e+06   2.9 1.36e+02    -  1.08e-02 1.56e-02f  1
  29  4.5710327e+00 4.34e+00 1.82e+06   2.9 1.34e+02    -  1.16e-02 2.17e-02f  1
iter    objective    inf_pr   inf_du lg(mu)  ||d||  lg(rg) alpha_du alpha_pr  ls
  30  4.4876473e+00 4.26e+00 1.88e+06   2.9 1.19e+02    -  1.09e-02 1.63e-02h  1
  31  4.4237149e+00 4.23e+00 1.91e+06   2.1 1.50e+02    -  2.41e-02 7.25e-03h  1
  32  4.2919207e+00 4.14e+00 2.06e+06   2.9 1.56e+02    -  6.50e-03 2.14e-02f  1
  33  4.2051899e+00 4.09e+00 2.11e+06   2.9 1.85e+02    -  2.16e-02 1.04e-02h  1
  34  4.1091978e+00 4.00e+00 2.22e+06   2.9 2.02e+02    -  4.48e-02 2.31e-02h  1
  35  4.0176097e+00 3.93e+00 2.29e+06   2.9 1.45e+02    -  5.71e-03 1.99e-02h  1
  36  3.9391467e+00 3.94e+00 2.42e+06   2.9 1.37e+02    -  2.11e-02 1.69e-02h  1
  37  4.0465935e+00 4.02e+00 2.75e+06   2.9 1.61e+02    -  3.02e-02 3.22e-02h  1
  38  4.0500931e+00 3.99e+00 3.09e+06   2.9 1.11e+02    -  9.05e-03 2.21e-02f  1
  39  4.1659362e+00 3.90e+00 3.44e+06   2.9 1.00e+02    -  3.67e-02 2.72e-02f  1
iter    objective    inf_pr   inf_du lg(mu)  ||d||  lg(rg) alpha_du alpha_pr  ls
  40  4.3021531e+00 3.83e+00 3.79e+06   2.9 1.21e+02    -  3.91e-02 2.66e-02h  1
  41  4.3931496e+00 3.78e+00 3.97e+06   2.9 1.38e+02    -  3.52e-02 1.52e-02f  1
  42  4.7497792e+00 3.66e+00 4.31e+06   2.3 1.79e+02    -  1.65e-02 3.50e-02h  1
  43  4.8318593e+00 3.62e+00 4.38e+06   2.9 2.01e+02    -  1.48e-02 1.23e-02f  1
  44  5.3516469e+00 3.52e+00 4.67e+06   2.9 1.38e+02    -  1.84e-02 4.81e-02f  1
  45  5.5604733e+00 3.47e+00 4.76e+06  -3.5 1.22e+02    -  1.97e-02 1.67e-02h  1
  46  5.7022767e+00 3.45e+00 4.78e+06   2.4 1.47e+02    -  8.05e-03 6.49e-03h  1
  47  6.6252719e+00 3.35e+00 4.79e+06   2.9 1.31e+02    -  1.06e-02 3.58e-02f  1
  48  6.9323697e+00 3.29e+00 4.78e+06   2.9 1.45e+02    -  1.94e-02 1.59e-02h  1
  49  7.5975292e+00 3.25e+00 4.75e+06   1.0 1.22e+02    -  3.21e-02 2.94e-02h  1
iter    objective    inf_pr   inf_du lg(mu)  ||d||  lg(rg) alpha_du alpha_pr  ls
  50  8.5217206e+00 3.16e+00 4.77e+06   2.9 1.33e+02    -  1.82e-02 3.56e-02f  1
  51  8.7017027e+00 3.12e+00 4.75e+06   2.9 1.11e+02    -  2.79e-02 1.18e-02h  1
  52  9.1995239e+00 2.96e+00 4.75e+06   2.1 1.13e+02    -  6.84e-02 3.76e-02h  1
  53  9.4195349e+00 2.87e+00 4.72e+06   2.9 1.06e+02    -  6.56e-03 2.77e-02f  1
  54  9.5197371e+00 2.82e+00 4.69e+06   2.9 9.61e+01    -  1.61e-02 1.57e-02f  1
  55  9.5699501e+00 2.78e+00 4.68e+06   2.9 1.00e+02    -  3.27e-02 1.48e-02f  1
  56  9.4664619e+00 2.55e+00 4.78e+06   2.9 1.12e+02    -  2.90e-02 5.66e-02f  1
  57  9.2537446e+00 3.26e+00 4.81e+06   2.9 1.16e+02    -  1.64e-02 6.26e-02f  1
  58  8.9663046e+00 3.33e+00 4.67e+06   2.9 8.05e+01    -  6.03e-02 4.44e-02f  1
  59  9.9800901e+00 5.73e+00 4.44e+06   2.9 1.28e+02    -  4.80e-02 1.26e-01f  1
iter    objective    inf_pr   inf_du lg(mu)  ||d||  lg(rg) alpha_du alpha_pr  ls
  60  9.3732634e+00 5.54e+00 4.07e+06   2.5 9.45e+01    -  5.96e-02 7.38e-02h  1
  61  9.2398714e+00 5.47e+00 4.05e+06   2.5 9.77e+01    -  2.45e-02 1.69e-02h  1
  62  8.9836615e+00 5.38e+00 4.10e+06   2.5 9.52e+01    -  3.69e-02 5.08e-02h  1
  63  8.9256998e+00 5.25e+00 4.15e+06   2.5 7.68e+01    -  1.99e-02 2.16e-02h  1
  64  8.8944711e+00 4.88e+00 4.80e+06   2.5 8.14e+01    -  2.86e-02 6.09e-02f  1
  65  8.7574715e+00 4.62e+00 4.87e+06   2.5 6.81e+01    -  4.26e-02 5.10e-02h  1
  66  8.5916914e+00 4.42e+00 4.82e+06   2.5 5.27e+01    -  2.20e-02 4.85e-02h  1
  67  8.3082982e+00 4.20e+00 4.84e+06   2.5 6.12e+01    -  2.17e-02 7.56e-02h  1
  68  7.8670376e+00 3.90e+00 5.36e+06   2.9 9.34e+01    -  1.47e-01 7.46e-02f  1
  69  7.7986157e+00 3.73e+00 5.12e+06   2.9 6.52e+01    -  1.24e-01 6.73e-02f  1
iter    objective    inf_pr   inf_du lg(mu)  ||d||  lg(rg) alpha_du alpha_pr  ls
  70  8.1437391e+00 3.43e+00 5.64e+06   2.9 6.91e+01    -  1.04e-01 1.03e-01f  1
  71  1.1003910e+01 4.27e+00 5.11e+06   2.9 9.88e+01    -  9.76e-02 1.87e-01f  1
  72  1.1727690e+01 3.98e+00 3.79e+06   2.6 4.35e+01    -  6.44e-02 1.42e-01h  1
  73  1.2810517e+01 3.92e+00 3.43e+06   2.6 8.48e+01    -  6.94e-02 1.00e-01f  1
  74  1.3930596e+01 3.80e+00 3.61e+06   2.6 6.46e+01    -  1.32e-01 1.25e-01f  1
  75  1.5733513e+01 4.72e+00 4.32e+06   2.9 4.64e+01    -  8.99e-02 2.91e-01f  1
  76  1.7018401e+01 4.33e+00 4.67e+06   2.6 8.43e+01    -  7.97e-02 1.23e-01f  2
  77  1.6707386e+01 3.61e+00 5.16e+06   2.9 2.74e+01    -  8.97e-02 1.61e-01f  1
  78  1.6699715e+01 3.50e+00 6.26e+06   2.9 3.12e+01    -  8.90e-02 4.32e-01f  1
  79  1.6352576e+01 3.08e+00 7.09e+06   2.9 2.60e+01    -  2.70e-01 1.26e-01f  1
iter    objective    inf_pr   inf_du lg(mu)  ||d||  lg(rg) alpha_du alpha_pr  ls
  80  1.5944588e+01 3.53e+00 8.62e+06   2.9 2.73e+01    -  2.30e-01 4.44e-01f  1
  81  1.6505607e+01 3.61e+00 8.62e+06   2.9 6.94e+01    -  1.56e-01 1.07e-01f  1
  82  1.6767935e+01 3.46e+00 8.44e+06   2.7 5.40e+01    -  1.33e-01 7.61e-02f  1
  83  1.8905139e+01 6.17e+00 1.24e+07   2.9 4.21e+01    -  9.43e-02 3.51e-01f  1
  84  1.9701751e+01 3.33e+00 9.88e+06   2.7 2.12e+01    -  1.85e-01 4.89e-01f  1
  85  2.0337212e+01 2.66e+00 7.56e+06   2.9 2.15e+01    -  2.23e-01 4.14e-01f  1
  86  1.9960627e+01 1.87e+00 4.96e+06   2.9 1.30e+01    -  3.90e-01 7.41e-01f  1
  87  2.0452901e+01 2.14e+00 5.35e+06   2.9 3.03e+01    -  5.60e-01 3.16e-01f  1
  88  2.0210907e+01 1.57e+00 2.81e+06   2.7 1.16e+01    -  4.62e-01 1.00e+00f  1
  89  1.9684327e+01 1.21e+00 1.85e+06   2.7 8.69e+00    -  7.56e-01 1.00e+00f  1
iter    objective    inf_pr   inf_du lg(mu)  ||d||  lg(rg) alpha_du alpha_pr  ls
  90  1.9417110e+01 4.57e-01 2.34e+06   2.9 4.70e+00    -  8.32e-01 1.00e+00f  1
  91  1.8976768e+01 1.85e-01 1.69e+06   2.5 3.28e+00    -  1.00e+00 1.00e+00h  1
  92  1.8293349e+01 5.88e-02 1.43e+06   2.1 3.76e+00    -  9.02e-01 1.00e+00H  1
  93  1.8134443e+01 3.87e-01 1.58e+06   2.3 3.68e+00    -  1.00e+00 1.00e+00f  1
  94  1.7984844e+01 7.74e-01 2.93e+06   2.4 4.41e+00    -  1.00e+00 1.00e+00f  1
  95  1.7573694e+01 1.89e-01 1.06e+06   1.9 3.09e+00    -  1.00e+00 1.00e+00h  1
  96  1.6981188e+01 9.97e-02 9.63e+05   1.3 2.89e+00    -  1.00e+00 1.00e+00h  1
  97  1.6807037e+01 3.29e-02 7.33e+05   1.3 1.47e+00    -  1.00e+00 1.00e+00f  1
  98  1.6868393e+01 2.48e-02 4.21e+05   1.4 1.37e+00    -  1.00e+00 1.00e+00f  1
  99  1.6767063e+01 6.56e-03 1.72e+05   0.3 7.73e-01    -  1.00e+00 1.00e+00h  1
iter    objective    inf_pr   inf_du lg(mu)  ||d||  lg(rg) alpha_du alpha_pr  ls
 100  1.6721015e+01 2.47e-03 1.77e+05   1.2 4.07e-01    -  1.00e+00 1.00e+00f  1
 101  1.6662174e+01 2.60e-03 1.11e+05   0.2 3.98e-01    -  1.00e+00 1.00e+00h  1
 102  1.6484935e+01 6.69e-04 5.07e+05  -0.1 1.22e+00    -  9.44e-01 1.00e+00H  1
 103  1.6604339e+01 9.47e-03 8.91e+04   0.2 8.22e-01    -  1.00e+00 1.00e+00f  1
 104  1.6656363e+01 2.27e-03 1.41e+05   0.1 4.29e-01    -  1.00e+00 1.00e+00f  1
 105  1.6613144e+01 8.86e-04 1.90e+04   0.1 2.41e-01    -  1.00e+00 1.00e+00h  1
 106  1.6604931e+01 2.84e-04 5.89e+04   0.1 1.35e-01    -  1.00e+00 1.00e+00h  1
 107  1.6603563e+01 1.52e-04 4.32e+03  -1.1 9.10e-02    -  1.00e+00 1.00e+00h  1
 108  1.6601796e+01 1.16e-05 3.30e+03  -2.4 5.67e-03    -  1.00e+00 1.00e+00h  1
 109  1.6598106e+01 6.34e-05 1.49e+04  -1.8 4.68e-01    -  1.00e+00 3.28e-02h  3
iter    objective    inf_pr   inf_du lg(mu)  ||d||  lg(rg) alpha_du alpha_pr  ls
 110  1.6594246e+01 1.06e-04 2.66e+04  -1.3 7.30e-01    -  1.00e+00 2.23e-02f  3
 111  1.6526524e+01 4.58e-03 2.65e+05  -1.0 1.27e+00    -  1.00e+00 1.98e-01f  2
 112  1.6517959e+01 4.57e-03 2.94e+05  -1.1 1.37e+00    -  7.81e-01 2.30e-02h  4
 113  1.6499405e+01 4.57e-03 3.42e+05  -1.1 6.77e-01    -  7.33e-01 1.06e-01h  3
 114  1.6493899e+01 4.53e-03 3.67e+05  -1.1 1.78e+00    -  9.61e-01 2.12e-02h  5
 115  1.6492443e+01 4.53e-03 3.73e+05  -1.1 3.80e+01    -  6.72e-02 7.13e-04h  7
 116  1.6492104e+01 4.52e-03 3.75e+05  -1.1 2.84e+00    -  1.00e+00 9.00e-04h  9
 117  1.6465461e+01 2.92e-02 5.03e+05  -1.1 4.08e+00    -  2.84e-01 1.11e-01h  3
 118  1.6274018e+01 2.09e-02 9.01e+05  -0.8 1.49e+00    -  1.00e+00 1.00e+00H  1
 119  1.6374178e+01 2.63e-02 3.80e+05  -0.3 8.76e-01    -  1.00e+00 1.00e+00f  1
iter    objective    inf_pr   inf_du lg(mu)  ||d||  lg(rg) alpha_du alpha_pr  ls
 120  1.6345513e+01 1.05e-02 1.09e+05  -0.4 3.10e-01    -  1.00e+00 6.50e-01h  1
 121  1.6277835e+01 1.74e-02 1.85e+05  -0.8 8.20e-01    -  1.00e+00 1.00e+00H  1
 122  1.6273753e+01 7.55e-03 8.48e+04  -1.4 3.00e-01    -  1.00e+00 5.50e-01h  1
 123  1.6251297e+01 2.20e-03 7.42e+04  -1.9 2.59e-01    -  1.00e+00 1.00e+00h  1
 124  1.6249090e+01 1.84e-03 8.34e+04  -2.2 2.22e-01    -  1.00e+00 1.63e-01h  1
 125  1.6244558e+01 3.28e-04 2.56e+04  -1.7 1.03e-01    -  1.00e+00 1.00e+00f  1
 126  1.6240228e+01 2.25e-04 2.30e+04  -2.9 5.81e-02    -  1.00e+00 4.50e-01h  1
 127  1.6238461e+01 2.20e-04 2.76e+04  -2.6 1.83e-01    -  1.00e+00 6.33e-02h  2
 128  1.6235461e+01 2.29e-04 3.61e+04  -1.9 4.69e-01    -  1.00e+00 3.39e-02h  3
 129  1.6225352e+01 4.08e-04 6.76e+04  -1.6 8.79e-01    -  1.00e+00 6.20e-02f  2
iter    objective    inf_pr   inf_du lg(mu)  ||d||  lg(rg) alpha_du alpha_pr  ls
 130  1.6207232e+01 9.72e-04 1.01e+05  -1.4 4.67e-01    -  1.00e+00 1.97e-01f  2
 131  1.6199688e+01 9.94e-04 1.07e+05  -1.6 6.37e-01    -  1.00e+00 5.91e-02h  3
 132  1.6196559e+01 9.89e-04 1.09e+05  -1.6 6.19e-01    -  1.00e+00 3.09e-02h  4
 133  1.6130182e+01 1.97e-02 3.34e+05  -0.6 1.34e+01    -  4.21e-01 3.92e-02f  2
 134  1.6095772e+01 2.92e-02 4.92e+05  -0.9 5.51e+00    -  6.96e-01 6.88e-02h  2
 135  1.6143917e+01 5.31e-03 1.39e+05  -0.6 2.62e-01    -  5.37e-01 1.00e+00f  1
 136  1.6119200e+01 9.52e-04 9.58e+04  -0.4 1.63e-01    -  1.00e+00 1.00e+00f  1
 137  1.6089309e+01 9.65e-04 3.86e+04  -1.1 2.06e-01    -  1.00e+00 1.00e+00H  1
 138  1.6073280e+01 2.12e-04 5.54e+04  -1.9 1.59e-01    -  1.00e+00 8.90e-01H  1
 139  1.6074779e+01 2.90e-04 3.07e+04  -1.6 1.11e-01    -  1.00e+00 1.00e+00f  1
iter    objective    inf_pr   inf_du lg(mu)  ||d||  lg(rg) alpha_du alpha_pr  ls
 140  1.6073189e+01 5.56e-05 1.50e+04  -1.7 7.50e-02    -  1.00e+00 1.00e+00h  1
 141  1.6066960e+01 6.62e-05 1.05e+04  -3.2 4.76e-02    -  1.00e+00 6.21e-01h  1
 142  1.6059285e+01 1.65e-04 2.32e+04  -4.0 2.47e-01    -  1.00e+00 1.64e-01h  1
 143  1.6044591e+01 6.08e-04 5.67e+04  -4.0 1.15e+00    -  1.00e+00 6.52e-02h  1
 144  1.6017991e+01 3.15e-03 1.06e+05  -4.0 1.10e+00    -  1.00e+00 1.64e-01h  1
 145  1.6010121e+01 3.24e-03 1.19e+05  -4.0 9.98e-01    -  1.00e+00 5.16e-02h  1
 146  1.5990962e+01 4.79e-03 1.48e+05  -4.0 5.10e-01    -  1.00e+00 2.87e-01h  1
 147  1.5979628e+01 5.54e-03 1.84e+05  -3.9 3.06e+00    -  7.21e-01 2.68e-02h  1
 148  1.5948648e+01 1.70e-02 3.03e+05  -1.7 2.04e+00    -  7.16e-01 1.50e-01f  1
 149  1.5944902e+01 1.60e-02 3.01e+05  -4.0 6.12e-01    -  3.37e-01 6.00e-02h  1
iter    objective    inf_pr   inf_du lg(mu)  ||d||  lg(rg) alpha_du alpha_pr  ls
 150  1.5937713e+01 1.08e-02 2.47e+05  -2.9 1.30e-01    -  1.00e+00 3.26e-01h  1
 151  1.5932463e+01 4.53e-03 1.67e+05  -2.3 1.15e-01    -  1.00e+00 5.82e-01h  1
 152  1.5923243e+01 3.43e-03 1.41e+05  -2.1 1.88e-01    -  1.00e+00 3.99e-01h  1
 153  1.5879141e+01 2.24e-02 2.88e+05  -0.4 6.63e+00    -  6.24e-01 5.66e-02f  1
 154  1.5882213e+01 2.12e-02 2.96e+05  -1.1 1.49e+00    -  8.89e-01 5.22e-02h  1
 155  1.5892816e+01 2.83e-04 2.21e+04  -0.7 8.98e-02    -  1.00e+00 1.00e+00f  1
 156  1.5880536e+01 1.20e-04 3.06e+04  -1.1 1.12e-01    -  9.95e-01 1.00e+00H  1
 157  1.5878182e+01 6.29e-05 3.31e+04  -1.9 2.50e-01    -  1.00e+00 7.77e-02h  4
 158  1.5876430e+01 4.16e-05 3.80e+04  -1.6 6.01e-01    -  1.00e+00 2.87e-02h  4
 159r 1.5876430e+01 4.16e-05 1.00e+03  -2.2 0.00e+00    -  0.00e+00 2.88e-07R 22
iter    objective    inf_pr   inf_du lg(mu)  ||d||  lg(rg) alpha_du alpha_pr  ls
 160r 1.5879070e+01 3.51e-05 4.75e+02  -1.6 3.94e-02    -  9.44e-01 2.52e-01f  1
 161  1.5980849e+01 3.16e-03 2.12e+03  -0.3 1.76e+02    -  2.59e-02 2.23e-03f  1
 162  1.6601904e+01 4.50e-01 2.06e+03  -0.3 7.29e+01    -  3.50e-02 6.95e-02f  1
 163  1.6849634e+01 4.36e-01 1.17e+03  -0.3 1.35e+01    -  6.03e-01 1.42e-01f  1
 164  1.7011521e+01 3.42e-01 1.16e+03  -0.3 1.68e+01    -  5.37e-01 2.31e-01f  1
 165  1.6731184e+01 2.36e-01 1.65e+03  -0.3 4.03e+00    -  1.00e+00 1.00e+00f  1
 166  1.6822158e+01 8.08e-02 8.12e+02  -0.3 2.54e+00    -  1.00e+00 1.00e+00h  1
 167  1.6754570e+01 4.21e-02 4.27e+02  -0.3 2.02e+00    -  1.00e+00 5.00e-01h  2
 168  1.6563888e+01 2.63e-02 1.05e+03  -0.3 2.19e+00    -  1.00e+00 5.00e-01h  2
 169  1.6452878e+01 2.01e-02 1.74e+03  -0.3 1.87e+00    -  1.00e+00 5.00e-01h  2
iter    objective    inf_pr   inf_du lg(mu)  ||d||  lg(rg) alpha_du alpha_pr  ls
 170  1.6207417e+01 1.74e-02 4.63e+03  -0.3 1.50e+00    -  1.00e+00 6.85e-01H  1
 171  1.6167000e+01 1.62e-02 2.73e+03  -0.3 1.17e+00    -  1.00e+00 1.00e+00f  1
 172  1.6145429e+01 1.21e-02 1.06e+03  -0.3 1.05e+00    -  1.00e+00 1.00e+00h  1
 173  1.6077769e+01 4.57e-03 1.20e+03  -0.3 6.46e-01    -  1.00e+00 1.00e+00h  1
 174  1.6030348e+01 2.40e-03 1.37e+03  -0.3 5.20e-01    -  1.00e+00 5.00e-01h  2
 175  1.6015375e+01 2.17e-03 1.90e+03  -0.3 8.75e-01    -  1.00e+00 1.25e-01h  4
 176  1.5986734e+01 3.21e-03 1.77e+03  -0.3 1.77e+00    -  1.00e+00 1.25e-01h  4
 177  1.5963419e+01 3.77e-03 2.36e+03  -0.3 2.80e+00    -  1.00e+00 6.25e-02h  5
 178  1.5944726e+01 3.97e-03 2.84e+03  -0.3 4.14e+00    -  1.00e+00 3.12e-02h  6
 179  1.5930591e+01 3.95e-03 3.32e+03  -0.3 9.78e+00    -  1.00e+00 1.56e-02h  7
iter    objective    inf_pr   inf_du lg(mu)  ||d||  lg(rg) alpha_du alpha_pr  ls
 180  1.5912925e+01 3.90e-03 3.87e+03  -0.3 1.10e+01    -  1.00e+00 1.56e-02h  7
 181  1.4882923e+01 2.46e+00 5.02e+04  -0.3 1.30e+01    -  1.00e+00 1.00e+00f  1
 182  1.4008927e+01 1.50e-01 1.95e+04  -1.1 3.51e+00    -  1.00e+00 1.00e+00h  1
 183  1.3586457e+01 4.00e-02 6.48e+03  -1.4 1.73e+00    -  1.00e+00 1.00e+00h  1
 184  1.3067620e+01 1.41e-01 1.68e+03  -1.7 3.15e+00    -  1.00e+00 1.00e+00h  1
 185  1.1364805e+01 1.45e+00 8.23e+02  -1.4 2.41e+01    -  1.00e+00 4.40e-01f  1
 186  1.0826572e+01 3.31e-01 7.82e+02  -1.4 2.84e+00    -  1.00e+00 7.41e-01h  1
 187  1.0672063e+01 1.29e-01 1.76e+02  -1.1 2.18e+00    -  1.00e+00 1.00e+00f  1
 188  1.0353085e+01 6.19e-02 1.04e+02  -1.4 1.54e+00    -  1.00e+00 1.00e+00h  1
 189  9.6914406e+00 1.00e-01 1.59e+02  -1.9 3.72e+00    -  1.00e+00 9.41e-01h  1
iter    objective    inf_pr   inf_du lg(mu)  ||d||  lg(rg) alpha_du alpha_pr  ls
 190  9.3002304e+00 9.30e-02 1.60e+02  -2.3 3.10e+00    -  1.00e+00 6.80e-01h  1
 191  9.1214331e+00 1.42e-01 1.96e+02  -1.8 6.25e+00    -  1.00e+00 3.22e-01h  1
 192  8.9882608e+00 1.62e+00 9.02e+02  -1.4 1.13e+01    -  1.00e+00 5.84e-01f  1
 193  8.7844021e+00 1.45e-01 2.96e+02  -1.6 1.71e+00    -  1.00e+00 1.00e+00h  1
 194  8.7156454e+00 1.10e-01 7.20e+01  -1.7 2.14e+00    -  1.00e+00 1.00e+00h  1
 195  8.5472651e+00 9.96e-02 1.33e+02  -1.9 2.02e+00    -  1.00e+00 9.63e-01h  1
 196  8.1655690e+00 3.95e-01 1.65e+02  -2.1 4.41e+00    -  1.00e+00 9.21e-01h  1
 197  8.0831925e+00 1.94e-01 1.79e+02  -1.9 2.42e+00    -  1.00e+00 1.00e+00h  1
 198  7.9138792e+00 5.99e-02 8.43e+01  -2.2 1.61e+00    -  1.00e+00 7.45e-01h  1
 199  7.9266097e+00 6.40e-02 8.75e+01  -1.9 1.63e+00    -  1.00e+00 1.00e+00h  1
iter    objective    inf_pr   inf_du lg(mu)  ||d||  lg(rg) alpha_du alpha_pr  ls
 200  7.8176288e+00 4.83e-02 1.07e+02  -2.0 1.35e+00    -  1.00e+00 1.00e+00h  1
 201  7.6313700e+00 2.17e-02 1.29e+02  -2.2 1.46e+00    -  1.00e+00 1.00e+00h  1
 202  7.6206694e+00 1.69e-02 1.12e+02  -2.5 9.14e-01    -  1.00e+00 8.38e-01h  1
 203  7.7814323e+00 2.14e-02 3.01e+02  -2.2 1.04e+00    -  1.83e-01 6.43e-01H  1
 204  7.7251264e+00 1.34e-02 2.14e+02  -3.3 7.22e-01    -  1.00e+00 4.16e-01h  1
 205  7.6683810e+00 6.60e-03 9.54e+01  -2.3 7.98e-01    -  1.00e+00 9.39e-01h  1
 206  7.7348693e+00 4.10e-03 3.02e+02  -2.7 6.37e-01    -  7.64e-01 5.81e-01H  1
 207  7.7979264e+00 4.07e-03 1.82e+02  -2.3 4.50e-01    -  1.00e+00 1.00e+00h  1
 208  7.7765767e+00 3.56e-03 1.40e+02  -2.4 3.50e-01    -  1.00e+00 1.00e+00h  1
 209  7.6622409e+00 1.39e-02 2.73e+02  -2.4 8.29e-01    -  1.00e+00 1.00e+00h  1
iter    objective    inf_pr   inf_du lg(mu)  ||d||  lg(rg) alpha_du alpha_pr  ls
 210  7.6072654e+00 3.88e-03 2.10e+02  -2.4 6.29e-01    -  1.00e+00 1.00e+00h  1
 211  7.6136509e+00 2.88e-03 1.07e+02  -3.2 3.82e-01    -  1.00e+00 8.25e-01h  1
 212  7.5793677e+00 3.25e-03 1.36e+02  -3.6 7.55e-01    -  1.00e+00 3.34e-01h  1
 213  7.5425133e+00 1.44e-02 2.78e+02  -2.7 1.13e+00    -  1.00e+00 4.43e-01f  1
 214  7.5596596e+00 1.42e-02 4.20e+02  -1.8 1.11e+01    -  3.58e-01 5.41e-02f  1
 215  7.5690846e+00 3.09e-03 1.31e+02  -2.3 3.95e-01    -  6.55e-01 1.00e+00h  1
 216  7.5103442e+00 5.37e-03 1.18e+02  -3.0 4.11e-01    -  1.00e+00 8.86e-01h  1
 217  7.4079255e+00 3.25e-02 4.02e+02  -2.7 1.14e+00    -  1.00e+00 7.59e-01h  1
 218  7.3445198e+00 3.04e-02 4.95e+02  -3.0 1.73e+00    -  1.00e+00 3.84e-01h  1
 219  7.1945439e+00 4.80e-02 2.68e+02  -2.7 1.42e+00    -  1.00e+00 1.00e+00h  1
iter    objective    inf_pr   inf_du lg(mu)  ||d||  lg(rg) alpha_du alpha_pr  ls
 220  7.1952067e+00 1.00e-02 1.61e+02  -2.7 5.55e-01    -  1.00e+00 9.42e-01h  1
 221  7.2016584e+00 5.56e-03 7.45e+01  -3.4 4.23e-01    -  1.00e+00 4.84e-01h  1
 222  7.2280029e+00 3.00e-03 9.55e+01  -4.0 3.90e-01    -  1.00e+00 4.77e-01h  1
 223  7.2472768e+00 2.29e-03 6.94e+01  -3.7 3.94e-01    -  1.00e+00 4.61e-01h  1
 224  7.2616012e+00 1.41e-03 6.57e+01  -4.0 1.93e-01    -  4.74e-01 3.92e-01h  1
 225  7.2868200e+00 7.56e-04 8.15e+01  -4.0 2.45e-01    -  1.00e+00 6.28e-01h  1
 226  7.3290963e+00 1.85e-03 9.62e+01  -3.0 2.41e-01    -  6.70e-01 1.00e+00h  1
 227  7.3072931e+00 1.66e-03 1.95e+02  -3.3 2.62e-01    -  1.00e+00 9.66e-01h  1
 228  7.2883030e+00 8.80e-04 1.67e+02  -3.3 2.15e-01    -  1.00e+00 7.44e-01f  1
 229  7.3066263e+00 8.68e-04 5.23e+01  -3.0 1.88e-01    -  1.00e+00 1.00e+00f  1
iter    objective    inf_pr   inf_du lg(mu)  ||d||  lg(rg) alpha_du alpha_pr  ls
 230  7.2914540e+00 8.86e-04 1.02e+02  -4.0 2.20e-01    -  1.00e+00 7.71e-01h  1
 231  7.2683571e+00 4.96e-03 3.02e+02  -4.0 1.52e+00    -  5.69e-01 2.65e-01h  1
 232  7.2469598e+00 1.26e-02 5.28e+02  -4.0 2.98e+00    -  1.60e-01 1.89e-01h  1
 233  7.2334231e+00 7.92e-03 5.56e+02  -4.0 6.76e-01    -  7.14e-01 4.12e-01h  1
 234  7.1971599e+00 1.42e-02 6.10e+02  -4.0 1.37e+00    -  6.20e-01 3.60e-01h  1
 235  7.1901830e+00 1.21e-02 4.88e+02  -4.0 8.49e-01    -  3.14e-01 2.49e-01h  1
 236  7.1941718e+00 1.19e-02 5.55e+02  -2.9 1.55e+00    -  3.08e-01 2.40e-01f  1
 237  7.1628821e+00 2.39e-02 4.50e+02  -3.5 2.53e+00    -  7.79e-01 4.00e-01h  1
 238  7.1653469e+00 4.67e-02 2.86e+02  -2.8 9.23e-01    -  2.85e-01 9.48e-01f  1
 239  7.0598360e+00 3.04e-02 1.95e+02  -3.2 1.23e+00    -  9.61e-01 1.00e+00h  1
iter    objective    inf_pr   inf_du lg(mu)  ||d||  lg(rg) alpha_du alpha_pr  ls
 240  7.0872114e+00 1.34e-02 8.88e+01  -2.9 5.98e-01    -  1.00e+00 6.61e-01h  1
 241  7.3432175e+00 3.79e-02 6.01e+02  -2.1 1.17e+00    -  6.47e-01 1.00e+00f  1
 242  7.2726709e+00 8.97e-03 1.74e+02  -2.3 6.45e-01    -  1.00e+00 1.00e+00h  1
 243  7.1796647e+00 8.95e-03 1.82e+02  -2.3 7.31e-01    -  1.00e+00 9.92e-01h  1
 244  7.1728238e+00 4.36e-03 5.75e+01  -2.8 3.49e-01    -  1.00e+00 1.00e+00h  1
 245  7.1724694e+00 3.06e-03 8.80e+01  -3.2 2.98e-01    -  1.00e+00 9.17e-01h  1
 246  7.7031141e+00 2.95e-01 2.20e+03  -1.8 2.88e+00    -  5.92e-01 1.00e+00f  1
 247  7.6268672e+00 2.27e-01 1.66e+03  -2.1 1.33e+00    -  1.00e+00 2.43e-01h  1
 248  7.3805848e+00 2.42e-02 4.63e+02  -2.1 1.37e+00    -  1.00e+00 1.00e+00h  1
 249  7.3192319e+00 9.68e-03 1.10e+02  -2.1 5.60e-01    -  1.00e+00 1.00e+00h  1
iter    objective    inf_pr   inf_du lg(mu)  ||d||  lg(rg) alpha_du alpha_pr  ls
 250  7.3943109e+00 5.60e-03 1.36e+02  -2.1 6.01e-01    -  1.00e+00 1.00e+00h  1
 251  7.3803282e+00 3.92e-03 1.20e+02  -2.1 3.42e-01    -  1.00e+00 1.00e+00h  1
 252  7.3914991e+00 2.05e-03 1.02e+02  -2.1 2.71e-01    -  1.00e+00 1.00e+00h  1
 253  7.4186381e+00 1.35e-03 1.12e+02  -2.1 2.32e-01    -  1.00e+00 1.00e+00h  1
 254  7.4197363e+00 6.55e-04 1.01e+02  -2.1 1.85e-01    -  1.00e+00 1.00e+00h  1
 255  7.4363773e+00 5.63e-04 1.15e+02  -2.1 1.31e-01    -  1.00e+00 1.00e+00h  1
 256  7.3825323e+00 8.25e-04 3.59e+01  -3.2 1.86e-01    -  1.00e+00 1.00e+00h  1
 257  7.2412788e+00 1.01e-02 2.60e+02  -3.3 1.22e+00    -  1.00e+00 4.26e-01h  1
 258  7.2265318e+00 5.65e-03 2.10e+02  -3.3 3.47e-01    -  1.00e+00 4.53e-01h  1
 259  7.2237300e+00 7.53e-04 5.84e+01  -3.3 1.90e-01    -  9.36e-01 1.00e+00h  1
iter    objective    inf_pr   inf_du lg(mu)  ||d||  lg(rg) alpha_du alpha_pr  ls
 260  7.2207064e+00 4.24e-04 7.74e+01  -4.0 1.38e-01    -  9.58e-01 5.77e-01h  1
 261  7.2326269e+00 2.58e-04 1.16e+02  -3.6 1.30e-01    -  6.40e-01 9.17e-01H  1
 262  7.2179612e+00 1.40e-04 4.78e+01  -4.0 1.08e-01    -  1.00e+00 1.00e+00h  1
 263  7.2198096e+00 9.74e-05 4.71e+01  -4.0 7.00e-02    -  1.00e+00 8.16e-01h  1
 264  7.2230981e+00 3.19e-05 3.73e+01  -4.0 3.61e-02    -  1.00e+00 1.00e+00h  1
 265  7.2205694e+00 1.61e-04 4.82e+01  -4.0 1.12e-01    -  1.00e+00 6.26e-01h  1
 266  7.2105725e+00 2.13e-03 1.91e+02  -4.1 1.72e+00    -  2.86e-01 1.41e-01h  1
 267  7.2085545e+00 3.01e-04 1.78e+02  -3.8 1.33e-01    -  1.00e+00 1.00e+00f  1
 268  7.2074090e+00 4.61e-04 1.32e+02  -4.0 1.40e-01    -  1.00e+00 7.64e-01h  1
 269  7.1985633e+00 2.89e-03 3.14e+02  -4.0 4.02e-01    -  9.89e-01 5.37e-01h  1
iter    objective    inf_pr   inf_du lg(mu)  ||d||  lg(rg) alpha_du alpha_pr  ls
 270  7.1831547e+00 1.13e-02 7.11e+02  -3.7 7.69e-01    -  1.00e+00 4.74e-01h  1
 271  7.1768643e+00 1.02e-02 7.79e+02  -3.8 6.50e-01    -  7.72e-01 1.45e-01h  1
 272  7.1592591e+00 6.17e-03 5.13e+02  -3.8 4.41e-01    -  6.74e-01 3.94e-01h  1
 273  7.1830093e+00 6.68e-04 7.59e+01  -3.6 1.41e-01    -  1.00e+00 1.00e+00h  1
 274  7.1816879e+00 5.12e-04 5.57e+01  -4.0 1.56e-01    -  1.00e+00 3.32e-01h  1
 275  7.1787226e+00 8.08e-04 1.25e+02  -3.7 1.57e-01    -  1.00e+00 1.00e+00h  1
 276  7.1743489e+00 4.70e-04 2.76e+01  -4.0 1.15e-01    -  1.00e+00 7.10e-01h  1
 277  7.1814424e+00 1.10e-04 2.57e+01  -4.0 6.74e-02    -  1.00e+00 7.90e-01h  1
 278  7.1868551e+00 4.46e-05 1.55e+01  -4.0 3.82e-02    -  1.00e+00 1.00e+00h  1
 279  7.1873215e+00 3.87e-05 2.42e+01  -4.0 3.36e-02    -  1.00e+00 1.00e+00h  1
iter    objective    inf_pr   inf_du lg(mu)  ||d||  lg(rg) alpha_du alpha_pr  ls
 280  7.1828817e+00 1.19e-03 6.12e+01  -4.0 1.60e-01    -  1.00e+00 1.00e+00h  1
 281  7.1782277e+00 1.45e-03 1.30e+02  -4.1 3.39e-01    -  1.00e+00 4.37e-01h  1
 282  7.1779053e+00 3.23e-04 5.59e+01  -4.1 8.81e-02    -  1.00e+00 1.00e+00f  1
 283  7.1805425e+00 2.63e-04 2.15e+01  -4.0 1.00e-01    -  1.00e+00 1.00e+00h  1
 284  7.1830365e+00 1.93e-04 2.43e+01  -4.0 5.68e-02    -  1.00e+00 1.00e+00h  1
 285  7.1807413e+00 1.78e-03 1.23e+02  -4.0 2.09e-01    -  1.00e+00 1.00e+00h  1
 286  7.1741294e+00 1.23e-03 2.43e+01  -4.1 1.60e-01    -  1.00e+00 1.00e+00h  1
 287  7.1778086e+00 4.42e-04 5.06e+01  -4.0 1.26e-01    -  1.00e+00 1.00e+00h  1
 288  7.1725917e+00 1.76e-04 6.46e+00  -4.0 8.89e-02    -  1.00e+00 1.00e+00h  1
 289  7.1827506e+00 1.30e-04 3.73e+01  -4.0 8.38e-02    -  1.00e+00 1.00e+00H  1
iter    objective    inf_pr   inf_du lg(mu)  ||d||  lg(rg) alpha_du alpha_pr  ls
 290  7.1816241e+00 4.69e-04 8.10e+01  -4.0 1.32e-01    -  1.00e+00 1.00e+00h  1
 291  7.1739320e+00 5.46e-04 9.57e+00  -4.1 1.18e-01    -  1.00e+00 1.00e+00h  1
 292  7.1812878e+00 2.11e-04 9.94e+00  -4.1 5.58e-02    -  1.00e+00 1.00e+00h  1
 293  7.1817894e+00 2.04e-04 4.76e+01  -4.0 9.13e-02    -  1.00e+00 1.00e+00h  1
 294  7.1796706e+00 7.21e-05 2.05e+01  -4.0 5.08e-02    -  1.00e+00 1.00e+00h  1
 295  7.1818621e+00 2.92e-05 2.68e+00  -4.0 2.48e-02    -  1.00e+00 1.00e+00h  1
 296  7.1812302e+00 4.05e-04 4.27e+01  -4.0 1.18e-01    -  1.00e+00 1.00e+00h  1
 297  7.1741959e+00 1.57e-03 1.26e+02  -4.1 2.48e-01    -  1.00e+00 9.72e-01h  1
 298  7.1724960e+00 6.01e-04 5.89e+01  -4.1 2.19e-01    -  1.00e+00 1.00e+00f  1
 299  7.1651503e+00 7.30e-04 3.85e+01  -4.0 1.49e-01    -  9.66e-01 1.00e+00h  1
iter    objective    inf_pr   inf_du lg(mu)  ||d||  lg(rg) alpha_du alpha_pr  ls
 300  7.1643917e+00 6.79e-04 5.69e+01  -4.0 1.32e-01    -  1.00e+00 1.00e+00h  1
 301  7.1759853e+00 1.67e-04 4.29e+01  -4.0 1.76e-01    -  1.00e+00 9.48e-01H  1
 302  7.1704783e+00 5.87e-04 6.48e+01  -4.0 1.51e-01    -  1.00e+00 1.00e+00h  1
 303  7.1627970e+00 7.91e-04 1.15e+01  -4.0 1.18e-01    -  1.00e+00 1.00e+00h  1
 304  7.1735033e+00 1.21e-04 2.47e+01  -4.0 7.92e-02    -  1.00e+00 1.00e+00h  1
 305  7.1750557e+00 5.95e-05 1.87e+01  -4.0 4.69e-02    -  1.00e+00 1.00e+00h  1
 306  7.1766400e+00 2.67e-05 1.07e+01  -4.0 2.47e-02    -  1.00e+00 1.00e+00h  1
 307  7.1769865e+00 3.72e-06 4.63e+00  -4.0 1.26e-02    -  1.00e+00 1.00e+00h  1
 308  7.1769540e+00 1.72e-06 3.57e+00  -4.0 8.26e-03    -  1.00e+00 1.00e+00h  1
 309  7.1769861e+00 2.08e-06 3.75e+00  -4.0 8.03e-03    -  1.00e+00 1.00e+00h  1
iter    objective    inf_pr   inf_du lg(mu)  ||d||  lg(rg) alpha_du alpha_pr  ls
 310  7.1761407e+00 2.95e-05 8.96e+00  -4.1 2.86e-02    -  1.00e+00 1.00e+00h  1
 311  7.1761541e+00 5.61e-05 2.38e+01  -4.0 5.58e-02    -  1.00e+00 1.00e+00h  1
 312  7.1768000e+00 3.47e-05 1.05e+01  -4.1 2.80e-02    -  1.00e+00 1.00e+00h  1
 313  7.1759690e+00 1.24e-05 6.78e+00  -4.1 2.12e-02    -  1.00e+00 1.00e+00h  1
 314  7.1761856e+00 7.44e-06 3.63e+00  -4.0 1.74e-02    -  1.00e+00 1.00e+00h  1
 315  7.1763732e+00 1.18e-06 2.07e+00  -4.0 5.85e-03    -  1.00e+00 1.00e+00h  1
 316  7.1763738e+00 1.38e-06 2.02e+00  -4.0 4.55e-03    -  1.00e+00 1.00e+00h  1
 317  7.1757773e+00 1.03e-05 2.35e+00  -4.1 6.80e-03    -  1.00e+00 1.00e+00h  1
 318  7.1763524e+00 1.20e-05 5.40e+00  -4.0 1.57e-02    -  1.00e+00 1.00e+00h  1
 319  7.1819861e+00 2.97e-06 4.86e+01  -4.1 1.43e-01    -  1.00e+00 1.00e+00H  1
iter    objective    inf_pr   inf_du lg(mu)  ||d||  lg(rg) alpha_du alpha_pr  ls
 320  7.1831942e+00 3.17e-06 4.37e+01  -4.1 7.71e-02    -  1.00e+00 1.00e+00H  1
 321  7.1775483e+00 5.63e-06 2.39e+01  -4.1 1.60e-01    -  1.00e+00 1.00e+00H  1
 322  7.1683966e+00 1.98e-03 1.40e+02  -4.1 3.15e-01    -  1.00e+00 1.00e+00h  1
 323  7.1644714e+00 9.56e-04 8.84e+01  -4.1 1.59e-01    -  1.00e+00 6.19e-01h  1
 324  7.1624679e+00 6.45e-04 3.29e+01  -4.1 1.52e-01    -  1.00e+00 5.98e-01f  1
 325  7.1632445e+00 5.43e-04 5.80e+01  -4.0 1.93e-01    -  1.00e+00 2.50e-01f  3
 326  7.1833898e+00 5.28e-04 4.26e+01  -4.0 1.88e-01    -  1.00e+00 1.00e+00H  1
 327  7.1714470e+00 3.26e-04 3.66e+01  -4.1 1.22e-01    -  1.00e+00 7.15e-01h  1
 328  7.1725089e+00 3.41e-04 1.18e+01  -4.0 1.05e-01    -  1.00e+00 1.00e+00f  1
 329  7.1761477e+00 2.09e-05 2.00e+01  -4.1 3.45e-02    -  1.00e+00 1.00e+00h  1
iter    objective    inf_pr   inf_du lg(mu)  ||d||  lg(rg) alpha_du alpha_pr  ls
 330  7.1775509e+00 1.69e-05 1.07e+01  -4.1 2.50e-02    -  1.00e+00 1.00e+00h  1
 331  7.1793071e+00 5.85e-06 4.03e+00  -4.1 1.01e-02    -  1.00e+00 1.00e+00h  1
 332  7.1804588e+00 2.56e-07 2.70e+01  -4.1 5.69e-02    -  1.00e+00 1.00e+00H  1
 333  7.1806240e+00 3.63e-05 8.90e+00  -4.0 2.97e-02    -  1.00e+00 1.00e+00h  1
 334  7.1798633e+00 2.37e-05 7.69e+00  -4.1 2.98e-02    -  1.00e+00 1.00e+00h  1
 335  7.1798869e+00 1.85e-05 2.05e+00  -4.1 1.92e-02    -  1.00e+00 1.00e+00h  1
 336  7.1802189e+00 5.36e-06 1.14e+00  -4.1 3.58e-03    -  1.00e+00 1.00e+00h  1
 337  7.1808741e+00 3.40e-07 2.19e+01  -4.1 3.78e-02    -  1.00e+00 1.00e+00H  1
 338  7.1813211e+00 4.71e-08 2.77e+01  -4.1 3.36e-02    -  1.00e+00 1.00e+00H  1
 339  7.1803894e+00 6.18e-05 4.79e+00  -4.0 5.01e-02    -  1.00e+00 1.00e+00h  1
iter    objective    inf_pr   inf_du lg(mu)  ||d||  lg(rg) alpha_du alpha_pr  ls
 340  7.1803341e+00 5.50e-06 4.55e+00  -4.1 1.95e-02    -  1.00e+00 1.00e+00h  1
 341  7.1805457e+00 2.67e-06 1.78e+00  -4.1 1.68e-02    -  1.00e+00 1.00e+00H  1
 342  7.1805033e+00 5.03e-07 1.00e+00  -4.1 3.09e-03    -  1.00e+00 1.00e+00H  1
 343  7.1804711e+00 4.60e-06 2.26e+00  -4.1 3.92e-03    -  1.00e+00 1.00e+00h  1
 344  7.1807272e+00 5.01e-08 1.63e+01  -4.1 4.12e-02    -  1.00e+00 1.00e+00H  1
 345  7.1809896e+00 6.83e-06 1.53e+01  -4.0 1.69e-02    -  1.00e+00 1.00e+00h  1
 346  7.1802881e+00 3.37e-05 3.50e+00  -4.1 9.70e-03    -  1.00e+00 1.00e+00h  1
 347  7.1804047e+00 1.29e-05 1.82e+00  -4.1 8.34e-03    -  1.00e+00 1.00e+00h  1
 348  7.1802070e+00 7.42e-05 1.88e+01  -4.1 4.71e-02    -  1.00e+00 1.00e+00h  1
 349  7.1800652e+00 2.32e-05 3.01e+01  -4.1 3.38e-02    -  1.00e+00 1.00e+00h  1
iter    objective    inf_pr   inf_du lg(mu)  ||d||  lg(rg) alpha_du alpha_pr  ls
 350  7.1801161e+00 1.68e-05 5.60e+00  -4.1 2.75e-02    -  1.00e+00 1.00e+00h  1
 351  7.1800753e+00 1.30e-05 5.05e+00  -4.1 2.02e-02    -  1.00e+00 1.00e+00h  1
 352  7.1801374e+00 2.17e-05 1.16e+01  -4.1 2.55e-02    -  1.00e+00 1.00e+00h  1
 353  7.1799021e+00 9.67e-06 2.17e+00  -4.1 2.06e-02    -  1.00e+00 1.00e+00h  1
 354  7.1802236e+00 5.36e-06 1.74e+00  -4.1 5.62e-03    -  1.00e+00 1.00e+00h  1
 355  7.1808932e+00 1.97e-06 5.00e+01  -4.1 1.07e-01    -  1.00e+00 1.00e+00H  1
 356  7.1798658e+00 9.22e-05 6.99e+01  -4.1 5.33e-02    -  1.00e+00 1.00e+00h  1
 357  7.1785861e+00 1.65e-04 3.99e+01  -4.1 9.35e-02    -  1.00e+00 1.00e+00h  1
 358  7.1764505e+00 1.16e-04 1.80e+01  -4.1 6.60e-02    -  1.00e+00 1.00e+00h  1
 359  7.1804715e+00 5.83e-07 2.92e+01  -4.1 7.50e-02    -  1.00e+00 1.00e+00H  1
iter    objective    inf_pr   inf_du lg(mu)  ||d||  lg(rg) alpha_du alpha_pr  ls
 360  7.1820330e+00 1.74e-07 2.72e+01  -4.1 4.42e-02    -  1.00e+00 1.00e+00H  1
 361  7.1786595e+00 7.19e-05 2.78e+00  -4.1 4.81e-02    -  1.00e+00 1.00e+00h  1
 362  7.1793977e+00 4.19e-05 8.40e+00  -4.1 4.28e-02    -  1.00e+00 5.00e-01h  2
 363  7.1798551e+00 2.09e-05 5.90e+00  -4.1 1.14e-02    -  1.00e+00 5.00e-01h  2
 364  7.1798626e+00 2.06e-05 6.86e+00  -4.1 1.17e-02    -  1.00e+00 1.56e-02h  7
 365  7.1798636e+00 2.06e-05 5.84e+00  -4.1 1.21e-02    -  1.00e+00 1.95e-03h 10
 366  7.1798638e+00 2.06e-05 5.84e+00  -4.1 1.68e-02    -  1.00e+00 2.44e-04h 13
 367  7.1805575e+00 2.43e-06 1.61e+01  -4.1 4.03e-02    -  1.00e+00 1.00e+00H  1
 368  7.1800603e+00 1.47e-05 7.52e+00  -4.1 1.68e-02    -  1.00e+00 1.00e+00h  1
 369  7.1802485e+00 7.26e-06 4.60e+00  -4.1 1.99e-02    -  1.00e+00 1.00e+00h  1
iter    objective    inf_pr   inf_du lg(mu)  ||d||  lg(rg) alpha_du alpha_pr  ls
 370  7.1803598e+00 2.75e-06 2.57e+00  -4.1 1.10e-02    -  1.00e+00 1.00e+00h  1
 371  7.1803552e+00 2.60e-06 1.41e+00  -4.1 6.50e-03    -  1.00e+00 1.00e+00h  1
 372  7.1803998e+00 2.55e-06 2.71e+00  -4.1 4.30e-03    -  1.00e+00 1.00e+00h  1
 373  7.1803944e+00 2.53e-06 2.43e+00  -4.1 4.51e-03    -  1.00e+00 1.00e+00h  1
 374  7.1803864e+00 8.11e-07 9.61e-01  -4.1 3.69e-03    -  1.00e+00 1.00e+00h  1
 375  7.1809121e+00 2.42e-06 1.57e+00  -4.0 3.85e-03    -  1.00e+00 1.00e+00h  1
 376  7.1804188e+00 7.85e-06 4.34e+00  -4.1 1.33e-02    -  1.00e+00 1.00e+00h  1
 377  7.1802711e+00 8.93e-06 4.61e-01  -4.1 1.31e-02    -  1.00e+00 1.00e+00h  1
 378  7.1803963e+00 1.63e-06 1.31e+00  -4.1 2.25e-03    -  1.00e+00 1.00e+00h  1
 379  7.1803970e+00 6.84e-07 6.97e-01  -4.1 1.22e-03    -  1.00e+00 1.00e+00h  1
iter    objective    inf_pr   inf_du lg(mu)  ||d||  lg(rg) alpha_du alpha_pr  ls
 380  7.1810547e+00 3.50e-06 1.89e+00  -4.0 6.25e-03    -  1.00e+00 1.00e+00h  1
 381  7.1803685e+00 2.04e-05 1.31e+01  -4.1 2.75e-02    -  1.00e+00 1.00e+00h  1
 382  7.1803296e+00 6.18e-06 6.88e+00  -4.1 1.34e-02    -  1.00e+00 1.00e+00h  1
 383  7.1804116e+00 2.05e-07 5.06e+00  -4.1 1.79e-02    -  1.00e+00 1.00e+00H  1
 384  7.1810618e+00 1.01e-05 7.29e+00  -4.0 1.55e-02    -  1.00e+00 1.00e+00h  1
 385  7.1802631e+00 1.35e-05 6.37e-01  -4.1 2.00e-02    -  1.00e+00 1.00e+00h  1
 386  7.1803959e+00 2.34e-06 3.41e+00  -4.1 5.51e-03    -  1.00e+00 1.00e+00h  1
 387  7.1803883e+00 2.22e-06 2.26e-01  -4.1 5.59e-03    -  1.00e+00 1.00e+00h  1
 388  7.1804152e+00 2.05e-07 1.41e-01  -4.1 4.83e-04    -  1.00e+00 1.00e+00h  1
 389  7.1810310e+00 1.69e-06 1.51e+00  -4.0 3.03e-03    -  1.00e+00 1.00e+00h  1
iter    objective    inf_pr   inf_du lg(mu)  ||d||  lg(rg) alpha_du alpha_pr  ls
 390  7.1804136e+00 2.08e-06 4.07e-01  -4.1 3.32e-03    -  1.00e+00 1.00e+00h  1
 391  7.1804266e+00 2.94e-08 2.66e+00  -4.1 6.20e-03    -  1.00e+00 1.00e+00H  1
 392  7.1803812e+00 1.62e-06 3.78e-01  -4.1 4.83e-03    -  1.00e+00 1.00e+00h  1
 393  7.1804127e+00 1.71e-07 2.58e-01  -4.1 4.90e-04    -  1.00e+00 1.00e+00h  1
 394  7.1804176e+00 1.62e-08 6.24e-02  -4.1 1.93e-04    -  1.00e+00 1.00e+00h  1
 395  7.1810785e+00 2.05e-06 6.08e-01  -4.0 3.54e-03    -  1.00e+00 1.00e+00h  1
 396  7.1803954e+00 2.19e-06 4.37e-01  -4.1 3.06e-03    -  1.00e+00 1.00e+00h  1
 397  7.1803952e+00 1.81e-06 1.74e+00  -4.1 3.40e-03    -  1.00e+00 1.00e+00h  1
 398  7.1804194e+00 1.51e-06 2.78e-01  -4.1 2.67e-03    -  1.00e+00 1.00e+00h  1
 399  7.1804127e+00 8.23e-08 2.58e-01  -4.1 3.73e-04    -  1.00e+00 1.00e+00h  1
iter    objective    inf_pr   inf_du lg(mu)  ||d||  lg(rg) alpha_du alpha_pr  ls
 400  7.1810842e+00 2.33e-06 4.16e-01  -4.0 3.64e-03    -  1.00e+00 1.00e+00h  1
 401  7.1803963e+00 2.89e-06 9.60e-01  -4.1 4.18e-03    -  1.00e+00 1.00e+00h  1
 402  7.1803927e+00 2.38e-06 2.22e+00  -4.1 5.26e-03    -  1.00e+00 1.00e+00h  1
 403  7.1803978e+00 2.15e-06 2.50e-01  -4.1 4.22e-03    -  1.00e+00 1.00e+00h  1
 404  7.1804213e+00 1.37e-07 1.83e-01  -4.1 3.70e-04    -  1.00e+00 1.00e+00h  1
 405  7.1804199e+00 1.97e-08 7.45e-02  -4.1 1.22e-04    -  1.00e+00 1.00e+00h  1
 406  7.1804199e+00 3.43e-10 2.86e-02  -4.1 6.67e-05    -  1.00e+00 1.00e+00H  1
 407  7.1810977e+00 3.19e-06 1.38e+00  -4.0 4.38e-03    -  1.00e+00 1.00e+00h  1
 408  7.1803895e+00 4.27e-06 4.47e-01  -4.1 4.74e-03    -  1.00e+00 1.00e+00h  1
 409  7.1804088e+00 3.51e-06 1.85e+00  -4.1 5.64e-03    -  1.00e+00 1.00e+00h  1
iter    objective    inf_pr   inf_du lg(mu)  ||d||  lg(rg) alpha_du alpha_pr  ls
 410  7.1803953e+00 3.06e-06 4.19e-01  -4.1 5.06e-03    -  1.00e+00 1.00e+00h  1
 411  7.1804154e+00 1.66e-07 3.49e-01  -4.1 7.01e-04    -  1.00e+00 1.00e+00h  1
 412  7.1804213e+00 6.70e-08 8.60e-02  -4.1 2.79e-04    -  1.00e+00 1.00e+00h  1
 413  7.1804224e+00 9.33e-09 3.84e-02  -4.1 3.09e-05    -  1.00e+00 1.00e+00h  1
 414  7.1804208e+00 1.51e-09 5.09e-02  -4.1 1.44e-04    -  1.00e+00 1.00e+00H  1
 415  7.1804206e+00 1.27e-09 3.31e-01  -4.1 7.92e-04    -  1.00e+00 1.00e+00H  1
 416  7.1804199e+00 5.20e-08 2.87e-01  -4.1 2.54e-04    -  1.00e+00 1.00e+00h  1
 417  7.1804208e+00 3.70e-08 5.40e-02  -4.1 8.16e-05    -  1.00e+00 1.00e+00h  1
 418  7.1804218e+00 3.67e-10 1.96e-01  -4.1 5.19e-04    -  1.00e+00 1.00e+00H  1
 419  7.1804395e+00 1.48e-11 2.79e+00  -4.1 5.25e-03    -  1.00e+00 1.00e+00H  1
iter    objective    inf_pr   inf_du lg(mu)  ||d||  lg(rg) alpha_du alpha_pr  ls
 420  7.1804241e+00 9.37e-11 5.76e-01  -4.1 4.31e-03    -  1.00e+00 1.00e+00H  1
 421  7.1804190e+00 5.42e-09 5.79e-01  -4.1 1.31e-03    -  1.00e+00 1.00e+00H  1
 422  7.1804227e+00 2.67e-10 1.18e-01  -4.1 9.97e-04    -  1.00e+00 1.00e+00H  1
 423  7.1804235e+00 1.23e-10 1.40e-01  -4.1 2.89e-04    -  1.00e+00 1.00e+00H  1
 424  7.1804234e+00 2.65e-11 3.75e-01  -4.1 4.58e-04    -  1.00e+00 1.00e+00H  1
 425  7.1804264e+00 2.84e-11 1.40e+00  -4.1 2.82e-03    -  1.00e+00 1.00e+00H  1
 426  7.1804229e+00 1.40e-11 1.72e-01  -4.1 2.46e-03    -  1.00e+00 1.00e+00H  1
 427  7.1804229e+00 1.59e-10 1.72e-01  -4.1 1.68e-03    -  1.00e+00 4.88e-04h 12
 428  7.1804229e+00 3.02e-10 1.72e-01  -4.1 3.55e-04    -  1.00e+00 1.95e-03h 10
 429  7.1804239e+00 1.31e-11 1.22e-01  -4.1 5.73e-04    -  1.00e+00 1.00e+00H  1
iter    objective    inf_pr   inf_du lg(mu)  ||d||  lg(rg) alpha_du alpha_pr  ls
 430  7.1804297e+00 8.92e-13 6.76e-01  -4.1 1.63e-03    -  1.00e+00 1.00e+00H  1
 431  7.1804247e+00 2.84e-12 1.70e-01  -4.1 1.30e-03    -  1.00e+00 1.00e+00H  1
 432  7.1804248e+00 1.14e-13 7.84e-02  -4.1 1.59e-04    -  1.00e+00 1.00e+00H  1
 433  7.1804248e+00 6.16e-12 1.54e-01  -4.1 1.13e-04    -  1.00e+00 1.53e-05h 17
 434  7.1804267e+00 1.88e-13 5.90e-01  -4.1 1.44e-03    -  1.00e+00 1.00e+00H  1
Cannot call restoration phase at point that is almost feasible (violation 1.882938e-13).
Abort in line search due to no other fall back.

Number of Iterations....: 434

                                   (scaled)                 (unscaled)
Objective...............:   7.1804267060518958e+00    7.1804267060518958e+00
Dual infeasibility......:   5.9048018299890048e-01    5.9048018299890048e-01
Constraint violation....:   1.8829382497642655e-13    1.8829382497642655e-13
Variable bound violation:   0.0000000000000000e+00    0.0000000000000000e+00
Complementarity.........:   8.0003471217900989e-05    8.0003471217900989e-05
Overall NLP error.......:   5.9048018299890048e-01    5.9048018299890048e-01


Number of objective function evaluations             = 801
Number of objective gradient evaluations             = 436
Number of equality constraint evaluations            = 801
Number of inequality constraint evaluations          = 801
Number of equality constraint Jacobian evaluations   = 437
Number of inequality constraint Jacobian evaluations = 437
Number of Lagrangian Hessian evaluations             = 0
Total seconds in IPOPT                               = 815.988

EXIT: Error in step computation!
