This is Ipopt version 3.14.19, running with linear solver MUMPS 5.8.2.

Number of nonzeros in equality constraint Jacobian...:  1215565
Number of nonzeros in inequality constraint Jacobian.:     5312
Number of nonzeros in Lagrangian Hessian.............:        0

Total number of variables............................:     3879
                     variables with only lower bounds:        0
                variables with lower and upper bounds:      824
                     variables with only upper bounds:        0
Total number of equality constraints.................:     3726
Total number of inequality constraints...............:      553
        inequality constraints with only lower bounds:        0
   inequality constraints with lower and upper bounds:        0
        inequality constraints with only upper bounds:      553

iter    objective    inf_pr   inf_du lg(mu)  ||d||  lg(rg) alpha_du alpha_pr  ls
   0  9.3776362e-04 4.14e+00 1.00e+00   0.0 0.00e+00    -  0.00e+00 0.00e+00   0
   1  1.0542202e-03 4.13e+00 1.06e+01  -4.0 2.39e+01    -  7.96e-03 2.76e-03h  1
   2  1.3447917e-03 4.12e+00 4.12e+01  -1.4 2.56e+01    -  1.17e-02 3.66e-03h  1
   3  1.6275560e-03 4.11e+00 1.04e+02   1.8 1.07e+02    -  8.49e-03 1.42e-03f  1
   4  5.1351245e-03 4.08e+00 2.36e+02   2.1 7.62e+01    -  1.31e-02 6.16e-03f  1
   5  2.2369971e-02 3.97e+00 2.30e+03   1.5 4.38e+01    -  9.19e-02 2.52e-02h  1
   6  8.9235337e-02 3.82e+00 2.69e+04   1.8 4.95e+01    -  5.18e-01 3.78e-02h  1
   7  7.6477201e-01 3.35e+00 3.20e+04   1.9 6.31e+01    -  2.80e-01 1.26e-01h  1
   8  5.8916561e+00 2.62e+00 8.43e+04   1.8 5.80e+01    -  4.11e-01 3.65e-01h  1
   9  7.6642023e+00 2.26e+00 8.55e+04   1.9 3.41e+01    -  4.69e-01 1.45e-01h  1
iter    objective    inf_pr   inf_du lg(mu)  ||d||  lg(rg) alpha_du alpha_pr  ls
  10  1.0726408e+01 1.68e+00 7.74e+04  -4.0 2.74e+01    -  3.17e-01 2.58e-01h  1
  11  1.6337006e+01 9.70e-01 4.68e+04   1.0 2.15e+01    -  2.25e-01 5.23e-01h  1
  12  1.9289890e+01 6.72e-01 3.23e+04   1.9 1.71e+01    -  5.65e-01 3.74e-01f  1
  13  2.1117515e+01 4.14e-01 2.19e+04   1.3 9.11e+00    -  7.24e-01 4.03e-01h  1
  14  2.3245386e+01 2.91e-01 1.84e+04  -0.4 8.14e+00    -  3.77e-01 6.01e-01h  1
  15  2.3860390e+01 2.05e-01 1.43e+04   0.9 6.97e+00    -  7.26e-01 4.42e-01f  1
  16  2.4966246e+01 5.93e-01 1.14e+04   0.6 9.07e+00    -  7.91e-01 9.80e-01f  1
  17  2.6306872e+01 3.94e-01 9.87e+03   0.6 7.89e+00    -  6.47e-01 1.00e+00f  1
  18  2.7118345e+01 3.05e-01 7.18e+03   0.6 1.71e+01    -  9.42e-01 4.75e-01f  1
  19  2.6789917e+01 1.44e-01 5.49e+03   0.6 4.65e+00    -  1.00e+00 5.44e-01f  1
iter    objective    inf_pr   inf_du lg(mu)  ||d||  lg(rg) alpha_du alpha_pr  ls
  20  2.6433823e+01 8.11e-02 1.47e+03  -0.1 3.00e+00    -  1.00e+00 1.00e+00h  1
  21  2.6451597e+01 3.98e-02 6.11e+02  -0.4 2.16e+00    -  1.00e+00 1.00e+00h  1
  22  2.6349977e+01 2.51e-02 2.64e+02  -1.1 1.87e+00    -  1.00e+00 1.00e+00h  1
  23  2.6225296e+01 6.66e-03 5.20e+01  -1.4 7.11e-01    -  1.00e+00 1.00e+00h  1
  24  2.5766744e+01 1.24e-02 7.31e+01  -2.0 1.01e+00    -  1.00e+00 1.00e+00h  1
  25  2.2568958e+01 4.80e-01 7.63e+02  -1.8 9.73e+00    -  1.00e+00 7.50e-01f  1
  26  2.1644246e+01 5.50e-01 1.04e+03  -1.3 1.95e+01    -  1.00e+00 3.70e-01f  1
  27  2.0943916e+01 1.58e-01 7.02e+02  -1.3 3.58e+00    -  1.00e+00 1.00e+00h  1
  28  2.1027853e+01 9.95e-02 1.26e+02  -1.3 3.58e+00    -  1.00e+00 1.00e+00h  1
  29  2.0567514e+01 9.86e-02 1.24e+02  -1.7 4.92e+00    -  1.00e+00 5.25e-01h  1
iter    objective    inf_pr   inf_du lg(mu)  ||d||  lg(rg) alpha_du alpha_pr  ls
  30  1.9570308e+01 4.04e-01 1.73e+02  -1.5 6.24e+00    -  1.00e+00 1.00e+00h  1
  31  1.8440354e+01 3.34e-01 1.85e+02  -1.8 4.65e+00    -  1.00e+00 1.00e+00h  1
  32  1.8445025e+01 1.71e-01 7.11e+01  -1.5 3.72e+00    -  1.00e+00 1.00e+00h  1
  33  1.8520741e+01 1.45e-01 4.63e+01  -1.7 2.46e+00    -  1.00e+00 1.00e+00h  1
  34  1.8624880e+01 5.05e-02 4.50e+01  -2.0 2.86e+00    -  1.00e+00 7.82e-01h  1
  35  1.8620793e+01 3.39e-02 7.16e+01  -2.2 2.37e+00    -  1.00e+00 4.80e-01h  2
  36  1.8605205e+01 2.74e-02 1.80e+02  -2.4 2.48e+00    -  1.00e+00 1.98e-01h  3
  37  1.8098131e+01 4.49e-01 2.58e+02  -2.1 6.03e+00    -  1.00e+00 9.80e-01h  1
  38  1.7831501e+01 2.11e-01 2.94e+02  -1.6 4.49e+00    -  1.00e+00 6.84e-01h  1
  39  1.7243936e+01 5.83e-02 1.14e+02  -2.0 2.51e+00    -  1.00e+00 1.00e+00h  1
iter    objective    inf_pr   inf_du lg(mu)  ||d||  lg(rg) alpha_du alpha_pr  ls
  40  1.7163992e+01 1.55e-01 5.83e+01  -1.7 3.22e+00    -  1.00e+00 1.00e+00h  1
  41  1.6983631e+01 5.82e-02 2.70e+01  -1.9 1.93e+00    -  1.00e+00 1.00e+00h  1
  42  1.7179719e+01 2.49e-02 1.32e+02  -2.0 1.50e+00    -  7.73e-01 5.72e-01H  1
  43  1.7142233e+01 1.38e-02 7.81e+01  -2.3 1.70e+00    -  1.00e+00 5.00e-01h  2
  44  1.6451671e+01 1.87e-01 2.53e+02  -2.4 7.08e+00    -  7.77e-01 5.75e-01h  1
  45  1.5669888e+01 4.19e-01 4.42e+02  -2.0 5.33e+00    -  1.00e+00 9.24e-01h  1
  46  1.5083423e+01 1.54e-01 2.83e+02  -2.2 3.61e+00    -  1.00e+00 5.89e-01h  1
  47  1.5537659e+01 2.53e-01 1.28e+02  -1.7 3.26e+00    -  5.61e-01 1.00e+00h  1
  48  1.4494432e+01 2.86e-01 1.01e+02  -2.0 5.03e+00    -  9.91e-01 9.81e-01h  1
  49  1.3860983e+01 1.63e-01 7.27e+01  -2.2 3.55e+00    -  1.00e+00 7.13e-01h  1
iter    objective    inf_pr   inf_du lg(mu)  ||d||  lg(rg) alpha_du alpha_pr  ls
  50  1.3997903e+01 1.19e-01 3.08e+01  -1.9 3.22e+00    -  1.00e+00 5.95e-01h  1
  51  1.4462951e+01 1.23e-01 5.12e+01  -1.9 2.69e+00    -  8.24e-01 1.00e+00h  1
  52  1.4366446e+01 1.14e-01 7.79e+01  -2.3 3.05e+00    -  1.00e+00 1.00e+00h  1
  53  1.5187075e+01 1.62e-01 9.53e+01  -1.7 3.09e+00    -  1.00e+00 1.00e+00h  1
  54  1.5137462e+01 8.55e-02 4.08e+01  -1.8 1.94e+00    -  1.00e+00 1.00e+00h  1
  55  1.5106189e+01 5.18e-02 3.00e+01  -1.8 1.30e+00    -  1.00e+00 1.00e+00h  1
  56  1.4976962e+01 3.09e-02 7.89e+01  -2.4 1.32e+00    -  1.00e+00 7.72e-01h  1
  57  1.5202815e+01 1.57e-02 1.53e+02  -2.1 1.41e+00    -  1.00e+00 5.00e-01h  2
  58  1.4975656e+01 4.97e-02 1.37e+02  -2.4 2.03e+00    -  1.00e+00 1.00e+00h  1
  59  1.4196704e+01 1.08e-01 2.57e+02  -2.5 4.55e+00    -  1.00e+00 7.48e-01h  1
iter    objective    inf_pr   inf_du lg(mu)  ||d||  lg(rg) alpha_du alpha_pr  ls
  60  1.3158554e+01 1.43e-01 3.28e+02  -2.5 9.16e+00    -  2.15e-01 3.82e-01h  1
  61  1.3132360e+01 1.00e-01 2.63e+02  -2.3 2.47e+00    -  7.81e-01 3.04e-01h  1
  62  1.3149473e+01 4.54e-02 1.47e+02  -2.8 1.46e+00    -  5.26e-01 5.26e-01h  1
  63  1.3054966e+01 3.68e-02 9.69e+01  -2.9 1.81e+00    -  6.20e-01 3.72e-01h  1
  64  1.2971289e+01 2.40e-02 8.61e+01  -2.5 2.30e+00    -  8.83e-01 4.94e-01h  1
  65  1.2803486e+01 4.93e-02 1.32e+02  -2.5 2.56e+00    -  7.60e-01 6.70e-01h  1
  66  1.3555350e+01 1.19e-01 9.44e+01  -1.8 5.33e+00    -  4.84e-01 5.26e-01f  1
  67  1.3141126e+01 3.02e-02 6.39e+01  -2.2 1.98e+00    -  1.00e+00 9.40e-01h  1
  68  1.3417507e+01 9.53e-02 5.42e+01  -1.9 2.50e+00    -  1.00e+00 9.32e-01h  1
  69  1.3279152e+01 3.86e-02 1.71e+01  -2.0 1.51e+00    -  1.00e+00 1.00e+00h  1
iter    objective    inf_pr   inf_du lg(mu)  ||d||  lg(rg) alpha_du alpha_pr  ls
  70  1.4271417e+01 1.24e-01 2.38e+02  -1.6 3.37e+00    -  1.00e+00 1.00e+00h  1
  71  1.4488598e+01 2.58e-02 1.51e+02  -1.7 1.06e+00    -  1.00e+00 1.00e+00h  1
  72  1.4542410e+01 2.89e-02 5.25e+01  -1.7 1.33e+00    -  1.00e+00 1.00e+00h  1
  73  1.4001841e+01 2.49e-02 9.44e+01  -2.2 3.15e+00    -  1.00e+00 6.28e-01h  1
  74  1.2768438e+01 2.11e-01 2.92e+02  -2.3 6.84e+00    -  9.01e-01 7.82e-01h  1
  75  1.3118240e+01 6.12e-02 1.45e+02  -2.0 2.23e+00    -  1.00e+00 1.00e+00h  1
  76  1.2699916e+01 3.31e-02 9.71e+01  -2.1 2.42e+00    -  1.00e+00 6.15e-01h  1
  77  1.2442734e+01 3.91e-02 1.01e+02  -2.3 1.84e+00    -  1.00e+00 1.00e+00h  1
  78  1.2018983e+01 6.86e-02 1.02e+02  -2.6 2.83e+00    -  1.00e+00 6.68e-01h  1
  79  1.2008895e+01 1.22e-01 7.78e+01  -2.1 2.84e+00    -  9.34e-01 9.10e-01h  1
iter    objective    inf_pr   inf_du lg(mu)  ||d||  lg(rg) alpha_du alpha_pr  ls
  80  1.1312793e+01 1.29e-01 8.16e+01  -2.4 3.32e+00    -  1.00e+00 9.54e-01h  1
  81  1.1075470e+01 5.50e-02 5.51e+01  -2.5 2.66e+00    -  1.00e+00 5.24e-01h  1
  82  1.1077655e+01 3.49e-02 4.94e+01  -2.5 1.83e+00    -  6.57e-01 3.86e-01h  1
  83  1.1105557e+01 2.13e-02 7.57e+01  -2.5 2.78e+00    -  4.95e-01 4.84e-01H  1
  84  1.0950313e+01 5.31e-02 1.26e+02  -2.7 4.41e+00    -  5.62e-01 3.74e-01h  1
  85  1.1057805e+01 4.91e-01 3.08e+02  -2.1 6.57e+00    -  1.00e+00 7.64e-01h  1
  86  1.0479717e+01 7.62e-02 2.74e+02  -2.2 2.48e+00    -  8.87e-01 1.00e+00h  1
  87  1.0773325e+01 3.03e-01 1.36e+02  -1.8 4.03e+00    -  8.16e-01 9.48e-01h  1
  88  1.0589434e+01 1.16e-01 1.10e+02  -2.0 2.38e+00    -  1.00e+00 6.05e-01h  1
  89  1.0501260e+01 5.21e-02 6.46e+01  -2.0 1.63e+00    -  9.68e-01 5.47e-01h  1
iter    objective    inf_pr   inf_du lg(mu)  ||d||  lg(rg) alpha_du alpha_pr  ls
  90  1.0122530e+01 4.12e-02 7.89e+01  -2.4 2.80e+00    -  1.00e+00 6.99e-01h  1
  91  9.8786176e+00 1.27e-01 1.10e+02  -2.2 4.99e+00    -  7.06e-01 4.03e-01h  1
  92  1.0149423e+01 7.18e-01 3.34e+02  -1.7 1.22e+01    -  4.55e-01 4.64e-01f  1
  93  9.3015982e+00 7.63e-02 2.57e+02  -2.0 2.82e+00    -  1.00e+00 1.00e+00h  1
  94  1.0458302e+01 2.21e-01 2.40e+02  -1.4 1.06e+01    -  6.05e-01 3.89e-01f  1
  95  1.0044330e+01 2.25e-01 7.77e+01  -1.6 4.28e+00    -  7.89e-01 1.00e+00h  1
  96  1.0305522e+01 1.15e-01 2.99e+01  -1.6 2.71e+00    -  1.00e+00 1.00e+00h  1
  97  9.6661477e+00 6.12e-02 5.74e+01  -2.0 3.36e+00    -  1.00e+00 5.87e-01h  1
  98  8.0228520e+00 4.23e-01 1.11e+02  -2.1 8.43e+00    -  1.00e+00 7.41e-01h  1
  99  7.6335512e+00 8.30e-02 4.40e+01  -2.1 3.07e+00    -  1.00e+00 9.72e-01h  1
iter    objective    inf_pr   inf_du lg(mu)  ||d||  lg(rg) alpha_du alpha_pr  ls
 100  8.9101534e+00 2.63e-01 2.32e+01  -1.8 5.33e+00    -  8.72e-01 1.00e+00f  1
 101  8.1700961e+00 1.96e-01 1.82e+01  -1.9 3.18e+00    -  1.00e+00 1.00e+00h  1
 102  8.0737082e+00 1.18e-01 1.66e+01  -1.9 2.50e+00    -  1.00e+00 5.32e-01h  1
 103  1.0204749e+01 2.98e-01 1.40e+02  -1.5 5.06e+00    -  9.20e-01 1.00e+00f  1
 104  9.6693077e+00 8.07e-02 6.02e+01  -1.6 2.59e+00    -  1.00e+00 1.00e+00h  1
 105  9.3514763e+00 5.34e-02 4.48e+01  -1.6 2.31e+00    -  1.00e+00 1.00e+00h  1
 106  8.9327522e+00 6.80e-02 3.57e+01  -1.9 2.17e+00    -  1.00e+00 8.24e-01h  1
 107  8.1974863e+00 8.14e-02 5.68e+01  -2.3 3.16e+00    -  1.00e+00 6.72e-01h  1
 108  7.3644720e+00 1.46e-01 1.48e+02  -2.4 6.07e+00    -  4.98e-01 5.31e-01h  1
 109  7.6748454e+00 6.34e-02 6.54e+01  -2.1 1.43e+00    -  1.00e+00 1.00e+00h  1
iter    objective    inf_pr   inf_du lg(mu)  ||d||  lg(rg) alpha_du alpha_pr  ls
 110  7.4183880e+00 2.70e-02 5.84e+01  -2.3 1.83e+00    -  1.00e+00 6.53e-01h  1
 111  7.1128332e+00 4.64e-02 6.59e+01  -2.3 2.25e+00    -  1.00e+00 5.79e-01h  1
 112  6.8378462e+00 3.80e-02 8.51e+01  -2.5 2.72e+00    -  1.00e+00 4.08e-01h  1
 113  6.5524762e+00 9.99e-02 9.21e+01  -2.3 2.80e+00    -  1.00e+00 8.02e-01h  1
 114  6.1728908e+00 3.36e-02 4.19e+01  -2.7 1.67e+00    -  1.00e+00 1.00e+00h  1
 115  6.0346735e+00 2.04e-02 3.08e+01  -2.8 1.70e+00    -  1.00e+00 4.16e-01h  1
 116  5.9910712e+00 2.11e-02 3.15e+01  -2.8 1.54e+00    -  7.59e-01 4.80e-01h  1
 117  6.3206286e+00 3.71e-02 4.25e+01  -2.5 1.32e+00    -  9.20e-01 1.00e+00h  1
 118  6.1246094e+00 3.76e-02 3.55e+01  -2.6 1.15e+00    -  1.00e+00 1.00e+00h  1
 119  6.0632231e+00 3.08e-02 3.86e+01  -3.0 1.48e+00    -  1.00e+00 1.61e-01h  1
iter    objective    inf_pr   inf_du lg(mu)  ||d||  lg(rg) alpha_du alpha_pr  ls
 120  5.8148859e+00 4.17e-02 3.51e+01  -3.0 1.94e+00    -  1.00e+00 7.56e-01h  1
 121  5.8476980e+00 3.22e-02 3.21e+01  -2.6 1.02e+00    -  1.00e+00 2.30e-01h  1
 122  5.9064303e+00 1.76e-02 6.01e+01  -2.7 1.03e+00    -  1.00e+00 6.27e-01h  1
 123  6.2700433e+00 3.72e-02 5.19e+01  -2.4 1.86e+00    -  8.06e-01 1.00e+00h  1
 124  6.0493027e+00 1.96e-02 2.21e+01  -2.6 1.37e+00    -  1.00e+00 1.00e+00h  1
 125  6.0954662e+00 1.13e-02 5.50e+01  -2.6 7.33e-01    -  9.55e-01 5.51e-01h  1
 126  6.2010411e+00 1.89e-02 3.61e+01  -2.7 8.27e-01    -  1.00e+00 1.00e+00h  1
 127  6.0789330e+00 1.37e-02 2.71e+01  -3.2 8.59e-01    -  1.00e+00 1.00e+00h  1
 128  6.1315644e+00 6.27e-03 2.33e+02  -3.2 6.41e-01    -  1.00e+00 5.76e-01h  1
 129  6.3382049e+00 8.00e-03 1.87e+02  -2.3 1.40e+00    -  8.59e-01 4.54e-01f  1
iter    objective    inf_pr   inf_du lg(mu)  ||d||  lg(rg) alpha_du alpha_pr  ls
 130  6.4290353e+00 1.88e-02 6.11e+01  -2.4 1.05e+00    -  8.02e-01 1.00e+00h  1
 131  6.3957489e+00 1.02e-02 1.66e+02  -2.4 6.19e-01    -  1.00e+00 4.56e-01h  1
 132  6.2831012e+00 1.10e-02 2.02e+01  -2.4 6.98e-01    -  1.00e+00 1.00e+00h  1
 133  6.3717216e+00 5.98e-03 2.41e+01  -2.4 5.26e-01    -  1.00e+00 1.00e+00h  1
 134  6.3996314e+00 6.76e-03 4.39e+01  -2.4 5.35e-01    -  8.14e-01 1.00e+00h  1
 135  6.3245388e+00 5.27e-03 1.25e+02  -3.0 7.03e-01    -  1.00e+00 3.65e-01h  1
 136  6.1210014e+00 9.40e-03 3.74e+01  -3.0 7.94e-01    -  1.00e+00 9.99e-01h  1
 137  5.9231806e+00 1.53e-02 4.78e+01  -3.1 8.24e-01    -  7.87e-01 7.74e-01h  1
 138  5.9204228e+00 7.42e-03 7.51e+01  -3.2 6.22e-01    -  1.00e+00 5.71e-01h  1
 139  5.9849202e+00 4.21e-03 5.80e+01  -3.0 5.51e-01    -  6.17e-01 5.00e-01h  2
iter    objective    inf_pr   inf_du lg(mu)  ||d||  lg(rg) alpha_du alpha_pr  ls
 140  5.9705222e+00 2.78e-03 1.01e+02  -3.2 5.56e-01    -  1.00e+00 4.91e-01h  1
 141  5.9592304e+00 2.00e-03 2.75e+02  -3.6 3.82e-01    -  1.00e+00 3.01e-01h  1
 142  5.8778096e+00 4.21e-03 8.79e+01  -3.5 5.91e-01    -  7.08e-01 6.42e-01h  1
 143  5.9156748e+00 1.97e-03 3.62e+01  -3.0 4.34e-01    -  6.79e-01 4.33e-01h  1
 144  5.9026909e+00 1.27e-03 6.19e+01  -3.4 3.04e-01    -  9.62e-01 5.75e-01h  1
 145  5.8440250e+00 5.90e-03 4.19e+01  -3.5 4.65e-01    -  1.00e+00 1.00e+00h  1
 146  5.7972136e+00 2.44e-03 4.26e+01  -3.7 3.70e-01    -  1.00e+00 8.35e-01h  1
 147  5.7825052e+00 2.05e-03 5.64e+01  -4.0 4.02e-01    -  5.83e-01 3.38e-01h  1
 148  5.8135014e+00 3.84e-03 2.98e+01  -3.2 6.73e-01    -  5.26e-01 4.81e-01h  1
 149  5.7867608e+00 4.33e-03 4.51e+01  -3.5 8.48e-01    -  3.16e-01 3.22e-01h  1
iter    objective    inf_pr   inf_du lg(mu)  ||d||  lg(rg) alpha_du alpha_pr  ls
 150  5.7400804e+00 7.34e-03 6.24e+01  -3.5 8.77e-01    -  7.79e-01 5.31e-01h  1
 151  5.7545305e+00 6.26e-03 7.16e+01  -3.2 5.07e-01    -  1.00e+00 1.00e+00f  1
 152  5.7343524e+00 2.51e-03 6.34e+01  -3.5 2.88e-01    -  9.38e-01 7.46e-01h  1
 153  5.6997597e+00 1.83e-03 3.90e+01  -4.0 4.27e-01    -  1.00e+00 5.17e-01h  1
 154  5.7194116e+00 4.25e-03 3.69e+01  -3.3 5.90e-01    -  1.00e+00 6.60e-01h  1
 155  5.7056566e+00 1.99e-03 1.21e+01  -3.4 2.86e-01    -  1.00e+00 1.00e+00h  1
 156  5.7116863e+00 1.29e-03 3.31e+02  -3.5 1.89e-01    -  7.34e-01 3.67e-01h  1
 157  5.7416423e+00 4.68e-04 6.35e+01  -3.6 2.13e-01    -  8.67e-01 8.03e-01H  1
 158  5.7204277e+00 1.19e-03 3.94e+01  -4.0 2.03e-01    -  1.00e+00 9.18e-01h  1
 159  5.6945187e+00 4.86e-04 3.02e+01  -4.1 1.67e-01    -  4.42e-01 6.84e-01h  1
iter    objective    inf_pr   inf_du lg(mu)  ||d||  lg(rg) alpha_du alpha_pr  ls
 160  5.7697849e+00 3.02e-03 1.04e+02  -3.3 2.78e-01    -  5.79e-01 1.00e+00f  1
 161  5.7437376e+00 1.59e-03 9.99e+01  -3.5 2.79e-01    -  1.00e+00 5.38e-01h  1
 162  5.7234818e+00 1.13e-03 6.71e+01  -3.5 2.24e-01    -  7.63e-01 5.44e-01f  1
 163  5.7228855e+00 3.65e-04 1.80e+01  -3.5 1.12e-01    -  1.00e+00 1.00e+00h  1
 164  5.7209256e+00 1.04e-03 2.40e+01  -3.5 2.15e-01    -  1.00e+00 1.00e+00h  1
 165  5.7127336e+00 4.92e-04 3.49e+01  -3.5 1.03e-01    -  1.00e+00 6.82e-01h  1
 166  5.7147687e+00 3.64e-04 7.99e+01  -3.5 6.14e-02    -  9.11e-01 2.50e-01f  3
 167  5.6981024e+00 5.27e-04 4.32e+01  -4.0 2.46e-01    -  1.00e+00 5.83e-01h  1
 168  5.6757780e+00 2.13e-03 1.23e+02  -4.1 7.88e-01    -  7.16e-01 3.10e-01h  1
 169  5.6689870e+00 2.12e-02 2.06e+02  -3.0 3.41e+00    -  1.89e-01 2.27e-01f  1
iter    objective    inf_pr   inf_du lg(mu)  ||d||  lg(rg) alpha_du alpha_pr  ls
 170  5.6562865e+00 1.84e-02 2.08e+02  -4.0 7.94e-01    -  2.79e-01 1.42e-01h  1
 171  5.6487429e+00 1.56e-02 4.17e+02  -3.4 5.90e-01    -  9.86e-01 1.57e-01h  1
 172  5.6168742e+00 7.68e-03 2.42e+02  -3.7 7.45e-01    -  3.14e-01 5.30e-01h  1
 173  5.7552788e+00 1.96e-02 1.79e+02  -2.5 2.61e+00    -  2.71e-01 2.76e-01f  1
 174  5.6956389e+00 2.77e-02 1.19e+02  -3.0 1.84e+00    -  3.61e-01 5.85e-01h  1
 175  5.5701767e+00 3.64e-02 1.57e+02  -3.0 3.31e+00    -  2.25e-01 4.05e-01h  1
 176  5.6561867e+00 3.27e-02 1.65e+02  -2.7 1.56e+00    -  7.25e-01 8.60e-01f  1
 177  5.6282733e+00 1.10e-02 7.72e+01  -2.9 7.28e-01    -  7.41e-01 7.26e-01h  1
 178  5.6257357e+00 8.99e-03 3.72e+01  -2.9 9.03e-01    -  9.04e-01 4.67e-01h  1
 179  5.6680242e+00 7.57e-03 3.84e+01  -2.9 9.68e-01    -  1.00e+00 6.43e-01h  1
iter    objective    inf_pr   inf_du lg(mu)  ||d||  lg(rg) alpha_du alpha_pr  ls
 180  5.6363246e+00 3.98e-03 3.38e+01  -3.1 4.86e-01    -  1.00e+00 7.25e-01h  1
 181  5.6309240e+00 2.59e-03 1.78e+02  -3.7 7.81e-01    -  6.06e-01 3.76e-01H  1
 182  5.5831968e+00 9.24e-03 7.25e+01  -3.6 1.06e+00    -  1.00e+00 6.81e-01h  1
 183  5.5833706e+00 9.46e-03 3.90e+01  -3.4 5.88e-01    -  1.00e+00 1.00e+00h  1
 184  5.5537820e+00 6.85e-03 5.63e+01  -4.0 5.96e-01    -  5.33e-01 3.51e-01h  1
 185  5.5277438e+00 5.99e-03 6.81e+01  -3.8 9.31e-01    -  4.34e-01 2.31e-01h  1
 186  5.5234678e+00 3.64e-03 7.41e+01  -3.9 2.82e-01    -  8.50e-01 4.03e-01h  1
 187  5.5661533e+00 2.13e-03 3.67e+01  -3.4 3.76e-01    -  1.00e+00 9.31e-01h  1
 188  5.5390726e+00 1.31e-03 9.47e+01  -3.9 2.34e-01    -  1.00e+00 5.77e-01h  1
 189  5.5274411e+00 1.31e-03 1.20e+02  -3.9 5.04e-01    -  1.00e+00 3.11e-01h  1
iter    objective    inf_pr   inf_du lg(mu)  ||d||  lg(rg) alpha_du alpha_pr  ls
 190  5.5562407e+00 3.23e-03 5.72e+01  -3.0 8.56e-01    -  4.31e-01 3.02e-01h  1
 191  5.5732189e+00 1.69e-03 1.18e+02  -3.4 3.17e-01    -  4.85e-01 1.00e+00H  1
 192  5.5655223e+00 6.96e-04 5.69e+01  -3.4 1.65e-01    -  1.00e+00 6.81e-01h  1
 193  5.5604710e+00 4.26e-04 4.48e+01  -3.7 1.51e-01    -  8.63e-01 3.89e-01h  1
 194  5.5272237e+00 6.52e-04 7.78e+01  -4.0 2.36e-01    -  9.87e-01 6.87e-01h  1
 195  5.5172279e+00 3.57e-03 6.48e+01  -4.0 5.90e-01    -  6.52e-01 5.69e-01h  1
 196  5.5024154e+00 7.42e-03 1.20e+02  -4.0 5.72e+00    -  1.58e-01 6.91e-02h  1
 197  5.5651075e+00 1.95e-02 1.91e+02  -3.2 1.27e+00    -  1.89e-01 8.04e-01h  1
 198  5.5423131e+00 1.89e-02 2.34e+02  -3.7 3.10e+00    -  3.69e-01 1.02e-01h  1
 199  5.4301550e+00 4.46e-02 3.65e+02  -3.7 8.36e+00    -  1.15e-01 1.24e-01h  1
iter    objective    inf_pr   inf_du lg(mu)  ||d||  lg(rg) alpha_du alpha_pr  ls
 200  5.4167286e+00 3.77e-02 3.43e+02  -3.4 1.14e+00    -  4.85e-01 1.75e-01h  1
 201  5.4222166e+00 2.77e-02 2.38e+02  -3.5 6.15e-01    -  6.12e-01 2.80e-01h  1
 202  5.4929505e+00 3.66e-02 1.56e+02  -2.9 1.20e+00    -  6.05e-01 4.16e-01h  1
 203  5.4568395e+00 3.58e-02 1.91e+02  -3.2 6.84e+00    -  2.19e-01 7.47e-02h  1
 204  5.3591655e+00 8.97e-02 2.92e+02  -3.2 6.79e+00    -  2.66e-01 2.42e-01h  1
 205  5.3128319e+00 5.94e-02 2.41e+02  -4.0 1.22e+00    -  5.46e-01 3.65e-01h  1
 206  5.4598813e+00 5.97e-02 8.14e+01  -2.8 1.50e+00    -  3.08e-01 8.23e-01h  1
 207  5.3317492e+00 7.75e-02 1.17e+02  -3.2 1.15e+01    -  8.20e-02 1.31e-01h  1
 208  5.2779065e+00 6.86e-02 1.53e+02  -3.2 7.81e+00    -  2.43e-01 1.07e-01h  1
 209  5.4185895e+00 4.19e-02 6.30e+01  -2.8 1.80e+00    -  7.87e-01 6.46e-01h  1
iter    objective    inf_pr   inf_du lg(mu)  ||d||  lg(rg) alpha_du alpha_pr  ls
 210  5.3768195e+00 3.85e-02 3.72e+01  -2.9 2.34e+00    -  2.89e-01 2.73e-01h  1
 211  5.4702232e+00 1.86e-02 1.91e+01  -2.9 1.08e+00    -  8.14e-01 5.92e-01h  1
 212  5.5756978e+00 1.39e-02 5.69e+01  -2.9 1.08e+00    -  9.92e-01 1.00e+00h  1
 213  5.5251701e+00 1.30e-02 1.42e+02  -3.0 1.65e+00    -  1.00e+00 2.45e-01h  1
 214  5.4950296e+00 1.36e-02 1.19e+02  -3.0 1.01e+00    -  4.35e-01 6.08e-01h  1
 215  5.4671270e+00 1.12e-02 7.21e+01  -3.4 9.87e-01    -  1.00e+00 2.25e-01h  1
 216  5.4185421e+00 8.96e-03 4.15e+01  -3.1 6.45e-01    -  6.67e-01 8.00e-01h  1
 217  5.4252607e+00 4.04e-03 5.86e+01  -3.2 5.01e-01    -  9.69e-01 7.61e-01h  1
 218  5.4306093e+00 3.84e-03 2.25e+02  -2.9 6.08e-01    -  1.00e+00 5.91e-02h  1
 219  5.4758591e+00 3.95e-03 1.54e+02  -2.9 6.02e-01    -  8.49e-01 3.81e-01h  1
iter    objective    inf_pr   inf_du lg(mu)  ||d||  lg(rg) alpha_du alpha_pr  ls
 220  5.4780766e+00 1.81e-03 7.26e+01  -4.0 3.54e-01    -  3.48e-01 4.74e-01h  1
 221  5.4757729e+00 1.14e-03 4.57e+01  -4.0 3.72e-01    -  4.60e-01 4.16e-01h  1
 222  5.4755025e+00 1.02e-03 1.11e+02  -4.0 3.59e-01    -  2.70e-01 1.08e-01h  1
 223  5.4719797e+00 8.50e-04 1.16e+02  -3.9 3.71e-01    -  8.95e-01 1.74e-01h  3
 224  5.4465455e+00 2.06e-03 6.25e+01  -4.0 5.43e-01    -  1.00e+00 4.53e-01h  1
 225  5.4332944e+00 1.92e-03 5.25e+01  -4.0 3.25e-01    -  1.00e+00 8.17e-01h  1
 226  5.4340855e+00 1.22e-03 4.16e+01  -4.0 2.68e-01    -  4.12e-01 3.98e-01h  1
 227  5.5055668e+00 2.70e-03 9.28e+02  -3.2 3.88e-01    -  1.68e-01 1.00e+00h  1
 228  5.4767558e+00 3.22e-03 3.66e+01  -3.8 2.98e-01    -  1.00e+00 9.40e-01h  1
 229  5.4517871e+00 2.19e-03 3.70e+02  -3.8 4.67e-01    -  6.66e-01 2.92e-01h  1
iter    objective    inf_pr   inf_du lg(mu)  ||d||  lg(rg) alpha_du alpha_pr  ls
 230  5.4375460e+00 1.48e-03 5.69e+02  -3.8 2.57e-01    -  1.05e-01 8.23e-01h  1
 231  5.4403290e+00 6.27e-04 4.77e+01  -4.0 1.36e-01    -  1.00e+00 8.04e-01h  1
 232  5.4522384e+00 2.20e-04 1.03e+01  -4.0 9.41e-02    -  1.00e+00 9.50e-01h  1
 233  5.5019186e+00 8.39e-04 6.45e+01  -3.4 1.65e-01    -  8.65e-01 1.00e+00f  1
 234  5.5003448e+00 7.69e-04 4.85e+02  -3.6 4.13e-01    -  1.00e+00 8.54e-02h  1
 235  5.4875394e+00 9.49e-04 6.84e+02  -3.6 7.63e-01    -  1.00e+00 2.40e-01h  1
 236  5.4750789e+00 1.36e-03 3.83e+02  -3.6 4.64e-01    -  7.38e-01 3.77e-01h  1
 237  5.4784528e+00 1.65e-03 4.90e+01  -3.6 2.54e-01    -  1.00e+00 9.65e-01h  1
 238  5.4750703e+00 6.07e-04 2.36e+02  -3.6 1.53e-01    -  2.06e-01 1.00e+00f  1
 239  5.4741764e+00 3.20e-04 1.28e+01  -3.6 6.94e-02    -  1.00e+00 1.00e+00h  1
iter    objective    inf_pr   inf_du lg(mu)  ||d||  lg(rg) alpha_du alpha_pr  ls
 240  5.4800962e+00 1.48e-04 8.96e+00  -3.6 6.92e-02    -  1.00e+00 1.00e+00h  1
 241  5.4817347e+00 5.90e-05 6.97e+00  -3.6 4.81e-02    -  1.00e+00 1.00e+00h  1
 242  5.4711671e+00 1.77e-04 1.28e+01  -4.0 9.30e-02    -  1.00e+00 1.00e+00h  1
 243  5.4478046e+00 1.44e-03 4.49e+01  -4.1 2.91e-01    -  1.00e+00 8.03e-01h  1
 244  5.4375926e+00 7.79e-04 1.01e+02  -4.1 1.91e-01    -  1.00e+00 4.43e-01h  1
 245  5.4385904e+00 5.77e-04 1.04e+02  -4.1 1.42e-01    -  7.50e-01 2.63e-01h  1
 246  5.4371858e+00 1.28e-03 2.55e+01  -4.0 2.63e-01    -  1.00e+00 1.00e+00h  1
 247  5.4221370e+00 6.15e-04 2.77e+01  -4.1 1.75e-01    -  5.68e-01 5.31e-01h  1
 248  5.4235968e+00 3.99e-04 1.04e+02  -4.0 1.52e-01    -  9.15e-01 4.77e-01h  1
 249  5.4346311e+00 5.93e-04 3.65e+01  -4.0 1.64e-01    -  1.00e+00 1.00e+00h  1
iter    objective    inf_pr   inf_du lg(mu)  ||d||  lg(rg) alpha_du alpha_pr  ls
 250  5.4271969e+00 3.46e-04 5.55e+01  -4.0 1.21e-01    -  1.00e+00 6.60e-01h  1
 251  5.4289768e+00 1.77e-04 5.81e+00  -4.0 8.19e-02    -  1.00e+00 1.00e+00h  1
 252  5.4357216e+00 8.63e-05 1.32e+02  -3.7 8.19e-02    -  1.00e+00 5.00e-01h  2
 253  5.4389253e+00 6.47e-05 1.47e+02  -4.0 9.00e-02    -  1.00e+00 2.50e-01h  3
 254  5.4412413e+00 5.11e-05 2.14e+02  -4.0 1.18e-01    -  1.00e+00 2.50e-01h  3
 255  5.4482222e+00 3.64e-05 6.33e+00  -4.0 4.02e-02    -  1.00e+00 1.00e+00h  1
 256  5.4464049e+00 1.11e-04 1.97e+01  -4.0 6.01e-02    -  1.00e+00 1.00e+00h  1
 257  5.4378688e+00 1.04e-04 3.85e+00  -4.1 5.90e-02    -  1.00e+00 1.00e+00h  1
 258  5.4420349e+00 2.23e-05 4.49e+00  -4.1 3.81e-02    -  1.00e+00 1.00e+00h  1
 259  5.4460946e+00 1.29e-03 5.04e+01  -3.8 2.64e-01    -  1.00e+00 9.04e-01h  1
iter    objective    inf_pr   inf_du lg(mu)  ||d||  lg(rg) alpha_du alpha_pr  ls
 260  5.4223698e+00 7.35e-04 1.90e+01  -3.9 2.22e-01    -  7.89e-01 8.35e-01h  1
 261  5.4226166e+00 4.53e-04 1.02e+02  -3.9 1.50e-01    -  9.45e-01 3.97e-01h  1
 262  5.4251781e+00 2.90e-04 5.11e+01  -4.0 1.06e-01    -  5.00e-01 5.00e-01h  2
 263  5.4246340e+00 2.36e-04 3.27e+01  -4.0 2.12e-01    -  1.00e+00 4.30e-01h  2
 264  5.4322243e+00 9.12e-05 1.39e+00  -4.0 5.24e-02    -  1.00e+00 1.00e+00h  1
 265  5.4355841e+00 4.33e-05 3.29e+01  -4.1 3.86e-02    -  7.64e-01 1.00e+00h  1
 266  5.4396378e+00 1.54e-05 3.74e+01  -4.0 1.17e-01    -  1.00e+00 1.00e+00H  1
 267  5.4328623e+00 1.11e-03 6.67e+01  -4.0 2.86e-01    -  1.00e+00 6.74e-01h  1
 268  5.4196492e+00 1.08e-03 6.61e+01  -4.1 2.00e-01    -  8.97e-01 9.13e-01h  1
 269  5.4245906e+00 2.51e-04 2.57e+01  -4.0 1.10e-01    -  1.00e+00 8.32e-01f  1
iter    objective    inf_pr   inf_du lg(mu)  ||d||  lg(rg) alpha_du alpha_pr  ls
 270  5.4243917e+00 2.89e-04 1.42e+01  -4.0 1.06e-01    -  1.00e+00 1.00e+00h  1
 271  5.4249202e+00 2.05e-04 9.33e+01  -4.0 6.67e-02    -  1.00e+00 3.05e-01h  1
 272  5.4286817e+00 1.10e-04 8.55e+00  -4.0 5.57e-02    -  1.00e+00 1.00e+00h  1
 273  5.4278780e+00 1.15e-04 7.62e+00  -4.0 6.17e-02    -  1.00e+00 1.00e+00h  1
 274  5.4277801e+00 5.23e-05 2.06e+00  -4.0 3.83e-02    -  1.00e+00 1.00e+00h  1
 275  5.4312130e+00 8.27e-06 3.30e+00  -4.0 1.78e-02    -  1.00e+00 1.00e+00h  1
 276  5.4344936e+00 1.40e-06 5.88e+00  -4.0 2.56e-02    -  1.00e+00 1.00e+00H  1
 277  5.4329562e+00 1.08e-05 3.84e+00  -4.0 1.74e-02    -  1.00e+00 1.00e+00h  1
 278  5.4331594e+00 1.35e-06 7.30e-01  -4.0 9.93e-03    -  1.00e+00 1.00e+00h  1
 279  5.4338247e+00 1.68e-06 8.51e-01  -4.0 6.42e-03    -  1.00e+00 1.00e+00h  1
iter    objective    inf_pr   inf_du lg(mu)  ||d||  lg(rg) alpha_du alpha_pr  ls
 280  5.4309158e+00 9.97e-05 7.90e+00  -4.1 5.09e-02    -  1.00e+00 1.00e+00h  1
 281  5.4262927e+00 3.09e-03 5.26e+01  -4.1 5.16e-01    -  1.00e+00 5.51e-01h  1
 282  5.4203778e+00 5.56e-03 1.16e+02  -4.1 9.32e-01    -  3.10e-01 3.68e-01h  1
 283  5.4089465e+00 3.66e-03 1.23e+02  -4.1 3.83e-01    -  5.89e-01 3.73e-01h  1
 284  5.4066201e+00 3.06e-03 1.01e+02  -4.0 2.30e-01    -  5.18e-01 1.76e-01h  1
 285  5.4141308e+00 1.89e-03 7.51e+01  -3.8 1.39e-01    -  9.90e-01 3.84e-01h  1
 286  5.4142738e+00 1.57e-03 6.90e+01  -4.0 1.81e-01    -  5.41e-01 1.77e-01h  1
 287  5.4172654e+00 9.75e-04 3.71e+01  -4.0 1.79e-01    -  1.00e+00 7.16e-01h  1
 288  5.4277182e+00 4.12e-03 1.01e+02  -3.6 6.66e-01    -  1.00e+00 5.73e-01h  1
 289  5.4053291e+00 1.10e-03 1.10e+02  -3.7 2.11e-01    -  8.10e-01 1.00e+00h  1
iter    objective    inf_pr   inf_du lg(mu)  ||d||  lg(rg) alpha_du alpha_pr  ls
 290  5.4118929e+00 6.87e-04 1.22e+02  -3.5 2.49e-01    -  9.35e-01 3.45e-01h  1
 291  5.4129958e+00 6.24e-04 1.60e+02  -3.8 1.15e-01    -  1.00e+00 9.42e-02h  1
 292  5.4193219e+00 3.01e-04 2.14e+01  -4.0 1.06e-01    -  1.00e+00 1.00e+00h  1
 293  5.4111520e+00 2.40e-04 1.24e+01  -4.0 9.08e-02    -  1.00e+00 1.00e+00h  1
 294  5.4106586e+00 1.47e-04 6.36e+00  -4.0 7.86e-02    -  1.00e+00 1.00e+00h  1
 295  5.4183698e+00 1.01e-04 1.29e+02  -3.6 7.59e-02    -  1.00e+00 5.62e-01h  1
 296  5.4651501e+00 1.13e-03 4.06e+01  -3.3 2.03e-01    -  9.94e-01 1.00e+00f  1
 297  5.4696177e+00 6.66e-04 1.51e+02  -3.4 1.47e-01    -  1.00e+00 4.10e-01h  1
 298  5.4662172e+00 2.01e-04 1.32e+01  -3.4 9.08e-02    -  1.00e+00 1.00e+00f  1
 299  5.4677874e+00 2.57e-04 1.21e+01  -3.4 9.65e-02    -  1.00e+00 1.00e+00h  1
iter    objective    inf_pr   inf_du lg(mu)  ||d||  lg(rg) alpha_du alpha_pr  ls
 300  5.4726266e+00 1.17e-04 3.41e+00  -3.4 6.46e-02    -  1.00e+00 1.00e+00h  1
 301  5.4758089e+00 7.10e-06 4.25e+00  -3.4 1.53e-02    -  1.00e+00 1.00e+00h  1
 302  5.4922348e+00 5.35e-06 2.00e+01  -3.4 9.70e-02    -  1.00e+00 1.00e+00H  1
 303  5.4906141e+00 5.24e-06 2.66e+01  -3.4 7.22e-02    -  1.00e+00 1.00e+00H  1
 304  5.4894256e+00 6.84e-06 6.55e+01  -3.4 8.56e-02    -  1.00e+00 1.71e-01h  3
 305  5.4889413e+00 7.71e-07 2.29e+00  -3.4 2.11e-02    -  1.00e+00 1.00e+00H  1
 306  5.4661086e+00 3.02e-04 1.38e+01  -3.8 1.51e-01    -  1.00e+00 7.34e-01f  1
 307  5.4307941e+00 5.65e-04 5.65e+01  -3.9 2.57e-01    -  1.00e+00 5.44e-01h  1
 308  5.4116177e+00 7.71e-04 5.60e+01  -3.9 2.64e-01    -  8.48e-01 6.46e-01h  1
 309  5.4114297e+00 3.86e-04 5.30e+01  -3.9 8.64e-02    -  8.65e-01 5.00e-01f  2
iter    objective    inf_pr   inf_du lg(mu)  ||d||  lg(rg) alpha_du alpha_pr  ls
 310  5.4134569e+00 1.91e-04 3.15e+01  -3.9 9.58e-02    -  1.00e+00 7.86e-01h  1
 311  5.4126259e+00 9.94e-05 8.80e+00  -3.9 6.01e-02    -  1.00e+00 1.00e+00f  1
 312  5.4099189e+00 3.77e-05 5.04e+00  -4.0 3.72e-02    -  1.00e+00 1.00e+00h  1
 313  5.4139684e+00 3.31e-06 3.43e+00  -4.0 1.63e-02    -  1.00e+00 1.00e+00h  1
 314  5.4385013e+00 1.45e-04 1.25e+01  -3.6 7.82e-02    -  1.00e+00 1.00e+00h  1
 315  5.4366519e+00 1.35e-04 1.40e+01  -3.7 6.57e-02    -  1.00e+00 9.99e-01h  1
 316  5.4293821e+00 6.33e-05 5.14e+00  -3.7 4.34e-02    -  1.00e+00 1.00e+00f  1
 317  5.4323867e+00 7.02e-06 1.87e+00  -3.7 1.59e-02    -  1.00e+00 1.00e+00h  1
 318  5.4348093e+00 6.22e-06 3.81e+00  -3.7 1.41e-02    -  1.00e+00 1.00e+00h  1
 319  5.4365819e+00 3.18e-06 1.19e+01  -3.7 6.27e-02    -  1.00e+00 1.00e+00H  1
iter    objective    inf_pr   inf_du lg(mu)  ||d||  lg(rg) alpha_du alpha_pr  ls
 320  5.4345065e+00 2.05e-05 9.07e+00  -3.7 3.58e-02    -  1.00e+00 1.00e+00h  1
 321  5.4341386e+00 4.64e-05 6.94e+00  -3.7 4.83e-02    -  1.00e+00 1.00e+00h  1
 322  5.4345449e+00 1.81e-05 2.24e+00  -3.7 3.04e-02    -  1.00e+00 1.00e+00h  1
 323  5.4353108e+00 1.29e-05 2.28e+00  -3.7 2.27e-02    -  1.00e+00 1.00e+00h  1
 324  5.4323326e+00 2.35e-03 5.21e+01  -3.7 6.86e-01    -  8.31e-01 4.29e-01h  1
 325  5.4198681e+00 2.01e-04 3.34e+01  -3.7 9.09e-02    -  1.00e+00 1.00e+00h  1
 326  5.4271203e+00 4.12e-05 1.87e+02  -3.7 8.54e-02    -  2.96e-01 8.86e-01H  1
 327  5.4285101e+00 3.45e-05 1.82e+02  -3.7 6.24e-02    -  1.00e+00 2.50e-01f  3
 328  5.4322576e+00 9.04e-06 1.13e+01  -3.7 8.65e-02    -  9.09e-01 1.00e+00H  1
 329  5.4320514e+00 3.41e-05 3.96e+01  -3.7 4.61e-01    -  6.98e-01 6.25e-02h  5
iter    objective    inf_pr   inf_du lg(mu)  ||d||  lg(rg) alpha_du alpha_pr  ls
 330  5.4318376e+00 4.50e-05 1.07e+02  -3.7 2.82e-01    -  1.00e+00 6.25e-02h  5
 331  5.4317168e+00 5.06e-05 1.09e+02  -3.7 4.48e-01    -  5.77e-01 3.12e-02h  6
 332  5.4316287e+00 5.17e-05 1.11e+02  -3.7 2.19e+00    -  2.58e-01 2.91e-03h  8
 333  5.4315234e+00 5.31e-05 1.07e+02  -3.7 1.63e+00    -  3.09e-01 4.59e-03h  8
 334  5.4199047e+00 1.57e-02 1.91e+02  -3.7 2.07e+00    -  4.36e-01 4.17e-01h  1
 335  5.3690875e+00 2.03e-03 1.52e+02  -3.7 3.16e-01    -  8.22e-01 1.00e+00h  1
 336  5.4348885e+00 3.26e-03 1.52e+02  -2.9 5.90e-01    -  1.00e+00 6.28e-01h  1
 337  5.4453580e+00 1.17e-02 7.08e+01  -3.0 7.30e-01    -  5.73e-01 6.29e-01h  1
 338  5.4722712e+00 1.45e-03 2.21e+01  -3.0 2.84e-01    -  1.00e+00 1.00e+00h  1
 339  5.4851221e+00 1.40e-03 1.43e+01  -3.0 2.46e-01    -  1.00e+00 1.00e+00h  1
iter    objective    inf_pr   inf_du lg(mu)  ||d||  lg(rg) alpha_du alpha_pr  ls
 340  5.5189189e+00 1.83e-03 3.01e+01  -3.0 2.22e-01    -  1.00e+00 1.00e+00h  1
 341  5.5033616e+00 1.40e-03 1.41e+01  -3.0 1.87e-01    -  1.00e+00 1.00e+00h  1
 342  5.5106298e+00 6.46e-04 1.03e+02  -3.0 1.83e-01    -  1.00e+00 7.94e-01h  1
 343  5.5159253e+00 4.89e-04 1.84e+02  -3.0 1.38e-01    -  6.78e-01 2.50e-01h  3
 344  5.5184831e+00 3.89e-04 9.02e+01  -3.0 2.27e-01    -  4.68e-01 1.53e-01h  1
 345  5.5214657e+00 3.39e-04 3.40e+01  -3.0 1.36e-01    -  8.64e-01 1.25e-01f  4
 346  5.5407777e+00 2.46e-04 3.73e+01  -3.0 1.56e-01    -  1.00e+00 5.00e-01h  2
 347  5.5492982e+00 2.07e-04 2.81e+02  -3.0 1.95e-01    -  1.00e+00 2.50e-01h  3
 348  5.5871899e+00 2.16e-04 4.64e+01  -3.0 1.28e-01    -  8.69e-01 1.00e+00H  1
 349  5.5812629e+00 2.21e-04 2.19e+01  -3.0 1.05e-01    -  1.00e+00 1.00e+00h  1
iter    objective    inf_pr   inf_du lg(mu)  ||d||  lg(rg) alpha_du alpha_pr  ls
 350  5.5724939e+00 1.11e-04 3.27e+01  -3.0 8.02e-02    -  1.00e+00 6.57e-01h  1
 351  5.5778340e+00 4.25e-05 6.21e+00  -3.0 3.52e-02    -  1.00e+00 1.00e+00f  1
 352  5.5909639e+00 1.50e-05 1.16e+01  -3.0 8.72e-02    -  1.00e+00 1.00e+00H  1
 353  5.5924543e+00 6.50e-05 1.61e+01  -3.0 2.60e-01    -  1.00e+00 2.50e-01h  3
 354  5.5931428e+00 1.10e-04 3.34e+01  -3.0 2.89e-01    -  1.00e+00 2.50e-01h  3
 355  5.5939382e+00 1.07e-04 1.99e+01  -3.0 1.39e-01    -  1.00e+00 5.00e-01h  2
 356  5.5984676e+00 6.11e-05 8.48e+00  -3.0 3.91e-02    -  1.00e+00 1.00e+00h  1
 357  5.6027615e+00 2.38e-05 3.20e+00  -3.0 3.17e-02    -  1.00e+00 1.00e+00h  1
 358  5.6128784e+00 2.28e-06 1.55e+01  -3.0 8.80e-02    -  1.00e+00 1.00e+00H  1
 359  5.6127991e+00 1.61e-05 1.81e+01  -3.0 1.51e-01    -  1.00e+00 1.25e-01h  4
iter    objective    inf_pr   inf_du lg(mu)  ||d||  lg(rg) alpha_du alpha_pr  ls
 360  5.6120717e+00 7.93e-05 2.47e+01  -3.0 1.60e-01    -  1.00e+00 2.50e-01h  3
 361  5.6100534e+00 1.83e-04 3.44e+01  -3.0 2.18e-01    -  1.00e+00 2.50e-01h  3
 362  5.6168229e+00 2.44e-07 2.66e+01  -3.0 8.60e-02    -  1.00e+00 1.00e+00H  1
 363  5.5369265e+00 8.20e-03 6.47e+01  -3.4 4.86e-01    -  1.00e+00 1.00e+00f  1
 364  5.5130831e+00 7.68e-03 8.44e+01  -3.5 1.17e+00    -  4.20e-01 7.11e-02h  1
 365  5.4567001e+00 3.27e-03 7.77e+01  -3.5 4.85e-01    -  3.67e-01 7.30e-01f  1
 366  5.4505917e+00 7.17e-04 2.86e+01  -3.5 2.04e-01    -  1.00e+00 1.00e+00h  1
 367  5.4563023e+00 5.86e-04 2.59e+01  -3.5 1.40e-01    -  9.30e-01 1.00e+00H  1
 368  5.4549364e+00 4.86e-04 1.36e+02  -3.5 8.10e-02    -  1.00e+00 1.78e-01h  1
 369  5.4481084e+00 2.58e-04 6.91e+00  -3.5 9.21e-02    -  1.00e+00 1.00e+00f  1
iter    objective    inf_pr   inf_du lg(mu)  ||d||  lg(rg) alpha_du alpha_pr  ls
 370  5.4516430e+00 2.42e-04 2.03e+01  -3.5 7.24e-02    -  1.00e+00 1.00e+00h  1
 371  5.4491017e+00 1.13e-04 3.88e+00  -3.5 5.85e-02    -  1.00e+00 1.00e+00h  1
 372  5.4507249e+00 1.28e-05 3.52e+00  -3.5 1.73e-02    -  1.00e+00 1.00e+00h  1
 373  5.4548141e+00 7.72e-07 5.09e+00  -3.5 3.14e-02    -  1.00e+00 1.00e+00H  1
 374  5.4352313e+00 5.18e-04 2.03e+01  -4.0 9.66e-02    -  1.00e+00 1.00e+00h  1
 375  5.4126837e+00 7.00e-04 4.02e+01  -4.1 2.84e-01    -  5.77e-01 3.97e-01h  1
 376  5.4094993e+00 6.35e-04 2.01e+02  -4.1 2.13e-01    -  8.22e-01 1.00e-01h  1
 377  5.4047099e+00 2.28e-04 3.89e+01  -4.0 9.01e-02    -  7.69e-01 6.71e-01f  1
 378  5.3996906e+00 5.64e-05 4.94e+00  -4.0 3.75e-02    -  1.00e+00 1.00e+00h  1
 379  5.4022340e+00 3.07e-05 5.08e+00  -4.0 3.62e-02    -  1.00e+00 8.91e-01h  1
iter    objective    inf_pr   inf_du lg(mu)  ||d||  lg(rg) alpha_du alpha_pr  ls
 380  5.4023173e+00 3.12e-06 2.54e+00  -4.0 1.37e-02    -  1.00e+00 1.00e+00h  1
 381  5.4033446e+00 3.95e-06 3.80e+00  -4.0 2.13e-02    -  1.00e+00 1.00e+00H  1
 382  5.4021608e+00 1.05e-05 2.84e+00  -4.0 1.60e-02    -  1.00e+00 1.00e+00h  1
 383  5.4021374e+00 9.35e-06 1.64e+00  -4.0 1.16e-02    -  1.00e+00 1.00e+00h  1
 384  5.4010566e+00 3.74e-04 1.67e+01  -4.0 7.57e-02    -  1.00e+00 1.00e+00h  1
 385  5.3952589e+00 3.20e-04 2.33e+01  -4.1 8.24e-02    -  1.00e+00 1.00e+00h  1
 386  5.3930912e+00 1.58e-04 7.29e+00  -4.1 6.17e-02    -  9.62e-01 1.00e+00h  1
 387  5.3935526e+00 9.34e-05 7.10e+00  -4.0 7.24e-02    -  1.00e+00 8.28e-01h  1
 388  5.4027195e+00 4.23e-05 4.85e+00  -3.7 4.94e-02    -  1.00e+00 1.00e+00h  1
 389  5.4057437e+00 3.76e-05 6.97e+00  -3.8 2.81e-02    -  1.00e+00 1.00e+00h  1
iter    objective    inf_pr   inf_du lg(mu)  ||d||  lg(rg) alpha_du alpha_pr  ls
 390  5.4093048e+00 3.64e-05 6.87e+00  -3.8 3.87e-02    -  1.00e+00 1.00e+00h  1
 391  5.4060973e+00 1.82e-05 2.24e+00  -3.8 2.66e-02    -  1.00e+00 1.00e+00h  1
 392  5.4076490e+00 1.85e-06 7.34e-01  -3.8 7.09e-03    -  1.00e+00 1.00e+00h  1
 393  5.4100324e+00 5.29e-07 2.49e+00  -3.8 1.08e-02    -  1.00e+00 1.00e+00H  1
 394  5.4016111e+00 6.30e-05 4.70e+00  -4.0 3.28e-02    -  1.00e+00 1.00e+00h  1
 395  5.4006574e+00 1.93e-05 1.48e+01  -4.0 6.18e-02    -  1.00e+00 1.00e+00H  1
 396  5.3994868e+00 2.22e-05 9.62e+00  -4.0 2.74e-02    -  1.00e+00 1.00e+00h  1
 397  5.3983823e+00 5.94e-05 3.89e+00  -4.0 4.69e-02    -  1.00e+00 1.00e+00h  1
 398  5.3993605e+00 2.11e-05 3.32e+00  -4.0 2.56e-02    -  1.00e+00 1.00e+00h  1
 399  5.3990433e+00 1.12e-05 3.11e+00  -4.0 1.98e-02    -  1.00e+00 1.00e+00h  1
iter    objective    inf_pr   inf_du lg(mu)  ||d||  lg(rg) alpha_du alpha_pr  ls
 400  5.3984356e+00 3.91e-06 1.82e+00  -4.0 1.34e-02    -  1.00e+00 1.00e+00h  1
 401  5.3992829e+00 6.08e-07 1.99e+00  -4.0 1.19e-02    -  1.00e+00 1.00e+00H  1
 402  5.3998419e+00 1.19e-07 5.26e+00  -4.0 1.67e-02    -  1.00e+00 1.00e+00H  1
 403  5.3994016e+00 5.26e-06 1.78e+00  -4.0 1.35e-02    -  1.00e+00 1.00e+00h  1
 404  5.3981121e+00 3.14e-06 1.71e+00  -4.1 1.15e-02    -  1.00e+00 1.00e+00h  1
 405  5.3992164e+00 2.73e-06 5.22e-01  -4.0 8.71e-03    -  1.00e+00 1.00e+00h  1
 406  5.3972009e+00 1.12e-06 1.72e+00  -4.1 9.55e-03    -  1.00e+00 1.00e+00H  1
 407  5.3987414e+00 9.05e-05 8.91e+00  -4.0 3.73e-02    -  1.00e+00 1.00e+00h  1
 408  5.3937355e+00 8.86e-04 2.79e+01  -4.1 1.30e-01    -  1.00e+00 1.00e+00h  1
 409  5.3871052e+00 2.84e-04 4.33e+01  -4.1 7.43e-02    -  6.92e-01 1.00e+00h  1
iter    objective    inf_pr   inf_du lg(mu)  ||d||  lg(rg) alpha_du alpha_pr  ls
 410  5.3940624e+00 4.35e-05 7.62e+00  -4.0 3.79e-02    -  1.00e+00 1.00e+00h  1
 411  5.3941298e+00 2.90e-05 6.07e+00  -4.0 2.92e-02    -  1.00e+00 1.00e+00h  1
 412  5.3956889e+00 6.09e-06 1.63e+00  -4.0 1.83e-02    -  1.00e+00 1.00e+00h  1
 413  5.3989345e+00 2.55e-06 2.37e+00  -4.0 1.26e-02    -  1.00e+00 1.00e+00h  1
 414  5.3955335e+00 9.67e-06 1.02e+01  -4.1 6.09e-02    -  1.00e+00 1.00e+00H  1
 415  5.3978487e+00 1.78e-04 2.19e+01  -4.0 8.18e-02    -  1.00e+00 1.00e+00h  1
 416  5.3904058e+00 2.11e-04 2.81e+00  -4.1 8.79e-02    -  1.00e+00 1.00e+00h  1
 417  5.3960689e+00 2.37e-04 8.75e+00  -4.0 6.62e-02    -  1.00e+00 1.00e+00h  1
 418  5.3876259e+00 1.30e-04 1.52e+00  -4.1 6.24e-02    -  1.00e+00 1.00e+00h  1
 419  5.3962753e+00 1.96e-05 3.74e+00  -4.0 3.23e-02    -  1.00e+00 1.00e+00h  1
iter    objective    inf_pr   inf_du lg(mu)  ||d||  lg(rg) alpha_du alpha_pr  ls
 420  5.3949144e+00 1.70e-05 6.61e+00  -4.1 4.20e-02    -  1.00e+00 1.00e+00H  1
 421  5.3964472e+00 6.95e-05 1.10e+01  -4.0 3.91e-02    -  1.00e+00 1.00e+00h  1
 422  5.3926949e+00 2.98e-05 3.79e+00  -4.1 2.89e-02    -  1.00e+00 1.00e+00h  1
 423  5.3979804e+00 3.01e-05 6.54e+00  -4.0 3.27e-02    -  1.00e+00 1.00e+00h  1
 424  5.3930998e+00 7.16e-05 2.06e+00  -4.1 3.37e-02    -  1.00e+00 1.00e+00h  1
 425  5.3924314e+00 7.64e-05 1.40e+01  -4.1 5.14e-02    -  1.00e+00 1.00e+00h  1
 426  5.3945582e+00 6.00e-05 3.37e+01  -4.0 4.31e-02    -  5.95e-01 1.00e+00h  1
 427  5.3916253e+00 2.29e-05 2.08e+00  -4.1 2.60e-02    -  1.00e+00 1.00e+00h  1
 428  5.4000042e+00 6.50e-06 7.81e+00  -4.0 2.97e-02    -  1.00e+00 1.00e+00H  1
 429  5.3927022e+00 2.09e-05 6.80e-01  -4.1 2.87e-02    -  1.00e+00 1.00e+00h  1
iter    objective    inf_pr   inf_du lg(mu)  ||d||  lg(rg) alpha_du alpha_pr  ls
 430  5.3934657e+00 6.45e-07 8.78e-01  -4.1 4.78e-03    -  1.00e+00 1.00e+00h  1
 431  5.3986681e+00 3.48e-07 3.41e+00  -4.0 2.48e-02    -  1.00e+00 1.00e+00H  1
 432  5.3982200e+00 3.95e-06 4.02e+00  -4.0 1.14e-02    -  1.00e+00 1.00e+00h  1
 433  5.3939589e+00 1.50e-05 1.32e+00  -4.1 2.00e-02    -  1.00e+00 1.00e+00h  1
 434  5.3952384e+00 1.06e-06 4.50e+00  -4.1 2.39e-02    -  1.00e+00 1.00e+00H  1
 435  5.3933836e+00 1.37e-05 8.18e-01  -4.1 2.07e-02    -  1.00e+00 1.00e+00h  1
 436  5.3976059e+00 7.07e-06 1.44e+00  -4.0 1.85e-02    -  1.00e+00 1.00e+00h  1
 437  5.3941683e+00 1.58e-05 2.86e+00  -4.1 2.28e-02    -  1.00e+00 1.00e+00h  1
 438  5.3935865e+00 3.39e-06 1.21e+00  -4.1 1.40e-02    -  1.00e+00 1.00e+00h  1
 439  5.3941168e+00 5.66e-07 3.76e-01  -4.1 3.26e-03    -  1.00e+00 1.00e+00h  1
iter    objective    inf_pr   inf_du lg(mu)  ||d||  lg(rg) alpha_du alpha_pr  ls
 440  5.3944151e+00 2.92e-07 3.03e+00  -4.1 1.31e-02    -  1.00e+00 1.00e+00H  1
 441  5.3983068e+00 1.09e-05 2.12e+00  -4.0 1.51e-02    -  1.00e+00 1.00e+00h  1
 442  5.3933402e+00 2.72e-05 3.14e+00  -4.1 2.59e-02    -  1.00e+00 1.00e+00h  1
 443  5.3935996e+00 4.69e-06 1.77e+00  -4.1 1.50e-02    -  1.00e+00 1.00e+00h  1
 444  5.3939844e+00 3.78e-06 1.59e+00  -4.1 1.10e-02    -  1.00e+00 1.00e+00h  1
 445  5.3940497e+00 1.53e-06 8.39e-01  -4.1 5.81e-03    -  1.00e+00 1.00e+00h  1
 446  5.3941329e+00 3.58e-07 5.22e-01  -4.1 2.75e-03    -  1.00e+00 1.00e+00h  1
 447  5.3984483e+00 8.42e-05 8.90e+00  -4.0 4.44e-02    -  1.00e+00 1.00e+00h  1
 448  5.3936295e+00 4.45e-05 1.45e+01  -4.1 3.60e-02    -  1.00e+00 1.00e+00h  1
 449  5.3924971e+00 5.71e-05 5.67e+00  -4.1 4.79e-02    -  1.00e+00 1.00e+00h  1
iter    objective    inf_pr   inf_du lg(mu)  ||d||  lg(rg) alpha_du alpha_pr  ls
 450  5.3925619e+00 4.25e-05 1.20e+00  -4.1 3.52e-02    -  1.00e+00 1.00e+00h  1
 451  5.3962009e+00 1.70e-05 3.70e+00  -4.0 2.10e-02    -  1.00e+00 1.00e+00h  1
 452  5.3970853e+00 2.12e-05 2.75e+01  -4.1 1.07e-01    -  1.00e+00 1.00e+00H  1
 453  5.3914142e+00 1.06e-04 1.42e+01  -4.1 4.98e-02    -  1.00e+00 1.00e+00h  1
 454  5.3910522e+00 4.34e-05 5.85e+00  -4.1 3.80e-02    -  1.00e+00 8.99e-01h  1
 455  5.3960456e+00 5.40e-05 2.07e+00  -4.0 3.01e-02    -  1.00e+00 1.00e+00f  1
 456  5.3931264e+00 1.82e-05 4.23e+00  -4.1 2.71e-02    -  1.00e+00 1.00e+00h  1
 457  5.3940624e+00 9.29e-06 1.80e+01  -4.1 7.53e-02    -  1.00e+00 1.00e+00H  1
 458  5.3939734e+00 1.67e-05 2.29e+01  -4.1 2.53e-01    -  1.00e+00 6.08e-02h  5
 459  5.3906136e+00 1.19e-03 5.33e+01  -4.1 3.07e-01    -  1.00e+00 6.20e-01h  1
iter    objective    inf_pr   inf_du lg(mu)  ||d||  lg(rg) alpha_du alpha_pr  ls
 460  5.3855687e+00 9.15e-04 1.67e+01  -4.1 1.83e-01    -  1.00e+00 7.45e-01h  1
 461  5.3856838e+00 5.46e-04 4.94e+01  -4.0 1.97e-01    -  1.00e+00 5.49e-01f  1
 462  5.3876530e+00 1.59e-04 4.74e+00  -4.0 8.06e-02    -  1.00e+00 1.00e+00h  1
 463  5.3890722e+00 1.68e-04 1.35e+01  -4.1 7.47e-02    -  9.43e-01 1.00e+00h  1
 464  5.3893683e+00 1.50e-04 4.65e+00  -4.1 7.87e-02    -  1.00e+00 1.00e+00h  1
 465  5.3881533e+00 1.66e-04 1.06e+01  -4.1 8.90e-02    -  8.53e-01 6.84e-01h  1
 466  5.3895865e+00 7.01e-05 3.22e+00  -4.1 5.10e-02    -  1.00e+00 1.00e+00h  1
 467  5.3933283e+00 2.96e-05 2.27e+01  -4.0 3.33e-02    -  6.47e-01 1.00e+00h  1
 468  5.3915735e+00 1.41e-05 1.80e+00  -4.1 2.43e-02    -  1.00e+00 9.31e-01h  1
 469  5.3942118e+00 2.34e-06 2.75e+00  -4.0 1.02e-02    -  1.00e+00 1.00e+00f  1
iter    objective    inf_pr   inf_du lg(mu)  ||d||  lg(rg) alpha_du alpha_pr  ls
 470  5.3946371e+00 1.38e-06 1.74e+00  -4.1 1.22e-02    -  1.00e+00 1.00e+00H  1
 471  5.3942110e+00 5.36e-07 4.51e+00  -4.1 2.25e-02    -  1.00e+00 1.00e+00H  1
 472  5.3935726e+00 1.84e-06 1.23e+00  -4.1 1.95e-02    -  1.00e+00 1.00e+00H  1
 473  5.3939331e+00 1.19e-07 1.28e+00  -4.1 8.29e-03    -  1.00e+00 1.00e+00H  1
 474  5.3963363e+00 2.26e-06 1.35e+00  -4.0 1.05e-02    -  1.00e+00 1.00e+00h  1
 475  5.3939455e+00 7.80e-07 1.41e+00  -4.1 1.53e-02    -  1.00e+00 1.00e+00H  1
 476  5.3932424e+00 2.67e-06 1.52e+00  -4.1 7.42e-03    -  1.00e+00 1.00e+00h  1
 477  5.3969763e+00 6.42e-06 1.16e+00  -4.0 1.66e-02    -  1.00e+00 1.00e+00h  1
 478  5.3935639e+00 3.51e-07 1.63e+00  -4.1 1.85e-02    -  1.00e+00 1.00e+00H  1
 479  5.3976109e+00 1.23e-05 2.08e+00  -4.0 2.06e-02    -  1.00e+00 1.00e+00h  1
iter    objective    inf_pr   inf_du lg(mu)  ||d||  lg(rg) alpha_du alpha_pr  ls
 480  5.3934616e+00 2.10e-05 2.78e+00  -4.1 2.72e-02    -  1.00e+00 1.00e+00h  1
 481  5.3926160e+00 2.82e-05 5.63e+00  -4.1 3.23e-02    -  1.00e+00 1.00e+00h  1
 482  5.3971499e+00 3.17e-05 6.15e-01  -4.0 3.33e-02    -  1.00e+00 1.00e+00h  1
 483  5.3929528e+00 9.33e-06 1.72e+00  -4.1 2.07e-02    -  1.00e+00 1.00e+00h  1
 484  5.3974407e+00 1.62e-05 2.03e+00  -4.0 2.36e-02    -  1.00e+00 1.00e+00h  1
 485  5.3932911e+00 1.55e-05 3.99e+00  -4.1 2.53e-02    -  1.00e+00 1.00e+00h  1
 486  5.3923658e+00 1.33e-05 5.58e+00  -4.1 2.49e-02    -  1.00e+00 1.00e+00h  1
 487  5.3975877e+00 4.26e-07 1.82e+00  -4.0 2.44e-02    -  1.00e+00 1.00e+00H  1
 488  5.3930479e+00 1.91e-05 4.45e+00  -4.1 2.96e-02    -  1.00e+00 1.00e+00h  1
 489  5.3931169e+00 4.73e-06 2.24e+00  -4.1 1.37e-02    -  1.00e+00 1.00e+00h  1
iter    objective    inf_pr   inf_du lg(mu)  ||d||  lg(rg) alpha_du alpha_pr  ls
 490  5.3973136e+00 1.31e-05 1.60e+00  -4.0 2.10e-02    -  1.00e+00 1.00e+00h  1
 491  5.3935020e+00 1.51e-05 1.41e+00  -4.1 2.14e-02    -  1.00e+00 1.00e+00h  1
 492  5.3931398e+00 3.11e-05 5.98e+00  -4.1 3.72e-02    -  1.00e+00 1.00e+00h  1
 493  5.3929351e+00 2.37e-05 4.73e-01  -4.1 3.32e-02    -  1.00e+00 1.00e+00h  1
 494  5.3928477e+00 1.82e-07 1.20e-01  -4.1 2.42e-03    -  1.00e+00 1.00e+00h  1
 495  5.3969315e+00 1.46e-05 1.29e+00  -4.0 1.99e-02    -  1.00e+00 1.00e+00h  1
 496  5.3936378e+00 1.06e-07 2.39e+00  -4.1 1.87e-02    -  1.00e+00 1.00e+00H  1
 497  5.3930176e+00 1.83e-06 2.62e+00  -4.1 8.27e-03    -  1.00e+00 1.00e+00h  1
 498  5.3933501e+00 8.57e-07 1.84e+00  -4.1 5.35e-03    -  1.00e+00 1.00e+00h  1
 499  5.3933722e+00 2.66e-07 3.55e-01  -4.1 3.59e-03    -  1.00e+00 1.00e+00h  1
iter    objective    inf_pr   inf_du lg(mu)  ||d||  lg(rg) alpha_du alpha_pr  ls
 500  5.3934302e+00 3.41e-08 2.10e-01  -4.1 5.65e-04    -  1.00e+00 1.00e+00h  1
 501  5.3979139e+00 1.37e-05 2.57e+00  -4.0 1.80e-02    -  1.00e+00 1.00e+00h  1
 502  5.3934693e+00 2.00e-05 2.48e+00  -4.1 2.48e-02    -  1.00e+00 1.00e+00h  1
 503  5.3924100e+00 1.13e-05 3.53e+00  -4.1 2.32e-02    -  1.00e+00 1.00e+00h  1
 504  5.3975852e+00 2.69e-07 1.23e+00  -4.0 3.25e-02    -  1.00e+00 1.00e+00H  1
 505  5.3933144e+00 3.32e-05 7.04e+00  -4.1 3.81e-02    -  1.00e+00 1.00e+00h  1
 506  5.3918593e+00 2.00e-05 1.81e+00  -4.1 2.51e-02    -  1.00e+00 1.00e+00h  1
 507  5.3976573e+00 1.10e-06 3.51e+00  -4.0 2.05e-02    -  1.00e+00 1.00e+00H  1
 508  5.3935213e+00 2.05e-05 2.12e+00  -4.1 2.61e-02    -  1.00e+00 1.00e+00h  1
 509  5.3928547e+00 5.10e-05 1.33e+01  -4.1 5.40e-02    -  1.00e+00 1.00e+00h  1
iter    objective    inf_pr   inf_du lg(mu)  ||d||  lg(rg) alpha_du alpha_pr  ls
 510  5.3911425e+00 3.76e-05 1.45e+00  -4.1 3.83e-02    -  1.00e+00 1.00e+00h  1
 511  5.3953200e+00 1.44e-05 2.48e+00  -4.0 1.92e-02    -  1.00e+00 1.00e+00h  1
 512  5.3950408e+00 1.63e-05 7.16e+00  -4.1 4.21e-02    -  1.00e+00 1.00e+00H  1
 513  5.3925797e+00 1.09e-05 1.00e+00  -4.1 2.53e-02    -  1.00e+00 1.00e+00h  1
 514  5.3928904e+00 3.46e-07 3.50e-01  -4.1 1.83e-03    -  1.00e+00 1.00e+00h  1
 515  5.3934771e+00 2.25e-08 5.96e-01  -4.1 4.99e-03    -  1.00e+00 1.00e+00H  1
 516  5.3934405e+00 4.42e-08 5.35e-01  -4.1 2.90e-03    -  1.00e+00 1.00e+00H  1
 517  5.3933086e+00 2.81e-07 1.48e-01  -4.1 1.51e-03    -  1.00e+00 1.00e+00h  1
 518  5.3951757e+00 3.31e-06 8.89e-01  -4.0 1.05e-02    -  1.00e+00 1.00e+00h  1
 519  5.3940592e+00 2.57e-06 4.21e-01  -4.1 1.02e-02    -  1.00e+00 1.00e+00h  1
iter    objective    inf_pr   inf_du lg(mu)  ||d||  lg(rg) alpha_du alpha_pr  ls
 520  5.3934250e+00 2.80e-06 1.74e+00  -4.1 9.96e-03    -  1.00e+00 1.00e+00h  1
 521  5.3933939e+00 1.94e-06 3.25e-01  -4.1 7.75e-03    -  1.00e+00 1.00e+00h  1
 522  5.3934517e+00 3.05e-07 2.06e-01  -4.1 9.60e-04    -  1.00e+00 1.00e+00h  1
 523  5.3933818e+00 1.07e-07 8.85e-02  -4.1 5.38e-04    -  1.00e+00 1.00e+00h  1
 524  5.3971258e+00 6.79e-06 1.44e+00  -4.0 1.74e-02    -  1.00e+00 1.00e+00h  1
 525  5.3934811e+00 7.40e-06 1.11e+00  -4.1 2.03e-02    -  1.00e+00 1.00e+00h  1
 526  5.3930371e+00 1.06e-05 3.35e+00  -4.1 1.88e-02    -  1.00e+00 1.00e+00h  1
 527  5.3930510e+00 6.61e-06 6.91e-01  -4.1 1.46e-02    -  1.00e+00 1.00e+00h  1
 528  5.3933235e+00 4.54e-07 3.18e-01  -4.1 1.80e-03    -  1.00e+00 1.00e+00h  1
 529  5.3933001e+00 8.44e-08 2.75e-01  -4.1 9.90e-04    -  1.00e+00 1.00e+00h  1
iter    objective    inf_pr   inf_du lg(mu)  ||d||  lg(rg) alpha_du alpha_pr  ls
 530  5.3972742e+00 9.08e-06 1.19e+00  -4.0 1.99e-02    -  1.00e+00 1.00e+00h  1
 531  5.3935766e+00 5.50e-05 4.45e+00  -4.1 4.17e-02    -  1.00e+00 1.00e+00h  1
 532  5.3920123e+00 4.41e-05 8.72e-01  -4.1 3.07e-02    -  1.00e+00 1.00e+00h  1
 533  5.3971195e+00 7.94e-07 1.65e+00  -4.0 2.58e-02    -  1.00e+00 1.00e+00H  1
 534  5.3934709e+00 6.83e-08 2.07e+00  -4.1 1.93e-02    -  1.00e+00 1.00e+00H  1
 535  5.3927928e+00 5.64e-06 3.55e+00  -4.1 2.05e-02    -  1.00e+00 1.00e+00h  1
 536  5.3972179e+00 1.64e-05 9.33e-01  -4.0 3.46e-02    -  1.00e+00 1.00e+00h  1
 537  5.3932144e+00 1.28e-05 5.35e+00  -4.1 2.07e-02    -  1.00e+00 1.00e+00h  1
 538  5.3927502e+00 5.31e-06 2.09e+00  -4.1 1.72e-02    -  1.00e+00 1.00e+00h  1
 539  5.3973250e+00 9.73e-06 2.53e+00  -4.0 2.19e-02    -  1.00e+00 1.00e+00h  1
iter    objective    inf_pr   inf_du lg(mu)  ||d||  lg(rg) alpha_du alpha_pr  ls
 540  5.3934150e+00 1.17e-05 1.67e+00  -4.1 2.34e-02    -  1.00e+00 1.00e+00h  1
 541  5.3927191e+00 1.78e-04 1.05e+01  -4.1 6.63e-02    -  1.00e+00 1.00e+00h  1
 542  5.3914229e+00 1.00e-04 1.39e+00  -4.1 5.03e-02    -  1.00e+00 1.00e+00h  1
 543  5.3907327e+00 7.68e-06 7.92e-01  -4.1 1.25e-02    -  1.00e+00 1.00e+00h  1
 544  5.3958963e+00 1.35e-06 2.05e+00  -4.0 2.26e-02    -  1.00e+00 1.00e+00H  1
 545  5.3941369e+00 1.49e-06 3.77e+00  -4.1 2.15e-02    -  1.00e+00 1.00e+00H  1
 546  5.3931124e+00 7.65e-07 9.14e-01  -4.1 1.52e-02    -  1.00e+00 1.00e+00H  1
 547  5.3932544e+00 3.23e-07 7.43e-01  -4.1 2.97e-03    -  1.00e+00 1.00e+00h  1
 548  5.3934315e+00 4.89e-08 1.81e-01  -4.1 1.33e-03    -  1.00e+00 1.00e+00h  1
 549  5.3934331e+00 1.72e-08 2.97e-01  -4.1 3.61e-03    -  1.00e+00 1.00e+00H  1
iter    objective    inf_pr   inf_du lg(mu)  ||d||  lg(rg) alpha_du alpha_pr  ls
 550  5.3934138e+00 1.98e-08 5.84e-01  -4.1 3.24e-03    -  1.00e+00 1.00e+00H  1
 551  5.3933322e+00 2.60e-07 1.02e-01  -4.1 2.36e-03    -  1.00e+00 1.00e+00h  1
 552  5.3933461e+00 9.10e-08 7.66e-02  -4.1 4.81e-04    -  1.00e+00 1.00e+00h  1
 553  5.3954503e+00 1.97e-06 1.10e+00  -4.0 9.83e-03    -  1.00e+00 1.00e+00h  1
 554  5.3936256e+00 5.94e-07 1.02e+00  -4.1 1.40e-02    -  1.00e+00 1.00e+00H  1
 555  5.3934136e+00 6.03e-07 3.01e+00  -4.1 1.28e-02    -  1.00e+00 1.00e+00H  1
 556  5.3934191e+00 3.40e-08 5.95e-01  -4.1 9.00e-03    -  1.00e+00 1.00e+00H  1
 557  5.3934662e+00 6.35e-07 2.90e-01  -4.1 2.61e-03    -  1.00e+00 1.00e+00h  1
 558  5.3933362e+00 2.70e-07 3.16e-01  -4.1 1.28e-03    -  1.00e+00 1.00e+00h  1
 559  5.3933505e+00 3.12e-07 2.85e-01  -4.1 1.29e-03    -  1.00e+00 1.00e+00h  1
iter    objective    inf_pr   inf_du lg(mu)  ||d||  lg(rg) alpha_du alpha_pr  ls
 560  5.3933418e+00 1.61e-07 1.36e-01  -4.1 6.96e-04    -  1.00e+00 1.00e+00h  1
 561  5.3933618e+00 3.61e-09 2.18e-01  -4.1 9.13e-04    -  1.00e+00 1.00e+00H  1
 562  5.3970902e+00 1.01e-05 2.30e+00  -4.0 1.58e-02    -  1.00e+00 1.00e+00f  1
 563  5.3934135e+00 6.63e-06 2.08e+00  -4.1 1.66e-02    -  1.00e+00 1.00e+00h  1
 564  5.3932860e+00 1.51e-06 1.91e+00  -4.1 7.85e-03    -  1.00e+00 1.00e+00h  1
 565  5.3933252e+00 1.31e-06 7.58e-01  -4.1 7.21e-03    -  1.00e+00 1.00e+00h  1
 566  5.3930523e+00 6.26e-06 4.19e+00  -4.1 1.39e-02    -  1.00e+00 1.00e+00h  1
 567  5.3932264e+00 2.85e-06 4.75e+00  -4.1 1.13e-02    -  1.00e+00 5.00e-01h  2
 568  5.3932291e+00 5.58e-07 3.25e+00  -4.1 2.03e-02    -  1.00e+00 1.00e+00H  1
 569  5.3933962e+00 5.33e-08 6.82e-01  -4.1 1.55e-02    -  1.00e+00 1.00e+00H  1
iter    objective    inf_pr   inf_du lg(mu)  ||d||  lg(rg) alpha_du alpha_pr  ls
 570  5.3932183e+00 1.55e-06 1.66e+00  -4.1 9.61e-03    -  1.00e+00 1.00e+00h  1
 571  5.3932940e+00 1.08e-06 1.64e-01  -4.1 7.72e-03    -  1.00e+00 1.00e+00h  1
 572  5.3933222e+00 1.33e-07 1.31e-01  -4.1 8.34e-04    -  1.00e+00 1.00e+00h  1
 573  5.3933361e+00 8.48e-08 8.21e-02  -4.1 4.80e-04    -  1.00e+00 1.00e+00h  1
 574  5.3933565e+00 1.69e-08 9.40e-01  -4.1 4.34e-03    -  1.00e+00 1.00e+00H  1
 575  5.3933794e+00 2.68e-09 4.20e+00  -4.1 1.72e-02    -  1.00e+00 1.00e+00H  1
 576  5.3933794e+00 3.07e-08 4.21e+00  -4.1 1.15e-01    -  1.00e+00 2.44e-04h 13
 577  5.3933793e+00 3.82e-08 4.21e+00  -4.1 1.24e-01    -  1.00e+00 6.10e-05h 15
 578  5.3933793e+00 4.39e-08 4.20e+00  -4.1 1.73e-01    -  1.00e+00 3.05e-05h 16
 579  5.3933793e+00 4.39e-08 4.73e+00  -4.1 7.45e-02    -  1.00e+00 4.77e-07h 22
iter    objective    inf_pr   inf_du lg(mu)  ||d||  lg(rg) alpha_du alpha_pr  ls
 580  5.3933793e+00 4.39e-08 6.42e+00  -4.1 3.44e-01    -  1.00e+00 1.19e-07h 24
 581  5.3940286e+00 6.24e-09 5.08e+01  -4.1 2.35e-01    -  1.00e+00 1.00e+00H  1
 582  5.3920475e+00 1.71e-04 3.98e+01  -4.1 7.66e-02    -  1.00e+00 1.00e+00f  1
 583  5.3903092e+00 1.56e-03 3.36e+01  -4.1 2.62e-01    -  1.00e+00 1.00e+00h  1
 584  5.3744543e+00 2.04e-03 8.70e+01  -4.1 1.56e+00    -  4.06e-01 1.62e-01h  1
 585  5.3763581e+00 1.26e-03 1.23e+01  -4.1 2.36e-01    -  1.00e+00 1.00e+00h  1
 586  5.3747345e+00 7.25e-04 7.60e+01  -4.0 2.03e-01    -  7.57e-01 4.25e-01h  1
 587  5.3729057e+00 6.33e-04 2.98e+01  -4.0 3.50e-01    -  1.00e+00 2.95e-01h  1
 588  5.3704817e+00 5.70e-04 4.71e+01  -4.0 4.49e-01    -  3.25e-01 1.17e-01h  1
 589  5.3807823e+00 9.39e-05 8.69e+00  -4.0 6.94e-02    -  1.00e+00 1.00e+00h  1
iter    objective    inf_pr   inf_du lg(mu)  ||d||  lg(rg) alpha_du alpha_pr  ls
 590  5.3896667e+00 7.81e-05 9.90e+00  -4.0 4.95e-02    -  1.00e+00 1.00e+00h  1
 591  5.4098720e+00 3.42e-04 2.24e+01  -3.7 1.36e-01    -  1.00e+00 1.00e+00h  1
 592  5.4057334e+00 2.79e-04 1.86e+01  -3.8 1.21e-01    -  1.00e+00 2.08e-01h  1
 593  5.3909031e+00 1.84e-04 1.53e+01  -3.8 1.11e-01    -  1.00e+00 1.00e+00f  1
 594  5.3962318e+00 2.07e-04 1.47e+01  -3.8 9.83e-02    -  1.00e+00 1.00e+00h  1
 595  5.3951394e+00 1.49e-04 3.84e+00  -3.8 6.96e-02    -  1.00e+00 1.00e+00h  1
 596  5.4005336e+00 3.35e-05 4.19e+00  -3.8 3.89e-02    -  1.00e+00 1.00e+00h  1
 597  5.4052904e+00 3.20e-05 4.33e+00  -3.8 2.36e-02    -  1.00e+00 1.00e+00h  1
 598  5.4047061e+00 1.54e-05 3.25e+00  -3.8 2.26e-02    -  1.00e+00 1.00e+00h  1
 599  5.4055061e+00 9.30e-07 3.90e-01  -3.8 6.50e-03    -  1.00e+00 1.00e+00h  1
iter    objective    inf_pr   inf_du lg(mu)  ||d||  lg(rg) alpha_du alpha_pr  ls
 600  5.4065840e+00 2.96e-07 1.19e+00  -3.8 7.21e-03    -  1.00e+00 1.00e+00H  1
 601  5.4071275e+00 1.48e-07 4.22e+00  -3.8 2.27e-02    -  1.00e+00 1.00e+00H  1
 602  5.4073679e+00 7.89e-08 7.30e+00  -3.8 2.57e-02    -  1.00e+00 1.00e+00H  1
 603  5.4084033e+00 1.09e-07 5.03e+00  -3.8 2.70e-02    -  1.00e+00 1.00e+00H  1
 604  5.4067683e+00 2.30e-06 6.92e-01  -3.8 2.68e-02    -  1.00e+00 1.00e+00H  1
 605  5.4069988e+00 8.30e-07 2.04e-01  -3.8 1.96e-03    -  1.00e+00 1.00e+00h  1
 606  5.4073300e+00 1.99e-07 1.27e+00  -3.8 7.14e-03    -  1.00e+00 1.00e+00H  1
 607  5.4073701e+00 8.17e-08 1.65e+00  -3.8 6.69e-03    -  1.00e+00 1.00e+00H  1
 608  5.4073020e+00 8.72e-08 9.02e-01  -3.8 8.76e-03    -  1.00e+00 1.00e+00H  1
 609  5.4074259e+00 2.52e-08 7.73e-01  -3.8 5.28e-03    -  1.00e+00 1.00e+00H  1
iter    objective    inf_pr   inf_du lg(mu)  ||d||  lg(rg) alpha_du alpha_pr  ls
 610  5.4073660e+00 5.87e-08 3.84e-01  -3.8 3.04e-03    -  1.00e+00 1.00e+00H  1
 611  5.4074141e+00 1.85e-08 4.41e-01  -3.8 3.13e-03    -  1.00e+00 1.00e+00H  1
 612  5.4074878e+00 7.41e-09 3.91e+00  -3.8 1.88e-02    -  1.00e+00 1.00e+00H  1
 613  5.4074572e+00 7.87e-09 5.76e+00  -3.8 1.20e-02    -  1.00e+00 1.00e+00H  1
 614  5.4074578e+00 2.19e-08 9.34e+00  -3.8 1.84e-02    -  1.00e+00 3.12e-02h  6
 615  5.4074201e+00 1.84e-08 8.76e-01  -3.8 1.07e-02    -  1.00e+00 1.00e+00H  1
 616  5.4074164e+00 4.84e-08 2.42e+00  -3.8 1.57e-02    -  1.00e+00 3.12e-02h  6
 617  5.4073924e+00 1.67e-08 1.12e-01  -3.8 3.62e-03    -  1.00e+00 1.00e+00H  1
 618  5.4073916e+00 2.02e-09 3.47e-01  -3.8 1.81e-03    -  1.00e+00 1.00e+00H  1
 619  5.4074083e+00 3.06e-05 4.92e+00  -3.8 2.39e-02    -  1.00e+00 1.00e+00h  1
iter    objective    inf_pr   inf_du lg(mu)  ||d||  lg(rg) alpha_du alpha_pr  ls
 620  5.4074902e+00 2.41e-04 2.02e+01  -3.8 7.85e-02    -  1.00e+00 1.00e+00h  1
 621  5.4065874e+00 6.31e-05 1.54e+01  -3.8 3.55e-02    -  1.00e+00 1.00e+00h  1
 622  5.4061627e+00 3.03e-04 1.66e+01  -3.8 7.91e-02    -  1.00e+00 1.00e+00h  1
 623  5.4063999e+00 2.36e-04 1.82e+01  -3.8 5.01e-02    -  1.00e+00 2.50e-01h  3
 624  5.4064158e+00 2.22e-04 1.16e+01  -3.8 4.47e-02    -  1.00e+00 6.25e-02h  5
 625  5.4064443e+00 1.99e-04 8.65e+00  -3.8 7.91e-02    -  1.00e+00 1.25e-01h  4
 626  5.4070567e+00 2.64e-05 3.46e+00  -3.8 2.30e-02    -  1.00e+00 1.00e+00h  1
 627  5.4074918e+00 8.22e-06 9.36e+00  -3.8 3.14e-02    -  1.00e+00 1.00e+00H  1
 628  5.4055609e+00 2.09e-04 1.45e+01  -3.8 9.46e-02    -  1.00e+00 1.00e+00h  1
 629  5.4046845e+00 1.01e-04 2.34e+00  -3.8 7.06e-02    -  1.00e+00 1.00e+00h  1
iter    objective    inf_pr   inf_du lg(mu)  ||d||  lg(rg) alpha_du alpha_pr  ls
 630  5.4044556e+00 7.06e-06 9.02e-01  -3.8 1.79e-02    -  1.00e+00 1.00e+00h  1
 631  5.4052790e+00 2.28e-06 8.92e-01  -3.8 6.77e-03    -  1.00e+00 1.00e+00h  1
 632  5.4057992e+00 2.20e-06 1.15e+01  -3.8 1.53e-02    -  1.00e+00 2.50e-01h  3
 633  5.4071969e+00 4.70e-07 1.31e+00  -3.8 8.55e-03    -  1.00e+00 1.00e+00H  1
 634  5.4072912e+00 4.29e-07 2.06e+01  -3.8 1.32e-02    -  1.00e+00 1.25e-01h  4
 635  5.4075633e+00 1.90e-07 9.14e-01  -3.8 5.48e-03    -  1.00e+00 1.00e+00H  1
 636  5.4074581e+00 3.12e-07 4.42e-01  -3.8 3.07e-03    -  1.00e+00 1.00e+00h  1
 637  5.4074777e+00 1.54e-07 1.59e-01  -3.8 1.22e-03    -  1.00e+00 1.00e+00h  1
 638  5.4074712e+00 7.93e-08 9.72e-02  -3.8 7.65e-04    -  1.00e+00 1.00e+00h  1
 639  5.4074729e+00 3.71e-07 2.82e-01  -3.8 1.64e-03    -  1.00e+00 1.00e+00h  1
iter    objective    inf_pr   inf_du lg(mu)  ||d||  lg(rg) alpha_du alpha_pr  ls
 640  5.4074101e+00 4.90e-07 6.23e-01  -3.8 2.44e-03    -  1.00e+00 1.00e+00h  1
 641  5.4073078e+00 4.90e-07 1.12e+00  -3.8 4.05e-03    -  1.00e+00 1.00e+00h  1
 642  5.4073584e+00 4.13e-07 1.08e+00  -3.8 3.02e-03    -  1.00e+00 5.00e-01h  2
 643  5.4073729e+00 3.17e-07 1.18e+00  -3.8 3.48e-03    -  1.00e+00 2.50e-01h  3
 644  5.4073735e+00 3.03e-07 9.09e-01  -3.8 1.84e-03    -  1.00e+00 6.25e-02h  5
 645  5.4073951e+00 1.06e-08 8.37e-01  -3.8 5.74e-03    -  1.00e+00 1.00e+00H  1
 646  5.4072843e+00 3.15e-07 1.01e+00  -3.8 4.10e-03    -  1.00e+00 1.00e+00h  1
 647  5.4072757e+00 1.50e-07 1.82e-01  -3.8 1.45e-03    -  1.00e+00 1.00e+00h  1
 648  5.4073295e+00 9.78e-08 2.73e-01  -3.8 1.43e-03    -  1.00e+00 1.00e+00h  1
 649  5.4073296e+00 3.52e-09 2.92e-01  -3.8 1.94e-03    -  1.00e+00 1.00e+00H  1
iter    objective    inf_pr   inf_du lg(mu)  ||d||  lg(rg) alpha_du alpha_pr  ls
 650  5.4074569e+00 1.62e-09 2.12e+00  -3.8 1.16e-02    -  1.00e+00 1.00e+00H  1
 651  5.4072853e+00 1.66e-06 1.68e+00  -3.8 6.93e-03    -  1.00e+00 1.00e+00h  1
 652  5.4073196e+00 7.02e-08 1.98e-01  -3.8 8.95e-04    -  1.00e+00 1.00e+00h  1
 653  5.4074588e+00 1.93e-09 4.93e+00  -3.8 2.53e-02    -  1.00e+00 1.00e+00H  1
 654  5.4074587e+00 2.93e-09 4.93e+00  -3.8 1.20e-01    -  1.00e+00 2.44e-04h 13
 655  5.4074587e+00 4.36e-09 5.96e+00  -3.8 1.16e-01    -  1.00e+00 1.22e-04h 14
 656  5.4074587e+00 4.36e-09 1.25e+01  -3.8 2.35e-01    -  1.00e+00 2.38e-07h 23
 657  5.4074587e+00 4.36e-09 6.01e+00  -3.8 4.27e-02    -  1.00e+00 9.54e-07h 21
 658  5.4070024e+00 1.94e-04 9.51e+00  -3.8 8.53e-02    -  1.00e+00 1.00e+00h  1
 659  5.4066069e+00 6.80e-04 4.48e+01  -3.8 1.49e-01    -  1.00e+00 1.00e+00h  1
iter    objective    inf_pr   inf_du lg(mu)  ||d||  lg(rg) alpha_du alpha_pr  ls
 660  5.4028276e+00 3.58e-04 3.44e+01  -3.8 1.46e-01    -  7.85e-01 5.14e-01h  1
 661  5.4029421e+00 2.12e-03 1.66e+01  -3.8 2.29e-01    -  1.00e+00 1.00e+00f  1
 662  5.3870976e+00 5.59e-03 5.57e+01  -3.8 5.37e-01    -  3.32e-01 7.75e-01h  1
 663  5.3840999e+00 2.10e-03 1.10e+02  -3.8 2.74e-01    -  7.00e-01 1.00e+00h  1
 664  5.3796349e+00 1.37e-03 8.13e+01  -3.8 2.80e-01    -  1.00e+00 3.32e-01h  1
 665  5.3381383e+00 6.09e-03 1.54e+02  -3.8 5.35e-01    -  4.06e-01 8.03e-01h  1
 666  5.3409956e+00 4.37e-03 1.30e+02  -4.0 2.42e-01    -  1.00e+00 3.15e-01h  1
 667  5.3493675e+00 1.62e-03 5.35e+00  -3.7 2.17e-01    -  1.00e+00 1.00e+00h  1
 668  5.3573459e+00 9.33e-04 5.85e+01  -4.0 1.64e-01    -  7.03e-01 9.19e-01h  1
 669  5.3716273e+00 3.74e-04 5.67e+01  -4.0 1.46e-01    -  1.00e+00 8.68e-01h  1
iter    objective    inf_pr   inf_du lg(mu)  ||d||  lg(rg) alpha_du alpha_pr  ls
 670  5.3978618e+00 4.94e-04 5.59e+01  -3.3 1.36e-01    -  9.13e-01 8.44e-01f  1
 671  5.4239884e+00 4.61e-04 4.34e+01  -3.4 1.28e-01    -  8.57e-01 1.00e+00h  1
 672  5.4285556e+00 1.68e-04 6.42e+01  -3.4 9.19e-02    -  1.00e+00 8.05e-01h  1
 673  5.4337633e+00 1.01e-04 4.37e+01  -3.4 6.73e-02    -  5.23e-01 4.45e-01f  2
 674  5.4487456e+00 5.11e-05 6.19e+00  -3.4 4.68e-02    -  1.00e+00 1.00e+00h  1
 675  5.4589919e+00 4.81e-06 1.79e+01  -3.4 6.37e-02    -  1.00e+00 1.00e+00H  1
 676  5.4586344e+00 3.05e-05 2.35e+01  -3.4 1.05e-01    -  1.00e+00 6.27e-01H  1
 677  5.4556992e+00 5.74e-05 9.60e+00  -3.4 5.36e-02    -  1.00e+00 1.00e+00f  1
 678  5.4601217e+00 3.86e-05 4.72e+00  -3.4 4.17e-02    -  1.00e+00 1.00e+00h  1
 679  5.4595325e+00 1.74e-05 2.26e+00  -3.4 2.93e-02    -  1.00e+00 1.00e+00h  1
iter    objective    inf_pr   inf_du lg(mu)  ||d||  lg(rg) alpha_du alpha_pr  ls
 680  5.4626955e+00 1.36e-05 2.77e+00  -3.4 2.00e-02    -  1.00e+00 1.00e+00h  1
 681  5.4654605e+00 3.16e-06 5.87e+00  -3.4 3.00e-02    -  1.00e+00 1.00e+00H  1
 682  5.4647210e+00 7.41e-06 2.71e+00  -3.4 2.34e-02    -  1.00e+00 1.00e+00h  1
 683  5.4655528e+00 3.04e-06 8.70e-01  -3.4 8.57e-03    -  1.00e+00 1.00e+00h  1
 684  5.4669024e+00 4.80e-07 1.75e+00  -3.4 1.37e-02    -  1.00e+00 1.00e+00H  1
 685  5.4685235e+00 4.06e-07 1.65e+01  -3.4 9.08e-02    -  1.00e+00 1.00e+00H  1
 686  5.4654993e+00 5.90e-05 1.51e+01  -3.4 4.93e-02    -  1.00e+00 1.00e+00h  1
 687  5.4679844e+00 7.53e-06 5.01e+00  -3.4 4.42e-02    -  1.00e+00 1.00e+00H  1
 688  5.4645843e+00 5.73e-05 9.37e+00  -3.4 4.49e-02    -  1.00e+00 1.00e+00h  1
 689  5.4655803e+00 9.39e-05 4.73e+00  -3.4 4.24e-02    -  1.00e+00 1.00e+00h  1
iter    objective    inf_pr   inf_du lg(mu)  ||d||  lg(rg) alpha_du alpha_pr  ls
 690  5.4653747e+00 1.26e-04 1.00e+01  -3.4 7.50e-02    -  1.00e+00 1.00e+00h  1
 691  5.4634129e+00 5.62e-05 2.70e+00  -3.4 5.71e-02    -  1.00e+00 1.00e+00h  1
 692  5.4646554e+00 1.83e-05 5.62e+00  -3.4 3.67e-02    -  1.00e+00 1.00e+00h  1
 693  5.4648960e+00 1.83e-05 1.92e+00  -3.4 2.42e-02    -  1.00e+00 1.00e+00h  1
 694  5.4655182e+00 1.73e-05 4.04e+00  -3.4 2.33e-02    -  1.00e+00 1.00e+00h  1
 695  5.4653327e+00 1.27e-05 3.37e-01  -3.4 1.89e-02    -  1.00e+00 1.00e+00h  1
 696  5.4657235e+00 1.50e-07 5.11e-01  -3.4 2.21e-03    -  1.00e+00 1.00e+00h  1
 697  5.4667287e+00 6.77e-08 1.16e+00  -3.4 1.40e-02    -  1.00e+00 1.00e+00H  1
 698  5.4676360e+00 2.37e-08 4.18e+00  -3.4 2.28e-02    -  1.00e+00 1.00e+00H  1
 699  5.4672711e+00 2.08e-07 2.92e+00  -3.4 1.17e-02    -  1.00e+00 1.00e+00H  1
iter    objective    inf_pr   inf_du lg(mu)  ||d||  lg(rg) alpha_du alpha_pr  ls
 700  5.4671887e+00 7.77e-08 5.31e-01  -3.4 4.56e-03    -  1.00e+00 1.00e+00H  1
 701  5.4672454e+00 3.67e-09 3.53e-01  -3.4 2.64e-03    -  1.00e+00 1.00e+00H  1
 702  5.4672027e+00 5.54e-08 7.03e-01  -3.4 4.27e-03    -  1.00e+00 1.00e+00H  1
 703  5.4672027e+00 1.31e-07 4.24e+00  -3.4 4.12e-02    -  1.00e+00 3.12e-02h  6
 704  5.4671987e+00 1.78e-07 1.12e+01  -3.4 1.30e-01    -  1.00e+00 7.81e-03h  8
 705  5.4671974e+00 1.83e-07 1.74e+01  -3.4 1.49e-01    -  1.00e+00 1.95e-03h 10
 706  5.4671973e+00 1.85e-07 8.23e+00  -3.4 2.62e-01    -  1.00e+00 4.88e-04h 12
 707  5.4674267e+00 3.47e-03 4.45e+01  -3.4 2.95e-01    -  1.00e+00 1.00e+00h  1
 708  5.4655287e+00 1.02e-03 8.63e+01  -3.4 1.98e-01    -  1.00e+00 1.00e+00h  1
 709  5.4574510e+00 9.06e-03 4.25e+01  -3.4 4.81e-01    -  1.00e+00 1.00e+00h  1
iter    objective    inf_pr   inf_du lg(mu)  ||d||  lg(rg) alpha_du alpha_pr  ls
 710  5.4489031e+00 8.92e-03 3.20e+01  -3.4 4.11e-01    -  1.00e+00 6.72e-01h  1
 711  5.4301789e+00 7.55e-03 1.36e+02  -3.4 1.24e+00    -  4.55e-01 1.52e-01h  1
 712  5.4493330e+00 1.15e-03 2.65e+01  -3.4 1.70e-01    -  1.00e+00 1.00e+00h  1
 713  5.4527109e+00 7.42e-04 2.04e+01  -3.4 2.09e-01    -  1.00e+00 1.00e+00h  1
 714  5.4447765e+00 4.61e-04 4.09e+00  -3.4 1.25e-01    -  1.00e+00 1.00e+00h  1
 715  5.4504099e+00 3.54e-04 2.02e+01  -3.4 1.09e-01    -  1.00e+00 1.00e+00h  1
 716  5.4538292e+00 1.80e-04 5.35e+00  -3.4 7.95e-02    -  1.00e+00 1.00e+00h  1
 717  5.4607876e+00 2.84e-05 7.13e+00  -3.4 3.69e-02    -  1.00e+00 1.00e+00h  1
 718  5.4629077e+00 2.53e-05 1.14e+02  -3.4 5.49e-02    -  1.00e+00 2.50e-01h  3
 719  5.4647032e+00 2.19e-05 9.12e+01  -3.4 5.72e-02    -  1.00e+00 2.50e-01h  3
iter    objective    inf_pr   inf_du lg(mu)  ||d||  lg(rg) alpha_du alpha_pr  ls
 720  5.4656032e+00 2.28e-05 1.39e+02  -3.4 9.09e-02    -  1.00e+00 1.25e-01h  4
 721  5.4662112e+00 2.14e-05 9.92e+01  -3.4 4.94e-02    -  1.00e+00 1.25e-01h  4
 722  5.4667859e+00 2.24e-05 1.04e+02  -3.4 5.16e-02    -  1.00e+00 1.25e-01h  4
 723  5.4668126e+00 2.23e-05 7.79e+01  -3.4 3.96e-02    -  1.00e+00 7.81e-03h  8
 724  5.4668190e+00 2.22e-05 9.19e+01  -3.4 4.53e-02    -  1.00e+00 1.95e-03h 10
 725  5.4686926e+00 6.55e-08 8.30e+00  -3.4 5.92e-02    -  1.00e+00 1.00e+00H  1
 726  5.4676390e+00 1.33e-05 4.87e+00  -3.4 2.98e-02    -  1.00e+00 1.00e+00h  1
 727  5.4675791e+00 1.78e-06 1.75e+00  -3.4 1.09e-02    -  1.00e+00 1.00e+00H  1
 728  5.4674055e+00 1.20e-06 5.66e-01  -3.4 6.12e-03    -  1.00e+00 1.00e+00h  1
 729  5.4676383e+00 4.72e-07 2.08e+00  -3.4 1.02e-02    -  1.00e+00 1.00e+00H  1
iter    objective    inf_pr   inf_du lg(mu)  ||d||  lg(rg) alpha_du alpha_pr  ls
 730  5.4678166e+00 1.08e-07 6.56e+00  -3.4 2.97e-02    -  1.00e+00 1.00e+00H  1
 731  5.4675485e+00 9.92e-07 1.82e+00  -3.4 2.00e-02    -  1.00e+00 1.00e+00H  1
 732  5.4674278e+00 3.20e-06 2.14e+00  -3.4 1.00e-02    -  1.00e+00 1.00e+00h  1
 733  5.4675259e+00 1.29e-07 6.67e-01  -3.4 6.44e-03    -  1.00e+00 1.00e+00H  1
 734  5.4675459e+00 4.90e-09 4.56e-01  -3.4 2.54e-03    -  1.00e+00 1.00e+00H  1
 735  5.4675528e+00 1.48e-06 5.50e+00  -3.4 4.95e-02    -  1.00e+00 6.25e-02h  5
 736  5.4675603e+00 2.94e-06 6.27e+00  -3.4 6.25e-02    -  1.00e+00 6.25e-02h  5
 737  5.4676145e+00 3.32e-06 3.35e+00  -3.4 2.40e-02    -  1.00e+00 1.00e+00H  1
 738  5.4676312e+00 2.36e-06 4.55e+00  -3.4 3.90e-02    -  1.00e+00 1.25e-01h  4
 739  5.4676399e+00 1.72e-06 1.77e+00  -3.4 5.24e-03    -  1.00e+00 1.00e+00h  1
iter    objective    inf_pr   inf_du lg(mu)  ||d||  lg(rg) alpha_du alpha_pr  ls
 740  5.4676737e+00 2.08e-07 3.47e+00  -3.4 9.99e-03    -  1.00e+00 1.00e+00H  1
 741  5.4676608e+00 8.55e-07 1.37e+00  -3.4 5.62e-03    -  1.00e+00 1.00e+00h  1
 742  5.4677146e+00 2.91e-08 6.41e-01  -3.4 4.14e-03    -  1.00e+00 1.00e+00H  1
 743  5.4677298e+00 6.55e-07 3.31e+00  -3.4 2.53e-02    -  1.00e+00 1.00e+00H  1
 744  5.4676020e+00 2.11e-06 1.33e+01  -3.4 6.47e-02    -  1.00e+00 1.00e+00H  1
 745  5.4675009e+00 1.46e-05 1.55e+01  -3.4 1.34e-01    -  1.00e+00 1.25e-01h  4
 746  5.4673367e+00 1.17e-05 1.16e+01  -3.4 1.83e-02    -  1.00e+00 1.00e+00h  1
 747  5.4674923e+00 9.21e-06 8.55e+00  -3.4 5.76e-02    -  1.00e+00 1.00e+00H  1
 748  5.4674870e+00 1.17e-05 1.21e+01  -3.4 8.16e-02    -  1.00e+00 1.25e-01h  4
 749  5.4674178e+00 9.21e-07 3.10e+00  -3.4 3.42e-02    -  1.00e+00 1.00e+00H  1
iter    objective    inf_pr   inf_du lg(mu)  ||d||  lg(rg) alpha_du alpha_pr  ls
 750  5.4675259e+00 1.35e-05 5.02e+00  -3.4 2.69e-02    -  1.00e+00 5.00e-01h  2
 751  5.4674230e+00 1.11e-05 4.29e-01  -3.4 1.66e-02    -  1.00e+00 1.00e+00h  1
 752  5.4673557e+00 7.29e-06 2.34e+00  -3.4 1.14e-02    -  1.00e+00 1.00e+00h  1
 753  5.4674139e+00 8.70e-06 3.93e-01  -3.4 9.83e-03    -  1.00e+00 1.00e+00h  1
 754  5.4673890e+00 1.65e-06 1.12e+00  -3.4 7.11e-03    -  1.00e+00 1.00e+00h  1
 755  5.4674471e+00 1.63e-06 3.12e-01  -3.4 5.20e-03    -  1.00e+00 1.00e+00h  1
 756  5.4674685e+00 3.44e-07 6.45e-02  -3.4 4.07e-04    -  1.00e+00 1.00e+00h  1
 757  5.4675191e+00 1.88e-08 1.37e-01  -3.4 8.63e-04    -  1.00e+00 1.00e+00H  1
 758  5.4675346e+00 1.32e-08 5.91e-01  -3.4 4.06e-03    -  1.00e+00 1.00e+00H  1
 759  5.4675424e+00 6.50e-08 5.33e-01  -3.4 2.08e-03    -  1.00e+00 1.00e+00H  1
iter    objective    inf_pr   inf_du lg(mu)  ||d||  lg(rg) alpha_du alpha_pr  ls
 760  5.4675347e+00 2.58e-09 1.93e-01  -3.4 1.22e-03    -  1.00e+00 1.00e+00H  1
 761  5.4675393e+00 3.18e-09 2.88e-01  -3.4 1.76e-03    -  1.00e+00 1.00e+00H  1
 762  5.4676317e+00 1.41e-09 1.13e+00  -3.4 6.41e-03    -  1.00e+00 1.00e+00H  1
 763  5.4675735e+00 4.00e-07 7.26e-01  -3.4 3.41e-03    -  1.00e+00 1.00e+00h  1
 764  5.4675703e+00 2.74e-09 1.60e-01  -3.4 1.72e-03    -  1.00e+00 1.00e+00H  1
 765  5.4676024e+00 9.69e-10 3.30e-01  -3.4 2.44e-03    -  1.00e+00 1.00e+00H  1
 766  5.4676781e+00 4.31e-10 3.24e+00  -3.4 1.90e-02    -  1.00e+00 1.00e+00H  1
 767  5.4675459e+00 1.46e-06 3.38e+00  -3.4 6.47e-03    -  1.00e+00 1.00e+00h  1
 768  5.4674702e+00 3.08e-06 7.97e-01  -3.4 1.00e-02    -  1.00e+00 1.00e+00h  1
 769  5.4674878e+00 2.33e-06 5.95e-01  -3.4 6.11e-03    -  1.00e+00 2.50e-01h  3
iter    objective    inf_pr   inf_du lg(mu)  ||d||  lg(rg) alpha_du alpha_pr  ls
 770  5.4674965e+00 2.19e-06 2.05e+00  -3.4 6.26e-03    -  1.00e+00 6.25e-02h  5
 771  5.4675005e+00 2.13e-06 3.38e+00  -3.4 1.43e-02    -  1.00e+00 3.12e-02h  6
 772  5.4675021e+00 2.06e-06 8.01e-01  -3.4 7.03e-03    -  1.00e+00 3.12e-02h  6
 773  5.4675028e+00 2.05e-06 2.52e+00  -3.4 1.93e-02    -  1.00e+00 7.81e-03h  8
 774  5.4676953e+00 1.60e-06 4.23e+00  -3.4 2.75e-02    -  1.00e+00 1.00e+00H  1
 775  5.4674272e+00 9.40e-06 1.66e+00  -3.4 1.75e-02    -  1.00e+00 1.00e+00h  1
 776  5.4675839e+00 1.06e-06 4.94e+00  -3.4 3.40e-02    -  1.00e+00 1.00e+00H  1
 777  5.4675804e+00 8.33e-07 2.72e+00  -3.4 3.89e-02    -  1.00e+00 1.00e+00H  1
 778  5.4667741e+00 2.85e-04 1.83e+01  -3.4 1.20e-01    -  1.00e+00 1.00e+00h  1
 779  5.4642825e+00 1.53e-04 4.21e+00  -3.4 8.11e-02    -  1.00e+00 1.00e+00h  1
iter    objective    inf_pr   inf_du lg(mu)  ||d||  lg(rg) alpha_du alpha_pr  ls
 780  5.4635539e+00 2.59e-05 1.97e+00  -3.4 3.87e-02    -  1.00e+00 1.00e+00h  1
 781  5.4644650e+00 4.30e-06 2.17e+00  -3.4 1.28e-02    -  1.00e+00 1.00e+00h  1
 782  5.4665435e+00 2.80e-06 3.23e+00  -3.4 1.40e-02    -  1.00e+00 1.00e+00H  1
 783  5.4664485e+00 1.64e-06 8.81e-01  -3.4 7.50e-03    -  1.00e+00 1.00e+00h  1
 784  5.4667522e+00 2.04e-06 2.21e+00  -3.4 6.26e-03    -  1.00e+00 5.00e-01h  2
 785  5.4674773e+00 8.20e-07 8.57e-01  -3.4 8.00e-03    -  1.00e+00 1.00e+00H  1
 786  5.4675343e+00 1.25e-06 3.81e-01  -3.4 2.50e-03    -  1.00e+00 1.00e+00h  1
 787  5.4675070e+00 1.42e-06 5.15e-01  -3.4 2.48e-03    -  1.00e+00 1.00e+00h  1
 788  5.4674610e+00 9.53e-07 1.47e-01  -3.4 1.85e-03    -  1.00e+00 1.00e+00h  1
 789  5.4674668e+00 1.17e-07 3.12e-01  -3.4 1.86e-03    -  1.00e+00 1.00e+00h  1
iter    objective    inf_pr   inf_du lg(mu)  ||d||  lg(rg) alpha_du alpha_pr  ls
 790  5.4674338e+00 3.67e-07 3.67e-02  -3.4 1.46e-03    -  1.00e+00 1.00e+00h  1
 791  5.4674201e+00 1.15e-07 3.12e-02  -3.4 1.82e-04    -  1.00e+00 1.00e+00h  1
 792  5.4674231e+00 3.77e-07 1.22e-01  -3.4 8.54e-04    -  1.00e+00 1.00e+00h  1
 793  5.4674949e+00 1.88e-09 3.19e-01  -3.4 1.28e-03    -  1.00e+00 1.00e+00H  1
 794  5.4675186e+00 3.56e-09 3.98e-01  -3.4 1.53e-03    -  1.00e+00 1.00e+00H  1
 795  5.4675132e+00 1.25e-09 1.37e-01  -3.4 1.14e-03    -  1.00e+00 1.00e+00H  1
 796  5.4675284e+00 4.02e-10 4.06e-02  -3.4 4.80e-04    -  1.00e+00 1.00e+00H  1
 797  5.4675646e+00 1.23e-10 1.64e-01  -3.4 7.63e-04    -  1.00e+00 1.00e+00H  1
 798  5.4675646e+00 6.75e-11 1.06e+00  -3.4 6.30e-03    -  1.00e+00 2.44e-04h 13
 799r 5.4675646e+00 6.75e-11 9.94e+02  -3.4 0.00e+00    -  0.00e+00 4.77e-07R 22
iter    objective    inf_pr   inf_du lg(mu)  ||d||  lg(rg) alpha_du alpha_pr  ls
 800r 5.4677857e+00 1.14e-07 3.56e-03  -4.0 1.17e-03    -  1.00e+00 1.00e+00f  1
 801r 5.5070806e+00 2.64e-04 1.03e+00  -4.0 1.26e-01    -  1.00e+00 1.00e+00f  1
 802r 5.5246408e+00 4.26e-04 8.39e+00  -4.1 1.30e-01    -  7.49e-01 1.00e+00h  1
 803r 5.5332028e+00 1.93e-04 1.45e+00  -4.0 1.00e-01    -  1.00e+00 6.67e-01h  1
 804r 5.5386314e+00 1.99e-04 8.66e-01  -4.0 7.00e-02    -  1.00e+00 1.00e+00h  1
 805r 5.5331290e+00 4.00e-05 2.48e-01  -4.1 3.91e-02    -  1.00e+00 1.00e+00h  1
 806r 5.5476528e+00 4.52e-05 2.89e-01  -4.0 3.70e-02    -  1.00e+00 1.00e+00h  1
 807r 5.5402547e+00 2.77e-05 1.22e-01  -4.1 2.69e-02    -  1.00e+00 1.00e+00h  1
 808r 5.5512657e+00 5.87e-05 1.91e-01  -4.0 4.15e-02    -  1.00e+00 1.00e+00h  1
 809r 5.5396332e+00 6.97e-05 2.67e-01  -4.1 4.45e-02    -  1.00e+00 1.00e+00h  1
iter    objective    inf_pr   inf_du lg(mu)  ||d||  lg(rg) alpha_du alpha_pr  ls
 810r 5.5397033e+00 3.95e-05 1.19e-01  -4.1 3.50e-02    -  1.00e+00 1.00e+00h  1
 811r 5.5512110e+00 5.10e-05 3.25e-01  -4.0 5.14e-02    -  1.00e+00 1.00e+00h  1
 812r 5.5401693e+00 2.08e-05 1.65e-01  -4.1 3.29e-02    -  1.00e+00 1.00e+00h  1
 813r 5.5433055e+00 8.07e-05 4.47e-01  -4.1 5.04e-02    -  1.00e+00 1.00e+00h  1
 814r 5.5406436e+00 2.37e-05 4.90e-02  -4.1 2.94e-02    -  1.00e+00 1.00e+00h  1
 815r 5.5540201e+00 3.46e-05 1.81e-01  -4.0 3.94e-02    -  1.00e+00 1.00e+00h  1
 816r 5.5441309e+00 2.38e-05 7.62e-02  -4.1 3.04e-02    -  1.00e+00 1.00e+00h  1
 817r 5.5441177e+00 1.71e-05 1.48e-01  -4.1 2.50e-02    -  1.00e+00 1.00e+00h  1
 818r 5.5515188e+00 2.44e-05 8.72e-02  -4.0 2.60e-02    -  1.00e+00 1.00e+00f  1
 819r 5.5426933e+00 2.31e-05 1.29e-01  -4.1 2.69e-02    -  1.00e+00 1.00e+00h  1
iter    objective    inf_pr   inf_du lg(mu)  ||d||  lg(rg) alpha_du alpha_pr  ls
 820r 5.5432591e+00 1.10e-05 8.04e-02  -4.1 1.93e-02    -  1.00e+00 1.00e+00h  1
 821r 5.5526041e+00 1.39e-05 1.46e-01  -4.0 2.70e-02    -  1.00e+00 1.00e+00f  1
 822r 5.5435283e+00 2.57e-05 1.62e-01  -4.1 3.03e-02    -  1.00e+00 1.00e+00h  1
 823r 5.5400856e+00 2.49e-05 1.49e-01  -4.1 2.97e-02    -  1.00e+00 1.00e+00h  1
 824r 5.5542547e+00 6.35e-05 1.52e-01  -4.0 4.79e-02    -  1.00e+00 1.00e+00h  1
 825r 5.5435376e+00 2.35e-05 8.45e-02  -4.1 3.23e-02    -  1.00e+00 1.00e+00h  1
 826r 5.5435000e+00 4.66e-05 2.34e-01  -4.1 3.94e-02    -  1.00e+00 1.00e+00h  1
 827r 5.5434391e+00 1.69e-05 1.84e-02  -4.1 2.57e-02    -  1.00e+00 1.00e+00h  1
 828r 5.5437790e+00 7.28e-07 9.88e-03  -4.1 4.45e-03    -  1.00e+00 1.00e+00h  1
 829r 5.5509357e+00 1.29e-05 1.13e-01  -4.0 2.34e-02    -  1.00e+00 1.00e+00f  1
iter    objective    inf_pr   inf_du lg(mu)  ||d||  lg(rg) alpha_du alpha_pr  ls
 830r 5.5424639e+00 1.15e-05 1.20e-01  -4.1 2.50e-02    -  1.00e+00 1.00e+00h  1
 831r 5.5422334e+00 4.02e-05 2.66e-01  -4.1 3.78e-02    -  1.00e+00 1.00e+00h  1
 832r 5.5429788e+00 1.69e-05 2.16e-02  -4.1 2.33e-02    -  1.00e+00 1.00e+00h  1
 833r 5.5436985e+00 1.10e-06 1.25e-02  -4.1 4.02e-03    -  1.00e+00 1.00e+00h  1
 834r 5.5509882e+00 8.52e-06 7.39e-02  -4.0 2.07e-02    -  1.00e+00 1.00e+00f  1
 835r 5.5439056e+00 1.30e-05 6.98e-02  -4.1 2.16e-02    -  1.00e+00 1.00e+00h  1
 836r 5.5417695e+00 1.66e-05 1.73e-01  -4.1 2.53e-02    -  1.00e+00 1.00e+00h  1
 837r 5.5517096e+00 3.31e-05 1.11e-01  -4.0 3.24e-02    -  1.00e+00 1.00e+00f  1
 838r 5.5435753e+00 2.47e-05 5.61e-02  -4.1 2.68e-02    -  1.00e+00 1.00e+00h  1
 839r 5.5436550e+00 4.17e-06 5.12e-02  -4.1 1.28e-02    -  1.00e+00 1.00e+00h  1
iter    objective    inf_pr   inf_du lg(mu)  ||d||  lg(rg) alpha_du alpha_pr  ls
 840r 5.5535810e+00 1.54e-05 1.49e-01  -4.0 2.84e-02    -  1.00e+00 1.00e+00f  1
 841r 5.5444007e+00 1.52e-05 9.63e-02  -4.1 2.68e-02    -  1.00e+00 1.00e+00h  1
 842r 5.5426024e+00 7.80e-06 1.28e-01  -4.1 1.58e-02    -  1.00e+00 1.00e+00h  1
 843r 5.5534787e+00 3.57e-05 1.39e-01  -4.0 3.31e-02    -  1.00e+00 1.00e+00f  1
 844r 5.5440277e+00 2.29e-05 9.38e-02  -4.1 2.90e-02    -  1.00e+00 1.00e+00h  1
 845r 5.5410669e+00 6.55e-05 3.30e-01  -4.1 5.05e-02    -  1.00e+00 1.00e+00h  1
 846r 5.5433867e+00 2.68e-05 4.29e-02  -4.1 3.23e-02    -  1.00e+00 1.00e+00h  1
 847r 5.5439765e+00 2.17e-06 4.45e-02  -4.1 8.65e-03    -  1.00e+00 1.00e+00h  1
 848r 5.5438903e+00 5.70e-07 1.21e-02  -4.1 2.52e-03    -  1.00e+00 1.00e+00h  1
 849r 5.5538380e+00 1.70e-05 1.74e-01  -4.0 3.00e-02    -  1.00e+00 1.00e+00f  1
iter    objective    inf_pr   inf_du lg(mu)  ||d||  lg(rg) alpha_du alpha_pr  ls
 850r 5.5451221e+00 1.46e-05 9.12e-02  -4.1 2.75e-02    -  1.00e+00 1.00e+00h  1
 851r 5.5425508e+00 1.75e-05 1.87e-01  -4.1 2.92e-02    -  1.00e+00 1.00e+00h  1
 852r 5.5443920e+00 9.57e-06 2.94e-02  -4.1 1.67e-02    -  1.00e+00 1.00e+00h  1
 853r 5.5439418e+00 6.68e-07 1.81e-02  -4.1 3.72e-03    -  1.00e+00 1.00e+00h  1
 854r 5.5439433e+00 8.69e-07 1.06e-02  -4.1 2.53e-03    -  1.00e+00 1.00e+00h  1
 855r 5.5561999e+00 3.09e-05 2.39e-01  -4.0 3.81e-02    -  1.00e+00 1.00e+00f  1
 856r 5.5459156e+00 1.79e-05 9.31e-02  -4.1 3.12e-02    -  1.00e+00 1.00e+00h  1
 857r 5.5441068e+00 1.04e-05 1.74e-01  -4.1 1.99e-02    -  1.00e+00 1.00e+00h  1
 858r 5.5439900e+00 3.15e-06 2.46e-02  -4.1 1.05e-02    -  1.00e+00 1.00e+00h  1
 859r 5.5437391e+00 5.81e-07 1.32e-02  -4.1 2.74e-03    -  1.00e+00 1.00e+00h  1
iter    objective    inf_pr   inf_du lg(mu)  ||d||  lg(rg) alpha_du alpha_pr  ls
 860r 5.5564153e+00 3.97e-05 2.40e-01  -4.0 4.18e-02    -  1.00e+00 1.00e+00f  1
 861r 5.5455484e+00 2.25e-05 8.23e-02  -4.1 3.55e-02    -  1.00e+00 1.00e+00h  1
 862r 5.5449807e+00 3.62e-05 1.79e-01  -4.1 3.54e-02    -  1.00e+00 1.00e+00h  1
 863r 5.5443956e+00 1.60e-05 2.98e-02  -4.1 2.22e-02    -  1.00e+00 1.00e+00h  1
 864r 5.5439599e+00 6.29e-07 2.10e-02  -4.1 4.50e-03    -  1.00e+00 1.00e+00h  1
 865r 5.5438684e+00 1.89e-06 2.01e-02  -4.1 3.66e-03    -  1.00e+00 1.00e+00h  1
 866r 5.5437524e+00 3.67e-07 8.93e-03  -4.1 2.02e-03    -  1.00e+00 1.00e+00h  1
 867r 5.5581146e+00 7.45e-05 3.71e-01  -4.0 5.23e-02    -  1.00e+00 1.00e+00f  1
 868r 5.5491925e+00 3.25e-05 1.54e-01  -4.1 3.14e-02    -  1.00e+00 1.00e+00h  1
 869r 5.5462146e+00 1.37e-05 1.75e-01  -4.1 2.17e-02    -  1.00e+00 1.00e+00h  1
iter    objective    inf_pr   inf_du lg(mu)  ||d||  lg(rg) alpha_du alpha_pr  ls
 870r 5.5437525e+00 1.64e-05 7.54e-02  -4.1 2.28e-02    -  1.00e+00 1.00e+00h  1
 871r 5.5433998e+00 3.32e-06 2.95e-02  -4.1 1.01e-02    -  1.00e+00 1.00e+00h  1
 872r 5.5440070e+00 3.00e-07 1.13e-02  -4.1 2.52e-03    -  1.00e+00 1.00e+00h  1
 873r 5.5439048e+00 2.78e-07 2.37e-02  -4.1 3.13e-03    -  1.00e+00 1.00e+00h  1
 874r 5.5437361e+00 1.38e-07 5.13e-03  -4.1 1.99e-03    -  1.00e+00 1.00e+00h  1
 875r 5.5542207e+00 4.30e-05 2.54e-01  -4.0 3.95e-02    -  1.00e+00 1.00e+00f  1
 876r 5.5452339e+00 2.13e-05 2.30e-01  -4.1 3.04e-02    -  1.00e+00 1.00e+00h  1
 877r 5.5430679e+00 2.65e-05 3.00e-01  -4.1 3.83e-02    -  1.00e+00 1.00e+00h  1
 878r 5.5426714e+00 1.80e-05 9.04e-02  -4.1 2.50e-02    -  1.00e+00 1.00e+00h  1
 879r 5.5442858e+00 5.07e-06 7.14e-02  -4.1 1.38e-02    -  1.00e+00 1.00e+00h  1
iter    objective    inf_pr   inf_du lg(mu)  ||d||  lg(rg) alpha_du alpha_pr  ls
 880r 5.5435385e+00 1.68e-06 3.00e-02  -4.1 6.08e-03    -  1.00e+00 1.00e+00h  1
 881r 5.5433378e+00 1.61e-06 1.39e-02  -4.1 3.04e-03    -  1.00e+00 1.00e+00h  1
 882r 5.5563847e+00 5.50e-05 2.70e-01  -4.0 4.71e-02    -  1.00e+00 1.00e+00f  1
 883r 5.5477956e+00 3.96e-05 1.64e-01  -4.1 3.66e-02    -  1.00e+00 1.00e+00h  1
 884r 5.5444775e+00 1.71e-05 1.71e-01  -4.1 2.79e-02    -  1.00e+00 1.00e+00h  1
 885r 5.5446208e+00 4.96e-06 6.95e-02  -4.1 1.12e-02    -  1.00e+00 1.00e+00h  1
 886r 5.5438351e+00 2.22e-06 1.11e-02  -4.1 6.13e-03    -  1.00e+00 1.00e+00h  1
 887r 5.5440399e+00 2.64e-07 1.52e-02  -4.1 3.12e-03    -  1.00e+00 1.00e+00h  1
 888r 5.5439014e+00 3.36e-09 4.38e-03  -4.1 1.57e-03    -  1.00e+00 1.00e+00H  1
 889r 5.5582506e+00 6.05e-05 3.03e-01  -4.0 5.04e-02    -  1.00e+00 1.00e+00f  1
iter    objective    inf_pr   inf_du lg(mu)  ||d||  lg(rg) alpha_du alpha_pr  ls
 890r 5.5478565e+00 2.77e-05 7.62e-02  -4.1 3.48e-02    -  1.00e+00 1.00e+00h  1
 891r 5.5447026e+00 7.55e-06 1.28e-01  -4.1 2.03e-02    -  1.00e+00 1.00e+00h  1
 892r 5.5432783e+00 9.32e-06 1.04e-01  -4.1 1.68e-02    -  1.00e+00 1.00e+00h  1
 893r 5.5443659e+00 2.48e-06 4.20e-02  -4.1 8.56e-03    -  1.00e+00 1.00e+00h  1
 894r 5.5433961e+00 4.04e-06 1.56e-02  -4.1 4.22e-03    -  1.00e+00 1.00e+00h  1
 895r 5.5437026e+00 1.40e-06 8.40e-03  -4.1 1.37e-03    -  1.00e+00 1.00e+00h  1
 896r 5.5438458e+00 7.69e-07 1.36e-02  -4.1 1.16e-03    -  1.00e+00 1.00e+00h  1
 897r 5.5438263e+00 4.76e-08 2.05e-03  -4.1 6.44e-04    -  1.00e+00 1.00e+00h  1
 898r 5.5150547e+00 3.68e-04 4.75e+00  -6.1 1.19e-01    -  8.34e-01 9.74e-01f  1
 899r 5.8297884e+00 2.53e-02 4.41e+00  -4.0 1.10e+00    -  1.00e+00 1.00e+00f  1
iter    objective    inf_pr   inf_du lg(mu)  ||d||  lg(rg) alpha_du alpha_pr  ls
 900r 5.7377899e+00 1.17e-02 2.73e+00  -4.1 4.88e-01    -  7.52e-01 6.24e-01h  1
 901r 5.6676696e+00 6.61e-03 2.65e+00  -4.1 4.66e-01    -  1.00e+00 5.97e-01h  1
 902r 5.6174124e+00 3.49e-03 2.04e+01  -4.1 3.80e-01    -  1.00e+00 5.13e-01h  1
 903r 5.5714791e+00 1.25e-03 4.95e-01  -4.1 1.95e-01    -  1.00e+00 9.45e-01h  1
 904r 5.5385649e+00 8.62e-04 1.37e-01  -4.1 1.36e-01    -  1.00e+00 1.00e+00f  1
 905r 5.5296889e+00 4.98e-04 1.41e-01  -4.1 1.16e-01    -  1.00e+00 1.00e+00h  1
 906r 5.5344077e+00 2.52e-04 1.50e+00  -4.1 8.71e-02    -  1.00e+00 8.97e-01h  1
 907r 5.5390472e+00 9.41e-05 4.72e-01  -4.1 5.32e-02    -  1.00e+00 1.00e+00f  1
 908r 5.5428411e+00 1.53e-05 1.74e-01  -4.1 2.13e-02    -  1.00e+00 1.00e+00h  1
 909r 5.5436764e+00 8.02e-06 1.13e-01  -4.1 1.42e-02    -  1.00e+00 1.00e+00h  1
iter    objective    inf_pr   inf_du lg(mu)  ||d||  lg(rg) alpha_du alpha_pr  ls
 910r 5.5437678e+00 5.74e-06 7.10e-02  -4.1 1.16e-02    -  1.00e+00 1.00e+00h  1
 911r 5.5439658e+00 1.49e-06 1.67e-02  -4.1 6.82e-03    -  1.00e+00 1.00e+00h  1
 912r 5.5439919e+00 1.37e-07 8.13e-03  -4.1 1.03e-03    -  1.00e+00 1.00e+00h  1
 913r 5.5441044e+00 2.23e-07 1.08e-02  -4.1 1.40e-03    -  1.00e+00 1.00e+00h  1
 914r 5.5441411e+00 4.68e-09 1.31e-02  -4.1 1.62e-03    -  1.00e+00 1.00e+00H  1
 915r 5.5441630e+00 3.85e-08 3.46e-03  -4.1 1.00e-03    -  1.00e+00 1.00e+00h  1
 916r 5.5371086e+00 3.54e-05 3.19e+00  -6.1 2.77e-02    -  8.94e-01 9.60e-01f  1
 917r 5.7837678e+00 1.47e-02 1.74e+01  -4.0 1.37e+00    -  1.00e+00 6.51e-01f  1
 918r 5.7024028e+00 8.88e-03 1.49e+01  -4.2 4.61e-01    -  3.47e-01 6.90e-01h  1
 919r 5.6523048e+00 1.59e-03 7.39e-01  -4.2 2.55e-01    -  1.00e+00 1.00e+00h  1
iter    objective    inf_pr   inf_du lg(mu)  ||d||  lg(rg) alpha_du alpha_pr  ls
 920r 5.5729316e+00 1.15e-03 2.15e-01  -4.2 2.97e-01    -  1.00e+00 1.00e+00h  1
 921r 5.5533015e+00 2.75e-04 9.99e-01  -4.2 1.20e-01    -  9.97e-01 8.00e-01h  1
 922r 5.5328809e+00 2.96e-04 1.26e+00  -4.2 9.63e-02    -  1.00e+00 9.13e-01f  1
 923r 5.5256528e+00 2.03e-04 6.08e-01  -4.2 9.15e-02    -  1.00e+00 9.31e-01f  1
 924r 5.5394820e+00 7.34e-05 2.86e-01  -4.2 5.65e-02    -  1.00e+00 1.00e+00f  1
 925r 5.5357125e+00 2.65e-05 2.74e-01  -4.2 3.19e-02    -  1.00e+00 1.00e+00h  1
 926r 5.5667768e+00 1.60e-04 5.65e-01  -4.0 9.30e-02    -  1.00e+00 1.00e+00f  1
 927r 5.5484727e+00 8.04e-05 2.99e-01  -4.1 6.49e-02    -  1.00e+00 1.00e+00h  1
 928r 5.5321813e+00 2.26e-04 3.65e-01  -4.1 1.01e-01    -  1.00e+00 1.00e+00h  1
 929r 5.5385225e+00 9.74e-05 1.87e-01  -4.1 5.71e-02    -  1.00e+00 1.00e+00h  1
iter    objective    inf_pr   inf_du lg(mu)  ||d||  lg(rg) alpha_du alpha_pr  ls
 930r 5.5436157e+00 1.39e-05 1.30e-01  -4.1 2.51e-02    -  1.00e+00 1.00e+00h  1
 931r 5.5427998e+00 5.61e-06 6.92e-02  -4.1 1.20e-02    -  1.00e+00 1.00e+00h  1
 932r 5.5435883e+00 5.37e-06 3.42e-02  -4.1 4.97e-03    -  1.00e+00 1.00e+00h  1
 933r 5.5442705e+00 4.11e-06 1.93e-02  -4.1 3.99e-03    -  1.00e+00 1.00e+00h  1
 934r 5.5440128e+00 7.39e-07 1.50e-02  -4.1 2.18e-03    -  1.00e+00 1.00e+00h  1
 935r 5.5437446e+00 1.13e-06 6.04e-03  -4.1 1.37e-03    -  1.00e+00 1.00e+00h  1
 936r 5.5437068e+00 1.24e-07 1.14e-02  -4.1 1.15e-03    -  1.00e+00 1.00e+00h  1
 937r 5.5438259e+00 3.37e-09 2.20e-03  -4.1 5.97e-04    -  1.00e+00 1.00e+00H  1
 938r 5.5047163e+00 4.03e-04 2.95e+00  -6.1 1.32e-01    -  8.82e-01 9.77e-01f  1
 939r 5.7623659e+00 1.09e-02 6.70e+00  -4.0 1.03e+00    -  1.00e+00 7.76e-01f  1
iter    objective    inf_pr   inf_du lg(mu)  ||d||  lg(rg) alpha_du alpha_pr  ls
 940r 5.6908034e+00 5.27e-03 2.33e+00  -4.2 4.16e-01    -  8.52e-01 6.01e-01h  1
 941r 5.6243895e+00 1.43e-03 8.56e+00  -4.2 2.19e-01    -  5.23e-01 1.00e+00h  1
 942r 5.5508195e+00 2.51e-03 7.43e-01  -4.2 3.37e-01    -  1.00e+00 9.20e-01h  1
 943r 5.5498769e+00 1.03e-03 4.39e+00  -4.2 1.40e-01    -  1.00e+00 7.73e-01h  1
 944r 5.5294621e+00 4.81e-04 7.84e-02  -4.2 1.31e-01    -  1.00e+00 1.00e+00f  1
 945r 5.5304740e+00 2.39e-04 2.16e-01  -4.2 9.39e-02    -  1.00e+00 1.00e+00h  1
 946r 5.5353150e+00 1.08e-04 5.56e-01  -4.2 5.77e-02    -  1.00e+00 9.63e-01h  1
 947r 5.5386900e+00 4.68e-05 2.38e-01  -4.2 3.98e-02    -  1.00e+00 1.00e+00f  1
 948r 5.5550630e+00 7.42e-05 4.27e-01  -4.0 5.59e-02    -  1.00e+00 1.00e+00f  1
 949r 5.5478546e+00 6.94e-05 3.19e-01  -4.1 4.08e-02    -  1.00e+00 1.00e+00h  1
iter    objective    inf_pr   inf_du lg(mu)  ||d||  lg(rg) alpha_du alpha_pr  ls
 950r 5.5448864e+00 2.73e-05 2.17e-01  -4.1 3.49e-02    -  1.00e+00 1.00e+00h  1
 951r 5.5460381e+00 8.34e-06 3.45e-02  -4.1 1.48e-02    -  1.00e+00 1.00e+00h  1
 952r 5.5451257e+00 4.75e-06 3.26e-02  -4.1 4.82e-03    -  1.00e+00 1.00e+00h  1
 953r 5.5433856e+00 1.39e-06 3.33e-02  -4.1 7.06e-03    -  1.00e+00 1.00e+00h  1
 954r 5.5432386e+00 2.77e-06 3.26e-02  -4.1 6.53e-03    -  1.00e+00 1.00e+00h  1
 955r 5.5437782e+00 5.13e-07 1.29e-02  -4.1 4.69e-03    -  1.00e+00 1.00e+00h  1
 956r 5.5437894e+00 3.18e-07 2.67e-03  -4.1 5.71e-04    -  1.00e+00 1.00e+00h  1
 957r 5.4920742e+00 9.65e-04 3.43e+00  -6.1 2.00e-01    -  8.77e-01 9.72e-01f  1
 958r 5.4857250e+00 1.62e-04 4.69e-01  -6.1 6.60e-02    -  9.52e-01 1.00e+00h  1
 959r 5.6546229e+00 6.57e-03 2.87e+01  -4.0 1.68e+00    -  1.00e+00 3.15e-01f  1
iter    objective    inf_pr   inf_du lg(mu)  ||d||  lg(rg) alpha_du alpha_pr  ls
 960r 5.5930760e+00 1.38e-02 7.60e+00  -4.4 5.89e-01    -  7.53e-01 1.00e+00h  1
 961r 5.5447468e+00 3.48e-03 3.28e-01  -4.4 3.01e-01    -  1.00e+00 1.00e+00h  1
 962r 5.5248057e+00 1.04e-03 1.17e-01  -4.4 1.73e-01    -  1.00e+00 1.00e+00h  1
 963r 5.5125435e+00 3.95e-04 5.78e-02  -4.4 1.22e-01    -  1.00e+00 1.00e+00h  1
 964r 5.5186902e+00 3.38e-04 2.68e-01  -4.4 1.06e-01    -  1.00e+00 1.00e+00h  1
 965r 5.5202938e+00 1.06e-04 1.11e-01  -4.4 6.07e-02    -  1.00e+00 1.00e+00h  1
 966r 5.5507307e+00 2.00e-04 1.24e+00  -4.0 9.31e-02    -  1.00e+00 1.00e+00f  1
 967r 5.5450289e+00 8.08e-05 3.16e-01  -4.1 5.19e-02    -  1.00e+00 1.00e+00h  1
 968r 5.5421445e+00 3.60e-05 1.75e-01  -4.1 3.32e-02    -  1.00e+00 1.00e+00h  1
 969r 5.5434075e+00 4.60e-06 5.93e-02  -4.1 1.22e-02    -  1.00e+00 1.00e+00h  1
iter    objective    inf_pr   inf_du lg(mu)  ||d||  lg(rg) alpha_du alpha_pr  ls
 970r 5.5436798e+00 2.06e-06 2.22e-02  -4.1 3.31e-03    -  1.00e+00 1.00e+00h  1
 971r 5.5437991e+00 1.44e-06 1.20e-02  -4.1 1.66e-03    -  1.00e+00 1.00e+00h  1
 972r 5.5438519e+00 9.48e-07 1.19e-02  -4.1 1.70e-03    -  1.00e+00 1.00e+00h  1
 973r 5.5438260e+00 7.52e-07 1.44e-02  -4.1 1.97e-03    -  1.00e+00 1.00e+00h  1
 974r 5.5438102e+00 8.52e-07 7.08e-03  -4.1 1.11e-03    -  1.00e+00 1.00e+00h  1
 975r 5.5438283e+00 2.59e-08 2.39e-03  -4.1 5.79e-04    -  1.00e+00 1.00e+00h  1
 976r 5.5384204e+00 1.27e-05 4.95e+00  -6.1 2.19e-02    -  8.59e-01 9.59e-01f  1
 977r 5.6856120e+00 8.02e-03 3.22e+01  -4.0 1.46e+00    -  1.00e+00 3.54e-01f  1
 978r 5.6192283e+00 3.49e-03 1.63e+00  -4.4 3.37e-01    -  9.63e-01 7.72e-01h  1
 979r 5.5780003e+00 8.96e-04 2.28e-01  -4.4 1.70e-01    -  1.00e+00 1.00e+00h  1
iter    objective    inf_pr   inf_du lg(mu)  ||d||  lg(rg) alpha_du alpha_pr  ls
 980r 5.5316273e+00 8.30e-04 1.65e-01  -4.4 2.05e-01    -  9.72e-01 1.00e+00h  1
 981r 5.5307163e+00 4.50e-04 3.69e+00  -4.4 7.02e-02    -  1.00e+00 4.79e-01h  1
 982r 5.5241090e+00 2.24e-04 1.63e-01  -4.4 8.77e-02    -  1.00e+00 1.00e+00f  1
 983r 5.5220262e+00 9.30e-05 1.46e-01  -4.4 5.57e-02    -  1.00e+00 1.00e+00h  1
 984r 5.5293053e+00 2.48e-05 1.10e-01  -4.4 3.18e-02    -  1.00e+00 1.00e+00h  1
 985r 5.5297901e+00 9.89e-06 5.83e-02  -4.4 1.58e-02    -  1.00e+00 1.00e+00h  1
 986r 5.5744194e+00 3.44e-04 1.01e+00  -4.0 1.35e-01    -  1.00e+00 1.00e+00f  1
 987r 5.5570710e+00 1.55e-04 4.33e-01  -4.1 6.27e-02    -  1.00e+00 1.00e+00h  1
 988r 5.5487590e+00 3.29e-05 3.85e-01  -4.1 4.94e-02    -  1.00e+00 1.00e+00h  1
 989r 5.5431823e+00 3.38e-05 1.94e-01  -4.1 3.10e-02    -  1.00e+00 1.00e+00h  1
iter    objective    inf_pr   inf_du lg(mu)  ||d||  lg(rg) alpha_du alpha_pr  ls
 990r 5.5432071e+00 2.51e-05 1.78e-01  -4.1 2.86e-02    -  1.00e+00 1.00e+00h  1
 991r 5.5436067e+00 5.42e-06 5.43e-02  -4.1 1.39e-02    -  1.00e+00 1.00e+00h  1
 992r 5.5436484e+00 3.21e-07 1.17e-02  -4.1 1.89e-03    -  1.00e+00 1.00e+00h  1
 993r 5.5438868e+00 1.96e-06 1.50e-02  -4.1 2.76e-03    -  1.00e+00 1.00e+00h  1
 994r 5.5438975e+00 1.42e-06 1.24e-02  -4.1 2.32e-03    -  1.00e+00 1.00e+00h  1
 995r 5.5438571e+00 1.09e-07 4.37e-03  -4.1 9.82e-04    -  1.00e+00 1.00e+00h  1
 996r 5.5347132e+00 2.82e-05 8.87e+00  -6.1 3.41e-02    -  7.90e-01 9.55e-01f  1
 997r 5.5304208e+00 2.56e-05 7.89e+00  -6.1 1.31e-01    -  8.17e-01 1.35e-01h  1
 998r 5.5501674e+00 2.50e-04 3.13e+01  -4.0 3.90e+00    -  1.00e+00 2.99e-02f  1
 999r 5.5220179e+00 2.87e-04 1.77e+00  -4.7 1.02e-01    -  8.79e-01 1.00e+00f  1
iter    objective    inf_pr   inf_du lg(mu)  ||d||  lg(rg) alpha_du alpha_pr  ls
1000r 5.5329085e+00 1.87e-04 1.81e+00  -4.7 2.36e-01    -  2.47e-01 2.36e-01H  1

Number of Iterations....: 1000

                                   (scaled)                 (unscaled)
Objective...............:   5.5329084771937822e+00    5.5329084771937822e+00
Dual infeasibility......:   1.8130272168995702e+00    1.8130272168995702e+00
Constraint violation....:   1.8674599408630144e-04    1.8674599408630144e-04
Variable bound violation:   0.0000000000000000e+00    0.0000000000000000e+00
Complementarity.........:   1.1049942072556887e-04    1.1049942072556887e-04
Overall NLP error.......:   1.8130272168995702e+00    1.8130272168995702e+00


Number of objective function evaluations             = 1815
Number of objective gradient evaluations             = 801
Number of equality constraint evaluations            = 1815
Number of inequality constraint evaluations          = 1815
Number of equality constraint Jacobian evaluations   = 1002
Number of inequality constraint Jacobian evaluations = 1002
Number of Lagrangian Hessian evaluations             = 0
Total seconds in IPOPT                               = 3554.247

EXIT: Maximum Number of Iterations Exceeded.
