This is Ipopt version 3.14.19, running with linear solver MUMPS 5.8.2.

Number of nonzeros in equality constraint Jacobian...:   566581
Number of nonzeros in inequality constraint Jacobian.:     2432
Number of nonzeros in Lagrangian Hessian.............:        0

Total number of variables............................:     1851
                     variables with only lower bounds:        0
                variables with lower and upper bounds:      392
                     variables with only upper bounds:        0
Total number of equality constraints.................:     1782
Total number of inequality constraints...............:      265
        inequality constraints with only lower bounds:        0
   inequality constraints with lower and upper bounds:        0
        inequality constraints with only upper bounds:      265

iter    objective    inf_pr   inf_du lg(mu)  ||d||  lg(rg) alpha_du alpha_pr  ls
   0  4.2069014e-02 7.15e+00 1.00e+00   0.0 0.00e+00    -  0.00e+00 0.00e+00   0
   1  4.1859936e-02 7.08e+00 4.30e+01  -0.5 8.33e+00    -  3.48e-01 1.04e-02h  1
   2  4.2379736e-02 6.97e+00 5.77e+03   0.5 2.37e+01    -  6.66e-01 1.46e-02h  1
   3  8.9069225e-02 6.70e+00 6.07e+03   1.3 6.22e+01    -  5.59e-02 3.85e-02h  1
   4  4.7010018e-01 6.22e+00 6.01e+03   1.7 7.91e+01    -  8.16e-02 6.66e-02f  1
   5  5.2240014e-01 6.10e+00 7.41e+03  -4.0 4.32e+01    -  6.74e-02 1.88e-02h  1
   6  8.6904911e-01 5.63e+00 7.03e+03   1.3 4.42e+01    -  7.65e-02 7.19e-02h  1
   7  8.9162114e-01 5.58e+00 7.78e+03  -4.0 3.53e+01    -  2.26e-02 8.76e-03h  1
   8  1.0576130e+00 5.33e+00 8.91e+03   1.9 7.06e+01    -  2.50e-02 4.35e-02f  1
   9  1.1434515e+00 5.17e+00 1.29e+04  -4.0 3.84e+01    -  7.26e-02 2.96e-02h  1
iter    objective    inf_pr   inf_du lg(mu)  ||d||  lg(rg) alpha_du alpha_pr  ls
  10  1.1700610e+00 5.10e+00 1.48e+04   2.4 9.09e+01    -  2.24e-02 1.30e-02f  1
  11  1.6179189e+00 4.66e+00 2.53e+04  -4.0 5.71e+01    -  4.09e-02 8.27e-02h  1
  12  1.7337392e+00 4.56e+00 2.67e+04  -4.0 5.12e+01    -  5.29e-02 2.12e-02h  1
  13  2.5116913e+00 4.15e+00 3.39e+04   1.8 5.77e+01    -  1.35e-01 8.39e-02f  1
  14  2.9213074e+00 3.81e+00 3.58e+04   1.9 5.09e+01    -  1.16e-01 7.80e-02f  1
  15  3.8149104e+00 3.55e+00 4.31e+04   2.4 6.39e+01    -  1.89e-01 6.45e-02f  1
  16  5.3042801e+00 3.42e+00 6.89e+04   1.5 5.10e+01    -  1.66e-01 1.06e-01h  1
  17  7.6605808e+00 4.10e+00 1.02e+05   2.0 5.20e+01    -  1.82e-01 1.51e-01h  2
  18  1.0375711e+01 4.89e+00 1.15e+05   2.0 5.31e+01    -  5.26e-01 2.12e-01H  1
  19  1.2692946e+01 4.83e+00 1.25e+05   2.3 3.77e+01    -  4.86e-01 2.18e-01f  1
iter    objective    inf_pr   inf_du lg(mu)  ||d||  lg(rg) alpha_du alpha_pr  ls
  20  1.6763094e+01 4.31e+00 1.49e+05   2.5 4.72e+01    -  4.92e-01 2.98e-01f  1
  21  2.0382058e+01 4.05e+00 1.78e+05   2.2 2.58e+01    -  1.33e-01 5.23e-01h  1
  22  2.2682379e+01 2.66e+00 2.03e+05   1.6 2.10e+01    -  7.26e-01 4.52e-01h  1
  23  2.5276990e+01 1.72e+00 2.07e+05   1.6 1.85e+01    -  7.00e-01 5.64e-01h  1
  24  2.5506932e+01 8.05e-01 1.56e+05   1.4 7.92e+00    -  6.71e-01 5.03e-01h  1
  25  2.4906763e+01 2.22e+00 4.99e+04   1.5 1.15e+01    -  7.86e-01 1.00e+00f  1
  26  2.4455793e+01 2.56e+00 5.83e+04   1.8 7.76e+00    -  9.65e-01 9.73e-01f  1
  27  2.3516416e+01 1.65e-01 1.25e+04   1.2 3.63e+00    -  1.00e+00 1.00e+00f  1
  28  2.3558104e+01 6.81e-02 8.11e+03   1.0 2.40e+00    -  1.00e+00 1.00e+00f  1
  29  2.3625457e+01 1.87e-02 5.48e+03   0.1 1.27e+00    -  1.00e+00 1.00e+00h  1
iter    objective    inf_pr   inf_du lg(mu)  ||d||  lg(rg) alpha_du alpha_pr  ls
  30  2.3725318e+01 1.25e-02 6.34e+03   0.1 1.64e+00    -  8.75e-01 1.00e+00H  1
  31  2.3636537e+01 8.47e-03 3.10e+03  -0.7 8.64e-01    -  1.00e+00 1.00e+00h  1
  32  2.3597023e+01 7.07e-03 1.22e+03  -1.5 8.58e-01    -  1.00e+00 1.00e+00h  1
  33  2.3579686e+01 9.24e-04 4.44e+02  -2.3 2.76e-01    -  1.00e+00 1.00e+00h  1
  34  2.3554085e+01 4.21e-04 8.13e+01  -2.3 1.33e-01    -  1.00e+00 1.00e+00h  1
  35  2.3504021e+01 6.98e-04 5.93e+01  -2.7 9.27e-02    -  1.00e+00 1.00e+00h  1
  36  2.3264731e+01 1.00e-02 2.49e+02  -2.4 5.23e-01    -  1.00e+00 9.26e-01f  1
  37  2.3162150e+01 6.96e-03 1.28e+02  -3.1 4.63e-01    -  1.00e+00 4.17e-01h  1
  38  2.3064591e+01 4.14e-03 2.57e+02  -3.5 3.97e-01    -  1.00e+00 4.60e-01h  1
  39  2.3062989e+01 7.50e-05 6.15e-01  -2.6 2.27e-02    -  1.00e+00 1.00e+00h  1
iter    objective    inf_pr   inf_du lg(mu)  ||d||  lg(rg) alpha_du alpha_pr  ls
  40  2.3054489e+01 8.94e-06 3.73e-02  -4.0 1.59e-02    -  1.00e+00 1.00e+00h  1
  41  2.3045178e+01 1.29e-05 3.84e-02  -4.0 1.81e-02    -  1.00e+00 1.00e+00h  1
  42  2.3038596e+01 8.71e-06 4.74e-01  -4.0 1.68e-02    -  1.00e+00 7.49e-01h  1
  43  2.3030519e+01 8.38e-06 1.77e-02  -4.0 1.57e-02    -  1.00e+00 1.00e+00h  1
  44  2.3024027e+01 3.78e-06 3.55e-01  -4.0 1.42e-02    -  1.00e+00 8.95e-01h  1
  45  2.3017100e+01 3.98e-06 1.37e-02  -4.0 1.38e-02    -  1.00e+00 1.00e+00h  1
  46  2.3010077e+01 4.50e-06 2.25e-02  -4.0 1.39e-02    -  1.00e+00 1.00e+00h  1
  47  2.3003101e+01 5.13e-06 5.88e-02  -4.0 1.39e-02    -  1.00e+00 1.00e+00h  1
  48  2.2996201e+01 3.50e-06 1.41e-01  -4.0 1.39e-02    -  1.00e+00 1.00e+00h  1
  49  2.2345200e+01 5.52e-02 1.01e+02  -2.0 4.22e+02    -  7.91e-02 3.89e-03f  1
iter    objective    inf_pr   inf_du lg(mu)  ||d||  lg(rg) alpha_du alpha_pr  ls
  50  1.9260489e+01 1.20e+00 3.47e+02  -1.3 4.54e+02    -  5.38e-01 2.23e-02f  1
  51  1.7201019e+01 1.23e+00 2.80e+02  -2.0 1.74e+01    -  2.10e-01 3.28e-01h  1
  52  1.5997383e+01 1.37e+00 1.35e+02  -1.4 1.22e+01    -  7.84e-01 6.28e-01h  1
  53  1.4674991e+01 3.72e-01 1.42e+02  -1.6 6.10e+00    -  1.00e+00 1.00e+00h  1
  54  1.5764817e+01 5.70e-01 7.43e+01  -1.3 3.93e+00    -  1.00e+00 1.00e+00h  1
  55  1.5824410e+01 2.44e-01 6.62e+01  -1.4 4.17e+00    -  1.00e+00 9.10e-01h  1
  56  1.6241142e+01 1.11e-01 5.81e+01  -1.8 2.71e+00    -  1.00e+00 7.78e-01h  1
  57  1.6284030e+01 6.49e-02 6.67e+01  -2.2 1.72e+00    -  1.00e+00 4.18e-01h  1
  58  1.6186303e+01 7.70e-02 1.25e+02  -2.4 3.01e+00    -  1.00e+00 5.00e-01h  2
  59  1.5589315e+01 3.37e-01 3.00e+02  -2.1 8.03e+00    -  1.00e+00 3.87e-01h  1
iter    objective    inf_pr   inf_du lg(mu)  ||d||  lg(rg) alpha_du alpha_pr  ls
  60  1.5155277e+01 5.52e-01 1.86e+02  -1.9 8.39e+00    -  1.00e+00 8.21e-01h  1
  61  1.5124698e+01 2.22e-01 6.01e+01  -1.9 3.98e+00    -  1.00e+00 1.00e+00h  1
  62  1.5464660e+01 1.26e-01 4.98e+01  -1.6 2.85e+00    -  1.00e+00 8.70e-01h  1
  63  1.5544964e+01 7.45e-02 1.13e+02  -2.0 1.82e+00    -  1.00e+00 4.36e-01h  1
  64  1.5546589e+01 5.55e-02 1.65e+02  -2.6 2.31e+00    -  9.25e-01 2.43e-01h  3
  65  1.5233888e+01 2.06e-01 3.03e+02  -2.7 5.87e+00    -  1.00e+00 5.82e-01h  1
  66  1.4772279e+01 3.43e-01 5.82e+02  -2.7 1.69e+01    -  2.22e-01 3.14e-01h  1
  67  1.4354609e+01 8.92e-02 3.39e+02  -2.4 2.31e+00    -  1.00e+00 1.00e+00h  1
  68  1.4983204e+01 4.06e-02 1.85e+02  -1.9 2.91e+00    -  1.10e-01 4.86e-01H  1
  69  1.4848631e+01 3.11e-02 8.53e+01  -2.7 1.52e+00    -  1.00e+00 7.73e-01h  1
iter    objective    inf_pr   inf_du lg(mu)  ||d||  lg(rg) alpha_du alpha_pr  ls
  70  1.4797968e+01 2.17e-02 1.18e+02  -3.3 3.04e+00    -  1.00e+00 2.95e-01h  1
  71  1.4745627e+01 3.85e-02 2.37e+02  -3.2 3.35e+00    -  1.00e+00 3.79e-01h  1
  72  1.4706890e+01 3.41e-02 3.75e+02  -2.9 2.35e+00    -  1.00e+00 3.26e-01h  1
  73  1.4836102e+01 1.10e-01 4.41e+02  -2.1 1.89e+00    -  6.26e-01 1.00e+00f  1
  74  1.4520806e+01 2.53e-02 2.87e+02  -2.3 1.35e+00    -  1.00e+00 1.00e+00h  1
  75  1.4613285e+01 1.23e-02 3.04e+02  -2.1 1.19e+00    -  8.14e-01 7.26e-01H  1
  76  1.4636621e+01 5.19e-02 3.82e+02  -2.3 1.28e+00    -  1.00e+00 1.00e+00h  1
  77  1.4395090e+01 1.11e-01 5.81e+02  -2.4 2.39e+00    -  7.59e-01 6.21e-01h  1
  78  1.4063423e+01 9.04e-02 7.13e+02  -2.4 2.04e+00    -  6.62e-01 6.93e-01h  1
  79  1.4212828e+01 7.87e-02 2.99e+02  -1.8 2.34e+00    -  1.00e+00 5.07e-01f  1
iter    objective    inf_pr   inf_du lg(mu)  ||d||  lg(rg) alpha_du alpha_pr  ls
  80  1.4158499e+01 4.68e-02 2.60e+02  -2.1 1.94e+00    -  1.00e+00 7.05e-01h  1
  81  1.4018866e+01 5.96e-02 3.58e+02  -2.5 2.21e+00    -  1.00e+00 6.78e-01h  1
  82  1.3924469e+01 7.45e-02 2.83e+02  -1.7 4.84e+00    -  1.00e+00 4.77e-01f  1
  83  1.3461443e+01 1.73e-01 3.65e+02  -1.9 3.48e+00    -  1.00e+00 9.30e-01h  1
  84  1.3403257e+01 1.90e-01 2.83e+02  -1.7 3.81e+00    -  1.00e+00 1.00e+00f  1
  85  1.3135683e+01 1.35e-01 1.99e+02  -1.9 3.25e+00    -  1.00e+00 7.06e-01h  1
  86  1.2983455e+01 2.89e-01 1.63e+02  -1.5 6.49e+00    -  1.00e+00 7.88e-01f  1
  87  1.2507044e+01 3.08e-01 2.38e+02  -1.7 4.23e+00    -  1.00e+00 9.53e-01h  1
  88  1.2018713e+01 2.06e-01 9.29e+01  -1.9 3.84e+00    -  7.91e-01 1.00e+00h  1
  89  1.1959629e+01 1.35e-01 4.67e+01  -1.9 2.95e+00    -  1.00e+00 1.00e+00h  1
iter    objective    inf_pr   inf_du lg(mu)  ||d||  lg(rg) alpha_du alpha_pr  ls
  90  1.2001540e+01 8.68e-02 1.12e+02  -1.7 2.61e+00    -  1.00e+00 3.34e-01h  2
  91  1.2078505e+01 6.51e-02 1.94e+02  -2.0 3.49e+00    -  1.00e+00 2.12e-01h  3
  92  1.2071778e+01 5.50e-02 9.89e+01  -2.3 4.38e+00    -  1.00e+00 1.16e-01h  4
  93  1.2041569e+01 4.55e-02 1.04e+02  -2.5 5.75e+00    -  1.00e+00 1.75e-01h  3
  94  1.1593012e+01 9.62e-01 3.89e+02  -2.2 1.49e+01    -  1.00e+00 5.18e-01h  1
  95  1.1149864e+01 7.93e-02 3.17e+02  -2.1 1.97e+00    -  6.87e-01 1.00e+00h  1
  96  1.1807066e+01 2.55e-01 2.69e+02  -1.6 3.65e+00    -  1.00e+00 1.00e+00h  1
  97  1.1754709e+01 1.02e-01 7.54e+01  -1.6 2.16e+00    -  1.00e+00 1.00e+00h  1
  98  1.1788969e+01 7.35e-02 2.95e+02  -2.0 2.35e+00    -  1.00e+00 3.37e-01h  1
  99  1.1798954e+01 5.40e-02 9.14e+01  -2.3 3.06e+00    -  1.00e+00 2.40e-01h  3
iter    objective    inf_pr   inf_du lg(mu)  ||d||  lg(rg) alpha_du alpha_pr  ls
 100  1.1670811e+01 8.22e-02 1.93e+02  -2.5 5.68e+00    -  1.00e+00 4.11e-01h  1
 101  1.1208028e+01 6.69e-01 6.40e+02  -2.6 9.37e+00    -  1.00e+00 6.57e-01h  1
 102  1.0779840e+01 1.99e-01 5.11e+02  -2.7 2.27e+00    -  5.22e-01 6.97e-01h  1
 103  1.0801763e+01 7.25e-02 9.19e+01  -2.0 1.87e+00    -  1.00e+00 8.78e-01f  1
 104  1.0767694e+01 3.91e-02 1.13e+02  -2.0 1.78e+00    -  9.13e-01 4.85e-01h  1
 105  1.1079528e+01 2.81e-02 1.56e+02  -1.8 1.63e+00    -  1.00e+00 8.56e-01h  1
 106  1.1126255e+01 2.00e-02 1.90e+02  -2.2 1.12e+00    -  1.00e+00 7.91e-01h  1
 107  1.1046016e+01 1.60e-02 2.07e+02  -2.6 1.32e+00    -  1.00e+00 5.34e-01h  1
 108  1.0780855e+01 8.11e-02 2.94e+02  -2.3 2.47e+00    -  1.00e+00 6.65e-01h  1
 109  1.0539408e+01 6.25e-02 2.43e+02  -2.4 1.49e+00    -  1.00e+00 1.00e+00h  1
iter    objective    inf_pr   inf_du lg(mu)  ||d||  lg(rg) alpha_du alpha_pr  ls
 110  1.0542690e+01 1.99e-02 1.44e+02  -2.2 1.19e+00    -  9.49e-01 7.79e-01h  1
 111  1.0569550e+01 1.26e-02 1.25e+02  -2.5 7.19e-01    -  1.00e+00 4.64e-01h  1
 112  1.0491511e+01 4.17e-02 1.90e+02  -2.9 1.86e+00    -  1.00e+00 5.20e-01h  1
 113  1.0239629e+01 2.54e-01 6.53e+02  -1.8 1.46e+01    -  1.00e+00 2.08e-01f  1
 114  9.7794914e+00 8.90e-01 1.54e+03  -1.5 1.72e+01    -  3.92e-01 4.23e-01f  1
 115  9.6236823e+00 7.49e-02 7.16e+02  -1.9 1.67e+00    -  1.00e+00 1.00e+00h  1
 116  9.4901919e+00 3.39e-02 8.64e+01  -2.1 1.22e+00    -  1.00e+00 9.51e-01h  1
 117  9.2150549e+00 1.30e-01 1.34e+02  -2.3 2.51e+00    -  1.00e+00 1.00e+00h  1
 118  8.6250111e+00 3.44e-01 2.66e+02  -1.9 8.10e+00    -  7.89e-01 4.89e-01h  1
 119  7.8921194e+00 3.19e-01 3.10e+02  -2.8 4.55e+00    -  6.69e-01 7.43e-01h  1
iter    objective    inf_pr   inf_du lg(mu)  ||d||  lg(rg) alpha_du alpha_pr  ls
 120  7.6685930e+00 1.32e-01 2.20e+02  -2.1 3.60e+00    -  1.00e+00 5.61e-01h  1
 121  7.8789603e+00 7.19e-02 1.36e+02  -2.4 1.87e+00    -  9.54e-01 6.25e-01h  1
 122  8.0719115e+00 6.71e-02 9.40e+01  -2.4 2.32e+00    -  1.00e+00 7.55e-01h  1
 123  8.0950650e+00 2.60e-02 1.08e+02  -2.5 1.29e+00    -  1.00e+00 6.79e-01h  1
 124  8.4324377e+00 9.03e-02 2.06e+02  -1.6 2.00e+00    -  5.06e-01 6.86e-01f  1
 125  8.2431293e+00 3.90e-02 1.50e+02  -1.9 1.00e+00    -  1.00e+00 1.00e+00h  1
 126  8.3347936e+00 3.52e-02 1.12e+02  -1.9 1.07e+00    -  1.00e+00 1.00e+00h  1
 127  8.3582422e+00 3.16e-02 1.62e+02  -1.9 1.24e+00    -  1.00e+00 1.00e+00h  1
 128  8.3533315e+00 1.96e-02 1.90e+02  -1.9 8.47e-01    -  1.00e+00 1.00e+00h  1
 129  8.2832678e+00 9.11e-03 4.00e+01  -2.6 5.32e-01    -  1.00e+00 1.00e+00h  1
iter    objective    inf_pr   inf_du lg(mu)  ||d||  lg(rg) alpha_du alpha_pr  ls
 130  8.1664735e+00 1.06e-02 6.83e+01  -3.4 8.33e-01    -  1.00e+00 4.87e-01h  1
 131  8.0510432e+00 1.42e-02 9.23e+01  -3.1 1.54e+00    -  1.00e+00 3.69e-01h  1
 132  7.9442397e+00 1.36e-02 1.35e+02  -2.3 3.86e+00    -  1.00e+00 1.41e-01h  1
 133  7.6526880e+00 2.57e-01 5.23e+02  -2.5 2.64e+00    -  1.00e+00 1.00e+00h  1
 134  7.2686431e+00 1.98e-01 5.17e+02  -2.5 2.34e+00    -  1.00e+00 8.56e-01h  1
 135  7.4960371e+00 1.94e-01 2.93e+02  -1.8 3.49e+00    -  7.66e-01 6.43e-01f  1
 136  7.0152052e+00 1.15e-01 2.45e+02  -1.9 2.55e+00    -  1.00e+00 8.75e-01h  1
 137  6.6325247e+00 1.49e-01 1.27e+02  -2.3 2.57e+00    -  1.00e+00 1.00e+00h  1
 138  6.8008943e+00 5.20e-02 4.82e+01  -2.0 1.46e+00    -  1.00e+00 1.00e+00h  1
 139  6.8036747e+00 3.18e-02 8.88e+01  -2.3 1.30e+00    -  1.00e+00 4.78e-01h  1
iter    objective    inf_pr   inf_du lg(mu)  ||d||  lg(rg) alpha_du alpha_pr  ls
 140  6.9357059e+00 1.97e-02 1.09e+02  -2.4 1.52e+00    -  7.97e-01 5.96e-01H  1
 141  7.0213174e+00 1.49e-02 1.19e+02  -2.2 1.23e+00    -  1.00e+00 5.00e-01h  2
 142  7.0562280e+00 9.23e-03 1.20e+02  -2.6 8.60e-01    -  1.00e+00 5.00e-01h  2
 143  7.0535956e+00 6.85e-03 1.09e+02  -3.3 7.43e-01    -  1.00e+00 3.64e-01h  1
 144  6.9646741e+00 1.91e-02 1.23e+02  -3.7 1.31e+00    -  1.00e+00 7.14e-01h  1
 145  6.9099644e+00 1.58e-02 1.42e+02  -3.7 1.57e+00    -  6.37e-01 3.27e-01h  1
 146  6.7818066e+00 5.22e-02 1.97e+02  -2.5 1.98e+00    -  6.11e-01 6.33e-01f  1
 147  6.7101348e+00 2.82e-02 1.67e+02  -2.4 1.28e+00    -  1.00e+00 5.21e-01h  1
 148  6.8865196e+00 1.12e-01 1.80e+02  -1.9 2.01e+00    -  1.00e+00 1.00e+00f  1
 149  6.8266845e+00 3.97e-02 5.51e+01  -2.0 1.11e+00    -  1.00e+00 1.00e+00h  1
iter    objective    inf_pr   inf_du lg(mu)  ||d||  lg(rg) alpha_du alpha_pr  ls
 150  6.7687672e+00 1.53e-02 1.60e+02  -2.5 1.68e+00    -  8.48e-01 6.49e-01H  1
 151  6.6334853e+00 4.28e-02 2.17e+02  -3.5 2.47e+00    -  7.94e-01 6.61e-01h  1
 152  6.5429473e+00 6.78e-02 3.12e+02  -2.7 3.06e+00    -  1.00e+00 4.99e-01h  1
 153  6.5224889e+00 5.89e-02 3.76e+02  -2.2 2.35e+00    -  5.95e-01 6.01e-01f  1
 154  6.4693705e+00 4.15e-02 1.84e+02  -2.5 1.13e+00    -  1.00e+00 1.00e+00h  1
 155  6.4383585e+00 1.45e-02 9.77e+01  -3.2 6.66e-01    -  1.00e+00 7.09e-01h  1
 156  6.4051206e+00 1.02e-02 7.46e+01  -3.7 1.44e+00    -  1.00e+00 3.06e-01h  1
 157  6.2860836e+00 2.54e-02 1.13e+02  -3.3 3.52e+00    -  1.00e+00 2.36e-01h  1
 158  6.2801578e+00 6.40e-03 4.84e+01  -3.0 5.18e-01    -  1.00e+00 8.18e-01h  1
 159  6.2913060e+00 4.33e-03 4.23e+01  -3.8 7.38e-01    -  7.26e-01 5.90e-01h  1
iter    objective    inf_pr   inf_du lg(mu)  ||d||  lg(rg) alpha_du alpha_pr  ls
 160  6.3069573e+00 3.26e-03 2.35e+02  -3.8 4.96e-01    -  8.77e-01 2.63e-01h  1
 161  6.3223839e+00 2.50e-03 3.49e+02  -4.0 5.37e-01    -  1.00e+00 2.51e-01h  1
 162  6.3675080e+00 1.76e-03 1.24e+02  -3.2 6.57e-01    -  7.40e-01 4.71e-01H  1
 163  6.3875354e+00 3.79e-03 1.14e+02  -3.1 5.97e-01    -  1.00e+00 5.00e-01h  2
 164  6.3591190e+00 3.28e-02 2.14e+02  -3.2 9.44e-01    -  6.79e-01 9.61e-01h  1
 165  6.3237653e+00 2.20e-02 2.38e+02  -3.2 8.23e-01    -  1.00e+00 4.38e-01h  1
 166  6.2963334e+00 1.02e-02 1.31e+02  -3.2 6.27e-01    -  6.78e-01 7.85e-01h  1
 167  6.2583171e+00 5.82e-03 1.16e+02  -3.2 4.73e-01    -  9.50e-01 8.96e-01h  1
 168  6.2597939e+00 4.69e-03 1.16e+02  -3.3 5.34e-01    -  1.00e+00 3.65e-01h  1
 169  6.1897844e+00 3.05e-02 1.85e+02  -3.7 1.76e+00    -  1.00e+00 6.48e-01h  1
iter    objective    inf_pr   inf_du lg(mu)  ||d||  lg(rg) alpha_du alpha_pr  ls
 170  6.2511285e+00 2.53e-02 1.24e+02  -2.5 9.99e-01    -  4.03e-01 3.49e-01f  1
 171  6.1648531e+00 2.02e-02 1.83e+02  -3.6 1.01e+00    -  8.96e-01 8.27e-01h  1
 172  6.1024422e+00 2.71e-02 1.65e+02  -3.1 1.19e+00    -  1.00e+00 8.83e-01h  1
 173  6.2525776e+00 2.35e-02 6.43e+01  -2.5 8.74e-01    -  7.34e-01 8.91e-01h  1
 174  6.1524021e+00 1.66e-02 1.23e+02  -2.7 1.00e+00    -  1.00e+00 8.03e-01h  1
 175  6.2484646e+00 1.06e-02 6.17e+01  -2.4 6.18e-01    -  1.00e+00 1.00e+00f  1
 176  6.2305788e+00 7.12e-03 8.45e+01  -2.7 5.37e-01    -  1.00e+00 3.92e-01h  1
 177  6.1922829e+00 5.58e-03 5.53e+02  -3.3 6.70e-01    -  1.00e+00 3.47e-01h  1
 178  6.2148820e+00 6.17e-03 1.28e+02  -3.0 5.89e-01    -  1.00e+00 5.68e-01H  1
 179  6.1712711e+00 3.92e-03 5.78e+01  -3.5 3.33e-01    -  1.00e+00 6.56e-01h  1
iter    objective    inf_pr   inf_du lg(mu)  ||d||  lg(rg) alpha_du alpha_pr  ls
 180  6.1671244e+00 3.19e-03 1.47e+02  -3.1 2.98e-01    -  1.00e+00 2.28e-01h  1
 181  6.1824195e+00 2.56e-03 4.98e+01  -2.9 2.97e-01    -  1.00e+00 1.00e+00h  1
 182  6.1817707e+00 1.47e-03 1.47e+02  -3.4 2.43e-01    -  1.00e+00 6.00e-01h  1
 183  6.1890413e+00 7.51e-04 9.58e+01  -3.8 2.68e-01    -  1.00e+00 4.67e-01h  1
 184  6.1910916e+00 4.78e-04 3.26e+02  -4.0 2.22e-01    -  9.86e-01 4.76e-01h  1
 185  6.1986236e+00 4.62e-04 1.10e+02  -3.6 3.10e-01    -  8.49e-01 5.26e-01H  1
 186  6.1957474e+00 4.98e-04 1.07e+02  -3.8 2.46e-01    -  1.00e+00 3.44e-01h  1
 187  6.1853052e+00 1.43e-03 1.01e+02  -4.0 5.27e-01    -  1.00e+00 2.81e-01h  1
 188  6.1791650e+00 9.53e-04 9.36e+01  -4.0 2.69e-01    -  1.00e+00 5.02e-01h  1
 189  6.1866523e+00 9.83e-04 8.87e+01  -3.1 3.83e-01    -  6.53e-01 4.42e-01h  1
iter    objective    inf_pr   inf_du lg(mu)  ||d||  lg(rg) alpha_du alpha_pr  ls
 190  6.1792044e+00 2.34e-03 1.01e+02  -3.4 2.73e-01    -  4.72e-01 1.00e+00h  1
 191  6.1687207e+00 4.61e-04 4.61e+01  -3.4 1.44e-01    -  1.00e+00 1.00e+00h  1
 192  6.1593333e+00 4.02e-04 7.32e+01  -4.0 1.58e-01    -  1.00e+00 6.86e-01h  1
 193  6.1511024e+00 5.00e-04 5.11e+01  -4.0 3.47e-01    -  5.25e-01 4.12e-01h  1
 194  6.1451747e+00 9.17e-04 8.76e+01  -4.0 8.36e-01    -  2.63e-01 2.31e-01h  1
 195  6.1270316e+00 4.74e-03 1.96e+02  -4.0 4.97e+00    -  2.43e-01 1.01e-01h  1
 196  6.1339817e+00 1.68e-02 2.97e+02  -2.8 2.07e+00    -  7.13e-02 3.75e-01f  1
 197  6.1007790e+00 1.52e-02 3.22e+02  -3.8 1.91e+00    -  7.72e-01 3.17e-01h  1
 198  6.0785468e+00 1.29e-02 2.93e+02  -3.2 1.16e+00    -  4.50e-01 1.73e-01f  1
 199  6.0495906e+00 7.86e-03 1.45e+02  -2.9 6.19e-01    -  1.00e+00 7.31e-01h  1
iter    objective    inf_pr   inf_du lg(mu)  ||d||  lg(rg) alpha_du alpha_pr  ls
 200  6.0511945e+00 3.54e-03 1.06e+02  -3.3 3.17e-01    -  1.00e+00 6.64e-01h  1
 201  6.0371619e+00 3.33e-03 1.45e+02  -3.5 5.46e-01    -  1.00e+00 5.78e-01h  1
 202  6.0382681e+00 2.16e-03 6.09e+01  -3.5 2.94e-01    -  1.00e+00 3.52e-01h  1
 203  6.0399775e+00 1.67e-03 1.22e+02  -3.9 4.26e-01    -  1.00e+00 2.20e-01h  1
 204  6.0503078e+00 7.65e-04 3.52e+01  -4.0 2.50e-01    -  1.00e+00 5.80e-01h  1
 205  6.0564070e+00 5.25e-04 5.45e+01  -4.0 1.92e-01    -  1.00e+00 5.59e-01h  1
 206  6.0604224e+00 4.65e-04 3.70e+01  -4.0 1.43e-01    -  1.00e+00 7.34e-01h  1
 207  6.0627368e+00 1.81e-04 2.41e+01  -4.0 8.35e-02    -  1.00e+00 6.93e-01h  1
 208  6.0670171e+00 7.84e-05 1.25e+01  -4.0 6.33e-02    -  1.00e+00 1.00e+00h  1
 209  6.0684983e+00 5.93e-05 1.08e+01  -4.0 5.54e-02    -  1.00e+00 1.00e+00h  1
iter    objective    inf_pr   inf_du lg(mu)  ||d||  lg(rg) alpha_du alpha_pr  ls
 210  6.0703278e+00 4.88e-05 1.57e+01  -4.0 4.10e-02    -  1.00e+00 1.00e+00h  1
 211  6.0698970e+00 1.74e-05 5.27e+00  -4.0 2.48e-02    -  1.00e+00 1.00e+00h  1
 212  6.0707556e+00 7.04e-06 3.38e+00  -4.0 1.13e-02    -  1.00e+00 1.00e+00h  1
 213  6.0706662e+00 2.16e-06 1.09e+01  -4.0 3.86e-02    -  1.00e+00 1.00e+00H  1
 214  6.0745401e+00 5.49e-02 3.47e+02  -3.3 1.44e+00    -  5.99e-01 1.00e+00f  1
 215  6.0318403e+00 3.62e-02 3.40e+02  -3.5 6.28e-01    -  8.19e-01 3.44e-01h  1
 216  6.0480829e+00 1.56e-02 1.45e+02  -2.6 4.93e-01    -  1.00e+00 6.38e-01f  1
 217  6.0486499e+00 6.64e-03 7.05e+01  -2.7 4.37e-01    -  7.94e-01 7.16e-01h  1
 218  6.0718467e+00 1.87e-03 2.96e+01  -2.7 2.91e-01    -  1.00e+00 1.00e+00h  1
 219  6.1096904e+00 9.58e-04 4.34e+01  -2.7 2.74e-01    -  1.00e+00 1.00e+00h  1
iter    objective    inf_pr   inf_du lg(mu)  ||d||  lg(rg) alpha_du alpha_pr  ls
 220  6.1198112e+00 6.08e-04 3.28e+01  -2.7 2.41e-01    -  1.00e+00 5.00e-01h  2
 221  6.1287971e+00 3.64e-04 8.21e+01  -2.7 1.62e-01    -  1.00e+00 5.00e-01h  2
 222  6.1380251e+00 2.57e-04 6.99e+01  -2.7 1.63e-01    -  1.00e+00 5.00e-01h  2
 223  6.1549200e+00 2.16e-04 2.03e+01  -2.7 8.51e-02    -  1.00e+00 1.00e+00h  1
 224  6.1634613e+00 1.99e-04 2.02e+01  -2.7 7.18e-02    -  1.00e+00 1.00e+00h  1
 225  6.1639750e+00 1.93e-04 3.61e+01  -2.7 7.13e-02    -  1.00e+00 1.00e+00h  1
 226  6.1617863e+00 2.05e-04 4.10e+01  -2.7 9.77e-02    -  1.00e+00 1.00e+00h  1
 227  6.1630616e+00 1.80e-04 2.80e+01  -2.7 6.82e-02    -  1.00e+00 1.00e+00h  1
 228  6.1661517e+00 6.57e-05 1.13e+01  -2.7 4.85e-02    -  1.00e+00 1.00e+00h  1
 229  6.1717123e+00 2.17e-05 1.20e+01  -2.7 5.56e-02    -  1.00e+00 1.00e+00H  1
iter    objective    inf_pr   inf_du lg(mu)  ||d||  lg(rg) alpha_du alpha_pr  ls
 230  6.1718935e+00 3.15e-05 3.62e+01  -2.7 4.35e-01    -  1.00e+00 6.25e-02h  5
 231  6.1717703e+00 3.89e-05 3.12e+01  -2.7 1.07e+00    -  1.00e+00 1.56e-02h  7
 232  6.1717458e+00 4.09e-05 4.42e+01  -2.7 9.72e-01    -  1.00e+00 7.81e-03h  8
 233  6.1707563e+00 3.60e-04 7.62e+01  -2.7 2.85e+00    -  5.95e-01 3.12e-02h  6
 234  6.1704694e+00 3.81e-04 8.62e+01  -2.7 3.51e+00    -  1.00e+00 6.65e-03h  8
 235  6.1592334e+00 1.86e-01 8.73e+02  -2.7 2.21e+00    -  7.16e-01 1.00e+00h  1
 236  6.0510945e+00 1.03e-02 4.18e+02  -2.7 6.94e-01    -  1.00e+00 1.00e+00h  1
 237  6.0121887e+00 1.07e-02 1.04e+02  -2.7 5.63e-01    -  6.73e-01 9.19e-01h  1
 238  6.0329442e+00 6.04e-03 7.38e+01  -3.0 4.62e-01    -  1.00e+00 8.06e-01h  1
 239  6.0175289e+00 5.42e-03 1.31e+02  -3.5 4.96e-01    -  1.00e+00 1.00e+00h  1
iter    objective    inf_pr   inf_du lg(mu)  ||d||  lg(rg) alpha_du alpha_pr  ls
 240  5.9950712e+00 3.21e-03 7.06e+01  -3.7 3.40e-01    -  1.00e+00 8.23e-01h  1
 241  6.0151711e+00 2.07e-03 1.64e+02  -3.3 3.97e-01    -  8.49e-01 3.85e-01H  1
 242  6.0313622e+00 1.03e-03 4.79e+01  -3.9 3.17e-01    -  9.38e-01 5.07e-01H  1
 243  6.0398225e+00 8.68e-04 5.71e+01  -3.6 3.02e-01    -  8.42e-01 4.19e-01H  1
 244  6.0448957e+00 1.02e-03 4.83e+01  -4.0 1.45e-01    -  1.00e+00 1.00e+00h  1
 245  6.0453659e+00 3.62e-04 5.08e+01  -4.0 1.11e-01    -  1.00e+00 7.03e-01h  1
 246  6.0650937e+00 2.94e-04 3.05e+01  -3.4 8.08e-02    -  1.00e+00 1.00e+00h  1
 247  6.0692026e+00 2.09e-04 3.18e+01  -3.5 1.08e-01    -  1.00e+00 1.00e+00h  1
 248  6.0619777e+00 2.46e-04 2.16e+01  -3.5 8.41e-02    -  1.00e+00 1.00e+00h  1
 249  6.0569524e+00 1.03e-04 1.20e+01  -4.0 5.99e-02    -  1.00e+00 1.00e+00h  1
iter    objective    inf_pr   inf_du lg(mu)  ||d||  lg(rg) alpha_du alpha_pr  ls
 250  6.0567263e+00 3.91e-05 1.11e+01  -4.0 4.08e-02    -  1.00e+00 1.00e+00h  1
 251  6.0562343e+00 3.37e-05 1.53e+01  -4.0 2.49e-02    -  1.00e+00 1.00e+00h  1
 252  6.0535068e+00 1.05e-04 1.91e+01  -4.0 4.18e-02    -  1.00e+00 1.00e+00h  1
 253  6.0515158e+00 1.53e-04 3.05e+01  -4.0 1.18e-01    -  1.00e+00 5.67e-01h  1
 254  6.0475146e+00 1.26e-04 4.16e+01  -4.1 6.80e-02    -  1.00e+00 1.00e+00h  1
 255  6.0463129e+00 9.45e-05 1.69e+01  -4.0 7.22e-02    -  1.00e+00 1.00e+00h  1
 256  6.0460075e+00 3.88e-05 1.42e+01  -4.0 5.30e-02    -  1.00e+00 8.39e-01h  1
 257  6.0480704e+00 4.19e-05 1.38e+01  -4.0 3.51e-02    -  1.00e+00 1.00e+00h  1
 258  6.0475347e+00 2.23e-05 7.20e+00  -4.0 2.57e-02    -  1.00e+00 1.00e+00h  1
 259  6.0487111e+00 7.49e-06 4.78e+00  -4.0 1.64e-02    -  1.00e+00 1.00e+00h  1
iter    objective    inf_pr   inf_du lg(mu)  ||d||  lg(rg) alpha_du alpha_pr  ls
 260  6.0485671e+00 1.21e-04 1.08e+02  -4.0 1.52e-01    -  1.00e+00 3.93e-01h  2
 261  6.0445191e+00 1.40e-03 1.18e+02  -4.1 3.80e-01    -  9.28e-01 5.19e-01h  1
 262  6.0393891e+00 1.43e-03 1.47e+02  -4.1 3.30e-01    -  1.00e+00 4.07e-01h  1
 263  6.0305851e+00 1.02e-03 1.02e+02  -4.1 2.00e-01    -  4.29e-01 4.66e-01h  1
 264  6.0364734e+00 1.07e-04 2.44e+01  -4.0 7.35e-02    -  1.00e+00 9.12e-01h  1
 265  6.0428962e+00 4.18e-04 4.21e+01  -3.7 1.04e-01    -  1.00e+00 1.00e+00h  1
 266  6.0368946e+00 1.09e-03 6.22e+01  -3.8 2.48e-01    -  1.00e+00 8.31e-01h  1
 267  6.0271668e+00 3.34e-04 2.75e+01  -3.8 1.02e-01    -  1.00e+00 1.00e+00f  1
 268  6.0327560e+00 9.91e-05 1.63e+01  -4.0 8.09e-02    -  1.00e+00 1.00e+00h  1
 269  6.0397252e+00 1.55e-04 3.53e+01  -4.0 9.28e-02    -  5.69e-01 8.08e-01H  1
iter    objective    inf_pr   inf_du lg(mu)  ||d||  lg(rg) alpha_du alpha_pr  ls
 270  6.0330803e+00 1.18e-04 8.39e+00  -4.0 5.98e-02    -  1.00e+00 1.00e+00h  1
 271  6.0346847e+00 3.35e-05 1.11e+01  -4.0 3.46e-02    -  1.00e+00 1.00e+00h  1
 272  6.0368212e+00 1.40e-05 5.78e+00  -4.0 2.41e-02    -  1.00e+00 1.00e+00h  1
 273  6.0373455e+00 6.92e-06 6.98e+00  -4.0 1.52e-02    -  1.00e+00 1.00e+00h  1
 274  6.0371368e+00 5.73e-06 5.75e+00  -4.0 1.77e-02    -  1.00e+00 1.00e+00h  1
 275  6.0368339e+00 2.66e-05 9.92e+00  -4.0 3.79e-02    -  1.00e+00 1.00e+00h  1
 276  6.0340160e+00 1.80e-04 2.84e+01  -4.1 1.06e-01    -  1.00e+00 8.22e-01h  1
 277  6.0313202e+00 3.57e-04 4.25e+01  -4.1 1.35e-01    -  5.30e-01 1.00e+00f  1
 278  6.0248311e+00 2.81e-04 2.28e+01  -4.1 1.27e-01    -  1.00e+00 8.71e-01h  1
 279  6.0400398e+00 2.35e-04 2.85e+01  -3.5 7.25e-02    -  1.00e+00 1.00e+00f  1
iter    objective    inf_pr   inf_du lg(mu)  ||d||  lg(rg) alpha_du alpha_pr  ls
 280  6.0422494e+00 4.46e-05 1.26e+01  -3.6 4.24e-02    -  1.00e+00 1.00e+00h  1
 281  6.0425278e+00 9.55e-05 2.00e+01  -3.6 5.93e-02    -  1.00e+00 1.00e+00h  1
 282  6.0431343e+00 1.18e-04 2.83e+01  -3.6 7.28e-02    -  1.00e+00 1.00e+00h  1
 283  6.0517998e+00 5.89e-05 4.45e+01  -3.6 8.89e-02    -  1.00e+00 1.00e+00H  1
 284  6.0446451e+00 2.29e-05 4.81e+01  -3.6 8.24e-02    -  1.00e+00 7.01e-01H  1
 285  6.0381417e+00 1.62e-04 1.89e+01  -3.6 9.76e-02    -  1.00e+00 1.00e+00f  1
 286  6.0377083e+00 7.30e-05 7.60e+00  -3.6 5.07e-02    -  1.00e+00 1.00e+00h  1
 287  6.0412938e+00 3.44e-05 5.75e+00  -3.6 2.96e-02    -  1.00e+00 1.00e+00h  1
 288  6.0455998e+00 1.59e-05 2.51e+01  -3.6 7.80e-02    -  1.00e+00 1.00e+00H  1
 289  6.0415060e+00 5.05e-05 2.24e+01  -3.6 4.91e-02    -  1.00e+00 1.00e+00h  1
iter    objective    inf_pr   inf_du lg(mu)  ||d||  lg(rg) alpha_du alpha_pr  ls
 290  6.0418586e+00 3.93e-05 1.08e+01  -3.6 3.83e-02    -  1.00e+00 1.00e+00h  1
 291  6.0428916e+00 1.10e-05 4.23e+00  -3.6 1.76e-02    -  1.00e+00 1.00e+00h  1
 292  6.0435979e+00 1.58e-06 4.60e+00  -3.6 1.92e-02    -  1.00e+00 1.00e+00H  1
 293  6.0341151e+00 6.15e-04 4.57e+01  -4.0 1.40e-01    -  1.00e+00 1.00e+00h  1
 294  6.0292753e+00 1.06e-03 9.45e+01  -4.1 2.60e-01    -  1.00e+00 7.51e-01h  1
 295  6.0257686e+00 9.52e-04 1.20e+02  -4.1 2.32e-01    -  1.00e+00 4.41e-01h  1
 296  6.0256711e+00 4.69e-04 5.06e+01  -4.1 1.15e-01    -  6.96e-01 6.16e-01h  1
 297  6.0255208e+00 2.76e-04 3.74e+01  -4.1 9.17e-02    -  9.00e-01 4.94e-01f  1
 298  6.0261931e+00 2.11e-04 5.10e+01  -4.1 5.86e-02    -  1.00e+00 2.50e-01f  3
 299  6.0296002e+00 3.05e-05 7.63e+00  -4.1 3.83e-02    -  1.00e+00 1.00e+00h  1
iter    objective    inf_pr   inf_du lg(mu)  ||d||  lg(rg) alpha_du alpha_pr  ls
 300  6.0300708e+00 9.08e-06 5.62e+00  -4.0 1.92e-02    -  1.00e+00 1.00e+00h  1
 301  6.0313422e+00 2.64e-06 2.78e+00  -4.0 7.94e-03    -  1.00e+00 1.00e+00h  1
 302  6.0319219e+00 4.67e-07 1.40e+01  -4.0 2.79e-02    -  1.00e+00 1.00e+00H  1
 303  6.0307632e+00 8.92e-05 2.98e+01  -4.0 5.22e-02    -  1.00e+00 1.00e+00h  1
 304  6.0264328e+00 9.72e-04 6.31e+01  -4.1 1.97e-01    -  1.00e+00 1.00e+00h  1
 305  6.0215096e+00 3.06e-04 4.45e+01  -4.1 1.45e-01    -  1.00e+00 1.00e+00h  1
 306  6.0312216e+00 4.36e-04 1.99e+01  -3.6 1.16e-01    -  1.00e+00 1.00e+00h  1
 307  6.0316106e+00 2.03e-04 2.56e+01  -3.7 1.00e-01    -  1.00e+00 7.97e-01h  1
 308  6.0289946e+00 1.34e-04 5.48e+00  -3.7 7.42e-02    -  1.00e+00 1.00e+00f  1
 309  6.0285232e+00 8.40e-05 2.06e+01  -4.0 6.98e-02    -  1.00e+00 1.00e+00h  1
iter    objective    inf_pr   inf_du lg(mu)  ||d||  lg(rg) alpha_du alpha_pr  ls
 310  6.0287331e+00 3.80e-05 7.05e+00  -4.0 4.40e-02    -  1.00e+00 1.00e+00h  1
 311  6.0304078e+00 2.38e-05 4.91e+00  -4.0 1.91e-02    -  1.00e+00 1.00e+00h  1
 312  6.0299038e+00 2.45e-06 7.67e+00  -4.1 2.56e-02    -  1.00e+00 1.00e+00H  1
 313  6.0304517e+00 1.45e-05 5.35e+00  -4.0 1.94e-02    -  1.00e+00 1.00e+00h  1
 314  6.0296428e+00 5.28e-06 1.79e+00  -4.1 1.30e-02    -  1.00e+00 1.00e+00h  1
 315  6.0303102e+00 1.81e-06 1.76e+00  -4.0 4.87e-03    -  1.00e+00 1.00e+00h  1
 316  6.0306784e+00 3.75e-07 2.41e+00  -4.0 4.46e-03    -  1.00e+00 1.00e+00H  1
 317  6.0306160e+00 3.89e-07 5.95e+00  -4.0 1.51e-02    -  1.00e+00 1.00e+00H  1
 318  6.0302192e+00 1.70e-04 3.80e+01  -4.0 6.94e-02    -  1.00e+00 1.00e+00h  1
 319  6.0270473e+00 2.15e-03 1.40e+02  -4.1 2.77e-01    -  1.00e+00 1.00e+00h  1
iter    objective    inf_pr   inf_du lg(mu)  ||d||  lg(rg) alpha_du alpha_pr  ls
 320  6.0153532e+00 5.68e-04 1.30e+02  -4.1 1.24e-01    -  9.46e-01 1.00e+00h  1
 321  6.0211970e+00 1.91e-04 3.74e+01  -4.0 1.21e-01    -  1.00e+00 8.50e-01H  1
 322  6.0238587e+00 9.09e-05 3.72e+01  -4.0 7.85e-02    -  6.42e-01 6.05e-01h  1
 323  6.0277176e+00 6.39e-05 8.85e+01  -4.0 1.32e-01    -  1.00e+00 1.00e+00H  1
 324  6.0252227e+00 1.21e-03 1.04e+02  -4.0 2.28e-01    -  1.00e+00 1.00e+00h  1
 325  6.0147384e+00 1.39e-03 1.60e+02  -4.1 3.19e-01    -  1.00e+00 6.26e-01h  1
 326  6.0122351e+00 1.11e-03 2.46e+01  -4.1 1.98e-01    -  1.00e+00 1.00e+00h  1
 327  6.0109671e+00 9.39e-04 4.54e+01  -4.0 2.40e-01    -  1.00e+00 7.05e-01h  1
 328  6.0061346e+00 5.39e-04 3.47e+01  -4.0 1.49e-01    -  1.00e+00 1.00e+00h  1
 329  6.0153958e+00 1.94e-04 8.19e+01  -4.0 1.22e-01    -  1.00e+00 8.00e-01H  1
iter    objective    inf_pr   inf_du lg(mu)  ||d||  lg(rg) alpha_du alpha_pr  ls
 330  6.0242547e+00 1.26e-04 1.76e+01  -4.0 6.83e-02    -  1.00e+00 1.00e+00h  1
 331  6.0240993e+00 1.66e-04 1.85e+01  -4.1 7.82e-02    -  1.00e+00 1.00e+00h  1
 332  6.0241100e+00 1.17e-04 3.52e+00  -3.8 7.99e-02    -  1.00e+00 1.00e+00h  1
 333  6.0279146e+00 4.10e-05 1.15e+01  -3.9 4.54e-02    -  1.00e+00 1.00e+00h  1
 334  6.0270215e+00 2.24e-05 4.45e+00  -4.0 3.23e-02    -  1.00e+00 1.00e+00h  1
 335  6.0279846e+00 4.96e-06 4.66e+00  -4.0 1.24e-02    -  1.00e+00 1.00e+00h  1
 336  6.0284522e+00 2.26e-06 2.69e+00  -4.0 9.77e-03    -  1.00e+00 1.00e+00h  1
 337  6.0283954e+00 6.71e-07 1.75e+00  -4.0 5.58e-03    -  1.00e+00 1.00e+00h  1
 338  6.0283837e+00 1.72e-07 6.24e-01  -4.0 1.85e-03    -  1.00e+00 1.00e+00h  1
 339  6.0283440e+00 6.49e-07 5.68e-01  -4.0 2.48e-03    -  1.00e+00 1.00e+00h  1
iter    objective    inf_pr   inf_du lg(mu)  ||d||  lg(rg) alpha_du alpha_pr  ls
 340  6.0280288e+00 1.96e-05 1.01e+01  -4.0 2.90e-02    -  1.00e+00 1.00e+00h  1
 341  6.0265218e+00 4.21e-05 2.22e+01  -4.1 4.14e-02    -  1.00e+00 1.00e+00h  1
 342  6.0261733e+00 3.29e-04 4.50e+01  -4.0 1.16e-01    -  1.00e+00 1.00e+00h  1
 343  6.0221982e+00 1.72e-04 1.79e+01  -4.1 7.00e-02    -  1.00e+00 1.00e+00h  1
 344  6.0236252e+00 5.76e-05 1.09e+01  -4.0 5.29e-02    -  1.00e+00 1.00e+00h  1
 345  6.0259020e+00 8.25e-06 6.88e+00  -4.0 3.68e-02    -  1.00e+00 1.00e+00H  1
 346  6.0261364e+00 4.68e-05 1.98e+01  -4.0 4.35e-02    -  1.00e+00 1.00e+00h  1
 347  6.0243594e+00 1.01e-03 8.81e+01  -4.1 2.05e-01    -  1.00e+00 1.00e+00h  1
 348  6.0215828e+00 1.02e-03 1.36e+02  -4.1 3.59e-01    -  1.00e+00 4.74e-01h  1
 349  6.0134623e+00 4.05e-04 1.11e+02  -4.1 1.97e-01    -  6.97e-01 8.95e-01f  1
iter    objective    inf_pr   inf_du lg(mu)  ||d||  lg(rg) alpha_du alpha_pr  ls
 350  6.0128903e+00 2.07e-04 2.87e+01  -4.1 9.03e-02    -  1.00e+00 9.31e-01f  1
 351  6.0138842e+00 1.60e-04 2.85e+02  -4.0 8.05e-02    -  1.00e+00 2.50e-01f  3
 352  6.0145501e+00 1.40e-04 8.60e+01  -4.0 1.63e-01    -  1.00e+00 1.25e-01h  4
 353  6.0151973e+00 1.98e-03 8.43e+01  -3.7 7.48e-01    -  1.00e+00 4.69e-01h  1
 354  5.9984765e+00 8.40e-04 5.78e+01  -3.9 1.76e-01    -  1.00e+00 1.00e+00h  1
 355  6.0072607e+00 3.35e-04 1.09e+01  -4.0 1.12e-01    -  1.00e+00 9.59e-01h  1
 356  6.0122225e+00 1.62e-04 4.00e+01  -4.1 8.33e-02    -  1.00e+00 6.56e-01h  1
 357  6.0126460e+00 1.52e-04 1.86e+02  -4.0 5.52e-02    -  1.00e+00 6.25e-02f  5
 358  6.0308122e+00 8.55e-05 5.74e+01  -3.6 7.42e-02    -  4.42e-01 1.00e+00H  1
 359  6.0268297e+00 2.53e-04 2.18e+01  -3.9 8.98e-02    -  1.00e+00 1.00e+00h  1
iter    objective    inf_pr   inf_du lg(mu)  ||d||  lg(rg) alpha_du alpha_pr  ls
 360  6.0205807e+00 1.19e-04 2.59e+00  -3.9 5.99e-02    -  1.00e+00 1.00e+00h  1
 361  6.0243262e+00 7.92e-06 5.14e+00  -4.0 2.08e-02    -  1.00e+00 1.00e+00h  1
 362  6.0256759e+00 1.70e-06 9.89e+00  -4.0 2.71e-02    -  1.00e+00 1.00e+00H  1
 363  6.0250312e+00 2.32e-05 1.18e+01  -4.0 2.95e-02    -  1.00e+00 1.00e+00h  1
 364  6.0240278e+00 8.59e-06 5.56e+00  -4.1 1.47e-02    -  1.00e+00 1.00e+00h  1
 365  6.0248539e+00 5.69e-06 1.73e+00  -4.0 1.39e-02    -  1.00e+00 1.00e+00h  1
 366  6.0251989e+00 2.93e-06 1.14e+00  -4.0 5.07e-03    -  1.00e+00 1.00e+00h  1
 367  6.0251981e+00 2.05e-05 3.09e+00  -4.0 6.73e-03    -  1.00e+00 1.00e+00h  1
 368  6.0238342e+00 2.35e-05 1.16e+01  -4.1 2.50e-02    -  1.00e+00 1.00e+00h  1
 369  6.0229306e+00 3.34e-05 2.04e+01  -4.1 3.05e-02    -  1.00e+00 1.00e+00h  1
iter    objective    inf_pr   inf_du lg(mu)  ||d||  lg(rg) alpha_du alpha_pr  ls
 370  6.0238194e+00 2.87e-05 7.74e+00  -4.0 3.12e-02    -  1.00e+00 1.00e+00h  1
 371  6.0243821e+00 6.52e-06 5.27e+00  -4.0 1.65e-02    -  1.00e+00 1.00e+00h  1
 372  6.0241016e+00 3.05e-06 1.49e+00  -4.0 1.03e-02    -  1.00e+00 1.00e+00h  1
 373  6.0243333e+00 6.19e-07 1.20e+00  -4.0 4.17e-03    -  1.00e+00 1.00e+00h  1
 374  6.0244920e+00 1.20e-07 1.23e+01  -4.0 4.32e-02    -  1.00e+00 1.00e+00H  1
 375  6.0283406e+00 4.77e-03 1.68e+02  -3.7 4.71e-01    -  1.00e+00 8.99e-01f  1
 376  6.0189334e+00 1.02e-03 1.13e+02  -3.8 1.62e-01    -  1.00e+00 1.00e+00h  1
 377  6.0163975e+00 1.02e-03 5.20e+01  -3.8 2.51e-01    -  6.53e-01 3.90e-01h  1
 378  6.0199794e+00 2.36e-04 6.47e+01  -3.8 1.06e-01    -  1.00e+00 1.00e+00h  1
 379  6.0156603e+00 4.86e-04 9.15e+00  -3.8 1.23e-01    -  1.00e+00 1.00e+00h  1
iter    objective    inf_pr   inf_du lg(mu)  ||d||  lg(rg) alpha_du alpha_pr  ls
 380  6.0176451e+00 2.51e-04 2.34e+01  -3.8 1.06e-01    -  1.00e+00 5.00e-01h  2
 381  6.0193733e+00 7.00e-05 1.17e+01  -3.8 5.40e-02    -  1.00e+00 1.00e+00h  1
 382  6.0257616e+00 3.87e-05 3.97e+01  -3.9 4.41e-02    -  6.97e-01 1.00e+00H  1
 383  6.0285047e+00 2.40e-05 2.34e+01  -4.0 5.63e-02    -  1.00e+00 1.00e+00H  1
 384  6.0218258e+00 9.36e-05 6.01e+00  -4.0 6.98e-02    -  1.00e+00 1.00e+00h  1
 385  6.0231426e+00 3.33e-05 1.52e+01  -4.0 3.72e-02    -  1.00e+00 1.00e+00h  1
 386  6.0228750e+00 1.70e-05 1.75e+00  -4.0 2.71e-02    -  1.00e+00 1.00e+00h  1
 387  6.0242618e+00 4.48e-06 3.16e+00  -4.0 1.23e-02    -  1.00e+00 1.00e+00h  1
 388  6.0233652e+00 7.43e-07 7.62e+00  -4.1 1.74e-02    -  1.00e+00 1.00e+00H  1
 389  6.0237760e+00 7.05e-06 4.48e+00  -4.0 1.98e-02    -  1.00e+00 1.00e+00h  1
iter    objective    inf_pr   inf_du lg(mu)  ||d||  lg(rg) alpha_du alpha_pr  ls
 390  6.0232308e+00 1.00e-06 2.53e+00  -4.1 6.45e-03    -  1.00e+00 1.00e+00h  1
 391  6.0240132e+00 1.38e-06 2.06e+00  -4.0 6.61e-03    -  1.00e+00 1.00e+00h  1
 392  6.0230347e+00 1.31e-07 2.74e+00  -4.1 9.21e-03    -  1.00e+00 1.00e+00H  1
 393  6.0241672e+00 9.99e-06 5.77e+00  -4.0 1.49e-02    -  1.00e+00 1.00e+00h  1
 394  6.0227584e+00 6.10e-06 2.05e+00  -4.1 1.26e-02    -  1.00e+00 1.00e+00h  1
 395  6.0239585e+00 1.74e-06 1.85e+00  -4.0 7.55e-03    -  1.00e+00 1.00e+00h  1
 396  6.0229728e+00 1.04e-07 2.49e+00  -4.1 1.15e-02    -  1.00e+00 1.00e+00H  1
 397  6.0238765e+00 5.05e-05 1.88e+01  -4.0 4.98e-02    -  1.00e+00 1.00e+00h  1
 398  6.0218012e+00 2.09e-05 6.83e+00  -4.1 2.50e-02    -  1.00e+00 1.00e+00h  1
 399  6.0234542e+00 9.49e-06 5.91e+00  -4.0 1.55e-02    -  1.00e+00 1.00e+00h  1
iter    objective    inf_pr   inf_du lg(mu)  ||d||  lg(rg) alpha_du alpha_pr  ls
 400  6.0226469e+00 3.89e-06 1.89e+00  -4.1 1.12e-02    -  1.00e+00 1.00e+00h  1
 401  6.0238923e+00 2.15e-06 2.36e+00  -4.0 7.33e-03    -  1.00e+00 1.00e+00h  1
 402  6.0226469e+00 9.66e-05 2.19e+01  -4.1 7.02e-02    -  1.00e+00 1.00e+00h  1
 403  6.0219880e+00 1.35e-04 4.95e+01  -4.1 8.60e-02    -  1.00e+00 1.00e+00h  1
 404  6.0204562e+00 2.22e-04 5.15e+01  -4.1 1.00e-01    -  1.00e+00 8.87e-01h  1
 405  6.0163834e+00 2.58e-04 1.47e+01  -4.1 1.15e-01    -  8.12e-01 1.00e+00f  1
 406  6.0196316e+00 7.11e-05 1.41e+01  -4.1 4.81e-02    -  1.00e+00 9.07e-01h  1
 407  6.0200211e+00 5.18e-05 6.86e+00  -4.0 3.40e-02    -  1.00e+00 1.00e+00f  1
 408  6.0221454e+00 2.66e-06 4.09e+00  -4.0 1.19e-02    -  1.00e+00 1.00e+00h  1
 409  6.0243856e+00 1.27e-06 8.84e+00  -4.0 2.52e-02    -  1.00e+00 1.00e+00H  1
iter    objective    inf_pr   inf_du lg(mu)  ||d||  lg(rg) alpha_du alpha_pr  ls
 410  6.0214166e+00 1.57e-05 1.57e+00  -4.1 2.21e-02    -  1.00e+00 1.00e+00h  1
 411  6.0229690e+00 2.93e-06 2.47e+00  -4.0 8.11e-03    -  1.00e+00 1.00e+00h  1
 412  6.0221774e+00 1.26e-07 3.95e+00  -4.1 6.91e-03    -  1.00e+00 1.00e+00H  1
 413  6.0232923e+00 2.26e-06 3.71e+00  -4.0 6.48e-03    -  1.00e+00 1.00e+00h  1
 414  6.0220845e+00 1.30e-06 1.44e+00  -4.1 5.93e-03    -  1.00e+00 1.00e+00h  1
 415  6.0234011e+00 3.09e-06 2.59e+00  -4.0 8.75e-03    -  1.00e+00 1.00e+00h  1
 416  6.0220148e+00 1.85e-06 1.98e+00  -4.1 8.15e-03    -  1.00e+00 1.00e+00h  1
 417  6.0233578e+00 3.24e-06 3.83e+00  -4.0 8.52e-03    -  1.00e+00 1.00e+00h  1
 418  6.0220495e+00 3.48e-06 3.05e+00  -4.1 1.05e-02    -  1.00e+00 1.00e+00h  1
 419  6.0218980e+00 2.49e-06 3.74e+00  -4.1 1.32e-02    -  1.00e+00 1.00e+00h  1
iter    objective    inf_pr   inf_du lg(mu)  ||d||  lg(rg) alpha_du alpha_pr  ls
 420  6.0232673e+00 3.58e-06 1.00e+00  -4.0 7.47e-03    -  1.00e+00 1.00e+00h  1
 421  6.0219094e+00 3.06e-06 3.02e+00  -4.1 7.02e-03    -  1.00e+00 1.00e+00h  1
 422  6.0220383e+00 2.47e-06 1.92e+00  -4.1 4.45e-03    -  1.00e+00 1.00e+00h  1
 423  6.0233416e+00 3.29e-06 3.13e+00  -4.0 7.57e-03    -  1.00e+00 1.00e+00h  1
 424  6.0219212e+00 2.03e-06 2.02e+00  -4.1 7.77e-03    -  1.00e+00 1.00e+00h  1
 425  6.0219419e+00 1.66e-06 2.47e+00  -4.1 6.94e-03    -  1.00e+00 1.00e+00h  1
 426  6.0232889e+00 2.40e-06 1.39e+00  -4.0 7.76e-03    -  1.00e+00 1.00e+00h  1
 427  6.0219568e+00 1.95e-06 2.82e+00  -4.1 8.40e-03    -  1.00e+00 1.00e+00h  1
 428  6.0218805e+00 1.46e-06 3.88e+00  -4.1 6.93e-03    -  1.00e+00 1.00e+00h  1
 429  6.0233591e+00 2.59e-06 2.30e+00  -4.0 7.80e-03    -  1.00e+00 1.00e+00h  1
iter    objective    inf_pr   inf_du lg(mu)  ||d||  lg(rg) alpha_du alpha_pr  ls
 430  6.0218407e+00 5.17e-06 3.67e+00  -4.1 1.51e-02    -  1.00e+00 1.00e+00h  1
 431  6.0231638e+00 4.05e-06 1.06e+00  -4.0 1.42e-02    -  1.00e+00 1.00e+00h  1
 432  6.0218881e+00 1.99e-06 1.55e+00  -4.1 6.85e-03    -  1.00e+00 1.00e+00h  1
 433  6.0219742e+00 2.03e-06 3.85e+00  -4.1 6.82e-03    -  1.00e+00 1.00e+00h  1
 434  6.0219219e+00 1.17e-06 1.31e+00  -4.1 6.08e-03    -  1.00e+00 1.00e+00h  1
 435  6.0233005e+00 2.39e-06 1.78e+00  -4.0 7.31e-03    -  1.00e+00 1.00e+00h  1
 436  6.0219672e+00 2.84e-06 2.75e+00  -4.1 1.05e-02    -  1.00e+00 1.00e+00h  1
 437  6.0218364e+00 1.57e-06 2.08e+00  -4.1 5.32e-03    -  1.00e+00 1.00e+00h  1
 438  6.0232721e+00 2.29e-06 4.66e-01  -4.0 7.47e-03    -  1.00e+00 1.00e+00h  1
 439  6.0218936e+00 1.46e-05 1.04e+01  -4.1 2.08e-02    -  1.00e+00 1.00e+00h  1
iter    objective    inf_pr   inf_du lg(mu)  ||d||  lg(rg) alpha_du alpha_pr  ls
 440  6.0217100e+00 1.11e-05 1.64e+00  -4.1 1.61e-02    -  1.00e+00 1.00e+00h  1
 441  6.0231940e+00 2.51e-06 1.86e+00  -4.0 8.07e-03    -  1.00e+00 1.00e+00h  1
 442  6.0219653e+00 1.40e-05 9.53e+00  -4.1 1.67e-02    -  1.00e+00 1.00e+00h  1
 443  6.0218936e+00 2.79e-06 9.54e+00  -4.1 7.86e-03    -  1.00e+00 1.00e+00h  1
 444  6.0218180e+00 8.84e-07 1.99e+00  -4.1 5.96e-03    -  1.00e+00 1.00e+00h  1
 445  6.0233002e+00 1.56e-07 1.01e+00  -4.0 7.68e-03    -  1.00e+00 1.00e+00H  1
 446  6.0218190e+00 1.53e-05 7.64e+00  -4.1 1.78e-02    -  1.00e+00 1.00e+00h  1
 447  6.0223230e+00 1.05e-07 4.72e+01  -4.1 8.66e-02    -  1.00e+00 1.00e+00H  1
 448  6.0228662e+00 1.16e-03 1.36e+02  -4.0 1.84e-01    -  1.00e+00 1.00e+00h  1
 449  6.0166048e+00 1.59e-03 1.91e+02  -4.1 2.23e-01    -  5.64e-01 1.00e+00h  1
iter    objective    inf_pr   inf_du lg(mu)  ||d||  lg(rg) alpha_du alpha_pr  ls
 450  6.0137258e+00 2.56e-03 1.58e+01  -4.1 2.78e-01    -  1.00e+00 1.00e+00h  1
 451  6.0089476e+00 2.58e-03 4.51e+01  -4.1 6.27e-01    -  3.67e-01 1.87e-01h  1
 452  6.0166462e+00 6.00e-04 4.27e+01  -4.1 1.28e-01    -  7.25e-01 1.00e+00h  1
 453  6.0214097e+00 5.79e-04 1.05e+02  -4.1 1.59e-01    -  3.57e-01 1.00e+00H  1
 454  6.0323072e+00 2.35e-04 4.82e+01  -4.1 1.31e-01    -  1.00e+00 1.00e+00H  1
 455  6.0141250e+00 5.02e-04 1.01e+02  -4.1 1.39e-01    -  6.10e-01 1.00e+00h  1
 456  6.0103663e+00 4.99e-04 4.54e+01  -4.1 2.41e-01    -  1.00e+00 4.22e-01h  1
 457  6.0109936e+00 4.43e-04 1.27e+02  -4.1 1.15e-01    -  1.00e+00 1.25e-01h  4
 458  6.0177207e+00 9.77e-05 1.23e+01  -4.1 5.98e-02    -  1.00e+00 1.00e+00h  1
 459  6.0202249e+00 8.22e-05 1.51e+01  -4.1 4.62e-02    -  1.00e+00 1.00e+00h  1
iter    objective    inf_pr   inf_du lg(mu)  ||d||  lg(rg) alpha_du alpha_pr  ls
 460  6.0193649e+00 7.57e-05 2.93e+01  -4.1 4.50e-02    -  1.00e+00 1.00e+00h  1
 461  6.0203586e+00 3.04e-05 8.94e+00  -4.1 2.64e-02    -  1.00e+00 1.00e+00h  1
 462  6.0212306e+00 7.07e-06 3.59e+00  -4.1 1.80e-02    -  1.00e+00 1.00e+00h  1
 463  6.0217356e+00 6.49e-06 4.89e+00  -4.0 1.38e-02    -  1.00e+00 1.00e+00h  1
 464  6.0217233e+00 6.82e-06 3.14e+00  -4.1 6.61e-03    -  1.00e+00 1.00e+00h  1
 465  6.0223760e+00 9.14e-07 2.56e+00  -4.0 4.64e-03    -  1.00e+00 1.00e+00h  1
 466  6.0216948e+00 5.08e-07 1.32e+00  -4.1 4.39e-03    -  1.00e+00 1.00e+00H  1
 467  6.0227317e+00 9.84e-06 2.39e+00  -4.0 5.77e-03    -  1.00e+00 1.00e+00h  1
 468  6.0215702e+00 1.62e-05 4.86e+00  -4.1 1.07e-02    -  1.00e+00 1.00e+00h  1
 469  6.0227919e+00 2.64e-06 3.16e+00  -4.0 7.61e-03    -  1.00e+00 1.00e+00h  1
iter    objective    inf_pr   inf_du lg(mu)  ||d||  lg(rg) alpha_du alpha_pr  ls
 470  6.0217150e+00 2.56e-08 2.44e+00  -4.1 8.43e-03    -  1.00e+00 1.00e+00H  1
 471  6.0228333e+00 2.22e-06 1.89e+00  -4.0 7.28e-03    -  1.00e+00 1.00e+00h  1
 472  6.0216310e+00 3.18e-06 2.30e+00  -4.1 7.94e-03    -  1.00e+00 1.00e+00h  1
 473  6.0231910e+00 4.46e-07 9.95e+00  -4.0 1.63e-02    -  1.00e+00 1.00e+00H  1
 474  6.0218882e+00 1.06e-04 2.70e+01  -4.1 4.36e-02    -  1.00e+00 1.00e+00h  1
 475  6.0211461e+00 1.37e-05 1.72e+01  -4.1 1.76e-02    -  1.00e+00 1.00e+00h  1
 476  6.0226135e+00 9.95e-06 3.50e+00  -4.0 1.91e-02    -  1.00e+00 1.00e+00h  1
 477  6.0216947e+00 3.53e-07 4.61e+00  -4.1 1.51e-02    -  1.00e+00 1.00e+00H  1
 478  6.0214902e+00 7.98e-06 6.80e+00  -4.1 1.28e-02    -  1.00e+00 1.00e+00h  1
 479  6.0225575e+00 7.88e-05 2.07e+01  -4.0 3.82e-02    -  1.00e+00 1.00e+00h  1
iter    objective    inf_pr   inf_du lg(mu)  ||d||  lg(rg) alpha_du alpha_pr  ls
 480  6.0221176e+00 1.65e-05 5.12e+01  -4.1 9.25e-02    -  1.00e+00 1.00e+00H  1
 481  6.0202286e+00 2.20e-02 3.52e+02  -4.1 6.82e-01    -  6.69e-01 1.00e+00h  1
 482  6.0005853e+00 1.54e-02 3.69e+01  -4.1 5.59e-01    -  9.19e-01 1.00e+00h  1
 483  5.9824943e+00 1.87e-02 1.15e+02  -4.1 1.98e+00    -  3.34e-01 2.12e-01h  1
 484  5.9883818e+00 1.30e-02 8.81e+01  -4.0 2.30e-01    -  8.92e-01 3.14e-01h  1
 485  6.0042170e+00 1.12e-03 6.54e+01  -3.8 2.26e-01    -  1.00e+00 1.00e+00h  1
 486  6.0008981e+00 7.00e-04 9.18e+01  -3.8 1.40e-01    -  1.00e+00 4.96e-01h  1
 487  6.0068458e+00 3.70e-04 1.94e+02  -3.8 8.82e-02    -  1.00e+00 5.00e-01h  2
 488  6.0185597e+00 3.36e-04 1.52e+02  -4.0 1.56e-01    -  5.35e-01 7.34e-01H  1
 489  6.0192252e+00 3.26e-04 1.46e+02  -4.0 1.89e-01    -  1.00e+00 3.90e-01h  2
iter    objective    inf_pr   inf_du lg(mu)  ||d||  lg(rg) alpha_du alpha_pr  ls
 490  6.0227150e+00 4.76e-05 6.67e+01  -4.0 3.72e-02    -  1.00e+00 1.00e+00h  1
 491  6.0232413e+00 2.45e-05 9.82e+00  -4.0 2.56e-02    -  1.00e+00 1.00e+00h  1
 492  6.0233155e+00 5.14e-06 7.48e+00  -4.0 1.20e-02    -  1.00e+00 1.00e+00h  1
 493  6.0234913e+00 1.07e-06 5.56e+00  -4.0 1.14e-02    -  1.00e+00 1.00e+00H  1
 494  6.0236927e+00 2.93e-07 2.18e+01  -4.0 4.28e-02    -  1.00e+00 1.00e+00H  1
 495  6.0236735e+00 4.65e-07 4.03e+01  -4.0 7.08e-02    -  1.00e+00 3.12e-02h  6
 496  6.0236456e+00 7.52e-07 3.66e+01  -4.0 1.59e-01    -  1.00e+00 1.56e-02h  7
 497  6.0236397e+00 8.06e-07 2.36e+01  -4.0 2.08e-01    -  1.00e+00 3.91e-03h  9
 498  6.0236384e+00 8.14e-07 3.39e+01  -4.0 3.53e-01    -  1.00e+00 4.88e-04h 12
 499  6.0236382e+00 8.17e-07 3.18e+01  -4.0 4.41e-01    -  1.00e+00 1.22e-04h 14
iter    objective    inf_pr   inf_du lg(mu)  ||d||  lg(rg) alpha_du alpha_pr  ls
 500  6.0203216e+00 5.63e-02 4.97e+02  -4.0 2.42e+00    -  5.10e-01 4.70e-01h  1
 501  5.9736280e+00 1.54e-02 2.20e+02  -4.0 5.01e-01    -  1.00e+00 1.00e+00h  1
 502  5.9919375e+00 9.39e-03 6.74e+01  -3.3 5.13e-01    -  1.00e+00 5.74e-01h  1
 503  6.0071205e+00 2.47e-03 6.06e+01  -3.5 3.56e-01    -  1.00e+00 1.00e+00h  1
 504  5.9868168e+00 1.72e-03 1.69e+01  -3.6 2.59e-01    -  1.00e+00 1.00e+00h  1
 505  6.0050524e+00 5.90e-04 9.77e+01  -3.8 1.55e-01    -  1.00e+00 1.00e+00h  1
 506  6.0085634e+00 2.99e-04 6.08e+01  -3.9 9.03e-02    -  1.00e+00 1.00e+00h  1
 507  6.0136024e+00 5.18e-04 8.80e+01  -3.9 1.06e-01    -  1.00e+00 1.00e+00h  1
 508  6.0190631e+00 9.70e-05 1.42e+02  -3.9 5.48e-02    -  4.79e-01 1.00e+00h  1
 509  6.0211377e+00 3.76e-05 3.55e+01  -4.0 3.93e-02    -  1.00e+00 8.00e-01h  1
iter    objective    inf_pr   inf_du lg(mu)  ||d||  lg(rg) alpha_du alpha_pr  ls
 510  6.0218171e+00 1.76e-05 4.33e+00  -4.1 1.95e-02    -  1.00e+00 1.00e+00h  1
 511  6.0213001e+00 2.55e-05 1.01e+01  -4.1 2.79e-02    -  1.00e+00 1.00e+00h  1
 512  6.0204954e+00 3.31e-06 2.34e+01  -4.1 3.98e-02    -  1.00e+00 1.00e+00H  1
 513  6.0208066e+00 5.05e-05 3.11e+01  -4.0 2.82e-02    -  1.00e+00 1.00e+00h  1
 514  6.0188593e+00 5.83e-05 2.75e+01  -4.1 3.84e-02    -  1.00e+00 1.00e+00h  1
 515  6.0198757e+00 2.99e-05 4.57e+00  -4.0 2.74e-02    -  1.00e+00 1.00e+00h  1
 516  6.0202534e+00 1.30e-05 3.09e+00  -4.0 1.68e-02    -  1.00e+00 1.00e+00h  1
 517  6.0209510e+00 4.57e-06 1.90e+01  -4.0 3.97e-02    -  1.00e+00 1.00e+00H  1
 518  6.0189919e+00 1.16e-02 2.57e+02  -4.0 6.93e-01    -  1.00e+00 7.21e-01h  1
 519  6.0124297e+00 2.79e-02 6.31e+02  -4.1 1.20e+00    -  1.00e+00 5.74e-01h  1
iter    objective    inf_pr   inf_du lg(mu)  ||d||  lg(rg) alpha_du alpha_pr  ls
 520  5.9851135e+00 5.53e-02 1.02e+03  -4.1 2.35e+00    -  1.94e-01 3.52e-01h  1
 521  5.9731862e+00 3.29e-02 6.49e+02  -4.1 6.65e-01    -  2.96e-01 4.85e-01h  1
 522  5.9646898e+00 2.29e-02 3.14e+02  -3.5 7.40e-01    -  4.06e-01 4.84e-01f  1
 523  5.9603990e+00 2.29e-02 2.14e+02  -3.2 1.80e+00    -  6.50e-01 1.79e-01h  1
 524  5.8922450e+00 1.39e-02 2.10e+02  -3.4 7.39e-01    -  5.11e-01 1.00e+00h  1
 525  5.9077301e+00 3.96e-03 3.43e+01  -3.8 4.75e-01    -  1.00e+00 9.64e-01h  1
 526  5.9199626e+00 2.42e-03 9.17e+01  -4.0 4.66e-01    -  1.00e+00 5.34e-01h  1
 527  5.9275538e+00 2.92e-03 2.21e+02  -4.0 7.59e-01    -  1.00e+00 1.86e-01h  2
 528  5.9298347e+00 2.97e-03 6.01e+01  -3.7 1.17e+00    -  1.00e+00 6.26e-02h  4
 529  5.9333565e+00 2.99e-03 8.38e+01  -3.9 8.91e-01    -  1.00e+00 9.40e-02h  4
iter    objective    inf_pr   inf_du lg(mu)  ||d||  lg(rg) alpha_du alpha_pr  ls
 530  5.9405208e+00 3.23e-03 8.78e+01  -4.0 7.51e-01    -  1.00e+00 1.84e-01h  3
 531  5.9461241e+00 3.23e-03 6.65e+01  -4.0 6.95e-01    -  1.00e+00 1.55e-01h  3
 532  5.9643840e+00 5.56e-03 1.16e+02  -3.3 8.25e-01    -  1.00e+00 3.24e-01h  2
 533  5.9734313e+00 5.55e-03 1.55e+02  -3.4 6.42e-01    -  6.73e-01 2.50e-01h  3
 534  5.9752326e+00 5.25e-03 1.71e+02  -3.4 7.50e-01    -  1.00e+00 1.25e-01h  4
 535  5.9684162e+00 4.03e-02 2.75e+02  -3.4 8.15e-01    -  4.88e-01 1.00e+00h  1
 536  5.9226288e+00 4.00e-02 3.72e+01  -3.4 8.47e-01    -  1.00e+00 1.00e+00h  1
 537  5.8817393e+00 5.54e-02 6.99e+01  -3.4 2.10e+00    -  4.44e-01 3.58e-01h  1
 538  6.0629999e+00 2.09e-01 1.37e+02  -2.5 2.13e+00    -  7.42e-01 1.00e+00f  1
 539  5.9442445e+00 3.28e-02 1.31e+02  -2.7 1.20e+00    -  7.52e-01 1.00e+00h  1
iter    objective    inf_pr   inf_du lg(mu)  ||d||  lg(rg) alpha_du alpha_pr  ls
 540  5.8811924e+00 1.24e-02 6.38e+01  -2.7 8.46e-01    -  9.79e-01 1.00e+00h  1
 541  6.0411173e+00 3.81e-02 1.90e+02  -2.3 9.13e-01    -  1.00e+00 1.00e+00h  1
 542  6.0669033e+00 2.49e-02 1.75e+02  -2.4 8.38e-01    -  1.00e+00 1.00e+00h  1
 543  6.0265201e+00 1.04e-02 5.54e+01  -2.4 4.94e-01    -  1.00e+00 1.00e+00h  1
 544  6.0962409e+00 7.50e-03 1.41e+02  -2.4 5.31e-01    -  1.00e+00 1.00e+00h  1
 545  6.0849046e+00 4.57e-03 3.66e+01  -2.4 3.24e-01    -  1.00e+00 1.00e+00h  1
 546  6.0933702e+00 3.66e-03 5.70e+02  -2.4 5.13e-01    -  1.00e+00 2.50e-01h  3
 547  6.1010474e+00 3.33e-03 6.89e+01  -2.4 6.47e-01    -  1.00e+00 1.25e-01h  4
 548  6.1105798e+00 3.02e-03 1.82e+02  -2.4 6.63e-01    -  1.00e+00 1.25e-01h  4
 549  6.2055880e+00 1.72e-03 2.09e+02  -2.4 8.08e-01    -  1.00e+00 1.00e+00H  1
iter    objective    inf_pr   inf_du lg(mu)  ||d||  lg(rg) alpha_du alpha_pr  ls
 550  6.1993519e+00 1.38e-03 1.96e+02  -2.4 4.20e-01    -  1.00e+00 2.50e-01h  3
 551  6.1938598e+00 8.37e-04 1.56e+02  -2.4 2.41e-01    -  1.00e+00 5.00e-01h  2
 552  6.1989179e+00 4.76e-04 6.25e+01  -2.4 1.02e-01    -  1.00e+00 1.00e+00h  1
 553  6.1980555e+00 2.31e-04 4.37e+01  -2.4 1.01e-01    -  1.00e+00 1.00e+00h  1
 554  6.2095130e+00 1.38e-04 2.40e+01  -2.4 1.34e-01    -  1.00e+00 1.00e+00H  1
 555  6.2094729e+00 1.61e-04 5.91e+01  -2.4 4.49e-01    -  1.00e+00 6.25e-02h  5
 556  6.2155018e+00 1.09e-04 1.80e+02  -2.4 4.01e-01    -  1.00e+00 1.00e+00H  1
 557  6.2128731e+00 4.21e-04 2.09e+02  -2.4 6.92e-01    -  1.00e+00 1.25e-01h  4
 558  6.2101201e+00 5.34e-04 2.07e+02  -2.4 2.87e-01    -  1.00e+00 2.50e-01h  3
 559  6.2045345e+00 5.74e-04 1.76e+02  -2.4 2.11e-01    -  1.00e+00 5.00e-01h  2
iter    objective    inf_pr   inf_du lg(mu)  ||d||  lg(rg) alpha_du alpha_pr  ls
 560  6.2141850e+00 8.00e-04 1.28e+02  -2.4 1.73e-01    -  1.00e+00 1.00e+00H  1
 561  6.2082757e+00 7.03e-04 6.63e+01  -2.4 1.80e-01    -  1.00e+00 5.00e-01h  2
 562  6.2029851e+00 4.05e-04 3.19e+01  -2.4 1.34e-01    -  1.00e+00 1.00e+00h  1
 563  6.2088399e+00 1.08e-04 1.90e+01  -2.4 7.88e-02    -  1.00e+00 1.00e+00H  1
 564  6.2102530e+00 2.51e-05 2.34e+01  -2.4 7.00e-02    -  1.00e+00 1.00e+00H  1
 565  6.2115168e+00 8.86e-05 3.14e+01  -2.4 5.94e-02    -  1.00e+00 1.00e+00h  1
 566  6.2111904e+00 6.89e-05 1.90e+01  -2.4 5.78e-02    -  1.00e+00 1.00e+00h  1
 567  6.2120921e+00 2.50e-05 2.21e+00  -2.4 3.65e-02    -  1.00e+00 1.00e+00h  1
 568  6.2128859e+00 3.82e-07 3.40e+00  -2.4 1.84e-02    -  1.00e+00 1.00e+00H  1
 569  6.2130741e+00 7.69e-06 4.44e+01  -2.4 4.41e-01    -  1.00e+00 3.12e-02h  6
iter    objective    inf_pr   inf_du lg(mu)  ||d||  lg(rg) alpha_du alpha_pr  ls
 570  6.2130994e+00 8.35e-06 2.84e+01  -2.4 5.99e-01    -  1.00e+00 3.91e-03h  9
 571  6.2131015e+00 8.60e-06 2.50e+01  -2.4 9.76e-01    -  1.00e+00 9.77e-04h 11
 572  6.2131029e+00 8.72e-06 2.12e+01  -2.4 9.73e-01    -  1.00e+00 4.88e-04h 12
 573  6.2131022e+00 8.82e-06 1.17e+01  -2.4 1.17e+00    -  1.00e+00 2.44e-04h 13
 574  6.2178809e+00 5.08e-02 3.30e+02  -2.4 1.42e+00    -  1.00e+00 1.00e+00h  1
 575  6.1786616e+00 2.75e-03 3.22e+02  -2.4 4.15e-01    -  1.00e+00 1.00e+00h  1
 576  6.1805029e+00 4.84e-03 2.87e+01  -2.4 3.98e-01    -  1.00e+00 1.00e+00h  1
 577  6.1832001e+00 2.41e-03 3.86e+01  -2.4 2.52e-01    -  1.00e+00 1.00e+00h  1
 578  6.1742924e+00 1.23e-03 1.96e+01  -2.4 2.07e-01    -  1.00e+00 1.00e+00h  1
 579  6.1795532e+00 7.23e-04 1.87e+02  -2.4 1.76e-01    -  1.00e+00 5.00e-01h  2
iter    objective    inf_pr   inf_du lg(mu)  ||d||  lg(rg) alpha_du alpha_pr  ls
 580  6.1894080e+00 3.67e-04 1.55e+02  -2.4 1.38e-01    -  1.00e+00 5.00e-01h  2
 581  6.1979671e+00 2.99e-04 3.19e+01  -2.4 1.88e-01    -  1.00e+00 5.00e-01h  2
 582  6.2058547e+00 1.99e-04 2.86e+01  -2.4 1.03e-01    -  1.00e+00 1.00e+00h  1
 583  6.2066350e+00 1.11e-04 1.01e+01  -2.4 7.16e-02    -  1.00e+00 1.00e+00h  1
 584  6.2119638e+00 6.96e-05 1.21e+01  -2.4 5.38e-02    -  1.00e+00 1.00e+00h  1
 585  6.2129237e+00 4.85e-05 1.25e+01  -2.4 4.33e-02    -  1.00e+00 1.00e+00h  1
 586  6.2123516e+00 1.99e-05 2.20e+00  -2.4 3.60e-02    -  1.00e+00 1.00e+00h  1
 587  6.2135415e+00 4.77e-06 3.44e+00  -2.4 1.15e-02    -  1.00e+00 1.00e+00h  1
 588  6.2142366e+00 2.02e-06 2.90e+00  -2.4 8.75e-03    -  1.00e+00 1.00e+00h  1
 589  6.2144974e+00 9.01e-06 3.46e+00  -2.4 1.33e-02    -  1.00e+00 1.00e+00h  1
iter    objective    inf_pr   inf_du lg(mu)  ||d||  lg(rg) alpha_du alpha_pr  ls
 590  6.2153101e+00 4.31e-07 8.27e+00  -2.4 2.36e-02    -  1.00e+00 1.00e+00H  1
 591  6.2156099e+00 2.17e-06 1.46e+01  -2.4 3.13e-02    -  1.00e+00 1.00e+00H  1
 592  6.2157056e+00 9.88e-06 6.98e+00  -2.4 2.04e-02    -  1.00e+00 1.00e+00h  1
 593  6.2154214e+00 5.85e-06 3.49e+00  -2.4 1.36e-02    -  1.00e+00 1.00e+00h  1
 594  6.2159077e+00 1.09e-07 2.90e+00  -2.4 1.83e-02    -  1.00e+00 1.00e+00H  1
 595  6.2159627e+00 2.28e-06 1.25e+01  -2.4 2.44e-01    -  1.00e+00 3.12e-02h  6
 596  6.2159863e+00 4.40e-06 3.11e+01  -2.4 3.10e-01    -  1.00e+00 1.56e-02h  7
 597  6.2159898e+00 1.45e-05 2.68e+01  -2.4 7.67e-01    -  1.00e+00 3.12e-02h  6
 598  6.2159826e+00 1.48e-05 1.42e+01  -2.4 1.35e+00    -  1.00e+00 1.95e-03h 10
 599  6.2159783e+00 1.54e-05 1.34e+01  -2.4 1.07e+00    -  1.00e+00 1.95e-03h 10
iter    objective    inf_pr   inf_du lg(mu)  ||d||  lg(rg) alpha_du alpha_pr  ls
 600  6.2141508e+00 8.46e-03 1.93e+02  -2.4 1.45e+00    -  1.00e+00 5.00e-01h  2
 601  6.2044045e+00 4.00e-03 2.89e+02  -2.4 4.49e-01    -  1.00e+00 1.00e+00h  1
 602  6.1918936e+00 1.61e-03 4.45e+01  -2.4 2.95e-01    -  1.00e+00 1.00e+00h  1
 603  6.1904547e+00 7.69e-04 9.23e+01  -2.4 1.48e-01    -  1.00e+00 1.00e+00h  1
 604  6.2007261e+00 3.61e-04 1.06e+02  -2.4 2.01e-01    -  1.00e+00 1.00e+00H  1
 605  6.2042607e+00 2.13e-04 4.09e+01  -2.4 8.20e-02    -  1.00e+00 1.00e+00h  1
 606  6.2049358e+00 4.40e-04 1.64e+01  -2.4 1.52e-01    -  1.00e+00 1.00e+00h  1
 607  6.2051817e+00 4.26e-04 6.44e+01  -2.4 7.17e-02    -  1.00e+00 3.12e-02h  6
 608  6.2143256e+00 2.24e-05 2.27e+01  -2.4 1.10e-01    -  1.00e+00 1.00e+00H  1
 609  6.2121140e+00 8.02e-05 1.77e+01  -2.4 5.11e-02    -  1.00e+00 1.00e+00h  1
iter    objective    inf_pr   inf_du lg(mu)  ||d||  lg(rg) alpha_du alpha_pr  ls
 610  6.2110678e+00 5.29e-05 5.27e+00  -2.4 4.24e-02    -  1.00e+00 1.00e+00h  1
 611  6.2128152e+00 9.51e-06 2.95e+00  -2.4 1.78e-02    -  1.00e+00 1.00e+00h  1
 612  6.2137202e+00 1.40e-06 9.75e+00  -2.4 3.49e-02    -  1.00e+00 1.00e+00H  1
 613  6.2139607e+00 3.41e-05 1.46e+01  -2.4 3.80e-02    -  1.00e+00 1.00e+00h  1
 614  6.2135977e+00 1.74e-05 4.13e+00  -2.4 2.19e-02    -  1.00e+00 1.00e+00h  1
 615  6.2140474e+00 5.92e-06 2.31e+00  -2.4 1.18e-02    -  1.00e+00 1.00e+00h  1
 616  6.2142515e+00 1.67e-07 5.04e+00  -2.4 2.45e-02    -  1.00e+00 1.00e+00H  1
 617  6.2143186e+00 5.30e-06 8.04e+00  -2.4 2.20e-01    -  1.00e+00 6.25e-02h  5
 618  6.2143068e+00 1.23e-05 1.15e+01  -2.4 2.72e-01    -  1.00e+00 6.25e-02h  5
 619  6.2131135e+00 4.29e-06 6.82e+01  -2.4 3.10e-01    -  1.00e+00 1.00e+00H  1
iter    objective    inf_pr   inf_du lg(mu)  ||d||  lg(rg) alpha_du alpha_pr  ls
 620  6.2127532e+00 1.18e-05 7.45e+01  -2.4 1.76e-01    -  1.00e+00 1.25e-01h  4
 621  6.2125432e+00 1.55e-05 7.71e+01  -2.4 1.33e-01    -  1.00e+00 1.25e-01h  4
 622  6.2118778e+00 1.74e-04 3.36e+01  -2.4 6.86e-02    -  1.00e+00 1.00e+00h  1
 623  6.2096863e+00 2.92e-04 4.25e+01  -2.4 1.10e-01    -  1.00e+00 1.00e+00h  1
 624  6.2090472e+00 1.75e-04 1.38e+01  -2.4 8.10e-02    -  1.00e+00 1.00e+00h  1
 625  6.2080701e+00 7.30e-05 5.74e+00  -2.4 5.37e-02    -  1.00e+00 1.00e+00h  1
 626  6.2104365e+00 5.79e-05 9.18e+00  -2.4 5.13e-02    -  1.00e+00 1.00e+00h  1
 627  6.2101202e+00 3.13e-05 2.88e+00  -2.4 3.37e-02    -  1.00e+00 1.00e+00h  1
 628  6.2107710e+00 4.81e-06 2.65e+00  -2.4 9.42e-03    -  1.00e+00 1.00e+00h  1
 629  6.2115294e+00 6.65e-07 2.59e+00  -2.4 9.87e-03    -  1.00e+00 1.00e+00H  1
iter    objective    inf_pr   inf_du lg(mu)  ||d||  lg(rg) alpha_du alpha_pr  ls
 630  6.2113757e+00 6.65e-07 1.77e+00  -2.4 7.58e-03    -  1.00e+00 1.00e+00H  1
 631  6.2112477e+00 2.36e-06 7.42e-01  -2.4 4.61e-03    -  1.00e+00 1.00e+00h  1
 632  6.2113197e+00 7.71e-07 7.97e-01  -2.4 2.76e-03    -  1.00e+00 1.00e+00h  1
 633  6.2111741e+00 2.49e-08 9.86e-01  -2.4 2.35e-03    -  1.00e+00 1.00e+00H  1
 634  6.2104985e+00 1.50e-08 5.23e+00  -2.4 1.54e-02    -  1.00e+00 1.00e+00H  1
 635  6.2102003e+00 5.70e-06 4.69e+00  -2.4 1.11e-02    -  1.00e+00 1.00e+00h  1
 636  6.2103079e+00 1.25e-06 1.66e+00  -2.4 6.44e-03    -  1.00e+00 1.00e+00h  1
 637  6.2102568e+00 3.60e-08 9.22e-01  -2.4 2.92e-03    -  1.00e+00 1.00e+00H  1
 638  6.2099675e+00 7.56e-09 2.35e+00  -2.4 8.01e-03    -  1.00e+00 1.00e+00H  1
 639  6.2099703e+00 1.85e-09 1.73e+01  -2.4 5.17e-02    -  1.00e+00 1.00e+00H  1
iter    objective    inf_pr   inf_du lg(mu)  ||d||  lg(rg) alpha_du alpha_pr  ls
 640  6.2099711e+00 1.79e-08 1.73e+01  -2.4 6.51e-02    -  1.00e+00 4.88e-04h 12
 641  6.2103190e+00 5.13e-07 9.16e+00  -2.4 1.50e-02    -  1.00e+00 1.00e+00H  1
 642  6.2108947e+00 1.21e-07 3.67e+00  -2.4 1.92e-02    -  1.00e+00 1.00e+00H  1
 643  6.2108276e+00 2.33e-07 7.64e+00  -2.4 1.63e-02    -  1.00e+00 1.00e+00H  1
 644  6.2108242e+00 5.20e-07 1.31e+01  -2.4 5.39e-02    -  1.00e+00 3.12e-02h  6
 645  6.2116008e+00 9.13e-08 1.19e+01  -2.4 5.53e-02    -  1.00e+00 1.00e+00H  1
 646  6.2116253e+00 3.05e-07 9.95e+00  -2.4 1.66e-02    -  1.00e+00 1.00e+00H  1
 647  6.2115948e+00 3.03e-06 1.96e+00  -2.4 5.53e-03    -  1.00e+00 1.00e+00h  1
 648  6.2116458e+00 9.73e-07 1.49e+00  -2.4 5.14e-03    -  1.00e+00 5.00e-01h  2
 649  6.2119098e+00 7.31e-08 3.52e+00  -2.4 1.72e-02    -  1.00e+00 1.00e+00H  1
iter    objective    inf_pr   inf_du lg(mu)  ||d||  lg(rg) alpha_du alpha_pr  ls
 650  6.2127908e+00 5.17e-10 1.27e+01  -2.4 4.42e-02    -  1.00e+00 1.00e+00H  1
 651  6.2120445e+00 4.70e-07 4.01e+00  -2.4 3.54e-02    -  1.00e+00 1.00e+00F  1
 652  6.2119278e+00 1.40e-07 1.66e+00  -2.4 7.61e-03    -  1.00e+00 1.00e+00H  1
 653  6.2119637e+00 1.71e-06 2.02e+00  -2.4 7.56e-03    -  1.00e+00 1.00e+00h  1
 654  6.2120323e+00 2.43e-06 3.02e+00  -2.4 8.76e-03    -  1.00e+00 1.00e+00h  1
 655  6.2118557e+00 1.68e-07 1.54e+01  -2.4 3.61e-02    -  1.00e+00 1.00e+00H  1
 656  6.2117550e+00 2.16e-06 1.61e+01  -2.4 1.43e-01    -  1.00e+00 6.25e-02h  5
 657  6.2115582e+00 4.88e-08 1.33e+01  -2.4 2.54e-02    -  1.00e+00 1.00e+00H  1
 658  6.2116021e+00 1.79e-06 9.63e+00  -2.4 3.29e-02    -  1.00e+00 2.50e-01h  3
 659  6.2115118e+00 5.35e-07 5.20e+00  -2.4 1.33e-02    -  1.00e+00 1.00e+00H  1
iter    objective    inf_pr   inf_du lg(mu)  ||d||  lg(rg) alpha_du alpha_pr  ls
 660  6.2110706e+00 1.23e-05 1.10e+01  -2.4 2.37e-02    -  1.00e+00 1.00e+00h  1
 661  6.2111328e+00 3.56e-06 7.93e+00  -2.4 1.48e-02    -  1.00e+00 1.00e+00h  1
 662  6.2112561e+00 1.31e-06 2.31e+00  -2.4 5.49e-03    -  1.00e+00 1.00e+00h  1
 663  6.2111806e+00 6.51e-07 1.07e+00  -2.4 2.94e-03    -  1.00e+00 1.00e+00h  1
 664  6.2111325e+00 1.01e-06 8.92e-01  -2.4 3.34e-03    -  1.00e+00 1.00e+00h  1
 665  6.2113061e+00 3.13e-07 2.85e+00  -2.4 7.62e-03    -  1.00e+00 1.00e+00H  1
 666  6.2113887e+00 1.73e-07 8.02e+00  -2.4 1.61e-02    -  1.00e+00 1.00e+00H  1
 667  6.2115704e+00 1.38e-07 1.77e+00  -2.4 1.24e-02    -  1.00e+00 1.00e+00H  1
 668  6.2113898e+00 2.32e-08 1.47e+00  -2.4 5.10e-03    -  1.00e+00 1.00e+00H  1
 669  6.2114682e+00 1.85e-08 5.79e-01  -2.4 4.99e-03    -  1.00e+00 1.00e+00H  1
iter    objective    inf_pr   inf_du lg(mu)  ||d||  lg(rg) alpha_du alpha_pr  ls
 670  6.2114930e+00 6.50e-09 3.51e-01  -2.4 1.81e-03    -  1.00e+00 1.00e+00H  1
 671  6.2114965e+00 3.32e-09 2.74e-01  -2.4 1.11e-03    -  1.00e+00 1.00e+00H  1
 672  6.1015584e+00 6.24e-03 1.01e+02  -3.0 5.15e-01    -  9.96e-01 1.00e+00f  1
 673  6.0272175e+00 6.63e-03 1.20e+02  -3.1 5.04e-01    -  1.00e+00 8.69e-01h  1
 674  5.9316716e+00 2.48e-02 1.01e+02  -3.1 1.29e+00    -  8.26e-01 6.51e-01h  1
 675  5.9120781e+00 1.14e-02 8.27e+01  -3.1 4.29e-01    -  1.00e+00 5.52e-01h  1
 676  5.9053638e+00 3.63e-03 6.64e+01  -3.1 4.77e-01    -  7.70e-01 1.00e+00h  1
 677  5.8952586e+00 1.28e-03 3.99e+01  -4.0 3.13e-01    -  1.00e+00 6.36e-01h  1
 678  5.9346926e+00 1.19e-03 1.14e+02  -3.3 4.51e-01    -  8.34e-01 5.00e-01h  2
 679  5.9401844e+00 9.09e-04 1.81e+02  -3.5 3.57e-01    -  1.00e+00 2.38e-01h  1
iter    objective    inf_pr   inf_du lg(mu)  ||d||  lg(rg) alpha_du alpha_pr  ls
 680  5.9719392e+00 8.81e-04 3.60e+01  -4.0 1.95e-01    -  1.00e+00 1.00e+00h  1
 681  5.9603447e+00 5.42e-04 7.61e+01  -4.0 2.02e-01    -  1.00e+00 6.51e-01h  1
 682  5.9526817e+00 4.61e-04 4.18e+01  -4.0 1.60e-01    -  1.00e+00 5.83e-01h  1
 683  5.9546801e+00 1.96e-04 2.85e+01  -4.0 1.12e-01    -  5.79e-01 5.73e-01h  1
 684  5.9650026e+00 1.22e-04 1.22e+01  -3.7 5.15e-02    -  1.00e+00 1.00e+00h  1
 685  5.9648309e+00 1.39e-05 1.25e+01  -4.0 6.31e-02    -  1.00e+00 1.00e+00H  1
 686  5.9831936e+00 1.01e-03 4.09e+01  -3.3 1.58e-01    -  1.00e+00 1.00e+00f  1
 687  5.9745153e+00 2.45e-04 4.91e+01  -3.4 9.35e-02    -  1.00e+00 1.00e+00h  1
 688  5.9649494e+00 5.63e-04 3.60e+01  -3.4 2.12e-01    -  1.00e+00 1.00e+00h  1
 689  5.9669332e+00 1.48e-04 1.16e+01  -3.4 9.96e-02    -  1.00e+00 1.00e+00h  1
iter    objective    inf_pr   inf_du lg(mu)  ||d||  lg(rg) alpha_du alpha_pr  ls
 690  5.9712846e+00 1.66e-04 9.31e+00  -3.4 8.46e-02    -  1.00e+00 1.00e+00h  1
 691  5.9716991e+00 1.30e-05 2.19e+01  -3.4 5.77e-02    -  1.00e+00 1.00e+00H  1
 692  5.9712994e+00 2.35e-05 5.54e+01  -3.4 1.04e-01    -  1.00e+00 2.50e-01h  3
 693  5.9703660e+00 9.08e-06 2.05e+01  -3.4 7.44e-02    -  1.00e+00 1.00e+00H  1
 694  5.9582072e+00 1.67e-03 5.67e+01  -3.6 4.55e-01    -  1.00e+00 5.73e-01h  1
 695  5.9443781e+00 1.43e-03 1.17e+02  -3.7 2.24e-01    -  1.00e+00 8.05e-01h  1
 696  5.9330094e+00 1.66e-03 1.42e+02  -3.7 3.12e-01    -  1.00e+00 6.77e-01h  1
 697  5.9308939e+00 4.28e-04 3.97e+01  -3.7 1.29e-01    -  7.73e-01 1.00e+00h  1
 698  5.9314600e+00 2.12e-04 1.30e+01  -4.0 7.67e-02    -  1.00e+00 1.00e+00h  1
 699  5.9368970e+00 1.13e-04 8.32e+01  -3.7 8.64e-02    -  1.00e+00 5.00e-01h  2
iter    objective    inf_pr   inf_du lg(mu)  ||d||  lg(rg) alpha_du alpha_pr  ls
 700  5.9450370e+00 5.65e-05 2.32e+01  -4.0 7.28e-02    -  1.00e+00 1.00e+00H  1
 701  5.9369552e+00 2.05e-04 2.89e+01  -4.0 7.80e-02    -  1.00e+00 1.00e+00h  1
 702  5.9345544e+00 8.70e-05 4.64e+01  -4.1 6.12e-02    -  2.86e-01 1.00e+00h  1
 703  5.9377450e+00 3.17e-05 2.56e+00  -4.0 3.99e-02    -  1.00e+00 1.00e+00h  1
 704  5.9402054e+00 4.94e-05 3.74e+00  -4.0 1.51e-02    -  1.00e+00 1.00e+00h  1
 705  5.9405728e+00 2.02e-06 1.78e+01  -4.0 7.26e-02    -  1.00e+00 1.00e+00H  1
 706  5.9378852e+00 1.86e-03 9.24e+01  -4.0 7.94e-01    -  1.00e+00 2.97e-01h  1
 707  5.9354290e+00 1.88e-03 1.23e+02  -4.1 5.48e-01    -  1.00e+00 2.68e-01h  1
 708  5.9286669e+00 1.85e-03 1.28e+02  -4.1 3.82e-01    -  5.93e-01 7.62e-01h  1
 709  5.9226262e+00 5.66e-04 3.65e+01  -4.1 1.64e-01    -  1.00e+00 1.00e+00f  1
iter    objective    inf_pr   inf_du lg(mu)  ||d||  lg(rg) alpha_du alpha_pr  ls
 710  5.9251744e+00 1.04e-03 6.11e+01  -3.8 2.20e-01    -  5.84e-01 1.00e+00h  1
 711  5.9244499e+00 6.08e-04 2.08e+01  -4.0 1.78e-01    -  1.00e+00 1.00e+00h  1
 712  5.9238465e+00 3.83e-04 3.84e+01  -4.0 1.84e-01    -  1.00e+00 3.83e-01h  1
 713  5.9537257e+00 7.97e-04 6.34e+01  -3.2 2.08e-01    -  1.00e+00 1.00e+00f  1
 714  5.9612640e+00 2.78e-04 3.67e+01  -3.3 1.22e-01    -  1.00e+00 1.00e+00h  1
 715  5.9518636e+00 1.28e-04 1.52e+01  -3.3 8.61e-02    -  1.00e+00 1.00e+00h  1
 716  5.9563003e+00 2.55e-05 7.00e+00  -3.3 2.92e-02    -  1.00e+00 1.00e+00h  1
 717  5.9638471e+00 5.05e-06 1.51e+01  -3.3 4.47e-02    -  1.00e+00 1.00e+00H  1
 718  5.9624538e+00 4.31e-05 1.54e+01  -3.3 3.85e-02    -  1.00e+00 1.00e+00h  1
 719  5.9622188e+00 1.83e-05 7.20e+00  -3.3 2.26e-02    -  1.00e+00 1.00e+00h  1
iter    objective    inf_pr   inf_du lg(mu)  ||d||  lg(rg) alpha_du alpha_pr  ls
 720  5.9632623e+00 4.06e-06 1.60e+00  -3.3 2.02e-02    -  1.00e+00 1.00e+00h  1
 721  5.9637494e+00 3.06e-06 1.57e+00  -3.3 8.54e-03    -  1.00e+00 1.00e+00h  1
 722  5.9647814e+00 2.12e-07 1.98e+01  -3.3 6.19e-02    -  1.00e+00 1.00e+00H  1
 723  5.9389000e+00 6.26e-04 4.66e+01  -3.9 1.58e-01    -  1.00e+00 1.00e+00f  1
 724  5.9275424e+00 2.10e-04 6.45e+01  -4.0 7.62e-02    -  1.00e+00 1.00e+00h  1
 725  5.9394363e+00 2.03e-04 6.45e+00  -3.8 7.45e-02    -  1.00e+00 1.00e+00h  1
 726  5.9386862e+00 1.42e-04 5.83e+01  -3.9 1.10e-01    -  1.00e+00 3.44e-01h  1
 727  5.9385798e+00 1.97e-05 6.43e+00  -3.9 3.51e-02    -  1.00e+00 1.00e+00f  1
 728  5.9374038e+00 1.57e-06 6.05e+00  -4.0 2.09e-02    -  1.00e+00 1.00e+00H  1
 729  5.9372867e+00 9.80e-07 1.39e+01  -4.0 4.89e-02    -  1.00e+00 1.00e+00H  1
iter    objective    inf_pr   inf_du lg(mu)  ||d||  lg(rg) alpha_du alpha_pr  ls
 730  5.9359700e+00 1.75e-05 1.52e+01  -4.0 2.65e-02    -  1.00e+00 1.00e+00h  1
 731  5.9367296e+00 2.30e-06 3.15e+00  -4.0 2.49e-02    -  1.00e+00 1.00e+00H  1
 732  5.9363039e+00 6.53e-06 4.98e+00  -4.0 1.94e-02    -  1.00e+00 1.00e+00h  1
 733  5.9365156e+00 3.55e-06 7.79e-01  -4.0 1.27e-02    -  1.00e+00 1.00e+00h  1
 734  5.9366049e+00 7.15e-07 8.69e-01  -4.0 5.00e-03    -  1.00e+00 1.00e+00h  1
 735  5.9354813e+00 9.10e-04 4.21e+01  -4.0 2.69e-01    -  1.00e+00 6.84e-01h  1
 736  5.9302903e+00 6.84e-05 3.94e+01  -4.1 5.81e-02    -  1.00e+00 1.00e+00h  1
 737  5.9332112e+00 7.11e-05 1.70e+01  -3.8 6.72e-02    -  1.00e+00 7.85e-01h  1
 738  5.9352126e+00 3.54e-05 9.32e+00  -4.0 3.90e-02    -  1.00e+00 1.00e+00h  1
 739  5.9348155e+00 6.64e-05 1.51e+01  -4.0 4.72e-02    -  1.00e+00 1.00e+00h  1
iter    objective    inf_pr   inf_du lg(mu)  ||d||  lg(rg) alpha_du alpha_pr  ls
 740  5.9311745e+00 2.60e-03 7.80e+01  -4.1 3.23e-01    -  1.00e+00 1.00e+00h  1
 741  5.9262952e+00 2.37e-04 7.71e+01  -4.1 1.34e-01    -  9.82e-01 9.30e-01h  1
 742  5.9269739e+00 2.13e-04 6.78e+01  -4.0 1.50e-01    -  5.02e-01 1.25e-01f  4
 743  5.9362672e+00 1.16e-04 2.19e+01  -4.0 2.02e-01    -  1.00e+00 1.00e+00H  1
 744  5.9300431e+00 3.54e-04 2.94e+01  -4.1 1.93e-01    -  6.01e-01 4.77e-01h  1
 745  5.9288697e+00 7.21e-05 7.04e+00  -4.1 5.35e-02    -  1.00e+00 1.00e+00f  1
 746  5.9315912e+00 2.99e-05 9.03e+00  -4.0 3.97e-02    -  1.00e+00 1.00e+00h  1
 747  5.9335806e+00 1.01e-05 3.27e+00  -4.0 2.02e-02    -  1.00e+00 1.00e+00h  1
 748  5.9340578e+00 7.17e-06 3.30e+00  -4.0 1.94e-02    -  1.00e+00 1.00e+00h  1
 749  5.9342926e+00 3.39e-07 6.06e+00  -4.0 2.97e-02    -  1.00e+00 1.00e+00H  1
iter    objective    inf_pr   inf_du lg(mu)  ||d||  lg(rg) alpha_du alpha_pr  ls
 750  5.9336661e+00 3.59e-04 3.79e+01  -4.0 1.22e-01    -  1.00e+00 1.00e+00h  1
 751  5.9307967e+00 1.35e-04 1.45e+01  -4.1 6.18e-02    -  1.00e+00 1.00e+00h  1
 752  5.9322094e+00 1.31e-05 7.96e+00  -4.1 2.15e-02    -  1.00e+00 1.00e+00h  1
 753  5.9341251e+00 3.21e-06 1.47e+01  -4.0 2.65e-02    -  1.00e+00 1.00e+00H  1
 754  5.9335872e+00 7.82e-06 9.43e+00  -4.0 1.73e-02    -  1.00e+00 1.00e+00h  1
 755  5.9339041e+00 2.55e-06 7.45e+00  -4.0 2.68e-02    -  1.00e+00 1.00e+00H  1
 756  5.9338622e+00 1.24e-05 1.22e+01  -4.0 2.02e-02    -  1.00e+00 1.00e+00h  1
 757  5.9323479e+00 8.39e-05 2.56e+01  -4.1 5.57e-02    -  1.00e+00 1.00e+00h  1
 758  5.9323052e+00 1.76e-05 1.77e+01  -4.1 2.45e-02    -  1.00e+00 1.00e+00h  1
 759  5.9324486e+00 1.72e-05 8.44e+00  -4.1 2.81e-02    -  1.00e+00 1.00e+00h  1
iter    objective    inf_pr   inf_du lg(mu)  ||d||  lg(rg) alpha_du alpha_pr  ls
 760  5.9326653e+00 5.81e-06 2.16e+00  -4.0 2.23e-02    -  1.00e+00 1.00e+00h  1
 761  5.9334655e+00 7.36e-07 2.54e+00  -4.0 1.57e-02    -  1.00e+00 1.00e+00H  1
 762  5.9336711e+00 6.06e-07 2.80e+01  -4.0 8.58e-02    -  1.00e+00 1.00e+00H  1
 763  5.9327608e+00 7.45e-04 8.55e+01  -4.0 2.07e-01    -  1.00e+00 1.00e+00h  1
 764  5.9267097e+00 3.47e-04 3.35e+01  -4.1 1.39e-01    -  1.00e+00 1.00e+00h  1
 765  5.9298683e+00 8.33e-05 1.57e+01  -4.1 4.82e-02    -  1.00e+00 1.00e+00h  1
 766  5.9305514e+00 5.20e-05 6.40e+00  -4.1 3.72e-02    -  1.00e+00 1.00e+00h  1
 767  5.9319603e+00 6.27e-05 1.15e+01  -4.0 4.95e-02    -  1.00e+00 1.00e+00h  1
 768  5.9317157e+00 1.65e-05 6.23e+00  -4.1 3.45e-02    -  1.00e+00 1.00e+00h  1
 769  5.9328547e+00 1.89e-06 2.79e+00  -4.0 6.59e-03    -  1.00e+00 1.00e+00h  1
iter    objective    inf_pr   inf_du lg(mu)  ||d||  lg(rg) alpha_du alpha_pr  ls
 770  5.9334566e+00 8.11e-07 2.27e+00  -4.0 4.95e-03    -  1.00e+00 1.00e+00h  1
 771  5.9322898e+00 1.47e-06 1.80e+00  -4.1 7.84e-03    -  1.00e+00 1.00e+00h  1
 772  5.9333558e+00 2.33e-06 1.81e+00  -4.0 8.73e-03    -  1.00e+00 1.00e+00h  1
 773  5.9321092e+00 1.44e-06 2.41e+00  -4.1 7.94e-03    -  1.00e+00 1.00e+00h  1
 774  5.9333094e+00 3.02e-06 2.33e+00  -4.0 6.84e-03    -  1.00e+00 1.00e+00h  1
 775  5.9319918e+00 1.81e-06 1.90e+00  -4.1 1.08e-02    -  1.00e+00 1.00e+00h  1
 776  5.9332935e+00 2.60e-07 2.72e+00  -4.0 1.15e-02    -  1.00e+00 1.00e+00H  1
 777  5.9332579e+00 3.02e-05 1.37e+01  -4.0 3.28e-02    -  1.00e+00 1.00e+00h  1
 778  5.9316197e+00 8.60e-06 7.23e+00  -4.1 1.68e-02    -  1.00e+00 1.00e+00h  1
 779  5.9332846e+00 3.77e-06 3.27e+00  -4.0 1.18e-02    -  1.00e+00 1.00e+00h  1
iter    objective    inf_pr   inf_du lg(mu)  ||d||  lg(rg) alpha_du alpha_pr  ls
 780  5.9318729e+00 2.41e-06 1.37e+00  -4.1 1.04e-02    -  1.00e+00 1.00e+00h  1
 781  5.9332626e+00 1.23e-07 4.02e+00  -4.0 1.52e-02    -  1.00e+00 1.00e+00H  1
 782  5.9332871e+00 4.32e-05 1.91e+01  -4.0 4.05e-02    -  1.00e+00 1.00e+00h  1
 783  5.9318070e+00 1.64e-05 8.83e+00  -4.1 2.13e-02    -  1.00e+00 1.00e+00h  1
 784  5.9319514e+00 8.06e-06 3.46e+00  -4.1 2.35e-02    -  1.00e+00 1.00e+00h  1
 785  5.9318126e+00 5.33e-06 6.08e-01  -4.1 1.50e-02    -  1.00e+00 1.00e+00h  1
 786  5.9332437e+00 9.89e-08 3.26e+00  -4.0 1.87e-02    -  1.00e+00 1.00e+00H  1
 787  5.9332913e+00 7.65e-05 2.64e+01  -4.0 6.12e-02    -  1.00e+00 1.00e+00h  1
 788  5.9317942e+00 6.16e-04 8.50e+01  -4.1 1.77e-01    -  1.00e+00 1.00e+00h  1
 789  5.9309204e+00 1.07e-04 4.55e+01  -4.1 5.49e-02    -  1.00e+00 1.00e+00h  1
iter    objective    inf_pr   inf_du lg(mu)  ||d||  lg(rg) alpha_du alpha_pr  ls
 790  5.9309424e+00 3.79e-05 1.28e+01  -4.1 3.77e-02    -  1.00e+00 1.00e+00h  1
 791  5.9319874e+00 4.00e-05 8.94e+00  -4.0 2.99e-02    -  1.00e+00 1.00e+00h  1
 792  5.9312065e+00 3.82e-06 3.26e+00  -4.1 1.09e-02    -  1.00e+00 1.00e+00h  1
 793  5.9331844e+00 1.72e-06 1.79e+01  -4.0 4.34e-02    -  1.00e+00 1.00e+00H  1
 794  5.9331498e+00 5.41e-05 2.00e+01  -4.0 5.66e-02    -  1.00e+00 1.00e+00h  1
 795  5.9286600e+00 1.97e-04 9.37e+00  -4.1 9.60e-02    -  1.00e+00 1.00e+00h  1
 796  5.9311714e+00 7.61e-05 1.22e+01  -4.1 4.75e-02    -  1.00e+00 1.00e+00h  1
 797  5.9312252e+00 1.17e-05 1.01e+01  -4.1 2.14e-02    -  1.00e+00 1.00e+00h  1
 798  5.9318558e+00 5.98e-06 6.45e+00  -4.1 1.97e-02    -  1.00e+00 1.00e+00H  1
 799  5.9331555e+00 6.97e-05 1.49e+01  -4.0 4.84e-02    -  1.00e+00 1.00e+00h  1
iter    objective    inf_pr   inf_du lg(mu)  ||d||  lg(rg) alpha_du alpha_pr  ls
 800  5.9315706e+00 2.67e-05 3.23e+00  -4.1 4.09e-02    -  1.00e+00 1.00e+00h  1
 801  5.9313391e+00 4.31e-05 2.03e+01  -4.1 3.82e-02    -  1.00e+00 1.00e+00h  1
 802  5.9305162e+00 2.39e-05 4.04e+00  -4.1 3.09e-02    -  1.00e+00 1.00e+00h  1
 803  5.9322108e+00 1.99e-05 3.41e+00  -4.0 2.47e-02    -  1.00e+00 1.00e+00h  1
 804  5.9320330e+00 6.28e-06 7.67e+00  -4.1 1.43e-02    -  1.00e+00 1.00e+00h  1
 805  5.9316551e+00 3.25e-06 2.70e+00  -4.1 1.04e-02    -  1.00e+00 1.00e+00h  1
 806  5.9329889e+00 3.22e-05 4.36e+00  -4.0 2.00e-02    -  1.00e+00 1.00e+00h  1
 807  5.9318041e+00 2.13e-05 1.52e+00  -4.1 1.39e-02    -  1.00e+00 1.00e+00h  1
 808  5.9317332e+00 4.57e-06 2.48e+00  -4.1 7.73e-03    -  1.00e+00 1.00e+00h  1
 809  5.9328821e+00 1.84e-05 2.52e+00  -4.0 1.20e-02    -  1.00e+00 1.00e+00h  1
iter    objective    inf_pr   inf_du lg(mu)  ||d||  lg(rg) alpha_du alpha_pr  ls
 810  5.9317525e+00 1.43e-05 2.56e+00  -4.1 1.08e-02    -  1.00e+00 1.00e+00h  1
 811  5.9316908e+00 2.71e-06 1.79e+00  -4.1 6.06e-03    -  1.00e+00 1.00e+00h  1
 812  5.9330012e+00 2.54e-06 2.34e+00  -4.0 1.37e-02    -  1.00e+00 1.00e+00H  1
 813  5.9329375e+00 2.24e-05 3.01e+00  -4.0 1.06e-02    -  1.00e+00 1.00e+00h  1
 814  5.9316769e+00 4.78e-05 4.39e-01  -4.1 1.42e-02    -  1.00e+00 1.00e+00h  1
 815  5.9317711e+00 2.35e-07 4.79e-01  -4.1 2.21e-03    -  1.00e+00 1.00e+00h  1
 816  5.9329610e+00 3.21e-05 1.34e+00  -4.0 1.11e-02    -  1.00e+00 1.00e+00h  1
 817  5.9317557e+00 3.03e-05 3.29e+00  -4.1 1.22e-02    -  1.00e+00 1.00e+00h  1
 818  5.9316712e+00 2.30e-06 3.30e+00  -4.1 5.59e-03    -  1.00e+00 1.00e+00h  1
 819  5.9328896e+00 3.02e-05 9.77e-01  -4.0 9.52e-03    -  1.00e+00 1.00e+00h  1
iter    objective    inf_pr   inf_du lg(mu)  ||d||  lg(rg) alpha_du alpha_pr  ls
 820  5.9317438e+00 3.08e-05 1.91e+00  -4.1 8.65e-03    -  1.00e+00 1.00e+00h  1
 821  5.9316665e+00 1.35e-05 6.80e+00  -4.1 2.39e-02    -  1.00e+00 1.00e+00h  1
 822  5.9316338e+00 2.76e-06 4.21e+00  -4.1 9.24e-03    -  1.00e+00 1.00e+00h  1
 823  5.9328560e+00 2.33e-05 2.82e+00  -4.0 1.17e-02    -  1.00e+00 1.00e+00h  1
 824  5.9316713e+00 2.48e-05 1.09e+00  -4.1 1.25e-02    -  1.00e+00 1.00e+00h  1
 825  5.9315339e+00 1.74e-05 8.16e+00  -4.1 2.23e-02    -  1.00e+00 1.00e+00h  1
 826  5.9314664e+00 1.09e-05 2.31e+00  -4.1 1.78e-02    -  1.00e+00 1.00e+00h  1
 827  5.9316058e+00 3.72e-08 2.94e-01  -4.1 1.17e-03    -  1.00e+00 1.00e+00h  1
 828  5.9329270e+00 2.61e-05 1.50e+00  -4.0 7.84e-03    -  1.00e+00 1.00e+00h  1
 829  5.9316396e+00 2.86e-05 3.46e+00  -4.1 1.84e-02    -  1.00e+00 1.00e+00h  1
iter    objective    inf_pr   inf_du lg(mu)  ||d||  lg(rg) alpha_du alpha_pr  ls
 830  5.9315454e+00 2.15e-06 4.83e+00  -4.1 9.11e-03    -  1.00e+00 1.00e+00h  1
 831  5.9329521e+00 3.60e-05 1.72e+00  -4.0 1.03e-02    -  1.00e+00 1.00e+00h  1
 832  5.9314747e+00 3.63e-05 3.67e+00  -4.1 1.37e-02    -  1.00e+00 1.00e+00h  1
 833  5.9315996e+00 1.68e-06 1.87e+00  -4.1 7.64e-03    -  1.00e+00 1.00e+00h  1
 834  5.9316292e+00 6.01e-07 9.79e-01  -4.1 2.63e-03    -  1.00e+00 1.00e+00h  1
 835  5.9316380e+00 8.74e-08 2.17e-01  -4.1 1.50e-03    -  1.00e+00 1.00e+00h  1
 836  5.9316350e+00 1.98e-07 7.26e-02  -4.1 3.83e-04    -  1.00e+00 1.00e+00h  1
 837  5.9316304e+00 3.54e-08 5.83e-01  -4.1 2.25e-03    -  1.00e+00 1.00e+00H  1
 838  5.9316310e+00 1.06e-08 2.00e+00  -4.1 6.78e-03    -  1.00e+00 1.00e+00H  1
 839  5.9316584e+00 3.92e-09 2.98e+00  -4.1 5.02e-03    -  1.00e+00 1.00e+00H  1
iter    objective    inf_pr   inf_du lg(mu)  ||d||  lg(rg) alpha_du alpha_pr  ls
 840  5.9316274e+00 1.51e-08 5.47e-01  -4.1 5.06e-03    -  1.00e+00 1.00e+00H  1
 841  5.9327484e+00 7.25e-06 3.26e+00  -4.0 1.43e-02    -  1.00e+00 1.00e+00h  1
 842  5.9315793e+00 6.21e-06 1.28e+00  -4.1 1.66e-02    -  1.00e+00 1.00e+00h  1
 843  5.9316823e+00 3.46e-06 3.75e+00  -4.1 1.19e-02    -  1.00e+00 1.00e+00H  1
 844  5.9316267e+00 8.27e-07 1.45e+00  -4.1 8.47e-03    -  1.00e+00 1.00e+00H  1
 845  5.9316295e+00 2.73e-06 1.38e+00  -4.1 5.79e-03    -  1.00e+00 1.00e+00h  1
 846  5.9316226e+00 2.22e-06 1.72e-01  -4.1 4.32e-03    -  1.00e+00 1.00e+00h  1
 847  5.9316370e+00 6.30e-08 1.84e-01  -4.1 3.24e-04    -  1.00e+00 1.00e+00h  1
 848  5.9316502e+00 5.80e-08 2.83e-01  -4.1 8.09e-04    -  1.00e+00 1.00e+00H  1
 849  5.9316779e+00 1.33e-08 2.34e+00  -4.1 7.28e-03    -  1.00e+00 1.00e+00H  1
iter    objective    inf_pr   inf_du lg(mu)  ||d||  lg(rg) alpha_du alpha_pr  ls
 850  5.9316689e+00 2.73e-08 2.19e+00  -4.1 2.33e-03    -  1.00e+00 1.00e+00H  1
 851  5.9316647e+00 3.27e-08 2.46e-01  -4.1 1.22e-03    -  1.00e+00 1.00e+00H  1
 852  5.9316715e+00 9.07e-09 2.86e-01  -4.1 1.00e-03    -  1.00e+00 1.00e+00H  1
 853  5.9316714e+00 2.81e-08 9.87e-01  -4.1 1.37e-03    -  1.00e+00 1.56e-02h  7
 854  5.9316755e+00 3.31e-09 1.20e+00  -4.1 5.06e-03    -  1.00e+00 1.00e+00H  1
 855  5.9316840e+00 3.02e-09 3.22e+00  -4.1 7.55e-03    -  1.00e+00 1.00e+00H  1
 856  5.9316840e+00 3.05e-09 3.22e+00  -4.1 3.69e-03    -  1.00e+00 1.53e-05h 17
 857  5.9316840e+00 3.07e-09 3.22e+00  -4.1 4.95e-03    -  1.00e+00 1.91e-06h 20
 858  5.9316840e+00 3.08e-09 3.22e+00  -4.1 6.31e-03    -  1.00e+00 3.81e-06h 19
 859  5.9316840e+00 3.08e-09 3.22e+00  -4.1 2.55e-03    -  1.00e+00 4.77e-07h 22
iter    objective    inf_pr   inf_du lg(mu)  ||d||  lg(rg) alpha_du alpha_pr  ls
 860  5.9308380e+00 1.27e-04 2.34e+01  -4.1 6.49e-02    -  1.00e+00 1.00e+00f  1
 861  5.9295323e+00 8.14e-05 3.91e+00  -4.1 4.99e-02    -  1.00e+00 1.00e+00h  1
 862  5.9308734e+00 3.75e-05 4.75e+00  -4.0 2.51e-02    -  1.00e+00 1.00e+00h  1
 863  5.9307000e+00 4.05e-05 2.04e+00  -4.1 1.33e-02    -  1.00e+00 1.00e+00h  1
 864  5.9320822e+00 3.60e-06 1.12e+00  -4.0 7.66e-03    -  1.00e+00 1.00e+00h  1
 865  5.9319461e+00 3.71e-06 1.46e+00  -4.1 6.06e-03    -  1.00e+00 1.00e+00H  1
 866  5.9317109e+00 1.69e-06 1.33e+00  -4.1 4.61e-03    -  1.00e+00 1.00e+00H  1
 867  5.9317077e+00 6.95e-07 3.47e-01  -4.1 3.27e-03    -  1.00e+00 1.00e+00H  1
 868  5.9317012e+00 2.22e-07 8.76e-02  -4.1 3.14e-04    -  1.00e+00 1.00e+00H  1
 869  5.9316780e+00 1.78e-06 2.40e-01  -4.1 8.44e-04    -  1.00e+00 1.00e+00h  1
iter    objective    inf_pr   inf_du lg(mu)  ||d||  lg(rg) alpha_du alpha_pr  ls
 870  5.9316789e+00 1.66e-06 8.68e-01  -4.1 3.73e-04    -  1.00e+00 2.50e-01h  3
 871  5.9316763e+00 4.50e-08 2.47e-01  -4.1 8.24e-04    -  1.00e+00 1.00e+00H  1
 872  5.9316591e+00 1.01e-06 9.37e-01  -4.1 2.21e-03    -  1.00e+00 1.00e+00h  1
 873  5.9316718e+00 4.79e-07 7.18e-01  -4.1 7.72e-04    -  1.00e+00 5.00e-01h  2
 874  5.9316727e+00 4.54e-07 7.37e-01  -4.1 5.06e-04    -  1.00e+00 1.25e-01h  4
 875  5.9316782e+00 2.24e-08 1.51e-01  -4.1 6.52e-04    -  1.00e+00 1.00e+00H  1
 876  5.9316761e+00 3.76e-08 2.39e-01  -4.1 7.56e-04    -  1.00e+00 1.00e+00H  1
 877  5.9317680e+00 1.58e-09 1.56e+01  -4.1 4.92e-02    -  1.00e+00 1.00e+00H  1
 878  5.9316495e+00 2.46e-06 1.73e+01  -4.1 8.67e-03    -  1.00e+00 1.00e+00h  1
 879  5.9316441e+00 5.11e-06 1.18e+01  -4.1 2.85e-02    -  1.00e+00 2.50e-01h  3
iter    objective    inf_pr   inf_du lg(mu)  ||d||  lg(rg) alpha_du alpha_pr  ls
 880  5.9316531e+00 3.34e-06 1.02e+01  -4.1 8.26e-03    -  1.00e+00 2.50e-01h  3
 881  5.9317065e+00 1.50e-08 8.33e-01  -4.1 5.57e-03    -  1.00e+00 1.00e+00H  1
 882  5.9317056e+00 8.79e-09 5.01e+00  -4.1 1.46e-02    -  1.00e+00 1.00e+00H  1
 883  5.9317362e+00 7.54e-09 8.13e+00  -4.1 1.64e-02    -  1.00e+00 1.00e+00H  1
 884  5.9317304e+00 1.30e-09 8.39e+00  -4.1 5.94e-03    -  1.00e+00 1.00e+00H  1
 885  5.9316440e+00 3.29e-06 9.66e-01  -4.1 1.02e-02    -  1.00e+00 1.00e+00h  1
 886  5.9317160e+00 3.71e-09 2.10e+00  -4.1 8.32e-03    -  1.00e+00 1.00e+00H  1
 887  5.9317045e+00 6.40e-09 1.22e+00  -4.1 1.87e-03    -  1.00e+00 1.00e+00H  1
 888  5.9317023e+00 1.13e-08 1.92e-01  -4.1 1.15e-03    -  1.00e+00 1.00e+00H  1
 889  5.9317020e+00 4.98e-09 2.16e-01  -4.1 9.02e-04    -  1.00e+00 1.00e+00H  1
iter    objective    inf_pr   inf_du lg(mu)  ||d||  lg(rg) alpha_du alpha_pr  ls
 890  5.9316997e+00 4.29e-09 3.26e-01  -4.1 1.03e-03    -  1.00e+00 1.00e+00H  1
 891  5.9316945e+00 1.04e-08 1.01e+00  -4.1 2.62e-03    -  1.00e+00 1.00e+00H  1
 892  5.9316894e+00 8.43e-09 1.79e+00  -4.1 4.16e-03    -  1.00e+00 1.00e+00H  1
 893  5.9316876e+00 1.10e-08 1.42e+00  -4.1 1.50e-03    -  1.00e+00 1.00e+00H  1
 894  5.9316776e+00 8.15e-09 1.53e-01  -4.1 1.18e-03    -  1.00e+00 1.00e+00H  1
 895  5.9316876e+00 4.25e-09 3.40e-01  -4.1 1.16e-03    -  1.00e+00 1.00e+00H  1
 896  5.9316883e+00 1.51e-08 1.16e-01  -4.1 3.38e-04    -  1.00e+00 1.00e+00H  1
 897  5.9316889e+00 1.17e-09 3.47e-02  -4.1 2.49e-04    -  1.00e+00 1.00e+00H  1
 898  5.9329429e+00 2.25e-05 8.39e+00  -4.0 2.73e-02    -  1.00e+00 1.00e+00f  1
 899  5.9316678e+00 1.52e-05 3.29e-01  -4.1 2.75e-02    -  1.00e+00 1.00e+00h  1
iter    objective    inf_pr   inf_du lg(mu)  ||d||  lg(rg) alpha_du alpha_pr  ls
 900  5.9316096e+00 3.75e-05 1.33e+01  -4.1 2.67e-02    -  1.00e+00 1.00e+00h  1
 901  5.9309893e+00 2.62e-05 1.32e+00  -4.1 2.35e-02    -  1.00e+00 1.00e+00h  1
 902  5.9327915e+00 1.51e-06 4.12e+00  -4.0 2.59e-02    -  1.00e+00 1.00e+00H  1
 903  5.9317098e+00 3.82e-07 3.15e+00  -4.1 2.80e-02    -  1.00e+00 1.00e+00H  1
 904  5.9311649e+00 3.19e-05 1.14e+01  -4.1 3.87e-02    -  1.00e+00 1.00e+00h  1
 905  5.9309399e+00 2.36e-05 8.22e-01  -4.1 3.23e-02    -  1.00e+00 1.00e+00h  1
 906  5.9322237e+00 1.58e-05 3.85e+00  -4.0 2.12e-02    -  1.00e+00 1.00e+00h  1
 907  5.9316839e+00 1.36e-05 2.75e+00  -4.1 2.04e-02    -  1.00e+00 1.00e+00h  1
 908  5.9316381e+00 2.71e-06 3.85e+00  -4.1 1.00e-02    -  1.00e+00 1.00e+00h  1
 909  5.9316053e+00 4.13e-06 1.07e+00  -4.1 5.38e-03    -  1.00e+00 1.00e+00h  1
iter    objective    inf_pr   inf_du lg(mu)  ||d||  lg(rg) alpha_du alpha_pr  ls
 910  5.9316989e+00 3.27e-07 4.85e-01  -4.1 1.80e-03    -  1.00e+00 1.00e+00h  1
 911  5.9317048e+00 2.13e-07 1.07e-01  -4.1 7.24e-04    -  1.00e+00 1.00e+00h  1
 912  5.9316993e+00 4.60e-08 5.33e-02  -4.1 2.63e-04    -  1.00e+00 1.00e+00H  1
 913  5.9316851e+00 3.05e-08 2.82e-01  -4.1 1.16e-03    -  1.00e+00 1.00e+00H  1
 914  5.9316809e+00 6.80e-09 5.16e-01  -4.1 1.74e-03    -  1.00e+00 1.00e+00H  1
 915  5.9316755e+00 1.27e-06 9.28e-02  -4.1 1.31e-03    -  1.00e+00 1.00e+00h  1
 916  5.9316772e+00 8.13e-08 8.42e-02  -4.1 3.17e-04    -  1.00e+00 1.00e+00h  1
 917  5.9316744e+00 4.27e-08 2.65e-02  -4.1 1.81e-04    -  1.00e+00 1.00e+00h  1
 918  5.9316745e+00 3.46e-09 9.08e-03  -4.1 4.66e-05    -  1.00e+00 1.00e+00h  1
 919  5.9328221e+00 2.90e-06 1.82e+00  -4.0 5.50e-03    -  1.00e+00 1.00e+00h  1
iter    objective    inf_pr   inf_du lg(mu)  ||d||  lg(rg) alpha_du alpha_pr  ls
 920  5.9316807e+00 1.82e-06 3.69e-01  -4.1 6.33e-03    -  1.00e+00 1.00e+00h  1
 921  5.9316602e+00 4.90e-06 3.59e+00  -4.1 1.17e-02    -  1.00e+00 1.00e+00h  1
 922  5.9315967e+00 6.22e-06 1.22e-01  -4.1 1.12e-02    -  1.00e+00 1.00e+00h  1
 923  5.9316391e+00 3.73e-08 7.85e-02  -4.1 2.17e-04    -  1.00e+00 1.00e+00h  1
 924  5.9316806e+00 8.14e-09 1.01e-01  -4.1 2.82e-04    -  1.00e+00 1.00e+00H  1
 925  5.9316813e+00 3.47e-09 7.55e-02  -4.1 1.95e-04    -  1.00e+00 1.00e+00H  1
 926  5.9316811e+00 3.00e-10 4.15e-02  -4.1 1.67e-04    -  1.00e+00 1.00e+00H  1
 927  5.9316832e+00 2.30e-08 3.21e-02  -4.1 1.01e-04    -  1.00e+00 1.00e+00s 22
 928  5.9316827e+00 1.52e-08 1.09e-02  -4.1 5.37e-05    -  1.00e+00 1.00e+00s 22
 929  5.9316822e+00 3.01e-08 5.63e-03  -4.1 2.98e-05    -  1.00e+00 1.00e+00s 22
iter    objective    inf_pr   inf_du lg(mu)  ||d||  lg(rg) alpha_du alpha_pr  ls
 930r 5.9316822e+00 3.01e-08 8.89e+02  -4.1 0.00e+00    -  0.00e+00 0.00e+00R  1
 931r 5.9328094e+00 1.51e-06 2.45e-01  -4.0 4.57e-03    -  1.00e+00 1.00e+00f  1
 932r 5.9388233e+00 2.66e-05 3.08e+01  -4.1 2.68e-02    -  8.51e-01 1.00e+00f  1
 933r 5.9839363e+00 9.12e-04 1.73e+01  -4.0 1.88e-01    -  4.37e-01 1.00e+00h  1
 934r 5.9901164e+00 1.72e-04 5.01e-01  -4.1 8.26e-02    -  1.00e+00 1.00e+00h  1
 935r 6.0078198e+00 2.05e-04 4.49e-01  -4.0 7.43e-02    -  1.00e+00 1.00e+00h  1
 936r 5.9993069e+00 4.57e-05 1.91e-01  -4.1 4.02e-02    -  1.00e+00 1.00e+00h  1
 937r 6.0041182e+00 2.54e-05 2.17e-01  -4.1 2.81e-02    -  1.00e+00 1.00e+00h  1
 938r 6.0062980e+00 5.07e-06 9.73e-02  -4.1 1.32e-02    -  1.00e+00 1.00e+00h  1
 939r 6.0066425e+00 1.46e-06 5.56e-02  -4.1 6.84e-03    -  1.00e+00 1.00e+00h  1
iter    objective    inf_pr   inf_du lg(mu)  ||d||  lg(rg) alpha_du alpha_pr  ls
 940r 6.0065601e+00 2.41e-07 1.40e-02  -4.1 2.54e-03    -  1.00e+00 1.00e+00h  1
 941r 6.0066543e+00 2.43e-07 1.35e-02  -4.1 2.77e-03    -  1.00e+00 1.00e+00h  1
 942r 6.0065536e+00 1.48e-07 6.49e-03  -4.1 1.19e-03    -  1.00e+00 1.00e+00h  1
 943r 6.0065794e+00 7.63e-08 8.61e-03  -4.1 1.48e-03    -  1.00e+00 1.00e+00h  1
 944r 6.0065696e+00 2.64e-08 2.79e-03  -4.1 8.37e-04    -  1.00e+00 1.00e+00h  1
 945r 5.9937721e+00 7.66e-05 1.32e+00  -6.1 4.99e-02    -  9.29e-01 9.85e-01f  1
 946r 5.9879513e+00 3.30e-05 4.69e-01  -5.5 3.30e-02    -  1.00e+00 7.74e-01h  1
 947r 6.0598009e+00 2.66e-03 3.49e+01  -4.0 1.62e+00    -  1.00e+00 1.91e-01f  1
 948r 6.0175870e+00 1.07e-03 4.17e-01  -4.5 1.88e-01    -  1.00e+00 1.00e+00h  1
 949r 6.0080757e+00 1.46e-04 1.50e-01  -4.5 8.24e-02    -  9.96e-01 1.00e+00h  1
iter    objective    inf_pr   inf_du lg(mu)  ||d||  lg(rg) alpha_du alpha_pr  ls
 950r 5.9945811e+00 9.94e-05 6.90e-02  -4.5 6.56e-02    -  1.00e+00 1.00e+00h  1
 951r 5.9903486e+00 5.58e-05 1.43e-01  -4.5 5.44e-02    -  1.00e+00 1.00e+00h  1
 952r 5.9901885e+00 5.97e-06 4.65e-02  -4.5 2.12e-02    -  1.00e+00 1.00e+00h  1
 953r 6.0452910e+00 1.80e-03 1.70e+00  -4.0 2.39e-01    -  1.00e+00 1.00e+00f  1
 954r 6.0209177e+00 4.15e-04 4.89e-01  -4.1 1.09e-01    -  1.00e+00 1.00e+00h  1
 955r 6.0130884e+00 7.34e-05 2.08e-01  -4.1 5.38e-02    -  1.00e+00 1.00e+00h  1
 956r 6.0030133e+00 1.65e-04 4.11e-01  -4.1 6.19e-02    -  1.00e+00 1.00e+00h  1
 957r 6.0036864e+00 4.73e-05 1.65e-01  -4.1 4.22e-02    -  1.00e+00 1.00e+00h  1
 958r 6.0056651e+00 1.50e-05 8.14e-02  -4.1 2.11e-02    -  1.00e+00 1.00e+00h  1
 959r 6.0073628e+00 7.12e-06 1.44e-01  -4.1 2.15e-02    -  1.00e+00 1.00e+00h  1
iter    objective    inf_pr   inf_du lg(mu)  ||d||  lg(rg) alpha_du alpha_pr  ls
 960r 6.0063729e+00 1.37e-06 3.95e-02  -4.1 7.67e-03    -  1.00e+00 1.00e+00h  1
 961r 6.0065918e+00 1.60e-07 5.57e-03  -4.1 1.74e-03    -  1.00e+00 1.00e+00h  1
 962r 6.0066959e+00 6.45e-08 4.09e-03  -4.1 1.16e-03    -  1.00e+00 1.00e+00h  1
 963r 5.9842796e+00 3.07e-04 8.70e-01  -6.1 1.01e-01    -  9.43e-01 9.90e-01f  1
 964r 6.2263346e+00 2.23e-02 3.10e+00  -4.0 9.65e-01    -  1.00e+00 1.00e+00f  1
 965r 6.1541159e+00 1.07e-02 1.28e+00  -4.1 4.43e-01    -  1.00e+00 6.16e-01h  1
 966r 6.0937886e+00 1.56e-03 9.00e-01  -4.1 3.06e-01    -  1.00e+00 1.00e+00h  1
 967r 6.0286989e+00 2.14e-03 3.30e-01  -4.1 3.31e-01    -  1.00e+00 1.00e+00h  1
 968r 6.0112592e+00 3.82e-04 2.51e-01  -4.1 1.38e-01    -  1.00e+00 1.00e+00h  1
 969r 5.9966610e+00 1.83e-04 3.65e-01  -4.1 8.43e-02    -  1.00e+00 1.00e+00h  1
iter    objective    inf_pr   inf_du lg(mu)  ||d||  lg(rg) alpha_du alpha_pr  ls
 970r 6.0004021e+00 1.11e-04 3.50e-01  -4.1 5.32e-02    -  1.00e+00 1.00e+00h  1
 971r 6.0055388e+00 2.05e-05 1.38e-01  -4.1 2.91e-02    -  1.00e+00 1.00e+00h  1
 972r 6.0054054e+00 5.89e-06 8.25e-02  -4.1 1.80e-02    -  1.00e+00 1.00e+00h  1
 973r 6.0067627e+00 7.82e-06 7.11e-02  -4.1 1.32e-02    -  1.00e+00 1.00e+00h  1
 974r 6.0072099e+00 2.70e-06 5.63e-02  -4.1 1.03e-02    -  1.00e+00 1.00e+00h  1
 975r 6.0066893e+00 2.64e-07 1.36e-02  -4.1 2.94e-03    -  1.00e+00 1.00e+00h  1
 976r 6.0066566e+00 1.43e-07 9.86e-03  -4.1 1.92e-03    -  1.00e+00 1.00e+00h  1
 977r 6.0067087e+00 1.31e-07 6.20e-03  -4.1 7.97e-04    -  1.00e+00 1.00e+00h  1
 978r 6.0066862e+00 7.51e-08 3.44e-03  -4.1 5.16e-04    -  1.00e+00 1.00e+00h  1
 979r 5.9856278e+00 2.06e-04 9.77e-01  -6.1 8.10e-02    -  9.35e-01 9.91e-01f  1
iter    objective    inf_pr   inf_du lg(mu)  ||d||  lg(rg) alpha_du alpha_pr  ls
 980r 5.9989344e+00 8.31e-05 5.63e-02  -5.0 5.74e-02    -  1.00e+00 1.00e+00f  1
 981r 5.9810780e+00 1.61e-04 2.65e-02  -5.1 9.05e-02    -  1.00e+00 1.00e+00h  1
 982r 5.9738541e+00 6.30e-05 3.48e-02  -5.1 4.00e-02    -  1.00e+00 1.00e+00h  1
 983r 5.9734392e+00 1.11e-05 2.58e-02  -5.1 2.98e-02    -  1.00e+00 1.00e+00h  1
 984r 6.2617825e+00 4.10e-02 1.02e+01  -4.0 1.15e+00    -  1.00e+00 1.00e+00f  1
 985r 6.1261008e+00 7.76e-03 3.10e+00  -4.1 5.20e-01    -  1.00e+00 1.00e+00h  1
 986r 6.0485102e+00 3.44e-03 8.93e-01  -4.1 3.25e-01    -  1.00e+00 1.00e+00h  1
 987r 6.0113022e+00 1.72e-03 3.06e-01  -4.1 2.09e-01    -  1.00e+00 9.06e-01h  1
 988r 5.9989668e+00 4.82e-04 2.83e-01  -4.1 1.27e-01    -  1.00e+00 1.00e+00f  1
 989r 6.0006391e+00 9.63e-05 2.49e-01  -4.1 5.41e-02    -  1.00e+00 1.00e+00h  1
iter    objective    inf_pr   inf_du lg(mu)  ||d||  lg(rg) alpha_du alpha_pr  ls
 990r 6.0047403e+00 1.28e-05 2.18e-01  -4.1 3.03e-02    -  1.00e+00 1.00e+00h  1
 991r 6.0071922e+00 6.58e-06 9.93e-02  -4.1 1.29e-02    -  1.00e+00 1.00e+00h  1
 992r 6.0072461e+00 6.55e-07 4.06e-02  -4.1 5.55e-03    -  1.00e+00 1.00e+00h  1
 993r 6.0075022e+00 6.36e-07 1.98e-02  -4.1 5.47e-03    -  1.00e+00 1.00e+00h  1
 994r 6.0074292e+00 3.78e-07 2.01e-02  -4.1 3.65e-03    -  1.00e+00 1.00e+00h  1
 995r 6.0072991e+00 1.29e-07 1.27e-02  -4.1 1.99e-03    -  1.00e+00 1.00e+00h  1
 996r 6.0072982e+00 6.50e-08 4.65e-03  -4.1 7.05e-04    -  1.00e+00 1.00e+00h  1
 997r 5.9875002e+00 1.73e-04 5.77e-01  -6.1 7.81e-02    -  9.59e-01 9.90e-01f  1
 998r 5.9789187e+00 4.23e-05 2.83e-02  -6.1 4.06e-02    -  1.00e+00 1.00e+00h  1
 999r 6.1408469e+00 1.13e-02 2.45e+01  -4.0 3.71e+00    -  1.00e+00 2.07e-01f  1
iter    objective    inf_pr   inf_du lg(mu)  ||d||  lg(rg) alpha_du alpha_pr  ls
1000r 6.0561687e+00 5.49e-03 6.92e-01  -4.5 3.75e-01    -  1.00e+00 1.00e+00h  1

Number of Iterations....: 1000

                                   (scaled)                 (unscaled)
Objective...............:   6.0561686581031733e+00    6.0561686581031733e+00
Dual infeasibility......:   6.9032187847453652e-01    6.9032187847453652e-01
Constraint violation....:   5.4931689221291435e-03    5.4931689221291435e-03
Variable bound violation:   0.0000000000000000e+00    0.0000000000000000e+00
Complementarity.........:   1.0198648547767013e-04    1.0198648547767013e-04
Overall NLP error.......:   6.9032187847453652e-01    6.9032187847453652e-01


Number of objective function evaluations             = 1855
Number of objective gradient evaluations             = 932
Number of equality constraint evaluations            = 1855
Number of inequality constraint evaluations          = 1855
Number of equality constraint Jacobian evaluations   = 1002
Number of inequality constraint Jacobian evaluations = 1002
Number of Lagrangian Hessian evaluations             = 0
Total seconds in IPOPT                               = 2494.378

EXIT: Maximum Number of Iterations Exceeded.
