This is Ipopt version 3.14.19, running with linear solver MUMPS 5.8.2.

Number of nonzeros in equality constraint Jacobian...:   999237
Number of nonzeros in inequality constraint Jacobian.:     4352
Number of nonzeros in Lagrangian Hessian.............:        0

Total number of variables............................:     3203
                     variables with only lower bounds:        0
                variables with lower and upper bounds:      680
                     variables with only upper bounds:        0
Total number of equality constraints.................:     3078
Total number of inequality constraints...............:      457
        inequality constraints with only lower bounds:        0
   inequality constraints with lower and upper bounds:        0
        inequality constraints with only upper bounds:      457

iter    objective    inf_pr   inf_du lg(mu)  ||d||  lg(rg) alpha_du alpha_pr  ls
   0  3.0993201e-02 4.46e+00 1.00e+00   0.0 0.00e+00    -  0.00e+00 0.00e+00   0
   1  3.0618882e-02 4.43e+00 5.91e+00  -4.0 1.60e+01    -  4.32e-03 5.54e-03h  1
   2  3.0521684e-02 4.42e+00 1.36e+01  -0.7 1.61e+01    -  6.52e-03 1.87e-03h  1
   3  3.0296281e-02 4.41e+00 2.07e+02  -0.2 1.83e+01    -  6.74e-02 3.54e-03h  1
   4  2.8452355e-02 4.27e+00 4.62e+02   1.0 2.49e+01    -  2.43e-02 1.69e-02f  1
   5  2.9596975e-02 4.24e+00 1.16e+03   1.3 2.97e+01    -  1.59e-01 8.12e-03f  1
   6  6.8670852e-02 4.15e+00 2.00e+03   2.0 4.90e+01    -  5.02e-02 3.31e-02f  1
   7  1.9598428e-01 3.93e+00 9.74e+03   2.1 5.17e+01    -  3.70e-01 4.98e-02f  1
   8  1.8357022e+00 3.50e+00 3.91e+04   1.9 4.81e+01    -  3.89e-01 2.43e-01h  1
   9  4.7830294e+00 4.44e+00 6.26e+04   2.3 4.67e+01    -  5.09e-01 2.88e-01h  1
iter    objective    inf_pr   inf_du lg(mu)  ||d||  lg(rg) alpha_du alpha_pr  ls
  10  8.9604722e+00 4.14e+00 5.05e+04   1.8 2.95e+01    -  2.69e-01 3.72e-01h  1
  11  1.7367909e+01 1.95e+00 4.77e+04   0.4 4.31e+01    -  4.80e-01 4.78e-01h  1
  12  2.7097609e+01 2.62e+00 8.74e+04   2.3 6.97e+01    -  3.18e-01 2.70e-01f  1
  13  2.9979492e+01 1.58e+00 9.35e+04   1.9 2.22e+01    -  7.66e-01 3.73e-01h  1
  14  3.1203968e+01 1.48e+00 1.76e+05   2.8 4.26e+01    -  6.50e-01 1.82e-01f  1
  15  3.1852385e+01 9.27e-01 1.30e+05   2.6 1.27e+01    -  8.79e-01 5.16e-01h  1
  16  3.1468181e+01 4.33e-01 1.66e+05   2.2 9.59e+00    -  1.00e+00 7.49e-01h  1
  17  2.8542825e+01 5.27e-01 2.18e+05   1.9 1.34e+01    -  9.36e-01 1.00e+00H  1
  18  2.8169941e+01 1.14e+00 2.27e+05   2.0 1.67e+01    -  6.86e-01 1.00e+00F  1
  19  2.7170408e+01 3.90e-01 1.01e+05   1.4 7.94e+00    -  1.00e+00 1.00e+00h  1
iter    objective    inf_pr   inf_du lg(mu)  ||d||  lg(rg) alpha_du alpha_pr  ls
  20  2.6802979e+01 6.73e-02 2.31e+04   1.5 3.47e+00    -  1.00e+00 1.00e+00f  1
  21  2.6491151e+01 1.79e-02 1.97e+04   0.7 1.29e+00    -  1.00e+00 1.00e+00h  1
  22  2.6399805e+01 1.62e-02 2.46e+04   1.0 3.46e+00    -  1.00e+00 2.50e-01f  3
  23  2.6305906e+01 4.78e-02 2.52e+04   0.9 2.99e+00    -  1.00e+00 5.00e-01f  2
  24  2.6276003e+01 7.80e-03 2.06e+04   0.7 1.94e+00    -  9.94e-01 1.00e+00H  1
  25  2.6390565e+01 3.97e-03 7.17e+03   0.1 1.88e+00    -  8.50e-01 1.00e+00H  1
  26  2.6332607e+01 4.04e-03 2.34e+03  -0.2 4.99e-01    -  1.00e+00 1.00e+00h  1
  27  2.6320477e+01 4.00e-04 1.19e+03  -0.8 1.73e-01    -  1.00e+00 1.00e+00h  1
  28  2.6313556e+01 1.57e-04 1.39e+03  -1.9 1.08e-01    -  1.00e+00 1.00e+00h  1
  29  2.6310348e+01 1.43e-05 1.66e+03  -2.6 1.13e-01    -  1.00e+00 1.00e+00H  1
iter    objective    inf_pr   inf_du lg(mu)  ||d||  lg(rg) alpha_du alpha_pr  ls
  30  2.6302511e+01 1.35e-04 1.96e+03  -1.8 8.84e-02    -  1.00e+00 1.00e+00f  1
  31  2.6306247e+01 6.03e-05 4.99e+02  -2.8 7.64e-02    -  1.00e+00 1.00e+00h  1
  32  2.6304380e+01 1.99e-05 5.42e+02  -3.9 1.14e-02    -  1.00e+00 1.00e+00h  1
  33  2.6287097e+01 1.39e-03 4.02e+03  -2.3 6.31e-02    -  1.00e+00 1.00e+00f  1
  34  2.6276243e+01 1.23e-03 3.46e+03  -2.7 5.38e-02    -  1.00e+00 8.19e-01h  1
  35  2.6247940e+01 3.97e-03 5.93e+03  -2.7 2.08e-01    -  1.00e+00 4.15e-01h  1
  36  2.6240648e+01 2.21e-02 1.04e+04  -1.4 2.11e+00    -  9.44e-01 1.95e-01f  1
  37  2.6197991e+01 1.39e-02 1.00e+04  -1.8 2.81e-01    -  9.17e-01 1.00e+00h  1
  38  2.6322807e+01 3.00e-02 1.02e+04  -0.8 1.10e+00    -  1.00e+00 4.63e-01f  1
  39  2.6315714e+01 1.96e-02 2.49e+04  -0.9 5.97e-01    -  6.53e-01 6.26e-01H  1
iter    objective    inf_pr   inf_du lg(mu)  ||d||  lg(rg) alpha_du alpha_pr  ls
  40  2.6250586e+01 7.44e-03 4.72e+03  -0.9 5.70e-01    -  7.34e-01 1.00e+00f  1
  41  2.6270063e+01 2.28e-03 2.47e+03  -0.9 2.02e-01    -  9.23e-01 1.00e+00h  1
  42  2.6248728e+01 1.33e-03 1.76e+03  -1.5 1.17e-01    -  1.00e+00 1.00e+00h  1
  43  2.6234878e+01 7.02e-04 1.43e+03  -2.0 5.05e-02    -  1.00e+00 1.00e+00h  1
  44  2.6210946e+01 7.58e-04 1.85e+03  -2.7 7.47e-02    -  1.00e+00 1.00e+00h  1
  45  2.6194167e+01 1.11e-03 3.45e+03  -2.4 2.92e-01    -  1.00e+00 1.95e-01h  2
  46  2.6178606e+01 1.23e-03 4.22e+03  -2.6 1.85e-01    -  1.00e+00 2.58e-01h  2
  47  2.6118228e+01 5.51e-03 7.36e+03  -2.8 4.54e-01    -  1.00e+00 3.69e-01h  1
  48  2.6227452e+01 7.28e-02 1.32e+04  -1.2 1.72e+00    -  3.12e-01 3.73e-01f  1
  49  2.6262782e+01 5.09e-02 1.45e+04  -1.8 2.83e+00    -  1.09e-01 1.78e-01h  1
iter    objective    inf_pr   inf_du lg(mu)  ||d||  lg(rg) alpha_du alpha_pr  ls
  50  2.6260781e+01 4.39e-02 1.10e+04  -1.8 8.78e-01    -  5.46e-01 2.23e-01h  1
  51  2.6260493e+01 4.13e-02 1.11e+04  -1.8 1.07e+00    -  4.96e-01 6.10e-02h  1
  52  2.6255734e+01 3.23e-02 9.61e+03  -1.8 6.79e-01    -  2.35e-01 2.26e-01h  1
  53  2.6254980e+01 3.45e-02 1.48e+04  -1.8 2.39e+00    -  2.73e-01 1.62e-01h  1
  54  2.6246888e+01 2.77e-02 1.37e+04  -1.8 1.15e+00    -  2.59e-01 1.49e-01h  1
  55  2.6237109e+01 2.02e-02 1.02e+04  -1.8 7.51e-01    -  1.29e-01 3.07e-01h  1
  56  2.6219314e+01 1.72e-02 4.73e+03  -1.8 5.09e-01    -  8.96e-01 6.12e-01h  1
  57  2.6207305e+01 1.01e-02 4.14e+03  -1.8 3.92e-01    -  1.78e-01 6.03e-01f  1
  58  2.6202108e+01 5.57e-03 2.15e+03  -1.8 1.71e-01    -  6.73e-01 6.40e-01f  1
  59  2.6200738e+01 1.67e-03 1.62e+03  -1.8 8.19e-02    -  9.92e-01 1.00e+00f  1
iter    objective    inf_pr   inf_du lg(mu)  ||d||  lg(rg) alpha_du alpha_pr  ls
  60  2.6186342e+01 7.94e-05 6.23e+02  -2.6 9.11e-02    -  9.03e-01 1.00e+00H  1
  61  2.6167984e+01 9.54e-04 1.26e+03  -2.7 7.24e-02    -  1.00e+00 1.00e+00h  1
  62  2.6156834e+01 2.98e-02 2.40e+03  -1.7 2.63e-01    -  7.60e-01 1.00e+00f  1
  63  2.6125129e+01 1.86e-02 1.09e+03  -1.9 2.72e-01    -  1.00e+00 6.61e-01h  1
  64  2.6107920e+01 7.95e-03 9.91e+02  -1.9 3.70e-01    -  2.22e-01 3.95e-01h  1
  65  2.6094722e+01 4.19e-03 1.14e+03  -2.4 1.18e-01    -  1.00e+00 4.82e-01h  1
  66  2.6067641e+01 1.20e-03 6.27e+02  -3.3 7.73e-02    -  1.00e+00 7.63e-01h  1
  67  2.5983038e+01 1.77e-03 7.91e+02  -2.7 2.29e-01    -  8.98e-01 7.33e-01h  1
  68  2.5881679e+01 2.80e-03 1.62e+03  -2.7 7.64e-01    -  5.73e-01 2.38e-01h  1
  69  2.5466892e+01 2.62e-02 3.51e+03  -1.7 5.53e+00    -  6.28e-01 1.89e-01f  1
iter    objective    inf_pr   inf_du lg(mu)  ||d||  lg(rg) alpha_du alpha_pr  ls
  70  2.5406937e+01 8.27e-03 2.96e+03  -2.1 4.25e-01    -  1.00e+00 6.76e-01h  1
  71  2.5637945e+01 4.73e-03 9.24e+02  -1.7 4.58e-01    -  1.00e+00 1.00e+00f  1
  72  2.5939393e+01 4.10e-02 3.52e+03  -1.4 1.31e+00    -  9.91e-01 1.00e+00f  1
  73  2.5702146e+01 1.03e-02 1.10e+03  -1.5 8.01e-01    -  1.00e+00 1.00e+00h  1
  74  2.5429008e+01 1.56e-02 4.34e+02  -1.5 6.26e-01    -  1.00e+00 1.00e+00h  1
  75  2.4868449e+01 1.47e-02 2.51e+02  -1.6 1.23e+00    -  1.00e+00 1.00e+00h  1
  76  2.2152662e+01 3.54e-01 1.18e+03  -1.4 1.16e+01    -  1.00e+00 5.47e-01f  1
  77  1.9002951e+01 9.59e-01 2.28e+03  -1.0 2.08e+01    -  1.00e+00 4.78e-01f  1
  78  1.7316638e+01 3.79e-01 1.56e+03  -1.2 5.61e+00    -  1.00e+00 1.00e+00h  1
  79  1.7365357e+01 1.01e-01 6.49e+02  -1.4 3.16e+00    -  1.00e+00 1.00e+00h  1
iter    objective    inf_pr   inf_du lg(mu)  ||d||  lg(rg) alpha_du alpha_pr  ls
  80  1.7675613e+01 7.61e-02 1.04e+02  -1.6 2.10e+00    -  1.00e+00 1.00e+00h  1
  81  1.7472244e+01 8.77e-02 2.03e+02  -1.3 2.26e+00    -  1.00e+00 1.00e+00h  1
  82  1.7380079e+01 2.74e-02 1.06e+02  -1.4 1.22e+00    -  1.00e+00 1.00e+00h  1
  83  1.6848471e+01 6.55e-02 1.28e+02  -1.9 1.83e+00    -  1.00e+00 9.77e-01h  1
  84  1.6146279e+01 8.59e-02 1.97e+02  -1.7 2.39e+00    -  1.00e+00 1.00e+00h  1
  85  1.4771000e+01 2.29e-01 1.36e+02  -1.8 4.10e+00    -  1.00e+00 1.00e+00h  1
  86  1.3434314e+01 4.23e-01 1.94e+02  -1.5 1.34e+01    -  1.00e+00 3.93e-01h  1
  87  1.2562998e+01 1.72e-01 1.81e+02  -1.7 4.66e+00    -  1.00e+00 7.89e-01h  1
  88  1.1829934e+01 2.63e-01 9.10e+01  -2.0 4.32e+00    -  1.00e+00 1.00e+00h  1
  89  1.0900578e+01 2.47e-01 6.04e+01  -2.0 4.56e+00    -  1.00e+00 9.43e-01h  1
iter    objective    inf_pr   inf_du lg(mu)  ||d||  lg(rg) alpha_du alpha_pr  ls
  90  1.0510043e+01 1.71e-01 6.27e+01  -2.0 3.66e+00    -  1.00e+00 3.15e-01h  1
  91  1.3943100e+01 9.22e-01 9.42e+01  -1.2 1.48e+01    -  1.00e+00 5.75e-01f  1
  92  1.3827477e+01 6.17e-01 7.11e+01  -1.3 8.19e+00    -  1.00e+00 1.00e+00h  1
  93  1.3296641e+01 2.25e-01 2.74e+01  -1.3 4.17e+00    -  1.00e+00 1.00e+00h  1
  94  1.2509984e+01 1.16e-01 3.77e+01  -1.4 4.37e+00    -  1.00e+00 6.59e-01H  1
  95  1.5351596e+01 3.87e-01 1.21e+02  -1.1 5.94e+00    -  9.77e-01 1.00e+00f  1
  96  1.4246053e+01 2.53e-01 7.46e+01  -1.2 4.57e+00    -  1.00e+00 1.00e+00h  1
  97  1.3985571e+01 7.38e-02 3.22e+01  -1.2 2.43e+00    -  1.00e+00 1.00e+00h  1
  98  1.4069083e+01 3.71e-02 1.00e+02  -1.3 2.37e+00    -  8.86e-01 5.79e-01H  1
  99  1.3162450e+01 6.28e-02 1.73e+02  -1.9 2.65e+00    -  1.00e+00 1.00e+00h  1
iter    objective    inf_pr   inf_du lg(mu)  ||d||  lg(rg) alpha_du alpha_pr  ls
 100  1.1816863e+01 1.40e-01 2.57e+02  -2.0 1.17e+01    -  4.53e-01 2.96e-01h  1
 101  1.0268230e+01 2.98e-01 3.60e+02  -2.0 1.55e+01    -  5.31e-01 3.02e-01h  1
 102  9.9892360e+00 1.96e-01 2.89e+02  -1.7 4.57e+00    -  1.00e+00 5.70e-01h  1
 103  9.4490059e+00 1.47e-01 2.29e+02  -2.0 3.15e+00    -  1.00e+00 6.98e-01h  1
 104  7.8248779e+00 4.52e-01 1.13e+02  -2.2 5.60e+00    -  1.00e+00 9.88e-01h  1
 105  7.1717751e+00 4.66e-01 1.50e+02  -2.2 7.26e+00    -  9.75e-01 4.29e-01h  1
 106  7.6744911e+00 2.43e-01 1.10e+02  -1.9 4.18e+00    -  1.00e+00 1.00e+00h  1
 107  6.7048348e+00 2.14e-01 3.52e+01  -2.4 3.60e+00    -  1.00e+00 1.00e+00h  1
 108  6.2224100e+00 2.62e-01 2.50e+01  -2.2 6.00e+00    -  5.39e-01 7.16e-01h  1
 109  6.2105751e+00 1.60e-01 9.55e+00  -2.4 3.07e+00    -  1.00e+00 8.18e-01h  1
iter    objective    inf_pr   inf_du lg(mu)  ||d||  lg(rg) alpha_du alpha_pr  ls
 110  6.3922780e+00 4.43e-02 2.08e+01  -2.4 1.88e+00    -  1.00e+00 7.92e-01h  1
 111  7.6263233e+00 1.74e-01 1.09e+02  -1.9 3.86e+00    -  4.17e-01 1.00e+00f  1
 112  6.9303716e+00 1.01e-01 3.69e+01  -2.2 3.48e+00    -  1.00e+00 8.97e-01h  1
 113  6.6979758e+00 7.45e-02 5.12e+01  -2.2 2.96e+00    -  4.77e-01 3.80e-01h  1
 114  6.8393432e+00 5.78e-02 4.18e+01  -2.2 1.48e+00    -  1.00e+00 1.00e+00h  1
 115  6.6593902e+00 2.48e-02 2.37e+01  -2.4 1.01e+00    -  1.00e+00 1.00e+00h  1
 116  6.6019334e+00 1.54e-02 1.45e+02  -2.7 1.25e+00    -  1.00e+00 4.37e-01h  1
 117  7.0690818e+00 5.70e-02 6.05e+01  -2.2 1.87e+00    -  1.00e+00 1.00e+00h  1
 118  6.7949429e+00 3.37e-02 5.11e+01  -2.3 1.56e+00    -  1.00e+00 9.27e-01h  1
 119  6.5986979e+00 2.98e-02 5.07e+01  -2.3 1.34e+00    -  1.00e+00 8.04e-01h  1
iter    objective    inf_pr   inf_du lg(mu)  ||d||  lg(rg) alpha_du alpha_pr  ls
 120  6.2319946e+00 3.46e-02 5.57e+01  -2.6 1.91e+00    -  9.93e-01 8.16e-01h  1
 121  6.2034241e+00 1.93e-02 4.28e+01  -2.7 8.96e-01    -  1.00e+00 4.62e-01h  1
 122  6.2987923e+00 1.55e-02 5.62e+01  -2.5 1.12e+00    -  1.00e+00 5.00e-01h  2
 123  6.1506778e+00 2.33e-02 2.24e+01  -2.8 1.26e+00    -  1.00e+00 8.39e-01h  1
 124  6.3287474e+00 2.17e-02 2.94e+01  -2.5 9.17e-01    -  1.00e+00 1.00e+00h  1
 125  6.3278630e+00 6.38e-03 2.53e+01  -2.6 6.41e-01    -  1.00e+00 7.42e-01h  1
 126  6.3244154e+00 3.05e-03 1.54e+02  -2.7 7.19e-01    -  8.01e-01 5.56e-01H  1
 127  6.2407334e+00 1.70e-02 6.35e+01  -2.8 8.84e-01    -  1.00e+00 1.00e+00h  1
 128  6.1460223e+00 7.60e-03 6.25e+01  -3.2 7.21e-01    -  1.00e+00 7.45e-01h  1
 129  6.0454848e+00 7.34e-03 6.12e+01  -3.4 9.58e-01    -  5.69e-01 4.69e-01h  1
iter    objective    inf_pr   inf_du lg(mu)  ||d||  lg(rg) alpha_du alpha_pr  ls
 130  6.0054777e+00 6.12e-03 1.93e+02  -3.5 1.92e+00    -  9.49e-01 1.26e-01h  1
 131  5.9274063e+00 8.20e-03 5.99e+01  -4.0 1.15e+00    -  7.55e-01 3.30e-01h  1
 132  5.8718831e+00 1.27e-02 6.91e+01  -3.4 1.66e+00    -  5.54e-01 2.90e-01h  1
 133  5.8616541e+00 1.15e-02 1.49e+02  -3.5 1.14e+00    -  8.08e-01 1.64e-01h  1
 134  5.8078184e+00 2.64e-02 8.02e+01  -3.9 1.77e+00    -  3.83e-01 4.51e-01h  1
 135  5.8359991e+00 1.80e-02 8.21e+01  -2.9 1.43e+00    -  3.28e-01 3.38e-01h  1
 136  5.8040261e+00 8.46e-03 5.72e+01  -3.7 5.26e-01    -  1.00e+00 6.28e-01h  1
 137  5.7618517e+00 4.79e-03 5.15e+01  -3.9 5.80e-01    -  1.00e+00 7.67e-01h  1
 138  5.7656254e+00 2.89e-03 2.33e+01  -3.7 3.17e-01    -  5.81e-01 4.43e-01h  1
 139  5.7696671e+00 2.06e-03 3.08e+01  -4.0 2.83e-01    -  4.66e-01 3.03e-01h  1
iter    objective    inf_pr   inf_du lg(mu)  ||d||  lg(rg) alpha_du alpha_pr  ls
 140  5.7723755e+00 1.18e-03 1.13e+02  -4.0 3.76e-01    -  1.00e+00 4.61e-01h  1
 141  5.7737690e+00 8.81e-04 6.39e+01  -4.0 4.24e-01    -  1.00e+00 2.53e-01h  1
 142  5.7727260e+00 2.52e-03 4.59e+01  -3.7 7.76e-01    -  1.00e+00 3.88e-01h  1
 143  5.7501572e+00 9.85e-03 6.89e+01  -3.8 1.47e+00    -  4.58e-01 5.16e-01h  1
 144  5.7569071e+00 8.41e-03 7.12e+01  -3.3 8.32e-01    -  6.72e-01 1.69e-01f  1
 145  5.7428603e+00 9.95e-03 3.71e+01  -3.6 7.13e-01    -  9.18e-01 1.00e+00h  1
 146  5.7355876e+00 9.23e-03 4.21e+01  -3.2 1.57e+00    -  4.76e-01 1.96e-01h  1
 147  5.7001762e+00 1.84e-02 9.05e+01  -3.5 1.87e+00    -  6.47e-01 6.54e-01h  1
 148  5.6849417e+00 6.00e-03 4.76e+01  -3.2 5.84e-01    -  1.00e+00 1.00e+00h  1
 149  5.6991536e+00 4.57e-03 6.88e+01  -2.9 5.09e-01    -  9.70e-01 6.46e-01h  1
iter    objective    inf_pr   inf_du lg(mu)  ||d||  lg(rg) alpha_du alpha_pr  ls
 150  5.6990528e+00 3.62e-03 8.89e+01  -3.3 6.89e-01    -  1.00e+00 2.12e-01h  1
 151  5.8607579e+00 7.78e-03 6.71e+01  -2.5 7.54e-01    -  9.81e-01 7.14e-01f  1
 152  5.9136146e+00 3.90e-03 6.92e+01  -2.6 5.45e-01    -  8.93e-01 1.00e+00h  1
 153  5.9052186e+00 2.57e-03 3.25e+01  -2.6 3.49e-01    -  1.00e+00 1.00e+00h  1
 154  5.9223575e+00 2.12e-03 7.07e+01  -2.6 4.60e-01    -  1.00e+00 6.23e-01h  1
 155  5.9186500e+00 1.09e-03 1.29e+02  -2.9 4.32e-01    -  1.00e+00 4.57e-01h  2
 156  5.8599244e+00 3.56e-03 6.70e+01  -3.0 6.56e-01    -  1.00e+00 5.27e-01h  1
 157  5.8307344e+00 2.52e-03 4.64e+01  -3.1 3.79e-01    -  9.79e-01 4.10e-01h  1
 158  5.8073356e+00 3.06e-03 3.43e+01  -3.1 3.59e-01    -  1.00e+00 1.00e+00h  1
 159  5.7964725e+00 1.14e-03 9.98e+00  -3.1 2.17e-01    -  1.00e+00 1.00e+00h  1
iter    objective    inf_pr   inf_du lg(mu)  ||d||  lg(rg) alpha_du alpha_pr  ls
 160  5.7695865e+00 1.63e-03 3.98e+01  -3.5 4.02e-01    -  1.00e+00 7.50e-01h  1
 161  5.7401285e+00 2.01e-03 3.93e+01  -3.8 3.08e-01    -  1.00e+00 4.80e-01h  1
 162  5.7173075e+00 2.58e-03 9.56e+01  -3.9 4.54e-01    -  1.00e+00 5.06e-01h  1
 163  5.7062765e+00 1.75e-03 3.96e+01  -4.0 2.98e-01    -  6.87e-01 4.37e-01h  1
 164  5.7048543e+00 9.42e-04 2.67e+01  -3.9 1.74e-01    -  1.00e+00 4.60e-01h  1
 165  5.7042533e+00 4.04e-04 1.03e+02  -4.0 9.21e-02    -  2.36e-01 6.18e-01h  1
 166  5.7086850e+00 1.18e-04 9.75e+00  -4.0 6.27e-02    -  1.00e+00 1.00e+00h  1
 167  5.7067747e+00 1.89e-04 4.52e+01  -4.0 1.31e-01    -  8.72e-01 6.57e-01h  1
 168  5.7032359e+00 1.25e-03 4.64e+01  -4.0 2.35e-01    -  1.00e+00 1.00e+00h  1
 169  5.7307656e+00 4.36e-03 1.22e+02  -3.2 8.82e-01    -  5.32e-01 5.31e-01h  1
iter    objective    inf_pr   inf_du lg(mu)  ||d||  lg(rg) alpha_du alpha_pr  ls
 170  5.7229847e+00 1.76e-03 7.14e+01  -3.5 1.58e-01    -  1.00e+00 7.00e-01h  1
 171  5.7179174e+00 1.97e-04 1.11e+02  -3.5 8.63e-02    -  3.75e-01 1.00e+00h  1
 172  5.7258023e+00 1.07e-04 3.01e+01  -3.5 1.12e-01    -  1.00e+00 1.00e+00H  1
 173  5.7296384e+00 8.30e-05 5.23e+01  -3.5 2.05e-01    -  1.00e+00 1.00e+00H  1
 174  5.7355218e+00 5.39e-03 1.26e+02  -3.2 6.43e-01    -  1.00e+00 5.82e-01h  1
 175  5.6934337e+00 2.24e-02 2.40e+02  -3.4 1.02e+00    -  4.96e-01 8.96e-01h  1
 176  5.6506297e+00 8.08e-03 5.19e+01  -3.4 6.30e-01    -  8.33e-01 1.00e+00h  1
 177  5.6832685e+00 6.33e-03 5.62e+01  -3.1 6.04e-01    -  1.00e+00 5.72e-01h  1
 178  5.7434878e+00 4.43e-03 7.88e+01  -3.2 6.72e-01    -  7.27e-01 6.39e-01H  1
 179  5.6813723e+00 2.80e-03 2.82e+01  -3.3 3.44e-01    -  1.00e+00 1.00e+00h  1
iter    objective    inf_pr   inf_du lg(mu)  ||d||  lg(rg) alpha_du alpha_pr  ls
 180  5.7487444e+00 1.25e-02 1.15e+02  -2.5 2.08e+00    -  8.32e-01 2.99e-01f  1
 181  5.7268294e+00 9.87e-03 6.72e+01  -2.7 1.39e+00    -  4.65e-01 5.36e-01h  1
 182  5.7643621e+00 3.61e-03 3.29e+01  -2.7 4.37e-01    -  5.43e-01 8.48e-01h  1
 183  5.8039781e+00 2.35e-03 2.79e+01  -2.7 3.94e-01    -  8.26e-01 9.18e-01h  1
 184  5.8175745e+00 1.97e-03 1.53e+01  -2.7 3.64e-01    -  1.00e+00 1.00e+00h  1
 185  5.8406906e+00 1.18e-03 1.90e+02  -2.7 3.28e-01    -  1.00e+00 5.00e-01h  2
 186  5.8592229e+00 6.03e-04 5.73e+01  -2.7 4.26e-01    -  8.72e-01 5.00e-01h  2
 187  5.8661611e+00 4.57e-04 3.29e+01  -2.7 1.30e-01    -  1.00e+00 1.00e+00h  1
 188  5.8950668e+00 4.09e-04 2.92e+01  -2.7 1.48e-01    -  1.00e+00 1.00e+00h  1
 189  5.9059507e+00 2.47e-04 8.58e+01  -2.7 1.59e-01    -  1.00e+00 5.00e-01h  2
iter    objective    inf_pr   inf_du lg(mu)  ||d||  lg(rg) alpha_du alpha_pr  ls
 190  5.9119664e+00 6.32e-04 2.53e+01  -2.7 1.65e-01    -  1.00e+00 1.00e+00h  1
 191  5.9193284e+00 1.43e-04 1.84e+01  -2.7 7.06e-02    -  1.00e+00 1.00e+00h  1
 192  5.8886075e+00 3.47e-04 1.13e+01  -3.4 1.10e-01    -  1.00e+00 1.00e+00h  1
 193  5.8470604e+00 6.28e-04 6.20e+01  -3.5 4.76e-01    -  1.00e+00 3.24e-01h  1
 194  5.7446100e+00 2.93e-03 1.13e+02  -3.5 7.10e-01    -  1.00e+00 5.01e-01f  1
 195  5.6890894e+00 1.59e-03 8.81e+01  -3.5 3.52e-01    -  1.00e+00 6.73e-01h  1
 196  5.6794515e+00 7.97e-04 1.28e+02  -3.5 1.87e-01    -  1.00e+00 5.43e-01h  1
 197  5.6676713e+00 3.61e-04 2.66e+01  -3.9 1.16e-01    -  8.38e-01 8.46e-01h  1
 198  5.6595994e+00 3.39e-04 1.90e+01  -4.0 1.33e-01    -  8.70e-01 6.98e-01h  1
 199  5.6586553e+00 2.02e-04 2.66e+01  -4.0 9.40e-02    -  7.83e-01 5.21e-01h  1
iter    objective    inf_pr   inf_du lg(mu)  ||d||  lg(rg) alpha_du alpha_pr  ls
 200  5.6533064e+00 2.58e-04 2.92e+01  -4.0 1.50e-01    -  1.00e+00 5.94e-01h  1
 201  5.6523300e+00 1.56e-04 2.06e+01  -4.0 6.57e-02    -  5.83e-01 5.35e-01h  1
 202  5.6501470e+00 2.42e-04 1.47e+01  -4.0 8.26e-02    -  6.09e-01 9.86e-01h  1
 203  5.6475404e+00 3.07e-04 2.28e+01  -4.0 1.14e-01    -  1.00e+00 7.18e-01h  1
 204  5.6420399e+00 2.78e-04 3.33e+01  -4.0 9.76e-02    -  7.41e-01 1.00e+00h  1
 205  5.6383012e+00 2.06e-04 1.68e+01  -4.0 1.10e-01    -  1.00e+00 1.00e+00h  1
 206  5.6458134e+00 7.44e-05 8.80e+00  -3.7 6.23e-02    -  1.00e+00 1.00e+00h  1
 207  5.6501040e+00 3.40e-05 6.78e+00  -3.8 4.24e-02    -  1.00e+00 1.00e+00h  1
 208  5.6523334e+00 1.75e-06 2.43e+01  -3.8 1.17e-01    -  1.00e+00 1.00e+00H  1
 209  5.6327903e+00 4.27e-03 9.38e+01  -4.0 3.40e-01    -  1.00e+00 1.00e+00h  1
iter    objective    inf_pr   inf_du lg(mu)  ||d||  lg(rg) alpha_du alpha_pr  ls
 210  5.6254755e+00 3.33e-04 7.66e+01  -4.0 1.17e-01    -  1.00e+00 1.00e+00h  1
 211  5.6498322e+00 3.40e-03 2.38e+01  -3.4 3.02e-01    -  8.38e-01 9.90e-01h  1
 212  5.6480383e+00 6.30e-04 2.50e+01  -3.6 1.56e-01    -  1.00e+00 1.00e+00h  1
 213  5.6429492e+00 3.21e-04 1.69e+01  -3.6 1.26e-01    -  9.64e-01 8.48e-01H  1
 214  5.6452808e+00 2.47e-04 5.87e+01  -3.6 8.03e-02    -  1.00e+00 2.50e-01f  3
 215  5.6586327e+00 9.06e-05 1.54e+01  -3.6 7.83e-02    -  1.00e+00 1.00e+00h  1
 216  5.6580422e+00 1.08e-04 1.12e+01  -3.6 4.65e-02    -  1.00e+00 1.00e+00h  1
 217  5.6581112e+00 6.44e-05 8.49e+00  -3.6 5.11e-02    -  1.00e+00 1.00e+00h  1
 218  5.6590683e+00 2.60e-05 4.76e+00  -3.6 2.98e-02    -  1.00e+00 1.00e+00h  1
 219  5.6612123e+00 5.99e-06 2.49e+00  -3.6 1.71e-02    -  1.00e+00 1.00e+00h  1
iter    objective    inf_pr   inf_du lg(mu)  ||d||  lg(rg) alpha_du alpha_pr  ls
 220  5.6609854e+00 2.35e-04 2.17e+01  -3.6 1.76e-01    -  1.00e+00 5.00e-01h  2
 221  5.6600374e+00 2.73e-04 4.82e+01  -3.6 6.64e-01    -  1.00e+00 9.04e-02h  4
 222  5.6583029e+00 3.47e-04 4.28e+01  -3.6 1.48e-01    -  1.00e+00 5.00e-01h  2
 223  5.6556498e+00 4.28e-04 5.54e+01  -3.6 3.71e-01    -  1.00e+00 1.88e-01h  3
 224  5.6541928e+00 3.80e-04 5.24e+01  -3.6 3.62e-01    -  5.53e-01 2.50e-01h  3
 225  5.6583887e+00 2.24e-04 5.21e+01  -3.6 1.86e-01    -  1.00e+00 1.00e+00H  1
 226  5.6424156e+00 1.03e-03 6.44e+01  -3.6 2.01e-01    -  1.00e+00 1.00e+00h  1
 227  5.6406355e+00 3.38e-04 3.14e+01  -3.6 1.38e-01    -  1.00e+00 8.76e-01h  1
 228  5.6414451e+00 3.10e-04 2.16e+01  -3.6 1.50e-01    -  1.00e+00 5.00e-01f  2
 229  5.6454530e+00 1.49e-04 8.50e+00  -3.6 9.58e-02    -  1.00e+00 1.00e+00h  1
iter    objective    inf_pr   inf_du lg(mu)  ||d||  lg(rg) alpha_du alpha_pr  ls
 230  5.6497979e+00 5.83e-05 3.22e+00  -3.6 4.73e-02    -  1.00e+00 1.00e+00h  1
 231  5.6417709e+00 8.32e-05 1.27e+01  -4.0 5.04e-02    -  1.00e+00 1.00e+00h  1
 232  5.6318928e+00 2.50e-04 1.21e+01  -4.0 5.27e-02    -  1.00e+00 1.00e+00h  1
 233  5.6285141e+00 4.68e-05 1.33e+01  -4.0 5.55e-02    -  1.00e+00 1.00e+00h  1
 234  5.6296232e+00 1.87e-05 4.98e+00  -4.0 3.97e-02    -  1.00e+00 1.00e+00h  1
 235  5.6295632e+00 1.79e-05 3.18e+00  -4.0 2.22e-02    -  1.00e+00 1.00e+00h  1
 236  5.6296390e+00 1.15e-05 2.75e+00  -4.0 1.42e-02    -  1.00e+00 1.00e+00h  1
 237  5.6291692e+00 1.03e-04 7.92e+00  -4.0 3.76e-02    -  1.00e+00 1.00e+00h  1
 238  5.6238872e+00 8.30e-05 1.27e+01  -4.1 2.77e-02    -  1.00e+00 1.00e+00h  1
 239  5.6275097e+00 2.15e-05 2.82e+00  -4.0 1.78e-02    -  1.00e+00 1.00e+00h  1
iter    objective    inf_pr   inf_du lg(mu)  ||d||  lg(rg) alpha_du alpha_pr  ls
 240  5.6275700e+00 7.76e-05 3.95e+00  -4.0 2.77e-02    -  1.00e+00 1.00e+00h  1
 241  5.6237847e+00 3.33e-04 1.47e+01  -4.1 5.95e-02    -  1.00e+00 1.00e+00h  1
 242  5.6258865e+00 6.98e-04 2.58e+01  -4.0 1.19e-01    -  1.00e+00 1.00e+00h  1
 243  5.6203883e+00 1.85e-04 6.55e+00  -4.1 6.27e-02    -  1.00e+00 1.00e+00h  1
 244  5.6262195e+00 2.65e-05 4.27e+00  -4.0 3.13e-02    -  1.00e+00 1.00e+00h  1
 245  5.6260398e+00 2.03e-05 2.80e+00  -4.0 2.16e-02    -  1.00e+00 1.00e+00h  1
 246  5.6254887e+00 5.11e-05 7.81e+00  -4.0 3.61e-02    -  1.00e+00 1.00e+00h  1
 247  5.6263003e+00 1.42e-05 2.21e+00  -4.0 2.39e-02    -  1.00e+00 1.00e+00h  1
 248  5.6269107e+00 3.41e-06 8.62e-01  -4.0 7.21e-03    -  1.00e+00 1.00e+00h  1
 249  5.6269789e+00 1.56e-07 3.44e+00  -4.0 1.85e-02    -  1.00e+00 1.00e+00H  1
iter    objective    inf_pr   inf_du lg(mu)  ||d||  lg(rg) alpha_du alpha_pr  ls
 250  5.6259559e+00 4.61e-04 1.61e+01  -4.0 1.04e-01    -  1.00e+00 1.00e+00h  1
 251  5.6214452e+00 8.67e-04 3.41e+01  -4.1 1.88e-01    -  1.00e+00 1.00e+00h  1
 252  5.6180587e+00 4.30e-04 1.53e+01  -4.1 1.03e-01    -  1.00e+00 1.00e+00h  1
 253  5.6214443e+00 1.38e-04 1.20e+01  -4.0 9.45e-02    -  1.00e+00 1.00e+00h  1
 254  5.6184225e+00 1.92e-04 5.69e+00  -4.1 9.86e-02    -  1.00e+00 1.00e+00h  1
 255  5.6222117e+00 9.11e-05 7.96e+00  -4.0 6.21e-02    -  1.00e+00 1.00e+00h  1
 256  5.6209878e+00 5.11e-05 2.53e+00  -4.0 6.02e-02    -  1.00e+00 1.00e+00h  1
 257  5.6233622e+00 8.78e-06 2.08e+00  -4.0 1.79e-02    -  1.00e+00 1.00e+00h  1
 258  5.6254725e+00 4.12e-06 1.32e+00  -4.0 1.06e-02    -  1.00e+00 1.00e+00h  1
 259  5.6257322e+00 4.79e-06 2.59e+00  -4.0 1.06e-02    -  1.00e+00 1.00e+00h  1
iter    objective    inf_pr   inf_du lg(mu)  ||d||  lg(rg) alpha_du alpha_pr  ls
 260  5.6236637e+00 2.86e-06 1.23e+00  -4.1 9.28e-03    -  1.00e+00 1.00e+00h  1
 261  5.6256087e+00 2.34e-06 1.01e+00  -4.0 7.99e-03    -  1.00e+00 1.00e+00h  1
 262  5.6229077e+00 3.69e-06 8.54e-01  -4.1 9.65e-03    -  1.00e+00 1.00e+00h  1
 263  5.6259119e+00 1.46e-05 3.02e+00  -4.0 1.96e-02    -  1.00e+00 1.00e+00h  1
 264  5.6224962e+00 1.24e-05 8.76e-01  -4.1 1.90e-02    -  1.00e+00 1.00e+00h  1
 265  5.6259377e+00 1.69e-05 1.81e+00  -4.0 1.58e-02    -  1.00e+00 1.00e+00h  1
 266  5.6222870e+00 1.21e-05 1.79e+00  -4.1 1.89e-02    -  1.00e+00 1.00e+00h  1
 267  5.6253381e+00 1.47e-05 3.68e+00  -4.0 2.31e-02    -  1.00e+00 1.00e+00h  1
 268  5.6222286e+00 9.02e-06 6.62e-01  -4.1 1.40e-02    -  1.00e+00 1.00e+00h  1
 269  5.6258737e+00 3.79e-07 1.72e+00  -4.0 1.61e-02    -  1.00e+00 1.00e+00H  1
iter    objective    inf_pr   inf_du lg(mu)  ||d||  lg(rg) alpha_du alpha_pr  ls
 270  5.6257188e+00 6.31e-06 2.99e+00  -4.0 1.31e-02    -  1.00e+00 1.00e+00h  1
 271  5.6221469e+00 1.33e-05 3.92e+00  -4.1 2.52e-02    -  1.00e+00 1.00e+00h  1
 272  5.6254377e+00 1.32e-05 1.36e+00  -4.0 2.06e-02    -  1.00e+00 1.00e+00h  1
 273  5.6225366e+00 1.03e-05 2.19e+00  -4.1 1.68e-02    -  1.00e+00 1.00e+00h  1
 274  5.6223159e+00 3.57e-06 1.45e+00  -4.1 1.29e-02    -  1.00e+00 1.00e+00h  1
 275  5.6257277e+00 1.61e-08 8.55e-01  -4.0 1.24e-02    -  1.00e+00 1.00e+00H  1
 276  5.6258736e+00 3.53e-09 2.05e+00  -4.0 1.31e-02    -  1.00e+00 1.00e+00H  1
 277  5.6222472e+00 1.38e-05 5.35e+00  -4.1 2.95e-02    -  1.00e+00 1.00e+00h  1
 278  5.6222721e+00 1.04e-05 6.70e+00  -4.1 6.47e-02    -  1.00e+00 2.50e-01h  3
 279  5.6222822e+00 2.59e-05 7.61e+00  -4.1 3.68e-02    -  1.00e+00 1.00e+00h  1
iter    objective    inf_pr   inf_du lg(mu)  ||d||  lg(rg) alpha_du alpha_pr  ls
 280  5.6222175e+00 6.01e-06 3.50e+00  -4.1 1.96e-02    -  1.00e+00 1.00e+00h  1
 281  5.6257206e+00 7.99e-07 2.76e+00  -4.0 2.40e-02    -  1.00e+00 1.00e+00H  1
 282  5.6218563e+00 2.28e-04 1.24e+01  -4.1 9.48e-02    -  1.00e+00 1.00e+00h  1
 283  5.6191227e+00 1.20e-04 5.51e+00  -4.1 6.53e-02    -  1.00e+00 1.00e+00h  1
 284  5.6249436e+00 6.08e-05 3.98e+00  -4.0 2.82e-02    -  1.00e+00 1.00e+00h  1
 285  5.6222921e+00 5.36e-05 3.30e+00  -4.1 1.99e-02    -  1.00e+00 1.00e+00h  1
 286  5.6220243e+00 6.16e-06 1.95e+00  -4.1 1.80e-02    -  1.00e+00 1.00e+00h  1
 287  5.6258759e+00 3.14e-07 1.74e+00  -4.0 1.67e-02    -  1.00e+00 1.00e+00H  1
 288  5.6225534e+00 3.27e-05 2.35e+00  -4.1 1.96e-02    -  1.00e+00 1.00e+00h  1
 289  5.6222965e+00 5.76e-06 1.66e+00  -4.1 1.87e-02    -  1.00e+00 1.00e+00h  1
iter    objective    inf_pr   inf_du lg(mu)  ||d||  lg(rg) alpha_du alpha_pr  ls
 290  5.6257086e+00 5.54e-07 1.13e+00  -4.0 1.36e-02    -  1.00e+00 1.00e+00H  1
 291  5.6256647e+00 1.55e-05 4.40e+00  -4.0 2.42e-02    -  1.00e+00 1.00e+00h  1
 292  5.6220872e+00 3.52e-05 8.11e-01  -4.1 2.61e-02    -  1.00e+00 1.00e+00h  1
 293  5.6223634e+00 6.35e-07 7.11e-01  -4.1 3.58e-03    -  1.00e+00 1.00e+00h  1
 294  5.6255313e+00 2.61e-05 1.30e+00  -4.0 1.31e-02    -  1.00e+00 1.00e+00h  1
 295  5.6225961e+00 5.32e-05 3.67e+00  -4.1 2.49e-02    -  1.00e+00 1.00e+00h  1
 296  5.6223823e+00 4.87e-06 4.83e+00  -4.1 1.11e-02    -  1.00e+00 1.00e+00h  1
 297  5.6224733e+00 7.90e-07 8.16e-01  -4.1 5.34e-03    -  1.00e+00 1.00e+00h  1
 298  5.6225444e+00 4.20e-07 8.61e-01  -4.1 2.41e-03    -  1.00e+00 1.00e+00h  1
 299  5.6258446e+00 3.29e-05 1.14e+00  -4.0 1.44e-02    -  1.00e+00 1.00e+00h  1
iter    objective    inf_pr   inf_du lg(mu)  ||d||  lg(rg) alpha_du alpha_pr  ls
 300  5.6223242e+00 1.00e-04 5.07e+00  -4.1 3.81e-02    -  1.00e+00 1.00e+00h  1
 301  5.6220863e+00 5.43e-06 4.07e+00  -4.1 1.69e-02    -  1.00e+00 1.00e+00h  1
 302  5.6257992e+00 4.80e-05 2.76e+00  -4.0 2.11e-02    -  1.00e+00 1.00e+00h  1
 303  5.6220888e+00 1.13e-04 6.14e+00  -4.1 3.54e-02    -  1.00e+00 1.00e+00h  1
 304  5.6219059e+00 1.05e-05 2.62e+00  -4.1 1.76e-02    -  1.00e+00 1.00e+00h  1
 305  5.6255957e+00 4.72e-05 1.29e+00  -4.0 2.06e-02    -  1.00e+00 1.00e+00h  1
 306  5.6223386e+00 9.21e-05 4.84e+00  -4.1 3.92e-02    -  1.00e+00 1.00e+00h  1
 307  5.6216025e+00 1.17e-05 2.03e+00  -4.1 3.20e-02    -  1.00e+00 1.00e+00h  1
 308  5.6257504e+00 1.76e-07 2.60e+00  -4.0 2.31e-02    -  1.00e+00 1.00e+00H  1
 309  5.6221794e+00 1.83e-04 1.29e+01  -4.1 9.28e-02    -  1.00e+00 1.00e+00h  1
iter    objective    inf_pr   inf_du lg(mu)  ||d||  lg(rg) alpha_du alpha_pr  ls
 310  5.6178260e+00 1.14e-04 2.22e+00  -4.1 7.62e-02    -  1.00e+00 1.00e+00h  1
 311  5.6246133e+00 1.41e-05 6.37e+00  -4.0 2.56e-02    -  9.62e-01 1.00e+00H  1
 312  5.6223758e+00 8.80e-07 2.61e+00  -4.1 1.94e-02    -  1.00e+00 1.00e+00H  1
 313  5.6222300e+00 5.22e-06 2.22e+00  -4.1 1.25e-02    -  1.00e+00 1.00e+00h  1
 314  5.6255196e+00 4.55e-05 7.67e-01  -4.0 1.91e-02    -  1.00e+00 1.00e+00h  1
 315  5.6224044e+00 3.74e-05 3.00e+00  -4.1 1.61e-02    -  1.00e+00 1.00e+00h  1
 316  5.6221404e+00 7.84e-06 3.86e+00  -4.1 2.07e-02    -  1.00e+00 1.00e+00h  1
 317  5.6219483e+00 5.80e-06 2.14e+00  -4.1 2.07e-02    -  1.00e+00 1.00e+00h  1
 318  5.6257749e+00 1.71e-07 2.84e+00  -4.0 1.83e-02    -  1.00e+00 1.00e+00H  1
 319  5.6222083e+00 6.02e-05 3.97e+00  -4.1 2.90e-02    -  1.00e+00 1.00e+00h  1
iter    objective    inf_pr   inf_du lg(mu)  ||d||  lg(rg) alpha_du alpha_pr  ls
 320  5.6218146e+00 1.02e-05 5.55e-01  -4.1 2.69e-02    -  1.00e+00 1.00e+00h  1
 321  5.6256324e+00 4.69e-07 5.42e-01  -4.0 1.80e-02    -  1.00e+00 1.00e+00H  1
 322  5.6224249e+00 5.17e-05 2.39e+00  -4.1 2.36e-02    -  1.00e+00 1.00e+00h  1
 323  5.6220777e+00 3.37e-06 1.65e+00  -4.1 1.25e-02    -  1.00e+00 1.00e+00h  1
 324  5.6257091e+00 4.11e-05 1.05e+00  -4.0 1.91e-02    -  1.00e+00 1.00e+00h  1
 325  5.6222593e+00 4.05e-05 8.23e+00  -4.1 4.44e-02    -  1.00e+00 1.00e+00h  1
 326  5.6205256e+00 3.52e-05 1.29e+00  -4.1 3.54e-02    -  1.00e+00 1.00e+00h  1
 327  5.6255059e+00 2.06e-06 1.08e+00  -4.0 2.17e-02    -  1.00e+00 1.00e+00H  1
 328  5.6232286e+00 9.41e-07 5.75e+00  -4.1 2.85e-02    -  1.00e+00 1.00e+00H  1
 329  5.6213196e+00 1.41e-05 1.41e+00  -4.1 3.04e-02    -  1.00e+00 1.00e+00h  1
iter    objective    inf_pr   inf_du lg(mu)  ||d||  lg(rg) alpha_du alpha_pr  ls
 330  5.6256901e+00 7.83e-07 3.09e+00  -4.0 2.15e-02    -  1.00e+00 1.00e+00H  1
 331  5.6223366e+00 4.92e-05 3.93e+00  -4.1 2.80e-02    -  1.00e+00 1.00e+00h  1
 332  5.6216667e+00 8.05e-06 1.30e+00  -4.1 1.95e-02    -  1.00e+00 1.00e+00h  1
 333  5.6222279e+00 1.50e-07 3.52e-01  -4.1 2.65e-03    -  1.00e+00 1.00e+00h  1
 334  5.6258892e+00 4.70e-05 2.58e+00  -4.0 2.04e-02    -  1.00e+00 1.00e+00h  1
 335  5.6223461e+00 4.52e-05 2.01e+00  -4.1 2.05e-02    -  1.00e+00 1.00e+00h  1
 336  5.6221934e+00 7.16e-06 3.26e+00  -4.1 1.71e-02    -  1.00e+00 1.00e+00h  1
 337  5.6221695e+00 3.56e-06 8.86e-01  -4.1 1.55e-02    -  1.00e+00 1.00e+00h  1
 338  5.6257754e+00 4.77e-05 2.16e+00  -4.0 2.07e-02    -  1.00e+00 1.00e+00h  1
 339  5.6219894e+00 3.80e-05 4.81e+00  -4.1 3.56e-02    -  1.00e+00 1.00e+00h  1
iter    objective    inf_pr   inf_du lg(mu)  ||d||  lg(rg) alpha_du alpha_pr  ls
 340  5.6212627e+00 1.57e-05 7.16e-01  -4.1 3.26e-02    -  1.00e+00 1.00e+00h  1
 341  5.6256793e+00 4.20e-07 1.96e+00  -4.0 2.21e-02    -  1.00e+00 1.00e+00H  1
 342  5.6221466e+00 4.39e-05 3.08e+00  -4.1 2.09e-02    -  1.00e+00 1.00e+00h  1
 343  5.6218199e+00 6.11e-06 1.20e+00  -4.1 1.59e-02    -  1.00e+00 1.00e+00h  1
 344  5.6255635e+00 4.79e-05 1.16e+00  -4.0 2.13e-02    -  1.00e+00 1.00e+00h  1
 345  5.6222446e+00 3.51e-05 2.80e+00  -4.1 2.33e-02    -  1.00e+00 1.00e+00h  1
 346  5.6218660e+00 8.60e-06 1.85e+00  -4.1 2.28e-02    -  1.00e+00 1.00e+00h  1
 347  5.6221838e+00 1.55e-07 3.08e-01  -4.1 2.79e-03    -  1.00e+00 1.00e+00h  1
 348  5.6257463e+00 4.29e-05 3.28e+00  -4.0 2.06e-02    -  1.00e+00 1.00e+00h  1
 349  5.6222258e+00 3.71e-05 3.00e+00  -4.1 1.84e-02    -  1.00e+00 1.00e+00h  1
iter    objective    inf_pr   inf_du lg(mu)  ||d||  lg(rg) alpha_du alpha_pr  ls
 350  5.6221506e+00 4.04e-06 8.43e-01  -4.1 1.16e-02    -  1.00e+00 1.00e+00h  1
 351  5.6220394e+00 4.25e-06 2.53e+00  -4.1 1.35e-02    -  1.00e+00 1.00e+00h  1
 352  5.6256407e+00 4.63e-05 1.44e+00  -4.0 2.21e-02    -  1.00e+00 1.00e+00h  1
 353  5.6221026e+00 4.57e-05 2.62e+00  -4.1 2.26e-02    -  1.00e+00 1.00e+00h  1
 354  5.6221028e+00 4.89e-06 3.44e+00  -4.1 1.47e-02    -  1.00e+00 1.00e+00h  1
 355  5.6222403e+00 3.54e-06 6.20e-01  -4.1 1.08e-02    -  1.00e+00 1.00e+00h  1
 356  5.6223175e+00 8.24e-08 3.98e-01  -4.1 1.53e-03    -  1.00e+00 1.00e+00h  1
 357  5.6257738e+00 4.09e-05 1.76e+00  -4.0 2.05e-02    -  1.00e+00 1.00e+00h  1
 358  5.6221525e+00 3.97e-05 2.47e+00  -4.1 1.99e-02    -  1.00e+00 1.00e+00h  1
 359  5.6222368e+00 2.89e-06 2.81e+00  -4.1 1.02e-02    -  1.00e+00 1.00e+00h  1
iter    objective    inf_pr   inf_du lg(mu)  ||d||  lg(rg) alpha_du alpha_pr  ls
 360  5.6221225e+00 1.83e-06 1.27e+00  -4.1 8.34e-03    -  1.00e+00 1.00e+00h  1
 361  5.6256997e+00 4.65e-05 1.26e+00  -4.0 2.20e-02    -  1.00e+00 1.00e+00h  1
 362  5.6222214e+00 4.71e-05 3.29e+00  -4.1 1.98e-02    -  1.00e+00 1.00e+00h  1
 363  5.6220068e+00 2.39e-06 2.22e+00  -4.1 1.03e-02    -  1.00e+00 1.00e+00h  1
 364  5.6255678e+00 5.35e-05 3.00e+00  -4.0 2.16e-02    -  1.00e+00 1.00e+00h  1
 365  5.6221469e+00 4.32e-05 9.60e-01  -4.1 1.91e-02    -  1.00e+00 1.00e+00h  1
 366  5.6221322e+00 2.02e-05 3.35e+00  -4.1 2.49e-02    -  1.00e+00 1.00e+00h  1
 367  5.6217008e+00 1.38e-05 9.99e-01  -4.1 2.13e-02    -  1.00e+00 1.00e+00h  1
 368  5.6256056e+00 4.84e-07 3.43e+00  -4.0 2.05e-02    -  1.00e+00 1.00e+00H  1
 369  5.6222396e+00 6.51e-05 3.87e+00  -4.1 2.19e-02    -  1.00e+00 1.00e+00h  1
iter    objective    inf_pr   inf_du lg(mu)  ||d||  lg(rg) alpha_du alpha_pr  ls
 370  5.6216506e+00 6.39e-06 2.02e+00  -4.1 1.32e-02    -  1.00e+00 1.00e+00h  1
 371  5.6255907e+00 3.57e-07 1.81e+00  -4.0 2.11e-02    -  1.00e+00 1.00e+00H  1
 372  5.6221547e+00 4.90e-05 5.45e+00  -4.1 2.48e-02    -  1.00e+00 1.00e+00h  1
 373  5.6216336e+00 8.70e-06 1.51e+00  -4.1 2.11e-02    -  1.00e+00 1.00e+00h  1
 374  5.6256150e+00 5.34e-07 1.65e+00  -4.0 2.08e-02    -  1.00e+00 1.00e+00H  1
 375  5.6222144e+00 6.04e-05 2.79e+00  -4.1 1.84e-02    -  1.00e+00 1.00e+00h  1
 376  5.6221064e+00 2.69e-06 1.89e+00  -4.1 1.18e-02    -  1.00e+00 1.00e+00h  1
 377  5.6222105e+00 6.33e-07 9.37e-01  -4.1 5.99e-03    -  1.00e+00 1.00e+00h  1
 378  5.6223360e+00 1.48e-07 2.40e-01  -4.1 2.08e-03    -  1.00e+00 1.00e+00h  1
 379  5.6223153e+00 7.38e-09 1.78e-01  -4.1 4.71e-04    -  1.00e+00 1.00e+00h  1
iter    objective    inf_pr   inf_du lg(mu)  ||d||  lg(rg) alpha_du alpha_pr  ls
 380  5.6258159e+00 5.51e-05 3.71e+00  -4.0 2.13e-02    -  1.00e+00 1.00e+00h  1
 381  5.6222031e+00 4.76e-05 2.15e+00  -4.1 2.13e-02    -  1.00e+00 1.00e+00h  1
 382  5.6221053e+00 2.67e-06 2.35e+00  -4.1 1.06e-02    -  1.00e+00 1.00e+00h  1
 383  5.6223939e+00 1.33e-06 8.24e-01  -4.1 5.60e-03    -  1.00e+00 1.00e+00h  1
 384  5.6221738e+00 5.76e-07 4.02e-01  -4.1 1.45e-03    -  1.00e+00 1.00e+00h  1
 385  5.6257886e+00 5.36e-05 3.59e+00  -4.0 2.13e-02    -  1.00e+00 1.00e+00h  1
 386  5.6220683e+00 4.94e-05 3.34e+00  -4.1 2.40e-02    -  1.00e+00 1.00e+00h  1
 387  5.6216928e+00 8.32e-06 1.77e+00  -4.1 1.91e-02    -  1.00e+00 1.00e+00h  1
 388  5.6221544e+00 1.10e-06 4.34e-01  -4.1 2.62e-03    -  1.00e+00 1.00e+00h  1
 389  5.6257105e+00 5.23e-05 2.09e+00  -4.0 2.14e-02    -  1.00e+00 1.00e+00h  1
iter    objective    inf_pr   inf_du lg(mu)  ||d||  lg(rg) alpha_du alpha_pr  ls
 390  5.6221575e+00 4.79e-05 4.00e+00  -4.1 3.06e-02    -  1.00e+00 1.00e+00h  1
 391  5.6217178e+00 6.57e-06 1.34e+00  -4.1 1.96e-02    -  1.00e+00 1.00e+00h  1
 392  5.6222295e+00 2.45e-06 6.23e-01  -4.1 3.90e-03    -  1.00e+00 1.00e+00h  1
 393  5.6221752e+00 1.21e-06 3.39e-01  -4.1 1.92e-03    -  1.00e+00 1.00e+00h  1
 394  5.6222407e+00 5.46e-08 1.64e-01  -4.1 9.95e-04    -  1.00e+00 1.00e+00h  1
 395  5.6258151e+00 5.52e-05 2.31e+00  -4.0 2.21e-02    -  1.00e+00 1.00e+00h  1
 396  5.6221346e+00 6.37e-05 7.26e+00  -4.1 3.76e-02    -  1.00e+00 1.00e+00h  1
 397  5.6216716e+00 1.46e-05 1.46e+00  -4.1 2.70e-02    -  1.00e+00 1.00e+00h  1
 398  5.6222559e+00 2.12e-06 1.35e+00  -4.1 6.62e-03    -  1.00e+00 1.00e+00h  1
 399  5.6220524e+00 8.94e-07 3.47e-01  -4.1 4.77e-03    -  1.00e+00 1.00e+00h  1
iter    objective    inf_pr   inf_du lg(mu)  ||d||  lg(rg) alpha_du alpha_pr  ls
 400  5.6257412e+00 5.68e-05 1.87e+00  -4.0 2.30e-02    -  1.00e+00 1.00e+00h  1
 401  5.6221995e+00 4.66e-05 2.78e+00  -4.1 2.25e-02    -  1.00e+00 1.00e+00h  1
 402  5.6218599e+00 5.97e-06 7.91e-01  -4.1 1.74e-02    -  1.00e+00 1.00e+00h  1
 403  5.6221423e+00 1.55e-06 1.92e+00  -4.1 5.13e-03    -  1.00e+00 1.00e+00h  1
 404  5.6222105e+00 4.67e-07 7.64e-01  -4.1 2.31e-03    -  1.00e+00 1.00e+00h  1
 405  5.6222005e+00 4.58e-07 5.61e-01  -4.1 9.10e-04    -  1.00e+00 1.00e+00h  1
 406  5.6222804e+00 1.88e-08 7.17e-02  -4.1 3.99e-04    -  1.00e+00 1.00e+00h  1
 407  5.6251484e+00 2.19e-05 2.35e+00  -4.0 1.37e-02    -  1.00e+00 1.00e+00h  1
 408  5.6223191e+00 1.78e-05 7.48e-01  -4.1 1.37e-02    -  1.00e+00 1.00e+00h  1
 409  5.6222220e+00 7.13e-06 1.78e+00  -4.1 1.20e-02    -  1.00e+00 1.00e+00h  1
iter    objective    inf_pr   inf_du lg(mu)  ||d||  lg(rg) alpha_du alpha_pr  ls
 410  5.6220985e+00 4.86e-06 4.77e-01  -4.1 9.45e-03    -  1.00e+00 1.00e+00h  1
 411  5.6222807e+00 6.49e-07 6.63e-01  -4.1 4.35e-03    -  1.00e+00 1.00e+00h  1
 412  5.6222123e+00 7.10e-07 1.16e-01  -4.1 2.92e-03    -  1.00e+00 1.00e+00h  1
 413  5.6222265e+00 1.25e-07 8.03e-02  -4.1 4.98e-04    -  1.00e+00 1.00e+00h  1
 414  5.6253967e+00 2.41e-05 1.54e+00  -4.0 1.58e-02    -  1.00e+00 1.00e+00h  1
 415  5.6222192e+00 2.51e-05 8.42e-01  -4.1 1.71e-02    -  1.00e+00 1.00e+00h  1
 416  5.6219843e+00 5.06e-05 6.13e+00  -4.1 5.07e-02    -  1.00e+00 1.00e+00h  1
 417  5.6206345e+00 3.91e-05 8.08e-01  -4.1 4.37e-02    -  1.00e+00 1.00e+00h  1
 418  5.6252576e+00 1.48e-06 1.91e+00  -4.0 2.06e-02    -  1.00e+00 1.00e+00H  1
 419  5.6222224e+00 4.26e-05 3.02e+00  -4.1 2.50e-02    -  1.00e+00 1.00e+00h  1
iter    objective    inf_pr   inf_du lg(mu)  ||d||  lg(rg) alpha_du alpha_pr  ls
 420  5.6214903e+00 9.76e-06 2.11e+00  -4.1 1.96e-02    -  1.00e+00 1.00e+00h  1
 421  5.6254758e+00 5.49e-07 1.93e+00  -4.0 2.05e-02    -  1.00e+00 1.00e+00H  1
 422  5.6221565e+00 4.01e-05 5.12e+00  -4.1 2.59e-02    -  1.00e+00 1.00e+00h  1
 423  5.6216643e+00 5.08e-06 2.06e+00  -4.1 1.85e-02    -  1.00e+00 1.00e+00h  1
 424  5.6222120e+00 4.95e-07 1.16e+00  -4.1 4.37e-03    -  1.00e+00 1.00e+00h  1
 425  5.6221830e+00 2.45e-07 2.13e-01  -4.1 2.08e-03    -  1.00e+00 1.00e+00h  1
 426  5.6255810e+00 2.71e-05 2.37e+00  -4.0 1.73e-02    -  1.00e+00 1.00e+00h  1
 427  5.6222277e+00 2.16e-05 2.29e+00  -4.1 2.51e-02    -  1.00e+00 1.00e+00h  1
 428  5.6222521e+00 2.09e-05 4.54e+00  -4.1 3.21e-02    -  1.00e+00 1.00e+00h  1
 429  5.6217631e+00 1.89e-05 4.62e-01  -4.1 2.57e-02    -  1.00e+00 1.00e+00h  1
iter    objective    inf_pr   inf_du lg(mu)  ||d||  lg(rg) alpha_du alpha_pr  ls
 430  5.6217460e+00 4.01e-07 1.43e-01  -4.1 1.77e-03    -  1.00e+00 1.00e+00h  1
 431  5.6254612e+00 3.20e-05 2.04e+00  -4.0 1.93e-02    -  1.00e+00 1.00e+00h  1
 432  5.6222919e+00 3.78e-05 3.02e+00  -4.1 2.36e-02    -  1.00e+00 1.00e+00h  1
 433  5.6218785e+00 4.76e-06 9.38e-01  -4.1 1.68e-02    -  1.00e+00 1.00e+00h  1
 434  5.6220405e+00 5.42e-07 7.08e-01  -4.1 2.95e-03    -  1.00e+00 1.00e+00h  1
 435  5.6222417e+00 6.78e-08 2.28e-01  -4.1 1.77e-03    -  1.00e+00 1.00e+00h  1
 436  5.6222676e+00 3.17e-08 1.27e-01  -4.1 1.01e-03    -  1.00e+00 1.00e+00H  1
 437  5.6258093e+00 3.65e-05 3.23e+00  -4.0 2.06e-02    -  1.00e+00 1.00e+00h  1
 438  5.6221254e+00 4.90e-05 4.63e+00  -4.1 3.15e-02    -  1.00e+00 1.00e+00h  1
 439  5.6217243e+00 5.60e-06 1.01e+00  -4.1 2.00e-02    -  1.00e+00 1.00e+00h  1
iter    objective    inf_pr   inf_du lg(mu)  ||d||  lg(rg) alpha_du alpha_pr  ls
 440  5.6221841e+00 4.88e-07 3.92e-01  -4.1 2.85e-03    -  1.00e+00 1.00e+00h  1
 441  5.6222223e+00 1.66e-07 6.04e-01  -4.1 1.77e-03    -  1.00e+00 1.00e+00h  1
 442  5.6222018e+00 2.33e-07 1.42e-01  -4.1 9.29e-04    -  1.00e+00 1.00e+00h  1
 443  5.6256977e+00 3.66e-05 2.88e+00  -4.0 2.15e-02    -  1.00e+00 1.00e+00h  1
 444  5.6221515e+00 4.74e-05 5.67e+00  -4.1 3.29e-02    -  1.00e+00 1.00e+00h  1
 445  5.6212429e+00 1.47e-05 8.56e-01  -4.1 2.26e-02    -  1.00e+00 1.00e+00h  1
 446  5.6256435e+00 1.61e-07 2.03e+00  -4.0 2.36e-02    -  1.00e+00 1.00e+00H  1
 447  5.6220753e+00 5.18e-05 5.97e+00  -4.1 3.52e-02    -  1.00e+00 1.00e+00h  1
 448  5.6207770e+00 1.26e-05 1.51e+00  -4.1 2.20e-02    -  1.00e+00 1.00e+00h  1
 449  5.6256807e+00 1.31e-06 2.62e+00  -4.0 2.53e-02    -  1.00e+00 1.00e+00H  1
iter    objective    inf_pr   inf_du lg(mu)  ||d||  lg(rg) alpha_du alpha_pr  ls
 450  5.6221152e+00 6.43e-05 4.32e+00  -4.1 3.10e-02    -  1.00e+00 1.00e+00h  1
 451  5.6211002e+00 1.61e-05 2.22e+00  -4.1 2.80e-02    -  1.00e+00 1.00e+00h  1
 452  5.6256005e+00 2.72e-07 2.09e+00  -4.0 2.46e-02    -  1.00e+00 1.00e+00H  1
 453  5.6220312e+00 3.65e-05 9.31e+00  -4.1 5.92e-02    -  1.00e+00 1.00e+00h  1
 454  5.6198244e+00 4.19e-05 2.38e+00  -4.1 5.15e-02    -  1.00e+00 1.00e+00h  1
 455  5.6255178e+00 2.26e-06 2.91e+00  -4.0 2.81e-02    -  1.00e+00 1.00e+00H  1
 456  5.6220566e+00 8.07e-05 4.03e+00  -4.1 3.26e-02    -  1.00e+00 1.00e+00h  1
 457  5.6214718e+00 1.12e-05 1.79e+00  -4.1 1.71e-02    -  1.00e+00 1.00e+00h  1
 458  5.6256884e+00 3.51e-07 8.47e-01  -4.0 2.32e-02    -  1.00e+00 1.00e+00H  1
 459  5.6219234e+00 7.57e-05 1.00e+01  -4.1 4.37e-02    -  1.00e+00 1.00e+00h  1
iter    objective    inf_pr   inf_du lg(mu)  ||d||  lg(rg) alpha_du alpha_pr  ls
 460  5.6200260e+00 3.16e-05 4.27e+00  -4.1 4.05e-02    -  1.00e+00 1.00e+00h  1
 461  5.6254301e+00 3.87e-06 2.78e+00  -4.0 2.73e-02    -  1.00e+00 1.00e+00H  1
 462  5.6233275e+00 8.52e-07 7.03e+00  -4.1 3.09e-02    -  1.00e+00 1.00e+00H  1
 463  5.6211669e+00 1.75e-05 1.42e+00  -4.1 2.79e-02    -  1.00e+00 1.00e+00h  1
 464  5.6221340e+00 1.31e-06 5.05e-01  -4.1 4.73e-03    -  1.00e+00 1.00e+00h  1
 465  5.6224352e+00 8.09e-07 7.39e-01  -4.1 4.56e-03    -  1.00e+00 1.00e+00h  1
 466  5.6222249e+00 1.83e-07 5.89e-01  -4.1 2.44e-03    -  1.00e+00 1.00e+00h  1
 467  5.6223243e+00 6.22e-08 1.64e-01  -4.1 1.15e-03    -  1.00e+00 1.00e+00h  1
 468  5.6222593e+00 5.36e-08 3.21e-01  -4.1 1.79e-03    -  1.00e+00 1.00e+00H  1
 469  5.6222443e+00 7.57e-08 2.21e-01  -4.1 9.39e-04    -  1.00e+00 1.00e+00h  1
iter    objective    inf_pr   inf_du lg(mu)  ||d||  lg(rg) alpha_du alpha_pr  ls
 470  5.6222571e+00 1.16e-08 1.01e-01  -4.1 5.72e-04    -  1.00e+00 1.00e+00h  1
 471  5.6237780e+00 1.37e-06 1.11e+00  -4.0 5.75e-03    -  1.00e+00 1.00e+00h  1
 472  5.6224150e+00 5.35e-07 6.36e-01  -4.1 6.69e-03    -  1.00e+00 1.00e+00H  1
 473  5.6227874e+00 1.25e-07 2.72e+00  -4.1 2.14e-02    -  1.00e+00 1.00e+00H  1
 474  5.6219133e+00 9.05e-06 3.29e-01  -4.1 2.19e-02    -  1.00e+00 1.00e+00h  1
 475  5.6221261e+00 1.48e-07 5.00e-01  -4.1 2.01e-03    -  1.00e+00 1.00e+00h  1
 476  5.6221378e+00 2.93e-08 1.52e-01  -4.1 1.08e-03    -  1.00e+00 1.00e+00h  1
 477  5.6250546e+00 5.69e-06 1.63e+00  -4.0 1.09e-02    -  1.00e+00 1.00e+00h  1
 478  5.6224297e+00 7.22e-08 1.93e+00  -4.1 1.33e-02    -  1.00e+00 1.00e+00H  1
 479  5.6221539e+00 1.34e-06 3.86e-01  -4.1 1.04e-02    -  1.00e+00 1.00e+00h  1
iter    objective    inf_pr   inf_du lg(mu)  ||d||  lg(rg) alpha_du alpha_pr  ls
 480  5.6221413e+00 7.01e-07 9.72e-01  -4.1 3.47e-03    -  1.00e+00 1.00e+00h  1
 481  5.6222268e+00 3.13e-07 1.39e-01  -4.1 1.64e-03    -  1.00e+00 1.00e+00h  1
 482  5.6222449e+00 4.85e-08 8.36e-02  -4.1 6.87e-04    -  1.00e+00 1.00e+00h  1
 483  5.6253186e+00 8.30e-06 1.31e+00  -4.0 1.13e-02    -  1.00e+00 1.00e+00h  1
 484  5.6223071e+00 9.17e-06 2.36e+00  -4.1 1.78e-02    -  1.00e+00 1.00e+00h  1
 485  5.6221093e+00 8.08e-06 6.91e+00  -4.1 2.00e-02    -  1.00e+00 1.00e+00h  1
 486  5.6220425e+00 1.12e-05 6.22e-01  -4.1 2.01e-02    -  1.00e+00 1.00e+00h  1
 487  5.6221254e+00 2.21e-06 2.06e+00  -4.1 1.04e-02    -  1.00e+00 1.00e+00h  1
 488  5.6220364e+00 1.65e-06 2.49e-01  -4.1 7.73e-03    -  1.00e+00 1.00e+00h  1
 489  5.6221578e+00 3.66e-08 1.60e-01  -4.1 8.59e-04    -  1.00e+00 1.00e+00h  1
iter    objective    inf_pr   inf_du lg(mu)  ||d||  lg(rg) alpha_du alpha_pr  ls
 490  5.6222360e+00 5.37e-08 9.46e-02  -4.1 5.83e-04    -  1.00e+00 1.00e+00h  1
 491  5.6241667e+00 1.60e-06 1.01e+00  -4.0 6.00e-03    -  1.00e+00 1.00e+00h  1
 492  5.6224635e+00 1.06e-06 3.43e-01  -4.1 6.07e-03    -  1.00e+00 1.00e+00h  1
 493  5.6221719e+00 1.50e-06 7.08e-01  -4.1 4.26e-03    -  1.00e+00 1.00e+00h  1
 494  5.6222666e+00 8.13e-07 1.50e-01  -4.1 3.23e-03    -  1.00e+00 1.00e+00h  1
 495  5.6222238e+00 1.79e-07 1.79e-01  -4.1 8.07e-04    -  1.00e+00 1.00e+00h  1
 496  5.6222514e+00 7.12e-08 2.31e-02  -4.1 3.56e-04    -  1.00e+00 1.00e+00h  1
 497  5.6222427e+00 2.29e-09 1.38e-02  -4.1 6.43e-05    -  1.00e+00 1.00e+00h  1
 498  5.6253611e+00 7.35e-06 1.42e+00  -4.0 1.13e-02    -  1.00e+00 1.00e+00f  1
 499  5.6221239e+00 7.10e-06 4.49e-01  -4.1 1.14e-02    -  1.00e+00 1.00e+00h  1
iter    objective    inf_pr   inf_du lg(mu)  ||d||  lg(rg) alpha_du alpha_pr  ls
 500  5.6221363e+00 2.39e-06 2.51e+00  -4.1 1.41e-02    -  1.00e+00 1.00e+00h  1
 501  5.6220100e+00 1.84e-06 6.77e-01  -4.1 1.15e-02    -  1.00e+00 1.00e+00h  1
 502  5.6221455e+00 1.32e-07 1.50e-01  -4.1 1.26e-03    -  1.00e+00 1.00e+00h  1
 503  5.6222088e+00 2.84e-08 7.68e-02  -4.1 5.12e-04    -  1.00e+00 1.00e+00h  1
 504  5.6255049e+00 1.02e-05 1.37e+00  -4.0 1.20e-02    -  1.00e+00 1.00e+00h  1
 505  5.6221618e+00 1.10e-05 4.85e+00  -4.1 1.97e-02    -  1.00e+00 1.00e+00h  1
 506  5.6218662e+00 7.78e-06 3.63e-01  -4.1 1.57e-02    -  1.00e+00 1.00e+00h  1
 507  5.6221245e+00 1.51e-07 3.27e-01  -4.1 2.30e-03    -  1.00e+00 1.00e+00h  1
 508  5.6254906e+00 1.18e-05 4.71e-01  -4.0 1.28e-02    -  1.00e+00 1.00e+00h  1
 509  5.6222093e+00 1.14e-05 9.94e-01  -4.1 1.31e-02    -  1.00e+00 1.00e+00h  1
iter    objective    inf_pr   inf_du lg(mu)  ||d||  lg(rg) alpha_du alpha_pr  ls
 510  5.6220970e+00 1.14e-06 8.32e-01  -4.1 8.52e-03    -  1.00e+00 1.00e+00h  1
 511  5.6222088e+00 4.16e-07 6.86e-01  -4.1 3.53e-03    -  1.00e+00 1.00e+00h  1
 512  5.6221782e+00 1.19e-07 2.78e-01  -4.1 1.15e-03    -  1.00e+00 1.00e+00h  1
 513  5.6222173e+00 9.44e-09 1.08e-01  -4.1 6.12e-04    -  1.00e+00 1.00e+00h  1
 514  5.6222364e+00 7.32e-10 5.32e-02  -4.1 3.78e-04    -  1.00e+00 1.00e+00H  1
 515  5.6255305e+00 1.31e-05 2.20e+00  -4.0 1.19e-02    -  1.00e+00 1.00e+00f  1
 516  5.6221734e+00 1.30e-05 7.93e-01  -4.1 1.25e-02    -  1.00e+00 1.00e+00h  1
 517  5.6220961e+00 2.46e-05 5.07e+00  -4.1 2.87e-02    -  1.00e+00 1.00e+00h  1
 518  5.6214353e+00 1.99e-05 5.21e-01  -4.1 2.57e-02    -  1.00e+00 1.00e+00h  1
 519  5.6250420e+00 1.42e-05 3.19e-01  -4.0 1.29e-02    -  1.00e+00 1.00e+00h  1
iter    objective    inf_pr   inf_du lg(mu)  ||d||  lg(rg) alpha_du alpha_pr  ls
 520  5.6225478e+00 2.14e-06 3.85e+00  -4.1 2.68e-02    -  1.00e+00 1.00e+00H  1
 521  5.6216724e+00 9.62e-06 6.15e-01  -4.1 2.06e-02    -  1.00e+00 1.00e+00h  1
 522  5.6221137e+00 7.03e-07 8.23e-01  -4.1 4.00e-03    -  1.00e+00 1.00e+00h  1
 523  5.6222384e+00 1.51e-07 2.02e-01  -4.1 2.16e-03    -  1.00e+00 1.00e+00h  1
 524  5.6222797e+00 9.96e-08 1.39e-01  -4.1 7.78e-04    -  1.00e+00 1.00e+00h  1
 525  5.6222456e+00 2.11e-08 1.18e-01  -4.1 7.25e-04    -  1.00e+00 1.00e+00H  1
 526  5.6222368e+00 5.18e-09 1.47e-01  -4.1 9.98e-04    -  1.00e+00 1.00e+00H  1
 527  5.6222379e+00 6.07e-08 3.84e-02  -4.1 7.38e-04    -  1.00e+00 1.00e+00h  1
 528  5.6222389e+00 2.40e-08 1.00e-01  -4.1 5.23e-05    -  1.00e+00 5.00e-01h  2
 529  5.6222326e+00 1.57e-09 7.13e-02  -4.1 2.48e-04    -  1.00e+00 1.00e+00H  1
iter    objective    inf_pr   inf_du lg(mu)  ||d||  lg(rg) alpha_du alpha_pr  ls
 530  5.6252654e+00 8.61e-06 3.13e+00  -4.0 1.39e-02    -  1.00e+00 1.00e+00f  1
 531  5.6222700e+00 6.91e-06 2.34e-01  -4.1 1.41e-02    -  1.00e+00 1.00e+00h  1
 532  5.6222288e+00 4.10e-06 2.28e+00  -4.1 1.36e-02    -  1.00e+00 1.00e+00h  1
 533  5.6220904e+00 3.56e-06 1.27e-01  -4.1 1.28e-02    -  1.00e+00 1.00e+00h  1
 534  5.6221861e+00 2.43e-08 1.07e-01  -4.1 5.21e-04    -  1.00e+00 1.00e+00h  1
 535  5.6254025e+00 9.36e-06 1.14e+00  -4.0 1.43e-02    -  1.00e+00 1.00e+00h  1
 536  5.6222474e+00 8.73e-06 5.25e-01  -4.1 1.51e-02    -  1.00e+00 1.00e+00h  1
 537  5.6216961e+00 2.13e-05 4.39e+00  -4.1 2.63e-02    -  1.00e+00 1.00e+00h  1
 538  5.6215743e+00 1.75e-05 6.87e-01  -4.1 2.26e-02    -  1.00e+00 1.00e+00h  1
 539  5.6219323e+00 2.95e-07 2.32e-01  -4.1 2.41e-03    -  1.00e+00 1.00e+00h  1
iter    objective    inf_pr   inf_du lg(mu)  ||d||  lg(rg) alpha_du alpha_pr  ls
 540  5.6221351e+00 2.29e-08 1.37e-01  -4.1 1.19e-03    -  1.00e+00 1.00e+00h  1
 541  5.6255883e+00 1.23e-05 1.90e+00  -4.0 1.47e-02    -  1.00e+00 1.00e+00h  1
 542  5.6222283e+00 1.30e-05 1.56e+00  -4.1 1.39e-02    -  1.00e+00 1.00e+00h  1
 543  5.6221234e+00 1.00e-06 1.79e+00  -4.1 7.51e-03    -  1.00e+00 1.00e+00h  1
 544  5.6222093e+00 3.36e-07 7.94e-01  -4.1 3.17e-03    -  1.00e+00 1.00e+00h  1
 545  5.6222341e+00 2.24e-08 2.28e-01  -4.1 1.06e-03    -  1.00e+00 1.00e+00h  1
 546  5.6222199e+00 3.24e-08 6.24e-02  -4.1 4.14e-04    -  1.00e+00 1.00e+00h  1
 547  5.6222248e+00 1.36e-08 2.47e-02  -4.1 1.86e-04    -  1.00e+00 1.00e+00h  1
 548  5.6251598e+00 1.09e-05 1.90e+00  -4.0 1.32e-02    -  1.00e+00 1.00e+00h  1
 549  5.6224070e+00 9.32e-06 7.83e-01  -4.1 1.19e-02    -  1.00e+00 1.00e+00h  1
iter    objective    inf_pr   inf_du lg(mu)  ||d||  lg(rg) alpha_du alpha_pr  ls
 550  5.6221495e+00 3.41e-06 2.60e+00  -4.1 1.13e-02    -  1.00e+00 1.00e+00h  1
 551  5.6222252e+00 2.29e-06 5.52e-01  -4.1 1.03e-02    -  1.00e+00 1.00e+00h  1
 552  5.6221419e+00 1.27e-07 1.71e-01  -4.1 1.10e-03    -  1.00e+00 1.00e+00h  1
 553  5.6222114e+00 2.57e-08 8.23e-02  -4.1 5.59e-04    -  1.00e+00 1.00e+00h  1
 554  5.6222284e+00 2.19e-09 4.28e-02  -4.1 2.60e-04    -  1.00e+00 1.00e+00h  1
 555  5.6222327e+00 3.46e-09 2.82e-02  -4.1 1.74e-04    -  1.00e+00 1.00e+00h  1
 556  5.6222356e+00 8.16e-11 2.17e-02  -4.1 1.37e-04    -  1.00e+00 1.00e+00H  1
 557  5.6222349e+00 1.40e-10 6.57e-02  -4.1 3.62e-04    -  1.00e+00 1.00e+00H  1
 558  5.6222312e+00 4.96e-10 1.84e-01  -4.1 6.14e-04    -  1.00e+00 1.00e+00H  1
 559  5.6222331e+00 1.38e-10 1.06e-01  -4.1 3.56e-04    -  1.00e+00 1.00e+00H  1
iter    objective    inf_pr   inf_du lg(mu)  ||d||  lg(rg) alpha_du alpha_pr  ls
 560  5.6222312e+00 1.06e-10 3.01e-02  -4.1 2.86e-04    -  1.00e+00 1.00e+00H  1
 561  5.6239303e+00 1.64e-06 1.04e+00  -4.0 5.74e-03    -  1.00e+00 1.00e+00f  1
 562  5.6224664e+00 1.26e-06 1.06e-01  -4.1 5.12e-03    -  1.00e+00 1.00e+00h  1
 563  5.6222045e+00 1.39e-06 1.56e+00  -4.1 7.30e-03    -  1.00e+00 1.00e+00h  1
 564  5.6222510e+00 1.22e-06 9.39e-02  -4.1 6.82e-03    -  1.00e+00 1.00e+00h  1
 565  5.6222219e+00 2.89e-09 1.47e-02  -4.1 1.60e-04    -  1.00e+00 1.00e+00h  1
 566  5.6252797e+00 7.88e-06 1.78e+00  -4.0 1.08e-02    -  1.00e+00 1.00e+00h  1
 567  5.6221860e+00 7.98e-06 5.49e-01  -4.1 1.13e-02    -  1.00e+00 1.00e+00h  1
 568  5.6219658e+00 4.37e-06 3.12e+00  -4.1 1.78e-02    -  1.00e+00 1.00e+00h  1
 569  5.6220905e+00 3.58e-06 3.45e-01  -4.1 1.58e-02    -  1.00e+00 1.00e+00h  1
iter    objective    inf_pr   inf_du lg(mu)  ||d||  lg(rg) alpha_du alpha_pr  ls
 570  5.6222129e+00 7.42e-08 1.19e-01  -4.1 7.90e-04    -  1.00e+00 1.00e+00h  1
 571  5.6222411e+00 7.32e-08 1.44e-01  -4.1 4.97e-04    -  1.00e+00 1.00e+00h  1
 572  5.6222294e+00 3.67e-08 1.04e-01  -4.1 6.51e-04    -  1.00e+00 1.00e+00h  1
 573  5.6222315e+00 8.77e-09 2.70e-02  -4.1 4.94e-04    -  1.00e+00 1.00e+00h  1
 574  5.6222298e+00 2.33e-09 2.80e-02  -4.1 1.89e-04    -  1.00e+00 1.00e+00h  1
 575  5.6222302e+00 1.30e-09 8.50e-03  -4.1 1.22e-04    -  1.00e+00 1.00e+00h  1
 576  5.6234393e+00 1.01e-06 4.94e-01  -4.0 4.29e-03    -  1.00e+00 1.00e+00f  1
 577  5.6224828e+00 1.07e-06 1.20e-01  -4.1 3.88e-03    -  1.00e+00 1.00e+00h  1
 578  5.6221446e+00 1.33e-06 1.51e+00  -4.1 6.89e-03    -  1.00e+00 1.00e+00h  1
 579  5.6222801e+00 1.07e-06 6.51e-02  -4.1 6.17e-03    -  1.00e+00 1.00e+00h  1
iter    objective    inf_pr   inf_du lg(mu)  ||d||  lg(rg) alpha_du alpha_pr  ls
 580  5.6222516e+00 3.47e-09 3.37e-02  -4.1 2.48e-04    -  1.00e+00 1.00e+00h  1
 581  5.6222052e+00 4.92e-09 6.42e-02  -4.1 5.69e-04    -  1.00e+00 1.00e+00h  1
 582  5.6222278e+00 1.49e-08 3.63e-02  -4.1 3.82e-04    -  1.00e+00 1.00e+00h  1
 583  5.6222286e+00 4.70e-09 4.97e-02  -4.1 2.75e-04    -  1.00e+00 1.00e+00h  1
 584  5.6222362e+00 1.96e-09 7.12e-03  -4.1 2.05e-04    -  1.00e+00 1.00e+00h  1
 585  5.6222352e+00 1.50e-09 2.58e-03  -4.1 2.12e-05    -  1.00e+00 1.00e+00h  1
 586  5.6222348e+00 1.64e-11 4.74e-03  -4.1 2.53e-05    -  1.00e+00 1.00e+00H  1
 587  5.6222345e+00 1.30e-11 4.37e-02  -4.1 2.31e-04    -  1.00e+00 1.00e+00H  1
 588  5.6222345e+00 5.33e-12 9.35e-02  -4.1 2.62e-04    -  1.00e+00 1.00e+00H  1
 589  5.6222334e+00 2.88e-10 2.11e-01  -4.1 6.25e-04    -  1.00e+00 1.00e+00H  1
iter    objective    inf_pr   inf_du lg(mu)  ||d||  lg(rg) alpha_du alpha_pr  ls
 590  5.6222335e+00 5.34e-12 5.71e-02  -4.1 3.99e-04    -  1.00e+00 1.00e+00H  1
 591  5.6222329e+00 4.87e-10 5.84e-02  -4.1 4.44e-04    -  1.00e+00 1.00e+00H  1
 592  5.6222324e+00 6.65e-09 4.92e-02  -4.1 3.46e-04    -  1.00e+00 5.00e-01h  2
 593  5.6222324e+00 6.65e-09 2.66e-01  -4.1 2.40e-04    -  1.00e+00 3.05e-05h 16
 594  5.6222336e+00 4.83e-12 5.80e-02  -4.1 4.72e-04    -  1.00e+00 1.00e+00H  1
 595  5.6222342e+00 1.33e-12 2.62e-01  -4.1 1.05e-03    -  1.00e+00 1.00e+00H  1
 596  5.6222376e+00 1.02e-07 4.15e-02  -4.1 9.36e-04    -  1.00e+00 1.00e+00s 22
 597  5.6222278e+00 6.86e-09 2.68e-02  -4.1 2.19e-04    -  1.00e+00 1.00e+00s 22
 598  5.6222340e+00 1.24e-08 1.11e-02  -4.1 1.62e-04    -  1.00e+00 1.00e+00s 22
 599r 5.6222340e+00 1.24e-08 7.94e+02  -4.1 0.00e+00    -  0.00e+00 0.00e+00R  1
iter    objective    inf_pr   inf_du lg(mu)  ||d||  lg(rg) alpha_du alpha_pr  ls
 600r 5.6237123e+00 4.59e-07 1.97e-01  -4.0 5.01e-03    -  1.00e+00 1.00e+00f  1
 601r 5.6358335e+00 1.01e-04 2.78e+01  -4.1 4.38e-02    -  8.34e-01 1.00e+00f  1
 602r 5.6986220e+00 1.50e-03 6.65e+00  -4.0 1.87e-01    -  4.42e-01 1.00e+00h  1
 603r 5.7123889e+00 7.63e-04 8.73e-01  -4.1 1.56e-01    -  9.64e-01 1.00e+00h  1
 604r 5.7263165e+00 3.07e-04 2.98e-01  -4.0 1.19e-01    -  1.00e+00 1.00e+00h  1
 605r 5.7157126e+00 6.78e-05 1.72e-01  -4.1 5.00e-02    -  1.00e+00 1.00e+00h  1
 606r 5.7266741e+00 1.42e-05 1.86e-01  -4.1 3.18e-02    -  1.00e+00 1.00e+00h  1
 607r 5.7314598e+00 4.49e-05 2.33e-01  -4.1 3.98e-02    -  1.00e+00 1.00e+00h  1
 608r 5.7322923e+00 1.39e-05 4.83e-02  -4.1 2.20e-02    -  1.00e+00 1.00e+00h  1
 609r 5.7322635e+00 1.21e-06 1.69e-02  -4.1 5.47e-03    -  1.00e+00 1.00e+00h  1
iter    objective    inf_pr   inf_du lg(mu)  ||d||  lg(rg) alpha_du alpha_pr  ls
 610r 5.7328716e+00 2.85e-07 1.79e-02  -4.1 2.90e-03    -  1.00e+00 1.00e+00h  1
 611r 5.7331627e+00 1.76e-07 1.61e-02  -4.1 2.29e-03    -  1.00e+00 1.00e+00h  1
 612r 5.7330181e+00 5.57e-08 4.49e-03  -4.1 1.42e-03    -  1.00e+00 1.00e+00h  1
 613r 5.6874611e+00 4.04e-04 5.15e-01  -6.1 1.58e-01    -  9.60e-01 9.92e-01f  1
 614r 6.0117355e+00 4.48e-02 1.67e+00  -4.0 9.27e-01    -  6.97e-01 1.00e+00f  1
 615r 5.9211090e+00 2.59e-02 1.20e+00  -4.1 5.75e-01    -  7.83e-01 4.47e-01h  1
 616r 5.8618511e+00 4.36e-03 2.34e+00  -4.1 2.13e-01    -  8.93e-01 1.00e+00h  1
 617r 5.7426595e+00 5.95e-03 2.82e+00  -4.1 5.14e-01    -  4.74e-01 7.28e-01h  1
 618r 5.7286079e+00 1.67e-03 3.21e+00  -4.1 2.01e-01    -  1.00e+00 6.63e-01h  1
 619r 5.7149164e+00 7.54e-04 2.08e-01  -4.1 1.59e-01    -  1.00e+00 1.00e+00f  1
iter    objective    inf_pr   inf_du lg(mu)  ||d||  lg(rg) alpha_du alpha_pr  ls
 620r 5.7261171e+00 2.80e-04 3.15e-01  -4.0 1.08e-01    -  1.00e+00 1.00e+00h  1
 621r 5.7187254e+00 8.97e-05 4.02e-01  -4.1 4.80e-02    -  1.00e+00 1.00e+00h  1
 622r 5.7264069e+00 3.95e-05 1.80e-01  -4.1 3.58e-02    -  1.00e+00 1.00e+00h  1
 623r 5.7330937e+00 1.62e-05 1.27e-01  -4.1 3.42e-02    -  1.00e+00 1.00e+00h  1
 624r 5.7336182e+00 3.40e-06 6.78e-02  -4.1 1.44e-02    -  1.00e+00 1.00e+00h  1
 625r 5.7324861e+00 1.22e-06 3.81e-02  -4.1 8.61e-03    -  1.00e+00 1.00e+00h  1
 626r 5.7326351e+00 7.10e-07 2.69e-02  -4.1 4.67e-03    -  1.00e+00 1.00e+00h  1
 627r 5.7328963e+00 1.42e-07 4.65e-03  -4.1 2.08e-03    -  1.00e+00 1.00e+00h  1
 628r 5.7329012e+00 1.71e-08 4.20e-03  -4.1 6.03e-04    -  1.00e+00 1.00e+00h  1
 629r 5.6729909e+00 9.33e-04 1.49e+00  -6.1 1.86e-01    -  9.12e-01 9.89e-01f  1
iter    objective    inf_pr   inf_du lg(mu)  ||d||  lg(rg) alpha_du alpha_pr  ls
 630r 5.6711104e+00 3.28e-05 3.99e-01  -6.1 3.57e-02    -  9.68e-01 1.00e+00h  1
 631r 5.9674305e+00 3.08e-02 2.77e+01  -4.0 3.32e+00    -  1.00e+00 3.24e-01f  1
 632r 5.8508102e+00 9.15e-03 8.41e+00  -4.4 5.16e-01    -  6.63e-01 9.58e-01h  1
 633r 5.7793137e+00 1.79e-03 1.00e+00  -4.4 2.61e-01    -  9.21e-01 1.00e+00h  1
 634r 5.7206981e+00 1.48e-03 1.81e+00  -4.4 2.50e-01    -  8.70e-01 1.00e+00h  1
 635r 5.7152794e+00 6.63e-04 2.77e+00  -4.4 1.22e-01    -  1.00e+00 5.53e-01h  1
 636r 5.7134998e+00 2.41e-04 1.75e-01  -4.4 7.33e-02    -  1.00e+00 1.00e+00f  1
 637r 5.7124765e+00 6.53e-05 1.72e-01  -4.4 4.30e-02    -  1.00e+00 1.00e+00h  1
 638r 5.7139020e+00 1.29e-05 5.11e-02  -4.4 2.37e-02    -  1.00e+00 1.00e+00h  1
 639r 5.7839046e+00 1.25e-03 8.71e-01  -4.0 2.31e-01    -  1.00e+00 1.00e+00f  1
iter    objective    inf_pr   inf_du lg(mu)  ||d||  lg(rg) alpha_du alpha_pr  ls
 640r 5.7485666e+00 3.87e-04 2.52e-01  -4.1 1.25e-01    -  1.00e+00 1.00e+00h  1
 641r 5.7354410e+00 1.83e-04 2.36e-01  -4.1 8.28e-02    -  1.00e+00 1.00e+00h  1
 642r 5.7351344e+00 6.53e-05 1.51e-01  -4.1 4.36e-02    -  1.00e+00 1.00e+00h  1
 643r 5.7341454e+00 6.77e-06 8.73e-02  -4.1 1.93e-02    -  1.00e+00 1.00e+00h  1
 644r 5.7331504e+00 7.35e-07 2.44e-02  -4.1 5.51e-03    -  1.00e+00 1.00e+00h  1
 645r 5.7328530e+00 6.28e-07 2.67e-02  -4.1 4.50e-03    -  1.00e+00 1.00e+00h  1
 646r 5.7331923e+00 3.33e-07 2.21e-02  -4.1 3.96e-03    -  1.00e+00 1.00e+00h  1
 647r 5.7329833e+00 5.59e-08 7.72e-03  -4.1 1.72e-03    -  1.00e+00 1.00e+00h  1
 648r 5.7330088e+00 1.72e-08 7.98e-03  -4.1 1.07e-03    -  1.00e+00 1.00e+00h  1
 649r 5.7330641e+00 1.91e-08 3.53e-03  -4.1 6.93e-04    -  1.00e+00 1.00e+00h  1
iter    objective    inf_pr   inf_du lg(mu)  ||d||  lg(rg) alpha_du alpha_pr  ls
 650r 5.6843354e+00 9.99e-04 8.56e+00  -6.1 1.58e-01    -  7.18e-01 9.75e-01f  1
 651r 5.6819314e+00 3.41e-04 1.35e+00  -6.1 4.05e-02    -  9.11e-01 6.59e-01h  1
 652r 5.6771367e+00 3.13e-04 2.78e-02  -6.1 6.81e-02    -  1.00e+00 1.00e+00h  1
 653r 5.6617843e+00 8.99e-05 1.25e-02  -6.1 5.33e-02    -  1.00e+00 1.00e+00h  1
 654r 5.7490621e+00 2.76e-03 2.29e+01  -4.0 6.22e+00    -  1.00e+00 4.46e-02f  1
 655r 5.7208837e+00 5.49e-04 3.09e-01  -4.7 1.47e-01    -  9.78e-01 1.00e+00h  1
 656r 5.6982118e+00 2.89e-04 8.20e+00  -4.7 1.06e-01    -  5.87e-01 1.00e+00h  1
 657r 5.6944096e+00 1.40e-04 9.70e-02  -4.7 8.24e-02    -  1.00e+00 1.00e+00h  1
 658r 5.6985170e+00 1.62e-05 5.70e-02  -4.7 3.71e-02    -  1.00e+00 1.00e+00h  1
 659r 5.8208924e+00 2.50e-03 1.85e+00  -4.0 5.30e-01    -  1.00e+00 7.49e-01f  1
iter    objective    inf_pr   inf_du lg(mu)  ||d||  lg(rg) alpha_du alpha_pr  ls
 660r 5.7569667e+00 1.11e-03 1.80e+00  -4.2 1.98e-01    -  8.64e-01 1.00e+00h  1
 661r 5.7498872e+00 4.11e-04 2.70e+00  -4.2 1.12e-01    -  1.00e+00 7.19e-01h  1
 662r 5.7263610e+00 1.85e-04 2.15e-01  -4.2 8.38e-02    -  1.00e+00 1.00e+00f  1
 663r 5.7293310e+00 1.08e-04 1.82e-01  -4.2 6.96e-02    -  1.00e+00 1.00e+00h  1
 664r 5.7283449e+00 2.20e-05 6.58e-02  -4.2 3.05e-02    -  1.00e+00 1.00e+00h  1
 665r 5.7286646e+00 6.62e-07 3.18e-02  -4.2 4.57e-03    -  1.00e+00 1.00e+00h  1
 666r 5.7567987e+00 1.96e-04 3.43e-01  -4.0 8.96e-02    -  1.00e+00 1.00e+00f  1
 667r 5.7389386e+00 1.15e-04 1.69e-01  -4.1 6.24e-02    -  1.00e+00 1.00e+00h  1
 668r 5.7295682e+00 4.82e-05 1.79e-01  -4.1 4.95e-02    -  1.00e+00 1.00e+00h  1
 669r 5.7327679e+00 1.48e-05 1.27e-01  -4.1 2.21e-02    -  1.00e+00 1.00e+00h  1
iter    objective    inf_pr   inf_du lg(mu)  ||d||  lg(rg) alpha_du alpha_pr  ls
 670r 5.7330272e+00 9.36e-07 2.82e-02  -4.1 5.70e-03    -  1.00e+00 1.00e+00h  1
 671r 5.7329833e+00 1.11e-07 9.31e-03  -4.1 1.91e-03    -  1.00e+00 1.00e+00h  1
 672r 5.7330204e+00 9.35e-08 9.09e-03  -4.1 2.05e-03    -  1.00e+00 1.00e+00h  1
 673r 5.7330626e+00 1.03e-07 8.94e-03  -4.1 2.02e-03    -  1.00e+00 1.00e+00h  1
 674r 5.7330166e+00 2.92e-08 4.74e-03  -4.1 1.24e-03    -  1.00e+00 1.00e+00h  1
 675r 5.7330283e+00 4.44e-09 7.40e-04  -4.1 2.99e-04    -  1.00e+00 1.00e+00h  1
 676r 5.7131750e+00 2.08e-04 3.16e+00  -6.1 6.96e-02    -  8.62e-01 9.82e-01f  1
 677r 5.6967647e+00 6.46e-05 1.06e-01  -6.1 5.72e-02    -  9.86e-01 1.00e+00h  1
 678r 5.6689257e+00 2.40e-04 3.83e-02  -6.1 9.91e-02    -  1.00e+00 9.21e-01h  1
 679r 5.6581190e+00 1.14e-04 7.68e-02  -6.1 6.19e-02    -  7.50e-01 1.00e+00h  1
iter    objective    inf_pr   inf_du lg(mu)  ||d||  lg(rg) alpha_du alpha_pr  ls
 680r 5.7287313e+00 1.66e-03 4.79e+01  -4.0 6.16e+00    -  1.00e+00 3.40e-02f  1
 681r 5.7075444e+00 3.67e-04 6.49e-01  -4.7 9.83e-02    -  9.83e-01 1.00e+00h  1
 682r 5.7033187e+00 9.29e-05 5.78e-02  -4.7 5.14e-02    -  1.00e+00 1.00e+00h  1
 683r 5.7007672e+00 1.76e-05 5.54e-02  -4.7 2.25e-02    -  1.00e+00 1.00e+00h  1
 684r 5.9119505e+00 1.29e-02 2.37e+00  -4.0 6.59e-01    -  1.00e+00 1.00e+00f  1
 685r 5.8154935e+00 4.47e-03 7.38e-01  -4.1 3.20e-01    -  1.00e+00 1.00e+00h  1
 686r 5.7646923e+00 1.29e-03 2.80e+00  -4.1 2.52e-01    -  8.77e-01 7.28e-01h  1
 687r 5.7563463e+00 8.43e-04 3.53e+00  -4.1 1.22e-01    -  1.00e+00 3.54e-01h  1
 688r 5.7336626e+00 8.03e-04 1.53e-01  -4.1 1.61e-01    -  1.00e+00 1.00e+00f  1
 689r 5.7237624e+00 2.37e-04 1.71e-01  -4.1 1.07e-01    -  1.00e+00 1.00e+00h  1
iter    objective    inf_pr   inf_du lg(mu)  ||d||  lg(rg) alpha_du alpha_pr  ls
 690r 5.7303476e+00 5.02e-05 2.89e-01  -4.1 3.97e-02    -  1.00e+00 1.00e+00h  1
 691r 5.7342047e+00 9.25e-06 1.20e-01  -4.1 2.07e-02    -  1.00e+00 1.00e+00h  1
 692r 5.7333256e+00 2.60e-06 7.68e-02  -4.1 1.13e-02    -  1.00e+00 1.00e+00h  1
 693r 5.7327616e+00 1.32e-06 4.63e-02  -4.1 8.53e-03    -  1.00e+00 1.00e+00h  1
 694r 5.7334787e+00 1.15e-06 3.19e-02  -4.1 5.40e-03    -  1.00e+00 1.00e+00h  1
 695r 5.7335926e+00 2.13e-07 1.39e-02  -4.1 2.71e-03    -  1.00e+00 1.00e+00h  1
 696r 5.7334100e+00 5.76e-08 5.06e-03  -4.1 1.34e-03    -  1.00e+00 1.00e+00h  1
 697r 5.7334309e+00 1.10e-08 2.44e-03  -4.1 5.26e-04    -  1.00e+00 1.00e+00h  1
 698r 5.6994831e+00 5.01e-04 2.80e+00  -6.1 1.27e-01    -  8.93e-01 9.74e-01f  1
 699r 5.6896237e+00 6.47e-05 3.23e-02  -6.1 5.69e-02    -  9.98e-01 1.00e+00h  1
iter    objective    inf_pr   inf_du lg(mu)  ||d||  lg(rg) alpha_du alpha_pr  ls
 700r 5.6652390e+00 1.62e-04 3.99e-02  -6.1 8.08e-02    -  1.00e+00 1.00e+00h  1
 701r 5.6593907e+00 4.47e-05 9.09e-03  -6.1 4.13e-02    -  1.00e+00 1.00e+00h  1
 702r 5.6580348e+00 2.38e-05 9.79e-03  -6.1 2.29e-02    -  1.00e+00 1.00e+00h  1
 703r 5.7266305e+00 1.66e-03 3.45e+01  -4.0 6.80e+00    -  1.00e+00 3.34e-02f  1
 704r 5.7029352e+00 4.02e-04 2.10e+00  -4.7 1.47e-01    -  9.25e-01 1.00e+00h  1
 705r 5.6975590e+00 3.25e-04 5.71e-01  -4.7 9.79e-02    -  8.97e-01 1.00e+00h  1
 706r 5.6947863e+00 1.08e-04 9.88e-02  -4.7 5.11e-02    -  1.00e+00 1.00e+00h  1
 707r 5.6982013e+00 1.86e-05 4.83e-02  -4.7 2.10e-02    -  1.00e+00 1.00e+00h  1
 708r 5.6991596e+00 6.17e-06 2.98e-02  -4.7 1.56e-02    -  1.00e+00 1.00e+00h  1
 709r 5.8176127e+00 3.28e-03 1.08e+00  -4.0 4.09e-01    -  1.00e+00 1.00e+00f  1
iter    objective    inf_pr   inf_du lg(mu)  ||d||  lg(rg) alpha_du alpha_pr  ls
 710r 5.7633153e+00 6.25e-04 3.22e-01  -4.1 1.89e-01    -  1.00e+00 1.00e+00h  1
 711r 5.7418846e+00 2.70e-04 4.98e-01  -4.1 8.40e-02    -  1.00e+00 1.00e+00h  1
 712r 5.7306815e+00 9.08e-05 1.92e-01  -4.1 8.09e-02    -  1.00e+00 1.00e+00h  1
 713r 5.7322742e+00 4.08e-05 2.30e-01  -4.1 4.54e-02    -  1.00e+00 1.00e+00h  1
 714r 5.7330017e+00 6.76e-06 5.67e-02  -4.1 1.71e-02    -  1.00e+00 1.00e+00h  1
 715r 5.7335792e+00 3.38e-07 1.56e-02  -4.1 3.13e-03    -  1.00e+00 1.00e+00h  1
 716r 5.7335576e+00 2.42e-07 1.44e-02  -4.1 2.97e-03    -  1.00e+00 1.00e+00h  1
 717r 5.7334152e+00 3.80e-07 2.04e-02  -4.1 3.67e-03    -  1.00e+00 1.00e+00h  1
 718r 5.7333580e+00 7.14e-08 4.18e-03  -4.1 1.76e-03    -  1.00e+00 1.00e+00h  1
 719r 5.7219296e+00 4.26e-05 2.36e+00  -6.1 4.16e-02    -  8.85e-01 9.85e-01f  1
iter    objective    inf_pr   inf_du lg(mu)  ||d||  lg(rg) alpha_du alpha_pr  ls
 720r 5.6987760e+00 1.19e-04 4.44e-02  -6.1 7.16e-02    -  1.00e+00 1.00e+00h  1
 721r 5.6814205e+00 1.55e-04 3.74e-02  -6.1 9.52e-02    -  1.00e+00 6.63e-01h  1
 722r 5.6594370e+00 1.33e-04 1.03e-02  -6.1 7.23e-02    -  1.00e+00 1.00e+00h  1
 723r 5.6541140e+00 4.46e-05 5.28e-03  -6.1 4.84e-02    -  1.00e+00 1.00e+00h  1
 724r 5.6545825e+00 6.63e-06 3.20e-03  -6.1 1.87e-02    -  1.00e+00 1.00e+00h  1
 725r 5.7285552e+00 1.66e-03 5.44e+01  -4.0 7.63e+00    -  1.00e+00 3.02e-02f  1
 726r 5.7046436e+00 3.03e-04 4.46e+00  -4.7 1.25e-01    -  9.09e-01 1.00e+00h  1
 727r 5.6998318e+00 1.20e-04 2.56e-01  -4.7 8.00e-02    -  9.53e-01 1.00e+00h  1
 728r 5.6973555e+00 2.59e-05 4.11e-02  -4.7 4.22e-02    -  1.00e+00 1.00e+00h  1
 729r 5.6960548e+00 1.71e-05 2.48e-02  -4.7 3.03e-02    -  1.00e+00 1.00e+00h  1
iter    objective    inf_pr   inf_du lg(mu)  ||d||  lg(rg) alpha_du alpha_pr  ls
 730r 5.6982007e+00 3.19e-06 1.51e-02  -4.7 1.15e-02    -  1.00e+00 1.00e+00h  1
 731r 5.9021649e+00 1.42e-02 3.15e+00  -4.0 6.74e-01    -  1.00e+00 1.00e+00f  1
 732r 5.7982640e+00 3.38e-03 1.29e+00  -4.1 3.24e-01    -  1.00e+00 1.00e+00h  1
 733r 5.7426081e+00 1.38e-03 5.02e-01  -4.1 2.62e-01    -  1.00e+00 1.00e+00h  1
 734r 5.7286450e+00 6.48e-04 1.39e-01  -4.1 1.57e-01    -  1.00e+00 1.00e+00h  1
 735r 5.7293923e+00 2.37e-04 3.69e+00  -4.1 6.30e-02    -  1.00e+00 6.69e-01h  1
 736r 5.7293718e+00 5.31e-05 2.71e-01  -4.1 4.97e-02    -  1.00e+00 1.00e+00f  1
 737r 5.7308712e+00 1.05e-05 9.79e-02  -4.1 1.99e-02    -  1.00e+00 1.00e+00h  1
 738r 5.7324485e+00 2.93e-06 6.57e-02  -4.1 1.18e-02    -  1.00e+00 1.00e+00h  1
 739r 5.7335507e+00 1.81e-06 4.60e-02  -4.1 9.83e-03    -  1.00e+00 1.00e+00h  1
iter    objective    inf_pr   inf_du lg(mu)  ||d||  lg(rg) alpha_du alpha_pr  ls
 740r 5.7336196e+00 2.32e-07 1.65e-02  -4.1 2.80e-03    -  1.00e+00 1.00e+00h  1
 741r 5.7335672e+00 7.69e-08 8.55e-03  -4.1 1.28e-03    -  1.00e+00 1.00e+00h  1
 742r 5.7335497e+00 4.82e-08 1.02e-02  -4.1 1.08e-03    -  1.00e+00 1.00e+00h  1
 743r 5.7335229e+00 1.91e-08 4.50e-03  -4.1 7.67e-04    -  1.00e+00 1.00e+00h  1
 744r 5.7083308e+00 1.49e-04 9.63e-01  -6.1 9.44e-02    -  9.36e-01 9.91e-01f  1
 745r 5.6914958e+00 1.34e-04 2.79e-01  -6.1 5.50e-02    -  9.79e-01 1.00e+00h  1
 746r 5.6620771e+00 2.16e-04 2.86e-02  -6.1 8.87e-02    -  1.00e+00 1.00e+00h  1
 747r 5.6538299e+00 5.38e-05 4.28e-02  -6.1 6.61e-02    -  1.00e+00 8.31e-01h  1
 748r 5.6551549e+00 1.73e-05 1.15e-02  -6.1 2.96e-02    -  1.00e+00 1.00e+00h  1
 749r 5.6546297e+00 1.55e-06 8.82e-03  -6.1 9.36e-03    -  1.00e+00 1.00e+00h  1
iter    objective    inf_pr   inf_du lg(mu)  ||d||  lg(rg) alpha_du alpha_pr  ls
 750r 5.7279934e+00 1.66e-03 5.81e+01  -4.0 7.48e+00    -  1.00e+00 3.25e-02f  1
 751r 5.7032447e+00 6.69e-04 1.39e+01  -4.7 1.53e-01    -  7.58e-01 1.00e+00h  1
 752r 5.6958508e+00 1.90e-04 1.06e-01  -4.7 8.06e-02    -  1.00e+00 1.00e+00h  1
 753r 5.7001420e+00 8.34e-05 7.60e-02  -4.7 5.07e-02    -  1.00e+00 1.00e+00h  1
 754r 5.6971474e+00 4.30e-05 4.54e-02  -4.7 4.30e-02    -  1.00e+00 1.00e+00h  1
 755r 5.6980208e+00 6.71e-06 2.28e-02  -4.7 1.41e-02    -  1.00e+00 1.00e+00h  1
 756r 5.6985866e+00 8.83e-07 8.46e-03  -4.7 6.44e-03    -  1.00e+00 1.00e+00h  1
 757r 5.8530072e+00 6.15e-03 2.39e+00  -4.0 4.73e-01    -  1.00e+00 1.00e+00f  1
 758r 5.7869567e+00 1.46e-03 8.69e-01  -4.1 2.76e-01    -  1.00e+00 1.00e+00h  1
 759r 5.7490824e+00 1.35e-03 4.19e-01  -4.1 2.55e-01    -  1.00e+00 1.00e+00h  1
iter    objective    inf_pr   inf_du lg(mu)  ||d||  lg(rg) alpha_du alpha_pr  ls
 760r 5.7348420e+00 5.94e-04 4.25e-01  -4.1 1.53e-01    -  1.00e+00 1.00e+00h  1
 761r 5.7352252e+00 2.29e-04 2.19e-01  -4.1 7.60e-02    -  1.00e+00 1.00e+00h  1
 762r 5.7342651e+00 8.07e-05 1.81e-01  -4.1 6.26e-02    -  1.00e+00 1.00e+00h  1
 763r 5.7338722e+00 6.39e-06 6.03e-02  -4.1 1.78e-02    -  1.00e+00 1.00e+00h  1
 764r 5.7338635e+00 1.93e-06 3.66e-02  -4.1 8.69e-03    -  1.00e+00 1.00e+00h  1
 765r 5.7336329e+00 7.15e-07 2.90e-02  -4.1 4.31e-03    -  1.00e+00 1.00e+00h  1
 766r 5.7335946e+00 4.61e-07 1.71e-02  -4.1 3.57e-03    -  1.00e+00 1.00e+00h  1
 767r 5.7334172e+00 1.24e-07 1.41e-02  -4.1 2.25e-03    -  1.00e+00 1.00e+00h  1
 768r 5.7334597e+00 2.97e-08 3.01e-03  -4.1 8.39e-04    -  1.00e+00 1.00e+00h  1
 769r 5.7149054e+00 1.34e-04 5.65e+00  -6.1 6.12e-02    -  7.92e-01 9.78e-01f  1
iter    objective    inf_pr   inf_du lg(mu)  ||d||  lg(rg) alpha_du alpha_pr  ls
 770r 5.6972542e+00 7.64e-05 1.46e-01  -6.1 6.35e-02    -  9.78e-01 1.00e+00h  1
 771r 5.6832790e+00 7.88e-05 2.04e-01  -6.1 1.37e-01    -  1.00e+00 3.69e-01h  1
 772r 5.6637935e+00 1.41e-04 4.12e-03  -6.1 5.74e-02    -  1.00e+00 1.00e+00h  1
 773r 5.6569762e+00 4.49e-05 5.10e-03  -6.1 3.54e-02    -  1.00e+00 1.00e+00h  1
 774r 5.6543264e+00 1.21e-05 2.82e-03  -6.1 2.05e-02    -  1.00e+00 1.00e+00h  1
 775r 5.6538179e+00 5.87e-06 1.01e-03  -6.1 1.19e-02    -  1.00e+00 1.00e+00h  1
 776r 5.7246002e+00 1.30e-03 4.17e+01  -4.0 9.40e+00    -  1.00e+00 2.57e-02f  1
 777r 5.7016045e+00 5.09e-04 7.75e+00  -4.7 1.11e-01    -  7.82e-01 1.00e+00f  1
 778r 5.6962241e+00 1.42e-04 7.18e-02  -4.7 8.83e-02    -  1.00e+00 1.00e+00h  1
 779r 5.6942943e+00 2.88e-05 7.02e-02  -4.7 3.03e-02    -  1.00e+00 1.00e+00h  1
iter    objective    inf_pr   inf_du lg(mu)  ||d||  lg(rg) alpha_du alpha_pr  ls
 780r 5.6945929e+00 1.59e-05 4.19e-02  -4.7 1.92e-02    -  1.00e+00 1.00e+00h  1
 781r 5.6978351e+00 9.35e-06 1.78e-02  -4.7 1.81e-02    -  1.00e+00 1.00e+00h  1
 782r 5.6985006e+00 1.88e-06 1.25e-02  -4.7 8.77e-03    -  1.00e+00 1.00e+00h  1
 783r 5.8535959e+00 5.85e-03 2.54e+00  -4.0 5.73e-01    -  1.00e+00 1.00e+00f  1
 784r 5.8034303e+00 9.03e-04 5.20e-01  -4.1 2.31e-01    -  1.00e+00 1.00e+00h  1
 785r 5.7549191e+00 1.15e-03 4.30e-01  -4.1 2.24e-01    -  9.62e-01 1.00e+00h  1
 786r 5.7285869e+00 4.35e-04 1.45e+00  -4.1 1.41e-01    -  1.00e+00 8.47e-01h  1
 787r 5.7281763e+00 3.06e-04 2.17e-01  -4.1 1.00e-01    -  1.00e+00 1.00e+00f  1
 788r 5.7319561e+00 1.41e-04 3.56e-01  -4.1 5.87e-02    -  1.00e+00 1.00e+00h  1
 789r 5.7317962e+00 2.68e-05 1.29e-01  -4.1 2.89e-02    -  1.00e+00 1.00e+00h  1
iter    objective    inf_pr   inf_du lg(mu)  ||d||  lg(rg) alpha_du alpha_pr  ls
 790r 5.7330651e+00 1.69e-06 4.72e-02  -4.1 8.76e-03    -  1.00e+00 1.00e+00h  1
 791r 5.7334095e+00 8.09e-07 3.14e-02  -4.1 5.57e-03    -  1.00e+00 1.00e+00h  1
 792r 5.7335117e+00 8.43e-07 2.72e-02  -4.1 6.59e-03    -  1.00e+00 1.00e+00h  1
 793r 5.7334163e+00 4.56e-07 1.36e-02  -4.1 4.11e-03    -  1.00e+00 1.00e+00h  1
 794r 5.7334241e+00 5.80e-08 4.83e-03  -4.1 1.41e-03    -  1.00e+00 1.00e+00h  1
 795r 5.7334393e+00 6.10e-09 1.72e-03  -4.1 4.31e-04    -  1.00e+00 1.00e+00h  1
 796r 5.7085308e+00 2.54e-04 3.40e+00  -6.1 7.70e-02    -  8.52e-01 9.82e-01f  1
 797r 5.6940369e+00 5.10e-05 2.77e-02  -6.1 4.90e-02    -  9.97e-01 1.00e+00h  1
 798r 5.6621685e+00 3.24e-04 1.22e-02  -6.1 1.07e-01    -  1.00e+00 1.00e+00h  1
 799r 5.6513294e+00 1.44e-04 1.56e-02  -6.1 8.75e-02    -  9.47e-01 1.00e+00h  1
iter    objective    inf_pr   inf_du lg(mu)  ||d||  lg(rg) alpha_du alpha_pr  ls
 800r 5.6543003e+00 2.10e-05 4.57e-03  -6.1 2.66e-02    -  1.00e+00 1.00e+00h  1
 801r 5.6544929e+00 2.26e-06 1.38e-03  -6.1 8.36e-03    -  1.00e+00 1.00e+00h  1
 802r 5.7275266e+00 1.46e-03 7.67e+01  -4.0 7.35e+00    -  1.00e+00 3.16e-02f  1
 803r 5.7012092e+00 2.44e-04 6.15e+00  -4.7 1.19e-01    -  9.09e-01 1.00e+00h  1
 804r 5.6981165e+00 6.71e-05 6.88e-02  -4.7 5.61e-02    -  1.00e+00 1.00e+00h  1
 805r 5.6926346e+00 7.79e-05 2.70e-01  -4.7 6.93e-02    -  1.00e+00 1.00e+00H  1
 806r 5.6967078e+00 4.53e-05 6.85e-02  -4.7 4.05e-02    -  1.00e+00 1.00e+00h  1
 807r 5.6975260e+00 2.04e-05 4.43e-02  -4.7 2.26e-02    -  1.00e+00 1.00e+00h  1
 808r 5.6977426e+00 4.36e-06 2.12e-02  -4.7 1.29e-02    -  1.00e+00 1.00e+00h  1
 809r 5.6982643e+00 2.18e-07 6.86e-03  -4.7 2.89e-03    -  1.00e+00 1.00e+00h  1
iter    objective    inf_pr   inf_du lg(mu)  ||d||  lg(rg) alpha_du alpha_pr  ls
 810r 5.8542456e+00 1.03e-02 4.78e+00  -4.0 5.90e-01    -  1.00e+00 1.00e+00f  1
 811r 5.8019007e+00 1.97e-03 1.66e+00  -4.1 2.62e-01    -  1.00e+00 1.00e+00h  1
 812r 5.7665549e+00 8.26e-04 4.52e-01  -4.1 1.81e-01    -  9.49e-01 1.00e+00h  1
 813r 5.7403452e+00 6.20e-04 1.70e+00  -4.1 1.78e-01    -  1.00e+00 7.77e-01h  1
 814r 5.7339400e+00 2.18e-04 1.75e-01  -4.1 1.28e-01    -  1.00e+00 1.00e+00f  1
 815r 5.7337950e+00 7.01e-05 2.71e-01  -4.1 3.99e-02    -  1.00e+00 1.00e+00h  1
 816r 5.7324115e+00 7.70e-06 1.17e-01  -4.1 1.45e-02    -  1.00e+00 1.00e+00h  1
 817r 5.7322348e+00 2.23e-06 5.35e-02  -4.1 8.41e-03    -  1.00e+00 1.00e+00h  1
 818r 5.7331892e+00 6.86e-07 2.53e-02  -4.1 4.60e-03    -  1.00e+00 1.00e+00h  1
 819r 5.7335599e+00 2.38e-07 2.38e-02  -4.1 2.67e-03    -  1.00e+00 1.00e+00h  1
iter    objective    inf_pr   inf_du lg(mu)  ||d||  lg(rg) alpha_du alpha_pr  ls
 820r 5.7335088e+00 5.04e-08 7.08e-03  -4.1 1.25e-03    -  1.00e+00 1.00e+00h  1
 821r 5.7334545e+00 1.96e-08 5.09e-03  -4.1 9.31e-04    -  1.00e+00 1.00e+00h  1
 822r 5.7334599e+00 9.96e-09 2.72e-03  -4.1 5.51e-04    -  1.00e+00 1.00e+00h  1
 823r 5.6947129e+00 5.44e-04 5.44e+00  -6.1 1.37e-01    -  7.79e-01 9.82e-01f  1
 824r 5.6832100e+00 8.91e-05 1.35e-01  -6.1 5.80e-02    -  9.86e-01 1.00e+00h  1
 825r 5.6626583e+00 1.28e-04 1.79e-02  -6.1 7.60e-02    -  1.00e+00 1.00e+00h  1
 826r 5.6581066e+00 4.55e-05 1.48e-02  -6.1 3.73e-02    -  1.00e+00 1.00e+00h  1
 827r 5.6546575e+00 1.60e-05 1.31e-02  -6.1 2.64e-02    -  1.00e+00 1.00e+00h  1
 828r 5.6542095e+00 1.65e-05 9.56e-03  -6.1 2.53e-02    -  1.00e+00 1.00e+00h  1
 829r 5.6518670e+00 4.87e-05 2.57e-03  -6.1 3.83e-02    -  1.00e+00 1.00e+00h  1
iter    objective    inf_pr   inf_du lg(mu)  ||d||  lg(rg) alpha_du alpha_pr  ls
 830r 5.6518830e+00 5.42e-06 1.20e-03  -6.1 1.40e-02    -  1.00e+00 1.00e+00h  1
 831r 5.7023457e+00 6.88e-04 6.45e+01  -4.0 1.06e+01    -  1.00e+00 1.66e-02f  1
 832r 5.6928928e+00 2.39e-04 1.73e+01  -4.7 1.12e-01    -  7.21e-01 1.00e+00f  1
 833r 5.6890978e+00 1.85e-04 7.67e-02  -4.7 9.34e-02    -  1.00e+00 1.00e+00h  1
 834r 5.6923532e+00 8.60e-05 4.72e-02  -4.7 5.14e-02    -  1.00e+00 1.00e+00h  1
 835r 5.6938831e+00 1.67e-05 3.95e-02  -4.7 2.43e-02    -  1.00e+00 1.00e+00h  1
 836r 5.6948770e+00 4.64e-06 1.77e-02  -4.7 1.14e-02    -  1.00e+00 1.00e+00h  1
 837r 5.6963214e+00 1.69e-06 8.09e-03  -4.7 8.09e-03    -  1.00e+00 1.00e+00h  1
 838r 5.6967559e+00 3.91e-07 6.08e-03  -4.7 4.19e-03    -  1.00e+00 1.00e+00h  1
 839r 5.8341351e+00 4.42e-03 1.27e+00  -4.0 4.81e-01    -  1.00e+00 1.00e+00f  1
iter    objective    inf_pr   inf_du lg(mu)  ||d||  lg(rg) alpha_du alpha_pr  ls
 840r 5.7779235e+00 1.87e-03 8.34e-01  -4.1 2.73e-01    -  9.74e-01 8.99e-01h  1
 841r 5.7421780e+00 4.91e-04 1.60e+01  -4.1 1.42e-01    -  2.95e-01 1.00e+00h  1
 842r 5.7288708e+00 3.81e-04 4.22e-01  -4.1 1.15e-01    -  1.00e+00 1.00e+00h  1
 843r 5.7318384e+00 1.31e-04 3.60e-01  -4.1 7.83e-02    -  1.00e+00 1.00e+00h  1
 844r 5.7352627e+00 1.81e-05 2.12e-01  -4.1 2.87e-02    -  1.00e+00 1.00e+00h  1
 845r 5.7340671e+00 1.09e-05 1.08e-01  -4.1 1.50e-02    -  1.00e+00 1.00e+00h  1
 846r 5.7325191e+00 2.73e-06 5.04e-02  -4.1 1.15e-02    -  1.00e+00 1.00e+00h  1
 847r 5.7340949e+00 3.76e-06 5.82e-02  -4.1 1.24e-02    -  1.00e+00 1.00e+00h  1
 848r 5.7339262e+00 6.05e-07 1.63e-02  -4.1 4.97e-03    -  1.00e+00 1.00e+00h  1
 849r 5.7335835e+00 1.81e-07 1.34e-02  -4.1 2.40e-03    -  1.00e+00 1.00e+00h  1
iter    objective    inf_pr   inf_du lg(mu)  ||d||  lg(rg) alpha_du alpha_pr  ls
 850r 5.7334464e+00 3.37e-08 4.48e-03  -4.1 1.09e-03    -  1.00e+00 1.00e+00h  1
 851r 5.6954086e+00 4.91e-04 3.63e+00  -6.1 1.37e-01    -  8.72e-01 9.72e-01f  1
 852r 5.6923575e+00 4.06e-04 3.37e+00  -6.1 8.63e-02    -  7.69e-01 1.76e-01h  1
 853r 5.6738649e+00 7.22e-05 2.29e-01  -6.1 5.70e-02    -  8.05e-01 1.00e+00h  1
 854r 5.6558661e+00 1.42e-04 2.01e-02  -6.1 6.26e-02    -  1.00e+00 1.00e+00h  1
 855r 5.6523197e+00 2.90e-05 4.33e-03  -6.1 3.31e-02    -  1.00e+00 1.00e+00h  1
 856r 5.6541768e+00 2.57e-06 2.85e-03  -6.1 1.13e-02    -  1.00e+00 1.00e+00h  1
 857r 5.7307543e+00 1.91e-03 3.85e+01  -4.0 7.25e+00    -  1.00e+00 3.35e-02f  1
 858r 5.7008517e+00 6.48e-04 3.62e+00  -4.7 1.85e-01    -  8.72e-01 1.00e+00h  1
 859r 5.7036562e+00 4.84e-04 3.89e+00  -4.7 1.26e-01    -  6.34e-01 1.00e+00h  1
iter    objective    inf_pr   inf_du lg(mu)  ||d||  lg(rg) alpha_du alpha_pr  ls
 860r 5.7004597e+00 9.88e-05 8.41e-02  -4.7 5.75e-02    -  1.00e+00 1.00e+00h  1
 861r 5.7027173e+00 1.92e-05 5.91e-02  -4.7 2.58e-02    -  1.00e+00 1.00e+00h  1
 862r 5.6994155e+00 5.73e-06 3.79e-02  -4.7 1.78e-02    -  1.00e+00 1.00e+00h  1
 863r 5.6986089e+00 6.87e-06 1.97e-02  -4.7 1.28e-02    -  1.00e+00 1.00e+00h  1
 864r 5.6991143e+00 2.38e-06 1.17e-02  -4.7 9.75e-03    -  1.00e+00 1.00e+00h  1
 865r 5.6991041e+00 2.30e-07 3.20e-03  -4.7 2.33e-03    -  1.00e+00 1.00e+00h  1
 866r 5.7656051e+00 1.59e-03 2.11e+01  -4.0 4.59e-01    -  1.00e+00 5.51e-01f  1
 867r 5.7305424e+00 3.61e-04 4.36e-01  -4.2 1.24e-01    -  1.00e+00 1.00e+00h  1
 868r 5.7285044e+00 3.23e-04 1.82e-01  -4.2 1.05e-01    -  1.00e+00 1.00e+00h  1
 869r 5.7242287e+00 9.44e-05 2.39e-01  -4.2 4.94e-02    -  1.00e+00 1.00e+00h  1
iter    objective    inf_pr   inf_du lg(mu)  ||d||  lg(rg) alpha_du alpha_pr  ls
 870r 5.7227539e+00 1.69e-05 1.42e-01  -4.2 3.35e-02    -  1.00e+00 1.00e+00h  1
 871r 5.7233672e+00 4.00e-06 3.51e-02  -4.2 1.19e-02    -  1.00e+00 1.00e+00h  1
 872r 5.7236284e+00 6.61e-07 1.53e-02  -4.2 3.48e-03    -  1.00e+00 1.00e+00h  1
 873r 5.7239023e+00 3.74e-07 1.19e-02  -4.2 3.29e-03    -  1.00e+00 1.00e+00h  1
 874r 5.7240054e+00 2.17e-07 1.26e-02  -4.2 3.15e-03    -  1.00e+00 1.00e+00h  1
 875r 5.7414016e+00 1.21e-04 3.39e-01  -4.0 5.92e-02    -  1.00e+00 1.00e+00f  1
 876r 5.7325103e+00 4.71e-05 1.49e-01  -4.1 3.74e-02    -  1.00e+00 1.00e+00h  1
 877r 5.7329521e+00 6.02e-06 7.04e-02  -4.1 1.43e-02    -  1.00e+00 1.00e+00h  1
 878r 5.7320857e+00 2.07e-06 3.92e-02  -4.1 8.02e-03    -  1.00e+00 1.00e+00h  1
 879r 5.7326458e+00 8.99e-07 2.65e-02  -4.1 4.09e-03    -  1.00e+00 1.00e+00h  1
iter    objective    inf_pr   inf_du lg(mu)  ||d||  lg(rg) alpha_du alpha_pr  ls
 880r 5.7326756e+00 1.21e-07 1.00e-02  -4.1 1.95e-03    -  1.00e+00 1.00e+00h  1
 881r 5.7327853e+00 1.99e-08 6.80e-03  -4.1 8.32e-04    -  1.00e+00 1.00e+00h  1
 882r 5.7329051e+00 2.43e-08 5.10e-03  -4.1 1.02e-03    -  1.00e+00 1.00e+00h  1
 883r 5.7329595e+00 1.12e-08 3.06e-03  -4.1 6.51e-04    -  1.00e+00 1.00e+00h  1
 884r 5.6990803e+00 2.29e-04 1.62e+00  -6.1 1.22e-01    -  8.99e-01 9.91e-01f  1
 885r 5.6845784e+00 6.73e-05 1.89e-02  -6.1 5.92e-02    -  1.00e+00 1.00e+00h  1
 886r 5.6608355e+00 1.49e-04 2.00e-02  -6.1 8.58e-02    -  1.00e+00 9.83e-01h  1
 887r 5.6507604e+00 7.05e-05 1.40e-02  -6.1 5.37e-02    -  1.00e+00 1.00e+00h  1
 888r 5.7242248e+00 1.28e-03 4.89e+01  -4.0 7.13e+00    -  1.00e+00 3.24e-02f  1
 889r 5.7031549e+00 1.62e-04 1.50e-01  -4.7 6.83e-02    -  1.00e+00 1.00e+00h  1
iter    objective    inf_pr   inf_du lg(mu)  ||d||  lg(rg) alpha_du alpha_pr  ls
 890r 5.7017846e+00 3.58e-05 1.40e-01  -4.7 3.24e-02    -  9.65e-01 1.00e+00h  1
 891r 5.7002635e+00 8.02e-06 2.85e-02  -4.7 1.58e-02    -  1.00e+00 1.00e+00h  1
 892r 5.6980568e+00 6.51e-06 2.40e-02  -4.7 1.68e-02    -  1.00e+00 1.00e+00h  1
 893r 5.6983985e+00 3.27e-06 2.12e-02  -4.7 1.13e-02    -  1.00e+00 1.00e+00h  1
 894r 5.6991109e+00 1.14e-06 1.02e-02  -4.7 5.26e-03    -  1.00e+00 1.00e+00h  1
 895r 5.6991035e+00 8.79e-08 3.08e-03  -4.7 1.79e-03    -  1.00e+00 1.00e+00h  1
 896r 5.7883351e+00 4.27e-03 3.58e+00  -4.0 4.20e-01    -  1.00e+00 9.14e-01f  1
 897r 5.7463776e+00 1.08e-03 1.05e+00  -4.1 1.65e-01    -  1.00e+00 1.00e+00h  1
 898r 5.7349624e+00 4.58e-04 7.90e-01  -4.1 1.39e-01    -  1.00e+00 9.07e-01h  1
 899r 5.7326606e+00 3.70e-04 2.22e-01  -4.1 1.15e-01    -  1.00e+00 1.00e+00f  1
iter    objective    inf_pr   inf_du lg(mu)  ||d||  lg(rg) alpha_du alpha_pr  ls
 900r 5.7269198e+00 1.65e-04 2.91e-01  -4.1 7.71e-02    -  1.00e+00 1.00e+00h  1
 901r 5.7288671e+00 1.41e-04 3.82e-01  -4.1 5.53e-02    -  1.00e+00 1.00e+00h  1
 902r 5.7277789e+00 3.91e-05 1.17e-01  -4.1 3.42e-02    -  1.00e+00 1.00e+00h  1
 903r 5.7292769e+00 1.28e-06 5.52e-02  -4.1 1.13e-02    -  1.00e+00 1.00e+00h  1
 904r 5.7307836e+00 4.09e-06 6.38e-02  -4.1 1.08e-02    -  1.00e+00 1.00e+00h  1
 905r 5.7312210e+00 9.72e-07 2.31e-02  -4.1 5.25e-03    -  1.00e+00 1.00e+00h  1
 906r 5.7315233e+00 5.05e-07 2.74e-02  -4.1 3.84e-03    -  1.00e+00 1.00e+00h  1
 907r 5.7318086e+00 1.86e-07 8.87e-03  -4.1 2.42e-03    -  1.00e+00 1.00e+00h  1
 908r 5.7317716e+00 9.68e-08 5.01e-03  -4.1 1.66e-03    -  1.00e+00 1.00e+00h  1
 909r 5.7411237e+00 2.09e-05 1.17e-01  -4.0 2.99e-02    -  1.00e+00 1.00e+00f  1
iter    objective    inf_pr   inf_du lg(mu)  ||d||  lg(rg) alpha_du alpha_pr  ls
 910r 5.7318933e+00 1.81e-05 3.90e-02  -4.1 2.91e-02    -  1.00e+00 1.00e+00h  1
 911r 5.7319837e+00 4.86e-06 6.17e-02  -4.1 1.40e-02    -  1.00e+00 1.00e+00h  1
 912r 5.7330032e+00 1.57e-06 1.50e-02  -4.1 7.30e-03    -  1.00e+00 1.00e+00h  1
 913r 5.7330808e+00 7.09e-07 2.67e-02  -4.1 5.75e-03    -  1.00e+00 1.00e+00h  1
 914r 5.7329762e+00 1.98e-07 3.85e-03  -4.1 2.97e-03    -  1.00e+00 1.00e+00h  1
 915r 5.6958165e+00 3.94e-04 1.86e+00  -6.1 1.19e-01    -  8.88e-01 9.90e-01f  1
 916r 5.6868584e+00 3.78e-05 2.62e-02  -6.1 4.47e-02    -  1.00e+00 1.00e+00h  1
 917r 5.6630367e+00 1.70e-04 2.37e-02  -6.1 8.28e-02    -  1.00e+00 1.00e+00h  1
 918r 5.6574504e+00 1.47e-05 1.20e-02  -6.1 3.18e-02    -  1.00e+00 1.00e+00h  1
 919r 5.7191164e+00 1.37e-03 6.00e+01  -4.0 6.90e+00    -  1.00e+00 3.15e-02f  1
iter    objective    inf_pr   inf_du lg(mu)  ||d||  lg(rg) alpha_du alpha_pr  ls
 920r 5.7034040e+00 1.54e-04 1.00e+01  -4.7 8.12e-02    -  8.05e-01 1.00e+00f  1
 921r 5.6988694e+00 6.37e-05 5.36e-02  -4.7 4.88e-02    -  9.98e-01 1.00e+00h  1
 922r 5.7001061e+00 9.75e-06 2.56e-02  -4.7 2.97e-02    -  1.00e+00 1.00e+00h  1
 923r 5.6987459e+00 3.32e-06 1.91e-02  -4.7 1.14e-02    -  1.00e+00 1.00e+00h  1
 924r 5.6989988e+00 1.33e-06 7.57e-03  -4.7 7.53e-03    -  1.00e+00 1.00e+00h  1
 925r 5.6991409e+00 1.10e-07 1.67e-03  -4.7 2.15e-03    -  1.00e+00 1.00e+00h  1
 926r 5.8297002e+00 5.07e-03 2.23e+00  -4.0 4.80e-01    -  1.00e+00 1.00e+00f  1
 927r 5.7775474e+00 9.36e-04 9.73e-01  -4.1 2.27e-01    -  1.00e+00 1.00e+00h  1
 928r 5.7600244e+00 6.93e-04 3.09e-01  -4.1 2.08e-01    -  1.00e+00 1.00e+00h  1
 929r 5.7446766e+00 1.40e-04 2.08e-01  -4.1 7.01e-02    -  1.00e+00 1.00e+00h  1
iter    objective    inf_pr   inf_du lg(mu)  ||d||  lg(rg) alpha_du alpha_pr  ls
 930r 5.7334631e+00 7.34e-05 1.69e-01  -4.1 5.90e-02    -  1.00e+00 1.00e+00h  1
 931r 5.7315897e+00 3.46e-05 1.51e-01  -4.1 2.98e-02    -  1.00e+00 1.00e+00h  1
 932r 5.7338053e+00 5.97e-06 7.66e-02  -4.1 1.41e-02    -  1.00e+00 1.00e+00h  1
 933r 5.7337843e+00 2.32e-07 1.96e-02  -4.1 3.51e-03    -  1.00e+00 1.00e+00h  1
 934r 5.7336083e+00 5.94e-07 2.03e-02  -4.1 5.05e-03    -  1.00e+00 1.00e+00h  1
 935r 5.7336629e+00 2.85e-07 1.59e-02  -4.1 3.69e-03    -  1.00e+00 1.00e+00h  1
 936r 5.7334635e+00 4.81e-08 6.00e-03  -4.1 1.41e-03    -  1.00e+00 1.00e+00h  1
 937r 5.7334543e+00 8.98e-09 2.56e-03  -4.1 4.23e-04    -  1.00e+00 1.00e+00h  1
 938r 5.6968658e+00 4.48e-04 1.39e+00  -6.1 1.22e-01    -  9.30e-01 9.81e-01f  1
 939r 5.6875987e+00 2.33e-05 2.39e-01  -6.1 3.41e-02    -  9.57e-01 1.00e+00h  1
iter    objective    inf_pr   inf_du lg(mu)  ||d||  lg(rg) alpha_du alpha_pr  ls
 940r 5.6674053e+00 1.14e-04 8.88e-03  -6.1 7.51e-02    -  1.00e+00 1.00e+00h  1
 941r 5.6522192e+00 1.40e-04 8.30e-03  -6.1 6.85e-02    -  1.00e+00 1.00e+00h  1
 942r 5.6529803e+00 2.63e-05 4.47e-03  -6.1 3.26e-02    -  1.00e+00 1.00e+00h  1
 943r 5.6535561e+00 5.52e-06 2.32e-03  -6.1 1.18e-02    -  1.00e+00 1.00e+00h  1
 944r 5.7548901e+00 3.09e-03 5.80e+01  -4.0 6.77e+00    -  1.00e+00 4.84e-02f  1
 945r 5.7240640e+00 2.28e-04 1.29e-01  -4.7 1.04e-01    -  1.00e+00 1.00e+00h  1
 946r 5.6975888e+00 5.41e-04 4.87e+00  -4.7 1.70e-01    -  5.52e-01 1.00e+00h  1
 947r 5.6998840e+00 1.89e-04 1.31e-01  -4.7 8.97e-02    -  1.00e+00 1.00e+00h  1
 948r 5.6999724e+00 7.29e-05 4.39e-02  -4.7 5.12e-02    -  1.00e+00 1.00e+00h  1
 949r 5.6994751e+00 2.47e-05 4.05e-02  -4.7 2.42e-02    -  1.00e+00 1.00e+00h  1
iter    objective    inf_pr   inf_du lg(mu)  ||d||  lg(rg) alpha_du alpha_pr  ls
 950r 5.7006437e+00 3.76e-06 1.39e-02  -4.7 1.08e-02    -  1.00e+00 1.00e+00h  1
 951r 5.7013839e+00 5.25e-07 5.54e-03  -4.7 4.98e-03    -  1.00e+00 1.00e+00h  1
 952r 5.7010448e+00 3.13e-07 7.50e-03  -4.7 4.61e-03    -  1.00e+00 1.00e+00h  1
 953r 5.7011507e+00 6.10e-07 1.02e-02  -4.7 6.01e-03    -  1.00e+00 1.00e+00h  1
 954r 5.7010095e+00 1.46e-07 2.05e-03  -4.7 2.19e-03    -  1.00e+00 1.00e+00h  1
 955r 5.7547199e+00 1.79e-03 1.02e+00  -4.0 2.16e-01    -  1.00e+00 1.00e+00f  1
 956r 5.7371961e+00 4.56e-04 3.66e-01  -4.1 1.71e-01    -  1.00e+00 1.00e+00h  1
 957r 5.7274692e+00 3.24e-04 3.80e-01  -4.1 1.18e-01    -  1.00e+00 1.00e+00h  1
 958r 5.7263042e+00 1.19e-04 2.13e-01  -4.1 6.20e-02    -  1.00e+00 1.00e+00h  1
 959r 5.7307906e+00 1.86e-05 1.23e-01  -4.1 2.50e-02    -  1.00e+00 1.00e+00h  1
iter    objective    inf_pr   inf_du lg(mu)  ||d||  lg(rg) alpha_du alpha_pr  ls
 960r 5.7318595e+00 3.04e-06 7.17e-02  -4.1 1.13e-02    -  1.00e+00 1.00e+00h  1
 961r 5.7322114e+00 7.04e-06 9.88e-02  -4.1 1.50e-02    -  1.00e+00 1.00e+00h  1
 962r 5.7327681e+00 2.66e-06 3.19e-02  -4.1 9.91e-03    -  1.00e+00 1.00e+00h  1
 963r 5.7327784e+00 7.60e-07 2.50e-02  -4.1 4.83e-03    -  1.00e+00 1.00e+00h  1
 964r 5.7329900e+00 5.46e-07 1.85e-02  -4.1 4.27e-03    -  1.00e+00 1.00e+00h  1
 965r 5.7330114e+00 8.69e-08 2.98e-03  -4.1 1.74e-03    -  1.00e+00 1.00e+00h  1
 966r 5.7201014e+00 9.62e-05 2.28e+00  -6.1 4.79e-02    -  9.00e-01 9.80e-01f  1
 967r 5.7089003e+00 7.66e-05 1.30e+00  -6.1 8.10e-02    -  1.00e+00 4.72e-01h  1
 968r 5.6695273e+00 4.68e-04 2.39e-02  -6.1 1.17e-01    -  1.00e+00 1.00e+00h  1
 969r 5.6597934e+00 7.24e-05 5.56e-03  -6.1 6.31e-02    -  1.00e+00 1.00e+00h  1
iter    objective    inf_pr   inf_du lg(mu)  ||d||  lg(rg) alpha_du alpha_pr  ls
 970r 5.6544850e+00 4.60e-05 3.39e-03  -6.1 4.03e-02    -  1.00e+00 1.00e+00h  1
 971r 5.6537418e+00 9.89e-06 2.05e-03  -6.1 1.12e-02    -  1.00e+00 1.00e+00h  1
 972r 5.7278082e+00 1.81e-03 4.81e+01  -4.0 1.09e+01    -  1.00e+00 2.46e-02f  1
 973r 5.7057963e+00 5.51e-04 9.04e+00  -4.7 1.53e-01    -  7.74e-01 1.00e+00f  1
 974r 5.6977342e+00 1.15e-04 7.16e-02  -4.7 7.57e-02    -  1.00e+00 1.00e+00h  1
 975r 5.6981431e+00 1.56e-05 6.47e-02  -4.7 2.65e-02    -  1.00e+00 1.00e+00h  1
 976r 5.6983370e+00 6.71e-06 2.32e-02  -4.7 1.63e-02    -  1.00e+00 1.00e+00h  1
 977r 5.6978351e+00 1.00e-06 1.45e-02  -4.7 6.50e-03    -  1.00e+00 1.00e+00h  1
 978r 5.6976634e+00 4.47e-07 7.06e-03  -4.7 3.87e-03    -  1.00e+00 1.00e+00h  1
 979r 5.6982725e+00 5.25e-07 4.59e-03  -4.7 4.63e-03    -  1.00e+00 1.00e+00h  1
iter    objective    inf_pr   inf_du lg(mu)  ||d||  lg(rg) alpha_du alpha_pr  ls
 980r 5.8257137e+00 5.87e-03 4.40e+00  -4.0 5.51e-01    -  1.00e+00 1.00e+00f  1
 981r 5.7886182e+00 1.66e-03 1.58e+00  -4.1 2.51e-01    -  1.00e+00 1.00e+00h  1
 982r 5.7561174e+00 7.88e-04 2.97e-01  -4.1 2.05e-01    -  1.00e+00 1.00e+00h  1
 983r 5.7313646e+00 3.57e-04 3.32e-01  -4.1 1.27e-01    -  1.00e+00 1.00e+00h  1
 984r 5.7255370e+00 6.25e-04 3.90e-01  -4.1 1.24e-01    -  1.00e+00 1.00e+00h  1
 985r 5.7291999e+00 1.93e-04 1.68e-01  -4.1 7.38e-02    -  1.00e+00 1.00e+00h  1
 986r 5.7300881e+00 1.39e-05 1.12e-01  -4.1 2.11e-02    -  1.00e+00 1.00e+00h  1
 987r 5.7303785e+00 5.15e-06 6.68e-02  -4.1 9.60e-03    -  1.00e+00 1.00e+00h  1
 988r 5.7314151e+00 1.09e-06 3.23e-02  -4.1 5.91e-03    -  1.00e+00 1.00e+00h  1
 989r 5.7326332e+00 8.38e-07 3.53e-02  -4.1 6.05e-03    -  1.00e+00 1.00e+00h  1
iter    objective    inf_pr   inf_du lg(mu)  ||d||  lg(rg) alpha_du alpha_pr  ls
 990r 5.7329118e+00 7.10e-07 4.81e-02  -4.1 5.43e-03    -  1.00e+00 1.00e+00h  1
 991r 5.7332833e+00 3.71e-07 9.60e-03  -4.1 3.49e-03    -  1.00e+00 1.00e+00h  1
 992r 5.7332500e+00 2.23e-08 3.82e-03  -4.1 9.82e-04    -  1.00e+00 1.00e+00h  1
 993r 5.7081703e+00 1.60e-04 2.94e+00  -6.1 8.34e-02    -  8.80e-01 9.79e-01f  1
 994r 5.6904349e+00 1.33e-04 1.54e-01  -6.1 6.00e-02    -  9.67e-01 1.00e+00h  1
 995r 5.6643063e+00 1.84e-04 3.19e-02  -6.1 9.61e-02    -  1.00e+00 8.59e-01h  1
 996r 5.6555098e+00 1.10e-04 6.32e-03  -6.1 4.51e-02    -  1.00e+00 1.00e+00h  1
 997r 5.6539916e+00 9.29e-06 2.11e-03  -6.1 1.56e-02    -  1.00e+00 1.00e+00h  1
 998r 5.6536075e+00 2.14e-06 1.67e-03  -6.1 9.90e-03    -  1.00e+00 1.00e+00h  1
 999r 5.6533993e+00 3.95e-07 6.45e-04  -6.1 4.15e-03    -  1.00e+00 1.00e+00h  1
iter    objective    inf_pr   inf_du lg(mu)  ||d||  lg(rg) alpha_du alpha_pr  ls
1000r 5.7173827e+00 1.45e-03 6.85e+01  -4.0 9.29e+00    -  1.00e+00 2.18e-02f  1

Number of Iterations....: 1000

                                   (scaled)                 (unscaled)
Objective...............:   5.7173826843315894e+00    5.7173826843315894e+00
Dual infeasibility......:   6.8532034532428071e+01    6.8532034532428071e+01
Constraint violation....:   1.4525234045370539e-03    1.4525234045370539e-03
Variable bound violation:   0.0000000000000000e+00    0.0000000000000000e+00
Complementarity.........:   1.3287962238994392e-04    1.3287962238994392e-04
Overall NLP error.......:   6.8532034532428071e+01    6.8532034532428071e+01


Number of objective function evaluations             = 1201
Number of objective gradient evaluations             = 601
Number of equality constraint evaluations            = 1201
Number of inequality constraint evaluations          = 1201
Number of equality constraint Jacobian evaluations   = 1002
Number of inequality constraint Jacobian evaluations = 1002
Number of Lagrangian Hessian evaluations             = 0
Total seconds in IPOPT                               = 3269.211

EXIT: Maximum Number of Iterations Exceeded.
