This is Ipopt version 3.14.19, running with linear solver MUMPS 5.8.2.

Number of nonzeros in equality constraint Jacobian...:   350253
Number of nonzeros in inequality constraint Jacobian.:     1472
Number of nonzeros in Lagrangian Hessian.............:        0

Total number of variables............................:     1175
                     variables with only lower bounds:        0
                variables with lower and upper bounds:      248
                     variables with only upper bounds:        0
Total number of equality constraints.................:     1134
Total number of inequality constraints...............:      169
        inequality constraints with only lower bounds:        0
   inequality constraints with lower and upper bounds:        0
        inequality constraints with only upper bounds:      169

iter    objective    inf_pr   inf_du lg(mu)  ||d||  lg(rg) alpha_du alpha_pr  ls
   0  5.6016984e-02 9.01e+00 1.00e+00   0.0 0.00e+00    -  0.00e+00 0.00e+00   0
   1  5.5971088e-02 8.91e+00 4.96e+01  -0.2 1.25e+01    -  2.24e-01 1.13e-02h  1
   2  5.5993583e-02 8.88e+00 1.32e+04   0.6 2.08e+01    -  5.81e-01 3.86e-03h  1
   3  7.2219107e-02 8.72e+00 1.60e+04   1.7 1.18e+02    -  2.85e-02 1.10e-02h  1
   4  1.6387373e-01 8.45e+00 2.48e+04   2.6 2.20e+02    -  3.42e-02 1.01e-02f  1
   5  8.9622648e-01 7.60e+00 5.11e+04   2.9 2.24e+02    -  9.97e-02 2.78e-02f  1
   6  9.8439562e-01 7.57e+00 8.16e+04  -4.0 2.18e+02    -  3.80e-02 4.23e-03h  1
   7  1.4307529e+00 7.45e+00 1.11e+05   2.5 2.45e+02    -  3.17e-02 1.38e-02h  1
   8  2.3453048e+00 7.24e+00 1.10e+05   2.9 2.01e+02    -  1.01e-02 2.22e-02h  1
   9  2.5220944e+00 7.20e+00 1.16e+05   2.9 1.78e+02    -  2.51e-02 5.04e-03h  1
iter    objective    inf_pr   inf_du lg(mu)  ||d||  lg(rg) alpha_du alpha_pr  ls
  10  3.0390253e+00 7.06e+00 1.04e+05   2.9 1.77e+02    -  5.46e-03 1.57e-02h  1
  11  3.3876996e+00 6.94e+00 1.19e+05   2.2 1.55e+02    -  2.78e-02 1.21e-02h  1
  12  3.6019085e+00 6.85e+00 3.33e+05   2.9 1.91e+02    -  5.05e-02 1.09e-02h  1
  13  3.6730349e+00 6.76e+00 4.16e+05   2.9 1.37e+02    -  3.08e-02 1.67e-02h  1
  14  3.8958431e+00 6.58e+00 4.05e+05   2.9 1.63e+02    -  3.35e-02 3.31e-02h  1
  15  3.8902820e+00 6.48e+00 5.76e+05   2.9 1.29e+02    -  1.35e-02 1.69e-02h  1
  16  3.8169827e+00 6.39e+00 7.07e+05   2.9 1.25e+02    -  2.68e-02 1.35e-02h  1
  17  3.7181073e+00 6.31e+00 7.80e+05   2.0 1.10e+02    -  4.38e-02 1.13e-02h  1
  18  3.6426015e+00 6.14e+00 1.20e+06   2.9 1.63e+02    -  1.07e-02 2.29e-02h  1
  19  3.6608684e+00 5.92e+00 1.99e+06   2.9 1.33e+02    -  3.81e-02 3.17e-02h  1
iter    objective    inf_pr   inf_du lg(mu)  ||d||  lg(rg) alpha_du alpha_pr  ls
  20  3.5738398e+00 5.79e+00 2.48e+06   2.9 1.17e+02    -  1.75e-02 2.11e-02h  1
  21  3.5466843e+00 5.70e+00 2.77e+06   2.9 1.04e+02    -  3.25e-02 1.41e-02h  1
  22  3.5648061e+00 5.57e+00 3.13e+06   2.9 9.32e+01    -  5.66e-02 2.41e-02h  1
  23  3.5373055e+00 5.49e+00 3.44e+06   2.9 1.11e+02    -  1.64e-02 3.38e-02h  1
  24  3.5773925e+00 5.39e+00 3.69e+06   2.9 1.14e+02    -  2.91e-02 2.03e-02h  1
  25  3.6408705e+00 5.28e+00 4.00e+06   2.9 1.22e+02    -  2.72e-02 2.23e-02h  1
  26  3.6736186e+00 5.18e+00 4.19e+06   2.9 1.04e+02    -  2.35e-02 2.25e-02h  1
  27  3.6823868e+00 5.13e+00 4.19e+06   2.9 1.10e+02    -  7.78e-03 1.42e-02h  1
  28  3.7223816e+00 5.08e+00 4.13e+06   2.9 1.34e+02    -  1.10e-02 1.24e-02f  1
  29  3.7785559e+00 5.03e+00 4.14e+06   2.9 1.27e+02    -  2.52e-02 1.57e-02f  1
iter    objective    inf_pr   inf_du lg(mu)  ||d||  lg(rg) alpha_du alpha_pr  ls
  30  3.8754175e+00 4.97e+00 4.10e+06   2.9 1.11e+02    -  1.35e-02 2.41e-02f  1
  31  3.8261528e+00 4.93e+00 3.93e+06   2.9 1.38e+02    -  3.94e-02 1.23e-02h  1
  32  3.7901262e+00 4.87e+00 3.91e+06   2.9 7.78e+01    -  1.13e-02 2.60e-02f  1
  33  3.7310831e+00 4.81e+00 4.06e+06   2.9 7.89e+01    -  1.46e-02 1.47e-02f  1
  34  3.7288820e+00 4.70e+00 4.26e+06   2.9 1.00e+02    -  1.75e-02 3.21e-02f  1
  35  3.6974380e+00 4.65e+00 4.32e+06   2.2 1.02e+02    -  5.05e-02 1.03e-02h  1
  36  3.6223484e+00 4.59e+00 4.41e+06   2.9 7.28e+01    -  8.06e-03 1.50e-02f  1
  37  3.5115854e+00 4.65e+00 4.80e+06   2.9 7.81e+01    -  1.36e-02 6.34e-02f  1
  38  3.4958107e+00 4.63e+00 4.81e+06  -3.5 1.13e+02    -  1.06e-02 3.57e-03h  1
  39  3.4858693e+00 4.62e+00 4.80e+06  -3.5 1.31e+02    -  7.37e-03 2.00e-03h  1
iter    objective    inf_pr   inf_du lg(mu)  ||d||  lg(rg) alpha_du alpha_pr  ls
  40  3.4785509e+00 4.51e+00 4.50e+06   2.9 1.29e+02    -  1.25e-02 2.51e-02f  1
  41  3.5066401e+00 4.41e+00 4.74e+06   2.9 1.47e+02    -  5.67e-03 1.92e-02f  1
  42  3.8849425e+00 4.14e+00 6.38e+06   2.9 1.43e+02    -  3.25e-02 4.85e-02f  1
  43  3.9405551e+00 4.11e+00 6.55e+06   2.1 1.04e+02    -  4.88e-02 6.90e-03h  1
  44  4.0935137e+00 4.02e+00 6.94e+06   2.7 1.24e+02    -  1.34e-02 2.00e-02f  1
  45  4.4688248e+00 3.99e+00 8.74e+06   2.8 1.41e+02    -  3.17e-02 8.05e-02f  1
  46  4.5434393e+00 3.94e+00 8.71e+06   2.4 8.40e+01    -  2.10e-02 1.35e-02h  1
  47  4.5053945e+00 3.86e+00 9.13e+06   2.4 1.19e+02    -  1.41e-02 3.94e-02F  1
  48  4.5069865e+00 3.78e+00 8.70e+06   2.4 9.83e+01    -  6.92e-02 4.02e-02h  1
  49  4.5148205e+00 3.73e+00 8.47e+06   2.4 1.01e+02    -  5.79e-02 2.01e-02h  1
iter    objective    inf_pr   inf_du lg(mu)  ||d||  lg(rg) alpha_du alpha_pr  ls
  50  4.6766979e+00 3.64e+00 8.04e+06   2.4 8.90e+01    -  3.12e-03 3.55e-02h  1
  51  4.8738019e+00 3.53e+00 7.78e+06   2.9 1.05e+02    -  2.81e-02 2.63e-02h  1
  52  5.0420852e+00 3.41e+00 8.03e+06   1.0 9.98e+01    -  5.63e-02 2.92e-02h  1
  53  5.1250133e+00 3.36e+00 8.12e+06   2.9 1.22e+02    -  2.13e-02 1.25e-02f  1
  54  5.1884807e+00 3.26e+00 8.22e+06   1.8 7.82e+01    -  2.91e-02 2.26e-02h  1
  55  5.4347840e+00 3.14e+00 7.94e+06   2.9 1.05e+02    -  1.47e-02 4.21e-02f  1
  56  5.4687743e+00 3.09e+00 7.87e+06  -3.5 8.38e+01    -  2.76e-02 1.64e-02h  1
  57  5.4387508e+00 3.08e+00 7.85e+06   2.9 8.20e+01    -  9.33e-03 5.77e-03f  1
  58  5.2792788e+00 3.48e+00 7.63e+06   2.9 9.14e+01    -  1.09e-02 8.33e-02f  1
  59  5.0610235e+00 3.28e+00 7.64e+06   2.9 5.80e+01    -  7.14e-02 9.40e-02f  1
iter    objective    inf_pr   inf_du lg(mu)  ||d||  lg(rg) alpha_du alpha_pr  ls
  60  4.9899017e+00 3.22e+00 7.45e+06   2.4 5.50e+01    -  4.01e-02 2.10e-02h  1
  61  4.9998274e+00 3.43e+00 7.02e+06   2.9 6.81e+01    -  2.00e-02 1.04e-01f  1
  62  4.9781763e+00 3.40e+00 6.99e+06   2.4 5.98e+01    -  5.00e-02 1.01e-02h  1
  63  5.0615484e+00 3.32e+00 6.67e+06   2.9 5.13e+01    -  4.55e-03 1.36e-01f  1
  64  5.4598146e+00 3.39e+00 6.44e+06   2.5 6.56e+01    -  1.95e-02 1.27e-01H  1
  65  5.6004269e+00 3.31e+00 6.35e+06   2.5 4.97e+01    -  7.67e-02 2.86e-02h  1
  66  6.6479919e+00 3.33e+00 6.05e+06   2.5 5.08e+01    -  4.35e-02 1.41e-01h  1
  67  6.7238504e+00 3.28e+00 6.03e+06   1.9 4.82e+01    -  1.28e-01 1.67e-02h  1
  68  7.8234329e+00 2.99e+00 6.48e+06   2.6 5.91e+01    -  4.48e-02 1.14e-01f  1
  69  8.3943066e+00 2.84e+00 5.67e+06   2.9 7.47e+01    -  5.75e-02 7.54e-02f  1
iter    objective    inf_pr   inf_du lg(mu)  ||d||  lg(rg) alpha_du alpha_pr  ls
  70  9.3266892e+00 2.82e+00 5.22e+06   2.9 6.37e+01    -  1.08e-01 1.00e-01f  1
  71  1.0723843e+01 3.29e+00 4.16e+06   2.9 5.16e+01    -  1.04e-01 1.66e-01f  1
  72  1.1523136e+01 3.12e+00 3.61e+06  -3.4 6.83e+01    -  1.12e-01 8.11e-02h  1
  73  1.1744158e+01 3.05e+00 3.32e+06   2.9 9.42e+01    -  3.33e-02 2.78e-02h  1
  74  1.3668227e+01 4.06e+00 3.92e+06   2.9 1.22e+02    -  9.80e-02 9.86e-02f  1
  75  1.3915035e+01 3.83e+00 4.00e+06   2.5 4.50e+01    -  1.12e-01 1.03e-01h  1
  76  1.4248568e+01 4.19e+00 6.15e+06   2.5 4.43e+01    -  1.12e-01 2.08e-01f  1
  77  1.4264333e+01 3.96e+00 4.93e+06   2.3 6.93e+01    -  9.82e-02 6.04e-02h  1
  78  1.5155549e+01 4.88e+00 8.18e+06   2.9 4.97e+01    -  1.15e-01 2.84e-01f  1
  79  1.5026611e+01 3.97e+00 9.71e+06   2.5 3.43e+01    -  1.57e-01 1.96e-01h  1
iter    objective    inf_pr   inf_du lg(mu)  ||d||  lg(rg) alpha_du alpha_pr  ls
  80  1.5063995e+01 3.89e+00 1.04e+07   2.9 6.92e+01    -  1.01e-01 3.68e-02f  1
  81  1.7206257e+01 5.97e+00 9.57e+06   2.9 9.51e+01    -  1.12e-01 1.86e-01f  1
  82  1.7223756e+01 5.10e+00 8.90e+06   2.5 3.23e+01    -  1.24e-01 2.08e-01f  1
  83  1.6238376e+01 4.16e+00 8.25e+06   2.5 2.27e+01    -  2.07e-01 2.92e-01f  1
  84  1.5895796e+01 3.89e+00 8.48e+06   2.5 3.46e+01    -  7.69e-02 6.54e-02f  1
  85  1.5228942e+01 3.29e+00 8.34e+06   2.9 4.62e+01    -  9.18e-02 1.61e-01f  1
  86  1.4692136e+01 2.84e+00 8.06e+06   2.9 2.75e+01    -  2.10e-01 1.36e-01f  1
  87  1.4408475e+01 2.42e+00 7.35e+06   2.9 2.74e+01    -  2.19e-01 2.92e-01f  1
  88  1.4239668e+01 2.01e+00 7.34e+06   2.9 1.15e+01    -  1.95e-01 1.66e-01f  1
  89  1.3588267e+01 1.51e+00 8.15e+06   2.9 1.02e+01    -  4.80e-01 6.53e-01f  1
iter    objective    inf_pr   inf_du lg(mu)  ||d||  lg(rg) alpha_du alpha_pr  ls
  90  1.3445973e+01 2.12e+00 1.02e+07   2.9 1.45e+01    -  1.86e-01 5.10e-01f  1
  91  1.3243320e+01 1.39e+00 1.05e+07   2.9 4.60e+00    -  3.42e-01 3.25e-01f  1
  92  1.3151334e+01 8.29e-01 9.97e+06   2.9 9.80e+00    -  1.47e-01 4.85e-01h  1
  93  1.3110853e+01 6.20e-01 1.07e+07   2.9 1.05e+01    -  5.06e-01 4.65e-01f  1
  94  1.2977618e+01 1.34e+00 1.40e+07   2.9 1.46e+01    -  3.02e-01 4.71e-01f  1
  95  1.2310078e+01 8.97e-01 2.02e+07   2.9 2.28e+01    -  4.87e-01 4.57e-01H  1
  96  1.2064195e+01 1.06e+00 2.10e+07   2.9 5.37e+01    -  5.01e-01 9.47e-02f  2
  97  1.1930131e+01 1.02e+00 2.39e+07   2.9 3.21e+01    -  3.38e-01 9.79e-02f  3
  98  1.1800995e+01 1.32e+00 2.73e+07   2.9 2.50e+01    -  4.11e-01 2.19e-01f  2
  99  1.2874016e+01 1.65e+00 2.40e+07   2.9 1.53e+02    -  1.23e-01 7.62e-02f  2
iter    objective    inf_pr   inf_du lg(mu)  ||d||  lg(rg) alpha_du alpha_pr  ls
 100  1.1787120e+01 1.01e+00 1.18e+07   2.8 7.63e+00    -  5.64e-01 1.00e+00h  1
 101  1.1359532e+01 5.61e-01 7.84e+06   2.9 4.92e+00    -  6.53e-01 1.00e+00f  1
 102  1.1521294e+01 2.16e-01 5.07e+06   2.9 2.85e+00    -  7.56e-01 1.00e+00f  1
 103  1.1610041e+01 4.65e-01 9.98e+06   2.9 1.17e+01    -  8.75e-01 3.80e-01f  2
 104  1.1625037e+01 5.85e-01 2.03e+07   2.7 4.44e+01    -  1.80e-01 1.14e-01f  3
 105  1.1582423e+01 5.92e-01 2.75e+07   2.7 4.96e+01    -  1.30e-01 8.40e-02f  3
 106  1.1509014e+01 5.75e-01 3.16e+07   2.7 3.20e+01    -  1.67e-01 1.02e-01f  3
 107  1.0987228e+01 5.62e-01 2.90e+07   2.7 1.79e+01    -  3.55e-01 3.60e-01H  1
 108  1.2723121e+01 2.65e+00 3.42e+07   2.9 1.87e+02    -  1.35e-01 8.20e-02f  2
 109  1.1731563e+01 1.51e+00 9.16e+06   2.7 1.07e+01    -  6.61e-01 7.60e-01h  1
iter    objective    inf_pr   inf_du lg(mu)  ||d||  lg(rg) alpha_du alpha_pr  ls
 110  1.0923216e+01 4.53e-01 7.35e+06   2.7 6.44e+00    -  2.87e-01 9.85e-01h  1
 111  1.0586699e+01 1.01e-01 4.99e+06   2.8 2.25e+00    -  1.00e+00 1.00e+00f  1
 112  1.0513981e+01 5.23e-02 6.02e+06   2.6 3.76e+00    -  1.00e+00 4.69e-01H  1
 113  9.9857873e+00 1.73e+00 1.77e+07   2.9 7.13e+00    -  2.88e-01 1.00e+00f  1
 114  1.0066336e+01 9.25e-01 2.82e+07   2.9 6.54e+00    -  7.77e-01 1.00e+00f  1
 115  9.9207277e+00 3.47e-01 2.43e+07   2.9 3.40e+00    -  6.82e-01 1.00e+00h  1
 116  9.6464188e+00 3.88e-01 1.53e+07   2.7 3.75e+00    -  1.00e+00 9.37e-01h  1
 117  9.4684494e+00 2.78e-01 1.24e+07   2.9 4.42e+00    -  5.90e-01 7.94e-01f  1
 118  9.3940380e+00 2.90e-01 1.64e+07   2.9 1.19e+01    -  7.15e-01 1.70e-01f  2
 119  9.3492181e+00 2.89e-01 1.73e+07   2.9 3.03e+01    -  1.96e-01 2.34e-02h  4
iter    objective    inf_pr   inf_du lg(mu)  ||d||  lg(rg) alpha_du alpha_pr  ls
 120  9.2806147e+00 3.01e-01 2.10e+07   2.9 6.86e+01    -  1.50e-01 2.52e-02f  4
 121  9.2323572e+00 3.06e-01 2.46e+07   2.9 6.00e+01    -  2.37e-01 2.24e-02f  4
 122  9.1553041e+00 4.47e-01 3.43e+07   2.9 5.43e+01    -  4.24e-01 7.21e-02f  3
 123  9.0773794e+00 5.95e-01 4.04e+07   2.9 3.67e+01    -  2.75e-01 1.00e-01f  3
 124  9.3673800e+00 6.13e-01 4.36e+07   2.9 2.76e+02    -  9.06e-02 2.66e-02f  3
 125  9.0834198e+00 1.25e-01 1.19e+07   2.8 3.25e+00    -  1.00e+00 8.08e-01h  1
 126  9.0789676e+00 1.20e-01 1.42e+07   2.8 5.45e+00    -  6.67e-01 4.05e-01H  1
 127  8.8942824e+00 8.64e-02 5.39e+06   2.3 3.23e+00    -  8.73e-01 7.27e-01H  1
 128  8.8164616e+00 1.74e-01 7.87e+06   2.8 5.81e+00    -  1.00e+00 6.24e-01f  1
 129  8.8269835e+00 9.85e-01 2.53e+07   2.9 6.53e+00    -  7.05e-01 1.00e+00f  1
iter    objective    inf_pr   inf_du lg(mu)  ||d||  lg(rg) alpha_du alpha_pr  ls
 130  8.6208194e+00 2.60e-01 2.21e+07   2.7 3.33e+00    -  2.66e-01 1.00e+00f  1
 131  8.6754134e+00 1.39e-01 1.26e+07   2.9 4.09e+00    -  8.60e-01 1.00e+00f  1
 132  8.6270233e+00 3.36e-02 7.06e+06   2.9 3.06e+00    -  6.31e-01 9.69e-01H  1
 133  8.5165195e+00 1.28e-01 1.21e+07   2.9 2.06e+00    -  5.33e-01 1.00e+00f  1
 134  8.4962798e+00 1.28e-01 1.34e+07   2.9 1.48e+01    -  4.90e-01 2.47e-02h  5
 135  8.4043415e+00 1.74e-01 1.81e+07   2.8 1.58e+01    -  1.00e+00 9.65e-02f  3
 136  8.2243852e+00 8.38e-02 2.48e+07   2.9 1.23e+01    -  7.24e-01 1.00e+00H  1
 137  8.2017544e+00 5.66e-02 1.33e+07   2.9 4.33e+00    -  6.72e-01 9.67e-01H  1
 138  8.1921688e+00 3.04e-02 1.13e+07   2.3 2.20e+00    -  1.00e+00 5.00e-01h  2
 139  8.1673792e+00 1.69e-02 8.06e+06   2.5 2.49e+00    -  8.15e-01 1.00e+00H  1
iter    objective    inf_pr   inf_du lg(mu)  ||d||  lg(rg) alpha_du alpha_pr  ls
 140  8.2542412e+00 5.43e-02 7.48e+06   2.5 1.28e+00    -  1.00e+00 1.00e+00f  1
 141  8.2083859e+00 1.74e-02 9.06e+06   2.4 2.17e+00    -  1.00e+00 1.00e+00H  1
 142  8.2139021e+00 1.70e-02 5.64e+06   1.8 5.31e-01    -  1.00e+00 1.00e+00h  1
 143  8.2668804e+00 1.69e-02 4.55e+06   1.6 8.69e-01    -  1.00e+00 8.26e-01h  1
 144  8.4320687e+00 7.98e-02 1.87e+07   2.0 2.32e+00    -  1.00e+00 7.18e-01f  1
 145  8.3829872e+00 3.52e-02 1.99e+07   1.9 4.62e+00    -  7.92e-01 7.74e-01H  1
 146  8.3921238e+00 2.83e-02 2.10e+07   1.9 2.25e+00    -  8.81e-01 2.48e-01h  1
 147  8.4251063e+00 1.66e-02 2.04e+07   1.9 3.59e+00    -  8.77e-01 5.14e-01H  1
 148  8.4365603e+00 1.66e-02 2.17e+07   1.9 4.80e+00    -  6.46e-01 6.05e-02h  3
 149  8.4376983e+00 1.66e-02 2.19e+07   1.9 6.30e+02    -  2.59e-02 8.06e-05h  8
iter    objective    inf_pr   inf_du lg(mu)  ||d||  lg(rg) alpha_du alpha_pr  ls
 150  8.4366079e+00 1.68e-02 5.74e+06   1.9 1.02e+00    -  6.60e-01 1.00e+00H  1
 151  8.4440899e+00 1.63e-02 6.53e+06   1.8 1.29e+00    -  1.00e+00 7.56e-01H  1
 152  8.4440757e+00 1.20e-01 2.39e+07   2.1 2.10e+00    -  1.00e+00 1.00e+00f  1
 153  8.4555448e+00 3.11e-02 1.13e+07   2.0 1.01e+00    -  8.62e-01 8.16e-01h  1
 154  8.4697709e+00 4.94e-02 1.90e+07   2.0 1.41e+00    -  6.77e-01 1.00e+00f  1
 155  8.4477249e+00 5.69e-02 2.31e+07   2.0 6.07e+00    -  8.91e-02 8.24e-02f  2
 156  8.4435067e+00 5.69e-02 2.49e+07   2.0 6.49e+00    -  3.43e-01 2.55e-02h  3
 157  8.4394986e+00 5.66e-02 2.66e+07   2.0 6.60e+00    -  1.73e-01 2.42e-02h  4
 158  8.4451932e+00 5.70e-02 2.77e+07   2.0 7.31e+02    -  1.53e-02 7.01e-04f  5
 159  8.4353473e+00 2.04e-02 1.04e+07   2.0 9.69e-01    -  1.00e+00 1.00e+00h  1
iter    objective    inf_pr   inf_du lg(mu)  ||d||  lg(rg) alpha_du alpha_pr  ls
 160  8.4473615e+00 1.64e-02 1.30e+07   2.0 2.21e+00    -  7.23e-01 3.65e-01H  1
 161  8.4500259e+00 1.63e-02 1.40e+07   2.0 2.88e+00    -  1.00e+00 8.09e-02H  1
 162  8.4543952e+00 1.63e-02 1.41e+07   2.0 2.80e+00    -  1.00e+00 3.93e-01H  1
 163  8.4554628e+00 1.73e-02 1.21e+07   2.0 2.21e+00    -  1.00e+00 6.23e-01H  1
 164  8.4407474e+00 1.73e-02 1.44e+07   2.0 6.45e+02    -  8.13e-03 4.52e-04f  6
 165  8.4313855e+00 1.75e-02 1.54e+07   2.0 5.98e+00    -  5.19e-01 3.87e-02f  5
 166  8.4228065e+00 1.77e-02 1.64e+07   2.0 5.98e+00    -  1.00e+00 3.79e-02f  5
 167  8.4141312e+00 1.79e-02 1.74e+07   2.0 5.86e+00    -  6.14e-01 3.92e-02f  5
 168  8.4138267e+00 1.79e-02 1.76e+07   2.0 5.10e+02    -  1.79e-03 5.93e-05f  9
 169  8.4137838e+00 1.79e-02 1.77e+07   2.0 4.34e+01    -  1.83e-01 5.71e-04f  9
iter    objective    inf_pr   inf_du lg(mu)  ||d||  lg(rg) alpha_du alpha_pr  ls
 170  8.4564661e+00 2.62e-01 5.72e+07   2.0 4.16e+01    -  2.43e-02 7.77e-02f  2
 171  8.4643680e+00 2.65e-01 6.30e+07   2.0 3.36e+01    -  2.17e-01 1.31e-02f  4
 172  9.0773785e+00 7.67e-01 1.12e+08   2.0 4.85e+02    -  4.09e-03 1.02e-02f  2
 173  9.3646697e+00 7.58e-01 1.30e+08   2.0 7.97e+00    -  2.82e-01 4.21e-01h  1
 174  9.4864912e+00 7.06e-01 1.39e+08   2.0 1.04e+01    -  1.73e-01 2.00e-01h  1
 175  9.5724722e+00 6.65e-01 1.45e+08   2.0 1.09e+01    -  1.52e-01 9.47e-02h  1
 176  9.7878767e+00 6.83e-01 1.48e+08   2.0 6.87e+02    -  9.20e-03 3.29e-03f  3
 177  9.8579628e+00 5.21e-01 1.15e+08   2.0 7.34e+00    -  1.21e-01 2.58e-01h  1
 178  9.9440423e+00 4.12e-01 9.88e+07   2.0 5.40e+00    -  3.84e-01 2.67e-01h  1
 179  1.0069452e+01 3.18e-01 8.23e+07   2.0 5.05e+00    -  3.32e-01 4.48e-01h  1
iter    objective    inf_pr   inf_du lg(mu)  ||d||  lg(rg) alpha_du alpha_pr  ls
 180  1.0067904e+01 3.18e-01 8.23e+07   2.0 7.95e+02    -  1.29e-02 3.96e-04f  6
 181  1.0046045e+01 3.17e-01 8.53e+07   2.0 4.05e+01    -  1.90e-01 2.87e-02f  4
 182  1.0024693e+01 3.25e-01 9.00e+07   2.0 3.98e+01    -  2.46e-01 5.10e-02f  3
 183  1.0014721e+01 3.21e-01 9.20e+07   2.0 3.66e+01    -  2.28e-01 2.36e-02f  4
 184  1.0013318e+01 3.21e-01 9.23e+07   2.0 7.63e+02    -  2.22e-02 8.42e-05h  7
 185  9.9898733e+00 3.21e-01 9.54e+07   2.0 6.78e+01    -  8.40e-02 1.18e-02f  5
 186  9.9670608e+00 3.21e-01 9.89e+07   2.0 6.80e+01    -  1.11e-01 1.36e-02f  4
 187  9.9491954e+00 3.27e-01 1.02e+08   2.0 6.47e+01    -  8.35e-02 1.09e-02f  5
 188  9.9462411e+00 3.27e-01 1.02e+08   2.0 6.59e+02    -  2.10e-02 9.32e-05f  9
 189  9.9325430e+00 3.27e-01 1.03e+08   2.0 7.90e+01    -  1.08e-01 2.96e-03f  7
iter    objective    inf_pr   inf_du lg(mu)  ||d||  lg(rg) alpha_du alpha_pr  ls
 190  9.9054570e+00 3.29e-01 1.06e+08   2.0 7.76e+01    -  1.34e-01 6.12e-03f  6
 191  9.8916469e+00 3.29e-01 1.07e+08   2.0 7.52e+01    -  1.19e-01 3.18e-03f  7
 192  9.8814457e+00 3.29e-01 1.08e+08   2.0 4.86e+02    -  1.82e-02 2.32e-04h  5
 193  9.8443670e+00 3.28e-01 1.11e+08   2.0 4.55e+01    -  1.91e-01 8.70e-03f  5
 194  9.7813392e+00 3.30e-01 1.15e+08   2.0 4.44e+01    -  2.19e-01 1.59e-02f  5
 195  9.7439523e+00 3.30e-01 1.18e+08   2.0 4.29e+01    -  2.25e-01 9.75e-03f  6
 196  9.6867755e+00 3.59e-01 1.32e+08   2.0 4.08e+02    -  8.76e-04 4.11e-03f  4
 197  9.6127755e+00 4.55e-01 1.49e+08   2.0 5.09e+01    -  3.55e-02 5.44e-02f  3
 198  9.5744838e+00 5.40e-01 1.61e+08   2.0 4.24e+01    -  2.34e-01 5.53e-02f  3
 199  9.5523825e+00 5.87e-01 1.67e+08   2.0 3.42e+01    -  7.93e-02 5.98e-02f  3
iter    objective    inf_pr   inf_du lg(mu)  ||d||  lg(rg) alpha_du alpha_pr  ls
 200  9.9406015e+00 8.94e-01 1.76e+08   2.0 4.63e+02    -  1.10e-03 1.45e-02f  2
 201  9.6672098e+00 5.01e-01 1.09e+08   2.0 1.61e+01    -  2.43e-01 4.31e-01H  1
 202  9.6753731e+00 4.42e-01 9.16e+07   2.0 1.05e+01    -  5.87e-01 2.71e-01h  1
 203  9.6662060e+00 4.11e-01 8.71e+07   2.0 1.37e+01    -  1.92e-01 1.25e-01h  1
 204  9.6208319e+00 4.12e-01 8.77e+07   2.0 3.66e+02    -  1.36e-02 8.47e-04h  2
 205  9.3830329e+00 4.29e-01 8.72e+07   2.0 2.24e+01    -  3.67e-01 7.18e-02h  3
 206  9.1679351e+00 4.44e-01 8.57e+07   2.0 2.07e+01    -  2.50e-01 7.46e-02h  3
 207  8.9977020e+00 4.48e-01 8.38e+07   2.0 1.88e+01    -  1.85e-01 6.84e-02h  3
 208  8.8354537e+00 4.52e-01 8.78e+07   2.0 4.31e+02    -  8.02e-03 3.19e-03f  4
 209  8.2524426e+00 4.38e-01 6.76e+07   2.0 1.68e+01    -  6.67e-01 3.82e-01H  1
iter    objective    inf_pr   inf_du lg(mu)  ||d||  lg(rg) alpha_du alpha_pr  ls
 210  8.2355446e+00 4.38e-01 6.79e+07   2.0 1.84e+02    -  4.55e-02 9.46e-04h  6
 211  8.2176134e+00 4.38e-01 6.85e+07   2.0 2.17e+02    -  1.27e-02 7.47e-04h  6
 212  8.0920613e+00 4.48e-01 7.30e+07   2.0 2.14e+02    -  6.35e-02 6.13e-03f  3
 213  7.8571930e+00 7.81e-01 8.69e+07   2.9 2.15e+02    -  2.36e-03 2.77e-02f  1
 214  7.9879610e+00 7.25e-01 8.58e+07   2.9 6.56e+02    -  2.40e-02 3.29e-03f  3
 215  7.9332426e+00 6.11e-01 7.36e+07   2.0 4.46e+00    -  3.07e-01 1.64e-01h  1
 216  7.7516500e+00 4.32e-01 3.88e+07   2.9 5.54e+00    -  1.72e-01 1.00e+00f  1
 217  7.7498109e+00 4.03e-01 2.67e+07   2.9 1.01e+01    -  5.31e-01 4.03e-01h  1
 218  7.6012291e+00 6.31e-01 3.02e+07   2.9 5.63e+02    -  2.78e-02 9.85e-03f  2
 219  7.5386868e+00 6.45e-01 3.38e+07   2.9 6.35e+01    -  9.73e-02 3.67e-02f  3
iter    objective    inf_pr   inf_du lg(mu)  ||d||  lg(rg) alpha_du alpha_pr  ls
 220  7.5067034e+00 6.43e-01 3.57e+07   2.9 5.80e+01    -  3.06e-01 2.22e-02f  4
 221  7.5669391e+00 1.21e+00 4.87e+07   2.9 5.47e+01    -  1.67e-01 1.76e-01f  2
 222  7.5981004e+00 1.22e+00 5.23e+07   2.7 4.76e+02    -  3.88e-02 6.66e-03f  4
 223  7.4805154e+00 9.26e-01 5.79e+07   2.7 1.57e+01    -  3.80e-01 3.18e-01H  1
 224  7.4751730e+00 9.10e-01 5.54e+07   2.9 1.37e+01    -  1.55e-01 4.12e-01f  1
 225  7.4448545e+00 8.30e-01 5.73e+07   2.9 1.45e+01    -  4.08e-01 2.21e-01h  1
 226  7.5953154e+00 8.33e-01 6.70e+07   2.9 3.71e+02    -  7.89e-03 9.67e-03f  2
 227  7.6506080e+00 8.83e-01 6.85e+07   2.7 2.12e+01    -  4.78e-01 1.68e-01h  1
 228  7.7362534e+00 1.03e+00 5.32e+07   2.7 1.96e+01    -  1.95e-01 4.95e-01H  1
 229  7.7257679e+00 8.94e-01 5.80e+07   2.7 1.12e+01    -  3.23e-01 1.92e-01h  1
iter    objective    inf_pr   inf_du lg(mu)  ||d||  lg(rg) alpha_du alpha_pr  ls
 230  7.8625366e+00 9.38e-01 5.26e+07   2.7 3.87e+02    -  1.54e-02 6.16e-03f  4
 231  7.8989497e+00 9.36e-01 5.39e+07   2.7 5.71e+01    -  2.30e-01 2.06e-02f  4
 232  7.9446740e+00 9.35e-01 5.52e+07   2.7 5.35e+01    -  1.69e-01 2.37e-02h  4
 233  8.0043649e+00 9.36e-01 5.66e+07   2.7 4.96e+01    -  4.08e-01 2.87e-02h  4
 234  7.9977637e+00 9.36e-01 5.74e+07   2.7 3.85e+02    -  3.20e-02 9.47e-04h  6
 235  7.9906941e+00 9.40e-01 6.02e+07   2.7 7.89e+01    -  4.73e-02 2.27e-02f  4
 236  8.0005824e+00 9.49e-01 6.32e+07   2.7 6.93e+01    -  2.25e-01 2.94e-02f  4
 237  8.0054154e+00 9.43e-01 6.45e+07   2.7 5.48e+01    -  1.65e-01 1.69e-02h  5
 238  7.9981178e+00 9.42e-01 6.56e+07   2.7 2.32e+02    -  2.81e-02 1.70e-03h  4
 239  7.9926861e+00 9.53e-01 7.16e+07   2.7 2.31e+02    -  5.37e-02 9.69e-03f  2
iter    objective    inf_pr   inf_du lg(mu)  ||d||  lg(rg) alpha_du alpha_pr  ls
 240  8.0020771e+00 9.60e-01 7.71e+07   2.7 2.05e+02    -  1.17e-02 1.10e-02f  3
 241  8.0718571e+00 9.76e-01 8.45e+07   2.7 1.89e+02    -  4.78e-02 1.92e-02f  3
 242  8.1628596e+00 9.70e-01 8.74e+07   2.7 1.64e+02    -  1.59e-02 5.59e-03f  5
 243  8.2360607e+00 9.63e-01 8.97e+07   2.7 1.26e+02    -  6.57e-02 6.49e-03f  5
 244  8.3156258e+00 9.55e-01 9.21e+07   2.7 1.16e+02    -  7.09e-02 7.22e-03f  5
 245  8.3984690e+00 9.47e-01 9.42e+07   2.7 1.04e+02    -  4.16e-02 8.03e-03f  5
 246  8.5881774e+00 9.33e-01 9.98e+07   2.7 1.89e+02    -  3.10e-02 1.38e-02f  4
 247  9.7947234e+00 1.19e+00 1.18e+08   2.7 1.56e+02    -  5.64e-02 5.70e-02f  2
 248  1.0647806e+01 1.34e+00 1.28e+08   2.7 6.96e+01    -  2.58e-02 7.30e-02f  2
 249  1.0680348e+01 1.34e+00 1.27e+08   2.7 7.55e+01    -  7.86e-02 2.96e-02f  3
iter    objective    inf_pr   inf_du lg(mu)  ||d||  lg(rg) alpha_du alpha_pr  ls
 250  1.0767498e+01 1.31e+00 1.26e+08   2.7 3.78e+02    -  3.93e-02 1.17e-02h  4
 251  1.0825513e+01 1.15e+00 1.16e+08   2.7 8.22e+01    -  2.47e-01 7.46e-02h  2
 252  1.0978254e+01 1.25e+00 8.05e+07   2.7 4.85e+01    -  1.11e-01 3.91e-01H  1
 253  1.0838162e+01 9.95e-01 6.30e+07   2.7 1.76e+01    -  3.93e-02 2.90e-01h  1
 254  1.0652191e+01 1.10e+00 5.64e+07   2.7 4.56e+02    -  3.79e-02 1.80e-02f  2
 255  1.0369499e+01 7.34e-01 4.52e+07   2.7 1.29e+01    -  2.96e-01 4.20e-01h  1
 256  1.0312598e+01 7.07e-01 3.66e+07   2.7 1.68e+01    -  2.92e-01 2.01e-01h  1
 257  1.0103639e+01 5.14e-01 2.38e+07   2.7 1.30e+01    -  2.64e-01 4.81e-01F  1
 258  9.5944226e+00 7.76e-01 3.48e+07   2.7 2.71e+02    -  4.73e-02 2.93e-02f  2
 259  9.2322228e+00 8.71e-01 4.30e+07   2.7 1.15e+02    -  1.33e-01 4.72e-02f  2
iter    objective    inf_pr   inf_du lg(mu)  ||d||  lg(rg) alpha_du alpha_pr  ls
 260  9.0141916e+00 8.79e-01 4.72e+07   2.7 7.19e+01    -  7.75e-02 4.77e-02f  2
 261  8.8496757e+00 8.87e-01 4.97e+07   2.7 5.08e+01    -  1.31e-01 5.74e-02f  2
 262  8.8052184e+00 1.01e+00 5.59e+07   2.7 1.52e+02    -  2.17e-02 2.85e-02f  2
 263  8.6856624e+00 1.03e+00 6.39e+07   2.7 5.91e+01    -  1.09e-01 3.59e-02f  2
 264  8.5582673e+00 1.03e+00 6.84e+07   2.7 3.29e+01    -  1.49e-01 6.10e-02f  2
 265  8.2976605e+00 9.69e-01 6.57e+07   2.7 2.30e+01    -  1.98e-01 1.71e-01H  1
 266  8.1940948e+00 9.72e-01 6.59e+07   2.7 2.28e+02    -  6.30e-02 4.53e-03h  4
 267  7.9871184e+00 1.02e+00 4.21e+07   2.7 1.79e+01    -  2.28e-01 3.55e-01f  1
 268  8.0527327e+00 8.13e-01 3.26e+07   2.7 1.13e+01    -  7.43e-02 2.45e-01f  1
 269  8.2706589e+00 6.06e-01 2.16e+07   2.7 7.22e+00    -  3.20e-01 5.19e-01f  1
iter    objective    inf_pr   inf_du lg(mu)  ||d||  lg(rg) alpha_du alpha_pr  ls
 270  8.1959967e+00 6.24e-01 3.02e+07   2.7 3.53e+01    -  6.42e-02 6.32e-02f  2
 271  8.1534398e+00 6.11e-01 3.39e+07   2.7 3.30e+01    -  5.05e-02 3.48e-02f  2
 272  8.1140010e+00 5.96e-01 3.64e+07   2.7 2.63e+01    -  9.50e-02 3.46e-02f  2
 273  8.0478006e+00 5.74e-01 4.04e+07   2.7 2.38e+01    -  1.16e-01 7.46e-02f  2
 274  7.6359640e+00 5.40e-01 3.64e+07   2.7 2.73e+02    -  6.32e-02 1.71e-02h  3
 275  7.5178029e+00 3.57e-01 2.45e+07   2.7 5.05e+00    -  2.38e-01 4.63e-01f  1
 276  7.4026687e+00 3.94e-01 2.06e+07   2.7 8.37e+00    -  1.70e-01 3.93e-01f  1
 277  7.2861359e+00 4.41e-01 2.13e+07   2.9 9.12e+00    -  1.18e-01 3.37e-01f  1
 278  7.3547896e+00 4.38e-01 2.12e+07   2.9 2.43e+02    -  7.33e-02 9.58e-03f  2
 279  7.2509480e+00 3.59e-01 1.94e+07   2.6 6.69e+00    -  2.21e-01 3.67e-01h  1
iter    objective    inf_pr   inf_du lg(mu)  ||d||  lg(rg) alpha_du alpha_pr  ls
 280  7.1630659e+00 2.84e-01 1.80e+07   2.9 4.03e+00    -  3.72e-01 7.54e-01f  1
 281  7.0558287e+00 2.21e-01 1.57e+07  -3.2 4.82e+00    -  4.02e-01 1.92e-01h  1
 282  7.0827359e+00 3.22e-01 2.57e+07   2.9 1.18e+02    -  2.87e-02 2.98e-02F  1
 283  6.7873034e+00 2.53e-01 1.85e+07   2.5 3.73e+00    -  4.28e-01 6.04e-01h  1
 284  6.5610282e+00 3.82e-01 2.49e+07   2.9 3.79e+00    -  2.27e-02 1.00e+00f  1
 285  6.5605098e+00 3.54e-01 2.66e+07   2.9 1.00e+01    -  2.33e-01 1.07e-01f  2
 286  6.5514222e+00 3.53e-01 2.70e+07   2.9 1.44e+02    -  2.87e-02 3.65e-03f  5
 287  6.5429995e+00 3.51e-01 2.83e+07   2.9 4.81e+01    -  1.88e-01 7.66e-03h  4
 288  6.5314758e+00 3.48e-01 3.27e+07   2.9 4.31e+01    -  9.69e-02 1.73e-02f  4
 289  6.5292640e+00 3.46e-01 4.32e+07   2.9 4.02e+01    -  2.34e-01 4.07e-02f  3
iter    objective    inf_pr   inf_du lg(mu)  ||d||  lg(rg) alpha_du alpha_pr  ls
 290  6.3981000e+00 3.46e-01 4.78e+07   2.9 2.87e+02    -  2.94e-02 7.75e-03f  4
 291  6.2584099e+00 2.01e-01 3.30e+07   2.9 4.55e+00    -  3.52e-01 4.06e-01h  1
 292  6.2490840e+00 1.90e-01 3.40e+07   2.9 3.97e+00    -  5.95e-01 7.97e-02h  1
 293  6.2840358e+00 3.89e-01 3.32e+07   2.8 3.14e+00    -  3.16e-01 7.96e-01F  1
 294  6.2737934e+00 3.94e-01 3.07e+07   2.9 1.84e+02    -  4.51e-02 3.32e-03h  2
 295  6.1634891e+00 3.52e-01 1.98e+07   2.9 4.29e+00    -  7.34e-02 1.00e+00f  1
 296  6.3814455e+00 2.75e-01 1.75e+07   2.9 5.81e+00    -  3.87e-01 4.12e-01f  1
 297  6.2787413e+00 5.45e-02 8.04e+06   2.7 1.06e+00    -  8.27e-01 1.00e+00f  1
 298  6.1907141e+00 4.32e-02 1.31e+07   2.8 1.75e+00    -  1.00e+00 7.68e-01f  1
 299  6.1880096e+00 4.23e-02 1.30e+07   2.6 1.76e+00    -  1.00e+00 2.05e-02h  1
iter    objective    inf_pr   inf_du lg(mu)  ||d||  lg(rg) alpha_du alpha_pr  ls
 300  6.1416428e+00 1.66e-02 7.47e+06   2.7 1.59e+00    -  1.00e+00 8.30e-01H  1
 301  6.2699549e+00 2.47e-02 6.43e+06   2.9 1.98e+02    -  7.07e-02 6.13e-03f  4
 302  6.2903964e+00 2.56e-02 1.14e+07   2.6 1.72e+00    -  3.12e-01 1.00e+00H  1
 303  6.1816445e+00 2.70e-02 2.21e+07   2.6 2.49e+00    -  4.71e-01 1.00e+00H  1
 304  6.1944954e+00 2.85e-02 1.88e+07   2.0 5.54e-01    -  1.00e+00 3.21e-01h  1
 305  6.2162068e+00 2.56e-02 7.94e+06   1.9 1.33e+00    -  1.00e+00 5.10e-01H  1
 306  6.2172577e+00 2.56e-02 8.05e+06   2.1 3.26e+00    -  1.00e+00 1.30e-02h  6
 307  6.2351127e+00 3.86e-02 2.35e+07   2.9 3.01e+01    -  3.95e-01 4.11e-02f  2
 308  6.2362885e+00 3.86e-02 2.42e+07   2.5 2.37e+01    -  1.91e-01 2.55e-03h  7
 309  6.2380092e+00 3.86e-02 2.52e+07   2.5 2.33e+01    -  1.20e-01 3.30e-03f  7
iter    objective    inf_pr   inf_du lg(mu)  ||d||  lg(rg) alpha_du alpha_pr  ls
 310  6.2708029e+00 7.54e-02 4.05e+07   2.5 2.32e+01    -  6.59e-01 5.38e-02f  3
 311  6.2774801e+00 7.54e-02 4.08e+07   2.5 2.31e+02    -  3.10e-02 4.94e-04f  8
 312  6.8197169e+00 8.35e-01 3.68e+07   2.5 7.96e+00    -  9.95e-01 1.00e+00f  1
 313  6.8216982e+00 7.79e-01 3.97e+07   2.5 6.08e+00    -  3.96e-01 6.63e-02h  3
 314  6.8326905e+00 7.23e-01 4.19e+07   2.5 4.73e+00    -  4.20e-01 7.31e-02h  3
 315  6.8344930e+00 7.13e-01 4.22e+07   2.5 4.36e+00    -  4.86e-01 1.41e-02h  6
 316  6.8350020e+00 7.10e-01 4.23e+07   2.5 4.24e+00    -  4.12e-01 4.30e-03h  8
 317  6.7790187e+00 7.55e-01 4.30e+07   2.5 5.60e+02    -  6.68e-03 8.13e-03f  3
 318  6.7761975e+00 7.39e-01 4.35e+07   2.5 2.93e+00    -  1.00e+00 2.14e-02h  6
 319  6.7740272e+00 7.35e-01 4.53e+07   2.5 2.67e+01    -  1.90e-02 4.90e-03h  6
iter    objective    inf_pr   inf_du lg(mu)  ||d||  lg(rg) alpha_du alpha_pr  ls
 320  6.7927784e+00 7.29e-01 5.19e+07   2.5 3.25e+01    -  1.45e-01 1.29e-02f  4
 321  6.8341986e+00 7.24e-01 5.98e+07   2.5 3.51e+01    -  2.88e-02 1.95e-02h  4
 322  6.8421010e+00 7.22e-01 6.13e+07   2.5 5.27e+01    -  6.05e-02 3.17e-03h  6
 323  6.8875317e+00 7.22e-01 6.72e+07   2.5 5.25e+01    -  1.52e-02 1.28e-02f  4
 324  6.9244430e+00 7.21e-01 7.20e+07   2.5 5.06e+01    -  1.15e-01 1.12e-02f  4
 325  6.9742634e+00 7.20e-01 7.78e+07   2.5 4.41e+01    -  5.05e-02 1.67e-02h  4
 326  6.9840381e+00 7.22e-01 8.01e+07   2.5 3.08e+02    -  2.08e-02 4.17e-03f  4
 327  7.0113460e+00 6.59e-01 7.81e+07   2.5 1.07e+01    -  6.62e-01 9.88e-02h  3
 328  7.0167970e+00 6.46e-01 7.79e+07   2.5 1.07e+01    -  5.89e-01 2.01e-02h  6
 329  7.0227815e+00 6.34e-01 7.76e+07   2.5 1.06e+01    -  9.41e-01 1.98e-02h  6
iter    objective    inf_pr   inf_du lg(mu)  ||d||  lg(rg) alpha_du alpha_pr  ls
 330  7.0284676e+00 6.33e-01 7.80e+07   2.5 1.34e+02    -  2.88e-02 8.79e-04h  7
 331  7.2585333e+00 2.28e-01 7.08e+07   2.5 1.18e+01    -  1.00e+00 6.47e-01H  1
 332  7.2428004e+00 1.51e-01 5.39e+07   2.5 6.10e+00    -  5.06e-01 4.06e-01H  1
 333  7.2499335e+00 1.51e-01 5.48e+07   2.5 4.59e+01    -  3.12e-02 5.56e-03h  5
 334  7.2717073e+00 1.49e-01 5.76e+07   2.5 9.41e+01    -  4.59e-02 9.16e-03f  4
 335  7.3511819e+00 1.61e-01 6.48e+07   2.5 8.64e+01    -  2.73e-02 2.27e-02f  3
 336  7.3573567e+00 1.62e-01 6.58e+07   2.5 7.75e+01    -  2.22e-02 4.53e-03f  5
 337  7.3933350e+00 1.90e-01 6.87e+07   2.5 8.06e+01    -  1.01e-01 1.85e-02f  3
 338  7.4589087e+00 1.94e-01 6.89e+07   2.5 2.98e+02    -  1.03e-02 2.56e-03f  5
 339  7.4650481e+00 1.05e-01 3.76e+07   2.5 2.36e+00    -  1.00e+00 6.49e-01h  1
iter    objective    inf_pr   inf_du lg(mu)  ||d||  lg(rg) alpha_du alpha_pr  ls
 340  7.4634988e+00 7.55e-02 3.10e+07   2.5 7.96e+00    -  2.56e-01 4.37e-01H  1
 341  7.4019646e+00 6.10e-02 2.79e+07   2.5 5.61e+00    -  3.91e-01 3.67e-01H  1
 342  7.3870585e+00 5.80e-02 2.69e+07   2.5 3.23e+00    -  4.24e-01 1.23e-01h  1
 343  7.2899759e+00 3.82e-02 1.04e+07   2.5 2.83e+00    -  3.52e-01 6.18e-01H  1
 344  7.2969568e+00 3.81e-02 1.11e+07   2.5 2.83e+02    -  3.82e-02 7.70e-04f  5
 345  7.3277192e+00 6.16e-02 2.05e+07   2.5 9.67e+00    -  4.56e-01 1.66e-01f  2
 346  7.3505265e+00 7.11e-02 2.52e+07   2.5 9.03e+00    -  2.73e-01 1.15e-01f  2
 347  7.3752326e+00 7.75e-02 2.90e+07   2.5 8.55e+00    -  3.01e-01 1.11e-01f  2
 348  7.2782649e+00 7.40e-02 3.38e+07   2.5 2.68e+02    -  2.60e-02 5.62e-03f  4
 349  7.2484041e+00 7.47e-02 3.52e+07   2.5 1.07e+01    -  2.16e-01 7.55e-02f  4
iter    objective    inf_pr   inf_du lg(mu)  ||d||  lg(rg) alpha_du alpha_pr  ls
 350  7.2096448e+00 9.01e-02 3.77e+07   2.5 1.03e+01    -  1.77e-01 1.34e-01f  3
 351  7.1892653e+00 9.34e-02 3.95e+07   2.5 9.48e+00    -  5.83e-01 9.46e-02f  3
 352  7.2042807e+00 9.27e-02 3.98e+07   2.5 4.32e+02    -  1.14e-02 1.58e-03f  5
 353  7.1842416e+00 7.87e-02 2.60e+07   2.5 7.94e+00    -  3.75e-01 7.25e-01H  1
 354  7.1980507e+00 1.18e-01 3.64e+07   2.5 1.76e+01    -  3.50e-02 7.00e-02f  2
 355  7.2057369e+00 1.23e-01 4.09e+07   2.5 1.57e+01    -  5.10e-01 3.46e-02f  3
 356  7.2691703e+00 2.97e-01 7.96e+07   2.5 1.54e+01    -  1.42e-01 4.95e-01F  1
 357  7.1182692e+00 5.04e-01 9.48e+07   2.5 5.20e+02    -  3.58e-02 1.50e-02f  2
 358  7.1507572e+00 2.78e-01 4.08e+07   2.5 4.04e+00    -  3.07e-01 1.00e+00f  1
 359  7.1579491e+00 2.77e-01 4.09e+07   2.5 2.79e+01    -  1.28e-01 1.13e-02h  4
iter    objective    inf_pr   inf_du lg(mu)  ||d||  lg(rg) alpha_du alpha_pr  ls
 360  7.2124493e+00 3.12e-01 4.68e+07   2.5 8.05e+00    -  2.13e-01 2.52e-01f  1
 361  7.2081042e+00 3.23e-01 4.94e+07   2.5 4.72e+01    -  7.72e-02 1.22e-02f  3
 362  7.1832076e+00 3.45e-01 5.30e+07   2.5 5.46e+01    -  3.03e-02 1.61e-02f  2
 363  7.1644499e+00 3.57e-01 5.60e+07   2.5 5.15e+01    -  4.37e-02 1.43e-02f  2
 364  7.1452872e+00 3.82e-01 6.09e+07   2.5 4.55e+01    -  3.13e-02 2.29e-02f  2
 365  8.0012319e+00 9.00e-01 6.27e+07   2.5 4.90e+02    -  1.31e-02 2.09e-02f  2
 366  7.8444543e+00 7.44e-01 5.28e+07   2.5 9.30e+00    -  6.83e-02 1.80e-01h  1
 367  7.7642890e+00 7.20e-01 5.50e+07   2.5 2.52e+01    -  6.82e-02 5.78e-02h  1
 368  7.7299630e+00 7.03e-01 5.75e+07   2.5 2.19e+01    -  2.15e-01 2.75e-02f  3
 369  7.6624053e+00 6.73e-01 6.19e+07   2.5 2.02e+01    -  1.98e-01 6.47e-02f  2
iter    objective    inf_pr   inf_du lg(mu)  ||d||  lg(rg) alpha_du alpha_pr  ls
 370  7.4457503e+00 7.03e-01 6.10e+07   2.5 3.54e+02    -  1.11e-02 1.02e-02f  4
 371  7.1661157e+00 5.67e-01 6.43e+07   2.5 2.08e+01    -  8.12e-02 2.19e-01H  1
 372  6.9778065e+00 5.32e-01 6.45e+07   2.5 9.17e+00    -  5.70e-02 1.91e-01h  1
 373  6.8677816e+00 4.93e-01 6.32e+07   2.5 8.95e+00    -  8.23e-02 1.44e-01f  2
 374  6.8434247e+00 4.93e-01 6.31e+07   2.5 3.16e+02    -  1.69e-02 9.87e-04h  5
 375  6.7198412e+00 4.83e-01 6.19e+07   2.5 1.77e+01    -  2.39e-01 8.00e-02h  2
 376  6.6289775e+00 4.59e-01 6.00e+07   2.5 1.48e+01    -  1.06e-01 7.95e-02f  2
 377  6.5657468e+00 4.32e-01 5.93e+07   2.5 1.34e+01    -  5.42e-02 7.43e-02f  2
 378  6.7914420e+00 4.59e-01 7.34e+07   2.5 2.41e+02    -  1.02e-02 9.72e-03f  3
 379  6.8392291e+00 4.16e-01 7.19e+07   2.5 8.87e+00    -  1.56e-01 1.04e-01h  1
iter    objective    inf_pr   inf_du lg(mu)  ||d||  lg(rg) alpha_du alpha_pr  ls
 380  6.8849640e+00 3.82e-01 7.02e+07   2.5 7.68e+00    -  1.44e-01 8.78e-02f  2
 381  7.0049231e+00 3.10e-01 6.50e+07   2.5 7.45e+00    -  1.68e-01 2.26e-01h  1
 382  6.9788369e+00 3.14e-01 6.19e+07   2.5 3.01e+02    -  3.59e-02 3.99e-03h  3
 383  6.9666526e+00 2.82e-01 5.78e+07   2.5 4.43e+00    -  2.03e-01 1.14e-01f  2
 384  6.9565844e+00 2.47e-01 5.35e+07   2.5 4.50e+00    -  1.75e-01 1.43e-01h  1
 385  6.9498586e+00 1.97e-01 4.86e+07   2.5 4.05e+00    -  2.00e-01 2.55e-01f  2
 386  6.9475568e+00 1.97e-01 4.88e+07   2.5 3.55e+02    -  2.39e-02 6.65e-04h  7
 387  6.9620633e+00 1.89e-01 5.22e+07   2.5 1.92e+01    -  1.48e-01 5.90e-02h  3
 388  6.9808807e+00 1.91e-01 5.57e+07   2.5 1.80e+01    -  3.11e-02 6.29e-02f  3
 389  7.0014409e+00 1.94e-01 5.90e+07   2.5 1.66e+01    -  4.71e-01 5.96e-02f  3
iter    objective    inf_pr   inf_du lg(mu)  ||d||  lg(rg) alpha_du alpha_pr  ls
 390  7.5183444e+00 3.78e-01 7.91e+07   2.5 1.44e+02    -  2.48e-03 2.74e-02f  2
 391  7.7310085e+00 3.33e-01 8.63e+07   2.5 1.01e+01    -  2.16e-01 1.60e-01f  2
 392  7.8689298e+00 3.12e-01 8.85e+07   2.5 8.29e+00    -  2.15e-01 1.34e-01h  2
 393  7.9882002e+00 2.96e-01 8.90e+07   2.5 7.35e+00    -  1.73e-01 1.39e-01h  2
 394  7.9381121e+00 2.92e-01 8.71e+07   2.5 5.04e+02    -  4.23e-02 4.23e-03f  3
 395  7.9281167e+00 2.52e-01 7.94e+07   2.5 5.18e+00    -  9.14e-01 1.44e-01h  2
 396  7.9390952e+00 1.99e-01 6.23e+07   2.5 5.13e+00    -  3.68e-01 4.01e-01f  1
 397  7.9882793e+00 2.05e-01 5.20e+07   2.5 4.97e+00    -  1.27e-01 4.58e-01h  1
 398  8.0535199e+00 2.51e-01 6.05e+07   2.5 5.02e+02    -  5.75e-03 3.59e-03f  3
 399  8.0618791e+00 2.52e-01 6.33e+07   2.5 2.36e+02    -  5.37e-02 1.44e-03f  5
iter    objective    inf_pr   inf_du lg(mu)  ||d||  lg(rg) alpha_du alpha_pr  ls
 400  8.0707804e+00 2.54e-01 6.61e+07   2.5 2.03e+02    -  2.89e-02 1.68e-03f  5
 401  8.0804705e+00 2.56e-01 6.90e+07   2.5 1.72e+02    -  1.05e-01 2.06e-03f  5
 402  8.0883362e+00 2.58e-01 6.96e+07   2.5 3.25e+02    -  1.51e-02 1.88e-03f  5
 403  8.3328278e+00 9.27e-01 9.16e+07   2.5 3.66e+01    -  1.62e-01 1.82e-01f  2
 404  8.4837555e+00 9.48e-01 9.31e+07   2.5 2.46e+01    -  1.86e-01 1.19e-01f  2
 405  8.6758761e+00 9.10e-01 9.24e+07   2.5 1.99e+01    -  8.76e-02 1.91e-01H  1
 406  8.7514748e+00 9.17e-01 9.71e+07   2.5 2.28e+02    -  1.75e-02 1.30e-02f  2
 407  8.8081829e+00 8.03e-01 9.29e+07   2.5 1.29e+01    -  1.04e-01 1.66e-01h  1
 408  8.9119038e+00 7.15e-01 8.57e+07   2.5 1.06e+01    -  1.27e-01 1.93e-01h  1
 409  8.9428419e+00 6.73e-01 8.35e+07   2.5 7.81e+00    -  1.38e-01 7.09e-02h  1
iter    objective    inf_pr   inf_du lg(mu)  ||d||  lg(rg) alpha_du alpha_pr  ls
 410  9.0912208e+00 6.69e-01 7.99e+07   2.5 3.81e+02    -  2.33e-02 5.72e-03f  2
 411  9.4618234e+00 8.26e-01 8.39e+07   2.5 3.51e+01    -  1.30e-01 1.44e-01f  1
 412  1.0101385e+01 1.02e+00 7.51e+07   2.5 2.22e+01    -  1.48e-01 2.61e-01f  1
 413  1.0251554e+01 9.22e-01 6.64e+07   2.5 1.25e+01    -  9.42e-02 1.83e-01f  1
 414  1.0363576e+01 9.22e-01 6.53e+07   2.5 3.38e+02    -  8.84e-03 7.08e-03f  3
 415  1.0377513e+01 8.93e-01 6.70e+07   2.5 3.02e+01    -  1.17e-01 8.64e-02h  1
 416  1.0447484e+01 8.82e-01 6.52e+07   2.5 2.58e+01    -  1.13e-01 1.78e-01f  1
 417  1.0460400e+01 8.15e-01 6.07e+07   2.5 1.78e+01    -  2.42e-01 9.56e-02h  1
 418  1.0319286e+01 7.74e-01 5.60e+07   2.5 3.38e+02    -  2.31e-02 1.03e-02f  2
 419  1.0229353e+01 7.35e-01 5.40e+07   2.5 2.77e+01    -  5.76e-02 7.13e-02h  2
iter    objective    inf_pr   inf_du lg(mu)  ||d||  lg(rg) alpha_du alpha_pr  ls
 420  1.0173293e+01 6.95e-01 5.50e+07   2.5 2.28e+01    -  1.27e-01 5.83e-02h  2
 421  1.0124462e+01 6.55e-01 5.56e+07   2.5 1.91e+01    -  8.94e-02 6.65e-02h  2
 422  1.0329542e+01 6.77e-01 5.77e+07   2.5 3.29e+02    -  3.36e-03 9.82e-03f  3
 423  1.0361683e+01 6.83e-01 5.87e+07   2.5 3.58e+01    -  1.30e-01 2.55e-02h  3
 424  1.0401364e+01 6.90e-01 5.95e+07   2.5 3.14e+01    -  1.07e-01 3.22e-02f  3
 425  1.0450673e+01 6.99e-01 6.06e+07   2.5 2.58e+01    -  3.39e-01 4.26e-02h  3
 426  1.0428625e+01 7.37e-01 6.32e+07   2.5 3.10e+02    -  1.23e-02 1.06e-02f  3
 427  1.0375514e+01 7.06e-01 6.52e+07   2.5 2.01e+01    -  1.46e-01 1.13e-01f  2
 428  1.0347547e+01 6.83e-01 6.72e+07   2.5 1.58e+01    -  3.60e-01 1.36e-01h  1
 429  1.0344394e+01 6.24e-01 6.57e+07   2.5 1.17e+01    -  3.30e-01 1.30e-01h  2
iter    objective    inf_pr   inf_du lg(mu)  ||d||  lg(rg) alpha_du alpha_pr  ls
 430  1.0789376e+01 8.01e-01 7.18e+07   2.5 2.43e+02    -  4.65e-03 1.51e-02f  2
 431  1.0975033e+01 8.42e-01 7.30e+07   2.5 2.89e+01    -  1.43e-01 6.69e-02h  2
 432  1.1219880e+01 8.99e-01 7.28e+07   2.5 2.17e+01    -  1.50e-01 9.91e-02h  2
 433  1.1489892e+01 9.34e-01 7.04e+07   2.5 1.49e+01    -  2.68e-01 1.38e-01h  2
 434  1.1978396e+01 1.03e+00 7.94e+07   2.5 2.78e+02    -  2.68e-02 1.75e-02f  3
 435  1.2071011e+01 8.24e-01 6.61e+07   2.5 9.60e+00    -  7.08e-02 2.45e-01h  1
 436  1.2147376e+01 6.82e-01 5.61e+07   2.5 9.39e+00    -  2.42e-01 2.25e-01f  2
 437  1.2254151e+01 5.34e-01 4.09e+07   2.5 8.23e+00    -  1.06e-01 4.24e-01h  1
 438  1.2412937e+01 5.93e-01 4.23e+07   2.5 3.51e+02    -  1.62e-02 8.96e-03f  2
 439  1.2453417e+01 5.75e-01 3.89e+07   2.5 1.90e+01    -  5.23e-02 1.37e-01h  1
iter    objective    inf_pr   inf_du lg(mu)  ||d||  lg(rg) alpha_du alpha_pr  ls
 440  1.2565477e+01 7.88e-01 3.17e+07   2.5 1.57e+01    -  1.33e-01 3.44e-01f  1
 441  1.2637455e+01 1.02e+00 2.31e+07   2.5 9.25e+00    -  2.27e-01 6.99e-01f  1
 442  1.2748180e+01 1.11e+00 3.82e+07   2.5 2.89e+02    -  4.17e-02 1.30e-02f  2
 443  1.2565838e+01 1.05e+00 4.19e+07   2.5 1.77e+01    -  9.00e-02 2.40e-01f  1
 444  1.2293102e+01 8.94e-01 3.87e+07   2.5 1.04e+01    -  8.43e-02 3.66e-01f  1
 445  1.2214436e+01 8.19e-01 3.87e+07   2.5 1.11e+01    -  7.87e-02 1.04e-01f  1
 446  1.2244001e+01 1.32e+00 3.48e+07   2.5 1.99e+02    -  1.69e-02 4.42e-02f  1
 447  1.2026539e+01 1.07e+00 2.98e+07   2.5 9.27e+00    -  1.55e-01 2.22e-01f  1
 448  1.1857621e+01 8.17e-01 2.81e+07   2.5 6.55e+00    -  3.85e-02 2.83e-01f  1
 449  1.1757817e+01 7.05e-01 2.77e+07   2.5 5.39e+00    -  2.21e-01 1.49e-01h  1
iter    objective    inf_pr   inf_du lg(mu)  ||d||  lg(rg) alpha_du alpha_pr  ls
 450  1.1786487e+01 7.47e-01 3.02e+07   2.5 3.03e+02    -  3.80e-02 1.14e-02f  3
 451  1.1576286e+01 5.88e-01 3.13e+07   2.5 9.20e+00    -  1.14e-01 3.09e-01f  1
 452  1.1443765e+01 4.71e-01 3.02e+07   2.5 5.75e+00    -  4.60e-01 2.25e-01f  1
 453  1.1076238e+01 4.91e-01 2.44e+07   2.5 4.11e+00    -  2.59e-01 8.88e-01f  1
 454  1.0830855e+01 5.33e-01 2.43e+07   2.5 2.36e+02    -  2.13e-02 1.68e-02f  2
 455  1.0741009e+01 4.20e-01 1.67e+07   2.5 2.97e+00    -  3.77e-01 2.10e-01f  1
 456  1.0583493e+01 2.76e-01 8.31e+06   2.5 2.77e+00    -  3.23e-01 4.66e-01f  1
 457  1.0518151e+01 2.03e-01 8.40e+06   2.5 2.46e+00    -  3.26e-01 3.27e-01f  1
 458  1.0818631e+01 5.54e-01 2.26e+07   2.5 2.33e+02    -  8.08e-02 3.47e-02f  2
 459  1.0656573e+01 2.79e-01 1.47e+07   2.5 4.72e+00    -  5.39e-02 8.36e-01f  1
iter    objective    inf_pr   inf_du lg(mu)  ||d||  lg(rg) alpha_du alpha_pr  ls
 460  1.0688614e+01 1.65e-01 1.61e+07   2.5 3.73e+00    -  1.29e-01 6.33e-01f  1
 461  1.0710666e+01 4.30e-01 1.95e+07   2.5 2.86e+00    -  3.48e-01 1.00e+00f  1
 462  1.0684814e+01 4.23e-01 1.73e+07   2.5 3.88e+02    -  7.31e-03 7.39e-03f  3
 463  1.0647679e+01 2.06e-01 2.79e+07   2.5 2.11e+00    -  2.01e-01 1.00e+00f  1
 464  1.0673534e+01 1.94e-01 5.58e+06   2.5 6.13e+00    -  3.14e-01 3.62e-01h  1
 465  1.0650484e+01 1.14e-01 1.02e+07   2.5 2.55e+00    -  3.38e-01 4.53e-01f  1
 466  1.0859529e+01 6.39e-01 1.92e+07   2.5 5.26e+02    -  4.37e-02 1.09e-02f  3
 467  1.0624547e+01 2.07e-01 8.75e+06   2.5 2.67e+00    -  1.00e+00 7.97e-01h  1
 468  1.0618171e+01 1.92e-01 6.16e+06   2.5 2.23e+00    -  4.50e-01 1.00e+00F  1
 469  1.0484662e+01 4.59e-02 7.74e+06   2.5 8.62e-01    -  8.52e-03 1.00e+00f  1
iter    objective    inf_pr   inf_du lg(mu)  ||d||  lg(rg) alpha_du alpha_pr  ls
 470  1.0474299e+01 1.50e-01 1.03e+07   2.5 4.99e+02    -  4.50e-02 5.22e-03f  4
 471  1.0375292e+01 1.56e-01 5.74e+06   2.5 9.94e-01    -  9.35e-02 1.00e+00f  1
 472  1.0305632e+01 8.18e-02 9.10e+06   2.5 1.32e+00    -  6.71e-01 6.76e-01h  1
 473  1.0270822e+01 4.31e-02 5.07e+06   2.5 1.97e+00    -  1.00e+00 4.32e-01h  1
 474  1.0269290e+01 4.31e-02 5.08e+06   1.8 3.10e+02    -  4.08e-02 6.68e-05h 10
 475  9.9011271e+00 4.70e-02 1.00e+07   1.8 4.39e+00    -  5.65e-01 8.45e-01H  1
 476  9.8303909e+00 4.22e-02 9.72e+06   1.8 8.47e+00    -  3.56e-01 5.37e-02f  3
 477  9.7973356e+00 4.09e-02 9.74e+06   1.8 7.62e+00    -  2.45e-01 2.62e-02f  4
 478  9.7162381e+00 3.67e-02 1.06e+07   1.8 7.63e+00    -  4.78e-01 7.06e-02f  3
 479  9.6864133e+00 3.54e-02 1.14e+07   1.8 6.76e+00    -  2.96e-01 3.10e-02f  5
iter    objective    inf_pr   inf_du lg(mu)  ||d||  lg(rg) alpha_du alpha_pr  ls
 480  9.6733847e+00 3.46e-02 1.31e+07   1.8 4.68e+02    -  1.67e-02 1.27e-03f  6
 481  9.6423509e+00 1.69e-02 6.03e+06   1.8 3.92e-01    -  1.00e+00 6.78e-01h  1
 482  9.5846786e+00 1.85e-02 6.19e+06   1.8 6.90e-01    -  2.79e-01 1.00e+00h  1
 483  9.5743236e+00 1.84e-02 6.13e+06   1.8 3.93e+00    -  3.97e-01 3.14e-02h  4
 484  9.5662414e+00 1.84e-02 6.29e+06   1.8 3.76e+00    -  5.46e-01 2.59e-02h  5
 485  9.4355832e+00 1.71e-02 1.39e+07   1.8 3.65e+00    -  5.77e-01 7.34e-01H  1
 486  9.4023759e+00 1.71e-02 1.45e+07   1.8 1.63e+02    -  5.81e-02 2.76e-03f  5
 487  9.3678231e+00 1.71e-02 1.33e+07   1.8 2.85e+00    -  5.28e-01 1.25e-01f  4
 488  9.3534927e+00 1.71e-02 1.39e+07   1.8 1.39e+01    -  3.34e-01 1.03e-02f  5
 489  9.3339770e+00 1.71e-02 1.48e+07   1.8 1.47e+01    -  1.71e-01 1.41e-02f  5
iter    objective    inf_pr   inf_du lg(mu)  ||d||  lg(rg) alpha_du alpha_pr  ls
 490  9.3302548e+00 1.71e-02 1.51e+07   1.8 3.78e+01    -  6.96e-02 1.96e-03f  7
 491  9.1901045e+00 9.55e-01 7.28e+07   1.8 4.86e+01    -  1.30e-01 1.69e-01F  1
 492  9.0285977e+00 7.60e-01 7.95e+07   1.8 6.80e+00    -  1.67e-01 3.97e-01h  1
 493  8.9646390e+00 2.13e-01 7.12e+07   1.8 1.24e+00    -  2.57e-01 7.19e-01h  1
 494  8.9668044e+00 1.88e-01 7.32e+07   1.8 1.41e+01    -  1.28e-01 5.79e-02h  1
 495  8.9775440e+00 1.65e-01 7.46e+07   1.8 1.21e+01    -  3.57e-01 6.73e-02f  3
 496  8.9908615e+00 1.49e-01 7.58e+07   1.8 1.16e+01    -  2.88e-01 6.64e-02f  3
 497  9.1136817e+00 1.49e-01 7.44e+07   1.8 5.92e+02    -  6.13e-03 3.10e-03f  3
 498  9.1091458e+00 1.98e-01 2.84e+07   1.8 1.26e+00    -  6.62e-01 1.00e+00h  1
 499  9.0944382e+00 1.78e-01 1.75e+07   1.8 2.77e+00    -  3.28e-01 1.19e-01h  1
iter    objective    inf_pr   inf_du lg(mu)  ||d||  lg(rg) alpha_du alpha_pr  ls
 500  8.9712120e+00 3.33e-01 7.87e+06   1.8 2.72e+00    -  2.20e-01 8.89e-01F  1
 501  8.9633179e+00 2.24e-01 4.70e+06   1.8 7.79e-01    -  8.45e-01 3.33e-01h  1
 502  8.9602937e+00 1.69e-02 8.70e+06   1.8 8.35e-01    -  1.00e+00 1.00e+00f  1
 503  9.0003148e+00 1.71e-02 1.06e+07   1.8 8.55e-01    -  6.20e-01 1.00e+00H  1
 504  9.0123358e+00 1.71e-02 1.02e+07   1.8 2.76e+02    -  1.33e-02 2.36e-03f  4
 505  9.0547766e+00 1.70e-02 1.12e+07   1.8 1.30e+00    -  5.68e-01 5.15e-01H  1
 506  9.0790798e+00 1.70e-02 1.35e+07   1.8 1.72e+01    -  1.14e-01 1.76e-02f  4
 507  9.0991164e+00 1.70e-02 1.48e+07   1.8 1.13e+01    -  2.26e-01 1.99e-02f  5
 508  9.1277511e+00 1.69e-02 1.66e+07   1.8 1.10e+01    -  7.60e-01 2.88e-02f  5
 509  9.4752023e+00 2.94e-01 3.30e+07   1.8 1.06e+01    -  2.39e-01 1.00e+00F  1
iter    objective    inf_pr   inf_du lg(mu)  ||d||  lg(rg) alpha_du alpha_pr  ls
 510  9.5371545e+00 3.00e-01 3.05e+07   1.8 8.68e+02    -  1.94e-02 2.75e-03f  4
 511  9.5133201e+00 1.54e-01 1.74e+07   1.8 9.36e-01    -  3.01e-01 4.82e-01f  2
 512  9.4930675e+00 1.25e-01 1.54e+07   1.8 2.21e+00    -  6.02e-01 1.83e-01f  2
 513  9.4622674e+00 9.01e-02 1.48e+07   1.8 2.35e+00    -  3.24e-01 2.93e-01f  2
 514  9.4219500e+00 5.01e-02 1.34e+07   1.8 1.72e+00    -  3.27e-01 5.81e-01h  1
 515  9.3908914e+00 3.88e-02 1.35e+07   1.8 1.25e+00    -  6.03e-01 1.00e+00f  1
 516  9.3926311e+00 3.89e-02 1.34e+07   1.8 7.94e+02    -  1.59e-02 4.03e-05h  9
 517  9.4416949e+00 4.42e-02 1.26e+07   1.8 4.74e+00    -  1.00e+00 3.01e-01H  1
 518  9.4427764e+00 4.42e-02 1.28e+07   1.8 5.56e+01    -  8.84e-02 6.03e-04h  7
 519  9.4513262e+00 4.49e-02 1.42e+07   1.8 1.02e+02    -  6.45e-02 2.07e-03f  5
iter    objective    inf_pr   inf_du lg(mu)  ||d||  lg(rg) alpha_du alpha_pr  ls
 520  9.4720509e+00 4.54e-02 1.62e+07   1.8 2.75e+02    -  2.84e-02 9.21e-04f  6
 521  9.4787882e+00 4.56e-02 1.72e+07   1.8 1.33e+02    -  6.13e-02 7.49e-04f  7
 522  9.4880663e+00 4.58e-02 1.84e+07   1.8 1.21e+02    -  7.84e-03 1.11e-03f  7
 523  9.4936919e+00 4.59e-02 1.91e+07   1.8 1.23e+02    -  2.01e-01 6.33e-04f  8
 524  9.9716144e+00 3.25e-01 4.96e+07   1.8 6.22e+02    -  8.13e-03 6.40e-03f  2
 525  1.0367383e+01 6.13e-01 7.24e+07   1.8 1.42e+01    -  9.96e-02 3.01e-01f  2
 526  1.0639142e+01 5.21e-01 7.74e+07   1.8 1.52e+01    -  2.35e-01 3.30e-01H  1
 527  1.0781108e+01 5.02e-01 7.82e+07   1.8 1.30e+01    -  3.82e-01 1.46e-01H  1
 528  1.0804821e+01 5.00e-01 8.21e+07   1.8 5.64e+02    -  1.69e-03 2.52e-03f  4
 529  1.0781550e+01 4.36e-01 8.24e+07   1.8 1.08e+01    -  2.74e-01 1.25e-01h  1
iter    objective    inf_pr   inf_du lg(mu)  ||d||  lg(rg) alpha_du alpha_pr  ls
 530  1.0778071e+01 3.65e-01 8.16e+07   1.8 9.32e+00    -  1.88e-01 1.76e-01h  1
 531  1.0798100e+01 3.08e-01 7.93e+07   1.8 8.29e+00    -  5.58e-01 1.93e-01h  1
 532  1.0798690e+01 3.09e-01 7.93e+07   1.8 6.58e+02    -  1.82e-02 4.51e-04h  7
 533  1.0814720e+01 2.56e-01 8.10e+07   1.8 1.94e+01    -  6.49e-01 3.86e-01H  1
 534  1.0830250e+01 2.49e-01 8.39e+07   1.8 1.49e+01    -  3.84e-01 1.21e-01h  2
 535  1.0844995e+01 2.41e-01 8.63e+07   1.8 1.48e+01    -  3.37e-02 1.14e-01h  2
 536  1.0843083e+01 2.41e-01 8.65e+07   1.8 5.21e+02    -  1.60e-03 1.73e-04f  7
 537  1.0814360e+01 2.46e-01 8.70e+07   1.8 5.89e+01    -  8.34e-02 1.72e-02f  3
 538  1.0802098e+01 2.45e-01 8.71e+07   1.8 5.57e+01    -  2.66e-02 7.28e-03f  4
 539  1.0791143e+01 2.45e-01 8.72e+07   1.8 5.42e+01    -  1.04e-01 6.87e-03f  4
iter    objective    inf_pr   inf_du lg(mu)  ||d||  lg(rg) alpha_du alpha_pr  ls
 540  1.0783661e+01 2.45e-01 8.76e+07   1.8 5.23e+02    -  5.24e-03 4.83e-04f  5
 541  1.0728227e+01 3.18e-01 8.97e+07   1.8 1.30e+02    -  6.13e-02 1.78e-02f  2
 542  1.0723140e+01 3.18e-01 8.98e+07   1.8 1.08e+02    -  4.93e-02 1.58e-03h  6
 543  1.0719191e+01 3.18e-01 8.99e+07   1.8 1.06e+02    -  1.79e-01 1.27e-03h  7
 544  1.0670053e+01 7.57e-01 1.01e+08   1.8 6.48e+02    -  3.70e-03 9.29e-03f  2
 545  1.0668262e+01 7.57e-01 1.02e+08   1.8 4.63e+02    -  2.14e-02 1.71e-04h  8
 546  1.0660538e+01 7.58e-01 1.03e+08   1.8 4.42e+02    -  3.89e-02 8.21e-04f  6
 547  1.0652708e+01 7.59e-01 1.04e+08   1.8 3.85e+02    -  6.75e-02 9.85e-04f  6
 548  1.0477875e+01 8.05e-01 1.16e+08   1.8 4.75e+02    -  2.86e-03 7.07e-03f  2
 549  1.0471073e+01 8.00e-01 1.16e+08   1.8 1.74e+01    -  4.53e-01 5.88e-03h  6
iter    objective    inf_pr   inf_du lg(mu)  ||d||  lg(rg) alpha_du alpha_pr  ls
 550  1.0465085e+01 7.96e-01 1.16e+08   1.8 1.74e+01    -  9.02e-01 5.20e-03h  7
 551  1.0461558e+01 7.93e-01 1.16e+08   1.8 1.73e+01    -  9.45e-01 3.08e-03h  8
 552  1.0451256e+01 7.94e-01 1.15e+08   1.8 6.32e+02    -  2.05e-02 5.89e-04h  7
 553  1.0061822e+01 3.13e-01 4.70e+07   1.8 1.89e+01    -  3.55e-01 6.95e-01H  1
 554  9.9993142e+00 2.08e-01 4.18e+07   1.8 1.83e+01    -  4.47e-01 3.32e-01H  1
 555  9.9876673e+00 1.84e-01 4.04e+07   1.8 1.27e+01    -  5.52e-01 1.18e-01h  1
 556  9.9973987e+00 1.22e-01 3.12e+07   1.8 1.20e+01    -  1.00e+00 5.33e-01H  1
 557  9.8807972e+00 1.30e-01 3.40e+07   1.8 7.52e+02    -  1.24e-02 2.41e-03f  4
 558  9.7546899e+00 1.20e-01 3.14e+07   1.8 6.72e+00    -  4.14e-02 4.77e-01H  1
 559  9.7487047e+00 1.21e-01 3.22e+07   1.8 8.37e+01    -  4.55e-03 2.48e-03f  3
iter    objective    inf_pr   inf_du lg(mu)  ||d||  lg(rg) alpha_du alpha_pr  ls
 560  9.7401806e+00 1.23e-01 3.33e+07   1.8 8.13e+01    -  7.51e-02 3.89e-03f  3
 561  9.7235246e+00 1.38e-01 3.61e+07   1.8 7.80e+01    -  1.08e-02 1.01e-02f  3
 562  9.7114661e+00 1.41e-01 3.56e+07   1.8 1.03e+03    -  9.32e-03 1.64e-03f  5
 563  9.7227086e+00 1.54e-01 3.93e+07   1.8 2.07e+01    -  4.65e-02 1.00e-01f  3
 564  9.7346153e+00 1.62e-01 4.47e+07   1.8 2.12e+01    -  6.79e-03 8.77e-02f  3
 565  9.7466598e+00 1.84e-01 4.91e+07   1.8 2.02e+01    -  7.70e-01 7.56e-02f  3
 566  9.5669111e+00 3.10e-01 5.52e+07   1.8 6.91e+02    -  6.68e-03 5.02e-03f  3
 567  9.4396740e+00 3.79e-01 6.46e+07   1.8 1.60e+02    -  2.37e-02 1.64e-02f  3
 568  9.4103888e+00 3.82e-01 6.64e+07   1.8 1.32e+02    -  1.57e-01 4.42e-03f  5
 569  9.3101866e+00 4.44e-01 7.37e+07   1.8 1.26e+02    -  6.33e-02 1.94e-02f  3
iter    objective    inf_pr   inf_du lg(mu)  ||d||  lg(rg) alpha_du alpha_pr  ls
 570  9.1592419e+00 9.27e-01 9.76e+07   1.8 5.28e+02    -  1.39e-02 1.01e-02f  2
 571  9.1353056e+00 9.23e-01 1.01e+08   1.8 6.17e+01    -  5.59e-02 1.51e-02f  4
 572  9.1151276e+00 9.18e-01 1.04e+08   1.8 6.02e+01    -  2.47e-01 1.41e-02f  4
 573  9.0960508e+00 9.11e-01 1.07e+08   1.8 5.81e+01    -  8.43e-02 1.53e-02h  4
 574  9.0726726e+00 9.11e-01 1.02e+08   1.8 5.76e+02    -  4.69e-03 4.65e-03f  3
 575  9.0533185e+00 8.63e-01 9.85e+07   1.8 3.22e+01    -  7.89e-01 5.62e-02h  3
 576  9.0333598e+00 7.95e-01 9.28e+07   1.8 3.08e+01    -  2.11e-01 8.99e-02h  2
 577  9.0112755e+00 7.21e-01 8.88e+07   1.8 2.79e+01    -  7.26e-01 1.09e-01h  1
 578  8.9707018e+00 7.23e-01 9.23e+07   1.8 6.38e+02    -  3.22e-02 1.66e-03f  4
 579  8.7393745e+00 9.21e-01 1.16e+08   1.8 3.28e+01    -  7.07e-02 3.18e-01H  1
iter    objective    inf_pr   inf_du lg(mu)  ||d||  lg(rg) alpha_du alpha_pr  ls
 580  8.6458854e+00 9.86e-01 1.02e+08   1.8 2.21e+01    -  9.07e-02 3.34e-01H  1
 581  8.6351551e+00 9.60e-01 1.02e+08   1.8 1.27e+01    -  3.57e-01 2.86e-02h  1
 582  8.6265846e+00 9.64e-01 9.62e+07   1.8 4.64e+02    -  2.68e-02 3.55e-03f  4
 583  8.6069894e+00 9.51e-01 9.61e+07   1.8 5.77e+01    -  3.83e-02 2.42e-02f  2
 584  8.5892866e+00 9.37e-01 9.57e+07   1.8 5.31e+01    -  3.70e-02 2.79e-02f  2
 585  8.5667825e+00 9.19e-01 9.35e+07   1.8 4.98e+01    -  6.70e-02 4.02e-02f  2
 586  8.5485703e+00 9.19e-01 9.29e+07   1.8 4.21e+02    -  2.66e-02 5.87e-04h  4
 587  8.5227027e+00 9.16e-01 9.27e+07   1.8 1.19e+02    -  4.84e-02 3.22e-03h  5
 588  8.4103014e+00 9.05e-01 9.15e+07   1.8 1.16e+02    -  8.39e-04 1.64e-02f  3
 589  8.3710663e+00 8.99e-01 9.12e+07   1.8 1.01e+02    -  8.12e-03 7.12e-03f  4
iter    objective    inf_pr   inf_du lg(mu)  ||d||  lg(rg) alpha_du alpha_pr  ls
 590  8.3777909e+00 9.03e-01 9.00e+07   1.8 3.87e+02    -  4.09e-04 3.17e-03f  3
 591  8.3768156e+00 9.02e-01 9.01e+07   1.8 2.95e+02    -  9.80e-03 1.77e-03f  5
 592  8.3772380e+00 9.03e-01 9.03e+07   1.8 2.83e+02    -  9.53e-03 3.63e-03f  4
 593  8.3860568e+00 9.11e-01 9.09e+07   1.8 2.62e+02    -  2.52e-02 7.60e-03f  3
 594  8.4976583e+00 9.37e-01 9.06e+07   1.8 3.70e+02    -  1.50e-03 8.75e-03f  2
 595  8.5462241e+00 9.41e-01 9.81e+07   1.8 2.83e+02    -  4.26e-02 7.33e-03f  3
 596  8.6024211e+00 9.58e-01 1.05e+08   1.8 2.37e+02    -  2.14e-02 9.94e-03f  3
 597  8.6556705e+00 9.84e-01 1.10e+08   1.8 1.97e+02    -  1.33e-02 1.15e-02f  3
 598  9.0627982e+00 1.21e+00 1.05e+08   1.8 2.60e+02    -  1.11e-03 1.94e-02f  2
 599  9.0587555e+00 1.21e+00 1.05e+08   1.8 2.79e+02    -  1.81e-02 1.01e-03h  5
iter    objective    inf_pr   inf_du lg(mu)  ||d||  lg(rg) alpha_du alpha_pr  ls
 600  9.0169095e+00 1.23e+00 1.12e+08   1.8 9.16e+01    -  1.29e-02 3.08e-02f  2
 601  8.9896699e+00 1.22e+00 1.15e+08   1.8 7.12e+01    -  3.35e-02 2.17e-02f  2
 602  8.9813445e+00 1.21e+00 1.16e+08   1.8 5.83e+01    -  2.16e-02 7.28e-03h  3
 603  9.2934271e+00 1.29e+00 1.15e+08   1.8 3.61e+02    -  2.92e-03 1.09e-02f  2
 604  9.2992321e+00 1.28e+00 1.14e+08   1.8 3.56e+01    -  1.05e-01 8.86e-03h  4
 605  9.3315075e+00 1.24e+00 1.13e+08   1.8 3.50e+01    -  2.02e-02 3.96e-02f  2
 606  9.3553835e+00 1.21e+00 1.11e+08   1.8 3.51e+01    -  3.35e-01 2.58e-02f  2
 607  9.2966051e+00 1.21e+00 1.13e+08   1.8 3.00e+02    -  7.11e-02 1.96e-03h  5
 608  9.2526294e+00 1.21e+00 1.14e+08   1.8 1.81e+02    -  4.97e-02 2.46e-03h  5
 609  9.1510240e+00 1.21e+00 1.17e+08   1.8 1.69e+02    -  5.17e-02 6.62e-03h  4
iter    objective    inf_pr   inf_du lg(mu)  ||d||  lg(rg) alpha_du alpha_pr  ls
 610  8.8511096e+00 1.27e+00 1.27e+08   1.8 1.40e+02    -  2.30e-02 3.61e-02f  2
 611  1.0240578e+01 1.67e+00 1.19e+08   1.8 2.88e+02    -  9.29e-04 2.96e-02f  2
 612  1.0059552e+01 1.58e+00 1.12e+08   1.8 1.67e+01    -  5.08e-02 5.59e-02h  1
 613  1.0002480e+01 1.54e+00 1.09e+08   1.8 1.41e+01    -  1.70e-01 2.41e-02h  2
 614  9.9369394e+00 1.52e+00 1.08e+08   1.8 6.30e+01    -  5.03e-02 9.82e-03h  2
 615  9.8971227e+00 1.51e+00 1.08e+08   1.8 6.19e+01    -  9.92e-02 1.02e-02h  2
 616  9.8453373e+00 1.49e+00 1.09e+08   1.8 5.89e+01    -  2.63e-02 1.83e-02h  3
 617  9.8066264e+00 1.47e+00 1.10e+08   1.8 5.60e+01    -  7.21e-02 1.63e-02h  3
 618  9.4582650e+00 1.51e+00 1.11e+08   1.8 3.26e+02    -  8.75e-03 2.16e-02f  2
 619  9.4819761e+00 1.53e+00 1.19e+08   1.8 2.36e+02    -  1.28e-02 1.43e-02f  2
iter    objective    inf_pr   inf_du lg(mu)  ||d||  lg(rg) alpha_du alpha_pr  ls
 620  9.4991044e+00 1.54e+00 1.22e+08   1.8 2.65e+02    -  7.55e-04 9.86e-03f  2
 621  9.4920831e+00 1.53e+00 1.24e+08   1.8 2.48e+02    -  8.54e-03 5.33e-03h  3
 622  9.4994142e+00 1.53e+00 1.26e+08   1.8 2.30e+02    -  2.72e-02 4.37e-03h  3
 623  9.5156595e+00 1.52e+00 1.28e+08   1.8 2.18e+02    -  3.54e-02 3.87e-03h  3
 624  9.5421480e+00 1.51e+00 1.30e+08   1.8 2.16e+02    -  4.61e-02 5.43e-03h  3
 625  9.5551290e+00 1.50e+00 1.31e+08   1.8 2.02e+02    -  6.03e-02 5.25e-03h  4
 626  9.5605336e+00 1.49e+00 1.34e+08   1.8 1.85e+02    -  4.33e-02 8.19e-03h  3
 627  9.5424361e+00 1.47e+00 1.36e+08   1.8 1.56e+02    -  2.36e-02 1.00e-02h  3
 628  9.5021511e+00 1.41e+00 1.41e+08   1.8 1.46e+02    -  1.32e-01 2.56e-02h  2
 629  9.4596907e+00 1.41e+00 1.41e+08   1.8 2.05e+02    -  2.98e-02 2.45e-03h  2
iter    objective    inf_pr   inf_du lg(mu)  ||d||  lg(rg) alpha_du alpha_pr  ls
 630  9.1969543e+00 1.32e+00 1.44e+08   1.8 8.19e+01    -  4.62e-03 3.34e-02f  3
 631  9.2050731e+00 1.32e+00 1.44e+08   1.8 2.97e+02    -  2.04e-02 7.04e-04h  2
 632  9.1730079e+00 1.21e+00 1.32e+08   1.8 6.83e+00    -  2.77e-01 8.23e-02h  1
 633  9.0412870e+00 7.86e-01 8.62e+07   1.8 7.34e+00    -  2.55e-01 3.47e-01h  1
 634  8.8121219e+00 4.92e-01 4.67e+07   1.8 8.72e+00    -  1.68e-01 4.69e-01h  1
 635  8.8120443e+00 4.92e-01 4.72e+07   1.8 2.02e+02    -  1.16e-02 1.40e-03h  3
 636  8.8077096e+00 5.10e-01 4.83e+07   1.8 5.97e+01    -  3.93e-02 1.94e-02h  1
 637  8.8048184e+00 5.08e-01 4.83e+07   1.8 4.13e+01    -  1.06e-01 6.60e-03h  1
 638  8.7976514e+00 5.28e-01 4.81e+07   1.8 3.99e+01    -  2.59e-02 3.32e-02f  3
 639  8.7882283e+00 5.47e-01 4.80e+07   1.8 2.14e+02    -  1.67e-03 5.46e-03f  2
iter    objective    inf_pr   inf_du lg(mu)  ||d||  lg(rg) alpha_du alpha_pr  ls
 640  8.7776443e+00 6.03e-01 4.80e+07   1.8 5.02e+01    -  2.10e-02 4.59e-02h  1
 641  8.7795918e+00 6.44e-01 4.65e+07   1.8 3.73e+01    -  4.62e-02 6.11e-02f  1
 642  8.8349041e+00 6.79e-01 4.17e+07   1.8 2.67e+01    -  1.79e-01 1.33e-01H  1
 643  8.9807634e+00 6.84e-01 4.44e+07   1.8 3.19e+02    -  2.70e-03 7.53e-03f  3
 644  8.8140982e+00 3.66e-01 2.21e+07   1.8 3.86e+00    -  1.85e-01 5.41e-01h  1
 645  8.8245186e+00 4.02e-01 2.38e+07   1.8 2.68e+01    -  4.40e-02 5.50e-02f  2
 646  8.9475452e+00 5.13e-01 2.83e+07   1.8 4.72e+01    -  6.51e-03 4.83e-02f  2
 647  8.9883201e+00 5.24e-01 3.04e+07   1.8 5.05e+01    -  2.41e-02 2.15e-02f  2
 648  9.0046581e+00 5.23e-01 3.10e+07   1.8 4.77e+01    -  5.52e-02 1.24e-02f  2
 649  9.5693622e+00 7.24e-01 3.17e+07   1.8 4.44e+02    -  2.24e-03 1.47e-02f  2
iter    objective    inf_pr   inf_du lg(mu)  ||d||  lg(rg) alpha_du alpha_pr  ls
 650  9.4620843e+00 5.49e-01 2.90e+07   1.8 5.00e+00    -  1.61e-01 2.48e-01h  1
 651  9.4436396e+00 5.29e-01 2.80e+07   1.8 1.81e+01    -  4.25e-02 4.70e-02f  1
 652  9.4305772e+00 5.83e-01 2.31e+07   1.8 1.62e+01    -  9.75e-02 1.95e-01f  1
 653  9.4741844e+00 7.32e-01 2.71e+07   1.8 1.06e+01    -  4.20e-02 3.56e-01f  1
 654  9.5726228e+00 7.36e-01 2.80e+07   1.8 2.89e+02    -  3.03e-02 4.49e-03f  3
 655  9.6537277e+00 7.03e-01 2.97e+07   1.8 1.74e+01    -  8.17e-02 1.01e-01h  1
 656  9.8078853e+00 7.42e-01 3.29e+07   1.8 1.42e+01    -  1.86e-02 2.56e-01f  1
 657  9.8084385e+00 7.37e-01 3.29e+07   1.8 9.56e+00    -  2.08e-02 6.85e-03h  2
 658  9.9078364e+00 7.53e-01 3.71e+07   1.8 2.03e+02    -  8.58e-03 6.96e-03f  3
 659  9.9241339e+00 7.48e-01 3.77e+07   1.8 3.36e+01    -  1.23e-01 9.02e-03h  2
iter    objective    inf_pr   inf_du lg(mu)  ||d||  lg(rg) alpha_du alpha_pr  ls
 660  1.0057007e+01 8.13e-01 4.17e+07   1.8 3.18e+01    -  3.47e-02 7.37e-02f  2
 661  1.0091435e+01 7.99e-01 4.25e+07   1.8 2.43e+01    -  9.69e-02 5.18e-02f  2
 662  1.0063933e+01 7.98e-01 4.37e+07   1.8 2.54e+02    -  7.97e-03 2.38e-03f  4
 663  1.0006219e+01 8.04e-01 4.58e+07   1.8 5.33e+01    -  1.15e-02 4.15e-02f  2
 664  9.9824728e+00 7.90e-01 4.69e+07   1.8 4.20e+01    -  1.24e-01 3.12e-02h  2
 665  9.9716435e+00 7.74e-01 4.74e+07   1.8 3.50e+01    -  1.19e-01 2.48e-02h  2
 666  9.9881151e+00 7.70e-01 4.81e+07   1.8 1.66e+02    -  1.84e-02 1.99e-03h  5
 667  1.0021029e+01 7.64e-01 4.92e+07   1.8 1.38e+02    -  6.37e-02 4.34e-03h  4
 668  1.0056889e+01 7.57e-01 5.02e+07   1.8 1.10e+02    -  9.67e-02 5.71e-03f  4
 669  1.0236179e+01 7.24e-01 5.59e+07   1.8 7.97e+01    -  2.80e-03 3.34e-02f  2
iter    objective    inf_pr   inf_du lg(mu)  ||d||  lg(rg) alpha_du alpha_pr  ls
 670  1.0273640e+01 6.61e-01 5.57e+07   1.8 2.43e+02    -  1.67e-02 9.23e-03f  2
 671  1.0263235e+01 5.71e-01 4.99e+07   1.8 8.19e+00    -  4.00e-01 1.37e-01h  1
 672  1.0288756e+01 4.77e-01 3.81e+07   1.8 7.65e+00    -  8.08e-01 3.64e-01f  1
 673  1.0337575e+01 4.09e-01 3.31e+07   1.8 7.15e+00    -  3.13e-01 2.54e-01h  1
 674  1.0406391e+01 4.02e-01 3.44e+07   1.8 2.70e+02    -  8.89e-03 4.22e-03f  3
 675  1.0500855e+01 4.11e-01 3.46e+07   1.8 2.16e+01    -  1.22e-01 6.88e-02f  2
 676  1.0683620e+01 4.72e-01 3.33e+07   1.8 1.35e+01    -  4.79e-02 1.92e-01H  1
 677  1.0817573e+01 3.58e-01 3.13e+07   1.8 7.64e+00    -  1.01e-01 2.07e-01h  1
 678  1.0843547e+01 3.58e-01 3.34e+07   1.8 2.73e+02    -  4.37e-03 6.79e-03f  3
 679  1.0983124e+01 3.36e-01 2.97e+07   1.8 1.02e+01    -  2.25e-01 2.92e-01h  1
iter    objective    inf_pr   inf_du lg(mu)  ||d||  lg(rg) alpha_du alpha_pr  ls
 680  1.1066173e+01 2.97e-01 2.72e+07   1.8 7.68e+00    -  1.47e-01 1.60e-01h  1
 681  1.1217637e+01 2.54e-01 2.34e+07   1.8 7.44e+00    -  1.13e-01 3.06e-01f  1
 682  1.1312051e+01 2.52e-01 2.76e+07   1.8 2.57e+02    -  4.24e-03 7.53e-03f  2
 683  1.1377705e+01 2.41e-01 2.84e+07   1.8 1.48e+01    -  8.42e-02 6.17e-02h  1
 684  1.1556991e+01 2.38e-01 2.98e+07   1.8 1.35e+01    -  2.09e-01 1.80e-01F  1
 685  1.1671595e+01 2.84e-01 3.19e+07   1.8 7.75e+01    -  8.49e-02 2.60e-02f  2
 686  1.1754361e+01 3.20e-01 3.18e+07   1.8 1.23e+02    -  3.96e-03 1.45e-02f  2
 687  1.1801600e+01 3.24e-01 3.30e+07   1.8 5.21e+01    -  7.74e-02 1.63e-02f  2
 688  1.1894146e+01 3.35e-01 3.44e+07   1.8 3.69e+01    -  7.92e-02 3.80e-02f  2
 689  1.2050681e+01 3.46e-01 3.47e+07   1.8 2.31e+01    -  8.80e-02 8.48e-02f  2
iter    objective    inf_pr   inf_du lg(mu)  ||d||  lg(rg) alpha_du alpha_pr  ls
 690  1.2097820e+01 4.02e-01 3.22e+07   1.8 2.67e+02    -  1.54e-02 1.01e-02f  2
 691  1.2128447e+01 2.59e-01 2.18e+07   1.8 3.36e+00    -  8.56e-02 3.65e-01f  1
 692  1.2137051e+01 2.11e-01 1.85e+07   1.8 2.56e+00    -  1.25e-01 1.95e-01h  1
 693  1.2177138e+01 9.26e-02 8.43e+06   1.8 2.37e+00    -  2.99e-01 6.70e-01f  1
 694  1.2402808e+01 2.23e-01 2.07e+07   1.8 2.48e+02    -  2.30e-02 1.71e-02f  2
 695  1.2570152e+01 1.67e-01 2.58e+07   1.8 1.59e+01    -  1.72e-01 3.75e-01F  1
 696  1.2607397e+01 1.49e-01 2.35e+07   1.8 1.76e+01    -  2.90e-01 1.25e-01H  1
 697  1.2614768e+01 1.48e-01 2.30e+07   1.8 5.03e+01    -  9.43e-02 8.41e-03f  2
 698  1.2756036e+01 1.98e-01 2.53e+07   1.8 9.20e+01    -  4.34e-02 4.24e-02f  2
 699  1.2844929e+01 2.37e-01 2.69e+07   1.8 6.35e+01    -  1.15e-01 4.90e-02f  2
iter    objective    inf_pr   inf_du lg(mu)  ||d||  lg(rg) alpha_du alpha_pr  ls
 700  1.2921069e+01 2.56e-01 2.74e+07   1.8 5.11e+01    -  5.51e-02 5.14e-02f  2
 701  1.2926619e+01 2.56e-01 2.72e+07   1.8 1.77e+02    -  1.69e-02 2.65e-03f  3
 702  1.2956596e+01 2.55e-01 2.71e+07   1.8 7.81e+01    -  4.36e-02 1.32e-02f  2
 703  1.2995916e+01 2.55e-01 2.71e+07   1.8 5.96e+01    -  2.38e-02 2.17e-02f  2
 704  1.3046994e+01 2.60e-01 2.72e+07   1.8 5.30e+01    -  3.77e-02 3.19e-02f  2
 705  1.3014593e+01 2.62e-01 2.87e+07   1.8 3.90e+02    -  1.23e-03 3.45e-03f  2
 706  1.2953799e+01 1.60e-01 1.94e+07   1.8 3.09e+00    -  1.81e-01 4.36e-01f  1
 707  1.2919227e+01 1.29e-01 1.66e+07   1.8 4.20e+00    -  1.86e-01 2.23e-01f  1
 708  1.2866033e+01 8.96e-02 1.29e+07   1.8 4.05e+00    -  1.29e-01 4.38e-01f  1
 709  1.2783071e+01 2.73e-01 2.24e+07   1.8 5.31e+02    -  1.39e-02 8.77e-03f  2
iter    objective    inf_pr   inf_du lg(mu)  ||d||  lg(rg) alpha_du alpha_pr  ls
 710  1.2756608e+01 2.73e-01 2.40e+07   1.8 3.34e+01    -  5.14e-02 2.34e-02f  2
 711  1.2724550e+01 2.75e-01 2.58e+07   1.8 3.34e+01    -  4.98e-02 3.02e-02f  2
 712  1.2686436e+01 2.80e-01 2.81e+07   1.8 3.24e+01    -  1.33e-01 4.48e-02f  2
 713  1.2483928e+01 3.14e-01 3.29e+07   1.8 4.10e+02    -  8.40e-03 8.22e-03f  2
 714  1.2368324e+01 3.04e-01 3.12e+07   1.8 1.97e+01    -  1.29e-01 1.37e-01f  2
 715  1.2254345e+01 2.92e-01 2.91e+07   1.8 1.65e+01    -  2.69e-01 1.73e-01H  1
 716  1.2169389e+01 2.79e-01 2.69e+07   1.8 1.28e+01    -  3.05e-01 1.69e-01h  1
 717  1.2053339e+01 3.11e-01 2.60e+07   1.8 3.22e+02    -  1.11e-02 5.50e-03f  3
 718  1.1983321e+01 3.09e-01 2.37e+07   1.8 1.10e+01    -  4.12e-01 1.96e-01h  1
 719  1.1922976e+01 3.04e-01 2.32e+07   1.8 9.21e+00    -  2.31e-01 2.19e-01h  1
iter    objective    inf_pr   inf_du lg(mu)  ||d||  lg(rg) alpha_du alpha_pr  ls
 720  1.1893128e+01 2.84e-01 2.24e+07   1.8 8.47e+00    -  1.00e+00 2.10e-01h  1
 721  1.1858914e+01 2.87e-01 2.62e+07   1.8 3.24e+02    -  1.08e-02 5.59e-03f  3
 722  1.1853473e+01 2.82e-01 2.75e+07   1.8 2.92e+01    -  3.43e-02 4.85e-02f  2
 723  1.1853355e+01 2.77e-01 2.81e+07   1.8 3.09e+01    -  3.27e-01 2.56e-02f  3
 724  1.1853575e+01 2.71e-01 2.87e+07   1.8 2.72e+01    -  4.80e-02 2.86e-02f  4
 725  1.1827890e+01 2.75e-01 2.96e+07   1.8 3.46e+02    -  3.31e-02 2.48e-03f  4
 726  1.1817303e+01 2.77e-01 3.08e+07   1.8 9.95e+01    -  2.19e-01 9.40e-03f  4
 727  1.1811461e+01 2.77e-01 3.14e+07   1.8 8.73e+01    -  5.62e-02 5.93e-03f  5
 728  1.1802811e+01 2.97e-01 3.35e+07   1.8 8.35e+01    -  1.72e-01 2.65e-02f  3
 729  1.1808885e+01 2.97e-01 3.48e+07   1.8 2.53e+02    -  5.47e-04 4.46e-03f  5
iter    objective    inf_pr   inf_du lg(mu)  ||d||  lg(rg) alpha_du alpha_pr  ls
 730  1.1819269e+01 2.94e-01 3.63e+07   1.8 4.84e+01    -  1.13e-01 2.09e-02f  4
 731  1.1827390e+01 2.92e-01 3.76e+07   1.8 4.58e+01    -  5.34e-02 1.96e-02f  4
 732  1.1895176e+01 4.04e-01 4.17e+07   1.8 4.36e+01    -  3.66e-01 7.30e-02f  2
 733  1.1861582e+01 4.04e-01 4.30e+07   1.8 3.31e+02    -  2.01e-02 2.39e-03f  5
 734  1.1827428e+01 3.58e-01 3.90e+07   1.8 7.79e+00    -  1.97e-01 1.42e-01h  1
 735  1.1797332e+01 3.06e-01 3.21e+07   1.8 8.38e+00    -  5.27e-01 2.75e-01h  1
 736  1.1775840e+01 2.72e-01 2.80e+07   1.8 7.94e+00    -  4.85e-01 2.05e-01h  1
 737  1.1772922e+01 2.72e-01 2.82e+07   1.8 3.63e+02    -  2.32e-02 1.73e-04h  8
 738  1.1741921e+01 2.91e-01 3.00e+07   1.8 2.74e+01    -  1.91e-01 5.10e-02f  3
 739  1.1714117e+01 3.14e-01 3.18e+07   1.8 2.56e+01    -  3.71e-01 6.18e-02f  3
iter    objective    inf_pr   inf_du lg(mu)  ||d||  lg(rg) alpha_du alpha_pr  ls
 740  1.1690360e+01 3.50e-01 3.36e+07   1.8 2.34e+01    -  4.35e-01 8.23e-02f  3
 741  1.1672847e+01 3.51e-01 3.44e+07   1.8 3.25e+02    -  3.15e-03 9.98e-04f  6
 742  1.1589231e+01 4.84e-01 4.04e+07   1.8 7.34e+01    -  5.20e-02 4.07e-02f  3
 743  1.1548672e+01 4.98e-01 4.25e+07   1.8 6.03e+01    -  6.91e-02 1.96e-02f  4
 744  1.1511988e+01 5.08e-01 4.44e+07   1.8 5.40e+01    -  3.68e-01 2.02e-02f  4
 745  1.1441552e+01 5.17e-01 4.71e+07   1.8 2.27e+02    -  1.06e-02 4.33e-03f  3
 746  1.1287301e+01 6.00e-01 5.17e+07   1.8 6.34e+01    -  7.33e-02 4.44e-02f  3
 747  1.1141878e+01 6.47e-01 5.41e+07   1.8 4.36e+01    -  2.19e-01 5.61e-02f  3
 748  1.1024867e+01 6.51e-01 5.43e+07   1.8 3.09e+01    -  2.17e-01 5.95e-02f  3
 749  1.0691888e+01 9.37e-01 5.96e+07   1.8 2.22e+02    -  2.00e-03 3.42e-02f  2
iter    objective    inf_pr   inf_du lg(mu)  ||d||  lg(rg) alpha_du alpha_pr  ls
 750  1.0687852e+01 8.60e-01 5.20e+07   1.8 1.38e+01    -  3.62e-02 1.28e-01h  1
 751  1.0686715e+01 8.58e-01 5.19e+07   1.8 6.13e+01    -  2.50e-02 2.51e-03h  1
 752  1.0703246e+01 8.23e-01 4.89e+07   1.8 5.96e+01    -  7.42e-02 4.42e-02f  2
 753  1.0696729e+01 8.06e-01 4.71e+07   1.8 4.47e+01    -  1.24e-01 2.28e-02h  3
 754  1.0564914e+01 7.83e-01 5.08e+07   1.8 3.33e+02    -  4.43e-03 5.85e-03f  2
 755  1.0403618e+01 7.21e-01 4.86e+07   1.8 2.14e+01    -  1.74e-01 8.57e-02f  2
 756  1.0151761e+01 5.44e-01 4.04e+07   1.8 1.69e+01    -  1.78e-01 2.18e-01h  1
 757  9.9771087e+00 4.53e-01 3.34e+07   1.8 1.39e+01    -  1.21e-01 2.30e-01h  1
 758  9.8506239e+00 4.49e-01 3.55e+07   1.8 3.62e+02    -  3.57e-03 5.11e-03f  3
 759  9.7322840e+00 4.51e-01 3.81e+07   1.8 2.29e+02    -  4.62e-02 7.97e-03f  3
iter    objective    inf_pr   inf_du lg(mu)  ||d||  lg(rg) alpha_du alpha_pr  ls
 760  9.6656576e+00 4.51e-01 3.93e+07   1.8 2.00e+02    -  2.40e-02 5.36e-03f  4
 761  9.6086788e+00 4.49e-01 4.01e+07   1.8 1.80e+02    -  6.52e-02 5.31e-03f  4
 762  9.5151743e+00 5.47e-01 4.60e+07   1.8 4.53e+02    -  7.52e-03 9.46e-03f  3
 763  9.4118197e+00 6.25e-01 4.81e+07   1.8 9.51e+01    -  4.16e-02 3.92e-02f  2
 764  9.3490243e+00 6.40e-01 4.84e+07   1.8 6.75e+01    -  7.18e-02 3.20e-02h  2
 765  9.2917151e+00 6.51e-01 4.80e+07   1.8 5.40e+01    -  1.93e-02 4.02e-02f  2
 766  9.2482106e+00 6.53e-01 4.90e+07   1.8 3.04e+02    -  1.73e-02 3.77e-03f  4
 767  9.1554622e+00 5.66e-01 4.14e+07   1.8 8.18e+00    -  2.74e-01 1.63e-01h  1
 768  9.0235741e+00 4.46e-01 2.97e+07   1.8 7.75e+00    -  2.88e-01 3.07e-01h  1
 769  8.9473765e+00 3.82e-01 2.44e+07   1.8 7.21e+00    -  1.01e-01 2.09e-01f  1
iter    objective    inf_pr   inf_du lg(mu)  ||d||  lg(rg) alpha_du alpha_pr  ls
 770  9.1039110e+00 7.45e-01 2.62e+07   1.8 4.24e+02    -  4.31e-03 1.33e-02f  2
 771  9.0074229e+00 5.70e-01 2.16e+07   1.8 8.46e+00    -  4.98e-02 3.93e-01h  1
 772  8.9810625e+00 5.09e-01 2.07e+07   1.8 5.94e+00    -  3.45e-01 1.11e-01h  1
 773  8.9268634e+00 3.20e-01 1.63e+07   1.8 5.32e+00    -  2.50e-01 5.36e-01f  1
 774  8.9498813e+00 3.20e-01 1.77e+07   1.8 2.15e+02    -  2.51e-02 5.97e-03f  3
 775  9.0512082e+00 3.74e-01 2.09e+07   1.8 1.89e+01    -  3.49e-02 1.39e-01f  1
 776  9.3404332e+00 3.78e-01 2.03e+07   1.8 1.12e+01    -  1.46e-01 4.84e-01F  1
 777  9.5318687e+00 4.22e-01 2.37e+07   1.8 2.98e+01    -  2.93e-02 5.70e-02f  2
 778  9.7472184e+00 4.27e-01 2.67e+07   1.8 2.73e+02    -  2.11e-02 5.75e-03f  2
 779  9.8374399e+00 4.28e-01 2.76e+07   1.8 3.41e+01    -  6.98e-02 1.63e-02f  2
iter    objective    inf_pr   inf_du lg(mu)  ||d||  lg(rg) alpha_du alpha_pr  ls
 780  9.9222740e+00 4.31e-01 2.82e+07   1.8 3.08e+01    -  3.62e-02 2.00e-02f  2
 781  1.0142344e+01 4.88e-01 2.89e+07   1.8 2.79e+01    -  1.97e-02 5.89e-02f  1
 782  1.0422439e+01 8.53e-01 3.27e+07   1.8 4.05e+02    -  5.92e-03 1.37e-02f  2
 783  1.0322142e+01 2.53e-01 1.59e+07   1.8 3.09e+00    -  1.27e-01 6.59e-01f  1
 784  1.0322660e+01 2.47e-01 1.55e+07   1.8 8.35e+00    -  1.38e-01 3.62e-02h  1
 785  1.0364484e+01 2.69e-01 1.83e+07   1.8 7.43e+01    -  2.04e-02 2.20e-02f  2
 786  1.0398165e+01 2.73e-01 2.00e+07   1.8 7.19e+01    -  2.04e-02 1.27e-02f  2
 787  1.0409861e+01 2.72e-01 2.08e+07   1.8 6.94e+01    -  4.42e-02 3.73e-03f  3
 788  1.0411028e+01 2.72e-01 2.07e+07   1.8 4.16e+02    -  2.56e-02 4.15e-04h  6
 789  1.0426758e+01 2.62e-01 1.92e+07   1.8 1.19e+01    -  8.91e-02 1.44e-01f  1
iter    objective    inf_pr   inf_du lg(mu)  ||d||  lg(rg) alpha_du alpha_pr  ls
 790  1.0456999e+01 2.54e-01 1.88e+07   1.8 9.61e+00    -  9.65e-02 1.60e-01h  1
 791  1.0473255e+01 2.39e-01 1.89e+07   1.8 7.97e+00    -  8.28e-02 7.39e-02f  1
 792  1.0487142e+01 2.41e-01 2.04e+07   1.8 3.14e+02    -  1.19e-03 3.83e-03f  3
 793  1.0490101e+01 2.41e-01 2.07e+07   1.8 1.03e+02    -  5.40e-02 1.88e-03f  5
 794  1.0514151e+01 2.55e-01 2.33e+07   1.8 9.97e+01    -  1.74e-02 1.20e-02f  3
 795  1.0522826e+01 2.56e-01 2.45e+07   1.8 7.82e+01    -  2.01e-01 5.97e-03f  4
 796  1.0624359e+01 3.13e-01 3.45e+07   1.8 2.21e+02    -  1.03e-02 1.75e-02f  2
 797  1.0729554e+01 3.49e-01 3.20e+07   1.8 5.92e+00    -  5.13e-02 3.62e-01f  1
 798  1.0790191e+01 3.02e-01 3.25e+07   1.8 5.16e+00    -  7.38e-02 1.57e-01h  1
 799  1.0937285e+01 2.18e-01 2.99e+07   1.8 4.18e+00    -  1.97e-01 3.89e-01h  1
iter    objective    inf_pr   inf_du lg(mu)  ||d||  lg(rg) alpha_du alpha_pr  ls
 800  1.1000884e+01 2.23e-01 2.85e+07   1.8 3.16e+02    -  4.04e-03 7.18e-03f  3
 801  1.1021865e+01 1.97e-01 2.47e+07   1.8 3.46e+00    -  8.24e-02 1.22e-01h  1
 802  1.1045597e+01 1.69e-01 2.10e+07   1.8 2.81e+00    -  3.09e-01 1.52e-01h  1
 803  1.1143432e+01 1.37e-01 1.87e+07   1.8 2.67e+00    -  4.95e-01 5.96e-01h  1
 804  1.1028920e+01 1.48e-01 2.45e+07   1.8 2.04e+02    -  2.78e-02 6.12e-03f  4
 805  1.1019508e+01 1.57e-01 2.86e+07   1.8 7.81e+00    -  1.10e-01 1.40e-01H  1
 806  1.1025894e+01 1.54e-01 3.17e+07   1.8 5.90e+00    -  1.14e-02 1.38e-01f  2
 807  1.1031442e+01 1.46e-01 3.30e+07   1.8 5.29e+00    -  1.85e-01 9.03e-02h  1
 808  1.1077388e+01 1.56e-01 3.72e+07   1.8 1.78e+02    -  8.59e-03 4.12e-03f  4
 809  1.1132392e+01 1.65e-01 4.11e+07   1.8 1.60e+01    -  1.26e-01 4.76e-02f  3
iter    objective    inf_pr   inf_du lg(mu)  ||d||  lg(rg) alpha_du alpha_pr  ls
 810  1.1218737e+01 1.88e-01 4.63e+07   1.8 1.40e+01    -  8.08e-03 8.09e-02f  2
 811  1.1234734e+01 1.86e-01 4.71e+07   1.8 1.09e+01    -  1.37e-01 2.31e-02h  3
 812  1.1235393e+01 1.86e-01 4.73e+07   1.8 1.63e+02    -  1.93e-02 4.53e-04h  7
 813  1.1259623e+01 1.82e-01 4.80e+07   1.8 1.15e+01    -  1.45e-01 5.76e-02f  2
 814  1.1272589e+01 1.77e-01 4.83e+07   1.8 1.04e+01    -  2.22e-01 3.57e-02h  3
 815  1.1292577e+01 1.70e-01 4.84e+07   1.8 9.72e+00    -  5.77e-01 5.85e-02h  3
 816  1.1297385e+01 1.70e-01 4.85e+07   1.8 1.82e+02    -  6.33e-02 6.07e-04h  7
 817  1.1403076e+01 8.48e-02 2.89e+07   1.8 6.49e+00    -  2.92e-01 6.68e-01H  1
 818  1.1397456e+01 5.50e-02 2.16e+07   1.8 2.47e+00    -  2.30e-01 3.43e-01H  1
 819  1.1419605e+01 6.33e-02 1.72e+07   1.8 2.73e+00    -  5.01e-01 4.04e-01f  1
iter    objective    inf_pr   inf_du lg(mu)  ||d||  lg(rg) alpha_du alpha_pr  ls
 820  1.1432179e+01 9.58e-02 1.81e+07   1.8 5.81e+02    -  1.14e-02 4.41e-03f  4
 821  1.1362292e+01 5.88e-02 4.79e+06   1.8 7.26e-01    -  7.48e-01 1.00e+00h  1
 822  1.1357807e+01 4.70e-02 6.24e+06   1.8 1.05e+00    -  2.39e-01 4.79e-01H  1
 823  1.1345454e+01 2.83e-02 4.77e+06   1.8 7.51e-01    -  4.47e-01 1.00e+00f  1
 824  1.1266112e+01 4.18e-02 1.36e+07   1.8 2.87e+02    -  1.15e-02 6.32e-03f  4
 825  1.1246332e+01 4.43e-02 1.58e+07   1.8 6.47e+00    -  3.48e-01 9.91e-02h  2
 826  1.1213239e+01 5.06e-02 1.91e+07   1.8 5.86e+00    -  9.37e-02 2.79e-01H  1
 827  1.1188576e+01 2.36e-02 1.76e+07   1.8 4.67e+00    -  1.78e-01 5.87e-01H  1
 828  1.1181372e+01 2.94e-02 1.49e+07   1.8 2.92e+02    -  1.96e-02 4.62e-03f  3
 829  1.1183809e+01 1.92e-02 1.28e+07   1.8 3.61e+00    -  4.07e-01 3.98e-01H  1
iter    objective    inf_pr   inf_du lg(mu)  ||d||  lg(rg) alpha_du alpha_pr  ls
 830  1.1165063e+01 3.13e-02 1.45e+07   1.8 2.22e+00    -  2.00e-01 2.95e-01F  1
 831  1.1214364e+01 3.74e-02 1.15e+07   1.8 2.31e+00    -  5.12e-01 5.51e-01F  1
 832  1.1172552e+01 4.42e-02 1.29e+07   1.8 3.12e+02    -  1.90e-02 1.42e-03f  4
 833  1.1155461e+01 4.28e-02 6.87e+06   1.8 4.50e-01    -  1.00e+00 8.09e-01f  1
 834  1.1163218e+01 1.06e-01 1.64e+07   1.8 8.41e-01    -  5.73e-01 1.00e+00f  1
 835  1.1164062e+01 8.08e-02 9.79e+06   1.8 1.25e+00    -  3.18e-01 4.07e-01h  1
 836r 1.1164062e+01 8.08e-02 1.00e+03   1.8 0.00e+00    -  0.00e+00 2.96e-07R 15
 837r 1.1228705e+01 3.67e-02 1.44e+03   1.0 1.34e+00    -  9.47e-01 5.24e-01f  1
 838  1.1384065e+01 4.28e-02 1.66e+02   1.1 1.46e+03    -  4.84e-02 6.94e-04f  1
 839  1.1694831e+01 2.79e-01 8.10e+03   1.1 9.37e+01    -  1.00e+00 2.98e-02f  1
iter    objective    inf_pr   inf_du lg(mu)  ||d||  lg(rg) alpha_du alpha_pr  ls
 840  1.1663986e+01 2.68e-01 1.41e+04   1.1 4.99e+01    -  3.63e-01 3.63e-02h  4
 841  1.1587305e+01 2.64e-01 4.13e+04   1.1 3.84e+01    -  5.79e-01 2.46e-02h  4
 842  1.1542349e+01 2.64e-01 1.78e+05   1.1 4.51e+01    -  7.75e-01 1.00e-02h  5
 843  1.1506087e+01 2.65e-01 2.76e+05   1.1 7.93e+01    -  2.59e-01 6.77e-03h  6
 844  1.1458855e+01 2.66e-01 5.10e+05   1.1 5.72e+01    -  5.06e-01 8.76e-03h  6
 845  1.1347901e+01 2.72e-01 7.10e+05   1.1 6.68e+01    -  5.12e-01 2.50e-02h  5
 846  1.1267852e+01 2.71e-01 8.99e+05   1.1 5.19e+01    -  6.94e-01 2.58e-02h  5
 847  1.1172898e+01 2.63e-01 9.39e+05   1.1 3.55e+01    -  4.78e-01 3.84e-02h  4
 848  1.1104531e+01 2.55e-01 1.02e+06   1.1 3.38e+01    -  6.89e-01 2.94e-02h  5
 849  1.1046021e+01 2.50e-01 1.03e+06   1.1 5.52e+01    -  6.39e-01 1.89e-02h  5
iter    objective    inf_pr   inf_du lg(mu)  ||d||  lg(rg) alpha_du alpha_pr  ls
 850  1.0946917e+01 2.39e-01 1.09e+06   1.1 2.94e+01    -  1.00e+00 4.39e-02h  5
 851  1.0844298e+01 2.28e-01 1.09e+06   1.1 2.52e+01    -  1.00e+00 4.69e-02h  5
 852  1.0742573e+01 2.13e-01 1.08e+06   1.1 2.65e+01    -  8.68e-01 4.47e-02h  5
 853  1.0660439e+01 2.01e-01 1.09e+06   1.1 2.34e+01    -  9.35e-01 4.33e-02h  5
 854  1.0610702e+01 1.94e-01 1.05e+06   1.1 2.23e+01    -  2.69e-01 4.71e-02h  4
 855  1.0567836e+01 1.87e-01 1.08e+06   1.1 2.18e+01    -  9.86e-01 2.95e-02h  5
 856  1.0550333e+01 1.85e-01 1.05e+06   1.1 2.94e+01    -  2.77e-01 2.98e-02h  5
 857  1.0488373e+01 1.75e-01 1.07e+06   1.1 1.79e+01    -  1.00e+00 5.87e-02h  4
 858  1.0406987e+01 1.63e-01 1.03e+06   1.1 1.43e+01    -  1.00e+00 8.10e-02h  4
 859  1.0326901e+01 1.56e-01 1.20e+06   1.1 1.44e+01    -  1.00e+00 8.30e-02h  4
iter    objective    inf_pr   inf_du lg(mu)  ||d||  lg(rg) alpha_du alpha_pr  ls
 860  1.0335432e+01 1.56e-01 1.22e+06   1.1 3.83e+01    -  1.02e-01 1.74e-02h  5
 861  1.0251758e+01 1.66e-01 1.44e+06   1.1 2.41e+00    -  8.13e-01 8.28e-01h  1
 862  1.0197845e+01 1.26e-01 2.26e+06   1.1 2.31e+00    -  1.00e+00 5.28e-01h  1
 863  1.0177848e+01 1.20e-01 2.12e+06   1.1 1.54e+01    -  1.93e-01 4.93e-02h  2
 864  1.0171314e+01 1.19e-01 2.09e+06   1.1 6.72e+01    -  9.81e-02 1.82e-03h  6
 865  1.0148979e+01 1.18e-01 2.17e+06   1.1 1.21e+02    -  5.88e-02 2.50e-03f  6
 866  1.0126021e+01 1.16e-01 2.33e+06   1.1 1.12e+02    -  2.94e-02 2.89e-03f  6
 867  1.0105130e+01 1.15e-01 2.48e+06   1.1 1.04e+02    -  7.45e-02 2.95e-03f  6
 868  1.0097499e+01 1.14e-01 2.55e+06   1.1 9.44e+01    -  4.32e-02 1.96e-03f  7
 869  1.0050057e+01 1.01e-01 2.64e+06   1.1 1.51e+01    -  7.86e-01 7.46e-02h  4
iter    objective    inf_pr   inf_du lg(mu)  ||d||  lg(rg) alpha_du alpha_pr  ls
 870  1.0005063e+01 9.48e-02 2.92e+06   1.1 1.33e+02    -  4.10e-02 5.60e-03f  5
 871  9.9597849e+00 8.59e-02 3.18e+06   1.1 2.48e+02    -  3.10e-02 2.84e-03f  5
 872  9.9377905e+00 8.38e-02 3.31e+06   1.1 2.12e+02    -  3.37e-02 1.63e-03f  6
 873  9.9142656e+00 8.26e-02 3.45e+06   1.1 1.78e+02    -  9.30e-02 2.14e-03f  6
 874  9.8983097e+00 8.39e-02 3.55e+06   1.1 5.78e+01    -  2.55e-01 5.68e-03f  6
 875  9.8778359e+00 8.57e-02 3.70e+06   1.1 5.29e+01    -  1.69e-01 7.32e-03h  5
 876  9.8527525e+00 8.86e-02 3.87e+06   1.1 4.31e+01    -  4.04e-01 1.14e-02h  5
 877  9.8326964e+00 9.01e-02 3.98e+06   1.1 3.15e+01    -  2.87e-01 1.29e-02h  6
 878  9.8103085e+00 9.19e-02 4.03e+06   1.1 3.59e+01    -  1.32e-01 1.17e-02h  4
 879  9.7753643e+00 9.43e-02 4.04e+06   1.1 1.28e+01    -  9.95e-01 5.43e-02h  5
iter    objective    inf_pr   inf_du lg(mu)  ||d||  lg(rg) alpha_du alpha_pr  ls
 880  9.7425813e+00 9.60e-02 4.08e+06   1.1 1.23e+01    -  8.66e-01 5.34e-02h  5
 881  9.7120375e+00 9.69e-02 4.11e+06   1.1 1.19e+01    -  1.00e+00 5.28e-02h  5
 882  9.7107746e+00 9.66e-02 4.21e+06   1.1 3.11e+01    -  7.69e-02 9.65e-03h  5
 883  9.6258045e+00 3.79e-02 4.74e+06   1.1 2.83e+00    -  1.00e+00 6.27e-01H  1
 884  9.6182024e+00 3.76e-02 4.88e+06   1.1 8.54e+00    -  1.58e-01 1.87e-02h  5
 885  9.6072592e+00 3.75e-02 4.80e+06   1.1 1.05e+01    -  2.95e-01 1.93e-02h  5
 886  9.5942027e+00 3.72e-02 4.67e+06   1.1 8.73e+00    -  2.00e-01 2.76e-02h  5
 887  9.5797330e+00 3.69e-02 4.48e+06   1.1 7.97e+00    -  5.24e-01 3.33e-02h  5
 888  9.5760243e+00 3.68e-02 4.35e+06   1.1 1.08e+02    -  2.77e-02 8.02e-04h  6
 889  9.5477057e+00 3.60e-02 3.35e+06   1.1 3.58e+00    -  1.00e+00 2.50e-01h  3
iter    objective    inf_pr   inf_du lg(mu)  ||d||  lg(rg) alpha_du alpha_pr  ls
 890  9.5458291e+00 3.60e-02 3.36e+06   1.1 3.52e+01    -  1.72e-01 1.85e-03h  8
 891  9.5398972e+00 3.59e-02 3.39e+06   1.1 1.57e+01    -  1.72e-01 9.51e-03h  6
 892  9.5341637e+00 3.59e-02 3.42e+06   1.1 1.43e+01    -  1.82e-01 1.11e-02f  6
 893  9.5022698e+00 5.73e-02 3.80e+06   1.1 1.48e+01    -  5.59e-01 9.66e-02f  3
 894  9.5030822e+00 5.73e-02 3.82e+06   1.1 8.66e+01    -  3.94e-02 3.68e-04h  6
 895  9.5033380e+00 5.69e-02 3.81e+06   1.1 4.61e+00    -  4.25e-01 6.14e-03h  5
 896  9.5035841e+00 5.66e-02 3.80e+06   1.1 4.47e+00    -  8.14e-01 5.30e-03h  6
 897  9.5036896e+00 5.65e-02 3.80e+06   1.1 4.33e+00    -  5.93e-01 2.24e-03h  9
 898  9.5046046e+00 5.65e-02 3.85e+06   1.1 8.56e+01    -  4.95e-02 7.91e-04h  7
 899  9.5046018e+00 5.65e-02 3.85e+06   1.1 3.41e+00    -  1.00e+00 1.22e-04h 14
iter    objective    inf_pr   inf_du lg(mu)  ||d||  lg(rg) alpha_du alpha_pr  ls
 900  9.5046011e+00 5.65e-02 3.85e+06   1.1 3.42e+00    -  8.52e-01 3.05e-05h 16
 901  9.5046007e+00 5.65e-02 3.85e+06   1.1 3.44e+00    -  1.00e+00 1.52e-05h 17
 902r 9.5046007e+00 5.65e-02 1.00e+03   1.1 0.00e+00    -  0.00e+00 4.15e-07R 18
 903r 9.5109854e+00 2.14e-02 1.90e+03   0.7 8.07e-01    -  9.11e-01 1.96e-01f  1
 904  9.5184757e+00 2.24e-02 4.15e+02   0.4 4.37e+02    -  8.67e-02 3.89e-04f  1
 905  9.5896330e+00 1.10e-01 4.94e+03   0.4 1.32e+02    -  3.92e-01 1.86e-02f  2
 906  9.6047524e+00 1.10e-01 6.49e+03   0.4 7.52e+01    -  7.58e-02 5.89e-03h  5
 907  9.6336076e+00 1.09e-01 9.09e+03   0.4 7.87e+01    -  6.30e-02 5.04e-03h  5
 908  9.6522584e+00 1.09e-01 1.33e+04   0.4 7.73e+01    -  4.53e-02 3.65e-03h  5
 909  9.6650380e+00 1.09e-01 2.96e+04   0.4 8.25e+01    -  9.39e-02 1.73e-03h  6
iter    objective    inf_pr   inf_du lg(mu)  ||d||  lg(rg) alpha_du alpha_pr  ls
 910  9.6761673e+00 1.08e-01 3.78e+04   0.4 1.45e+02    -  2.97e-02 1.24e-03h  7
 911  9.6850531e+00 1.08e-01 5.13e+04   0.4 1.91e+02    -  4.26e-02 5.51e-04h  8
 912  9.6938610e+00 1.08e-01 5.95e+04   0.4 1.82e+02    -  1.90e-02 6.09e-04h  8
 913  9.7054396e+00 1.08e-01 9.73e+04   0.4 2.31e+02    -  8.21e-02 6.00e-04h  8
 914  9.7138359e+00 1.08e-01 1.11e+05   0.4 1.63e+02    -  2.02e-02 6.67e-04h  8
 915  9.7245716e+00 1.07e-01 1.49e+05   0.4 1.42e+02    -  5.09e-02 7.13e-04h  8
 916  9.7334063e+00 1.07e-01 1.85e+05   0.4 1.36e+02    -  4.44e-02 8.65e-04h  8
 917  9.7492540e+00 1.07e-01 3.02e+05   0.4 9.60e+01    -  1.29e-01 1.91e-03h  7
 918  9.7667560e+00 1.06e-01 3.61e+05   0.4 5.84e+01    -  6.41e-02 2.94e-03h  7
 919  9.7842550e+00 1.05e-01 9.08e+05   0.4 2.84e+01    -  5.72e-01 1.49e-02h  5
iter    objective    inf_pr   inf_du lg(mu)  ||d||  lg(rg) alpha_du alpha_pr  ls
 920  9.8087841e+00 1.03e-01 9.66e+05   0.4 1.94e+01    -  1.87e-01 3.36e-02h  4
 921  9.7628326e+00 9.66e-02 1.18e+06   0.4 1.44e+01    -  5.84e-01 4.38e-02h  4
 922  9.7621490e+00 8.61e-02 1.18e+06   0.4 1.28e+01    -  6.34e-01 1.01e-01h  2
 923  9.8103194e+00 8.08e-02 1.07e+06   0.4 1.04e+01    -  1.91e-01 1.07e-01h  2
 924  9.7738737e+00 7.85e-02 1.24e+06   0.4 9.68e+00    -  7.46e-01 6.43e-02h  3
 925  9.8111527e+00 7.53e-02 1.21e+06   0.4 6.06e+00    -  3.06e-01 6.69e-02h  4
 926  9.8730058e+00 6.65e-02 1.06e+06   0.4 4.53e+00    -  5.13e-01 1.94e-01h  2
 927  9.9449239e+00 4.56e-02 1.08e+06   0.4 2.75e+00    -  6.38e-01 3.52e-01h  1
 928  9.9832914e+00 3.35e-02 1.46e+06   0.4 1.41e+00    -  1.00e+00 3.87e-01h  1
 929  1.0044035e+01 3.40e-02 1.74e+06   0.4 2.08e+00    -  2.40e-01 2.89e-01h  2
iter    objective    inf_pr   inf_du lg(mu)  ||d||  lg(rg) alpha_du alpha_pr  ls
 930  1.0134981e+01 3.25e-02 2.59e+06   0.4 2.82e+00    -  4.47e-01 3.14e-01H  1
 931  1.0152847e+01 3.29e-02 2.71e+06   0.4 5.88e+01    -  1.97e-02 3.19e-03f  4
 932  1.0173849e+01 3.27e-02 2.97e+06   0.4 1.08e+01    -  2.74e-01 2.02e-02h  3
 933  1.0183164e+01 3.24e-02 2.98e+06   0.4 1.81e+01    -  7.58e-02 7.64e-03f  5
 934  1.0193892e+01 3.16e-02 2.86e+06   0.4 3.01e+01    -  2.18e-02 9.38e-03f  4
 935  1.0216379e+01 2.95e-02 3.05e+06   0.4 7.06e+00    -  2.10e-01 5.06e-02h  3
 936  1.0226949e+01 2.91e-02 3.12e+06   0.4 7.81e+00    -  1.93e-01 2.66e-02h  4
 937  1.0255085e+01 2.70e-02 3.26e+06   0.4 4.66e+00    -  1.00e+00 8.30e-02h  3
 938  1.0372951e+01 2.09e-02 5.02e+06   0.4 2.66e+00    -  7.60e-01 6.33e-01H  1
 939  1.0378070e+01 2.09e-02 5.14e+06   0.4 1.66e+01    -  1.05e-01 4.92e-03h  5
iter    objective    inf_pr   inf_du lg(mu)  ||d||  lg(rg) alpha_du alpha_pr  ls
 940  1.0385945e+01 2.04e-02 5.32e+06   0.4 6.84e+00    -  1.92e-01 2.97e-02h  4
 941  1.0405848e+01 2.01e-02 5.65e+06   0.4 4.50e+00    -  5.63e-02 5.20e-02f  4
 942  1.0457582e+01 2.16e-02 6.33e+06   0.4 8.17e+00    -  2.83e-01 6.87e-02f  3
 943  1.0441952e+01 2.25e-02 6.55e+06   0.4 1.23e+02    -  2.22e-02 3.73e-03f  4
 944  1.0438002e+01 1.79e-02 1.26e+06   0.4 2.53e-01    -  1.00e+00 9.79e-01h  1
 945  1.0447212e+01 1.80e-02 1.70e+06   0.4 3.11e-01    -  6.08e-01 1.00e+00f  1
 946  1.0446195e+01 1.79e-02 1.96e+06   0.4 4.50e-01    -  9.23e-01 8.36e-01H  1
 947  1.0448472e+01 1.79e-02 2.23e+06   0.1 6.14e-01    -  1.00e+00 3.73e-01H  1
 948  1.0836741e+01 1.38e+00 3.92e+07   1.8 1.28e+02    -  2.57e-01 7.12e-02f  1
 949  1.0780508e+01 9.27e-01 4.26e+07   1.1 3.73e+00    -  3.61e-01 3.25e-01f  1
iter    objective    inf_pr   inf_du lg(mu)  ||d||  lg(rg) alpha_du alpha_pr  ls
 950  1.0733046e+01 7.89e-01 3.61e+07   1.1 6.27e+00    -  7.52e-02 1.51e-01h  1
 951  1.0709511e+01 7.62e-01 3.61e+07   1.1 1.97e+01    -  1.27e-01 3.37e-02h  1
 952  1.0630770e+01 8.03e-01 3.56e+07   1.1 1.20e+01    -  2.63e-02 2.29e-01f  1
 953  1.0701796e+01 8.16e-01 4.75e+07   1.1 1.69e+01    -  1.72e-02 1.93e-01f  1
 954  1.0703867e+01 8.14e-01 4.78e+07   1.1 3.97e+01    -  1.12e-01 2.78e-03h  1
 955  1.0716401e+01 8.04e-01 4.86e+07   1.1 2.54e+01    -  2.61e-03 1.45e-02h  1
 956  1.0722981e+01 7.93e-01 4.87e+07   1.1 1.04e+01    -  1.17e-01 1.37e-02h  1
 957  1.0774840e+01 7.77e-01 4.44e+07   1.1 2.68e+02    -  7.04e-03 2.41e-03h  1
 958  1.0769127e+01 2.20e-01 2.44e+07   1.1 2.16e+00    -  1.33e-02 1.00e+00f  1
 959  1.0782908e+01 2.28e-01 3.26e+07   1.1 7.55e+00    -  4.53e-01 1.29e-01h  2
iter    objective    inf_pr   inf_du lg(mu)  ||d||  lg(rg) alpha_du alpha_pr  ls
 960  1.0791045e+01 2.22e-01 3.34e+07   1.1 6.08e+00    -  2.25e-02 3.49e-02h  1
 961  1.0815250e+01 2.24e-01 3.58e+07   1.1 2.75e+01    -  1.05e-01 1.37e-02h  1
 962  1.0838357e+01 2.24e-01 3.82e+07   1.1 2.36e+01    -  2.73e-02 1.76e-02f  2
 963  1.0858972e+01 2.24e-01 4.00e+07   1.1 2.38e+01    -  1.98e-02 1.58e-02f  3
 964  1.0960505e+01 2.21e-01 3.91e+07   1.1 3.39e+02    -  6.45e-04 2.49e-03f  4
 965  1.1120280e+01 2.08e-01 3.05e+07   1.1 8.79e+00    -  2.66e-01 1.49e-01h  1
 966  1.1149549e+01 2.09e-01 3.09e+07   1.1 1.82e+02    -  2.43e-03 1.47e-03f  3
 967  1.1176129e+01 2.10e-01 3.26e+07   1.1 2.89e+02    -  6.93e-03 6.79e-04f  4
 968  1.1198253e+01 2.10e-01 3.39e+07   1.1 2.67e+02    -  2.96e-03 6.05e-04f  5
 969  1.1211540e+01 2.10e-01 3.46e+07   1.1 2.48e+02    -  4.55e-03 3.91e-04f  6
iter    objective    inf_pr   inf_du lg(mu)  ||d||  lg(rg) alpha_du alpha_pr  ls
 970  1.1270043e+01 2.12e-01 3.72e+07   1.1 3.95e+02    -  1.64e-02 1.30e-03f  5
 971  1.1517755e+01 2.43e-01 4.50e+07   1.1 9.44e+01    -  2.07e-02 2.19e-02f  3
 972  1.1567070e+01 2.41e-01 4.61e+07   1.1 4.71e+01    -  1.60e-01 9.09e-03f  3
 973  1.1953892e+01 4.11e-01 5.18e+07   1.1 4.45e+01    -  2.19e-03 7.20e-02f  2
 974  1.2226723e+01 5.38e-01 6.34e+07   1.1 3.52e+02    -  1.24e-03 7.47e-03f  2
 975  1.2289226e+01 4.23e-01 5.10e+07   1.1 4.65e+00    -  5.52e-02 3.58e-01f  1
 976  1.2336949e+01 4.09e-01 5.22e+07   1.1 2.45e+01    -  1.59e-02 3.42e-02h  2
 977  1.2358343e+01 4.07e-01 5.35e+07   1.1 1.77e+02    -  1.80e-02 1.74e-03f  4
 978  1.2379085e+01 4.06e-01 5.46e+07   1.1 1.70e+02    -  7.07e-03 1.72e-03f  4
 979  1.2388174e+01 4.06e-01 5.51e+07   1.1 1.63e+02    -  2.09e-02 7.97e-04f  5
iter    objective    inf_pr   inf_du lg(mu)  ||d||  lg(rg) alpha_du alpha_pr  ls
 980  1.2720875e+01 5.08e-01 6.98e+07   1.1 3.19e+02    -  7.18e-04 9.47e-03f  2
 981  1.2727570e+01 5.09e-01 7.04e+07   1.1 5.57e+02    -  5.08e-03 1.50e-04f  7
 982  1.2755556e+01 5.11e-01 7.28e+07   1.1 5.38e+02    -  8.20e-03 6.24e-04f  5
 983  1.2769167e+01 5.12e-01 7.41e+07   1.1 4.52e+02    -  1.25e-02 3.88e-04f  6
 984  1.2874946e+01 5.59e-01 8.33e+07   1.1 3.67e+02    -  8.01e-04 3.69e-03f  3
 985  1.2876145e+01 5.47e-01 8.94e+07   1.1 2.50e+02    -  4.09e-03 2.26e-03f  3
 986  1.2865992e+01 5.10e-01 8.35e+07   1.1 2.04e+00    -  2.79e-01 6.77e-02h  1
 987  1.2858774e+01 5.07e-01 8.38e+07   1.1 2.66e+01    -  2.40e-02 7.61e-03h  2
 988  1.2851924e+01 5.04e-01 8.48e+07   1.1 3.55e+01    -  1.08e-02 1.33e-02f  2
 989  1.2852982e+01 5.00e-01 8.48e+07   1.1 2.54e+01    -  3.41e-02 9.04e-03f  2
iter    objective    inf_pr   inf_du lg(mu)  ||d||  lg(rg) alpha_du alpha_pr  ls
 990  1.2855346e+01 4.93e-01 8.47e+07   1.1 2.32e+01    -  1.69e-03 1.79e-02h  1
 991  1.2900425e+01 5.05e-01 8.72e+07   1.1 2.53e+02    -  4.98e-03 2.80e-03f  2
 992  1.2913353e+01 4.98e-01 8.63e+07   1.1 1.45e+01    -  5.82e-02 1.71e-02f  2
 993  1.2943066e+01 4.87e-01 8.42e+07   1.1 1.34e+01    -  1.13e-01 4.08e-02f  2
 994  1.2976762e+01 4.71e-01 8.12e+07   1.1 1.14e+01    -  5.61e-02 5.69e-02h  2
 995  1.2976457e+01 4.69e-01 8.39e+07   1.1 2.15e+02    -  7.02e-03 1.41e-03h  2
 996  1.2974652e+01 4.63e-01 8.37e+07   1.1 1.07e+01    -  1.29e-01 1.44e-02h  2
 997  1.2974044e+01 4.61e-01 8.35e+07   1.1 8.76e+00    -  1.00e-01 5.76e-03h  3
 998  1.2973004e+01 4.55e-01 8.31e+07   1.1 7.68e+00    -  1.19e-01 1.15e-02h  3
 999  1.3100371e+01 4.65e-01 8.67e+07   1.1 2.02e+02    -  1.65e-03 5.41e-03f  3
iter    objective    inf_pr   inf_du lg(mu)  ||d||  lg(rg) alpha_du alpha_pr  ls
1000  1.3167116e+01 4.61e-01 8.62e+07   1.1 2.61e+01    -  1.01e-01 2.65e-02h  3

Number of Iterations....: 1000

                                   (scaled)                 (unscaled)
Objective...............:   1.3167115517682531e+01    1.3167115517682531e+01
Dual infeasibility......:   8.6178955288480029e+07    8.6178955288480029e+07
Constraint violation....:   4.6102031487891537e-01    4.6102031487891537e-01
Variable bound violation:   0.0000000000000000e+00    0.0000000000000000e+00
Complementarity.........:   4.6999582945035144e+02    4.6999582945035144e+02
Overall NLP error.......:   3.9940694377953485e+04    8.6178955288480029e+07


Number of objective function evaluations             = 3806
Number of objective gradient evaluations             = 1001
Number of equality constraint evaluations            = 3806
Number of inequality constraint evaluations          = 3806
Number of equality constraint Jacobian evaluations   = 1003
Number of inequality constraint Jacobian evaluations = 1003
Number of Lagrangian Hessian evaluations             = 0
Total seconds in IPOPT                               = 1872.362

EXIT: Maximum Number of Iterations Exceeded.
