This is Ipopt version 3.14.19, running with linear solver MUMPS 5.8.2.

Number of nonzeros in equality constraint Jacobian...:  1215565
Number of nonzeros in inequality constraint Jacobian.:     5292
Number of nonzeros in Lagrangian Hessian.............:        0

Total number of variables............................:     3879
                     variables with only lower bounds:        0
                variables with lower and upper bounds:      824
                     variables with only upper bounds:        0
Total number of equality constraints.................:     3726
Total number of inequality constraints...............:      553
        inequality constraints with only lower bounds:        0
   inequality constraints with lower and upper bounds:        0
        inequality constraints with only upper bounds:      553

iter    objective    inf_pr   inf_du lg(mu)  ||d||  lg(rg) alpha_du alpha_pr  ls
   0  1.0618186e-03 4.13e+00 1.00e+00   0.0 0.00e+00    -  0.00e+00 0.00e+00   0
   1  1.1970900e-03 4.12e+00 1.25e+01  -0.6 1.66e+01    -  1.49e-02 4.06e-03h  1
   2  1.5757933e-03 4.09e+00 7.20e+01  -0.4 1.83e+01    -  2.61e-02 5.98e-03h  1
   3  2.5620574e-03 4.06e+00 1.45e+02  -0.2 2.16e+01    -  7.05e-03 7.41e-03h  1
   4  3.4104904e-03 4.04e+00 1.81e+02  -0.3 1.98e+01    -  4.48e-03 4.79e-03h  1
   5  5.5117871e-03 4.01e+00 2.82e+02  -0.3 2.02e+01    -  3.85e-02 8.79e-03h  1
   6  1.0951618e-02 3.94e+00 7.27e+02  -0.2 2.12e+01    -  1.80e-02 1.55e-02h  1
   7  1.6701986e-02 3.89e+00 2.12e+03   0.8 2.29e+01    -  5.31e-01 1.18e-02f  1
   8  3.9179774e-02 3.79e+00 2.20e+03  -4.0 2.76e+01    -  6.08e-02 2.65e-02h  1
   9  8.6332656e-02 3.65e+00 3.35e+03   0.8 2.73e+01    -  8.33e-02 3.53e-02h  1
iter    objective    inf_pr   inf_du lg(mu)  ||d||  lg(rg) alpha_du alpha_pr  ls
  10  1.5605721e-01 3.51e+00 4.86e+03   1.3 2.64e+01    -  7.08e-02 3.67e-02f  1
  11  2.4240328e-01 3.40e+00 6.50e+03   1.8 3.17e+01    -  2.19e-01 3.17e-02f  1
  12  3.2532158e-01 3.31e+00 1.05e+04   1.3 3.58e+01    -  1.47e-01 2.58e-02h  1
  13  1.0099469e+00 2.89e+00 1.49e+04   1.7 3.79e+01    -  2.10e-01 1.27e-01f  1
  14  2.3410397e+00 2.46e+00 3.01e+04   2.3 3.80e+01    -  5.21e-01 1.47e-01f  1
  15  6.4163913e+00 2.97e+00 4.50e+04   1.5 3.19e+01    -  4.53e-01 3.73e-01h  1
  16  1.2842281e+01 1.35e+00 6.17e+04   2.1 2.78e+01    -  3.28e-01 5.77e-01f  1
  17  1.8615776e+01 1.19e+00 6.46e+04   2.1 3.00e+01    -  6.18e-01 3.87e-01f  1
  18  2.2269174e+01 1.11e+00 7.49e+04   2.6 5.07e+01    -  9.73e-01 1.90e-01f  1
  19  2.3592886e+01 6.42e-01 6.57e+04   2.4 2.23e+01    -  9.95e-01 4.50e-01h  1
iter    objective    inf_pr   inf_du lg(mu)  ||d||  lg(rg) alpha_du alpha_pr  ls
  20  2.3298167e+01 3.20e-01 7.18e+04   2.1 9.02e+00    -  9.96e-01 6.51e-01h  1
  21  2.4039880e+01 4.02e-01 1.87e+05   1.8 1.62e+01    -  9.02e-01 6.85e-01H  1
  22  2.2590025e+01 3.03e-01 3.70e+05   1.5 1.18e+01    -  8.65e-01 6.82e-01H  1
  23  2.2904194e+01 2.25e-01 2.46e+05   1.8 7.00e+00    -  1.00e+00 1.00e+00f  1
  24  2.2296108e+01 3.45e-01 1.40e+05   1.7 5.19e+00    -  1.00e+00 1.00e+00h  1
  25  2.2045080e+01 1.79e-01 9.57e+04   1.6 3.36e+00    -  1.00e+00 8.54e-01h  1
  26  2.1738313e+01 1.10e-01 1.09e+05   1.2 3.98e+00    -  1.00e+00 8.53e-01h  1
  27  2.1346055e+01 2.67e-01 2.44e+05   1.7 5.62e+00    -  1.00e+00 6.66e-01f  1
  28  2.1632746e+01 3.30e-01 2.90e+05   2.0 6.27e+00    -  1.00e+00 5.93e-01f  1
  29  2.1715116e+01 5.91e-02 1.82e+05   1.9 2.38e+00    -  1.00e+00 1.00e+00f  1
iter    objective    inf_pr   inf_du lg(mu)  ||d||  lg(rg) alpha_du alpha_pr  ls
  30  2.1233486e+01 1.97e-02 1.63e+05   1.4 3.69e+00    -  9.72e-01 9.51e-01H  1
  31  2.1103119e+01 5.39e-02 2.12e+05   1.5 4.75e+00    -  1.00e+00 3.87e-01f  2
  32  2.0970836e+01 9.12e-02 2.83e+05   1.6 5.44e+00    -  1.00e+00 5.00e-01f  2
  33  2.0970755e+01 1.04e-01 3.55e+05   1.6 1.29e+01    -  1.00e+00 1.81e-01f  2
  34  2.2194896e+01 7.72e-01 6.50e+05   1.9 1.46e+01    -  6.96e-01 6.61e-01f  1
  35  2.4570175e+01 9.11e-01 1.35e+06   1.7 4.89e+01    -  2.79e-01 3.25e-01f  2
  36  2.2408786e+01 3.84e-01 4.72e+05   1.7 1.22e+01    -  1.00e+00 1.00e+00f  1
  37  2.1544033e+01 2.29e-01 3.26e+05   1.7 7.59e+00    -  3.06e-01 7.76e-01h  1
  38  2.1516512e+01 1.27e-01 2.31e+05   1.7 5.50e+00    -  1.00e+00 1.00e+00f  1
  39  2.1095151e+01 6.19e-02 1.67e+05   1.7 2.83e+00    -  1.00e+00 1.00e+00h  1
iter    objective    inf_pr   inf_du lg(mu)  ||d||  lg(rg) alpha_du alpha_pr  ls
  40  2.1079453e+01 3.79e-02 1.50e+05   1.9 1.69e+00    -  1.00e+00 1.00e+00f  1
  41  2.0838445e+01 2.30e-02 1.51e+05   1.2 1.24e+00    -  1.00e+00 1.00e+00h  1
  42  2.0784592e+01 2.22e-02 1.76e+05   1.3 4.09e+00    -  1.00e+00 8.98e-02h  4
  43  2.0780596e+01 2.32e-01 4.54e+05   2.0 1.11e+01    -  1.00e+00 4.33e-01f  1
  44  2.0006840e+01 1.20e-01 6.14e+05   0.3 4.28e+00    -  4.57e-01 5.73e-01h  1
  45  1.9756728e+01 1.56e-01 5.41e+05   1.5 3.63e+00    -  1.00e+00 1.00e+00f  1
  46  1.9823774e+01 4.58e-02 2.39e+05   1.5 1.82e+00    -  1.00e+00 1.00e+00f  1
  47  1.9422847e+01 4.08e-02 2.51e+05   1.1 1.68e+00    -  1.00e+00 1.00e+00h  1
  48  1.9281260e+01 5.06e-02 3.37e+05   1.0 5.03e+00    -  9.77e-01 3.55e-01H  1
  49  1.9401548e+01 3.27e-01 5.55e+05   1.2 6.62e+00    -  1.00e+00 7.64e-01f  1
iter    objective    inf_pr   inf_du lg(mu)  ||d||  lg(rg) alpha_du alpha_pr  ls
  50  1.9273719e+01 2.65e-01 7.71e+05   1.1 1.58e+01    -  3.52e-01 1.61e-01H  1
  51  1.9032181e+01 4.04e-01 8.56e+05   1.7 9.45e+00    -  7.93e-01 2.79e-01f  1
  52  1.9185280e+01 2.87e-01 6.51e+05   2.1 8.16e+00    -  7.09e-01 3.84e-01f  1
  53  1.8915682e+01 7.85e-02 3.67e+05   1.9 2.62e+00    -  1.00e+00 1.00e+00f  1
  54  1.9086622e+01 2.02e-01 4.36e+05   2.2 3.90e+00    -  1.00e+00 1.00e+00f  1
  55  1.9161021e+01 1.81e-01 4.25e+05   2.1 3.81e+00    -  1.00e+00 1.00e+00f  1
  56  1.9320364e+01 1.07e-01 5.07e+05   2.1 3.02e+00    -  6.61e-01 1.00e+00f  1
  57  1.9181756e+01 3.21e-02 1.27e+05   2.1 1.99e+00    -  1.00e+00 1.00e+00f  1
  58  1.9064937e+01 2.16e-02 7.89e+04   1.3 1.32e+00    -  1.00e+00 1.00e+00h  1
  59  1.9028104e+01 6.16e-03 1.23e+05   1.0 1.32e+00    -  9.97e-01 7.30e-01H  1
iter    objective    inf_pr   inf_du lg(mu)  ||d||  lg(rg) alpha_du alpha_pr  ls
  60  1.9021817e+01 6.31e-03 1.28e+05   1.2 4.03e+00    -  1.00e+00 6.20e-02h  4
  61  1.9010661e+01 6.25e-03 1.20e+05   1.1 4.40e+00    -  1.00e+00 4.24e-02h  5
  62  1.8997657e+01 6.24e-03 1.20e+05   1.0 5.98e+00    -  1.00e+00 2.37e-02h  5
  63  1.8985845e+01 6.12e-03 1.23e+05   0.8 6.02e+00    -  1.00e+00 2.20e-02h  6
  64  1.8975233e+01 5.99e-03 1.25e+05   1.1 8.55e+00    -  1.00e+00 1.35e-02h  7
  65  1.8950891e+01 5.52e-03 1.28e+05   1.3 8.72e+00    -  1.00e+00 3.12e-02f  6
  66  1.8938998e+01 5.62e-03 1.27e+05   1.2 8.33e+00    -  1.00e+00 1.85e-02h  6
  67  1.8931353e+01 5.63e-03 1.28e+05   1.1 1.38e+01    -  1.00e+00 6.58e-03h  8
  68  1.8817839e+01 2.80e-02 2.27e+05   1.3 1.70e+01    -  1.00e+00 9.68e-02f  4
  69  1.8765581e+01 2.43e-02 2.48e+05   1.1 5.36e+00    -  1.00e+00 1.25e-01h  4
iter    objective    inf_pr   inf_du lg(mu)  ||d||  lg(rg) alpha_du alpha_pr  ls
  70  1.8395253e+01 1.09e-02 3.34e+05   0.8 4.88e+00    -  1.00e+00 6.94e-01H  1
  71  1.8392878e+01 1.03e-02 3.20e+05   0.7 4.35e+00    -  1.00e+00 4.97e-02h  5
  72  1.9122714e+01 9.14e-01 8.70e+05   1.7 3.41e+01    -  8.06e-01 2.09e-01f  1
  73  1.9000449e+01 9.18e-01 9.48e+05   1.5 1.10e+01    -  5.99e-01 1.00e+00f  1
  74  1.8832661e+01 7.30e-01 9.58e+05   1.5 7.25e+00    -  6.64e-01 2.12e-01h  1
  75  1.8622879e+01 6.05e-01 8.20e+05   1.5 7.49e+00    -  3.98e-01 1.68e-01h  1
  76  1.8330867e+01 5.27e-01 7.27e+05   1.5 1.77e+01    -  1.18e-01 1.73e-01h  1
  77  1.8612678e+01 7.13e-01 4.94e+05   2.2 8.97e+00    -  5.29e-01 4.57e-01f  1
  78  1.8297454e+01 7.42e-01 7.24e+05   1.9 1.74e+01    -  1.91e-01 3.66e-01H  1
  79  1.8802857e+01 5.96e-01 6.44e+05   2.5 8.05e+00    -  1.00e+00 2.89e-01f  1
iter    objective    inf_pr   inf_du lg(mu)  ||d||  lg(rg) alpha_du alpha_pr  ls
  80  1.8685598e+01 2.24e-01 5.55e+05   2.4 4.58e+00    -  1.00e+00 1.00e+00f  1
  81  1.8702885e+01 6.40e-02 3.08e+05   2.4 2.88e+00    -  1.00e+00 1.00e+00f  1
  82  1.8557874e+01 1.55e-02 2.28e+05   1.7 3.00e+00    -  8.36e-01 8.36e-01H  1
  83  1.8572938e+01 1.43e-02 2.48e+05   1.7 5.14e+00    -  7.00e-01 8.85e-02h  4
  84  1.8566520e+01 1.41e-02 2.62e+05   1.7 1.15e+01    -  6.30e-01 1.38e-02h  6
  85  1.8632699e+01 7.54e-02 4.19e+05   1.7 1.34e+01    -  4.80e-01 2.06e-01f  3
  86  1.8641939e+01 7.98e-02 4.69e+05   1.7 2.04e+01    -  8.53e-01 4.48e-02f  5
  87  1.8410399e+01 1.40e-02 5.38e+05   1.7 8.80e+00    -  1.00e+00 1.00e+00H  1
  88  1.8261330e+01 1.01e-02 4.42e+05   1.2 2.35e+00    -  1.00e+00 9.89e-01H  1
  89  1.8439977e+01 1.17e-01 2.75e+05   2.1 4.15e+00    -  9.59e-01 5.59e-01f  1
iter    objective    inf_pr   inf_du lg(mu)  ||d||  lg(rg) alpha_du alpha_pr  ls
  90  1.8887572e+01 2.08e-01 3.24e+05   1.9 3.99e+00    -  6.17e-01 1.00e+00f  1
  91  1.8612083e+01 4.05e-02 1.68e+05   1.9 2.46e+00    -  1.00e+00 1.00e+00h  1
  92  1.8550261e+01 1.97e-02 1.48e+05   1.9 1.28e+00    -  1.00e+00 1.00e+00h  1
  93  1.8460420e+01 2.61e-03 1.15e+05   1.2 1.04e+00    -  9.08e-01 1.00e+00H  1
  94  1.8407174e+01 9.74e-04 1.15e+05   1.3 7.28e-01    -  1.00e+00 1.00e+00H  1
  95  1.8380520e+01 9.06e-04 1.13e+05   0.8 1.05e+00    -  1.00e+00 2.00e-01h  3
  96  1.8373063e+01 8.65e-04 1.16e+05   1.1 4.31e+00    -  1.00e+00 1.45e-02h  6
  97  1.8366213e+01 8.54e-04 1.18e+05   1.2 3.50e+00    -  1.00e+00 1.26e-02h  7
  98  1.8351557e+01 8.72e-04 1.19e+05   1.2 6.77e+00    -  1.00e+00 1.49e-02h  6
  99  1.8340669e+01 8.62e-04 1.19e+05   0.9 5.84e+00    -  1.00e+00 1.10e-02h  7
iter    objective    inf_pr   inf_du lg(mu)  ||d||  lg(rg) alpha_du alpha_pr  ls
 100  1.8331848e+01 8.62e-04 1.23e+05   1.3 9.81e+00    -  1.00e+00 4.82e-03h  8
 101  1.8072248e+01 3.70e-02 2.72e+05   1.4 6.36e+00    -  1.00e+00 2.50e-01f  3
 102  1.7383349e+01 1.08e-02 7.98e+05   1.4 5.10e+00    -  9.96e-01 9.59e-01H  1
 103  1.7363425e+01 1.10e-02 5.96e+05   0.8 1.77e+00    -  1.00e+00 7.46e-01H  1
 104  1.8122988e+01 2.59e-01 2.99e+05   1.3 3.91e+00    -  8.52e-01 9.33e-01f  1
 105  1.8015016e+01 2.28e-01 4.21e+05   1.2 3.74e+00    -  2.91e-01 4.48e-01h  1
 106  1.7909565e+01 1.72e-01 4.62e+05   1.2 2.02e+00    -  7.37e-01 2.80e-01h  1
 107  1.7728283e+01 4.79e-02 1.99e+05   1.2 1.37e+00    -  4.18e-01 1.00e+00f  1
 108  1.7456876e+01 1.03e-02 2.27e+05   1.2 1.60e+00    -  9.84e-01 1.00e+00H  1
 109  1.8623908e+01 3.59e-01 6.43e+05   1.5 5.98e+00    -  6.55e-01 8.13e-01f  1
iter    objective    inf_pr   inf_du lg(mu)  ||d||  lg(rg) alpha_du alpha_pr  ls
 110  1.7937049e+01 1.03e-01 1.66e+05   1.3 3.10e+00    -  1.00e+00 1.00e+00h  1
 111  1.7742591e+01 5.03e-02 2.65e+05   1.3 1.87e+00    -  4.62e-01 9.93e-01h  1
 112  1.7804462e+01 2.95e-02 5.89e+04   1.3 1.18e+00    -  1.00e+00 1.00e+00f  1
 113  1.7753229e+01 2.34e-03 5.43e+04   1.3 1.79e-01    -  1.00e+00 1.00e+00h  1
 114  1.7669604e+01 7.62e-04 9.97e+04   0.9 5.69e-01    -  1.00e+00 1.00e+00H  1
 115  1.7598729e+01 4.17e-02 3.05e+05   1.1 8.46e-01    -  1.00e+00 1.00e+00f  1
 116  1.7674401e+01 4.84e-02 4.37e+05   1.0 8.00e-01    -  9.68e-01 1.00e+00h  1
 117  1.7700938e+01 1.77e-02 2.40e+05   1.0 9.18e-01    -  1.00e+00 9.80e-01h  1
 118  1.7558059e+01 2.25e-02 1.06e+05   1.0 1.11e+00    -  1.00e+00 1.00e+00F  1
 119  1.7567355e+01 6.00e-03 1.34e+05   1.0 7.44e-01    -  9.25e-01 7.58e-01H  1
iter    objective    inf_pr   inf_du lg(mu)  ||d||  lg(rg) alpha_du alpha_pr  ls
 120  1.7706177e+01 2.48e-02 1.81e+05   1.2 9.50e-01    -  1.00e+00 1.00e+00f  1
 121  1.7811530e+01 2.82e-02 2.77e+05   1.1 1.19e+00    -  1.00e+00 1.00e+00h  1
 122  1.7677055e+01 2.03e-02 3.24e+04   1.1 1.05e+00    -  1.00e+00 1.00e+00h  1
 123  1.7643118e+01 6.74e-03 7.33e+04   0.4 2.79e-01    -  7.58e-01 1.00e+00h  1
 124  1.7630885e+01 6.25e-03 1.32e+05   0.4 2.84e-01    -  8.99e-01 1.00e+00h  1
 125  1.7657458e+01 1.94e-02 6.75e+04   0.7 2.84e-01    -  1.00e+00 1.00e+00f  1
 126  1.7636628e+01 1.36e-02 3.39e+04   0.6 2.12e-01    -  1.00e+00 1.00e+00h  1
 127  1.7623902e+01 7.50e-03 2.99e+04   0.6 1.43e-01    -  1.00e+00 1.00e+00h  1
 128  1.7621508e+01 1.93e-03 5.16e+04  -0.0 1.60e-01    -  1.00e+00 1.00e+00h  1
 129  1.7614689e+01 8.47e-04 4.75e+04  -0.2 1.94e-01    -  1.00e+00 1.00e+00H  1
iter    objective    inf_pr   inf_du lg(mu)  ||d||  lg(rg) alpha_du alpha_pr  ls
 130  1.7613495e+01 8.41e-04 5.34e+04  -0.2 1.21e-01    -  9.74e-01 1.00e+00H  1
 131  1.7611403e+01 8.45e-04 5.22e+04  -0.7 8.42e-02    -  9.97e-01 6.76e-01H  1
 132  1.7610768e+01 8.47e-04 1.26e+05  -1.0 2.64e-01    -  1.00e+00 5.32e-02h  4
 133  1.7610518e+01 8.48e-04 1.96e+05  -0.7 1.74e+00    -  1.00e+00 3.19e-03h  6
 134  1.7592984e+01 8.53e-03 1.49e+05   0.9 2.75e+00    -  3.46e-01 2.19e-01f  1
 135  1.7579449e+01 1.75e-02 1.46e+05   0.3 5.91e-01    -  9.17e-01 7.82e-01f  1
 136  1.7585049e+01 1.02e-02 1.13e+05   0.3 4.09e-01    -  6.03e-01 5.86e-01H  1
 137  1.7582261e+01 9.45e-03 8.45e+04   0.3 1.47e-01    -  6.05e-01 1.00e+00f  1
 138  1.7578645e+01 1.30e-03 2.35e+04   0.3 7.62e-02    -  1.00e+00 1.00e+00f  1
 139  1.7571289e+01 1.07e-03 3.12e+04  -0.2 1.26e-01    -  1.00e+00 1.00e+00h  1
iter    objective    inf_pr   inf_du lg(mu)  ||d||  lg(rg) alpha_du alpha_pr  ls
 140  1.7566557e+01 1.78e-03 6.83e+04   0.0 3.80e-01    -  1.00e+00 5.03e-01f  1
 141  1.7561320e+01 8.88e-04 1.08e+05  -0.2 4.60e-01    -  1.00e+00 9.32e-01H  1
 142  1.7561275e+01 8.87e-04 1.08e+05  -0.4 3.20e-01    -  1.00e+00 1.56e-02h  7
 143  1.7558194e+01 2.69e-02 6.59e+04  -0.0 4.32e-01    -  1.00e+00 1.00e+00f  1
 144  1.7561221e+01 1.80e-02 7.68e+04  -0.1 2.28e-01    -  1.13e-01 1.00e+00h  1
 145  1.7557397e+01 1.89e-03 2.66e+04  -0.6 1.27e-01    -  1.00e+00 1.00e+00h  1
 146  1.7552105e+01 8.31e-04 2.59e+04  -1.2 1.54e-01    -  1.00e+00 1.00e+00h  1
 147  1.7547601e+01 9.75e-04 1.26e+05  -0.6 9.70e-01    -  1.00e+00 2.50e-01f  1
 148  1.7543018e+01 2.74e-03 1.49e+05  -0.4 2.18e+00    -  9.59e-01 1.95e-01f  1
 149  1.7543972e+01 4.51e-03 1.89e+05  -0.6 6.32e-01    -  4.54e-01 4.05e-01f  2
iter    objective    inf_pr   inf_du lg(mu)  ||d||  lg(rg) alpha_du alpha_pr  ls
 150  1.7543498e+01 3.78e-03 1.41e+05  -0.5 1.41e-01    -  6.69e-01 9.42e-01f  1
 151  1.7542727e+01 1.05e-03 2.92e+04  -0.5 7.56e-02    -  7.77e-01 9.17e-01h  1
 152  1.7542414e+01 8.27e-04 5.65e+04  -0.8 4.90e-02    -  1.00e+00 5.00e-01h  2
 153  1.7543301e+01 8.27e-04 1.69e+04  -0.9 1.10e-01    -  1.00e+00 1.00e+00h  1
 154  1.7546845e+01 2.42e-03 9.15e+04  -0.4 3.53e-01    -  1.00e+00 6.07e-01f  1
 155  1.7548438e+01 1.43e-03 7.89e+04  -0.5 9.54e-02    -  1.00e+00 1.00e+00f  1
 156  1.7547984e+01 8.33e-04 1.71e+04  -0.5 3.41e-02    -  1.00e+00 1.00e+00h  1
 157  1.7548723e+01 8.34e-04 1.05e+04  -1.3 6.60e-02    -  1.00e+00 1.00e+00h  1
 158  1.7548884e+01 8.36e-04 1.67e+05  -1.5 2.55e-01    -  1.00e+00 8.57e-02h  3
 159  1.7548975e+01 8.37e-04 2.26e+05  -1.5 8.42e-01    -  1.00e+00 7.68e-03h  6
iter    objective    inf_pr   inf_du lg(mu)  ||d||  lg(rg) alpha_du alpha_pr  ls
 160  1.7551783e+01 8.48e-04 2.02e+05  -1.0 1.04e+00    -  1.00e+00 1.07e-01f  2
 161  1.7552317e+01 8.49e-04 1.96e+05  -1.1 1.86e+00    -  3.68e-01 9.89e-03h  5
 162  1.7552525e+01 8.50e-04 2.01e+05  -1.1 3.88e+00    -  2.02e-01 1.69e-03h  7
 163  1.7552795e+01 8.51e-04 1.97e+05  -1.1 2.54e+00    -  4.97e-01 2.98e-03h  7
 164r 1.7552795e+01 8.51e-04 1.00e+03  -1.1 0.00e+00    -  0.00e+00 2.60e-07R 20
 165r 1.7552104e+01 9.04e-04 7.75e+02  -0.8 1.09e-01    -  7.59e-01 1.55e-01f  1
 166r 1.7607761e+01 1.18e-02 7.34e+02  -1.1 6.46e-01    -  2.26e-01 1.00e+00f  1
 167r 1.7617432e+01 6.46e-03 1.42e+02  -0.8 5.38e-01    -  7.02e-01 8.58e-01f  1
 168r 1.7605146e+01 6.20e-03 5.17e+01  -0.9 3.71e-01    -  9.75e-01 1.00e+00f  1
 169r 1.7593869e+01 1.60e-02 5.05e+01  -0.9 5.46e-01    -  8.70e-01 1.00e+00f  1
iter    objective    inf_pr   inf_du lg(mu)  ||d||  lg(rg) alpha_du alpha_pr  ls
 170r 1.7587278e+01 6.91e-03 2.60e+01  -0.9 2.04e-01    -  1.00e+00 1.00e+00h  1
 171r 1.7586044e+01 6.94e-03 1.06e+01  -0.9 7.61e-02    -  1.00e+00 1.00e+00h  1
 172r 1.7585113e+01 6.97e-03 8.40e+00  -0.9 7.63e-02    -  1.00e+00 1.00e+00h  1
 173r 1.7583109e+01 6.96e-03 2.94e+00  -0.9 3.64e-02    -  1.00e+00 1.00e+00h  1
 174r 1.7583739e+01 1.76e-02 8.33e+01  -1.6 9.55e-01    -  8.73e-01 1.00e+00f  1
 175r 1.7574045e+01 8.35e-03 8.25e+01  -1.9 5.94e-01    -  1.00e+00 1.00e+00f  1
 176r 1.7589061e+01 8.71e-03 1.86e+01  -2.6 2.46e-01    -  1.00e+00 1.00e+00f  1
 177r 1.7621391e+01 8.31e-03 3.68e+01  -2.6 5.84e-01    -  1.00e+00 1.00e+00h  1
 178r 1.7632122e+01 2.15e-02 3.70e+01  -2.3 3.29e-01    -  1.00e+00 1.00e+00f  1
 179r 1.7622348e+01 8.32e-03 2.02e+01  -2.4 3.00e-01    -  1.00e+00 1.00e+00h  1
iter    objective    inf_pr   inf_du lg(mu)  ||d||  lg(rg) alpha_du alpha_pr  ls
 180r 1.7621226e+01 8.40e-03 1.27e+01  -2.4 6.76e-02    -  1.00e+00 1.00e+00h  1
 181r 1.7631539e+01 8.35e-03 1.80e+01  -3.2 2.32e-01    -  1.00e+00 9.07e-01f  1
 182r 1.7648110e+01 8.27e-03 1.78e+01  -3.4 2.92e-01    -  1.00e+00 8.68e-01f  1
 183r 1.7673030e+01 8.17e-03 3.38e+01  -3.0 5.76e-01    -  1.00e+00 3.66e-01f  1
 184r 1.7666435e+01 8.25e-03 2.28e+01  -3.3 2.07e-01    -  1.00e+00 1.00e+00h  1
 185r 1.7670726e+01 8.23e-03 1.36e+01  -3.8 1.62e-01    -  1.00e+00 6.33e-01f  1
 186r 1.7690903e+01 8.16e-03 2.84e+01  -3.3 5.33e-01    -  1.00e+00 5.01e-01f  1
 187r 1.7682797e+01 8.19e-03 1.56e+01  -3.5 1.30e-01    -  8.65e-01 1.00e+00h  1
 188r 1.7679139e+01 8.21e-03 8.95e+00  -3.5 1.10e-01    -  1.00e+00 1.00e+00h  1
 189r 1.7684836e+01 8.21e-03 7.20e+00  -3.5 8.31e-02    -  1.00e+00 1.00e+00h  1
iter    objective    inf_pr   inf_du lg(mu)  ||d||  lg(rg) alpha_du alpha_pr  ls
 190r 1.7686174e+01 8.21e-03 5.90e+00  -4.0 7.10e-02    -  1.00e+00 1.00e+00f  1
 191r 1.7695806e+01 8.19e-03 4.21e+00  -4.0 1.03e-01    -  1.00e+00 1.00e+00h  1
 192r 1.7706094e+01 8.18e-03 9.98e+00  -4.0 9.37e-02    -  1.00e+00 1.00e+00h  1
 193r 1.7704252e+01 8.18e-03 6.74e+00  -4.0 3.25e-02    -  1.00e+00 1.00e+00h  1
 194r 1.7703101e+01 8.19e-03 2.50e+00  -4.0 2.46e-02    -  1.00e+00 1.00e+00h  1
 195r 1.7703694e+01 8.18e-03 3.02e+00  -4.0 2.93e-02    -  1.00e+00 1.00e+00h  1
 196r 1.7708527e+01 8.17e-03 1.37e+01  -4.0 1.89e-01    -  1.00e+00 5.44e-01h  1
 197r 1.7696149e+01 8.17e-03 2.48e+01  -4.0 1.71e-01    -  1.00e+00 6.92e-01h  1
 198r 1.7696452e+01 8.15e-03 2.13e+01  -4.0 1.07e-01    -  1.00e+00 9.94e-01h  1
 199r 1.7699431e+01 8.17e-03 1.23e+01  -3.7 1.35e-01    -  5.67e-01 1.00e+00h  1
iter    objective    inf_pr   inf_du lg(mu)  ||d||  lg(rg) alpha_du alpha_pr  ls
 200r 1.7691237e+01 8.19e-03 1.49e+01  -3.9 1.28e-01    -  1.00e+00 1.00e+00h  1
 201r 1.7694941e+01 8.17e-03 8.50e+00  -3.9 1.06e-01    -  1.00e+00 1.00e+00h  1
 202r 1.7696480e+01 8.16e-03 1.41e+01  -3.9 1.52e-01    -  1.00e+00 6.90e-01h  1
 203r 1.7696386e+01 8.17e-03 5.02e+00  -3.9 5.74e-02    -  1.00e+00 1.00e+00h  1
 204r 1.7695289e+01 8.18e-03 4.52e+00  -3.9 3.85e-02    -  1.00e+00 1.00e+00h  1
 205r 1.7695005e+01 8.18e-03 3.14e+00  -3.9 3.09e-02    -  1.00e+00 1.00e+00h  1
 206r 1.7694986e+01 8.18e-03 4.97e-01  -3.9 8.34e-03    -  1.00e+00 1.00e+00h  1
 207r 1.7695008e+01 8.18e-03 7.50e-01  -4.0 3.76e-03    -  1.00e+00 1.00e+00f  1
 208r 1.7696028e+01 8.17e-03 8.65e+00  -4.0 5.36e-02    -  1.00e+00 1.00e+00h  1
 209r 1.7696420e+01 8.15e-03 3.33e+01  -4.0 1.76e-01    -  1.00e+00 1.00e+00h  1
iter    objective    inf_pr   inf_du lg(mu)  ||d||  lg(rg) alpha_du alpha_pr  ls
 210r 1.7696540e+01 8.15e-03 1.68e+01  -4.1 8.92e-02    -  1.00e+00 8.10e-01h  1
 211r 1.7695721e+01 8.16e-03 1.03e+01  -4.0 6.54e-02    -  1.00e+00 1.00e+00f  1
 212r 1.7695533e+01 8.17e-03 1.08e+01  -4.0 5.01e-02    -  1.00e+00 1.00e+00h  1
 213r 1.7695180e+01 8.17e-03 4.12e+00  -4.0 3.68e-02    -  1.00e+00 9.47e-01h  1
 214r 1.7695077e+01 8.17e-03 3.21e+00  -4.0 2.34e-02    -  1.00e+00 1.00e+00h  1
 215r 1.7694415e+01 8.17e-03 1.22e+00  -4.0 8.22e-03    -  1.00e+00 1.00e+00h  1
 216r 1.7694154e+01 8.17e-03 1.03e+00  -4.0 6.42e-03    -  1.00e+00 1.00e+00h  1
 217r 1.7693942e+01 8.17e-03 2.63e+00  -4.0 1.39e-02    -  1.00e+00 1.00e+00H  1
 218r 1.7692303e+01 8.18e-03 1.10e+01  -4.0 3.76e-02    -  1.00e+00 1.00e+00h  1
 219r 1.7693568e+01 8.17e-03 3.43e+00  -4.1 2.61e-02    -  1.00e+00 1.00e+00h  1
iter    objective    inf_pr   inf_du lg(mu)  ||d||  lg(rg) alpha_du alpha_pr  ls
 220r 1.7695069e+01 8.17e-03 3.58e+00  -4.0 3.61e-02    -  1.00e+00 1.00e+00h  1
 221r 1.7694126e+01 8.17e-03 2.06e+00  -4.1 3.17e-02    -  1.00e+00 1.00e+00h  1
 222r 1.7695654e+01 8.17e-03 5.45e+00  -4.1 4.54e-02    -  1.00e+00 1.00e+00h  1
 223r 1.7695437e+01 8.16e-03 2.69e+00  -4.0 3.96e-02    -  1.00e+00 1.00e+00h  1
 224r 1.7693050e+01 8.17e-03 7.24e+00  -4.1 4.88e-02    -  1.00e+00 1.00e+00h  1
 225r 1.7694395e+01 8.17e-03 3.49e+00  -4.1 5.51e-02    -  1.00e+00 1.00e+00h  1
 226r 1.7694610e+01 8.17e-03 1.09e+00  -4.1 2.90e-02    -  1.00e+00 1.00e+00h  1
 227r 1.7694094e+01 8.17e-03 7.22e-01  -4.0 3.94e-03    -  1.00e+00 1.00e+00h  1
 228r 1.7692917e+01 8.17e-03 4.49e+00  -4.1 3.53e-02    -  1.00e+00 1.00e+00h  1
 229r 1.7692163e+01 8.17e-03 3.09e+00  -4.0 3.34e-02    -  1.00e+00 1.00e+00h  1
iter    objective    inf_pr   inf_du lg(mu)  ||d||  lg(rg) alpha_du alpha_pr  ls
 230r 1.7692210e+01 8.17e-03 4.66e+00  -4.1 3.64e-02    -  1.00e+00 1.00e+00h  1
 231r 1.7694116e+01 8.16e-03 4.24e+00  -4.1 3.69e-02    -  1.00e+00 1.00e+00h  1
 232r 1.7693395e+01 8.17e-03 1.21e+00  -4.1 1.19e-02    -  1.00e+00 1.00e+00h  1
 233r 1.7692681e+01 8.17e-03 2.94e+00  -4.0 1.29e-02    -  1.00e+00 1.00e+00h  1
 234r 1.7691612e+01 8.17e-03 6.28e+00  -4.1 4.17e-02    -  1.00e+00 1.00e+00h  1
 235r 1.7691353e+01 8.17e-03 5.41e+00  -4.0 6.05e-02    -  1.00e+00 1.00e+00h  1
 236r 1.7692736e+01 8.16e-03 1.26e+01  -4.1 4.53e-02    -  1.00e+00 1.00e+00h  1
 237r 1.7691853e+01 8.16e-03 2.47e+00  -4.0 5.37e-02    -  1.00e+00 1.00e+00h  1
 238r 1.7691217e+01 8.17e-03 4.17e+00  -4.1 2.70e-02    -  1.00e+00 1.00e+00h  1
 239r 1.7693893e+01 8.16e-03 1.26e+01  -4.0 6.87e-02    -  1.00e+00 1.00e+00h  1
iter    objective    inf_pr   inf_du lg(mu)  ||d||  lg(rg) alpha_du alpha_pr  ls
 240r 1.7694429e+01 8.16e-03 1.62e+01  -4.1 6.51e-02    -  1.00e+00 1.00e+00h  1
 241r 1.7694039e+01 8.16e-03 5.70e-01  -4.1 5.55e-02    -  1.00e+00 1.00e+00h  1
 242r 1.7693046e+01 8.17e-03 5.07e-01  -4.0 4.76e-03    -  1.00e+00 1.00e+00h  1
 243r 1.7692461e+01 8.17e-03 1.67e+00  -4.0 2.88e-02    -  1.00e+00 1.00e+00h  1
 244r 1.7692031e+01 8.18e-03 9.56e+00  -4.1 5.05e-02    -  1.00e+00 1.00e+00h  1
 245r 1.7695055e+01 8.16e-03 1.02e+01  -4.1 9.91e-02    -  1.00e+00 1.00e+00h  1
 246r 1.7693428e+01 8.17e-03 3.53e+00  -4.0 5.61e-02    -  1.00e+00 1.00e+00h  1
 247r 1.7693532e+01 8.17e-03 1.24e+00  -4.1 6.38e-02    -  1.00e+00 1.00e+00h  1
 248r 1.7693883e+01 8.17e-03 2.01e+00  -4.0 2.89e-02    -  1.00e+00 1.00e+00h  1
 249r 1.7693673e+01 8.17e-03 7.87e+00  -4.1 5.16e-02    -  1.00e+00 1.00e+00h  1
iter    objective    inf_pr   inf_du lg(mu)  ||d||  lg(rg) alpha_du alpha_pr  ls
 250r 1.7692966e+01 8.17e-03 1.59e+01  -4.1 5.21e-02    -  1.00e+00 1.00e+00h  1
 251r 1.7694553e+01 8.16e-03 3.91e+00  -4.1 6.76e-02    -  1.00e+00 1.00e+00h  1
 252r 1.7695025e+01 8.16e-03 1.38e+01  -4.0 6.20e-02    -  1.00e+00 1.00e+00h  1
 253r 1.7694349e+01 8.16e-03 3.58e+00  -4.1 7.82e-02    -  4.92e-01 1.00e+00h  1
 254r 1.7694395e+01 8.16e-03 6.74e+00  -4.0 6.75e-02    -  1.00e+00 1.00e+00h  1
 255r 1.7694968e+01 8.16e-03 1.14e+01  -4.1 3.32e-02    -  1.00e+00 1.00e+00h  1
 256r 1.7694347e+01 8.17e-03 1.42e+00  -4.1 3.42e-02    -  1.00e+00 1.00e+00h  1
 257r 1.7694536e+01 8.17e-03 1.47e+00  -4.1 1.33e-02    -  1.00e+00 1.00e+00h  1
 258r 1.7693875e+01 8.17e-03 2.34e+00  -4.0 9.25e-03    -  1.00e+00 1.00e+00h  1
 259r 1.7692863e+01 8.17e-03 1.17e+01  -4.1 5.80e-02    -  1.00e+00 1.00e+00h  1
iter    objective    inf_pr   inf_du lg(mu)  ||d||  lg(rg) alpha_du alpha_pr  ls
 260r 1.7691871e+01 8.17e-03 1.83e+01  -4.1 6.44e-02    -  1.00e+00 1.00e+00h  1
 261r 1.7695310e+01 8.15e-03 9.30e+00  -4.1 9.31e-02    -  1.00e+00 1.00e+00h  1
 262r 1.7693921e+01 8.17e-03 9.79e+00  -4.0 2.89e-02    -  1.00e+00 1.00e+00h  1
 263r 1.7693088e+01 8.17e-03 6.04e+00  -4.1 4.45e-02    -  1.00e+00 1.00e+00h  1
 264r 1.7694554e+01 8.17e-03 2.79e+00  -4.0 5.49e-02    -  1.00e+00 1.00e+00h  1
 265r 1.7693806e+01 8.17e-03 3.12e+00  -4.1 4.38e-02    -  1.00e+00 1.00e+00h  1
 266r 1.7694503e+01 8.17e-03 2.96e+00  -4.1 4.45e-02    -  1.00e+00 1.00e+00h  1
 267r 1.7694211e+01 8.17e-03 1.11e+00  -4.1 2.02e-02    -  1.00e+00 1.00e+00h  1
 268r 1.7694378e+01 8.17e-03 7.97e-01  -4.1 1.31e-02    -  1.00e+00 1.00e+00h  1
 269r 1.7694214e+01 8.17e-03 2.05e+00  -4.1 1.07e-02    -  1.00e+00 1.00e+00h  1
iter    objective    inf_pr   inf_du lg(mu)  ||d||  lg(rg) alpha_du alpha_pr  ls
 270r 1.7694170e+01 8.17e-03 4.33e-01  -4.0 1.02e-02    -  1.00e+00 1.00e+00h  1
 271r 1.7693886e+01 8.17e-03 1.86e+00  -4.1 1.38e-02    -  1.00e+00 1.00e+00h  1
 272r 1.7692990e+01 8.17e-03 4.59e+00  -4.0 1.24e-02    -  1.00e+00 1.00e+00h  1
 273r 1.7693561e+01 8.17e-03 6.97e+00  -4.1 5.18e-02    -  1.00e+00 1.00e+00h  1
 274r 1.7693997e+01 8.17e-03 3.85e+00  -4.1 5.70e-02    -  1.00e+00 1.00e+00h  1
 275r 1.7694538e+01 8.16e-03 8.76e+00  -4.0 5.40e-02    -  1.00e+00 1.00e+00h  1
 276r 1.7693548e+01 8.17e-03 5.62e+00  -4.1 7.76e-02    -  1.00e+00 1.00e+00h  1
 277r 1.7691799e+01 8.17e-03 9.90e+00  -4.1 1.04e-01    -  1.00e+00 1.00e+00H  1
 278r 1.7695888e+01 8.14e-03 1.85e+01  -4.1 1.08e-01    -  1.00e+00 1.00e+00h  1
 279r 1.7696278e+01 8.16e-03 1.12e+01  -4.1 1.55e-01    -  1.00e+00 1.00e+00h  1
iter    objective    inf_pr   inf_du lg(mu)  ||d||  lg(rg) alpha_du alpha_pr  ls
 280r 1.7688550e+01 8.18e-03 3.57e+01  -3.8 1.96e-01    -  1.00e+00 1.00e+00h  1
 281r 1.7694059e+01 8.14e-03 9.75e+00  -3.9 2.23e-01    -  4.56e-01 1.00e+00h  1
 282r 1.7697157e+01 8.13e-03 2.45e+01  -3.9 1.96e-01    -  9.19e-01 4.02e-01h  1
 283r 1.7696291e+01 8.17e-03 9.34e+00  -3.9 1.11e-01    -  1.00e+00 1.00e+00h  1
 284r 1.7695723e+01 8.18e-03 9.03e+00  -3.9 6.22e-02    -  1.00e+00 1.00e+00h  1
 285r 1.7695353e+01 8.17e-03 2.77e+00  -3.9 7.29e-02    -  1.00e+00 1.00e+00h  1
 286r 1.7697342e+01 8.16e-03 1.18e+01  -3.9 8.83e-02    -  1.00e+00 1.00e+00h  1
 287r 1.7695571e+01 8.17e-03 5.99e+00  -3.9 8.02e-02    -  1.00e+00 1.00e+00h  1
 288r 1.7693853e+01 8.20e-03 1.20e+01  -3.9 7.04e-02    -  1.00e+00 1.00e+00H  1
 289r 1.7696608e+01 8.16e-03 2.57e+00  -3.9 8.50e-02    -  9.57e-01 1.00e+00h  1
iter    objective    inf_pr   inf_du lg(mu)  ||d||  lg(rg) alpha_du alpha_pr  ls
 290r 1.7695862e+01 8.17e-03 5.21e+00  -3.9 1.67e-02    -  1.00e+00 1.00e+00h  1
 291r 1.7695525e+01 8.17e-03 9.97e-01  -3.9 1.54e-02    -  1.00e+00 1.00e+00h  1
 292r 1.7695335e+01 8.17e-03 1.54e+00  -3.9 3.61e-03    -  1.00e+00 1.00e+00h  1
 293r 1.7695329e+01 8.17e-03 1.34e+00  -3.9 2.21e-03    -  1.00e+00 1.00e+00h  1
 294r 1.7695194e+01 8.17e-03 1.86e+00  -3.9 7.15e-03    -  1.00e+00 1.00e+00h  1
 295r 1.7694525e+01 8.17e-03 1.13e+01  -3.9 2.82e-02    -  1.00e+00 1.00e+00H  1
 296r 1.7694398e+01 8.17e-03 7.74e+00  -3.9 1.09e-02    -  1.00e+00 1.00e+00h  1
 297r 1.7694409e+01 8.17e-03 5.30e-01  -3.9 6.74e-03    -  1.00e+00 1.00e+00h  1
 298r 1.7694352e+01 8.17e-03 9.13e-01  -3.9 3.75e-03    -  1.00e+00 1.00e+00h  1
 299r 1.7694225e+01 8.17e-03 4.51e+00  -3.9 1.38e-02    -  1.00e+00 1.00e+00H  1
iter    objective    inf_pr   inf_du lg(mu)  ||d||  lg(rg) alpha_du alpha_pr  ls
 300r 1.7694065e+01 8.17e-03 9.56e+00  -3.9 1.92e-02    -  1.00e+00 1.00e+00h  1
 301r 1.7693770e+01 8.17e-03 5.76e+00  -3.9 1.14e-02    -  1.00e+00 1.00e+00h  1
 302r 1.7694189e+01 8.17e-03 4.24e+00  -3.9 2.19e-02    -  1.00e+00 1.00e+00H  1
 303r 1.7694101e+01 8.17e-03 1.30e+00  -3.9 1.39e-02    -  1.00e+00 1.00e+00h  1
 304r 1.7694149e+01 8.17e-03 4.14e+00  -3.9 1.72e-02    -  1.00e+00 1.00e+00H  1
 305r 1.7694122e+01 8.17e-03 1.20e+00  -3.9 1.52e-02    -  1.00e+00 1.00e+00h  1
 306r 1.7694133e+01 8.17e-03 1.45e+00  -3.9 3.88e-03    -  1.00e+00 5.00e-01h  2
 307r 1.7694134e+01 8.17e-03 1.28e+00  -3.9 1.57e-03    -  1.00e+00 1.25e-01h  4
 308r 1.7694135e+01 8.17e-03 1.23e+00  -3.9 4.60e-03    -  1.00e+00 3.12e-02h  6
 309r 1.7694137e+01 8.17e-03 1.18e+00  -3.9 1.29e-02    -  1.00e+00 1.56e-02h  7
iter    objective    inf_pr   inf_du lg(mu)  ||d||  lg(rg) alpha_du alpha_pr  ls
 310r 1.7694169e+01 8.17e-03 2.44e+00  -3.9 1.40e-02    -  1.00e+00 1.00e+00H  1
 311r 1.7694202e+01 8.17e-03 2.30e+00  -3.9 5.55e-03    -  1.00e+00 1.00e+00H  1
 312r 1.7694182e+01 8.17e-03 4.19e-01  -3.9 6.57e-03    -  1.00e+00 1.00e+00h  1
 313r 1.7694183e+01 8.17e-03 4.03e-01  -3.9 2.64e-03    -  1.00e+00 6.25e-02h  5
 314r 1.7694183e+01 8.17e-03 3.77e-01  -3.9 3.91e-03    -  1.00e+00 3.12e-02h  6
 315r 1.7694183e+01 8.17e-03 3.74e-01  -3.9 4.03e-03    -  1.00e+00 7.81e-03h  8
 316r 1.7694183e+01 8.17e-03 3.72e-01  -3.9 3.65e-03    -  1.00e+00 1.95e-03h 10
 317r 1.7694183e+01 8.17e-03 3.72e-01  -3.9 4.28e-03    -  1.00e+00 9.77e-04h 11
 318r 1.7694168e+01 8.17e-03 2.06e-01  -3.9 3.23e-03    -  1.00e+00 1.00e+00h  1
 319r 1.7694047e+01 8.17e-03 8.45e-01  -3.9 3.74e-03    -  1.00e+00 1.00e+00h  1
iter    objective    inf_pr   inf_du lg(mu)  ||d||  lg(rg) alpha_du alpha_pr  ls
 320r 1.7694110e+01 8.17e-03 2.00e-01  -3.9 2.79e-03    -  1.00e+00 1.00e+00h  1
 321r 1.7694097e+01 8.17e-03 7.34e-02  -3.9 1.31e-03    -  1.00e+00 1.00e+00h  1
 322r 1.7694065e+01 8.17e-03 7.09e-01  -3.9 3.88e-03    -  1.00e+00 1.00e+00h  1
 323r 1.7694031e+01 8.17e-03 4.56e-01  -3.9 2.12e-03    -  1.00e+00 1.00e+00h  1
 324r 1.7694025e+01 8.17e-03 4.06e-02  -3.9 4.36e-04    -  1.00e+00 1.00e+00h  1
 325r 1.7694024e+01 8.17e-03 2.91e-02  -3.9 1.98e-04    -  1.00e+00 1.00e+00h  1
 326r 1.7694174e+01 8.17e-03 6.30e-01  -4.0 3.20e-03    -  1.00e+00 1.00e+00f  1
 327r 1.7695271e+01 8.17e-03 5.13e+00  -4.0 2.52e-02    -  1.00e+00 1.00e+00h  1
 328r 1.7697449e+01 8.17e-03 5.63e+00  -4.1 2.15e-02    -  1.00e+00 1.00e+00h  1
 329r 1.7696105e+01 8.17e-03 2.01e+00  -4.0 1.59e-02    -  1.00e+00 1.00e+00h  1
iter    objective    inf_pr   inf_du lg(mu)  ||d||  lg(rg) alpha_du alpha_pr  ls
 330r 1.7695654e+01 8.17e-03 1.15e+00  -4.1 9.51e-03    -  1.00e+00 1.00e+00h  1
 331r 1.7696077e+01 8.17e-03 1.35e+00  -4.0 1.65e-02    -  1.00e+00 1.00e+00h  1
 332r 1.7695070e+01 8.17e-03 2.87e+00  -4.1 2.76e-02    -  1.00e+00 1.00e+00h  1
 333r 1.7696026e+01 8.17e-03 3.92e+00  -4.0 3.79e-02    -  1.00e+00 1.00e+00h  1
 334r 1.7694893e+01 8.16e-03 4.22e+00  -4.1 4.26e-02    -  1.00e+00 1.00e+00h  1
 335r 1.7695970e+01 8.17e-03 7.53e-01  -4.1 3.62e-02    -  1.00e+00 1.00e+00h  1
 336r 1.7695746e+01 8.17e-03 6.19e-01  -4.0 8.09e-03    -  1.00e+00 1.00e+00h  1
 337r 1.7694282e+01 8.18e-03 6.12e+00  -4.1 5.83e-02    -  1.00e+00 1.00e+00h  1
 338r 1.7695814e+01 8.17e-03 3.17e+00  -4.1 5.28e-02    -  1.00e+00 1.00e+00h  1
 339r 1.7696460e+01 8.16e-03 3.71e+00  -4.0 2.34e-02    -  1.00e+00 1.00e+00h  1
iter    objective    inf_pr   inf_du lg(mu)  ||d||  lg(rg) alpha_du alpha_pr  ls
 340r 1.7695370e+01 8.17e-03 2.31e+00  -4.1 3.74e-02    -  1.00e+00 1.00e+00h  1
 341r 1.7695810e+01 8.16e-03 3.78e+00  -4.1 4.57e-02    -  1.00e+00 1.00e+00h  1
 342r 1.7697046e+01 8.16e-03 1.31e+01  -4.1 1.10e-01    -  1.00e+00 9.17e-01H  1
 343r 1.7695661e+01 8.17e-03 3.38e+00  -4.1 1.03e-01    -  1.00e+00 1.00e+00F  1
 344r 1.7692584e+01 8.17e-03 1.16e+01  -4.0 8.74e-02    -  1.00e+00 1.00e+00f  1
 345r 1.7696347e+01 8.16e-03 3.71e+00  -4.1 8.27e-02    -  1.00e+00 1.00e+00h  1
 346r 1.7695197e+01 8.17e-03 2.32e+00  -4.1 1.51e-02    -  1.00e+00 1.00e+00h  1
 347r 1.7695165e+01 8.17e-03 5.56e-01  -4.1 8.57e-03    -  1.00e+00 1.00e+00h  1
 348r 1.7694986e+01 8.17e-03 6.05e-01  -4.0 2.10e-03    -  1.00e+00 1.00e+00h  1
 349r 1.7693631e+01 8.17e-03 4.27e+00  -4.1 3.85e-02    -  1.00e+00 1.00e+00f  1
iter    objective    inf_pr   inf_du lg(mu)  ||d||  lg(rg) alpha_du alpha_pr  ls
 350r 1.7694086e+01 8.17e-03 2.44e+00  -4.1 2.97e-02    -  1.00e+00 1.00e+00h  1
 351r 1.7696652e+01 8.16e-03 9.53e+00  -4.1 7.68e-02    -  1.00e+00 1.00e+00h  1
 352r 1.7694623e+01 8.17e-03 1.89e+00  -4.1 6.03e-02    -  1.00e+00 1.00e+00H  1
 353r 1.7693245e+01 8.18e-03 1.26e+01  -4.1 1.21e-01    -  1.00e+00 1.00e+00h  1
 354r 1.7695743e+01 8.15e-03 4.52e+00  -4.1 1.21e-01    -  1.00e+00 1.00e+00h  1
 355r 1.7697038e+01 8.15e-03 1.04e+01  -4.0 1.04e-01    -  1.00e+00 1.00e+00h  1
 356r 1.7694423e+01 8.16e-03 5.82e+00  -4.1 1.22e-01    -  1.00e+00 1.00e+00h  1
 357r 1.7695940e+01 8.16e-03 3.59e+00  -4.1 6.53e-02    -  1.00e+00 1.00e+00h  1
 358r 1.7697285e+01 8.15e-03 8.44e+00  -4.0 1.27e-01    -  1.00e+00 5.27e-01h  1
 359r 1.7694191e+01 8.17e-03 3.49e+00  -4.1 9.54e-02    -  1.00e+00 1.00e+00h  1
iter    objective    inf_pr   inf_du lg(mu)  ||d||  lg(rg) alpha_du alpha_pr  ls
 360r 1.7695324e+01 8.16e-03 5.78e+00  -4.0 1.06e-01    -  1.00e+00 1.00e+00h  1
 361r 1.7695777e+01 8.16e-03 1.22e+00  -4.1 7.96e-02    -  1.00e+00 1.00e+00h  1
 362r 1.7695264e+01 8.17e-03 8.36e-01  -4.1 2.22e-02    -  1.00e+00 1.00e+00h  1
 363r 1.7694663e+01 8.17e-03 2.89e+00  -4.1 3.19e-02    -  1.00e+00 1.00e+00H  1
 364r 1.7694826e+01 8.17e-03 1.17e+00  -4.0 3.26e-02    -  1.00e+00 1.00e+00f  1
 365r 1.7694191e+01 8.17e-03 1.63e+00  -4.1 2.30e-02    -  1.00e+00 1.00e+00h  1
 366r 1.7694909e+01 8.16e-03 3.30e+00  -4.1 4.46e-02    -  1.00e+00 1.00e+00h  1
 367r 1.7696409e+01 8.16e-03 7.53e+00  -4.1 7.15e-02    -  1.00e+00 1.00e+00h  1
 368r 1.7695325e+01 8.16e-03 2.37e+00  -4.1 7.49e-02    -  1.00e+00 1.00e+00h  1
 369r 1.7694954e+01 8.16e-03 5.53e+00  -4.1 2.60e-02    -  1.00e+00 1.00e+00h  1
iter    objective    inf_pr   inf_du lg(mu)  ||d||  lg(rg) alpha_du alpha_pr  ls
 370r 1.7694782e+01 8.17e-03 2.89e+00  -4.1 1.11e-02    -  1.00e+00 1.00e+00h  1
 371r 1.7694687e+01 8.17e-03 4.66e-01  -4.1 1.04e-02    -  1.00e+00 1.00e+00h  1
 372r 1.7694286e+01 8.17e-03 1.42e+00  -4.0 4.25e-03    -  1.00e+00 1.00e+00h  1
 373r 1.7693754e+01 8.17e-03 2.17e+00  -4.1 2.10e-02    -  1.00e+00 1.00e+00h  1
 374r 1.7693854e+01 8.17e-03 3.17e+00  -4.1 2.25e-02    -  1.00e+00 1.00e+00h  1
 375r 1.7695031e+01 8.16e-03 4.95e+00  -4.1 3.48e-02    -  1.00e+00 1.00e+00h  1
 376r 1.7694230e+01 8.17e-03 1.06e+00  -4.1 3.34e-02    -  1.00e+00 1.00e+00h  1
 377r 1.7694004e+01 8.17e-03 1.50e+00  -4.1 9.35e-03    -  1.00e+00 1.00e+00h  1
 378r 1.7694155e+01 8.17e-03 6.37e-01  -4.1 7.05e-03    -  1.00e+00 1.00e+00h  1
 379r 1.7693851e+01 8.17e-03 7.42e-01  -4.0 3.39e-03    -  1.00e+00 1.00e+00h  1
iter    objective    inf_pr   inf_du lg(mu)  ||d||  lg(rg) alpha_du alpha_pr  ls
 380r 1.7692404e+01 8.17e-03 6.44e+00  -4.1 6.00e-02    -  1.00e+00 1.00e+00h  1
 381r 1.7693772e+01 8.17e-03 3.18e+00  -4.1 4.83e-02    -  1.00e+00 1.00e+00h  1
 382r 1.7696672e+01 8.16e-03 1.31e+01  -4.0 8.80e-02    -  1.00e+00 1.00e+00h  1
 383r 1.7693786e+01 8.17e-03 5.36e+00  -4.1 1.18e-01    -  1.00e+00 1.00e+00h  1
 384r 1.7694193e+01 8.18e-03 7.37e+00  -4.1 1.05e-01    -  1.00e+00 1.00e+00H  1
 385r 1.7696179e+01 8.16e-03 1.65e+00  -4.1 7.86e-02    -  1.00e+00 1.00e+00h  1
 386r 1.7695107e+01 8.17e-03 1.54e+00  -4.1 1.12e-02    -  1.00e+00 1.00e+00h  1
 387r 1.7694913e+01 8.17e-03 5.69e-01  -4.1 8.78e-03    -  1.00e+00 1.00e+00h  1
 388r 1.7694472e+01 8.17e-03 9.75e-01  -4.0 4.49e-03    -  1.00e+00 1.00e+00h  1
 389r 1.7692754e+01 8.17e-03 5.47e+00  -4.1 4.16e-02    -  1.00e+00 1.00e+00h  1
iter    objective    inf_pr   inf_du lg(mu)  ||d||  lg(rg) alpha_du alpha_pr  ls
 390r 1.7693112e+01 8.17e-03 3.90e+00  -4.1 2.93e-02    -  1.00e+00 1.00e+00h  1
 391r 1.7695579e+01 8.16e-03 8.27e+00  -4.0 5.74e-02    -  1.00e+00 1.00e+00h  1
 392r 1.7694532e+01 8.17e-03 3.97e+00  -4.1 7.37e-02    -  1.00e+00 1.00e+00h  1
 393r 1.7692431e+01 8.17e-03 8.69e+00  -4.1 7.09e-02    -  1.00e+00 1.00e+00h  1
 394r 1.7696131e+01 8.16e-03 4.00e+00  -4.1 8.87e-02    -  1.00e+00 1.00e+00h  1
 395r 1.7694759e+01 8.17e-03 2.46e+00  -4.1 1.63e-02    -  1.00e+00 1.00e+00h  1
 396r 1.7694143e+01 8.17e-03 2.35e+00  -4.1 2.52e-02    -  1.00e+00 1.00e+00h  1
 397r 1.7694779e+01 8.17e-03 5.61e-01  -4.1 1.49e-02    -  1.00e+00 1.00e+00h  1
 398r 1.7694909e+01 8.16e-03 3.57e+00  -4.1 2.97e-02    -  1.00e+00 1.00e+00H  1
 399r 1.7693710e+01 8.17e-03 1.01e+00  -4.0 2.52e-02    -  1.00e+00 1.00e+00f  1
iter    objective    inf_pr   inf_du lg(mu)  ||d||  lg(rg) alpha_du alpha_pr  ls
 400r 1.7692497e+01 8.17e-03 6.96e+00  -4.1 6.58e-02    -  1.00e+00 1.00e+00h  1
 401r 1.7694575e+01 8.16e-03 1.42e+00  -4.1 6.28e-02    -  1.00e+00 1.00e+00h  1
 402r 1.7695756e+01 8.16e-03 5.97e+00  -4.0 5.04e-02    -  1.00e+00 1.00e+00h  1
 403r 1.7693563e+01 8.17e-03 5.17e+00  -4.1 9.39e-02    -  1.00e+00 1.00e+00h  1
 404r 1.7694083e+01 8.16e-03 3.87e+00  -4.1 7.48e-02    -  1.00e+00 1.00e+00h  1
 405r 1.7698397e+01 8.16e-03 2.29e+01  -4.1 1.51e-01    -  6.98e-01 1.00e+00H  1
 406r 1.7696275e+01 8.16e-03 4.46e+00  -4.1 1.48e-01    -  8.39e-01 8.81e-01h  1
 407r 1.7690690e+01 8.17e-03 1.65e+01  -4.1 1.21e-01    -  5.79e-01 1.00e+00f  1
 408r 1.7697463e+01 8.14e-03 6.30e+00  -4.1 1.22e-01    -  1.00e+00 1.00e+00h  1
 409r 1.7696165e+01 8.15e-03 7.62e+00  -4.1 6.61e-02    -  1.00e+00 5.00e-01h  2
iter    objective    inf_pr   inf_du lg(mu)  ||d||  lg(rg) alpha_du alpha_pr  ls
 410r 1.7695446e+01 8.16e-03 6.33e+00  -4.1 5.70e-02    -  1.00e+00 5.00e-01h  2
 411r 1.7695978e+01 8.17e-03 4.08e+00  -4.1 1.93e-02    -  1.00e+00 1.00e+00h  1
 412r 1.7695752e+01 8.17e-03 1.13e+00  -4.1 2.49e-02    -  1.00e+00 1.00e+00h  1
 413r 1.7695281e+01 8.17e-03 2.95e+00  -4.1 1.12e-02    -  1.00e+00 1.00e+00h  1
 414r 1.7695270e+01 8.17e-03 3.37e+00  -4.1 1.32e-02    -  1.00e+00 1.00e+00h  1
 415r 1.7695369e+01 8.17e-03 6.32e-01  -4.1 1.35e-02    -  1.00e+00 1.00e+00h  1
 416r 1.7694821e+01 8.17e-03 2.90e+00  -4.1 6.51e-03    -  1.00e+00 1.00e+00H  1
 417r 1.7694585e+01 8.17e-03 2.38e+00  -4.0 7.86e-03    -  1.00e+00 1.00e+00f  1
 418r 1.7693175e+01 8.17e-03 7.14e+00  -4.1 4.12e-02    -  1.00e+00 1.00e+00h  1
 419r 1.7693465e+01 8.17e-03 4.79e+00  -4.1 3.87e-02    -  1.00e+00 1.00e+00h  1
iter    objective    inf_pr   inf_du lg(mu)  ||d||  lg(rg) alpha_du alpha_pr  ls
 420r 1.7695646e+01 8.16e-03 6.37e+00  -4.1 7.72e-02    -  1.00e+00 1.00e+00h  1
 421r 1.7694905e+01 8.17e-03 1.61e+00  -4.1 6.86e-02    -  1.00e+00 1.00e+00h  1
 422r 1.7694830e+01 8.17e-03 2.35e+00  -4.1 2.47e-02    -  1.00e+00 8.94e-01h  1
 423r 1.7694774e+01 8.17e-03 4.92e-01  -4.1 1.92e-02    -  1.00e+00 1.00e+00h  1
 424r 1.7694658e+01 8.17e-03 1.54e-01  -4.1 9.42e-04    -  1.00e+00 1.00e+00h  1
 425r 1.7694321e+01 8.17e-03 1.03e+00  -4.0 4.37e-03    -  1.00e+00 1.00e+00f  1
 426r 1.7692805e+01 8.17e-03 5.12e+00  -4.1 3.00e-02    -  1.00e+00 1.00e+00h  1
 427r 1.7694367e+01 8.17e-03 8.96e-01  -4.1 3.24e-02    -  1.00e+00 1.00e+00h  1
 428r 1.7694772e+01 8.16e-03 3.33e+00  -4.0 3.16e-02    -  1.00e+00 1.00e+00h  1
 429r 1.7693753e+01 8.17e-03 2.06e+00  -4.1 4.03e-02    -  1.00e+00 1.00e+00h  1
iter    objective    inf_pr   inf_du lg(mu)  ||d||  lg(rg) alpha_du alpha_pr  ls
 430r 1.7694782e+01 8.17e-03 1.54e+00  -4.1 2.17e-02    -  1.00e+00 1.00e+00h  1
 431r 1.7695335e+01 8.17e-03 5.23e+00  -4.1 4.19e-02    -  1.00e+00 1.00e+00H  1
 432r 1.7694290e+01 8.17e-03 1.10e+00  -4.1 4.11e-02    -  1.00e+00 1.00e+00H  1
 433r 1.7693730e+01 8.17e-03 2.95e+00  -4.0 1.87e-02    -  1.00e+00 1.00e+00f  1
 434r 1.7693676e+01 8.17e-03 6.42e-01  -4.1 1.19e-02    -  1.00e+00 1.00e+00h  1
 435r 1.7694715e+01 8.17e-03 1.17e+00  -4.1 2.28e-02    -  1.00e+00 1.00e+00h  1
 436r 1.7695723e+01 8.17e-03 6.49e+00  -4.1 4.14e-02    -  1.00e+00 1.00e+00H  1
 437r 1.7694083e+01 8.17e-03 2.42e+00  -4.1 5.76e-02    -  1.00e+00 1.00e+00H  1
 438r 1.7693465e+01 8.17e-03 2.42e+00  -4.0 2.71e-02    -  1.00e+00 1.00e+00f  1
 439r 1.7693301e+01 8.17e-03 2.97e+00  -4.1 3.76e-02    -  1.00e+00 1.00e+00h  1
iter    objective    inf_pr   inf_du lg(mu)  ||d||  lg(rg) alpha_du alpha_pr  ls
 440r 1.7694122e+01 8.16e-03 3.43e+00  -4.1 6.01e-02    -  1.00e+00 1.00e+00h  1
 441r 1.7695828e+01 8.15e-03 1.10e+01  -4.1 6.51e-02    -  1.00e+00 1.00e+00h  1
 442r 1.7694300e+01 8.16e-03 3.09e+00  -4.1 7.61e-02    -  1.00e+00 8.14e-01h  1
 443r 1.7690895e+01 8.18e-03 8.03e+00  -4.1 5.68e-02    -  1.00e+00 1.00e+00H  1
 444r 1.7694388e+01 8.16e-03 4.54e+00  -4.1 7.37e-02    -  1.00e+00 1.00e+00h  1
 445r 1.7694315e+01 8.16e-03 2.84e+00  -4.1 4.30e-02    -  1.00e+00 5.00e-01h  2
 446r 1.7693492e+01 8.17e-03 2.34e+00  -4.0 2.57e-02    -  1.00e+00 1.00e+00h  1
 447r 1.7691848e+01 8.18e-03 8.49e+00  -4.1 6.23e-02    -  1.00e+00 1.00e+00h  1
 448r 1.7694593e+01 8.16e-03 2.67e+00  -4.1 8.55e-02    -  1.00e+00 1.00e+00h  1
 449r 1.7696636e+01 8.17e-03 2.11e+01  -4.1 1.46e-01    -  1.00e+00 1.00e+00H  1
iter    objective    inf_pr   inf_du lg(mu)  ||d||  lg(rg) alpha_du alpha_pr  ls
 450r 1.7695155e+01 8.16e-03 8.73e+00  -4.1 1.68e-01    -  1.00e+00 1.00e+00f  1
 451r 1.7695491e+01 8.16e-03 1.15e+01  -4.1 1.79e-01    -  8.99e-01 2.59e-01h  1
 452r 1.7695766e+01 8.16e-03 4.43e+00  -4.1 6.96e-02    -  1.00e+00 1.00e+00h  1
 453r 1.7691688e+01 8.18e-03 1.08e+01  -4.1 8.77e-02    -  1.00e+00 1.00e+00H  1
 454r 1.7695625e+01 8.16e-03 7.55e-01  -4.1 7.42e-02    -  1.00e+00 1.00e+00h  1
 455r 1.7695075e+01 8.17e-03 1.24e+00  -4.1 6.74e-03    -  1.00e+00 1.00e+00h  1
 456r 1.7695006e+01 8.17e-03 3.45e-01  -4.1 1.91e-03    -  1.00e+00 1.00e+00h  1
 457r 1.7694911e+01 8.17e-03 4.95e-01  -4.1 1.43e-03    -  1.00e+00 1.00e+00h  1
 458r 1.7694474e+01 8.17e-03 3.46e+00  -4.1 7.11e-03    -  1.00e+00 1.00e+00h  1
 459r 1.7694113e+01 8.17e-03 4.24e+00  -4.1 4.71e-03    -  1.00e+00 1.00e+00h  1
iter    objective    inf_pr   inf_du lg(mu)  ||d||  lg(rg) alpha_du alpha_pr  ls
 460r 1.7693802e+01 8.17e-03 1.08e+00  -4.0 4.91e-03    -  1.00e+00 1.00e+00f  1
 461r 1.7693519e+01 8.17e-03 1.21e+00  -4.1 9.33e-03    -  1.00e+00 1.00e+00h  1
 462r 1.7694004e+01 8.17e-03 6.33e-01  -4.1 1.11e-02    -  1.00e+00 1.00e+00h  1
 463r 1.7694600e+01 8.16e-03 4.22e+00  -4.1 2.52e-02    -  1.00e+00 1.00e+00H  1
 464r 1.7693891e+01 8.17e-03 1.54e+00  -4.1 1.58e-02    -  1.00e+00 1.00e+00H  1
 465r 1.7693414e+01 8.17e-03 1.19e+00  -4.0 9.24e-03    -  1.00e+00 1.00e+00f  1
 466r 1.7692962e+01 8.17e-03 1.56e+00  -4.1 1.55e-02    -  1.00e+00 1.00e+00h  1
 467r 1.7693992e+01 8.17e-03 5.55e-01  -4.1 2.27e-02    -  1.00e+00 1.00e+00h  1
 468r 1.7694229e+01 8.16e-03 5.56e+00  -4.0 3.69e-02    -  1.00e+00 1.00e+00h  1
 469r 1.7692746e+01 8.17e-03 4.81e+00  -4.1 5.84e-02    -  1.00e+00 1.00e+00h  1
iter    objective    inf_pr   inf_du lg(mu)  ||d||  lg(rg) alpha_du alpha_pr  ls
 470r 1.7695340e+01 8.16e-03 3.49e+00  -4.1 7.36e-02    -  1.00e+00 1.00e+00h  1
 471r 1.7695576e+01 8.16e-03 1.62e+00  -4.1 4.70e-02    -  1.00e+00 1.00e+00h  1
 472r 1.7694301e+01 8.17e-03 7.57e-01  -4.1 1.86e-02    -  1.00e+00 1.00e+00h  1
 473r 1.7693505e+01 8.17e-03 2.10e+00  -4.1 1.70e-02    -  1.00e+00 1.00e+00H  1
 474r 1.7694029e+01 8.16e-03 1.10e+00  -4.0 1.29e-02    -  1.00e+00 1.00e+00f  1
 475r 1.7692387e+01 8.17e-03 6.95e+00  -4.1 5.49e-02    -  1.00e+00 1.00e+00h  1
 476r 1.7693676e+01 8.16e-03 2.35e+00  -4.1 4.81e-02    -  1.00e+00 1.00e+00h  1
 477r 1.7697935e+01 8.15e-03 1.55e+01  -4.0 9.62e-02    -  1.00e+00 1.00e+00h  1
 478r 1.7692595e+01 8.17e-03 8.43e+00  -4.1 1.51e-01    -  6.57e-01 1.00e+00h  1
 479r 1.7698385e+01 8.16e-03 9.15e+00  -4.1 3.02e-01    -  5.15e-01 6.21e-01h  1
iter    objective    inf_pr   inf_du lg(mu)  ||d||  lg(rg) alpha_du alpha_pr  ls
 480r 1.7698050e+01 8.15e-03 4.54e+00  -4.1 9.64e-02    -  2.60e-02 6.07e-01h  1
 481r 1.7697003e+01 8.15e-03 5.05e+00  -4.1 9.28e-01    -  1.73e-02 4.30e-02h  2
 482r 1.7696658e+01 8.16e-03 8.69e+00  -4.1 1.00e-01    -  1.00e+00 1.00e+00h  1
 483r 1.7695919e+01 8.17e-03 3.54e+00  -4.1 3.40e-02    -  9.91e-01 1.00e+00h  1
 484r 1.7695506e+01 8.17e-03 1.85e+00  -4.1 6.94e-03    -  1.00e+00 1.00e+00h  1
 485r 1.7695328e+01 8.17e-03 1.01e+00  -4.1 2.90e-03    -  1.00e+00 1.00e+00h  1
 486r 1.7695050e+01 8.17e-03 1.31e+00  -4.1 5.84e-03    -  1.00e+00 1.00e+00H  1
 487r 1.7694440e+01 8.17e-03 3.87e+00  -4.0 1.42e-02    -  1.00e+00 1.00e+00f  1
 488r 1.7694405e+01 8.17e-03 4.14e+00  -4.1 2.03e-02    -  1.00e+00 1.00e+00h  1
 489r 1.7694420e+01 8.17e-03 2.21e+00  -4.1 1.40e-02    -  1.00e+00 1.00e+00h  1
iter    objective    inf_pr   inf_du lg(mu)  ||d||  lg(rg) alpha_du alpha_pr  ls
 490r 1.7694378e+01 8.17e-03 1.12e+00  -4.1 9.83e-03    -  1.00e+00 1.00e+00H  1
 491r 1.7694017e+01 8.17e-03 1.61e+00  -4.0 8.82e-03    -  1.00e+00 1.00e+00f  1
 492r 1.7694083e+01 8.17e-03 2.55e+00  -4.1 2.24e-02    -  1.00e+00 1.00e+00h  1
 493r 1.7694414e+01 8.17e-03 1.20e+00  -4.1 2.26e-02    -  1.00e+00 1.00e+00h  1
 494r 1.7694352e+01 8.17e-03 2.25e+00  -4.1 1.57e-02    -  1.00e+00 1.00e+00H  1
 495r 1.7694382e+01 8.17e-03 1.84e-01  -4.1 1.41e-02    -  1.00e+00 1.00e+00H  1
 496r 1.7694189e+01 8.17e-03 7.00e-01  -4.0 4.98e-03    -  1.00e+00 1.00e+00f  1
 497r 1.7694128e+01 8.17e-03 6.31e+00  -4.1 4.55e-02    -  1.00e+00 1.00e+00h  1
 498r 1.7694474e+01 8.16e-03 1.44e+00  -4.1 4.33e-02    -  1.00e+00 1.00e+00h  1
 499r 1.7694157e+01 8.17e-03 2.87e+00  -4.0 1.34e-02    -  1.00e+00 1.00e+00h  1
iter    objective    inf_pr   inf_du lg(mu)  ||d||  lg(rg) alpha_du alpha_pr  ls
 500r 1.7694322e+01 8.17e-03 3.87e+00  -4.1 4.17e-02    -  1.00e+00 1.00e+00h  1
 501r 1.7693907e+01 8.17e-03 4.76e+00  -4.0 6.09e-02    -  1.00e+00 1.00e+00h  1
 502r 1.7694448e+01 8.17e-03 1.90e+00  -4.1 4.23e-02    -  1.00e+00 1.00e+00h  1
 503r 1.7694487e+01 8.17e-03 1.03e+00  -4.1 1.89e-02    -  1.00e+00 1.00e+00h  1
 504r 1.7694623e+01 8.17e-03 2.34e+00  -4.1 1.38e-02    -  1.00e+00 1.00e+00h  1
 505r 1.7694588e+01 8.17e-03 9.15e-01  -4.1 1.46e-02    -  1.00e+00 1.00e+00h  1
 506r 1.7694158e+01 8.17e-03 9.24e-01  -4.1 7.34e-03    -  1.00e+00 1.00e+00h  1
 507r 1.7694464e+01 8.17e-03 2.76e-01  -4.1 5.53e-03    -  1.00e+00 1.00e+00h  1
 508r 1.7694420e+01 8.17e-03 1.14e-01  -4.1 1.03e-03    -  1.00e+00 1.00e+00h  1
 509r 1.7694317e+01 8.17e-03 2.50e-01  -4.1 1.61e-03    -  1.00e+00 1.00e+00H  1
iter    objective    inf_pr   inf_du lg(mu)  ||d||  lg(rg) alpha_du alpha_pr  ls
 510r 1.7694135e+01 8.17e-03 8.41e-01  -4.0 3.23e-03    -  1.00e+00 1.00e+00f  1
 511r 1.7693090e+01 8.18e-03 1.18e+01  -4.1 7.71e-02    -  1.00e+00 1.00e+00f  1
 512r 1.7695062e+01 8.17e-03 1.83e+00  -4.1 6.01e-02    -  1.00e+00 1.00e+00h  1
 513r 1.7695390e+01 8.16e-03 1.37e+01  -4.0 8.62e-02    -  1.00e+00 1.00e+00h  1
 514r 1.7694158e+01 8.17e-03 5.18e+00  -4.1 1.00e-01    -  1.00e+00 1.00e+00h  1
 515r 1.7694598e+01 8.18e-03 8.20e+00  -4.1 7.19e-02    -  1.00e+00 1.00e+00H  1
 516r 1.7695810e+01 8.16e-03 1.51e+00  -4.1 5.60e-02    -  1.00e+00 1.00e+00h  1
 517r 1.7694981e+01 8.17e-03 7.65e-01  -4.1 3.57e-03    -  1.00e+00 1.00e+00h  1
 518r 1.7694968e+01 8.17e-03 3.40e-01  -4.1 1.57e-03    -  1.00e+00 1.00e+00h  1
 519r 1.7694951e+01 8.17e-03 3.71e-01  -4.1 2.42e-03    -  1.00e+00 1.00e+00h  1
iter    objective    inf_pr   inf_du lg(mu)  ||d||  lg(rg) alpha_du alpha_pr  ls
 520r 1.7694777e+01 8.17e-03 1.55e+00  -4.1 8.87e-03    -  1.00e+00 1.00e+00h  1
 521r 1.7694164e+01 8.17e-03 2.09e+00  -4.1 7.77e-03    -  1.00e+00 1.00e+00H  1
 522r 1.7694564e+01 8.17e-03 6.54e-01  -4.1 1.30e-02    -  1.00e+00 1.00e+00H  1
 523r 1.7694016e+01 8.17e-03 9.78e-01  -4.0 7.05e-03    -  1.00e+00 1.00e+00f  1
 524r 1.7695478e+01 8.17e-03 5.49e+00  -4.1 5.30e-02    -  1.00e+00 1.00e+00h  1
 525r 1.7694534e+01 8.17e-03 4.66e+00  -4.1 2.24e-02    -  1.00e+00 1.00e+00h  1
 526r 1.7693596e+01 8.17e-03 4.83e+00  -4.1 5.19e-02    -  1.00e+00 1.00e+00h  1
 527r 1.7692838e+01 8.16e-03 9.23e+00  -4.1 5.38e-02    -  1.00e+00 1.00e+00h  1
 528r 1.7694759e+01 8.17e-03 5.00e+00  -4.1 7.89e-02    -  1.00e+00 1.00e+00h  1
 529r 1.7694918e+01 8.18e-03 4.05e+00  -4.1 3.58e-02    -  1.00e+00 1.00e+00H  1
iter    objective    inf_pr   inf_du lg(mu)  ||d||  lg(rg) alpha_du alpha_pr  ls
 530r 1.7694411e+01 8.16e-03 1.77e+00  -4.1 4.72e-02    -  1.00e+00 1.00e+00h  1
 531r 1.7694237e+01 8.17e-03 5.38e-01  -4.1 8.66e-03    -  1.00e+00 1.00e+00h  1
 532r 1.7694475e+01 8.17e-03 2.43e+00  -4.1 1.36e-02    -  1.00e+00 1.00e+00H  1
 533r 1.7694103e+01 8.17e-03 6.02e-01  -4.1 1.45e-02    -  1.00e+00 1.00e+00h  1
 534r 1.7694084e+01 8.17e-03 7.03e-01  -4.1 5.67e-03    -  1.00e+00 5.00e-01h  2
 535r 1.7694156e+01 8.17e-03 1.43e-01  -4.1 2.42e-03    -  1.00e+00 1.00e+00h  1
 536r 1.7694154e+01 8.17e-03 1.22e-01  -4.1 1.14e-03    -  1.00e+00 1.25e-01h  4
 537r 1.7694147e+01 8.17e-03 1.08e-01  -4.1 8.08e-04    -  1.00e+00 1.25e-01h  4
 538r 1.7694144e+01 8.17e-03 1.06e-01  -4.1 1.36e-03    -  1.00e+00 1.56e-02h  7
 539r 1.7694143e+01 8.17e-03 1.06e-01  -4.1 2.27e-03    -  1.00e+00 3.91e-03h  9
iter    objective    inf_pr   inf_du lg(mu)  ||d||  lg(rg) alpha_du alpha_pr  ls
 540r 1.7693671e+01 8.17e-03 5.43e-01  -4.1 3.99e-03    -  1.00e+00 1.00e+00H  1
 541r 1.7693449e+01 8.17e-03 8.17e-01  -4.1 3.21e-03    -  1.00e+00 1.00e+00H  1
 542r 1.7693652e+01 8.17e-03 7.93e-01  -4.0 4.11e-03    -  1.00e+00 1.00e+00f  1
 543r 1.7693619e+01 8.17e-03 1.62e+00  -4.1 1.40e-02    -  1.00e+00 1.00e+00f  1
 544r 1.7693553e+01 8.17e-03 4.63e-01  -4.1 1.28e-02    -  1.00e+00 1.00e+00h  1
 545r 1.7693143e+01 8.16e-03 1.78e+00  -4.1 1.38e-02    -  1.00e+00 1.00e+00H  1
 546r 1.7693538e+01 8.17e-03 6.67e-01  -4.0 1.19e-02    -  1.00e+00 1.00e+00f  1
 547r 1.7694143e+01 8.17e-03 3.02e+00  -4.1 3.32e-02    -  1.00e+00 1.00e+00h  1
 548r 1.7693622e+01 8.17e-03 5.48e-01  -4.1 3.46e-02    -  1.00e+00 1.00e+00h  1
 549r 1.7693491e+01 8.17e-03 1.08e+00  -4.1 1.39e-02    -  1.00e+00 1.00e+00h  1
iter    objective    inf_pr   inf_du lg(mu)  ||d||  lg(rg) alpha_du alpha_pr  ls
 550r 1.7693669e+01 8.17e-03 9.85e-02  -4.1 1.37e-02    -  1.00e+00 1.00e+00h  1
 551r 1.7693622e+01 8.17e-03 6.98e-02  -4.1 1.33e-03    -  1.00e+00 1.00e+00h  1
 552r 1.7693558e+01 8.17e-03 4.99e-01  -4.1 3.89e-03    -  1.00e+00 1.00e+00H  1
 553r 1.7693611e+01 8.17e-03 4.50e-01  -4.1 2.97e-03    -  1.00e+00 1.00e+00H  1
 554r 1.7693638e+01 8.17e-03 1.63e-01  -4.1 4.58e-03    -  1.00e+00 1.00e+00H  1
 555r 1.7693617e+01 8.17e-03 1.59e-01  -4.1 1.53e-03    -  1.00e+00 1.00e+00H  1
 556r 1.7693534e+01 8.17e-03 7.19e-01  -4.0 3.98e-03    -  1.00e+00 1.00e+00f  1
 557r 1.7694118e+01 8.18e-03 8.28e+00  -4.1 8.00e-02    -  1.00e+00 1.00e+00f  1
 558r 1.7694722e+01 8.17e-03 3.24e+00  -4.1 5.38e-02    -  1.00e+00 1.00e+00h  1
 559r 1.7696976e+01 8.15e-03 1.10e+01  -4.1 1.30e-01    -  1.00e+00 1.00e+00h  1
iter    objective    inf_pr   inf_du lg(mu)  ||d||  lg(rg) alpha_du alpha_pr  ls
 560r 1.7695787e+01 8.16e-03 6.39e+00  -4.1 5.41e-02    -  1.00e+00 1.00e+00h  1
 561r 1.7695486e+01 8.17e-03 8.12e+00  -4.1 7.06e-02    -  9.91e-01 1.00e+00h  1
 562r 1.7695760e+01 8.17e-03 6.53e+00  -4.1 5.12e-02    -  1.00e+00 3.99e-01h  1
 563r 1.7695354e+01 8.17e-03 2.12e+00  -4.1 4.22e-02    -  1.00e+00 1.00e+00h  1
 564r 1.7693948e+01 8.17e-03 2.98e+00  -4.1 2.58e-02    -  1.00e+00 1.00e+00h  1
 565r 1.7694898e+01 8.17e-03 5.02e-01  -4.1 1.42e-02    -  1.00e+00 1.00e+00h  1
 566r 1.7694911e+01 8.17e-03 2.32e-01  -4.1 2.53e-03    -  1.00e+00 1.00e+00h  1
 567r 1.7694883e+01 8.17e-03 9.42e-02  -4.1 9.55e-04    -  1.00e+00 1.00e+00h  1
 568r 1.7694689e+01 8.17e-03 2.90e-01  -4.1 1.79e-03    -  1.00e+00 1.00e+00h  1
 569r 1.7694152e+01 8.17e-03 7.65e-01  -4.1 3.90e-03    -  1.00e+00 1.00e+00h  1
iter    objective    inf_pr   inf_du lg(mu)  ||d||  lg(rg) alpha_du alpha_pr  ls
 570r 1.7693139e+01 8.17e-03 1.52e+00  -4.1 6.31e-03    -  1.00e+00 1.00e+00h  1
 571r 1.7693985e+01 8.17e-03 2.49e-01  -4.1 5.17e-03    -  1.00e+00 1.00e+00h  1
 572r 1.7694186e+01 8.17e-03 4.55e-01  -4.1 5.01e-03    -  1.00e+00 1.00e+00h  1
 573r 1.7693651e+01 8.17e-03 2.28e-01  -4.1 5.29e-03    -  1.00e+00 1.00e+00h  1
 574r 1.7693762e+01 8.17e-03 6.79e-02  -4.1 8.16e-04    -  1.00e+00 1.00e+00h  1
 575r 1.7693884e+01 8.17e-03 1.96e-01  -4.1 1.15e-03    -  1.00e+00 1.00e+00H  1
 576r 1.7693747e+01 8.17e-03 9.02e-02  -4.1 8.62e-04    -  1.00e+00 1.00e+00H  1
 577r 1.7693526e+01 8.17e-03 3.41e-01  -4.1 1.37e-03    -  1.00e+00 1.00e+00H  1
 578r 1.7693619e+01 8.17e-03 1.98e-01  -4.1 8.91e-04    -  1.00e+00 1.00e+00H  1
 579r 1.7693724e+01 8.17e-03 9.88e-02  -4.1 7.50e-04    -  1.00e+00 1.00e+00H  1
iter    objective    inf_pr   inf_du lg(mu)  ||d||  lg(rg) alpha_du alpha_pr  ls
 580r 1.7693673e+01 8.17e-03 7.64e-02  -4.1 5.08e-04    -  1.00e+00 1.00e+00H  1
 581r 1.7693303e+01 8.17e-03 8.16e-01  -4.0 3.73e-03    -  1.00e+00 1.00e+00f  1
 582r 1.7695192e+01 8.17e-03 2.70e+00  -4.1 2.11e-02    -  1.00e+00 1.00e+00f  1
 583r 1.7694561e+01 8.17e-03 1.01e+00  -4.1 1.32e-02    -  1.00e+00 1.00e+00h  1
 584r 1.7692385e+01 8.16e-03 2.98e+00  -4.1 1.79e-02    -  1.00e+00 1.00e+00H  1
 585r 1.7692655e+01 8.17e-03 1.19e+00  -4.0 1.03e-02    -  1.00e+00 1.00e+00f  1
 586r 1.7696430e+01 8.17e-03 3.78e+00  -4.1 3.49e-02    -  1.00e+00 1.00e+00h  1
 587r 1.7695453e+01 8.17e-03 3.92e+00  -4.1 2.02e-02    -  1.00e+00 1.00e+00h  1
 588r 1.7691472e+01 8.16e-03 4.22e+00  -4.1 3.77e-02    -  1.00e+00 1.00e+00H  1
 589r 1.7692674e+01 8.16e-03 5.36e+00  -4.1 2.26e-02    -  1.00e+00 1.00e+00h  1
iter    objective    inf_pr   inf_du lg(mu)  ||d||  lg(rg) alpha_du alpha_pr  ls
 590r 1.7695342e+01 8.17e-03 2.46e+00  -4.1 2.24e-02    -  1.00e+00 1.00e+00h  1
 591r 1.7693748e+01 8.17e-03 1.60e+00  -4.0 1.81e-02    -  1.00e+00 1.00e+00h  1
 592r 1.7696802e+01 8.17e-03 2.60e+00  -4.1 3.35e-02    -  1.00e+00 1.00e+00h  1
 593r 1.7690533e+01 8.16e-03 6.49e+00  -4.1 5.35e-02    -  1.00e+00 1.00e+00H  1
 594r 1.7693287e+01 8.16e-03 3.03e+00  -4.1 2.37e-02    -  1.00e+00 1.00e+00h  1
 595r 1.7694784e+01 8.17e-03 1.74e+00  -4.1 2.93e-02    -  1.00e+00 1.00e+00h  1
 596r 1.7693827e+01 8.17e-03 1.46e+00  -4.1 1.09e-02    -  1.00e+00 1.00e+00h  1
 597r 1.7693597e+01 8.17e-03 3.17e-01  -4.1 6.00e-03    -  1.00e+00 1.00e+00h  1
 598r 1.7693960e+01 8.17e-03 1.28e-01  -4.1 3.05e-03    -  1.00e+00 1.00e+00h  1
 599r 1.7693979e+01 8.17e-03 3.75e-01  -4.1 1.88e-03    -  1.00e+00 1.00e+00h  1
iter    objective    inf_pr   inf_du lg(mu)  ||d||  lg(rg) alpha_du alpha_pr  ls
 600r 1.7693793e+01 8.17e-03 1.12e-01  -4.1 1.92e-03    -  1.00e+00 1.00e+00h  1
 601r 1.7693810e+01 8.17e-03 9.84e-02  -4.1 6.94e-04    -  1.00e+00 1.00e+00h  1
 602r 1.7693804e+01 8.17e-03 8.52e-02  -4.1 3.64e-04    -  1.00e+00 1.00e+00h  1
 603r 1.7693788e+01 8.17e-03 4.19e-02  -4.1 1.56e-04    -  1.00e+00 1.00e+00h  1
 604r 1.7693741e+01 8.17e-03 1.00e-01  -4.1 4.58e-04    -  1.00e+00 1.00e+00h  1
 605r 1.7693377e+01 8.17e-03 8.98e-01  -4.1 3.65e-03    -  1.00e+00 1.00e+00H  1
 606r 1.7693439e+01 8.17e-03 6.03e-01  -4.1 1.62e-03    -  1.00e+00 1.00e+00h  1
 607r 1.7693511e+01 8.17e-03 1.94e-01  -4.1 1.55e-03    -  1.00e+00 5.00e-01h  2
 608r 1.7693510e+01 8.17e-03 1.88e-01  -4.1 9.61e-04    -  1.00e+00 3.12e-02h  6
 609r 1.7693510e+01 8.17e-03 1.88e-01  -4.1 6.96e-04    -  1.00e+00 3.91e-03h  9
iter    objective    inf_pr   inf_du lg(mu)  ||d||  lg(rg) alpha_du alpha_pr  ls
 610r 1.7693510e+01 8.17e-03 1.87e-01  -4.1 6.88e-04    -  1.00e+00 9.77e-04h 11
 611r 1.7693510e+01 8.17e-03 1.87e-01  -4.1 1.26e-03    -  1.00e+00 2.44e-04h 13
 612r 1.7693498e+01 8.17e-03 5.49e-02  -4.1 8.03e-04    -  1.00e+00 1.00e+00h  1
 613r 1.7693494e+01 8.17e-03 7.05e-02  -4.1 5.41e-04    -  1.00e+00 1.00e+00h  1
 614r 1.7693500e+01 8.17e-03 1.61e-02  -4.1 3.56e-04    -  1.00e+00 1.00e+00h  1
 615r 1.7693503e+01 8.17e-03 1.56e-02  -4.1 7.87e-05    -  1.00e+00 1.00e+00h  1
 616r 1.7693519e+01 8.17e-03 1.16e-01  -4.1 4.98e-04    -  1.00e+00 1.00e+00H  1
 617r 1.7693545e+01 8.17e-03 1.32e-01  -4.1 7.83e-04    -  1.00e+00 1.00e+00H  1
 618r 1.7693535e+01 8.17e-03 6.25e-02  -4.1 6.13e-04    -  1.00e+00 1.00e+00H  1
 619r 1.7693372e+01 8.17e-03 7.10e-01  -4.0 3.07e-03    -  1.00e+00 1.00e+00f  1
iter    objective    inf_pr   inf_du lg(mu)  ||d||  lg(rg) alpha_du alpha_pr  ls
 620r 1.7694494e+01 8.17e-03 4.51e+00  -4.1 3.44e-02    -  1.00e+00 1.00e+00f  1
 621r 1.7694466e+01 8.17e-03 3.81e+00  -4.1 1.56e-02    -  1.00e+00 1.00e+00h  1
 622r 1.7693123e+01 8.17e-03 4.26e+00  -4.1 3.54e-02    -  1.00e+00 1.00e+00H  1
 623r 1.7693710e+01 8.17e-03 2.31e+00  -4.1 2.15e-02    -  1.00e+00 1.00e+00H  1
 624r 1.7693503e+01 8.17e-03 7.80e-01  -4.1 1.78e-02    -  1.00e+00 1.00e+00h  1
 625r 1.7693504e+01 8.17e-03 2.00e-01  -4.1 2.32e-03    -  1.00e+00 1.00e+00h  1
 626r 1.7693703e+01 8.17e-03 1.09e+00  -4.1 3.98e-03    -  1.00e+00 1.00e+00H  1
 627r 1.7693806e+01 8.17e-03 9.55e-01  -4.1 2.78e-03    -  1.00e+00 1.00e+00H  1
 628r 1.7693625e+01 8.17e-03 2.72e-01  -4.1 3.94e-03    -  1.00e+00 1.00e+00h  1
 629r 1.7693629e+01 8.17e-03 2.77e-01  -4.1 1.52e-03    -  1.00e+00 1.25e-01h  4
iter    objective    inf_pr   inf_du lg(mu)  ||d||  lg(rg) alpha_du alpha_pr  ls
 630r 1.7693631e+01 8.17e-03 2.69e-01  -4.1 1.23e-03    -  1.00e+00 3.12e-02h  6
 631r 1.7693631e+01 8.17e-03 2.69e-01  -4.1 1.88e-03    -  1.00e+00 4.88e-04h 12
 632r 1.7693822e+01 8.17e-03 1.00e+00  -4.1 5.91e-03    -  1.00e+00 1.00e+00H  1
 633r 1.7693659e+01 8.17e-03 8.21e-01  -4.1 4.54e-03    -  1.00e+00 1.00e+00H  1
 634r 1.7693635e+01 8.17e-03 5.82e-01  -4.1 6.90e-03    -  1.00e+00 1.00e+00H  1
 635r 1.7693626e+01 8.17e-03 6.36e-01  -4.1 3.22e-03    -  1.00e+00 1.00e+00H  1
 636r 1.7693660e+01 8.17e-03 3.75e-01  -4.1 4.48e-03    -  1.00e+00 1.00e+00h  1
 637r 1.7693654e+01 8.17e-03 3.23e-01  -4.1 1.36e-03    -  1.00e+00 1.25e-01h  4
 638r 1.7693652e+01 8.17e-03 3.07e-01  -4.1 1.70e-03    -  1.00e+00 3.12e-02h  6
 639r 1.7693650e+01 8.17e-03 2.99e-01  -4.1 1.54e-03    -  1.00e+00 1.56e-02h  7
iter    objective    inf_pr   inf_du lg(mu)  ||d||  lg(rg) alpha_du alpha_pr  ls
 640r 1.7693650e+01 8.17e-03 2.96e-01  -4.1 7.74e-04    -  1.00e+00 7.81e-03h  8
 641r 1.7693650e+01 8.17e-03 2.94e-01  -4.1 9.62e-04    -  1.00e+00 3.91e-03h  9
 642r 1.7693545e+01 8.17e-03 2.61e-01  -4.1 2.42e-03    -  1.00e+00 1.00e+00h  1
 643r 1.7693587e+01 8.17e-03 7.30e-02  -4.1 1.64e-03    -  1.00e+00 1.00e+00h  1
 644r 1.7693604e+01 8.17e-03 6.69e-02  -4.1 5.37e-04    -  1.00e+00 1.00e+00h  1
 645r 1.7693595e+01 8.17e-03 1.76e-02  -4.1 3.00e-04    -  1.00e+00 1.00e+00h  1
 646r 1.7693593e+01 8.17e-03 8.39e-03  -4.1 9.12e-05    -  1.00e+00 1.00e+00h  1
 647r 1.7693592e+01 8.17e-03 3.63e-03  -4.1 1.86e-05    -  1.00e+00 1.00e+00h  1
 648r 1.7694510e+01 8.16e-03 3.12e+00  -6.1 1.59e-02    -  8.71e-01 8.72e-01f  1
 649r 1.7699249e+01 1.05e-02 6.74e+01  -4.3 4.21e-01    -  1.00e+00 7.09e-01f  1
iter    objective    inf_pr   inf_du lg(mu)  ||d||  lg(rg) alpha_du alpha_pr  ls
 650r 1.7701138e+01 8.12e-03 5.08e+01  -4.5 2.02e-01    -  5.82e-01 4.73e-01h  1
 651r 1.7700915e+01 8.12e-03 1.97e+01  -4.5 2.72e-01    -  1.38e-01 3.48e-01h  1
 652r 1.7696257e+01 8.14e-03 1.52e+01  -4.5 1.83e-01    -  9.22e-01 5.35e-01h  1
 653r 1.7690613e+01 8.15e-03 1.92e+01  -4.5 6.58e-02    -  1.00e+00 1.00e+00h  1
 654r 1.7694220e+01 8.15e-03 4.18e+00  -4.5 6.74e-02    -  4.93e-01 1.00e+00h  1
 655r 1.7692722e+01 8.15e-03 2.48e+00  -4.5 4.18e-02    -  1.00e+00 1.00e+00h  1
 656r 1.7692497e+01 8.15e-03 1.77e+00  -4.5 2.54e-02    -  1.00e+00 1.00e+00h  1
 657r 1.7692389e+01 8.15e-03 3.72e-01  -4.5 5.51e-03    -  1.00e+00 1.00e+00h  1
 658r 1.7689126e+01 8.15e-03 6.05e+00  -4.0 3.65e-02    -  1.00e+00 1.00e+00f  1
 659r 1.7681705e+01 9.32e-03 8.72e+01  -4.1 3.79e-01    -  4.93e-01 1.00e+00h  1
iter    objective    inf_pr   inf_du lg(mu)  ||d||  lg(rg) alpha_du alpha_pr  ls
 660r 1.7694609e+01 1.14e-02 2.85e+01  -4.1 2.30e-01    -  7.10e-01 1.00e+00h  1
 661r 1.7699494e+01 8.66e-03 1.38e+01  -4.1 3.99e-01    -  5.61e-01 2.58e-01h  1
 662r 1.7700182e+01 8.10e-03 1.32e+01  -4.1 2.22e-01    -  6.75e-01 1.77e-01h  1
 663r 1.7697012e+01 8.14e-03 9.68e+00  -4.1 9.32e-02    -  1.00e+00 7.95e-01h  1
 664r 1.7696392e+01 8.16e-03 3.03e+00  -4.1 2.51e-02    -  1.00e+00 1.00e+00h  1
 665r 1.7695766e+01 8.17e-03 1.45e+00  -4.1 1.47e-02    -  1.00e+00 1.00e+00h  1
 666r 1.7695220e+01 8.17e-03 1.34e+00  -4.1 1.10e-02    -  1.00e+00 1.00e+00h  1
 667r 1.7694432e+01 8.16e-03 4.00e+00  -4.1 2.26e-02    -  1.00e+00 1.00e+00h  1
 668r 1.7694182e+01 8.16e-03 4.31e+00  -4.1 1.48e-02    -  1.00e+00 1.00e+00h  1
 669r 1.7694235e+01 8.16e-03 1.80e+00  -4.1 8.63e-03    -  1.00e+00 1.00e+00h  1
iter    objective    inf_pr   inf_du lg(mu)  ||d||  lg(rg) alpha_du alpha_pr  ls
 670r 1.7694081e+01 8.16e-03 7.67e-01  -4.1 3.60e-03    -  1.00e+00 1.00e+00h  1
 671r 1.7693743e+01 8.16e-03 2.67e+00  -4.1 1.05e-02    -  1.00e+00 1.00e+00h  1
 672r 1.7693140e+01 8.16e-03 1.31e+01  -4.1 3.58e-02    -  1.00e+00 1.00e+00h  1
 673r 1.7693587e+01 8.16e-03 9.11e+00  -4.1 1.45e-02    -  1.00e+00 1.00e+00h  1
 674r 1.7693901e+01 8.16e-03 1.98e+00  -4.1 2.27e-02    -  1.00e+00 1.00e+00h  1
 675r 1.7693484e+01 8.16e-03 1.38e+00  -4.1 1.23e-02    -  1.00e+00 1.00e+00h  1
 676r 1.7693038e+01 8.16e-03 9.49e+00  -4.1 2.12e-02    -  1.00e+00 1.00e+00h  1
 677r 1.7693216e+01 8.16e-03 7.58e+00  -4.1 1.04e-02    -  1.00e+00 1.00e+00h  1
 678r 1.7693381e+01 8.16e-03 3.88e+00  -4.1 1.70e-02    -  1.00e+00 1.00e+00h  1
 679r 1.7693269e+01 8.16e-03 2.57e+00  -4.1 1.28e-02    -  1.00e+00 1.00e+00H  1
iter    objective    inf_pr   inf_du lg(mu)  ||d||  lg(rg) alpha_du alpha_pr  ls
 680r 1.7693227e+01 8.16e-03 8.34e-01  -4.0 9.06e-03    -  1.00e+00 1.00e+00f  1
 681r 1.7692924e+01 8.16e-03 2.60e+00  -4.1 1.31e-02    -  1.00e+00 1.00e+00h  1
 682r 1.7693247e+01 8.16e-03 2.95e+00  -4.1 1.91e-02    -  1.00e+00 1.00e+00h  1
 683r 1.7693438e+01 8.16e-03 2.74e+00  -4.1 8.14e-03    -  1.00e+00 5.00e-01h  2
 684r 1.7693360e+01 8.16e-03 1.70e+00  -4.1 1.15e-02    -  1.00e+00 1.00e+00h  1
 685r 1.7693514e+01 8.16e-03 2.05e+00  -4.1 8.23e-03    -  1.00e+00 1.00e+00h  1
 686r 1.7693509e+01 8.16e-03 4.78e-01  -4.1 9.40e-03    -  1.00e+00 5.00e-01h  2
 687r 1.7693520e+01 8.16e-03 9.46e-01  -4.1 4.94e-03    -  1.00e+00 1.00e+00h  1
 688r 1.7693334e+01 8.16e-03 6.93e-01  -4.0 3.19e-03    -  1.00e+00 1.00e+00f  1
 689r 1.7692724e+01 8.17e-03 5.14e+00  -4.1 2.40e-02    -  1.00e+00 1.00e+00f  1
iter    objective    inf_pr   inf_du lg(mu)  ||d||  lg(rg) alpha_du alpha_pr  ls
 690r 1.7693284e+01 8.16e-03 7.25e-01  -4.1 2.19e-02    -  1.00e+00 1.00e+00h  1
 691r 1.7694265e+01 8.16e-03 6.00e+00  -4.1 2.05e-02    -  1.00e+00 1.00e+00H  1
 692r 1.7693192e+01 8.16e-03 1.47e+00  -4.0 2.28e-02    -  1.00e+00 1.00e+00f  1
 693r 1.7692773e+01 8.17e-03 3.70e+00  -4.1 3.06e-02    -  1.00e+00 1.00e+00h  1
 694r 1.7693840e+01 8.16e-03 3.10e+00  -4.1 3.23e-02    -  1.00e+00 1.00e+00h  1
 695r 1.7694102e+01 8.17e-03 8.64e+00  -4.1 4.47e-02    -  1.00e+00 1.00e+00H  1
 696r 1.7694048e+01 8.16e-03 3.26e+00  -4.1 4.83e-02    -  1.00e+00 1.00e+00h  1
 697r 1.7693917e+01 8.16e-03 1.26e+00  -4.1 1.16e-02    -  1.00e+00 1.00e+00h  1
 698r 1.7693995e+01 8.16e-03 2.88e+00  -4.1 8.66e-03    -  1.00e+00 1.00e+00H  1
 699r 1.7693610e+01 8.16e-03 8.61e-01  -4.0 9.04e-03    -  1.00e+00 1.00e+00f  1
iter    objective    inf_pr   inf_du lg(mu)  ||d||  lg(rg) alpha_du alpha_pr  ls
 700r 1.7692302e+01 8.17e-03 7.14e+00  -4.1 3.74e-02    -  1.00e+00 1.00e+00h  1
 701r 1.7693656e+01 8.16e-03 1.70e+00  -4.1 3.55e-02    -  1.00e+00 1.00e+00h  1
 702r 1.7694227e+01 8.16e-03 5.08e+00  -4.1 4.28e-02    -  1.00e+00 1.00e+00H  1
 703r 1.7693766e+01 8.16e-03 1.16e+00  -4.1 3.49e-02    -  1.00e+00 1.00e+00h  1
 704r 1.7693734e+01 8.16e-03 3.86e-01  -4.1 3.08e-03    -  1.00e+00 1.00e+00h  1
 705r 1.7693822e+01 8.16e-03 4.07e-01  -4.1 2.07e-03    -  1.00e+00 1.00e+00h  1
 706r 1.7693604e+01 8.16e-03 7.49e-01  -4.0 3.77e-03    -  1.00e+00 1.00e+00f  1
 707r 1.7691937e+01 8.17e-03 8.20e+00  -4.1 4.75e-02    -  1.00e+00 1.00e+00f  1
 708r 1.7694009e+01 8.16e-03 1.24e+00  -4.1 4.78e-02    -  1.00e+00 1.00e+00h  1
 709r 1.7695226e+01 8.16e-03 8.56e+00  -4.1 3.84e-02    -  1.00e+00 1.00e+00h  1
iter    objective    inf_pr   inf_du lg(mu)  ||d||  lg(rg) alpha_du alpha_pr  ls
 710r 1.7693822e+01 8.16e-03 3.11e+00  -4.1 3.63e-02    -  1.00e+00 1.00e+00h  1
 711r 1.7694060e+01 8.16e-03 2.49e+00  -4.1 4.27e-02    -  1.00e+00 1.00e+00h  1
 712r 1.7694254e+01 8.16e-03 8.10e-01  -4.1 3.76e-02    -  1.00e+00 1.00e+00h  1
 713r 1.7694126e+01 8.16e-03 2.35e-01  -4.1 1.47e-03    -  1.00e+00 1.00e+00h  1
 714r 1.7693909e+01 8.16e-03 5.53e-01  -4.0 3.64e-03    -  1.00e+00 1.00e+00f  1
 715r 1.7692408e+01 8.17e-03 4.88e+00  -4.1 2.66e-02    -  1.00e+00 1.00e+00f  1
 716r 1.7694003e+01 8.16e-03 8.29e-01  -4.1 2.83e-02    -  1.00e+00 1.00e+00h  1
 717r 1.7694410e+01 8.16e-03 3.81e+00  -4.1 1.94e-02    -  1.00e+00 1.00e+00H  1
 718r 1.7694174e+01 8.16e-03 1.90e-01  -4.1 1.67e-02    -  1.00e+00 1.00e+00h  1
 719r 1.7694084e+01 8.16e-03 1.20e-01  -4.1 8.95e-04    -  1.00e+00 1.00e+00h  1
iter    objective    inf_pr   inf_du lg(mu)  ||d||  lg(rg) alpha_du alpha_pr  ls
 720r 1.7693749e+01 8.16e-03 6.13e-01  -4.0 5.61e-03    -  1.00e+00 1.00e+00f  1
 721r 1.7692279e+01 8.17e-03 9.71e+00  -4.1 7.05e-02    -  1.00e+00 1.00e+00h  1
 722r 1.7695098e+01 8.16e-03 1.90e+00  -4.1 6.19e-02    -  1.00e+00 1.00e+00h  1
 723r 1.7696510e+01 8.17e-03 1.95e+01  -4.1 9.60e-02    -  1.00e+00 1.00e+00H  1
 724r 1.7695545e+01 8.16e-03 2.72e+00  -4.1 8.37e-02    -  1.00e+00 1.00e+00h  1
 725r 1.7694693e+01 8.16e-03 2.93e+00  -4.1 2.41e-02    -  1.00e+00 1.00e+00h  1
 726r 1.7695068e+01 8.16e-03 8.53e-01  -4.1 1.38e-02    -  1.00e+00 1.00e+00h  1
 727r 1.7694839e+01 8.16e-03 5.17e-01  -4.1 2.76e-03    -  1.00e+00 1.00e+00h  1
 728r 1.7694053e+01 8.16e-03 2.37e+00  -4.1 6.87e-03    -  1.00e+00 1.00e+00h  1
 729r 1.7694277e+01 8.16e-03 8.65e-01  -4.1 4.28e-03    -  1.00e+00 1.00e+00h  1
iter    objective    inf_pr   inf_du lg(mu)  ||d||  lg(rg) alpha_du alpha_pr  ls
 730r 1.7694507e+01 8.16e-03 6.59e-01  -4.1 7.35e-03    -  1.00e+00 1.00e+00H  1
 731r 1.7693888e+01 8.16e-03 9.06e-01  -4.0 8.37e-03    -  1.00e+00 1.00e+00f  1
 732r 1.7691244e+01 8.17e-03 9.00e+00  -4.1 4.53e-02    -  1.00e+00 1.00e+00h  1
 733r 1.7694974e+01 8.16e-03 2.50e+00  -4.1 4.60e-02    -  1.00e+00 1.00e+00h  1
 734r 1.7695226e+01 8.17e-03 2.75e+00  -4.1 3.02e-02    -  1.00e+00 1.00e+00H  1
 735r 1.7694306e+01 8.16e-03 1.06e+00  -4.1 2.83e-02    -  1.00e+00 1.00e+00h  1
 736r 1.7694595e+01 8.16e-03 5.93e-01  -4.1 8.09e-03    -  1.00e+00 1.00e+00h  1
 737r 1.7694275e+01 8.16e-03 1.55e+00  -4.0 1.11e-02    -  1.00e+00 1.00e+00h  1
 738r 1.7692659e+01 8.17e-03 4.59e+00  -4.1 3.98e-02    -  1.00e+00 1.00e+00h  1
 739r 1.7693560e+01 8.16e-03 4.21e+00  -4.1 3.55e-02    -  1.00e+00 1.00e+00h  1
iter    objective    inf_pr   inf_du lg(mu)  ||d||  lg(rg) alpha_du alpha_pr  ls
 740r 1.7695609e+01 8.16e-03 4.80e+00  -4.1 4.17e-02    -  1.00e+00 1.00e+00H  1
 741r 1.7694145e+01 8.16e-03 2.10e+00  -4.1 3.66e-02    -  1.00e+00 1.00e+00h  1
 742r 1.7692774e+01 8.17e-03 5.01e+00  -4.1 2.95e-02    -  1.00e+00 1.00e+00H  1
 743r 1.7694725e+01 8.16e-03 1.96e+00  -4.1 3.85e-02    -  1.00e+00 1.00e+00h  1
 744r 1.7695479e+01 8.16e-03 8.27e+00  -4.1 4.81e-02    -  1.00e+00 1.00e+00H  1
 745r 1.7693903e+01 8.16e-03 2.44e+00  -4.1 5.22e-02    -  1.00e+00 1.00e+00h  1
 746r 1.7693961e+01 8.16e-03 1.41e+00  -4.1 1.12e-02    -  1.00e+00 5.00e-01h  2
 747r 1.7694254e+01 8.16e-03 1.27e+00  -4.1 1.04e-02    -  1.00e+00 1.00e+00h  1
 748r 1.7694314e+01 8.16e-03 1.18e+00  -4.1 7.43e-03    -  1.00e+00 1.00e+00h  1
 749r 1.7694248e+01 8.16e-03 8.26e-01  -4.1 7.57e-03    -  1.00e+00 2.50e-01h  3
iter    objective    inf_pr   inf_du lg(mu)  ||d||  lg(rg) alpha_du alpha_pr  ls
 750r 1.7694194e+01 8.16e-03 4.96e-01  -4.1 5.08e-03    -  1.00e+00 2.50e-01h  3
 751r 1.7694002e+01 8.16e-03 3.76e-01  -4.1 5.27e-03    -  1.00e+00 1.00e+00H  1
 752r 1.7694005e+01 8.16e-03 1.72e-01  -4.1 2.82e-03    -  1.00e+00 1.00e+00h  1
 753r 1.7694012e+01 8.16e-03 2.10e-02  -4.1 4.39e-04    -  1.00e+00 1.00e+00h  1
 754r 1.7693987e+01 8.16e-03 7.94e-02  -4.1 1.68e-04    -  1.00e+00 1.00e+00h  1
 755r 1.7693258e+01 8.16e-03 1.76e+00  -4.1 5.01e-03    -  1.00e+00 1.00e+00H  1
 756r 1.7692122e+01 8.16e-03 3.28e+00  -4.0 8.93e-03    -  1.00e+00 1.00e+00f  1
 757r 1.7694749e+01 8.17e-03 3.60e+00  -4.1 2.98e-02    -  1.00e+00 1.00e+00h  1
 758r 1.7694722e+01 8.17e-03 1.53e+00  -4.1 1.93e-02    -  1.00e+00 1.00e+00h  1
 759r 1.7691657e+01 8.16e-03 5.50e+00  -4.1 2.80e-02    -  1.00e+00 1.00e+00h  1
iter    objective    inf_pr   inf_du lg(mu)  ||d||  lg(rg) alpha_du alpha_pr  ls
 760r 1.7693430e+01 8.16e-03 2.66e+00  -4.1 1.81e-02    -  1.00e+00 1.00e+00h  1
 761r 1.7694623e+01 8.16e-03 1.83e+00  -4.1 1.57e-02    -  1.00e+00 1.00e+00h  1
 762r 1.7694156e+01 8.16e-03 9.80e-01  -4.1 8.43e-03    -  1.00e+00 1.00e+00h  1
 763r 1.7694053e+01 8.16e-03 2.32e-01  -4.1 5.68e-03    -  1.00e+00 1.00e+00h  1
 764r 1.7694027e+01 8.16e-03 7.37e-02  -4.1 4.26e-04    -  1.00e+00 1.00e+00h  1
 765r 1.7693968e+01 8.16e-03 7.02e-02  -4.1 4.60e-04    -  1.00e+00 1.00e+00h  1
 766r 1.7693500e+01 8.16e-03 4.88e-01  -4.1 3.64e-03    -  1.00e+00 1.00e+00H  1
 767r 1.7692705e+01 8.16e-03 1.52e+00  -4.0 7.82e-03    -  1.00e+00 1.00e+00f  1
 768r 1.7697212e+01 8.17e-03 4.42e+00  -4.1 3.90e-02    -  1.00e+00 1.00e+00h  1
 769r 1.7695524e+01 8.17e-03 2.65e+00  -4.1 1.92e-02    -  1.00e+00 1.00e+00h  1
iter    objective    inf_pr   inf_du lg(mu)  ||d||  lg(rg) alpha_du alpha_pr  ls
 770r 1.7692681e+01 8.16e-03 1.92e+00  -4.1 2.97e-02    -  1.00e+00 1.00e+00h  1
 771r 1.7694089e+01 8.17e-03 2.65e+00  -4.1 1.66e-02    -  1.00e+00 1.00e+00H  1
 772r 1.7693577e+01 8.16e-03 5.18e-01  -4.1 1.54e-02    -  1.00e+00 1.00e+00H  1
 773r 1.7693205e+01 8.16e-03 1.47e-01  -4.1 4.00e-03    -  1.00e+00 1.00e+00h  1
 774r 1.7692038e+01 8.16e-03 2.65e+00  -4.1 1.79e-02    -  1.00e+00 1.00e+00h  1
 775r 1.7693249e+01 8.16e-03 1.19e+00  -4.1 1.04e-02    -  1.00e+00 1.00e+00h  1
 776r 1.7694639e+01 8.16e-03 3.01e+00  -4.1 2.12e-02    -  1.00e+00 1.00e+00H  1
 777r 1.7694932e+01 8.17e-03 2.72e+00  -4.1 1.22e-02    -  1.00e+00 1.00e+00H  1
 778r 1.7692816e+01 8.16e-03 2.43e+00  -4.1 2.68e-02    -  1.00e+00 1.00e+00H  1
 779r 1.7693073e+01 8.16e-03 1.73e+00  -4.0 1.58e-02    -  1.00e+00 1.00e+00f  1
iter    objective    inf_pr   inf_du lg(mu)  ||d||  lg(rg) alpha_du alpha_pr  ls
 780r 1.7702442e+01 8.18e-03 1.87e+01  -4.1 1.44e-01    -  1.00e+00 1.00e+00h  1
 781r 1.7698850e+01 8.17e-03 5.96e+00  -4.1 1.14e-01    -  1.00e+00 1.00e+00h  1
 782r 1.7690258e+01 8.14e-03 2.03e+01  -4.1 4.42e-01    -  2.88e-01 3.22e-01h  1
 783r 1.7692321e+01 8.15e-03 8.82e+00  -4.1 1.06e-01    -  9.45e-01 1.00e+00h  1
 784r 1.7702188e+01 8.19e-03 1.98e+01  -4.1 1.41e-01    -  1.00e+00 1.00e+00H  1
 785r 1.7699711e+01 8.19e-03 1.27e+01  -4.1 9.49e-02    -  1.00e+00 1.00e+00H  1
 786r 1.7694003e+01 8.16e-03 8.05e+00  -4.1 1.10e-01    -  7.20e-01 9.41e-01H  1
 787r 1.7695069e+01 8.16e-03 4.32e+00  -4.1 5.39e-02    -  1.00e+00 3.81e-01f  1
 788r 1.7695497e+01 8.16e-03 2.01e+00  -4.1 1.63e-02    -  1.00e+00 1.00e+00f  1
 789r 1.7695273e+01 8.16e-03 2.20e+00  -4.1 2.14e-02    -  1.00e+00 1.00e+00H  1
iter    objective    inf_pr   inf_du lg(mu)  ||d||  lg(rg) alpha_du alpha_pr  ls
 790r 1.7694871e+01 8.16e-03 1.10e+00  -4.1 2.15e-02    -  1.00e+00 1.00e+00h  1
 791r 1.7694730e+01 8.16e-03 1.25e+00  -4.1 7.36e-03    -  1.00e+00 1.00e+00h  1
 792r 1.7694913e+01 8.16e-03 4.08e-01  -4.1 5.94e-03    -  1.00e+00 1.00e+00h  1
 793r 1.7694882e+01 8.16e-03 4.28e-01  -4.1 1.82e-03    -  1.00e+00 2.50e-01h  3
 794r 1.7694703e+01 8.16e-03 5.77e-01  -4.1 2.11e-03    -  1.00e+00 1.00e+00h  1
 795r 1.7693992e+01 8.16e-03 2.47e+00  -4.1 8.49e-03    -  1.00e+00 1.00e+00h  1
 796r 1.7692459e+01 8.16e-03 7.56e+00  -4.1 1.73e-02    -  1.00e+00 1.00e+00h  1
 797r 1.7693155e+01 8.16e-03 3.13e+00  -4.1 7.34e-03    -  1.00e+00 1.00e+00h  1
 798r 1.7693932e+01 8.16e-03 2.02e+00  -4.1 1.16e-02    -  1.00e+00 1.00e+00h  1
 799r 1.7693259e+01 8.16e-03 8.70e-01  -4.1 8.17e-03    -  1.00e+00 1.00e+00h  1
iter    objective    inf_pr   inf_du lg(mu)  ||d||  lg(rg) alpha_du alpha_pr  ls
 800r 1.7693208e+01 8.16e-03 1.69e+00  -4.1 2.70e-03    -  1.00e+00 1.00e+00h  1
 801r 1.7693622e+01 8.16e-03 4.82e-01  -4.1 5.46e-03    -  1.00e+00 1.00e+00h  1
 802r 1.7693626e+01 8.16e-03 3.04e-01  -4.1 1.49e-03    -  1.00e+00 1.00e+00h  1
 803r 1.7693540e+01 8.16e-03 1.54e-01  -4.1 1.56e-03    -  1.00e+00 1.00e+00h  1
 804r 1.7693528e+01 8.16e-03 1.77e-01  -4.1 4.16e-04    -  1.00e+00 1.00e+00h  1
 805r 1.7693260e+01 8.16e-03 3.13e+00  -4.1 1.26e-02    -  1.00e+00 1.00e+00H  1
 806r 1.7692989e+01 8.16e-03 2.21e+00  -4.0 7.94e-03    -  1.00e+00 1.00e+00f  1
 807r 1.7694013e+01 8.16e-03 5.15e+00  -4.1 2.91e-02    -  1.00e+00 1.00e+00h  1
 808r 1.7693755e+01 8.16e-03 4.86e+00  -4.1 1.54e-02    -  1.00e+00 1.00e+00h  1
 809r 1.7693381e+01 8.16e-03 3.09e+00  -4.1 2.23e-02    -  1.00e+00 1.00e+00h  1
iter    objective    inf_pr   inf_du lg(mu)  ||d||  lg(rg) alpha_du alpha_pr  ls
 810r 1.7693795e+01 8.16e-03 2.95e+00  -4.1 1.40e-02    -  1.00e+00 1.00e+00h  1
 811r 1.7693695e+01 8.16e-03 1.08e+00  -4.1 1.22e-02    -  1.00e+00 5.00e-01h  2
 812r 1.7693546e+01 8.16e-03 2.67e-01  -4.1 6.25e-03    -  1.00e+00 1.00e+00h  1
 813r 1.7693512e+01 8.16e-03 7.36e-02  -4.1 1.68e-03    -  1.00e+00 1.00e+00h  1
 814r 1.7693490e+01 8.16e-03 5.05e-01  -4.1 1.75e-03    -  1.00e+00 1.00e+00h  1
 815r 1.7693485e+01 8.16e-03 3.01e-01  -4.1 1.67e-03    -  1.00e+00 1.00e+00H  1
 816r 1.7693456e+01 8.16e-03 1.44e-01  -4.1 8.71e-04    -  1.00e+00 1.00e+00h  1
 817r 1.7693450e+01 8.16e-03 5.35e-02  -4.1 5.95e-04    -  1.00e+00 1.00e+00h  1
 818r 1.7693290e+01 8.16e-03 9.81e-01  -4.0 3.92e-03    -  1.00e+00 1.00e+00f  1
 819r 1.7694367e+01 8.17e-03 9.11e+00  -4.1 4.60e-02    -  1.00e+00 1.00e+00h  1
iter    objective    inf_pr   inf_du lg(mu)  ||d||  lg(rg) alpha_du alpha_pr  ls
 820r 1.7694559e+01 8.17e-03 2.18e+00  -4.1 3.08e-02    -  1.00e+00 1.00e+00h  1
 821r 1.7694174e+01 8.15e-03 2.35e+01  -4.1 9.61e-02    -  1.00e+00 1.00e+00h  1
 822r 1.7693957e+01 8.16e-03 5.80e+00  -4.1 7.30e-02    -  1.00e+00 1.00e+00h  1
 823r 1.7696759e+01 8.16e-03 3.02e+01  -4.1 1.27e-01    -  8.86e-01 1.00e+00h  1
 824r 1.7697747e+01 8.15e-03 8.15e+00  -4.1 1.13e-01    -  1.00e+00 1.00e+00h  1
 825r 1.7696945e+01 8.15e-03 7.91e+00  -4.1 9.11e-02    -  9.04e-01 4.29e-01h  1
 826r 1.7695699e+01 8.16e-03 2.46e+00  -4.1 3.28e-02    -  1.00e+00 1.00e+00h  1
 827r 1.7695014e+01 8.16e-03 2.75e+00  -4.1 3.05e-02    -  1.00e+00 1.00e+00h  1
 828r 1.7695271e+01 8.16e-03 7.24e-01  -4.1 1.63e-02    -  1.00e+00 1.00e+00h  1
 829r 1.7695148e+01 8.16e-03 2.44e-01  -4.1 1.66e-03    -  1.00e+00 1.00e+00h  1
iter    objective    inf_pr   inf_du lg(mu)  ||d||  lg(rg) alpha_du alpha_pr  ls
 830r 1.7695034e+01 8.16e-03 4.80e-01  -4.1 1.43e-03    -  1.00e+00 1.00e+00h  1
 831r 1.7694626e+01 8.16e-03 1.37e+00  -4.1 4.24e-03    -  1.00e+00 1.00e+00h  1
 832r 1.7693942e+01 8.16e-03 3.55e+00  -4.1 1.02e-02    -  1.00e+00 1.00e+00h  1
 833r 1.7693920e+01 8.16e-03 2.15e+00  -4.1 5.60e-03    -  1.00e+00 1.00e+00h  1
 834r 1.7694260e+01 8.16e-03 5.84e-01  -4.1 5.40e-03    -  1.00e+00 1.00e+00h  1
 835r 1.7694049e+01 8.16e-03 1.78e-01  -4.1 2.25e-03    -  1.00e+00 1.00e+00h  1
 836r 1.7693952e+01 8.16e-03 4.75e-01  -4.1 1.58e-03    -  1.00e+00 1.00e+00h  1
 837r 1.7693905e+01 8.16e-03 1.87e-01  -4.1 5.89e-04    -  1.00e+00 1.00e+00h  1
 838r 1.7693857e+01 8.16e-03 8.72e-02  -4.1 4.30e-04    -  1.00e+00 1.00e+00h  1
 839r 1.7693641e+01 8.16e-03 3.70e-01  -4.1 1.63e-03    -  1.00e+00 1.00e+00H  1
iter    objective    inf_pr   inf_du lg(mu)  ||d||  lg(rg) alpha_du alpha_pr  ls
 840r 1.7692985e+01 8.16e-03 1.75e+00  -4.1 4.95e-03    -  1.00e+00 1.00e+00h  1
 841r 1.7692998e+01 8.16e-03 1.25e+00  -4.1 2.90e-03    -  1.00e+00 1.00e+00h  1
 842r 1.7693584e+01 8.16e-03 4.96e-01  -4.1 4.80e-03    -  1.00e+00 1.00e+00h  1
 843r 1.7692818e+01 8.16e-03 1.22e+00  -4.0 5.34e-03    -  1.00e+00 1.00e+00f  1
 844r 1.7691591e+01 8.17e-03 3.82e+00  -4.1 2.08e-02    -  1.00e+00 1.00e+00h  1
 845r 1.7693068e+01 8.16e-03 4.86e-01  -4.1 1.99e-02    -  1.00e+00 1.00e+00H  1
 846r 1.7696194e+01 8.16e-03 7.92e+00  -4.1 2.13e-02    -  1.00e+00 1.00e+00H  1
 847r 1.7693529e+01 8.16e-03 5.88e-01  -4.1 1.88e-02    -  1.00e+00 1.00e+00h  1
 848r 1.7693247e+01 8.16e-03 2.83e+00  -4.1 1.05e-02    -  1.00e+00 1.00e+00h  1
 849r 1.7693705e+01 8.16e-03 1.49e-01  -4.1 6.56e-03    -  1.00e+00 1.00e+00h  1
iter    objective    inf_pr   inf_du lg(mu)  ||d||  lg(rg) alpha_du alpha_pr  ls
 850r 1.7693618e+01 8.16e-03 6.78e-02  -4.1 5.45e-04    -  1.00e+00 1.00e+00h  1
 851r 1.7693497e+01 8.16e-03 2.50e-01  -4.1 9.62e-04    -  1.00e+00 1.00e+00H  1
 852r 1.7693533e+01 8.16e-03 8.60e-02  -4.1 4.40e-04    -  1.00e+00 1.00e+00h  1
 853r 1.7693511e+01 8.16e-03 3.49e-02  -4.1 2.58e-04    -  1.00e+00 1.00e+00h  1
 854r 1.7693493e+01 8.16e-03 3.93e-02  -4.1 2.36e-04    -  1.00e+00 1.00e+00h  1
 855r 1.7693438e+01 8.16e-03 1.14e-01  -4.1 7.72e-04    -  1.00e+00 1.00e+00H  1
 856r 1.7692182e+01 8.16e-03 1.90e+00  -4.0 8.31e-03    -  1.00e+00 1.00e+00f  1
 857r 1.7694101e+01 8.17e-03 8.71e+00  -4.1 5.84e-02    -  1.00e+00 1.00e+00h  1
 858r 1.7693482e+01 8.16e-03 1.52e+00  -4.1 4.51e-02    -  1.00e+00 1.00e+00h  1
 859r 1.7689016e+01 8.17e-03 1.37e+01  -4.1 6.78e-02    -  1.00e+00 1.00e+00H  1
iter    objective    inf_pr   inf_du lg(mu)  ||d||  lg(rg) alpha_du alpha_pr  ls
 860r 1.7695806e+01 8.16e-03 5.20e+00  -4.1 9.11e-02    -  1.00e+00 1.00e+00h  1
 861r 1.7695949e+01 8.16e-03 6.95e+00  -4.1 2.39e-02    -  1.00e+00 1.00e+00h  1
 862r 1.7694833e+01 8.16e-03 1.23e+00  -4.1 1.84e-02    -  1.00e+00 1.00e+00h  1
 863r 1.7694691e+01 8.16e-03 3.33e-01  -4.1 1.34e-03    -  1.00e+00 1.00e+00h  1
 864r 1.7694602e+01 8.16e-03 2.32e-01  -4.1 1.89e-03    -  1.00e+00 1.00e+00h  1
 865r 1.7694373e+01 8.16e-03 4.87e-01  -4.1 3.05e-03    -  1.00e+00 1.00e+00h  1
 866r 1.7693585e+01 8.16e-03 1.91e+00  -4.1 9.30e-03    -  1.00e+00 1.00e+00h  1
 867r 1.7692028e+01 8.16e-03 4.26e+00  -4.1 1.72e-02    -  1.00e+00 1.00e+00h  1
 868r 1.7693912e+01 8.16e-03 8.85e-01  -4.1 2.43e-02    -  1.00e+00 1.00e+00H  1
 869r 1.7693512e+01 8.16e-03 8.21e-01  -4.1 9.18e-03    -  1.00e+00 1.00e+00H  1
iter    objective    inf_pr   inf_du lg(mu)  ||d||  lg(rg) alpha_du alpha_pr  ls
 870r 1.7692897e+01 8.16e-03 8.54e-01  -4.0 7.00e-03    -  1.00e+00 1.00e+00f  1
 871r 1.7694546e+01 8.16e-03 2.58e+00  -4.1 2.04e-02    -  1.00e+00 1.00e+00h  1
 872r 1.7693934e+01 8.16e-03 1.62e+00  -4.1 7.05e-03    -  1.00e+00 1.00e+00H  1
 873r 1.7693576e+01 8.16e-03 5.98e-01  -4.1 1.21e-02    -  1.00e+00 1.00e+00h  1
 874r 1.7693550e+01 8.16e-03 4.49e-01  -4.1 9.74e-04    -  1.00e+00 1.00e+00h  1
 875r 1.7693443e+01 8.16e-03 1.80e-01  -4.1 1.80e-03    -  1.00e+00 1.00e+00h  1
 876r 1.7692812e+01 8.16e-03 2.14e+00  -4.1 1.08e-02    -  1.00e+00 1.00e+00h  1
 877r 1.7691541e+01 8.16e-03 4.50e+00  -4.1 1.51e-02    -  1.00e+00 1.00e+00h  1
 878r 1.7693274e+01 8.16e-03 2.66e+00  -4.1 2.72e-02    -  1.00e+00 1.00e+00H  1
 879r 1.7693749e+01 8.16e-03 1.66e+00  -4.1 1.07e-02    -  1.00e+00 1.00e+00H  1
iter    objective    inf_pr   inf_du lg(mu)  ||d||  lg(rg) alpha_du alpha_pr  ls
 880r 1.7693419e+01 8.16e-03 7.14e-01  -4.0 7.88e-03    -  1.00e+00 1.00e+00f  1
 881r 1.7696658e+01 8.17e-03 4.30e+00  -4.1 4.57e-02    -  1.00e+00 1.00e+00h  1
 882r 1.7694660e+01 8.16e-03 2.73e+00  -4.1 3.49e-02    -  1.00e+00 1.00e+00h  1
 883r 1.7695112e+01 8.16e-03 3.34e+00  -4.1 2.12e-02    -  1.00e+00 1.00e+00h  1
 884r 1.7693767e+01 8.16e-03 6.29e-01  -4.1 1.61e-02    -  1.00e+00 1.00e+00h  1
 885r 1.7690019e+01 8.16e-03 9.58e+00  -4.1 4.49e-02    -  1.00e+00 1.00e+00H  1
 886r 1.7689491e+01 8.16e-03 8.93e+00  -4.1 1.59e-02    -  1.00e+00 1.00e+00h  1
 887r 1.7694324e+01 8.16e-03 8.79e+00  -4.1 6.88e-02    -  1.00e+00 1.00e+00H  1
 888r 1.7692677e+01 8.17e-03 2.65e+00  -4.1 3.29e-02    -  1.00e+00 1.00e+00H  1
 889r 1.7693476e+01 8.16e-03 2.26e+00  -4.1 2.80e-02    -  1.00e+00 1.00e+00F  1
iter    objective    inf_pr   inf_du lg(mu)  ||d||  lg(rg) alpha_du alpha_pr  ls
 890r 1.7693305e+01 8.16e-03 1.59e-01  -4.1 2.69e-03    -  1.00e+00 1.00e+00h  1
 891r 1.7693048e+01 8.16e-03 4.29e-01  -4.1 3.43e-03    -  1.00e+00 1.00e+00H  1
 892r 1.7693010e+01 8.16e-03 8.92e-01  -4.0 3.81e-03    -  1.00e+00 1.00e+00f  1
 893r 1.7703094e+01 8.17e-03 2.57e+01  -4.1 1.44e-01    -  1.00e+00 1.00e+00f  1
 894r 1.7703534e+01 8.17e-03 2.66e+01  -4.1 5.49e-02    -  1.00e+00 1.00e+00h  1
 895r 1.7691755e+01 8.16e-03 1.81e+01  -4.1 2.09e-01    -  1.00e+00 1.00e+00h  1
 896r 1.7694386e+01 8.16e-03 9.20e+00  -4.1 5.21e-02    -  1.00e+00 1.00e+00h  1
 897r 1.7694989e+01 8.16e-03 2.53e+00  -4.1 4.10e-02    -  1.00e+00 1.00e+00h  1
 898r 1.7694722e+01 8.16e-03 1.20e+00  -4.1 8.92e-03    -  1.00e+00 1.00e+00h  1
 899r 1.7694238e+01 8.16e-03 9.33e-01  -4.1 7.75e-03    -  1.00e+00 1.00e+00h  1
iter    objective    inf_pr   inf_du lg(mu)  ||d||  lg(rg) alpha_du alpha_pr  ls
 900r 1.7693881e+01 8.16e-03 1.13e+00  -4.1 5.37e-03    -  1.00e+00 1.00e+00h  1
 901r 1.7693463e+01 8.16e-03 2.02e+00  -4.1 5.75e-03    -  1.00e+00 1.00e+00h  1
 902r 1.7693276e+01 8.16e-03 8.58e-01  -4.1 3.15e-03    -  1.00e+00 1.00e+00h  1
 903r 1.7693434e+01 8.16e-03 1.56e-01  -4.1 2.48e-03    -  1.00e+00 1.00e+00h  1
 904r 1.7693353e+01 8.16e-03 1.55e-01  -4.1 1.18e-03    -  1.00e+00 1.00e+00h  1
 905r 1.7693095e+01 8.16e-03 1.05e+00  -4.1 3.11e-03    -  1.00e+00 1.00e+00h  1
 906r 1.7692501e+01 8.16e-03 3.20e+00  -4.1 7.45e-03    -  1.00e+00 1.00e+00h  1
 907r 1.7693165e+01 8.16e-03 5.76e-01  -4.1 8.31e-03    -  1.00e+00 1.00e+00h  1
 908r 1.7694397e+01 8.16e-03 4.35e+00  -4.1 1.02e-02    -  1.00e+00 1.00e+00H  1
 909r 1.7692981e+01 8.16e-03 1.86e+00  -4.1 1.45e-02    -  1.00e+00 1.00e+00H  1
iter    objective    inf_pr   inf_du lg(mu)  ||d||  lg(rg) alpha_du alpha_pr  ls
 910r 1.7691189e+01 8.16e-03 7.17e+00  -4.1 1.86e-02    -  1.00e+00 1.00e+00H  1
 911r 1.7694032e+01 8.16e-03 5.45e+00  -4.1 3.02e-02    -  1.00e+00 1.00e+00h  1
 912r 1.7694092e+01 8.16e-03 4.47e+00  -4.1 2.83e-02    -  1.00e+00 2.50e-01h  3
 913r 1.7693977e+01 8.16e-03 3.75e+00  -4.1 1.01e-02    -  1.00e+00 1.25e-01h  4
 914r 1.7693856e+01 8.16e-03 3.07e+00  -4.1 1.01e-02    -  1.00e+00 1.25e-01h  4
 915r 1.7693840e+01 8.16e-03 2.99e+00  -4.1 1.05e-02    -  1.00e+00 1.56e-02h  7
 916r 1.7693829e+01 8.16e-03 2.94e+00  -4.1 1.48e-02    -  1.00e+00 7.81e-03h  8
 917r 1.7692860e+01 8.16e-03 2.24e+00  -4.1 1.07e-02    -  1.00e+00 1.00e+00h  1
 918r 1.7693032e+01 8.16e-03 2.12e+00  -4.1 1.17e-02    -  1.00e+00 1.00e+00h  1
 919r 1.7693468e+01 8.16e-03 7.78e-01  -4.1 1.14e-02    -  1.00e+00 1.00e+00h  1
iter    objective    inf_pr   inf_du lg(mu)  ||d||  lg(rg) alpha_du alpha_pr  ls
 920r 1.7693316e+01 8.16e-03 1.18e-01  -4.1 1.54e-03    -  1.00e+00 1.00e+00h  1
 921r 1.7693219e+01 8.16e-03 4.11e-01  -4.1 1.20e-03    -  1.00e+00 1.00e+00h  1
 922r 1.7693145e+01 8.16e-03 6.67e-01  -4.1 1.31e-03    -  1.00e+00 1.00e+00H  1
 923r 1.7693306e+01 8.16e-03 1.17e-01  -4.1 1.58e-03    -  1.00e+00 1.00e+00h  1
 924r 1.7693444e+01 8.16e-03 6.44e-01  -4.1 2.04e-03    -  1.00e+00 1.00e+00H  1
 925r 1.7693206e+01 8.16e-03 3.72e-01  -4.1 2.71e-03    -  1.00e+00 1.00e+00H  1
 926r 1.7692737e+01 8.16e-03 1.27e+00  -4.0 6.25e-03    -  1.00e+00 1.00e+00f  1
 927r 1.7693061e+01 8.17e-03 2.84e+00  -4.1 1.94e-02    -  1.00e+00 1.00e+00h  1
 928r 1.7693305e+01 8.16e-03 6.04e-01  -4.1 1.77e-02    -  1.00e+00 1.00e+00h  1
 929r 1.7693048e+01 8.16e-03 1.72e+00  -4.1 1.18e-02    -  1.00e+00 1.00e+00H  1
iter    objective    inf_pr   inf_du lg(mu)  ||d||  lg(rg) alpha_du alpha_pr  ls
 930r 1.7693347e+01 8.16e-03 1.57e-01  -4.1 9.73e-03    -  1.00e+00 1.00e+00h  1
 931r 1.7693423e+01 8.16e-03 4.71e-01  -4.1 3.25e-03    -  1.00e+00 1.00e+00h  1
 932r 1.7693371e+01 8.16e-03 5.95e-02  -4.1 1.89e-03    -  1.00e+00 1.00e+00h  1
 933r 1.7693371e+01 8.16e-03 1.64e-02  -4.1 2.77e-04    -  1.00e+00 1.00e+00h  1
 934r 1.7693373e+01 8.16e-03 2.27e-02  -4.1 1.54e-04    -  1.00e+00 1.00e+00h  1
 935r 1.7693371e+01 8.16e-03 2.13e-02  -4.1 1.18e-04    -  1.00e+00 1.00e+00H  1
 936r 1.7693344e+01 8.16e-03 1.50e-01  -4.1 6.11e-04    -  1.00e+00 1.00e+00H  1
 937r 1.7693349e+01 8.16e-03 1.41e-01  -4.1 3.71e-04    -  1.00e+00 1.00e+00H  1
 938r 1.7693363e+01 8.16e-03 3.34e-02  -4.1 4.41e-04    -  1.00e+00 1.00e+00h  1
 939r 1.7693362e+01 8.16e-03 3.27e-02  -4.1 1.89e-04    -  1.00e+00 1.56e-02h  7
iter    objective    inf_pr   inf_du lg(mu)  ||d||  lg(rg) alpha_du alpha_pr  ls
 940r 1.7693362e+01 8.16e-03 3.25e-02  -4.1 2.69e-04    -  1.00e+00 3.91e-03h  9
 941r 1.7693362e+01 8.16e-03 3.25e-02  -4.1 3.34e-04    -  1.00e+00 9.77e-04h 11
 942r 1.7693311e+01 8.16e-03 7.73e-02  -4.1 7.09e-04    -  1.00e+00 1.00e+00H  1
 943r 1.7693311e+01 8.16e-03 7.73e-02  -4.1 3.48e-04    -  1.00e+00 9.77e-04h 11
 944r 1.7693330e+01 8.16e-03 1.34e-02  -4.1 2.93e-04    -  1.00e+00 1.00e+00h  1
 945r 1.7693330e+01 8.16e-03 1.33e-02  -4.1 1.47e-04    -  1.00e+00 1.56e-02h  7
 946r 1.7693330e+01 8.16e-03 1.32e-02  -4.1 6.36e-05    -  1.00e+00 1.95e-03h 10
 947r 1.7693330e+01 8.16e-03 1.32e-02  -4.1 1.74e-04    -  1.00e+00 2.44e-04h 13
 948r 1.7693330e+01 8.16e-03 1.32e-02  -4.1 5.62e-04    -  1.00e+00 3.81e-06h 19
 949r 1.7693330e+01 8.16e-03 1.32e-02  -4.1 1.03e-03    -  1.00e+00 3.81e-06h 19
iter    objective    inf_pr   inf_du lg(mu)  ||d||  lg(rg) alpha_du alpha_pr  ls
 950r 1.7693258e+01 8.16e-03 3.17e-01  -4.1 1.90e-03    -  1.00e+00 1.00e+00H  1
 951r 1.7693309e+01 8.16e-03 1.36e-01  -4.1 8.58e-04    -  1.00e+00 1.00e+00H  1
 952r 1.7693336e+01 8.16e-03 1.69e-01  -4.1 1.32e-03    -  1.00e+00 1.00e+00H  1
 953r 1.7693313e+01 8.16e-03 3.43e-02  -4.1 7.95e-04    -  1.00e+00 1.00e+00h  1
 954r 1.7693312e+01 8.16e-03 1.96e-02  -4.1 4.54e-04    -  1.00e+00 2.50e-01h  3
 955r 1.7693312e+01 8.16e-03 1.90e-02  -4.1 1.66e-04    -  1.00e+00 3.12e-02h  6
 956r 1.7693312e+01 8.16e-03 1.87e-02  -4.1 1.51e-04    -  1.00e+00 1.56e-02h  7
 957r 1.7693312e+01 8.16e-03 1.85e-02  -4.1 1.48e-04    -  1.00e+00 7.81e-03h  8
 958r 1.7693312e+01 8.16e-03 1.85e-02  -4.1 1.49e-04    -  1.00e+00 4.88e-04h 12
 959r 1.7693314e+01 8.16e-03 3.59e-03  -4.1 1.52e-04    -  1.00e+00 1.00e+00h  1
iter    objective    inf_pr   inf_du lg(mu)  ||d||  lg(rg) alpha_du alpha_pr  ls
 960r 1.7693633e+01 8.16e-03 2.23e+00  -6.1 9.44e-03    -  9.02e-01 8.97e-01f  1
 961r 1.7692924e+01 8.15e-03 1.59e+01  -4.0 1.45e-01    -  1.00e+00 8.60e-01f  1
 962r 1.7693412e+01 8.16e-03 2.74e+00  -4.1 1.30e-01    -  8.08e-01 1.00e+00h  1
 963r 1.7694123e+01 8.16e-03 3.51e+00  -4.1 3.82e-02    -  1.00e+00 1.00e+00h  1
 964r 1.7693835e+01 8.16e-03 9.22e-01  -4.1 2.61e-02    -  1.00e+00 1.00e+00h  1
 965r 1.7693708e+01 8.16e-03 3.61e-01  -4.1 3.72e-03    -  1.00e+00 1.00e+00h  1
 966r 1.7693379e+01 8.16e-03 1.04e+00  -4.0 7.40e-03    -  1.00e+00 1.00e+00f  1
 967r 1.7692318e+01 8.17e-03 1.12e+01  -4.1 8.09e-02    -  1.00e+00 1.00e+00h  1
 968r 1.7692560e+01 8.17e-03 7.35e+00  -4.1 4.88e-02    -  1.00e+00 1.00e+00h  1
 969r 1.7694377e+01 8.16e-03 8.23e+00  -4.1 7.24e-02    -  1.00e+00 1.00e+00h  1
iter    objective    inf_pr   inf_du lg(mu)  ||d||  lg(rg) alpha_du alpha_pr  ls
 970r 1.7694907e+01 8.16e-03 5.86e+00  -4.1 3.83e-02    -  1.00e+00 7.85e-01h  1
 971r 1.7693999e+01 8.17e-03 1.85e+00  -4.1 3.01e-02    -  1.00e+00 1.00e+00h  1
 972r 1.7693818e+01 8.16e-03 1.68e+00  -4.1 1.83e-02    -  1.00e+00 1.00e+00h  1
 973r 1.7693937e+01 8.16e-03 3.96e-01  -4.1 6.71e-03    -  1.00e+00 1.00e+00h  1
 974r 1.7693911e+01 8.16e-03 2.86e-01  -4.1 4.69e-03    -  1.00e+00 1.00e+00h  1
 975r 1.7693876e+01 8.16e-03 2.02e-01  -4.1 1.74e-03    -  1.00e+00 1.00e+00h  1
 976r 1.7693866e+01 8.16e-03 1.20e-01  -4.1 6.86e-04    -  1.00e+00 1.00e+00h  1
 977r 1.7693849e+01 8.16e-03 1.45e-01  -4.1 3.61e-04    -  1.00e+00 1.00e+00h  1
 978r 1.7693772e+01 8.16e-03 2.90e-01  -4.1 1.44e-03    -  1.00e+00 1.00e+00h  1
 979r 1.7693509e+01 8.16e-03 1.27e+00  -4.1 4.69e-03    -  1.00e+00 1.00e+00h  1
iter    objective    inf_pr   inf_du lg(mu)  ||d||  lg(rg) alpha_du alpha_pr  ls
 980r 1.7693444e+01 8.16e-03 9.68e-01  -4.1 1.46e-03    -  1.00e+00 1.00e+00h  1
 981r 1.7693550e+01 8.16e-03 4.09e-02  -4.1 1.85e-03    -  1.00e+00 1.00e+00h  1
 982r 1.7693493e+01 8.16e-03 1.23e-01  -4.1 1.02e-03    -  1.00e+00 1.00e+00h  1
 983r 1.7693357e+01 8.16e-03 7.40e-01  -4.1 2.01e-03    -  1.00e+00 1.00e+00h  1
 984r 1.7693363e+01 8.16e-03 5.45e-01  -4.1 5.25e-04    -  1.00e+00 1.00e+00h  1
 985r 1.7693422e+01 8.16e-03 1.81e-01  -4.1 1.16e-03    -  1.00e+00 1.00e+00h  1
 986r 1.7693381e+01 8.16e-03 8.03e-02  -4.1 5.27e-04    -  1.00e+00 1.00e+00h  1
 987r 1.7693365e+01 8.16e-03 1.18e-01  -4.1 3.32e-04    -  1.00e+00 1.00e+00h  1
 988r 1.7693343e+01 8.16e-03 8.91e-02  -4.1 3.18e-04    -  1.00e+00 1.00e+00h  1
 989r 1.7693320e+01 8.16e-03 1.60e-01  -4.1 5.33e-04    -  1.00e+00 1.00e+00H  1
iter    objective    inf_pr   inf_du lg(mu)  ||d||  lg(rg) alpha_du alpha_pr  ls
 990r 1.7693229e+01 8.16e-03 6.37e-01  -4.1 2.03e-03    -  1.00e+00 1.00e+00H  1
 991r 1.7693284e+01 8.16e-03 1.81e-01  -4.1 8.55e-04    -  1.00e+00 1.00e+00H  1
 992r 1.7693284e+01 8.16e-03 1.81e-01  -4.1 1.02e-03    -  1.00e+00 4.88e-04h 12
 993r 1.7693310e+01 8.16e-03 1.68e-01  -4.1 5.25e-04    -  1.00e+00 1.00e+00H  1
 994r 1.7693310e+01 8.16e-03 1.68e-01  -4.1 3.44e-04    -  1.00e+00 3.64e-12h 39
 995r 1.7693310e+01 8.16e-03 1.68e-01  -4.1 3.44e-04    -  1.00e+00 1.91e-06h 20
 996r 1.7693310e+01 8.16e-03 1.68e-01  -4.1 4.07e-04    -  1.00e+00 4.77e-07h 22
 997r 1.7693310e+01 8.16e-03 1.68e-01  -4.1 1.82e-03    -  1.00e+00 9.31e-10h 31
 998r 1.7693310e+01 8.16e-03 1.68e-01  -4.1 7.12e-04    -  1.00e+00 3.81e-06h 19
 999r 1.7693310e+01 8.16e-03 1.68e-01  -4.1 1.49e-04    -  1.00e+00 1.86e-09h 30
iter    objective    inf_pr   inf_du lg(mu)  ||d||  lg(rg) alpha_du alpha_pr  ls
1000r 1.7693310e+01 8.16e-03 1.68e-01  -4.1 4.62e-04    -  1.00e+00 1.53e-05h 17

Number of Iterations....: 1000

                                   (scaled)                 (unscaled)
Objective...............:   1.7693309962530925e+01    1.7693309962530925e+01
Dual infeasibility......:   1.6888460944999711e-01    1.6888460944999711e-01
Constraint violation....:   8.1632550211320713e-03    8.1632550211320713e-03
Variable bound violation:   0.0000000000000000e+00    0.0000000000000000e+00
Complementarity.........:   8.0387204977109519e-05    8.0387204977109519e-05
Overall NLP error.......:   1.6888460944999711e-01    1.6888460944999711e-01


Number of objective function evaluations             = 1967
Number of objective gradient evaluations             = 166
Number of equality constraint evaluations            = 1967
Number of inequality constraint evaluations          = 1967
Number of equality constraint Jacobian evaluations   = 1002
Number of inequality constraint Jacobian evaluations = 1002
Number of Lagrangian Hessian evaluations             = 0
Total seconds in IPOPT                               = 4451.410

EXIT: Maximum Number of Iterations Exceeded.
