This is Ipopt version 3.14.19, running with linear solver MUMPS 5.8.2.

Number of nonzeros in equality constraint Jacobian...:   782909
Number of nonzeros in inequality constraint Jacobian.:     3392
Number of nonzeros in Lagrangian Hessian.............:        0

Total number of variables............................:     2527
                     variables with only lower bounds:        0
                variables with lower and upper bounds:      536
                     variables with only upper bounds:        0
Total number of equality constraints.................:     2430
Total number of inequality constraints...............:      361
        inequality constraints with only lower bounds:        0
   inequality constraints with lower and upper bounds:        0
        inequality constraints with only upper bounds:      361

iter    objective    inf_pr   inf_du lg(mu)  ||d||  lg(rg) alpha_du alpha_pr  ls
   0  3.9649159e-02 6.17e+00 1.00e+00   0.0 0.00e+00    -  0.00e+00 0.00e+00   0
   1  3.9297873e-02 6.11e+00 5.51e+01  -0.3 1.26e+01    -  2.55e-01 8.80e-03h  1
   2  3.8849146e-02 6.06e+00 6.86e+02   0.9 3.17e+01    -  6.65e-02 8.83e-03f  1
   3  4.7781584e-02 5.90e+00 8.22e+03   1.2 3.99e+01    -  5.70e-01 2.52e-02f  1
   4  9.5112539e-02 5.73e+00 9.11e+03   1.7 5.74e+01    -  3.90e-02 2.97e-02f  1
   5  2.5244618e-01 5.57e+00 1.29e+04   2.5 7.95e+01    -  4.32e-02 2.55e-02f  1
   6  1.5082861e+00 5.47e+00 2.35e+04   2.4 1.23e+02    -  1.40e-01 6.45e-02f  1
   7  2.6033848e+00 5.30e+00 2.35e+04  -4.0 1.53e+02    -  4.69e-02 4.20e-02h  1
   8  3.6778577e+00 5.07e+00 7.87e+04   2.8 2.04e+02    -  1.11e-01 2.02e-02f  1
   9  7.2578072e+00 5.40e+00 2.70e+05   2.8 1.23e+02    -  4.35e-01 9.31e-02H  1
iter    objective    inf_pr   inf_du lg(mu)  ||d||  lg(rg) alpha_du alpha_pr  ls
  10  7.4825215e+00 4.72e+00 2.37e+05  -3.4 6.17e+01    -  8.30e-02 1.37e-01h  1
  11  8.3038990e+00 4.23e+00 2.07e+05   0.8 6.87e+01    -  1.03e-01 1.25e-01h  1
  12  8.6871033e+00 3.93e+00 2.27e+05   2.4 6.62e+01    -  9.28e-02 1.04e-01h  1
  13  8.9536239e+00 3.49e+00 3.07e+05   2.0 6.83e+01    -  1.38e-01 1.06e-01h  1
  14  1.0492107e+01 3.69e+00 4.36e+05   2.8 7.93e+01    -  2.73e-01 1.18e-01f  1
  15  1.1260512e+01 3.48e+00 6.10e+05   1.9 4.10e+01    -  2.00e-01 1.36e-01h  1
  16  1.3697026e+01 3.17e+00 1.09e+06   2.8 6.70e+01    -  1.66e-01 1.98e-01f  1
  17  1.5105057e+01 2.68e+00 1.41e+06   2.8 3.82e+01    -  4.54e-01 2.29e-01f  1
  18  1.6738889e+01 2.48e+00 2.24e+06   2.8 3.07e+01    -  4.20e-01 4.24e-01h  1
  19  1.6941225e+01 1.90e+00 2.68e+06   2.8 1.71e+01    -  7.05e-01 7.01e-01h  1
iter    objective    inf_pr   inf_du lg(mu)  ||d||  lg(rg) alpha_du alpha_pr  ls
  20  1.8352325e+01 1.31e+00 2.02e+06   2.8 2.15e+01    -  6.28e-01 4.64e-01f  1
  21  1.8883921e+01 1.54e+00 1.69e+06   2.8 4.78e+01    -  4.83e-01 1.46e-01f  1
  22  1.8629003e+01 4.57e-01 5.21e+05   2.8 5.12e+00    -  9.25e-01 1.00e+00f  1
  23  1.8199429e+01 4.84e-01 1.46e+06   2.4 1.57e+01    -  5.29e-01 5.95e-01H  1
  24  1.8681550e+01 1.79e+00 2.07e+06   2.8 1.40e+01    -  1.00e+00 9.10e-01f  1
  25  1.8191549e+01 4.47e-01 9.45e+05   2.7 4.79e+00    -  1.00e+00 1.00e+00h  1
  26  1.7942599e+01 2.39e-01 3.62e+05   2.0 4.68e+00    -  1.00e+00 1.00e+00h  1
  27  1.7666877e+01 1.09e-01 1.65e+05   2.2 2.67e+00    -  1.00e+00 1.00e+00f  1
  28  1.7493022e+01 6.37e-02 2.04e+05   1.5 2.11e+00    -  1.00e+00 8.57e-01h  1
  29  1.7341143e+01 5.50e-02 2.08e+05   1.6 5.21e+00    -  1.00e+00 1.29e-01h  3
iter    objective    inf_pr   inf_du lg(mu)  ||d||  lg(rg) alpha_du alpha_pr  ls
  30  1.7184771e+01 4.92e-02 2.84e+05   1.9 8.84e+00    -  1.00e+00 7.63e-02f  4
  31  1.7062219e+01 4.64e-02 3.21e+05   1.8 8.60e+00    -  1.00e+00 6.25e-02h  5
  32  1.6362346e+01 5.04e-01 5.94e+05   2.1 1.36e+01    -  1.00e+00 3.10e-01f  2
  33  1.4862036e+01 2.52e-01 1.88e+06   1.9 1.37e+01    -  9.44e-01 8.04e-01H  1
  34  1.5461816e+01 3.33e-01 9.60e+05   2.0 6.22e+00    -  1.00e+00 1.00e+00f  1
  35  1.6245590e+01 3.30e-01 7.97e+05   2.1 5.01e+00    -  9.40e-01 1.00e+00f  1
  36  1.5885947e+01 1.59e-01 3.18e+05   2.0 3.03e+00    -  1.00e+00 1.00e+00h  1
  37  1.5800066e+01 7.89e-02 1.78e+05   1.8 1.87e+00    -  1.00e+00 4.99e-01h  1
  38  1.5686519e+01 4.77e-03 1.30e+05   1.0 3.75e-01    -  1.00e+00 1.00e+00h  1
  39  1.5689292e+01 4.74e-03 2.25e+05   1.0 1.83e+00    -  1.00e+00 8.84e-02h  4
iter    objective    inf_pr   inf_du lg(mu)  ||d||  lg(rg) alpha_du alpha_pr  ls
  40  1.5686144e+01 4.73e-03 2.16e+05   1.2 2.95e+00    -  1.00e+00 1.15e-02h  6
  41  1.5587425e+01 6.02e-02 2.23e+05   1.5 2.69e+00    -  1.00e+00 3.74e-01f  2
  42  1.5446147e+01 1.72e-01 5.09e+05   1.7 3.55e+00    -  1.00e+00 7.08e-01f  1
  43  1.5356681e+01 9.21e-02 5.13e+05   1.3 1.64e+00    -  1.00e+00 5.14e-01h  1
  44  1.5283399e+01 1.14e-01 3.75e+05   1.3 2.79e+00    -  6.98e-01 8.15e-01H  1
  45  1.5230369e+01 1.60e-01 5.15e+05   1.4 2.13e+00    -  1.00e+00 7.68e-01f  1
  46  1.5377150e+01 1.57e-01 3.86e+05   1.8 1.98e+00    -  1.00e+00 1.00e+00f  1
  47  1.5349840e+01 7.12e-02 2.49e+05   1.7 1.46e+00    -  1.00e+00 1.00e+00h  1
  48  1.5249602e+01 3.77e-02 1.64e+05   1.4 8.19e-01    -  1.00e+00 1.00e+00h  1
  49  1.5184360e+01 6.57e-03 1.54e+05   0.8 4.50e-01    -  1.00e+00 9.44e-01h  1
iter    objective    inf_pr   inf_du lg(mu)  ||d||  lg(rg) alpha_du alpha_pr  ls
  50  1.5141122e+01 7.27e-03 1.84e+05   0.4 6.20e-01    -  9.93e-01 5.79e-01H  1
  51  1.5113107e+01 7.06e-03 2.96e+05   0.0 1.01e+00    -  1.00e+00 1.60e-01h  3
  52  1.5036175e+01 6.94e-03 3.55e+05   0.7 1.88e+00    -  1.00e+00 1.65e-01f  2
  53  1.5016094e+01 6.95e-03 3.57e+05   0.7 3.57e+00    -  1.00e+00 2.97e-02h  5
  54  1.4810758e+01 9.91e-02 8.14e+05   1.8 3.72e+00    -  7.80e-01 3.99e-01f  1
  55  1.4575781e+01 1.34e-01 1.33e+06   1.7 1.88e+00    -  8.93e-01 1.00e+00f  1
  56  1.4793098e+01 5.93e-02 3.33e+05   1.7 1.49e+00    -  1.00e+00 1.00e+00f  1
  57  1.4820316e+01 4.06e-02 3.82e+05   1.6 1.17e+00    -  1.00e+00 6.37e-01h  1
  58  1.4648909e+01 1.86e-02 2.13e+05   1.2 1.08e+00    -  8.35e-01 1.00e+00H  1
  59  1.4640360e+01 8.28e-03 4.60e+05   1.1 4.80e-01    -  8.60e-01 1.00e+00H  1
iter    objective    inf_pr   inf_du lg(mu)  ||d||  lg(rg) alpha_du alpha_pr  ls
  60  1.4647119e+01 1.02e-02 1.27e+05   0.7 2.64e-01    -  1.00e+00 1.00e+00h  1
  61  1.4618732e+01 4.50e-03 9.91e+04  -0.1 1.77e-01    -  1.00e+00 9.48e-01h  1
  62  1.4608313e+01 4.49e-03 4.18e+05  -0.2 9.79e-01    -  1.00e+00 1.10e-01f  4
  63  1.4563323e+01 1.31e-02 5.06e+05   0.3 4.97e+00    -  1.00e+00 8.93e-02f  2
  64  1.4528571e+01 2.95e-02 8.39e+05   0.9 4.58e+00    -  1.00e+00 1.23e-01f  1
  65  1.4602821e+01 7.76e-02 1.28e+06   1.2 1.16e+00    -  1.00e+00 1.00e+00f  1
  66  1.4599999e+01 3.51e-02 4.50e+05   1.1 8.16e-01    -  7.28e-01 1.00e+00h  1
  67  1.4565460e+01 6.82e-03 3.45e+05   1.1 3.08e-01    -  1.00e+00 1.00e+00h  1
  68  1.4565811e+01 4.50e-03 2.39e+05   0.4 1.30e-01    -  1.00e+00 9.30e-01h  1
  69  1.4560477e+01 4.49e-03 2.67e+05  -0.3 2.20e-01    -  9.26e-01 8.34e-01H  1
iter    objective    inf_pr   inf_du lg(mu)  ||d||  lg(rg) alpha_du alpha_pr  ls
  70  1.4559097e+01 4.49e-03 4.74e+05  -0.2 5.56e-01    -  1.00e+00 7.89e-02h  4
  71  1.4556359e+01 4.48e-03 4.50e+05  -0.8 3.66e-01    -  1.00e+00 1.22e-01h  4
  72  1.4555892e+01 4.48e-03 7.30e+05  -0.8 1.21e+00    -  1.00e+00 6.00e-03h  7
  73  1.4554902e+01 4.48e-03 6.84e+05  -1.0 5.25e-01    -  1.00e+00 2.97e-02h  6
  74  1.4554823e+01 4.49e-03 7.83e+05  -0.9 1.15e+00    -  1.00e+00 3.04e-03h  8
  75  1.4554822e+01 4.49e-03 7.64e+05  -0.2 1.57e+00    -  1.00e+00 3.92e-04h 10
  76r 1.4554822e+01 4.49e-03 1.00e+03  -0.3 0.00e+00    -  0.00e+00 2.88e-07R 21
  77r 1.4583996e+01 8.61e-03 1.85e+02  -0.0 3.81e-01    -  8.43e-01 1.00e+00f  1
  78r 1.4660831e+01 1.43e-02 5.07e+02  -0.1 7.53e-01    -  5.10e-01 1.00e+00f  1
  79r 1.4704286e+01 1.86e-02 6.88e+01  -0.1 5.90e-01    -  9.63e-01 1.00e+00f  1
iter    objective    inf_pr   inf_du lg(mu)  ||d||  lg(rg) alpha_du alpha_pr  ls
  80r 1.4730443e+01 1.97e-02 5.08e+01  -0.1 4.33e-01    -  1.00e+00 1.00e+00f  1
  81r 1.4743004e+01 1.99e-02 2.13e+01  -0.1 2.05e-01    -  1.00e+00 1.00e+00h  1
  82r 1.4634611e+01 2.11e-02 1.54e+02  -0.8 1.23e+00    -  9.56e-01 1.00e+00f  1
  83r 1.4613598e+01 2.46e-02 7.04e+01  -0.8 3.91e-01    -  1.00e+00 1.00e+00f  1
  84r 1.4577086e+01 2.67e-02 5.11e+01  -1.5 5.48e-01    -  1.00e+00 1.00e+00f  1
  85r 1.4546784e+01 2.63e-02 6.31e+01  -2.2 5.78e-01    -  1.00e+00 1.00e+00f  1
  86r 1.4569497e+01 2.57e-02 9.51e+01  -2.7 1.10e+00    -  1.00e+00 6.81e-01f  1
  87r 1.4549418e+01 2.55e-02 4.65e+01  -3.2 5.14e-01    -  1.00e+00 7.10e-01f  1
  88r 1.4527301e+01 2.55e-02 1.02e+02  -2.4 4.14e-01    -  1.00e+00 1.00e+00f  1
  89r 1.4539117e+01 2.56e-02 3.39e+01  -2.5 3.86e-01    -  1.00e+00 1.00e+00h  1
iter    objective    inf_pr   inf_du lg(mu)  ||d||  lg(rg) alpha_du alpha_pr  ls
  90r 1.4525225e+01 2.56e-02 2.38e+01  -2.5 1.80e-01    -  1.00e+00 1.00e+00h  1
  91r 1.4523413e+01 2.56e-02 1.19e+01  -3.4 7.57e-02    -  1.00e+00 9.62e-01f  1
  92r 1.4522229e+01 2.56e-02 1.94e+01  -4.0 3.38e-01    -  1.00e+00 5.55e-01f  1
  93r 1.4510730e+01 2.55e-02 3.16e+01  -4.0 4.91e-01    -  1.00e+00 8.59e-01f  1
  94r 1.4500829e+01 2.55e-02 5.37e+01  -3.9 3.77e-01    -  1.00e+00 6.37e-01h  1
  95r 1.4504359e+01 2.55e-02 1.64e+01  -3.4 2.85e-01    -  1.00e+00 1.00e+00f  1
  96r 1.4515788e+01 2.55e-02 6.41e+01  -3.5 4.32e-01    -  6.03e-01 1.00e+00h  1
  97r 1.4507041e+01 2.55e-02 2.70e+01  -3.5 4.68e-01    -  1.00e+00 6.68e-01h  1
  98r 1.4508206e+01 2.55e-02 7.68e+01  -3.5 1.77e-01    -  4.15e-01 1.00e+00h  1
  99r 1.4507174e+01 2.55e-02 1.02e+01  -3.5 1.38e-01    -  1.00e+00 1.00e+00h  1
iter    objective    inf_pr   inf_du lg(mu)  ||d||  lg(rg) alpha_du alpha_pr  ls
 100r 1.4502522e+01 2.55e-02 4.85e+00  -3.5 4.26e-02    -  1.00e+00 1.00e+00h  1
 101r 1.4496295e+01 2.55e-02 1.40e+01  -4.0 7.15e-02    -  1.00e+00 1.00e+00f  1
 102r 1.4476551e+01 2.55e-02 5.58e+01  -3.7 2.62e-01    -  1.00e+00 9.94e-01f  1
 103r 1.4484739e+01 2.55e-02 2.33e+01  -3.8 2.24e-01    -  1.00e+00 1.00e+00h  1
 104r 1.4484955e+01 2.55e-02 2.95e+01  -3.8 1.42e-01    -  6.10e-01 1.00e+00h  1
 105r 1.4475416e+01 2.55e-02 1.25e+01  -3.8 1.58e-01    -  1.00e+00 1.00e+00h  1
 106r 1.4475844e+01 2.55e-02 1.05e+01  -3.8 6.15e-02    -  1.00e+00 1.00e+00h  1
 107r 1.4477607e+01 2.55e-02 8.98e+00  -4.0 4.33e-02    -  1.00e+00 1.00e+00h  1
 108r 1.4472317e+01 2.55e-02 4.07e+00  -4.0 8.23e-02    -  1.00e+00 1.00e+00h  1
 109r 1.4465460e+01 2.55e-02 1.02e+01  -4.0 5.77e-02    -  1.00e+00 1.00e+00h  1
iter    objective    inf_pr   inf_du lg(mu)  ||d||  lg(rg) alpha_du alpha_pr  ls
 110r 1.4467401e+01 2.55e-02 8.41e+00  -4.0 5.10e-02    -  1.00e+00 1.00e+00h  1
 111r 1.4466799e+01 2.55e-02 6.79e+00  -4.1 5.06e-02    -  1.00e+00 1.00e+00h  1
 112r 1.4465308e+01 2.55e-02 2.84e+00  -4.0 2.98e-02    -  1.00e+00 1.00e+00h  1
 113r 1.4465505e+01 2.55e-02 3.09e+00  -4.0 2.56e-02    -  1.00e+00 1.00e+00h  1
 114r 1.4466625e+01 2.55e-02 1.04e+01  -4.0 5.29e-02    -  1.00e+00 1.00e+00h  1
 115r 1.4464439e+01 2.55e-02 8.31e+00  -4.1 3.51e-02    -  1.00e+00 1.00e+00h  1
 116r 1.4463781e+01 2.55e-02 9.69e+00  -4.0 7.70e-02    -  1.00e+00 1.00e+00h  1
 117r 1.4464274e+01 2.55e-02 4.69e+00  -4.1 7.19e-02    -  1.00e+00 1.00e+00h  1
 118r 1.4463691e+01 2.55e-02 1.54e+01  -4.0 4.01e-02    -  1.00e+00 1.00e+00h  1
 119r 1.4463690e+01 2.55e-02 1.27e+00  -4.1 2.55e-02    -  1.00e+00 1.00e+00h  1
iter    objective    inf_pr   inf_du lg(mu)  ||d||  lg(rg) alpha_du alpha_pr  ls
 120r 1.4463204e+01 2.55e-02 1.22e+00  -4.0 1.45e-02    -  1.00e+00 1.00e+00h  1
 121r 1.4463231e+01 2.55e-02 4.73e+00  -4.0 2.66e-02    -  1.00e+00 1.00e+00h  1
 122r 1.4463229e+01 2.55e-02 3.68e+00  -4.0 1.71e-02    -  1.00e+00 1.00e+00h  1
 123r 1.4463050e+01 2.55e-02 1.22e+00  -4.0 1.17e-02    -  1.00e+00 1.00e+00h  1
 124r 1.4462577e+01 2.55e-02 2.10e+00  -4.0 8.44e-03    -  1.00e+00 1.00e+00h  1
 125r 1.4462237e+01 2.55e-02 3.97e+00  -4.0 1.19e-02    -  1.00e+00 1.00e+00h  1
 126r 1.4459211e+01 2.55e-02 1.78e+01  -4.0 6.78e-02    -  1.00e+00 1.00e+00h  1
 127r 1.4454696e+01 2.55e-02 4.37e+01  -4.1 1.39e-01    -  1.00e+00 7.62e-01h  1
 128r 1.4455110e+01 2.55e-02 3.92e+01  -4.1 1.15e-01    -  1.00e+00 1.00e+00f  1
 129r 1.4458213e+01 2.55e-02 2.11e+01  -4.0 1.14e-01    -  7.31e-01 1.00e+00h  1
iter    objective    inf_pr   inf_du lg(mu)  ||d||  lg(rg) alpha_du alpha_pr  ls
 130r 1.4455150e+01 2.55e-02 1.20e+01  -4.1 6.26e-02    -  1.00e+00 8.87e-01h  1
 131r 1.4456052e+01 2.55e-02 5.81e+00  -4.1 4.46e-02    -  1.00e+00 1.00e+00h  1
 132r 1.4455254e+01 2.55e-02 5.14e+00  -4.0 2.32e-02    -  1.00e+00 1.00e+00h  1
 133r 1.4455933e+01 2.55e-02 2.76e+00  -4.0 2.56e-02    -  1.00e+00 1.00e+00h  1
 134r 1.4455192e+01 2.55e-02 4.09e+00  -4.0 9.84e-03    -  1.00e+00 1.00e+00h  1
 135r 1.4455289e+01 2.55e-02 2.80e+00  -4.0 7.96e-03    -  1.00e+00 1.00e+00h  1
 136r 1.4455163e+01 2.55e-02 1.25e+00  -4.0 4.94e-03    -  1.00e+00 1.00e+00h  1
 137r 1.4454128e+01 2.55e-02 1.99e+01  -4.0 6.19e-02    -  1.00e+00 1.00e+00h  1
 138r 1.4451387e+01 2.55e-02 3.98e+01  -4.1 9.27e-02    -  1.00e+00 1.00e+00h  1
 139r 1.4451695e+01 2.55e-02 1.55e+01  -4.1 5.14e-02    -  1.00e+00 1.00e+00h  1
iter    objective    inf_pr   inf_du lg(mu)  ||d||  lg(rg) alpha_du alpha_pr  ls
 140r 1.4456002e+01 2.55e-02 3.69e+01  -4.1 1.03e-01    -  1.00e+00 1.00e+00H  1
 141r 1.4452581e+01 2.55e-02 1.04e+01  -4.1 1.08e-01    -  1.00e+00 1.00e+00h  1
 142r 1.4436552e+01 2.55e-02 8.61e+01  -4.1 2.68e-01    -  1.00e+00 1.00e+00H  1
 143r 1.4441163e+01 2.55e-02 7.46e+01  -4.1 1.12e-01    -  1.00e+00 1.00e+00h  1
 144r 1.4446727e+01 2.55e-02 3.79e+01  -3.8 1.58e-01    -  1.00e+00 9.06e-01h  1
 145r 1.4451507e+01 2.55e-02 8.13e+01  -4.0 1.87e-01    -  9.77e-01 1.00e+00h  1
 146r 1.4451208e+01 2.55e-02 1.53e+01  -4.0 8.12e-02    -  1.00e+00 1.00e+00h  1
 147r 1.4448852e+01 2.55e-02 2.24e+01  -4.0 4.85e-02    -  1.00e+00 1.00e+00h  1
 148r 1.4449973e+01 2.55e-02 7.46e+00  -4.0 1.74e-02    -  1.00e+00 1.00e+00h  1
 149r 1.4450144e+01 2.55e-02 1.94e+00  -4.0 1.71e-02    -  1.00e+00 1.00e+00h  1
iter    objective    inf_pr   inf_du lg(mu)  ||d||  lg(rg) alpha_du alpha_pr  ls
 150r 1.4450007e+01 2.55e-02 1.57e+00  -4.0 9.11e-03    -  1.00e+00 1.00e+00h  1
 151r 1.4450442e+01 2.55e-02 1.07e+01  -4.0 4.51e-02    -  1.00e+00 1.00e+00H  1
 152r 1.4451679e+01 2.55e-02 7.14e+00  -4.0 1.69e-02    -  1.00e+00 1.00e+00h  1
 153r 1.4451383e+01 2.55e-02 5.15e+00  -4.1 3.34e-02    -  1.00e+00 1.00e+00h  1
 154r 1.4451589e+01 2.55e-02 8.22e+00  -4.0 2.32e-02    -  1.00e+00 1.00e+00h  1
 155r 1.4451803e+01 2.55e-02 3.96e+00  -4.1 3.86e-02    -  1.00e+00 1.00e+00h  1
 156r 1.4451931e+01 2.55e-02 9.07e+00  -4.1 3.31e-02    -  1.00e+00 1.00e+00h  1
 157r 1.4450811e+01 2.55e-02 1.12e+01  -4.0 2.76e-02    -  1.00e+00 1.00e+00h  1
 158r 1.4451890e+01 2.55e-02 8.31e+00  -4.1 6.01e-02    -  1.00e+00 1.00e+00h  1
 159r 1.4451229e+01 2.55e-02 7.90e+00  -4.1 4.15e-02    -  1.00e+00 1.00e+00h  1
iter    objective    inf_pr   inf_du lg(mu)  ||d||  lg(rg) alpha_du alpha_pr  ls
 160r 1.4450926e+01 2.55e-02 4.04e+00  -4.1 3.43e-02    -  1.00e+00 1.00e+00h  1
 161r 1.4451071e+01 2.55e-02 4.30e+00  -4.1 2.50e-02    -  1.00e+00 1.00e+00h  1
 162r 1.4450706e+01 2.55e-02 2.01e+00  -4.1 1.60e-02    -  1.00e+00 1.00e+00h  1
 163r 1.4449470e+01 2.55e-02 7.19e+00  -4.0 2.94e-02    -  1.00e+00 1.00e+00h  1
 164r 1.4451424e+01 2.55e-02 9.32e+00  -4.1 7.24e-02    -  1.00e+00 1.00e+00h  1
 165r 1.4451488e+01 2.55e-02 2.85e+01  -4.1 1.14e-01    -  1.00e+00 1.00e+00H  1
 166r 1.4450908e+01 2.55e-02 2.18e+00  -4.0 8.79e-02    -  1.00e+00 1.00e+00h  1
 167r 1.4451136e+01 2.55e-02 1.01e+00  -4.1 1.76e-02    -  1.00e+00 1.00e+00h  1
 168r 1.4450593e+01 2.55e-02 9.45e+00  -4.0 5.66e-02    -  1.00e+00 1.00e+00h  1
 169r 1.4450145e+01 2.55e-02 6.88e+00  -4.1 2.90e-02    -  1.00e+00 1.00e+00h  1
iter    objective    inf_pr   inf_du lg(mu)  ||d||  lg(rg) alpha_du alpha_pr  ls
 170r 1.4449771e+01 2.55e-02 3.16e+00  -4.0 1.42e-02    -  1.00e+00 1.00e+00h  1
 171r 1.4450624e+01 2.55e-02 3.22e+00  -4.1 2.52e-02    -  1.00e+00 1.00e+00h  1
 172r 1.4449007e+01 2.55e-02 4.79e+00  -4.0 4.98e-02    -  1.00e+00 1.00e+00h  1
 173r 1.4450767e+01 2.55e-02 3.41e+00  -4.1 4.32e-02    -  1.00e+00 1.00e+00h  1
 174r 1.4450153e+01 2.55e-02 1.48e+01  -4.1 3.78e-02    -  1.00e+00 1.00e+00H  1
 175r 1.4449959e+01 2.55e-02 1.41e+00  -4.0 3.09e-02    -  1.00e+00 1.00e+00f  1
 176r 1.4450998e+01 2.55e-02 4.49e+00  -4.1 3.40e-02    -  1.00e+00 1.00e+00h  1
 177r 1.4448934e+01 2.55e-02 6.63e+00  -4.1 4.40e-02    -  1.00e+00 1.00e+00h  1
 178r 1.4449344e+01 2.55e-02 2.51e+00  -4.1 2.95e-02    -  1.00e+00 1.00e+00h  1
 179r 1.4449812e+01 2.55e-02 1.69e+00  -4.0 1.23e-02    -  1.00e+00 1.00e+00h  1
iter    objective    inf_pr   inf_du lg(mu)  ||d||  lg(rg) alpha_du alpha_pr  ls
 180r 1.4451602e+01 2.55e-02 1.16e+01  -4.1 6.34e-02    -  1.00e+00 1.00e+00h  1
 181r 1.4449795e+01 2.55e-02 3.26e+00  -4.1 6.54e-02    -  1.00e+00 1.00e+00h  1
 182r 1.4451604e+01 2.55e-02 6.46e+00  -4.1 2.58e-02    -  1.00e+00 1.00e+00h  1
 183r 1.4450202e+01 2.55e-02 1.28e+00  -4.0 2.31e-02    -  1.00e+00 1.00e+00h  1
 184r 1.4450630e+01 2.55e-02 2.20e+00  -4.1 1.94e-02    -  1.00e+00 1.00e+00h  1
 185r 1.4447622e+01 2.55e-02 1.13e+01  -4.0 6.56e-02    -  1.00e+00 1.00e+00h  1
 186r 1.4450365e+01 2.55e-02 1.25e+01  -4.1 3.20e-02    -  1.00e+00 1.00e+00h  1
 187r 1.4449613e+01 2.55e-02 1.50e+00  -4.1 3.09e-02    -  1.00e+00 1.00e+00h  1
 188r 1.4449487e+01 2.55e-02 8.36e-01  -4.0 5.03e-03    -  1.00e+00 1.00e+00h  1
 189r 1.4451200e+01 2.55e-02 1.13e+01  -4.1 5.33e-02    -  1.00e+00 1.00e+00h  1
iter    objective    inf_pr   inf_du lg(mu)  ||d||  lg(rg) alpha_du alpha_pr  ls
 190r 1.4452747e+01 2.55e-02 7.72e+00  -4.1 2.46e-02    -  1.00e+00 1.00e+00h  1
 191r 1.4450094e+01 2.55e-02 2.63e+00  -4.1 4.13e-02    -  1.00e+00 1.00e+00h  1
 192r 1.4448524e+01 2.55e-02 8.28e+00  -4.1 3.08e-02    -  1.00e+00 1.00e+00h  1
 193r 1.4449883e+01 2.55e-02 5.28e-01  -4.0 2.39e-02    -  1.00e+00 1.00e+00h  1
 194r 1.4451114e+01 2.55e-02 1.87e+00  -4.1 2.84e-02    -  1.00e+00 1.00e+00h  1
 195r 1.4449601e+01 2.55e-02 1.83e+00  -4.1 2.86e-02    -  1.00e+00 1.00e+00H  1
 196r 1.4445866e+01 2.55e-02 2.69e+01  -4.0 8.29e-02    -  1.00e+00 1.00e+00f  1
 197r 1.4453367e+01 2.55e-02 8.71e+00  -4.1 1.28e-01    -  1.00e+00 1.00e+00h  1
 198r 1.4443424e+01 2.55e-02 3.43e+01  -4.1 9.62e-02    -  8.08e-01 1.00e+00H  1
 199r 1.4448671e+01 2.55e-02 6.47e+00  -4.1 8.08e-02    -  1.00e+00 1.00e+00h  1
iter    objective    inf_pr   inf_du lg(mu)  ||d||  lg(rg) alpha_du alpha_pr  ls
 200r 1.4449289e+01 2.55e-02 3.70e+00  -4.1 1.92e-02    -  1.00e+00 1.00e+00h  1
 201r 1.4448962e+01 2.55e-02 3.89e+00  -4.1 1.64e-02    -  1.00e+00 1.00e+00h  1
 202r 1.4448764e+01 2.55e-02 1.18e+00  -4.0 1.55e-02    -  1.00e+00 1.00e+00h  1
 203r 1.4451244e+01 2.55e-02 9.55e+00  -4.1 4.80e-02    -  1.00e+00 1.00e+00h  1
 204r 1.4449233e+01 2.55e-02 5.30e+00  -4.1 3.29e-02    -  1.00e+00 1.00e+00h  1
 205r 1.4449472e+01 2.55e-02 4.24e+00  -4.1 2.92e-02    -  1.00e+00 1.00e+00h  1
 206r 1.4447380e+01 2.55e-02 3.92e+00  -4.1 2.26e-02    -  1.00e+00 1.00e+00h  1
 207r 1.4449222e+01 2.55e-02 2.75e+00  -4.1 2.29e-02    -  1.00e+00 1.00e+00h  1
 208r 1.4448924e+01 2.55e-02 1.49e+00  -4.0 1.35e-02    -  1.00e+00 1.00e+00h  1
 209r 1.4453904e+01 2.55e-02 1.58e+01  -4.1 9.11e-02    -  1.00e+00 1.00e+00h  1
iter    objective    inf_pr   inf_du lg(mu)  ||d||  lg(rg) alpha_du alpha_pr  ls
 210r 1.4452281e+01 2.55e-02 6.47e+00  -4.1 5.86e-02    -  1.00e+00 1.00e+00h  1
 211r 1.4446868e+01 2.55e-02 1.10e+01  -4.1 7.50e-02    -  1.00e+00 1.00e+00h  1
 212r 1.4447698e+01 2.55e-02 1.43e+01  -4.1 3.39e-02    -  1.00e+00 1.00e+00h  1
 213r 1.4450309e+01 2.55e-02 8.49e+00  -4.1 5.44e-02    -  1.00e+00 1.00e+00H  1
 214r 1.4448455e+01 2.55e-02 9.47e+00  -4.1 2.21e-02    -  1.00e+00 1.00e+00h  1
 215r 1.4448918e+01 2.55e-02 1.23e+00  -4.1 1.88e-02    -  1.00e+00 1.00e+00h  1
 216r 1.4449077e+01 2.55e-02 6.39e-01  -4.0 4.23e-03    -  1.00e+00 1.00e+00h  1
 217r 1.4453557e+01 2.55e-02 1.42e+01  -4.1 1.05e-01    -  1.00e+00 1.00e+00f  1
 218r 1.4450578e+01 2.55e-02 4.93e+00  -4.1 8.53e-02    -  1.00e+00 1.00e+00h  1
 219r 1.4453178e+01 2.55e-02 1.79e+01  -4.1 6.86e-02    -  1.00e+00 1.00e+00h  1
iter    objective    inf_pr   inf_du lg(mu)  ||d||  lg(rg) alpha_du alpha_pr  ls
 220r 1.4448796e+01 2.55e-02 1.17e+01  -4.1 4.65e-02    -  1.00e+00 1.00e+00h  1
 221r 1.4449683e+01 2.55e-02 6.67e+00  -4.1 2.96e-02    -  1.00e+00 1.00e+00h  1
 222r 1.4449618e+01 2.55e-02 2.67e+00  -4.0 1.83e-02    -  1.00e+00 1.00e+00h  1
 223r 1.4453531e+01 2.55e-02 8.66e+00  -4.1 6.12e-02    -  1.00e+00 1.00e+00h  1
 224r 1.4450727e+01 2.55e-02 1.54e+01  -4.1 4.92e-02    -  1.00e+00 1.00e+00h  1
 225r 1.4448326e+01 2.55e-02 5.74e+00  -4.1 2.81e-02    -  1.00e+00 1.00e+00h  1
 226r 1.4450606e+01 2.55e-02 2.90e+00  -4.1 2.14e-02    -  1.00e+00 1.00e+00h  1
 227r 1.4450005e+01 2.55e-02 1.10e+00  -4.0 1.01e-02    -  1.00e+00 1.00e+00h  1
 228r 1.4451866e+01 2.55e-02 5.52e+00  -4.1 5.43e-02    -  1.00e+00 1.00e+00h  1
 229r 1.4447481e+01 2.55e-02 6.40e+00  -4.1 5.52e-02    -  1.00e+00 1.00e+00h  1
iter    objective    inf_pr   inf_du lg(mu)  ||d||  lg(rg) alpha_du alpha_pr  ls
 230r 1.4445619e+01 2.55e-02 1.34e+01  -4.1 8.09e-02    -  1.00e+00 1.00e+00h  1
 231r 1.4452009e+01 2.55e-02 5.00e+00  -4.1 1.00e-01    -  1.00e+00 1.00e+00h  1
 232r 1.4447862e+01 2.55e-02 1.73e+01  -4.1 2.21e-02    -  1.00e+00 1.00e+00h  1
 233r 1.4447994e+01 2.55e-02 2.98e+00  -4.1 3.31e-02    -  1.00e+00 1.00e+00h  1
 234r 1.4448703e+01 2.55e-02 1.51e+00  -4.0 1.37e-02    -  1.00e+00 1.00e+00h  1
 235r 1.4455669e+01 2.55e-02 2.78e+01  -4.1 1.57e-01    -  1.00e+00 1.00e+00h  1
 236r 1.4452219e+01 2.55e-02 1.03e+01  -4.1 1.45e-01    -  1.00e+00 1.00e+00h  1
 237r 1.4451308e+01 2.55e-02 4.07e+01  -4.1 1.38e-01    -  1.00e+00 8.50e-01h  1
 238r 1.4454035e+01 2.55e-02 1.38e+01  -4.1 1.63e-01    -  8.67e-01 1.00e+00f  1
 239r 1.4448979e+01 2.55e-02 1.29e+01  -4.1 1.03e-01    -  1.00e+00 1.00e+00h  1
iter    objective    inf_pr   inf_du lg(mu)  ||d||  lg(rg) alpha_du alpha_pr  ls
 240r 1.4442424e+01 2.55e-02 2.18e+01  -4.1 6.32e-02    -  1.00e+00 1.00e+00h  1
 241r 1.4451237e+01 2.55e-02 1.37e+01  -4.1 1.28e-01    -  1.00e+00 1.00e+00h  1
 242r 1.4449997e+01 2.55e-02 4.56e+00  -4.1 8.50e-02    -  1.00e+00 5.00e-01h  2
 243r 1.4447325e+01 2.55e-02 6.54e+00  -4.1 2.67e-02    -  1.00e+00 1.00e+00h  1
 244r 1.4449503e+01 2.55e-02 4.82e+00  -4.1 4.98e-02    -  1.00e+00 1.00e+00H  1
 245r 1.4449572e+01 2.55e-02 1.66e+00  -4.1 1.56e-02    -  1.00e+00 1.00e+00h  1
 246r 1.4446823e+01 2.55e-02 7.70e+00  -4.0 3.18e-02    -  1.00e+00 1.00e+00h  1
 247r 1.4453865e+01 2.55e-02 9.45e+00  -4.1 1.08e-01    -  1.00e+00 1.00e+00h  1
 248r 1.4454131e+01 2.55e-02 3.14e+01  -4.1 1.39e-01    -  1.00e+00 1.00e+00h  1
 249r 1.4447705e+01 2.55e-02 1.53e+01  -4.1 1.66e-01    -  1.00e+00 1.00e+00h  1
iter    objective    inf_pr   inf_du lg(mu)  ||d||  lg(rg) alpha_du alpha_pr  ls
 250r 1.4447460e+01 2.55e-02 2.59e+01  -4.1 9.24e-02    -  7.08e-01 1.00e+00h  1
 251r 1.4450588e+01 2.55e-02 6.22e+00  -4.1 7.74e-02    -  1.00e+00 1.00e+00h  1
 252r 1.4449021e+01 2.55e-02 3.73e+00  -4.0 1.80e-02    -  1.00e+00 1.00e+00h  1
 253r 1.4455184e+01 2.55e-02 9.81e+00  -4.1 8.07e-02    -  1.00e+00 1.00e+00h  1
 254r 1.4452618e+01 2.55e-02 7.55e+00  -4.1 6.38e-02    -  1.00e+00 1.00e+00h  1
 255r 1.4446574e+01 2.55e-02 1.18e+01  -4.1 7.46e-02    -  1.00e+00 1.00e+00h  1
 256r 1.4449212e+01 2.55e-02 4.59e+00  -4.1 7.00e-02    -  1.00e+00 1.00e+00h  1
 257r 1.4450623e+01 2.55e-02 5.08e+00  -4.1 4.33e-02    -  1.00e+00 1.00e+00h  1
 258r 1.4449345e+01 2.55e-02 2.29e+00  -4.1 1.63e-02    -  1.00e+00 1.00e+00h  1
 259r 1.4448050e+01 2.55e-02 5.84e+00  -4.1 1.54e-02    -  1.00e+00 1.00e+00h  1
iter    objective    inf_pr   inf_du lg(mu)  ||d||  lg(rg) alpha_du alpha_pr  ls
 260r 1.4449475e+01 2.55e-02 1.47e+00  -4.1 2.15e-02    -  1.00e+00 1.00e+00h  1
 261r 1.4449081e+01 2.55e-02 4.71e+00  -4.1 9.51e-03    -  1.00e+00 1.00e+00h  1
 262r 1.4448594e+01 2.55e-02 1.10e+00  -4.1 1.52e-02    -  1.00e+00 1.00e+00h  1
 263r 1.4448954e+01 2.55e-02 1.10e+00  -4.1 3.22e-03    -  1.00e+00 1.00e+00h  1
 264r 1.4448803e+01 2.55e-02 2.53e-01  -4.1 2.86e-03    -  1.00e+00 1.00e+00h  1
 265r 1.4448683e+01 2.55e-02 3.66e-01  -4.1 1.50e-03    -  1.00e+00 1.00e+00h  1
 266r 1.4448338e+01 2.55e-02 1.14e+00  -4.1 3.64e-03    -  1.00e+00 1.00e+00H  1
 267r 1.4446050e+01 2.55e-02 1.13e+01  -4.0 3.28e-02    -  1.00e+00 1.00e+00f  1
 268r 1.4455125e+01 2.55e-02 1.69e+01  -4.1 1.12e-01    -  1.00e+00 1.00e+00h  1
 269r 1.4449030e+01 2.55e-02 2.73e+01  -4.1 6.60e-02    -  1.00e+00 1.00e+00h  1
iter    objective    inf_pr   inf_du lg(mu)  ||d||  lg(rg) alpha_du alpha_pr  ls
 270r 1.4451156e+01 2.55e-02 6.76e+00  -4.1 5.62e-02    -  1.00e+00 1.00e+00h  1
 271r 1.4452923e+01 2.55e-02 3.73e+00  -4.1 3.40e-02    -  1.00e+00 1.00e+00h  1
 272r 1.4449362e+01 2.55e-02 4.01e+00  -4.1 2.43e-02    -  1.00e+00 1.00e+00h  1
 273r 1.4445310e+01 2.55e-02 2.11e+01  -4.1 6.69e-02    -  1.00e+00 1.00e+00H  1
 274r 1.4440009e+01 2.55e-02 2.46e+01  -4.1 4.65e-02    -  1.00e+00 1.00e+00H  1
 275r 1.4447459e+01 2.55e-02 1.23e+01  -4.1 9.19e-02    -  1.00e+00 1.00e+00H  1
 276r 1.4452701e+01 2.55e-02 4.51e+01  -4.1 5.79e-02    -  1.00e+00 1.00e+00H  1
 277r 1.4442868e+01 2.55e-02 1.08e+01  -4.1 1.02e-01    -  1.00e+00 1.00e+00h  1
 278r 1.4443870e+01 2.55e-02 8.05e+00  -4.1 7.86e-02    -  1.00e+00 1.25e-01h  4
 279r 1.4445366e+01 2.55e-02 3.93e+00  -4.1 2.70e-01    -  1.00e+00 6.25e-02h  5
iter    objective    inf_pr   inf_du lg(mu)  ||d||  lg(rg) alpha_du alpha_pr  ls
 280r 1.4445467e+01 2.55e-02 3.55e+00  -4.1 6.68e-02    -  1.00e+00 1.56e-02h  7
 281r 1.4448089e+01 2.55e-02 7.30e+00  -4.1 3.34e-02    -  1.00e+00 1.00e+00h  1
 282r 1.4451837e+01 2.55e-02 9.58e+00  -4.1 3.11e-02    -  1.00e+00 1.00e+00h  1
 283r 1.4447124e+01 2.55e-02 5.93e+00  -4.1 3.75e-02    -  1.00e+00 1.00e+00h  1
 284r 1.4444876e+01 2.55e-02 1.24e+01  -4.1 3.43e-02    -  1.00e+00 1.00e+00H  1
 285r 1.4448597e+01 2.55e-02 7.02e+00  -4.1 3.97e-02    -  1.00e+00 1.00e+00H  1
 286r 1.4447748e+01 2.55e-02 6.14e+00  -4.0 2.53e-02    -  1.00e+00 1.00e+00h  1
 287r 1.4450539e+01 2.55e-02 5.01e+00  -4.1 2.94e-02    -  1.00e+00 1.00e+00h  1
 288r 1.4449118e+01 2.55e-02 3.72e+00  -4.1 1.57e-02    -  1.00e+00 1.00e+00h  1
 289r 1.4444593e+01 2.55e-02 1.65e+01  -4.0 3.77e-02    -  1.00e+00 1.00e+00h  1
iter    objective    inf_pr   inf_du lg(mu)  ||d||  lg(rg) alpha_du alpha_pr  ls
 290r 1.4451062e+01 2.55e-02 5.03e+00  -4.1 5.65e-02    -  1.00e+00 1.00e+00h  1
 291r 1.4448133e+01 2.55e-02 7.19e+00  -4.1 4.41e-02    -  1.00e+00 1.00e+00h  1
 292r 1.4440252e+01 2.55e-02 2.41e+01  -4.1 6.89e-02    -  1.00e+00 1.00e+00h  1
 293r 1.4447991e+01 2.55e-02 1.52e+01  -4.1 9.35e-02    -  1.00e+00 1.00e+00H  1
 294r 1.4464454e+01 2.55e-02 3.96e+01  -4.1 1.43e-01    -  1.00e+00 1.00e+00h  1
 295r 1.4448712e+01 2.55e-02 1.57e+01  -4.1 1.45e-01    -  6.79e-01 1.00e+00h  1
 296r 1.4445424e+01 2.55e-02 5.99e+01  -4.1 9.21e-02    -  1.00e+00 1.00e+00h  1
 297r 1.4451521e+01 2.55e-02 9.78e+00  -4.1 9.87e-02    -  1.00e+00 9.61e-01h  1
 298r 1.4450489e+01 2.55e-02 2.52e+01  -4.1 4.61e-02    -  7.69e-01 1.00e+00h  1
 299r 1.4447496e+01 2.55e-02 5.61e+00  -4.1 4.81e-02    -  1.00e+00 1.00e+00h  1
iter    objective    inf_pr   inf_du lg(mu)  ||d||  lg(rg) alpha_du alpha_pr  ls
 300r 1.4447674e+01 2.55e-02 2.17e+00  -4.1 2.04e-02    -  1.00e+00 1.00e+00h  1
 301r 1.4448024e+01 2.55e-02 1.32e+00  -4.1 1.91e-02    -  1.00e+00 1.00e+00h  1
 302r 1.4447830e+01 2.55e-02 7.99e-01  -4.0 2.03e-03    -  1.00e+00 1.00e+00h  1
 303r 1.4448888e+01 2.55e-02 2.94e+00  -4.1 1.88e-02    -  1.00e+00 1.00e+00f  1
 304r 1.4447499e+01 2.55e-02 4.58e+00  -4.1 1.91e-02    -  1.00e+00 1.00e+00h  1
 305r 1.4446771e+01 2.55e-02 5.12e+00  -4.1 1.82e-02    -  1.00e+00 1.00e+00h  1
 306r 1.4447879e+01 2.55e-02 3.16e+00  -4.0 1.41e-02    -  1.00e+00 1.00e+00h  1
 307r 1.4450047e+01 2.55e-02 6.43e+00  -4.1 4.02e-02    -  1.00e+00 1.00e+00h  1
 308r 1.4448034e+01 2.55e-02 3.87e+00  -4.1 3.36e-02    -  1.00e+00 1.00e+00h  1
 309r 1.4445944e+01 2.55e-02 2.00e+01  -4.1 6.23e-02    -  1.00e+00 1.00e+00h  1
iter    objective    inf_pr   inf_du lg(mu)  ||d||  lg(rg) alpha_du alpha_pr  ls
 310r 1.4447977e+01 2.55e-02 2.69e+00  -4.1 6.19e-02    -  1.00e+00 1.00e+00h  1
 311r 1.4447355e+01 2.55e-02 4.92e+00  -4.1 1.41e-02    -  1.00e+00 1.00e+00h  1
 312r 1.4447184e+01 2.55e-02 1.46e+00  -4.0 1.08e-02    -  1.00e+00 1.00e+00h  1
 313r 1.4449362e+01 2.55e-02 4.49e+00  -4.1 3.28e-02    -  1.00e+00 1.00e+00h  1
 314r 1.4449081e+01 2.55e-02 1.15e+01  -4.1 3.41e-02    -  1.00e+00 1.00e+00h  1
 315r 1.4448000e+01 2.55e-02 1.07e+00  -4.1 2.70e-02    -  1.00e+00 1.00e+00h  1
 316r 1.4447731e+01 2.55e-02 2.94e-01  -4.1 3.69e-03    -  1.00e+00 1.00e+00h  1
 317r 1.4447606e+01 2.55e-02 1.27e+00  -4.0 4.93e-03    -  1.00e+00 1.00e+00f  1
 318r 1.4450267e+01 2.55e-02 7.81e+00  -4.1 3.99e-02    -  1.00e+00 1.00e+00h  1
 319r 1.4449197e+01 2.55e-02 4.87e+00  -4.1 2.31e-02    -  1.00e+00 1.00e+00h  1
iter    objective    inf_pr   inf_du lg(mu)  ||d||  lg(rg) alpha_du alpha_pr  ls
 320r 1.4447720e+01 2.55e-02 5.63e+00  -4.0 3.64e-02    -  1.00e+00 1.00e+00h  1
 321r 1.4451784e+01 2.55e-02 3.56e+00  -4.1 5.91e-02    -  1.00e+00 1.00e+00h  1
 322r 1.4446924e+01 2.55e-02 1.52e+01  -4.1 4.53e-02    -  1.00e+00 1.00e+00h  1
 323r 1.4448649e+01 2.55e-02 1.63e+00  -4.1 4.09e-02    -  1.00e+00 1.00e+00h  1
 324r 1.4448218e+01 2.55e-02 9.89e-01  -4.0 6.16e-03    -  1.00e+00 1.00e+00h  1
 325r 1.4454871e+01 2.55e-02 2.17e+01  -4.1 9.30e-02    -  1.00e+00 1.00e+00h  1
 326r 1.4455502e+01 2.55e-02 1.46e+01  -4.1 3.85e-02    -  1.00e+00 1.00e+00h  1
 327r 1.4449312e+01 2.55e-02 6.04e+00  -4.1 7.58e-02    -  1.00e+00 1.00e+00H  1
 328r 1.4445948e+01 2.55e-02 1.73e+01  -4.1 4.10e-02    -  1.00e+00 9.07e-01h  1
 329r 1.4450702e+01 2.55e-02 5.54e+00  -4.1 4.59e-02    -  1.00e+00 1.00e+00f  1
iter    objective    inf_pr   inf_du lg(mu)  ||d||  lg(rg) alpha_du alpha_pr  ls
 330r 1.4448805e+01 2.55e-02 4.49e+00  -4.1 2.87e-02    -  1.00e+00 1.00e+00h  1
 331r 1.4441047e+01 2.55e-02 3.10e+01  -4.1 7.72e-02    -  1.00e+00 1.00e+00H  1
 332r 1.4443720e+01 2.55e-02 8.30e+00  -4.1 6.23e-02    -  1.00e+00 1.00e+00H  1
 333r 1.4454039e+01 2.55e-02 3.18e+01  -4.1 1.18e-01    -  1.00e+00 1.00e+00h  1
 334r 1.4446631e+01 2.55e-02 1.10e+01  -4.1 9.64e-02    -  1.00e+00 1.00e+00h  1
 335r 1.4441512e+01 2.55e-02 3.26e+01  -4.1 2.02e-01    -  1.00e+00 4.28e-01h  1
 336r 1.4443520e+01 2.55e-02 1.51e+01  -4.1 5.81e-02    -  1.00e+00 5.00e-01h  2
 337r 1.4450193e+01 2.55e-02 2.08e+01  -4.1 1.05e-01    -  1.00e+00 1.00e+00H  1
 338r 1.4449555e+01 2.55e-02 4.61e+01  -4.1 1.08e-01    -  1.00e+00 1.00e+00H  1
 339r 1.4445092e+01 2.55e-02 1.99e+01  -4.1 1.63e-01    -  1.00e+00 1.00e+00f  1
iter    objective    inf_pr   inf_du lg(mu)  ||d||  lg(rg) alpha_du alpha_pr  ls
 340r 1.4447708e+01 2.55e-02 1.76e+01  -4.1 6.25e-02    -  1.00e+00 6.58e-01h  1
 341r 1.4447111e+01 2.55e-02 2.77e+00  -4.1 3.68e-02    -  1.00e+00 1.00e+00h  1
 342r 1.4447299e+01 2.55e-02 2.56e+00  -4.0 6.49e-03    -  1.00e+00 1.00e+00h  1
 343r 1.4450579e+01 2.55e-02 6.36e+00  -4.1 4.70e-02    -  1.00e+00 1.00e+00h  1
 344r 1.4446668e+01 2.55e-02 9.08e+00  -4.1 4.84e-02    -  1.00e+00 1.00e+00h  1
 345r 1.4446473e+01 2.55e-02 1.62e+01  -4.1 6.17e-02    -  1.00e+00 1.00e+00h  1
 346r 1.4447631e+01 2.55e-02 9.03e+00  -4.1 6.47e-02    -  1.00e+00 1.00e+00h  1
 347r 1.4452112e+01 2.55e-02 2.43e+01  -4.1 6.78e-02    -  1.00e+00 1.00e+00H  1
 348r 1.4447269e+01 2.55e-02 6.57e+00  -4.1 7.27e-02    -  1.00e+00 1.00e+00H  1
 349r 1.4439359e+01 2.55e-02 3.30e+01  -4.1 1.13e-01    -  1.00e+00 1.00e+00H  1
iter    objective    inf_pr   inf_du lg(mu)  ||d||  lg(rg) alpha_du alpha_pr  ls
 350r 1.4448738e+01 2.55e-02 1.22e+01  -4.1 1.59e-01    -  1.00e+00 1.00e+00H  1
 351r 1.4447964e+01 2.55e-02 1.11e+01  -4.1 4.67e-02    -  1.00e+00 1.00e+00h  1
 352r 1.4446933e+01 2.55e-02 1.52e+00  -4.1 4.80e-02    -  1.00e+00 1.00e+00h  1
 353r 1.4447030e+01 2.55e-02 5.65e-01  -4.1 3.02e-03    -  1.00e+00 1.00e+00h  1
 354r 1.4447004e+01 2.55e-02 5.66e-01  -4.1 1.10e-03    -  1.00e+00 1.00e+00h  1
 355r 1.4446474e+01 2.55e-02 3.68e+00  -4.0 5.77e-03    -  1.00e+00 1.00e+00f  1
 356r 1.4450586e+01 2.55e-02 8.51e+00  -4.1 6.48e-02    -  1.00e+00 1.00e+00h  1
 357r 1.4449571e+01 2.55e-02 1.21e+01  -4.1 3.25e-02    -  1.00e+00 1.00e+00h  1
 358r 1.4448574e+01 2.55e-02 3.76e+00  -4.1 3.91e-02    -  1.00e+00 1.00e+00h  1
 359r 1.4448314e+01 2.55e-02 9.63e+00  -4.1 2.89e-02    -  1.00e+00 1.00e+00h  1
iter    objective    inf_pr   inf_du lg(mu)  ||d||  lg(rg) alpha_du alpha_pr  ls
 360r 1.4448977e+01 2.55e-02 3.26e+00  -4.1 2.10e-02    -  1.00e+00 1.00e+00h  1
 361r 1.4448430e+01 2.55e-02 1.13e+00  -4.1 8.43e-03    -  1.00e+00 1.00e+00h  1
 362r 1.4446199e+01 2.55e-02 1.71e+01  -4.0 4.25e-02    -  1.00e+00 1.00e+00h  1
 363r 1.4453898e+01 2.55e-02 9.91e+00  -4.1 1.31e-01    -  1.00e+00 1.00e+00h  1
 364r 1.4443720e+01 2.55e-02 2.39e+01  -4.1 9.79e-02    -  1.00e+00 1.00e+00h  1
 365r 1.4447369e+01 2.55e-02 5.42e+00  -4.1 9.31e-02    -  1.00e+00 1.00e+00h  1
 366r 1.4449651e+01 2.55e-02 3.62e+00  -4.1 3.15e-02    -  1.00e+00 1.00e+00h  1
 367r 1.4448075e+01 2.55e-02 7.72e+00  -4.1 2.44e-02    -  1.00e+00 1.00e+00h  1
 368r 1.4447449e+01 2.55e-02 3.59e+00  -4.0 2.64e-02    -  1.00e+00 1.00e+00h  1
 369r 1.4453384e+01 2.55e-02 1.92e+01  -4.1 9.07e-02    -  1.00e+00 1.00e+00h  1
iter    objective    inf_pr   inf_du lg(mu)  ||d||  lg(rg) alpha_du alpha_pr  ls
 370r 1.4449583e+01 2.55e-02 8.70e+00  -4.1 5.03e-02    -  1.00e+00 1.00e+00h  1
 371r 1.4449740e+01 2.55e-02 1.50e+01  -4.1 9.16e-02    -  1.00e+00 1.00e+00h  1
 372r 1.4445430e+01 2.55e-02 1.74e+01  -4.1 5.25e-02    -  1.00e+00 1.00e+00h  1
 373r 1.4450624e+01 2.55e-02 1.05e+01  -4.1 7.38e-02    -  1.00e+00 1.00e+00h  1
 374r 1.4449713e+01 2.55e-02 8.32e+00  -4.1 3.47e-02    -  1.00e+00 1.00e+00h  1
 375r 1.4445406e+01 2.55e-02 1.39e+01  -4.1 3.40e-02    -  1.00e+00 1.00e+00h  1
 376r 1.4448248e+01 2.55e-02 4.35e+00  -4.1 5.04e-02    -  1.00e+00 1.00e+00H  1
 377r 1.4451362e+01 2.55e-02 1.06e+01  -4.0 2.45e-02    -  1.00e+00 1.00e+00f  1
 378r 1.4450026e+01 2.55e-02 2.46e+00  -4.1 1.89e-02    -  1.00e+00 1.00e+00h  1
 379r 1.4447860e+01 2.55e-02 4.48e+00  -4.0 3.61e-02    -  1.00e+00 1.00e+00h  1
iter    objective    inf_pr   inf_du lg(mu)  ||d||  lg(rg) alpha_du alpha_pr  ls
 380r 1.4453861e+01 2.55e-02 1.44e+01  -4.1 7.67e-02    -  1.00e+00 1.00e+00h  1
 381r 1.4453064e+01 2.55e-02 1.39e+01  -4.1 4.07e-02    -  1.00e+00 1.00e+00h  1
 382r 1.4448663e+01 2.55e-02 5.59e+00  -4.1 6.50e-02    -  1.00e+00 1.00e+00h  1
 383r 1.4449005e+01 2.55e-02 1.04e+01  -4.1 3.39e-02    -  1.00e+00 9.57e-01h  1
 384r 1.4450252e+01 2.55e-02 3.79e+00  -4.1 4.66e-02    -  1.00e+00 1.00e+00f  1
 385r 1.4448511e+01 2.55e-02 5.01e+00  -4.1 1.98e-02    -  1.00e+00 1.00e+00h  1
 386r 1.4447731e+01 2.55e-02 5.89e+00  -4.1 1.89e-02    -  1.00e+00 1.00e+00h  1
 387r 1.4448082e+01 2.55e-02 1.92e+00  -4.1 1.67e-02    -  1.00e+00 1.00e+00h  1
 388r 1.4448451e+01 2.55e-02 3.38e+00  -4.1 1.05e-02    -  1.00e+00 1.00e+00h  1
 389r 1.4448372e+01 2.55e-02 1.64e+00  -4.0 1.01e-02    -  1.00e+00 1.00e+00h  1
iter    objective    inf_pr   inf_du lg(mu)  ||d||  lg(rg) alpha_du alpha_pr  ls
 390r 1.4451816e+01 2.55e-02 1.60e+01  -4.1 6.00e-02    -  1.00e+00 1.00e+00h  1
 391r 1.4459481e+01 2.55e-02 2.02e+01  -4.1 5.56e-02    -  1.00e+00 1.00e+00h  1
 392r 1.4448860e+01 2.55e-02 2.04e+01  -4.1 1.31e-01    -  1.00e+00 1.00e+00h  1
 393r 1.4434809e+01 2.55e-02 6.20e+01  -4.1 1.03e-01    -  9.05e-01 1.00e+00h  1
 394r 1.4451985e+01 2.55e-02 1.89e+01  -4.1 1.69e-01    -  1.00e+00 1.00e+00h  1
 395r 1.4448091e+01 2.55e-02 1.52e+01  -4.0 6.14e-02    -  1.00e+00 1.00e+00h  1
 396r 1.4451109e+01 2.55e-02 7.09e+00  -4.1 6.03e-02    -  1.00e+00 1.00e+00h  1
 397r 1.4446447e+01 2.55e-02 5.14e+00  -4.1 2.86e-02    -  1.00e+00 1.00e+00h  1
 398r 1.4444789e+01 2.55e-02 1.19e+01  -4.1 4.10e-02    -  1.00e+00 1.00e+00H  1
 399r 1.4446431e+01 2.55e-02 6.71e+00  -4.1 1.84e-02    -  1.00e+00 1.00e+00h  1
iter    objective    inf_pr   inf_du lg(mu)  ||d||  lg(rg) alpha_du alpha_pr  ls
 400r 1.4447805e+01 2.55e-02 6.59e+00  -4.1 2.97e-02    -  1.00e+00 1.00e+00H  1
 401r 1.4444548e+01 2.55e-02 6.41e+00  -4.1 3.01e-02    -  1.00e+00 1.00e+00H  1
 402r 1.4446221e+01 2.55e-02 1.45e+00  -4.1 1.46e-02    -  1.00e+00 1.00e+00h  1
 403r 1.4446916e+01 2.55e-02 1.29e+00  -4.0 9.29e-03    -  1.00e+00 1.00e+00h  1
 404r 1.4454140e+01 2.55e-02 2.65e+01  -4.1 1.37e-01    -  1.00e+00 1.00e+00h  1
 405r 1.4455946e+01 2.55e-02 1.22e+01  -4.1 9.60e-02    -  1.00e+00 1.00e+00h  1
 406r 1.4441840e+01 2.55e-02 3.30e+01  -4.1 1.90e-01    -  1.00e+00 8.52e-01h  1
 407r 1.4438833e+01 2.55e-02 3.88e+01  -4.1 1.14e-01    -  1.00e+00 4.78e-01h  1
 408r 1.4451794e+01 2.55e-02 1.99e+01  -4.1 1.45e-01    -  4.76e-01 1.00e+00H  1
 409r 1.4446649e+01 2.55e-02 1.13e+01  -4.1 7.68e-02    -  7.16e-01 6.63e-01h  1
iter    objective    inf_pr   inf_du lg(mu)  ||d||  lg(rg) alpha_du alpha_pr  ls
 410r 1.4446899e+01 2.55e-02 1.97e+01  -4.1 4.67e-02    -  1.00e+00 1.00e+00f  1
 411r 1.4448371e+01 2.55e-02 1.02e+01  -4.1 6.37e-02    -  1.00e+00 1.00e+00H  1
 412r 1.4448297e+01 2.55e-02 6.12e+00  -4.1 3.98e-02    -  1.00e+00 1.00e+00h  1
 413r 1.4446985e+01 2.55e-02 2.26e+00  -4.1 3.58e-02    -  1.00e+00 1.00e+00h  1
 414r 1.4447257e+01 2.55e-02 3.06e+00  -4.1 1.11e-02    -  1.00e+00 1.00e+00h  1
 415r 1.4447405e+01 2.55e-02 8.23e-01  -4.1 8.09e-03    -  1.00e+00 1.00e+00h  1
 416r 1.4447338e+01 2.55e-02 2.88e-01  -4.0 1.09e-03    -  1.00e+00 1.00e+00h  1
 417r 1.4450358e+01 2.55e-02 8.41e+00  -4.1 5.17e-02    -  1.00e+00 1.00e+00f  1
 418r 1.4451077e+01 2.55e-02 8.65e+00  -4.1 3.04e-02    -  1.00e+00 1.00e+00h  1
 419r 1.4447162e+01 2.55e-02 1.10e+01  -4.1 4.46e-02    -  1.00e+00 1.00e+00h  1
iter    objective    inf_pr   inf_du lg(mu)  ||d||  lg(rg) alpha_du alpha_pr  ls
 420r 1.4442728e+01 2.55e-02 1.12e+01  -4.1 6.72e-02    -  1.00e+00 1.00e+00h  1
 421r 1.4449627e+01 2.55e-02 8.84e+00  -4.1 7.34e-02    -  1.00e+00 1.00e+00h  1
 422r 1.4448724e+01 2.55e-02 4.39e+00  -4.1 2.75e-02    -  1.00e+00 1.00e+00h  1
 423r 1.4444630e+01 2.55e-02 9.65e+00  -4.1 4.12e-02    -  1.00e+00 1.00e+00h  1
 424r 1.4445579e+01 2.55e-02 4.82e+00  -4.1 3.73e-02    -  1.00e+00 5.00e-01h  2
 425r 1.4452534e+01 2.55e-02 1.45e+01  -4.1 8.32e-02    -  1.00e+00 1.00e+00H  1
 426r 1.4450129e+01 2.55e-02 1.60e+01  -4.1 4.21e-02    -  1.00e+00 1.00e+00h  1
 427r 1.4446099e+01 2.55e-02 8.02e+00  -4.1 8.00e-02    -  1.00e+00 1.00e+00h  1
 428r 1.4448480e+01 2.55e-02 8.56e+00  -4.1 9.58e-02    -  1.00e+00 1.00e+00h  1
 429r 1.4447713e+01 2.55e-02 1.57e+00  -4.1 8.26e-02    -  1.00e+00 1.00e+00h  1
iter    objective    inf_pr   inf_du lg(mu)  ||d||  lg(rg) alpha_du alpha_pr  ls
 430r 1.4447067e+01 2.55e-02 9.98e-01  -4.1 4.43e-03    -  1.00e+00 1.00e+00h  1
 431r 1.4447136e+01 2.55e-02 8.26e-01  -4.1 1.74e-03    -  1.00e+00 1.00e+00h  1
 432r 1.4447166e+01 2.55e-02 3.44e-01  -4.1 7.48e-04    -  1.00e+00 1.00e+00h  1
 433r 1.4447131e+01 2.55e-02 6.62e-02  -4.1 3.16e-04    -  1.00e+00 1.00e+00h  1
 434r 1.4447058e+01 2.55e-02 5.94e-01  -4.0 2.32e-03    -  1.00e+00 1.00e+00f  1
 435r 1.4450629e+01 2.55e-02 8.84e+00  -4.1 4.91e-02    -  1.00e+00 1.00e+00f  1
 436r 1.4448310e+01 2.55e-02 5.94e+00  -4.1 3.25e-02    -  1.00e+00 1.00e+00h  1
 437r 1.4448008e+01 2.55e-02 9.15e+00  -4.1 4.01e-02    -  1.00e+00 1.00e+00h  1
 438r 1.4447522e+01 2.55e-02 8.34e+00  -4.1 2.10e-02    -  1.00e+00 5.00e-01h  2
 439r 1.4448368e+01 2.55e-02 3.05e+00  -4.1 2.05e-02    -  1.00e+00 1.00e+00h  1
iter    objective    inf_pr   inf_du lg(mu)  ||d||  lg(rg) alpha_du alpha_pr  ls
 440r 1.4448054e+01 2.55e-02 1.75e+00  -4.1 9.29e-03    -  1.00e+00 1.00e+00h  1
 441r 1.4447519e+01 2.55e-02 1.23e+00  -4.0 1.38e-02    -  1.00e+00 1.00e+00h  1
 442r 1.4450312e+01 2.55e-02 4.09e+00  -4.1 5.22e-02    -  1.00e+00 1.00e+00h  1
 443r 1.4450906e+01 2.55e-02 7.65e+00  -4.1 2.17e-02    -  1.00e+00 1.00e+00h  1
 444r 1.4447837e+01 2.55e-02 7.20e+00  -4.1 5.06e-02    -  1.00e+00 1.00e+00h  1
 445r 1.4447093e+01 2.55e-02 3.60e+00  -4.1 2.33e-02    -  1.00e+00 1.00e+00h  1
 446r 1.4448456e+01 2.55e-02 2.69e+00  -4.1 1.71e-02    -  1.00e+00 1.00e+00h  1
 447r 1.4447791e+01 2.55e-02 1.98e+00  -4.1 2.24e-02    -  1.00e+00 1.00e+00h  1
 448r 1.4447181e+01 2.55e-02 4.26e+00  -4.0 5.98e-03    -  1.00e+00 1.00e+00h  1
 449r 1.4450092e+01 2.55e-02 3.69e+00  -4.1 5.04e-02    -  1.00e+00 1.00e+00h  1
iter    objective    inf_pr   inf_du lg(mu)  ||d||  lg(rg) alpha_du alpha_pr  ls
 450r 1.4448246e+01 2.55e-02 4.74e+00  -4.1 3.61e-02    -  1.00e+00 1.00e+00h  1
 451r 1.4446385e+01 2.55e-02 1.24e+01  -4.1 6.62e-02    -  1.00e+00 1.00e+00h  1
 452r 1.4449097e+01 2.55e-02 4.01e+00  -4.1 6.09e-02    -  1.00e+00 1.00e+00h  1
 453r 1.4448735e+01 2.55e-02 1.16e+01  -4.1 4.75e-02    -  1.00e+00 1.00e+00h  1
 454r 1.4447147e+01 2.55e-02 3.50e+00  -4.1 5.86e-02    -  1.00e+00 1.00e+00h  1
 455r 1.4448599e+01 2.55e-02 3.49e+00  -4.1 1.21e-02    -  1.00e+00 1.00e+00h  1
 456r 1.4447811e+01 2.55e-02 6.31e-01  -4.0 1.31e-02    -  1.00e+00 1.00e+00h  1
 457r 1.4448865e+01 2.55e-02 2.38e+00  -4.1 2.83e-02    -  1.00e+00 1.00e+00h  1
 458r 1.4448164e+01 2.55e-02 2.20e+00  -4.1 3.06e-02    -  1.00e+00 1.00e+00h  1
 459r 1.4447027e+01 2.55e-02 1.46e+01  -4.1 5.92e-02    -  1.00e+00 1.00e+00h  1
iter    objective    inf_pr   inf_du lg(mu)  ||d||  lg(rg) alpha_du alpha_pr  ls
 460r 1.4447946e+01 2.55e-02 6.31e+00  -4.1 7.74e-02    -  1.00e+00 1.00e+00h  1
 461r 1.4448247e+01 2.55e-02 1.53e+01  -4.1 2.05e-02    -  1.00e+00 1.00e+00h  1
 462r 1.4447892e+01 2.55e-02 1.05e+00  -4.1 1.52e-02    -  1.00e+00 1.00e+00h  1
 463r 1.4447777e+01 2.55e-02 5.70e-01  -4.0 2.54e-03    -  1.00e+00 1.00e+00h  1
 464r 1.4449990e+01 2.55e-02 4.42e+00  -4.1 4.77e-02    -  1.00e+00 1.00e+00f  1
 465r 1.4448689e+01 2.55e-02 1.30e+00  -4.1 4.28e-02    -  1.00e+00 1.00e+00h  1
 466r 1.4449270e+01 2.55e-02 4.68e+00  -4.1 3.54e-02    -  1.00e+00 1.00e+00H  1
 467r 1.4448582e+01 2.55e-02 6.04e-01  -4.1 3.20e-02    -  1.00e+00 1.00e+00h  1
 468r 1.4448425e+01 2.55e-02 3.67e-01  -4.0 2.38e-03    -  1.00e+00 1.00e+00h  1
 469r 1.4449815e+01 2.55e-02 2.85e+00  -4.1 3.22e-02    -  1.00e+00 1.00e+00f  1
iter    objective    inf_pr   inf_du lg(mu)  ||d||  lg(rg) alpha_du alpha_pr  ls
 470r 1.4448519e+01 2.55e-02 9.62e-01  -4.1 3.21e-02    -  1.00e+00 1.00e+00h  1
 471r 1.4446335e+01 2.55e-02 1.03e+01  -4.0 4.26e-02    -  1.00e+00 1.00e+00h  1
 472r 1.4450324e+01 2.55e-02 4.89e+00  -4.1 7.95e-02    -  1.00e+00 1.00e+00h  1
 473r 1.4445870e+01 2.55e-02 1.19e+01  -4.1 6.66e-02    -  1.00e+00 1.00e+00H  1
 474r 1.4445716e+01 2.55e-02 1.63e+01  -4.1 3.40e-02    -  9.91e-01 1.00e+00h  1
 475r 1.4448915e+01 2.55e-02 4.73e+00  -4.1 6.80e-02    -  1.00e+00 1.00e+00h  1
 476r 1.4448323e+01 2.55e-02 5.93e+00  -4.1 1.85e-02    -  1.00e+00 1.00e+00h  1
 477r 1.4447515e+01 2.55e-02 1.42e+00  -4.1 1.92e-02    -  1.00e+00 1.00e+00h  1
 478r 1.4447798e+01 2.55e-02 3.51e+00  -4.1 6.68e-03    -  1.00e+00 1.00e+00h  1
 479r 1.4447709e+01 2.55e-02 6.43e-01  -4.0 5.15e-03    -  1.00e+00 1.00e+00h  1
iter    objective    inf_pr   inf_du lg(mu)  ||d||  lg(rg) alpha_du alpha_pr  ls
 480r 1.4448793e+01 2.55e-02 2.41e+00  -4.1 2.33e-02    -  1.00e+00 1.00e+00h  1
 481r 1.4448084e+01 2.55e-02 3.60e+00  -4.1 1.37e-02    -  1.00e+00 1.00e+00h  1
 482r 1.4447364e+01 2.55e-02 3.83e+00  -4.0 2.03e-02    -  1.00e+00 1.00e+00h  1
 483r 1.4450444e+01 2.55e-02 7.11e+00  -4.1 4.99e-02    -  1.00e+00 1.00e+00h  1
 484r 1.4448581e+01 2.55e-02 5.45e+00  -4.1 2.31e-02    -  1.00e+00 1.00e+00h  1
 485r 1.4446739e+01 2.55e-02 5.63e+00  -4.1 5.35e-02    -  1.00e+00 1.00e+00h  1
 486r 1.4447090e+01 2.55e-02 3.20e+00  -4.1 4.78e-02    -  1.00e+00 2.50e-01h  3
 487r 1.4450120e+01 2.55e-02 8.79e+00  -4.1 8.73e-02    -  1.00e+00 1.00e+00H  1
 488r 1.4447085e+01 2.55e-02 3.92e+00  -4.1 6.01e-02    -  1.00e+00 1.00e+00h  1
 489r 1.4446958e+01 2.55e-02 1.56e+01  -4.1 7.93e-02    -  1.00e+00 1.00e+00h  1
iter    objective    inf_pr   inf_du lg(mu)  ||d||  lg(rg) alpha_du alpha_pr  ls
 490r 1.4449126e+01 2.55e-02 4.01e+00  -4.1 8.17e-02    -  1.00e+00 1.00e+00h  1
 491r 1.4446179e+01 2.55e-02 1.23e+01  -4.1 2.96e-02    -  1.00e+00 1.00e+00h  1
 492r 1.4447198e+01 2.55e-02 2.44e+00  -4.1 3.94e-02    -  1.00e+00 1.00e+00h  1
 493r 1.4447663e+01 2.55e-02 1.93e+00  -4.1 1.34e-02    -  1.00e+00 1.00e+00h  1
 494r 1.4447549e+01 2.55e-02 1.60e+00  -4.0 8.27e-03    -  1.00e+00 1.00e+00h  1
 495r 1.4448181e+01 2.55e-02 1.94e+00  -4.1 2.11e-02    -  1.00e+00 1.00e+00h  1
 496r 1.4446865e+01 2.55e-02 5.02e+00  -4.1 4.33e-02    -  1.00e+00 1.00e+00h  1
 497r 1.4448839e+01 2.55e-02 9.01e+00  -4.1 3.61e-02    -  1.00e+00 1.00e+00h  1
 498r 1.4447599e+01 2.55e-02 1.08e+00  -4.1 2.96e-02    -  1.00e+00 1.00e+00h  1
 499r 1.4447360e+01 2.55e-02 1.84e+00  -4.1 4.04e-03    -  1.00e+00 1.00e+00h  1
iter    objective    inf_pr   inf_du lg(mu)  ||d||  lg(rg) alpha_du alpha_pr  ls
 500r 1.4447348e+01 2.55e-02 5.10e-01  -4.0 2.59e-03    -  1.00e+00 1.00e+00f  1
 501r 1.4449073e+01 2.55e-02 2.12e+00  -4.1 3.74e-02    -  1.00e+00 1.00e+00f  1
 502r 1.4448259e+01 2.55e-02 1.41e+00  -4.1 3.56e-02    -  1.00e+00 1.00e+00h  1
 503r 1.4444413e+01 2.55e-02 8.10e+00  -4.1 3.30e-02    -  1.00e+00 1.00e+00H  1
 504r 1.4447764e+01 2.55e-02 1.56e+00  -4.1 3.48e-02    -  1.00e+00 1.00e+00h  1
 505r 1.4447873e+01 2.55e-02 1.09e+00  -4.1 7.84e-03    -  1.00e+00 1.00e+00h  1
 506r 1.4447389e+01 2.55e-02 2.54e+00  -4.0 7.20e-03    -  1.00e+00 1.00e+00f  1
 507r 1.4450631e+01 2.55e-02 6.04e+00  -4.1 6.07e-02    -  1.00e+00 1.00e+00h  1
 508r 1.4449672e+01 2.55e-02 9.55e+00  -4.1 3.67e-02    -  1.00e+00 1.00e+00h  1
 509r 1.4447520e+01 2.55e-02 2.92e+00  -4.1 4.90e-02    -  1.00e+00 1.00e+00h  1
iter    objective    inf_pr   inf_du lg(mu)  ||d||  lg(rg) alpha_du alpha_pr  ls
 510r 1.4448755e+01 2.55e-02 2.93e+00  -4.1 1.55e-02    -  1.00e+00 1.00e+00h  1
 511r 1.4448212e+01 2.55e-02 2.32e+00  -4.0 1.40e-02    -  1.00e+00 1.00e+00h  1
 512r 1.4450040e+01 2.55e-02 4.58e+00  -4.1 3.84e-02    -  1.00e+00 1.00e+00h  1
 513r 1.4446178e+01 2.55e-02 4.48e+00  -4.1 4.90e-02    -  1.00e+00 1.00e+00h  1
 514r 1.4447929e+01 2.55e-02 7.92e+00  -4.1 4.69e-02    -  1.00e+00 1.00e+00h  1
 515r 1.4449068e+01 2.55e-02 2.95e+00  -4.1 6.11e-02    -  1.00e+00 1.00e+00H  1
 516r 1.4447176e+01 2.55e-02 1.32e+01  -4.1 2.63e-02    -  1.00e+00 1.00e+00H  1
 517r 1.4447385e+01 2.55e-02 2.99e+00  -4.1 4.30e-02    -  1.00e+00 1.00e+00h  1
 518r 1.4447920e+01 2.55e-02 2.66e+00  -4.1 1.33e-02    -  1.00e+00 1.00e+00h  1
 519r 1.4448115e+01 2.55e-02 1.68e+00  -4.1 8.18e-03    -  1.00e+00 1.00e+00h  1
iter    objective    inf_pr   inf_du lg(mu)  ||d||  lg(rg) alpha_du alpha_pr  ls
 520r 1.4447726e+01 2.55e-02 1.07e+00  -4.0 1.45e-02    -  1.00e+00 1.00e+00h  1
 521r 1.4450111e+01 2.55e-02 9.11e+00  -4.1 5.23e-02    -  1.00e+00 1.00e+00h  1
 522r 1.4449077e+01 2.55e-02 3.39e+00  -4.1 2.71e-02    -  1.00e+00 1.00e+00h  1
 523r 1.4448327e+01 2.55e-02 4.86e+00  -4.1 3.62e-02    -  1.00e+00 1.00e+00H  1
 524r 1.4448124e+01 2.55e-02 2.79e+00  -4.1 1.72e-02    -  1.00e+00 1.00e+00h  1
 525r 1.4448438e+01 2.55e-02 1.34e+00  -4.1 1.56e-02    -  1.00e+00 1.00e+00h  1
 526r 1.4448012e+01 2.55e-02 5.29e-01  -4.0 1.18e-02    -  1.00e+00 1.00e+00h  1
 527r 1.4450461e+01 2.55e-02 7.11e+00  -4.1 5.97e-02    -  1.00e+00 1.00e+00h  1
 528r 1.4449521e+01 2.55e-02 2.32e+00  -4.1 3.82e-02    -  1.00e+00 1.00e+00h  1
 529r 1.4447356e+01 2.55e-02 8.13e+00  -4.1 5.78e-02    -  1.00e+00 1.00e+00h  1
iter    objective    inf_pr   inf_du lg(mu)  ||d||  lg(rg) alpha_du alpha_pr  ls
 530r 1.4448067e+01 2.55e-02 3.52e+00  -4.1 2.70e-02    -  1.00e+00 1.00e+00h  1
 531r 1.4449052e+01 2.55e-02 5.78e+00  -4.1 3.00e-02    -  1.00e+00 1.00e+00h  1
 532r 1.4447992e+01 2.55e-02 9.74e-01  -4.1 2.28e-02    -  1.00e+00 1.00e+00h  1
 533r 1.4447379e+01 2.55e-02 5.82e+00  -4.1 1.78e-02    -  1.00e+00 1.00e+00h  1
 534r 1.4448106e+01 2.55e-02 1.59e+00  -4.1 2.46e-02    -  1.00e+00 1.00e+00h  1
 535r 1.4448539e+01 2.55e-02 5.49e+00  -4.1 1.11e-02    -  1.00e+00 1.00e+00h  1
 536r 1.4447824e+01 2.55e-02 1.08e+00  -4.1 1.90e-02    -  1.00e+00 1.00e+00h  1
 537r 1.4447980e+01 2.55e-02 5.66e-01  -4.1 4.67e-03    -  1.00e+00 1.00e+00h  1
 538r 1.4447913e+01 2.55e-02 7.88e-01  -4.0 3.40e-03    -  1.00e+00 1.00e+00f  1
 539r 1.4448675e+01 2.55e-02 2.21e+00  -4.1 2.29e-02    -  1.00e+00 1.00e+00h  1
iter    objective    inf_pr   inf_du lg(mu)  ||d||  lg(rg) alpha_du alpha_pr  ls
 540r 1.4447853e+01 2.55e-02 9.99e-01  -4.1 2.08e-02    -  1.00e+00 1.00e+00h  1
 541r 1.4447690e+01 2.55e-02 3.66e+00  -4.1 2.51e-02    -  1.00e+00 1.00e+00H  1
 542r 1.4448333e+01 2.55e-02 1.35e+00  -4.1 2.71e-02    -  1.00e+00 1.00e+00H  1
 543r 1.4447480e+01 2.55e-02 3.38e+00  -4.0 9.03e-03    -  1.00e+00 1.00e+00f  1
 544r 1.4449294e+01 2.55e-02 1.69e+00  -4.1 2.62e-02    -  1.00e+00 1.00e+00h  1
 545r 1.4447973e+01 2.55e-02 3.81e+00  -4.1 3.98e-02    -  1.00e+00 1.00e+00h  1
 546r 1.4447076e+01 2.55e-02 1.35e+01  -4.1 6.29e-02    -  1.00e+00 1.00e+00h  1
 547r 1.4448459e+01 2.55e-02 3.79e+00  -4.1 7.85e-02    -  1.00e+00 1.00e+00h  1
 548r 1.4446511e+01 2.55e-02 4.02e+00  -4.1 3.14e-02    -  1.00e+00 1.00e+00h  1
 549r 1.4446590e+01 2.55e-02 4.06e+00  -4.1 1.29e-02    -  1.00e+00 1.00e+00h  1
iter    objective    inf_pr   inf_du lg(mu)  ||d||  lg(rg) alpha_du alpha_pr  ls
 550r 1.4447503e+01 2.55e-02 1.74e+00  -4.1 1.86e-02    -  1.00e+00 1.00e+00h  1
 551r 1.4446705e+01 2.55e-02 1.74e+00  -4.1 1.04e-02    -  1.00e+00 1.00e+00h  1
 552r 1.4447073e+01 2.55e-02 3.62e-01  -4.1 6.64e-03    -  1.00e+00 1.00e+00h  1
 553r 1.4447263e+01 2.55e-02 5.31e-01  -4.1 2.64e-03    -  1.00e+00 1.00e+00h  1
 554r 1.4447227e+01 2.55e-02 4.19e-01  -4.1 1.54e-03    -  1.00e+00 1.00e+00h  1
 555r 1.4447150e+01 2.55e-02 4.04e-01  -4.0 1.50e-03    -  1.00e+00 1.00e+00f  1
 556r 1.4449847e+01 2.55e-02 5.46e+00  -4.1 5.65e-02    -  1.00e+00 1.00e+00f  1
 557r 1.4447939e+01 2.55e-02 1.74e+00  -4.1 4.49e-02    -  1.00e+00 1.00e+00h  1
 558r 1.4449654e+01 2.55e-02 5.09e+00  -4.1 2.30e-02    -  1.00e+00 1.00e+00H  1
 559r 1.4448893e+01 2.55e-02 1.88e+00  -4.1 2.02e-02    -  1.00e+00 1.00e+00h  1
iter    objective    inf_pr   inf_du lg(mu)  ||d||  lg(rg) alpha_du alpha_pr  ls
 560r 1.4447675e+01 2.55e-02 1.88e+00  -4.1 7.18e-03    -  1.00e+00 1.00e+00h  1
 561r 1.4447917e+01 2.55e-02 6.90e-01  -4.0 6.63e-03    -  1.00e+00 1.00e+00h  1
 562r 1.4449630e+01 2.55e-02 2.84e+00  -4.1 3.93e-02    -  1.00e+00 1.00e+00h  1
 563r 1.4449682e+01 2.55e-02 3.97e+00  -4.1 3.44e-02    -  1.00e+00 1.00e+00h  1
 564r 1.4445889e+01 2.55e-02 8.80e+00  -4.1 6.28e-02    -  1.00e+00 1.00e+00h  1
 565r 1.4447650e+01 2.55e-02 3.34e+00  -4.1 6.45e-02    -  1.00e+00 1.00e+00h  1
 566r 1.4448113e+01 2.55e-02 1.18e+01  -4.1 6.04e-02    -  1.00e+00 1.00e+00h  1
 567r 1.4447756e+01 2.55e-02 3.93e+00  -4.1 7.13e-02    -  1.00e+00 1.00e+00h  1
 568r 1.4446935e+01 2.55e-02 3.45e+00  -4.1 1.27e-02    -  1.00e+00 1.00e+00h  1
 569r 1.4447547e+01 2.55e-02 1.16e+00  -4.1 9.01e-03    -  1.00e+00 1.00e+00h  1
iter    objective    inf_pr   inf_du lg(mu)  ||d||  lg(rg) alpha_du alpha_pr  ls
 570r 1.4447714e+01 2.55e-02 6.90e-01  -4.1 5.51e-03    -  1.00e+00 1.00e+00h  1
 571r 1.4447480e+01 2.55e-02 8.45e-01  -4.0 2.68e-03    -  1.00e+00 1.00e+00f  1
 572r 1.4449870e+01 2.55e-02 7.54e+00  -4.1 5.89e-02    -  1.00e+00 1.00e+00f  1
 573r 1.4448557e+01 2.55e-02 1.24e+00  -4.1 4.86e-02    -  1.00e+00 1.00e+00h  1
 574r 1.4445278e+01 2.55e-02 8.68e+00  -4.1 3.48e-02    -  1.00e+00 1.00e+00H  1
 575r 1.4448299e+01 2.55e-02 2.47e+00  -4.1 3.70e-02    -  1.00e+00 1.00e+00h  1
 576r 1.4447698e+01 2.55e-02 2.14e+00  -4.1 7.63e-03    -  1.00e+00 1.00e+00h  1
 577r 1.4447768e+01 2.55e-02 1.05e+00  -4.1 6.12e-03    -  1.00e+00 1.00e+00h  1
 578r 1.4447892e+01 2.55e-02 5.16e-01  -4.0 4.04e-03    -  1.00e+00 1.00e+00f  1
 579r 1.4449667e+01 2.55e-02 8.28e+00  -4.1 7.27e-02    -  1.00e+00 1.00e+00f  1
iter    objective    inf_pr   inf_du lg(mu)  ||d||  lg(rg) alpha_du alpha_pr  ls
 580r 1.4447664e+01 2.55e-02 1.90e+00  -4.1 7.01e-02    -  1.00e+00 1.00e+00h  1
 581r 1.4450358e+01 2.55e-02 4.64e+00  -4.1 1.27e-02    -  1.00e+00 1.00e+00h  1
 582r 1.4448353e+01 2.55e-02 6.27e-01  -4.0 9.97e-03    -  1.00e+00 1.00e+00h  1
 583r 1.4449011e+01 2.55e-02 2.25e+00  -4.1 2.18e-02    -  1.00e+00 1.00e+00h  1
 584r 1.4447053e+01 2.55e-02 2.59e+00  -4.1 3.83e-02    -  1.00e+00 1.00e+00h  1
 585r 1.4447280e+01 2.55e-02 7.97e+00  -4.1 4.40e-02    -  1.00e+00 1.00e+00h  1
 586r 1.4448272e+01 2.55e-02 3.85e+00  -4.1 7.16e-02    -  1.00e+00 1.00e+00h  1
 587r 1.4447996e+01 2.55e-02 1.97e+01  -4.1 2.71e-02    -  1.00e+00 1.00e+00H  1
 588r 1.4447751e+01 2.55e-02 7.54e-01  -4.1 2.42e-02    -  1.00e+00 1.00e+00h  1
 589r 1.4447725e+01 2.55e-02 4.99e-01  -4.1 5.04e-03    -  1.00e+00 1.00e+00h  1
iter    objective    inf_pr   inf_du lg(mu)  ||d||  lg(rg) alpha_du alpha_pr  ls
 590r 1.4447579e+01 2.55e-02 8.88e-01  -4.1 4.34e-03    -  1.00e+00 1.00e+00h  1
 591r 1.4447683e+01 2.55e-02 3.34e-01  -4.1 3.61e-03    -  1.00e+00 1.00e+00h  1
 592r 1.4447729e+01 2.55e-02 9.51e-01  -4.0 3.69e-03    -  1.00e+00 1.00e+00f  1
 593r 1.4449774e+01 2.55e-02 7.99e+00  -4.1 5.27e-02    -  1.00e+00 1.00e+00f  1
 594r 1.4448373e+01 2.55e-02 3.96e+00  -4.1 5.00e-02    -  1.00e+00 1.00e+00h  1
 595r 1.4448278e+01 2.55e-02 9.11e+00  -4.1 3.37e-02    -  1.00e+00 1.00e+00H  1
 596r 1.4448536e+01 2.55e-02 1.93e+00  -4.1 3.82e-02    -  1.00e+00 1.00e+00H  1
 597r 1.4446999e+01 2.55e-02 2.20e+00  -4.1 1.18e-02    -  1.00e+00 1.00e+00h  1
 598r 1.4448112e+01 2.55e-02 1.25e+00  -4.0 5.81e-03    -  1.00e+00 1.00e+00h  1
 599r 1.4449844e+01 2.55e-02 4.99e+00  -4.1 4.27e-02    -  1.00e+00 1.00e+00h  1
iter    objective    inf_pr   inf_du lg(mu)  ||d||  lg(rg) alpha_du alpha_pr  ls
 600r 1.4447941e+01 2.55e-02 5.35e+00  -4.1 4.78e-02    -  1.00e+00 1.00e+00h  1
 601r 1.4445677e+01 2.55e-02 9.71e+00  -4.1 8.68e-02    -  1.00e+00 8.87e-01h  1
 602r 1.4448329e+01 2.55e-02 5.51e+00  -4.1 9.06e-02    -  1.00e+00 1.00e+00f  1
 603r 1.4451900e+01 2.55e-02 1.53e+01  -4.1 6.32e-02    -  1.00e+00 1.00e+00H  1
 604r 1.4446333e+01 2.55e-02 4.38e+00  -4.1 1.03e-01    -  1.00e+00 1.00e+00h  1
 605r 1.4449304e+01 2.55e-02 4.89e+00  -4.1 2.14e-02    -  1.00e+00 1.00e+00h  1
 606r 1.4448180e+01 2.55e-02 2.74e+00  -4.1 1.52e-02    -  1.00e+00 1.00e+00h  1
 607r 1.4447331e+01 2.55e-02 1.75e+00  -4.1 7.55e-03    -  1.00e+00 1.00e+00h  1
 608r 1.4447635e+01 2.55e-02 2.64e-01  -4.1 2.41e-03    -  1.00e+00 1.00e+00h  1
 609r 1.4447647e+01 2.55e-02 3.67e-01  -4.1 1.14e-03    -  1.00e+00 1.00e+00h  1
iter    objective    inf_pr   inf_du lg(mu)  ||d||  lg(rg) alpha_du alpha_pr  ls
 610r 1.4447644e+01 2.55e-02 4.10e-01  -4.0 1.45e-03    -  1.00e+00 1.00e+00f  1
 611r 1.4447962e+01 2.55e-02 4.21e+00  -4.1 3.61e-02    -  1.00e+00 1.00e+00f  1
 612r 1.4447764e+01 2.55e-02 9.68e-01  -4.1 3.45e-02    -  1.00e+00 1.00e+00h  1
 613r 1.4446666e+01 2.55e-02 2.90e+00  -4.1 3.39e-02    -  1.00e+00 1.00e+00H  1
 614r 1.4447784e+01 2.55e-02 6.97e-01  -4.1 2.69e-02    -  1.00e+00 1.00e+00h  1
 615r 1.4447600e+01 2.55e-02 2.38e-01  -4.1 4.17e-03    -  1.00e+00 1.00e+00h  1
 616r 1.4447870e+01 2.55e-02 1.41e+00  -4.0 6.55e-03    -  1.00e+00 1.00e+00f  1
 617r 1.4448067e+01 2.55e-02 9.17e+00  -4.1 5.56e-02    -  1.00e+00 1.00e+00h  1
 618r 1.4447654e+01 2.55e-02 2.50e+00  -4.1 6.16e-02    -  1.00e+00 1.00e+00h  1
 619r 1.4449336e+01 2.55e-02 5.61e+00  -4.1 1.65e-02    -  1.00e+00 1.00e+00h  1
iter    objective    inf_pr   inf_du lg(mu)  ||d||  lg(rg) alpha_du alpha_pr  ls
 620r 1.4448471e+01 2.55e-02 7.03e-01  -4.1 1.38e-02    -  1.00e+00 1.00e+00h  1
 621r 1.4448406e+01 2.55e-02 7.51e-01  -4.0 4.41e-03    -  1.00e+00 1.00e+00h  1
 622r 1.4451136e+01 2.55e-02 8.14e+00  -4.1 3.93e-02    -  1.00e+00 1.00e+00h  1
 623r 1.4449142e+01 2.55e-02 2.34e+00  -4.1 4.36e-02    -  1.00e+00 1.00e+00h  1
 624r 1.4444895e+01 2.55e-02 8.69e+00  -4.1 2.20e-02    -  1.00e+00 1.00e+00h  1
 625r 1.4448373e+01 2.55e-02 1.35e+00  -4.1 2.05e-02    -  1.00e+00 1.00e+00h  1
 626r 1.4448142e+01 2.55e-02 1.00e+00  -4.0 5.61e-03    -  1.00e+00 1.00e+00h  1
 627r 1.4451444e+01 2.55e-02 9.07e+00  -4.1 8.30e-02    -  1.00e+00 1.00e+00h  1
 628r 1.4448780e+01 2.55e-02 2.87e+00  -4.1 7.52e-02    -  1.00e+00 1.00e+00h  1
 629r 1.4450108e+01 2.55e-02 1.46e+01  -4.1 2.25e-02    -  1.00e+00 1.00e+00h  1
iter    objective    inf_pr   inf_du lg(mu)  ||d||  lg(rg) alpha_du alpha_pr  ls
 630r 1.4449716e+01 2.55e-02 8.23e-01  -4.1 1.84e-02    -  1.00e+00 1.00e+00h  1
 631r 1.4448888e+01 2.55e-02 4.70e-01  -4.1 7.47e-03    -  1.00e+00 1.00e+00h  1
 632r 1.4448463e+01 2.55e-02 2.06e+00  -4.1 7.00e-03    -  1.00e+00 1.00e+00h  1
 633r 1.4448010e+01 2.55e-02 6.87e-01  -4.1 4.80e-03    -  1.00e+00 1.00e+00h  1
 634r 1.4448054e+01 2.55e-02 6.90e-01  -4.0 4.34e-03    -  1.00e+00 1.00e+00f  1
 635r 1.4451500e+01 2.55e-02 5.51e+00  -4.1 4.75e-02    -  1.00e+00 1.00e+00f  1
 636r 1.4450899e+01 2.55e-02 2.86e+00  -4.1 3.42e-02    -  1.00e+00 1.00e+00h  1
 637r 1.4440286e+01 2.55e-02 2.13e+01  -4.1 1.31e-01    -  1.00e+00 1.00e+00h  1
 638r 1.4441218e+01 2.55e-02 8.37e+00  -4.1 9.42e-02    -  1.00e+00 9.70e-01h  1
 639r 1.4447982e+01 2.55e-02 1.45e+01  -4.1 9.35e-02    -  1.00e+00 1.00e+00f  1
iter    objective    inf_pr   inf_du lg(mu)  ||d||  lg(rg) alpha_du alpha_pr  ls
 640r 1.4452554e+01 2.55e-02 9.25e+00  -4.1 4.22e-02    -  1.00e+00 1.00e+00h  1
 641r 1.4445129e+01 2.55e-02 4.12e+00  -4.1 6.19e-02    -  1.00e+00 1.00e+00h  1
 642r 1.4445680e+01 2.55e-02 2.85e+00  -4.1 2.15e-02    -  1.00e+00 5.00e-01h  2
 643r 1.4447154e+01 2.55e-02 3.84e+00  -4.1 1.84e-02    -  1.00e+00 1.00e+00h  1
 644r 1.4446984e+01 2.55e-02 1.87e+00  -4.1 7.02e-03    -  1.00e+00 1.00e+00h  1
 645r 1.4446211e+01 2.55e-02 1.32e+00  -4.1 1.02e-02    -  1.00e+00 1.00e+00H  1
 646r 1.4447005e+01 2.55e-02 2.06e+00  -4.0 6.24e-03    -  1.00e+00 1.00e+00f  1
 647r 1.4450358e+01 2.55e-02 4.23e+00  -4.1 4.49e-02    -  1.00e+00 1.00e+00h  1
 648r 1.4447294e+01 2.55e-02 5.56e+00  -4.1 2.77e-02    -  1.00e+00 1.00e+00h  1
 649r 1.4445702e+01 2.55e-02 7.46e+00  -4.1 4.54e-02    -  1.00e+00 1.00e+00H  1
iter    objective    inf_pr   inf_du lg(mu)  ||d||  lg(rg) alpha_du alpha_pr  ls
 650r 1.4447563e+01 2.55e-02 1.68e+01  -4.1 2.47e-02    -  1.00e+00 1.00e+00h  1
 651r 1.4448306e+01 2.55e-02 2.35e+00  -4.1 3.40e-02    -  1.00e+00 1.00e+00h  1
 652r 1.4447455e+01 2.55e-02 1.98e+00  -4.1 1.26e-02    -  1.00e+00 1.00e+00h  1
 653r 1.4447132e+01 2.55e-02 8.96e-01  -4.1 4.88e-03    -  1.00e+00 1.00e+00h  1
 654r 1.4447587e+01 2.55e-02 8.25e-01  -4.0 7.31e-03    -  1.00e+00 1.00e+00f  1
 655r 1.4450732e+01 2.55e-02 7.39e+00  -4.1 5.18e-02    -  1.00e+00 1.00e+00f  1
 656r 1.4448244e+01 2.55e-02 2.47e+00  -4.1 4.51e-02    -  1.00e+00 1.00e+00h  1
 657r 1.4449604e+01 2.55e-02 8.37e+00  -4.1 3.41e-02    -  1.00e+00 1.00e+00h  1
 658r 1.4448629e+01 2.55e-02 5.49e+00  -4.1 3.16e-02    -  1.00e+00 1.00e+00h  1
 659r 1.4448654e+01 2.55e-02 1.05e+01  -4.1 1.66e-02    -  1.00e+00 1.00e+00h  1
iter    objective    inf_pr   inf_du lg(mu)  ||d||  lg(rg) alpha_du alpha_pr  ls
 660r 1.4447935e+01 2.55e-02 9.38e-01  -4.1 1.57e-02    -  1.00e+00 1.00e+00h  1
 661r 1.4448026e+01 2.55e-02 1.05e+00  -4.0 4.84e-03    -  1.00e+00 1.00e+00h  1
 662r 1.4451682e+01 2.55e-02 9.51e+00  -4.1 7.98e-02    -  1.00e+00 1.00e+00f  1
 663r 1.4449716e+01 2.55e-02 2.46e+00  -4.1 7.08e-02    -  1.00e+00 1.00e+00h  1
 664r 1.4448613e+01 2.55e-02 6.62e+00  -4.1 4.75e-02    -  1.00e+00 1.00e+00h  1
 665r 1.4449126e+01 2.55e-02 3.04e+00  -4.1 3.48e-02    -  1.00e+00 1.00e+00h  1
 666r 1.4449321e+01 2.55e-02 2.64e+00  -4.1 1.77e-02    -  1.00e+00 1.00e+00h  1
 667r 1.4448869e+01 2.55e-02 7.81e-01  -4.1 1.12e-02    -  1.00e+00 1.00e+00h  1
 668r 1.4448809e+01 2.55e-02 4.12e-01  -4.0 2.14e-03    -  1.00e+00 1.00e+00h  1
 669r 1.4450321e+01 2.55e-02 3.64e+00  -4.1 4.21e-02    -  1.00e+00 1.00e+00f  1
iter    objective    inf_pr   inf_du lg(mu)  ||d||  lg(rg) alpha_du alpha_pr  ls
 670r 1.4448740e+01 2.55e-02 1.21e+00  -4.1 3.80e-02    -  1.00e+00 1.00e+00h  1
 671r 1.4448692e+01 2.55e-02 8.15e+00  -4.1 5.38e-02    -  1.00e+00 1.00e+00H  1
 672r 1.4449169e+01 2.55e-02 1.64e+00  -4.1 4.87e-02    -  1.00e+00 1.00e+00h  1
 673r 1.4448641e+01 2.55e-02 3.71e-01  -4.1 8.15e-03    -  1.00e+00 1.00e+00h  1
 674r 1.4447984e+01 2.55e-02 1.57e+00  -4.1 9.80e-03    -  1.00e+00 1.00e+00H  1
 675r 1.4448094e+01 2.55e-02 1.68e+00  -4.0 6.21e-03    -  1.00e+00 1.00e+00f  1
 676r 1.4450897e+01 2.55e-02 8.53e+00  -4.1 7.30e-02    -  1.00e+00 1.00e+00h  1
 677r 1.4448579e+01 2.55e-02 1.43e+00  -4.1 6.75e-02    -  1.00e+00 1.00e+00h  1
 678r 1.4445847e+01 2.55e-02 1.11e+01  -4.1 7.01e-02    -  1.00e+00 1.00e+00H  1
 679r 1.4449791e+01 2.55e-02 3.82e+00  -4.1 6.79e-02    -  1.00e+00 1.00e+00h  1
iter    objective    inf_pr   inf_du lg(mu)  ||d||  lg(rg) alpha_du alpha_pr  ls
 680r 1.4448310e+01 2.55e-02 4.72e+00  -4.1 2.39e-02    -  1.00e+00 1.00e+00h  1
 681r 1.4448358e+01 2.55e-02 9.51e-01  -4.1 1.25e-02    -  1.00e+00 1.00e+00h  1
 682r 1.4448455e+01 2.55e-02 9.06e-01  -4.0 3.60e-03    -  1.00e+00 1.00e+00h  1
 683r 1.4451277e+01 2.55e-02 7.88e+00  -4.1 5.67e-02    -  1.00e+00 1.00e+00f  1
 684r 1.4448825e+01 2.55e-02 1.07e+00  -4.1 5.50e-02    -  1.00e+00 1.00e+00h  1
 685r 1.4449613e+01 2.55e-02 6.09e+00  -4.1 3.03e-02    -  1.00e+00 1.00e+00h  1
 686r 1.4448713e+01 2.55e-02 1.66e+00  -4.1 2.17e-02    -  1.00e+00 1.00e+00h  1
 687r 1.4448504e+01 2.55e-02 2.43e+00  -4.1 2.00e-02    -  1.00e+00 1.00e+00h  1
 688r 1.4448477e+01 2.55e-02 7.40e-01  -4.1 1.16e-02    -  1.00e+00 1.00e+00h  1
 689r 1.4448416e+01 2.55e-02 3.23e-01  -4.1 1.35e-03    -  1.00e+00 1.00e+00h  1
iter    objective    inf_pr   inf_du lg(mu)  ||d||  lg(rg) alpha_du alpha_pr  ls
 690r 1.4448331e+01 2.55e-02 2.08e-01  -4.1 1.96e-03    -  1.00e+00 1.00e+00h  1
 691r 1.4448248e+01 2.55e-02 1.76e-01  -4.1 1.27e-03    -  1.00e+00 1.00e+00h  1
 692r 1.4448079e+01 2.55e-02 1.17e+00  -4.0 5.19e-03    -  1.00e+00 1.00e+00f  1
 693r 1.4451019e+01 2.55e-02 7.14e+00  -4.1 4.67e-02    -  1.00e+00 1.00e+00h  1
 694r 1.4449192e+01 2.55e-02 1.69e+00  -4.1 3.75e-02    -  1.00e+00 1.00e+00h  1
 695r 1.4447628e+01 2.55e-02 7.61e+00  -4.1 3.94e-02    -  1.00e+00 1.00e+00H  1
 696r 1.4448362e+01 2.55e-02 2.48e+00  -4.1 2.87e-02    -  1.00e+00 1.00e+00h  1
 697r 1.4447875e+01 2.55e-02 4.40e+00  -4.1 1.20e-02    -  1.00e+00 1.00e+00h  1
 698r 1.4447654e+01 2.55e-02 6.46e-01  -4.1 1.26e-02    -  1.00e+00 1.00e+00h  1
 699r 1.4447798e+01 2.55e-02 3.26e-01  -4.1 3.13e-03    -  1.00e+00 1.00e+00h  1
iter    objective    inf_pr   inf_du lg(mu)  ||d||  lg(rg) alpha_du alpha_pr  ls
 700r 1.4447824e+01 2.55e-02 1.09e+00  -4.0 3.80e-03    -  1.00e+00 1.00e+00f  1
 701r 1.4448939e+01 2.55e-02 3.80e+00  -4.1 3.10e-02    -  1.00e+00 1.00e+00f  1
 702r 1.4447992e+01 2.55e-02 1.20e+00  -4.1 3.38e-02    -  1.00e+00 1.00e+00h  1
 703r 1.4448937e+01 2.55e-02 4.14e+00  -4.1 2.67e-02    -  1.00e+00 1.00e+00H  1
 704r 1.4448296e+01 2.55e-02 4.27e-01  -4.1 2.14e-02    -  1.00e+00 1.00e+00h  1
 705r 1.4448099e+01 2.55e-02 5.98e-01  -4.0 3.31e-03    -  1.00e+00 1.00e+00h  1
 706r 1.4450084e+01 2.55e-02 2.79e+00  -4.1 3.17e-02    -  1.00e+00 1.00e+00f  1
 707r 1.4448982e+01 2.55e-02 1.42e+00  -4.1 2.31e-02    -  1.00e+00 1.00e+00h  1
 708r 1.4445095e+01 2.55e-02 1.21e+01  -4.1 8.07e-02    -  1.00e+00 1.00e+00h  1
 709r 1.4447354e+01 2.55e-02 3.04e+00  -4.1 6.61e-02    -  1.00e+00 1.00e+00h  1
iter    objective    inf_pr   inf_du lg(mu)  ||d||  lg(rg) alpha_du alpha_pr  ls
 710r 1.4446915e+01 2.55e-02 5.37e+00  -4.1 2.30e-02    -  1.00e+00 1.00e+00h  1
 711r 1.4446730e+01 2.55e-02 1.26e+00  -4.1 2.24e-02    -  1.00e+00 1.00e+00h  1
 712r 1.4447123e+01 2.55e-02 7.04e-01  -4.1 6.37e-03    -  1.00e+00 1.00e+00h  1
 713r 1.4447838e+01 2.55e-02 2.23e+00  -4.1 1.07e-02    -  1.00e+00 1.00e+00h  1
 714r 1.4447358e+01 2.55e-02 6.19e-01  -4.1 9.30e-03    -  1.00e+00 1.00e+00h  1
 715r 1.4446697e+01 2.55e-02 2.47e+00  -4.1 1.48e-02    -  1.00e+00 1.00e+00H  1
 716r 1.4447472e+01 2.55e-02 9.21e-01  -4.1 1.82e-02    -  1.00e+00 1.00e+00H  1
 717r 1.4446963e+01 2.55e-02 7.38e-01  -4.1 5.25e-03    -  1.00e+00 1.00e+00h  1
 718r 1.4447029e+01 2.55e-02 8.19e-01  -4.1 3.38e-03    -  1.00e+00 1.00e+00h  1
 719r 1.4447251e+01 2.55e-02 3.46e-01  -4.1 3.42e-03    -  1.00e+00 1.00e+00h  1
iter    objective    inf_pr   inf_du lg(mu)  ||d||  lg(rg) alpha_du alpha_pr  ls
 720r 1.4447134e+01 2.55e-02 2.13e-01  -4.1 1.24e-03    -  1.00e+00 1.00e+00h  1
 721r 1.4447143e+01 2.55e-02 1.09e-01  -4.1 6.66e-04    -  1.00e+00 5.00e-01h  2
 722r 1.4447157e+01 2.55e-02 4.83e-02  -4.1 3.34e-04    -  1.00e+00 5.00e-01h  2
 723r 1.4447159e+01 2.55e-02 3.56e-02  -4.1 2.69e-04    -  1.00e+00 5.00e-01h  2
 724r 1.4447162e+01 2.55e-02 1.07e-01  -4.1 3.44e-04    -  1.00e+00 1.00e+00h  1
 725r 1.4447140e+01 2.55e-02 2.03e-01  -4.1 6.81e-04    -  1.00e+00 1.00e+00h  1
 726r 1.4447034e+01 2.55e-02 5.17e-01  -4.1 1.78e-03    -  1.00e+00 1.00e+00H  1
 727r 1.4446907e+01 2.55e-02 1.44e+00  -4.1 3.70e-03    -  1.00e+00 1.00e+00H  1
 728r 1.4446858e+01 2.55e-02 1.30e+00  -4.1 4.16e-03    -  1.00e+00 1.00e+00H  1
 729r 1.4447030e+01 2.55e-02 8.83e-01  -4.1 7.36e-03    -  1.00e+00 1.00e+00H  1
iter    objective    inf_pr   inf_du lg(mu)  ||d||  lg(rg) alpha_du alpha_pr  ls
 730r 1.4446847e+01 2.55e-02 5.36e-01  -4.1 4.97e-03    -  1.00e+00 1.00e+00H  1
 731r 1.4446587e+01 2.55e-02 1.31e+00  -4.1 3.98e-03    -  1.00e+00 1.00e+00H  1
 732r 1.4446587e+01 2.55e-02 1.31e+00  -4.1 3.43e-03    -  1.00e+00 9.54e-07h 21
 733r 1.4446981e+01 2.55e-02 2.17e+00  -4.1 6.68e-03    -  1.00e+00 1.00e+00H  1
 734r 1.4446738e+01 2.55e-02 2.27e-01  -4.1 4.58e-03    -  1.00e+00 1.00e+00h  1
 735r 1.4446710e+01 2.55e-02 1.04e-01  -4.1 8.28e-04    -  1.00e+00 5.00e-01h  2
 736r 1.4446710e+01 2.55e-02 1.00e-01  -4.1 3.76e-04    -  1.00e+00 3.12e-02h  6
 737r 1.4446709e+01 2.55e-02 9.85e-02  -4.1 3.06e-04    -  1.00e+00 1.56e-02h  7
 738r 1.4446709e+01 2.55e-02 9.79e-02  -4.1 4.47e-04    -  1.00e+00 7.81e-03h  8
 739r 1.4446709e+01 2.55e-02 9.75e-02  -4.1 6.06e-04    -  1.00e+00 3.91e-03h  9
iter    objective    inf_pr   inf_du lg(mu)  ||d||  lg(rg) alpha_du alpha_pr  ls
 740r 1.4446665e+01 2.55e-02 7.05e-02  -4.1 8.80e-04    -  1.00e+00 1.00e+00h  1
 741r 1.4446616e+01 2.55e-02 1.77e-01  -4.1 8.35e-04    -  1.00e+00 1.00e+00h  1
 742r 1.4446655e+01 2.55e-02 7.99e-02  -4.1 4.43e-04    -  1.00e+00 1.00e+00h  1
 743r 1.4446665e+01 2.55e-02 9.74e-02  -4.1 2.04e-04    -  1.00e+00 1.00e+00h  1
 744r 1.4446655e+01 2.55e-02 2.90e-02  -4.1 1.61e-04    -  1.00e+00 1.00e+00h  1
 745r 1.4446642e+01 2.55e-02 4.76e-02  -4.1 3.14e-04    -  1.00e+00 1.00e+00h  1
 746r 1.4446552e+01 2.55e-02 4.20e-01  -4.1 2.29e-03    -  1.00e+00 1.00e+00h  1
 747r 1.4446540e+01 2.55e-02 9.82e-01  -4.1 4.27e-03    -  1.00e+00 1.00e+00h  1
 748r 1.4446699e+01 2.55e-02 3.50e-01  -4.1 2.27e-03    -  1.00e+00 1.00e+00h  1
 749r 1.4446582e+01 2.55e-02 7.14e-01  -4.0 3.18e-03    -  1.00e+00 1.00e+00f  1
iter    objective    inf_pr   inf_du lg(mu)  ||d||  lg(rg) alpha_du alpha_pr  ls
 750r 1.4446800e+01 2.55e-02 1.19e+00  -4.1 1.17e-02    -  1.00e+00 1.00e+00f  1
 751r 1.4446640e+01 2.55e-02 4.52e-01  -4.1 1.12e-02    -  1.00e+00 1.00e+00h  1
 752r 1.4446822e+01 2.55e-02 7.96e-01  -4.0 3.87e-03    -  1.00e+00 1.00e+00f  1
 753r 1.4447032e+01 2.55e-02 3.39e+00  -4.1 2.54e-02    -  1.00e+00 1.00e+00h  1
 754r 1.4447003e+01 2.55e-02 2.85e+00  -4.1 1.19e-02    -  1.00e+00 1.00e+00h  1
 755r 1.4446826e+01 2.55e-02 2.65e+00  -4.0 2.00e-02    -  1.00e+00 1.00e+00h  1
 756r 1.4447402e+01 2.55e-02 2.77e+00  -4.1 3.48e-02    -  1.00e+00 1.00e+00h  1
 757r 1.4448216e+01 2.55e-02 5.19e+00  -4.1 1.69e-02    -  1.00e+00 1.00e+00h  1
 758r 1.4447378e+01 2.55e-02 1.98e+00  -4.1 2.37e-02    -  1.00e+00 1.00e+00h  1
 759r 1.4446690e+01 2.55e-02 2.41e+00  -4.1 1.30e-02    -  1.00e+00 1.00e+00h  1
iter    objective    inf_pr   inf_du lg(mu)  ||d||  lg(rg) alpha_du alpha_pr  ls
 760r 1.4447135e+01 2.55e-02 3.72e-01  -4.1 7.34e-03    -  1.00e+00 1.00e+00h  1
 761r 1.4447253e+01 2.55e-02 6.37e-01  -4.1 4.11e-03    -  1.00e+00 1.00e+00h  1
 762r 1.4447155e+01 2.55e-02 1.11e+00  -4.0 4.58e-03    -  1.00e+00 1.00e+00f  1
 763r 1.4448603e+01 2.55e-02 4.51e+00  -4.1 4.23e-02    -  1.00e+00 1.00e+00h  1
 764r 1.4447648e+01 2.55e-02 1.63e+00  -4.1 3.44e-02    -  1.00e+00 1.00e+00h  1
 765r 1.4447924e+01 2.55e-02 3.38e+00  -4.1 2.14e-02    -  1.00e+00 1.00e+00H  1
 766r 1.4447889e+01 2.55e-02 1.48e+00  -4.1 1.26e-02    -  1.00e+00 1.00e+00h  1
 767r 1.4447567e+01 2.55e-02 1.07e+00  -4.1 9.18e-03    -  1.00e+00 1.00e+00h  1
 768r 1.4447228e+01 2.55e-02 1.27e+00  -4.1 9.72e-03    -  1.00e+00 1.00e+00h  1
 769r 1.4447376e+01 2.55e-02 1.16e+00  -4.1 6.67e-03    -  1.00e+00 1.00e+00h  1
iter    objective    inf_pr   inf_du lg(mu)  ||d||  lg(rg) alpha_du alpha_pr  ls
 770r 1.4447345e+01 2.55e-02 4.61e-01  -4.1 7.17e-03    -  1.00e+00 1.00e+00h  1
 771r 1.4447230e+01 2.55e-02 1.87e+00  -4.1 3.80e-03    -  1.00e+00 1.00e+00h  1
 772r 1.4447345e+01 2.55e-02 3.51e-01  -4.1 6.69e-03    -  1.00e+00 1.00e+00H  1
 773r 1.4447127e+01 2.55e-02 9.53e-01  -4.0 3.48e-03    -  1.00e+00 1.00e+00f  1
 774r 1.4448101e+01 2.55e-02 2.73e+00  -4.1 2.90e-02    -  1.00e+00 1.00e+00f  1
 775r 1.4447717e+01 2.55e-02 1.79e+00  -4.1 2.19e-02    -  1.00e+00 1.00e+00h  1
 776r 1.4447776e+01 2.55e-02 6.19e+00  -4.1 4.35e-02    -  1.00e+00 1.00e+00h  1
 777r 1.4447825e+01 2.55e-02 2.56e+00  -4.1 4.17e-02    -  1.00e+00 5.00e-01h  2
 778r 1.4446237e+01 2.55e-02 2.68e+00  -4.1 1.98e-02    -  1.00e+00 1.00e+00h  1
 779r 1.4447180e+01 2.55e-02 1.83e+00  -4.1 7.44e-03    -  1.00e+00 1.00e+00h  1
iter    objective    inf_pr   inf_du lg(mu)  ||d||  lg(rg) alpha_du alpha_pr  ls
 780r 1.4446997e+01 2.55e-02 4.78e-01  -4.0 4.94e-03    -  1.00e+00 1.00e+00h  1
 781r 1.4447619e+01 2.55e-02 1.96e+00  -4.1 2.91e-02    -  1.00e+00 1.00e+00f  1
 782r 1.4447562e+01 2.55e-02 1.49e+00  -4.1 2.32e-02    -  1.00e+00 1.00e+00h  1
 783r 1.4447222e+01 2.55e-02 9.31e+00  -4.1 2.66e-02    -  1.00e+00 1.00e+00H  1
 784r 1.4447470e+01 2.55e-02 1.08e+00  -4.1 2.58e-02    -  1.00e+00 1.00e+00h  1
 785r 1.4447272e+01 2.55e-02 1.62e+00  -4.1 1.40e-02    -  1.00e+00 1.00e+00h  1
 786r 1.4447276e+01 2.55e-02 5.90e-01  -4.0 8.92e-03    -  1.00e+00 1.00e+00h  1
 787r 1.4447863e+01 2.55e-02 1.74e+00  -4.1 2.89e-02    -  1.00e+00 1.00e+00h  1
 788r 1.4447746e+01 2.55e-02 2.96e+00  -4.1 2.72e-02    -  1.00e+00 1.00e+00h  1
 789r 1.4446743e+01 2.55e-02 7.94e+00  -4.1 4.91e-02    -  1.00e+00 1.00e+00h  1
iter    objective    inf_pr   inf_du lg(mu)  ||d||  lg(rg) alpha_du alpha_pr  ls
 790r 1.4447723e+01 2.55e-02 2.51e+00  -4.1 5.52e-02    -  1.00e+00 1.00e+00h  1
 791r 1.4447455e+01 2.55e-02 3.03e+00  -4.1 1.48e-02    -  1.00e+00 5.00e-01h  2
 792r 1.4447391e+01 2.55e-02 5.79e-01  -4.1 1.33e-02    -  1.00e+00 1.00e+00h  1
 793r 1.4447372e+01 2.55e-02 3.86e-01  -4.1 2.13e-03    -  1.00e+00 1.00e+00h  1
 794r 1.4447323e+01 2.55e-02 2.57e-01  -4.1 1.56e-03    -  1.00e+00 1.00e+00h  1
 795r 1.4447325e+01 2.55e-02 1.03e-01  -4.1 1.46e-03    -  1.00e+00 1.00e+00h  1
 796r 1.4447247e+01 2.55e-02 2.32e-01  -4.1 8.86e-04    -  1.00e+00 1.00e+00h  1
 797r 1.4447038e+01 2.55e-02 4.78e-01  -4.1 2.22e-03    -  1.00e+00 1.00e+00H  1
 798r 1.4446491e+01 2.55e-02 1.80e+00  -4.1 9.92e-03    -  1.00e+00 1.00e+00H  1
 799r 1.4445452e+01 2.55e-02 3.73e+00  -4.1 1.58e-02    -  1.00e+00 1.00e+00H  1
iter    objective    inf_pr   inf_du lg(mu)  ||d||  lg(rg) alpha_du alpha_pr  ls
 800r 1.4446787e+01 2.55e-02 1.45e+00  -4.1 1.84e-02    -  1.00e+00 1.00e+00F  1
 801r 1.4450230e+01 2.55e-02 9.91e+00  -4.1 4.91e-02    -  1.00e+00 1.00e+00H  1
 802r 1.4448826e+01 2.55e-02 3.29e+00  -4.1 2.59e-02    -  1.00e+00 1.00e+00F  1
 803r 1.4448826e+01 2.55e-02 3.29e+00  -4.1 7.91e-02    -  1.00e+00 3.05e-05h 16
 804r 1.4448826e+01 2.55e-02 3.29e+00  -4.1 4.78e-02    -  1.00e+00 6.10e-05h 15
 805r 1.4448331e+01 2.55e-02 1.23e+00  -4.1 1.24e-02    -  1.00e+00 1.00e+00f  1
 806r 1.4447055e+01 2.55e-02 2.28e+00  -4.1 1.83e-02    -  1.00e+00 1.00e+00H  1
 807r 1.4446298e+01 2.55e-02 3.97e+00  -4.1 7.94e-02    -  1.00e+00 1.25e-01h  4
 808r 1.4446315e+01 2.55e-02 3.57e+00  -4.1 4.33e-03    -  1.00e+00 1.25e-01h  4
 809r 1.4446335e+01 2.55e-02 3.43e+00  -4.1 7.23e-03    -  1.00e+00 3.12e-02h  6
iter    objective    inf_pr   inf_du lg(mu)  ||d||  lg(rg) alpha_du alpha_pr  ls
 810r 1.4446339e+01 2.55e-02 3.39e+00  -4.1 3.62e-03    -  1.00e+00 1.56e-02h  7
 811r 1.4446763e+01 2.55e-02 2.42e-01  -4.1 3.78e-03    -  1.00e+00 1.00e+00h  1
 812r 1.4446986e+01 2.55e-02 7.61e-01  -4.1 4.39e-03    -  1.00e+00 1.00e+00h  1
 813r 1.4446839e+01 2.55e-02 1.71e-01  -4.1 3.41e-03    -  1.00e+00 1.00e+00h  1
 814r 1.4446806e+01 2.55e-02 1.30e-01  -4.1 6.70e-04    -  1.00e+00 1.00e+00h  1
 815r 1.4446853e+01 2.55e-02 4.00e-02  -4.1 5.06e-04    -  1.00e+00 1.00e+00h  1
 816r 1.4446868e+01 2.55e-02 4.95e-02  -4.1 2.04e-04    -  1.00e+00 1.00e+00h  1
 817r 1.4446854e+01 2.55e-02 4.21e-02  -4.1 1.83e-04    -  1.00e+00 1.00e+00h  1
 818r 1.4446846e+01 2.55e-02 5.06e-02  -4.1 2.70e-04    -  1.00e+00 1.00e+00H  1
 819r 1.4446797e+01 2.55e-02 1.92e+00  -4.0 7.39e-03    -  1.00e+00 1.00e+00f  1
iter    objective    inf_pr   inf_du lg(mu)  ||d||  lg(rg) alpha_du alpha_pr  ls
 820r 1.4451386e+01 2.55e-02 5.84e+00  -4.1 5.12e-02    -  1.00e+00 1.00e+00h  1
 821r 1.4447939e+01 2.55e-02 5.87e+00  -4.1 3.38e-02    -  1.00e+00 1.00e+00h  1
 822r 1.4443568e+01 2.55e-02 2.25e+01  -4.1 6.38e-02    -  1.00e+00 1.00e+00h  1
 823r 1.4447347e+01 2.55e-02 5.58e+00  -4.1 4.66e-02    -  1.00e+00 1.00e+00h  1
 824r 1.4449818e+01 2.55e-02 1.64e+01  -4.1 5.18e-02    -  1.00e+00 1.00e+00h  1
 825r 1.4447133e+01 2.55e-02 4.21e+00  -4.1 3.96e-02    -  1.00e+00 1.00e+00h  1
 826r 1.4445624e+01 2.55e-02 6.91e+00  -4.1 3.78e-02    -  1.00e+00 1.00e+00h  1
 827r 1.4447886e+01 2.55e-02 2.09e+00  -4.1 2.92e-02    -  1.00e+00 1.00e+00h  1
 828r 1.4447491e+01 2.55e-02 8.84e+00  -4.1 1.50e-02    -  1.00e+00 1.00e+00h  1
 829r 1.4446875e+01 2.55e-02 2.14e+00  -4.1 1.82e-02    -  1.00e+00 1.00e+00H  1
iter    objective    inf_pr   inf_du lg(mu)  ||d||  lg(rg) alpha_du alpha_pr  ls
 830r 1.4446931e+01 2.55e-02 1.72e+00  -4.1 6.00e-03    -  1.00e+00 1.00e+00h  1
 831r 1.4447180e+01 2.55e-02 2.89e-01  -4.1 5.53e-03    -  1.00e+00 1.00e+00h  1
 832r 1.4447116e+01 2.55e-02 1.35e-01  -4.1 1.32e-03    -  1.00e+00 1.00e+00h  1
 833r 1.4446979e+01 2.55e-02 5.04e-01  -4.1 1.50e-03    -  1.00e+00 1.00e+00h  1
 834r 1.4446922e+01 2.55e-02 4.12e-01  -4.1 1.23e-03    -  1.00e+00 1.00e+00h  1
 835r 1.4446956e+01 2.55e-02 1.17e-01  -4.1 7.65e-04    -  1.00e+00 1.00e+00H  1
 836r 1.4446891e+01 2.55e-02 6.52e-02  -4.1 6.91e-04    -  1.00e+00 1.00e+00h  1
 837r 1.4446771e+01 2.55e-02 2.75e-01  -4.1 8.95e-04    -  1.00e+00 1.00e+00H  1
 838r 1.4446337e+01 2.55e-02 1.72e+00  -4.1 3.67e-03    -  1.00e+00 1.00e+00H  1
 839r 1.4446337e+01 2.55e-02 1.72e+00  -4.1 2.22e-03    -  1.00e+00 1.19e-07h 24
iter    objective    inf_pr   inf_du lg(mu)  ||d||  lg(rg) alpha_du alpha_pr  ls
 840r 1.4446337e+01 2.55e-02 1.72e+00  -4.1 2.22e-03    -  1.00e+00 2.98e-08h 26
 841r 1.4446337e+01 2.55e-02 1.72e+00  -4.1 4.46e-03    -  1.00e+00 2.91e-11h 36
 842r 1.4446337e+01 2.55e-02 1.72e+00  -4.1 4.46e-03    -  1.00e+00 1.86e-09h 30
 843r 1.4446337e+01 2.55e-02 1.72e+00  -4.1 6.09e-03    -  1.00e+00 2.33e-10h 33
 844r 1.4439926e+01 2.55e-02 2.85e+01  -4.1 1.15e-01    -  6.88e-01 5.00e-01f  2
 845r 1.4445075e+01 2.55e-02 4.39e+00  -4.1 4.90e-02    -  1.00e+00 1.00e+00h  1
 846r 1.4454771e+01 2.55e-02 1.64e+01  -4.1 1.10e+00    -  9.97e-02 1.47e-01h  1
 847r 1.4451023e+01 2.55e-02 3.95e+01  -4.1 1.64e-01    -  1.00e+00 1.00e+00h  1
 848r 1.4435861e+01 3.22e-02 9.22e+01  -4.1 3.45e+00    -  9.64e-02 1.74e-01h  1
 849r 1.4453640e+01 2.53e-02 1.64e+01  -3.7 4.63e-01    -  1.00e+00 9.41e-01f  1
iter    objective    inf_pr   inf_du lg(mu)  ||d||  lg(rg) alpha_du alpha_pr  ls
 850r 1.4454695e+01 2.54e-02 2.46e+01  -3.8 1.84e-01    -  5.51e-01 8.14e-01h  1
 851r 1.4449765e+01 2.55e-02 1.13e+01  -3.8 9.00e-02    -  1.00e+00 1.00e+00h  1
 852r 1.4449623e+01 2.55e-02 6.06e+00  -3.8 2.45e-02    -  1.00e+00 1.00e+00h  1
 853r 1.4449726e+01 2.55e-02 5.66e+00  -3.8 1.52e-02    -  1.00e+00 1.00e+00h  1
 854r 1.4450646e+01 2.55e-02 8.78e+00  -3.8 1.45e-02    -  1.00e+00 1.00e+00h  1
 855r 1.4454518e+01 2.55e-02 1.88e+01  -3.8 4.27e-02    -  1.00e+00 1.00e+00H  1
 856r 1.4456979e+01 2.55e-02 1.53e+01  -3.8 4.29e-02    -  1.00e+00 1.00e+00H  1
 857r 1.4455418e+01 2.55e-02 3.94e+00  -3.8 1.62e-02    -  1.00e+00 1.00e+00H  1
 858r 1.4456457e+01 2.55e-02 1.99e+00  -3.8 7.11e-03    -  1.00e+00 1.00e+00H  1
 859r 1.4458366e+01 2.55e-02 5.55e+00  -3.8 1.45e-02    -  1.00e+00 1.00e+00H  1
iter    objective    inf_pr   inf_du lg(mu)  ||d||  lg(rg) alpha_du alpha_pr  ls
 860r 1.4458373e+01 2.55e-02 5.57e+00  -3.8 6.31e-02    -  1.00e+00 9.77e-04h 11
 861r 1.4465246e+01 2.55e-02 2.13e+01  -3.8 6.59e-02    -  1.00e+00 1.00e+00H  1
 862r 1.4465246e+01 2.55e-02 2.13e+01  -3.8 1.06e-01    -  1.00e+00 1.91e-06h 20
 863r 1.4460654e+01 2.55e-02 2.71e+00  -3.8 4.09e-02    -  1.00e+00 1.00e+00F  1
 864r 1.4460655e+01 2.55e-02 2.70e+00  -3.8 2.30e-02    -  1.00e+00 6.10e-05h 15
 865r 1.4465352e+01 2.55e-02 1.14e+01  -3.8 3.48e-02    -  1.00e+00 1.00e+00f  1
 866r 1.4466624e+01 2.55e-02 1.83e+01  -3.8 5.26e-02    -  1.00e+00 1.00e+00H  1
 867r 1.4466521e+01 2.55e-02 5.06e+00  -3.8 4.75e-02    -  1.00e+00 1.00e+00f  1
 868r 1.4464277e+01 2.55e-02 7.41e+00  -3.8 3.28e-02    -  1.00e+00 5.00e-01h  2
 869r 1.4463981e+01 2.55e-02 7.65e+00  -3.8 1.43e-02    -  1.00e+00 5.00e-01h  2
iter    objective    inf_pr   inf_du lg(mu)  ||d||  lg(rg) alpha_du alpha_pr  ls
 870r 1.4464359e+01 2.55e-02 5.42e+00  -3.8 1.45e-02    -  1.00e+00 2.50e-01h  3
 871r 1.4464393e+01 2.55e-02 5.14e+00  -3.8 1.63e-02    -  1.00e+00 3.12e-02h  6
 872r 1.4465287e+01 2.55e-02 6.01e+00  -3.8 2.44e-02    -  1.00e+00 1.00e+00H  1
 873r 1.4466412e+01 2.55e-02 4.73e+00  -3.8 1.14e-02    -  1.00e+00 1.00e+00f  1
 874r 1.4464376e+01 2.55e-02 1.83e+00  -3.8 1.87e-02    -  1.00e+00 1.00e+00h  1
 875r 1.4464592e+01 2.55e-02 3.66e+00  -3.8 5.66e-03    -  1.00e+00 1.00e+00h  1
 876r 1.4464869e+01 2.55e-02 4.20e-01  -3.8 5.01e-03    -  1.00e+00 1.00e+00h  1
 877r 1.4464929e+01 2.55e-02 3.87e-01  -3.8 1.34e-03    -  1.00e+00 1.00e+00h  1
 878r 1.4465558e+01 2.55e-02 1.90e+00  -3.8 1.43e-02    -  1.00e+00 1.00e+00H  1
 879r 1.4465882e+01 2.55e-02 4.92e+00  -3.8 2.05e-02    -  1.00e+00 1.00e+00h  1
iter    objective    inf_pr   inf_du lg(mu)  ||d||  lg(rg) alpha_du alpha_pr  ls
 880r 1.4465196e+01 2.55e-02 2.08e+00  -3.8 1.67e-02    -  1.00e+00 1.00e+00h  1
 881r 1.4465017e+01 2.55e-02 2.23e+00  -3.8 6.41e-03    -  1.00e+00 1.00e+00h  1
 882r 1.4465715e+01 2.55e-02 8.84e-01  -3.8 1.53e-02    -  1.00e+00 1.00e+00H  1
 883r 1.4465335e+01 2.55e-02 1.50e+00  -3.8 1.06e-02    -  1.00e+00 1.00e+00h  1
 884r 1.4464419e+01 2.55e-02 3.57e+00  -3.8 2.11e-02    -  1.00e+00 1.00e+00H  1
 885r 1.4465174e+01 2.55e-02 1.63e+00  -3.8 1.34e-02    -  1.00e+00 1.00e+00H  1
 886r 1.4465474e+01 2.55e-02 3.02e+00  -3.8 1.31e-02    -  1.00e+00 1.00e+00H  1
 887r 1.4465197e+01 2.55e-02 1.59e+00  -3.8 7.49e-03    -  1.00e+00 1.00e+00H  1
 888r 1.4465084e+01 2.55e-02 5.94e-01  -3.8 8.37e-03    -  1.00e+00 1.00e+00h  1
 889r 1.4465112e+01 2.55e-02 4.68e-01  -3.8 5.80e-03    -  1.00e+00 1.25e-01h  4
iter    objective    inf_pr   inf_du lg(mu)  ||d||  lg(rg) alpha_du alpha_pr  ls
 890r 1.4465650e+01 2.55e-02 1.94e+00  -3.8 1.60e-02    -  1.00e+00 1.00e+00H  1
 891r 1.4466090e+01 2.55e-02 4.92e+00  -3.8 3.13e-02    -  1.00e+00 1.00e+00H  1
 892r 1.4465708e+01 2.55e-02 2.30e+00  -3.8 2.71e-02    -  1.00e+00 1.00e+00h  1
 893r 1.4465125e+01 2.55e-02 6.62e+00  -3.8 3.19e-02    -  1.00e+00 1.00e+00H  1
 894r 1.4465911e+01 2.55e-02 2.27e+00  -3.8 3.55e-02    -  1.00e+00 1.00e+00F  1
 895r 1.4466029e+01 2.55e-02 3.22e+00  -3.8 1.63e-02    -  1.00e+00 1.00e+00h  1
 896r 1.4465454e+01 2.55e-02 2.10e+00  -3.8 2.12e-02    -  1.00e+00 1.00e+00H  1
 897r 1.4465569e+01 2.55e-02 1.06e+00  -3.8 2.13e-03    -  1.00e+00 1.00e+00H  1
 898r 1.4465511e+01 2.55e-02 1.67e-01  -3.8 1.69e-03    -  1.00e+00 1.00e+00H  1
 899r 1.4465526e+01 2.55e-02 8.29e-02  -3.8 9.42e-04    -  1.00e+00 1.00e+00H  1
iter    objective    inf_pr   inf_du lg(mu)  ||d||  lg(rg) alpha_du alpha_pr  ls
 900r 1.4465541e+01 2.55e-02 4.92e-01  -3.8 2.26e-03    -  1.00e+00 1.00e+00H  1
 901r 1.4465643e+01 2.55e-02 1.23e+00  -3.8 6.47e-03    -  1.00e+00 1.00e+00H  1
 902r 1.4465658e+01 2.55e-02 1.65e+00  -3.8 6.46e-03    -  1.00e+00 1.00e+00H  1
 903r 1.4465612e+01 2.55e-02 1.37e+00  -3.8 1.35e-02    -  1.00e+00 1.00e+00h  1
 904r 1.4465625e+01 2.55e-02 1.22e+00  -3.8 5.00e-03    -  1.00e+00 2.50e-01h  3
 905r 1.4465625e+01 2.55e-02 1.20e+00  -3.8 2.43e-03    -  1.00e+00 1.56e-02h  7
 906r 1.4465625e+01 2.55e-02 1.20e+00  -3.8 2.18e-03    -  1.00e+00 1.95e-03h 10
 907r 1.4465625e+01 2.55e-02 1.20e+00  -3.8 2.32e-03    -  1.00e+00 4.88e-04h 12
 908r 1.4465624e+01 2.55e-02 1.20e+00  -3.8 7.07e-04    -  1.00e+00 1.22e-04h 14
 909r 1.4465605e+01 2.55e-02 7.88e-01  -3.8 5.37e-03    -  1.00e+00 1.00e+00h  1
iter    objective    inf_pr   inf_du lg(mu)  ||d||  lg(rg) alpha_du alpha_pr  ls
 910r 1.4465675e+01 2.55e-02 5.49e-01  -3.8 1.85e-03    -  1.00e+00 1.00e+00h  1
 911r 1.4465612e+01 2.55e-02 1.79e-01  -3.8 1.38e-03    -  1.00e+00 1.00e+00h  1
 912r 1.4465595e+01 2.55e-02 1.12e-01  -3.8 3.75e-04    -  1.00e+00 1.00e+00h  1
 913r 1.4465604e+01 2.55e-02 2.51e-02  -3.8 1.91e-04    -  1.00e+00 1.00e+00h  1
 914r 1.4465604e+01 2.55e-02 2.34e-02  -3.8 1.29e-04    -  1.00e+00 1.00e+00h  1
 915r 1.4465571e+01 2.55e-02 2.37e-01  -3.8 1.37e-03    -  1.00e+00 1.00e+00H  1
 916r 1.4465558e+01 2.55e-02 5.32e-01  -3.8 2.67e-03    -  1.00e+00 1.00e+00H  1
 917r 1.4465568e+01 2.55e-02 2.60e-01  -3.8 2.49e-03    -  1.00e+00 1.00e+00H  1
 918r 1.4465564e+01 2.55e-02 7.14e-01  -3.8 3.48e-03    -  1.00e+00 1.00e+00H  1
 919r 1.4465569e+01 2.55e-02 3.09e-01  -3.8 4.34e-03    -  1.00e+00 1.00e+00H  1
iter    objective    inf_pr   inf_du lg(mu)  ||d||  lg(rg) alpha_du alpha_pr  ls
 920r 1.4465560e+01 2.55e-02 4.00e-01  -3.8 1.60e-03    -  1.00e+00 1.00e+00H  1
 921r 1.4465590e+01 2.55e-02 3.30e-01  -3.8 3.03e-03    -  1.00e+00 1.00e+00H  1
 922r 1.4465565e+01 2.55e-02 1.50e-01  -3.8 8.08e-04    -  1.00e+00 1.00e+00H  1
 923r 1.4465561e+01 2.55e-02 1.45e-01  -3.8 8.62e-04    -  1.00e+00 1.00e+00H  1
 924r 1.4465561e+01 2.55e-02 1.45e-01  -3.8 8.14e-04    -  1.00e+00 1.19e-07h 24
 925r 1.4465561e+01 2.55e-02 1.45e-01  -3.8 1.88e-03    -  1.00e+00 7.45e-09h 28
 926r 1.4465561e+01 2.55e-02 1.45e-01  -3.8 1.88e-03    -  1.00e+00 1.86e-09h 30
 927r 1.4465561e+01 2.55e-02 1.45e-01  -3.8 6.30e-05    -  1.00e+00 5.96e-08h 25
 928r 1.4465561e+01 2.55e-02 1.80e-01  -3.8 1.15e-02    -  1.00e+00 2.33e-10h 33
 929r 1.4465708e+01 2.55e-02 1.45e+00  -3.8 6.93e-03    -  1.00e+00 1.00e+00h  1
iter    objective    inf_pr   inf_du lg(mu)  ||d||  lg(rg) alpha_du alpha_pr  ls
 930r 1.4465514e+01 2.55e-02 4.77e-01  -3.8 7.20e-03    -  1.00e+00 1.00e+00H  1
 931r 1.4466107e+01 2.55e-02 9.10e+00  -3.8 3.90e-02    -  1.00e+00 1.00e+00f  1
 932r 1.4465715e+01 2.55e-02 6.48e-01  -3.8 3.56e-02    -  1.00e+00 1.00e+00h  1
 933r 1.4465504e+01 2.55e-02 4.29e+00  -3.8 6.98e-02    -  1.00e+00 5.00e-01h  2
 934r 1.4465530e+01 2.55e-02 1.07e+00  -3.8 3.02e-02    -  1.00e+00 1.00e+00h  1
 935r 1.4465613e+01 2.55e-02 1.14e+00  -3.8 3.57e-03    -  1.00e+00 1.00e+00h  1
 936r 1.4465572e+01 2.55e-02 4.42e-02  -3.8 1.20e-03    -  1.00e+00 1.00e+00h  1
 937r 1.4465576e+01 2.55e-02 2.73e-02  -3.8 1.22e-04    -  1.00e+00 1.00e+00h  1
 938r 1.4465586e+01 2.55e-02 6.33e-02  -3.8 3.85e-04    -  1.00e+00 1.00e+00H  1
 939r 1.4465611e+01 2.55e-02 1.45e-01  -3.8 5.64e-04    -  1.00e+00 1.00e+00H  1
iter    objective    inf_pr   inf_du lg(mu)  ||d||  lg(rg) alpha_du alpha_pr  ls
 940r 1.4465610e+01 2.55e-02 1.44e-01  -3.8 6.14e-04    -  1.00e+00 1.00e+00H  1
 941r 1.4465595e+01 2.55e-02 6.69e-02  -3.8 2.83e-04    -  1.00e+00 1.00e+00H  1
 942r 1.4465595e+01 2.55e-02 6.69e-02  -3.8 1.57e-04    -  1.00e+00 2.38e-07h 23
 943r 1.4465600e+01 2.55e-02 2.05e-02  -3.8 1.57e-04    -  1.00e+00 1.00e+00H  1
 944r 1.4465600e+01 2.55e-02 2.05e-02  -3.8 2.38e-04    -  1.00e+00 7.45e-09h 28
 945r 1.4465595e+01 2.55e-02 9.87e-02  -3.8 4.57e-04    -  1.00e+00 1.00e+00H  1
 946r 1.4465595e+01 2.55e-02 9.88e-02  -3.8 1.29e-03    -  1.00e+00 2.33e-10h 33
 947r 1.4465595e+01 2.55e-02 9.88e-02  -3.8 1.29e-03    -  1.00e+00 7.45e-09h 28
 948r 1.4465595e+01 2.55e-02 9.88e-02  -3.8 1.02e-03    -  1.00e+00 5.68e-14h 45
Cannot call restoration phase at point that is almost feasible for the restoration NLP (violation 1.987748e-14).
Abort in line search due to no other fall back.
Step computation in the restoration phase failed.

Number of Iterations....: 948

                                   (scaled)                 (unscaled)
Objective...............:   1.4465595324648142e+01    1.4465595324648142e+01
Dual infeasibility......:   9.8259765574817040e-02    9.8259765574817040e-02
Constraint violation....:   2.5514405562634117e-02    2.5514405562634117e-02
Variable bound violation:   0.0000000000000000e+00    0.0000000000000000e+00
Complementarity.........:   1.4361010857209518e-04    1.4361010857209518e-04
Overall NLP error.......:   9.8259765574817040e-02    9.8259765574817040e-02


Number of objective function evaluations             = 2083
Number of objective gradient evaluations             = 78
Number of equality constraint evaluations            = 2083
Number of inequality constraint evaluations          = 2083
Number of equality constraint Jacobian evaluations   = 952
Number of inequality constraint Jacobian evaluations = 952
Number of Lagrangian Hessian evaluations             = 0
Total seconds in IPOPT                               = 2884.193

EXIT: Restoration Failed!
