This is Ipopt version 3.14.19, running with linear solver MUMPS 5.8.2.

Number of nonzeros in equality constraint Jacobian...:   350253
Number of nonzeros in inequality constraint Jacobian.:     1472
Number of nonzeros in Lagrangian Hessian.............:        0

Total number of variables............................:     1175
                     variables with only lower bounds:        0
                variables with lower and upper bounds:      248
                     variables with only upper bounds:        0
Total number of equality constraints.................:     1134
Total number of inequality constraints...............:      169
        inequality constraints with only lower bounds:        0
   inequality constraints with lower and upper bounds:        0
        inequality constraints with only upper bounds:      169

iter    objective    inf_pr   inf_du lg(mu)  ||d||  lg(rg) alpha_du alpha_pr  ls
   0  1.0026042e-01 6.60e+00 1.00e+00   0.0 0.00e+00    -  0.00e+00 0.00e+00   0
   1  1.0023140e-01 6.55e+00 2.92e+01  -0.4 1.25e+01    -  1.77e-01 7.70e-03h  1
   2  1.0020218e-01 6.54e+00 1.42e+04   0.4 2.23e+01    -  4.85e-01 1.22e-03h  1
   3  1.0663998e-01 6.46e+00 1.69e+04   1.9 8.54e+01    -  3.12e-02 9.47e-03h  1
   4  3.9206106e-01 7.17e+00 5.53e+04   2.5 2.10e+02    -  1.34e-01 2.57e-02f  1
   5  4.2453731e-01 7.13e+00 1.08e+05   1.5 1.71e+02    -  6.94e-02 4.71e-03h  1
   6  6.2258824e-01 6.95e+00 1.09e+05   1.5 1.71e+02    -  2.20e-02 1.81e-02h  2
   7  8.9926889e-01 6.78e+00 9.99e+04   2.9 2.12e+02    -  1.17e-02 1.89e-02h  1
   8  1.0904627e+00 6.68e+00 1.23e+05   2.7 2.17e+02    -  7.54e-02 1.17e-02h  1
   9  1.3553753e+00 6.59e+00 1.39e+05   2.9 2.02e+02    -  2.96e-02 1.34e-02h  1
iter    objective    inf_pr   inf_du lg(mu)  ||d||  lg(rg) alpha_du alpha_pr  ls
  10  1.9916991e+00 6.28e+00 2.10e+05   2.9 1.83e+02    -  3.94e-02 2.63e-02h  1
  11  2.6794428e+00 6.04e+00 4.31e+05   2.7 1.18e+02    -  6.00e-02 3.07e-02h  1
  12  2.8563725e+00 5.98e+00 4.84e+05   2.9 1.18e+02    -  3.48e-02 1.08e-02h  1
  13  2.9138885e+00 5.96e+00 5.03e+05  -3.8 1.15e+02    -  6.49e-03 4.21e-03h  1
  14  3.1193614e+00 6.02e+00 5.31e+05   2.9 2.45e+02    -  4.68e-03 1.30e-02f  1
  15  3.3338128e+00 6.11e+00 5.27e+05   2.9 1.74e+02    -  1.48e-02 2.00e-02h  1
  16  3.3525106e+00 6.10e+00 5.28e+05  -3.8 1.40e+02    -  1.08e-02 3.91e-03h  1
  17  3.4446267e+00 6.07e+00 5.71e+05   2.9 3.64e+02    -  1.43e-03 7.40e-03h  1
  18  3.4465151e+00 6.05e+00 5.84e+05   0.8 1.39e+02    -  1.91e-02 2.70e-03h  1
  19  3.4579138e+00 6.03e+00 7.13e+05   2.9 2.14e+02    -  1.15e-02 1.23e-02h  1
iter    objective    inf_pr   inf_du lg(mu)  ||d||  lg(rg) alpha_du alpha_pr  ls
  20  3.4288184e+00 5.98e+00 8.03e+05   2.1 1.73e+02    -  1.79e-02 7.53e-03h  1
  21  3.3665140e+00 5.87e+00 1.07e+06   2.9 2.36e+02    -  1.89e-02 1.61e-02h  1
  22  3.2310410e+00 5.77e+00 1.42e+06   2.9 2.22e+02    -  1.25e-02 2.37e-02h  1
  23  3.1470409e+00 5.72e+00 1.51e+06   2.9 2.64e+02    -  1.01e-02 1.52e-02h  1
  24  3.1479470e+00 5.69e+00 1.54e+06  -3.7 2.32e+02    -  1.09e-02 6.08e-03h  1
  25  3.1530955e+00 5.67e+00 1.58e+06   2.9 3.38e+02    -  2.73e-03 3.49e-03f  1
  26  3.1178907e+00 5.81e+00 1.79e+06   2.9 2.44e+02    -  8.07e-03 2.30e-02f  1
  27  3.1058276e+00 5.79e+00 1.79e+06   2.2 2.19e+02    -  1.42e-02 3.33e-03h  1
  28  3.2029133e+00 5.62e+00 2.05e+06   2.9 3.23e+02    -  1.99e-02 1.43e-02f  1
  29  3.2375931e+00 5.57e+00 2.18e+06   1.9 2.73e+02    -  1.11e-02 5.88e-03h  1
iter    objective    inf_pr   inf_du lg(mu)  ||d||  lg(rg) alpha_du alpha_pr  ls
  30  3.3057693e+00 5.51e+00 2.32e+06   2.3 2.79e+02    -  1.50e-02 7.33e-03h  1
  31  3.3154266e+00 5.48e+00 2.41e+06   2.9 2.06e+02    -  8.84e-03 5.01e-03h  1
  32  3.2436374e+00 5.35e+00 2.61e+06   2.9 1.81e+02    -  1.01e-02 1.72e-02f  1
  33  3.2179265e+00 5.31e+00 2.66e+06   2.9 1.30e+02    -  1.39e-02 7.40e-03h  1
  34  3.1895335e+00 5.25e+00 2.69e+06   2.9 1.34e+02    -  3.59e-03 1.69e-02h  1
  35  3.2499861e+00 5.17e+00 2.69e+06   2.9 1.75e+02    -  6.47e-03 1.39e-02f  1
  36  3.2348975e+00 5.07e+00 2.75e+06   2.9 2.03e+02    -  3.44e-03 1.18e-02f  1
  37  3.3160735e+00 4.73e+00 2.84e+06   2.9 2.06e+02    -  3.69e-02 2.46e-02f  1
  38  3.4010764e+00 4.60e+00 2.89e+06   2.9 1.45e+02    -  7.87e-03 1.26e-02f  1
  39  3.4302831e+00 4.59e+00 2.90e+06  -3.6 1.27e+02    -  2.04e-02 3.25e-03h  1
iter    objective    inf_pr   inf_du lg(mu)  ||d||  lg(rg) alpha_du alpha_pr  ls
  40  3.5450681e+00 4.58e+00 2.95e+06   2.9 2.75e+02    -  2.15e-03 4.69e-03h  1
  41  3.7745447e+00 4.54e+00 2.82e+06   2.9 2.05e+02    -  6.78e-03 1.25e-02f  1
  42  4.0978811e+00 4.49e+00 2.78e+06   2.9 1.93e+02    -  1.33e-02 1.54e-02h  1
  43  4.1028809e+00 4.48e+00 2.86e+06  -3.6 1.23e+02    -  9.84e-03 2.02e-03h  1
  44  4.0726504e+00 4.47e+00 3.31e+06   2.9 2.74e+02    -  5.87e-03 2.47e-03h  1
  45  3.9316954e+00 4.34e+00 4.01e+06   2.9 1.35e+02    -  7.01e-03 1.83e-02f  1
  46  3.8568834e+00 4.20e+00 4.80e+06   2.9 1.36e+02    -  1.65e-02 1.96e-02h  1
  47  3.8722881e+00 4.10e+00 5.65e+06   2.9 1.00e+02    -  1.87e-02 1.76e-02f  1
  48  3.8497750e+00 4.07e+00 5.91e+06   2.9 1.91e+02    -  2.49e-02 6.83e-03f  1
  49  3.8414046e+00 4.05e+00 6.08e+06  -3.6 1.14e+02    -  1.02e-02 8.08e-03h  1
iter    objective    inf_pr   inf_du lg(mu)  ||d||  lg(rg) alpha_du alpha_pr  ls
  50  3.8267053e+00 4.05e+00 6.13e+06  -3.6 2.59e+02    -  2.91e-03 1.14e-03h  1
  51  3.8397406e+00 4.04e+00 6.49e+06   2.9 3.52e+02    -  6.50e-04 4.84e-03f  1
  52  3.9211428e+00 4.08e+00 6.90e+06   2.1 1.62e+02    -  2.17e-02 2.14e-02h  1
  53  3.7772821e+00 4.07e+00 7.10e+06   2.9 9.97e+01    -  7.45e-03 2.10e-02f  1
  54  3.7316670e+00 4.05e+00 7.08e+06   2.0 9.19e+01    -  1.18e-02 6.04e-03h  1
  55  3.4659154e+00 4.02e+00 6.85e+06   2.9 2.12e+02    -  1.08e-02 9.15e-03f  1
  56  3.2443325e+00 3.93e+00 6.39e+06   2.9 1.64e+02    -  3.24e-03 1.73e-02f  1
  57  3.1894146e+00 3.90e+00 6.38e+06   2.9 1.71e+02    -  1.29e-02 7.49e-03f  1
  58  3.1125265e+00 3.87e+00 6.36e+06   2.9 1.32e+02    -  4.06e-02 1.56e-02f  1
  59  3.0351673e+00 3.98e+00 6.32e+06   2.9 1.16e+02    -  4.80e-02 3.56e-02f  1
iter    objective    inf_pr   inf_du lg(mu)  ||d||  lg(rg) alpha_du alpha_pr  ls
  60  3.0910226e+00 3.88e+00 6.71e+06   2.8 1.12e+02    -  1.94e-02 4.10e-02h  1
  61  3.0790763e+00 3.86e+00 6.84e+06  -3.5 6.31e+01    -  1.13e-02 4.85e-03h  1
  62  3.0969043e+00 3.83e+00 6.96e+06   0.4 9.82e+01    -  7.50e-03 6.98e-03h  1
  63  3.1909314e+00 3.75e+00 7.88e+06   2.8 1.20e+02    -  3.10e-02 1.65e-02f  1
  64  3.0969561e+00 3.68e+00 8.41e+06   2.9 1.16e+02    -  7.51e-03 2.56e-02f  1
  65  3.0211890e+00 3.63e+00 8.88e+06  -3.5 1.04e+02    -  1.83e-02 1.30e-02h  1
  66  3.0039736e+00 3.63e+00 9.02e+06  -3.5 1.37e+02    -  3.68e-03 2.08e-03h  1
  67  2.9556460e+00 3.61e+00 9.35e+06   2.9 1.57e+02    -  4.35e-03 5.36e-03f  1
  68  2.8551604e+00 3.52e+00 1.22e+07   2.9 1.31e+02    -  4.02e-02 5.09e-02f  1
  69  2.9164311e+00 3.50e+00 1.27e+07   2.9 1.60e+02    -  6.06e-02 1.82e-02f  1
iter    objective    inf_pr   inf_du lg(mu)  ||d||  lg(rg) alpha_du alpha_pr  ls
  70  3.2302976e+00 3.46e+00 1.34e+07   2.9 1.72e+02    -  3.03e-02 3.60e-02f  1
  71  3.4025140e+00 3.38e+00 1.32e+07   2.4 1.33e+02    -  3.34e-02 2.25e-02f  2
  72  3.5559766e+00 3.30e+00 1.29e+07   2.4 1.28e+02    -  2.91e-02 2.06e-02f  2
  73  3.7792854e+00 3.44e+00 1.23e+07   2.4 1.19e+02    -  2.50e-02 3.18e-02h  1
  74  3.9514039e+00 3.42e+00 1.20e+07   2.4 1.07e+02    -  4.64e-02 2.24e-02h  1
  75  4.3398999e+00 3.51e+00 1.07e+07   2.4 1.00e+02    -  7.39e-03 5.85e-02f  1
  76  4.3302189e+00 3.41e+00 1.02e+07   2.4 8.19e+01    -  4.05e-02 2.23e-02h  1
  77  4.3349256e+00 3.20e+00 9.58e+06   2.9 8.68e+01    -  1.39e-02 5.33e-02h  1
  78  4.3953449e+00 3.09e+00 9.04e+06   2.9 9.39e+01    -  5.11e-02 2.04e-02h  1
  79  4.5297622e+00 2.77e+00 8.12e+06   2.9 8.95e+01    -  7.10e-03 3.59e-02f  1
iter    objective    inf_pr   inf_du lg(mu)  ||d||  lg(rg) alpha_du alpha_pr  ls
  80  4.5520482e+00 2.69e+00 7.66e+06   2.9 1.29e+02    -  3.13e-02 1.32e-02f  1
  81  5.3412535e+00 3.52e+00 8.59e+06   2.9 1.31e+02    -  2.53e-02 9.04e-02f  1
  82  5.4380891e+00 3.40e+00 8.91e+06   2.5 8.16e+01    -  5.65e-03 2.14e-02h  1
  83  5.4575572e+00 3.33e+00 9.01e+06   2.5 6.11e+01    -  5.26e-02 1.65e-02h  1
  84  5.4662773e+00 3.27e+00 8.95e+06   2.5 4.91e+01    -  9.38e-03 1.57e-02h  1
  85  5.4710146e+00 3.19e+00 8.85e+06   2.5 6.23e+01    -  1.41e-02 3.14e-02f  1
  86  5.4704781e+00 3.20e+00 8.74e+06   2.9 1.09e+02    -  7.35e-03 5.97e-02f  1
  87  5.5280155e+00 3.25e+00 9.35e+06   2.8 1.37e+02    -  9.72e-02 4.09e-02h  1
  88  4.9686389e+00 3.02e+00 1.13e+07   2.9 8.50e+01    -  1.42e-02 5.87e-02f  1
  89  4.9348694e+00 3.00e+00 1.14e+07  -3.4 6.98e+01    -  3.01e-02 5.66e-03h  1
iter    objective    inf_pr   inf_du lg(mu)  ||d||  lg(rg) alpha_du alpha_pr  ls
  90  4.8080240e+00 2.96e+00 1.11e+07   2.6 9.33e+01    -  2.89e-02 2.09e-02h  1
  91  4.8413683e+00 2.78e+00 1.15e+07   2.6 8.05e+01    -  3.18e-02 7.87e-02F  1
  92  4.8192404e+00 2.75e+00 1.12e+07   2.5 1.10e+02    -  6.47e-02 2.57e-02h  1
  93  5.1786743e+00 2.96e+00 9.91e+06   2.9 1.03e+02    -  1.31e-01 8.45e-02f  1
  94  5.2183784e+00 2.97e+00 9.59e+06   2.5 6.42e+01    -  2.67e-02 3.79e-02h  1
  95  5.4038428e+00 3.02e+00 9.04e+06   2.5 8.00e+01    -  5.34e-02 5.07e-02h  1
  96  5.4486029e+00 2.93e+00 8.17e+06   2.9 6.75e+01    -  4.99e-02 5.03e-02h  1
  97  5.4564813e+00 2.89e+00 7.97e+06  -3.4 3.96e+01    -  6.68e-02 1.32e-02h  1
  98  5.3417439e+00 2.83e+00 7.65e+06   2.9 1.08e+02    -  1.28e-02 3.05e-02h  1
  99  5.3966198e+00 2.80e+00 7.13e+06   2.9 6.59e+01    -  8.51e-02 6.11e-02f  1
iter    objective    inf_pr   inf_du lg(mu)  ||d||  lg(rg) alpha_du alpha_pr  ls
 100  5.3808579e+00 2.66e+00 6.69e+06   2.9 4.56e+01    -  7.20e-02 1.29e-01f  1
 101  5.2737996e+00 2.46e+00 6.41e+06   1.3 3.69e+01    -  7.55e-02 7.32e-02h  1
 102  5.3131984e+00 2.35e+00 6.43e+06   2.9 1.01e+02    -  8.60e-02 4.41e-02f  1
 103  5.5779362e+00 2.16e+00 6.95e+06   2.9 7.40e+01    -  1.04e-01 1.60e-01H  1
 104  5.5023029e+00 1.96e+00 6.00e+06   2.4 3.16e+01    -  1.81e-01 1.30e-01h  1
 105  5.4115548e+00 1.75e+00 5.60e+06   2.9 4.15e+01    -  2.28e-02 9.52e-02f  1
 106  5.3214476e+00 1.64e+00 5.50e+06   1.4 2.58e+01    -  1.59e-01 5.93e-02h  1
 107  5.2119488e+00 1.44e+00 5.91e+06   2.9 4.94e+01    -  5.32e-02 9.94e-02f  1
 108  5.1283404e+00 1.20e+00 5.89e+06   2.9 2.14e+01    -  1.50e-01 2.90e-01f  1
 109  5.1097250e+00 9.53e-01 6.33e+06   2.9 1.34e+01    -  2.45e-01 2.36e-01f  1
iter    objective    inf_pr   inf_du lg(mu)  ||d||  lg(rg) alpha_du alpha_pr  ls
 110  4.8144485e+00 3.87e-01 9.52e+06   2.9 5.48e+00    -  7.74e-01 6.29e-01h  1
 111  4.8596582e+00 4.54e-01 1.03e+07   2.9 2.55e+01    -  4.43e-01 1.55e-01f  2
 112  5.0640922e+00 4.20e-01 1.11e+07   2.9 5.04e+00    -  5.91e-01 7.10e-01h  1
 113  5.2687638e+00 4.35e-01 1.29e+07   2.9 5.34e+01    -  9.92e-02 4.99e-02f  2
 114  5.6174319e+00 4.46e-01 1.43e+07   2.7 1.46e+01    -  3.18e-01 2.60e-01H  1
 115  5.9796856e+00 5.25e-01 1.88e+07   2.9 2.50e+01    -  8.73e-02 1.02e-01f  2
 116  6.0212069e+00 5.21e-01 1.95e+07   2.7 3.32e+01    -  8.33e-02 1.53e-02h  4
 117  6.1252603e+00 5.23e-01 2.11e+07   2.7 3.38e+01    -  1.28e-01 3.45e-02f  3
 118  6.2320124e+00 5.24e-01 2.28e+07   2.7 2.72e+01    -  1.54e-01 3.76e-02f  3
 119  6.1777458e+00 5.43e-01 2.34e+07   2.7 1.13e+02    -  4.89e-02 1.67e-02f  3
iter    objective    inf_pr   inf_du lg(mu)  ||d||  lg(rg) alpha_du alpha_pr  ls
 120  6.0174902e+00 2.91e-01 1.77e+07   2.7 8.17e+00    -  5.58e-01 5.08e-01H  1
 121  6.0530843e+00 5.47e-01 2.55e+07   2.9 2.78e+01    -  1.46e-01 1.20e-01f  2
 122  6.0598810e+00 5.97e-01 3.02e+07   2.7 2.76e+01    -  1.25e-01 8.24e-02f  3
 123  6.2114470e+00 8.43e-01 3.71e+07   2.7 3.24e+01    -  2.20e-02 1.16e-01f  2
 124  6.7270840e+00 9.15e-01 4.46e+07   2.7 1.13e+02    -  6.45e-02 3.94e-02f  2
 125  7.0429722e+00 9.34e-01 4.80e+07   2.7 1.12e+02    -  7.54e-02 2.93e-02f  2
 126  7.3961976e+00 1.03e+00 5.08e+07   2.7 7.75e+01    -  2.03e-01 4.87e-02f  2
 127  8.1073030e+00 1.47e+00 5.41e+07   2.7 6.77e+01    -  1.09e-01 8.87e-02f  2
 128  8.6592849e+00 1.40e+00 5.24e+07   2.7 6.12e+01    -  3.75e-02 1.11e-01h  1
 129  8.7352276e+00 2.17e+00 5.83e+07   2.7 1.24e+01    -  2.56e-01 7.76e-01h  1
iter    objective    inf_pr   inf_du lg(mu)  ||d||  lg(rg) alpha_du alpha_pr  ls
 130  8.3103835e+00 2.03e+00 5.58e+07   2.7 1.13e+02    -  1.38e-01 5.73e-02h  1
 131  7.9772749e+00 1.15e+00 5.70e+07   2.7 1.13e+01    -  2.49e-01 3.81e-01f  1
 132  7.8745918e+00 8.97e-01 5.33e+07   2.7 9.99e+00    -  2.29e-01 2.31e-01f  1
 133  7.6696102e+00 7.90e-01 4.66e+07   2.7 2.37e+01    -  6.14e-02 1.44e-01H  1
 134  7.4412147e+00 6.60e-01 3.74e+07   2.7 1.67e+01    -  1.71e-01 1.99e-01h  1
 135  7.3130898e+00 6.78e-01 3.61e+07   2.7 3.40e+01    -  4.38e-02 1.14e-01f  1
 136  7.1837833e+00 7.19e-01 3.82e+07   2.7 2.38e+01    -  8.82e-02 1.13e-01f  1
 137  7.0408075e+00 9.45e-01 3.77e+07   2.7 2.80e+01    -  1.38e-01 2.07e-01F  1
 138  7.0992575e+00 1.73e+00 3.61e+07   2.7 9.93e+01    -  5.84e-02 9.06e-02f  1
 139  6.8502085e+00 1.33e+00 1.64e+07   2.7 1.50e+01    -  1.70e-01 5.10e-01f  1
iter    objective    inf_pr   inf_du lg(mu)  ||d||  lg(rg) alpha_du alpha_pr  ls
 140  6.6276138e+00 9.72e-01 1.38e+07   2.7 9.72e+00    -  1.98e-01 2.76e-01f  1
 141  6.4917421e+00 9.29e-01 1.59e+07   2.7 1.36e+01    -  3.71e-01 3.46e-01f  1
 142  6.5332977e+00 7.61e-01 1.60e+07   2.7 8.05e+00    -  3.06e-01 3.01e-01f  1
 143  6.5526812e+00 6.43e-01 1.41e+07   2.7 8.58e+00    -  7.56e-02 2.06e-01f  1
 144  6.6980068e+00 4.14e-01 9.90e+06   2.7 8.11e+00    -  2.50e-01 3.79e-01f  1
 145  8.5068937e+00 2.17e+00 1.93e+07   2.7 2.99e+01    -  1.23e-01 4.01e-01f  1
 146  1.0330070e+01 2.30e+00 2.05e+07   2.7 9.74e+00    -  1.73e-01 1.00e+00f  1
 147  1.0431611e+01 1.15e+00 1.72e+07   2.7 7.62e+00    -  1.56e-01 5.54e-01f  1
 148  1.0226917e+01 3.55e-01 8.97e+06   2.7 5.38e+00    -  3.25e-01 7.94e-01f  1
 149  1.0681696e+01 5.10e-01 9.29e+06   2.7 1.03e+01    -  1.73e-01 4.82e-01f  1
iter    objective    inf_pr   inf_du lg(mu)  ||d||  lg(rg) alpha_du alpha_pr  ls
 150  1.1018123e+01 5.68e-01 1.17e+07   2.7 2.27e+01    -  2.60e-01 1.43e-01f  2
 151  1.1630122e+01 6.49e-01 1.24e+07   2.7 5.48e+01    -  1.97e-01 6.11e-02f  2
 152  1.2362894e+01 6.90e-01 1.59e+07   2.7 3.12e+01    -  1.99e-01 1.24e-01f  2
 153  1.3030911e+01 3.06e-01 1.40e+07   2.7 1.61e+01    -  2.82e-01 5.69e-01F  1
 154  1.3222956e+01 2.65e-01 1.39e+07   2.7 1.48e+01    -  4.25e-01 1.86e-01f  2
 155  1.3636329e+01 3.25e-01 1.42e+07   2.7 2.69e+01    -  1.50e-01 1.66e-01f  2
 156  1.3893159e+01 4.04e-01 1.43e+07   2.7 2.49e+01    -  2.53e-01 1.74e-01f  2
 157  1.4230696e+01 4.84e-01 1.40e+07   2.7 1.17e+01    -  4.17e-01 4.67e-01f  1
 158  1.5366014e+01 1.76e+00 1.98e+07   2.7 1.99e+01    -  1.57e-01 3.71e-01f  1
 159  1.5488614e+01 1.65e+00 1.88e+07   2.7 1.08e+01    -  4.38e-01 4.31e-01f  1
iter    objective    inf_pr   inf_du lg(mu)  ||d||  lg(rg) alpha_du alpha_pr  ls
 160  1.4778130e+01 4.60e-01 6.63e+06   2.7 3.84e+00    -  5.32e-01 9.18e-01f  1
 161  1.4534666e+01 1.21e-01 4.97e+06   2.7 2.40e+00    -  5.30e-01 1.00e+00f  1
 162  1.4501345e+01 5.20e-02 2.79e+06   2.8 2.12e+00    -  1.00e+00 1.00e+00f  1
 163  1.4472423e+01 4.83e-02 2.40e+06   2.1 1.57e+00    -  1.00e+00 1.00e+00h  1
 164  1.4968348e+01 3.66e-01 5.23e+06   2.5 3.75e+00    -  1.00e+00 1.00e+00f  1
 165  1.4814198e+01 1.62e-01 1.71e+06   2.4 2.77e+00    -  1.00e+00 1.00e+00f  1
 166  1.4797983e+01 5.84e-03 6.73e+05   2.4 4.66e-01    -  1.00e+00 1.00e+00f  1
 167  1.4860072e+01 2.39e-03 1.06e+06   1.6 5.51e-01    -  9.98e-01 1.00e+00H  1
 168  1.4879864e+01 1.52e-03 3.81e+05   1.1 2.58e-01    -  1.00e+00 1.00e+00h  1
 169  1.5246022e+01 9.32e-02 3.12e+06   1.3 2.30e+00    -  1.00e+00 1.00e+00f  1
iter    objective    inf_pr   inf_du lg(mu)  ||d||  lg(rg) alpha_du alpha_pr  ls
 170  1.5029785e+01 4.11e-02 6.30e+05   1.2 1.86e+00    -  1.00e+00 1.00e+00h  1
 171  1.4936464e+01 4.53e-03 5.18e+05   1.2 5.74e-01    -  7.12e-01 1.00e+00f  1
 172  1.4983204e+01 2.00e-03 1.63e+05   1.2 3.51e-01    -  1.00e+00 1.00e+00f  1
 173  1.4987546e+01 3.64e-04 1.44e+05   1.2 1.58e-01    -  1.00e+00 1.00e+00f  1
 174  1.4984708e+01 9.96e-05 2.60e+04   0.9 7.47e-02    -  1.00e+00 1.00e+00h  1
 175  1.4984206e+01 3.49e-05 1.94e+04  -0.7 1.32e-02    -  1.00e+00 1.00e+00h  1
 176  1.4984243e+01 1.01e-05 4.92e+05  -1.1 2.55e-01    -  9.86e-01 1.00e+00H  1
 177  1.4992035e+01 7.30e-04 2.46e+05  -1.1 1.54e-01    -  1.00e+00 1.00e+00f  1
 178  1.4988926e+01 1.24e-04 4.51e+04  -1.2 5.23e-02    -  1.00e+00 1.00e+00h  1
 179  1.4989655e+01 3.01e-05 2.99e+04  -1.2 2.61e-02    -  1.00e+00 1.00e+00h  1
iter    objective    inf_pr   inf_du lg(mu)  ||d||  lg(rg) alpha_du alpha_pr  ls
 180  1.4991567e+01 1.15e-05 3.47e+04  -1.2 2.36e-02    -  1.00e+00 1.00e+00H  1
 181  1.4991733e+01 1.15e-05 4.28e+04  -1.2 3.23e-01    -  1.00e+00 1.30e-02h  7
 182r 1.4991733e+01 1.15e-05 1.00e+03  -1.0 0.00e+00    -  0.00e+00 3.61e-07R 20
 183r 1.4994431e+01 2.46e-05 1.52e+00  -1.2 1.73e-02    -  1.00e+00 1.00e+00f  1
 184r 1.4994427e+01 2.89e-06 6.79e-01  -3.1 6.61e-03    -  1.00e+00 9.79e-01f  1
 185  1.4151678e+01 1.49e-01 9.89e+02  -1.7 7.24e+00    -  8.73e-01 4.03e-01f  1
 186  1.3028032e+01 3.32e-01 1.43e+03  -1.3 9.92e+00    -  1.00e+00 5.04e-01f  1
 187  1.2195177e+01 7.42e-01 1.76e+02  -1.4 1.15e+01    -  6.80e-01 1.00e+00h  1
 188  1.2188780e+01 7.22e-01 6.10e+02  -1.4 2.36e+00    -  2.08e-01 2.73e-02h  1
 189  1.1882773e+01 1.87e-01 9.66e+01  -1.4 6.43e+00    -  8.49e-01 1.00e+00h  1
iter    objective    inf_pr   inf_du lg(mu)  ||d||  lg(rg) alpha_du alpha_pr  ls
 190  1.1692620e+01 1.08e-01 5.75e+01  -1.9 4.02e+00    -  1.00e+00 4.85e-01h  1
 191  1.1349383e+01 6.23e-02 6.42e+01  -1.7 4.77e+00    -  1.00e+00 7.62e-01f  1
 192  1.1198791e+01 4.54e-02 1.18e+02  -1.9 1.88e+00    -  1.00e+00 9.29e-01h  1
 193  1.1073251e+01 6.42e-02 1.54e+02  -2.2 1.88e+00    -  1.00e+00 1.00e+00h  1
 194  1.1033520e+01 2.42e-02 5.42e+01  -2.5 1.08e+00    -  1.00e+00 1.00e+00h  1
 195  1.1093582e+01 1.34e-02 1.05e+02  -2.5 1.56e+00    -  6.17e-01 4.62e-01H  1
 196  1.1093998e+01 5.80e-03 1.85e+02  -2.7 6.86e-01    -  1.00e+00 5.13e-01h  1
 197  1.1095557e+01 5.54e-03 2.51e+02  -3.3 8.40e-01    -  9.68e-01 4.28e-01H  1
 198  1.1091096e+01 6.23e-03 2.45e+02  -3.0 8.09e-01    -  1.00e+00 3.39e-01h  2
 199  1.1041414e+01 3.26e-02 3.08e+02  -2.6 1.37e+00    -  1.00e+00 5.51e-01h  1
iter    objective    inf_pr   inf_du lg(mu)  ||d||  lg(rg) alpha_du alpha_pr  ls
 200  1.1013040e+01 2.94e-02 3.89e+02  -2.8 8.42e-01    -  6.05e-01 1.00e+00h  1
 201  1.0967832e+01 5.58e-03 2.92e+02  -2.9 4.72e-01    -  1.00e+00 8.63e-01h  1
 202  1.0930446e+01 2.80e-03 1.56e+02  -3.3 5.60e-01    -  1.00e+00 5.80e-01h  1
 203  1.0918193e+01 5.76e-03 1.44e+02  -3.3 5.51e-01    -  1.00e+00 6.21e-01h  1
 204  1.0903336e+01 6.69e-03 2.09e+02  -3.7 9.46e-01    -  1.00e+00 3.63e-01h  1
 205  1.0869379e+01 4.45e-02 6.59e+02  -2.5 2.39e+00    -  1.00e+00 4.36e-01f  1
 206  1.0796628e+01 4.84e-02 8.57e+02  -2.7 1.99e+00    -  9.43e-01 5.72e-01h  1
 207  1.0693318e+01 2.04e-02 4.87e+02  -2.7 1.01e+00    -  1.00e+00 8.92e-01h  1
 208  1.0718486e+01 2.84e-02 4.26e+02  -2.2 1.15e+00    -  1.00e+00 1.00e+00f  1
 209  1.0723018e+01 8.14e-03 1.05e+02  -2.2 6.86e-01    -  1.00e+00 1.00e+00h  1
iter    objective    inf_pr   inf_du lg(mu)  ||d||  lg(rg) alpha_du alpha_pr  ls
 210  1.0676409e+01 1.32e-02 9.34e+01  -2.9 8.22e-01    -  1.00e+00 8.23e-01h  1
 211  1.0647875e+01 1.46e-02 2.63e+02  -2.6 7.28e-01    -  1.00e+00 1.00e+00h  1
 212  1.0584741e+01 4.16e-03 1.80e+02  -3.2 4.18e-01    -  1.00e+00 8.14e-01h  1
 213  1.0579793e+01 2.24e-03 1.01e+02  -3.9 3.41e-01    -  9.43e-01 5.73e-01h  1
 214  1.0611272e+01 1.41e-03 6.40e+02  -3.2 2.82e-01    -  1.00e+00 4.01e-01h  1
 215  1.0718183e+01 6.03e-03 3.86e+02  -2.5 4.48e-01    -  6.74e-01 1.00e+00f  1
 216  1.0715678e+01 1.51e-03 2.51e+02  -2.7 3.94e-01    -  1.00e+00 8.48e-01h  1
 217  1.0693473e+01 1.37e-03 1.38e+02  -2.7 3.00e-01    -  1.00e+00 1.00e+00f  1
 218  1.0665821e+01 4.16e-03 2.09e+02  -2.7 3.81e-01    -  1.00e+00 1.00e+00h  1
 219  1.0665054e+01 1.37e-03 2.29e+02  -2.7 3.57e-01    -  1.00e+00 1.00e+00h  1
iter    objective    inf_pr   inf_du lg(mu)  ||d||  lg(rg) alpha_du alpha_pr  ls
 220  1.0647235e+01 1.91e-03 1.33e+02  -2.7 3.84e-01    -  1.00e+00 1.00e+00h  1
 221  1.0645685e+01 6.79e-04 9.16e+01  -2.7 2.01e-01    -  1.00e+00 1.00e+00h  1
 222  1.0626218e+01 1.16e-03 4.62e+01  -3.1 2.78e-01    -  1.00e+00 1.00e+00h  1
 223  1.0577315e+01 5.69e-03 2.11e+02  -3.2 9.65e-01    -  5.74e-01 4.92e-01h  1
 224  1.0531874e+01 2.55e-03 1.73e+02  -3.6 4.57e-01    -  1.00e+00 7.65e-01h  1
 225  1.0513460e+01 2.31e-03 7.36e+01  -3.4 4.08e-01    -  1.00e+00 1.00e+00h  1
 226  1.0521512e+01 1.08e-03 5.70e+01  -4.0 2.28e-01    -  1.00e+00 9.67e-01h  1
 227  1.0542134e+01 5.04e-04 1.47e+02  -4.0 2.31e-01    -  1.00e+00 1.00e+00H  1
 228  1.0524495e+01 3.87e-04 1.02e+02  -4.0 1.45e-01    -  1.00e+00 1.00e+00h  1
 229  1.0518670e+01 3.61e-04 9.77e+01  -4.0 3.35e-01    -  1.00e+00 1.31e-01h  1
iter    objective    inf_pr   inf_du lg(mu)  ||d||  lg(rg) alpha_du alpha_pr  ls
 230  1.0522844e+01 1.33e-04 7.30e+01  -4.0 2.07e-01    -  1.00e+00 7.46e-01H  1
 231  1.0517616e+01 4.78e-04 1.06e+02  -4.0 4.61e-01    -  1.00e+00 3.20e-01h  1
 232  1.0509436e+01 2.14e-03 2.95e+02  -3.7 3.24e-01    -  1.00e+00 1.00e+00h  1
 233  1.0506385e+01 1.94e-03 2.92e+02  -3.4 6.92e-01    -  1.00e+00 9.83e-02h  1
 234  1.0495729e+01 1.26e-03 1.39e+02  -4.0 2.31e-01    -  1.00e+00 9.86e-01h  1
 235  1.0488911e+01 1.11e-03 1.76e+02  -3.6 2.83e-01    -  1.00e+00 6.77e-01h  1
 236  1.0490780e+01 3.56e-04 9.24e+01  -3.3 1.76e-01    -  1.00e+00 1.00e+00h  1
 237  1.0490889e+01 1.35e-04 4.74e+01  -4.0 1.16e-01    -  1.00e+00 8.37e-01h  1
 238  1.0490965e+01 6.92e-05 5.14e+01  -4.0 5.67e-02    -  1.00e+00 7.40e-01h  1
 239  1.0493925e+01 1.26e-05 7.86e+01  -4.0 1.07e-01    -  1.00e+00 9.56e-01H  1
iter    objective    inf_pr   inf_du lg(mu)  ||d||  lg(rg) alpha_du alpha_pr  ls
 240  1.0482825e+01 4.19e-03 4.18e+02  -3.7 4.08e-01    -  1.00e+00 1.00e+00h  1
 241  1.0472172e+01 6.19e-04 1.88e+02  -4.0 1.62e-01    -  1.00e+00 1.00e+00h  1
 242  1.0480353e+01 6.14e-04 6.09e+01  -3.5 1.48e-01    -  1.00e+00 9.36e-01h  1
 243  1.0479370e+01 3.25e-04 4.92e+01  -4.0 9.62e-02    -  1.00e+00 5.05e-01h  1
 244  1.0481950e+01 1.96e-04 4.56e+01  -4.0 9.24e-02    -  1.00e+00 8.54e-01h  1
 245  1.0486401e+01 2.21e-04 8.18e+01  -4.0 9.18e-02    -  1.00e+00 1.00e+00h  1
 246  1.0485072e+01 4.46e-05 3.73e+01  -4.0 5.14e-02    -  1.00e+00 1.00e+00h  1
 247  1.0484991e+01 1.95e-05 1.98e+01  -4.0 3.08e-02    -  1.00e+00 7.54e-01h  1
 248  1.0486928e+01 8.28e-06 1.11e+01  -4.0 2.04e-02    -  1.00e+00 1.00e+00h  1
 249  1.0486577e+01 1.82e-04 4.74e+01  -4.0 7.71e-02    -  1.00e+00 1.00e+00h  1
iter    objective    inf_pr   inf_du lg(mu)  ||d||  lg(rg) alpha_du alpha_pr  ls
 250  1.0482248e+01 1.07e-03 1.46e+02  -4.1 2.10e-01    -  7.73e-01 1.00e+00h  1
 251  1.0479416e+01 1.03e-03 2.56e+02  -4.1 2.32e-01    -  1.00e+00 7.50e-01h  1
 252  1.0478168e+01 4.07e-04 8.79e+01  -4.1 1.18e-01    -  1.00e+00 1.00e+00f  1
 253  1.0481363e+01 2.10e-04 4.74e+01  -3.8 8.70e-02    -  1.00e+00 1.00e+00h  1
 254  1.0481463e+01 7.10e-03 3.95e+02  -3.6 5.23e-01    -  1.00e+00 1.00e+00h  1
 255  1.0455153e+01 7.38e-04 4.02e+02  -3.7 1.75e-01    -  1.00e+00 1.00e+00h  1
 256  1.0468190e+01 3.28e-04 5.62e+01  -4.0 2.16e-01    -  1.00e+00 8.22e-01H  1
 257  1.0470813e+01 2.70e-04 6.85e+01  -4.0 1.23e-01    -  1.00e+00 4.73e-01h  1
 258  1.0476347e+01 7.12e-05 8.05e+01  -4.0 4.52e-02    -  1.00e+00 1.00e+00h  1
 259  1.0479375e+01 1.34e-05 4.16e+01  -4.0 4.75e-02    -  1.00e+00 1.00e+00H  1
iter    objective    inf_pr   inf_du lg(mu)  ||d||  lg(rg) alpha_du alpha_pr  ls
 260  1.0474088e+01 1.03e-02 4.43e+02  -3.6 5.19e-01    -  1.00e+00 1.00e+00h  1
 261  1.0448739e+01 5.88e-03 1.16e+02  -3.7 4.48e-01    -  1.00e+00 1.00e+00h  1
 262  1.0500114e+01 5.11e-03 1.63e+02  -2.6 5.79e-01    -  1.00e+00 1.00e+00f  1
 263  1.0465192e+01 1.85e-03 7.19e+01  -2.7 3.21e-01    -  1.00e+00 1.00e+00h  1
 264  1.0479877e+01 1.91e-03 1.64e+02  -2.7 4.84e-01    -  1.00e+00 5.00e-01h  2
 265  1.0490779e+01 1.59e-03 8.05e+01  -2.7 3.63e-01    -  1.00e+00 4.28e-01h  2
 266  1.0498829e+01 1.16e-03 1.38e+02  -2.7 2.53e-01    -  1.00e+00 5.00e-01h  2
 267  1.0534630e+01 1.20e-03 2.34e+02  -2.7 3.00e-01    -  1.00e+00 1.00e+00H  1
 268  1.0530756e+01 7.57e-04 2.89e+02  -2.7 3.57e-01    -  1.00e+00 5.00e-01h  2
 269  1.0526573e+01 3.24e-04 7.87e+01  -2.7 1.49e-01    -  1.00e+00 1.00e+00h  1
iter    objective    inf_pr   inf_du lg(mu)  ||d||  lg(rg) alpha_du alpha_pr  ls
 270  1.0532589e+01 6.01e-05 3.36e+01  -2.7 5.01e-02    -  1.00e+00 1.00e+00h  1
 271  1.0536939e+01 3.17e-05 4.12e+01  -2.7 4.94e-02    -  1.00e+00 1.00e+00H  1
 272  1.0538483e+01 2.85e-06 3.91e+01  -2.7 3.63e-02    -  1.00e+00 1.00e+00H  1
 273  1.0486883e+01 8.87e-04 1.02e+02  -3.6 1.89e-01    -  1.00e+00 1.00e+00f  1
 274  1.0470396e+01 4.49e-04 1.80e+02  -3.6 1.23e-01    -  1.00e+00 9.48e-01h  1
 275  1.0465779e+01 6.85e-04 1.25e+02  -3.6 1.41e-01    -  1.00e+00 1.00e+00f  1
 276  1.0463030e+01 2.71e-04 1.33e+01  -4.0 9.97e-02    -  1.00e+00 1.00e+00h  1
 277  1.0469884e+01 1.28e-04 5.55e+01  -4.0 5.23e-02    -  1.00e+00 1.00e+00h  1
 278  1.0468621e+01 1.31e-03 2.42e+02  -4.0 1.97e-01    -  1.00e+00 1.00e+00h  1
 279  1.0459289e+01 2.54e-04 3.01e+02  -4.1 1.09e-01    -  1.00e+00 1.00e+00h  1
iter    objective    inf_pr   inf_du lg(mu)  ||d||  lg(rg) alpha_du alpha_pr  ls
 280  1.0468282e+01 9.37e-05 3.89e+01  -4.0 1.33e-01    -  1.00e+00 1.00e+00H  1
 281  1.0467726e+01 2.98e-04 6.98e+01  -4.0 7.90e-02    -  1.00e+00 1.00e+00h  1
 282  1.0466038e+01 6.72e-04 1.90e+02  -4.1 4.31e-01    -  1.00e+00 2.46e-01h  1
 283  1.0464697e+01 1.19e-04 1.51e+02  -4.1 7.33e-02    -  1.00e+00 1.00e+00h  1
 284  1.0462844e+01 5.76e-05 8.19e+01  -4.1 4.92e-02    -  9.25e-01 1.00e+00h  1
 285  1.0466095e+01 2.42e-05 2.59e+01  -4.0 3.07e-02    -  1.00e+00 1.00e+00h  1
 286  1.0466854e+01 1.56e-05 1.74e+01  -4.0 1.65e-02    -  1.00e+00 1.00e+00h  1
 287  1.0467403e+01 6.15e-07 9.18e+00  -4.0 4.47e-03    -  1.00e+00 1.00e+00h  1
 288  1.0467614e+01 2.40e-07 1.42e+01  -4.0 1.77e-02    -  1.00e+00 1.00e+00H  1
 289  1.0467327e+01 8.62e-06 1.68e+01  -4.0 1.01e-02    -  1.00e+00 1.00e+00h  1
iter    objective    inf_pr   inf_du lg(mu)  ||d||  lg(rg) alpha_du alpha_pr  ls
 290  1.0467435e+01 5.07e-06 3.82e+00  -4.0 4.84e-03    -  1.00e+00 1.00e+00h  1
 291  1.0466743e+01 6.03e-06 4.73e+00  -4.1 1.20e-02    -  1.00e+00 1.00e+00h  1
 292  1.0466779e+01 7.63e-04 1.05e+02  -4.0 1.63e-01    -  1.00e+00 1.00e+00h  1
 293  1.0465104e+01 2.39e-03 2.93e+02  -4.1 2.91e-01    -  1.00e+00 1.00e+00h  1
 294  1.0456981e+01 2.27e-03 5.63e+01  -4.1 2.75e-01    -  1.00e+00 1.00e+00h  1
 295  1.0455539e+01 2.25e-03 1.29e+02  -4.1 9.64e-01    -  1.00e+00 7.43e-02h  1
 296  1.0456249e+01 6.05e-04 1.01e+02  -4.1 1.95e-01    -  3.01e-01 9.54e-01h  1
 297  1.0455061e+01 3.90e-04 9.54e+01  -4.1 1.01e-01    -  1.00e+00 3.63e-01f  1
 298  1.0455989e+01 3.36e-04 4.13e+01  -4.0 1.39e-01    -  1.00e+00 5.00e-01f  2
 299  1.0459029e+01 3.51e-04 1.02e+02  -4.0 1.30e-01    -  1.00e+00 1.00e+00h  1
iter    objective    inf_pr   inf_du lg(mu)  ||d||  lg(rg) alpha_du alpha_pr  ls
 300  1.0457244e+01 2.11e-04 1.64e+01  -4.0 9.30e-02    -  1.00e+00 1.00e+00h  1
 301  1.0464480e+01 1.02e-04 4.82e+01  -4.0 5.91e-02    -  1.00e+00 1.00e+00h  1
 302  1.0468794e+01 4.26e-05 9.66e+01  -4.1 7.33e-02    -  1.00e+00 1.00e+00H  1
 303  1.0465334e+01 3.19e-05 5.95e+01  -4.1 5.50e-02    -  1.00e+00 1.00e+00h  1
 304  1.0467045e+01 9.87e-06 6.52e+00  -4.0 2.35e-02    -  1.00e+00 1.00e+00h  1
 305  1.0466659e+01 2.58e-06 1.54e+01  -4.1 2.37e-02    -  1.00e+00 1.00e+00H  1
 306  1.0467054e+01 1.27e-04 5.77e+01  -4.0 6.23e-02    -  1.00e+00 1.00e+00h  1
 307  1.0462664e+01 1.40e-02 5.77e+02  -4.1 6.82e-01    -  1.00e+00 1.00e+00h  1
 308  1.0446259e+01 9.55e-03 8.69e+01  -4.1 5.72e-01    -  1.00e+00 1.00e+00h  1
 309  1.0403965e+01 1.08e-01 1.36e+03  -2.9 3.94e+00    -  8.63e-01 4.86e-01h  1
iter    objective    inf_pr   inf_du lg(mu)  ||d||  lg(rg) alpha_du alpha_pr  ls
 310  1.0389169e+01 9.82e-02 1.55e+03  -2.6 3.21e+00    -  3.43e-01 1.31e-01h  1
 311  1.0425902e+01 8.74e-03 6.90e+02  -2.9 5.81e-01    -  1.00e+00 9.66e-01h  1
 312  1.0430353e+01 4.59e-03 1.71e+02  -2.6 5.27e-01    -  1.00e+00 1.00e+00h  1
 313  1.0434942e+01 1.63e-03 6.84e+01  -2.9 3.59e-01    -  1.00e+00 1.00e+00h  1
 314  1.0548916e+01 2.84e-02 1.25e+03  -2.3 9.76e-01    -  1.00e+00 1.00e+00h  1
 315  1.0630204e+01 2.31e-02 5.29e+02  -2.4 1.01e+00    -  1.00e+00 1.00e+00H  1
 316  1.0555123e+01 4.68e-03 1.23e+02  -2.4 5.58e-01    -  1.00e+00 1.00e+00h  1
 317  1.0528975e+01 3.43e-03 3.13e+02  -2.4 4.62e-01    -  1.00e+00 1.00e+00h  1
 318  1.0550916e+01 5.67e-04 7.70e+01  -2.4 3.19e-01    -  1.00e+00 1.00e+00h  1
 319  1.0613711e+01 7.03e-04 3.27e+02  -2.4 4.03e-01    -  1.00e+00 1.00e+00H  1
iter    objective    inf_pr   inf_du lg(mu)  ||d||  lg(rg) alpha_du alpha_pr  ls
 320  1.0611338e+01 5.15e-04 2.51e+02  -2.4 1.70e-01    -  1.00e+00 1.00e+00h  1
 321  1.0603915e+01 6.51e-04 1.08e+02  -2.4 2.55e-01    -  1.00e+00 1.00e+00H  1
 322  1.0615235e+01 1.64e-04 3.22e+01  -2.4 8.75e-02    -  1.00e+00 1.00e+00h  1
 323  1.0621619e+01 4.14e-04 1.15e+02  -2.4 1.20e-01    -  1.00e+00 1.00e+00h  1
 324  1.0618750e+01 1.74e-04 1.32e+02  -2.4 9.78e-02    -  1.00e+00 1.00e+00h  1
 325  1.0621334e+01 1.63e-04 1.65e+01  -2.4 1.27e-01    -  1.00e+00 1.00e+00H  1
 326  1.0620452e+01 9.09e-05 3.40e+01  -2.4 6.30e-02    -  1.00e+00 1.00e+00h  1
 327  1.0621568e+01 6.99e-05 5.78e+00  -2.4 5.25e-02    -  1.00e+00 1.00e+00h  1
 328  1.0623190e+01 5.10e-05 1.12e+01  -2.4 1.84e-02    -  1.00e+00 1.00e+00h  1
 329  1.0624289e+01 1.99e-05 2.05e+01  -2.4 1.84e-02    -  1.00e+00 1.00e+00h  1
iter    objective    inf_pr   inf_du lg(mu)  ||d||  lg(rg) alpha_du alpha_pr  ls
 330  1.0628310e+01 7.11e-06 7.61e+01  -2.4 7.48e-02    -  1.00e+00 1.00e+00H  1
 331  1.0623726e+01 9.06e-05 1.90e+01  -2.4 5.77e-02    -  1.00e+00 1.00e+00h  1
 332  1.0625237e+01 4.25e-05 7.82e+00  -2.4 2.17e-02    -  1.00e+00 1.00e+00h  1
 333  1.0625508e+01 3.33e-05 1.40e+01  -2.4 1.90e-02    -  1.00e+00 1.00e+00h  1
 334  1.0628198e+01 7.75e-06 1.59e+02  -2.4 1.72e-01    -  1.00e+00 1.00e+00H  1
 335  1.0623047e+01 7.45e-05 1.46e+02  -2.4 5.93e-02    -  1.00e+00 1.00e+00h  1
 336  1.0625784e+01 3.75e-05 1.22e+01  -2.4 3.56e-02    -  1.00e+00 1.00e+00h  1
 337  1.0626085e+01 5.71e-05 1.36e+01  -2.4 2.75e-02    -  1.00e+00 1.00e+00h  1
 338  1.0631484e+01 3.23e-06 1.49e+02  -2.4 1.63e-01    -  1.00e+00 1.00e+00H  1
 339  1.0622914e+01 1.01e-04 1.00e+02  -2.4 8.28e-02    -  1.00e+00 1.00e+00h  1
iter    objective    inf_pr   inf_du lg(mu)  ||d||  lg(rg) alpha_du alpha_pr  ls
 340  1.0621943e+01 1.08e-04 3.01e+01  -2.4 6.90e-02    -  1.00e+00 1.00e+00h  1
 341  1.0624380e+01 6.32e-06 2.51e+01  -2.4 5.06e-02    -  1.00e+00 1.00e+00H  1
 342  1.0625236e+01 4.31e-06 5.22e+01  -2.4 5.47e-02    -  1.00e+00 1.00e+00H  1
 343  1.0623857e+01 4.56e-06 8.55e+01  -2.4 5.71e-02    -  1.00e+00 1.00e+00H  1
 344  1.0619131e+01 1.95e-04 9.53e+01  -2.4 9.24e-02    -  1.00e+00 1.00e+00h  1
 345  1.0619438e+01 1.72e-04 8.53e+01  -2.4 6.18e-02    -  1.00e+00 1.25e-01h  4
 346  1.0619677e+01 1.61e-04 8.01e+01  -2.4 7.41e-02    -  1.00e+00 6.25e-02h  5
 347  1.0619694e+01 1.60e-04 7.98e+01  -2.4 4.68e-02    -  1.00e+00 7.81e-03h  8
 348  1.0619702e+01 1.59e-04 7.94e+01  -2.4 6.15e-02    -  1.00e+00 3.91e-03h  9
 349  1.0620157e+01 1.22e-04 6.26e+01  -2.4 7.19e-02    -  1.00e+00 2.50e-01h  3
iter    objective    inf_pr   inf_du lg(mu)  ||d||  lg(rg) alpha_du alpha_pr  ls
 350  1.0620824e+01 1.36e-04 2.48e+01  -2.4 6.71e-02    -  1.00e+00 1.00e+00h  1
 351  1.0621518e+01 5.10e-05 1.28e+01  -2.4 3.94e-02    -  1.00e+00 1.00e+00h  1
 352  1.0621215e+01 3.61e-06 5.89e+00  -2.4 1.18e-02    -  1.00e+00 1.00e+00h  1
 353  1.0621672e+01 6.06e-07 1.79e+00  -2.4 3.47e-03    -  1.00e+00 1.00e+00h  1
 354  1.0622257e+01 4.56e-07 7.14e+00  -2.4 1.06e-02    -  1.00e+00 1.00e+00H  1
 355  1.0622796e+01 1.19e-07 1.65e+01  -2.4 1.43e-02    -  1.00e+00 1.00e+00H  1
 356  1.0624462e+01 6.52e-08 1.15e+02  -2.4 9.14e-02    -  1.00e+00 1.00e+00H  1
 357  1.0525642e+01 2.72e-03 1.60e+02  -3.3 3.02e-01    -  1.00e+00 9.99e-01f  1
 358  1.0485715e+01 1.83e-03 2.44e+02  -3.4 4.88e-01    -  1.00e+00 5.53e-01h  1
 359  1.0465438e+01 4.12e-03 2.11e+02  -3.4 5.12e-01    -  1.00e+00 6.32e-01h  1
iter    objective    inf_pr   inf_du lg(mu)  ||d||  lg(rg) alpha_du alpha_pr  ls
 360  1.0459115e+01 2.22e-03 1.80e+02  -3.4 2.27e-01    -  1.00e+00 4.69e-01h  1
 361  1.0458276e+01 6.81e-04 3.66e+01  -3.4 1.54e-01    -  9.22e-01 8.02e-01h  1
 362  1.0460075e+01 6.03e-04 2.14e+02  -3.4 1.34e-01    -  9.53e-01 1.25e-01h  4
 363  1.0462837e+01 5.71e-04 1.10e+02  -3.4 3.34e-01    -  1.00e+00 2.50e-01h  3
 364  1.0479482e+01 2.08e-04 1.83e+02  -3.4 1.37e-01    -  1.00e+00 1.00e+00H  1
 365  1.0468939e+01 3.66e-04 2.71e+02  -3.4 1.36e-01    -  1.00e+00 1.00e+00h  1
 366  1.0467769e+01 2.78e-04 4.04e+01  -3.4 8.42e-02    -  1.00e+00 1.00e+00h  1
 367  1.0474567e+01 1.95e-04 7.99e+01  -3.4 7.86e-02    -  1.00e+00 1.00e+00h  1
 368  1.0473668e+01 2.73e-04 1.61e+02  -3.4 6.29e-01    -  1.00e+00 9.94e-02h  4
 369  1.0473158e+01 2.85e-04 1.92e+02  -3.4 1.31e+00    -  1.00e+00 2.00e-02h  5
iter    objective    inf_pr   inf_du lg(mu)  ||d||  lg(rg) alpha_du alpha_pr  ls
 370  1.0472555e+01 3.03e-04 2.26e+02  -3.4 1.02e+00    -  1.00e+00 3.99e-02h  5
 371  1.0472320e+01 3.02e-04 2.37e+02  -3.4 1.13e+00    -  1.00e+00 1.56e-02h  7
 372  1.0472092e+01 3.12e-04 2.50e+02  -3.4 2.22e+00    -  9.75e-01 8.76e-03h  7
 373  1.0461930e+01 4.05e-02 9.54e+02  -3.4 2.14e+00    -  1.00e+00 5.88e-01h  1
 374  1.0395408e+01 4.78e-03 9.81e+02  -3.4 4.93e-01    -  6.28e-01 1.00e+00h  1
 375  1.0417585e+01 9.35e-04 2.35e+02  -3.8 2.62e-01    -  1.00e+00 1.00e+00h  1
 376  1.0428264e+01 7.23e-04 8.63e+01  -3.4 2.41e-01    -  9.63e-01 5.00e-01h  2
 377  1.0426995e+01 5.47e-04 6.61e+01  -3.7 1.94e-01    -  1.00e+00 4.00e-01h  1
 378  1.0456359e+01 2.81e-04 5.81e+01  -3.5 2.46e-01    -  9.24e-01 1.00e+00H  1
 379  1.0451038e+01 4.67e-04 6.26e+01  -4.0 1.25e-01    -  1.00e+00 9.82e-01h  1
iter    objective    inf_pr   inf_du lg(mu)  ||d||  lg(rg) alpha_du alpha_pr  ls
 380  1.0446947e+01 5.37e-04 1.47e+02  -4.0 1.72e-01    -  1.00e+00 5.45e-01h  1
 381  1.0449938e+01 7.02e-05 6.15e+01  -4.0 6.63e-02    -  1.00e+00 1.00e+00h  1
 382  1.0451251e+01 2.63e-05 1.04e+01  -4.0 3.49e-02    -  1.00e+00 1.00e+00h  1
 383  1.0451626e+01 9.32e-06 1.48e+01  -4.0 1.57e-02    -  1.00e+00 1.00e+00h  1
 384  1.0450844e+01 1.36e-04 5.46e+01  -4.0 7.27e-02    -  1.00e+00 9.37e-01h  1
 385  1.0449607e+01 5.48e-05 5.82e+01  -4.1 4.71e-02    -  1.00e+00 1.00e+00h  1
 386  1.0449884e+01 1.46e-05 3.35e+01  -4.0 3.47e-02    -  1.00e+00 1.00e+00h  1
 387  1.0450645e+01 5.39e-06 6.63e+00  -4.0 1.61e-02    -  1.00e+00 1.00e+00h  1
 388  1.0450627e+01 2.36e-07 5.46e+00  -4.0 1.83e-02    -  1.00e+00 1.00e+00H  1
 389  1.0453861e+01 2.80e-04 6.33e+01  -3.5 2.19e-01    -  1.00e+00 5.37e-01f  1
iter    objective    inf_pr   inf_du lg(mu)  ||d||  lg(rg) alpha_du alpha_pr  ls
 390  1.0453782e+01 3.00e-04 1.44e+02  -3.6 1.21e-01    -  1.00e+00 1.00e+00h  1
 391  1.0447475e+01 2.02e-04 3.02e+01  -3.6 1.09e-01    -  1.00e+00 1.00e+00h  1
 392  1.0449107e+01 3.14e-05 2.14e+01  -4.0 4.11e-02    -  1.00e+00 1.00e+00h  1
 393  1.0449014e+01 1.69e-05 1.18e+01  -4.0 2.44e-02    -  1.00e+00 1.00e+00h  1
 394  1.0449536e+01 3.75e-06 9.05e+00  -4.0 1.14e-02    -  1.00e+00 1.00e+00h  1
 395  1.0450066e+01 1.58e-08 1.14e+01  -4.0 1.29e-02    -  1.00e+00 1.00e+00H  1
 396  1.0449831e+01 1.93e-06 4.48e+00  -4.0 1.05e-02    -  1.00e+00 1.00e+00h  1
 397  1.0449878e+01 4.09e-07 1.73e+00  -4.0 1.46e-03    -  1.00e+00 1.00e+00h  1
 398  1.0449797e+01 2.36e-05 1.37e+01  -4.0 9.84e-03    -  1.00e+00 1.00e+00h  1
 399  1.0448970e+01 2.38e-05 2.29e+01  -4.1 1.06e-02    -  1.00e+00 1.00e+00h  1
iter    objective    inf_pr   inf_du lg(mu)  ||d||  lg(rg) alpha_du alpha_pr  ls
 400  1.0449682e+01 9.76e-06 1.36e+01  -4.0 8.73e-03    -  1.00e+00 1.00e+00h  1
 401  1.0449021e+01 5.82e-06 4.30e+00  -4.1 6.93e-03    -  1.00e+00 1.00e+00h  1
 402  1.0449827e+01 7.43e-09 4.42e+00  -4.0 8.50e-03    -  1.00e+00 1.00e+00H  1
 403  1.0449746e+01 2.72e-05 3.64e+01  -4.0 3.44e-02    -  1.00e+00 1.00e+00h  1
 404  1.0449007e+01 1.31e-04 1.26e+02  -4.1 9.34e-02    -  1.00e+00 1.00e+00h  1
 405  1.0448425e+01 1.47e-04 1.42e+02  -4.1 7.06e-02    -  1.00e+00 1.00e+00h  1
 406  1.0447316e+01 6.67e-05 1.81e+01  -4.0 6.96e-02    -  1.00e+00 1.00e+00h  1
 407  1.0449512e+01 7.49e-06 9.16e+00  -4.0 1.61e-02    -  1.00e+00 1.00e+00h  1
 408  1.0449175e+01 2.61e-06 6.99e+00  -4.1 1.23e-02    -  1.00e+00 1.00e+00h  1
 409  1.0450152e+01 2.26e-06 2.48e+00  -4.0 6.56e-03    -  1.00e+00 1.00e+00h  1
iter    objective    inf_pr   inf_du lg(mu)  ||d||  lg(rg) alpha_du alpha_pr  ls
 410  1.0449816e+01 2.50e-07 1.48e+01  -4.1 1.99e-02    -  1.00e+00 1.00e+00H  1
 411  1.0450265e+01 4.77e-06 4.93e+00  -4.0 1.29e-02    -  1.00e+00 1.00e+00h  1
 412  1.0449471e+01 6.04e-06 5.66e+00  -4.1 1.71e-02    -  1.00e+00 1.00e+00h  1
 413  1.0449458e+01 1.53e-06 1.45e+00  -4.1 1.02e-02    -  1.00e+00 1.00e+00h  1
 414  1.0450297e+01 2.30e-06 3.04e+00  -4.0 6.14e-03    -  1.00e+00 1.00e+00h  1
 415  1.0449521e+01 1.93e-06 1.14e+00  -4.1 5.49e-03    -  1.00e+00 1.00e+00h  1
 416  1.0450291e+01 7.28e-07 2.37e+00  -4.0 3.58e-03    -  1.00e+00 1.00e+00h  1
 417  1.0449504e+01 9.86e-07 7.77e-01  -4.1 4.24e-03    -  1.00e+00 1.00e+00h  1
 418  1.0450289e+01 1.76e-06 2.63e+00  -4.0 5.15e-03    -  1.00e+00 1.00e+00h  1
 419  1.0449502e+01 1.50e-06 1.14e+00  -4.1 5.26e-03    -  1.00e+00 1.00e+00h  1
iter    objective    inf_pr   inf_du lg(mu)  ||d||  lg(rg) alpha_du alpha_pr  ls
 420  1.0449529e+01 1.19e-06 2.71e+00  -4.1 6.28e-03    -  1.00e+00 1.00e+00h  1
 421  1.0449468e+01 7.19e-07 1.15e+00  -4.1 3.99e-03    -  1.00e+00 1.00e+00h  1
 422  1.0450235e+01 9.84e-07 5.22e-01  -4.0 4.59e-03    -  1.00e+00 1.00e+00h  1
 423  1.0449456e+01 1.15e-06 2.74e+00  -4.1 5.81e-03    -  1.00e+00 1.00e+00h  1
 424  1.0450245e+01 9.06e-07 1.36e+00  -4.0 4.85e-03    -  1.00e+00 1.00e+00h  1
 425  1.0449453e+01 5.29e-07 1.91e+00  -4.1 5.61e-03    -  1.00e+00 1.00e+00h  1
 426  1.0450198e+01 3.58e-06 6.09e+00  -4.0 1.30e-02    -  1.00e+00 1.00e+00h  1
 427  1.0449233e+01 1.07e-06 3.54e+00  -4.1 7.94e-03    -  1.00e+00 1.00e+00h  1
 428  1.0450157e+01 5.59e-07 2.61e+00  -4.0 5.16e-03    -  1.00e+00 1.00e+00h  1
 429  1.0449359e+01 9.13e-07 1.54e+00  -4.1 6.41e-03    -  1.00e+00 1.00e+00h  1
iter    objective    inf_pr   inf_du lg(mu)  ||d||  lg(rg) alpha_du alpha_pr  ls
 430  1.0450079e+01 1.25e-06 2.28e+00  -4.0 5.49e-03    -  1.00e+00 1.00e+00h  1
 431  1.0449284e+01 1.52e-06 1.72e+00  -4.1 4.98e-03    -  1.00e+00 1.00e+00h  1
 432  1.0450113e+01 6.15e-07 2.10e+00  -4.0 4.63e-03    -  1.00e+00 1.00e+00h  1
 433  1.0449308e+01 6.64e-07 2.24e+00  -4.1 5.82e-03    -  1.00e+00 1.00e+00h  1
 434  1.0449354e+01 1.20e-06 2.36e+00  -4.1 3.87e-03    -  1.00e+00 1.00e+00h  1
 435  1.0450123e+01 1.14e-06 1.18e+00  -4.0 4.96e-03    -  1.00e+00 1.00e+00h  1
 436  1.0449296e+01 6.00e-07 2.18e+00  -4.1 4.75e-03    -  1.00e+00 1.00e+00h  1
 437  1.0450099e+01 3.86e-07 8.61e-01  -4.0 3.93e-03    -  1.00e+00 1.00e+00h  1
 438  1.0449300e+01 1.51e-06 2.63e+00  -4.1 5.21e-03    -  1.00e+00 1.00e+00h  1
 439  1.0449409e+01 8.61e-07 2.96e+00  -4.1 2.62e-03    -  1.00e+00 1.00e+00h  1
iter    objective    inf_pr   inf_du lg(mu)  ||d||  lg(rg) alpha_du alpha_pr  ls
 440  1.0450140e+01 5.44e-07 1.72e+00  -4.0 4.32e-03    -  1.00e+00 1.00e+00h  1
 441  1.0449301e+01 9.52e-07 4.36e+00  -4.1 6.87e-03    -  1.00e+00 1.00e+00h  1
 442  1.0449355e+01 1.01e-06 1.29e+00  -4.1 5.36e-03    -  1.00e+00 1.00e+00h  1
 443  1.0449403e+01 5.57e-08 2.77e-01  -4.1 3.41e-04    -  1.00e+00 1.00e+00h  1
 444  1.0450145e+01 6.21e-07 9.60e-01  -4.0 4.36e-03    -  1.00e+00 1.00e+00h  1
 445  1.0449320e+01 1.39e-06 7.09e+00  -4.1 8.91e-03    -  1.00e+00 1.00e+00h  1
 446  1.0449379e+01 1.30e-06 1.57e+01  -4.1 5.49e-03    -  1.00e+00 1.00e+00h  1
 447  1.0449461e+01 2.50e-08 3.82e+00  -4.1 6.38e-03    -  1.00e+00 1.00e+00H  1
 448  1.0449458e+01 1.26e-06 2.00e+00  -4.1 2.16e-03    -  1.00e+00 1.00e+00h  1
 449  1.0449424e+01 3.16e-07 1.40e+00  -4.1 1.12e-03    -  1.00e+00 1.00e+00h  1
iter    objective    inf_pr   inf_du lg(mu)  ||d||  lg(rg) alpha_du alpha_pr  ls
 450  1.0449434e+01 1.94e-07 4.61e-01  -4.1 7.31e-04    -  1.00e+00 1.00e+00h  1
 451  1.0449439e+01 6.48e-08 1.16e+00  -4.1 1.18e-03    -  1.00e+00 1.00e+00h  1
 452  1.0449424e+01 2.37e-08 4.99e+00  -4.1 5.49e-03    -  1.00e+00 1.00e+00H  1
 453  1.0449408e+01 1.38e-07 4.34e+00  -4.1 2.37e-03    -  1.00e+00 1.00e+00h  1
 454  1.0449433e+01 1.62e-08 3.95e-01  -4.1 1.60e-03    -  1.00e+00 1.00e+00H  1
 455  1.0449436e+01 4.32e-09 4.31e-01  -4.1 1.19e-03    -  1.00e+00 1.00e+00H  1
 456  1.0449432e+01 5.08e-09 3.79e-01  -4.1 7.12e-04    -  1.00e+00 1.00e+00H  1
 457  1.0449432e+01 1.27e-09 2.20e-01  -4.1 5.60e-04    -  1.00e+00 1.00e+00H  1
 458  1.0450141e+01 1.05e-06 4.44e+00  -4.0 8.21e-03    -  1.00e+00 1.00e+00h  1
 459  1.0449399e+01 6.05e-07 5.82e+00  -4.1 3.99e-03    -  1.00e+00 1.00e+00h  1
iter    objective    inf_pr   inf_du lg(mu)  ||d||  lg(rg) alpha_du alpha_pr  ls
 460  1.0449428e+01 5.56e-07 1.70e+00  -4.1 4.39e-03    -  1.00e+00 1.00e+00h  1
 461  1.0449452e+01 2.52e-07 2.41e+00  -4.1 3.75e-03    -  1.00e+00 1.00e+00h  1
 462  1.0449429e+01 2.11e-07 7.44e-01  -4.1 1.82e-03    -  1.00e+00 1.00e+00h  1
 463  1.0449422e+01 1.54e-07 1.27e-01  -4.1 1.52e-03    -  1.00e+00 1.00e+00h  1
 464  1.0449429e+01 1.84e-08 9.79e-02  -4.1 1.95e-04    -  1.00e+00 1.00e+00h  1
 465  1.0450145e+01 8.26e-07 1.66e+00  -4.0 3.17e-03    -  1.00e+00 1.00e+00h  1
 466  1.0449367e+01 7.21e-07 5.38e-01  -4.1 3.40e-03    -  1.00e+00 1.00e+00h  1
 467  1.0449390e+01 5.90e-07 2.10e+00  -4.1 3.54e-03    -  1.00e+00 1.00e+00h  1
 468  1.0449459e+01 8.03e-07 2.30e-01  -4.1 2.84e-03    -  1.00e+00 1.00e+00h  1
 469  1.0449433e+01 6.43e-09 1.56e-01  -4.1 2.13e-04    -  1.00e+00 1.00e+00h  1
iter    objective    inf_pr   inf_du lg(mu)  ||d||  lg(rg) alpha_du alpha_pr  ls
 470  1.0449423e+01 7.05e-09 9.40e-02  -4.1 8.26e-05    -  1.00e+00 1.00e+00h  1
 471  1.0450152e+01 5.40e-07 5.92e-01  -4.0 3.32e-03    -  1.00e+00 1.00e+00h  1
 472  1.0449367e+01 5.34e-07 4.35e-01  -4.1 3.40e-03    -  1.00e+00 1.00e+00h  1
 473  1.0450139e+01 1.48e-06 4.54e+00  -4.0 7.23e-03    -  1.00e+00 1.00e+00h  1
 474  1.0449408e+01 1.32e-06 3.26e-01  -4.1 6.94e-03    -  1.00e+00 1.00e+00h  1
 475  1.0449420e+01 7.78e-08 1.34e-01  -4.1 3.39e-04    -  1.00e+00 1.00e+00h  1
 476  1.0449419e+01 1.37e-08 6.63e-02  -4.1 1.86e-04    -  1.00e+00 1.00e+00h  1
 477  1.0450152e+01 4.07e-07 4.35e-01  -4.0 3.61e-03    -  1.00e+00 1.00e+00h  1
 478  1.0449378e+01 4.88e-07 3.49e-01  -4.1 3.81e-03    -  1.00e+00 1.00e+00h  1
 479  1.0449458e+01 2.65e-08 2.94e+00  -4.1 4.84e-03    -  1.00e+00 1.00e+00H  1
iter    objective    inf_pr   inf_du lg(mu)  ||d||  lg(rg) alpha_du alpha_pr  ls
 480  1.0449419e+01 2.69e-09 2.09e-01  -4.1 4.37e-03    -  1.00e+00 1.00e+00H  1
 481  1.0449419e+01 1.01e-09 4.35e-02  -4.1 1.28e-04    -  1.00e+00 1.00e+00H  1
 482  1.0449418e+01 3.72e-10 1.03e-01  -4.1 1.56e-04    -  1.00e+00 1.00e+00H  1
 483  1.0449416e+01 1.23e-08 5.36e-02  -4.1 5.42e-05    -  1.00e+00 1.00e+00h  1
 484  1.0450149e+01 5.59e-07 1.05e+00  -4.0 3.90e-03    -  1.00e+00 1.00e+00h  1
 485  1.0449384e+01 6.43e-07 2.75e-01  -4.1 4.09e-03    -  1.00e+00 1.00e+00h  1
 486  1.0449501e+01 8.44e-08 6.98e+00  -4.1 8.86e-03    -  1.00e+00 1.00e+00H  1
 487  1.0449344e+01 1.57e-06 3.23e-01  -4.1 8.41e-03    -  1.00e+00 1.00e+00h  1
 488  1.0449402e+01 7.34e-08 1.54e-01  -4.1 2.18e-04    -  1.00e+00 1.00e+00h  1
 489  1.0449419e+01 1.02e-08 8.67e-02  -4.1 9.73e-05    -  1.00e+00 1.00e+00h  1
iter    objective    inf_pr   inf_du lg(mu)  ||d||  lg(rg) alpha_du alpha_pr  ls
 490  1.0449418e+01 1.32e-09 2.98e-02  -4.1 6.56e-05    -  1.00e+00 1.00e+00H  1
 491  1.0450151e+01 4.19e-07 1.41e+00  -4.0 4.34e-03    -  1.00e+00 1.00e+00h  1
 492  1.0449384e+01 5.41e-07 1.97e+00  -4.1 4.83e-03    -  1.00e+00 1.00e+00h  1
 493  1.0449416e+01 3.64e-07 4.71e-01  -4.1 2.03e-03    -  1.00e+00 1.00e+00h  1
 494  1.0449415e+01 1.51e-07 5.74e-01  -4.1 3.78e-04    -  1.00e+00 1.00e+00h  1
 495  1.0449424e+01 1.17e-08 1.27e-01  -4.1 2.04e-04    -  1.00e+00 1.00e+00h  1
 496  1.0449422e+01 2.12e-09 2.28e-02  -4.1 3.42e-05    -  1.00e+00 1.00e+00h  1
 497  1.0449421e+01 5.87e-09 3.45e-02  -4.1 5.83e-05    -  1.00e+00 1.00e+00h  1
 498  1.0449419e+01 2.10e-08 1.22e-01  -4.1 1.71e-04    -  1.00e+00 1.00e+00h  1
 499  1.0449419e+01 7.76e-09 1.60e-01  -4.1 1.79e-04    -  1.00e+00 1.00e+00h  1
iter    objective    inf_pr   inf_du lg(mu)  ||d||  lg(rg) alpha_du alpha_pr  ls
 500  1.0449416e+01 7.64e-09 6.71e-02  -4.1 1.38e-04    -  1.00e+00 1.00e+00h  1
 501  1.0449417e+01 3.77e-09 4.07e-02  -4.1 8.32e-05    -  1.00e+00 1.00e+00h  1
 502  1.0449419e+01 1.91e-09 1.15e-02  -4.1 5.70e-05    -  1.00e+00 1.00e+00h  1
 503  1.0449418e+01 2.47e-09 1.82e-02  -4.1 2.77e-05    -  1.00e+00 1.00e+00h  1
 504  1.0449418e+01 8.04e-10 6.07e-03  -4.1 2.10e-05    -  1.00e+00 1.00e+00h  1
 505  1.0449418e+01 4.11e-10 5.08e-03  -4.1 8.96e-06    -  1.00e+00 1.00e+00h  1
 506  1.0449418e+01 2.11e-11 1.10e-02  -4.1 1.90e-05    -  1.00e+00 1.00e+00H  1
 507  1.0449417e+01 7.05e-10 9.74e-02  -4.1 1.37e-04    -  1.00e+00 1.00e+00H  1
 508  1.0449418e+01 4.44e-10 1.76e-02  -4.1 9.89e-05    -  1.00e+00 1.00e+00H  1
 509  1.0449418e+01 5.38e-11 1.19e-02  -4.1 2.38e-05    -  1.00e+00 1.00e+00H  1
iter    objective    inf_pr   inf_du lg(mu)  ||d||  lg(rg) alpha_du alpha_pr  ls
 510  1.0449418e+01 8.94e-12 3.10e-03  -4.1 1.64e-05    -  1.00e+00 1.00e+00H  1
 511  1.0450005e+01 2.85e-07 1.64e+00  -4.0 3.29e-03    -  1.00e+00 1.00e+00f  1
 512  1.0449455e+01 4.26e-07 2.28e-01  -4.1 2.95e-03    -  1.00e+00 1.00e+00h  1
 513  1.0449416e+01 1.18e-07 8.03e-01  -4.1 1.33e-03    -  1.00e+00 1.00e+00h  1
 514  1.0449426e+01 8.26e-08 1.06e-01  -4.1 1.11e-03    -  1.00e+00 1.00e+00h  1
 515  1.0449420e+01 1.29e-08 4.37e-02  -4.1 6.86e-05    -  1.00e+00 1.00e+00h  1
 516  1.0449418e+01 1.81e-09 3.63e-02  -4.1 5.39e-05    -  1.00e+00 1.00e+00h  1
 517  1.0449419e+01 8.62e-10 1.60e-02  -4.1 2.24e-05    -  1.00e+00 1.00e+00h  1
 518  1.0449418e+01 3.46e-09 5.60e-03  -4.1 9.86e-06    -  1.00e+00 1.00e+00h  1
 519  1.0449418e+01 1.54e-10 1.02e-02  -4.1 1.66e-05    -  1.00e+00 1.00e+00H  1
iter    objective    inf_pr   inf_du lg(mu)  ||d||  lg(rg) alpha_du alpha_pr  ls
 520  1.0449418e+01 4.91e-12 3.97e-02  -4.1 4.58e-05    -  1.00e+00 1.00e+00H  1
 521  1.0449418e+01 3.74e-12 1.74e-02  -4.1 3.34e-05    -  1.00e+00 1.00e+00H  1
 522  1.0449418e+01 1.10e-13 5.16e-03  -4.1 1.22e-05    -  1.00e+00 1.00e+00H  1
 523  1.0449418e+01 1.14e-13 8.52e-03  -4.1 5.45e-06    -  1.00e+00 1.91e-06h 20
 524  1.0449418e+01 9.41e-13 1.48e-02  -4.1 6.03e-05    -  1.00e+00 6.10e-05h 15
 525  1.0449418e+01 2.31e-14 5.03e-03  -4.1 7.59e-06    -  1.00e+00 1.00e+00H  1
 526  1.0449418e+01 6.39e-14 9.24e-03  -4.1 3.18e-06    -  1.00e+00 6.10e-05h 15
 527  1.0449418e+01 4.97e-14 9.24e-03  -4.1 3.18e-06    -  1.00e+00 3.81e-06h 19
 528  1.0449418e+01 4.80e-14 5.17e-03  -4.1 1.88e-06    -  1.00e+00 3.81e-06h 19
 529  1.0449418e+01 2.39e-09 1.58e-02  -4.1 1.81e-05    -  1.00e+00 1.00e+00h  1
iter    objective    inf_pr   inf_du lg(mu)  ||d||  lg(rg) alpha_du alpha_pr  ls
 530  1.0449418e+01 1.25e-09 1.32e-02  -4.1 1.62e-05    -  1.00e+00 2.50e-01h  3
 531  1.0449418e+01 1.87e-10 1.13e-02  -4.1 1.52e-05    -  1.00e+00 2.50e-01h  3
 532  1.0449418e+01 1.80e-10 2.61e-02  -4.1 2.01e-05    -  1.00e+00 3.91e-03h  9
 533  1.0449418e+01 1.74e-10 1.12e-02  -4.1 2.22e-05    -  1.00e+00 3.12e-02h  6
 534  1.0449418e+01 1.71e-10 1.97e-02  -4.1 9.84e-06    -  1.00e+00 7.81e-03h  8
 535  1.0449418e+01 1.77e-10 1.44e-02  -4.1 1.07e-05    -  1.00e+00 3.91e-03h  9
 536  1.0449418e+01 1.77e-10 1.41e-02  -4.1 1.08e-05    -  1.00e+00 2.44e-04h 13
 537  1.0449419e+01 4.57e-10 7.21e-03  -4.1 1.93e-05    -  1.00e+00 1.00e+00s 22
 538  1.0449419e+01 6.06e-10 6.12e-03  -4.1 7.66e-06    -  1.00e+00 1.00e+00s 22
 539  1.0449419e+01 3.40e-10 6.33e-04  -4.1 4.51e-06    -  1.00e+00 1.00e+00s 22
iter    objective    inf_pr   inf_du lg(mu)  ||d||  lg(rg) alpha_du alpha_pr  ls
 540  1.0447409e+01 2.27e-06 6.20e+00  -6.1 7.11e-03    -  9.94e-01 8.66e-01f  1
 541  1.0450694e+01 8.18e-06 8.01e+00  -4.0 1.62e-02    -  1.00e+00 1.00e+00f  1
 542  1.0449370e+01 2.89e-06 5.03e+00  -4.1 1.10e-02    -  1.00e+00 1.00e+00h  1
 543  1.0449307e+01 1.65e-06 2.39e+00  -4.1 8.12e-03    -  1.00e+00 1.00e+00h  1
 544  1.0449370e+01 1.38e-07 4.67e-01  -4.1 9.50e-04    -  1.00e+00 1.00e+00h  1
 545  1.0450127e+01 2.76e-07 9.60e-01  -4.0 3.03e-03    -  1.00e+00 1.00e+00h  1
 546  1.0449366e+01 1.39e-06 1.85e+00  -4.1 4.43e-03    -  1.00e+00 1.00e+00h  1
 547  1.0449457e+01 1.16e-06 1.31e+00  -4.1 1.92e-03    -  1.00e+00 1.00e+00h  1
 548  1.0449430e+01 4.48e-08 5.46e-01  -4.1 6.59e-04    -  1.00e+00 1.00e+00h  1
 549  1.0449421e+01 7.98e-08 8.28e-02  -4.1 3.89e-04    -  1.00e+00 1.00e+00h  1
iter    objective    inf_pr   inf_du lg(mu)  ||d||  lg(rg) alpha_du alpha_pr  ls
 550  1.0449420e+01 1.19e-09 6.97e-02  -4.1 6.78e-05    -  1.00e+00 1.00e+00h  1
 551  1.0449419e+01 2.87e-08 3.82e-01  -4.1 3.68e-04    -  1.00e+00 1.00e+00h  1
 552  1.0449417e+01 2.56e-09 9.94e-01  -4.1 7.91e-04    -  1.00e+00 1.00e+00H  1
 553  1.0449415e+01 1.35e-07 2.66e-01  -4.1 5.10e-04    -  1.00e+00 1.00e+00h  1
 554  1.0449414e+01 4.40e-08 1.05e-01  -4.1 2.25e-04    -  1.00e+00 1.00e+00h  1
 555  1.0449960e+01 4.71e-07 1.19e+00  -4.0 2.38e-03    -  1.00e+00 1.00e+00h  1
 556  1.0449445e+01 2.44e-08 3.20e-01  -4.1 2.05e-03    -  1.00e+00 1.00e+00H  1
 557  1.0449415e+01 3.29e-09 1.56e+00  -4.1 2.62e-03    -  1.00e+00 1.00e+00H  1
 558  1.0449411e+01 6.66e-07 1.66e-01  -4.1 2.47e-03    -  1.00e+00 1.00e+00h  1
 559  1.0449415e+01 3.20e-07 2.69e-01  -4.1 7.27e-05    -  1.00e+00 5.00e-01h  2
iter    objective    inf_pr   inf_du lg(mu)  ||d||  lg(rg) alpha_du alpha_pr  ls
 560  1.0449416e+01 2.25e-07 1.47e-01  -4.1 1.53e-04    -  1.00e+00 2.50e-01h  3
 561  1.0449416e+01 1.90e-07 1.07e-01  -4.1 1.73e-04    -  1.00e+00 1.25e-01h  4
 562  1.0449416e+01 1.89e-07 1.06e-01  -4.1 1.10e-04    -  1.00e+00 7.81e-03h  8
 563  1.0449416e+01 1.88e-07 1.06e-01  -4.1 1.49e-04    -  1.00e+00 1.95e-03h 10
 564  1.0449419e+01 4.87e-08 9.48e-02  -4.1 1.80e-04    -  1.00e+00 1.00e+00h  1
 565  1.0449419e+01 1.72e-08 9.15e-02  -4.1 1.19e-04    -  1.00e+00 1.00e+00h  1
 566  1.0449418e+01 3.48e-08 2.09e-02  -4.1 9.61e-05    -  1.00e+00 1.00e+00h  1
 567  1.0449418e+01 3.93e-09 1.76e-02  -4.1 1.84e-05    -  1.00e+00 1.00e+00h  1
 568  1.0449419e+01 9.79e-10 2.29e-02  -4.1 1.11e-05    -  1.00e+00 1.00e+00h  1
 569  1.0449419e+01 6.58e-10 8.75e-03  -4.1 8.46e-06    -  1.00e+00 1.00e+00h  1
iter    objective    inf_pr   inf_du lg(mu)  ||d||  lg(rg) alpha_du alpha_pr  ls
 570  1.0449419e+01 3.29e-10 1.62e-02  -4.1 3.17e-05    -  1.00e+00 1.00e+00H  1
 571  1.0449419e+01 8.59e-11 8.52e-03  -4.1 2.03e-05    -  1.00e+00 1.00e+00H  1
 572  1.0449419e+01 1.64e-10 2.48e-03  -4.1 2.53e-06    -  1.00e+00 1.00e+00h  1
 573  1.0449419e+01 2.08e-11 3.65e-03  -4.1 4.56e-06    -  1.00e+00 1.00e+00H  1
 574  1.0449419e+01 2.08e-11 2.05e-02  -4.1 2.49e-05    -  1.00e+00 1.00e+00H  1
 575  1.0449419e+01 3.30e-10 4.09e-02  -4.1 2.41e-05    -  1.00e+00 1.00e+00H  1
 576  1.0449419e+01 2.56e-11 2.96e-02  -4.1 2.04e-05    -  1.00e+00 1.00e+00H  1
 577  1.0449419e+01 6.90e-11 7.26e-03  -4.1 1.22e-05    -  1.00e+00 1.00e+00H  1
 578  1.0449419e+01 2.73e-10 7.72e-03  -4.1 8.13e-06    -  1.00e+00 1.00e+00H  1
 579  1.0449419e+01 6.23e-11 1.09e-02  -4.1 6.59e-06    -  1.00e+00 1.00e+00H  1
iter    objective    inf_pr   inf_du lg(mu)  ||d||  lg(rg) alpha_du alpha_pr  ls
 580  1.0449419e+01 3.05e-11 6.86e-03  -4.1 8.97e-06    -  1.00e+00 1.00e+00H  1
 581  1.0449419e+01 1.58e-10 9.56e-03  -4.1 7.62e-06    -  1.00e+00 1.00e+00H  1
 582  1.0449419e+01 1.99e-11 7.90e-03  -4.1 1.04e-05    -  1.00e+00 1.00e+00H  1
 583  1.0449419e+01 3.09e-10 4.67e-02  -4.1 4.05e-05    -  1.00e+00 1.00e+00H  1
 584  1.0449417e+01 1.23e-09 3.55e-01  -4.1 3.65e-04    -  1.00e+00 1.00e+00H  1
 585  1.0449419e+01 8.31e-10 3.33e-02  -4.1 3.17e-04    -  1.00e+00 1.00e+00H  1
 586  1.0449421e+01 1.43e-12 1.39e-01  -4.1 1.96e-04    -  1.00e+00 1.00e+00H  1
 587  1.0449419e+01 6.02e-13 1.04e-02  -4.1 1.70e-04    -  1.00e+00 1.00e+00H  1
 588  1.0449417e+01 1.04e-09 1.16e-01  -4.1 1.50e-04    -  1.00e+00 1.00e+00H  1
 589  1.0449419e+01 1.02e-09 2.17e-02  -4.1 9.69e-05    -  1.00e+00 1.00e+00H  1
iter    objective    inf_pr   inf_du lg(mu)  ||d||  lg(rg) alpha_du alpha_pr  ls
 590  1.0449419e+01 5.56e-11 1.57e-02  -4.1 2.13e-05    -  1.00e+00 1.00e+00H  1
 591  1.0449419e+01 4.34e-11 1.94e-03  -4.1 1.76e-05    -  1.00e+00 1.00e+00H  1
 592  1.0449419e+01 1.31e-10 8.52e-04  -4.1 9.96e-07    -  1.00e+00 1.00e+00h  1
 593  1.0449419e+01 1.34e-10 1.30e-03  -4.1 1.11e-06    -  1.00e+00 1.00e+00h  1
 594  1.0449419e+01 7.11e-12 1.57e-02  -4.1 1.25e-05    -  1.00e+00 1.00e+00H  1
 595  1.0449419e+01 2.67e-12 1.56e-02  -4.1 7.07e-06    -  1.00e+00 1.00e+00H  1
 596  1.0449419e+01 2.06e-11 1.56e-03  -4.1 6.45e-06    -  1.00e+00 1.00e+00H  1
 597  1.0449419e+01 8.80e-12 3.84e-03  -4.1 4.17e-06    -  1.00e+00 1.00e+00H  1
 598  1.0449419e+01 2.10e-11 2.33e-04  -4.1 3.39e-06    -  1.00e+00 1.00e+00H  1
 599  1.0447147e+01 2.61e-06 5.12e+00  -6.1 1.01e-02    -  9.89e-01 8.93e-01f  1
iter    objective    inf_pr   inf_du lg(mu)  ||d||  lg(rg) alpha_du alpha_pr  ls
 600  1.0450585e+01 1.31e-05 1.09e+01  -4.0 2.44e-02    -  1.00e+00 1.00e+00f  1
 601  1.0449034e+01 5.54e-06 1.90e+01  -4.1 1.45e-02    -  1.00e+00 1.00e+00h  1
 602  1.0448762e+01 5.54e-06 4.43e+00  -4.1 2.02e-02    -  1.00e+00 1.00e+00h  1
 603  1.0449305e+01 2.10e-06 3.89e+00  -4.1 6.50e-03    -  1.00e+00 1.00e+00h  1
 604  1.0449332e+01 1.47e-06 1.52e+00  -4.1 3.87e-03    -  1.00e+00 1.00e+00h  1
 605  1.0449401e+01 1.77e-08 6.35e-01  -4.1 5.96e-04    -  1.00e+00 1.00e+00h  1
 606  1.0449476e+01 2.39e-09 3.77e+00  -4.1 2.94e-03    -  1.00e+00 1.00e+00H  1
 607  1.0449435e+01 1.46e-08 4.54e-01  -4.1 2.44e-03    -  1.00e+00 1.00e+00H  1
 608  1.0449434e+01 3.17e-09 2.83e-01  -4.1 4.88e-04    -  1.00e+00 1.00e+00H  1
 609  1.0449432e+01 2.15e-09 9.48e-02  -4.1 3.12e-04    -  1.00e+00 1.00e+00H  1
iter    objective    inf_pr   inf_du lg(mu)  ||d||  lg(rg) alpha_du alpha_pr  ls
 610  1.0449434e+01 3.25e-10 2.42e-02  -4.1 4.28e-05    -  1.00e+00 1.00e+00H  1
 611  1.0449437e+01 2.36e-10 2.15e-01  -4.1 2.76e-04    -  1.00e+00 1.00e+00H  1
 612  1.0449435e+01 3.63e-11 3.55e-01  -4.1 2.82e-04    -  1.00e+00 1.00e+00H  1
 613  1.0449435e+01 1.38e-10 3.52e-01  -4.1 2.58e-04    -  1.00e+00 7.81e-03h  8
 614  1.0449437e+01 2.36e-11 4.97e-02  -4.1 2.58e-04    -  1.00e+00 1.00e+00H  1
 615  1.0449437e+01 4.21e-12 2.40e-02  -4.1 1.59e-05    -  1.00e+00 1.00e+00H  1
 616  1.0449436e+01 1.79e-11 6.40e-02  -4.1 1.51e-04    -  1.00e+00 1.00e+00H  1
 617  1.0449436e+01 7.09e-09 3.16e-02  -4.1 7.11e-05    -  1.00e+00 1.00e+00h  1
 618  1.0449436e+01 2.35e-09 1.58e-02  -4.1 4.76e-05    -  1.00e+00 1.00e+00h  1
 619  1.0449436e+01 7.70e-10 9.95e-03  -4.1 1.69e-05    -  1.00e+00 1.00e+00h  1
iter    objective    inf_pr   inf_du lg(mu)  ||d||  lg(rg) alpha_du alpha_pr  ls
 620  1.0449436e+01 3.62e-10 2.12e-03  -4.1 1.15e-05    -  1.00e+00 1.00e+00h  1
 621  1.0449436e+01 6.58e-11 5.86e-04  -4.1 1.18e-06    -  1.00e+00 1.00e+00h  1
 622  1.0446911e+01 3.87e-06 5.29e+00  -6.1 1.17e-02    -  9.86e-01 9.26e-01f  1
 623  1.0450470e+01 9.56e-06 1.11e+01  -4.0 1.94e-02    -  1.00e+00 1.00e+00f  1
 624  1.0449293e+01 8.49e-06 8.14e+00  -4.1 1.78e-02    -  1.00e+00 1.00e+00h  1
 625  1.0448985e+01 5.50e-06 2.86e+00  -4.1 1.75e-02    -  1.00e+00 1.00e+00h  1
 626  1.0449340e+01 1.32e-06 2.26e+00  -4.1 4.13e-03    -  1.00e+00 1.00e+00h  1
 627  1.0450110e+01 6.32e-07 1.32e+00  -4.0 4.23e-03    -  1.00e+00 1.00e+00h  1
 628  1.0449346e+01 1.71e-06 3.92e+00  -4.1 7.57e-03    -  1.00e+00 1.00e+00h  1
 629  1.0449334e+01 2.28e-06 1.21e+00  -4.1 6.48e-03    -  1.00e+00 1.00e+00h  1
iter    objective    inf_pr   inf_du lg(mu)  ||d||  lg(rg) alpha_du alpha_pr  ls
 630  1.0449391e+01 5.14e-08 1.06e-01  -4.1 3.36e-04    -  1.00e+00 1.00e+00h  1
 631  1.0450140e+01 3.10e-07 1.85e+00  -4.0 3.99e-03    -  1.00e+00 1.00e+00h  1
 632  1.0449360e+01 7.67e-07 2.92e+00  -4.1 4.92e-03    -  1.00e+00 1.00e+00h  1
 633  1.0449407e+01 4.55e-07 1.52e+00  -4.1 3.93e-03    -  1.00e+00 1.00e+00h  1
 634  1.0449425e+01 6.17e-08 1.85e-01  -4.1 2.45e-04    -  1.00e+00 1.00e+00h  1
 635  1.0449419e+01 3.22e-09 1.15e-01  -4.1 1.86e-04    -  1.00e+00 1.00e+00h  1
 636  1.0449415e+01 7.55e-09 3.28e-01  -4.1 2.91e-04    -  1.00e+00 1.00e+00h  1
 637  1.0449417e+01 6.79e-09 3.55e-01  -4.1 2.17e-04    -  1.00e+00 5.00e-01h  2
 638  1.0449416e+01 2.07e-08 6.76e-02  -4.1 1.29e-04    -  1.00e+00 1.00e+00h  1
 639  1.0449419e+01 4.02e-09 3.88e-02  -4.1 6.56e-05    -  1.00e+00 1.00e+00h  1
iter    objective    inf_pr   inf_du lg(mu)  ||d||  lg(rg) alpha_du alpha_pr  ls
 640  1.0449419e+01 1.90e-09 4.52e-02  -4.1 4.80e-05    -  1.00e+00 1.00e+00h  1
 641  1.0449420e+01 8.05e-10 2.48e-01  -4.1 4.89e-04    -  1.00e+00 1.00e+00H  1
 642  1.0449420e+01 1.93e-10 4.78e-02  -4.1 3.69e-04    -  1.00e+00 1.00e+00H  1
 643  1.0449419e+01 4.46e-11 4.75e-02  -4.1 6.93e-05    -  1.00e+00 1.00e+00H  1
 644  1.0449420e+01 3.85e-12 2.60e-02  -4.1 4.40e-05    -  1.00e+00 1.00e+00H  1
 645  1.0449420e+01 1.96e-12 1.18e-02  -4.1 1.37e-05    -  1.00e+00 1.00e+00H  1
 646  1.0449421e+01 1.91e-12 1.34e-01  -4.1 1.30e-04    -  1.00e+00 1.00e+00H  1
 647  1.0449420e+01 3.39e-13 2.04e-01  -4.1 1.45e-04    -  1.00e+00 1.00e+00H  1
 648  1.0449418e+01 2.13e-09 2.55e-01  -4.1 2.47e-04    -  1.00e+00 1.00e+00H  1
 649  1.0449419e+01 6.75e-10 1.13e-01  -4.1 1.71e-04    -  1.00e+00 1.00e+00H  1
iter    objective    inf_pr   inf_du lg(mu)  ||d||  lg(rg) alpha_du alpha_pr  ls
 650  1.0449420e+01 8.33e-13 3.04e-02  -4.1 9.65e-05    -  1.00e+00 1.00e+00H  1
 651  1.0449419e+01 5.66e-11 6.82e-02  -4.1 8.38e-05    -  1.00e+00 1.00e+00H  1
 652  1.0449419e+01 9.00e-10 3.72e-02  -4.1 8.40e-05    -  1.00e+00 1.00e+00H  1
 653  1.0449419e+01 4.78e-10 4.91e-02  -4.1 5.57e-05    -  1.00e+00 1.00e+00H  1
 654  1.0449419e+01 2.78e-10 3.37e-02  -4.1 4.45e-05    -  1.00e+00 1.00e+00H  1
 655  1.0449418e+01 1.08e-09 2.00e-01  -4.1 1.91e-04    -  1.00e+00 1.00e+00H  1
 656  1.0449413e+01 5.52e-09 1.07e+00  -4.1 9.88e-04    -  1.00e+00 1.00e+00H  1
 657  1.0449413e+01 1.30e-07 4.04e-01  -4.1 5.86e-04    -  1.00e+00 1.00e+00h  1
 658  1.0449413e+01 1.25e-07 3.75e-01  -4.1 7.31e-04    -  1.00e+00 3.12e-02h  6
 659  1.0449413e+01 1.24e-07 3.72e-01  -4.1 1.13e-04    -  1.00e+00 7.81e-03h  8
iter    objective    inf_pr   inf_du lg(mu)  ||d||  lg(rg) alpha_du alpha_pr  ls
 660  1.0449413e+01 1.23e-07 3.70e-01  -4.1 1.41e-04    -  1.00e+00 3.91e-03h  9
 661  1.0449413e+01 1.23e-07 3.70e-01  -4.1 1.66e-04    -  1.00e+00 4.88e-04h 12
 662  1.0449413e+01 1.23e-07 3.70e-01  -4.1 1.35e-04    -  1.00e+00 2.44e-04h 13
 663  1.0449419e+01 5.24e-08 3.12e-02  -4.1 1.79e-04    -  1.00e+00 1.00e+00h  1
 664  1.0449418e+01 1.05e-08 6.30e-02  -4.1 8.91e-05    -  1.00e+00 1.00e+00h  1
 665  1.0449417e+01 8.49e-09 8.75e-03  -4.1 7.42e-05    -  1.00e+00 1.00e+00h  1
 666  1.0449417e+01 1.32e-10 4.01e-03  -4.1 3.28e-06    -  1.00e+00 1.00e+00h  1
 667  1.0450087e+01 5.43e-07 1.36e+00  -4.0 2.83e-03    -  1.00e+00 1.00e+00f  1
 668  1.0449410e+01 7.22e-07 1.45e-01  -4.1 2.76e-03    -  1.00e+00 1.00e+00h  1
 669  1.0449421e+01 4.81e-08 6.10e-01  -4.1 1.26e-03    -  1.00e+00 1.00e+00h  1
iter    objective    inf_pr   inf_du lg(mu)  ||d||  lg(rg) alpha_du alpha_pr  ls
 670  1.0449407e+01 3.12e-08 5.17e-02  -4.1 1.14e-03    -  1.00e+00 1.00e+00h  1
 671  1.0449415e+01 1.46e-08 2.18e-02  -4.1 4.72e-05    -  1.00e+00 1.00e+00h  1
 672  1.0450137e+01 3.75e-07 1.22e+00  -4.0 3.41e-03    -  1.00e+00 1.00e+00h  1
 673  1.0449389e+01 3.93e-07 3.64e-01  -4.1 3.54e-03    -  1.00e+00 1.00e+00h  1
 674  1.0449416e+01 6.02e-07 1.95e+00  -4.1 3.78e-03    -  1.00e+00 1.00e+00h  1
 675  1.0449408e+01 6.76e-07 2.70e-01  -4.1 3.44e-03    -  1.00e+00 1.00e+00h  1
 676  1.0449421e+01 5.42e-08 2.09e-01  -4.1 3.56e-04    -  1.00e+00 1.00e+00h  1
 677  1.0449417e+01 2.31e-08 3.23e-02  -4.1 1.77e-04    -  1.00e+00 1.00e+00h  1
 678  1.0449419e+01 4.99e-09 1.31e-02  -4.1 2.45e-05    -  1.00e+00 1.00e+00h  1
 679  1.0449419e+01 1.64e-10 6.46e-02  -4.1 1.45e-04    -  1.00e+00 1.00e+00H  1
iter    objective    inf_pr   inf_du lg(mu)  ||d||  lg(rg) alpha_du alpha_pr  ls
 680  1.0449419e+01 1.92e-10 1.27e-01  -4.1 2.37e-04    -  1.00e+00 1.00e+00H  1
 681  1.0449419e+01 6.99e-11 2.75e-02  -4.1 2.08e-04    -  1.00e+00 1.00e+00H  1
 682  1.0449418e+01 5.30e-10 1.50e-02  -4.1 9.93e-06    -  1.00e+00 1.00e+00h  1
 683  1.0449418e+01 3.53e-11 6.10e-02  -4.1 8.16e-05    -  1.00e+00 1.00e+00H  1
 684  1.0449418e+01 7.67e-09 2.24e-02  -4.1 3.61e-05    -  1.00e+00 1.00e+00h  1
 685  1.0449418e+01 2.53e-11 7.79e-03  -4.1 4.21e-05    -  1.00e+00 1.00e+00H  1
 686  1.0449418e+01 3.13e-11 5.53e-03  -4.1 1.09e-05    -  1.00e+00 1.00e+00H  1
 687  1.0449419e+01 1.90e-11 3.42e-03  -4.1 5.00e-06    -  1.00e+00 1.00e+00H  1
 688  1.0449419e+01 1.55e-12 3.17e-03  -4.1 5.00e-06    -  1.00e+00 1.00e+00H  1
 689  1.0449419e+01 9.68e-12 2.06e-03  -4.1 2.59e-06    -  1.00e+00 1.00e+00H  1
iter    objective    inf_pr   inf_du lg(mu)  ||d||  lg(rg) alpha_du alpha_pr  ls
 690  1.0449419e+01 1.77e-12 4.19e-03  -4.1 8.26e-06    -  1.00e+00 1.00e+00H  1
 691  1.0449418e+01 3.13e-13 2.64e-02  -4.1 2.31e-05    -  1.00e+00 1.00e+00H  1
 692  1.0449418e+01 3.75e-11 8.12e-02  -4.1 5.42e-05    -  1.00e+00 1.00e+00H  1
 693  1.0449418e+01 7.82e-14 4.13e-02  -4.1 3.20e-05    -  1.00e+00 1.00e+00H  1
 694  1.0449418e+01 1.00e-11 1.23e-02  -4.1 2.80e-05    -  1.00e+00 1.00e+00H  1
 695  1.0449418e+01 2.11e-11 6.99e-03  -4.1 2.56e-05    -  1.00e+00 1.00e+00H  1
 696  1.0449418e+01 1.29e-10 1.25e-01  -4.1 1.04e-04    -  1.00e+00 1.00e+00H  1
 697  1.0449418e+01 4.37e-11 6.84e-02  -4.1 4.71e-05    -  1.00e+00 1.00e+00H  1
 698  1.0449418e+01 2.38e-10 3.89e-02  -4.1 7.65e-05    -  1.00e+00 1.00e+00H  1
 699  1.0449418e+01 9.61e-09 1.62e-02  -4.1 5.98e-05    -  1.00e+00 1.00e+00h  1
iter    objective    inf_pr   inf_du lg(mu)  ||d||  lg(rg) alpha_du alpha_pr  ls
 700  1.0449418e+01 4.79e-09 1.18e-02  -4.1 1.29e-05    -  1.00e+00 5.00e-01h  2
 701  1.0449418e+01 4.63e-09 5.89e-03  -4.1 7.23e-06    -  1.00e+00 3.12e-02h  6
 702  1.0449418e+01 4.58e-09 5.82e-03  -4.1 1.17e-05    -  1.00e+00 7.81e-03h  8
 703  1.0449418e+01 4.56e-09 5.81e-03  -4.1 1.29e-05    -  1.00e+00 1.95e-03h 10
 704  1.0449418e+01 4.55e-09 7.10e-03  -4.1 2.11e-05    -  1.00e+00 9.77e-04h 11
 705  1.0449418e+01 1.56e-09 6.01e-03  -4.1 1.85e-05    -  1.00e+00 1.00e+00s 22
 706r 1.0449418e+01 1.56e-09 9.71e+02  -4.1 0.00e+00    -  0.00e+00 0.00e+00R  1
 707r 1.0450939e+01 1.01e-06 3.59e+01  -4.0 4.29e-03    -  9.49e-01 1.00e+00f  1
 708r 1.0459173e+01 6.27e-05 1.18e+02  -4.1 5.85e-02    -  5.83e-01 1.00e+00f  1
 709r 1.0478532e+01 4.97e-04 5.09e+01  -4.0 8.38e-02    -  6.16e-01 1.00e+00h  1
iter    objective    inf_pr   inf_du lg(mu)  ||d||  lg(rg) alpha_du alpha_pr  ls
 710r 1.0503961e+01 1.55e-04 7.72e+00  -4.1 9.34e-02    -  7.72e-01 1.00e+00h  1
 711r 1.0564394e+01 6.80e-04 1.74e+00  -4.0 1.95e-01    -  1.00e+00 1.00e+00h  1
 712r 1.0566302e+01 2.04e-04 8.05e-01  -4.1 8.22e-02    -  1.00e+00 1.00e+00h  1
 713r 1.0559005e+01 3.15e-05 4.63e-01  -4.1 3.83e-02    -  1.00e+00 1.00e+00h  1
 714r 1.0561265e+01 1.05e-05 3.41e-01  -4.1 2.01e-02    -  1.00e+00 1.00e+00h  1
 715r 1.0561668e+01 1.97e-06 1.25e-01  -4.1 9.65e-03    -  1.00e+00 1.00e+00h  1
 716r 1.0563185e+01 2.21e-06 1.52e-01  -4.1 1.19e-02    -  1.00e+00 1.00e+00h  1
 717r 1.0563381e+01 9.34e-07 9.63e-02  -4.1 7.82e-03    -  1.00e+00 1.00e+00h  1
 718r 1.0562756e+01 3.24e-07 6.25e-02  -4.1 3.38e-03    -  1.00e+00 1.00e+00h  1
 719r 1.0562839e+01 2.12e-07 2.61e-02  -4.1 2.83e-03    -  1.00e+00 1.00e+00h  1
iter    objective    inf_pr   inf_du lg(mu)  ||d||  lg(rg) alpha_du alpha_pr  ls
 720r 1.0562760e+01 1.41e-07 1.60e-02  -4.1 1.50e-03    -  1.00e+00 1.00e+00h  1
 721r 1.0562733e+01 9.66e-08 1.57e-02  -4.1 1.23e-03    -  1.00e+00 1.00e+00h  1
 722r 1.0562691e+01 3.59e-08 1.36e-02  -4.1 7.07e-04    -  1.00e+00 1.00e+00h  1
 723r 1.0562740e+01 1.59e-08 3.04e-03  -4.1 3.29e-04    -  1.00e+00 1.00e+00h  1
 724r 1.0545658e+01 7.04e-05 3.72e-01  -6.1 7.17e-02    -  9.70e-01 9.88e-01f  1
 725r 1.0968501e+01 3.13e-02 1.02e+01  -4.0 1.55e+00    -  1.00e+00 1.00e+00f  1
 726r 1.0859289e+01 1.18e-02 5.04e+00  -4.1 6.03e-01    -  1.00e+00 6.83e-01h  1
 727r 1.0707900e+01 3.65e-03 3.17e+00  -4.1 5.62e-01    -  1.00e+00 1.00e+00h  1
 728r 1.0660941e+01 1.38e-03 1.56e+00  -4.1 1.87e-01    -  1.00e+00 1.00e+00h  1
 729r 1.0577828e+01 1.88e-03 3.44e+00  -4.1 4.70e-01    -  1.00e+00 7.81e-01h  1
iter    objective    inf_pr   inf_du lg(mu)  ||d||  lg(rg) alpha_du alpha_pr  ls
 730r 1.0568250e+01 9.46e-04 1.92e+00  -4.1 2.04e-01    -  1.00e+00 1.00e+00h  1
 731r 1.0569035e+01 3.11e-04 1.20e+00  -4.1 9.75e-02    -  1.00e+00 1.00e+00h  1
 732r 1.0573776e+01 8.15e-05 8.73e-01  -4.1 5.86e-02    -  1.00e+00 1.00e+00h  1
 733r 1.0562296e+01 8.51e-05 7.83e-01  -4.1 6.41e-02    -  1.00e+00 1.00e+00h  1
 734r 1.0563602e+01 5.35e-05 6.54e-01  -4.1 4.01e-02    -  1.00e+00 1.00e+00h  1
 735r 1.0563904e+01 6.00e-06 2.10e-01  -4.1 2.18e-02    -  1.00e+00 1.00e+00h  1
 736r 1.0563102e+01 5.51e-06 1.78e-01  -4.1 1.40e-02    -  1.00e+00 1.00e+00h  1
 737r 1.0563154e+01 7.74e-07 9.01e-02  -4.1 4.42e-03    -  1.00e+00 1.00e+00h  1
 738r 1.0563135e+01 5.57e-07 6.28e-02  -4.1 3.92e-03    -  1.00e+00 1.00e+00h  1
 739r 1.0563238e+01 4.45e-07 4.82e-02  -4.1 3.64e-03    -  1.00e+00 1.00e+00h  1
iter    objective    inf_pr   inf_du lg(mu)  ||d||  lg(rg) alpha_du alpha_pr  ls
 740r 1.0563272e+01 5.81e-08 1.58e-02  -4.1 1.22e-03    -  1.00e+00 1.00e+00h  1
 741r 1.0563276e+01 8.61e-08 1.64e-02  -4.1 1.24e-03    -  1.00e+00 1.00e+00h  1
 742r 1.0563305e+01 1.05e-07 1.05e-02  -4.1 8.80e-04    -  1.00e+00 1.00e+00h  1
 743r 1.0563284e+01 3.13e-08 3.56e-03  -4.1 3.88e-04    -  1.00e+00 1.00e+00h  1
 744r 1.0554207e+01 2.63e-05 1.53e-01  -6.1 3.02e-02    -  9.83e-01 9.83e-01f  1
 745r 1.0951283e+01 3.15e-02 1.32e+01  -4.0 1.34e+00    -  1.00e+00 1.00e+00f  1
 746r 1.0829680e+01 1.37e-02 6.73e+00  -4.1 5.88e-01    -  1.00e+00 7.09e-01h  1
 747r 1.0726817e+01 2.10e-03 1.59e+00  -4.1 3.49e-01    -  1.00e+00 1.00e+00h  1
 748r 1.0601013e+01 3.78e-03 2.78e+00  -4.1 4.18e-01    -  1.00e+00 1.00e+00h  1
 749r 1.0574018e+01 5.77e-04 8.45e-01  -4.1 1.62e-01    -  1.00e+00 1.00e+00h  1
iter    objective    inf_pr   inf_du lg(mu)  ||d||  lg(rg) alpha_du alpha_pr  ls
 750r 1.0572514e+01 2.96e-04 1.61e+00  -4.1 1.01e-01    -  1.00e+00 1.00e+00h  1
 751r 1.0558515e+01 9.15e-05 1.01e+00  -4.1 6.99e-02    -  1.00e+00 1.00e+00h  1
 752r 1.0566721e+01 2.56e-05 7.41e-01  -4.1 3.81e-02    -  1.00e+00 1.00e+00h  1
 753r 1.0566806e+01 4.38e-06 2.25e-01  -4.1 1.34e-02    -  1.00e+00 1.00e+00h  1
 754r 1.0562009e+01 2.31e-05 4.31e-01  -4.1 3.45e-02    -  1.00e+00 1.00e+00h  1
 755r 1.0563762e+01 3.32e-06 2.50e-01  -4.1 1.22e-02    -  1.00e+00 1.00e+00h  1
 756r 1.0563606e+01 7.81e-07 6.52e-02  -4.1 5.15e-03    -  1.00e+00 1.00e+00h  1
 757r 1.0563727e+01 9.99e-08 2.39e-02  -4.1 1.46e-03    -  1.00e+00 1.00e+00h  1
 758r 1.0563807e+01 1.87e-07 2.53e-02  -4.1 2.24e-03    -  1.00e+00 1.00e+00h  1
 759r 1.0563720e+01 1.55e-07 2.50e-02  -4.1 1.86e-03    -  1.00e+00 1.00e+00h  1
iter    objective    inf_pr   inf_du lg(mu)  ||d||  lg(rg) alpha_du alpha_pr  ls
 760r 1.0563645e+01 1.49e-07 1.19e-02  -4.1 9.58e-04    -  1.00e+00 1.00e+00h  1
 761r 1.0563603e+01 6.30e-08 1.91e-02  -4.1 1.63e-03    -  1.00e+00 1.00e+00h  1
 762r 1.0563577e+01 4.69e-08 1.68e-02  -4.1 7.79e-04    -  1.00e+00 1.00e+00h  1
 763r 1.0563524e+01 6.41e-08 5.10e-03  -4.1 3.98e-04    -  1.00e+00 1.00e+00h  1
 764r 1.0563492e+01 7.02e-09 3.83e-03  -4.1 2.49e-04    -  1.00e+00 1.00e+00h  1
 765r 1.0546910e+01 8.68e-05 5.20e-01  -6.1 7.30e-02    -  9.74e-01 9.85e-01f  1
 766r 1.0910350e+01 2.44e-02 1.22e+01  -4.0 1.28e+00    -  1.00e+00 1.00e+00f  1
 767r 1.0808834e+01 6.50e-03 3.90e+00  -4.1 4.84e-01    -  1.00e+00 8.18e-01h  1
 768r 1.0744153e+01 9.94e-04 1.05e+00  -4.1 2.43e-01    -  1.00e+00 1.00e+00h  1
 769r 1.0629312e+01 2.37e-03 2.76e+00  -4.1 6.08e-01    -  1.00e+00 6.95e-01h  1
iter    objective    inf_pr   inf_du lg(mu)  ||d||  lg(rg) alpha_du alpha_pr  ls
 770r 1.0590967e+01 1.92e-03 3.78e+00  -4.1 2.53e-01    -  1.00e+00 1.00e+00h  1
 771r 1.0567383e+01 3.92e-04 9.01e-01  -4.1 1.38e-01    -  1.00e+00 1.00e+00h  1
 772r 1.0563078e+01 1.18e-04 1.13e+00  -4.1 6.77e-02    -  1.00e+00 1.00e+00h  1
 773r 1.0567538e+01 3.32e-05 6.05e-01  -4.1 4.79e-02    -  1.00e+00 1.00e+00h  1
 774r 1.0559037e+01 9.16e-07 5.11e-01  -4.1 6.01e-02    -  1.00e+00 1.00e+00H  1
 775r 1.0563491e+01 1.96e-05 5.16e-01  -4.1 2.91e-02    -  1.00e+00 1.00e+00h  1
 776r 1.0563132e+01 2.92e-06 1.18e-01  -4.1 1.46e-02    -  1.00e+00 1.00e+00h  1
 777r 1.0563284e+01 4.87e-07 6.44e-02  -4.1 3.31e-03    -  1.00e+00 1.00e+00h  1
 778r 1.0563237e+01 2.11e-07 4.27e-02  -4.1 2.41e-03    -  1.00e+00 1.00e+00h  1
 779r 1.0563278e+01 1.90e-07 4.16e-02  -4.1 2.84e-03    -  1.00e+00 1.00e+00h  1
iter    objective    inf_pr   inf_du lg(mu)  ||d||  lg(rg) alpha_du alpha_pr  ls
 780r 1.0563247e+01 6.95e-08 2.50e-02  -4.1 1.64e-03    -  1.00e+00 1.00e+00h  1
 781r 1.0563233e+01 1.16e-07 7.44e-03  -4.1 9.13e-04    -  1.00e+00 1.00e+00h  1
 782r 1.0563225e+01 8.27e-08 7.33e-03  -4.1 5.77e-04    -  1.00e+00 1.00e+00h  1
 783r 1.0563245e+01 1.50e-08 5.27e-03  -4.1 2.58e-04    -  1.00e+00 1.00e+00h  1
 784r 1.0563256e+01 2.87e-08 3.58e-03  -4.1 1.95e-04    -  1.00e+00 1.00e+00h  1
 785r 1.0540517e+01 1.34e-04 2.86e-01  -6.1 1.01e-01    -  9.86e-01 9.85e-01f  1
 786r 1.0524078e+01 6.19e-05 3.59e-02  -6.1 5.50e-02    -  1.00e+00 1.00e+00h  1
 787r 1.1653708e+01 3.03e-01 5.16e+01  -4.0 3.97e+00    -  1.00e+00 1.00e+00f  1
 788r 1.1356302e+01 1.32e-01 2.63e+01  -4.1 1.72e+00    -  4.98e-01 6.76e-01h  1
 789r 1.1176915e+01 3.23e-02 9.68e+00  -4.1 8.16e-01    -  3.39e-01 7.95e-01h  1
iter    objective    inf_pr   inf_du lg(mu)  ||d||  lg(rg) alpha_du alpha_pr  ls
 790r 1.0912161e+01 2.51e-02 4.16e+00  -4.1 1.25e+00    -  6.29e-01 7.82e-01h  1
 791r 1.0731527e+01 5.50e-03 1.32e+00  -4.1 6.72e-01    -  1.00e+00 1.00e+00h  1
 792r 1.0574727e+01 5.33e-03 2.35e+00  -4.1 6.43e-01    -  6.82e-01 8.68e-01h  1
 793r 1.0521471e+01 2.93e-03 5.62e-01  -4.1 3.36e-01    -  1.00e+00 1.00e+00h  1
 794r 1.0546746e+01 9.55e-04 1.41e+00  -4.1 1.83e-01    -  1.00e+00 7.51e-01h  1
 795r 1.0563658e+01 5.23e-04 2.80e+00  -4.1 1.46e-01    -  1.00e+00 1.00e+00f  1
 796r 1.0571409e+01 1.51e-04 9.36e-01  -4.1 7.76e-02    -  1.00e+00 1.00e+00h  1
 797r 1.0569735e+01 3.18e-05 5.91e-01  -4.1 2.99e-02    -  1.00e+00 1.00e+00h  1
 798r 1.0566269e+01 2.79e-05 4.67e-01  -4.1 3.01e-02    -  1.00e+00 1.00e+00h  1
 799r 1.0566315e+01 2.18e-05 4.02e-01  -4.1 2.82e-02    -  1.00e+00 1.00e+00h  1
iter    objective    inf_pr   inf_du lg(mu)  ||d||  lg(rg) alpha_du alpha_pr  ls
 800r 1.0566114e+01 4.30e-06 2.45e-01  -4.1 1.14e-02    -  1.00e+00 1.00e+00h  1
 801r 1.0565832e+01 2.30e-06 1.22e-01  -4.1 8.01e-03    -  1.00e+00 1.00e+00h  1
 802r 1.0565772e+01 8.17e-07 5.20e-02  -4.1 3.07e-03    -  1.00e+00 1.00e+00h  1
 803r 1.0565405e+01 2.06e-06 7.87e-02  -4.1 7.17e-03    -  1.00e+00 1.00e+00h  1
 804r 1.0565526e+01 1.75e-07 6.39e-02  -4.1 2.13e-03    -  1.00e+00 1.00e+00h  1
 805r 1.0565477e+01 5.60e-08 1.40e-02  -4.1 1.03e-03    -  1.00e+00 1.00e+00h  1
 806r 1.0565483e+01 5.11e-08 8.54e-03  -4.1 4.26e-04    -  1.00e+00 1.00e+00h  1
 807r 1.0565486e+01 1.18e-08 4.88e-03  -4.1 3.10e-04    -  1.00e+00 1.00e+00h  1
 808r 1.0553364e+01 1.60e-04 2.57e+00  -6.1 8.53e-02    -  8.84e-01 9.83e-01f  1
 809r 1.0534756e+01 1.01e-04 3.42e-02  -6.1 6.35e-02    -  1.00e+00 1.00e+00h  1
iter    objective    inf_pr   inf_du lg(mu)  ||d||  lg(rg) alpha_du alpha_pr  ls
 810r 1.0508541e+01 1.43e-04 3.76e-02  -6.1 8.65e-02    -  1.00e+00 1.00e+00h  1
 811r 1.0498885e+01 5.75e-05 6.67e-02  -6.1 4.78e-02    -  1.00e+00 1.00e+00h  1
 812r 1.1241839e+01 1.28e-01 2.44e+01  -4.0 6.42e+00    -  1.00e+00 4.47e-01f  1
 813r 1.1108513e+01 6.82e-02 1.41e+01  -4.3 1.14e+00    -  6.48e-01 5.10e-01h  1
 814r 1.0855310e+01 2.01e-02 1.77e+01  -4.3 9.75e-01    -  1.18e-01 1.00e+00h  1
 815r 1.0660760e+01 1.11e-02 6.40e+00  -4.3 9.69e-01    -  6.18e-01 7.05e-01h  1
 816r 1.0529643e+01 8.82e-03 7.40e-01  -4.3 5.95e-01    -  1.00e+00 9.90e-01h  1
 817r 1.0501772e+01 4.06e-03 4.20e-01  -4.3 4.37e-01    -  9.03e-01 7.00e-01h  1
 818r 1.0526859e+01 8.60e-04 1.03e+00  -4.3 1.85e-01    -  1.00e+00 1.00e+00h  1
 819r 1.0539605e+01 3.31e-04 2.83e+00  -4.3 8.46e-02    -  1.00e+00 6.19e-01h  1
iter    objective    inf_pr   inf_du lg(mu)  ||d||  lg(rg) alpha_du alpha_pr  ls
 820r 1.0550339e+01 1.86e-04 8.35e-01  -4.3 1.00e-01    -  1.00e+00 1.00e+00f  1
 821r 1.0555398e+01 4.20e-05 3.64e-01  -4.3 4.33e-02    -  1.00e+00 1.00e+00h  1
 822r 1.0554860e+01 1.08e-05 2.61e-01  -4.3 2.60e-02    -  1.00e+00 1.00e+00h  1
 823r 1.0588581e+01 3.31e-04 1.36e+00  -4.0 1.52e-01    -  1.00e+00 1.00e+00f  1
 824r 1.0572365e+01 1.06e-04 4.20e-01  -4.1 5.18e-02    -  1.00e+00 1.00e+00h  1
 825r 1.0558954e+01 5.48e-05 6.25e-01  -4.1 5.45e-02    -  1.00e+00 1.00e+00h  1
 826r 1.0561568e+01 2.57e-05 4.80e-01  -4.1 2.83e-02    -  1.00e+00 1.00e+00h  1
 827r 1.0563261e+01 3.12e-06 1.36e-01  -4.1 1.23e-02    -  1.00e+00 1.00e+00h  1
 828r 1.0563245e+01 1.84e-06 1.42e-01  -4.1 1.21e-02    -  1.00e+00 1.00e+00h  1
 829r 1.0562908e+01 2.64e-07 5.12e-02  -4.1 3.96e-03    -  1.00e+00 1.00e+00h  1
iter    objective    inf_pr   inf_du lg(mu)  ||d||  lg(rg) alpha_du alpha_pr  ls
 830r 1.0563106e+01 8.33e-08 1.91e-02  -4.1 1.87e-03    -  1.00e+00 1.00e+00h  1
 831r 1.0562964e+01 1.89e-07 2.14e-02  -4.1 2.12e-03    -  1.00e+00 1.00e+00h  1
 832r 1.0562900e+01 8.10e-08 3.17e-02  -4.1 2.00e-03    -  1.00e+00 1.00e+00h  1
 833r 1.0562901e+01 1.56e-08 9.56e-03  -4.1 6.45e-04    -  1.00e+00 1.00e+00h  1
 834r 1.0562874e+01 2.24e-09 7.52e-03  -4.1 4.92e-04    -  1.00e+00 1.00e+00H  1
 835r 1.0562880e+01 2.68e-08 2.83e-03  -4.1 1.82e-04    -  1.00e+00 1.00e+00h  1
 836r 1.0546328e+01 6.56e-05 2.74e-01  -6.1 5.60e-02    -  9.89e-01 9.85e-01f  1
 837r 1.0526365e+01 8.80e-05 6.96e-02  -6.1 7.00e-02    -  1.00e+00 1.00e+00h  1
 838r 1.1519336e+01 2.00e-01 4.49e+01  -4.0 2.99e+00    -  1.00e+00 1.00e+00f  1
 839r 1.1368623e+01 1.34e-01 2.94e+01  -4.1 1.42e+00    -  6.78e-01 3.58e-01h  1
iter    objective    inf_pr   inf_du lg(mu)  ||d||  lg(rg) alpha_du alpha_pr  ls
 840r 1.1035998e+01 2.89e-02 7.62e+00  -4.1 1.15e+00    -  1.00e+00 9.64e-01h  1
 841r 1.0844148e+01 1.11e-02 2.20e+00  -4.1 6.78e-01    -  1.00e+00 1.00e+00h  1
 842r 1.0706497e+01 5.21e-03 6.21e-01  -4.1 6.45e-01    -  1.00e+00 7.62e-01h  1
 843r 1.0565956e+01 3.55e-03 1.17e+00  -4.1 4.47e-01    -  1.00e+00 1.00e+00h  1
 844r 1.0538503e+01 1.14e-03 1.19e+00  -4.1 2.13e-01    -  1.00e+00 8.94e-01h  1
 845r 1.0553640e+01 4.75e-04 7.85e+00  -4.1 1.39e-01    -  1.00e+00 5.69e-01f  1
 846r 1.0560516e+01 2.00e-04 2.05e+00  -4.1 1.35e-01    -  1.00e+00 1.00e+00f  1
 847r 1.0563376e+01 9.88e-05 8.29e-01  -4.1 4.37e-02    -  1.00e+00 1.00e+00h  1
 848r 1.0568834e+01 1.66e-05 3.96e-01  -4.1 3.55e-02    -  1.00e+00 1.00e+00h  1
 849r 1.0566564e+01 3.21e-06 1.92e-01  -4.1 1.33e-02    -  1.00e+00 1.00e+00h  1
iter    objective    inf_pr   inf_du lg(mu)  ||d||  lg(rg) alpha_du alpha_pr  ls
 850r 1.0565840e+01 1.27e-06 8.46e-02  -4.1 6.84e-03    -  1.00e+00 1.00e+00h  1
 851r 1.0564943e+01 8.75e-07 8.52e-02  -4.1 7.47e-03    -  1.00e+00 1.00e+00h  1
 852r 1.0564893e+01 3.61e-07 4.35e-02  -4.1 4.02e-03    -  1.00e+00 1.00e+00h  1
 853r 1.0564945e+01 2.20e-07 2.40e-02  -4.1 3.16e-03    -  1.00e+00 1.00e+00h  1
 854r 1.0565109e+01 6.04e-08 1.98e-02  -4.1 1.31e-03    -  1.00e+00 1.00e+00h  1
 855r 1.0565174e+01 6.02e-08 1.08e-02  -4.1 7.22e-04    -  1.00e+00 1.00e+00h  1
 856r 1.0565192e+01 1.70e-08 6.32e-03  -4.1 5.73e-04    -  1.00e+00 1.00e+00h  1
 857r 1.0565208e+01 4.27e-08 5.80e-03  -4.1 3.30e-04    -  1.00e+00 1.00e+00h  1
 858r 1.0565219e+01 1.54e-08 1.96e-03  -4.1 1.26e-04    -  1.00e+00 1.00e+00h  1
 859r 1.0538506e+01 4.51e-04 2.50e+00  -6.1 1.62e-01    -  8.72e-01 9.87e-01f  1
iter    objective    inf_pr   inf_du lg(mu)  ||d||  lg(rg) alpha_du alpha_pr  ls
 860r 1.0525709e+01 4.98e-05 7.00e-02  -6.1 5.17e-02    -  1.00e+00 1.00e+00h  1
 861r 1.1217051e+01 1.02e-01 3.23e+01  -4.0 2.79e+00    -  1.00e+00 8.90e-01f  1
 862r 1.0942739e+01 3.79e-02 1.09e+01  -4.1 1.18e+00    -  6.52e-01 8.85e-01h  1
 863r 1.0794583e+01 1.48e-02 8.82e+00  -4.1 1.02e+00    -  3.25e-01 9.98e-01h  1
 864r 1.0706181e+01 3.92e-03 2.22e+00  -4.1 4.14e-01    -  1.00e+00 1.00e+00h  1
 865r 1.0597648e+01 6.68e-03 8.80e-01  -4.1 7.21e-01    -  8.74e-01 8.89e-01h  1
 866r 1.0577001e+01 4.17e-03 9.45e-01  -4.1 3.02e-01    -  1.00e+00 3.58e-01h  1
 867r 1.0563545e+01 1.78e-03 1.86e+00  -4.1 1.95e-01    -  1.00e+00 5.65e-01f  1
 868r 1.0549675e+01 8.95e-04 1.76e+00  -4.1 1.97e-01    -  1.00e+00 1.00e+00f  1
 869r 1.0561193e+01 1.88e-04 1.05e+00  -4.1 9.74e-02    -  1.00e+00 1.00e+00h  1
iter    objective    inf_pr   inf_du lg(mu)  ||d||  lg(rg) alpha_du alpha_pr  ls
 870r 1.0560593e+01 5.65e-05 7.98e-01  -4.1 6.11e-02    -  1.00e+00 1.00e+00f  1
 871r 1.0559915e+01 2.04e-05 5.05e-01  -4.1 2.38e-02    -  1.00e+00 1.00e+00h  1
 872r 1.0561374e+01 2.36e-06 8.20e-02  -4.1 8.79e-03    -  1.00e+00 1.00e+00h  1
 873r 1.0568913e+01 1.25e-05 3.63e-01  -4.0 3.09e-02    -  1.00e+00 1.00e+00h  1
 874r 1.0561731e+01 1.39e-05 2.16e-01  -4.1 2.60e-02    -  1.00e+00 1.00e+00h  1
 875r 1.0562252e+01 2.50e-06 1.72e-01  -4.1 1.25e-02    -  1.00e+00 1.00e+00h  1
 876r 1.0562752e+01 7.38e-07 5.95e-02  -4.1 5.70e-03    -  1.00e+00 1.00e+00h  1
 877r 1.0562745e+01 8.58e-08 1.77e-02  -4.1 1.44e-03    -  1.00e+00 1.00e+00h  1
 878r 1.0562778e+01 1.16e-08 6.02e-03  -4.1 5.52e-04    -  1.00e+00 1.00e+00h  1
 879r 1.0562819e+01 1.27e-08 2.88e-03  -4.1 1.63e-04    -  1.00e+00 1.00e+00h  1
iter    objective    inf_pr   inf_du lg(mu)  ||d||  lg(rg) alpha_du alpha_pr  ls
 880r 1.0522370e+01 3.52e-04 8.11e-01  -6.1 1.39e-01    -  9.63e-01 9.91e-01f  1
 881r 1.0516729e+01 1.39e-05 7.47e-02  -6.1 2.46e-02    -  1.00e+00 1.00e+00h  1
 882r 1.0961647e+01 5.21e-02 2.58e+01  -4.0 4.05e+00    -  1.00e+00 4.05e-01f  1
 883r 1.0761481e+01 9.91e-03 4.03e+00  -4.3 6.67e-01    -  9.09e-01 9.30e-01h  1
 884r 1.0704727e+01 1.62e-03 3.91e+00  -4.3 2.40e-01    -  8.20e-01 1.00e+00h  1
 885r 1.0564088e+01 5.50e-03 7.25e-01  -4.3 5.72e-01    -  1.00e+00 9.75e-01h  1
 886r 1.0526845e+01 1.84e-03 5.64e-01  -4.3 4.25e-01    -  1.00e+00 1.00e+00h  1
 887r 1.0519232e+01 8.65e-04 2.73e+00  -4.3 1.93e-01    -  1.00e+00 5.46e-01h  1
 888r 1.0542575e+01 2.30e-04 1.20e+00  -4.3 1.16e-01    -  1.00e+00 1.00e+00f  1
 889r 1.0545968e+01 6.91e-05 5.11e-01  -4.3 5.33e-02    -  1.00e+00 1.00e+00h  1
iter    objective    inf_pr   inf_du lg(mu)  ||d||  lg(rg) alpha_du alpha_pr  ls
 890r 1.0547813e+01 2.25e-05 4.28e-01  -4.3 3.39e-02    -  1.00e+00 1.00e+00h  1
 891r 1.0548049e+01 1.28e-05 1.51e-01  -4.3 2.05e-02    -  1.00e+00 1.00e+00h  1
 892r 1.0588694e+01 3.73e-04 2.15e+00  -4.0 1.58e-01    -  1.00e+00 1.00e+00f  1
 893r 1.0573299e+01 8.19e-05 5.82e-01  -4.1 5.56e-02    -  1.00e+00 1.00e+00h  1
 894r 1.0564936e+01 5.53e-05 4.51e-01  -4.1 5.17e-02    -  1.00e+00 1.00e+00h  1
 895r 1.0561644e+01 1.76e-05 5.29e-01  -4.1 3.65e-02    -  1.00e+00 1.00e+00h  1
 896r 1.0563365e+01 4.93e-06 1.10e-01  -4.1 1.58e-02    -  1.00e+00 1.00e+00h  1
 897r 1.0563395e+01 1.04e-06 5.55e-02  -4.1 6.71e-03    -  1.00e+00 1.00e+00h  1
 898r 1.0562886e+01 4.02e-07 7.96e-02  -4.1 3.82e-03    -  1.00e+00 1.00e+00h  1
 899r 1.0562757e+01 9.19e-08 2.43e-02  -4.1 2.05e-03    -  1.00e+00 1.00e+00h  1
iter    objective    inf_pr   inf_du lg(mu)  ||d||  lg(rg) alpha_du alpha_pr  ls
 900r 1.0562787e+01 2.71e-08 1.23e-02  -4.1 5.50e-04    -  1.00e+00 1.00e+00h  1
 901r 1.0562806e+01 2.71e-08 6.82e-03  -4.1 4.85e-04    -  1.00e+00 1.00e+00h  1
 902r 1.0562850e+01 1.16e-08 5.88e-03  -4.1 2.75e-04    -  1.00e+00 1.00e+00h  1
 903r 1.0562866e+01 4.49e-09 1.06e-03  -4.1 1.39e-04    -  1.00e+00 1.00e+00h  1
 904r 1.0540348e+01 1.10e-04 4.19e-01  -6.1 8.25e-02    -  9.81e-01 9.85e-01f  1
 905r 1.0525946e+01 5.88e-05 4.68e-02  -6.1 5.11e-02    -  1.00e+00 1.00e+00h  1
 906r 1.0498072e+01 1.31e-04 1.86e-02  -6.1 1.04e-01    -  1.00e+00 1.00e+00h  1
 907r 1.1496806e+01 1.74e-01 4.62e+01  -4.0 4.59e+00    -  1.00e+00 6.95e-01f  1
 908r 1.1345396e+01 1.07e-01 2.95e+01  -4.1 1.06e+00    -  3.28e-01 3.98e-01h  1
 909r 1.1003489e+01 2.98e-02 5.24e+00  -4.1 1.08e+00    -  8.02e-01 1.00e+00h  1
iter    objective    inf_pr   inf_du lg(mu)  ||d||  lg(rg) alpha_du alpha_pr  ls
 910r 1.0931337e+01 2.16e-02 3.40e+00  -4.1 1.11e+00    -  3.72e-01 3.23e-01h  1
 911r 1.0701507e+01 1.43e-02 1.93e+00  -4.1 8.84e-01    -  1.00e+00 8.20e-01f  1
 912r 1.0559784e+01 7.40e-03 3.42e+00  -4.1 6.79e-01    -  7.25e-01 9.53e-01h  1
 913r 1.0542141e+01 1.24e-03 8.99e-01  -4.1 3.21e-01    -  8.41e-01 1.00e+00h  1
 914r 1.0550892e+01 7.18e-04 4.00e+00  -4.1 1.30e-01    -  1.00e+00 4.27e-01h  1
 915r 1.0565382e+01 2.82e-04 1.97e+00  -4.1 1.23e-01    -  1.00e+00 1.00e+00f  1
 916r 1.0564216e+01 7.20e-05 9.72e-01  -4.1 5.69e-02    -  1.00e+00 1.00e+00h  1
 917r 1.0562052e+01 1.75e-05 4.55e-01  -4.1 2.64e-02    -  1.00e+00 1.00e+00h  1
 918r 1.0560081e+01 1.14e-05 2.66e-01  -4.1 1.80e-02    -  1.00e+00 1.00e+00h  1
 919r 1.0569837e+01 3.80e-05 7.79e-01  -4.0 3.79e-02    -  1.00e+00 1.00e+00h  1
iter    objective    inf_pr   inf_du lg(mu)  ||d||  lg(rg) alpha_du alpha_pr  ls
 920r 1.0562194e+01 1.76e-05 2.26e-01  -4.1 2.33e-02    -  1.00e+00 1.00e+00h  1
 921r 1.0562956e+01 3.21e-06 1.35e-01  -4.1 1.42e-02    -  1.00e+00 1.00e+00h  1
 922r 1.0562763e+01 4.09e-07 6.39e-02  -4.1 4.53e-03    -  1.00e+00 1.00e+00h  1
 923r 1.0562817e+01 1.73e-07 1.90e-02  -4.1 2.23e-03    -  1.00e+00 1.00e+00h  1
 924r 1.0562787e+01 2.92e-07 2.95e-02  -4.1 2.17e-03    -  1.00e+00 1.00e+00h  1
 925r 1.0562847e+01 1.80e-07 3.37e-02  -4.1 2.28e-03    -  1.00e+00 1.00e+00h  1
 926r 1.0562802e+01 5.67e-08 1.08e-02  -4.1 1.05e-03    -  1.00e+00 1.00e+00h  1
 927r 1.0562807e+01 2.59e-08 3.73e-03  -4.1 3.97e-04    -  1.00e+00 1.00e+00h  1
 928r 1.0545837e+01 1.34e-04 2.13e+00  -6.1 7.43e-02    -  8.87e-01 9.87e-01f  1
 929r 1.0531302e+01 4.06e-05 2.36e-02  -6.1 5.42e-02    -  1.00e+00 1.00e+00h  1
iter    objective    inf_pr   inf_du lg(mu)  ||d||  lg(rg) alpha_du alpha_pr  ls
 930r 1.0504168e+01 2.73e-04 3.18e-02  -6.1 1.20e-01    -  1.00e+00 1.00e+00h  1
 931r 1.0493288e+01 5.10e-05 3.61e-02  -6.1 6.10e-02    -  1.00e+00 1.00e+00h  1
 932r 1.1135676e+01 8.30e-02 3.36e+01  -4.0 6.90e+00    -  1.00e+00 3.19e-01f  1
 933r 1.0926290e+01 1.17e-02 2.45e+01  -4.3 6.88e-01    -  3.83e-01 1.00e+00h  1
 934r 1.0773769e+01 6.88e-03 1.15e+01  -4.3 6.81e-01    -  6.34e-01 8.95e-01h  1
 935r 1.0587426e+01 9.15e-03 3.36e+00  -4.3 8.30e-01    -  7.41e-01 8.05e-01h  1
 936r 1.0542946e+01 1.72e-03 9.46e-01  -4.3 3.79e-01    -  1.00e+00 8.22e-01h  1
 937r 1.0506633e+01 1.15e-03 1.02e+00  -4.3 2.70e-01    -  1.00e+00 9.26e-01h  1
 938r 1.0547266e+01 3.77e-04 9.23e-01  -4.3 1.46e-01    -  7.89e-01 1.00e+00f  1
 939r 1.0546473e+01 2.26e-04 9.38e-01  -4.3 7.57e-02    -  1.00e+00 1.00e+00h  1
iter    objective    inf_pr   inf_du lg(mu)  ||d||  lg(rg) alpha_du alpha_pr  ls
 940r 1.0545573e+01 4.87e-05 2.46e-01  -4.3 3.97e-02    -  1.00e+00 1.00e+00h  1
 941r 1.0550148e+01 1.26e-05 1.62e-01  -4.3 2.01e-02    -  1.00e+00 1.00e+00h  1
 942r 1.0597338e+01 7.07e-04 3.13e+00  -4.0 2.13e-01    -  1.00e+00 1.00e+00f  1
 943r 1.0578324e+01 1.27e-04 6.45e-01  -4.1 6.89e-02    -  1.00e+00 1.00e+00h  1
 944r 1.0573038e+01 6.80e-05 7.36e-01  -4.1 7.15e-02    -  1.00e+00 1.00e+00h  1
 945r 1.0566077e+01 2.62e-05 4.89e-01  -4.1 3.44e-02    -  1.00e+00 1.00e+00h  1
 946r 1.0564391e+01 5.14e-06 2.56e-01  -4.1 2.31e-02    -  1.00e+00 1.00e+00h  1
 947r 1.0563097e+01 7.85e-07 1.06e-01  -4.1 6.96e-03    -  1.00e+00 1.00e+00h  1
 948r 1.0562947e+01 4.72e-07 8.24e-02  -4.1 3.61e-03    -  1.00e+00 1.00e+00h  1
 949r 1.0563212e+01 3.00e-07 2.92e-02  -4.1 2.02e-03    -  1.00e+00 1.00e+00h  1
iter    objective    inf_pr   inf_du lg(mu)  ||d||  lg(rg) alpha_du alpha_pr  ls
 950r 1.0562852e+01 2.01e-07 2.16e-02  -4.1 2.47e-03    -  1.00e+00 1.00e+00h  1
 951r 1.0562908e+01 7.74e-08 2.23e-02  -4.1 1.69e-03    -  1.00e+00 1.00e+00h  1
 952r 1.0562885e+01 1.85e-07 1.66e-02  -4.1 1.76e-03    -  1.00e+00 1.00e+00h  1
 953r 1.0562876e+01 1.57e-08 6.81e-03  -4.1 3.63e-04    -  1.00e+00 1.00e+00h  1
 954r 1.0562876e+01 1.04e-08 1.71e-03  -4.1 1.37e-04    -  1.00e+00 1.00e+00h  1
 955r 1.0541862e+01 1.18e-04 6.73e-01  -6.1 9.30e-02    -  9.60e-01 9.84e-01f  1
 956r 1.0527526e+01 6.94e-05 3.10e-02  -6.1 5.99e-02    -  1.00e+00 1.00e+00h  1
 957r 1.0492864e+01 2.10e-04 3.03e-02  -6.1 1.30e-01    -  1.00e+00 1.00e+00h  1
 958r 1.0489077e+01 2.03e-05 1.57e-02  -6.1 4.56e-02    -  1.00e+00 1.00e+00h  1
 959r 1.1211644e+01 1.04e-01 3.35e+01  -4.0 8.13e+00    -  1.00e+00 3.47e-01f  1
iter    objective    inf_pr   inf_du lg(mu)  ||d||  lg(rg) alpha_du alpha_pr  ls
 960r 1.0968787e+01 2.39e-02 4.77e+00  -4.3 9.18e-01    -  8.86e-01 1.00e+00h  1
 961r 1.0724287e+01 1.34e-02 1.26e+01  -4.3 9.87e-01    -  9.00e-02 9.50e-01h  1
 962r 1.0606244e+01 7.47e-03 4.60e+00  -4.3 7.64e-01    -  8.07e-01 6.43e-01h  1
 963r 1.0538846e+01 2.47e-03 2.72e-01  -4.3 3.61e-01    -  1.00e+00 1.00e+00h  1
 964r 1.0545144e+01 7.33e-04 1.24e-01  -4.3 2.02e-01    -  7.78e-01 7.41e-01h  1
 965r 1.0556692e+01 4.24e-04 1.83e+00  -4.3 1.26e-01    -  1.00e+00 1.00e+00h  1
 966r 1.0555144e+01 9.42e-05 6.20e-01  -4.3 4.89e-02    -  1.00e+00 1.00e+00h  1
 967r 1.0550886e+01 2.27e-05 3.72e-01  -4.3 3.32e-02    -  1.00e+00 1.00e+00h  1
 968r 1.0548301e+01 1.18e-05 2.94e-01  -4.3 2.45e-02    -  1.00e+00 1.00e+00h  1
 969r 1.0548700e+01 4.08e-06 1.02e-01  -4.3 1.37e-02    -  1.00e+00 1.00e+00h  1
iter    objective    inf_pr   inf_du lg(mu)  ||d||  lg(rg) alpha_du alpha_pr  ls
 970r 1.0569963e+01 8.90e-05 1.19e+00  -4.0 8.00e-02    -  1.00e+00 1.00e+00f  1
 971r 1.0563962e+01 2.45e-05 3.63e-01  -4.1 3.43e-02    -  1.00e+00 1.00e+00h  1
 972r 1.0563294e+01 1.94e-06 1.51e-01  -4.1 1.49e-02    -  1.00e+00 1.00e+00h  1
 973r 1.0562974e+01 2.89e-07 5.10e-02  -4.1 2.94e-03    -  1.00e+00 1.00e+00h  1
 974r 1.0562779e+01 3.33e-07 4.08e-02  -4.1 4.06e-03    -  1.00e+00 1.00e+00h  1
 975r 1.0562668e+01 2.49e-07 3.60e-02  -4.1 3.65e-03    -  1.00e+00 1.00e+00h  1
 976r 1.0562759e+01 2.87e-07 3.23e-02  -4.1 2.29e-03    -  1.00e+00 1.00e+00h  1
 977r 1.0562768e+01 8.63e-08 3.44e-02  -4.1 1.46e-03    -  1.00e+00 1.00e+00h  1
 978r 1.0562814e+01 9.56e-08 4.63e-03  -4.1 6.18e-04    -  1.00e+00 1.00e+00h  1
 979r 1.0562821e+01 2.58e-08 4.59e-03  -4.1 3.88e-04    -  1.00e+00 1.00e+00h  1
iter    objective    inf_pr   inf_du lg(mu)  ||d||  lg(rg) alpha_du alpha_pr  ls
 980r 1.0562829e+01 1.27e-08 4.45e-03  -4.1 3.55e-04    -  1.00e+00 1.00e+00h  1
 981r 1.0535483e+01 1.93e-04 6.00e-01  -6.1 1.06e-01    -  9.78e-01 9.89e-01f  1
 982r 1.0523488e+01 3.59e-05 2.06e-02  -6.1 5.08e-02    -  1.00e+00 1.00e+00h  1
 983r 1.0502325e+01 1.10e-04 3.91e-02  -6.1 8.71e-02    -  1.00e+00 1.00e+00h  1
 984r 1.0494045e+01 1.87e-05 4.59e-02  -6.1 3.68e-02    -  1.00e+00 1.00e+00h  1
 985r 1.0489428e+01 1.08e-05 3.35e-02  -6.1 1.89e-02    -  1.00e+00 1.00e+00h  1
 986r 1.1427822e+01 1.68e-01 2.99e+01  -4.0 1.04e+01    -  1.00e+00 3.26e-01f  1
 987r 1.1039003e+01 4.10e-02 8.74e+00  -4.3 1.23e+00    -  7.54e-01 1.00e+00h  1
 988r 1.0685330e+01 3.89e-02 2.09e+01  -4.3 1.72e+00    -  1.86e-01 9.39e-01h  1
 989r 1.0579242e+01 4.13e-03 5.18e-01  -4.3 6.21e-01    -  1.00e+00 1.00e+00h  1
iter    objective    inf_pr   inf_du lg(mu)  ||d||  lg(rg) alpha_du alpha_pr  ls
 990r 1.0542654e+01 1.46e-03 7.59e-01  -4.3 3.79e-01    -  1.00e+00 6.76e-01h  1
 991r 1.0552348e+01 4.56e-04 1.67e+00  -4.3 1.52e-01    -  1.00e+00 1.00e+00h  1
 992r 1.0552039e+01 1.28e-04 8.12e-01  -4.3 7.13e-02    -  1.00e+00 1.00e+00h  1
 993r 1.0551285e+01 2.70e-05 4.12e-01  -4.3 2.48e-02    -  1.00e+00 1.00e+00h  1
 994r 1.0550690e+01 6.96e-06 1.76e-01  -4.3 1.86e-02    -  1.00e+00 1.00e+00h  1
 995r 1.0549200e+01 6.54e-06 1.59e-01  -4.3 1.68e-02    -  1.00e+00 1.00e+00h  1
 996r 1.0579472e+01 1.69e-04 1.45e+00  -4.0 9.73e-02    -  1.00e+00 1.00e+00f  1
 997r 1.0567097e+01 4.79e-05 5.15e-01  -4.1 3.97e-02    -  1.00e+00 1.00e+00h  1
 998r 1.0563963e+01 1.25e-05 2.32e-01  -4.1 2.54e-02    -  1.00e+00 1.00e+00h  1
 999r 1.0563973e+01 1.09e-06 4.45e-02  -4.1 7.95e-03    -  1.00e+00 1.00e+00h  1
iter    objective    inf_pr   inf_du lg(mu)  ||d||  lg(rg) alpha_du alpha_pr  ls
1000r 1.0563390e+01 2.87e-07 5.36e-02  -4.1 3.29e-03    -  1.00e+00 1.00e+00h  1

Number of Iterations....: 1000

                                   (scaled)                 (unscaled)
Objective...............:   1.0563389684420599e+01    1.0563389684420599e+01
Dual infeasibility......:   5.8714726932745057e-02    5.8714726932745057e-02
Constraint violation....:   2.8675473284778263e-07    2.8675473284778263e-07
Variable bound violation:   0.0000000000000000e+00    0.0000000000000000e+00
Complementarity.........:   8.0103247869999200e-05    8.0103247869999200e-05
Overall NLP error.......:   5.8714726932745057e-02    5.8714726932745057e-02


Number of objective function evaluations             = 1713
Number of objective gradient evaluations             = 707
Number of equality constraint evaluations            = 1713
Number of inequality constraint evaluations          = 1713
Number of equality constraint Jacobian evaluations   = 1003
Number of inequality constraint Jacobian evaluations = 1003
Number of Lagrangian Hessian evaluations             = 0
Total seconds in IPOPT                               = 1849.391

EXIT: Maximum Number of Iterations Exceeded.
