This is Ipopt version 3.14.19, running with linear solver MUMPS 5.8.2.

Number of nonzeros in equality constraint Jacobian...:  1215565
Number of nonzeros in inequality constraint Jacobian.:     5312
Number of nonzeros in Lagrangian Hessian.............:        0

Total number of variables............................:     3879
                     variables with only lower bounds:        0
                variables with lower and upper bounds:      824
                     variables with only upper bounds:        0
Total number of equality constraints.................:     3726
Total number of inequality constraints...............:      553
        inequality constraints with only lower bounds:        0
   inequality constraints with lower and upper bounds:        0
        inequality constraints with only upper bounds:      553

iter    objective    inf_pr   inf_du lg(mu)  ||d||  lg(rg) alpha_du alpha_pr  ls
   0  1.0611428e-03 4.15e+00 1.00e+00   0.0 0.00e+00    -  0.00e+00 0.00e+00   0
   1  1.4969746e-03 4.12e+00 2.12e+01  -0.4 2.67e+01    -  9.29e-03 6.28e-03h  1
   2  1.5964891e-03 4.11e+00 9.54e+01   1.8 1.16e+02    -  2.32e-03 1.25e-03f  1
   3  3.6980780e-03 4.08e+00 1.04e+03   0.9 3.32e+01    -  1.64e-01 8.72e-03h  1
   4  3.7737424e-02 3.97e+00 6.51e+03   1.7 6.74e+01    -  1.93e-01 2.63e-02h  1
   5  3.0794383e-01 3.73e+00 1.70e+04   2.2 7.54e+01    -  3.05e-01 5.81e-02f  1
   6  2.4710539e+00 3.56e+00 4.02e+04   2.8 7.18e+01    -  3.70e-01 1.44e-01f  1
   7  9.2922101e+00 3.98e+00 1.43e+05   2.8 5.79e+01    -  7.10e-01 3.26e-01h  1
   8  1.9164512e+01 2.72e+00 2.46e+05   2.8 5.03e+01    -  2.96e-01 4.47e-01h  1
   9  2.9950021e+01 2.06e+00 2.90e+05   2.8 3.87e+01    -  9.95e-01 4.70e-01h  1
iter    objective    inf_pr   inf_du lg(mu)  ||d||  lg(rg) alpha_du alpha_pr  ls
  10  3.4453912e+01 1.37e+00 2.14e+05   2.2 2.94e+01    -  5.09e-01 3.50e-01h  1
  11  3.5092718e+01 9.92e-01 1.65e+05   2.6 2.05e+01    -  9.98e-01 2.96e-01h  1
  12  3.5027959e+01 1.39e+00 1.82e+05   2.7 2.59e+01    -  7.54e-01 5.18e-01h  1
  13  3.3317546e+01 7.99e-01 1.64e+05   1.0 2.31e+01    -  6.42e-01 4.43e-01h  1
  14  2.9795813e+01 2.88e-01 2.45e+05   2.1 1.40e+01    -  8.71e-01 6.69e-01H  1
  15  2.9332578e+01 3.04e-01 2.65e+05   2.3 1.49e+01    -  1.00e+00 5.00e-01f  2
  16  3.1736794e+01 1.42e+00 3.52e+05   2.5 1.67e+01    -  1.00e+00 1.00e+00f  1
  17  2.9140947e+01 9.75e-01 1.42e+05   2.4 1.18e+01    -  1.00e+00 1.00e+00h  1
  18  2.7553530e+01 4.54e-01 1.00e+05   2.0 8.76e+00    -  9.99e-01 1.00e+00h  1
  19  2.7236001e+01 5.34e-01 7.73e+04   1.8 7.99e+00    -  1.00e+00 7.71e-01h  1
iter    objective    inf_pr   inf_du lg(mu)  ||d||  lg(rg) alpha_du alpha_pr  ls
  20  2.6891701e+01 1.13e-01 3.04e+04   1.5 3.71e+00    -  9.35e-01 1.00e+00f  1
  21  2.7159700e+01 6.06e-02 2.35e+04   0.9 2.47e+00    -  9.99e-01 1.00e+00h  1
  22  2.7336682e+01 8.76e-02 4.37e+04   1.2 3.00e+00    -  1.00e+00 1.00e+00f  1
  23  2.7357880e+01 4.92e-02 3.25e+04   1.1 2.84e+00    -  1.00e+00 4.51e-01h  1
  24  2.7316515e+01 1.97e-02 9.71e+03   1.1 1.49e+00    -  1.00e+00 1.00e+00f  1
  25  2.7301983e+01 3.30e-03 6.18e+03   0.2 7.54e-01    -  1.00e+00 1.00e+00h  1
  26  2.7325248e+01 2.87e-03 6.40e+03   0.5 4.90e-01    -  1.00e+00 1.00e+00f  1
  27  2.7324950e+01 6.84e-04 6.40e+03   0.4 2.54e-01    -  1.00e+00 1.00e+00f  1
  28  2.7304547e+01 6.92e-04 2.58e+03  -0.4 2.50e-01    -  1.00e+00 1.00e+00h  1
  29  2.7309103e+01 3.68e-04 8.09e+02  -1.0 2.01e-01    -  1.00e+00 1.00e+00h  1
iter    objective    inf_pr   inf_du lg(mu)  ||d||  lg(rg) alpha_du alpha_pr  ls
  30  2.7314520e+01 1.23e-04 1.00e+03  -2.0 5.93e-02    -  1.00e+00 1.00e+00h  1
  31  2.7314243e+01 4.03e-06 1.99e+03  -3.0 3.37e-02    -  1.00e+00 1.00e+00H  1
  32  2.7306403e+01 8.67e-04 5.75e+03  -3.6 6.82e-02    -  1.00e+00 1.00e+00h  1
  33  2.7299416e+01 2.85e-03 1.20e+04  -3.7 1.34e-01    -  1.00e+00 6.51e-01h  1
  34  2.7309267e+01 1.67e-02 9.04e+03  -1.7 8.55e-01    -  7.51e-01 1.71e-01f  1
  35  2.7291154e+01 1.30e-02 1.02e+04  -1.9 5.46e-01    -  1.42e-01 3.75e-01H  1
  36  2.7294703e+01 8.48e-03 1.03e+04  -1.2 2.21e-01    -  1.00e+00 5.21e-01f  1
  37  2.7291095e+01 5.76e-03 1.17e+04  -1.0 2.60e-01    -  1.00e+00 4.87e-01H  1
  38  2.7291421e+01 2.58e-03 4.31e+03  -2.6 1.18e-01    -  7.56e-01 5.96e-01h  1
  39  2.7290242e+01 3.33e-04 3.04e+03  -3.1 3.40e-02    -  8.35e-01 1.00e+00h  1
iter    objective    inf_pr   inf_du lg(mu)  ||d||  lg(rg) alpha_du alpha_pr  ls
  40  2.7287418e+01 3.43e-04 2.16e+03  -2.5 3.50e-02    -  1.00e+00 1.00e+00h  1
  41  2.7286760e+01 3.43e-04 3.45e+03  -2.6 2.32e-01    -  1.00e+00 1.70e-02h  5
  42  2.7272260e+01 1.58e-03 7.06e+03  -2.9 3.99e-01    -  1.00e+00 2.21e-01h  2
  43  2.7270069e+01 1.54e-03 7.63e+03  -2.6 3.84e-01    -  1.00e+00 3.32e-02h  4
  44  2.7259056e+01 1.61e-03 7.52e+03  -2.7 2.26e-01    -  1.00e+00 2.27e-01h  2
  45  2.7237122e+01 1.68e-03 8.00e+03  -2.8 1.78e-01    -  9.92e-01 5.59e-01H  1
  46  2.7236498e+01 1.68e-03 8.13e+03  -2.0 2.39e+00    -  5.53e-01 1.07e-03h  7
  47  2.7207625e+01 3.20e-03 1.05e+04  -2.0 6.54e-01    -  1.00e+00 1.89e-01h  2
  48  2.7193573e+01 2.83e-03 9.97e+03  -2.0 5.59e-01    -  6.60e-01 1.70e-01h  3
  49  2.7137827e+01 1.44e-02 2.03e+04  -1.4 1.96e+00    -  7.35e-01 2.66e-01f  1
iter    objective    inf_pr   inf_du lg(mu)  ||d||  lg(rg) alpha_du alpha_pr  ls
  50  2.7162821e+01 1.63e-02 1.76e+04  -0.9 2.20e+00    -  2.94e-01 2.11e-01f  1
  51  2.7135555e+01 1.67e-02 1.76e+04  -1.3 7.65e-01    -  8.05e-01 2.52e-01h  1
  52  2.7110825e+01 1.05e-02 1.11e+04  -1.7 2.89e-01    -  1.00e+00 4.43e-01h  1
  53  2.7090429e+01 4.50e-03 8.47e+03  -1.4 1.62e-01    -  1.00e+00 1.00e+00f  1
  54  2.7068485e+01 2.69e-03 7.87e+03  -2.0 2.20e-01    -  1.00e+00 6.75e-01h  1
  55  2.7117910e+01 1.45e-02 6.32e+03  -1.3 2.85e-01    -  8.43e-01 1.00e+00f  1
  56  2.7112697e+01 1.16e-02 6.47e+03  -1.4 3.17e-01    -  6.82e-01 1.92e-01h  1
  57  2.7102451e+01 3.29e-03 4.19e+03  -1.4 9.76e-02    -  9.44e-01 7.06e-01h  1
  58  2.7068826e+01 1.73e-03 3.10e+03  -1.4 2.05e-01    -  1.00e+00 8.85e-01H  1
  59  2.7058500e+01 1.39e-04 4.53e+03  -2.1 1.37e-01    -  8.74e-01 1.00e+00H  1
iter    objective    inf_pr   inf_du lg(mu)  ||d||  lg(rg) alpha_du alpha_pr  ls
  60  2.7060913e+01 2.78e-05 4.32e+03  -2.3 1.19e-01    -  9.91e-01 1.00e+00H  1
  61  2.7064097e+01 6.72e-04 1.43e+03  -1.9 8.08e-02    -  1.00e+00 1.00e+00f  1
  62  2.7043203e+01 5.17e-04 3.00e+03  -2.0 1.17e-01    -  1.00e+00 1.00e+00H  1
  63  2.7016015e+01 2.21e-04 3.35e+03  -2.0 2.59e-01    -  4.90e-01 9.37e-01H  1
  64  2.7022255e+01 2.01e-05 1.80e+03  -2.6 2.06e-01    -  1.00e+00 1.00e+00H  1
  65  2.7011248e+01 1.26e-05 6.20e+03  -2.9 5.13e-02    -  4.73e-01 9.41e-01H  1
  66  2.6981962e+01 2.12e-03 4.49e+03  -2.4 8.06e-01    -  2.41e-01 1.39e-01f  2
  67  2.6971252e+01 2.29e-03 3.29e+03  -2.4 7.87e-01    -  1.00e+00 4.82e-02h  3
  68  2.6925957e+01 6.73e-03 4.21e+03  -1.9 5.27e-01    -  6.45e-01 3.75e-01f  1
  69  2.6894796e+01 5.29e-03 6.01e+03  -2.0 3.55e-01    -  7.82e-01 4.52e-01h  1
iter    objective    inf_pr   inf_du lg(mu)  ||d||  lg(rg) alpha_du alpha_pr  ls
  70  2.6889583e+01 1.90e-02 9.09e+03  -1.6 4.80e-01    -  7.69e-01 6.82e-01f  1
  71  2.6864694e+01 1.45e-02 7.24e+03  -2.0 3.39e-01    -  1.00e+00 2.35e-01h  1
  72  2.6973405e+01 2.16e-02 8.35e+03  -0.8 1.01e+00    -  2.73e-01 4.30e-01f  1
  73  2.6884105e+01 3.76e-02 1.45e+04  -1.4 2.03e+00    -  4.15e-01 3.03e-01H  1
  74  2.6847256e+01 4.11e-02 1.45e+04  -1.4 5.14e+00    -  1.31e-01 6.88e-02h  1
  75  2.6840176e+01 5.72e-02 1.46e+04  -1.0 1.66e+00    -  5.25e-01 1.79e-01f  1
  76  2.6944652e+01 7.62e-02 2.27e+04   0.0 2.28e+00    -  1.00e+00 1.93e-01f  1
  77  2.6833290e+01 5.44e-02 1.03e+04  -0.1 6.52e-01    -  9.90e-01 9.90e-01f  1
  78  2.6867323e+01 5.74e-02 1.15e+04   0.2 8.28e-01    -  1.00e+00 1.00e+00f  1
  79  2.6836231e+01 5.94e-03 5.47e+03   0.1 5.35e-01    -  1.00e+00 1.00e+00f  1
iter    objective    inf_pr   inf_du lg(mu)  ||d||  lg(rg) alpha_du alpha_pr  ls
  80  2.6822638e+01 2.46e-04 5.73e+02  -0.8 1.46e-01    -  1.00e+00 1.00e+00h  1
  81  2.6814035e+01 7.33e-06 3.47e+02  -1.9 9.47e-02    -  1.00e+00 1.00e+00H  1
  82  2.6802257e+01 6.71e-05 9.95e+02  -2.6 1.15e-01    -  1.00e+00 1.00e+00H  1
  83  2.6789065e+01 4.19e-04 1.15e+03  -1.8 1.13e-01    -  1.00e+00 1.00e+00f  1
  84  2.6792231e+01 8.07e-05 5.58e+02  -2.5 6.30e-02    -  1.00e+00 1.00e+00h  1
  85  2.6790291e+01 3.42e-05 2.26e+02  -3.6 1.79e-02    -  1.00e+00 1.00e+00h  1
  86  2.6776962e+01 1.15e-03 1.03e+03  -4.0 5.63e-02    -  1.00e+00 9.94e-01h  1
  87  2.6759173e+01 2.77e-03 7.64e+03  -3.0 2.76e+00    -  1.00e+00 2.61e-02h  1
  88  2.6589333e+01 9.85e-03 5.93e+03  -2.0 4.58e+00    -  1.00e+00 1.11e-01f  1
  89  2.6554213e+01 4.04e-03 5.55e+03  -2.4 2.88e-01    -  8.18e-01 1.00e+00h  1
iter    objective    inf_pr   inf_du lg(mu)  ||d||  lg(rg) alpha_du alpha_pr  ls
  90  2.6560015e+01 2.78e-03 4.30e+03  -4.0 2.03e-01    -  5.23e-01 3.08e-01h  1
  91  2.6554423e+01 1.68e-03 3.12e+03  -3.2 1.44e-01    -  1.00e+00 4.07e-01h  1
  92  2.6543788e+01 1.26e-03 2.44e+03  -3.4 1.55e-01    -  1.00e+00 2.65e-01h  1
  93  2.6523426e+01 1.05e-03 2.49e+03  -4.0 2.77e-01    -  5.92e-01 2.08e-01h  1
  94  2.6496646e+01 2.85e-03 6.39e+03  -3.3 8.29e-01    -  1.00e+00 1.09e-01h  1
  95  2.6480385e+01 3.55e-03 3.05e+03  -1.9 4.97e-01    -  8.74e-01 1.86e-01f  1
  96  2.6470167e+01 7.07e-03 2.95e+03  -1.9 1.13e+00    -  5.22e-01 4.16e-01f  1
  97  2.6605766e+01 1.89e-02 2.82e+03  -1.4 5.11e-01    -  8.42e-01 9.39e-01f  1
  98  2.6522029e+01 9.29e-03 4.69e+03  -1.5 6.23e-01    -  3.82e-01 6.72e-01H  1
  99  2.6525914e+01 8.15e-03 1.36e+03  -1.5 3.52e-01    -  8.15e-01 1.00e+00f  1
iter    objective    inf_pr   inf_du lg(mu)  ||d||  lg(rg) alpha_du alpha_pr  ls
 100  2.6529157e+01 4.37e-03 1.34e+03  -1.5 1.05e-01    -  1.00e+00 1.00e+00h  1
 101  2.6523276e+01 8.25e-04 3.61e+02  -1.5 7.10e-02    -  1.00e+00 1.00e+00h  1
 102  2.6495560e+01 4.12e-04 1.89e+02  -2.1 7.50e-02    -  1.00e+00 1.00e+00h  1
 103  2.6394387e+01 4.00e-03 1.19e+03  -2.7 3.66e-01    -  1.00e+00 7.64e-01h  1
 104  2.6321674e+01 3.27e-03 1.99e+03  -2.9 5.72e-01    -  1.00e+00 3.42e-01h  1
 105  2.5368220e+01 6.89e-02 1.07e+04  -1.8 2.00e+01    -  5.71e-01 1.15e-01f  1
 106  2.5250704e+01 6.45e-02 1.15e+04  -2.0 3.65e+00    -  5.31e-01 8.02e-02h  1
 107  2.5301559e+01 8.26e-02 1.01e+04  -1.0 3.43e+00    -  1.34e-01 1.67e-01f  1
 108  2.5496537e+01 4.00e-02 5.16e+03  -1.7 2.09e+00    -  4.37e-01 4.72e-01h  1
 109  2.5558833e+01 3.48e-02 3.33e+03  -1.0 9.35e-01    -  1.00e+00 4.29e-01f  1
iter    objective    inf_pr   inf_du lg(mu)  ||d||  lg(rg) alpha_du alpha_pr  ls
 110  2.6023599e+01 5.21e-02 2.39e+03  -0.7 1.82e+00    -  1.00e+00 9.87e-01f  1
 111  2.5601528e+01 2.77e-02 7.10e+02  -0.8 1.10e+00    -  1.00e+00 1.00e+00f  1
 112  2.5358890e+01 9.30e-03 7.30e+02  -1.0 9.65e-01    -  1.00e+00 1.00e+00h  1
 113  2.5007104e+01 1.00e-02 7.58e+02  -1.7 8.94e-01    -  1.00e+00 1.00e+00h  1
 114  2.4855681e+01 3.78e-02 3.58e+02  -1.2 8.69e-01    -  1.00e+00 9.47e-01h  1
 115  2.4487608e+01 5.52e-03 1.69e+02  -1.8 8.60e-01    -  1.00e+00 1.00e+00h  1
 116  2.3166827e+01 8.09e-02 2.40e+02  -1.5 3.55e+00    -  1.00e+00 9.83e-01f  1
 117  2.2478703e+01 2.20e-01 4.92e+02  -0.9 1.33e+01    -  1.00e+00 3.59e-01f  1
 118  2.1047313e+01 1.87e-01 6.11e+02  -1.2 4.94e+00    -  1.00e+00 1.00e+00h  1
 119  1.9192128e+01 5.61e-01 1.61e+02  -1.5 6.96e+00    -  1.00e+00 1.00e+00h  1
iter    objective    inf_pr   inf_du lg(mu)  ||d||  lg(rg) alpha_du alpha_pr  ls
 120  1.8248208e+01 4.72e-01 2.16e+02  -1.5 7.07e+00    -  1.00e+00 1.00e+00h  1
 121  1.7576297e+01 2.84e-01 1.12e+02  -1.9 4.25e+00    -  1.00e+00 9.59e-01h  1
 122  1.7506387e+01 2.11e-01 3.91e+01  -1.6 4.43e+00    -  1.00e+00 1.00e+00h  1
 123  1.7187042e+01 9.98e-02 3.57e+01  -1.9 3.32e+00    -  1.00e+00 1.00e+00h  1
 124  1.7914208e+01 8.34e-02 1.51e+02  -1.2 4.91e+00    -  1.00e+00 4.30e-01f  2
 125  1.8302320e+01 7.22e-02 7.23e+01  -1.3 2.48e+00    -  1.00e+00 1.00e+00h  1
 126  1.8188603e+01 4.45e-02 3.88e+01  -1.3 2.25e+00    -  1.00e+00 1.00e+00h  1
 127  1.7860819e+01 3.84e-02 1.27e+02  -1.7 2.35e+00    -  1.00e+00 5.45e-01h  1
 128  1.7230095e+01 7.29e-02 1.32e+02  -2.1 6.08e+00    -  1.00e+00 5.60e-01h  1
 129  1.6327323e+01 2.58e-01 2.51e+02  -2.2 8.39e+00    -  6.32e-01 7.89e-01h  1
iter    objective    inf_pr   inf_du lg(mu)  ||d||  lg(rg) alpha_du alpha_pr  ls
 130  1.5854687e+01 1.96e-01 2.39e+02  -1.6 6.60e+00    -  1.00e+00 3.11e-01h  1
 131  1.8940162e+01 1.41e+00 9.95e+01  -1.0 1.34e+01    -  1.00e+00 8.92e-01f  1
 132  1.8107734e+01 4.73e-01 8.82e+01  -1.1 5.00e+00    -  1.00e+00 1.00e+00h  1
 133  1.8566116e+01 4.64e-01 9.00e+01  -1.1 6.25e+00    -  1.00e+00 1.00e+00h  1
 134  1.8110333e+01 6.64e-02 2.83e+01  -1.1 3.48e+00    -  1.00e+00 1.00e+00h  1
 135  1.8291834e+01 7.76e-02 6.73e+01  -1.1 2.29e+00    -  1.00e+00 7.35e-01H  1
 136  1.8642794e+01 6.30e-02 3.42e+01  -1.1 2.05e+00    -  1.00e+00 1.00e+00f  1
 137  1.9016951e+01 3.01e-02 5.76e+01  -1.1 1.63e+00    -  1.00e+00 9.66e-01h  1
 138  1.8662988e+01 3.43e-02 5.10e+01  -1.8 1.89e+00    -  1.00e+00 1.00e+00h  1
 139  1.8339536e+01 3.07e-02 7.30e+01  -1.9 1.46e+00    -  8.11e-01 1.00e+00h  1
iter    objective    inf_pr   inf_du lg(mu)  ||d||  lg(rg) alpha_du alpha_pr  ls
 140  1.8330082e+01 2.06e-02 7.67e+01  -2.0 1.14e+00    -  1.00e+00 1.00e+00h  1
 141  1.7993229e+01 1.84e-02 1.06e+02  -2.6 1.33e+00    -  1.00e+00 9.73e-01h  1
 142  1.6790439e+01 2.35e-01 2.79e+02  -2.4 7.22e+00    -  1.00e+00 6.19e-01h  1
 143  1.5624499e+01 2.12e-01 4.16e+02  -2.0 6.64e+00    -  1.00e+00 5.24e-01h  1
 144  1.4759896e+01 1.57e-01 3.50e+02  -2.1 7.49e+00    -  1.00e+00 4.38e-01h  1
 145  1.4567856e+01 7.79e-02 2.12e+02  -2.2 2.55e+00    -  1.00e+00 1.00e+00h  1
 146  1.6174660e+01 2.76e-01 5.74e+01  -1.5 7.20e+00    -  9.48e-01 7.25e-01f  1
 147  1.5220471e+01 3.25e-01 1.45e+02  -1.6 4.77e+00    -  1.00e+00 1.00e+00h  1
 148  1.4696355e+01 1.67e-01 1.19e+02  -1.6 2.96e+00    -  1.00e+00 1.00e+00h  1
 149  1.4413521e+01 1.22e-01 8.43e+01  -2.0 3.77e+00    -  1.00e+00 4.10e-01h  1
iter    objective    inf_pr   inf_du lg(mu)  ||d||  lg(rg) alpha_du alpha_pr  ls
 150  1.4743477e+01 8.12e-02 4.45e+01  -1.7 2.86e+00    -  1.00e+00 5.00e-01h  2
 151  1.4127894e+01 1.50e-01 9.83e+01  -2.2 3.33e+00    -  1.00e+00 1.00e+00h  1
 152  1.3371791e+01 1.19e-01 1.04e+02  -2.3 3.15e+00    -  1.00e+00 1.00e+00h  1
 153  1.3313591e+01 1.02e-01 6.66e+01  -2.4 3.27e+00    -  1.00e+00 7.09e-01h  1
 154  1.3826913e+01 9.78e-02 2.15e+02  -1.4 1.12e+01    -  6.07e-01 1.67e-01f  1
 155  1.4641714e+01 9.27e-02 7.69e+01  -1.7 5.98e+00    -  3.51e-01 2.08e-01H  1
 156  1.4745630e+01 1.04e-01 2.67e+01  -1.7 2.36e+00    -  7.82e-01 9.85e-01f  1
 157  1.4824804e+01 5.97e-02 1.34e+02  -1.7 3.04e+00    -  1.00e+00 4.49e-01h  1
 158  1.5100063e+01 2.88e-02 4.37e+01  -1.7 1.42e+00    -  8.15e-01 9.98e-01h  1
 159  1.4802319e+01 3.72e-02 9.70e+01  -2.0 1.58e+00    -  1.00e+00 8.84e-01h  1
iter    objective    inf_pr   inf_du lg(mu)  ||d||  lg(rg) alpha_du alpha_pr  ls
 160  1.4302063e+01 5.18e-02 2.10e+02  -2.4 4.10e+00    -  1.00e+00 4.85e-01h  1
 161  1.3502245e+01 1.74e-01 2.52e+02  -2.5 4.37e+00    -  1.00e+00 7.02e-01h  1
 162  1.2936318e+01 9.58e-02 2.94e+02  -2.5 4.51e+00    -  1.00e+00 5.14e-01h  1
 163  1.3089586e+01 3.84e-02 1.73e+02  -2.2 1.32e+00    -  1.00e+00 6.76e-01h  1
 164  1.3260230e+01 2.15e-02 6.60e+01  -2.4 1.17e+00    -  9.18e-01 1.00e+00h  1
 165  1.4062574e+01 1.12e-01 1.14e+02  -1.9 3.18e+00    -  9.34e-01 8.56e-01h  1
 166  1.3994481e+01 1.01e-01 1.08e+02  -2.0 2.14e+00    -  1.00e+00 1.09e-01h  1
 167  1.3219387e+01 2.01e-01 9.56e+01  -2.0 3.27e+00    -  1.00e+00 1.00e+00h  1
 168  1.3196592e+01 7.69e-02 4.07e+01  -2.0 1.97e+00    -  1.00e+00 1.00e+00h  1
 169  1.3048087e+01 4.47e-02 7.12e+01  -2.3 1.51e+00    -  1.00e+00 4.74e-01h  1
iter    objective    inf_pr   inf_du lg(mu)  ||d||  lg(rg) alpha_du alpha_pr  ls
 170  1.2762205e+01 3.90e-02 7.56e+01  -2.7 2.93e+00    -  8.38e-01 4.18e-01h  1
 171  1.2745979e+01 2.82e-02 9.14e+01  -2.3 3.60e+00    -  1.00e+00 2.87e-01h  1
 172  1.3012454e+01 3.07e-02 1.31e+02  -2.4 1.74e+00    -  3.71e-01 4.81e-01H  1
 173  1.2729030e+01 2.14e-02 5.69e+01  -2.6 1.36e+00    -  1.00e+00 1.00e+00h  1
 174  1.2852618e+01 1.70e-02 8.48e+01  -2.3 1.32e+00    -  1.00e+00 1.00e+00h  1
 175  1.2840981e+01 8.48e-03 5.16e+01  -2.4 8.25e-01    -  1.00e+00 1.00e+00h  1
 176  1.2759180e+01 6.66e-03 3.38e+02  -3.0 1.31e+00    -  1.00e+00 3.32e-01h  1
 177  1.2583485e+01 3.02e-02 1.52e+02  -2.5 3.85e+00    -  1.00e+00 3.44e-01h  1
 178  1.2125981e+01 9.23e-02 2.39e+02  -2.8 2.89e+00    -  1.00e+00 1.00e+00h  1
 179  1.1846645e+01 5.91e-02 1.85e+02  -2.4 2.61e+00    -  7.95e-01 7.45e-01h  1
iter    objective    inf_pr   inf_du lg(mu)  ||d||  lg(rg) alpha_du alpha_pr  ls
 180  1.1974873e+01 4.78e-02 1.48e+02  -2.1 2.20e+00    -  7.54e-01 4.58e-01h  1
 181  1.1974955e+01 3.20e-02 8.25e+01  -2.2 2.22e+00    -  8.21e-01 6.75e-01h  1
 182  1.1589606e+01 5.84e-02 1.08e+02  -2.7 2.63e+00    -  9.45e-01 8.52e-01h  1
 183  1.1211685e+01 8.01e-02 1.41e+02  -2.4 5.82e+00    -  1.00e+00 3.37e-01h  1
 184  1.1359703e+01 2.99e-01 1.87e+02  -1.8 8.74e+00    -  5.54e-01 3.89e-01f  1
 185  1.0901539e+01 1.01e-01 1.23e+02  -2.1 2.24e+00    -  6.65e-01 1.00e+00h  1
 186  1.0460206e+01 4.18e-02 3.85e+01  -2.5 2.06e+00    -  1.00e+00 9.47e-01h  1
 187  1.0196197e+01 5.26e-02 7.71e+01  -2.5 3.91e+00    -  1.00e+00 4.45e-01h  1
 188  1.0641151e+01 3.44e-01 1.43e+02  -1.9 3.86e+00    -  9.31e-01 8.85e-01f  1
 189  1.0285213e+01 1.76e-01 1.28e+02  -2.0 3.52e+00    -  9.24e-01 5.19e-01h  1
iter    objective    inf_pr   inf_du lg(mu)  ||d||  lg(rg) alpha_du alpha_pr  ls
 190  9.5288172e+00 1.51e-01 8.67e+01  -2.0 3.55e+00    -  1.00e+00 1.00e+00h  1
 191  1.0494670e+01 2.08e-01 1.04e+02  -1.7 4.84e+00    -  1.00e+00 7.01e-01h  1
 192  1.0358676e+01 4.35e-02 6.10e+01  -1.8 1.92e+00    -  1.00e+00 1.00e+00h  1
 193  9.6954178e+00 5.54e-02 4.69e+01  -2.3 3.03e+00    -  1.00e+00 7.85e-01h  1
 194  8.9281885e+00 2.67e-01 1.00e+02  -2.0 3.63e+00    -  1.00e+00 1.00e+00h  1
 195  9.7469230e+00 1.69e-01 6.78e+01  -1.8 2.96e+00    -  1.00e+00 1.00e+00h  1
 196  9.2977340e+00 2.11e-01 4.52e+01  -1.9 2.97e+00    -  1.00e+00 1.00e+00h  1
 197  8.4849233e+00 1.26e-01 3.28e+01  -2.1 2.36e+00    -  1.00e+00 9.83e-01h  1
 198  7.7742406e+00 2.07e-01 1.12e+02  -2.3 4.63e+00    -  1.00e+00 9.85e-01h  1
 199  8.9167699e+00 2.61e-01 5.07e+01  -1.8 3.94e+00    -  1.00e+00 9.11e-01h  1
iter    objective    inf_pr   inf_du lg(mu)  ||d||  lg(rg) alpha_du alpha_pr  ls
 200  8.4235737e+00 1.76e-01 6.34e+01  -1.9 3.57e+00    -  8.76e-01 1.00e+00h  1
 201  7.9912049e+00 9.59e-02 6.01e+01  -1.9 3.14e+00    -  1.00e+00 1.00e+00h  1
 202  7.7487611e+00 7.86e-02 4.24e+01  -2.0 2.40e+00    -  9.69e-01 1.00e+00h  1
 203  7.7331245e+00 4.61e-02 5.69e+01  -2.2 2.76e+00    -  8.75e-01 2.93e-01H  1
 204  1.1063747e+01 1.16e+00 5.18e+02  -1.4 1.32e+01    -  1.00e+00 7.11e-01f  1
 205  1.0508063e+01 1.54e-01 1.63e+02  -1.5 3.16e+00    -  9.38e-01 1.00e+00h  1
 206  1.0581543e+01 1.45e-01 3.91e+01  -1.5 2.81e+00    -  7.90e-01 9.49e-01h  1
 207  9.9683850e+00 4.69e-02 3.42e+01  -1.7 2.32e+00    -  8.14e-01 8.28e-01H  1
 208  8.7164805e+00 1.66e-01 4.26e+01  -2.1 3.71e+00    -  1.00e+00 9.45e-01h  1
 209  7.3776502e+00 2.01e-01 9.80e+01  -2.2 5.92e+00    -  1.00e+00 6.77e-01h  1
iter    objective    inf_pr   inf_du lg(mu)  ||d||  lg(rg) alpha_du alpha_pr  ls
 210  7.8907530e+00 3.20e-01 5.56e+01  -1.9 3.28e+00    -  1.00e+00 1.00e+00h  1
 211  7.7842657e+00 6.91e-02 2.05e+01  -2.0 1.58e+00    -  9.55e-01 1.00e+00h  1
 212  7.6801491e+00 3.90e-02 4.29e+01  -2.1 1.87e+00    -  7.83e-01 6.21e-01H  1
 213  8.8588970e+00 1.35e-01 1.09e+02  -1.8 2.99e+00    -  1.00e+00 1.00e+00h  1
 214  8.3065287e+00 1.09e-01 9.03e+01  -1.9 2.59e+00    -  1.00e+00 1.00e+00h  1
 215  8.0806726e+00 5.39e-02 3.06e+01  -1.9 1.25e+00    -  1.00e+00 1.00e+00h  1
 216  8.0271224e+00 2.48e-02 6.03e+01  -1.9 1.58e+00    -  1.00e+00 5.00e-01h  2
 217  7.8228917e+00 1.70e-02 1.86e+02  -2.6 2.87e+00    -  1.00e+00 2.50e-01h  1
 218  6.9290817e+00 2.75e-01 1.36e+02  -2.3 5.11e+00    -  1.00e+00 7.77e-01h  1
 219  7.5767112e+00 1.57e-01 4.91e+01  -2.0 2.95e+00    -  7.04e-01 1.00e+00h  1
iter    objective    inf_pr   inf_du lg(mu)  ||d||  lg(rg) alpha_du alpha_pr  ls
 220  6.7443014e+00 1.20e-01 7.33e+01  -2.3 3.36e+00    -  1.00e+00 1.00e+00h  1
 221  6.5562086e+00 3.92e-02 3.62e+01  -2.3 1.78e+00    -  1.00e+00 7.22e-01h  1
 222  6.3679201e+00 2.96e-02 3.58e+01  -2.5 2.04e+00    -  1.00e+00 5.07e-01h  1
 223  6.5228421e+00 2.82e-02 3.12e+01  -2.3 1.40e+00    -  7.16e-01 6.03e-01h  1
 224  6.5647506e+00 1.94e-02 1.18e+02  -2.7 1.54e+00    -  8.77e-01 5.41e-01H  1
 225  6.3798447e+00 1.97e-02 8.95e+01  -3.0 2.53e+00    -  1.00e+00 5.79e-01h  1
 226  6.8121029e+00 5.33e-02 4.60e+01  -2.1 3.65e+00    -  5.76e-01 4.25e-01f  1
 227  6.6051014e+00 8.59e-02 9.28e+01  -2.4 1.74e+00    -  5.92e-01 1.00e+00h  1
 228  6.5854004e+00 3.05e-02 9.05e+00  -2.4 1.15e+00    -  1.00e+00 1.00e+00h  1
 229  6.6048465e+00 1.16e-02 4.78e+01  -2.4 1.16e+00    -  1.00e+00 9.94e-01h  1
iter    objective    inf_pr   inf_du lg(mu)  ||d||  lg(rg) alpha_du alpha_pr  ls
 230  8.6106344e+00 5.03e-01 4.57e+02  -1.6 1.23e+01    -  1.00e+00 5.52e-01f  1
 231  9.0441025e+00 2.07e-01 1.82e+02  -1.6 3.19e+00    -  7.55e-01 1.00e+00h  1
 232  8.9501126e+00 8.98e-02 8.05e+01  -1.6 2.03e+00    -  1.00e+00 9.52e-01h  1
 233  8.8189157e+00 2.75e-02 4.38e+01  -1.6 1.55e+00    -  7.34e-01 1.00e+00h  1
 234  9.1099928e+00 6.92e-02 6.71e+01  -1.6 1.64e+00    -  1.00e+00 1.00e+00h  1
 235  9.0909749e+00 3.30e-02 2.73e+01  -1.6 1.09e+00    -  1.00e+00 1.00e+00h  1
 236  9.1163442e+00 2.26e-02 3.28e+02  -1.4 1.34e+00    -  5.84e-01 3.75e-01H  1
 237  9.0884792e+00 9.05e-03 9.62e+01  -2.1 1.07e+00    -  1.00e+00 6.67e-01h  1
 238  9.1001097e+00 4.89e-03 1.15e+02  -2.2 7.79e-01    -  8.62e-01 6.90e-01H  1
 239  9.1825842e+00 7.99e-03 8.86e+01  -1.7 5.64e-01    -  1.00e+00 1.00e+00f  1
iter    objective    inf_pr   inf_du lg(mu)  ||d||  lg(rg) alpha_du alpha_pr  ls
 240  9.2152914e+00 3.31e-03 3.99e+01  -1.8 3.44e-01    -  1.00e+00 1.00e+00h  1
 241  9.1915328e+00 1.58e-03 1.56e+01  -2.5 3.49e-01    -  1.00e+00 1.00e+00h  1
 242  8.9606890e+00 7.62e-03 1.28e+01  -3.1 6.96e-01    -  1.00e+00 1.00e+00h  1
 243  8.1737499e+00 8.70e-02 7.16e+02  -2.3 9.81e+00    -  1.00e+00 2.57e-01f  1
 244  7.2363469e+00 1.20e-01 3.41e+02  -2.4 1.01e+01    -  5.47e-01 3.47e-01h  1
 245  6.6967810e+00 4.37e-02 1.41e+02  -2.4 2.29e+00    -  1.00e+00 9.58e-01h  1
 246  6.5512761e+00 3.28e-02 1.25e+02  -2.4 2.31e+00    -  1.00e+00 4.55e-01h  1
 247  6.9687173e+00 4.81e-02 1.83e+02  -2.4 1.74e+00    -  3.99e-01 1.00e+00h  1
 248  6.7960567e+00 4.65e-02 9.85e+01  -2.4 1.59e+00    -  3.91e-01 8.41e-01h  1
 249  6.7777080e+00 2.54e-02 1.91e+01  -2.4 8.80e-01    -  1.00e+00 1.00e+00h  1
iter    objective    inf_pr   inf_du lg(mu)  ||d||  lg(rg) alpha_du alpha_pr  ls
 250  6.9729839e+00 8.98e-03 9.85e+01  -2.6 1.02e+00    -  8.32e-01 6.25e-01H  1
 251  6.8035122e+00 2.86e-02 8.98e+01  -2.8 1.19e+00    -  1.00e+00 1.00e+00h  1
 252  6.4856875e+00 4.78e-02 1.36e+02  -2.9 2.47e+00    -  6.72e-01 5.53e-01h  1
 253  6.4358877e+00 4.42e-02 1.32e+02  -2.9 2.34e+00    -  4.29e-01 7.03e-02h  1
 254  6.3330943e+00 1.85e-02 7.13e+01  -2.9 9.89e-01    -  1.00e+00 5.96e-01h  1
 255  6.6720580e+00 4.31e-02 7.41e+01  -2.4 1.92e+00    -  4.92e-01 8.36e-01f  1
 256  6.4482852e+00 2.46e-02 2.56e+01  -2.7 1.20e+00    -  1.00e+00 1.00e+00h  1
 257  6.1981731e+00 2.23e-02 4.88e+01  -2.7 1.87e+00    -  9.45e-01 5.76e-01h  1
 258  6.0880684e+00 1.79e-02 5.25e+01  -3.0 1.47e+00    -  1.00e+00 5.85e-01h  1
 259  6.5591320e+00 3.19e-02 2.91e+01  -2.4 2.19e+00    -  8.16e-01 7.52e-01h  1
iter    objective    inf_pr   inf_du lg(mu)  ||d||  lg(rg) alpha_du alpha_pr  ls
 260  6.3179139e+00 1.81e-01 9.52e+01  -2.5 3.13e+00    -  6.47e-01 1.00e+00h  1
 261  6.1817017e+00 7.28e-02 3.37e+01  -2.5 1.64e+00    -  1.00e+00 1.00e+00h  1
 262  6.2345990e+00 1.92e-02 1.44e+01  -2.5 9.30e-01    -  1.00e+00 8.22e-01h  1
 263  6.8527309e+00 3.31e-02 7.80e+01  -2.3 2.18e+00    -  1.00e+00 1.00e+00f  1
 264  6.7647967e+00 3.51e-02 4.41e+01  -2.4 1.60e+00    -  1.00e+00 9.05e-01h  1
 265  6.5692596e+00 1.61e-02 5.11e+01  -2.4 6.24e-01    -  7.32e-01 1.00e+00h  1
 266  6.7014661e+00 1.36e-02 1.39e+02  -2.4 7.11e-01    -  5.91e-01 9.14e-01h  1
 267  6.7967368e+00 9.21e-03 3.94e+01  -2.4 6.40e-01    -  1.00e+00 1.00e+00h  1
 268  7.0493348e+00 1.63e-02 7.28e+01  -2.1 8.41e-01    -  1.00e+00 1.00e+00h  1
 269  7.1355995e+00 5.92e-03 6.51e+01  -2.2 4.49e-01    -  1.00e+00 1.00e+00h  1
iter    objective    inf_pr   inf_du lg(mu)  ||d||  lg(rg) alpha_du alpha_pr  ls
 270  7.0920507e+00 3.77e-03 2.97e+01  -2.2 4.62e-01    -  1.00e+00 1.00e+00h  1
 271  7.0979924e+00 1.84e-03 3.13e+02  -2.6 3.40e-01    -  1.00e+00 5.47e-01h  1
 272  7.1052987e+00 1.26e-03 4.23e+02  -2.9 3.09e-01    -  1.00e+00 3.78e-01h  2
 273  6.9392757e+00 9.25e-03 8.55e+01  -2.6 8.68e-01    -  1.00e+00 9.03e-01h  1
 274  6.6420913e+00 1.66e-02 1.46e+02  -2.7 1.04e+00    -  1.00e+00 1.00e+00h  1
 275  6.4996364e+00 1.59e-02 1.19e+02  -2.7 1.32e+00    -  8.71e-01 5.11e-01h  1
 276  6.4444538e+00 1.06e-02 6.41e+01  -2.7 6.77e-01    -  1.00e+00 7.64e-01h  1
 277  6.5002429e+00 3.70e-03 2.87e+01  -2.7 5.11e-01    -  8.00e-01 1.00e+00h  1
 278  6.4726027e+00 4.66e-03 5.05e+01  -2.7 8.37e-01    -  1.00e+00 6.33e-01h  1
 279  6.4407229e+00 3.20e-03 1.88e+01  -2.8 3.77e-01    -  1.00e+00 1.00e+00h  1
iter    objective    inf_pr   inf_du lg(mu)  ||d||  lg(rg) alpha_du alpha_pr  ls
 280  6.5080320e+00 2.26e-03 4.32e+02  -2.6 8.13e-01    -  9.60e-01 2.50e-01h  3
 281  6.4074518e+00 2.89e-02 1.72e+02  -2.9 1.18e+00    -  1.00e+00 1.00e+00h  1
 282  6.2469645e+00 1.62e-02 8.02e+01  -3.0 6.18e-01    -  8.94e-01 1.00e+00h  1
 283  6.2265458e+00 1.05e-02 8.93e+01  -3.0 5.73e-01    -  8.18e-01 3.97e-01h  1
 284  6.1292693e+00 1.15e-02 4.46e+01  -3.4 6.79e-01    -  1.00e+00 1.00e+00h  1
 285  6.2461279e+00 8.00e-03 1.11e+02  -2.9 7.89e-01    -  1.00e+00 5.00e-01h  2
 286  6.2134647e+00 7.43e-03 7.05e+01  -3.0 1.25e+00    -  7.28e-01 2.88e-01h  1
 287  6.4421719e+00 1.21e-02 1.28e+01  -2.6 7.35e-01    -  1.00e+00 1.00e+00f  1
 288  6.4093870e+00 1.47e-02 8.53e+01  -2.7 6.36e-01    -  5.05e-01 1.00e+00h  1
 289  6.3691687e+00 4.60e-03 1.54e+01  -2.7 3.85e-01    -  1.00e+00 1.00e+00h  1
iter    objective    inf_pr   inf_du lg(mu)  ||d||  lg(rg) alpha_du alpha_pr  ls
 290  6.2433005e+00 5.47e-03 3.70e+01  -3.1 6.05e-01    -  1.00e+00 8.41e-01h  1
 291  6.2998962e+00 4.25e-03 1.79e+02  -2.8 7.88e-01    -  1.00e+00 2.50e-01h  3
 292  6.1770850e+00 2.37e-02 1.61e+02  -3.1 1.11e+00    -  1.00e+00 1.00e+00h  1
 293  6.0016917e+00 1.46e-02 1.16e+02  -3.2 7.91e-01    -  8.97e-01 8.97e-01h  1
 294  6.0837529e+00 5.14e-03 2.76e+01  -2.9 8.14e-01    -  1.00e+00 7.06e-01f  1
 295  6.4473266e+00 2.15e-02 6.92e+01  -2.5 1.39e+00    -  6.09e-01 1.00e+00h  1
 296  6.1783738e+00 5.00e-02 6.85e+01  -2.7 1.26e+00    -  7.51e-01 1.00e+00h  1
 297  6.0394647e+00 8.51e-03 7.64e+01  -2.7 8.61e-01    -  1.00e+00 1.00e+00h  1
 298  6.0728805e+00 5.64e-03 4.38e+01  -2.7 5.29e-01    -  6.80e-01 4.91e-01h  1
 299  6.0264887e+00 2.86e-03 3.64e+01  -3.9 6.51e-01    -  6.11e-01 4.85e-01h  1
iter    objective    inf_pr   inf_du lg(mu)  ||d||  lg(rg) alpha_du alpha_pr  ls
 300  6.0650682e+00 2.30e-03 4.80e+01  -3.2 6.57e-01    -  8.80e-01 7.11e-01H  1
 301  6.0147699e+00 2.67e-03 8.60e+01  -3.4 6.47e-01    -  9.97e-01 4.67e-01h  1
 302  5.9614338e+00 4.62e-03 1.48e+02  -4.0 1.52e+00    -  6.59e-01 2.55e-01h  1
 303  5.9286449e+00 5.48e-03 1.25e+02  -3.4 1.16e+00    -  2.75e-01 2.49e-01h  1
 304  5.9628884e+00 5.89e-03 1.25e+02  -2.9 1.22e+00    -  2.99e-01 3.31e-01h  1
 305  5.9217172e+00 1.01e-02 1.54e+02  -3.3 1.15e+00    -  1.64e-01 4.47e-01h  1
 306  5.8789935e+00 9.02e-03 1.68e+02  -3.3 9.91e-01    -  6.84e-01 3.46e-01h  1
 307  5.8629286e+00 1.37e-02 1.22e+02  -3.0 8.71e-01    -  4.96e-01 5.26e-01h  1
 308  5.9666276e+00 1.03e-02 8.19e+01  -2.9 6.38e-01    -  1.00e+00 1.00e+00h  1
 309  5.9300366e+00 2.64e-03 3.02e+01  -3.0 4.09e-01    -  1.00e+00 1.00e+00h  1
iter    objective    inf_pr   inf_du lg(mu)  ||d||  lg(rg) alpha_du alpha_pr  ls
 310  6.0675164e+00 6.90e-03 4.73e+01  -2.7 5.29e-01    -  1.00e+00 1.00e+00h  1
 311  6.0070518e+00 4.38e-03 3.95e+01  -2.8 3.93e-01    -  1.00e+00 1.00e+00h  1
 312  5.9850139e+00 2.46e-03 7.44e+01  -2.8 3.86e-01    -  1.00e+00 5.98e-01h  1
 313  6.0034078e+00 5.52e-03 5.26e+01  -2.8 3.73e-01    -  8.73e-01 1.00e+00h  1
 314  5.9915792e+00 2.18e-03 1.32e+01  -2.8 2.73e-01    -  1.00e+00 1.00e+00h  1
 315  5.9483714e+00 2.08e-03 4.24e+01  -3.2 2.74e-01    -  1.00e+00 8.10e-01h  1
 316  6.0663635e+00 3.52e-03 4.43e+01  -2.7 4.66e-01    -  1.00e+00 8.73e-01h  1
 317  6.0194833e+00 1.08e-02 7.14e+01  -2.8 6.10e-01    -  1.00e+00 1.00e+00h  1
 318  5.9313725e+00 4.31e-03 3.62e+01  -2.8 3.72e-01    -  1.00e+00 1.00e+00h  1
 319  5.9146364e+00 2.41e-03 3.66e+01  -2.9 3.26e-01    -  1.00e+00 6.98e-01h  1
iter    objective    inf_pr   inf_du lg(mu)  ||d||  lg(rg) alpha_du alpha_pr  ls
 320  6.1045167e+00 9.48e-03 3.10e+01  -2.7 6.54e-01    -  1.00e+00 1.00e+00h  1
 321  5.9708829e+00 2.53e-02 1.00e+02  -2.7 1.07e+00    -  1.00e+00 1.00e+00h  1
 322  5.9580665e+00 7.81e-03 2.49e+01  -2.7 6.89e-01    -  1.00e+00 1.00e+00h  1
 323  5.9350499e+00 3.89e-03 5.43e+00  -2.7 4.46e-01    -  1.00e+00 9.17e-01h  1
 324  5.9254142e+00 2.22e-03 2.37e+02  -3.1 3.09e-01    -  1.00e+00 4.62e-01h  1
 325  6.3326004e+00 5.28e-02 1.15e+02  -2.3 2.99e+00    -  5.01e-01 4.95e-01f  1
 326  6.1018648e+00 3.16e-02 7.62e+01  -2.6 2.54e+00    -  7.54e-01 5.07e-01h  1
 327  6.0818585e+00 2.50e-02 1.05e+02  -2.6 6.32e-01    -  1.00e+00 2.13e-01h  1
 328  6.0804582e+00 7.99e-03 5.97e+01  -2.6 5.57e-01    -  4.54e-01 8.99e-01h  1
 329  6.0751952e+00 9.60e-03 5.27e+01  -2.6 6.47e-01    -  6.01e-01 1.00e+00h  1
iter    objective    inf_pr   inf_du lg(mu)  ||d||  lg(rg) alpha_du alpha_pr  ls
 330  6.1105601e+00 3.33e-03 2.26e+01  -2.6 4.45e-01    -  9.34e-01 1.00e+00h  1
 331  6.1386751e+00 3.27e-03 2.56e+01  -2.6 3.29e-01    -  1.00e+00 1.00e+00h  1
 332  6.1633286e+00 2.65e-03 2.20e+01  -2.6 2.64e-01    -  1.00e+00 1.00e+00h  1
 333  6.1755416e+00 6.58e-04 2.44e+01  -2.6 1.69e-01    -  1.00e+00 1.00e+00h  1
 334  6.1778521e+00 7.87e-04 2.21e+01  -3.0 1.50e-01    -  1.00e+00 1.00e+00h  1
 335  6.1698314e+00 6.66e-04 1.43e+01  -2.7 1.54e-01    -  1.00e+00 1.00e+00h  1
 336  6.1514799e+00 3.38e-04 1.22e+01  -3.3 1.14e-01    -  1.00e+00 1.00e+00h  1
 337  6.0731645e+00 2.35e-03 1.44e+01  -4.0 3.12e-01    -  1.00e+00 9.75e-01h  1
 338  6.0140227e+00 2.72e-03 2.48e+01  -4.0 1.89e+00    -  1.55e-01 1.17e-01h  1
 339  5.9203596e+00 4.85e-03 8.54e+01  -4.0 2.42e+00    -  4.50e-01 1.51e-01h  1
iter    objective    inf_pr   inf_du lg(mu)  ||d||  lg(rg) alpha_du alpha_pr  ls
 340  5.8554722e+00 6.83e-03 8.90e+01  -4.0 3.54e+00    -  2.93e-01 7.73e-02h  1
 341  5.8102577e+00 6.08e-03 3.11e+02  -3.6 1.20e+00    -  1.00e+00 1.64e-01f  1
 342  5.7842749e+00 5.44e-03 2.25e+02  -3.3 3.58e-01    -  1.00e+00 5.32e-01h  1
 343  5.7578930e+00 2.42e-03 7.81e+01  -3.3 3.50e-01    -  9.71e-01 6.19e-01h  1
 344  5.7996238e+00 1.55e-03 5.76e+01  -3.1 3.32e-01    -  1.00e+00 4.66e-01h  1
 345  5.7545275e+00 1.85e-03 4.01e+01  -3.5 3.36e-01    -  1.00e+00 9.87e-01h  1
 346  5.7021490e+00 1.77e-03 3.49e+01  -3.8 2.61e-01    -  1.00e+00 9.49e-01h  1
 347  5.7208977e+00 8.34e-04 2.48e+01  -3.6 2.40e-01    -  8.92e-01 1.00e+00h  1
 348  5.7920380e+00 9.29e-04 2.83e+01  -3.3 2.04e-01    -  9.00e-01 1.00e+00H  1
 349  5.7824707e+00 7.41e-04 2.51e+02  -3.5 2.23e-01    -  1.00e+00 1.91e-01h  1
iter    objective    inf_pr   inf_du lg(mu)  ||d||  lg(rg) alpha_du alpha_pr  ls
 350  5.7423401e+00 1.25e-03 7.32e+01  -3.6 3.33e-01    -  1.00e+00 6.68e-01h  1
 351  5.6976621e+00 1.34e-03 3.79e+01  -3.7 3.73e-01    -  1.00e+00 1.00e+00h  1
 352  5.6978018e+00 6.82e-04 2.27e+01  -3.9 1.82e-01    -  1.00e+00 9.00e-01h  1
 353  5.6987654e+00 6.27e-04 1.35e+02  -4.0 9.71e-02    -  1.00e+00 8.21e-02h  1
 354  5.7077245e+00 1.66e-04 9.40e+00  -4.0 1.08e-01    -  1.00e+00 9.67e-01h  1
 355  5.7133127e+00 2.32e-04 1.13e+01  -4.0 8.42e-02    -  1.00e+00 8.18e-01h  1
 356  5.7153617e+00 3.48e-05 8.51e+00  -4.0 3.65e-02    -  1.00e+00 1.00e+00h  1
 357  5.7179888e+00 3.13e-05 5.08e+00  -4.0 2.45e-02    -  1.00e+00 1.00e+00h  1
 358  5.7202352e+00 3.11e-06 4.52e+00  -4.0 2.98e-02    -  1.00e+00 1.00e+00H  1
 359  5.7211202e+00 9.24e-06 1.08e+01  -4.0 5.84e-02    -  1.00e+00 1.00e+00H  1
iter    objective    inf_pr   inf_du lg(mu)  ||d||  lg(rg) alpha_du alpha_pr  ls
 360  5.7145169e+00 2.50e-04 5.84e+01  -4.1 1.92e-01    -  1.00e+00 5.18e-01h  1
 361  5.7076941e+00 2.36e-04 2.50e+01  -4.1 1.24e-01    -  1.00e+00 6.73e-01f  1
 362  5.6995952e+00 7.62e-04 2.24e+01  -4.1 1.42e-01    -  1.00e+00 8.72e-01f  1
 363  5.6974297e+00 2.73e-04 1.79e+01  -4.1 8.62e-02    -  1.00e+00 1.00e+00f  1
 364  5.6953106e+00 1.12e-03 2.56e+01  -4.0 1.78e-01    -  1.00e+00 9.34e-01h  1
 365  5.7034865e+00 1.39e-03 4.60e+01  -3.5 3.88e-01    -  9.31e-01 3.51e-01h  1
 366  5.7020920e+00 4.03e-03 7.49e+01  -3.6 3.38e-01    -  4.03e-01 9.96e-01h  1
 367  5.6927136e+00 3.27e-03 7.25e+01  -3.6 4.07e-01    -  8.31e-01 1.91e-01h  1
 368  5.7318485e+00 6.08e-03 7.04e+01  -3.1 4.94e-01    -  7.20e-01 1.00e+00f  1
 369  5.7177455e+00 1.43e-03 7.45e+01  -3.3 2.45e-01    -  5.75e-01 9.12e-01h  1
iter    objective    inf_pr   inf_du lg(mu)  ||d||  lg(rg) alpha_du alpha_pr  ls
 370  5.7147317e+00 1.04e-03 2.54e+02  -3.3 2.64e-01    -  1.00e+00 2.50e-01h  3
 371  5.7144454e+00 9.27e-04 3.54e+01  -3.3 3.64e-01    -  1.00e+00 1.08e-01h  4
 372  5.6956531e+00 1.04e-02 5.61e+01  -3.3 8.69e-01    -  9.62e-01 6.58e-01h  1
 373  5.6882101e+00 6.35e-03 8.79e+01  -3.3 5.30e-01    -  5.11e-01 7.77e-01h  1
 374  5.8434674e+00 2.51e-02 1.35e+02  -2.4 2.40e+00    -  5.09e-01 3.67e-01f  1
 375  5.8361897e+00 8.48e-03 6.60e+01  -2.7 4.90e-01    -  6.33e-01 9.88e-01h  1
 376  5.8276079e+00 5.15e-03 3.96e+01  -2.7 4.19e-01    -  5.23e-01 4.21e-01h  1
 377  5.8371119e+00 3.98e-03 2.39e+01  -2.7 3.64e-01    -  9.31e-01 7.96e-01h  1
 378  5.8486537e+00 3.12e-03 2.86e+02  -2.7 4.58e-01    -  1.00e+00 3.75e-01H  1
 379  5.8641061e+00 2.11e-03 1.46e+02  -2.7 3.65e-01    -  6.19e-01 1.00e+00h  1
iter    objective    inf_pr   inf_du lg(mu)  ||d||  lg(rg) alpha_du alpha_pr  ls
 380  5.8669109e+00 1.34e-03 3.92e+01  -2.7 2.47e-01    -  7.34e-01 1.00e+00h  1
 381  5.8727604e+00 1.04e-03 4.24e+02  -2.7 2.26e-01    -  1.00e+00 2.50e-01h  3
 382  5.8811489e+00 7.90e-04 9.44e+01  -2.7 3.60e-01    -  1.00e+00 2.50e-01h  3
 383  5.8875063e+00 6.48e-04 1.36e+02  -2.7 2.96e-01    -  1.00e+00 1.94e-01h  3
 384  5.8927526e+00 5.58e-04 1.76e+02  -2.7 2.74e-01    -  1.00e+00 1.25e-01h  4
 385  5.9005517e+00 5.10e-04 2.87e+02  -2.7 4.82e-01    -  1.00e+00 1.25e-01h  4
 386  5.9034921e+00 5.00e-04 1.99e+02  -2.7 4.84e-01    -  1.00e+00 6.25e-02h  5
 387  5.9041301e+00 4.95e-04 7.07e+01  -2.7 1.22e+00    -  1.00e+00 1.56e-02h  7
 388  5.9043622e+00 4.89e-04 8.39e+01  -2.7 2.34e+00    -  4.15e-01 7.81e-03h  8
 389  5.9048513e+00 4.68e-04 1.14e+02  -2.7 2.02e+00    -  8.62e-01 1.56e-02h  7
iter    objective    inf_pr   inf_du lg(mu)  ||d||  lg(rg) alpha_du alpha_pr  ls
 390  5.9049453e+00 4.60e-04 1.16e+02  -2.7 2.92e+00    -  5.85e-01 7.19e-03h  8
 391  5.9513558e+00 1.02e-01 2.48e+02  -2.7 2.47e+00    -  4.43e-01 8.33e-01h  1
 392  5.8147979e+00 8.53e-02 3.31e+02  -2.7 2.16e+00    -  1.00e+00 9.23e-01h  1
 393  5.8396832e+00 2.82e-02 1.11e+02  -2.7 9.49e-01    -  1.00e+00 1.00e+00h  1
 394  5.8187250e+00 7.02e-03 1.82e+01  -2.7 6.09e-01    -  1.00e+00 1.00e+00h  1
 395  5.7624877e+00 9.89e-03 3.48e+01  -2.7 6.01e-01    -  1.00e+00 1.00e+00h  1
 396  5.7819629e+00 6.13e-03 8.15e+01  -2.7 5.45e-01    -  1.00e+00 5.72e-01h  1
 397  5.8211193e+00 4.17e-03 1.73e+02  -2.7 5.65e-01    -  1.00e+00 5.00e-01h  2
 398  5.8823174e+00 5.45e-03 4.38e+01  -2.7 3.83e-01    -  1.00e+00 1.00e+00h  1
 399  5.8797330e+00 2.02e-03 2.66e+01  -2.7 2.91e-01    -  1.00e+00 7.12e-01h  1
iter    objective    inf_pr   inf_du lg(mu)  ||d||  lg(rg) alpha_du alpha_pr  ls
 400  5.9129683e+00 1.40e-03 2.16e+01  -2.7 2.78e-01    -  1.00e+00 1.00e+00h  1
 401  5.9254929e+00 5.82e-04 1.84e+01  -2.7 1.43e-01    -  1.00e+00 1.00e+00h  1
 402  5.9330497e+00 1.40e-04 9.42e+00  -2.7 9.38e-02    -  1.00e+00 1.00e+00h  1
 403  5.9353723e+00 1.56e-04 6.04e+00  -2.7 5.00e-02    -  1.00e+00 1.00e+00h  1
 404  5.9407623e+00 3.47e-05 8.28e+00  -2.7 5.79e-02    -  1.00e+00 1.00e+00H  1
 405  5.9418595e+00 6.76e-05 6.40e+00  -2.7 5.14e-02    -  1.00e+00 1.00e+00h  1
 406  5.9381661e+00 4.14e-05 4.50e+00  -2.7 3.42e-02    -  1.00e+00 1.00e+00h  1
 407  5.9375892e+00 7.59e-05 3.36e+00  -2.7 2.94e-02    -  1.00e+00 1.00e+00h  1
 408  5.9383929e+00 1.57e-06 7.54e+00  -2.7 4.00e-02    -  1.00e+00 1.00e+00H  1
 409  5.8871489e+00 1.55e-03 2.34e+01  -3.5 2.10e-01    -  1.00e+00 1.00e+00f  1
iter    objective    inf_pr   inf_du lg(mu)  ||d||  lg(rg) alpha_du alpha_pr  ls
 410  5.7572539e+00 5.92e-03 9.84e+01  -3.6 1.76e+00    -  4.63e-01 2.61e-01h  1
 411  5.6665289e+00 6.70e-03 2.22e+02  -3.6 1.09e+00    -  7.64e-01 3.89e-01h  1
 412  5.8186216e+00 1.02e-02 6.74e+01  -2.7 1.14e+00    -  9.49e-01 5.46e-01f  1
 413  5.7569531e+00 1.96e-02 7.49e+01  -2.8 8.86e-01    -  9.90e-01 8.61e-01h  1
 414  5.7326626e+00 1.15e-02 1.25e+02  -2.8 4.73e-01    -  1.00e+00 5.02e-01h  1
 415  5.7593600e+00 4.70e-03 2.70e+01  -2.8 4.11e-01    -  1.00e+00 1.00e+00h  1
 416  5.7725118e+00 3.17e-03 6.23e+01  -2.8 2.99e-01    -  6.08e-01 1.00e+00h  1
 417  5.7803206e+00 1.46e-03 1.98e+01  -2.8 2.09e-01    -  1.00e+00 1.00e+00h  1
 418  5.7881795e+00 8.47e-04 1.11e+01  -2.8 1.59e-01    -  1.00e+00 1.00e+00h  1
 419  5.8133690e+00 3.84e-04 1.86e+01  -2.8 1.32e-01    -  1.00e+00 1.00e+00h  1
iter    objective    inf_pr   inf_du lg(mu)  ||d||  lg(rg) alpha_du alpha_pr  ls
 420  5.8201888e+00 2.09e-04 2.05e+02  -2.8 1.55e-01    -  1.00e+00 5.00e-01h  2
 421  5.8250986e+00 8.70e-05 6.18e+00  -2.8 6.13e-02    -  1.00e+00 1.00e+00h  1
 422  5.8312650e+00 4.15e-05 2.87e+00  -2.8 2.67e-02    -  1.00e+00 1.00e+00h  1
 423  5.8366153e+00 8.70e-06 9.26e+00  -2.8 5.68e-02    -  1.00e+00 1.00e+00H  1
 424  5.8518582e+00 2.66e-06 3.06e+01  -2.8 1.33e-01    -  1.00e+00 1.00e+00H  1
 425  5.7738077e+00 1.92e-03 1.92e+01  -3.4 2.57e-01    -  1.00e+00 1.00e+00f  1
 426  5.6996689e+00 2.09e-03 3.62e+02  -3.5 8.36e-01    -  8.90e-01 2.97e-01h  1
 427  5.6850487e+00 1.54e-03 2.28e+02  -3.5 2.49e-01    -  1.00e+00 2.70e-01h  1
 428  5.6434479e+00 1.05e-03 1.20e+02  -3.7 4.50e-01    -  1.00e+00 4.46e-01h  1
 429  5.6378797e+00 1.01e-03 3.29e+02  -4.0 5.67e-01    -  1.00e+00 3.92e-02h  1
iter    objective    inf_pr   inf_du lg(mu)  ||d||  lg(rg) alpha_du alpha_pr  ls
 430  5.5580504e+00 6.18e-03 6.78e+01  -4.0 8.06e-01    -  1.00e+00 5.26e-01h  1
 431  5.5548764e+00 3.14e-03 4.93e+01  -3.4 3.83e-01    -  1.00e+00 6.02e-01h  1
 432  5.5496201e+00 1.66e-03 5.00e+01  -3.8 1.69e-01    -  1.00e+00 4.87e-01h  1
 433  5.5962809e+00 8.10e-04 9.85e+00  -3.4 1.56e-01    -  1.00e+00 1.00e+00h  1
 434  5.5719780e+00 1.21e-03 1.08e+02  -3.7 3.07e-01    -  1.00e+00 6.23e-01h  1
 435  5.5341105e+00 2.17e-03 5.21e+01  -4.0 3.38e-01    -  1.00e+00 7.90e-01h  1
 436  5.5522775e+00 1.63e-03 2.97e+01  -3.5 2.48e-01    -  1.00e+00 1.00e+00h  1
 437  5.5444031e+00 1.12e-03 1.04e+02  -3.8 1.76e-01    -  1.00e+00 3.16e-01h  1
 438  5.6108417e+00 1.42e-03 3.89e+01  -3.3 2.65e-01    -  1.00e+00 1.00e+00h  1
 439  5.5850405e+00 1.27e-03 2.69e+01  -3.4 2.09e-01    -  1.00e+00 1.00e+00h  1
iter    objective    inf_pr   inf_du lg(mu)  ||d||  lg(rg) alpha_du alpha_pr  ls
 440  5.5531722e+00 7.04e-03 3.99e+01  -3.4 4.12e-01    -  1.00e+00 1.00e+00h  1
 441  5.5586497e+00 1.54e-03 1.04e+01  -3.4 2.28e-01    -  1.00e+00 1.00e+00h  1
 442  5.5279847e+00 1.10e-03 6.36e+01  -4.0 2.65e-01    -  1.00e+00 5.26e-01h  1
 443  5.5019376e+00 9.72e-04 4.14e+01  -4.0 2.61e-01    -  1.00e+00 4.93e-01h  1
 444  5.4903934e+00 5.26e-04 6.51e+01  -4.0 2.35e-01    -  1.00e+00 4.38e-01h  1
 445  5.4937247e+00 4.01e-04 3.86e+02  -4.0 1.33e-01    -  1.00e+00 2.51e-01h  1
 446  5.5196704e+00 5.64e-04 6.11e+01  -4.0 1.43e-01    -  7.63e-01 1.00e+00H  1
 447  5.5057412e+00 3.78e-04 1.08e+01  -4.0 9.32e-02    -  1.00e+00 1.00e+00h  1
 448  5.5058530e+00 1.34e-04 1.00e+01  -4.0 6.95e-02    -  1.00e+00 1.00e+00h  1
 449  5.5578705e+00 6.89e-04 2.62e+01  -3.4 1.85e-01    -  1.00e+00 1.00e+00f  1
iter    objective    inf_pr   inf_du lg(mu)  ||d||  lg(rg) alpha_du alpha_pr  ls
 450  5.5600197e+00 2.58e-04 2.28e+01  -3.5 1.06e-01    -  1.00e+00 1.00e+00h  1
 451  5.5477640e+00 2.05e-04 6.16e+01  -3.5 2.13e-01    -  1.00e+00 5.30e-01h  1
 452  5.5500771e+00 1.55e-04 8.76e+01  -3.5 7.65e-02    -  1.00e+00 2.50e-01h  3
 453  5.5521085e+00 1.30e-04 1.04e+01  -3.5 8.51e-02    -  1.00e+00 1.00e+00h  1
 454  5.5590986e+00 7.03e-05 1.07e+01  -3.5 4.44e-02    -  1.00e+00 1.00e+00h  1
 455  5.5601220e+00 2.05e-05 5.45e+00  -3.5 2.93e-02    -  1.00e+00 1.00e+00h  1
 456  5.5511690e+00 7.87e-05 7.49e+00  -4.0 4.92e-02    -  1.00e+00 1.00e+00h  1
 457  5.5192202e+00 6.30e-04 2.39e+01  -4.1 2.30e-01    -  1.00e+00 6.27e-01h  1
 458  5.5086822e+00 4.74e-04 5.35e+01  -4.1 1.73e-01    -  1.00e+00 3.86e-01h  1
 459  5.5031829e+00 1.75e-04 2.51e+01  -4.1 8.67e-02    -  6.66e-01 7.10e-01h  1
iter    objective    inf_pr   inf_du lg(mu)  ||d||  lg(rg) alpha_du alpha_pr  ls
 460  5.4994470e+00 4.57e-04 1.37e+01  -4.0 1.22e-01    -  1.00e+00 9.80e-01f  1
 461  5.4994016e+00 1.56e-04 2.42e+00  -4.0 7.50e-02    -  1.00e+00 1.00e+00h  1
 462  5.5025078e+00 9.73e-06 2.11e+00  -4.0 2.17e-02    -  1.00e+00 1.00e+00h  1
 463  5.5077026e+00 3.95e-06 3.29e+00  -4.0 2.12e-02    -  1.00e+00 1.00e+00H  1
 464  5.5082669e+00 2.64e-06 1.94e+01  -4.0 8.39e-02    -  1.00e+00 1.00e+00H  1
 465  5.4983145e+00 2.09e-03 7.74e+01  -4.0 5.99e-01    -  1.00e+00 3.44e-01h  1
 466  5.4761636e+00 8.16e-03 1.70e+02  -4.1 1.13e+00    -  1.78e-01 3.81e-01h  1
 467  5.4721775e+00 8.10e-03 1.84e+02  -4.0 2.44e+00    -  1.85e-01 2.59e-02h  1
 468  5.4208284e+00 1.48e-02 3.05e+02  -3.7 7.78e+00    -  4.87e-02 6.34e-02h  1
 469  5.4154777e+00 1.55e-02 3.37e+02  -3.2 2.44e+00    -  3.41e-01 9.09e-02h  1
iter    objective    inf_pr   inf_du lg(mu)  ||d||  lg(rg) alpha_du alpha_pr  ls
 470  5.4162423e+00 7.23e-03 2.03e+02  -4.0 2.55e-01    -  1.46e-01 5.49e-01h  1
 471  5.4200406e+00 4.84e-03 9.14e+01  -3.8 3.56e-01    -  9.77e-01 8.86e-01h  1
 472  5.4163942e+00 4.44e-03 9.09e+01  -4.0 6.07e-01    -  3.12e-01 1.09e-01h  1
 473  5.4127568e+00 3.73e-03 1.92e+02  -3.8 3.55e-01    -  1.00e+00 1.68e-01h  1
 474  5.4715212e+00 5.07e-03 5.95e+01  -3.2 2.62e-01    -  1.00e+00 1.00e+00h  1
 475  5.4815054e+00 1.00e-03 3.06e+01  -3.3 1.60e-01    -  1.00e+00 1.00e+00h  1
 476  5.4436572e+00 9.21e-04 1.05e+01  -3.6 1.76e-01    -  1.00e+00 1.00e+00h  1
 477  5.4927728e+00 1.85e-03 4.80e+01  -3.1 2.99e-01    -  1.00e+00 6.10e-01h  1
 478  5.5080863e+00 7.77e-04 6.36e+01  -3.2 1.70e-01    -  1.00e+00 1.00e+00h  1
 479  5.4997488e+00 3.36e-04 2.26e+01  -3.2 1.19e-01    -  1.00e+00 1.00e+00h  1
iter    objective    inf_pr   inf_du lg(mu)  ||d||  lg(rg) alpha_du alpha_pr  ls
 480  5.5095298e+00 1.69e-04 8.54e+00  -3.2 6.34e-02    -  1.00e+00 1.00e+00h  1
 481  5.5281639e+00 5.58e-05 2.19e+01  -3.2 7.45e-02    -  8.51e-01 1.00e+00H  1
 482  5.5332457e+00 4.64e-05 2.72e+01  -3.2 8.54e-02    -  1.00e+00 1.00e+00H  1
 483  5.5319441e+00 1.67e-04 1.32e+01  -3.2 7.35e-02    -  1.00e+00 1.00e+00h  1
 484  5.5301529e+00 6.40e-05 5.74e+00  -3.2 5.04e-02    -  1.00e+00 1.00e+00h  1
 485  5.5314369e+00 1.08e-05 2.37e+00  -3.2 2.53e-02    -  1.00e+00 1.00e+00h  1
 486  5.5334756e+00 2.60e-06 5.52e+00  -3.2 2.26e-02    -  1.00e+00 1.00e+00H  1
 487  5.5343432e+00 3.49e-07 8.19e+00  -3.2 3.83e-02    -  1.00e+00 1.00e+00H  1
 488  5.4963776e+00 2.76e-04 1.81e+01  -3.9 1.28e-01    -  1.00e+00 1.00e+00f  1
 489  5.4651840e+00 5.00e-04 1.11e+02  -4.0 5.45e-01    -  1.00e+00 2.29e-01h  1
iter    objective    inf_pr   inf_du lg(mu)  ||d||  lg(rg) alpha_du alpha_pr  ls
 490  5.4813432e+00 2.08e-03 5.71e+01  -3.4 3.07e-01    -  1.00e+00 1.00e+00f  1
 491  5.4550084e+00 9.04e-04 6.61e+01  -3.5 1.76e-01    -  1.00e+00 6.93e-01h  1
 492  5.4559096e+00 6.79e-04 1.05e+02  -3.5 1.82e-01    -  1.00e+00 2.87e-01h  2
 493  5.4237952e+00 1.58e-03 1.95e+01  -3.8 2.52e-01    -  1.00e+00 8.51e-01h  1
 494  5.4092684e+00 9.24e-04 2.29e+01  -4.0 1.71e-01    -  5.40e-01 4.85e-01h  1
 495  5.4072574e+00 3.16e-04 2.78e+01  -4.0 9.90e-02    -  1.00e+00 9.24e-01h  1
 496  5.4156018e+00 4.13e-04 1.63e+01  -4.0 1.05e-01    -  1.00e+00 1.00e+00h  1
 497  5.4093793e+00 1.82e-04 4.38e+00  -4.0 8.01e-02    -  1.00e+00 1.00e+00h  1
 498  5.4136463e+00 1.11e-05 4.36e+00  -4.0 2.61e-02    -  1.00e+00 1.00e+00h  1
 499  5.5575824e+00 7.29e-03 1.45e+02  -3.0 6.93e-01    -  3.30e-01 8.05e-01f  1
iter    objective    inf_pr   inf_du lg(mu)  ||d||  lg(rg) alpha_du alpha_pr  ls
 500  5.5166601e+00 4.63e-03 7.61e+01  -3.4 3.33e-01    -  5.03e-01 5.39e-01h  1
 501  5.4739855e+00 1.67e-03 5.83e+01  -3.4 1.91e-01    -  1.00e+00 7.13e-01h  1
 502  5.4463980e+00 1.65e-03 2.42e+01  -3.4 2.26e-01    -  1.00e+00 1.00e+00h  1
 503  5.4604657e+00 6.65e-04 9.33e+00  -3.4 1.53e-01    -  1.00e+00 1.00e+00h  1
 504  5.4717677e+00 1.99e-04 9.05e+00  -3.4 7.19e-02    -  1.00e+00 1.00e+00h  1
 505  5.4757718e+00 2.19e-04 2.00e+01  -3.4 9.19e-02    -  1.00e+00 1.00e+00h  1
 506  5.4719197e+00 8.85e-05 2.83e+00  -3.4 7.91e-02    -  1.00e+00 1.00e+00h  1
 507  5.4794076e+00 1.82e-05 3.38e+00  -3.4 3.31e-02    -  1.00e+00 1.00e+00h  1
 508  5.4831677e+00 1.76e-06 6.83e+00  -3.4 3.51e-02    -  1.00e+00 1.00e+00H  1
 509  5.4698903e+00 7.73e-05 1.04e+01  -3.6 5.72e-02    -  1.00e+00 1.00e+00h  1
iter    objective    inf_pr   inf_du lg(mu)  ||d||  lg(rg) alpha_du alpha_pr  ls
 510  5.4387934e+00 5.01e-04 2.38e+01  -3.7 1.71e-01    -  1.00e+00 1.00e+00h  1
 511  5.4359866e+00 2.16e-04 2.49e+01  -3.7 7.65e-02    -  1.00e+00 7.85e-01h  1
 512  5.4367874e+00 1.90e-04 2.43e+01  -3.7 5.25e-02    -  1.00e+00 1.25e-01f  4
 513  5.4407773e+00 4.12e-05 3.20e+00  -3.7 4.82e-02    -  1.00e+00 1.00e+00h  1
 514  5.4390306e+00 1.40e-05 4.51e+00  -3.7 2.28e-02    -  1.00e+00 1.00e+00h  1
 515  5.4396929e+00 1.58e-05 5.78e+00  -3.7 2.70e-02    -  1.00e+00 1.00e+00h  1
 516  5.4380069e+00 5.81e-06 7.94e+00  -3.7 3.03e-02    -  1.00e+00 1.00e+00H  1
 517  5.4306838e+00 7.17e-05 3.24e+01  -4.0 5.86e-02    -  1.00e+00 6.41e-01h  1
 518  5.4065924e+00 8.97e-04 3.69e+01  -4.1 2.96e-01    -  6.79e-01 5.87e-01h  1
 519  5.4229091e+00 1.01e-03 8.39e+00  -3.7 1.61e-01    -  1.00e+00 1.00e+00f  1
iter    objective    inf_pr   inf_du lg(mu)  ||d||  lg(rg) alpha_du alpha_pr  ls
 520  5.4211471e+00 2.50e-04 1.28e+01  -3.8 1.01e-01    -  1.00e+00 8.03e-01h  1
 521  5.4188917e+00 1.13e-04 1.64e+01  -3.8 7.27e-02    -  1.00e+00 1.00e+00h  1
 522  5.4216886e+00 8.78e-05 7.87e+00  -3.8 6.16e-02    -  1.00e+00 1.00e+00h  1
 523  5.4205042e+00 3.81e-05 5.05e+00  -3.8 6.24e-02    -  1.00e+00 1.00e+00h  1
 524  5.4216801e+00 1.02e-05 2.19e+00  -3.8 2.66e-02    -  1.00e+00 1.00e+00h  1
 525  5.4155051e+00 1.49e-06 9.96e+00  -4.0 5.32e-02    -  1.00e+00 1.00e+00H  1
 526  5.4090102e+00 2.64e-04 2.09e+01  -4.0 7.86e-02    -  1.00e+00 1.00e+00h  1
 527  5.4069669e+00 9.69e-05 1.67e+01  -4.0 6.36e-02    -  1.00e+00 1.00e+00h  1
 528  5.4081301e+00 3.84e-05 4.56e+00  -4.0 4.56e-02    -  1.00e+00 1.00e+00h  1
 529  5.4084098e+00 3.04e-05 2.74e+00  -4.0 3.40e-02    -  1.00e+00 9.83e-01h  1
iter    objective    inf_pr   inf_du lg(mu)  ||d||  lg(rg) alpha_du alpha_pr  ls
 530  5.4075527e+00 9.46e-04 2.64e+01  -4.0 1.23e-01    -  1.00e+00 1.00e+00h  1
 531  5.3971830e+00 7.91e-04 4.59e+01  -4.1 1.80e-01    -  1.00e+00 8.89e-01h  1
 532  5.3932413e+00 4.31e-04 4.72e+01  -4.0 1.07e-01    -  7.56e-01 5.38e-01f  1
 533  5.3938049e+00 4.05e-04 1.20e+02  -3.8 2.16e-01    -  8.99e-01 6.59e-02h  1
 534  5.4309031e+00 7.57e-04 2.61e+01  -3.4 1.85e-01    -  1.00e+00 1.00e+00h  1
 535  5.4359070e+00 2.94e-04 2.04e+01  -3.5 1.37e-01    -  1.00e+00 1.00e+00h  1
 536  5.4269954e+00 5.63e-04 2.09e+01  -3.5 1.24e-01    -  7.81e-01 9.15e-01h  1
 537  5.4299689e+00 1.36e-04 6.12e+00  -3.5 7.59e-02    -  1.00e+00 1.00e+00f  1
 538  5.4390911e+00 6.00e-05 9.06e+00  -3.5 5.55e-02    -  9.59e-01 1.00e+00h  1
 539  5.4411519e+00 3.38e-05 1.07e+01  -3.5 5.45e-02    -  1.00e+00 1.00e+00H  1
iter    objective    inf_pr   inf_du lg(mu)  ||d||  lg(rg) alpha_du alpha_pr  ls
 540  5.4447762e+00 1.08e-05 9.18e+00  -3.5 4.56e-02    -  1.00e+00 1.00e+00H  1
 541  5.4456658e+00 2.67e-05 3.06e+00  -3.5 2.93e-02    -  1.00e+00 1.00e+00h  1
 542  5.4457674e+00 5.41e-05 1.16e+01  -3.5 5.08e-02    -  1.00e+00 1.00e+00h  1
 543  5.4458469e+00 3.21e-05 1.21e+00  -3.5 3.94e-02    -  1.00e+00 1.00e+00h  1
 544  5.4464383e+00 5.92e-07 7.89e-01  -3.5 4.38e-03    -  1.00e+00 1.00e+00h  1
 545  5.4323551e+00 1.06e-04 1.01e+01  -4.0 6.05e-02    -  1.00e+00 1.00e+00h  1
 546  5.4001276e+00 4.13e-04 2.61e+01  -4.1 1.78e-01    -  1.00e+00 7.13e-01h  1
 547  5.3861296e+00 4.10e-04 2.75e+01  -4.1 1.35e-01    -  1.00e+00 1.00e+00f  1
 548  5.3932312e+00 1.69e-04 1.96e+01  -4.0 8.46e-02    -  1.00e+00 6.02e-01h  1
 549  5.3987809e+00 6.12e-05 6.93e+00  -4.0 5.55e-02    -  8.59e-01 7.42e-01h  1
iter    objective    inf_pr   inf_du lg(mu)  ||d||  lg(rg) alpha_du alpha_pr  ls
 550  5.4077471e+00 4.08e-05 3.45e+01  -3.8 6.78e-02    -  1.00e+00 4.32e-01h  1
 551  5.4056779e+00 5.44e-05 7.45e+00  -4.0 8.24e-02    -  1.00e+00 5.00e-01h  2
 552  5.4022540e+00 5.27e-05 2.72e+00  -4.0 3.89e-02    -  1.00e+00 1.00e+00h  1
 553  5.4043032e+00 2.18e-06 1.70e+00  -4.0 1.15e-02    -  1.00e+00 1.00e+00h  1
 554  5.4053168e+00 1.58e-06 5.33e+00  -4.0 3.19e-02    -  1.00e+00 1.00e+00H  1
 555  5.4014445e+00 4.43e-04 3.34e+01  -4.0 1.46e-01    -  8.51e-01 8.11e-01h  1
 556  5.3895626e+00 2.26e-04 1.84e+01  -4.1 1.08e-01    -  1.00e+00 9.76e-01h  1
 557  5.4226196e+00 6.70e-04 3.49e+01  -3.6 1.52e-01    -  6.36e-01 1.00e+00f  1
 558  5.4126148e+00 1.55e-04 1.33e+01  -3.8 8.15e-02    -  1.00e+00 1.00e+00h  1
 559  5.4058561e+00 1.04e-04 6.54e+00  -3.8 8.14e-02    -  1.00e+00 1.00e+00h  1
iter    objective    inf_pr   inf_du lg(mu)  ||d||  lg(rg) alpha_du alpha_pr  ls
 560  5.4033288e+00 3.08e-04 1.65e+01  -3.8 9.54e-02    -  1.00e+00 1.00e+00h  1
 561  5.4059297e+00 1.19e-04 1.27e+00  -3.8 6.12e-02    -  1.00e+00 1.00e+00h  1
 562  5.4105610e+00 1.89e-05 6.71e+00  -3.8 2.84e-02    -  1.00e+00 1.00e+00h  1
 563  5.4129243e+00 1.43e-05 2.78e+00  -3.8 1.32e-02    -  1.00e+00 1.00e+00h  1
 564  5.4138092e+00 5.79e-06 3.85e+00  -3.8 1.37e-02    -  1.00e+00 1.00e+00h  1
 565  5.4149760e+00 2.16e-06 2.66e+00  -3.8 2.00e-02    -  1.00e+00 1.00e+00H  1
 566  5.4148486e+00 1.74e-06 6.58e+00  -3.8 2.69e-02    -  1.00e+00 1.00e+00H  1
 567  5.4148967e+00 7.35e-07 1.07e+01  -3.8 3.40e-02    -  1.00e+00 1.00e+00H  1
 568  5.4059594e+00 4.58e-05 8.10e+00  -4.0 4.69e-02    -  1.00e+00 1.00e+00h  1
 569  5.3924830e+00 1.10e-04 1.35e+01  -4.1 5.74e-02    -  1.00e+00 1.00e+00h  1
iter    objective    inf_pr   inf_du lg(mu)  ||d||  lg(rg) alpha_du alpha_pr  ls
 570  5.4069680e+00 8.03e-05 5.26e+00  -3.8 6.09e-02    -  1.00e+00 1.00e+00h  1
 571  5.4053169e+00 8.67e-05 2.35e+01  -3.9 8.24e-02    -  1.00e+00 6.41e-01h  1
 572  5.4012833e+00 4.26e-05 1.38e+00  -3.9 3.81e-02    -  1.00e+00 1.00e+00f  1
 573  5.4003336e+00 3.76e-06 1.43e+00  -4.0 1.22e-02    -  1.00e+00 1.00e+00h  1
 574  5.4018605e+00 4.34e-07 1.07e+01  -4.0 5.73e-02    -  1.00e+00 1.00e+00H  1
 575  5.3992466e+00 2.15e-04 2.62e+01  -4.0 9.72e-02    -  1.00e+00 1.00e+00h  1
 576  5.3910090e+00 1.25e-04 1.92e+01  -4.1 8.36e-02    -  1.00e+00 9.69e-01h  1
 577  5.3956408e+00 1.29e-04 6.00e+00  -4.0 7.15e-02    -  1.00e+00 1.00e+00f  1
 578  5.3936655e+00 6.47e-05 8.02e+00  -4.1 7.30e-02    -  8.06e-01 7.13e-01h  1
 579  5.3943169e+00 4.27e-05 4.38e+01  -4.0 3.67e-02    -  1.00e+00 4.18e-01f  1
iter    objective    inf_pr   inf_du lg(mu)  ||d||  lg(rg) alpha_du alpha_pr  ls
 580  5.3964131e+00 1.79e-05 4.74e+00  -4.0 3.17e-02    -  1.00e+00 1.00e+00h  1
 581  5.4001461e+00 2.56e-05 8.30e+00  -4.0 5.79e-02    -  1.00e+00 1.00e+00H  1
 582  5.3975852e+00 4.27e-05 2.92e+00  -4.0 4.06e-02    -  1.00e+00 1.00e+00h  1
 583  5.3965409e+00 5.49e-06 2.15e+00  -4.1 1.43e-02    -  1.00e+00 1.00e+00h  1
 584  5.3972749e+00 1.95e-04 1.85e+01  -4.0 9.47e-02    -  1.00e+00 1.00e+00h  1
 585  5.3913496e+00 6.69e-05 1.71e+01  -4.1 5.41e-02    -  1.00e+00 1.00e+00h  1
 586  5.3955358e+00 6.93e-06 7.77e+00  -4.0 3.90e-02    -  1.00e+00 1.00e+00H  1
 587  5.3978318e+00 3.23e-07 6.06e+00  -4.0 4.38e-02    -  1.00e+00 1.00e+00H  1
 588  5.3970524e+00 4.52e-04 2.97e+01  -4.0 2.43e-01    -  1.00e+00 5.75e-01h  1
 589  5.3905013e+00 2.55e-04 4.04e+01  -4.1 1.15e-01    -  1.00e+00 1.00e+00h  1
iter    objective    inf_pr   inf_du lg(mu)  ||d||  lg(rg) alpha_du alpha_pr  ls
 590  5.3888421e+00 2.44e-04 2.01e+01  -4.1 1.89e-01    -  6.98e-01 4.38e-01h  1
 591  5.3863916e+00 2.06e-04 3.56e+01  -4.1 2.46e-01    -  4.41e-01 2.30e-01f  1
 592  5.3961312e+00 9.90e-05 1.03e+01  -3.8 7.94e-02    -  9.37e-01 9.04e-01f  1
 593  5.3953688e+00 3.49e-04 2.91e+01  -4.0 1.25e-01    -  9.49e-01 1.00e+00h  1
 594  5.3909192e+00 1.81e-04 5.68e+00  -4.0 8.57e-02    -  1.00e+00 1.00e+00h  1
 595  5.3898306e+00 6.70e-05 4.54e+01  -4.0 3.79e-02    -  1.00e+00 7.69e-01h  1
 596  5.3936187e+00 8.97e-06 2.94e+00  -4.0 1.92e-02    -  1.00e+00 1.00e+00h  1
 597  5.3978207e+00 3.37e-07 3.41e+00  -4.0 2.07e-02    -  1.00e+00 1.00e+00H  1
 598  5.3969429e+00 4.10e-06 2.48e+00  -4.0 1.27e-02    -  1.00e+00 1.00e+00h  1
 599  5.3971350e+00 8.45e-07 1.30e+00  -4.0 5.31e-03    -  1.00e+00 1.00e+00h  1
iter    objective    inf_pr   inf_du lg(mu)  ||d||  lg(rg) alpha_du alpha_pr  ls
 600  5.3978480e+00 6.51e-07 9.91e-01  -4.0 5.48e-03    -  1.00e+00 1.00e+00h  1
 601  5.3954821e+00 4.34e-06 2.35e+00  -4.1 1.04e-02    -  1.00e+00 1.00e+00h  1
 602  5.3972407e+00 4.68e-06 2.69e+00  -4.0 1.22e-02    -  1.00e+00 1.00e+00h  1
 603  5.3936315e+00 6.04e-06 1.84e+00  -4.1 1.45e-02    -  1.00e+00 1.00e+00h  1
 604  5.3931182e+00 4.28e-06 5.04e+00  -4.1 1.44e-02    -  1.00e+00 1.00e+00h  1
 605  5.3965463e+00 9.97e-06 7.91e-01  -4.0 1.40e-02    -  1.00e+00 1.00e+00h  1
 606  5.3931094e+00 9.94e-06 2.44e+00  -4.1 1.68e-02    -  1.00e+00 1.00e+00h  1
 607  5.3926687e+00 3.91e-06 1.61e+00  -4.1 1.09e-02    -  1.00e+00 1.00e+00h  1
 608  5.3962783e+00 7.73e-06 1.27e+00  -4.0 1.55e-02    -  1.00e+00 1.00e+00h  1
 609  5.3931457e+00 2.24e-07 3.28e+00  -4.1 1.51e-02    -  1.00e+00 1.00e+00H  1
iter    objective    inf_pr   inf_du lg(mu)  ||d||  lg(rg) alpha_du alpha_pr  ls
 610  5.3969982e+00 1.27e-05 3.07e+00  -4.0 1.76e-02    -  1.00e+00 1.00e+00h  1
 611  5.3930883e+00 1.70e-05 2.35e+00  -4.1 2.00e-02    -  1.00e+00 1.00e+00h  1
 612  5.3922821e+00 5.23e-06 1.41e+00  -4.1 1.33e-02    -  1.00e+00 1.00e+00h  1
 613  5.3967921e+00 1.22e-05 1.38e+00  -4.0 1.76e-02    -  1.00e+00 1.00e+00h  1
 614  5.3928588e+00 1.58e-05 5.89e+00  -4.1 2.42e-02    -  1.00e+00 1.00e+00h  1
 615  5.3922469e+00 9.12e-06 1.31e+00  -4.1 1.65e-02    -  1.00e+00 1.00e+00h  1
 616  5.3965733e+00 1.34e-05 2.02e+00  -4.0 1.92e-02    -  1.00e+00 1.00e+00h  1
 617  5.3928766e+00 1.44e-05 1.41e+00  -4.1 1.62e-02    -  1.00e+00 1.00e+00h  1
 618  5.3925747e+00 1.22e-05 3.90e+00  -4.1 2.44e-02    -  1.00e+00 1.00e+00h  1
 619  5.3926293e+00 8.02e-06 4.39e-01  -4.1 1.89e-02    -  1.00e+00 1.00e+00h  1
iter    objective    inf_pr   inf_du lg(mu)  ||d||  lg(rg) alpha_du alpha_pr  ls
 620  5.3926358e+00 1.51e-06 9.67e-01  -4.1 8.10e-03    -  1.00e+00 1.00e+00h  1
 621  5.3966447e+00 1.15e-05 1.74e+00  -4.0 1.61e-02    -  1.00e+00 1.00e+00h  1
 622  5.3930026e+00 1.86e-05 5.19e+00  -4.1 2.07e-02    -  1.00e+00 1.00e+00h  1
 623  5.3923594e+00 5.21e-06 1.95e+00  -4.1 1.72e-02    -  1.00e+00 1.00e+00h  1
 624  5.3966961e+00 1.41e-05 2.03e+00  -4.0 1.59e-02    -  1.00e+00 1.00e+00h  1
 625  5.3928814e+00 1.77e-05 2.73e+00  -4.1 2.32e-02    -  1.00e+00 1.00e+00h  1
 626  5.3922935e+00 9.89e-06 1.31e+00  -4.1 1.64e-02    -  1.00e+00 1.00e+00h  1
 627  5.3967428e+00 1.58e-05 1.77e+00  -4.0 1.81e-02    -  1.00e+00 1.00e+00h  1
 628  5.3928152e+00 4.53e-05 6.23e+00  -4.1 2.67e-02    -  1.00e+00 1.00e+00h  1
 629  5.3926388e+00 7.49e-06 4.20e+00  -4.1 1.44e-02    -  1.00e+00 1.00e+00h  1
iter    objective    inf_pr   inf_du lg(mu)  ||d||  lg(rg) alpha_du alpha_pr  ls
 630  5.3928716e+00 1.03e-07 1.34e+00  -4.1 1.58e-02    -  1.00e+00 1.00e+00H  1
 631  5.3971274e+00 1.15e-05 1.20e+00  -4.0 1.76e-02    -  1.00e+00 1.00e+00h  1
 632  5.3925824e+00 3.25e-05 2.73e+00  -4.1 2.34e-02    -  1.00e+00 1.00e+00h  1
 633  5.3927708e+00 7.44e-06 5.26e+00  -4.1 2.03e-02    -  1.00e+00 1.00e+00h  1
 634  5.3931325e+00 1.19e-07 1.85e+00  -4.1 1.32e-02    -  1.00e+00 1.00e+00H  1
 635  5.3925188e+00 2.86e-06 1.35e+00  -4.1 8.27e-03    -  1.00e+00 1.00e+00h  1
 636  5.3929511e+00 1.20e-06 6.56e-01  -4.1 5.95e-03    -  1.00e+00 1.00e+00h  1
 637  5.3930110e+00 7.38e-07 1.33e+00  -4.1 4.15e-03    -  1.00e+00 5.00e-01h  2
 638  5.3928430e+00 4.29e-07 7.25e-01  -4.1 3.85e-03    -  1.00e+00 1.00e+00h  1
 639  5.3928716e+00 6.32e-07 7.35e-01  -4.1 3.39e-03    -  1.00e+00 1.00e+00h  1
iter    objective    inf_pr   inf_du lg(mu)  ||d||  lg(rg) alpha_du alpha_pr  ls
 640  5.3930842e+00 5.51e-08 9.33e-01  -4.1 5.99e-03    -  1.00e+00 1.00e+00H  1
 641  5.3930153e+00 7.03e-09 8.23e-01  -4.1 4.12e-03    -  1.00e+00 1.00e+00H  1
 642  5.3949644e+00 5.47e-06 2.31e+00  -4.0 1.48e-02    -  1.00e+00 1.00e+00h  1
 643  5.3934407e+00 4.19e-06 2.36e+00  -4.1 8.59e-03    -  1.00e+00 1.00e+00h  1
 644  5.3932357e+00 3.14e-07 2.79e+00  -4.1 1.44e-02    -  1.00e+00 1.00e+00H  1
 645  5.3930664e+00 1.92e-06 2.01e+00  -4.1 7.88e-03    -  1.00e+00 1.00e+00h  1
 646  5.3932229e+00 9.02e-07 1.08e+00  -4.1 6.23e-03    -  1.00e+00 1.00e+00h  1
 647  5.3932108e+00 1.12e-06 5.25e-01  -4.1 4.35e-03    -  1.00e+00 1.00e+00h  1
 648  5.3932252e+00 1.72e-07 1.24e+00  -4.1 9.67e-03    -  1.00e+00 1.00e+00H  1
 649  5.3928788e+00 9.83e-07 1.97e+00  -4.1 5.79e-03    -  1.00e+00 1.00e+00h  1
iter    objective    inf_pr   inf_du lg(mu)  ||d||  lg(rg) alpha_du alpha_pr  ls
 650  5.3929433e+00 4.75e-07 5.72e-01  -4.1 3.63e-03    -  1.00e+00 1.00e+00h  1
 651  5.3932338e+00 1.33e-07 1.24e+01  -4.1 5.97e-02    -  1.00e+00 1.00e+00H  1
 652  5.3942377e+00 1.24e-07 4.78e+01  -4.1 1.57e-01    -  1.00e+00 1.00e+00H  1
 653  5.3942329e+00 1.21e-07 4.79e+01  -4.1 4.21e-01    -  6.42e-01 7.51e-04h 10
 654  5.3922369e+00 6.01e-04 3.47e+00  -4.1 1.23e-01    -  1.00e+00 1.00e+00h  1
 655  5.3892989e+00 2.73e-02 2.17e+02  -4.1 1.16e+00    -  1.78e-01 6.96e-01h  1
 656  5.3499584e+00 2.30e-02 2.53e+01  -4.1 8.00e-01    -  1.00e+00 9.55e-01h  1
 657  5.3365403e+00 1.92e-02 5.37e+01  -4.1 9.07e-01    -  2.72e-01 2.02e-01h  1
 658  5.4078357e+00 8.70e-03 8.72e+01  -3.1 6.10e-01    -  4.15e-01 5.83e-01h  1
 659  5.4204647e+00 6.02e-03 2.98e+01  -3.5 7.81e-01    -  8.47e-01 5.06e-01H  1
iter    objective    inf_pr   inf_du lg(mu)  ||d||  lg(rg) alpha_du alpha_pr  ls
 660  5.4033546e+00 6.74e-03 3.23e+01  -3.5 1.21e+00    -  2.80e-01 2.51e-01h  1
 661  5.3879881e+00 2.05e-03 2.54e+01  -3.5 2.33e-01    -  8.29e-01 1.00e+00h  1
 662  5.3968578e+00 1.04e-03 2.58e+01  -3.5 1.61e-01    -  8.02e-01 6.87e-01h  1
 663  5.4046175e+00 5.59e-04 1.12e+02  -3.5 2.32e-01    -  1.00e+00 4.41e-01h  2
 664  5.4077563e+00 4.93e-04 1.49e+02  -3.5 3.32e-01    -  1.00e+00 1.25e-01h  4
 665  5.4106983e+00 4.39e-04 9.11e+01  -3.5 3.92e-01    -  9.52e-01 1.25e-01h  4
 666  5.4164648e+00 4.63e-04 9.89e+01  -3.5 2.30e-01    -  1.00e+00 2.50e-01h  3
 667  5.4252520e+00 3.76e-04 6.75e+01  -3.5 1.21e-01    -  1.00e+00 5.00e-01h  2
 668  5.4308033e+00 2.90e-04 3.08e+01  -3.5 1.32e-01    -  1.00e+00 5.00e-01h  2
 669  5.4337682e+00 1.16e-04 1.11e+01  -3.5 6.93e-02    -  1.00e+00 1.00e+00h  1
iter    objective    inf_pr   inf_du lg(mu)  ||d||  lg(rg) alpha_du alpha_pr  ls
 670  5.4346259e+00 8.36e-05 6.48e+00  -3.5 8.70e-02    -  1.00e+00 5.00e-01h  2
 671  5.4384751e+00 6.41e-05 6.57e+00  -3.5 4.59e-02    -  1.00e+00 1.00e+00h  1
 672  5.4406066e+00 5.01e-05 5.02e+00  -3.5 4.05e-02    -  1.00e+00 1.00e+00h  1
 673  5.4414063e+00 3.66e-05 2.91e+00  -3.5 2.70e-02    -  1.00e+00 1.00e+00h  1
 674  5.4427913e+00 3.88e-06 1.65e+00  -3.5 1.27e-02    -  1.00e+00 1.00e+00h  1
 675  5.4444748e+00 3.73e-06 4.03e+00  -3.5 2.64e-02    -  1.00e+00 1.00e+00H  1
 676  5.4445446e+00 3.54e-06 6.51e+00  -3.5 2.68e-02    -  1.00e+00 1.00e+00H  1
 677  5.4444531e+00 1.44e-05 4.89e+01  -3.5 9.17e-02    -  1.00e+00 2.42e-01h  3
 678  5.4451255e+00 2.40e-07 5.03e+00  -3.5 2.61e-02    -  1.00e+00 1.00e+00H  1
 679  5.4462252e+00 1.61e-06 7.13e+00  -3.5 2.70e-02    -  1.00e+00 1.00e+00H  1
iter    objective    inf_pr   inf_du lg(mu)  ||d||  lg(rg) alpha_du alpha_pr  ls
 680  5.4446576e+00 5.11e-05 5.86e+00  -3.5 3.78e-02    -  1.00e+00 1.00e+00h  1
 681  5.4445858e+00 3.13e-05 1.01e+00  -3.5 3.30e-02    -  1.00e+00 1.00e+00h  1
 682  5.4451942e+00 3.39e-06 2.26e+00  -3.5 1.25e-02    -  1.00e+00 1.00e+00h  1
 683  5.4451021e+00 2.04e-06 7.42e-01  -3.5 7.51e-03    -  1.00e+00 1.00e+00h  1
 684  5.4455092e+00 1.41e-07 8.92e-01  -3.5 5.38e-03    -  1.00e+00 1.00e+00H  1
 685  5.4482734e+00 6.11e-08 2.60e+01  -3.5 1.25e-01    -  1.00e+00 1.00e+00H  1
 686  5.4481146e+00 1.23e-07 2.56e+01  -3.5 6.06e-02    -  1.00e+00 3.12e-02h  6
 687  5.4480923e+00 1.23e-07 7.76e+01  -3.5 2.17e-01    -  1.00e+00 1.95e-03h 10
 688  5.4480725e+00 1.26e-07 4.11e+01  -3.5 1.94e-01    -  1.00e+00 1.95e-03h 10
 689  5.4480608e+00 1.26e-07 3.27e+01  -3.5 2.28e-01    -  1.00e+00 9.77e-04h 11
iter    objective    inf_pr   inf_du lg(mu)  ||d||  lg(rg) alpha_du alpha_pr  ls
 690  5.4480573e+00 1.26e-07 4.04e+01  -3.5 1.12e-01    -  1.00e+00 4.27e-04h 11
 691  5.4386645e+00 5.87e-04 1.04e+01  -3.5 1.39e-01    -  1.00e+00 1.00e+00f  1
 692  5.4372249e+00 2.82e-04 3.05e+01  -3.5 1.08e-01    -  1.00e+00 9.70e-01h  1
 693  5.4369032e+00 1.43e-04 6.41e+00  -3.5 8.36e-02    -  1.00e+00 1.00e+00f  1
 694  5.4369959e+00 6.92e-05 4.56e+00  -3.5 5.01e-02    -  1.00e+00 1.00e+00h  1
 695  5.4401198e+00 1.93e-05 3.74e+00  -3.5 3.26e-02    -  1.00e+00 1.00e+00h  1
 696  5.4425978e+00 2.98e-05 3.90e+00  -3.5 3.08e-02    -  1.00e+00 1.00e+00h  1
 697  5.4424419e+00 9.54e-06 1.19e+00  -3.5 1.77e-02    -  1.00e+00 1.00e+00h  1
 698  5.4437216e+00 1.80e-06 6.92e-01  -3.5 8.80e-03    -  1.00e+00 1.00e+00h  1
 699  5.4447275e+00 3.70e-07 1.62e+00  -3.5 1.38e-02    -  1.00e+00 1.00e+00H  1
iter    objective    inf_pr   inf_du lg(mu)  ||d||  lg(rg) alpha_du alpha_pr  ls
 700  5.4446682e+00 1.20e-06 8.32e-01  -3.5 6.52e-03    -  1.00e+00 1.00e+00h  1
 701  5.4448421e+00 1.31e-07 2.01e-01  -3.5 2.23e-03    -  1.00e+00 1.00e+00h  1
 702  5.4451602e+00 9.26e-07 5.48e-01  -3.5 3.25e-03    -  1.00e+00 1.00e+00h  1
 703  5.4452067e+00 5.95e-08 7.82e-01  -3.5 3.87e-03    -  1.00e+00 1.00e+00H  1
 704  5.4452078e+00 1.94e-08 2.02e+00  -3.5 9.79e-03    -  1.00e+00 1.00e+00H  1
 705  5.4451775e+00 1.72e-06 1.99e+00  -3.5 7.89e-03    -  1.00e+00 1.00e+00h  1
 706  5.4454140e+00 5.55e-07 3.12e-01  -3.5 2.48e-03    -  1.00e+00 1.00e+00h  1
 707  5.4454943e+00 1.86e-09 5.87e-01  -3.5 4.76e-03    -  1.00e+00 1.00e+00H  1
 708  5.4453431e+00 9.97e-07 6.51e+00  -3.5 3.06e-02    -  1.00e+00 1.00e+00H  1
 709  5.4453186e+00 4.00e-06 8.38e+00  -3.5 8.80e-02    -  1.00e+00 6.25e-02h  5
iter    objective    inf_pr   inf_du lg(mu)  ||d||  lg(rg) alpha_du alpha_pr  ls
 710  5.4453185e+00 4.01e-06 7.97e+00  -3.5 5.48e-02    -  1.00e+00 1.22e-04h 14
 711  5.4453185e+00 4.01e-06 1.02e+01  -3.5 5.66e-02    -  1.00e+00 3.05e-05h 16
 712  5.4449081e+00 2.22e-04 1.40e+01  -3.5 6.67e-02    -  1.00e+00 1.00e+00h  1
 713  5.4447058e+00 7.88e-04 4.73e+01  -3.5 1.03e-01    -  1.00e+00 1.00e+00h  1
 714  5.4416602e+00 2.69e-04 2.06e+01  -3.5 6.96e-02    -  1.00e+00 1.00e+00h  1
 715  5.4419676e+00 2.31e-04 1.67e+01  -3.5 8.04e-02    -  1.00e+00 3.95e-01h  2
 716  5.4437011e+00 4.11e-05 6.17e+00  -3.5 4.43e-02    -  1.00e+00 1.00e+00h  1
 717  5.4432659e+00 2.73e-05 4.32e+00  -3.5 2.74e-02    -  1.00e+00 1.00e+00h  1
 718  5.4444937e+00 1.31e-05 7.95e+00  -3.5 3.93e-02    -  1.00e+00 1.00e+00H  1
 719  5.4446496e+00 3.53e-05 8.70e+00  -3.5 2.85e-02    -  1.00e+00 1.00e+00h  1
iter    objective    inf_pr   inf_du lg(mu)  ||d||  lg(rg) alpha_du alpha_pr  ls
 720  5.4442640e+00 2.30e-05 1.57e+00  -3.5 1.95e-02    -  1.00e+00 1.00e+00h  1
 721  5.4448400e+00 3.66e-06 7.71e-01  -3.5 5.58e-03    -  1.00e+00 1.00e+00h  1
 722  5.4450884e+00 6.48e-07 6.28e-01  -3.5 3.72e-03    -  1.00e+00 1.00e+00h  1
 723  5.4450465e+00 1.19e-06 2.86e-01  -3.5 2.85e-03    -  1.00e+00 1.00e+00h  1
 724  5.4451687e+00 6.57e-07 1.29e-01  -3.5 1.18e-03    -  1.00e+00 1.00e+00h  1
 725  5.4452313e+00 1.86e-07 1.32e-01  -3.5 1.20e-03    -  1.00e+00 1.00e+00H  1
 726  5.4452915e+00 4.94e-08 5.83e-01  -3.5 2.92e-03    -  1.00e+00 1.00e+00H  1
 727  5.4453027e+00 1.65e-08 5.75e-01  -3.5 3.06e-03    -  1.00e+00 1.00e+00H  1
 728  5.4452288e+00 5.86e-07 4.41e-01  -3.5 3.66e-03    -  1.00e+00 1.00e+00h  1
 729  5.4452879e+00 1.78e-07 1.22e-01  -3.5 2.33e-03    -  1.00e+00 1.00e+00h  1
iter    objective    inf_pr   inf_du lg(mu)  ||d||  lg(rg) alpha_du alpha_pr  ls
 730  5.4453121e+00 1.16e-07 4.68e-01  -3.5 1.02e-03    -  1.00e+00 5.00e-01h  2
 731  5.4453605e+00 1.35e-08 1.83e+00  -3.5 1.33e-02    -  1.00e+00 1.00e+00H  1
 732  5.4453323e+00 4.17e-09 1.79e+00  -3.5 6.91e-03    -  1.00e+00 1.00e+00H  1
 733  5.4453687e+00 7.98e-09 6.78e-01  -3.5 9.03e-03    -  1.00e+00 1.00e+00H  1
 734  5.4453689e+00 1.11e-08 3.14e+00  -3.5 2.31e-02    -  1.00e+00 3.91e-03h  9
 735  5.4453882e+00 9.15e-09 2.29e-01  -3.5 3.87e-03    -  1.00e+00 1.00e+00H  1
 736  5.4453272e+00 9.37e-09 4.61e-01  -3.5 3.52e-03    -  1.00e+00 1.00e+00H  1
 737  5.4453587e+00 9.88e-09 2.66e-01  -3.5 2.48e-03    -  1.00e+00 1.00e+00H  1
 738  5.4453567e+00 1.88e-07 3.14e-01  -3.5 2.32e-03    -  1.00e+00 1.00e+00h  1
 739  5.4453555e+00 9.07e-08 4.36e-01  -3.5 1.61e-03    -  1.00e+00 5.00e-01h  2
iter    objective    inf_pr   inf_du lg(mu)  ||d||  lg(rg) alpha_du alpha_pr  ls
 740  5.4453723e+00 6.19e-09 1.92e-01  -3.5 1.42e-03    -  1.00e+00 1.00e+00H  1
 741  5.4453581e+00 1.10e-08 2.91e-01  -3.5 1.77e-03    -  1.00e+00 1.00e+00H  1
 742  5.4453671e+00 4.31e-09 1.30e-01  -3.5 1.33e-03    -  1.00e+00 1.00e+00H  1
 743  5.4453800e+00 1.34e-09 3.18e-01  -3.5 1.42e-03    -  1.00e+00 1.00e+00H  1
 744  5.4453666e+00 5.05e-09 4.79e-02  -3.5 9.67e-04    -  1.00e+00 1.00e+00H  1
 745  5.4386670e+00 2.64e-05 3.64e+00  -4.0 2.58e-02    -  1.00e+00 1.00e+00f  1
 746  5.4072605e+00 3.53e-04 1.63e+01  -4.1 2.37e-01    -  1.00e+00 4.62e-01h  1
 747  5.3923918e+00 3.76e-04 4.14e+01  -4.1 1.43e-01    -  1.00e+00 7.02e-01h  1
 748  5.3923967e+00 2.20e-04 2.71e+01  -4.1 1.27e-01    -  5.35e-01 3.92e-01f  2
 749  5.3911370e+00 6.33e-04 2.14e+01  -4.1 1.34e-01    -  1.00e+00 1.00e+00h  1
iter    objective    inf_pr   inf_du lg(mu)  ||d||  lg(rg) alpha_du alpha_pr  ls
 750  5.3860625e+00 3.23e-04 7.03e+00  -4.1 1.03e-01    -  1.00e+00 1.00e+00h  1
 751  5.3920800e+00 6.73e-05 4.33e+00  -4.0 4.90e-02    -  1.00e+00 1.00e+00h  1
 752  5.3909230e+00 1.75e-05 5.25e+00  -4.1 2.93e-02    -  1.00e+00 1.00e+00h  1
 753  5.3965412e+00 1.48e-05 3.49e+00  -4.0 2.54e-02    -  1.00e+00 1.00e+00h  1
 754  5.3962487e+00 7.02e-06 4.12e+00  -4.1 1.76e-02    -  1.00e+00 1.00e+00h  1
 755  5.3958216e+00 9.22e-06 2.75e+00  -4.1 1.50e-02    -  1.00e+00 1.00e+00h  1
 756  5.3953960e+00 2.10e-06 2.37e+00  -4.1 9.31e-03    -  1.00e+00 1.00e+00h  1
 757  5.3951765e+00 2.43e-06 1.57e+00  -4.1 8.30e-03    -  1.00e+00 1.00e+00h  1
 758  5.3949363e+00 9.14e-07 8.04e-01  -4.1 5.50e-03    -  1.00e+00 1.00e+00h  1
 759  5.3943672e+00 3.11e-06 1.26e+00  -4.1 9.16e-03    -  1.00e+00 1.00e+00h  1
iter    objective    inf_pr   inf_du lg(mu)  ||d||  lg(rg) alpha_du alpha_pr  ls
 760  5.3938327e+00 4.88e-06 2.59e+00  -4.1 1.17e-02    -  1.00e+00 1.00e+00h  1
 761  5.3937511e+00 7.41e-06 2.30e+00  -4.1 1.37e-02    -  1.00e+00 1.00e+00h  1
 762  5.3938011e+00 2.09e-06 1.07e+00  -4.1 9.14e-03    -  1.00e+00 1.00e+00h  1
 763  5.3937581e+00 8.64e-07 4.85e-01  -4.1 4.96e-03    -  1.00e+00 1.00e+00h  1
 764  5.3940712e+00 4.67e-07 8.42e+00  -4.1 5.26e-02    -  1.00e+00 1.00e+00H  1
 765  5.3941373e+00 1.17e-07 1.29e+01  -4.1 2.72e-02    -  1.00e+00 1.00e+00H  1
 766  5.3926205e+00 1.23e-05 3.38e+00  -4.1 2.67e-02    -  1.00e+00 1.00e+00h  1
 767  5.3931998e+00 7.58e-06 1.91e+00  -4.1 1.65e-02    -  1.00e+00 1.00e+00h  1
 768  5.3935070e+00 4.60e-06 2.34e+00  -4.1 1.46e-02    -  1.00e+00 5.00e-01h  2
 769  5.3936773e+00 3.29e-06 1.41e+00  -4.1 8.33e-03    -  1.00e+00 1.00e+00h  1
iter    objective    inf_pr   inf_du lg(mu)  ||d||  lg(rg) alpha_du alpha_pr  ls
 770  5.3937319e+00 3.33e-07 3.35e+00  -4.1 1.30e-02    -  1.00e+00 1.00e+00H  1
 771  5.3937462e+00 3.20e-07 6.04e+00  -4.1 2.10e-02    -  1.00e+00 1.00e+00H  1
 772  5.3936834e+00 2.32e-07 1.74e+00  -4.1 1.07e-02    -  1.00e+00 1.00e+00H  1
 773  5.3935204e+00 1.47e-06 1.21e+00  -4.1 6.93e-03    -  1.00e+00 1.00e+00h  1
 774  5.3936901e+00 1.37e-07 1.14e+00  -4.1 8.11e-03    -  1.00e+00 1.00e+00H  1
 775  5.3936194e+00 2.49e-07 1.82e+00  -4.1 9.55e-03    -  1.00e+00 1.00e+00H  1
 776  5.3936739e+00 1.15e-07 4.83e+00  -4.1 1.56e-02    -  1.00e+00 1.00e+00H  1
 777  5.3936268e+00 5.01e-08 4.45e+00  -4.1 9.33e-03    -  1.00e+00 1.00e+00H  1
 778  5.3935536e+00 1.40e-07 1.17e+00  -4.1 8.43e-03    -  1.00e+00 1.00e+00H  1
 779  5.3934665e+00 8.22e-08 8.44e-01  -4.1 7.87e-03    -  1.00e+00 1.00e+00H  1
iter    objective    inf_pr   inf_du lg(mu)  ||d||  lg(rg) alpha_du alpha_pr  ls
 780  5.3935540e+00 1.24e-08 8.45e-01  -4.1 5.96e-03    -  1.00e+00 1.00e+00H  1
 781  5.3934380e+00 7.57e-07 8.10e-01  -4.1 4.38e-03    -  1.00e+00 1.00e+00h  1
 782  5.3934284e+00 4.12e-08 1.13e+00  -4.1 5.82e-03    -  1.00e+00 1.00e+00H  1
 783  5.3935089e+00 1.96e-08 7.39e-01  -4.1 4.82e-03    -  1.00e+00 1.00e+00H  1
 784  5.3934359e+00 2.91e-07 2.71e-01  -4.1 2.83e-03    -  1.00e+00 1.00e+00h  1
 785  5.3934371e+00 1.02e-08 3.17e-01  -4.1 3.70e-03    -  1.00e+00 1.00e+00H  1
 786  5.3934371e+00 1.02e-08 3.37e+00  -4.1 5.52e-02    -  1.00e+00 1.22e-04h 14
 787  5.3934057e+00 2.28e-07 8.40e+00  -4.1 5.53e-02    -  1.00e+00 1.00e+00H  1
 788  5.3944152e+00 7.71e-09 2.54e+01  -4.1 1.06e-01    -  1.00e+00 1.00e+00H  1
 789  5.3944150e+00 7.76e-09 2.53e+01  -4.1 6.23e-02    -  1.00e+00 1.22e-04h 14
iter    objective    inf_pr   inf_du lg(mu)  ||d||  lg(rg) alpha_du alpha_pr  ls
 790  5.3898055e+00 1.22e-03 1.68e+01  -4.1 1.63e-01    -  1.00e+00 1.00e+00f  1
 791  5.3882322e+00 6.80e-05 1.71e+01  -4.1 7.83e-02    -  1.00e+00 1.00e+00h  1
 792  5.3927832e+00 4.89e-05 1.28e+01  -4.0 7.89e-02    -  1.00e+00 1.00e+00H  1
 793  5.3927761e+00 4.88e-05 7.54e+01  -4.1 1.34e-01    -  8.24e-01 6.25e-02h  5
 794  5.3933690e+00 4.69e-05 3.07e+00  -4.1 3.08e-02    -  1.00e+00 1.00e+00h  1
 795  5.3932128e+00 1.88e-05 2.50e+00  -4.1 1.77e-02    -  1.00e+00 1.00e+00h  1
 796  5.3934141e+00 2.45e-06 1.24e+00  -4.1 8.94e-03    -  1.00e+00 1.00e+00h  1
 797  5.3933333e+00 5.55e-07 5.32e-01  -4.1 4.49e-03    -  1.00e+00 1.00e+00h  1
 798  5.3933855e+00 9.65e-07 2.12e-01  -4.1 1.96e-03    -  1.00e+00 1.00e+00h  1
 799  5.3933663e+00 1.59e-07 4.52e-01  -4.1 2.77e-03    -  1.00e+00 1.00e+00H  1
iter    objective    inf_pr   inf_du lg(mu)  ||d||  lg(rg) alpha_du alpha_pr  ls
 800  5.3932660e+00 2.16e-08 9.36e-01  -4.1 4.62e-03    -  1.00e+00 1.00e+00H  1
 801  5.3932929e+00 1.49e-08 1.34e+00  -4.1 6.61e-03    -  1.00e+00 1.00e+00H  1
 802  5.3932691e+00 1.35e-08 3.45e-01  -4.1 5.47e-03    -  1.00e+00 1.00e+00H  1
 803  5.3932320e+00 1.87e-08 1.95e-01  -4.1 1.90e-03    -  1.00e+00 1.00e+00H  1
 804  5.3932592e+00 4.15e-09 1.34e+00  -4.1 7.93e-03    -  1.00e+00 1.00e+00H  1
 805  5.3933084e+00 7.43e-10 2.66e+00  -4.1 9.64e-03    -  1.00e+00 1.00e+00H  1
 806  5.3933084e+00 2.02e-09 2.66e+00  -4.1 1.37e-02    -  1.00e+00 4.88e-04h 12
 807  5.3933084e+00 3.01e-09 2.65e+00  -4.1 4.74e-03    -  1.00e+00 4.88e-04h 12
 808  5.3933084e+00 3.46e-09 2.65e+00  -4.1 2.69e-02    -  1.00e+00 6.10e-05h 15
 809  5.3933492e+00 1.17e-09 8.63e-01  -4.1 9.38e-03    -  1.00e+00 1.00e+00H  1
iter    objective    inf_pr   inf_du lg(mu)  ||d||  lg(rg) alpha_du alpha_pr  ls
 810  5.3933492e+00 4.22e-09 1.46e+00  -4.1 2.14e-02    -  1.00e+00 2.44e-04h 13
 811  5.3933136e+00 2.62e-06 1.77e+00  -4.1 6.81e-03    -  1.00e+00 1.00e+00h  1
 812  5.3933491e+00 4.35e-06 1.99e+00  -4.1 4.78e-03    -  1.00e+00 5.00e-01h  2
 813  5.3933164e+00 5.69e-06 8.18e-01  -4.1 6.40e-03    -  1.00e+00 1.00e+00h  1
 814  5.3933198e+00 2.04e-08 7.30e-01  -4.1 5.32e-03    -  1.00e+00 1.00e+00H  1
 815  5.3933689e+00 1.94e-08 1.59e+00  -4.1 1.01e-02    -  1.00e+00 1.00e+00H  1
 816  5.3932885e+00 4.20e-06 1.63e+00  -4.1 5.49e-03    -  1.00e+00 1.00e+00h  1
 817  5.3932690e+00 1.86e-06 1.35e+00  -4.1 6.11e-03    -  1.00e+00 1.00e+00h  1
 818  5.3933046e+00 2.20e-08 1.56e-01  -4.1 6.94e-03    -  1.00e+00 1.00e+00H  1
 819  5.3933182e+00 6.09e-07 1.83e-01  -4.1 1.16e-03    -  1.00e+00 1.00e+00h  1
iter    objective    inf_pr   inf_du lg(mu)  ||d||  lg(rg) alpha_du alpha_pr  ls
 820  5.3933193e+00 3.32e-07 3.93e-01  -4.1 6.76e-04    -  1.00e+00 2.50e-01h  3
 821  5.3933352e+00 7.77e-10 7.21e-02  -4.1 6.34e-04    -  1.00e+00 1.00e+00H  1
 822  5.3954039e+00 3.19e-06 1.08e+00  -4.0 8.24e-03    -  1.00e+00 1.00e+00f  1
 823  5.3939265e+00 1.22e-06 5.53e-01  -4.1 8.01e-03    -  1.00e+00 1.00e+00h  1
 824  5.3932993e+00 3.36e-06 1.17e+00  -4.1 6.72e-03    -  1.00e+00 1.00e+00h  1
 825  5.3934439e+00 2.53e-06 3.45e-01  -4.1 4.82e-03    -  1.00e+00 1.00e+00h  1
 826  5.3934298e+00 3.32e-07 3.24e-01  -4.1 1.44e-03    -  1.00e+00 1.00e+00h  1
 827  5.3933786e+00 3.39e-07 4.89e-02  -4.1 7.37e-04    -  1.00e+00 1.00e+00h  1
 828  5.3933323e+00 1.62e-07 5.19e-02  -4.1 2.50e-04    -  1.00e+00 1.00e+00h  1
 829  5.3932742e+00 3.07e-07 6.26e-02  -4.1 3.74e-04    -  1.00e+00 1.00e+00h  1
iter    objective    inf_pr   inf_du lg(mu)  ||d||  lg(rg) alpha_du alpha_pr  ls
 830  5.3933338e+00 7.19e-08 1.41e-01  -4.1 6.14e-04    -  1.00e+00 1.00e+00H  1
 831  5.3933506e+00 4.63e-08 1.86e-01  -4.1 6.39e-04    -  1.00e+00 1.00e+00H  1
 832  5.3933345e+00 5.35e-08 2.32e-01  -4.1 1.18e-03    -  1.00e+00 1.00e+00H  1
 833  5.3933126e+00 2.10e-08 5.79e-01  -4.1 2.54e-03    -  1.00e+00 1.00e+00H  1
 834  5.3932981e+00 1.48e-09 1.15e+00  -4.1 5.52e-03    -  1.00e+00 1.00e+00H  1
 835  5.3933099e+00 3.40e-10 1.15e+00  -4.1 3.59e-03    -  1.00e+00 1.00e+00H  1
 836  5.3933150e+00 1.93e-09 3.80e-01  -4.1 2.80e-03    -  1.00e+00 1.00e+00H  1
 837  5.3933155e+00 2.45e-09 4.28e-01  -4.1 2.76e-03    -  1.00e+00 1.00e+00H  1
 838  5.3932873e+00 2.28e-09 1.50e-01  -4.1 1.91e-03    -  1.00e+00 1.00e+00H  1
 839  5.3932725e+00 1.32e-07 1.26e-01  -4.1 8.77e-04    -  1.00e+00 1.00e+00h  1
iter    objective    inf_pr   inf_du lg(mu)  ||d||  lg(rg) alpha_du alpha_pr  ls
 840  5.3932874e+00 1.53e-09 6.72e-01  -4.1 3.34e-03    -  1.00e+00 1.00e+00H  1
 841  5.3933194e+00 2.46e-11 3.09e+00  -4.1 1.39e-02    -  1.00e+00 1.00e+00H  1
 842  5.3933043e+00 8.47e-11 1.50e+00  -4.1 5.75e-03    -  1.00e+00 1.00e+00H  1
 843  5.3933043e+00 3.17e-10 1.50e+00  -4.1 6.13e-03    -  1.00e+00 2.44e-04h 13
 844  5.3933043e+00 1.41e-10 1.72e+00  -4.1 4.05e-03    -  1.00e+00 4.88e-04h 12
 845  5.3932867e+00 1.31e-06 7.94e-01  -4.1 6.81e-03    -  1.00e+00 1.00e+00h  1
 846  5.3933037e+00 1.06e-06 1.18e+00  -4.1 7.60e-03    -  1.00e+00 5.00e-01h  2
 847  5.3932546e+00 4.89e-07 2.71e-01  -4.1 4.94e-03    -  1.00e+00 1.00e+00h  1
 848  5.3932677e+00 2.67e-07 5.29e-01  -4.1 2.80e-03    -  1.00e+00 1.00e+00h  1
 849  5.3932788e+00 1.75e-07 7.00e-02  -4.1 1.94e-03    -  1.00e+00 1.00e+00h  1
iter    objective    inf_pr   inf_du lg(mu)  ||d||  lg(rg) alpha_du alpha_pr  ls
 850  5.3932820e+00 1.64e-08 1.87e-02  -4.1 1.10e-04    -  1.00e+00 1.00e+00h  1
 851  5.3932960e+00 5.34e-09 7.07e-02  -4.1 4.88e-04    -  1.00e+00 1.00e+00H  1
 852  5.3932958e+00 4.16e-09 1.08e+00  -4.1 6.20e-03    -  1.00e+00 1.00e+00H  1
 853  5.3932484e+00 5.30e-07 7.20e-01  -4.1 2.97e-03    -  1.00e+00 1.00e+00h  1
 854  5.3932820e+00 2.85e-09 2.23e-01  -4.1 2.51e-03    -  1.00e+00 1.00e+00H  1
 855  5.3933153e+00 1.55e-09 9.46e-01  -4.1 6.64e-03    -  1.00e+00 1.00e+00H  1
 856  5.3932375e+00 4.16e-07 2.18e-01  -4.1 5.90e-03    -  1.00e+00 1.00e+00h  1
 857  5.3932497e+00 2.77e-07 3.49e-01  -4.1 1.74e-03    -  1.00e+00 1.00e+00h  1
 858  5.3932775e+00 1.38e-10 1.11e-01  -4.1 2.01e-03    -  1.00e+00 1.00e+00H  1
 859  5.3932575e+00 2.76e-07 4.90e-01  -4.1 2.16e-03    -  1.00e+00 1.00e+00h  1
iter    objective    inf_pr   inf_du lg(mu)  ||d||  lg(rg) alpha_du alpha_pr  ls
 860  5.3932712e+00 1.49e-07 3.33e-01  -4.1 1.05e-03    -  1.00e+00 5.00e-01h  2
 861  5.3932771e+00 2.66e-07 1.03e+00  -4.1 3.08e-03    -  1.00e+00 2.50e-01h  3
 862  5.3932786e+00 2.14e-07 5.26e-01  -4.1 3.87e-04    -  1.00e+00 1.25e-01h  4
 863  5.3932810e+00 1.37e-07 2.29e-01  -4.1 4.19e-04    -  1.00e+00 2.50e-01h  3
