This is Ipopt version 3.14.19, running with linear solver MUMPS 5.8.2.

Number of nonzeros in equality constraint Jacobian...:   566581
Number of nonzeros in inequality constraint Jacobian.:     2432
Number of nonzeros in Lagrangian Hessian.............:        0

Total number of variables............................:     1851
                     variables with only lower bounds:        0
                variables with lower and upper bounds:      392
                     variables with only upper bounds:        0
Total number of equality constraints.................:     1782
Total number of inequality constraints...............:      265
        inequality constraints with only lower bounds:        0
   inequality constraints with lower and upper bounds:        0
        inequality constraints with only upper bounds:      265

iter    objective    inf_pr   inf_du lg(mu)  ||d||  lg(rg) alpha_du alpha_pr  ls
   0  3.0191000e-02 6.22e+00 1.00e+00   0.0 0.00e+00    -  0.00e+00 0.00e+00   0
   1  3.0050875e-02 6.16e+00 5.22e+01  -0.4 1.28e+01    -  4.03e-01 1.04e-02h  1
   2  3.0065929e-02 6.15e+00 5.89e+02  -4.0 4.06e+01    -  1.44e-02 1.29e-03h  1
   3  3.4365701e-02 6.05e+00 4.22e+04   0.8 4.97e+01    -  1.00e+00 1.53e-02h  1
   4  9.3012163e-02 5.86e+00 4.13e+04   2.1 6.86e+01    -  3.41e-02 3.02e-02f  1
   5  4.1813453e-01 5.59e+00 4.16e+04   2.3 1.23e+02    -  7.29e-02 4.20e-02f  1
   6  8.4313873e-01 5.33e+00 4.04e+04   2.8 1.54e+02    -  5.28e-02 4.73e-02f  1
   7  1.4000195e+00 4.99e+00 4.10e+04   2.7 1.36e+02    -  2.95e-01 5.71e-02f  1
   8  3.1979178e+00 5.34e+00 1.41e+05   2.8 7.55e+01    -  4.85e-01 1.20e-01h  1
   9  4.9002061e+00 5.06e+00 1.54e+05   1.4 1.12e+02    -  1.95e-01 1.18e-01h  1
iter    objective    inf_pr   inf_du lg(mu)  ||d||  lg(rg) alpha_du alpha_pr  ls
  10  1.0922298e+01 5.82e+00 2.29e+05   2.8 1.27e+02    -  1.39e-01 1.59e-01H  1
  11  1.4023941e+01 5.66e+00 3.10e+05   2.8 6.76e+01    -  4.38e-01 1.97e-01h  1
  12  1.3706493e+01 5.26e+00 3.32e+05   2.1 4.40e+01    -  2.21e-01 7.22e-02h  1
  13  1.3356304e+01 4.69e+00 3.64e+05   2.4 4.40e+01    -  1.68e-01 1.09e-01h  1
  14  1.3260883e+01 4.70e+00 6.53e+05   2.6 6.31e+01    -  2.09e-01 2.35e-01h  1
  15  1.1819866e+01 4.09e+00 8.53e+05   2.8 4.94e+01    -  2.61e-01 1.54e-01h  1
  16  1.1684216e+01 3.99e+00 8.66e+05  -3.3 2.33e+01    -  2.93e-01 2.41e-02h  1
  17  1.0791482e+01 3.49e+00 1.40e+06   2.8 4.33e+01    -  3.43e-01 1.35e-01h  1
  18  1.2275941e+01 2.22e+00 2.08e+06   2.7 4.57e+01    -  2.56e-01 2.97e-01H  1
  19  1.1578736e+01 1.63e+00 2.12e+06   2.8 2.00e+01    -  6.51e-01 3.86e-01h  1
iter    objective    inf_pr   inf_du lg(mu)  ||d||  lg(rg) alpha_du alpha_pr  ls
  20  1.1317132e+01 1.39e+00 2.26e+06  -3.3 2.50e+01    -  1.58e-01 2.01e-01h  1
  21  1.1142781e+01 1.29e+00 2.32e+06   1.0 3.48e+01    -  9.92e-02 7.48e-02h  1
  22  1.1012442e+01 1.13e+00 2.68e+06   2.8 1.91e+01    -  3.95e-01 2.06e-01f  1
  23  1.1298393e+01 8.53e-01 2.66e+06   2.4 1.36e+01    -  5.20e-01 5.74e-01h  1
  24  1.1391151e+01 7.17e-01 2.64e+06  -3.4 1.36e+01    -  2.23e-01 1.91e-01h  1
  25  1.1497168e+01 7.00e-01 2.61e+06   2.4 2.39e+01    -  7.44e-02 8.28e-02h  1
  26  1.1565776e+01 6.41e-01 2.63e+06   2.8 1.59e+01    -  2.78e-01 9.69e-02f  1
  27  1.2137605e+01 2.04e+00 4.65e+06   2.8 3.27e+01    -  2.46e-01 2.96e-01f  1
  28  1.1894471e+01 1.25e+00 3.74e+06   2.6 6.02e+00    -  4.19e-01 3.75e-01h  1
  29  1.1520073e+01 4.33e-01 3.00e+06   2.6 4.78e+00    -  7.10e-01 7.23e-01h  1
iter    objective    inf_pr   inf_du lg(mu)  ||d||  lg(rg) alpha_du alpha_pr  ls
  30  1.1299937e+01 8.34e-01 4.65e+06   2.8 7.79e+00    -  3.51e-01 8.52e-01f  1
  31  1.1254209e+01 9.46e-01 9.49e+06   2.8 1.49e+01    -  4.55e-01 5.20e-01H  1
  32  1.0988250e+01 8.85e-01 7.40e+06   2.8 5.80e+00    -  5.56e-01 8.54e-01h  1
  33  1.0604763e+01 7.01e-01 2.89e+06   2.8 5.85e+00    -  7.37e-01 8.37e-01f  1
  34  1.0638222e+01 1.14e-01 1.47e+06   2.8 2.75e+00    -  1.00e+00 1.00e+00h  1
  35  1.0488629e+01 1.42e-01 1.08e+06   2.2 2.24e+00    -  1.00e+00 8.92e-01h  1
  36  9.9764183e+00 2.91e-01 3.40e+06   2.6 3.03e+00    -  1.00e+00 9.42e-01f  1
  37  9.8332712e+00 4.26e-01 5.21e+06   2.8 6.72e+00    -  7.84e-01 6.32e-01f  1
  38  9.7839514e+00 2.10e-01 5.89e+06   2.5 3.49e+00    -  1.00e+00 1.00e+00h  1
  39  9.9590686e+00 1.26e+00 6.66e+06   2.8 8.57e+00    -  9.29e-01 9.39e-01f  1
iter    objective    inf_pr   inf_du lg(mu)  ||d||  lg(rg) alpha_du alpha_pr  ls
  40  9.7786698e+00 2.44e-01 5.79e+06   2.7 3.54e+00    -  1.00e+00 1.00e+00h  1
  41  9.6738353e+00 2.43e-01 5.52e+06   2.8 3.86e+00    -  6.50e-01 6.55e-01f  1
  42  9.4629167e+00 4.19e-01 6.28e+06   2.8 6.30e+00    -  9.47e-01 6.10e-01f  1
  43  9.4368890e+00 1.65e-01 1.07e+07   2.8 1.10e+01    -  5.12e-01 7.85e-01H  1
  44  9.3923199e+00 1.35e-01 7.76e+06   2.8 4.20e+00    -  5.14e-01 4.89e-01f  1
  45  9.3245880e+00 1.51e-01 8.25e+06   2.8 7.89e+00    -  3.99e-01 1.75e-01f  2
  46  9.0948540e+00 1.03e-01 1.35e+07   2.8 9.53e+00    -  7.21e-01 4.72e-01H  1
  47  9.0268289e+00 1.01e-01 1.50e+07   2.8 1.57e+01    -  2.59e-01 9.08e-02f  2
  48  8.9910996e+00 1.08e-01 1.66e+07   2.8 1.37e+01    -  4.85e-01 9.61e-02f  3
  49  8.9510153e+00 1.38e-01 1.87e+07   2.8 1.08e+01    -  3.58e-01 5.11e-01H  1
iter    objective    inf_pr   inf_du lg(mu)  ||d||  lg(rg) alpha_du alpha_pr  ls
  50  9.2492786e+00 1.93e-01 1.80e+07   2.8 1.27e+02    -  1.78e-01 5.53e-02f  3
  51  9.3095571e+00 1.98e-01 6.35e+06   2.7 3.71e+00    -  6.91e-01 8.12e-01h  1
  52  9.3868151e+00 1.51e-01 7.97e+06   2.7 8.85e+00    -  5.80e-01 3.89e-01H  1
  53  9.5960792e+00 2.32e-01 1.16e+07   2.8 1.24e+01    -  6.69e-01 4.39e-01F  1
  54  9.6750090e+00 7.85e-02 8.31e+06   2.7 6.24e+00    -  1.00e+00 5.85e-01H  1
  55  9.8306560e+00 1.91e-01 1.22e+07   2.8 3.12e+01    -  2.18e-01 7.89e-02f  2
  56  9.8398058e+00 1.91e-01 1.26e+07   2.6 2.99e+01    -  3.52e-01 1.16e-02h  5
  57  9.9474123e+00 2.80e-01 1.51e+07   2.6 2.89e+01    -  3.39e-01 9.07e-02f  3
  58  1.0223919e+01 5.05e-01 1.84e+07   2.6 2.00e+01    -  2.91e-01 2.19e-01f  2
  59  1.0387821e+01 5.07e-01 1.85e+07   2.6 1.82e+02    -  1.04e-01 2.15e-02f  2
iter    objective    inf_pr   inf_du lg(mu)  ||d||  lg(rg) alpha_du alpha_pr  ls
  60  1.0280575e+01 1.12e-01 5.33e+06   2.6 1.69e+00    -  8.71e-01 1.00e+00h  1
  61  1.0266016e+01 1.07e-01 5.65e+06   1.9 8.45e+00    -  3.65e-01 8.56e-02h  2
  62  1.0150408e+01 4.80e-02 2.48e+06   1.9 1.12e+00    -  3.83e-01 9.45e-01h  1
  63  1.0067035e+01 7.14e-02 3.50e+06   2.8 1.14e+00    -  7.99e-01 1.00e+00f  1
  64  1.0041901e+01 6.82e-02 3.32e+06   2.8 6.00e+00    -  5.30e-01 5.31e-02h  4
  65  9.9834050e+00 9.01e-02 4.94e+06   2.8 3.70e+01    -  1.93e-01 4.64e-02f  3
  66  9.9776067e+00 8.99e-02 5.20e+06   2.7 2.02e+01    -  3.66e-01 9.49e-03h  6
  67  9.9721861e+00 8.94e-02 5.50e+06   2.0 1.48e+01    -  3.47e-01 1.44e-02h  6
  68  9.9663681e+00 8.88e-02 5.83e+06   2.0 1.42e+01    -  3.18e-01 1.70e-02h  6
  69  9.9785035e+00 8.83e-02 6.26e+06   2.0 1.12e+02    -  9.90e-02 7.36e-03f  5
iter    objective    inf_pr   inf_du lg(mu)  ||d||  lg(rg) alpha_du alpha_pr  ls
  70  9.8529622e+00 3.46e-02 6.42e+06   2.0 7.84e+00    -  4.83e-01 7.17e-01H  1
  71  1.0071806e+01 6.43e-01 1.41e+07   2.7 7.87e+00    -  1.00e+00 8.35e-01f  1
  72  1.0107931e+01 6.23e-01 1.64e+07   2.6 2.98e+01    -  2.78e-01 6.22e-02f  3
  73  1.0131209e+01 3.05e-01 1.71e+07   2.6 5.63e+00    -  9.01e-01 6.95e-01h  1
  74  1.0918213e+01 2.21e-01 1.91e+07   2.6 2.58e+01    -  4.43e-01 2.98e-01H  1
  75  1.0265787e+01 3.09e-01 1.10e+07   2.6 4.39e+00    -  8.01e-01 1.00e+00f  1
  76  9.9469850e+00 1.20e-01 6.52e+06   2.6 2.23e+00    -  7.64e-01 8.62e-01h  1
  77  9.9882919e+00 6.34e-02 6.76e+06   1.9 3.32e+00    -  6.72e-01 6.21e-01h  1
  78  9.9091176e+00 4.89e-02 5.32e+06   1.9 2.72e+00    -  4.12e-01 5.54e-01H  1
  79  9.7771568e+00 4.59e-02 4.28e+06   2.8 3.26e+00    -  8.89e-01 4.46e-01f  1
iter    objective    inf_pr   inf_du lg(mu)  ||d||  lg(rg) alpha_du alpha_pr  ls
  80  9.5190711e+00 3.00e-02 1.36e+07   2.5 3.91e+00    -  8.51e-01 9.74e-01H  1
  81  9.4136027e+00 3.08e-01 1.87e+07   2.7 4.44e+00    -  1.00e+00 7.68e-01f  1
  82  9.4498122e+00 2.98e-01 1.89e+07   2.6 2.29e+01    -  3.32e-01 4.97e-02f  3
  83  9.4797314e+00 2.01e-01 1.95e+07   2.6 1.42e+01    -  5.73e-01 5.07e-01H  1
  84  9.4579687e+00 1.47e-01 1.99e+07   2.6 9.35e+00    -  3.82e-01 3.42e-01H  1
  85  9.3583015e+00 3.73e-02 1.76e+07   2.6 4.56e+00    -  1.00e+00 6.79e-01H  1
  86  9.3049721e+00 1.34e-01 2.14e+07   2.8 3.13e+01    -  1.42e-01 8.49e-02f  2
  87  9.2989851e+00 1.34e-01 2.16e+07   2.6 5.27e+01    -  1.12e-01 2.67e-03h  6
  88  9.2953489e+00 1.34e-01 2.17e+07   2.6 1.14e+02    -  5.15e-02 6.24e-04h  8
  89  9.2063801e+00 1.56e-01 2.44e+07   2.6 1.47e+02    -  6.49e-02 1.08e-02f  4
iter    objective    inf_pr   inf_du lg(mu)  ||d||  lg(rg) alpha_du alpha_pr  ls
  90  9.0969742e+00 2.82e-01 3.05e+07   2.6 1.59e+02    -  4.38e-02 2.37e-02f  3
  91  9.0392448e+00 3.05e-01 3.29e+07   2.6 9.63e+01    -  7.60e-02 1.31e-02f  4
  92  8.9462287e+00 3.57e-01 3.58e+07   2.6 8.01e+01    -  1.39e-01 2.26e-02f  4
  93  9.1150147e+00 5.19e-01 3.78e+07   2.8 2.74e+02    -  3.21e-02 1.90e-02f  2
  94  8.9900703e+00 1.08e-01 1.83e+07   2.6 1.49e+00    -  7.06e-01 8.15e-01h  1
  95  8.9947120e+00 1.01e-01 1.47e+07   2.8 7.10e+00    -  3.83e-01 1.74e-01f  1
  96  9.1344538e+00 3.10e-01 2.17e+07   2.8 7.88e+00    -  5.28e-01 4.46e-01f  1
  97  8.9341222e+00 2.20e-01 5.47e+06   2.7 5.26e+00    -  2.99e-01 8.70e-01H  1
  98  9.0320923e+00 7.42e-01 2.96e+07   2.8 6.76e+00    -  5.20e-01 9.04e-01f  1
  99  9.1770223e+00 7.62e-01 2.81e+07   2.7 4.27e+02    -  4.72e-02 4.29e-03f  3
iter    objective    inf_pr   inf_du lg(mu)  ||d||  lg(rg) alpha_du alpha_pr  ls
 100  9.8139667e+00 8.97e-01 3.25e+07   2.7 1.92e+01    -  4.80e-01 3.12e-01h  1
 101  9.8924964e+00 8.54e-01 3.21e+07   2.7 1.45e+01    -  3.03e-01 6.41e-02h  1
 102  9.9259236e+00 2.68e-01 2.03e+07   2.7 1.41e+01    -  4.95e-01 5.78e-01H  1
 103  1.0094294e+01 3.35e-01 3.59e+07   2.7 2.85e+02    -  3.48e-02 2.15e-02f  2
 104  1.0128079e+01 3.13e-01 3.80e+07   2.7 1.01e+01    -  2.81e-01 1.53e-01f  2
 105  1.0157635e+01 2.55e-01 3.55e+07   2.7 9.25e+00    -  3.92e-01 2.86e-01H  1
 106  1.0057069e+01 1.82e-01 3.01e+07   2.7 6.21e+00    -  2.38e-01 3.32e-01F  1
 107  1.0391309e+01 1.95e-01 2.50e+07   2.7 2.06e+02    -  4.47e-02 1.54e-02f  3
 108  1.0220919e+01 2.41e-01 1.98e+07   2.7 5.82e+00    -  2.17e-01 4.83e-01h  1
 109  9.9420871e+00 1.93e-01 1.69e+07   2.7 4.91e+00    -  3.11e-01 3.98e-01h  1
iter    objective    inf_pr   inf_du lg(mu)  ||d||  lg(rg) alpha_du alpha_pr  ls
 110  9.8016203e+00 1.74e-01 1.13e+07   2.7 8.41e+00    -  3.37e-01 4.36e-01F  1
 111  9.7559490e+00 1.74e-01 1.24e+07   2.7 2.85e+02    -  4.54e-02 2.17e-03f  5
 112  9.5647508e+00 2.30e-01 1.41e+07   2.7 2.88e+01    -  1.66e-01 8.95e-02f  3
 113  9.4398902e+00 2.84e-01 1.49e+07   2.7 2.41e+01    -  1.38e-01 8.20e-02f  3
 114  9.2883825e+00 4.63e-01 1.72e+07   2.7 1.95e+01    -  2.55e-01 1.68e-01f  2
 115  9.2585654e+00 4.63e-01 1.69e+07   2.7 1.72e+02    -  7.79e-02 1.44e-03h  6
 116  9.0983743e+00 4.60e-01 1.62e+07   2.7 2.22e+01    -  1.75e-01 6.06e-02f  3
 117  8.9533060e+00 4.56e-01 1.67e+07   2.7 2.01e+01    -  4.03e-01 6.42e-02f  3
 118  8.7777971e+00 4.60e-01 1.73e+07   2.7 1.75e+01    -  3.26e-01 1.00e-01f  3
 119  8.4969073e+00 5.22e-01 2.29e+07   2.8 1.86e+02    -  3.93e-02 1.66e-02f  3
iter    objective    inf_pr   inf_du lg(mu)  ||d||  lg(rg) alpha_du alpha_pr  ls
 120  8.0324169e+00 3.85e-01 2.03e+07   2.8 1.74e+01    -  3.49e-01 4.34e-01H  1
 121  7.9363086e+00 2.85e-01 1.87e+07   2.5 1.17e+01    -  3.80e-01 2.79e-01H  1
 122  7.9220817e+00 2.10e-01 1.61e+07   2.8 7.68e+00    -  2.74e-01 2.50e-01F  1
 123  8.7259572e+00 3.16e-01 2.85e+07   2.8 2.18e+02    -  3.77e-02 2.75e-02f  2
 124  8.7834998e+00 3.13e-01 2.91e+07   2.6 3.37e+01    -  1.01e-01 1.73e-02h  4
 125  8.8408058e+00 3.11e-01 2.98e+07   2.6 3.39e+01    -  2.22e-01 1.70e-02h  4
 126  8.9019876e+00 3.08e-01 3.04e+07   2.6 2.99e+01    -  1.03e-01 1.99e-02h  4
 127  9.0889342e+00 1.11e+00 2.60e+07   2.6 3.76e+02    -  8.33e-03 2.10e-02f  2
 128  9.0811915e+00 1.09e+00 2.56e+07   2.6 3.01e+00    -  3.02e-01 1.31e-02h  5
 129  8.9959150e+00 9.29e-01 2.37e+07   2.6 3.28e+00    -  1.12e-01 1.49e-01f  2
iter    objective    inf_pr   inf_du lg(mu)  ||d||  lg(rg) alpha_du alpha_pr  ls
 130  8.8576921e+00 6.69e-01 2.05e+07   2.6 3.23e+00    -  3.19e-01 2.80e-01h  1
 131  8.9854827e+00 6.73e-01 2.11e+07   2.6 2.82e+02    -  3.88e-02 4.22e-03f  5
 132  9.4413761e+00 4.01e-01 1.93e+07   2.6 1.37e+01    -  9.66e-03 4.12e-01H  1
 133  9.7361273e+00 3.55e-01 1.77e+07   2.6 1.01e+01    -  3.87e-01 3.32e-01h  1
 134  9.8854823e+00 3.09e-01 1.59e+07   2.6 8.68e+00    -  3.83e-01 2.33e-01h  1
 135  9.8239175e+00 3.16e-01 1.90e+07   2.6 2.63e+02    -  3.92e-02 7.15e-03f  3
 136  9.7634295e+00 3.40e-01 2.21e+07   2.6 4.51e+01    -  1.41e-01 5.56e-02f  2
 137  9.7379377e+00 3.39e-01 2.30e+07   2.6 4.19e+01    -  1.92e-01 2.74e-02f  3
 138  9.7078499e+00 3.46e-01 2.42e+07   2.6 3.96e+01    -  1.22e-01 4.76e-02f  3
 139  9.8245719e+00 3.67e-01 2.48e+07   2.6 2.96e+02    -  1.70e-02 6.59e-03f  4
iter    objective    inf_pr   inf_du lg(mu)  ||d||  lg(rg) alpha_du alpha_pr  ls
 140  9.8973006e+00 3.89e-01 2.47e+07   2.6 4.31e+01    -  2.47e-01 5.18e-02f  4
 141  9.9684271e+00 4.05e-01 2.45e+07   2.6 4.04e+01    -  2.18e-01 5.03e-02f  4
 142  1.0397323e+01 8.10e-01 2.33e+07   2.6 3.71e+01    -  1.72e-01 2.01e-01f  2
 143  1.0387886e+01 9.32e-01 2.71e+07   2.6 2.75e+02    -  3.24e-03 2.40e-02f  2
 144  1.0105058e+01 6.74e-01 2.13e+07   2.6 7.72e+00    -  6.27e-01 4.00e-01h  1
 145  9.9781695e+00 5.71e-01 1.91e+07   2.6 1.14e+01    -  1.45e-01 2.73e-01h  1
 146  9.9602110e+00 5.54e-01 1.91e+07   2.6 1.25e+01    -  2.05e-01 3.21e-02h  1
 147  1.0355127e+01 6.83e-01 1.98e+07   2.6 3.16e+02    -  3.67e-03 1.61e-02f  3
 148  1.0432131e+01 6.97e-01 2.01e+07   2.6 4.14e+01    -  1.18e-01 6.42e-02f  3
 149  1.0548581e+01 7.29e-01 2.05e+07   2.6 3.75e+01    -  2.90e-01 9.15e-02f  3
iter    objective    inf_pr   inf_du lg(mu)  ||d||  lg(rg) alpha_du alpha_pr  ls
 150  1.0666328e+01 7.60e-01 2.05e+07   2.6 3.16e+01    -  2.77e-01 4.58e-01H  1
 151  1.0483714e+01 7.64e-01 2.26e+07   2.6 1.57e+02    -  1.29e-02 1.50e-02f  3
 152  1.0417071e+01 7.62e-01 2.29e+07   2.6 7.56e+01    -  3.56e-02 9.65e-03h  3
 153  1.0355620e+01 7.59e-01 2.40e+07   2.6 6.93e+01    -  1.76e-01 9.72e-03f  3
 154  1.0200302e+01 7.77e-01 2.70e+07   2.6 5.98e+01    -  4.66e-02 3.22e-02f  2
 155  1.0169998e+01 9.04e-01 2.75e+07   2.6 2.68e+02    -  1.12e-02 2.26e-02f  3
 156  1.0134878e+01 8.96e-01 2.76e+07   2.6 5.29e+01    -  1.64e-01 2.59e-02h  3
 157  1.0128253e+01 9.69e-01 2.75e+07   2.6 4.66e+01    -  9.72e-02 7.74e-02f  2
 158  1.0130901e+01 1.01e+00 2.67e+07   2.6 2.93e+01    -  2.61e-02 8.28e-02f  2
 159  1.0843016e+01 1.79e+00 3.00e+07   2.6 2.46e+02    -  3.94e-02 3.38e-02f  2
iter    objective    inf_pr   inf_du lg(mu)  ||d||  lg(rg) alpha_du alpha_pr  ls
 160  1.0615233e+01 1.34e+00 2.37e+07   2.6 6.38e+00    -  4.74e-01 2.88e-01h  1
 161  1.0320119e+01 7.31e-01 1.34e+07   2.6 6.63e+00    -  2.88e-01 5.57e-01h  1
 162  1.0228536e+01 3.45e-01 9.38e+06   2.6 6.28e+00    -  4.43e-01 5.59e-01f  1
 163  1.0456115e+01 7.29e-01 1.48e+07   2.6 1.83e+02    -  5.53e-02 3.35e-02f  2
 164  1.0496933e+01 7.71e-01 1.04e+07   2.6 1.47e+01    -  2.68e-02 3.88e-01f  1
 165  1.0521716e+01 7.70e-01 1.16e+07   2.6 5.83e+01    -  1.10e-01 2.55e-02f  2
 166  1.0504155e+01 7.66e-01 1.22e+07   2.6 8.50e+01    -  3.20e-02 1.83e-02f  2
 167  1.0496884e+01 7.62e-01 1.31e+07   2.6 7.96e+01    -  7.06e-02 2.72e-02f  2
 168  1.0536352e+01 7.80e-01 1.49e+07   2.6 7.20e+01    -  8.16e-02 5.38e-02f  2
 169  1.0621001e+01 8.29e-01 1.62e+07   2.6 2.84e+02    -  6.45e-03 1.56e-02f  2
iter    objective    inf_pr   inf_du lg(mu)  ||d||  lg(rg) alpha_du alpha_pr  ls
 170  1.0835220e+01 1.30e+00 1.97e+07   2.6 4.02e+01    -  2.25e-01 2.30e-01f  1
 171  1.1211150e+01 1.89e+00 1.71e+07   2.6 1.95e+01    -  2.30e-01 5.16e-01f  1
 172  1.1255604e+01 1.61e+00 1.61e+07   2.6 1.13e+01    -  1.97e-01 1.91e-01f  1
 173  1.1433843e+01 1.58e+00 1.71e+07   2.6 2.25e+02    -  3.92e-02 2.72e-02f  2
 174  1.1380785e+01 1.04e+00 1.33e+07   2.6 1.15e+01    -  1.85e-01 4.24e-01f  1
 175  1.1456993e+01 7.49e-01 1.03e+07   2.6 1.04e+01    -  1.04e-01 3.94e-01f  1
 176  1.1496516e+01 5.51e-01 8.96e+06   2.6 1.05e+01    -  4.81e-02 3.34e-01f  1
 177  1.1498509e+01 5.97e-01 1.01e+07   2.6 1.44e+02    -  9.79e-02 2.50e-02f  2
 178  1.1535910e+01 5.93e-01 1.08e+07   2.6 2.89e+01    -  2.17e-01 8.58e-02f  2
 179  1.1638123e+01 6.15e-01 1.14e+07   2.6 2.41e+01    -  1.42e-01 1.32e-01f  1
iter    objective    inf_pr   inf_du lg(mu)  ||d||  lg(rg) alpha_du alpha_pr  ls
 180  1.1805432e+01 6.35e-01 1.17e+07   2.6 1.70e+01    -  1.83e-01 1.88e-01f  1
 181  1.2292615e+01 8.82e-01 1.41e+07   2.6 1.43e+02    -  5.98e-03 4.35e-02f  2
 182  1.2527627e+01 8.65e-01 1.50e+07   2.6 1.87e+01    -  1.88e-01 2.28e-01f  1
 183  1.2756875e+01 8.00e-01 1.36e+07   2.6 1.31e+01    -  2.79e-01 4.59e-01f  1
 184  1.2694422e+01 6.70e-01 1.18e+07   2.6 8.92e+00    -  3.12e-01 2.18e-01f  1
 185  1.2575070e+01 6.57e-01 1.17e+07   2.6 1.61e+02    -  7.44e-02 2.27e-02f  2
 186  1.2405909e+01 5.55e-01 1.01e+07   2.6 1.73e+01    -  1.96e-01 2.50e-01f  1
 187  1.2331881e+01 5.08e-01 9.40e+06   2.6 9.08e+00    -  2.13e-01 1.74e-01f  1
 188  1.2327172e+01 5.09e-01 8.63e+06   2.6 1.01e+01    -  1.96e-01 3.55e-01f  1
 189  1.2987476e+01 8.11e-01 1.08e+07   2.6 1.90e+02    -  4.58e-02 4.26e-02f  2
iter    objective    inf_pr   inf_du lg(mu)  ||d||  lg(rg) alpha_du alpha_pr  ls
 190  1.3265537e+01 1.35e+00 1.11e+07   2.6 2.64e+01    -  1.95e-01 3.66e-01f  1
 191  1.3266623e+01 9.18e-01 9.32e+06   2.6 9.65e+00    -  4.31e-01 4.72e-01f  1
 192  1.2995672e+01 6.61e-01 8.42e+06   2.6 1.08e+01    -  5.64e-01 4.03e-01f  1
 193  1.3535629e+01 2.09e+00 1.59e+07   2.6 1.85e+02    -  8.17e-02 6.27e-02f  2
 194  1.3643960e+01 1.81e+00 1.47e+07   2.6 2.72e+01    -  5.18e-01 4.46e-01f  1
 195  1.3778062e+01 1.91e+00 1.75e+07   2.6 8.27e+01    -  7.01e-02 9.53e-02f  1
 196  1.3923295e+01 1.80e+00 1.91e+07   2.6 5.14e+01    -  1.87e-01 1.36e-01f  1
 197  1.4252028e+01 1.66e+00 1.82e+07   2.6 3.36e+01    -  5.43e-02 2.23e-01f  1
 198  1.4668807e+01 1.30e+00 1.78e+07   2.6 2.90e+01    -  8.96e-02 3.31e-01f  1
 199  1.4863975e+01 1.25e+00 1.71e+07   2.6 1.62e+02    -  1.70e-02 3.94e-02f  1
iter    objective    inf_pr   inf_du lg(mu)  ||d||  lg(rg) alpha_du alpha_pr  ls
 200  1.4732258e+01 1.08e+00 1.47e+07   2.6 7.95e+00    -  3.11e-01 1.42e-01f  1
 201  1.4470957e+01 8.26e-01 1.08e+07   2.6 7.28e+00    -  3.55e-01 3.87e-01f  1
 202  1.4224795e+01 5.92e-01 8.37e+06   2.6 5.69e+00    -  6.10e-01 3.51e-01f  1
 203  1.4154227e+01 6.93e-01 9.91e+06   2.6 1.30e+02    -  1.78e-01 4.13e-02f  2
 204  1.3830937e+01 5.82e-01 9.83e+06   2.6 2.18e+01    -  3.07e-01 2.61e-01H  1
 205  1.3723757e+01 5.77e-01 1.14e+07   2.6 9.38e+01    -  1.17e-01 2.39e-02f  4
 206  1.3592965e+01 6.05e-01 1.42e+07   2.6 7.71e+01    -  2.28e-01 5.49e-02f  3
 207  1.3623643e+01 9.40e-01 1.76e+07   2.6 4.85e+01    -  1.07e-01 1.48e-01f  2
 208  1.3976089e+01 1.00e+00 1.16e+07   2.6 2.91e+01    -  3.72e-01 4.75e-01F  1
 209  1.4033084e+01 1.08e+00 1.31e+07   2.6 1.09e+02    -  1.43e-01 6.96e-02f  2
iter    objective    inf_pr   inf_du lg(mu)  ||d||  lg(rg) alpha_du alpha_pr  ls
 210  1.3251986e+01 4.90e-01 5.41e+06   2.6 6.72e+00    -  4.93e-01 6.43e-01f  1
 211  1.2793291e+01 8.39e-02 1.59e+06   2.6 2.65e+00    -  1.00e+00 1.00e+00f  1
 212  1.2698821e+01 5.34e-02 1.65e+06   1.9 5.80e+00    -  5.10e-01 5.29e-01H  1
 213  1.2682251e+01 5.43e-02 1.70e+06   1.9 1.46e+01    -  4.89e-01 3.70e-02h  4
 214  1.2667620e+01 5.40e-02 1.68e+06   1.9 2.06e+01    -  2.93e-01 1.14e-02h  6
 215  1.2648657e+01 5.40e-02 1.69e+06   1.9 1.46e+02    -  4.11e-02 2.07e-03f  6
 216  1.2638385e+01 5.39e-02 1.70e+06   1.9 6.33e+01    -  1.87e-01 2.78e-03f  7
 217  1.2626361e+01 5.40e-02 1.73e+06   1.9 1.02e+02    -  4.13e-02 2.03e-03f  7
 218  1.2618188e+01 5.39e-02 1.73e+06   1.9 7.43e+01    -  1.93e-01 2.25e-03f  7
 219  1.2549345e+01 6.09e-02 2.37e+06   1.9 5.58e+01    -  7.88e-02 2.89e-02f  4
iter    objective    inf_pr   inf_du lg(mu)  ||d||  lg(rg) alpha_du alpha_pr  ls
 220  1.2475724e+01 7.40e-02 3.10e+06   1.9 3.88e+01    -  5.99e-01 3.54e-02f  4
 221  1.2462393e+01 1.66e-01 3.69e+06   1.9 5.12e+01    -  1.63e-01 6.00e-02f  3
 222  1.2247584e+01 1.12e-01 1.71e+06   1.9 2.98e+00    -  6.64e-01 1.00e+00h  1
 223  1.2214349e+01 1.30e-01 3.55e+06   1.9 5.78e+00    -  5.13e-01 8.89e-01H  1
 224  1.2211717e+01 7.68e-02 3.51e+06   1.9 5.99e+00    -  5.21e-01 5.35e-01H  1
 225  1.2215518e+01 6.71e-02 3.62e+06   1.9 1.75e+01    -  1.40e-01 7.46e-02f  2
 226  1.2217049e+01 6.52e-02 3.42e+06   1.9 1.37e+01    -  3.64e-01 8.77e-02f  2
 227  1.2233827e+01 8.45e-02 4.01e+06   1.9 3.32e+01    -  1.60e-01 5.31e-02f  3
 228  1.2234116e+01 9.81e-02 4.82e+06   1.9 1.53e+01    -  3.23e-01 1.14e-01f  3
 229  1.2202928e+01 7.87e-02 5.59e+06   1.9 9.61e+00    -  6.90e-01 7.86e-01H  1
iter    objective    inf_pr   inf_du lg(mu)  ||d||  lg(rg) alpha_du alpha_pr  ls
 230  1.2278929e+01 2.76e-02 6.48e+06   1.9 4.77e+00    -  7.49e-01 7.42e-01H  1
 231  1.2222587e+01 1.42e-02 3.11e+06   1.8 1.65e+00    -  8.02e-01 9.16e-01H  1
 232  1.2175178e+01 8.46e-03 6.41e+05   1.4 7.26e-01    -  5.73e-01 9.08e-01H  1
 233  1.2153140e+01 8.49e-03 5.34e+05   1.0 5.98e-01    -  9.66e-01 1.00e+00H  1
 234  1.2128027e+01 8.54e-03 6.89e+05   0.9 1.19e+00    -  1.00e+00 1.85e-01h  2
 235  1.1901084e+01 6.13e-02 2.27e+06   1.8 1.01e+01    -  8.25e-01 1.21e-01f  1
 236  1.1767425e+01 6.14e-02 2.84e+06   1.6 4.52e+00    -  5.11e-01 2.18e-01f  1
 237  1.1616596e+01 7.10e-02 4.74e+06   1.6 5.09e+00    -  4.08e-01 5.64e-01F  1
 238  1.1629325e+01 8.52e-02 6.12e+06   1.6 3.06e+00    -  8.52e-01 5.15e-01f  1
 239  1.1745653e+01 1.22e-01 5.31e+06   1.6 2.21e+00    -  4.21e-01 6.10e-01f  1
iter    objective    inf_pr   inf_du lg(mu)  ||d||  lg(rg) alpha_du alpha_pr  ls
 240  1.1743637e+01 9.62e-02 5.54e+06   1.6 5.32e+00    -  1.73e-01 1.41e-01f  2
 241  1.1755744e+01 7.62e-02 4.86e+06   1.6 2.49e+00    -  2.11e-01 3.28e-01H  1
 242  1.1718036e+01 6.27e-02 3.95e+06   1.6 1.50e+00    -  1.00e+00 6.73e-01h  1
 243  1.1697488e+01 6.24e-02 4.29e+06   1.6 7.35e+00    -  2.14e-01 3.41e-02f  3
 244  1.1686587e+01 6.13e-02 4.47e+06   1.6 6.25e+00    -  2.65e-01 2.18e-02h  4
 245  1.1675316e+01 5.92e-02 4.71e+06   1.6 4.61e+00    -  1.00e+00 3.99e-02h  4
 246  1.1647710e+01 5.16e-02 4.95e+06   1.6 3.00e+00    -  5.87e-01 1.69e-01h  3
 247  1.1636252e+01 5.23e-02 5.16e+06   1.6 5.03e+01    -  2.53e-02 5.75e-03f  5
 248  1.1605853e+01 5.27e-02 1.83e+06   1.6 7.93e-01    -  4.92e-01 1.00e+00h  1
 249  1.1601459e+01 5.09e-02 2.66e+06   1.6 2.55e+00    -  4.14e-01 1.51e-01h  2
iter    objective    inf_pr   inf_du lg(mu)  ||d||  lg(rg) alpha_du alpha_pr  ls
 250  1.1607815e+01 4.76e-02 2.98e+06   1.6 1.93e+00    -  4.90e-01 2.32e-01f  3
 251  1.1608699e+01 4.75e-02 3.06e+06   1.6 1.09e+01    -  1.99e-01 5.23e-03h  6
 252  1.1609095e+01 4.75e-02 3.10e+06   1.6 5.14e+01    -  1.03e-01 5.64e-04h  8
 253  1.1609468e+01 4.75e-02 3.14e+06   1.6 6.79e+01    -  3.62e-02 3.39e-04h  9
 254  1.1609863e+01 4.75e-02 3.17e+06   1.6 6.25e+01    -  5.62e-02 3.74e-04f  9
 255  1.1611607e+01 4.74e-02 3.30e+06   1.6 5.37e+01    -  8.81e-02 1.73e-03f  7
 256  1.1707355e+01 4.84e-02 3.84e+06   1.6 8.16e+01    -  2.21e-02 1.04e-02f  4
 257  1.1708929e+01 3.97e-02 4.18e+06   1.6 2.32e+00    -  7.14e-01 5.92e-01H  1
 258  1.1706310e+01 8.92e-03 3.07e+06   1.4 1.47e+00    -  8.62e-01 7.55e-01H  1
 259  1.1729850e+01 8.91e-03 8.82e+05   0.9 9.20e-01    -  8.38e-01 1.00e+00H  1
iter    objective    inf_pr   inf_du lg(mu)  ||d||  lg(rg) alpha_du alpha_pr  ls
 260  1.1827080e+01 9.45e-02 3.80e+06   2.0 1.43e+00    -  1.00e+00 1.00e+00f  1
 261  1.1900445e+01 6.05e-02 9.64e+06   1.9 4.97e+00    -  4.21e-01 7.22e-01H  1
 262  1.1811899e+01 1.13e-01 5.75e+06   1.9 1.87e+00    -  1.00e+00 1.00e+00F  1
 263  1.1850018e+01 5.78e-02 7.51e+06   1.9 1.31e+00    -  1.00e+00 1.00e+00h  1
 264  1.1854889e+01 5.70e-02 7.90e+06   1.9 5.89e+00    -  5.41e-01 5.01e-02h  3
 265  1.1860333e+01 5.69e-02 8.34e+06   1.9 4.52e+00    -  1.00e+00 9.03e-02h  3
 266  1.1877914e+01 5.68e-02 9.00e+06   1.9 1.85e+02    -  6.26e-02 2.83e-03f  6
 267  1.1840011e+01 4.86e-02 7.06e+06   1.9 3.88e+00    -  7.39e-01 8.76e-01H  1
 268  1.1837948e+01 4.85e-02 7.68e+06   1.9 8.87e+00    -  4.36e-01 2.06e-02f  5
 269  1.1835940e+01 4.85e-02 8.38e+06   1.9 8.59e+00    -  4.55e-01 2.44e-02f  5
iter    objective    inf_pr   inf_du lg(mu)  ||d||  lg(rg) alpha_du alpha_pr  ls
 270  1.1834376e+01 4.89e-02 9.22e+06   1.9 7.91e+00    -  1.00e+00 3.14e-02f  5
 271  1.1853332e+01 5.11e-02 9.69e+06   1.9 1.51e+02    -  4.91e-02 4.34e-03f  5
 272  1.1768341e+01 1.57e-02 5.12e+06   1.9 1.14e+00    -  9.98e-01 1.00e+00f  1
 273  1.1755011e+01 1.57e-02 5.06e+06   1.9 5.87e+00    -  3.35e-01 2.07e-02h  5
 274  1.1663558e+01 1.10e-02 4.49e+06   1.9 2.30e+00    -  8.33e-01 6.29e-01H  1
 275  1.1538363e+01 6.11e-02 6.59e+06   2.1 2.44e+00    -  1.00e+00 6.02e-01f  1
 276  1.1447712e+01 2.97e-02 6.89e+06   2.0 3.01e+00    -  5.65e-01 5.62e-01H  1
 277  1.1444995e+01 2.24e-02 8.17e+06   2.0 2.13e+00    -  6.78e-01 5.41e-01H  1
 278  1.1542201e+01 1.56e-02 3.51e+06   1.9 2.12e+00    -  5.79e-01 8.35e-01H  1
 279  1.1771974e+01 1.14e-01 4.04e+06   2.3 1.50e+00    -  1.00e+00 9.80e-01f  1
iter    objective    inf_pr   inf_du lg(mu)  ||d||  lg(rg) alpha_du alpha_pr  ls
 280  1.1694465e+01 5.44e-02 6.19e+06   2.2 3.21e+00    -  5.15e-01 5.77e-01H  1
 281  1.1769703e+01 1.94e-02 4.13e+06   2.2 9.13e-01    -  1.00e+00 1.00e+00f  1
 282  1.1698217e+01 9.33e-03 2.86e+06   2.2 8.51e-01    -  1.00e+00 1.00e+00H  1
 283  1.1694732e+01 9.34e-03 3.25e+06   2.0 1.48e+00    -  1.00e+00 4.81e-02h  5
 284  1.1689410e+01 9.35e-03 3.70e+06   1.3 1.45e+00    -  1.00e+00 6.00e-02h  5
 285  1.1684728e+01 9.36e-03 4.06e+06   1.0 1.36e+00    -  1.00e+00 5.94e-02h  5
 286  1.3454658e+01 1.00e+00 2.31e+07   2.8 2.01e+02    -  1.27e-01 4.77e-02f  1
 287  1.2662081e+01 6.96e-01 1.06e+07   1.9 7.44e+00    -  2.06e-01 5.93e-01h  1
 288  1.2390104e+01 4.86e-01 5.70e+06   1.9 5.54e+00    -  4.40e-01 3.64e-01h  1
 289  1.2167774e+01 4.39e-01 6.21e+06   1.9 1.29e+01    -  3.69e-01 1.12e-01h  1
iter    objective    inf_pr   inf_du lg(mu)  ||d||  lg(rg) alpha_du alpha_pr  ls
 290  1.1852537e+01 3.41e-01 6.16e+06   1.9 6.96e+00    -  4.70e-01 3.27e-01h  1
 291  1.1782099e+01 2.96e-01 6.25e+06   1.9 1.99e+00    -  3.82e-01 1.55e-01h  1
 292  1.1660929e+01 1.87e-01 5.69e+06   1.9 1.28e+00    -  1.61e-01 4.26e-01f  1
 293  1.1663485e+01 1.87e-01 5.54e+06   1.9 5.47e+02    -  3.88e-02 1.02e-04h  8
 294  1.1630235e+01 1.15e-01 3.67e+06   1.9 2.23e+00    -  5.16e-02 4.20e-01f  1
 295  1.1598396e+01 6.14e-02 4.39e+06   1.9 1.09e+00    -  2.83e-01 1.00e+00f  1
 296  1.1487093e+01 4.51e-02 5.04e+06   1.9 1.01e+00    -  3.11e-01 1.00e+00f  1
 297  1.1769284e+01 7.04e-02 6.68e+06   1.9 4.60e+02    -  3.18e-02 6.50e-03f  3
 298  1.1760605e+01 4.88e-02 6.50e+06   1.9 8.25e-01    -  5.95e-01 3.23e-01h  1
 299  1.1610253e+01 4.30e-02 5.07e+06   1.9 8.46e-01    -  1.00e+00 1.00e+00F  1
iter    objective    inf_pr   inf_du lg(mu)  ||d||  lg(rg) alpha_du alpha_pr  ls
 300  1.1661696e+01 5.46e-02 3.61e+06   1.9 1.59e+00    -  3.63e-01 9.72e-01F  1
 301  1.1858132e+01 7.35e-01 2.66e+07   1.9 4.38e+02    -  1.54e-02 2.02e-02f  2
 302  1.1923417e+01 5.71e-01 4.50e+06   1.9 7.81e+00    -  4.82e-01 1.00e+00f  1
 303  1.2024939e+01 3.91e-01 3.80e+06   1.9 5.30e+00    -  6.07e-03 3.13e-01f  1
 304  1.1995110e+01 2.38e-01 3.67e+06   1.9 5.92e-01    -  2.23e-01 3.93e-01f  1
 305  1.1833507e+01 2.65e-02 3.46e+06   1.9 1.55e+00    -  5.52e-01 1.00e+00f  1
 306  1.1814587e+01 2.78e-02 5.06e+06   1.9 6.52e+00    -  3.10e-01 9.17e-02f  2
 307  1.1817727e+01 2.75e-02 5.60e+06   1.9 1.04e+01    -  2.12e-01 2.10e-02f  3
 308  1.1834836e+01 3.76e-02 8.09e+06   1.9 1.00e+01    -  1.70e-01 8.41e-02f  2
 309  1.1837429e+01 3.76e-02 8.56e+06   1.9 9.20e+00    -  6.67e-01 1.64e-02f  5
iter    objective    inf_pr   inf_du lg(mu)  ||d||  lg(rg) alpha_du alpha_pr  ls
 310  1.1884377e+01 3.78e-02 8.89e+06   1.9 5.57e+02    -  2.60e-02 1.41e-03f  5
 311  1.1914512e+01 2.73e-02 7.05e+06   1.9 1.76e+00    -  9.89e-01 2.79e-01h  1
 312  1.1921724e+01 2.19e-02 6.50e+06   1.9 1.01e+00    -  1.00e+00 2.01e-01h  1
 313  1.1911088e+01 1.61e-02 5.24e+06   1.9 6.89e-01    -  5.56e-02 8.15e-01F  1
 314  1.1914388e+01 1.61e-02 5.26e+06   1.9 1.37e+02    -  8.92e-02 3.05e-04h  9
 315  1.1891701e+01 3.59e-02 2.49e+06   1.9 5.05e-01    -  5.49e-01 1.00e+00f  1
 316  1.1886805e+01 1.36e-02 5.06e+06   1.9 1.02e+00    -  4.74e-01 7.89e-01H  1
 317  1.1887159e+01 1.20e-02 3.85e+06   1.9 1.23e+00    -  1.00e+00 2.01e-01h  1
 318  1.1886579e+01 1.20e-02 4.36e+06   1.9 1.45e+02    -  8.49e-02 3.52e-03f  6
 319  1.1867681e+01 1.22e-02 3.30e+06   1.9 9.25e-01    -  1.00e+00 4.70e-01H  1
iter    objective    inf_pr   inf_du lg(mu)  ||d||  lg(rg) alpha_du alpha_pr  ls
 320  1.1857592e+01 7.76e-03 2.41e+06   1.9 4.11e-01    -  1.00e+00 1.00e+00f  1
 321  1.1786534e+01 1.17e-02 5.01e+06   1.9 1.37e+00    -  4.12e-01 8.08e-01H  1
 322  1.1841028e+01 1.15e-02 4.93e+06   1.9 3.54e+02    -  4.36e-02 1.31e-03f  6
 323  1.1848389e+01 1.20e-02 1.65e+06   1.9 3.91e-01    -  9.48e-01 1.00e+00F  1
 324  1.1869854e+01 1.06e-02 4.14e+06   1.9 3.30e-01    -  1.00e+00 1.00e+00f  1
 325  1.1869785e+01 1.04e-02 2.07e+06   1.9 1.46e+00    -  5.39e-01 2.25e-01f  3
 326  1.1867511e+01 1.04e-02 2.20e+06   1.9 1.22e+02    -  5.08e-02 3.56e-04f  8
 327  1.1867366e+01 1.03e-02 2.22e+06   1.9 2.74e+00    -  1.00e+00 2.15e-03h  9
 328  1.1867302e+01 1.03e-02 2.23e+06   1.9 2.68e+00    -  5.30e-01 9.77e-04h 11
 329  1.1865306e+01 9.98e-03 2.53e+06   1.9 2.68e+00    -  1.00e+00 3.12e-02f  6
iter    objective    inf_pr   inf_du lg(mu)  ||d||  lg(rg) alpha_du alpha_pr  ls
 330r 1.1865306e+01 9.98e-03 1.00e+03   1.9 0.00e+00    -  0.00e+00 3.44e-07R 19
 331r 1.1873719e+01 1.79e-02 8.05e+01   0.6 2.34e-01    -  9.38e-01 8.86e-01f  1
 332r 1.1913943e+01 1.51e-02 2.11e+02  -1.0 3.93e-01    -  9.32e-01 5.15e-01f  1
 333r 1.1957896e+01 1.34e-02 8.65e+01  -0.8 2.96e-01    -  1.00e+00 9.01e-01f  1
 334r 1.2012716e+01 5.04e-02 8.00e+02  -0.3 1.60e+00    -  3.49e-01 1.00e+00f  1
 335r 1.2197704e+01 8.13e-02 2.61e+02   0.3 2.78e+00    -  1.00e+00 7.83e-01f  1
 336r 1.2187317e+01 6.72e-02 2.59e+02   0.1 7.60e-01    -  1.00e+00 1.00e+00f  1
 337r 1.2213597e+01 3.94e-02 1.59e+02   0.1 3.06e-01    -  1.00e+00 1.00e+00f  1
 338r 1.2151573e+01 4.44e-02 4.08e+02  -0.5 9.14e-01    -  9.93e-01 1.00e+00f  1
 339r 1.2061986e+01 5.01e-02 1.51e+02  -1.1 8.05e-01    -  1.00e+00 7.65e-01f  1
iter    objective    inf_pr   inf_du lg(mu)  ||d||  lg(rg) alpha_du alpha_pr  ls
 340r 1.1940841e+01 5.00e-02 2.40e+02  -1.7 1.56e+00    -  1.00e+00 7.92e-01f  1
 341r 1.1852649e+01 4.97e-02 1.79e+02  -1.8 6.78e-01    -  1.00e+00 5.80e-01f  1
 342r 1.1739309e+01 4.97e-02 1.62e+02  -2.1 4.64e-01    -  1.00e+00 9.54e-01f  1
 343r 1.1638222e+01 4.95e-02 1.20e+02  -2.7 6.99e-01    -  1.00e+00 5.91e-01f  1
 344r 1.1540955e+01 4.94e-02 9.38e+01  -2.9 5.32e-01    -  1.00e+00 7.38e-01f  1
 345r 1.1491536e+01 4.93e-02 8.59e+01  -3.0 4.74e-01    -  1.00e+00 5.89e-01f  1
 346r 1.1458300e+01 4.93e-02 7.65e+01  -3.7 1.90e-01    -  1.00e+00 8.53e-01f  1
 347r 1.1436700e+01 4.93e-02 5.62e+01  -4.0 4.53e-01    -  1.00e+00 4.40e-01f  1
 348r 1.1418177e+01 4.93e-02 6.33e+01  -3.4 4.24e-01    -  1.00e+00 3.45e-01h  1
 349r 1.1454898e+01 4.93e-02 2.62e+01  -3.5 1.34e-01    -  1.00e+00 1.00e+00h  1
iter    objective    inf_pr   inf_du lg(mu)  ||d||  lg(rg) alpha_du alpha_pr  ls
 350r 1.1443831e+01 4.93e-02 3.08e+01  -4.0 1.47e-01    -  1.00e+00 7.56e-01f  1
 351r 1.1420239e+01 4.93e-02 3.83e+01  -4.0 2.79e-01    -  1.00e+00 6.06e-01h  1
 352r 1.1416507e+01 4.93e-02 3.58e+01  -4.0 9.66e-02    -  1.00e+00 1.00e+00h  1
 353r 1.1421205e+01 4.93e-02 1.65e+01  -4.0 8.78e-02    -  1.00e+00 1.00e+00h  1
 354r 1.1422999e+01 4.93e-02 1.10e+01  -4.0 2.50e-02    -  1.00e+00 1.00e+00h  1
 355r 1.1421514e+01 4.93e-02 1.65e+01  -4.0 3.94e-02    -  1.00e+00 1.00e+00h  1
 356r 1.1415135e+01 4.93e-02 8.33e+01  -4.0 1.67e-01    -  1.00e+00 1.00e+00h  1
 357r 1.1416843e+01 4.93e-02 1.05e+02  -4.1 1.39e-01    -  1.00e+00 5.82e-01h  1
 358r 1.1427121e+01 4.93e-02 2.12e+01  -3.7 1.32e-01    -  1.00e+00 1.00e+00f  1
 359r 1.1449830e+01 4.93e-02 1.10e+02  -3.8 2.67e-01    -  4.61e-01 1.00e+00h  1
iter    objective    inf_pr   inf_du lg(mu)  ||d||  lg(rg) alpha_du alpha_pr  ls
 360r 1.1444573e+01 4.93e-02 2.32e+01  -3.8 1.40e-01    -  1.00e+00 1.00e+00h  1
 361r 1.1434199e+01 4.93e-02 7.34e+01  -3.8 4.65e-01    -  9.24e-01 3.25e-01h  1
 362r 1.1425643e+01 4.93e-02 3.93e+01  -3.8 2.10e-01    -  9.00e-01 7.06e-01h  1
 363r 1.1434298e+01 4.93e-02 5.13e+00  -3.8 1.08e-01    -  1.00e+00 1.00e+00h  1
 364r 1.1432191e+01 4.93e-02 8.28e+00  -3.8 3.65e-02    -  1.00e+00 1.00e+00h  1
 365r 1.1429468e+01 4.93e-02 1.02e+01  -4.0 3.05e-02    -  1.00e+00 1.00e+00h  1
 366r 1.1425235e+01 4.93e-02 1.11e+01  -4.0 4.86e-02    -  1.00e+00 1.00e+00h  1
 367r 1.1414608e+01 4.93e-02 3.52e+01  -4.0 9.35e-02    -  1.00e+00 1.00e+00h  1
 368r 1.1426782e+01 4.93e-02 1.86e+01  -4.0 9.12e-02    -  1.00e+00 1.00e+00h  1
 369r 1.1427547e+01 4.93e-02 1.48e+01  -4.0 4.86e-02    -  1.00e+00 1.00e+00h  1
iter    objective    inf_pr   inf_du lg(mu)  ||d||  lg(rg) alpha_du alpha_pr  ls
 370r 1.1423196e+01 4.93e-02 9.77e+00  -4.0 4.69e-02    -  1.00e+00 1.00e+00h  1
 371r 1.1424187e+01 4.93e-02 5.75e+00  -4.0 1.63e-02    -  1.00e+00 1.00e+00h  1
 372r 1.1425213e+01 4.93e-02 7.20e+00  -4.0 1.24e-02    -  1.00e+00 1.00e+00h  1
 373r 1.1425526e+01 4.93e-02 4.91e+00  -4.0 1.83e-02    -  1.00e+00 1.00e+00h  1
 374r 1.1422819e+01 4.93e-02 2.85e+01  -4.0 1.11e-01    -  1.00e+00 1.00e+00H  1
 375r 1.1421973e+01 4.93e-02 5.47e+01  -4.0 1.45e-01    -  1.00e+00 1.00e+00h  1
 376r 1.1419382e+01 4.93e-02 1.99e+01  -4.1 1.27e-01    -  7.15e-01 1.00e+00h  1
 377r 1.1417607e+01 4.93e-02 7.53e+01  -4.0 1.66e-01    -  1.00e+00 1.00e+00h  1
 378r 1.1420920e+01 4.93e-02 4.05e+01  -4.1 2.42e-01    -  7.55e-01 1.00e+00h  1
 379r 1.1413115e+01 4.93e-02 2.73e+01  -4.0 6.43e-02    -  1.00e+00 1.00e+00h  1
iter    objective    inf_pr   inf_du lg(mu)  ||d||  lg(rg) alpha_du alpha_pr  ls
 380r 1.1418367e+01 4.93e-02 7.61e+00  -4.1 4.88e-02    -  1.00e+00 1.00e+00h  1
 381r 1.1418026e+01 4.93e-02 3.55e+00  -4.0 1.38e-02    -  1.00e+00 1.00e+00h  1
 382r 1.1418109e+01 4.93e-02 2.22e+00  -4.1 8.46e-03    -  1.00e+00 1.00e+00h  1
 383r 1.1417444e+01 4.93e-02 4.33e+00  -4.0 1.29e-02    -  1.00e+00 1.00e+00h  1
 384r 1.1419854e+01 4.93e-02 8.77e+00  -4.0 1.86e-02    -  1.00e+00 1.00e+00h  1
 385r 1.1419699e+01 4.93e-02 1.11e+01  -4.1 1.44e-02    -  1.00e+00 1.00e+00h  1
 386r 1.1416600e+01 4.93e-02 3.45e+00  -4.0 2.96e-02    -  1.00e+00 1.00e+00h  1
 387r 1.1419628e+01 4.93e-02 1.31e+01  -4.1 3.30e-02    -  1.00e+00 1.00e+00h  1
 388r 1.1415687e+01 4.93e-02 5.83e+00  -4.0 4.92e-02    -  1.00e+00 1.00e+00h  1
 389r 1.1421199e+01 4.93e-02 2.37e+01  -4.1 6.98e-02    -  1.00e+00 1.00e+00h  1
iter    objective    inf_pr   inf_du lg(mu)  ||d||  lg(rg) alpha_du alpha_pr  ls
 390r 1.1414925e+01 4.93e-02 7.05e+00  -4.1 5.98e-02    -  1.00e+00 1.00e+00h  1
 391r 1.1410093e+01 4.93e-02 2.47e+01  -4.1 7.94e-02    -  1.00e+00 1.00e+00H  1
 392r 1.1416068e+01 4.93e-02 8.27e+00  -4.0 6.70e-02    -  1.00e+00 1.00e+00f  1
 393r 1.1418081e+01 4.93e-02 8.71e+00  -4.1 2.88e-02    -  1.00e+00 1.00e+00h  1
 394r 1.1415206e+01 4.93e-02 2.19e+00  -4.1 2.48e-02    -  1.00e+00 1.00e+00h  1
 395r 1.1415128e+01 4.93e-02 9.25e-01  -4.1 3.17e-03    -  1.00e+00 1.00e+00h  1
 396r 1.1414886e+01 4.93e-02 1.10e+00  -4.1 2.10e-03    -  1.00e+00 1.00e+00h  1
 397r 1.1414011e+01 4.93e-02 5.57e+00  -4.0 1.48e-02    -  1.00e+00 1.00e+00h  1
 398r 1.1420391e+01 4.93e-02 3.22e+01  -4.1 6.91e-02    -  1.00e+00 1.00e+00h  1
 399r 1.1412852e+01 4.93e-02 6.93e+00  -4.1 5.93e-02    -  1.00e+00 1.00e+00h  1
iter    objective    inf_pr   inf_du lg(mu)  ||d||  lg(rg) alpha_du alpha_pr  ls
 400r 1.1414508e+01 4.93e-02 4.65e+01  -4.1 1.16e-01    -  1.00e+00 1.00e+00H  1
 401r 1.1410586e+01 4.93e-02 1.98e+01  -4.1 1.09e-01    -  1.00e+00 1.00e+00H  1
 402r 1.1409745e+01 4.93e-02 2.67e+01  -4.1 1.54e-01    -  9.87e-01 2.32e-01h  3
 403r 1.1412699e+01 4.93e-02 9.16e+00  -4.1 5.38e-02    -  1.00e+00 1.00e+00H  1
 404r 1.1413286e+01 4.93e-02 1.44e+01  -4.0 3.47e-02    -  1.00e+00 1.00e+00h  1
 405r 1.1414806e+01 4.93e-02 7.76e+00  -4.1 6.90e-02    -  1.00e+00 1.00e+00h  1
 406r 1.1412435e+01 4.93e-02 7.18e+00  -4.1 4.97e-02    -  1.00e+00 1.00e+00h  1
 407r 1.1411071e+01 4.93e-02 1.29e+01  -4.1 3.07e-02    -  1.00e+00 1.00e+00h  1
 408r 1.1412757e+01 4.93e-02 4.69e+00  -4.1 4.00e-02    -  1.00e+00 1.00e+00h  1
 409r 1.1412998e+01 4.93e-02 6.00e+00  -4.1 1.41e-02    -  1.00e+00 1.00e+00h  1
iter    objective    inf_pr   inf_du lg(mu)  ||d||  lg(rg) alpha_du alpha_pr  ls
 410r 1.1412566e+01 4.93e-02 7.44e-01  -4.1 1.24e-02    -  1.00e+00 1.00e+00h  1
 411r 1.1412750e+01 4.93e-02 4.80e-01  -4.1 5.49e-03    -  1.00e+00 1.00e+00h  1
 412r 1.1412659e+01 4.93e-02 1.87e+00  -4.1 4.95e-03    -  1.00e+00 1.00e+00h  1
 413r 1.1412310e+01 4.93e-02 1.42e+00  -4.1 3.05e-03    -  1.00e+00 1.00e+00h  1
 414r 1.1412668e+01 4.93e-02 1.06e+00  -4.0 4.01e-03    -  1.00e+00 1.00e+00h  1
 415r 1.1414505e+01 4.93e-02 3.38e+00  -4.1 1.71e-02    -  1.00e+00 1.00e+00h  1
 416r 1.1412766e+01 4.93e-02 1.92e+00  -4.1 1.68e-02    -  1.00e+00 1.00e+00h  1
 417r 1.1411440e+01 4.93e-02 7.86e+00  -4.0 1.82e-02    -  1.00e+00 1.00e+00h  1
 418r 1.1415213e+01 4.93e-02 4.25e+00  -4.1 3.88e-02    -  1.00e+00 1.00e+00h  1
 419r 1.1412605e+01 4.93e-02 7.14e+00  -4.1 2.37e-02    -  1.00e+00 1.00e+00h  1
iter    objective    inf_pr   inf_du lg(mu)  ||d||  lg(rg) alpha_du alpha_pr  ls
 420r 1.1411741e+01 4.93e-02 2.81e+00  -4.1 1.88e-02    -  1.00e+00 1.00e+00h  1
 421r 1.1412831e+01 4.93e-02 1.43e+00  -4.1 1.12e-02    -  1.00e+00 1.00e+00h  1
 422r 1.1412815e+01 4.93e-02 2.14e+00  -4.1 5.27e-03    -  1.00e+00 1.00e+00h  1
 423r 1.1412321e+01 4.93e-02 6.68e-01  -4.1 7.00e-03    -  1.00e+00 1.00e+00h  1
 424r 1.1412525e+01 4.93e-02 7.76e-01  -4.1 1.97e-03    -  1.00e+00 1.00e+00h  1
 425r 1.1412475e+01 4.93e-02 1.59e-01  -4.1 8.23e-04    -  1.00e+00 1.00e+00h  1
 426r 1.1412447e+01 4.93e-02 7.22e-02  -4.1 3.63e-04    -  1.00e+00 1.00e+00h  1
 427r 1.1412741e+01 4.93e-02 1.34e+00  -4.0 2.57e-03    -  1.00e+00 1.00e+00f  1
 428r 1.1418271e+01 4.93e-02 1.18e+01  -4.1 5.03e-02    -  1.00e+00 1.00e+00h  1
 429r 1.1413580e+01 4.93e-02 2.92e+00  -4.1 3.78e-02    -  1.00e+00 1.00e+00h  1
iter    objective    inf_pr   inf_du lg(mu)  ||d||  lg(rg) alpha_du alpha_pr  ls
 430r 1.1405870e+01 4.93e-02 1.74e+01  -4.1 6.19e-02    -  1.00e+00 1.00e+00H  1
 431r 1.1413963e+01 4.93e-02 4.69e+00  -4.0 6.25e-02    -  1.00e+00 1.00e+00f  1
 432r 1.1416641e+01 4.93e-02 7.74e+00  -4.1 2.42e-02    -  1.00e+00 1.00e+00h  1
 433r 1.1411630e+01 4.93e-02 4.38e+00  -4.1 3.93e-02    -  1.00e+00 1.00e+00h  1
 434r 1.1406902e+01 4.93e-02 1.45e+01  -4.1 4.25e-02    -  1.00e+00 1.00e+00H  1
 435r 1.1414191e+01 4.93e-02 4.73e+00  -4.0 5.26e-02    -  1.00e+00 1.00e+00f  1
 436r 1.1415506e+01 4.93e-02 3.85e+00  -4.1 1.61e-02    -  1.00e+00 1.00e+00h  1
 437r 1.1410115e+01 4.93e-02 6.43e+00  -4.1 4.58e-02    -  1.00e+00 1.00e+00h  1
 438r 1.1410634e+01 4.93e-02 4.90e+00  -4.1 1.52e-02    -  1.00e+00 2.50e-01h  3
 439r 1.1412519e+01 4.93e-02 9.85e-01  -4.1 1.45e-02    -  1.00e+00 1.00e+00h  1
iter    objective    inf_pr   inf_du lg(mu)  ||d||  lg(rg) alpha_du alpha_pr  ls
 440r 1.1413563e+01 4.93e-02 4.17e+00  -4.1 9.07e-03    -  1.00e+00 1.00e+00H  1
 441r 1.1412430e+01 4.93e-02 7.63e-01  -4.0 7.99e-03    -  1.00e+00 1.00e+00f  1
 442r 1.1416514e+01 4.93e-02 3.79e+00  -4.1 3.79e-02    -  1.00e+00 1.00e+00h  1
 443r 1.1413642e+01 4.93e-02 3.09e+00  -4.1 2.35e-02    -  1.00e+00 1.00e+00h  1
 444r 1.1406789e+01 4.93e-02 1.27e+01  -4.1 5.94e-02    -  1.00e+00 1.00e+00H  1
 445r 1.1412760e+01 4.93e-02 9.72e+00  -4.1 4.65e-02    -  1.00e+00 1.00e+00H  1
 446r 1.1416732e+01 4.93e-02 1.31e+01  -4.0 3.85e-02    -  1.00e+00 1.00e+00f  1
 447r 1.1415226e+01 4.93e-02 3.68e+00  -4.1 1.75e-02    -  1.00e+00 1.00e+00h  1
 448r 1.1411920e+01 4.93e-02 3.67e+00  -4.1 2.43e-02    -  1.00e+00 1.00e+00H  1
 449r 1.1410085e+01 4.93e-02 5.29e+00  -4.1 1.33e-02    -  1.00e+00 1.00e+00h  1
iter    objective    inf_pr   inf_du lg(mu)  ||d||  lg(rg) alpha_du alpha_pr  ls
 450r 1.1412972e+01 4.93e-02 1.54e+00  -4.1 2.02e-02    -  1.00e+00 1.00e+00H  1
 451r 1.1412873e+01 4.93e-02 1.20e+00  -4.0 4.33e-03    -  1.00e+00 1.00e+00f  1
 452r 1.1415904e+01 4.93e-02 3.25e+00  -4.1 2.78e-02    -  1.00e+00 1.00e+00h  1
 453r 1.1412865e+01 4.93e-02 1.72e+00  -4.1 2.52e-02    -  1.00e+00 1.00e+00h  1
 454r 1.1407192e+01 4.93e-02 7.18e+00  -4.1 3.39e-02    -  1.00e+00 1.00e+00H  1
 455r 1.1413220e+01 4.93e-02 3.54e+00  -4.1 3.77e-02    -  1.00e+00 1.00e+00h  1
 456r 1.1412058e+01 4.93e-02 2.77e+00  -4.1 1.40e-02    -  1.00e+00 1.00e+00h  1
 457r 1.1412542e+01 4.93e-02 1.47e+00  -4.1 6.99e-03    -  1.00e+00 1.00e+00h  1
 458r 1.1412499e+01 4.93e-02 7.91e-01  -4.1 1.23e-03    -  1.00e+00 1.00e+00h  1
 459r 1.1412471e+01 4.93e-02 4.15e-02  -4.1 3.85e-04    -  1.00e+00 1.00e+00h  1
iter    objective    inf_pr   inf_du lg(mu)  ||d||  lg(rg) alpha_du alpha_pr  ls
 460r 1.1412468e+01 4.93e-02 4.42e-02  -4.1 1.31e-04    -  1.00e+00 1.00e+00h  1
 461r 1.1412431e+01 4.93e-02 5.52e-01  -4.1 1.81e-03    -  1.00e+00 1.00e+00h  1
 462r 1.1412491e+01 4.93e-02 1.56e+00  -4.1 3.29e-03    -  1.00e+00 1.00e+00H  1
 463r 1.1413046e+01 4.93e-02 1.99e+00  -4.0 4.98e-03    -  1.00e+00 1.00e+00f  1
 464r 1.1415198e+01 4.93e-02 1.07e+01  -4.1 3.79e-02    -  1.00e+00 1.00e+00h  1
 465r 1.1413499e+01 4.93e-02 2.27e+00  -4.1 3.15e-02    -  1.00e+00 1.00e+00h  1
 466r 1.1412466e+01 4.93e-02 6.99e+00  -4.1 1.90e-02    -  1.00e+00 1.00e+00h  1
 467r 1.1413111e+01 4.93e-02 2.09e+00  -4.1 1.00e-02    -  1.00e+00 1.00e+00H  1
 468r 1.1412957e+01 4.93e-02 2.03e+00  -4.1 3.59e-03    -  1.00e+00 1.00e+00h  1
 469r 1.1412916e+01 4.93e-02 6.85e-01  -4.1 1.39e-03    -  1.00e+00 1.00e+00h  1
iter    objective    inf_pr   inf_du lg(mu)  ||d||  lg(rg) alpha_du alpha_pr  ls
 470r 1.1412864e+01 4.93e-02 1.21e-01  -4.1 1.07e-03    -  1.00e+00 1.00e+00h  1
 471r 1.1412830e+01 4.93e-02 1.47e-01  -4.1 3.54e-04    -  1.00e+00 1.00e+00h  1
 472r 1.1412531e+01 4.93e-02 5.54e-01  -4.1 2.35e-03    -  1.00e+00 1.00e+00H  1
 473r 1.1413233e+01 4.93e-02 2.12e+00  -4.0 4.47e-03    -  1.00e+00 1.00e+00f  1
 474r 1.1417805e+01 4.93e-02 1.21e+01  -4.1 5.61e-02    -  1.00e+00 1.00e+00h  1
 475r 1.1413457e+01 4.93e-02 4.72e+00  -4.1 3.95e-02    -  1.00e+00 1.00e+00h  1
 476r 1.1410921e+01 4.93e-02 1.12e+01  -4.1 2.84e-02    -  1.00e+00 1.00e+00h  1
 477r 1.1413600e+01 4.93e-02 2.04e+00  -4.1 2.54e-02    -  1.00e+00 1.00e+00h  1
 478r 1.1413278e+01 4.93e-02 1.99e+00  -4.1 6.46e-03    -  1.00e+00 1.00e+00h  1
 479r 1.1412773e+01 4.93e-02 7.52e-01  -4.1 4.78e-03    -  1.00e+00 1.00e+00h  1
iter    objective    inf_pr   inf_du lg(mu)  ||d||  lg(rg) alpha_du alpha_pr  ls
 480r 1.1412560e+01 4.93e-02 8.37e-01  -4.1 2.16e-03    -  1.00e+00 1.00e+00h  1
 481r 1.1412467e+01 4.93e-02 1.31e+00  -4.1 3.17e-03    -  1.00e+00 1.00e+00H  1
 482r 1.1412461e+01 4.93e-02 2.19e+00  -4.1 3.49e-03    -  1.00e+00 1.00e+00H  1
 483r 1.1412561e+01 4.93e-02 5.60e-01  -4.1 2.84e-03    -  1.00e+00 1.00e+00H  1
 484r 1.1413123e+01 4.93e-02 1.86e+00  -4.0 3.22e-03    -  1.00e+00 1.00e+00f  1
 485r 1.1418762e+01 4.93e-02 1.68e+01  -4.1 6.88e-02    -  1.00e+00 1.00e+00h  1
 486r 1.1417703e+01 4.93e-02 2.10e+01  -4.1 3.25e-02    -  1.00e+00 1.00e+00h  1
 487r 1.1413282e+01 4.93e-02 2.00e+01  -4.1 9.06e-02    -  1.00e+00 1.00e+00h  1
 488r 1.1410891e+01 4.93e-02 1.03e+01  -4.1 5.09e-02    -  1.00e+00 5.00e-01h  2
 489r 1.1412905e+01 4.93e-02 1.79e+00  -4.1 2.14e-02    -  1.00e+00 1.00e+00h  1
iter    objective    inf_pr   inf_du lg(mu)  ||d||  lg(rg) alpha_du alpha_pr  ls
 490r 1.1412637e+01 4.93e-02 5.32e-01  -4.1 3.12e-03    -  1.00e+00 1.00e+00h  1
 491r 1.1411694e+01 4.93e-02 2.42e+00  -4.1 6.66e-03    -  1.00e+00 1.00e+00H  1
 492r 1.1412304e+01 4.93e-02 1.57e+00  -4.1 4.19e-03    -  1.00e+00 1.00e+00H  1
 493r 1.1413009e+01 4.93e-02 2.68e+00  -4.1 8.65e-03    -  1.00e+00 1.00e+00H  1
 494r 1.1412440e+01 4.93e-02 1.39e+00  -4.1 4.36e-03    -  1.00e+00 1.00e+00H  1
 495r 1.1412339e+01 4.93e-02 5.24e-01  -4.1 3.03e-03    -  1.00e+00 1.00e+00H  1
 496r 1.1413244e+01 4.93e-02 1.25e+00  -4.0 5.78e-03    -  1.00e+00 1.00e+00f  1
 497r 1.1419870e+01 4.93e-02 1.35e+01  -4.1 7.77e-02    -  1.00e+00 1.00e+00h  1
 498r 1.1412666e+01 4.93e-02 6.24e+00  -4.1 7.75e-02    -  1.00e+00 1.00e+00h  1
 499r 1.1413319e+01 4.93e-02 7.24e+00  -4.1 2.20e-02    -  1.00e+00 1.00e+00h  1
iter    objective    inf_pr   inf_du lg(mu)  ||d||  lg(rg) alpha_du alpha_pr  ls
 500r 1.1412958e+01 4.93e-02 1.66e+00  -4.1 1.84e-02    -  1.00e+00 1.00e+00h  1
 501r 1.1412536e+01 4.93e-02 4.81e-01  -4.1 3.96e-03    -  1.00e+00 1.00e+00h  1
 502r 1.1412324e+01 4.93e-02 3.27e+00  -4.1 4.42e-03    -  1.00e+00 1.00e+00h  1
 503r 1.1412644e+01 4.93e-02 7.06e-01  -4.1 2.94e-03    -  1.00e+00 1.00e+00h  1
 504r 1.1412538e+01 4.93e-02 4.38e-01  -4.1 9.48e-04    -  1.00e+00 1.00e+00h  1
 505r 1.1412527e+01 4.93e-02 7.26e-02  -4.1 3.98e-04    -  1.00e+00 1.00e+00H  1
 506r 1.1413081e+01 4.93e-02 1.36e+00  -4.0 2.95e-03    -  1.00e+00 1.00e+00f  1
 507r 1.1420235e+01 4.93e-02 1.78e+01  -4.1 6.63e-02    -  1.00e+00 1.00e+00h  1
 508r 1.1413345e+01 4.93e-02 5.95e+00  -4.1 5.26e-02    -  1.00e+00 1.00e+00h  1
 509r 1.1409746e+01 4.93e-02 1.66e+01  -4.1 4.00e-02    -  1.00e+00 1.00e+00h  1
iter    objective    inf_pr   inf_du lg(mu)  ||d||  lg(rg) alpha_du alpha_pr  ls
 510r 1.1414234e+01 4.93e-02 9.00e+00  -4.1 3.60e-02    -  1.00e+00 1.00e+00h  1
 511r 1.1412950e+01 4.93e-02 6.13e+00  -4.1 1.83e-02    -  1.00e+00 1.00e+00h  1
 512r 1.1412582e+01 4.93e-02 1.81e+00  -4.1 1.19e-02    -  1.00e+00 1.00e+00h  1
 513r 1.1412657e+01 4.93e-02 4.08e-01  -4.1 5.80e-04    -  1.00e+00 1.00e+00h  1
 514r 1.1412703e+01 4.93e-02 2.52e-01  -4.1 8.42e-04    -  1.00e+00 1.00e+00h  1
 515r 1.1412748e+01 4.93e-02 7.87e-01  -4.1 2.16e-03    -  1.00e+00 1.00e+00h  1
 516r 1.1412658e+01 4.93e-02 8.95e-01  -4.1 1.88e-03    -  1.00e+00 1.00e+00h  1
 517r 1.1412569e+01 4.93e-02 8.63e-01  -4.1 1.59e-03    -  1.00e+00 1.00e+00h  1
 518r 1.1412585e+01 4.93e-02 5.08e-01  -4.1 1.20e-03    -  1.00e+00 5.00e-01h  2
 519r 1.1412612e+01 4.93e-02 1.06e-01  -4.1 4.74e-04    -  1.00e+00 1.00e+00h  1
iter    objective    inf_pr   inf_du lg(mu)  ||d||  lg(rg) alpha_du alpha_pr  ls
 520r 1.1412607e+01 4.93e-02 3.41e-01  -4.1 1.06e-03    -  1.00e+00 1.00e+00H  1
 521r 1.1413545e+01 4.93e-02 3.05e+00  -4.0 7.00e-03    -  1.00e+00 1.00e+00f  1
 522r 1.1415806e+01 4.93e-02 1.25e+01  -4.1 4.85e-02    -  1.00e+00 1.00e+00h  1
 523r 1.1412966e+01 4.93e-02 1.08e+01  -4.1 2.51e-02    -  1.00e+00 1.00e+00h  1
 524r 1.1413507e+01 4.93e-02 9.70e+00  -4.1 5.48e-02    -  1.00e+00 1.00e+00h  1
 525r 1.1414298e+01 4.93e-02 6.85e+00  -4.1 1.80e-02    -  1.00e+00 1.00e+00h  1
 526r 1.1413056e+01 4.93e-02 1.87e+00  -4.1 1.41e-02    -  1.00e+00 1.00e+00h  1
 527r 1.1413700e+01 4.93e-02 1.58e+00  -4.0 4.98e-03    -  1.00e+00 1.00e+00h  1
 528r 1.1415930e+01 4.93e-02 8.68e+00  -4.1 4.91e-02    -  1.00e+00 1.00e+00h  1
 529r 1.1413877e+01 4.93e-02 1.70e+01  -4.1 2.48e-02    -  1.00e+00 1.00e+00h  1
iter    objective    inf_pr   inf_du lg(mu)  ||d||  lg(rg) alpha_du alpha_pr  ls
 530r 1.1413568e+01 4.93e-02 1.16e+01  -4.1 6.88e-02    -  1.00e+00 1.00e+00h  1
 531r 1.1399832e+01 4.93e-02 4.77e+01  -4.1 1.22e-01    -  1.00e+00 1.00e+00H  1
 532r 1.1413201e+01 4.93e-02 2.93e+01  -4.1 1.62e-01    -  1.00e+00 1.00e+00f  1
 533r 1.1412334e+01 4.93e-02 1.00e+01  -4.1 3.95e-02    -  1.00e+00 1.00e+00h  1
 534r 1.1411598e+01 4.93e-02 1.98e+01  -4.1 5.20e-02    -  1.00e+00 1.00e+00H  1
 535r 1.1411858e+01 4.93e-02 1.20e+01  -4.1 2.65e-02    -  1.00e+00 1.00e+00h  1
 536r 1.1412484e+01 4.93e-02 9.32e+00  -4.1 3.47e-02    -  1.00e+00 1.00e+00H  1
 537r 1.1413604e+01 4.93e-02 1.05e+01  -4.1 1.63e-02    -  1.00e+00 1.00e+00h  1
 538r 1.1411825e+01 4.93e-02 5.33e+00  -4.1 2.40e-02    -  1.00e+00 1.00e+00h  1
 539r 1.1412642e+01 4.93e-02 3.24e+00  -4.1 1.24e-02    -  1.00e+00 1.00e+00H  1
iter    objective    inf_pr   inf_du lg(mu)  ||d||  lg(rg) alpha_du alpha_pr  ls
 540r 1.1412646e+01 4.93e-02 2.89e+00  -4.1 7.13e-03    -  1.00e+00 1.00e+00h  1
 541r 1.1412418e+01 4.93e-02 8.44e-01  -4.1 3.05e-03    -  1.00e+00 1.00e+00h  1
 542r 1.1412494e+01 4.93e-02 8.31e-01  -4.1 1.30e-03    -  1.00e+00 1.00e+00H  1
 543r 1.1412541e+01 4.93e-02 3.17e-01  -4.1 2.19e-03    -  1.00e+00 1.00e+00H  1
 544r 1.1412504e+01 4.93e-02 1.84e-01  -4.1 9.77e-04    -  1.00e+00 1.00e+00h  1
 545r 1.1412473e+01 4.93e-02 2.50e-01  -4.1 5.96e-04    -  1.00e+00 1.00e+00h  1
 546r 1.1412513e+01 4.93e-02 1.06e-01  -4.1 5.92e-04    -  1.00e+00 1.00e+00h  1
 547r 1.1412516e+01 4.93e-02 8.11e-02  -4.1 2.43e-04    -  1.00e+00 1.00e+00h  1
 548r 1.1412505e+01 4.93e-02 2.59e-01  -4.1 1.03e-03    -  1.00e+00 1.00e+00H  1
 549r 1.1412547e+01 4.93e-02 4.23e-01  -4.1 5.74e-04    -  1.00e+00 1.00e+00H  1
iter    objective    inf_pr   inf_du lg(mu)  ||d||  lg(rg) alpha_du alpha_pr  ls
 550r 1.1412530e+01 4.93e-02 2.44e-01  -4.1 3.43e-04    -  1.00e+00 1.00e+00H  1
 551r 1.1412759e+01 4.93e-02 9.28e-01  -4.0 1.62e-03    -  1.00e+00 1.00e+00f  1
 552r 1.1416189e+01 4.93e-02 1.21e+01  -4.1 5.02e-02    -  1.00e+00 1.00e+00h  1
 553r 1.1414537e+01 4.93e-02 1.31e+01  -4.1 2.51e-02    -  1.00e+00 1.00e+00h  1
 554r 1.1413742e+01 4.93e-02 1.21e+01  -4.1 6.39e-02    -  1.00e+00 1.00e+00h  1
 555r 1.1411059e+01 4.93e-02 2.28e+01  -4.1 8.47e-02    -  1.00e+00 1.00e+00H  1
 556r 1.1414356e+01 4.93e-02 1.31e+01  -4.1 1.01e-01    -  1.00e+00 1.00e+00h  1
 557r 1.1415692e+01 4.93e-02 1.42e+01  -4.1 2.63e-02    -  1.00e+00 1.00e+00h  1
 558r 1.1412784e+01 4.93e-02 6.75e+00  -4.1 5.71e-02    -  1.00e+00 1.00e+00h  1
 559r 1.1413004e+01 4.93e-02 1.99e+00  -4.1 1.28e-02    -  1.00e+00 1.00e+00h  1
iter    objective    inf_pr   inf_du lg(mu)  ||d||  lg(rg) alpha_du alpha_pr  ls
 560r 1.1414779e+01 4.93e-02 1.14e+01  -4.1 3.97e-02    -  1.00e+00 1.00e+00H  1
 561r 1.1414609e+01 4.93e-02 1.06e+01  -4.1 1.99e-02    -  1.00e+00 1.00e+00h  1
 562r 1.1412520e+01 4.93e-02 8.05e+00  -4.1 5.62e-02    -  1.00e+00 1.00e+00H  1
 563r 1.1409906e+01 4.93e-02 1.55e+01  -4.1 4.03e-02    -  1.00e+00 1.00e+00H  1
 564r 1.1414277e+01 4.93e-02 8.52e+00  -4.1 6.71e-02    -  1.00e+00 1.00e+00F  1
 565r 1.1413020e+01 4.93e-02 9.82e+00  -4.1 2.73e-02    -  1.00e+00 1.00e+00h  1
 566r 1.1413123e+01 4.93e-02 1.92e+00  -4.1 2.28e-02    -  1.00e+00 1.00e+00h  1
 567r 1.1413256e+01 4.93e-02 6.48e-01  -4.0 2.62e-03    -  1.00e+00 1.00e+00h  1
 568r 1.1418361e+01 4.93e-02 1.64e+01  -4.1 8.22e-02    -  1.00e+00 1.00e+00h  1
 569r 1.1414854e+01 4.93e-02 1.11e+01  -4.1 3.62e-02    -  1.00e+00 1.00e+00h  1
iter    objective    inf_pr   inf_du lg(mu)  ||d||  lg(rg) alpha_du alpha_pr  ls
 570r 1.1412428e+01 4.93e-02 7.55e+00  -4.1 5.25e-02    -  1.00e+00 1.00e+00h  1
 571r 1.1410786e+01 4.93e-02 2.09e+01  -4.1 5.36e-02    -  1.00e+00 1.00e+00H  1
 572r 1.1414027e+01 4.93e-02 1.18e+01  -4.1 8.70e-02    -  1.00e+00 1.00e+00h  1
 573r 1.1414177e+01 4.93e-02 9.06e+00  -4.1 2.47e-02    -  1.00e+00 2.50e-01h  3
 574r 1.1413906e+01 4.93e-02 7.35e+00  -4.1 4.03e-02    -  1.00e+00 1.25e-01h  4
 575r 1.1413907e+01 4.93e-02 7.34e+00  -4.1 2.77e-02    -  1.00e+00 9.77e-04h 11
 576r 1.1412996e+01 4.93e-02 1.11e+00  -4.1 2.35e-02    -  1.00e+00 1.00e+00h  1
 577r 1.1410854e+01 4.93e-02 1.12e+01  -4.1 3.00e-02    -  1.00e+00 1.00e+00H  1
 578r 1.1412848e+01 4.93e-02 2.89e+00  -4.1 3.21e-02    -  1.00e+00 1.00e+00h  1
 579r 1.1412863e+01 4.93e-02 1.85e+00  -4.1 1.13e-02    -  1.00e+00 5.00e-01h  2
iter    objective    inf_pr   inf_du lg(mu)  ||d||  lg(rg) alpha_du alpha_pr  ls
 580r 1.1412221e+01 4.93e-02 1.93e+00  -4.1 1.70e-02    -  1.00e+00 1.00e+00h  1
 581r 1.1410711e+01 4.93e-02 7.97e+00  -4.1 2.85e-02    -  1.00e+00 1.00e+00H  1
 582r 1.1412018e+01 4.93e-02 3.07e+00  -4.1 1.51e-02    -  1.00e+00 1.00e+00h  1
 583r 1.1412432e+01 4.93e-02 2.00e+00  -4.1 1.57e-02    -  1.00e+00 5.00e-01h  2
 584r 1.1411715e+01 4.93e-02 2.16e+00  -4.1 1.63e-02    -  1.00e+00 1.00e+00H  1
 585r 1.1413120e+01 4.93e-02 3.28e+00  -4.0 1.31e-02    -  1.00e+00 1.00e+00f  1
 586r 1.1422709e+01 4.93e-02 4.05e+01  -4.1 1.88e-01    -  1.00e+00 1.00e+00h  1
 587r 1.1421303e+01 4.93e-02 3.84e+01  -4.1 1.04e-01    -  1.00e+00 1.00e+00h  1
 588r 1.1412170e+01 4.93e-02 2.09e+01  -4.1 2.42e-01    -  1.00e+00 1.00e+00h  1
 589r 1.1418408e+01 4.93e-02 1.89e+01  -4.0 7.37e-02    -  1.00e+00 1.00e+00h  1
iter    objective    inf_pr   inf_du lg(mu)  ||d||  lg(rg) alpha_du alpha_pr  ls
 590r 1.1416618e+01 4.93e-02 7.05e+00  -4.1 4.86e-02    -  1.00e+00 1.00e+00h  1
 591r 1.1411723e+01 4.93e-02 1.10e+01  -4.0 9.76e-02    -  1.00e+00 1.00e+00h  1
 592r 1.1424285e+01 4.93e-02 1.56e+01  -4.1 8.64e-02    -  1.00e+00 1.00e+00h  1
 593r 1.1416088e+01 4.93e-02 6.20e+00  -4.1 5.76e-02    -  1.00e+00 1.00e+00h  1
 594r 1.1407668e+01 4.93e-02 2.02e+01  -4.1 7.42e-02    -  1.00e+00 1.00e+00H  1
 595r 1.1409498e+01 4.93e-02 1.24e+01  -4.1 5.07e-02    -  1.00e+00 1.00e+00H  1
 596r 1.1413290e+01 4.93e-02 6.68e+00  -4.1 5.36e-02    -  1.00e+00 1.00e+00H  1
 597r 1.1411642e+01 4.93e-02 3.12e+00  -4.1 2.84e-02    -  1.00e+00 1.00e+00h  1
 598r 1.1411346e+01 4.93e-02 2.75e+00  -4.1 9.02e-03    -  1.00e+00 5.00e-01h  2
 599r 1.1411875e+01 4.93e-02 9.53e-01  -4.1 1.08e-02    -  1.00e+00 5.00e-01h  2
iter    objective    inf_pr   inf_du lg(mu)  ||d||  lg(rg) alpha_du alpha_pr  ls
 600r 1.1411785e+01 4.93e-02 1.53e+00  -4.1 7.55e-03    -  1.00e+00 1.00e+00H  1
 601r 1.1412074e+01 4.93e-02 5.97e-01  -4.1 5.79e-03    -  1.00e+00 1.00e+00H  1
 602r 1.1412538e+01 4.93e-02 1.28e+00  -4.0 2.62e-03    -  1.00e+00 1.00e+00f  1
 603r 1.1419207e+01 4.93e-02 1.39e+01  -4.1 7.57e-02    -  1.00e+00 1.00e+00h  1
 604r 1.1415523e+01 4.93e-02 1.02e+01  -4.1 2.35e-02    -  1.00e+00 1.00e+00h  1
 605r 1.1408620e+01 4.93e-02 1.08e+01  -4.1 7.75e-02    -  1.00e+00 1.00e+00h  1
 606r 1.1414797e+01 4.93e-02 1.02e+01  -4.1 4.00e-02    -  1.00e+00 1.00e+00h  1
 607r 1.1414284e+01 4.93e-02 3.03e+00  -4.1 2.49e-02    -  1.00e+00 1.00e+00h  1
 608r 1.1411623e+01 4.93e-02 2.69e+00  -4.1 2.08e-02    -  1.00e+00 1.00e+00h  1
 609r 1.1411519e+01 4.93e-02 3.51e+00  -4.1 1.04e-02    -  1.00e+00 1.00e+00h  1
iter    objective    inf_pr   inf_du lg(mu)  ||d||  lg(rg) alpha_du alpha_pr  ls
 610r 1.1412827e+01 4.93e-02 1.11e+00  -4.1 1.63e-02    -  1.00e+00 1.00e+00h  1
 611r 1.1412427e+01 4.93e-02 9.58e-01  -4.1 4.74e-03    -  1.00e+00 1.00e+00h  1
 612r 1.1412119e+01 4.93e-02 1.57e+00  -4.1 6.24e-03    -  1.00e+00 1.00e+00H  1
 613r 1.1412495e+01 4.93e-02 5.95e-01  -4.1 5.14e-03    -  1.00e+00 1.00e+00H  1
 614r 1.1412805e+01 4.93e-02 1.12e+00  -4.1 4.33e-03    -  1.00e+00 1.00e+00h  1
 615r 1.1412449e+01 4.93e-02 5.09e-01  -4.1 5.83e-03    -  1.00e+00 1.00e+00h  1
 616r 1.1412545e+01 4.93e-02 2.74e-01  -4.1 1.36e-03    -  1.00e+00 1.00e+00h  1
 617r 1.1412464e+01 4.93e-02 2.02e-01  -4.1 1.03e-03    -  1.00e+00 1.00e+00h  1
 618r 1.1412451e+01 4.93e-02 4.44e-01  -4.1 1.49e-03    -  1.00e+00 1.00e+00H  1
 619r 1.1412535e+01 4.93e-02 4.59e-01  -4.1 6.96e-04    -  1.00e+00 1.00e+00H  1
iter    objective    inf_pr   inf_du lg(mu)  ||d||  lg(rg) alpha_du alpha_pr  ls
 620r 1.1412549e+01 4.93e-02 2.41e-01  -4.1 6.84e-04    -  1.00e+00 1.00e+00H  1
 621r 1.1412507e+01 4.93e-02 3.54e-01  -4.1 1.14e-03    -  1.00e+00 1.00e+00H  1
 622r 1.1412394e+01 4.93e-02 2.42e+00  -4.1 5.99e-03    -  1.00e+00 1.00e+00H  1
 623r 1.1412476e+01 4.93e-02 2.68e+00  -4.1 2.96e-03    -  1.00e+00 1.00e+00H  1
 624r 1.1412476e+01 4.93e-02 2.68e+00  -4.1 3.73e-03    -  1.00e+00 1.22e-04h 14
 625r 1.1412514e+01 4.93e-02 1.67e+00  -4.1 4.24e-03    -  1.00e+00 1.00e+00H  1
 626r 1.1412425e+01 4.93e-02 1.28e+00  -4.1 3.72e-03    -  1.00e+00 1.00e+00H  1
 627r 1.1412432e+01 4.93e-02 9.51e-01  -4.1 4.57e-03    -  1.00e+00 1.00e+00H  1
 628r 1.1412432e+01 4.93e-02 9.50e-01  -4.1 1.08e-03    -  1.00e+00 1.22e-04h 14
 629r 1.1412432e+01 4.93e-02 9.50e-01  -4.1 1.54e-03    -  1.00e+00 2.44e-04h 13
iter    objective    inf_pr   inf_du lg(mu)  ||d||  lg(rg) alpha_du alpha_pr  ls
 630r 1.1412432e+01 4.93e-02 9.50e-01  -4.1 1.67e-03    -  1.00e+00 2.44e-04h 13
 631r 1.1412432e+01 4.93e-02 9.50e-01  -4.1 2.80e-03    -  1.00e+00 3.05e-05h 16
 632r 1.1412690e+01 4.93e-02 9.33e-01  -4.1 4.47e-03    -  1.00e+00 1.00e+00h  1
 633r 1.1412689e+01 4.93e-02 9.29e-01  -4.1 1.74e-03    -  1.00e+00 3.12e-02h  6
 634r 1.1412688e+01 4.93e-02 9.17e-01  -4.1 1.13e-03    -  1.00e+00 1.56e-02h  7
 635r 1.1412687e+01 4.93e-02 9.11e-01  -4.1 1.22e-03    -  1.00e+00 7.81e-03h  8
 636r 1.1412687e+01 4.93e-02 9.11e-01  -4.1 1.28e-03    -  1.00e+00 2.44e-04h 13
 637r 1.1412687e+01 4.93e-02 9.11e-01  -4.1 1.26e-03    -  1.00e+00 1.22e-04h 14
 638r 1.1412663e+01 4.93e-02 1.46e-01  -4.1 1.24e-03    -  1.00e+00 1.00e+00h  1
 639r 1.1412657e+01 4.93e-02 7.76e-02  -4.1 1.51e-04    -  1.00e+00 1.00e+00h  1
iter    objective    inf_pr   inf_du lg(mu)  ||d||  lg(rg) alpha_du alpha_pr  ls
 640r 1.1412655e+01 4.93e-02 3.89e-02  -4.1 8.71e-05    -  1.00e+00 1.00e+00h  1
 641r 1.1412649e+01 4.93e-02 1.11e-01  -4.1 3.17e-04    -  1.00e+00 1.00e+00h  1
 642r 1.1412634e+01 4.93e-02 2.51e-01  -4.1 4.84e-04    -  1.00e+00 1.00e+00h  1
 643r 1.1412640e+01 4.93e-02 2.70e-02  -4.1 3.19e-04    -  1.00e+00 1.00e+00h  1
 644r 1.1412640e+01 4.93e-02 3.22e-02  -4.1 9.87e-05    -  1.00e+00 1.00e+00h  1
 645r 1.1412639e+01 4.93e-02 8.20e-03  -4.1 5.70e-05    -  1.00e+00 1.00e+00h  1
 646r 1.1412638e+01 4.93e-02 1.27e-02  -4.1 4.52e-05    -  1.00e+00 1.00e+00h  1
 647r 1.1412613e+01 4.93e-02 3.25e-01  -4.1 1.13e-03    -  1.00e+00 1.00e+00H  1
 648r 1.1412641e+01 4.93e-02 4.64e-01  -4.1 1.09e-03    -  1.00e+00 1.00e+00h  1
 649r 1.1412661e+01 4.93e-02 1.23e-01  -4.1 1.54e-03    -  1.00e+00 1.00e+00H  1
iter    objective    inf_pr   inf_du lg(mu)  ||d||  lg(rg) alpha_du alpha_pr  ls
 650r 1.1412676e+01 4.93e-02 2.90e-01  -4.1 7.13e-04    -  1.00e+00 1.00e+00H  1
 651r 1.1412650e+01 4.93e-02 9.59e-02  -4.1 9.68e-04    -  1.00e+00 1.00e+00H  1
 652r 1.1412651e+01 4.93e-02 5.68e-02  -4.1 1.58e-04    -  1.00e+00 1.00e+00H  1
 653r 1.1412654e+01 4.93e-02 3.21e-02  -4.1 1.75e-04    -  1.00e+00 1.00e+00H  1
 654r 1.1412658e+01 4.93e-02 4.53e-02  -4.1 1.93e-04    -  1.00e+00 1.00e+00H  1
 655r 1.1412658e+01 4.93e-02 4.53e-02  -4.1 6.47e-04    -  0.00e+00 4.66e-10R 32
 656r 1.1412658e+01 4.93e-02 4.53e-02  -4.1 6.47e-04    -  1.00e+00 4.55e-13h 42
 657r 1.1412658e+01 4.93e-02 4.53e-02  -4.1 6.47e-04    -  0.00e+00 1.16e-10R 34
 658r 1.1412658e+01 4.93e-02 9.14e-04  -4.1 2.20e-06    -  1.00e+00 1.00e+00H  1
 659r 1.1412841e+01 4.93e-02 7.71e-01  -4.0 1.47e-03    -  1.00e+00 1.00e+00f  1
iter    objective    inf_pr   inf_du lg(mu)  ||d||  lg(rg) alpha_du alpha_pr  ls
 660r 1.1414458e+01 4.93e-02 4.16e+00  -4.1 1.18e-02    -  1.00e+00 1.00e+00f  1
 661r 1.1412894e+01 4.93e-02 5.34e-01  -4.1 1.04e-02    -  1.00e+00 1.00e+00h  1
 662r 1.1412344e+01 4.93e-02 1.37e+00  -4.1 4.94e-03    -  1.00e+00 1.00e+00H  1
 663r 1.1412704e+01 4.93e-02 2.66e-01  -4.1 3.45e-03    -  1.00e+00 1.00e+00H  1
 664r 1.1412693e+01 4.93e-02 1.52e-01  -4.1 6.92e-04    -  1.00e+00 1.00e+00h  1
 665r 1.1412669e+01 4.93e-02 4.30e-02  -4.1 2.66e-04    -  1.00e+00 1.00e+00h  1
 666r 1.1412672e+01 4.93e-02 2.86e-02  -4.1 8.28e-05    -  1.00e+00 1.00e+00h  1
 667r 1.1412675e+01 4.93e-02 1.29e-02  -4.1 3.37e-05    -  1.00e+00 1.00e+00h  1
 668r 1.1412675e+01 4.93e-02 7.47e-03  -4.1 2.64e-05    -  1.00e+00 1.00e+00h  1
 669r 1.1412671e+01 4.93e-02 2.23e-02  -4.1 6.83e-05    -  1.00e+00 1.00e+00h  1
iter    objective    inf_pr   inf_du lg(mu)  ||d||  lg(rg) alpha_du alpha_pr  ls
 670r 1.1412657e+01 4.93e-02 7.06e-02  -4.1 1.81e-04    -  1.00e+00 1.00e+00h  1
 671r 1.1412668e+01 4.93e-02 2.52e-02  -4.1 9.77e-05    -  1.00e+00 1.00e+00h  1
 672r 1.1412671e+01 4.93e-02 1.30e-02  -4.1 3.95e-05    -  1.00e+00 1.00e+00H  1
 673r 1.1412669e+01 4.93e-02 9.78e-03  -4.1 3.32e-05    -  1.00e+00 1.00e+00H  1
 674r 1.1412668e+01 4.93e-02 1.97e-02  -4.1 5.07e-05    -  1.00e+00 1.00e+00H  1
 675r 1.1412668e+01 4.93e-02 1.97e-02  -4.1 3.18e-04    -  1.00e+00 3.05e-05h 16
 676r 1.1413463e+01 4.93e-02 2.38e+00  -4.0 7.39e-03    -  1.00e+00 1.00e+00f  1
 677r 1.1417572e+01 4.93e-02 3.35e+01  -4.1 1.17e-01    -  1.00e+00 1.00e+00h  1
 678r 1.1415724e+01 4.93e-02 2.23e+01  -4.1 5.30e-02    -  1.00e+00 1.00e+00h  1
 679r 1.1411055e+01 4.93e-02 2.51e+01  -4.1 1.08e-01    -  1.00e+00 1.00e+00h  1
iter    objective    inf_pr   inf_du lg(mu)  ||d||  lg(rg) alpha_du alpha_pr  ls
 680r 1.1412541e+01 4.93e-02 2.14e+01  -4.1 6.62e-02    -  1.00e+00 1.00e+00h  1
 681r 1.1413577e+01 4.93e-02 5.20e+00  -4.1 4.45e-02    -  1.00e+00 1.00e+00h  1
 682r 1.1413365e+01 4.93e-02 2.43e+00  -4.1 6.46e-03    -  1.00e+00 1.00e+00h  1
 683r 1.1413631e+01 4.93e-02 1.08e+00  -4.0 2.74e-03    -  1.00e+00 1.00e+00h  1
 684r 1.1415665e+01 4.93e-02 6.85e+00  -4.1 4.05e-02    -  1.00e+00 1.00e+00h  1
 685r 1.1414276e+01 4.93e-02 8.22e+00  -4.1 2.99e-02    -  1.00e+00 1.00e+00h  1
 686r 1.1412894e+01 4.93e-02 4.89e+00  -4.1 2.68e-02    -  1.00e+00 1.00e+00H  1
 687r 1.1413131e+01 4.93e-02 3.57e+00  -4.1 8.81e-03    -  1.00e+00 1.00e+00h  1
 688r 1.1413033e+01 4.93e-02 1.23e+00  -4.1 5.92e-03    -  1.00e+00 1.00e+00h  1
 689r 1.1412930e+01 4.93e-02 4.61e-01  -4.1 2.52e-03    -  1.00e+00 1.00e+00h  1
iter    objective    inf_pr   inf_du lg(mu)  ||d||  lg(rg) alpha_du alpha_pr  ls
 690r 1.1412387e+01 4.93e-02 4.41e+00  -4.1 1.35e-02    -  1.00e+00 1.00e+00H  1
 691r 1.1411865e+01 4.93e-02 1.19e+01  -4.1 3.20e-02    -  1.00e+00 1.00e+00H  1
 692r 1.1411751e+01 4.93e-02 6.28e+00  -4.1 1.31e-02    -  1.00e+00 1.00e+00h  1
 693r 1.1413659e+01 4.93e-02 9.22e+00  -4.1 3.46e-02    -  1.00e+00 1.00e+00h  1
 694r 1.1413008e+01 4.93e-02 7.04e+00  -4.1 1.78e-02    -  1.00e+00 1.00e+00h  1
 695r 1.1412236e+01 4.93e-02 4.08e+00  -4.1 1.97e-02    -  1.00e+00 1.00e+00H  1
 696r 1.1413047e+01 4.93e-02 4.53e+00  -4.1 1.70e-02    -  1.00e+00 1.00e+00H  1
 697r 1.1414065e+01 4.93e-02 1.06e+01  -4.0 2.66e-02    -  1.00e+00 1.00e+00f  1
 698r 1.1419850e+01 4.93e-02 3.86e+01  -4.1 1.06e-01    -  1.00e+00 1.00e+00h  1
 699r 1.1414933e+01 4.93e-02 7.77e+00  -4.1 7.86e-02    -  1.00e+00 1.00e+00h  1
iter    objective    inf_pr   inf_du lg(mu)  ||d||  lg(rg) alpha_du alpha_pr  ls
 700r 1.1405516e+01 4.93e-02 9.14e+01  -4.1 2.28e-01    -  1.00e+00 1.00e+00h  1
 701r 1.1406540e+01 4.93e-02 3.29e+01  -4.1 1.46e-01    -  1.00e+00 1.00e+00h  1
 702r 1.1419075e+01 4.93e-02 5.51e+01  -4.1 1.45e-01    -  9.46e-01 1.00e+00h  1
 703r 1.1426556e+01 4.93e-02 7.60e+01  -4.1 1.45e-01    -  7.75e-01 1.00e+00h  1
 704r 1.1407500e+01 4.93e-02 7.25e+01  -4.0 3.31e-01    -  1.00e+00 1.00e+00h  1
 705r 1.1403530e+01 4.93e-02 7.94e+01  -4.1 2.06e-01    -  1.00e+00 1.00e+00h  1
 706r 1.1413345e+01 4.93e-02 2.07e+01  -3.8 1.50e-01    -  1.00e+00 1.00e+00h  1
 707r 1.1421426e+01 4.93e-02 2.91e+01  -3.9 1.38e-01    -  1.00e+00 1.00e+00h  1
 708r 1.1425360e+01 4.93e-02 2.78e+01  -3.9 9.64e-02    -  1.00e+00 1.00e+00h  1
 709r 1.1419624e+01 4.93e-02 1.93e+01  -3.9 9.42e-02    -  1.00e+00 1.00e+00h  1
iter    objective    inf_pr   inf_du lg(mu)  ||d||  lg(rg) alpha_du alpha_pr  ls
 710r 1.1421301e+01 4.93e-02 9.13e+00  -3.9 3.26e-02    -  1.00e+00 1.00e+00h  1
 711r 1.1420513e+01 4.93e-02 3.97e+00  -3.9 1.51e-02    -  1.00e+00 1.00e+00h  1
 712r 1.1420604e+01 4.93e-02 1.05e+00  -3.9 1.75e-03    -  1.00e+00 1.00e+00h  1
 713r 1.1420053e+01 4.93e-02 8.42e+00  -3.9 1.87e-02    -  1.00e+00 1.00e+00h  1
 714r 1.1422009e+01 4.93e-02 1.51e+01  -3.9 2.08e-02    -  1.00e+00 1.00e+00h  1
 715r 1.1421970e+01 4.93e-02 8.36e+00  -3.9 1.89e-02    -  1.00e+00 5.00e-01h  2
 716r 1.1421646e+01 4.93e-02 3.25e+00  -3.9 8.08e-03    -  1.00e+00 5.00e-01h  2
 717r 1.1421646e+01 4.93e-02 2.37e+00  -3.9 5.96e-03    -  1.00e+00 2.50e-01h  3
 718r 1.1421725e+01 4.93e-02 1.90e+00  -3.9 8.27e-03    -  1.00e+00 1.00e+00H  1
 719r 1.1421159e+01 4.93e-02 3.13e+00  -3.9 1.06e-02    -  1.00e+00 1.00e+00H  1
iter    objective    inf_pr   inf_du lg(mu)  ||d||  lg(rg) alpha_du alpha_pr  ls
 720r 1.1420891e+01 4.93e-02 6.16e+00  -3.9 1.21e-02    -  1.00e+00 1.00e+00H  1
 721r 1.1420925e+01 4.93e-02 1.81e+00  -3.9 6.46e-03    -  1.00e+00 1.00e+00H  1
 722r 1.1421093e+01 4.93e-02 2.95e+00  -3.9 4.44e-03    -  1.00e+00 1.00e+00H  1
 723r 1.1420839e+01 4.93e-02 1.17e+00  -3.9 5.48e-03    -  1.00e+00 1.00e+00H  1
 724r 1.1420731e+01 4.93e-02 4.89e+00  -3.9 1.69e-02    -  1.00e+00 1.00e+00h  1
 725r 1.1420903e+01 4.93e-02 6.00e+00  -3.9 7.56e-03    -  1.00e+00 1.00e+00h  1
 726r 1.1421077e+01 4.93e-02 3.70e+00  -3.9 1.24e-02    -  1.00e+00 1.00e+00h  1
 727r 1.1421376e+01 4.93e-02 3.61e+00  -3.9 9.08e-03    -  1.00e+00 1.00e+00h  1
 728r 1.1420808e+01 4.93e-02 1.42e+00  -3.9 1.43e-02    -  1.00e+00 1.00e+00H  1
 729r 1.1420914e+01 4.93e-02 4.58e+00  -3.9 1.11e-02    -  1.00e+00 1.00e+00h  1
iter    objective    inf_pr   inf_du lg(mu)  ||d||  lg(rg) alpha_du alpha_pr  ls
 730r 1.1420983e+01 4.93e-02 1.70e+00  -3.9 1.22e-02    -  1.00e+00 1.00e+00h  1
 731r 1.1420895e+01 4.93e-02 2.35e+00  -3.9 4.82e-03    -  1.00e+00 1.00e+00H  1
 732r 1.1420834e+01 4.93e-02 1.39e+00  -3.9 9.22e-03    -  1.00e+00 1.00e+00H  1
 733r 1.1420905e+01 4.93e-02 9.55e-01  -3.9 2.94e-03    -  1.00e+00 1.00e+00h  1
 734r 1.1420923e+01 4.93e-02 2.24e-01  -3.9 3.13e-03    -  1.00e+00 1.00e+00H  1
 735r 1.1420900e+01 4.93e-02 1.82e-01  -3.9 8.81e-04    -  1.00e+00 1.00e+00H  1
 736r 1.1420957e+01 4.93e-02 1.07e+00  -3.9 2.73e-03    -  1.00e+00 1.00e+00H  1
 737r 1.1421062e+01 4.93e-02 3.18e+00  -3.9 5.06e-03    -  1.00e+00 1.00e+00H  1
 738r 1.1420992e+01 4.93e-02 4.25e-01  -3.9 6.12e-03    -  1.00e+00 1.00e+00H  1
 739r 1.1420919e+01 4.93e-02 1.31e+00  -3.9 6.68e-03    -  1.00e+00 1.00e+00H  1
iter    objective    inf_pr   inf_du lg(mu)  ||d||  lg(rg) alpha_du alpha_pr  ls
 740r 1.1421113e+01 4.93e-02 2.13e+00  -3.9 2.38e-03    -  1.00e+00 1.00e+00h  1
 741r 1.1421027e+01 4.93e-02 1.05e+00  -3.9 6.48e-03    -  1.00e+00 1.00e+00h  1
 742r 1.1421063e+01 4.93e-02 2.40e-01  -3.9 4.51e-03    -  1.00e+00 5.00e-01h  2
 743r 1.1421188e+01 4.93e-02 5.37e+00  -3.9 1.35e-02    -  1.00e+00 1.00e+00H  1
 744r 1.1421505e+01 4.93e-02 4.38e+00  -3.9 4.17e-03    -  1.00e+00 1.00e+00h  1
 745r 1.1421087e+01 4.93e-02 2.92e+00  -3.9 1.23e-02    -  1.00e+00 1.00e+00H  1
 746r 1.1420841e+01 4.93e-02 2.54e+00  -3.9 1.03e-02    -  1.00e+00 1.00e+00H  1
 747r 1.1421091e+01 4.93e-02 1.28e+00  -3.9 8.05e-03    -  1.00e+00 1.00e+00f  1
 748r 1.1421083e+01 4.93e-02 1.26e+00  -3.9 3.41e-03    -  1.00e+00 6.25e-02h  5
 749r 1.1421084e+01 4.93e-02 1.23e+00  -3.9 4.71e-03    -  1.00e+00 7.81e-03h  8
iter    objective    inf_pr   inf_du lg(mu)  ||d||  lg(rg) alpha_du alpha_pr  ls
 750r 1.1421084e+01 4.93e-02 1.23e+00  -3.9 1.90e-03    -  1.00e+00 3.91e-03h  9
 751r 1.1421084e+01 4.93e-02 1.23e+00  -3.9 8.26e-04    -  1.00e+00 4.88e-04h 12
 752r 1.1421084e+01 4.93e-02 1.23e+00  -3.9 2.05e-03    -  1.00e+00 2.44e-04h 13
 753r 1.1421124e+01 4.93e-02 1.35e+00  -3.9 3.69e-03    -  1.00e+00 1.00e+00h  1
 754r 1.1420992e+01 4.93e-02 1.10e+00  -3.9 1.50e-03    -  1.00e+00 1.00e+00h  1
 755r 1.1421114e+01 4.93e-02 1.52e+00  -3.9 5.32e-03    -  1.00e+00 1.00e+00h  1
 756r 1.1421627e+01 4.93e-02 2.94e+00  -3.9 7.56e-03    -  1.00e+00 1.00e+00h  1
 757r 1.1421096e+01 4.93e-02 2.25e+00  -3.9 7.80e-03    -  1.00e+00 1.00e+00h  1
 758r 1.1421136e+01 4.93e-02 1.14e+00  -3.9 2.06e-03    -  1.00e+00 5.00e-01h  2
 759r 1.1421132e+01 4.93e-02 4.55e-01  -3.9 1.01e-03    -  1.00e+00 1.00e+00h  1
iter    objective    inf_pr   inf_du lg(mu)  ||d||  lg(rg) alpha_du alpha_pr  ls
 760r 1.1421163e+01 4.93e-02 2.94e-01  -3.9 1.17e-03    -  1.00e+00 1.00e+00h  1
 761r 1.1421213e+01 4.93e-02 1.75e+00  -3.9 3.98e-03    -  1.00e+00 1.00e+00h  1
 762r 1.1421577e+01 4.93e-02 4.31e+00  -3.9 7.50e-03    -  1.00e+00 1.00e+00H  1
 763r 1.1421243e+01 4.93e-02 1.33e+00  -3.9 8.57e-03    -  1.00e+00 1.00e+00H  1
 764r 1.1421043e+01 4.93e-02 7.30e+00  -3.9 1.45e-02    -  1.00e+00 1.00e+00H  1
 765r 1.1421330e+01 4.93e-02 1.35e+00  -3.9 1.41e-02    -  1.00e+00 1.00e+00H  1
 766r 1.1421521e+01 4.93e-02 9.65e+00  -3.9 1.61e-02    -  1.00e+00 1.00e+00H  1
 767r 1.1421442e+01 4.93e-02 1.95e+00  -3.9 1.55e-02    -  1.00e+00 1.00e+00h  1
 768r 1.1419997e+01 4.93e-02 1.27e+01  -3.9 2.76e-02    -  1.00e+00 1.00e+00H  1
 769r 1.1420778e+01 4.93e-02 6.58e+00  -3.9 1.57e-02    -  1.00e+00 1.00e+00H  1
iter    objective    inf_pr   inf_du lg(mu)  ||d||  lg(rg) alpha_du alpha_pr  ls
 770r 1.1420774e+01 4.93e-02 3.06e+00  -3.9 1.07e-02    -  1.00e+00 1.00e+00F  1
 771r 1.1420863e+01 4.93e-02 9.02e-01  -3.9 4.23e-03    -  1.00e+00 1.00e+00H  1
 772r 1.1421039e+01 4.93e-02 1.29e+00  -3.9 6.37e-03    -  1.00e+00 1.00e+00H  1
 773r 1.1421447e+01 4.93e-02 6.37e+00  -3.9 1.42e-02    -  1.00e+00 1.00e+00H  1
 774r 1.1421115e+01 4.93e-02 1.34e+00  -3.9 6.56e-03    -  1.00e+00 1.00e+00h  1
 775r 1.1421098e+01 4.93e-02 5.55e-01  -3.9 4.52e-03    -  1.00e+00 5.00e-01h  2
 776r 1.1421103e+01 4.93e-02 5.39e-01  -3.9 3.66e-03    -  1.00e+00 3.12e-02h  6
 777r 1.1421104e+01 4.93e-02 5.27e-01  -3.9 2.52e-03    -  1.00e+00 1.56e-02h  7
 778r 1.1421104e+01 4.93e-02 5.26e-01  -3.9 1.86e-03    -  1.00e+00 3.91e-03h  9
 779r 1.1421104e+01 4.93e-02 5.26e-01  -3.9 1.74e-03    -  1.00e+00 1.22e-04h 14
iter    objective    inf_pr   inf_du lg(mu)  ||d||  lg(rg) alpha_du alpha_pr  ls
 780r 1.1421143e+01 4.93e-02 2.40e-01  -3.9 1.78e-03    -  1.00e+00 1.00e+00h  1
 781r 1.1421162e+01 4.93e-02 1.64e-01  -3.9 7.25e-04    -  1.00e+00 1.00e+00H  1
 782r 1.1421169e+01 4.93e-02 2.65e-01  -3.9 4.46e-04    -  1.00e+00 1.00e+00h  1
 783r 1.1421170e+01 4.93e-02 3.49e-02  -3.9 3.57e-04    -  1.00e+00 1.00e+00h  1
 784r 1.1421166e+01 4.93e-02 4.65e-02  -3.9 1.01e-04    -  1.00e+00 1.00e+00h  1
 785r 1.1421167e+01 4.93e-02 1.42e-02  -3.9 6.29e-05    -  1.00e+00 1.00e+00h  1
 786r 1.1421173e+01 4.93e-02 4.85e-02  -3.9 1.29e-04    -  1.00e+00 1.00e+00h  1
 787r 1.1421183e+01 4.93e-02 1.29e-01  -3.9 3.33e-04    -  1.00e+00 1.00e+00h  1
 788r 1.1421177e+01 4.93e-02 1.99e-01  -3.9 3.83e-04    -  1.00e+00 1.00e+00h  1
 789r 1.1421177e+01 4.93e-02 1.22e-01  -3.9 5.46e-04    -  1.00e+00 1.00e+00h  1
iter    objective    inf_pr   inf_du lg(mu)  ||d||  lg(rg) alpha_du alpha_pr  ls
 790r 1.1421189e+01 4.93e-02 5.91e-02  -3.9 3.37e-04    -  1.00e+00 1.00e+00H  1
 791r 1.1421217e+01 4.93e-02 1.62e-01  -3.9 5.83e-04    -  1.00e+00 1.00e+00H  1
 792r 1.1421235e+01 4.93e-02 2.65e-01  -3.9 5.98e-04    -  1.00e+00 1.00e+00H  1
 793r 1.1421201e+01 4.93e-02 2.35e-01  -3.9 9.49e-04    -  1.00e+00 1.00e+00h  1
 794r 1.1421188e+01 4.93e-02 1.81e-01  -3.9 7.09e-04    -  1.00e+00 1.00e+00H  1
 795r 1.1421201e+01 4.93e-02 8.14e-02  -3.9 5.25e-04    -  1.00e+00 1.00e+00H  1
 796r 1.1421210e+01 4.93e-02 2.90e-02  -3.9 2.10e-04    -  1.00e+00 1.00e+00H  1
 797r 1.1421227e+01 4.93e-02 1.35e-01  -3.9 3.95e-04    -  1.00e+00 1.00e+00H  1
 798r 1.1421227e+01 4.93e-02 1.35e-01  -3.9 1.76e-04    -  1.00e+00 9.77e-04h 11
 799r 1.1421215e+01 4.93e-02 2.37e-02  -3.9 2.13e-04    -  1.00e+00 1.00e+00h  1
iter    objective    inf_pr   inf_du lg(mu)  ||d||  lg(rg) alpha_du alpha_pr  ls
 800r 1.1421215e+01 4.93e-02 2.37e-02  -3.9 1.11e-04    -  1.00e+00 7.81e-03h  8
 801r 1.1421215e+01 4.93e-02 2.37e-02  -3.9 3.76e-05    -  1.00e+00 1.95e-03h 10
 802r 1.1421215e+01 4.93e-02 2.37e-02  -3.9 2.25e-04    -  0.00e+00 4.77e-07R 22
 803r 1.1421212e+01 4.93e-02 5.74e-02  -3.9 2.25e-04    -  1.00e+00 1.00e+00F  1
 804r 1.1421211e+01 4.93e-02 2.90e-02  -3.9 1.56e-04    -  1.00e+00 1.00e+00H  1
 805r 1.1421212e+01 4.93e-02 1.39e-02  -3.9 4.22e-05    -  1.00e+00 1.00e+00H  1
 806r 1.1421215e+01 4.93e-02 6.04e-02  -3.9 1.54e-04    -  1.00e+00 1.00e+00h  1
 807r 1.1421213e+01 4.93e-02 2.35e-02  -3.9 6.49e-05    -  1.00e+00 1.00e+00h  1
 808r 1.1421213e+01 4.93e-02 1.66e-02  -3.9 7.88e-05    -  1.00e+00 1.00e+00H  1
 809r 1.1421213e+01 4.93e-02 7.41e-03  -3.9 4.56e-05    -  1.00e+00 1.00e+00H  1
iter    objective    inf_pr   inf_du lg(mu)  ||d||  lg(rg) alpha_du alpha_pr  ls
 810r 1.1421214e+01 4.93e-02 9.44e-03  -3.9 1.93e-05    -  1.00e+00 1.00e+00H  1
 811r 1.1421213e+01 4.93e-02 6.03e-03  -3.9 3.75e-05    -  1.00e+00 1.00e+00H  1
 812r 1.1417467e+01 4.93e-02 1.06e+01  -5.9 4.11e-02    -  9.80e-01 9.44e-01f  1
 813r 1.1379984e+01 4.93e-02 8.34e+01  -4.0 2.30e-01    -  1.00e+00 1.00e+00f  1
 814r 1.1409473e+01 4.93e-02 3.39e+01  -4.1 2.42e-01    -  9.23e-01 1.00e+00h  1
 815r 1.1424222e+01 4.93e-02 5.28e+01  -4.1 1.41e-01    -  8.38e-01 1.00e+00h  1
 816r 1.1408573e+01 4.93e-02 1.37e+01  -4.1 1.36e-01    -  1.00e+00 9.46e-01H  1
 817r 1.1411118e+01 4.93e-02 1.83e+01  -4.1 5.44e-02    -  1.00e+00 1.00e+00f  1
 818r 1.1414613e+01 4.93e-02 9.59e+00  -4.1 2.75e-02    -  1.00e+00 1.00e+00h  1
 819r 1.1412650e+01 4.93e-02 4.10e+00  -4.0 2.52e-02    -  1.00e+00 1.00e+00h  1
iter    objective    inf_pr   inf_du lg(mu)  ||d||  lg(rg) alpha_du alpha_pr  ls
 820r 1.1416444e+01 4.93e-02 4.27e+00  -4.1 2.88e-02    -  1.00e+00 1.00e+00h  1
 821r 1.1412076e+01 4.93e-02 7.37e+00  -4.0 5.48e-02    -  1.00e+00 1.00e+00h  1
 822r 1.1415366e+01 4.93e-02 5.30e+00  -4.1 3.25e-02    -  1.00e+00 1.00e+00h  1
 823r 1.1413106e+01 4.93e-02 5.58e+00  -4.0 2.51e-02    -  1.00e+00 1.00e+00h  1
 824r 1.1419198e+01 4.93e-02 9.23e+00  -4.1 4.98e-02    -  1.00e+00 1.00e+00h  1
 825r 1.1409850e+01 4.93e-02 9.99e+00  -4.1 7.65e-02    -  1.00e+00 1.00e+00H  1
 826r 1.1404508e+01 4.93e-02 2.49e+01  -4.0 6.55e-02    -  1.00e+00 1.00e+00h  1
 827r 1.1420329e+01 4.93e-02 1.69e+01  -4.1 1.56e-01    -  1.00e+00 1.00e+00h  1
 828r 1.1401697e+01 4.93e-02 2.99e+01  -4.1 1.79e-01    -  1.00e+00 1.00e+00H  1
 829r 1.1398678e+01 4.93e-02 3.07e+01  -4.1 8.67e-02    -  1.00e+00 1.00e+00h  1
iter    objective    inf_pr   inf_du lg(mu)  ||d||  lg(rg) alpha_du alpha_pr  ls
 830r 1.1419053e+01 4.93e-02 1.65e+01  -4.1 1.95e-01    -  6.67e-01 1.00e+00h  1
 831r 1.1417991e+01 4.93e-02 1.43e+01  -4.1 1.39e-01    -  1.00e+00 6.25e-02h  5
 832r 1.1408257e+01 4.93e-02 1.26e+01  -4.1 9.06e-02    -  1.00e+00 1.00e+00h  1
 833r 1.1410497e+01 4.93e-02 7.58e+00  -4.1 4.44e-02    -  1.00e+00 1.00e+00h  1
 834r 1.1415324e+01 4.93e-02 6.75e+00  -4.1 4.07e-02    -  1.00e+00 1.00e+00h  1
 835r 1.1410945e+01 4.93e-02 3.82e+00  -4.1 4.29e-02    -  1.00e+00 1.00e+00h  1
 836r 1.1411176e+01 4.93e-02 8.46e+00  -4.1 2.86e-02    -  1.00e+00 1.00e+00h  1
 837r 1.1413255e+01 4.93e-02 2.66e+00  -4.1 2.86e-02    -  1.00e+00 1.00e+00h  1
 838r 1.1411806e+01 4.93e-02 2.12e+00  -4.1 1.32e-02    -  1.00e+00 1.00e+00h  1
 839r 1.1411512e+01 4.93e-02 1.49e+00  -4.1 5.65e-03    -  1.00e+00 1.00e+00h  1
iter    objective    inf_pr   inf_du lg(mu)  ||d||  lg(rg) alpha_du alpha_pr  ls
 840r 1.1412247e+01 4.93e-02 1.18e+00  -4.1 6.07e-03    -  1.00e+00 1.00e+00H  1
 841r 1.1413197e+01 4.93e-02 1.84e+00  -4.0 6.08e-03    -  1.00e+00 1.00e+00f  1
 842r 1.1415902e+01 4.93e-02 4.80e+00  -4.1 2.67e-02    -  1.00e+00 1.00e+00h  1
 843r 1.1411086e+01 4.93e-02 4.78e+00  -4.1 4.56e-02    -  1.00e+00 1.00e+00h  1
 844r 1.1402856e+01 4.93e-02 1.99e+01  -4.1 7.43e-02    -  1.00e+00 1.00e+00H  1
 845r 1.1413947e+01 4.93e-02 7.74e+00  -4.1 8.70e-02    -  1.00e+00 1.00e+00h  1
 846r 1.1414926e+01 4.93e-02 1.19e+01  -4.1 3.21e-02    -  1.00e+00 1.00e+00h  1
 847r 1.1410687e+01 4.93e-02 3.08e+00  -4.1 3.86e-02    -  1.00e+00 1.00e+00h  1
 848r 1.1411464e+01 4.93e-02 3.10e+00  -4.1 1.43e-02    -  1.00e+00 1.00e+00h  1
 849r 1.1411435e+01 4.93e-02 6.95e-01  -4.1 8.08e-03    -  1.00e+00 1.00e+00h  1
iter    objective    inf_pr   inf_du lg(mu)  ||d||  lg(rg) alpha_du alpha_pr  ls
 850r 1.1411468e+01 4.93e-02 2.82e-01  -4.1 1.12e-03    -  1.00e+00 1.00e+00h  1
 851r 1.1411569e+01 4.93e-02 2.31e-01  -4.1 6.17e-04    -  1.00e+00 1.00e+00h  1
 852r 1.1412130e+01 4.93e-02 1.71e+00  -4.1 4.85e-03    -  1.00e+00 1.00e+00h  1
 853r 1.1412752e+01 4.93e-02 4.61e+00  -4.1 1.13e-02    -  1.00e+00 1.00e+00H  1
 854r 1.1412027e+01 4.93e-02 2.41e+00  -4.1 6.09e-03    -  1.00e+00 1.00e+00h  1
 855r 1.1411385e+01 4.93e-02 1.38e+00  -4.1 6.05e-03    -  1.00e+00 1.00e+00H  1
 856r 1.1412229e+01 4.93e-02 1.04e+00  -4.1 7.03e-03    -  1.00e+00 1.00e+00H  1
 857r 1.1412404e+01 4.93e-02 2.85e+00  -4.1 6.46e-03    -  1.00e+00 1.00e+00H  1
 858r 1.1411813e+01 4.93e-02 7.51e-01  -4.1 7.95e-03    -  1.00e+00 1.00e+00H  1
 859r 1.1411964e+01 4.93e-02 3.76e-01  -4.1 2.94e-03    -  1.00e+00 1.00e+00H  1
iter    objective    inf_pr   inf_du lg(mu)  ||d||  lg(rg) alpha_du alpha_pr  ls
 860r 1.1412569e+01 4.93e-02 3.31e+00  -4.1 9.20e-03    -  1.00e+00 1.00e+00H  1
 861r 1.1412034e+01 4.93e-02 2.67e+00  -4.1 4.07e-03    -  1.00e+00 1.00e+00H  1
 862r 1.1412010e+01 4.93e-02 4.59e-01  -4.1 3.42e-03    -  1.00e+00 1.00e+00H  1
 863r 1.1412010e+01 4.93e-02 4.59e-01  -4.1 5.34e-03    -  1.00e+00 6.10e-05h 15
 864r 1.1411978e+01 4.93e-02 1.57e+00  -4.1 2.50e-03    -  1.00e+00 1.00e+00H  1
 865r 1.1412178e+01 4.93e-02 1.34e+00  -4.1 5.17e-03    -  1.00e+00 1.00e+00H  1
 866r 1.1412178e+01 4.93e-02 1.34e+00  -4.1 3.20e-03    -  1.00e+00 3.05e-05h 16
 867r 1.1412201e+01 4.93e-02 5.11e-01  -4.1 1.44e-03    -  1.00e+00 1.00e+00h  1
 868r 1.1412199e+01 4.93e-02 5.02e-01  -4.1 1.31e-03    -  1.00e+00 1.56e-02h  7
 869r 1.1412198e+01 4.93e-02 4.90e-01  -4.1 3.66e-03    -  1.00e+00 7.81e-03h  8
iter    objective    inf_pr   inf_du lg(mu)  ||d||  lg(rg) alpha_du alpha_pr  ls
 870r 1.1412197e+01 4.93e-02 4.86e-01  -4.1 3.05e-03    -  1.00e+00 3.91e-03h  9
 871r 1.1412197e+01 4.93e-02 4.86e-01  -4.1 1.63e-03    -  1.00e+00 4.88e-04h 12
 872r 1.1412197e+01 4.93e-02 4.86e-01  -4.1 2.55e-03    -  1.00e+00 2.44e-04h 13
 873r 1.1412131e+01 4.93e-02 6.48e-01  -4.1 2.50e-03    -  1.00e+00 1.00e+00H  1
 874r 1.1411947e+01 4.93e-02 1.53e+00  -4.1 3.38e-03    -  1.00e+00 1.00e+00H  1
 875r 1.1412187e+01 4.93e-02 6.01e-01  -4.1 3.95e-03    -  1.00e+00 1.00e+00H  1
 876r 1.1412589e+01 4.93e-02 1.38e+00  -4.1 2.74e-03    -  1.00e+00 1.00e+00H  1
 877r 1.1412164e+01 4.93e-02 4.25e-01  -4.1 3.87e-03    -  1.00e+00 1.00e+00h  1
 878r 1.1412167e+01 4.93e-02 4.22e-01  -4.1 8.75e-04    -  1.00e+00 6.25e-02h  5
 879r 1.1412169e+01 4.93e-02 4.08e-01  -4.1 6.01e-04    -  1.00e+00 3.12e-02h  6
iter    objective    inf_pr   inf_du lg(mu)  ||d||  lg(rg) alpha_du alpha_pr  ls
 880r 1.1412171e+01 4.93e-02 3.99e-01  -4.1 1.05e-03    -  1.00e+00 1.56e-02h  7
 881r 1.1412172e+01 4.93e-02 3.98e-01  -4.1 1.86e-03    -  1.00e+00 1.95e-03h 10
 882r 1.1412172e+01 4.93e-02 3.98e-01  -4.1 8.35e-04    -  1.00e+00 4.88e-04h 12
 883r 1.1412289e+01 4.93e-02 1.30e-01  -4.1 9.48e-04    -  1.00e+00 1.00e+00h  1
 884r 1.1412344e+01 4.93e-02 2.64e-01  -4.1 6.53e-04    -  1.00e+00 1.00e+00h  1
 885r 1.1412298e+01 4.93e-02 5.08e-02  -4.1 4.06e-04    -  1.00e+00 1.00e+00h  1
 886r 1.1412313e+01 4.93e-02 5.68e-02  -4.1 2.02e-04    -  1.00e+00 1.00e+00h  1
 887r 1.1412345e+01 4.93e-02 1.38e-01  -4.1 3.86e-04    -  1.00e+00 1.00e+00H  1
 888r 1.1412396e+01 4.93e-02 4.00e-01  -4.1 1.10e-03    -  1.00e+00 1.00e+00H  1
 889r 1.1412418e+01 4.93e-02 4.34e-01  -4.1 5.97e-04    -  1.00e+00 1.00e+00H  1
iter    objective    inf_pr   inf_du lg(mu)  ||d||  lg(rg) alpha_du alpha_pr  ls
 890r 1.1412461e+01 4.93e-02 2.11e-01  -4.1 5.49e-04    -  1.00e+00 1.00e+00H  1
 891r 1.1412461e+01 4.93e-02 2.11e-01  -4.1 1.31e-03    -  1.00e+00 6.10e-05h 15
 892r 1.1412461e+01 4.93e-02 2.11e-01  -4.1 1.31e-03    -  1.00e+00 3.05e-05h 16
 893r 1.1412610e+01 4.93e-02 1.03e+00  -4.1 2.58e-03    -  1.00e+00 1.00e+00H  1
 894r 1.1412975e+01 4.93e-02 3.73e+00  -4.1 9.04e-03    -  1.00e+00 1.00e+00h  1
 895r 1.1414212e+01 4.93e-02 8.51e+00  -4.1 2.07e-02    -  1.00e+00 1.00e+00h  1
 896r 1.1414171e+01 4.93e-02 5.05e+00  -4.1 5.77e-03    -  1.00e+00 1.00e+00h  1
 897r 1.1411207e+01 4.93e-02 1.23e+01  -4.1 4.93e-02    -  1.00e+00 1.00e+00H  1
 898r 1.1401438e+01 4.93e-02 7.68e+01  -4.1 2.13e-01    -  1.00e+00 1.00e+00F  1
 899r 1.1393065e+01 4.93e-02 9.69e+01  -4.1 1.35e-01    -  1.00e+00 1.00e+00f  1
iter    objective    inf_pr   inf_du lg(mu)  ||d||  lg(rg) alpha_du alpha_pr  ls
 900r 1.1400223e+01 4.93e-02 1.65e+01  -4.1 1.14e-01    -  8.14e-01 1.00e+00h  1
 901r 1.1413852e+01 4.93e-02 8.03e+01  -4.1 1.21e+00    -  7.09e-01 2.07e-01h  3
 902r 1.1435146e+01 4.93e-02 2.86e+02  -4.1 1.19e+00    -  3.82e-01 5.16e-01h  1
 903r 1.1425507e+01 4.93e-02 4.95e+01  -4.1 3.35e-01    -  3.13e-01 1.00e+00h  1
 904r 1.1411531e+01 4.93e-02 1.31e+02  -4.1 9.50e-01    -  2.60e-01 3.47e-01h  2
 905r 1.1408419e+01 4.93e-02 1.41e+02  -4.1 7.59e-01    -  9.97e-01 6.66e-02h  4
 906r 1.1408456e+01 4.93e-02 1.40e+02  -4.1 7.41e-01    -  3.95e-01 9.77e-04h 11
 907r 1.1408447e+01 4.93e-02 1.40e+02  -4.1 1.91e+00    -  5.30e-01 8.77e-05h 12
 908r 1.1408448e+01 4.93e-02 1.40e+02  -4.1 2.69e-01    -  1.00e+00 6.10e-05h 15
 909r 1.1411529e+01 4.93e-02 2.61e+01  -4.1 8.31e-02    -  1.00e+00 1.00e+00h  1
iter    objective    inf_pr   inf_du lg(mu)  ||d||  lg(rg) alpha_du alpha_pr  ls
 910r 1.1426132e+01 4.93e-02 1.06e+02  -4.1 3.07e-01    -  1.00e+00 1.00e+00H  1
 911r 1.1431372e+01 4.93e-02 1.30e+02  -4.1 7.14e-01    -  1.00e+00 1.34e-01h  3
 912r 1.1400209e+01 4.93e-02 1.87e+02  -4.1 6.48e-01    -  7.42e-01 1.00e+00H  1
 913r 1.1394010e+01 4.93e-02 2.19e+02  -4.1 2.70e+00    -  4.13e-01 3.54e-02h  2
 914r 1.1395826e+01 4.93e-02 1.80e+02  -4.1 3.05e-01    -  5.20e-01 1.25e-01h  4
 915r 1.1429120e+01 4.93e-02 8.99e+01  -4.1 1.52e+00    -  4.15e-01 4.07e-01h  2
 916r 1.1449786e+01 4.93e-02 2.25e+02  -4.1 1.86e+00    -  3.33e-01 2.12e-01h  1
 917r 1.1439993e+01 4.93e-02 7.13e+01  -4.1 1.17e-01    -  1.00e+00 1.00e+00h  1
 918r 1.1433309e+01 4.93e-02 3.00e+01  -4.1 5.18e-01    -  2.07e-01 2.84e-01h  2
 919r 1.1434537e+01 4.93e-02 2.10e+01  -4.1 1.26e-01    -  1.00e+00 1.00e+00H  1
iter    objective    inf_pr   inf_du lg(mu)  ||d||  lg(rg) alpha_du alpha_pr  ls
 920r 1.1411013e+01 4.93e-02 8.12e+01  -4.1 3.43e-01    -  1.00e+00 1.00e+00H  1
 921r 1.1403924e+01 4.93e-02 1.15e+02  -4.1 1.03e+00    -  5.05e-01 1.22e-01h  3
 922r 1.1407000e+01 4.93e-02 9.23e+01  -4.1 1.48e+00    -  3.14e-01 3.91e-02h  5
 923r 1.1408183e+01 4.93e-02 8.31e+01  -4.1 9.09e-01    -  1.00e+00 2.27e-02h  6
 924r 1.1424539e+01 4.93e-02 5.96e+01  -4.1 2.82e-01    -  1.00e+00 1.00e+00H  1
 925r 1.1416526e+01 4.93e-02 1.15e+01  -4.1 1.59e-01    -  1.00e+00 1.00e+00f  1
 926r 1.1414841e+01 4.93e-02 9.91e+00  -4.1 3.13e-02    -  1.00e+00 1.00e+00h  1
 927r 1.1410357e+01 4.93e-02 2.66e+01  -4.1 9.58e-02    -  1.00e+00 1.00e+00H  1
 928r 1.1385699e+01 4.93e-02 1.84e+02  -4.1 4.93e-01    -  1.00e+00 1.00e+00H  1
 929r 1.1381900e+01 4.93e-02 1.82e+02  -4.1 1.47e-01    -  1.00e+00 4.74e-01f  2
iter    objective    inf_pr   inf_du lg(mu)  ||d||  lg(rg) alpha_du alpha_pr  ls
 930r 1.1391487e+01 4.93e-02 3.43e+01  -4.1 1.84e-01    -  5.38e-01 1.00e+00h  1
 931r 1.1404846e+01 4.93e-02 7.67e+01  -4.1 1.88e-01    -  1.00e+00 1.00e+00H  1
 932r 1.1404856e+01 4.93e-02 7.68e+01  -4.1 2.75e-01    -  6.75e-01 9.77e-04h 11
 933r 1.1404862e+01 4.93e-02 7.68e+01  -4.1 1.63e+00    -  5.43e-01 7.30e-05h 14
 934r 1.1404862e+01 4.93e-02 7.66e+01  -4.1 3.68e-01    -  1.00e+00 8.55e-04h 11
 935r 1.1396791e+01 4.93e-02 5.02e+01  -4.1 1.15e-01    -  9.09e-01 1.00e+00H  1
 936r 1.1418958e+01 4.93e-02 8.90e+01  -4.1 4.62e-01    -  6.04e-01 1.00e+00h  1
 937r 1.1467515e+01 4.93e-02 4.06e+02  -4.1 1.52e+00    -  8.04e-01 5.34e-01h  1
 938r 1.1483830e+01 4.92e-02 3.44e+02  -4.1 3.89e-01    -  4.80e-01 1.00e+00h  1
 939r 1.1449140e+01 4.92e-02 2.71e+01  -4.1 1.38e+00    -  1.58e-01 5.00e-01h  2
iter    objective    inf_pr   inf_du lg(mu)  ||d||  lg(rg) alpha_du alpha_pr  ls
 940r 1.1452646e+01 4.92e-02 6.79e+01  -4.1 9.82e-01    -  8.58e-01 2.60e-01h  2
 941r 1.1440093e+01 4.93e-02 2.71e+01  -4.1 4.08e-01    -  8.60e-01 6.57e-01h  1
 942r 1.1435733e+01 4.93e-02 5.53e+01  -4.1 1.19e+00    -  6.83e-01 9.14e-02h  4
 943r 1.1421823e+01 4.93e-02 1.28e+02  -4.1 2.81e+00    -  3.03e-01 8.30e-02h  3
 944r 1.1413386e+01 4.93e-02 1.82e+02  -4.1 2.09e+00    -  1.00e+00 1.02e-01h  3
 945r 1.1417769e+01 4.93e-02 3.97e+01  -4.1 1.23e-01    -  1.00e+00 1.00e+00h  1
 946r 1.1412077e+01 4.93e-02 9.81e+00  -4.1 1.10e-01    -  5.14e-01 1.00e+00h  1
 947r 1.1412982e+01 4.93e-02 1.63e+00  -4.1 4.35e-02    -  1.00e+00 5.00e-01h  2
 948r 1.1412194e+01 4.93e-02 6.90e+00  -4.1 3.62e-02    -  1.00e+00 5.00e-01h  2
 949r 1.1402561e+01 4.93e-02 6.36e+01  -4.1 1.91e-01    -  1.00e+00 1.00e+00H  1
iter    objective    inf_pr   inf_du lg(mu)  ||d||  lg(rg) alpha_du alpha_pr  ls
 950r 1.1402537e+01 4.93e-02 6.38e+01  -4.1 6.80e-01    -  1.00e+00 9.15e-04h 10
 951r 1.1410956e+01 4.93e-02 6.62e+01  -4.1 2.15e-01    -  7.68e-01 1.00e+00H  1
 952r 1.1412325e+01 4.93e-02 2.00e+01  -4.1 1.39e-01    -  1.00e+00 1.00e+00f  1
 953r 1.1409759e+01 4.93e-02 4.34e+00  -4.1 9.79e-02    -  1.00e+00 5.00e-01h  2
 954r 1.1403263e+01 4.93e-02 5.80e+01  -4.1 1.60e-01    -  1.00e+00 1.00e+00H  1
 955r 1.1409740e+01 4.93e-02 3.73e+01  -4.1 1.62e-01    -  1.00e+00 1.00e+00F  1
 956r 1.1416269e+01 4.93e-02 5.38e+01  -4.1 1.35e-01    -  1.00e+00 1.00e+00H  1
 957r 1.1422831e+01 4.93e-02 6.55e+01  -4.1 1.32e-01    -  1.00e+00 1.00e+00H  1
 958r 1.1418391e+01 4.93e-02 2.53e+01  -4.1 6.26e-02    -  1.00e+00 1.00e+00F  1
 959r 1.1415184e+01 4.93e-02 3.21e+01  -4.1 9.26e-02    -  1.00e+00 1.00e+00F  1
iter    objective    inf_pr   inf_du lg(mu)  ||d||  lg(rg) alpha_du alpha_pr  ls
 960r 1.1417142e+01 4.93e-02 1.34e+01  -4.0 3.93e-02    -  1.00e+00 1.00e+00f  1
 961r 1.1416081e+01 4.93e-02 1.31e+00  -4.1 3.54e-02    -  1.00e+00 1.00e+00h  1
 962r 1.1413528e+01 4.93e-02 1.29e+01  -4.1 5.43e-02    -  1.00e+00 1.00e+00h  1
 963r 1.1405937e+01 4.93e-02 5.57e+01  -4.1 1.33e-01    -  1.00e+00 1.00e+00H  1
 964r 1.1414814e+01 4.93e-02 4.76e+01  -4.1 1.83e-01    -  1.00e+00 1.00e+00h  1
 965r 1.1412302e+01 4.93e-02 2.55e+01  -4.1 1.42e-01    -  1.00e+00 5.00e-01h  2
 966r 1.1411204e+01 4.93e-02 3.03e+00  -4.1 8.72e-02    -  1.00e+00 5.00e-01h  2
 967r 1.1408539e+01 4.93e-02 2.01e+01  -4.1 4.71e-02    -  1.00e+00 1.00e+00h  1
 968r 1.1411318e+01 4.93e-02 1.85e+01  -4.1 7.44e-02    -  1.00e+00 1.00e+00H  1
 969r 1.1424868e+01 4.93e-02 9.47e+01  -4.1 2.22e-01    -  1.00e+00 1.00e+00H  1
iter    objective    inf_pr   inf_du lg(mu)  ||d||  lg(rg) alpha_du alpha_pr  ls
 970r 1.1425859e+01 4.93e-02 7.00e+01  -4.1 6.34e-02    -  1.00e+00 1.00e+00h  1
 971r 1.1412011e+01 4.93e-02 7.94e+01  -4.1 2.82e-01    -  1.00e+00 1.00e+00H  1
 972r 1.1414092e+01 4.93e-02 2.42e+01  -4.1 1.98e-01    -  1.00e+00 5.00e-01f  2
 973r 1.1416376e+01 4.93e-02 3.06e+00  -4.1 5.16e-02    -  1.00e+00 1.00e+00h  1
 974r 1.1408681e+01 4.93e-02 4.06e+01  -4.1 1.67e-01    -  1.00e+00 1.00e+00H  1
 975r 1.1408531e+01 4.93e-02 4.16e+01  -4.1 9.29e-01    -  1.00e+00 2.98e-03h  8
 976r 1.1425796e+01 4.93e-02 1.30e+02  -4.1 3.75e-01    -  6.61e-01 1.00e+00H  1
 977r 1.1433898e+01 4.93e-02 1.39e+02  -4.1 1.08e-01    -  1.00e+00 1.00e+00f  1
 978r 1.1410115e+01 4.93e-02 1.02e+02  -4.1 4.36e-01    -  1.00e+00 1.00e+00H  1
 979r 1.1410108e+01 4.93e-02 1.02e+02  -4.1 1.21e-01    -  6.08e-01 9.77e-04h 11
iter    objective    inf_pr   inf_du lg(mu)  ||d||  lg(rg) alpha_du alpha_pr  ls
 980r 1.1406410e+01 4.93e-02 2.93e+01  -4.1 8.13e-02    -  1.00e+00 1.00e+00H  1
 981r 1.1413686e+01 4.93e-02 3.75e+01  -4.1 1.36e-01    -  1.00e+00 1.00e+00H  1
 982r 1.1415784e+01 4.93e-02 5.20e+01  -4.1 1.84e+00    -  3.18e-01 2.29e-02h  6
 983r 1.1406001e+01 4.93e-02 6.32e+01  -4.1 1.64e-01    -  1.00e+00 1.00e+00h  1
 984r 1.1405155e+01 4.93e-02 6.49e+01  -4.1 6.59e-02    -  1.00e+00 1.00e+00h  1
 985r 1.1412265e+01 4.93e-02 4.58e+01  -4.1 1.47e-01    -  1.00e+00 1.00e+00H  1
 986r 1.1410258e+01 4.93e-02 1.87e+01  -4.1 1.26e-01    -  1.00e+00 5.00e-01f  2
 987r 1.1417842e+01 4.93e-02 5.51e+01  -4.1 1.82e-01    -  1.00e+00 1.00e+00H  1
 988r 1.1420165e+01 4.93e-02 6.98e+01  -4.1 7.26e-01    -  1.00e+00 6.25e-02h  5
 989r 1.1399405e+01 4.93e-02 1.61e+02  -4.1 4.75e-01    -  1.00e+00 1.00e+00H  1
iter    objective    inf_pr   inf_du lg(mu)  ||d||  lg(rg) alpha_du alpha_pr  ls
 990r 1.1389874e+01 4.93e-02 1.79e+02  -4.1 2.79e-01    -  1.00e+00 5.48e-01h  1
 991r 1.1399627e+01 4.93e-02 2.22e+01  -4.1 1.52e-01    -  9.01e-02 1.00e+00f  1
 992r 1.1417776e+01 4.93e-02 1.51e+02  -4.1 3.61e-01    -  8.32e-01 1.00e+00H  1
 993r 1.1424893e+01 4.93e-02 8.94e+01  -4.1 2.17e-01    -  7.09e-01 1.00e+00f  1
 994r 1.1413217e+01 4.93e-02 5.79e+01  -4.1 1.61e-01    -  9.47e-01 1.00e+00h  1
 995r 1.1412047e+01 4.93e-02 2.79e+01  -4.1 3.31e-02    -  1.00e+00 5.00e-01h  2
 996r 1.1411500e+01 4.93e-02 1.45e+01  -4.1 1.81e-02    -  1.00e+00 5.00e-01h  2
 997r 1.1411652e+01 4.93e-02 6.05e+00  -4.1 1.23e-02    -  1.00e+00 5.00e-01h  2
 998r 1.1411894e+01 4.93e-02 3.01e+00  -4.1 2.16e-02    -  1.00e+00 2.50e-01h  3
 999r 1.1412126e+01 4.93e-02 1.78e+00  -4.1 7.10e-02    -  1.00e+00 1.25e-01h  4
iter    objective    inf_pr   inf_du lg(mu)  ||d||  lg(rg) alpha_du alpha_pr  ls
1000r 1.1412760e+01 4.93e-02 8.85e+00  -4.1 3.29e-02    -  1.00e+00 1.00e+00h  1

Number of Iterations....: 1000

                                   (scaled)                 (unscaled)
Objective...............:   1.1412759850300347e+01    1.1412759850300347e+01
Dual infeasibility......:   8.8500595784934308e+00    8.8500595784934308e+00
Constraint violation....:   4.9288516533102004e-02    4.9288516533102004e-02
Variable bound violation:   0.0000000000000000e+00    0.0000000000000000e+00
Complementarity.........:   8.1193957142206550e-05    8.1193957142206550e-05
Overall NLP error.......:   8.8500595784934308e+00    8.8500595784934308e+00


Number of objective function evaluations             = 2875
Number of objective gradient evaluations             = 332
Number of equality constraint evaluations            = 2878
Number of inequality constraint evaluations          = 2878
Number of equality constraint Jacobian evaluations   = 1005
Number of inequality constraint Jacobian evaluations = 1005
Number of Lagrangian Hessian evaluations             = 0
Total seconds in IPOPT                               = 2575.153

EXIT: Maximum Number of Iterations Exceeded.
