This is Ipopt version 3.14.19, running with linear solver MUMPS 5.8.2.

Number of nonzeros in equality constraint Jacobian...:  1215565
Number of nonzeros in inequality constraint Jacobian.:     5312
Number of nonzeros in Lagrangian Hessian.............:        0

Total number of variables............................:     3879
                     variables with only lower bounds:        0
                variables with lower and upper bounds:      824
                     variables with only upper bounds:        0
Total number of equality constraints.................:     3726
Total number of inequality constraints...............:      553
        inequality constraints with only lower bounds:        0
   inequality constraints with lower and upper bounds:        0
        inequality constraints with only upper bounds:      553

iter    objective    inf_pr   inf_du lg(mu)  ||d||  lg(rg) alpha_du alpha_pr  ls
   0  1.0528595e-03 4.12e+00 1.00e+00   0.0 0.00e+00    -  0.00e+00 0.00e+00   0
   1  1.0789203e-03 4.12e+00 8.85e+00  -4.0 2.07e+01    -  8.79e-03 9.55e-04h  1
   2  1.6628829e-03 4.09e+00 8.07e+01  -0.4 2.17e+01    -  2.34e-02 7.93e-03h  1
   3  3.9699065e-03 4.07e+00 1.89e+02   1.8 1.34e+02    -  5.00e-03 3.36e-03f  1
   4  6.2640767e-03 4.04e+00 3.83e+02   0.9 2.81e+01    -  9.98e-02 8.28e-03f  1
   5  1.4871577e-02 3.97e+00 1.76e+03   1.6 3.96e+01    -  9.05e-02 1.48e-02f  1
   6  3.0329253e-02 3.91e+00 1.67e+04   1.6 5.06e+01    -  2.59e-01 1.57e-02h  1
   7  7.2643502e-01 3.31e+00 3.80e+04   1.6 5.91e+01    -  4.84e-01 1.52e-01h  1
   8  1.6591669e+00 2.95e+00 3.32e+04  -4.0 4.75e+01    -  1.40e-01 1.27e-01h  1
   9  2.7667740e+00 2.63e+00 4.51e+04   1.3 3.95e+01    -  2.56e-01 1.31e-01h  1
iter    objective    inf_pr   inf_du lg(mu)  ||d||  lg(rg) alpha_du alpha_pr  ls
  10  3.9850865e+00 2.33e+00 5.65e+04   1.8 3.65e+01    -  3.85e-01 1.32e-01f  1
  11  7.7224859e+00 2.12e+00 6.28e+04   1.7 3.43e+01    -  6.00e-01 3.41e-01h  1
  12  1.0153609e+01 1.54e+00 5.63e+04   1.6 2.96e+01    -  4.68e-01 2.81e-01h  1
  13  1.3780251e+01 8.59e-01 4.11e+04   1.7 1.92e+01    -  7.28e-01 4.62e-01h  1
  14  1.9715110e+01 9.45e-01 3.74e+04   1.0 1.69e+01    -  5.43e-01 7.70e-01h  1
  15  2.3712795e+01 4.91e-01 3.11e+04   1.6 2.13e+01    -  6.33e-01 4.91e-01f  1
  16  2.4635820e+01 4.55e-01 1.52e+05   2.0 2.96e+01    -  9.92e-01 1.11e-01f  1
  17  2.2670122e+01 3.95e-01 2.26e+04   1.3 9.77e+00    -  8.69e-01 1.00e+00f  1
  18  2.3164809e+01 7.17e-01 7.24e+04   1.6 9.28e+00    -  1.00e+00 1.00e+00f  1
  19  2.1726226e+01 3.85e-01 4.09e+04   1.5 7.21e+00    -  9.76e-01 1.00e+00f  1
iter    objective    inf_pr   inf_du lg(mu)  ||d||  lg(rg) alpha_du alpha_pr  ls
  20  2.1867287e+01 5.84e-01 4.74e+04   1.5 8.20e+00    -  1.00e+00 1.00e+00f  1
  21  2.1980582e+01 4.65e-01 1.63e+04   1.4 8.08e+00    -  1.00e+00 1.00e+00f  1
  22  2.1353740e+01 3.80e-02 4.75e+03   0.6 3.56e+00    -  1.00e+00 1.00e+00h  1
  23  2.1412810e+01 7.29e-02 4.19e+03   0.5 3.01e+00    -  1.00e+00 1.00e+00f  1
  24  2.1440552e+01 3.17e-02 9.52e+02  -0.0 1.71e+00    -  1.00e+00 1.00e+00h  1
  25  2.1388456e+01 1.25e-02 9.57e+02   0.2 1.05e+00    -  1.00e+00 1.00e+00f  1
  26  2.1415600e+01 1.45e-02 8.90e+02  -0.9 1.36e+00    -  1.00e+00 1.00e+00h  1
  27  2.1387131e+01 1.16e-03 5.86e+02  -1.2 7.96e-01    -  9.96e-01 1.00e+00H  1
  28  2.1331061e+01 7.53e-04 3.27e+02  -1.7 7.68e-01    -  9.95e-01 1.00e+00H  1
  29  2.1302912e+01 3.97e-03 1.97e+02  -2.2 6.27e-01    -  1.00e+00 1.00e+00h  1
iter    objective    inf_pr   inf_du lg(mu)  ||d||  lg(rg) alpha_du alpha_pr  ls
  30  2.1287838e+01 6.19e-04 3.12e+01  -2.7 1.24e-01    -  1.00e+00 1.00e+00h  1
  31  2.1231941e+01 6.75e-03 5.41e+01  -2.0 1.68e-01    -  1.00e+00 1.00e+00h  1
  32  2.0978703e+01 5.61e-03 8.41e+01  -2.4 5.49e-01    -  1.00e+00 1.00e+00h  1
  33  2.0789386e+01 6.18e-03 1.47e+02  -2.5 1.40e+00    -  1.00e+00 5.01e-01h  1
  34  2.0727175e+01 5.06e-03 6.41e+01  -2.8 5.71e-01    -  1.00e+00 1.00e+00h  1
  35  2.0588032e+01 1.16e-02 4.98e+01  -3.0 9.51e-01    -  1.00e+00 9.46e-01h  1
  36  2.0519538e+01 1.01e-02 7.51e+01  -3.2 6.72e-01    -  1.00e+00 4.70e-01h  1
  37  2.0386877e+01 1.53e-02 2.81e+02  -2.9 1.94e+00    -  1.00e+00 2.00e-01h  1
  38  2.0186455e+01 1.48e-02 2.42e+02  -2.9 2.39e+00    -  8.36e-01 4.15e-01h  1
  39  2.0032280e+01 9.62e-02 4.41e+02  -1.9 6.04e+00    -  4.56e-01 2.56e-01f  1
iter    objective    inf_pr   inf_du lg(mu)  ||d||  lg(rg) alpha_du alpha_pr  ls
  40  1.9666077e+01 1.46e-01 5.48e+02  -1.9 3.38e+00    -  9.02e-01 1.00e+00h  1
  41  1.9361315e+01 3.62e-02 2.66e+02  -2.1 1.57e+00    -  1.00e+00 1.00e+00h  1
  42  1.9232488e+01 4.14e-02 6.37e+01  -1.9 1.77e+00    -  1.00e+00 1.00e+00h  1
  43  1.8873963e+01 3.62e-02 1.30e+02  -2.0 1.90e+00    -  1.00e+00 1.00e+00h  1
  44  1.8714596e+01 7.58e-02 1.53e+02  -1.8 1.79e+00    -  1.00e+00 1.00e+00h  1
  45  1.8534909e+01 1.99e-02 8.56e+01  -2.0 1.42e+00    -  1.00e+00 1.00e+00h  1
  46  1.8545421e+01 1.41e-02 1.33e+02  -2.2 1.24e+00    -  1.00e+00 6.91e-01h  1
  47  1.8665810e+01 1.19e-02 1.13e+02  -1.9 9.66e-01    -  9.81e-01 5.00e-01h  2
  48  1.8584876e+01 4.25e-02 9.73e+01  -2.1 1.76e+00    -  1.00e+00 1.00e+00h  1
  49  1.7885623e+01 2.08e-01 3.17e+02  -2.2 4.12e+00    -  8.24e-01 1.00e+00h  1
iter    objective    inf_pr   inf_du lg(mu)  ||d||  lg(rg) alpha_du alpha_pr  ls
  50  1.6885007e+01 1.31e-01 3.00e+02  -1.9 3.12e+00    -  1.00e+00 1.00e+00h  1
  51  1.6872630e+01 9.75e-02 9.90e+01  -2.1 1.62e+00    -  1.00e+00 1.00e+00h  1
  52  1.6809786e+01 6.99e-02 6.74e+01  -2.3 2.02e+00    -  1.00e+00 1.00e+00h  1
  53  1.6469312e+01 6.83e-02 8.44e+01  -2.4 2.16e+00    -  1.00e+00 9.79e-01h  1
  54  1.6318258e+01 1.12e-01 1.13e+02  -1.9 2.85e+00    -  1.00e+00 4.67e-01h  1
  55  1.6060476e+01 1.31e-01 1.30e+02  -2.0 2.43e+00    -  1.00e+00 1.00e+00h  1
  56  1.5612520e+01 5.40e-02 9.77e+01  -2.1 2.54e+00    -  1.00e+00 1.00e+00h  1
  57  1.5639738e+01 4.91e-02 7.45e+01  -1.8 3.04e+00    -  1.00e+00 5.30e-01h  1
  58  1.6435151e+01 1.46e-01 1.38e+02  -1.5 2.60e+00    -  1.00e+00 1.00e+00f  1
  59  1.6364039e+01 7.01e-02 1.37e+02  -1.6 1.45e+00    -  1.00e+00 1.00e+00h  1
iter    objective    inf_pr   inf_du lg(mu)  ||d||  lg(rg) alpha_du alpha_pr  ls
  60  1.6023432e+01 4.99e-02 9.86e+01  -1.6 1.91e+00    -  1.00e+00 1.00e+00h  1
  61  1.5624803e+01 6.78e-02 2.29e+02  -1.6 2.52e+00    -  1.00e+00 1.00e+00h  1
  62  1.5524732e+01 7.31e-02 1.12e+02  -1.6 2.36e+00    -  1.00e+00 1.00e+00h  1
  63  1.5598097e+01 4.18e-02 1.11e+02  -1.9 1.17e+00    -  1.00e+00 4.78e-01h  1
  64  1.5685560e+01 1.68e-02 8.65e+01  -2.4 1.34e+00    -  9.29e-01 7.68e-01H  1
  65  1.5296989e+01 1.21e-01 9.15e+01  -2.1 2.89e+00    -  1.00e+00 1.00e+00h  1
  66  1.4758628e+01 6.82e-01 3.51e+02  -1.6 9.79e+00    -  1.00e+00 6.70e-01h  1
  67  1.3154720e+01 3.79e-01 3.18e+02  -1.8 7.46e+00    -  1.00e+00 1.00e+00h  1
  68  1.2100612e+01 2.55e-01 2.67e+02  -1.9 1.08e+01    -  1.00e+00 4.45e-01h  1
  69  1.1950588e+01 2.90e-01 1.56e+02  -1.4 4.58e+00    -  1.00e+00 1.00e+00h  1
iter    objective    inf_pr   inf_du lg(mu)  ||d||  lg(rg) alpha_du alpha_pr  ls
  70  1.2349097e+01 2.02e-01 1.14e+02  -1.2 4.48e+00    -  1.00e+00 7.64e-01f  1
  71  1.1721082e+01 1.35e-01 4.78e+01  -1.6 4.23e+00    -  1.00e+00 1.00e+00h  1
  72  1.1192722e+01 4.88e-01 4.50e+01  -1.4 5.57e+00    -  1.00e+00 8.87e-01h  1
  73  1.0605833e+01 2.05e-01 5.34e+01  -1.5 3.96e+00    -  1.00e+00 1.00e+00h  1
  74  1.0368214e+01 1.43e-01 4.91e+01  -1.9 3.77e+00    -  1.00e+00 4.98e-01h  1
  75  1.0058231e+01 8.91e-02 9.58e+01  -2.1 5.47e+00    -  9.51e-01 5.30e-01h  1
  76  9.3179912e+00 2.28e-01 1.83e+02  -1.6 9.35e+00    -  1.00e+00 5.72e-01h  1
  77  8.7843512e+00 2.73e-01 1.75e+02  -1.6 8.62e+00    -  1.00e+00 8.58e-01h  1
  78  8.1208070e+00 2.45e-01 1.02e+02  -2.0 3.90e+00    -  1.00e+00 1.00e+00h  1
  79  7.6160634e+00 1.06e-01 4.02e+01  -2.3 3.98e+00    -  1.00e+00 7.53e-01h  1
iter    objective    inf_pr   inf_du lg(mu)  ||d||  lg(rg) alpha_du alpha_pr  ls
  80  6.9372586e+00 4.42e-01 5.59e+01  -2.0 5.08e+00    -  1.00e+00 9.11e-01h  1
  81  6.7189349e+00 1.08e-01 3.77e+01  -2.1 2.31e+00    -  1.00e+00 7.53e-01h  1
  82  7.1884446e+00 4.07e-01 4.46e+01  -1.7 4.00e+00    -  1.00e+00 1.00e+00h  1
  83  6.9697433e+00 1.38e-01 1.79e+01  -1.8 2.23e+00    -  1.00e+00 1.00e+00h  1
  84  6.9773785e+00 8.89e-02 6.36e+01  -4.0 2.66e+00    -  6.46e-01 3.92e-01h  1
  85  7.2333889e+00 1.08e-01 5.14e+01  -2.0 3.67e+00    -  1.00e+00 4.75e-01h  2
  86  7.3928434e+00 5.46e-02 5.75e+01  -2.2 1.53e+00    -  1.00e+00 1.00e+00h  1
  87  7.5192378e+00 4.47e-02 2.94e+02  -1.7 2.17e+00    -  1.00e+00 2.15e-01h  3
  88  7.7408456e+00 2.10e-02 6.35e+01  -2.1 2.36e+00    -  1.00e+00 5.00e-01h  2
  89  7.6702464e+00 1.89e-02 4.62e+01  -2.7 1.79e+00    -  1.00e+00 4.63e-01h  1
iter    objective    inf_pr   inf_du lg(mu)  ||d||  lg(rg) alpha_du alpha_pr  ls
  90  7.6507675e+00 1.42e-02 5.71e+01  -2.1 2.05e+00    -  1.00e+00 2.50e-01h  3
  91  7.4222983e+00 3.71e-02 6.71e+01  -2.5 2.57e+00    -  1.00e+00 4.93e-01h  1
  92  6.9258597e+00 1.11e-01 1.50e+02  -2.6 3.14e+00    -  8.78e-01 1.00e+00h  1
  93  6.3610526e+00 1.13e-01 2.04e+02  -2.6 3.65e+00    -  7.37e-01 7.59e-01h  1
  94  6.0228336e+00 9.39e-02 1.50e+02  -2.2 4.04e+00    -  1.00e+00 5.10e-01f  1
  95  6.7528705e+00 1.79e-01 4.59e+01  -2.0 3.38e+00    -  1.00e+00 1.00e+00h  1
  96  6.7949632e+00 5.61e-02 4.34e+01  -2.1 1.48e+00    -  1.00e+00 1.00e+00h  1
  97  6.2604444e+00 1.01e-01 5.41e+01  -2.4 3.24e+00    -  1.00e+00 1.00e+00h  1
  98  6.0179423e+00 8.83e-02 6.37e+01  -2.5 5.23e+00    -  1.00e+00 2.67e-01h  1
  99  5.9157187e+00 4.91e-02 6.51e+01  -4.0 2.28e+00    -  4.34e-01 5.05e-01h  1
iter    objective    inf_pr   inf_du lg(mu)  ||d||  lg(rg) alpha_du alpha_pr  ls
 100  6.2701502e+00 6.78e-02 3.39e+01  -2.2 2.83e+00    -  3.42e-01 6.92e-01h  1
 101  6.2954005e+00 6.66e-02 5.58e+01  -2.5 1.51e+00    -  7.78e-01 1.00e+00h  1
 102  6.1744174e+00 2.45e-02 1.06e+02  -2.5 1.03e+00    -  4.98e-01 9.02e-01h  1
 103  6.1056616e+00 2.07e-02 1.00e+02  -3.1 2.56e+00    -  7.47e-01 1.60e-01h  1
 104  6.0922172e+00 1.62e-02 1.48e+02  -2.9 1.53e+00    -  7.99e-01 2.32e-01h  3
 105  6.0550699e+00 1.40e-02 1.74e+02  -2.6 2.32e+00    -  1.00e+00 2.12e-01h  2
 106  5.9982119e+00 1.34e-02 1.68e+02  -2.9 2.90e+00    -  1.00e+00 1.99e-01h  1
 107  5.8238107e+00 3.34e-02 1.04e+02  -3.1 5.64e+00    -  1.00e+00 2.82e-01h  1
 108  6.5254215e+00 2.50e-01 1.09e+02  -2.0 5.97e+00    -  5.43e-01 6.06e-01f  1
 109  5.9543889e+00 2.10e-01 1.11e+02  -2.3 5.51e+00    -  6.62e-01 7.18e-01h  1
iter    objective    inf_pr   inf_du lg(mu)  ||d||  lg(rg) alpha_du alpha_pr  ls
 110  5.7408026e+00 1.61e-01 8.54e+01  -2.3 4.72e+00    -  6.89e-01 2.89e-01h  1
 111  5.6058984e+00 1.55e-01 5.23e+01  -2.4 1.85e+00    -  1.00e+00 1.00e+00h  1
 112  5.3080262e+00 8.23e-02 6.36e+01  -4.0 3.60e+00    -  3.57e-01 5.57e-01h  1
 113  5.1627997e+00 7.26e-02 7.14e+01  -2.9 4.94e+00    -  4.58e-01 1.98e-01h  1
 114  4.9841497e+00 5.52e-02 7.22e+01  -3.0 7.16e+00    -  5.93e-01 2.24e-01h  1
 115  5.3242691e+00 1.16e-01 8.22e+01  -2.1 3.76e+00    -  1.00e+00 6.10e-01h  1
 116  5.1817418e+00 7.18e-02 7.67e+01  -2.2 3.18e+00    -  3.71e-01 4.32e-01h  1
 117  5.4770602e+00 6.41e-02 1.24e+02  -2.2 3.98e+00    -  2.74e-01 6.50e-01H  1
 118  5.3075928e+00 2.63e-02 5.75e+01  -2.2 1.24e+00    -  7.85e-01 9.20e-01h  1
 119  5.2728910e+00 1.06e-01 5.02e+01  -2.0 3.35e+00    -  1.00e+00 6.68e-01f  1
iter    objective    inf_pr   inf_du lg(mu)  ||d||  lg(rg) alpha_du alpha_pr  ls
 120  5.1313682e+00 3.06e-01 9.37e+01  -2.1 3.86e+00    -  6.48e-01 1.00e+00h  1
 121  5.0422957e+00 6.09e-02 5.98e+01  -2.1 1.57e+00    -  1.00e+00 9.06e-01h  1
 122  5.2554112e+00 1.71e-01 7.10e+01  -1.7 2.65e+00    -  8.46e-01 1.00e+00f  1
 123  5.2735473e+00 9.53e-02 4.62e+01  -1.8 1.84e+00    -  1.00e+00 4.78e-01h  1
 124  5.2327125e+00 7.08e-02 6.90e+01  -1.8 1.78e+00    -  7.05e-01 1.00e+00h  1
 125  5.2217037e+00 5.26e-02 9.50e+01  -1.8 1.57e+00    -  1.00e+00 2.97e-01h  1
 126  5.2446659e+00 2.37e-02 1.53e+02  -2.1 1.19e+00    -  1.00e+00 6.27e-01h  1
 127  5.2849775e+00 1.77e-02 2.01e+02  -1.8 1.07e+00    -  1.00e+00 6.28e-01h  1
 128  5.2842627e+00 1.53e-02 1.60e+02  -2.3 1.30e+00    -  9.70e-01 2.34e-01h  3
 129  5.2866427e+00 1.15e-02 2.13e+02  -2.5 1.27e+00    -  7.47e-01 2.50e-01h  3
iter    objective    inf_pr   inf_du lg(mu)  ||d||  lg(rg) alpha_du alpha_pr  ls
 130  5.2753991e+00 7.90e-03 3.25e+02  -2.8 1.16e+00    -  1.00e+00 2.74e-01h  2
 131  5.2425756e+00 7.65e-03 1.69e+02  -2.5 1.33e+00    -  1.00e+00 3.06e-01h  2
 132  5.1395310e+00 3.36e-02 4.86e+01  -2.7 1.54e+00    -  1.00e+00 1.00e+00h  1
 133  4.8062555e+00 7.03e-02 9.72e+01  -2.8 3.65e+00    -  1.00e+00 5.54e-01h  1
 134  4.6326294e+00 5.81e-02 1.08e+02  -4.0 4.78e+00    -  4.11e-01 2.24e-01h  1
 135  4.2134562e+00 1.23e-01 1.59e+02  -2.5 8.99e+00    -  1.00e+00 3.10e-01h  1
 136  3.9391317e+00 9.63e-02 8.82e+01  -3.0 2.12e+00    -  5.88e-01 7.93e-01h  1
 137  3.7386761e+00 6.96e-02 6.34e+01  -2.8 2.49e+00    -  3.56e-01 5.09e-01h  1
 138  3.7784682e+00 4.52e-02 4.59e+01  -2.8 1.53e+00    -  5.35e-01 5.26e-01h  1
 139  4.1297807e+00 1.15e-01 1.34e+02  -1.7 1.13e+01    -  9.98e-01 2.22e-01f  1
iter    objective    inf_pr   inf_du lg(mu)  ||d||  lg(rg) alpha_du alpha_pr  ls
 140  4.1313866e+00 9.85e-01 1.03e+02  -1.8 8.93e+00    -  7.03e-01 9.16e-01h  1
 141  4.1683645e+00 2.36e-01 5.26e+01  -1.8 4.15e+00    -  4.98e-01 1.00e+00h  1
 142  4.1055093e+00 1.54e-01 2.06e+01  -1.8 2.76e+00    -  6.78e-01 9.10e-01h  1
 143  4.2256906e+00 2.07e-01 1.19e+01  -1.8 4.30e+00    -  6.94e-01 5.00e-01h  2
 144  4.4834598e+00 1.36e-01 2.91e+01  -1.8 1.83e+00    -  1.00e+00 1.00e+00h  1
 145  4.5776963e+00 1.15e-01 2.33e+01  -1.8 2.14e+00    -  9.63e-01 1.00e+00h  1
 146  4.5799388e+00 8.61e-02 1.28e+01  -2.1 1.44e+00    -  1.00e+00 1.00e+00h  1
 147  4.6764701e+00 5.47e-02 9.40e+01  -2.1 1.56e+00    -  1.00e+00 4.36e-01h  2
 148  4.7245910e+00 4.20e-02 4.89e+01  -2.5 1.87e+00    -  1.00e+00 2.50e-01h  3
 149  4.7557770e+00 3.25e-02 3.55e+01  -2.2 2.38e+00    -  1.00e+00 2.50e-01h  3
iter    objective    inf_pr   inf_du lg(mu)  ||d||  lg(rg) alpha_du alpha_pr  ls
 150  4.7673305e+00 2.59e-02 5.51e+01  -2.6 2.08e+00    -  1.00e+00 2.11e-01h  3
 151  4.6498253e+00 1.91e-02 5.74e+01  -3.0 2.22e+00    -  1.00e+00 4.93e-01h  1
 152  4.3300776e+00 9.12e-02 3.71e+01  -3.0 3.78e+00    -  4.91e-01 5.47e-01h  1
 153  3.9250695e+00 1.30e-01 5.62e+01  -3.0 1.20e+01    -  3.85e-01 2.21e-01h  1
 154  3.6880383e+00 1.35e-01 6.29e+01  -3.0 5.83e+00    -  8.88e-01 3.53e-01h  1
 155  3.6481672e+00 1.12e-01 6.45e+01  -2.5 4.46e+00    -  8.29e-01 1.79e-01h  1
 156  3.6661909e+00 8.29e-02 4.97e+01  -4.0 1.39e+00    -  4.11e-01 2.61e-01h  1
 157  3.6662591e+00 3.27e-02 1.97e+01  -3.8 1.08e+00    -  5.54e-01 6.45e-01h  1
 158  3.6256496e+00 4.10e-02 2.48e+01  -4.0 2.49e+00    -  2.99e-01 5.09e-01h  1
 159  3.7456993e+00 3.10e-02 1.54e+01  -3.0 1.12e+00    -  1.00e+00 1.00e+00h  1
iter    objective    inf_pr   inf_du lg(mu)  ||d||  lg(rg) alpha_du alpha_pr  ls
 160  3.7744545e+00 2.07e-02 1.74e+01  -3.2 7.90e-01    -  1.00e+00 1.00e+00h  1
 161  3.7302505e+00 2.02e-02 1.13e+01  -2.9 7.37e-01    -  1.00e+00 1.00e+00h  1
 162  3.8082984e+00 1.41e-02 5.76e+01  -3.1 8.25e-01    -  7.80e-01 5.48e-01H  1
 163  3.8414986e+00 1.04e-02 3.97e+01  -3.4 7.41e-01    -  1.00e+00 4.00e-01h  2
 164  3.9386166e+00 9.05e-03 1.08e+02  -3.1 6.85e-01    -  4.68e-01 6.71e-01H  1
 165  3.9238943e+00 2.82e-03 3.96e+01  -4.0 3.29e-01    -  6.02e-01 7.15e-01h  1
 166  3.9357535e+00 2.67e-03 1.26e+02  -3.2 3.08e-01    -  1.00e+00 5.00e-01h  2
 167  3.9777682e+00 4.20e-03 4.07e+01  -2.9 2.81e-01    -  1.00e+00 1.00e+00h  1
 168  3.9810941e+00 3.31e-03 4.15e+01  -3.0 2.74e-01    -  4.75e-01 2.20e-01h  1
 169  3.9979456e+00 2.71e-03 2.46e+01  -3.0 3.06e-01    -  1.00e+00 1.00e+00f  1
iter    objective    inf_pr   inf_du lg(mu)  ||d||  lg(rg) alpha_du alpha_pr  ls
 170  4.0015231e+00 1.67e-03 1.41e+01  -3.0 1.88e-01    -  1.00e+00 1.00e+00h  1
 171  3.9872119e+00 9.45e-04 7.80e+00  -3.6 1.62e-01    -  1.00e+00 1.00e+00h  1
 172  3.9744119e+00 1.74e-03 1.83e+01  -4.0 1.75e-01    -  1.00e+00 1.00e+00h  1
 173  3.9660734e+00 1.37e-03 4.47e+01  -4.0 1.75e-01    -  1.00e+00 2.93e-01h  1
 174  3.9440861e+00 1.65e-03 1.03e+01  -3.7 2.30e-01    -  1.00e+00 1.00e+00h  1
 175  3.9174261e+00 1.15e-03 1.54e+01  -3.9 2.06e-01    -  1.00e+00 7.42e-01h  1
 176  3.9023614e+00 8.39e-04 5.22e+01  -4.0 2.06e-01    -  1.00e+00 4.99e-01h  1
 177  3.9437714e+00 7.24e-03 9.63e+01  -3.3 3.18e-01    -  5.06e-01 1.00e+00h  1
 178  3.9186948e+00 2.91e-03 6.87e+01  -3.6 2.69e-01    -  1.00e+00 6.27e-01h  1
 179  3.8711969e+00 2.43e-03 6.36e+01  -3.6 4.53e-01    -  8.81e-01 5.88e-01h  1
iter    objective    inf_pr   inf_du lg(mu)  ||d||  lg(rg) alpha_du alpha_pr  ls
 180  3.8314260e+00 5.81e-03 4.73e+01  -3.7 5.77e-01    -  1.00e+00 6.60e-01h  1
 181  3.7793597e+00 6.92e-03 6.00e+01  -3.8 7.14e-01    -  4.97e-01 5.34e-01h  1
 182  3.7320882e+00 1.39e-02 4.01e+01  -3.8 8.14e-01    -  6.88e-01 5.02e-01h  1
 183  3.7184264e+00 1.35e-02 4.19e+01  -3.8 1.38e+00    -  2.53e-01 8.36e-02h  1
 184  3.6889569e+00 1.56e-02 5.87e+01  -3.1 2.00e+00    -  4.54e-01 2.40e-01f  1
 185  3.7710514e+00 2.59e-02 4.22e+01  -2.8 1.23e+00    -  5.33e-01 4.73e-01h  1
 186  3.7270726e+00 4.86e-03 3.06e+01  -3.0 3.90e-01    -  1.00e+00 1.00e+00h  1
 187  3.7711555e+00 1.18e-02 2.22e+01  -2.8 7.03e-01    -  1.00e+00 8.94e-01h  1
 188  3.7410099e+00 6.96e-03 2.61e+01  -2.9 4.18e-01    -  6.75e-01 1.00e+00h  1
 189  3.7408596e+00 5.71e-03 1.32e+02  -3.0 4.88e-01    -  1.00e+00 2.55e-01h  1
iter    objective    inf_pr   inf_du lg(mu)  ||d||  lg(rg) alpha_du alpha_pr  ls
 190  3.8737417e+00 2.69e-02 1.01e+03  -1.9 3.32e+00    -  1.00e+00 2.20e-01f  1
 191  4.0627673e+00 1.10e-01 5.01e+02  -2.0 1.28e+00    -  5.85e-01 1.00e+00h  1
 192  4.1241407e+00 2.27e-02 5.60e+01  -2.0 8.22e-01    -  1.00e+00 1.00e+00h  1
 193  4.2196865e+00 6.99e-02 1.45e+01  -2.0 1.47e+00    -  1.00e+00 1.00e+00h  1
 194  4.2134537e+00 5.60e-02 1.87e+02  -2.0 9.29e-01    -  1.00e+00 2.07e-01h  1
 195  4.3293039e+00 4.74e-02 8.88e+01  -2.0 1.42e+00    -  4.96e-01 1.00e+00h  1
 196  4.3087860e+00 2.95e-02 2.93e+01  -2.0 1.13e+00    -  1.00e+00 1.00e+00h  1
 197  4.2939986e+00 2.90e-02 3.29e+01  -2.0 8.95e-01    -  1.00e+00 1.00e+00h  1
 198  4.3135787e+00 2.12e-02 3.04e+01  -2.0 7.40e-01    -  1.00e+00 1.00e+00h  1
 199  4.2940945e+00 1.37e-02 3.45e+02  -2.0 8.17e-01    -  1.00e+00 4.61e-01h  2
iter    objective    inf_pr   inf_du lg(mu)  ||d||  lg(rg) alpha_du alpha_pr  ls
 200  4.2968949e+00 1.18e-02 8.90e+02  -2.0 1.07e+00    -  1.00e+00 1.25e-01h  4
 201  4.3171670e+00 8.66e-03 1.48e+02  -2.0 8.65e-01    -  1.00e+00 2.50e-01h  3
 202  4.3338807e+00 7.25e-03 1.83e+02  -2.0 7.86e-01    -  9.95e-01 2.50e-01h  3
 203  4.3499951e+00 5.71e-03 2.41e+02  -2.0 6.35e-01    -  1.00e+00 2.50e-01h  3
 204  4.3681711e+00 4.68e-03 7.43e+01  -2.0 6.32e-01    -  1.00e+00 2.50e-01h  3
 205  4.3822866e+00 3.68e-03 9.16e+01  -2.0 6.53e-01    -  1.00e+00 2.50e-01h  3
 206  4.3960026e+00 3.12e-03 1.56e+02  -2.0 6.89e-01    -  1.00e+00 1.86e-01h  3
 207  4.4129128e+00 2.34e-03 2.03e+02  -2.0 5.75e-01    -  1.00e+00 2.46e-01h  3
 208  4.4206639e+00 2.13e-03 1.01e+02  -2.0 8.42e-01    -  1.00e+00 1.25e-01h  4
 209  4.4348551e+00 1.74e-03 9.39e+01  -2.0 4.83e-01    -  1.00e+00 2.50e-01h  3
iter    objective    inf_pr   inf_du lg(mu)  ||d||  lg(rg) alpha_du alpha_pr  ls
 210  4.4500118e+00 1.29e-03 1.69e+02  -2.0 4.59e-01    -  1.00e+00 2.50e-01h  3
 211  4.4597267e+00 1.11e-03 1.66e+02  -2.0 6.27e-01    -  1.00e+00 1.25e-01h  4
 212  4.4691071e+00 1.02e-03 1.24e+02  -2.0 7.28e-01    -  1.00e+00 1.25e-01h  4
 213  4.4762614e+00 1.03e-03 1.32e+02  -2.0 9.57e-01    -  1.00e+00 6.25e-02h  5
 214  4.4821499e+00 1.04e-03 2.04e+02  -2.0 1.84e+00    -  1.00e+00 3.12e-02h  6
 215  4.4946332e+00 1.12e-03 2.61e+02  -2.0 2.32e+00    -  1.00e+00 6.25e-02h  5
 216  4.5000421e+00 1.12e-03 2.07e+02  -2.0 1.68e+00    -  1.00e+00 3.12e-02h  6
 217  4.5070539e+00 1.14e-03 1.60e+02  -2.0 2.17e+00    -  1.00e+00 3.12e-02h  6
 218  4.5132767e+00 1.16e-03 2.11e+02  -2.0 2.45e+00    -  1.00e+00 3.12e-02h  6
 219  4.6385008e+00 3.00e-02 2.06e+02  -2.0 2.23e+00    -  1.00e+00 5.00e-01h  2
iter    objective    inf_pr   inf_du lg(mu)  ||d||  lg(rg) alpha_du alpha_pr  ls
 220  4.7801466e+00 1.06e-01 3.51e+02  -2.0 2.10e+00    -  1.00e+00 1.00e+00h  1
 221  4.5612138e+00 3.62e-02 2.25e+02  -2.0 9.84e-01    -  1.00e+00 1.00e+00h  1
 222  4.4411855e+00 2.98e-02 6.18e+01  -2.0 1.34e+00    -  1.00e+00 1.00e+00h  1
 223  4.5224958e+00 1.15e-02 1.74e+01  -2.0 8.55e-01    -  1.00e+00 1.00e+00h  1
 224  4.5393019e+00 3.76e-02 4.14e+01  -2.0 1.01e+00    -  1.00e+00 1.00e+00h  1
 225  4.5154609e+00 1.91e-02 4.97e+00  -2.0 7.66e-01    -  1.00e+00 1.00e+00h  1
 226  4.5618918e+00 1.08e-02 3.84e+02  -2.0 1.00e+00    -  1.00e+00 4.56e-01H  1
 227  4.6054222e+00 6.92e-03 5.99e+01  -2.0 6.37e-01    -  1.00e+00 5.00e-01h  2
 228  4.6396845e+00 4.68e-03 8.57e+01  -2.0 5.83e-01    -  1.00e+00 5.00e-01h  2
 229  4.6519467e+00 2.69e-03 1.18e+02  -2.0 4.84e-01    -  1.00e+00 5.00e-01h  2
iter    objective    inf_pr   inf_du lg(mu)  ||d||  lg(rg) alpha_du alpha_pr  ls
 230  4.6561246e+00 1.99e-03 1.21e+02  -2.0 4.35e-01    -  1.00e+00 5.00e-01h  2
 231  4.6751323e+00 7.16e-03 5.06e+01  -2.0 5.93e-01    -  1.00e+00 1.00e+00h  1
 232  4.6634545e+00 4.79e-03 1.17e+01  -2.0 4.40e-01    -  1.00e+00 1.00e+00h  1
 233  4.6694991e+00 3.61e-03 4.63e+02  -2.0 3.78e-01    -  1.00e+00 2.50e-01h  3
 234  4.6753124e+00 2.75e-03 1.68e+02  -2.0 4.01e-01    -  1.00e+00 2.50e-01h  3
 235  4.6808570e+00 2.02e-03 4.44e+01  -2.0 4.49e-01    -  1.00e+00 2.50e-01h  3
 236  4.6854630e+00 1.62e-03 7.81e+01  -2.0 2.90e-01    -  1.00e+00 2.50e-01h  3
 237  4.6919111e+00 9.54e-04 6.53e+01  -2.0 2.21e-01    -  1.00e+00 5.00e-01h  2
 238  4.6925124e+00 5.84e-04 8.42e+01  -2.0 1.96e-01    -  1.00e+00 5.00e-01h  2
 239  4.6909840e+00 4.47e-04 4.56e+02  -2.9 2.10e-01    -  1.00e+00 2.50e-01h  3
iter    objective    inf_pr   inf_du lg(mu)  ||d||  lg(rg) alpha_du alpha_pr  ls
 240  4.6341346e+00 3.77e-03 1.29e+02  -3.2 3.38e-01    -  1.00e+00 8.43e-01h  1
 241  4.5226401e+00 1.05e-02 2.57e+02  -3.3 3.04e+00    -  5.10e-01 2.00e-01h  1
 242  4.1689671e+00 8.36e-02 1.44e+02  -3.3 8.10e+00    -  6.11e-01 2.68e-01h  1
 243  4.0706676e+00 7.34e-02 1.49e+02  -3.3 3.72e+00    -  4.82e-01 1.70e-01h  1
 244  3.8262215e+00 1.02e-01 1.08e+02  -3.3 8.37e+00    -  2.92e-01 1.92e-01h  1
 245  3.7219748e+00 7.83e-02 1.05e+02  -3.3 3.13e+00    -  5.42e-01 2.64e-01h  1
 246  3.6308384e+00 4.25e-02 8.81e+01  -3.3 1.54e+00    -  9.74e-01 3.81e-01h  1
 247  3.6366811e+00 2.40e-02 2.93e+01  -3.3 9.74e-01    -  6.98e-01 7.24e-01h  1
 248  3.9334376e+00 7.90e-02 1.56e+01  -2.7 2.06e+00    -  7.95e-01 1.00e+00f  1
 249  3.7286647e+00 6.81e-02 5.13e+01  -2.9 2.52e+00    -  7.78e-01 5.42e-01h  1
iter    objective    inf_pr   inf_du lg(mu)  ||d||  lg(rg) alpha_du alpha_pr  ls
 250  3.5632169e+00 4.54e-02 5.03e+01  -2.9 1.27e+00    -  7.64e-01 1.00e+00h  1
 251  4.0723253e+00 1.75e-01 2.21e+01  -2.3 3.43e+00    -  8.38e-01 9.92e-01h  1
 252  3.8556312e+00 8.25e-02 5.62e+01  -2.4 2.41e+00    -  1.00e+00 8.18e-01h  1
 253  3.6929401e+00 5.10e-02 1.69e+01  -2.4 1.39e+00    -  1.00e+00 1.00e+00h  1
 254  3.5396479e+00 1.25e-01 2.17e+01  -2.4 2.22e+00    -  1.00e+00 1.00e+00h  1
 255  4.1532559e+00 3.43e-01 2.82e+01  -2.1 4.15e+00    -  7.02e-01 1.00e+00h  1
 256  3.7194792e+00 1.84e-01 3.25e+01  -2.2 3.71e+00    -  1.00e+00 8.49e-01h  1
 257  3.6192565e+00 9.48e-02 2.04e+01  -2.2 1.85e+00    -  3.44e-01 1.00e+00h  1
 258  3.8758247e+00 6.93e-02 5.05e+01  -2.2 2.07e+00    -  1.22e-01 4.10e-01H  1
 259  4.0028020e+00 3.11e-02 2.01e+01  -2.2 1.01e+00    -  1.00e+00 1.00e+00h  1
iter    objective    inf_pr   inf_du lg(mu)  ||d||  lg(rg) alpha_du alpha_pr  ls
 260  4.0172445e+00 2.35e-02 4.11e+01  -2.2 1.00e+00    -  1.00e+00 5.30e-01h  1
 261  4.0765315e+00 1.94e-02 2.42e+02  -2.2 1.85e+00    -  1.00e+00 1.60e-01h  3
 262  4.1291488e+00 1.54e-02 5.38e+01  -2.2 1.57e+00    -  1.00e+00 2.50e-01h  3
 263  4.1898690e+00 1.12e-02 7.68e+01  -2.2 1.33e+00    -  1.00e+00 2.50e-01h  3
 264  4.2436759e+00 8.42e-03 4.65e+01  -2.2 1.06e+00    -  1.00e+00 2.50e-01h  3
 265  4.2882435e+00 6.15e-03 5.88e+01  -2.2 1.28e+00    -  1.00e+00 2.50e-01h  3
 266  4.3354960e+00 4.57e-03 1.39e+02  -2.2 1.04e+00    -  1.00e+00 2.50e-01h  3
 267  4.3605965e+00 3.71e-03 3.62e+01  -2.2 1.08e+00    -  1.00e+00 2.50e-01h  3
 268  4.3910048e+00 3.37e-03 1.52e+02  -2.2 1.01e+00    -  1.00e+00 2.50e-01h  3
 269  4.4400775e+00 2.99e-03 6.98e+01  -2.2 7.17e-01    -  1.00e+00 5.00e-01h  2
iter    objective    inf_pr   inf_du lg(mu)  ||d||  lg(rg) alpha_du alpha_pr  ls
 270  4.4543090e+00 2.57e-03 1.81e+02  -2.2 9.56e-01    -  1.00e+00 2.50e-01h  3
 271  4.4674767e+00 2.04e-03 2.39e+02  -2.2 3.58e-01    -  1.00e+00 5.00e-01h  2
 272  4.4770698e+00 1.70e-03 2.79e+02  -2.2 4.22e-01    -  1.00e+00 5.00e-01h  2
 273  4.4922972e+00 1.19e-03 1.33e+02  -2.2 2.57e-01    -  1.00e+00 5.00e-01h  2
 274  4.4955438e+00 9.59e-04 1.12e+02  -2.2 3.89e-01    -  1.00e+00 2.50e-01h  3
 275  4.5003482e+00 7.48e-04 1.33e+02  -2.2 2.81e-01    -  1.00e+00 2.50e-01h  3
 276  4.4984395e+00 5.95e-04 3.31e+02  -3.0 3.56e-01    -  1.00e+00 2.50e-01h  3
 277  4.4754863e+00 1.55e-03 1.21e+02  -3.2 3.32e-01    -  1.00e+00 6.94e-01h  1
 278  4.3730175e+00 1.17e-02 4.26e+02  -3.3 1.67e+00    -  1.00e+00 3.71e-01h  1
 279  4.1925398e+00 2.88e-02 1.63e+02  -3.3 2.29e+00    -  6.90e-01 4.89e-01h  1
iter    objective    inf_pr   inf_du lg(mu)  ||d||  lg(rg) alpha_du alpha_pr  ls
 280  4.1044601e+00 3.20e-02 1.68e+02  -3.3 5.88e+00    -  5.08e-01 9.36e-02h  1
 281  3.8949133e+00 4.05e-02 1.22e+02  -3.3 3.65e+00    -  2.90e-01 3.50e-01h  1
 282  3.7413283e+00 4.67e-02 1.18e+02  -3.3 4.34e+00    -  2.84e-01 2.75e-01h  1
 283  3.7435890e+00 2.35e-02 8.93e+01  -3.3 6.56e-01    -  3.82e-01 5.02e-01h  1
 284  3.7255601e+00 1.37e-02 1.53e+02  -3.3 5.25e-01    -  8.79e-01 4.10e-01h  1
 285  3.7231580e+00 8.72e-03 8.16e+01  -3.3 3.67e-01    -  3.82e-01 3.23e-01h  1
 286  3.7957183e+00 3.82e-03 1.37e+02  -3.3 6.10e-01    -  3.79e-01 7.85e-01h  1
 287  3.8038359e+00 2.61e-03 3.80e+01  -3.3 3.18e-01    -  8.77e-01 7.63e-01h  1
 288  3.7967111e+00 1.97e-03 1.43e+02  -3.7 2.49e-01    -  1.00e+00 2.72e-01h  1
 289  3.7494108e+00 3.41e-03 2.52e+01  -4.0 3.48e-01    -  1.00e+00 8.92e-01h  1
iter    objective    inf_pr   inf_du lg(mu)  ||d||  lg(rg) alpha_du alpha_pr  ls
 290  3.7417660e+00 2.34e-03 1.65e+02  -4.1 2.44e-01    -  8.86e-01 3.97e-01h  1
 291  3.7289161e+00 1.95e-03 1.06e+02  -4.0 4.58e-01    -  8.01e-01 2.37e-01h  1
 292  3.7312708e+00 1.46e-03 4.76e+01  -4.0 2.98e-01    -  5.02e-01 4.13e-01h  1
 293  3.7402190e+00 1.95e-03 5.41e+01  -3.1 3.70e-01    -  5.05e-01 3.15e-01h  1
 294  3.7398884e+00 1.43e-03 1.80e+02  -3.5 4.00e-01    -  1.00e+00 4.18e-01h  2
 295  3.7150012e+00 3.84e-03 4.64e+01  -3.7 3.44e-01    -  1.00e+00 8.25e-01h  1
 296  3.7063278e+00 6.23e-03 1.00e+02  -3.1 6.82e-01    -  6.22e-01 3.19e-01h  1
 297  3.7135086e+00 3.15e-02 6.92e+01  -3.0 4.81e-01    -  1.00e+00 9.31e-01h  1
 298  3.6845860e+00 8.88e-03 3.42e+01  -3.1 2.43e-01    -  8.23e-01 1.00e+00h  1
 299  3.6659817e+00 2.09e-03 2.22e+01  -3.5 2.77e-01    -  1.00e+00 8.47e-01h  1
iter    objective    inf_pr   inf_du lg(mu)  ||d||  lg(rg) alpha_du alpha_pr  ls
 300  3.6427370e+00 3.67e-03 2.69e+01  -3.8 3.42e-01    -  1.00e+00 7.86e-01h  1
 301  3.6161188e+00 1.88e-02 5.59e+01  -3.1 1.12e+00    -  3.07e-01 3.94e-01h  1
 302  3.5884603e+00 7.25e-03 2.15e+01  -3.5 3.69e-01    -  1.00e+00 8.10e-01h  1
 303  3.5719491e+00 2.37e-03 3.91e+01  -3.7 3.15e-01    -  1.00e+00 6.92e-01h  1
 304  3.5861460e+00 2.74e-03 1.51e+01  -3.5 2.41e-01    -  1.00e+00 1.00e+00h  1
 305  3.5708358e+00 1.41e-03 1.66e+01  -4.0 1.89e-01    -  1.00e+00 9.86e-01h  1
 306  3.6086529e+00 4.01e-03 2.24e+02  -3.3 2.96e-01    -  4.15e-01 1.00e+00h  1
 307  3.5976357e+00 1.69e-03 1.13e+01  -3.7 1.88e-01    -  1.00e+00 1.00e+00h  1
 308  3.5982893e+00 8.52e-04 1.80e+01  -3.7 1.67e-01    -  1.00e+00 1.00e+00h  1
 309  3.5908118e+00 5.29e-04 1.04e+01  -4.0 1.14e-01    -  1.00e+00 1.00e+00h  1
iter    objective    inf_pr   inf_du lg(mu)  ||d||  lg(rg) alpha_du alpha_pr  ls
 310  3.5933924e+00 4.16e-04 1.28e+01  -4.0 1.17e-01    -  1.00e+00 1.00e+00h  1
 311  3.5953484e+00 1.51e-04 4.26e+00  -4.0 5.65e-02    -  1.00e+00 1.00e+00h  1
 312  3.5983166e+00 1.89e-05 3.74e+00  -4.0 4.55e-02    -  1.00e+00 1.00e+00H  1
 313  3.5947147e+00 1.88e-04 9.72e+01  -4.0 7.84e-02    -  1.00e+00 5.52e-01h  1
 314  3.5777604e+00 2.85e-03 5.40e+01  -4.1 3.06e-01    -  3.62e-01 5.01e-01h  1
 315  3.5642212e+00 2.78e-03 6.15e+01  -4.1 2.29e-01    -  1.00e+00 5.26e-01h  1
 316  3.5579552e+00 3.68e-03 5.98e+01  -3.3 4.33e-01    -  3.97e-01 4.31e-01f  1
 317  3.5478366e+00 1.65e-03 1.65e+02  -3.7 3.06e-01    -  9.95e-01 5.88e-01h  1
 318  3.5436955e+00 9.50e-04 1.23e+01  -3.9 1.37e-01    -  1.00e+00 9.78e-01h  1
 319  3.5401147e+00 5.36e-04 1.54e+01  -4.0 1.22e-01    -  1.00e+00 9.31e-01h  1
iter    objective    inf_pr   inf_du lg(mu)  ||d||  lg(rg) alpha_du alpha_pr  ls
 320  3.5564329e+00 1.93e-03 1.72e+01  -3.5 1.17e-01    -  9.63e-01 1.00e+00h  1
 321  3.5631948e+00 2.10e-03 2.52e+01  -3.6 2.21e-01    -  1.00e+00 1.00e+00h  1
 322  3.5547904e+00 7.31e-04 6.51e+00  -3.6 1.23e-01    -  1.00e+00 1.00e+00h  1
 323  3.5468309e+00 3.26e-04 1.16e+01  -4.0 9.45e-02    -  1.00e+00 1.00e+00h  1
 324  3.5510917e+00 2.75e-04 7.08e+01  -4.0 8.01e-02    -  1.00e+00 7.20e-01h  1
 325  3.5514028e+00 2.63e-04 1.96e+02  -4.0 1.04e-01    -  1.00e+00 4.81e-01h  1
 326  3.5601459e+00 1.54e-04 1.04e+01  -3.7 6.04e-02    -  1.00e+00 1.00e+00h  1
 327  3.5599527e+00 1.17e-04 3.08e+01  -3.8 4.58e-02    -  1.00e+00 7.67e-01h  1
 328  3.5490743e+00 6.32e-04 3.14e+01  -3.9 1.82e-01    -  9.72e-01 7.46e-01f  1
 329  3.5377264e+00 2.33e-04 2.48e+01  -4.0 9.71e-02    -  1.00e+00 1.00e+00h  1
iter    objective    inf_pr   inf_du lg(mu)  ||d||  lg(rg) alpha_du alpha_pr  ls
 330  3.5365974e+00 1.63e-04 7.68e+01  -4.0 1.03e-01    -  1.00e+00 4.43e-01h  1
 331  3.5351255e+00 4.02e-04 9.80e+00  -4.0 7.72e-02    -  1.00e+00 1.00e+00h  1
 332  3.5301537e+00 9.21e-04 1.71e+01  -4.0 1.35e-01    -  1.00e+00 1.00e+00h  1
 333  3.5187445e+00 2.73e-03 3.89e+01  -3.7 2.87e-01    -  9.87e-01 8.02e-01h  1
 334  3.5111405e+00 2.46e-03 1.18e+02  -3.5 8.23e-01    -  6.82e-01 2.23e-01h  1
 335  3.5081367e+00 3.34e-04 1.78e+01  -4.0 1.02e-01    -  9.69e-01 8.82e-01h  1
 336  3.5107350e+00 2.24e-04 1.80e+01  -4.0 1.08e-01    -  1.00e+00 8.33e-01H  1
 337  3.5085641e+00 1.02e-03 4.00e+01  -3.7 1.93e-01    -  1.00e+00 7.71e-01h  1
 338  3.5032753e+00 2.29e-03 5.13e+01  -3.8 2.12e-01    -  4.77e-01 1.00e+00h  1
 339  3.4865585e+00 1.08e-03 3.08e+01  -4.0 2.52e-01    -  1.00e+00 7.83e-01h  1
iter    objective    inf_pr   inf_du lg(mu)  ||d||  lg(rg) alpha_du alpha_pr  ls
 340  3.4785590e+00 8.12e-03 7.46e+01  -3.2 5.09e-01    -  8.93e-01 7.39e-01h  1
 341  3.4724544e+00 2.86e-03 7.43e+01  -3.7 2.25e-01    -  1.00e+00 7.83e-01h  1
 342  3.4564518e+00 1.29e-03 3.82e+00  -4.0 1.60e-01    -  1.00e+00 1.00e+00h  1
 343  3.4583220e+00 9.81e-04 1.41e+02  -4.0 2.86e-01    -  6.27e-01 3.87e-01H  1
 344  3.4615328e+00 6.71e-04 7.96e+00  -4.0 1.34e-01    -  1.00e+00 1.00e+00h  1
 345  3.4793034e+00 7.87e-04 1.46e+01  -3.6 1.68e-01    -  1.00e+00 1.00e+00h  1
 346  3.4865501e+00 1.09e-03 1.37e+01  -3.7 1.85e-01    -  8.78e-01 9.12e-01h  1
 347  3.4815387e+00 4.94e-04 3.60e+00  -3.7 1.05e-01    -  1.00e+00 1.00e+00f  1
 348  3.5021008e+00 4.88e-04 2.01e+01  -3.4 1.16e-01    -  1.00e+00 1.00e+00h  1
 349  3.5189448e+00 2.63e-04 2.13e+01  -3.5 9.53e-02    -  1.00e+00 1.00e+00h  1
iter    objective    inf_pr   inf_du lg(mu)  ||d||  lg(rg) alpha_du alpha_pr  ls
 350  3.5154503e+00 2.80e-04 8.89e+00  -3.5 8.35e-02    -  1.00e+00 1.00e+00h  1
 351  3.5112022e+00 1.79e-04 7.66e+00  -3.5 6.35e-02    -  1.00e+00 1.00e+00h  1
 352  3.5037781e+00 1.49e-04 4.81e+00  -4.0 5.49e-02    -  1.00e+00 1.00e+00h  1
 353  3.4934276e+00 4.15e-04 1.33e+01  -4.0 1.24e-01    -  1.00e+00 9.37e-01h  1
 354  3.4905998e+00 1.52e-04 9.54e+00  -4.1 5.78e-02    -  1.00e+00 1.00e+00h  1
 355  3.4927207e+00 4.09e-05 4.18e+00  -4.0 3.02e-02    -  1.00e+00 1.00e+00h  1
 356  3.4938831e+00 2.03e-05 2.94e+00  -4.0 2.37e-02    -  1.00e+00 1.00e+00h  1
 357  3.4952921e+00 9.80e-07 2.80e+01  -4.0 2.24e-02    -  7.06e-01 1.00e+00H  1
 358  3.4946861e+00 4.62e-06 4.91e+00  -4.0 2.68e-02    -  1.00e+00 1.00e+00H  1
 359  3.4900927e+00 8.33e-05 7.11e+00  -4.0 4.27e-02    -  1.00e+00 1.00e+00h  1
iter    objective    inf_pr   inf_du lg(mu)  ||d||  lg(rg) alpha_du alpha_pr  ls
 360  3.4868281e+00 6.07e-05 3.69e+01  -4.0 5.22e-02    -  1.00e+00 5.72e-01h  1
 361  3.4849101e+00 1.95e-04 8.91e+00  -4.0 4.48e-02    -  1.00e+00 1.00e+00h  1
 362  3.4775790e+00 7.50e-04 1.25e+02  -4.0 2.18e-01    -  1.00e+00 5.60e-01h  1
 363  3.4750240e+00 1.89e-04 1.13e+01  -4.1 6.76e-02    -  1.00e+00 1.00e+00h  1
 364  3.4725335e+00 3.12e-04 3.54e+01  -4.0 1.27e-01    -  1.00e+00 8.12e-01h  1
 365  3.4766552e+00 1.07e-04 6.45e+00  -4.0 5.21e-02    -  1.00e+00 1.00e+00H  1
 366  3.4741535e+00 1.92e-04 6.34e+00  -4.0 8.13e-02    -  1.00e+00 1.00e+00h  1
 367  3.4703329e+00 1.25e-04 3.97e+00  -4.1 5.80e-02    -  1.00e+00 1.00e+00h  1
 368  3.4730852e+00 4.54e-05 3.46e+00  -4.0 3.69e-02    -  1.00e+00 1.00e+00h  1
 369  3.4735280e+00 3.66e-05 1.05e+02  -4.0 5.10e-02    -  1.00e+00 2.50e-01h  3
iter    objective    inf_pr   inf_du lg(mu)  ||d||  lg(rg) alpha_du alpha_pr  ls
 370  3.4786702e+00 9.70e-04 1.85e+01  -3.7 1.10e-01    -  1.00e+00 1.00e+00h  1
 371  3.4732875e+00 1.85e-03 4.22e+01  -3.8 2.50e-01    -  7.62e-01 8.21e-01h  1
 372  3.4556188e+00 5.60e-04 2.64e+01  -3.8 1.59e-01    -  1.00e+00 1.00e+00h  1
 373  3.4594019e+00 3.34e-04 2.02e+01  -3.9 1.18e-01    -  1.00e+00 8.72e-01h  1
 374  3.4537362e+00 1.04e-03 1.26e+01  -4.0 1.26e-01    -  1.00e+00 1.00e+00h  1
 375  3.4493373e+00 4.46e-04 2.34e+00  -4.0 1.07e-01    -  1.00e+00 1.00e+00h  1
 376  3.4547736e+00 3.75e-04 1.59e+02  -3.4 3.21e-01    -  1.00e+00 1.75e-01h  1
 377  3.4301138e+00 2.26e-02 7.52e+01  -3.5 8.62e-01    -  9.05e-01 9.40e-01h  1
 378  3.4046764e+00 5.61e-03 4.21e+01  -3.3 3.73e-01    -  1.00e+00 1.00e+00h  1
 379  3.4476886e+00 5.38e-03 1.54e+01  -2.9 4.51e-01    -  1.00e+00 1.00e+00h  1
iter    objective    inf_pr   inf_du lg(mu)  ||d||  lg(rg) alpha_du alpha_pr  ls
 380  3.4360075e+00 2.06e-02 2.92e+01  -3.0 6.85e-01    -  8.81e-01 1.00e+00h  1
 381  3.4237260e+00 7.46e-03 7.33e+00  -3.0 4.17e-01    -  1.00e+00 1.00e+00h  1
 382  3.4219356e+00 4.48e-03 9.13e+01  -3.4 3.30e-01    -  1.00e+00 6.09e-01h  1
 383  3.4229501e+00 3.83e-03 5.17e+02  -3.6 3.53e-01    -  1.00e+00 1.44e-01h  3
 384  3.4262601e+00 3.06e-03 6.97e+01  -3.3 5.53e-01    -  1.00e+00 1.74e-01h  3
 385  3.4276069e+00 2.45e-03 1.24e+02  -3.5 3.88e-01    -  1.00e+00 2.22e-01h  3
 386  3.4310613e+00 1.94e-03 1.65e+02  -3.7 3.79e-01    -  1.00e+00 2.31e-01h  3
 387  3.4373877e+00 1.50e-03 2.06e+02  -3.7 2.78e-01    -  1.00e+00 2.50e-01h  3
 388  3.4397507e+00 1.20e-03 6.07e+01  -3.9 2.50e-01    -  1.00e+00 2.19e-01h  3
 389  3.4388659e+00 1.11e-03 9.90e+01  -4.0 3.17e-01    -  1.00e+00 9.31e-02h  4
iter    objective    inf_pr   inf_du lg(mu)  ||d||  lg(rg) alpha_du alpha_pr  ls
 390  3.4319462e+00 8.87e-04 5.51e+01  -4.0 4.38e-01    -  1.00e+00 3.68e-01h  2
 391  3.4318823e+00 5.31e-04 2.85e+01  -4.1 2.28e-01    -  1.00e+00 6.52e-01H  1
 392  3.4370160e+00 3.46e-04 5.58e+01  -3.8 2.37e-01    -  1.00e+00 5.00e-01h  2
 393  3.4381880e+00 3.95e-04 5.48e+00  -3.9 1.24e-01    -  1.00e+00 1.00e+00h  1
 394  3.4403177e+00 1.49e-04 9.25e+00  -4.0 8.41e-02    -  1.00e+00 9.53e-01h  1
 395  3.4485296e+00 3.84e-04 1.99e+01  -3.7 6.55e-02    -  1.00e+00 1.00e+00h  1
 396  3.4549782e+00 1.01e-04 9.26e+01  -3.8 5.55e-02    -  6.18e-01 1.00e+00H  1
 397  3.4507498e+00 2.44e-04 7.96e+00  -3.9 9.29e-02    -  1.00e+00 1.00e+00h  1
 398  3.4433975e+00 1.44e-04 6.73e+00  -4.0 5.88e-02    -  1.00e+00 1.00e+00h  1
 399  3.4448117e+00 1.04e-04 5.64e+00  -4.0 5.34e-02    -  1.00e+00 1.00e+00h  1
iter    objective    inf_pr   inf_du lg(mu)  ||d||  lg(rg) alpha_du alpha_pr  ls
 400  3.4469876e+00 5.45e-05 1.85e+00  -4.0 3.24e-02    -  1.00e+00 1.00e+00h  1
 401  3.4476398e+00 1.23e-05 2.34e+00  -4.0 1.30e-02    -  1.00e+00 1.00e+00h  1
 402  3.4444382e+00 4.23e-04 2.10e+01  -4.0 8.11e-02    -  1.00e+00 1.00e+00h  1
 403  3.4364615e+00 1.31e-03 1.31e+02  -4.1 2.48e-01    -  8.85e-01 4.00e-01h  1
 404  3.4248418e+00 8.35e-04 3.95e+01  -4.1 1.93e-01    -  8.29e-01 7.64e-01h  1
 405  3.4188884e+00 1.64e-03 2.27e+01  -4.1 1.90e-01    -  9.00e-01 8.03e-01h  1
 406  3.4191356e+00 4.35e-04 7.21e+00  -4.0 1.01e-01    -  1.00e+00 1.00e+00f  1
 407  3.4165426e+00 4.29e-04 1.27e+01  -4.0 1.26e-01    -  1.00e+00 8.47e-01h  1
 408  3.4154872e+00 6.15e-04 1.16e+01  -4.0 1.18e-01    -  1.00e+00 1.00e+00h  1
 409  3.4114118e+00 5.81e-04 3.54e+01  -4.0 1.68e-01    -  1.00e+00 7.75e-01h  1
iter    objective    inf_pr   inf_du lg(mu)  ||d||  lg(rg) alpha_du alpha_pr  ls
 410  3.4168588e+00 1.90e-04 5.20e+00  -4.0 8.63e-02    -  1.00e+00 1.00e+00h  1
 411  3.4236184e+00 1.25e-04 7.38e+00  -4.0 6.22e-02    -  1.00e+00 1.00e+00h  1
 412  3.4246515e+00 1.03e-04 6.13e+00  -4.0 5.44e-02    -  1.00e+00 1.00e+00h  1
 413  3.4254696e+00 1.02e-05 6.52e+00  -4.0 2.61e-02    -  1.00e+00 1.00e+00H  1
 414  3.4277132e+00 7.67e-06 1.06e+01  -4.0 3.47e-02    -  1.00e+00 1.00e+00H  1
 415  3.4256523e+00 8.86e-05 1.48e+01  -4.0 3.98e-02    -  1.00e+00 1.00e+00h  1
 416  3.4227645e+00 1.80e-04 3.45e+00  -4.1 5.74e-02    -  1.00e+00 1.00e+00h  1
 417  3.4230395e+00 4.89e-05 2.96e+00  -4.0 3.79e-02    -  1.00e+00 1.00e+00h  1
 418  3.4238985e+00 2.03e-05 1.23e+00  -4.0 1.76e-02    -  1.00e+00 1.00e+00h  1
 419  3.4242943e+00 2.42e-06 1.27e+00  -4.0 1.92e-02    -  1.00e+00 1.00e+00H  1
iter    objective    inf_pr   inf_du lg(mu)  ||d||  lg(rg) alpha_du alpha_pr  ls
 420  3.4133789e+00 8.83e-03 1.00e+02  -4.0 6.64e-01    -  1.00e+00 5.20e-01h  1
 421  3.4040060e+00 7.91e-03 9.10e+01  -4.1 5.58e-01    -  1.00e+00 2.29e-01h  1
 422  3.3903245e+00 1.24e-02 7.22e+01  -3.4 7.59e-01    -  9.19e-01 3.86e-01f  1
 423  3.3656064e+00 5.20e-03 4.32e+01  -3.9 2.51e-01    -  5.35e-01 1.00e+00h  1
 424  3.3629463e+00 3.79e-03 9.03e+01  -4.0 2.92e-01    -  1.00e+00 2.66e-01h  1
 425  3.3660518e+00 3.31e-03 7.08e+01  -3.7 2.71e-01    -  1.00e+00 1.93e-01h  1
 426  3.3845605e+00 6.44e-03 1.75e+01  -3.5 3.35e-01    -  7.76e-01 6.94e-01h  1
 427  3.3838277e+00 4.26e-03 5.69e+01  -3.6 1.79e-01    -  1.00e+00 3.51e-01h  1
 428  3.3905974e+00 2.25e-03 2.21e+02  -3.4 1.30e-01    -  1.00e+00 5.21e-01f  1
 429  3.4063576e+00 8.96e-04 1.87e+01  -3.8 1.63e-01    -  1.00e+00 1.00e+00h  1
iter    objective    inf_pr   inf_du lg(mu)  ||d||  lg(rg) alpha_du alpha_pr  ls
 430  3.3977627e+00 5.26e-04 3.42e+01  -4.0 1.37e-01    -  1.00e+00 8.48e-01h  1
 431  3.4016527e+00 2.66e-04 1.38e+01  -3.7 7.09e-02    -  1.00e+00 1.00e+00h  1
 432  3.4065892e+00 1.66e-04 9.99e+00  -4.0 5.57e-02    -  1.00e+00 1.00e+00h  1
 433  3.4153443e+00 1.35e-05 6.23e+00  -3.7 4.23e-02    -  1.00e+00 1.00e+00H  1
 434  3.4123876e+00 1.22e-04 1.58e+01  -4.0 6.94e-02    -  1.00e+00 1.00e+00h  1
 435  3.3988907e+00 2.45e-04 2.53e+01  -4.1 1.51e-01    -  1.00e+00 6.01e-01h  1
 436  3.3940109e+00 2.06e-04 5.21e+01  -4.1 1.09e-01    -  1.00e+00 6.43e-01f  1
 437  3.3953179e+00 8.33e-05 7.72e+00  -4.0 5.17e-02    -  1.00e+00 1.00e+00f  1
 438  3.3985942e+00 5.19e-05 5.26e+00  -4.0 3.86e-02    -  1.00e+00 1.00e+00h  1
 439  3.3970515e+00 6.05e-05 6.36e+00  -4.0 4.99e-02    -  1.00e+00 1.00e+00h  1
iter    objective    inf_pr   inf_du lg(mu)  ||d||  lg(rg) alpha_du alpha_pr  ls
 440  3.3971814e+00 3.69e-05 5.02e+00  -4.0 3.80e-02    -  1.00e+00 1.00e+00h  1
 441  3.3953317e+00 7.84e-05 7.26e+00  -4.0 4.53e-02    -  1.00e+00 1.00e+00h  1
 442  3.3943641e+00 6.56e-05 5.00e+00  -4.0 4.37e-02    -  1.00e+00 1.00e+00h  1
 443  3.3944223e+00 2.90e-05 2.26e+00  -4.0 2.96e-02    -  1.00e+00 1.00e+00h  1
 444  3.3946746e+00 1.75e-06 1.30e+00  -4.0 1.33e-02    -  1.00e+00 1.00e+00H  1
 445  3.3909930e+00 1.58e-03 2.84e+01  -4.0 1.96e-01    -  1.00e+00 7.06e-01h  1
 446  3.3802785e+00 3.71e-03 3.92e+01  -4.1 3.37e-01    -  8.54e-01 6.27e-01h  1
 447  3.3594797e+00 3.31e-03 4.70e+01  -4.1 3.71e-01    -  6.05e-01 6.77e-01h  1
 448  3.3613505e+00 1.42e-03 1.64e+01  -4.0 1.85e-01    -  7.38e-01 8.06e-01h  1
 449  3.3577866e+00 1.64e-03 1.61e+02  -4.0 2.21e-01    -  3.76e-01 1.00e+00h  1
iter    objective    inf_pr   inf_du lg(mu)  ||d||  lg(rg) alpha_du alpha_pr  ls
 450  3.3511347e+00 1.06e-03 1.83e+01  -4.0 1.77e-01    -  1.00e+00 8.06e-01h  1
 451  3.3692273e+00 6.95e-04 4.65e+01  -3.7 1.46e-01    -  3.87e-01 4.56e-01H  1
 452  3.3668114e+00 8.10e-04 7.02e+00  -4.0 1.56e-01    -  1.00e+00 1.00e+00h  1
 453  3.3695640e+00 4.29e-04 4.33e+00  -4.0 9.97e-02    -  1.00e+00 1.00e+00h  1
 454  3.3803166e+00 1.78e-04 2.54e+01  -4.0 8.21e-02    -  1.00e+00 8.64e-01h  1
 455  3.3861248e+00 3.60e-04 1.79e+01  -4.0 1.07e-01    -  1.00e+00 1.00e+00h  1
 456  3.3771910e+00 2.11e-04 1.97e+00  -4.0 8.09e-02    -  1.00e+00 1.00e+00h  1
 457  3.3848724e+00 6.45e-05 4.15e+00  -4.0 4.40e-02    -  1.00e+00 1.00e+00h  1
 458  3.3853773e+00 6.60e-05 7.38e+01  -4.0 7.86e-02    -  1.00e+00 5.00e-01h  2
 459  3.3858114e+00 4.39e-05 4.11e+00  -4.0 3.88e-02    -  1.00e+00 1.00e+00h  1
iter    objective    inf_pr   inf_du lg(mu)  ||d||  lg(rg) alpha_du alpha_pr  ls
 460  3.3865679e+00 2.24e-05 1.22e+00  -4.0 2.48e-02    -  1.00e+00 1.00e+00h  1
 461  3.3878966e+00 4.01e-06 5.96e-01  -4.0 1.03e-02    -  1.00e+00 1.00e+00h  1
 462  3.3858854e+00 1.29e-04 7.22e+00  -4.1 4.74e-02    -  1.00e+00 1.00e+00h  1
 463  3.3789047e+00 8.78e-04 3.75e+01  -4.1 1.45e-01    -  1.00e+00 7.75e-01h  1
 464  3.3739785e+00 4.36e-04 2.56e+01  -4.1 1.11e-01    -  1.00e+00 1.00e+00f  1
 465  3.3705103e+00 2.94e-04 3.36e+01  -4.1 2.66e-01    -  6.90e-01 3.47e-01h  1
 466  3.3724610e+00 1.48e-04 5.03e+01  -4.1 4.93e-02    -  1.00e+00 5.00e-01h  2
 467  3.3740613e+00 2.71e-04 6.57e+00  -4.0 1.15e-01    -  1.00e+00 1.00e+00h  1
 468  3.3732173e+00 1.09e-04 1.78e+00  -4.0 8.45e-02    -  1.00e+00 1.00e+00h  1
 469  3.3759263e+00 2.58e-05 3.65e+00  -4.0 3.17e-02    -  1.00e+00 1.00e+00h  1
iter    objective    inf_pr   inf_du lg(mu)  ||d||  lg(rg) alpha_du alpha_pr  ls
 470  3.3775843e+00 9.76e-06 1.77e+00  -4.0 1.85e-02    -  1.00e+00 1.00e+00h  1
 471  3.3790223e+00 8.33e-06 1.39e+00  -4.0 1.50e-02    -  1.00e+00 1.00e+00h  1
 472  3.3792269e+00 1.24e-05 1.71e+00  -4.0 1.40e-02    -  1.00e+00 1.00e+00h  1
 473  3.3778803e+00 5.23e-06 1.39e+00  -4.1 1.62e-02    -  1.00e+00 1.00e+00h  1
 474  3.3788619e+00 3.14e-06 8.06e-01  -4.0 9.53e-03    -  1.00e+00 1.00e+00h  1
 475  3.3770485e+00 6.81e-05 4.13e+00  -4.1 3.92e-02    -  1.00e+00 1.00e+00h  1
 476  3.3752754e+00 4.69e-05 2.39e+00  -4.1 3.80e-02    -  1.00e+00 1.00e+00h  1
 477  3.3792549e+00 1.07e-05 4.67e+00  -4.0 4.01e-02    -  1.00e+00 1.00e+00H  1
 478  3.3769003e+00 2.99e-05 2.55e+00  -4.1 3.07e-02    -  1.00e+00 1.00e+00h  1
 479  3.3758119e+00 1.02e-05 2.23e+00  -4.1 1.78e-02    -  1.00e+00 1.00e+00h  1
iter    objective    inf_pr   inf_du lg(mu)  ||d||  lg(rg) alpha_du alpha_pr  ls
 480  3.3787049e+00 1.09e-06 2.59e+00  -4.0 2.36e-02    -  1.00e+00 1.00e+00H  1
 481  3.3775749e+00 2.77e-04 1.12e+01  -4.0 8.99e-02    -  1.00e+00 1.00e+00h  1
 482  3.3726652e+00 1.35e-04 2.69e+00  -4.1 4.91e-02    -  1.00e+00 1.00e+00h  1
 483  3.3762094e+00 7.79e-05 3.19e+00  -4.0 4.24e-02    -  1.00e+00 1.00e+00h  1
 484  3.3740942e+00 4.09e-05 1.26e+01  -4.1 3.21e-02    -  1.00e+00 6.62e-01h  1
 485  3.3760080e+00 3.09e-05 3.46e+00  -4.0 2.46e-02    -  1.00e+00 1.00e+00f  1
 486  3.3746571e+00 1.22e-04 6.15e+00  -4.1 5.78e-02    -  1.00e+00 1.00e+00h  1
 487  3.3729714e+00 8.79e-05 2.47e+00  -4.1 4.06e-02    -  1.00e+00 1.00e+00h  1
 488  3.3763193e+00 8.39e-06 3.02e+00  -4.0 2.69e-02    -  1.00e+00 1.00e+00H  1
 489  3.3757952e+00 4.41e-06 3.80e+00  -4.1 2.64e-02    -  1.00e+00 1.00e+00H  1
iter    objective    inf_pr   inf_du lg(mu)  ||d||  lg(rg) alpha_du alpha_pr  ls
 490  3.3771535e+00 1.91e-04 1.06e+01  -4.0 5.10e-02    -  1.00e+00 1.00e+00h  1
 491  3.3732951e+00 7.29e-05 2.80e+01  -4.1 5.84e-02    -  1.00e+00 7.18e-01h  1
 492  3.3656975e+00 2.24e-04 1.52e+01  -4.1 1.28e-01    -  1.00e+00 9.14e-01f  1
 493  3.3683331e+00 1.30e-04 4.09e+01  -4.0 7.58e-02    -  1.00e+00 5.00e-01f  2
 494  3.3792918e+00 1.74e-04 5.75e+00  -3.7 8.60e-02    -  1.00e+00 1.00e+00h  1
 495  3.3786222e+00 2.62e-04 1.15e+01  -3.8 8.37e-02    -  1.00e+00 1.00e+00h  1
 496  3.3761206e+00 1.05e-04 1.85e+00  -3.8 5.84e-02    -  1.00e+00 1.00e+00h  1
 497  3.3771590e+00 4.86e-05 2.23e+00  -3.8 3.54e-02    -  1.00e+00 1.00e+00h  1
 498  3.3797072e+00 1.72e-05 2.11e+00  -3.8 1.83e-02    -  1.00e+00 1.00e+00h  1
 499  3.3824488e+00 3.03e-06 1.88e+00  -3.8 2.12e-02    -  1.00e+00 1.00e+00H  1
iter    objective    inf_pr   inf_du lg(mu)  ||d||  lg(rg) alpha_du alpha_pr  ls
 500  3.3833873e+00 2.45e-06 2.68e+00  -3.8 1.57e-02    -  1.00e+00 1.00e+00H  1
 501  3.3831049e+00 7.09e-06 1.51e+00  -3.8 1.47e-02    -  1.00e+00 1.00e+00h  1
 502  3.3837964e+00 1.30e-06 3.78e-01  -3.8 6.60e-03    -  1.00e+00 1.00e+00h  1
 503  3.3817612e+00 3.01e-06 1.34e+00  -4.0 1.30e-02    -  1.00e+00 1.00e+00h  1
 504  3.3709553e+00 3.66e-04 1.27e+01  -4.1 7.37e-02    -  1.00e+00 1.00e+00h  1
 505  3.3703647e+00 1.06e-04 1.33e+01  -4.1 4.83e-02    -  1.00e+00 1.00e+00h  1
 506  3.3718200e+00 5.14e-05 4.70e+00  -4.1 3.00e-02    -  1.00e+00 1.00e+00h  1
 507  3.3739752e+00 2.10e-05 1.79e+00  -4.0 1.84e-02    -  1.00e+00 1.00e+00h  1
 508  3.3720503e+00 1.27e-05 2.57e+00  -4.1 2.72e-02    -  1.00e+00 1.00e+00H  1
 509  3.3742841e+00 2.79e-05 4.58e+00  -4.0 3.27e-02    -  1.00e+00 1.00e+00h  1
iter    objective    inf_pr   inf_du lg(mu)  ||d||  lg(rg) alpha_du alpha_pr  ls
 510  3.3690799e+00 1.65e-04 9.61e+00  -4.1 7.19e-02    -  1.00e+00 1.00e+00h  1
 511  3.3677149e+00 7.13e-05 5.83e+00  -4.1 3.90e-02    -  1.00e+00 1.00e+00h  1
 512  3.3713126e+00 5.96e-06 3.38e+00  -4.0 4.03e-02    -  1.00e+00 1.00e+00H  1
 513  3.3723774e+00 1.85e-06 2.98e+00  -4.0 1.72e-02    -  1.00e+00 1.00e+00H  1
 514  3.3723331e+00 1.03e-05 2.89e+00  -4.0 1.44e-02    -  1.00e+00 1.00e+00h  1
 515  3.3703176e+00 4.49e-05 5.52e+00  -4.1 3.24e-02    -  1.00e+00 1.00e+00h  1
 516  3.3695334e+00 2.37e-05 5.01e+00  -4.1 2.83e-02    -  1.00e+00 1.00e+00h  1
 517  3.3708484e+00 6.45e-06 2.28e+00  -4.0 1.74e-02    -  1.00e+00 1.00e+00h  1
 518  3.3718918e+00 2.61e-07 1.50e+00  -4.0 9.69e-03    -  1.00e+00 1.00e+00H  1
 519  3.3722801e+00 6.57e-05 7.94e+00  -4.0 3.27e-02    -  1.00e+00 1.00e+00h  1
iter    objective    inf_pr   inf_du lg(mu)  ||d||  lg(rg) alpha_du alpha_pr  ls
 520  3.3681344e+00 6.27e-04 2.95e+01  -4.1 1.19e-01    -  1.00e+00 8.37e-01h  1
 521  3.3640826e+00 3.05e-04 3.03e+01  -4.1 9.76e-02    -  7.54e-01 8.85e-01f  1
 522  3.3672099e+00 2.35e-04 6.21e+00  -4.0 7.17e-02    -  1.00e+00 1.00e+00f  1
 523  3.3656953e+00 5.02e-05 4.05e+00  -4.1 3.62e-02    -  1.00e+00 1.00e+00h  1
 524  3.3684366e+00 4.91e-05 4.44e+00  -4.0 3.63e-02    -  1.00e+00 1.00e+00h  1
 525  3.3676507e+00 2.81e-05 2.72e+00  -4.1 2.95e-02    -  1.00e+00 1.00e+00h  1
 526  3.3688539e+00 6.97e-05 6.45e+00  -4.0 4.07e-02    -  1.00e+00 1.00e+00h  1
 527  3.3671019e+00 3.58e-05 1.91e+00  -4.1 3.50e-02    -  1.00e+00 1.00e+00h  1
 528  3.3685023e+00 3.51e-06 1.66e+00  -4.0 1.57e-02    -  1.00e+00 1.00e+00h  1
 529  3.3703051e+00 1.40e-06 2.25e+00  -4.0 1.22e-02    -  1.00e+00 1.00e+00H  1
iter    objective    inf_pr   inf_du lg(mu)  ||d||  lg(rg) alpha_du alpha_pr  ls
 530  3.3712684e+00 2.27e-06 8.92e+00  -4.0 2.82e-02    -  1.00e+00 1.00e+00H  1
 531  3.3674421e+00 3.37e-05 5.65e+00  -4.1 2.84e-02    -  1.00e+00 1.00e+00h  1
 532  3.3674555e+00 2.13e-05 4.82e+00  -4.1 2.79e-02    -  1.00e+00 1.00e+00h  1
 533  3.3700811e+00 4.71e-07 1.32e+00  -4.0 2.18e-02    -  1.00e+00 1.00e+00H  1
 534  3.3701165e+00 8.33e-06 1.63e+00  -4.0 9.38e-03    -  1.00e+00 1.00e+00h  1
 535  3.3683307e+00 5.94e-05 6.77e+00  -4.1 3.11e-02    -  1.00e+00 1.00e+00h  1
 536  3.3666834e+00 1.28e-04 1.27e+01  -4.1 3.66e-02    -  1.00e+00 1.00e+00h  1
 537  3.3650593e+00 4.47e-04 2.01e+01  -4.1 7.86e-02    -  9.33e-01 1.00e+00h  1
 538  3.3627425e+00 1.62e-04 9.13e+00  -4.1 8.08e-02    -  1.00e+00 1.00e+00h  1
 539  3.3647643e+00 8.65e-05 1.71e+00  -4.0 4.71e-02    -  1.00e+00 1.00e+00h  1
iter    objective    inf_pr   inf_du lg(mu)  ||d||  lg(rg) alpha_du alpha_pr  ls
 540  3.3669274e+00 1.69e-05 2.21e+00  -4.0 2.41e-02    -  1.00e+00 1.00e+00h  1
 541  3.3686585e+00 1.03e-05 1.96e+00  -4.0 1.59e-02    -  1.00e+00 1.00e+00h  1
 542  3.3670281e+00 2.03e-05 1.96e+00  -4.1 2.75e-02    -  1.00e+00 1.00e+00h  1
 543  3.3658290e+00 1.56e-05 4.08e+00  -4.1 2.52e-02    -  1.00e+00 1.00e+00h  1
 544  3.3677508e+00 1.50e-05 8.35e-01  -4.0 2.36e-02    -  1.00e+00 1.00e+00h  1
 545  3.3664743e+00 1.01e-05 1.46e+00  -4.1 1.57e-02    -  1.00e+00 1.00e+00h  1
 546  3.3658588e+00 5.54e-06 6.82e+00  -4.1 3.17e-02    -  1.00e+00 1.00e+00H  1
 547  3.3693221e+00 5.75e-04 2.24e+01  -4.0 9.53e-02    -  1.00e+00 1.00e+00h  1
 548  3.3658043e+00 2.62e-03 6.11e+01  -4.1 5.18e-01    -  1.00e+00 4.41e-01h  1
 549  3.3569869e+00 2.75e-04 4.22e+01  -4.1 1.25e-01    -  1.00e+00 9.64e-01h  1
iter    objective    inf_pr   inf_du lg(mu)  ||d||  lg(rg) alpha_du alpha_pr  ls
 550  3.3554296e+00 2.81e-04 1.35e+01  -4.0 1.11e-01    -  7.92e-01 6.46e-01f  1
 551  3.3660671e+00 2.14e-04 2.54e+01  -4.0 1.04e-01    -  1.00e+00 1.00e+00H  1
 552  3.3619841e+00 1.12e-03 1.44e+01  -4.1 1.61e-01    -  1.00e+00 1.00e+00h  1
 553  3.3517827e+00 3.12e-03 3.62e+01  -4.1 4.32e-01    -  7.88e-01 5.82e-01h  1
 554  3.3430047e+00 1.03e-03 2.98e+01  -4.1 1.66e-01    -  1.00e+00 1.00e+00h  1
 555  3.3581499e+00 3.30e-04 1.19e+02  -4.0 1.67e-01    -  1.91e-01 9.65e-01H  1
 556  3.3536919e+00 1.95e-04 9.31e+01  -4.2 1.84e-01    -  7.35e-01 4.30e-01h  1
 557  3.3542797e+00 1.60e-04 3.94e+01  -4.0 6.13e-02    -  1.00e+00 1.81e-01f  2
 558  3.3631234e+00 7.22e-04 9.04e+00  -3.7 1.11e-01    -  1.00e+00 1.00e+00h  1
 559  3.3650624e+00 1.04e-03 2.30e+01  -3.8 1.55e-01    -  7.93e-01 1.00e+00h  1
iter    objective    inf_pr   inf_du lg(mu)  ||d||  lg(rg) alpha_du alpha_pr  ls
 560  3.3589019e+00 3.14e-04 5.70e+00  -3.8 8.02e-02    -  1.00e+00 1.00e+00h  1
 561  3.3529370e+00 2.39e-04 2.20e+00  -4.0 7.17e-02    -  1.00e+00 1.00e+00h  1
 562  3.3601331e+00 8.00e-05 6.53e+00  -4.0 5.33e-02    -  1.00e+00 1.00e+00h  1
 563  3.3650592e+00 9.12e-05 8.59e+00  -4.0 5.67e-02    -  1.00e+00 1.00e+00h  1
 564  3.3618406e+00 8.89e-05 5.61e+00  -4.1 4.68e-02    -  1.00e+00 1.00e+00h  1
 565  3.3636154e+00 6.07e-05 1.79e+01  -4.1 4.13e-02    -  8.64e-01 1.00e+00h  1
 566  3.3657459e+00 3.14e-05 2.04e+00  -4.0 2.78e-02    -  1.00e+00 1.00e+00h  1
 567  3.3672648e+00 5.08e-06 1.44e+00  -4.0 1.09e-02    -  1.00e+00 1.00e+00h  1
 568  3.3678182e+00 1.17e-06 2.88e+00  -4.0 2.01e-02    -  1.00e+00 1.00e+00H  1
 569  3.3671872e+00 2.82e-05 6.41e+00  -4.0 2.55e-02    -  1.00e+00 1.00e+00h  1
iter    objective    inf_pr   inf_du lg(mu)  ||d||  lg(rg) alpha_du alpha_pr  ls
 570  3.3642123e+00 5.64e-05 6.45e+00  -4.1 3.87e-02    -  1.00e+00 9.29e-01h  1
 571  3.3629670e+00 4.31e-05 3.66e+00  -4.1 3.60e-02    -  1.00e+00 1.00e+00f  1
 572  3.3645661e+00 3.00e-05 2.38e+00  -4.0 2.85e-02    -  1.00e+00 1.00e+00h  1
 573  3.3653145e+00 3.32e-06 1.06e+00  -4.0 1.44e-02    -  1.00e+00 1.00e+00h  1
 574  3.3661472e+00 3.74e-06 1.41e+00  -4.0 1.19e-02    -  1.00e+00 1.00e+00h  1
 575  3.3662406e+00 2.50e-06 1.33e+00  -4.0 7.31e-03    -  1.00e+00 1.00e+00h  1
 576  3.3665641e+00 2.46e-06 7.11e-01  -4.0 6.68e-03    -  1.00e+00 1.00e+00h  1
 577  3.3670928e+00 2.64e-07 1.08e+00  -4.0 8.46e-03    -  1.00e+00 1.00e+00H  1
 578  3.3678459e+00 7.95e-05 5.36e+00  -4.0 3.58e-02    -  1.00e+00 1.00e+00h  1
 579  3.3634514e+00 4.00e-05 4.66e+00  -4.1 3.99e-02    -  1.00e+00 1.00e+00h  1
iter    objective    inf_pr   inf_du lg(mu)  ||d||  lg(rg) alpha_du alpha_pr  ls
 580  3.3617173e+00 3.53e-05 4.33e+00  -4.1 4.02e-02    -  1.00e+00 1.00e+00h  1
 581  3.3662178e+00 2.50e-06 1.50e+00  -4.0 3.60e-02    -  1.00e+00 1.00e+00H  1
 582  3.3675752e+00 2.07e-06 5.25e+00  -4.0 4.09e-02    -  1.00e+00 1.00e+00H  1
 583  3.3620513e+00 7.20e-05 6.55e+00  -4.1 5.11e-02    -  1.00e+00 1.00e+00h  1
 584  3.3577685e+00 3.21e-04 1.43e+01  -4.1 9.65e-02    -  1.00e+00 1.00e+00h  1
 585  3.3615238e+00 1.08e-04 2.00e+00  -4.0 5.51e-02    -  1.00e+00 1.00e+00h  1
 586  3.3629703e+00 2.83e-05 1.47e+00  -4.0 3.48e-02    -  1.00e+00 1.00e+00h  1
 587  3.3606783e+00 2.29e-05 2.99e+00  -4.1 3.15e-02    -  1.00e+00 1.00e+00h  1
 588  3.3656920e+00 1.05e-05 2.61e+00  -4.0 3.93e-02    -  1.00e+00 1.00e+00H  1
 589  3.3616468e+00 8.16e-05 3.82e+00  -4.1 5.97e-02    -  1.00e+00 1.00e+00h  1
iter    objective    inf_pr   inf_du lg(mu)  ||d||  lg(rg) alpha_du alpha_pr  ls
 590  3.3601898e+00 4.51e-05 2.93e+00  -4.1 3.20e-02    -  1.00e+00 1.00e+00h  1
 591  3.3643510e+00 4.42e-06 2.34e+00  -4.0 3.33e-02    -  1.00e+00 1.00e+00H  1
 592  3.3660867e+00 5.75e-07 2.80e+00  -4.0 1.48e-02    -  1.00e+00 1.00e+00H  1
 593  3.3656480e+00 3.28e-06 1.51e+00  -4.0 9.67e-03    -  1.00e+00 1.00e+00h  1
 594  3.3659778e+00 1.15e-06 3.83e-01  -4.0 6.73e-03    -  1.00e+00 1.00e+00h  1
 595  3.3663358e+00 3.51e-07 1.61e-01  -4.0 2.94e-03    -  1.00e+00 1.00e+00h  1
 596  3.3665508e+00 3.33e-07 1.78e+00  -4.0 1.55e-02    -  1.00e+00 1.00e+00H  1
 597  3.3626330e+00 5.21e-05 5.51e+00  -4.1 3.86e-02    -  1.00e+00 1.00e+00h  1
 598  3.3619801e+00 3.01e-05 3.46e+00  -4.1 3.16e-02    -  1.00e+00 1.00e+00h  1
 599  3.3630240e+00 3.15e-05 4.22e+00  -4.1 3.25e-02    -  1.00e+00 1.00e+00h  1
iter    objective    inf_pr   inf_du lg(mu)  ||d||  lg(rg) alpha_du alpha_pr  ls
 600  3.3644948e+00 1.52e-05 1.20e+00  -4.0 2.19e-02    -  1.00e+00 1.00e+00h  1
 601  3.3627123e+00 6.24e-06 9.75e-01  -4.1 1.71e-02    -  1.00e+00 1.00e+00h  1
 602  3.3632214e+00 6.04e-06 2.86e+01  -4.0 4.35e-02    -  1.00e+00 1.25e-01h  4
 603  3.3626933e+00 5.37e-06 1.22e+00  -4.1 1.09e-02    -  1.00e+00 1.00e+00h  1
 604  3.3668107e+00 1.84e-06 4.13e+00  -4.0 3.90e-02    -  1.00e+00 1.00e+00H  1
 605  3.3619945e+00 9.96e-05 1.15e+01  -4.1 5.67e-02    -  1.00e+00 1.00e+00h  1
 606  3.3598175e+00 1.50e-04 2.32e+00  -4.1 5.79e-02    -  1.00e+00 1.00e+00h  1
 607  3.3643021e+00 5.17e-05 1.86e+00  -4.0 3.74e-02    -  1.00e+00 1.00e+00h  1
 608  3.3626132e+00 5.37e-05 1.93e+01  -4.1 7.41e-02    -  1.00e+00 5.00e-01h  2
 609  3.3600256e+00 5.30e-05 1.91e+00  -4.1 4.17e-02    -  1.00e+00 1.00e+00h  1
iter    objective    inf_pr   inf_du lg(mu)  ||d||  lg(rg) alpha_du alpha_pr  ls
 610  3.3656032e+00 1.17e-05 3.28e+00  -4.0 3.72e-02    -  1.00e+00 1.00e+00H  1
 611  3.3641257e+00 1.44e-04 4.07e+01  -4.1 1.20e-01    -  1.00e+00 5.00e-01h  2
 612  3.3600888e+00 6.04e-03 5.51e+01  -4.1 4.39e-01    -  1.00e+00 9.21e-01h  1
 613  3.3523293e+00 6.63e-04 7.10e+01  -4.1 1.34e-01    -  1.00e+00 1.00e+00h  1
 614  3.3489213e+00 1.14e-03 3.99e+01  -4.1 4.01e-01    -  4.35e-01 3.78e-01h  1
 615  3.3447070e+00 1.37e-03 8.23e+01  -4.1 3.43e-01    -  1.00e+00 4.13e-01f  1
 616  3.3450551e+00 6.34e-04 4.94e+00  -4.1 1.24e-01    -  1.00e+00 1.00e+00h  1
 617  3.3542633e+00 5.24e-04 1.77e+02  -4.0 1.24e-01    -  8.35e-01 3.67e-01H  1
 618  3.3507918e+00 1.94e-04 8.41e+00  -4.1 6.69e-02    -  1.00e+00 1.00e+00h  1
 619  3.3532716e+00 1.00e-04 7.15e+01  -4.0 3.46e-02    -  1.00e+00 5.00e-01h  2
iter    objective    inf_pr   inf_du lg(mu)  ||d||  lg(rg) alpha_du alpha_pr  ls
 620  3.3621878e+00 3.04e-05 8.24e+00  -4.0 4.08e-02    -  1.00e+00 1.00e+00H  1
 621  3.3612302e+00 4.37e-05 8.84e+01  -4.1 9.60e-02    -  1.00e+00 3.40e-01h  1
 622  3.3612603e+00 3.60e-05 4.70e+00  -4.1 3.32e-02    -  1.00e+00 1.00e+00f  1
 623  3.3599184e+00 1.60e-05 1.50e+00  -4.1 3.00e-02    -  1.00e+00 1.00e+00h  1
 624  3.3625899e+00 1.05e-06 1.17e+00  -4.0 1.81e-02    -  1.00e+00 1.00e+00H  1
 625  3.3639061e+00 2.04e-05 3.80e+00  -4.0 1.98e-02    -  1.00e+00 1.00e+00h  1
 626  3.3607310e+00 1.84e-05 1.42e+00  -4.1 2.81e-02    -  1.00e+00 1.00e+00h  1
 627  3.3601232e+00 2.43e-05 4.18e+00  -4.1 2.79e-02    -  1.00e+00 1.00e+00h  1
 628  3.3602319e+00 1.82e-05 5.58e-01  -4.1 2.37e-02    -  1.00e+00 1.00e+00h  1
 629  3.3633295e+00 1.06e-06 2.06e+00  -4.0 2.60e-02    -  1.00e+00 1.00e+00H  1
iter    objective    inf_pr   inf_du lg(mu)  ||d||  lg(rg) alpha_du alpha_pr  ls
 630  3.3609058e+00 2.36e-05 3.43e+00  -4.1 2.03e-02    -  1.00e+00 1.00e+00h  1
 631  3.3601475e+00 2.24e-05 4.94e+00  -4.1 2.80e-02    -  1.00e+00 1.00e+00h  1
 632  3.3597741e+00 2.70e-05 1.41e+00  -4.1 2.06e-02    -  1.00e+00 1.00e+00h  1
 633  3.3636176e+00 4.04e-06 2.25e+00  -4.0 3.61e-02    -  1.00e+00 1.00e+00H  1
 634  3.3599282e+00 8.04e-05 4.06e+00  -4.1 3.75e-02    -  1.00e+00 1.00e+00h  1
 635  3.3586212e+00 1.83e-05 2.12e+00  -4.1 2.57e-02    -  1.00e+00 1.00e+00h  1
 636  3.3635712e+00 2.46e-06 2.42e+00  -4.0 4.25e-02    -  1.00e+00 1.00e+00H  1
 637  3.3598222e+00 9.24e-05 4.31e+00  -4.1 3.85e-02    -  1.00e+00 1.00e+00h  1
 638  3.3582002e+00 3.98e-05 6.00e+00  -4.1 3.94e-02    -  1.00e+00 1.00e+00h  1
 639  3.3625906e+00 4.52e-06 1.54e+00  -4.0 3.33e-02    -  1.00e+00 1.00e+00H  1
iter    objective    inf_pr   inf_du lg(mu)  ||d||  lg(rg) alpha_du alpha_pr  ls
 640  3.3575619e+00 2.54e-04 9.28e+00  -4.1 7.59e-02    -  1.00e+00 1.00e+00h  1
 641  3.3532331e+00 8.27e-05 3.24e+00  -4.1 4.62e-02    -  1.00e+00 1.00e+00h  1
 642  3.3614194e+00 2.79e-05 4.05e+00  -4.0 5.25e-02    -  1.00e+00 1.00e+00H  1
 643  3.3611489e+00 2.78e-05 1.29e+02  -4.1 1.01e-01    -  1.00e+00 2.50e-01h  3
 644  3.3596573e+00 2.06e-05 1.72e+00  -4.1 2.49e-02    -  1.00e+00 1.00e+00h  1
 645  3.3603751e+00 2.74e-05 4.41e+00  -4.1 2.85e-02    -  1.00e+00 1.00e+00h  1
 646  3.3626051e+00 2.72e-05 1.05e+00  -4.0 3.14e-02    -  1.00e+00 1.00e+00h  1
 647  3.3596839e+00 1.07e-05 1.09e+00  -4.1 2.38e-02    -  1.00e+00 1.00e+00h  1
 648  3.3656093e+00 7.48e-06 7.02e+00  -4.0 2.85e-02    -  1.00e+00 1.00e+00H  1
 649  3.3578628e+00 6.98e-05 2.69e+00  -4.1 4.97e-02    -  1.00e+00 1.00e+00h  1
iter    objective    inf_pr   inf_du lg(mu)  ||d||  lg(rg) alpha_du alpha_pr  ls
 650  3.3561722e+00 1.76e-04 1.16e+01  -4.1 7.78e-02    -  1.00e+00 1.00e+00h  1
 651  3.3530379e+00 8.81e-05 2.51e+00  -4.1 5.76e-02    -  1.00e+00 1.00e+00h  1
 652  3.3569266e+00 4.56e-05 6.01e+00  -4.1 3.94e-02    -  1.00e+00 1.00e+00h  1
 653  3.3619523e+00 1.38e-05 1.86e+00  -4.0 3.11e-02    -  1.00e+00 1.00e+00H  1
 654  3.3604557e+00 3.74e-05 3.34e+00  -4.1 3.88e-02    -  1.00e+00 1.00e+00h  1
 655  3.3598054e+00 2.19e-05 1.23e+00  -4.1 2.67e-02    -  1.00e+00 1.00e+00h  1
 656  3.3625115e+00 8.71e-07 9.57e-01  -4.0 1.89e-02    -  1.00e+00 1.00e+00H  1
 657  3.3648816e+00 8.58e-07 3.51e+00  -4.0 2.20e-02    -  1.00e+00 1.00e+00H  1
 658  3.3635276e+00 1.54e-05 2.36e+00  -4.0 2.24e-02    -  1.00e+00 1.00e+00h  1
 659  3.3602864e+00 2.31e-05 2.24e+00  -4.1 3.08e-02    -  1.00e+00 1.00e+00h  1
iter    objective    inf_pr   inf_du lg(mu)  ||d||  lg(rg) alpha_du alpha_pr  ls
 660  3.3601478e+00 9.38e-06 3.95e+00  -4.1 2.16e-02    -  1.00e+00 1.00e+00h  1
 661  3.3606698e+00 6.64e-06 4.31e-01  -4.1 1.76e-02    -  1.00e+00 1.00e+00h  1
 662  3.3608462e+00 6.46e-07 4.67e-01  -4.1 5.10e-03    -  1.00e+00 1.00e+00h  1
 663  3.3635156e+00 2.98e-06 1.70e+00  -4.0 2.75e-02    -  1.00e+00 1.00e+00H  1
 664  3.3601168e+00 1.72e-05 1.56e+00  -4.1 2.84e-02    -  1.00e+00 1.00e+00h  1
 665  3.3593886e+00 4.44e-05 3.21e+00  -4.1 3.40e-02    -  1.00e+00 1.00e+00h  1
 666  3.3624937e+00 6.67e-05 1.60e+00  -4.0 3.77e-02    -  1.00e+00 1.00e+00h  1
 667  3.3591331e+00 2.78e-05 3.50e+00  -4.1 3.56e-02    -  1.00e+00 1.00e+00h  1
 668  3.3586986e+00 1.74e-05 2.38e+00  -4.1 1.91e-02    -  1.00e+00 1.00e+00h  1
 669  3.3627731e+00 7.87e-07 1.59e+00  -4.0 3.40e-02    -  1.00e+00 1.00e+00H  1
iter    objective    inf_pr   inf_du lg(mu)  ||d||  lg(rg) alpha_du alpha_pr  ls
 670  3.3613320e+00 5.50e-07 4.30e+00  -4.1 3.60e-02    -  1.00e+00 1.00e+00H  1
 671  3.3594497e+00 1.19e-05 1.20e+00  -4.1 3.33e-02    -  1.00e+00 1.00e+00h  1
 672  3.3597071e+00 1.77e-05 4.09e+00  -4.1 2.39e-02    -  1.00e+00 1.00e+00h  1
 673  3.3594520e+00 1.11e-05 1.46e-01  -4.1 1.95e-02    -  1.00e+00 1.00e+00h  1
 674  3.3631707e+00 7.79e-07 1.21e+00  -4.0 3.19e-02    -  1.00e+00 1.00e+00H  1
 675  3.3599857e+00 8.62e-05 4.57e+00  -4.1 4.97e-02    -  1.00e+00 1.00e+00h  1
 676  3.3581129e+00 3.04e-05 2.51e+00  -4.1 2.77e-02    -  1.00e+00 1.00e+00h  1
 677  3.3630749e+00 2.33e-06 1.40e+00  -4.0 3.46e-02    -  1.00e+00 1.00e+00H  1
 678  3.3589895e+00 8.73e-05 1.00e+01  -4.1 5.80e-02    -  1.00e+00 1.00e+00h  1
 679  3.3566301e+00 7.57e-05 1.08e+00  -4.1 5.03e-02    -  1.00e+00 1.00e+00h  1
iter    objective    inf_pr   inf_du lg(mu)  ||d||  lg(rg) alpha_du alpha_pr  ls
 680  3.3629248e+00 6.25e-06 3.04e+00  -4.0 4.23e-02    -  1.00e+00 1.00e+00H  1
 681  3.3593060e+00 4.33e-04 1.11e+01  -4.1 1.15e-01    -  1.00e+00 1.00e+00h  1
 682  3.3555704e+00 1.73e-04 4.31e+00  -4.1 6.62e-02    -  1.00e+00 1.00e+00h  1
 683  3.3535309e+00 4.19e-04 9.32e+00  -4.1 1.28e-01    -  1.00e+00 1.00e+00h  1
 684  3.3519103e+00 1.73e-04 1.55e+00  -4.1 8.43e-02    -  1.00e+00 1.00e+00h  1
 685  3.3530181e+00 1.99e-04 6.22e+00  -4.1 6.10e-02    -  1.00e+00 1.00e+00h  1
 686  3.3563018e+00 1.10e-04 1.07e+00  -4.0 5.57e-02    -  1.00e+00 1.00e+00h  1
 687  3.3577917e+00 6.43e-06 1.54e+00  -4.1 1.39e-02    -  1.00e+00 1.00e+00h  1
 688  3.3604732e+00 2.07e-06 1.22e+00  -4.0 1.50e-02    -  1.00e+00 1.00e+00H  1
 689  3.3627905e+00 1.34e-06 2.76e+00  -4.0 1.78e-02    -  1.00e+00 1.00e+00H  1
iter    objective    inf_pr   inf_du lg(mu)  ||d||  lg(rg) alpha_du alpha_pr  ls
 690  3.3609734e+00 2.48e-05 4.77e+00  -4.1 3.60e-02    -  1.00e+00 1.00e+00h  1
 691  3.3604011e+00 1.11e-05 7.31e-01  -4.1 2.14e-02    -  1.00e+00 1.00e+00h  1
 692  3.3606652e+00 4.86e-06 1.51e+00  -4.1 1.07e-02    -  1.00e+00 1.00e+00h  1
 693  3.3620166e+00 4.32e-06 6.08e-01  -4.0 1.13e-02    -  1.00e+00 1.00e+00h  1
 694  3.3607572e+00 2.57e-06 1.25e+00  -4.1 8.78e-03    -  1.00e+00 1.00e+00h  1
 695  3.3603198e+00 4.52e-06 1.37e+00  -4.1 1.05e-02    -  1.00e+00 1.00e+00h  1
 696  3.3624902e+00 7.84e-06 1.20e+00  -4.0 1.65e-02    -  1.00e+00 1.00e+00h  1
 697  3.3602849e+00 1.80e-05 2.12e+00  -4.1 2.11e-02    -  1.00e+00 1.00e+00h  1
 698  3.3596651e+00 8.13e-06 1.04e+00  -4.1 1.51e-02    -  1.00e+00 1.00e+00h  1
 699  3.3623503e+00 1.03e-05 7.35e-01  -4.0 1.85e-02    -  1.00e+00 1.00e+00h  1
iter    objective    inf_pr   inf_du lg(mu)  ||d||  lg(rg) alpha_du alpha_pr  ls
 700  3.3596938e+00 1.67e-05 3.08e+00  -4.1 2.65e-02    -  1.00e+00 1.00e+00h  1
 701  3.3593445e+00 1.28e-05 1.71e+00  -4.1 1.68e-02    -  1.00e+00 1.00e+00h  1
 702  3.3626268e+00 2.81e-07 1.11e+00  -4.0 2.10e-02    -  1.00e+00 1.00e+00H  1
 703  3.3596508e+00 2.19e-05 1.54e+00  -4.1 2.60e-02    -  1.00e+00 1.00e+00h  1
 704  3.3592171e+00 7.79e-06 2.63e+00  -4.1 1.69e-02    -  1.00e+00 1.00e+00h  1
 705  3.3596624e+00 6.73e-06 6.24e-01  -4.1 1.52e-02    -  1.00e+00 1.00e+00h  1
 706  3.3596191e+00 3.23e-06 1.59e+00  -4.1 9.76e-03    -  1.00e+00 1.00e+00h  1
 707  3.3626023e+00 1.67e-05 5.69e-01  -4.0 2.10e-02    -  1.00e+00 1.00e+00h  1
 708  3.3594850e+00 3.23e-05 2.93e+00  -4.1 2.69e-02    -  1.00e+00 1.00e+00h  1
 709  3.3590421e+00 1.48e-05 1.25e+00  -4.1 1.74e-02    -  1.00e+00 1.00e+00h  1
iter    objective    inf_pr   inf_du lg(mu)  ||d||  lg(rg) alpha_du alpha_pr  ls
 710  3.3622213e+00 2.11e-05 8.31e-01  -4.0 2.25e-02    -  1.00e+00 1.00e+00h  1
 711  3.3592817e+00 3.46e-05 2.76e+00  -4.1 2.92e-02    -  1.00e+00 1.00e+00h  1
 712  3.3589938e+00 7.07e-06 1.20e+00  -4.1 1.49e-02    -  1.00e+00 1.00e+00h  1
 713  3.3595526e+00 2.79e-06 1.12e+00  -4.1 7.90e-03    -  1.00e+00 1.00e+00h  1
 714  3.3627763e+00 2.57e-07 6.76e-01  -4.0 2.28e-02    -  1.00e+00 1.00e+00H  1
 715  3.3632600e+00 4.59e-05 4.45e+00  -4.0 3.19e-02    -  1.00e+00 1.00e+00h  1
 716  3.3593640e+00 2.23e-05 1.70e+00  -4.1 2.90e-02    -  1.00e+00 1.00e+00h  1
 717  3.3584546e+00 3.60e-05 5.69e+00  -4.1 3.83e-02    -  1.00e+00 1.00e+00h  1
 718  3.3581240e+00 2.44e-05 1.72e+00  -4.1 3.25e-02    -  1.00e+00 1.00e+00h  1
 719  3.3588203e+00 8.57e-06 1.34e+00  -4.1 1.36e-02    -  1.00e+00 1.00e+00h  1
iter    objective    inf_pr   inf_du lg(mu)  ||d||  lg(rg) alpha_du alpha_pr  ls
 720  3.3594894e+00 1.98e-06 8.54e-01  -4.1 8.04e-03    -  1.00e+00 1.00e+00h  1
 721  3.3620320e+00 7.57e-06 1.29e+00  -4.0 1.79e-02    -  1.00e+00 1.00e+00h  1
 722  3.3596162e+00 2.31e-05 2.36e+00  -4.1 2.37e-02    -  1.00e+00 1.00e+00h  1
 723  3.3587637e+00 1.53e-05 1.96e+00  -4.1 2.38e-02    -  1.00e+00 1.00e+00h  1
 724  3.3594988e+00 6.60e-07 1.63e+00  -4.1 1.24e-02    -  1.00e+00 1.00e+00H  1
 725  3.3595655e+00 9.15e-07 6.77e-01  -4.1 6.70e-03    -  1.00e+00 1.00e+00h  1
 726  3.3633724e+00 1.78e-05 2.31e+00  -4.0 2.78e-02    -  1.00e+00 1.00e+00h  1
 727  3.3591582e+00 1.07e-04 1.11e+01  -4.1 5.33e-02    -  1.00e+00 1.00e+00h  1
 728  3.3571208e+00 5.86e-05 2.13e+00  -4.1 4.38e-02    -  1.00e+00 1.00e+00h  1
 729  3.3575769e+00 1.45e-05 3.33e+00  -4.1 2.14e-02    -  1.00e+00 1.00e+00h  1
iter    objective    inf_pr   inf_du lg(mu)  ||d||  lg(rg) alpha_du alpha_pr  ls
 730  3.3629219e+00 2.45e-06 2.10e+00  -4.0 3.05e-02    -  1.00e+00 1.00e+00H  1
 731  3.3627285e+00 2.15e-06 1.02e+02  -4.1 7.18e-02    -  1.00e+00 6.25e-02h  5
 732  3.3596881e+00 2.00e-06 1.26e+00  -4.1 2.49e-02    -  1.00e+00 1.00e+00H  1
 733  3.3596638e+00 1.89e-06 2.82e+01  -4.1 1.02e-01    -  1.00e+00 6.25e-02h  5
 734  3.3596613e+00 4.65e-07 5.66e-01  -4.1 6.30e-03    -  1.00e+00 1.00e+00h  1
 735  3.3635221e+00 1.94e-05 1.86e+00  -4.0 2.87e-02    -  1.00e+00 1.00e+00h  1
 736  3.3595388e+00 9.07e-05 7.42e+00  -4.1 5.35e-02    -  1.00e+00 1.00e+00h  1
 737  3.3581216e+00 5.37e-05 2.07e+00  -4.1 3.71e-02    -  1.00e+00 1.00e+00h  1
 738  3.3588036e+00 3.06e-05 4.45e+00  -4.1 3.29e-02    -  1.00e+00 1.00e+00h  1
 739  3.3588596e+00 2.28e-05 1.53e+00  -4.1 2.68e-02    -  1.00e+00 1.00e+00h  1
iter    objective    inf_pr   inf_du lg(mu)  ||d||  lg(rg) alpha_du alpha_pr  ls
 740  3.3587890e+00 1.98e-05 1.66e+01  -4.1 4.53e-02    -  1.00e+00 5.00e-01h  2
 741  3.3588338e+00 8.98e-06 1.66e+00  -4.1 1.78e-02    -  1.00e+00 1.00e+00h  1
 742  3.3591213e+00 3.65e-06 1.21e+00  -4.1 1.01e-02    -  1.00e+00 1.00e+00h  1
 743  3.3594379e+00 2.06e-06 3.99e-01  -4.0 8.12e-03    -  1.00e+00 1.00e+00h  1
 744  3.3596443e+00 3.93e-07 3.69e-01  -4.1 2.57e-03    -  1.00e+00 1.00e+00h  1
 745  3.3604027e+00 8.57e-07 4.76e-01  -4.0 5.24e-03    -  1.00e+00 1.00e+00h  1
 746  3.3597215e+00 6.52e-07 9.54e-01  -4.1 7.57e-03    -  1.00e+00 1.00e+00H  1
 747  3.3591636e+00 3.30e-05 3.30e+00  -4.1 3.00e-02    -  1.00e+00 1.00e+00h  1
 748  3.3592660e+00 1.69e-05 5.13e+00  -4.1 1.40e-02    -  1.00e+00 5.00e-01h  2
 749  3.3593773e+00 9.32e-06 2.58e+00  -4.1 1.61e-02    -  1.00e+00 1.00e+00h  1
iter    objective    inf_pr   inf_du lg(mu)  ||d||  lg(rg) alpha_du alpha_pr  ls
 750  3.3590168e+00 4.78e-06 6.47e-01  -4.1 1.14e-02    -  1.00e+00 1.00e+00h  1
 751  3.3619174e+00 9.15e-06 1.62e+00  -4.0 1.94e-02    -  1.00e+00 1.00e+00h  1
 752  3.3593680e+00 4.25e-05 3.19e+00  -4.1 3.00e-02    -  1.00e+00 1.00e+00h  1
 753  3.3575198e+00 1.14e-03 2.03e+01  -4.1 1.73e-01    -  1.00e+00 1.00e+00h  1
 754  3.3549594e+00 5.86e-04 5.82e+00  -4.1 1.20e-01    -  1.00e+00 1.00e+00h  1
 755  3.3525339e+00 2.07e-03 1.78e+01  -4.1 2.36e-01    -  1.00e+00 1.00e+00h  1
 756  3.3468683e+00 9.84e-04 3.13e+00  -4.1 1.70e-01    -  1.00e+00 1.00e+00h  1
 757  3.3495001e+00 4.41e-04 9.78e+00  -4.1 1.23e-01    -  1.00e+00 1.00e+00h  1
 758  3.3511002e+00 2.64e-04 3.43e+00  -4.0 1.00e-01    -  1.00e+00 1.00e+00h  1
 759  3.3527435e+00 2.18e-04 1.03e+01  -4.1 8.71e-02    -  1.00e+00 1.00e+00h  1
iter    objective    inf_pr   inf_du lg(mu)  ||d||  lg(rg) alpha_du alpha_pr  ls
 760  3.3531364e+00 1.23e-04 8.81e-01  -4.0 5.78e-02    -  1.00e+00 1.00e+00h  1
 761  3.3564379e+00 1.06e-05 3.81e+00  -4.0 1.94e-02    -  1.00e+00 1.00e+00h  1
 762  3.3572640e+00 9.08e-06 2.47e+02  -4.0 3.79e-02    -  1.00e+00 1.25e-01h  4
 763  3.3576616e+00 8.64e-06 3.53e+02  -4.0 9.94e-02    -  1.00e+00 6.25e-02h  5
 764  3.3607311e+00 4.76e-06 8.91e+00  -4.1 2.90e-02    -  9.70e-01 1.00e+00H  1
 765  3.3644966e+00 1.11e-06 1.24e+01  -4.1 4.62e-02    -  1.00e+00 1.00e+00H  1
 766  3.3602502e+00 3.13e-06 1.74e+00  -4.1 4.41e-02    -  1.00e+00 1.00e+00H  1
 767  3.3608685e+00 1.59e-06 2.84e+00  -4.1 2.46e-02    -  1.00e+00 1.00e+00H  1
 768  3.3602725e+00 9.45e-06 4.85e-01  -4.1 1.67e-02    -  1.00e+00 1.00e+00h  1
 769  3.3601820e+00 3.25e-07 3.59e-01  -4.1 2.61e-03    -  1.00e+00 1.00e+00h  1
iter    objective    inf_pr   inf_du lg(mu)  ||d||  lg(rg) alpha_du alpha_pr  ls
 770  3.3600803e+00 1.40e-07 6.11e-01  -4.1 5.08e-03    -  1.00e+00 1.00e+00H  1
 771  3.3596904e+00 9.49e-08 2.57e+00  -4.1 1.55e-02    -  1.00e+00 1.00e+00H  1
 772  3.3593687e+00 6.37e-06 3.03e+00  -4.1 1.33e-02    -  1.00e+00 1.00e+00h  1
 773  3.3594184e+00 7.35e-06 9.88e-01  -4.1 1.56e-02    -  1.00e+00 1.00e+00h  1
 774  3.3594553e+00 1.45e-06 6.44e-01  -4.1 1.07e-02    -  1.00e+00 1.00e+00h  1
 775  3.3599705e+00 2.04e-06 6.95e-01  -4.0 7.58e-03    -  1.00e+00 1.00e+00h  1
 776  3.3598419e+00 1.17e-06 1.70e+00  -4.1 1.82e-02    -  1.00e+00 1.00e+00H  1
 777  3.3592272e+00 4.74e-06 1.44e+00  -4.1 1.45e-02    -  1.00e+00 1.00e+00h  1
 778  3.3593389e+00 5.42e-07 5.74e-01  -4.1 4.40e-03    -  1.00e+00 1.00e+00h  1
 779  3.3592107e+00 6.61e-07 9.79e-01  -4.1 5.24e-03    -  1.00e+00 1.00e+00h  1
iter    objective    inf_pr   inf_du lg(mu)  ||d||  lg(rg) alpha_du alpha_pr  ls
 780  3.3607913e+00 1.20e-05 7.75e-01  -4.0 1.23e-02    -  1.00e+00 1.00e+00h  1
 781  3.3597403e+00 1.83e-06 2.92e+00  -4.1 2.49e-02    -  1.00e+00 1.00e+00H  1
 782  3.3589198e+00 7.27e-06 1.10e+00  -4.1 1.69e-02    -  1.00e+00 1.00e+00h  1
 783  3.3589670e+00 8.77e-07 4.82e-01  -4.1 4.60e-03    -  1.00e+00 1.00e+00h  1
 784  3.3612475e+00 1.74e-05 1.06e+00  -4.0 1.40e-02    -  1.00e+00 1.00e+00h  1
 785  3.3601409e+00 7.25e-06 2.99e+00  -4.1 3.31e-02    -  1.00e+00 1.00e+00H  1
 786  3.3584704e+00 1.53e-05 2.85e+00  -4.1 1.64e-02    -  1.00e+00 1.00e+00h  1
 787  3.3589901e+00 2.14e-06 7.10e-01  -4.1 7.73e-03    -  1.00e+00 1.00e+00h  1
 788  3.3590471e+00 1.08e-06 1.26e+00  -4.1 9.33e-03    -  1.00e+00 1.00e+00h  1
 789  3.3589594e+00 5.99e-07 8.57e-01  -4.1 5.93e-03    -  1.00e+00 1.00e+00h  1
iter    objective    inf_pr   inf_du lg(mu)  ||d||  lg(rg) alpha_du alpha_pr  ls
 790  3.3614047e+00 2.18e-05 1.17e+00  -4.0 1.56e-02    -  1.00e+00 1.00e+00h  1
 791  3.3611271e+00 1.79e-05 2.61e+01  -4.1 9.57e-02    -  1.00e+00 1.25e-01h  4
 792  3.3589813e+00 2.67e-07 2.10e+00  -4.1 2.21e-02    -  1.00e+00 1.00e+00H  1
 793  3.3584414e+00 2.26e-04 9.89e+00  -4.1 7.98e-02    -  1.00e+00 1.00e+00h  1
 794  3.3568477e+00 1.43e-04 2.61e+00  -4.1 6.06e-02    -  1.00e+00 1.00e+00h  1
 795  3.3580235e+00 7.00e-05 4.98e+00  -4.1 4.42e-02    -  1.00e+00 9.89e-01h  1
 796  3.3575319e+00 4.36e-05 1.52e+00  -4.1 3.27e-02    -  1.00e+00 1.00e+00f  1
 797  3.3574563e+00 9.57e-06 1.61e+00  -4.1 1.43e-02    -  1.00e+00 1.00e+00h  1
 798  3.3610520e+00 6.21e-06 4.01e+00  -4.0 2.21e-02    -  1.00e+00 1.00e+00H  1
 799  3.3596883e+00 2.53e-06 2.65e+00  -4.1 1.95e-02    -  1.00e+00 1.00e+00H  1
iter    objective    inf_pr   inf_du lg(mu)  ||d||  lg(rg) alpha_du alpha_pr  ls
 800  3.3582105e+00 6.18e-05 5.77e+00  -4.1 3.93e-02    -  1.00e+00 1.00e+00h  1
 801  3.3582086e+00 4.07e-05 7.39e-01  -4.1 3.01e-02    -  1.00e+00 1.00e+00h  1
 802  3.3584929e+00 8.99e-07 4.62e-01  -4.1 5.66e-03    -  1.00e+00 1.00e+00h  1
 803  3.3608233e+00 4.34e-07 7.47e-01  -4.0 1.23e-02    -  1.00e+00 1.00e+00H  1
 804  3.3595395e+00 2.39e-07 2.38e+00  -4.1 2.28e-02    -  1.00e+00 1.00e+00H  1
 805  3.3585398e+00 1.53e-05 2.79e+00  -4.1 2.16e-02    -  1.00e+00 1.00e+00h  1
 806  3.3588051e+00 4.66e-06 6.20e-01  -4.1 1.06e-02    -  1.00e+00 1.00e+00h  1
 807  3.3590056e+00 6.31e-07 9.42e-01  -4.1 5.19e-03    -  1.00e+00 1.00e+00h  1
 808  3.3590384e+00 2.57e-07 2.32e-01  -4.1 2.66e-03    -  1.00e+00 1.00e+00h  1
 809  3.3618181e+00 2.10e-05 1.86e+00  -4.0 1.80e-02    -  1.00e+00 1.00e+00h  1
iter    objective    inf_pr   inf_du lg(mu)  ||d||  lg(rg) alpha_du alpha_pr  ls
 810  3.3583582e+00 4.04e-04 1.57e+01  -4.1 1.09e-01    -  1.00e+00 1.00e+00h  1
 811  3.3557248e+00 2.03e-04 2.28e+00  -4.1 8.11e-02    -  1.00e+00 1.00e+00h  1
 812  3.3551582e+00 5.94e-05 2.92e+00  -4.1 4.27e-02    -  1.00e+00 1.00e+00h  1
 813  3.3566752e+00 1.14e-04 4.64e+00  -4.1 4.78e-02    -  1.00e+00 1.00e+00h  1
 814  3.3566029e+00 5.23e-05 7.61e-01  -4.1 3.25e-02    -  1.00e+00 1.00e+00h  1
 815  3.3576896e+00 1.26e-06 4.80e-01  -4.1 6.22e-03    -  1.00e+00 1.00e+00h  1
 816  3.3585494e+00 1.01e-06 8.89e+01  -4.0 1.82e-02    -  1.00e+00 2.50e-01h  3
 817  3.3586549e+00 9.39e-07 1.13e+02  -4.1 2.20e-02    -  1.00e+00 6.25e-02h  5
 818  3.3588130e+00 8.20e-07 9.18e+01  -4.1 1.80e-02    -  1.00e+00 1.25e-01h  4
 819  3.3588669e+00 7.67e-07 8.93e+01  -4.1 2.58e-02    -  1.00e+00 6.25e-02h  5
iter    objective    inf_pr   inf_du lg(mu)  ||d||  lg(rg) alpha_du alpha_pr  ls
 820  3.3588936e+00 7.39e-07 9.50e+01  -4.1 2.75e-02    -  1.00e+00 3.12e-02h  6
 821  3.3589022e+00 7.26e-07 8.89e+01  -4.1 4.90e-02    -  1.00e+00 1.56e-02h  7
 822  3.3589044e+00 7.23e-07 9.15e+01  -4.1 9.21e-02    -  1.00e+00 3.91e-03h  9
 823r 3.3589044e+00 7.23e-07 8.96e+02  -4.1 0.00e+00    -  0.00e+00 4.77e-07R 22
 824r 3.3590236e+00 2.13e-07 2.93e+02  -3.8 5.12e-03    -  1.00e+00 1.27e-01f  1
 825  3.3480309e+00 1.10e-02 5.93e+01  -4.1 6.35e-01    -  1.00e+00 9.32e-01h  1
 826  3.3356335e+00 8.10e-03 1.02e+02  -4.1 5.35e-01    -  1.16e-01 5.40e-01h  1
 827  3.3297638e+00 4.85e-03 9.08e+01  -4.0 2.40e-01    -  7.03e-01 4.05e-01h  1
 828  3.3269460e+00 3.44e-03 1.92e+02  -4.0 3.18e-01    -  9.22e-01 4.03e-01h  1
 829  3.3512786e+00 8.77e-03 4.61e+01  -3.5 4.43e-01    -  9.14e-01 1.00e+00h  1
iter    objective    inf_pr   inf_du lg(mu)  ||d||  lg(rg) alpha_du alpha_pr  ls
 830  3.3346529e+00 3.03e-03 2.08e+01  -3.7 2.22e-01    -  7.24e-01 6.60e-01h  1
 831  3.3339456e+00 2.14e-03 1.07e+02  -3.7 2.29e-01    -  1.00e+00 5.04e-01h  1
 832  3.4314235e+00 6.09e-03 9.31e+01  -2.9 5.28e-01    -  8.40e-01 1.00e+00f  1
 833  3.4457883e+00 5.67e-03 1.96e+02  -3.0 5.40e-01    -  9.79e-01 6.56e-01h  1
 834  3.4448279e+00 2.11e-03 2.39e+01  -3.0 3.15e-01    -  9.61e-01 1.00e+00h  1
 835  3.4386200e+00 1.05e-03 4.95e+01  -3.0 2.95e-01    -  1.00e+00 7.36e-01h  1
 836  3.4316289e+00 2.32e-03 1.42e+01  -3.0 2.62e-01    -  1.00e+00 1.00e+00f  1
 837  3.4617068e+00 1.09e-03 1.70e+02  -3.0 1.98e-01    -  1.00e+00 7.05e-01H  1
 838  3.4833408e+00 1.12e-03 6.46e+01  -3.0 2.38e-01    -  1.00e+00 5.00e-01h  2
 839  3.5390195e+00 7.33e-04 3.77e+01  -3.0 2.35e-01    -  1.00e+00 1.00e+00H  1
iter    objective    inf_pr   inf_du lg(mu)  ||d||  lg(rg) alpha_du alpha_pr  ls
 840  3.5298927e+00 6.41e-04 1.50e+02  -3.0 2.50e-01    -  1.00e+00 5.00e-01h  2
 841  3.5135998e+00 3.46e-04 9.42e+00  -3.0 1.16e-01    -  1.00e+00 1.00e+00h  1
 842  3.5162672e+00 8.78e-04 9.27e+00  -3.0 1.49e-01    -  1.00e+00 1.00e+00h  1
 843  3.5170002e+00 3.35e-04 1.85e+00  -3.0 8.37e-02    -  1.00e+00 1.00e+00h  1
 844  3.5210672e+00 2.59e-04 1.57e+02  -3.0 9.25e-02    -  1.00e+00 2.50e-01h  3
 845  3.5221591e+00 2.46e-04 1.81e+02  -3.0 2.60e-01    -  1.00e+00 6.25e-02h  5
 846  3.5221769e+00 2.46e-04 1.88e+02  -3.0 2.12e-01    -  1.00e+00 9.77e-04h 11
 847  3.5236583e+00 4.66e-04 1.32e+02  -3.0 6.27e-01    -  1.00e+00 1.25e-01h  4
 848  3.5298392e+00 7.18e-04 7.15e+01  -3.0 2.05e-01    -  1.00e+00 5.00e-01h  2
 849  3.5290406e+00 9.38e-04 5.93e+01  -3.0 3.02e-01    -  8.47e-01 5.00e-01h  2
iter    objective    inf_pr   inf_du lg(mu)  ||d||  lg(rg) alpha_du alpha_pr  ls
 850  3.5222965e+00 3.70e-04 7.54e+00  -3.0 1.35e-01    -  1.00e+00 1.00e+00h  1
 851  3.5257837e+00 2.84e-04 6.85e+01  -3.0 1.45e-01    -  1.00e+00 2.50e-01h  3
 852  3.5296793e+00 2.13e-04 2.63e+01  -3.0 1.28e-01    -  1.00e+00 2.50e-01h  3
 853  3.5303128e+00 2.07e-04 6.43e+01  -3.0 2.55e-01    -  1.00e+00 6.25e-02h  5
 854  3.5313369e+00 1.94e-04 7.21e+01  -3.0 2.14e-01    -  1.00e+00 6.25e-02h  5
 855  3.5314106e+00 1.91e-04 6.18e+01  -3.0 6.08e-01    -  1.00e+00 1.56e-02h  7
 856  3.5320176e+00 1.85e-04 4.08e+01  -3.0 3.03e-01    -  1.00e+00 3.12e-02h  6
 857  3.5321350e+00 1.82e-04 6.57e+01  -3.0 5.57e-01    -  1.00e+00 1.56e-02h  7
 858  3.5322497e+00 1.79e-04 3.50e+01  -3.0 4.86e-01    -  1.00e+00 1.56e-02h  7
 859  3.5325251e+00 1.76e-04 3.41e+01  -3.0 4.46e-01    -  1.00e+00 1.56e-02h  7
iter    objective    inf_pr   inf_du lg(mu)  ||d||  lg(rg) alpha_du alpha_pr  ls
 860  3.5321981e+00 1.79e-04 4.79e+01  -3.0 2.06e+00    -  8.67e-01 1.45e-02h  7
 861  3.5323231e+00 1.76e-04 5.95e+01  -3.0 8.31e-01    -  1.00e+00 1.56e-02h  7
 862  3.5321818e+00 1.76e-04 6.03e+01  -3.0 2.17e+00    -  6.27e-01 5.73e-03h  8
 863  3.5322105e+00 1.76e-04 5.55e+01  -3.0 9.37e-01    -  1.00e+00 3.91e-03h  9
 864  3.5321393e+00 1.75e-04 5.15e+01  -3.0 2.55e+00    -  5.84e-01 2.54e-03h  9
 865  3.5353159e+00 1.65e-02 7.25e+01  -3.0 1.18e+00    -  1.00e+00 5.00e-01h  2
 866  3.5294252e+00 3.23e-02 2.14e+02  -3.0 2.23e+00    -  9.68e-01 4.11e-01h  2
 867  3.4811367e+00 7.22e-03 1.46e+02  -3.0 5.02e-01    -  1.00e+00 1.00e+00h  1
 868  3.4328809e+00 1.12e-02 1.74e+01  -3.0 8.62e-01    -  7.32e-01 7.78e-01h  1
 869  3.4361920e+00 1.24e-02 4.38e+01  -3.0 6.23e-01    -  1.00e+00 1.00e+00h  1
iter    objective    inf_pr   inf_du lg(mu)  ||d||  lg(rg) alpha_du alpha_pr  ls
 870  3.4529453e+00 3.77e-03 2.93e+01  -3.0 4.69e-01    -  1.00e+00 9.16e-01h  1
 871  3.4538633e+00 2.80e-03 4.66e+01  -3.0 3.34e-01    -  3.60e-01 1.00e+00f  1
 872  3.4879442e+00 1.16e-03 3.35e+02  -3.0 3.24e-01    -  1.00e+00 5.79e-01H  1
 873  3.5043707e+00 7.33e-04 1.27e+02  -3.0 2.23e-01    -  1.00e+00 5.00e-01h  2
 874  3.5100510e+00 6.24e-04 6.86e+01  -3.0 1.81e-01    -  9.30e-01 5.00e-01h  2
 875  3.5233583e+00 9.78e-04 1.46e+01  -3.0 1.26e-01    -  1.00e+00 1.00e+00h  1
 876  3.5208008e+00 3.87e-04 4.36e+00  -3.0 1.33e-01    -  1.00e+00 1.00e+00h  1
 877  3.5281476e+00 1.97e-04 8.35e+01  -3.0 9.55e-02    -  1.00e+00 5.00e-01h  2
 878  3.5312924e+00 1.63e-04 3.65e+01  -3.0 9.82e-02    -  1.00e+00 2.50e-01h  3
 879  3.5335807e+00 1.31e-04 4.31e+01  -3.0 7.56e-02    -  1.00e+00 2.50e-01h  3
iter    objective    inf_pr   inf_du lg(mu)  ||d||  lg(rg) alpha_du alpha_pr  ls
 880  3.5356004e+00 1.05e-04 5.69e+01  -3.0 8.34e-02    -  1.00e+00 2.50e-01h  3
 881  3.5375613e+00 8.95e-05 3.87e+01  -3.0 1.01e-01    -  1.00e+00 2.50e-01h  3
 882  3.5471653e+00 5.73e-05 8.50e+00  -3.0 6.05e-02    -  1.00e+00 1.00e+00H  1
 883  3.5452924e+00 1.69e-04 8.89e+00  -3.0 6.62e-02    -  1.00e+00 1.00e+00h  1
 884  3.5435965e+00 6.19e-05 4.51e+00  -3.0 7.41e-02    -  1.00e+00 1.00e+00H  1
 885  3.5446852e+00 3.60e-05 2.10e+00  -3.0 3.01e-02    -  1.00e+00 1.00e+00h  1
 886  3.5454866e+00 7.58e-06 1.38e+00  -3.0 1.48e-02    -  1.00e+00 1.00e+00h  1
 887  3.5459069e+00 1.34e-06 8.19e-01  -3.0 5.65e-03    -  1.00e+00 1.00e+00h  1
 888  3.5468614e+00 1.04e-06 2.42e+00  -3.0 1.71e-02    -  1.00e+00 1.00e+00H  1
 889  3.5467951e+00 1.30e-06 3.08e+00  -3.0 1.77e-02    -  1.00e+00 1.00e+00H  1
iter    objective    inf_pr   inf_du lg(mu)  ||d||  lg(rg) alpha_du alpha_pr  ls
 890  3.5456225e+00 1.87e-05 2.67e+00  -3.0 1.95e-02    -  1.00e+00 1.00e+00h  1
 891  3.5461445e+00 8.27e-06 4.54e-01  -3.0 1.46e-02    -  1.00e+00 1.00e+00h  1
 892  3.5462029e+00 3.81e-06 3.13e-01  -3.0 6.12e-03    -  1.00e+00 1.00e+00h  1
 893  3.5462045e+00 7.75e-06 1.23e+01  -3.0 5.26e-02    -  1.00e+00 1.25e-01h  4
 894  3.5468799e+00 1.13e-05 5.17e+00  -3.0 4.62e-02    -  1.00e+00 1.00e+00H  1
 895  3.5469556e+00 1.59e-05 1.29e+01  -3.0 1.15e-01    -  1.00e+00 6.25e-02h  5
 896  3.5498566e+00 1.24e-06 1.37e+01  -3.0 8.44e-02    -  1.00e+00 1.00e+00H  1
 897  3.5497965e+00 1.30e-06 5.91e+01  -3.0 8.07e-02    -  1.00e+00 1.56e-02h  7
 898  3.5442929e+00 1.22e-04 2.14e+00  -3.0 8.60e-02    -  1.00e+00 1.00e+00h  1
 899  3.5472718e+00 7.49e-06 4.40e+00  -3.0 4.39e-02    -  1.00e+00 1.00e+00H  1
iter    objective    inf_pr   inf_du lg(mu)  ||d||  lg(rg) alpha_du alpha_pr  ls
 900  3.5474410e+00 4.97e-05 5.45e+01  -3.0 8.83e-02    -  1.00e+00 2.50e-01h  3
 901  3.5470603e+00 4.18e-05 1.65e+01  -3.0 5.07e-02    -  1.00e+00 5.00e-01h  2
 902  3.5460970e+00 7.05e-05 1.29e+00  -3.0 2.75e-02    -  1.00e+00 1.00e+00h  1
 903  3.5470348e+00 2.38e-05 1.65e+00  -3.0 1.72e-02    -  1.00e+00 1.00e+00h  1
 904  3.5467398e+00 1.34e-05 2.68e+00  -3.0 1.82e-02    -  1.00e+00 1.00e+00h  1
 905  3.5480137e+00 6.34e-06 5.02e+00  -3.0 3.45e-02    -  1.00e+00 1.00e+00H  1
 906  3.5479116e+00 4.81e-06 8.33e+00  -3.0 3.81e-02    -  1.00e+00 1.00e+00H  1
 907  3.5440256e+00 3.80e-04 1.21e+01  -3.0 1.52e-01    -  1.00e+00 1.00e+00h  1
 908  3.5427621e+00 3.46e-04 2.22e+00  -3.0 1.23e-01    -  1.00e+00 1.00e+00h  1
 909  3.5436014e+00 9.79e-05 4.59e+00  -3.0 5.52e-02    -  1.00e+00 1.00e+00h  1
iter    objective    inf_pr   inf_du lg(mu)  ||d||  lg(rg) alpha_du alpha_pr  ls
 910  3.5431448e+00 4.91e-05 1.06e+00  -3.0 3.80e-02    -  1.00e+00 1.00e+00h  1
 911  3.5453065e+00 3.02e-05 3.16e+00  -3.0 2.46e-02    -  1.00e+00 1.00e+00H  1
 912  3.5453203e+00 3.01e-05 1.67e+02  -3.0 2.94e-01    -  1.00e+00 3.91e-03h  9
 913  3.5453488e+00 3.00e-05 1.74e+02  -3.0 2.27e-01    -  1.00e+00 7.81e-03h  8
 914  3.5453442e+00 2.99e-05 1.63e+02  -3.0 6.50e-01    -  1.00e+00 3.91e-03h  9
 915  3.5453410e+00 2.99e-05 1.63e+02  -3.0 7.08e-01    -  1.00e+00 1.95e-03h 10
 916  3.5452061e+00 3.05e-05 1.48e+02  -3.0 1.02e+00    -  1.00e+00 1.56e-02h  7
 917  3.5450953e+00 3.08e-05 1.42e+02  -3.0 9.45e-01    -  1.00e+00 1.56e-02h  7
 918  3.5450438e+00 3.06e-05 1.52e+02  -3.0 9.96e-01    -  1.00e+00 7.81e-03h  8
 919  3.5430861e+00 1.35e-03 1.17e+02  -3.0 1.10e+00    -  1.00e+00 2.50e-01h  3
iter    objective    inf_pr   inf_du lg(mu)  ||d||  lg(rg) alpha_du alpha_pr  ls
 920  3.5415127e+00 5.36e-03 8.10e+01  -3.0 5.91e-01    -  1.00e+00 1.00e+00h  1
 921  3.5273933e+00 2.91e-03 9.92e+01  -3.0 4.03e-01    -  1.00e+00 1.00e+00h  1
 922  3.5184821e+00 1.39e-02 2.45e+01  -3.0 7.09e-01    -  1.00e+00 1.00e+00h  1
 923  3.4690046e+00 8.16e-03 3.59e+01  -3.0 5.55e-01    -  1.00e+00 1.00e+00h  1
 924  3.4723710e+00 3.72e-03 1.44e+01  -3.0 3.36e-01    -  1.00e+00 1.00e+00h  1
 925  3.4633557e+00 2.70e-03 1.25e+01  -3.0 2.83e-01    -  1.00e+00 1.00e+00h  1
 926  3.4681247e+00 2.02e-03 2.00e+02  -3.0 3.46e-01    -  1.96e-01 6.84e-01h  1
 927  3.4705361e+00 1.79e-03 2.92e+02  -3.0 2.04e-01    -  1.00e+00 1.25e-01h  4
 928  3.4842777e+00 1.19e-03 1.34e+02  -3.0 2.18e-01    -  1.00e+00 5.00e-01h  2
 929  3.5022709e+00 8.39e-04 8.84e+01  -3.0 2.64e-01    -  1.00e+00 5.00e-01h  2
iter    objective    inf_pr   inf_du lg(mu)  ||d||  lg(rg) alpha_du alpha_pr  ls
 930  3.5282570e+00 7.92e-04 9.26e+00  -3.0 1.63e-01    -  1.00e+00 1.00e+00h  1
 931  3.5254487e+00 3.70e-04 6.32e+00  -3.0 9.54e-02    -  1.00e+00 1.00e+00h  1
 932  3.5325649e+00 2.22e-04 5.88e+00  -3.0 6.05e-02    -  1.00e+00 1.00e+00h  1
 933  3.5388648e+00 9.97e-05 5.91e+00  -3.0 5.13e-02    -  1.00e+00 1.00e+00h  1
 934  3.5393098e+00 8.56e-05 6.23e+00  -3.0 4.98e-02    -  1.00e+00 1.00e+00h  1
 935  3.5412392e+00 2.17e-05 1.64e+00  -3.0 2.56e-02    -  1.00e+00 1.00e+00h  1
 936  3.5439990e+00 8.26e-07 1.92e+00  -3.0 1.78e-02    -  1.00e+00 1.00e+00H  1
 937  3.5440130e+00 8.22e-07 9.58e+01  -3.0 4.42e-02    -  1.00e+00 3.91e-03h  9
 938  3.5460524e+00 5.46e-06 6.11e+00  -3.0 6.74e-02    -  1.00e+00 1.00e+00H  1
 939  3.5460954e+00 9.54e-06 1.31e+02  -3.0 1.34e-01    -  1.00e+00 1.25e-01h  4
iter    objective    inf_pr   inf_du lg(mu)  ||d||  lg(rg) alpha_du alpha_pr  ls
 940  3.5460792e+00 2.27e-05 3.42e+00  -3.0 2.22e-02    -  1.00e+00 1.00e+00h  1
 941  3.5454554e+00 6.95e-06 1.46e+00  -3.0 1.32e-02    -  1.00e+00 1.00e+00h  1
 942  3.5453018e+00 2.85e-06 7.85e-01  -3.0 1.01e-02    -  1.00e+00 1.00e+00h  1
 943  3.5455308e+00 1.25e-06 1.59e+00  -3.0 1.32e-02    -  1.00e+00 1.00e+00H  1
 944  3.5455958e+00 1.51e-06 1.60e+01  -3.0 4.43e-02    -  1.00e+00 1.25e-01h  4
 945  3.5459681e+00 6.56e-06 5.38e+00  -3.0 4.28e-02    -  1.00e+00 1.00e+00H  1
 946  3.5460935e+00 7.69e-06 2.49e+01  -3.0 1.12e-01    -  1.00e+00 1.25e-01h  4
 947  3.5459323e+00 2.41e-06 3.67e+00  -3.0 2.60e-02    -  1.00e+00 1.00e+00H  1
 948  3.5467058e+00 9.27e-07 4.31e+00  -3.0 2.35e-02    -  1.00e+00 1.00e+00H  1
 949  3.5454475e+00 2.10e-05 1.45e+00  -3.0 2.23e-02    -  1.00e+00 1.00e+00h  1
iter    objective    inf_pr   inf_du lg(mu)  ||d||  lg(rg) alpha_du alpha_pr  ls
 950  3.5452749e+00 1.03e-05 5.80e-01  -3.0 1.61e-02    -  1.00e+00 1.00e+00h  1
 951  3.5447598e+00 3.57e-05 8.03e+00  -3.0 3.58e-02    -  1.00e+00 1.00e+00h  1
 952  3.5446709e+00 1.50e-05 1.77e+00  -3.0 2.70e-02    -  1.00e+00 1.00e+00h  1
 953  3.5448036e+00 1.10e-06 5.10e-01  -3.0 7.43e-03    -  1.00e+00 1.00e+00h  1
 954  3.5452214e+00 2.94e-07 8.81e-01  -3.0 7.06e-03    -  1.00e+00 1.00e+00H  1
 955  3.5452853e+00 2.19e-07 1.28e+00  -3.0 1.17e-02    -  1.00e+00 1.00e+00H  1
 956  3.5451824e+00 1.61e-06 8.17e-01  -3.0 1.09e-02    -  1.00e+00 1.00e+00h  1
 957  3.5453087e+00 5.94e-08 3.38e-01  -3.0 4.53e-03    -  1.00e+00 1.00e+00H  1
 958  3.5273842e+00 3.48e-04 1.17e+01  -3.7 1.14e-01    -  1.00e+00 1.00e+00f  1
 959  3.4850784e+00 1.72e-03 4.59e+01  -3.8 1.18e+00    -  4.82e-01 2.35e-01h  1
iter    objective    inf_pr   inf_du lg(mu)  ||d||  lg(rg) alpha_du alpha_pr  ls
 960  3.4248695e+00 3.53e-03 6.78e+01  -3.8 6.95e-01    -  9.05e-01 5.20e-01h  1
 961  3.4027614e+00 3.07e-03 7.19e+01  -3.8 6.61e-01    -  4.50e-01 3.47e-01h  1
 962  3.3953969e+00 1.31e-03 5.76e+01  -3.8 1.66e-01    -  1.00e+00 6.08e-01h  1
 963  3.3978244e+00 1.15e-03 1.32e+01  -3.8 2.07e-01    -  1.00e+00 1.00e+00h  1
 964  3.3881660e+00 6.26e-04 1.52e+01  -3.8 1.35e-01    -  1.00e+00 1.00e+00h  1
 965  3.3912805e+00 3.44e-04 6.68e+00  -3.8 1.10e-01    -  1.00e+00 1.00e+00h  1
 966  3.4019841e+00 2.50e-04 2.81e+01  -3.8 1.13e-01    -  9.48e-01 8.15e-01h  1
 967  3.4029454e+00 2.20e-04 5.57e+01  -3.8 7.31e-02    -  1.00e+00 1.25e-01h  4
 968  3.4082703e+00 1.50e-04 4.64e+00  -3.8 5.59e-02    -  1.00e+00 1.00e+00h  1
 969  3.4147466e+00 6.15e-05 2.41e+01  -3.8 3.25e-02    -  8.61e-01 1.00e+00h  1
iter    objective    inf_pr   inf_du lg(mu)  ||d||  lg(rg) alpha_du alpha_pr  ls
 970  3.4183108e+00 5.27e-05 5.58e+00  -3.8 2.89e-02    -  1.00e+00 1.00e+00h  1
 971  3.4141969e+00 1.73e-05 6.34e+00  -3.8 5.63e-02    -  1.00e+00 1.00e+00H  1
 972  3.4118053e+00 4.71e-05 1.60e+01  -3.8 5.50e-02    -  1.00e+00 5.20e-01h  1
 973  3.4086272e+00 7.66e-05 9.27e+00  -3.8 4.85e-02    -  1.00e+00 1.00e+00f  1
 974  3.4070390e+00 8.01e-05 4.73e+00  -3.8 3.19e-02    -  1.00e+00 1.00e+00h  1
 975  3.4038580e+00 8.67e-05 5.20e+01  -3.8 8.25e-02    -  1.00e+00 4.23e-01h  2
 976  3.4036293e+00 1.99e-05 6.73e+00  -3.8 4.06e-02    -  1.00e+00 9.80e-01H  1
 977  3.4015927e+00 8.62e-05 7.38e+01  -3.8 9.17e-02    -  1.00e+00 5.00e-01f  2
 978  3.3997822e+00 3.83e-05 3.63e+00  -3.8 2.71e-02    -  1.00e+00 1.00e+00h  1
 979  3.3989937e+00 3.88e-05 2.92e+00  -3.8 2.51e-02    -  1.00e+00 1.00e+00h  1
iter    objective    inf_pr   inf_du lg(mu)  ||d||  lg(rg) alpha_du alpha_pr  ls
 980  3.3987796e+00 1.20e-05 3.98e+00  -3.8 3.69e-02    -  1.00e+00 1.00e+00H  1
 981  3.3969404e+00 2.05e-04 6.74e+01  -3.8 1.25e-01    -  1.00e+00 5.00e-01h  2
 982  3.3956220e+00 8.73e-05 7.32e+00  -3.8 5.17e-02    -  1.00e+00 1.00e+00h  1
 983  3.3942006e+00 1.75e-04 2.57e+01  -3.8 2.41e-01    -  1.00e+00 2.50e-01h  3
 984  3.3932297e+00 1.83e-04 9.39e+01  -3.8 5.53e-01    -  1.00e+00 7.14e-02h  4
 985  3.3919352e+00 2.04e-04 1.34e+02  -3.8 6.95e-01    -  1.00e+00 7.94e-02h  4
 986  3.3913293e+00 2.07e-04 4.64e+01  -3.8 4.46e-01    -  1.00e+00 6.25e-02h  5
 987  3.3893242e+00 2.01e-04 3.79e+01  -3.8 3.21e-01    -  1.00e+00 1.00e+00H  1
 988  3.3796277e+00 3.41e-03 5.80e+01  -3.8 3.58e-01    -  1.00e+00 1.00e+00h  1
 989  3.3614292e+00 4.08e-03 8.15e+01  -3.8 5.36e-01    -  1.00e+00 5.81e-01h  1
iter    objective    inf_pr   inf_du lg(mu)  ||d||  lg(rg) alpha_du alpha_pr  ls
 990  3.3630604e+00 1.27e-03 9.46e+01  -3.8 1.79e-01    -  4.93e-01 1.00e+00h  1
 991  3.3732275e+00 7.16e-04 5.99e+01  -3.8 2.14e-01    -  5.23e-01 6.44e-01H  1
 992  3.3712813e+00 4.73e-04 1.01e+02  -3.8 1.08e-01    -  1.00e+00 3.71e-01h  1
 993  3.3670793e+00 6.22e-04 1.16e+01  -3.8 1.48e-01    -  1.00e+00 9.64e-01f  1
 994  3.3672787e+00 5.43e-04 1.26e+01  -3.8 1.20e-01    -  1.00e+00 1.00e+00f  1
 995  3.3667323e+00 1.99e-04 1.88e+00  -3.8 8.15e-02    -  1.00e+00 1.00e+00h  1
 996  3.3708377e+00 7.87e-05 5.16e+00  -3.8 5.95e-02    -  1.00e+00 9.89e-01h  1
 997  3.3715704e+00 6.92e-05 8.46e+01  -3.8 6.37e-02    -  1.00e+00 1.25e-01f  4
 998  3.3732166e+00 5.03e-05 1.94e+02  -3.8 1.24e-01    -  1.00e+00 2.50e-01h  3
 999  3.3742018e+00 4.37e-05 2.49e+02  -3.8 1.40e-01    -  1.00e+00 2.50e-01h  3
iter    objective    inf_pr   inf_du lg(mu)  ||d||  lg(rg) alpha_du alpha_pr  ls
1000  3.3790588e+00 9.46e-05 5.59e+00  -3.8 4.04e-02    -  1.00e+00 1.00e+00H  1

Number of Iterations....: 1000

                                   (scaled)                 (unscaled)
Objective...............:   3.3790588075028039e+00    3.3790588075028039e+00
Dual infeasibility......:   5.5930244946477758e+00    5.5930244946477758e+00
Constraint violation....:   9.4573255811525314e-05    9.4573255811525314e-05
Variable bound violation:   0.0000000000000000e+00    0.0000000000000000e+00
Complementarity.........:   1.6936101094707862e-04    1.6936101094707862e-04
Overall NLP error.......:   5.5930244946477758e+00    5.5930244946477758e+00


Number of objective function evaluations             = 1931
Number of objective gradient evaluations             = 1001
Number of equality constraint evaluations            = 1931
Number of inequality constraint evaluations          = 1931
Number of equality constraint Jacobian evaluations   = 1002
Number of inequality constraint Jacobian evaluations = 1002
Number of Lagrangian Hessian evaluations             = 0
Total seconds in IPOPT                               = 5266.848

EXIT: Maximum Number of Iterations Exceeded.
