This is Ipopt version 3.14.19, running with linear solver MUMPS 5.8.2.

Number of nonzeros in equality constraint Jacobian...:   133925
Number of nonzeros in inequality constraint Jacobian.:      512
Number of nonzeros in Lagrangian Hessian.............:        0

Total number of variables............................:      499
                     variables with only lower bounds:        0
                variables with lower and upper bounds:      104
                     variables with only upper bounds:        0
Total number of equality constraints.................:      486
Total number of inequality constraints...............:       73
        inequality constraints with only lower bounds:        0
   inequality constraints with lower and upper bounds:        0
        inequality constraints with only upper bounds:       73

iter    objective    inf_pr   inf_du lg(mu)  ||d||  lg(rg) alpha_du alpha_pr  ls
   0  1.2895797e-01 8.33e+00 1.00e+00   0.0 0.00e+00    -  0.00e+00 0.00e+00   0
   1  1.2897788e-01 8.29e+00 1.28e+01  -4.0 2.50e+01    -  6.96e-02 5.35e-03h  1
   2  1.2898387e-01 8.29e+00 2.92e+03   0.2 5.63e+01    -  6.04e-02 4.29e-04h  1
   3  1.3124573e-01 8.27e+00 3.71e+05   1.6 2.37e+02    -  1.00e+00 2.30e-03h  1
   4  1.6027983e-01 8.23e+00 5.23e+05   2.9 4.69e+02    -  5.92e-02 3.93e-03h  1
   5  1.7616679e-01 8.21e+00 1.31e+06   2.9 2.96e+02    -  3.16e-02 2.32e-03h  1
   6  2.1394641e-01 8.16e+00 1.61e+06   2.9 1.91e+02    -  1.73e-02 6.25e-03h  1
   7  3.2577833e-01 8.06e+00 1.80e+06   2.9 1.75e+02    -  2.03e-02 1.24e-02h  1
   8  3.4215542e-01 8.03e+00 4.06e+06   2.9 1.11e+02    -  1.10e-01 3.73e-03h  1
   9  4.2337787e-01 7.76e+00 5.51e+06   2.9 9.02e+01    -  1.43e-02 3.36e-02H  1
iter    objective    inf_pr   inf_du lg(mu)  ||d||  lg(rg) alpha_du alpha_pr  ls
  10  5.1038898e-01 7.48e+00 1.48e+07   2.9 6.93e+01    -  7.21e-02 3.66e-02h  1
  11  5.1088190e-01 7.37e+00 1.76e+07   2.9 5.12e+01    -  1.15e-01 1.43e-02h  1
  12  5.0723128e-01 7.17e+00 2.03e+07   2.9 3.72e+01    -  1.90e-01 2.68e-02h  1
  13  4.7175345e-01 6.80e+00 3.82e+07   2.9 4.60e+01    -  2.07e-01 5.18e-02h  1
  14  4.5287705e-01 6.76e+00 4.34e+07   2.9 1.20e+02    -  2.59e-02 6.46e-03f  3
  15  4.2000442e-01 6.65e+00 5.36e+07   2.9 1.09e+02    -  4.24e-02 1.66e-02h  1
  16  4.2359884e-01 6.32e+00 7.33e+07   2.9 7.46e+01    -  3.48e-02 4.91e-02H  1
  17  4.2136869e-01 6.21e+00 7.43e+07   2.1 2.03e+01    -  7.64e-02 1.78e-02h  1
  18  4.3480839e-01 5.69e+00 8.34e+07   2.9 2.19e+01    -  6.68e-04 8.26e-02f  1
  19  4.3552363e-01 5.69e+00 8.36e+07   0.7 2.41e+01    -  1.34e-02 1.33e-03h  1
iter    objective    inf_pr   inf_du lg(mu)  ||d||  lg(rg) alpha_du alpha_pr  ls
  20  4.6809439e-01 5.40e+00 9.07e+07   2.9 2.50e+01    -  1.85e-02 4.97e-02h  1
  21  7.0082763e-01 5.03e+00 1.43e+08   2.9 3.60e+01    -  1.13e-03 1.27e-01h  1
  22  7.1043146e-01 5.00e+00 1.45e+08  -3.2 4.32e+01    -  2.29e-02 6.35e-03h  1
  23  7.1129021e-01 5.00e+00 1.45e+08   2.9 9.23e+01    -  6.01e-04 2.29e-04h  1
  24  8.0493181e-01 5.07e+00 1.49e+08   2.9 1.73e+02    -  3.44e-04 1.06e-02f  1
  25  8.0590693e-01 5.07e+00 1.49e+08   2.9 6.63e+01    -  6.17e-03 6.56e-04h  1
  26  9.5982018e-01 5.32e+00 1.75e+08   2.9 7.49e+01    -  1.37e-04 5.86e-02f  1
  27  9.5674047e-01 5.31e+00 1.84e+08   2.9 2.68e+02    -  2.57e-03 2.92e-03h  1
  28  9.7733830e-01 5.34e+00 2.16e+08   2.9 2.96e+02    -  8.89e-03 9.17e-03h  1
  29  9.8451937e-01 5.32e+00 2.25e+08   2.9 2.57e+02    -  2.01e-02 3.08e-03h  1
iter    objective    inf_pr   inf_du lg(mu)  ||d||  lg(rg) alpha_du alpha_pr  ls
  30  9.8629879e-01 5.31e+00 2.27e+08  -3.2 1.48e+02    -  9.51e-03 1.73e-03h  1
  31  9.9219304e-01 5.30e+00 2.27e+08   2.9 1.14e+02    -  2.38e-03 1.98e-03h  1
  32  1.0281367e+00 5.31e+00 2.12e+08   2.9 1.80e+02    -  1.43e-02 8.12e-03h  1
  33  1.0437513e+00 5.34e+00 1.98e+08   2.9 1.87e+02    -  9.31e-03 5.62e-03h  1
  34  1.0423329e+00 5.33e+00 1.97e+08  -3.3 9.77e+01    -  5.61e-03 1.96e-03h  1
  35  1.0424325e+00 5.33e+00 1.97e+08   2.9 1.16e+02    -  4.72e-04 5.14e-04h  1
  36  1.0356080e+00 5.32e+00 1.95e+08   2.9 1.76e+02    -  1.72e-04 2.34e-03f  1
  37  1.0219193e+00 5.30e+00 1.81e+08   2.9 1.47e+02    -  4.26e-03 9.71e-03f  1
  38  1.0205285e+00 5.30e+00 1.81e+08   2.9 3.35e+01    -  9.91e-03 9.61e-04h  1
  39  1.0223858e+00 5.25e+00 1.81e+08   2.9 2.33e+01    -  5.20e-02 7.62e-03f  1
iter    objective    inf_pr   inf_du lg(mu)  ||d||  lg(rg) alpha_du alpha_pr  ls
  40  9.9943403e-01 5.18e+00 1.77e+08   2.9 2.96e+01    -  1.99e-02 1.23e-02h  1
  41  9.9107232e-01 5.15e+00 1.76e+08   2.9 2.66e+01    -  5.21e-02 5.17e-03h  1
  42  8.9336938e-01 4.91e+00 1.65e+08   2.9 6.80e+01    -  4.42e-02 3.33e-02f  2
  43  8.4323115e-01 4.74e+00 1.38e+08   2.9 1.19e+02    -  2.17e-04 1.82e-02f  2
  44  8.2445965e-01 4.55e+00 9.43e+07   2.9 3.73e+01    -  1.23e-02 4.58e-02h  1
  45  8.1888198e-01 4.45e+00 8.15e+07   2.9 1.33e+01    -  8.36e-03 2.48e-02h  1
  46  8.1841206e-01 4.44e+00 8.09e+07  -3.2 1.19e+01    -  1.68e-02 1.47e-03h  1
  47  8.1336570e-01 4.44e+00 7.99e+07   2.9 1.36e+02    -  8.29e-04 8.66e-04h  1
  48  8.1103221e-01 4.43e+00 8.05e+07   2.3 1.77e+02    -  4.76e-03 4.31e-04h  1
  49  8.0264419e-01 4.43e+00 9.16e+07   2.9 1.69e+02    -  1.07e-04 2.64e-03f  1
iter    objective    inf_pr   inf_du lg(mu)  ||d||  lg(rg) alpha_du alpha_pr  ls
  50  8.0307592e-01 4.43e+00 9.20e+07   1.2 1.15e+02    -  2.58e-03 1.72e-04h  1
  51  1.0199065e+00 5.32e+00 1.78e+08   2.9 1.91e+02    -  2.80e-04 2.02e-02f  1
  52  1.0893255e+00 5.40e+00 2.26e+08   2.7 4.29e+02    -  6.09e-03 3.43e-03h  1
  53  1.0996553e+00 5.40e+00 2.32e+08   2.7 4.07e+02    -  1.36e-02 4.81e-04h  1
  54  1.2216267e+00 5.64e+00 2.92e+08   2.7 4.10e+02    -  7.43e-03 4.81e-03f  2
  55  1.3365624e+00 5.85e+00 3.58e+08   2.7 3.62e+02    -  2.39e-04 5.15e-03f  2
  56  1.4180734e+00 5.95e+00 4.14e+08   2.7 2.46e+02    -  2.10e-02 5.35e-03h  1
  57  1.4615230e+00 5.98e+00 4.50e+08   2.7 1.80e+02    -  1.77e-02 4.23e-03h  2
  58  1.5174265e+00 6.01e+00 4.88e+08   2.7 1.66e+02    -  2.28e-04 5.31e-03h  1
  59  1.5277173e+00 6.01e+00 4.91e+08   2.9 1.34e+02    -  1.38e-02 8.87e-04h  1
iter    objective    inf_pr   inf_du lg(mu)  ||d||  lg(rg) alpha_du alpha_pr  ls
  60  1.5927880e+00 5.99e+00 5.07e+08   2.9 1.18e+02    -  5.19e-03 6.08e-03h  1
  61  1.5956014e+00 5.99e+00 5.08e+08   2.9 8.57e+01    -  5.87e-02 3.69e-04h  1
  62  1.7212890e+00 5.85e+00 5.24e+08   2.9 5.64e+01    -  2.84e-02 2.36e-02h  1
  63  1.7526085e+00 5.83e+00 5.26e+08   2.9 8.24e+01    -  4.24e-02 3.59e-03h  1
  64  1.8805505e+00 5.75e+00 5.58e+08   2.9 8.75e+01    -  1.67e-02 1.30e-02h  1
  65  2.3008734e+00 5.49e+00 7.43e+08   2.9 1.08e+02    -  2.18e-04 3.03e-02f  1
  66  2.3167093e+00 4.92e+00 6.77e+08   2.7 2.14e+01    -  9.70e-02 1.30e-01h  1
  67  2.3127164e+00 4.89e+00 6.74e+08   2.9 2.18e+01    -  1.40e-03 6.04e-03h  1
  68  2.3014012e+00 4.66e+00 6.53e+08   2.9 4.14e+01    -  1.81e-03 6.10e-02f  1
  69  2.2951899e+00 4.63e+00 6.51e+08   2.9 6.79e+01    -  4.07e-02 5.52e-03h  1
iter    objective    inf_pr   inf_du lg(mu)  ||d||  lg(rg) alpha_du alpha_pr  ls
  70  2.3108538e+00 4.45e+00 6.23e+08   2.9 7.94e+01    -  1.25e-03 6.62e-02f  1
  71  2.3033976e+00 4.42e+00 6.23e+08   2.0 1.30e+02    -  4.88e-02 6.25e-03h  1
  72  2.2906435e+00 4.37e+00 6.18e+08   2.9 1.03e+02    -  4.32e-04 1.01e-02f  1
  73  2.2888114e+00 4.37e+00 6.19e+08   2.9 1.33e+02    -  9.22e-04 4.60e-04h  1
  74  2.3077855e+00 4.45e+00 6.11e+08   2.9 1.26e+02    -  8.71e-04 2.96e-02f  1
  75  2.2934315e+00 4.44e+00 6.12e+08   2.7 1.47e+02    -  1.28e-02 2.60e-03h  1
  76  2.2580266e+00 4.20e+00 6.17e+08   2.7 1.05e+02    -  5.25e-03 2.79e-02h  1
  77  2.2544984e+00 4.20e+00 6.18e+08   2.9 8.65e+01    -  8.70e-02 1.33e-03h  1
  78  2.3212989e+00 3.31e+00 6.51e+08   2.9 1.35e+02    -  1.00e-02 3.12e-02f  1
  79  2.2704174e+00 2.97e+00 6.67e+08   2.6 1.52e+02    -  3.14e-02 1.97e-02f  2
iter    objective    inf_pr   inf_du lg(mu)  ||d||  lg(rg) alpha_du alpha_pr  ls
  80  2.1315406e+00 3.37e+00 6.59e+08   2.9 1.16e+02    -  3.65e-02 5.64e-02f  1
  81  2.1086972e+00 3.36e+00 6.58e+08   2.9 1.34e+02    -  5.08e-03 1.25e-03h  1
  82  2.0963899e+00 3.36e+00 6.56e+08   2.9 5.02e+01    -  4.98e-03 1.93e-03h  1
  83  2.0282383e+00 3.32e+00 6.52e+08   2.9 5.64e+01    -  2.03e-02 9.45e-03f  1
  84  1.3709041e+00 3.73e+00 6.00e+08   2.9 6.18e+01    -  1.03e-02 1.28e-01f  1
  85  1.3596034e+00 3.72e+00 5.97e+08   2.7 3.05e+01    -  2.50e-02 4.25e-03h  1
  86  1.3178484e+00 3.72e+00 5.80e+08   2.7 9.98e+01    -  1.35e-03 1.23e-02f  1
  87  1.3168536e+00 3.72e+00 5.80e+08   2.7 1.87e+02    -  1.27e-02 1.45e-04h  1
  88  1.2720806e+00 3.86e+00 5.61e+08   2.7 1.44e+02    -  1.35e-02 1.03e-02h  1
  89  1.2711423e+00 3.86e+00 5.61e+08   2.7 5.53e+01    -  1.54e-02 4.01e-04h  1
iter    objective    inf_pr   inf_du lg(mu)  ||d||  lg(rg) alpha_du alpha_pr  ls
  90  1.2719615e+00 3.83e+00 5.56e+08   2.7 4.75e+01    -  2.01e-04 8.29e-03f  1
  91  1.3049738e+00 3.79e+00 5.49e+08   2.7 9.43e+01    -  8.46e-03 8.42e-03h  1
  92  1.3481508e+00 3.76e+00 5.42e+08   2.7 1.18e+02    -  5.57e-04 1.06e-02f  1
  93  1.3481461e+00 3.75e+00 5.41e+08   2.7 1.30e+02    -  1.77e-03 2.34e-03h  1
  94  1.3408404e+00 3.75e+00 5.40e+08   2.7 1.27e+02    -  3.89e-03 2.26e-03h  1
  95  1.3089081e+00 3.80e+00 5.35e+08   2.7 1.61e+02    -  1.49e-03 8.15e-03f  1
  96  1.2456910e+00 4.03e+00 5.29e+08   2.7 2.63e+02    -  3.63e-04 7.24e-03f  2
  97  1.2172362e+00 4.03e+00 5.29e+08   2.7 2.75e+02    -  4.87e-03 1.37e-03f  3
  98  1.1076970e+00 4.15e+00 5.28e+08   2.7 2.21e+02    -  1.31e-04 7.15e-03f  1
  99  1.1026313e+00 4.15e+00 5.28e+08   2.7 9.59e+01    -  3.96e-03 5.75e-04h  1
iter    objective    inf_pr   inf_du lg(mu)  ||d||  lg(rg) alpha_du alpha_pr  ls
 100  9.0918889e-01 4.27e+00 5.09e+08   2.7 1.48e+02    -  1.01e-04 1.96e-02f  1
 101  8.6808849e-01 4.25e+00 5.02e+08   2.7 9.65e+01    -  2.45e-03 5.46e-03h  1
 102  8.6606266e-01 4.25e+00 5.02e+08   2.7 9.35e+01    -  7.77e-03 3.50e-04h  1
 103  8.7311207e-01 3.95e+00 4.61e+08   2.7 1.27e+02    -  3.80e-03 2.77e-02f  1
 104  9.3536029e-01 3.75e+00 4.23e+08   2.7 5.29e+01    -  5.82e-02 4.55e-02h  1
 105  9.2880592e-01 3.54e+00 3.90e+08   2.7 3.32e+01    -  2.48e-03 5.22e-02f  1
 106  9.2905568e-01 3.54e+00 3.90e+08   2.9 5.40e+01    -  1.11e-03 5.84e-04h  1
 107  8.9102880e-01 3.53e+00 3.88e+08   2.9 1.86e+02    -  2.83e-03 2.86e-03f  1
 108  8.9045870e-01 3.53e+00 3.88e+08   2.9 6.57e+01    -  3.31e-03 1.17e-04h  1
 109  8.5692717e-01 3.51e+00 3.90e+08   2.9 1.36e+02    -  3.55e-04 4.02e-03f  1
iter    objective    inf_pr   inf_du lg(mu)  ||d||  lg(rg) alpha_du alpha_pr  ls
 110  8.2482352e-01 3.49e+00 3.92e+08   2.9 1.33e+02    -  2.10e-02 3.82e-03h  1
 111  8.1896454e-01 3.49e+00 3.93e+08   2.9 3.58e+02    -  3.15e-03 2.86e-04h  1
 112  6.9153251e-01 3.41e+00 4.03e+08   2.9 2.30e+02    -  1.72e-02 1.08e-02f  2
 113  6.3530886e-01 3.35e+00 4.09e+08   2.9 3.00e+02    -  1.30e-02 7.43e-03h  1
 114  6.3532197e-01 3.35e+00 4.10e+08   2.9 1.04e+02    -  5.02e-03 3.08e-04h  1
 115  6.2752618e-01 3.33e+00 4.16e+08   2.9 6.54e+01    -  9.29e-02 3.72e-03h  1
 116  6.1452074e-01 3.26e+00 4.18e+08   2.9 3.71e+01    -  1.49e-03 2.02e-02f  1
 117  6.0206428e-01 3.22e+00 4.22e+08   2.9 3.50e+01    -  2.16e-02 1.03e-02f  1
 118  5.7287615e-01 3.16e+00 4.36e+08   2.9 4.09e+01    -  1.36e-02 2.10e-02h  1
 119  4.6728116e-01 3.17e+00 5.38e+08   2.9 1.66e+02    -  1.02e-02 1.70e-02h  1
iter    objective    inf_pr   inf_du lg(mu)  ||d||  lg(rg) alpha_du alpha_pr  ls
 120  4.5298842e-01 3.16e+00 5.75e+08   2.9 2.23e+02    -  7.16e-05 2.83e-03h  1
 121  4.4631109e-01 3.16e+00 5.92e+08   2.9 2.99e+02    -  1.16e-02 1.18e-03h  1
 122  4.3743554e-01 3.03e+00 6.93e+08   2.9 3.05e+02    -  2.39e-03 8.56e-03h  1
 123  4.3837488e-01 3.03e+00 6.95e+08   2.9 1.73e+02    -  2.23e-02 4.73e-04h  1
 124  4.4590389e-01 3.00e+00 6.97e+08  -3.3 9.13e+01    -  2.39e-02 6.12e-03h  1
 125  4.4464809e-01 3.00e+00 6.97e+08   2.9 9.67e+01    -  1.10e-04 1.20e-03h  1
 126  5.3166652e-01 3.61e+00 7.15e+08   2.9 2.73e+02    -  2.74e-03 2.54e-02f  1
 127  5.3046537e-01 3.61e+00 7.15e+08   2.6 2.14e+02    -  1.11e-03 2.53e-03h  1
 128  5.3072965e-01 3.61e+00 7.15e+08   2.6 1.07e+02    -  1.88e-02 1.46e-04h  1
 129  5.3805855e-01 3.60e+00 7.15e+08   2.6 1.11e+02    -  3.70e-04 2.91e-03h  1
iter    objective    inf_pr   inf_du lg(mu)  ||d||  lg(rg) alpha_du alpha_pr  ls
 130  5.3825899e-01 3.60e+00 7.15e+08   2.6 7.55e+01    -  3.11e-02 1.24e-04h  1
 131  6.7259775e-01 3.65e+00 6.85e+08   2.6 5.72e+01    -  3.75e-04 4.95e-02f  1
 132  8.1727515e-01 3.69e+00 6.97e+08   2.6 2.67e+02    -  1.80e-03 1.41e-02f  1
 133  1.4144326e+00 4.21e+00 6.45e+08   2.6 1.34e+02    -  7.04e-04 6.44e-02f  1
 134  1.4102642e+00 4.18e+00 6.42e+08   2.6 2.57e+01    -  2.44e-02 7.16e-03h  1
 135  1.3705939e+00 4.10e+00 6.16e+08   2.6 3.01e+01    -  2.85e-04 5.31e-02f  1
 136  1.3671263e+00 4.10e+00 6.16e+08   2.6 7.02e+01    -  2.69e-02 4.84e-04h  1
 137  1.2242144e+00 4.09e+00 6.02e+08   2.6 6.84e+01    -  3.57e-03 2.91e-02f  1
 138  1.2222503e+00 4.09e+00 6.02e+08   2.6 1.33e+02    -  2.58e-03 4.22e-04h  1
 139  1.1705982e+00 4.05e+00 5.91e+08   2.6 7.60e+01    -  1.93e-03 1.12e-02f  1
iter    objective    inf_pr   inf_du lg(mu)  ||d||  lg(rg) alpha_du alpha_pr  ls
 140  1.1696400e+00 4.05e+00 5.91e+08   2.6 1.02e+02    -  2.21e-02 2.51e-04h  1
 141  1.1362469e+00 4.05e+00 5.52e+08   2.6 1.56e+02    -  2.69e-04 1.26e-02f  1
 142  1.0750971e+00 4.09e+00 5.23e+08   2.6 2.68e+02    -  8.63e-03 6.61e-03f  1
 143  8.7693984e-01 5.58e+00 5.54e+08   2.6 2.17e+02    -  3.40e-03 3.39e-02f  1
 144  8.7609842e-01 5.58e+00 5.54e+08   2.6 5.02e+01    -  1.48e-03 4.37e-04h  2
 145  8.7552071e-01 5.57e+00 5.54e+08   2.6 6.01e+01    -  3.50e-03 2.61e-04f  2
 146  8.7453103e-01 5.57e+00 5.54e+08   2.6 7.57e+01    -  4.98e-04 5.20e-04f  2
 147  8.6392998e-01 5.57e+00 5.60e+08   2.6 3.06e+02    -  5.44e-04 1.92e-03h  1
 148  8.5210315e-01 6.01e+00 5.84e+08   2.6 3.32e+02    -  3.28e-03 8.02e-03f  1
 149  8.5244456e-01 6.01e+00 5.84e+08   2.6 3.86e+02    -  1.97e-03 1.13e-04h  2
iter    objective    inf_pr   inf_du lg(mu)  ||d||  lg(rg) alpha_du alpha_pr  ls
 150  8.6036317e-01 6.02e+00 5.88e+08   2.6 3.68e+02    -  2.33e-04 1.05e-03h  1
 151  9.0732753e-01 6.04e+00 6.00e+08   2.6 2.77e+02    -  7.83e-04 2.83e-03f  1
 152  9.5715521e-01 6.05e+00 6.11e+08   2.6 3.58e+02    -  3.57e-03 2.18e-03f  1
 153  1.0952167e+00 6.09e+00 6.39e+08   2.6 4.01e+02    -  1.37e-03 4.81e-03f  1
 154  1.0981402e+00 6.09e+00 6.40e+08   2.6 3.73e+02    -  5.89e-03 1.26e-04h  1
 155  1.2388155e+00 6.14e+00 6.72e+08   2.6 3.89e+02    -  1.98e-04 5.00e-03f  2
 156  1.3010861e+00 6.10e+00 6.88e+08   2.6 4.06e+02    -  9.00e-03 2.91e-03h  2
 157  1.3253819e+00 6.08e+00 6.96e+08   2.6 3.59e+02    -  6.13e-03 1.83e-03f  2
 158  1.3429154e+00 6.05e+00 7.04e+08   2.6 3.18e+02    -  3.90e-04 2.33e-03h  1
 159  1.3414437e+00 6.05e+00 7.04e+08   2.6 2.74e+02    -  1.48e-02 1.23e-04h  2
iter    objective    inf_pr   inf_du lg(mu)  ||d||  lg(rg) alpha_du alpha_pr  ls
 160  1.2322199e+00 5.53e+00 6.94e+08   2.6 2.95e+02    -  1.02e-03 1.57e-02f  1
 161  1.3710768e+00 5.59e+00 6.76e+08   2.6 3.40e+02    -  8.14e-03 1.22e-02f  1
 162  1.3710970e+00 5.59e+00 6.76e+08   2.6 3.51e+02    -  1.05e-02 1.20e-04h  2
 163  1.3740498e+00 5.59e+00 6.74e+08   2.6 3.33e+02    -  3.80e-03 7.38e-04h  2
 164  1.3897889e+00 5.63e+00 6.63e+08   2.6 3.54e+02    -  5.15e-05 3.20e-03f  1
 165  1.3899854e+00 5.62e+00 6.63e+08   2.6 2.40e+02    -  4.91e-03 1.04e-04h  2
 166  1.3991503e+00 5.76e+00 6.45e+08   2.6 4.00e+02    -  6.14e-05 6.23e-03f  2
 167  1.3295783e+00 5.75e+00 6.62e+08   2.6 4.24e+02    -  9.69e-03 3.64e-03h  1
 168  1.3265420e+00 5.75e+00 6.63e+08   2.6 3.58e+02    -  9.77e-04 1.33e-04h  1
 169  1.2462848e+00 5.68e+00 6.81e+08   2.6 3.67e+02    -  1.05e-04 7.26e-03f  1
iter    objective    inf_pr   inf_du lg(mu)  ||d||  lg(rg) alpha_du alpha_pr  ls
 170  1.2450505e+00 5.68e+00 6.81e+08   2.6 3.72e+02    -  3.56e-03 6.57e-05h  1
 171  1.2100017e+00 5.51e+00 7.02e+08   2.6 2.05e+02    -  2.49e-02 1.23e-02f  1
 172  1.1940691e+00 5.50e+00 7.07e+08   2.6 2.01e+02    -  3.80e-02 1.58e-03h  2
 173  1.1844004e+00 5.49e+00 7.10e+08   2.6 1.80e+02    -  2.79e-02 1.04e-03h  2
 174  1.0624033e+00 5.31e+00 7.70e+08   2.6 3.98e+02    -  3.12e-03 7.37e-03h  1
 175  1.0495340e+00 5.27e+00 7.75e+08   2.6 1.22e+02    -  5.23e-02 6.04e-03h  2
 176  1.0442691e+00 5.25e+00 7.77e+08   2.6 1.06e+02    -  4.93e-02 3.56e-03h  2
 177  1.0424714e+00 5.24e+00 7.78e+08   2.6 9.63e+01    -  4.36e-02 1.52e-03h  3
 178  1.0406233e+00 5.06e+00 8.32e+08   2.6 3.74e+02    -  7.69e-03 7.25e-03f  2
 179  1.0805568e+00 4.94e+00 8.55e+08   2.6 1.87e+02    -  9.20e-02 1.10e-02h  1
iter    objective    inf_pr   inf_du lg(mu)  ||d||  lg(rg) alpha_du alpha_pr  ls
 180  1.1080787e+00 4.86e+00 8.68e+08   2.6 1.24e+02    -  4.77e-02 1.07e-02h  1
 181  1.2683020e+00 4.40e+00 9.23e+08   2.6 1.14e+02    -  6.97e-03 3.89e-02f  2
 182  1.2875809e+00 4.38e+00 9.44e+08   2.6 2.87e+02    -  1.56e-02 2.18e-03h  4
 183  1.3513729e+00 4.36e+00 9.75e+08   2.6 2.95e+02    -  4.37e-03 4.62e-03f  3
 184  1.4193109e+00 4.36e+00 9.85e+08   2.6 3.20e+02    -  3.56e-04 6.01e-03f  3
 185  1.4560993e+00 4.36e+00 9.68e+08   2.6 3.00e+02    -  1.97e-02 4.79e-03h  3
 186  1.4744927e+00 4.35e+00 9.51e+08   2.6 3.82e+02    -  1.55e-02 2.79e-03h  2
 187  1.4758315e+00 4.34e+00 9.25e+08   2.6 2.68e+02    -  1.03e-02 4.78e-03f  3
 188  1.4776895e+00 4.32e+00 8.97e+08   2.6 2.08e+02    -  2.96e-02 5.78e-03f  3
 189  1.4395264e+00 4.29e+00 8.32e+08   2.6 9.62e+01    -  5.55e-02 1.88e-02h  2
iter    objective    inf_pr   inf_du lg(mu)  ||d||  lg(rg) alpha_du alpha_pr  ls
 190  1.4437234e+00 4.22e+00 7.99e+08   2.6 7.04e+01    -  7.61e-04 2.92e-02h  1
 191  1.4556607e+00 4.18e+00 7.95e+08   2.6 4.76e+01    -  1.00e-02 1.50e-02h  1
 192  1.4584678e+00 4.20e+00 7.82e+08   2.6 7.02e+01    -  1.65e-04 2.41e-02h  1
 193  1.4583396e+00 4.20e+00 7.82e+08   2.6 1.31e+02    -  1.14e-03 1.27e-04h  1
 194  1.4847141e+00 4.17e+00 7.71e+08   2.6 1.28e+02    -  7.55e-03 1.08e-02f  1
 195  1.4157206e+00 4.15e+00 7.36e+08   2.6 4.05e+02    -  1.05e-03 2.72e-03f  2
 196  1.3960966e+00 4.14e+00 7.30e+08   2.6 1.20e+02    -  1.44e-02 3.37e-03h  1
 197  1.3181533e+00 4.12e+00 7.08e+08   2.6 2.10e+02    -  8.40e-03 4.32e-03h  1
 198  1.3172326e+00 4.12e+00 7.07e+08   2.6 9.61e+01    -  5.24e-02 2.34e-04h  1
 199  1.3193653e+00 4.10e+00 6.97e+08   2.6 7.53e+01    -  5.07e-03 4.29e-03f  2
iter    objective    inf_pr   inf_du lg(mu)  ||d||  lg(rg) alpha_du alpha_pr  ls
 200  1.3216929e+00 4.09e+00 6.87e+08   2.6 7.19e+01    -  1.22e-01 4.19e-03h  2
 201  1.3811978e+00 4.07e+00 6.21e+08   2.6 5.78e+01    -  1.10e-02 3.84e-02h  1
 202  1.3742862e+00 4.10e+00 5.48e+08   2.6 2.51e+02    -  2.22e-02 1.01e-02f  3
 203  1.3905052e+00 5.43e+00 4.40e+08   2.6 3.09e+01    -  7.07e-02 1.29e-01f  2
 204  1.4148142e+00 5.43e+00 4.05e+08   2.6 2.75e+01    -  8.13e-02 6.26e-02f  3
 205  1.4631051e+00 5.48e+00 3.70e+08   2.6 2.53e+01    -  7.70e-03 7.59e-02f  2
 206  1.6792843e+00 5.53e+00 3.61e+08   2.6 5.95e+02    -  2.71e-03 5.08e-03f  2
 207  1.7520738e+00 5.53e+00 3.82e+08   2.6 5.53e+02    -  3.26e-03 1.66e-03h  2
 208  1.8234719e+00 5.53e+00 4.05e+08   2.6 5.22e+02    -  4.67e-02 1.74e-03h  1
 209  1.8875528e+00 5.53e+00 4.35e+08   2.6 3.16e+02    -  2.43e-02 2.64e-03h  3
iter    objective    inf_pr   inf_du lg(mu)  ||d||  lg(rg) alpha_du alpha_pr  ls
 210  1.9455611e+00 5.53e+00 4.63e+08   2.6 2.65e+02    -  9.29e-02 2.70e-03h  5
 211  2.0107681e+00 5.53e+00 4.97e+08   2.6 2.19e+02    -  3.26e-02 3.46e-03f  5
 212  2.1562101e+00 5.59e+00 5.69e+08   2.6 2.22e+02    -  1.33e-03 7.66e-03f  4
 213  2.2803544e+00 5.61e+00 6.23e+08   2.6 1.93e+02    -  3.95e-02 7.73e-03f  3
 214  2.4193125e+00 5.62e+00 6.75e+08   2.6 1.51e+02    -  4.56e-04 1.03e-02f  2
 215  2.7550787e+00 6.19e+00 9.89e+08   2.6 1.68e+02    -  1.29e-02 4.43e-02f  2
 216  2.3150064e+00 5.96e+00 9.38e+08   2.6 5.78e+01    -  7.92e-03 5.38e-02h  1
 217  2.2890696e+00 5.86e+00 9.93e+08   2.6 6.13e+01    -  8.84e-03 1.64e-02f  2
 218  2.3002621e+00 5.66e+00 1.02e+09   2.6 1.07e+02    -  1.10e-03 2.13e-02h  1
 219  2.3002381e+00 5.66e+00 1.02e+09   2.6 8.93e+01    -  4.62e-02 1.01e-04h  3
iter    objective    inf_pr   inf_du lg(mu)  ||d||  lg(rg) alpha_du alpha_pr  ls
 220  2.3126441e+00 5.64e+00 1.02e+09   2.6 4.61e+02    -  9.73e-03 1.40e-03f  4
 221  2.3256460e+00 5.63e+00 1.02e+09   2.6 4.64e+02    -  1.32e-02 1.23e-03f  4
 222  2.3393136e+00 5.62e+00 1.02e+09   2.6 4.53e+02    -  1.49e-02 1.10e-03h  4
 223  2.3541248e+00 5.61e+00 1.02e+09   2.6 4.32e+02    -  2.36e-02 1.07e-03h  4
 224  2.3743621e+00 5.60e+00 1.03e+09   2.6 3.86e+02    -  3.67e-02 1.42e-03h  4
 225  2.3881439e+00 5.59e+00 1.04e+09   2.6 2.86e+02    -  5.94e-02 1.19e-03h  5
 226  2.4630780e+00 5.57e+00 1.07e+09   2.6 2.20e+02    -  2.19e-02 8.81e-03h  3
 227  2.4842711e+00 5.56e+00 1.08e+09   2.6 1.67e+02    -  7.01e-02 2.39e-03h  5
 228  2.5266869e+00 5.55e+00 1.09e+09   2.6 1.46e+02    -  7.73e-02 6.17e-03h  4
 229  2.6559848e+00 5.55e+00 1.11e+09   2.6 1.08e+02    -  4.47e-02 1.87e-02h  3
iter    objective    inf_pr   inf_du lg(mu)  ||d||  lg(rg) alpha_du alpha_pr  ls
 230  2.8352903e+00 5.70e+00 1.13e+09   2.6 1.36e+02    -  2.74e-02 3.08e-02h  2
 231  2.6989635e+00 5.72e+00 1.19e+09   2.6 1.79e+02    -  3.33e-02 1.01e-02f  3
 232  2.6429193e+00 5.72e+00 1.22e+09   2.6 2.34e+02    -  4.29e-02 4.12e-03f  4
 233  2.6084222e+00 5.72e+00 1.24e+09   2.6 2.68e+02    -  2.55e-02 3.42e-03h  4
 234  2.5935386e+00 5.72e+00 1.29e+09   2.6 2.72e+02    -  2.92e-04 6.15e-03f  3
 235  2.6947632e+00 5.61e+00 1.31e+09   2.6 2.68e+02    -  4.89e-02 6.37e-03f  3
 236  3.0242454e+00 5.30e+00 1.29e+09   2.6 2.83e+02    -  7.29e-03 8.67e-03h  3
 237  3.5847727e+00 4.60e+00 1.08e+09   2.6 1.18e+02    -  7.40e-02 3.85e-02h  2
 238  3.5855262e+00 4.47e+00 9.68e+08   2.6 6.24e+01    -  1.14e-02 3.13e-02f  2
 239  3.5436956e+00 4.35e+00 8.40e+08   2.6 6.20e+01    -  8.07e-02 3.93e-02h  1
iter    objective    inf_pr   inf_du lg(mu)  ||d||  lg(rg) alpha_du alpha_pr  ls
 240  3.4621583e+00 4.25e+00 7.51e+08   2.6 5.93e+01    -  1.97e-03 3.17e-02H  1
 241  3.4323589e+00 4.27e+00 7.21e+08   2.6 2.88e+02    -  2.38e-02 3.71e-03f  4
 242  3.3951330e+00 4.29e+00 6.93e+08   2.6 2.25e+02    -  2.07e-02 4.89e-03f  4
 243  3.3614036e+00 4.30e+00 6.66e+08   2.6 2.18e+02    -  4.31e-02 4.99e-03h  4
 244  3.3248223e+00 4.30e+00 6.38e+08   2.6 1.91e+02    -  6.11e-02 6.24e-03h  4
 245  3.3011038e+00 4.30e+00 6.18e+08   2.6 5.06e+02    -  2.50e-02 1.47e-03f  5
 246  3.2716903e+00 4.30e+00 6.01e+08   2.6 4.96e+02    -  2.21e-02 1.54e-03f  5
 247  3.2402870e+00 4.29e+00 5.85e+08   2.6 4.66e+02    -  2.94e-02 1.70e-03f  5
 248  3.2055245e+00 4.29e+00 5.71e+08   2.6 4.19e+02    -  1.41e-02 1.98e-03f  5
 249  3.1649195e+00 4.28e+00 5.73e+08   2.6 4.93e+02    -  3.34e-02 1.98e-03f  5
iter    objective    inf_pr   inf_du lg(mu)  ||d||  lg(rg) alpha_du alpha_pr  ls
 250  3.0194482e+00 5.50e+00 5.81e+08   2.6 4.65e+02    -  1.83e-02 1.74e-02f  2
 251  2.9359405e+00 5.34e+00 5.63e+08   2.6 2.47e+02    -  1.27e-02 1.07e-02f  3
 252  2.9249033e+00 5.31e+00 5.57e+08   2.6 2.76e+02    -  1.67e-02 2.52e-03f  5
 253  2.9127435e+00 5.28e+00 5.61e+08   2.6 2.95e+02    -  2.49e-02 2.45e-03f  5
 254  2.8752595e+00 5.20e+00 5.81e+08   2.6 3.21e+02    -  2.57e-02 4.54e-03f  4
 255  2.7732665e+00 4.92e+00 6.08e+08   2.6 3.63e+02    -  1.78e-02 7.90e-03f  3
 256  2.7381599e+00 4.68e+00 6.23e+08   2.6 3.37e+02    -  2.32e-02 6.61e-03h  3
 257  2.7946484e+00 4.37e+00 6.31e+08   2.6 3.00e+02    -  2.61e-02 7.68e-03h  3
 258  2.9281594e+00 3.89e+00 6.29e+08   2.6 2.57e+02    -  4.30e-02 1.04e-02h  3
 259  2.9909631e+00 3.87e+00 6.15e+08   2.6 2.29e+02    -  4.74e-02 1.16e-02h  3
iter    objective    inf_pr   inf_du lg(mu)  ||d||  lg(rg) alpha_du alpha_pr  ls
 260  2.9559061e+00 4.22e+00 5.83e+08   2.6 2.48e+02    -  3.94e-02 1.70e-02h  3
 261  2.7344721e+00 5.21e+00 5.74e+08   2.6 2.19e+02    -  4.34e-02 2.99e-02h  2
 262  2.6767329e+00 5.14e+00 5.64e+08   2.6 1.92e+02    -  3.27e-02 2.01e-02h  2
 263  2.4861299e+00 5.47e+00 5.82e+08   2.6 2.88e+02    -  3.69e-02 1.43e-02h  1
 264  2.5733463e+00 5.59e+00 5.83e+08   2.6 2.33e+02    -  6.31e-02 1.42e-02h  1
 265  2.8982046e+00 5.82e+00 5.88e+08   2.6 3.33e+02    -  4.81e-04 2.15e-02f  2
 266  3.1324029e+00 5.78e+00 5.98e+08   2.6 4.68e+02    -  2.72e-02 1.01e-02h  2
 267  3.2802168e+00 5.69e+00 6.02e+08   2.6 3.82e+02    -  5.44e-02 7.53e-03h  2
 268  3.4208065e+00 5.56e+00 6.02e+08   2.6 3.06e+02    -  6.95e-02 9.67e-03h  1
 269  3.4730912e+00 5.46e+00 6.05e+08   2.6 3.34e+02    -  3.85e-02 7.93e-03h  3
iter    objective    inf_pr   inf_du lg(mu)  ||d||  lg(rg) alpha_du alpha_pr  ls
 270  3.4922376e+00 5.35e+00 6.09e+08   2.6 3.27e+02    -  4.58e-02 8.18e-03h  3
 271  3.5112451e+00 5.27e+00 6.11e+08   2.6 2.35e+02    -  2.80e-02 6.35e-03f  3
 272  3.5975491e+00 5.16e+00 6.13e+08   2.6 2.90e+02    -  1.40e-02 8.94e-03f  2
 273  3.7104068e+00 5.05e+00 6.16e+08   2.6 2.63e+02    -  6.28e-03 1.09e-02h  1
 274  3.7181141e+00 5.05e+00 6.17e+08   2.6 1.78e+02    -  7.43e-02 1.73e-03h  1
 275  3.9202715e+00 5.31e+00 6.26e+08   2.6 2.17e+02    -  7.45e-03 1.65e-02f  2
 276  4.1098449e+00 5.45e+00 6.39e+08   2.6 2.14e+02    -  3.41e-03 1.43e-02f  2
 277  4.4613716e+00 5.67e+00 6.49e+08   2.6 1.99e+02    -  4.39e-02 2.24e-02h  1
 278  4.4647921e+00 5.64e+00 6.49e+08   2.6 1.87e+02    -  2.57e-02 3.22e-03h  1
 279  4.9071183e+00 4.27e+00 7.24e+08   2.6 1.79e+02    -  1.01e-02 4.59e-02h  1
iter    objective    inf_pr   inf_du lg(mu)  ||d||  lg(rg) alpha_du alpha_pr  ls
 280  4.7421975e+00 4.05e+00 7.20e+08   2.6 2.77e+01    -  1.31e-02 7.35e-02h  1
 281  4.5597809e+00 3.93e+00 7.44e+08   2.6 6.06e+01    -  8.14e-03 5.49e-02f  2
 282  4.5765376e+00 3.81e+00 6.98e+08   2.6 7.69e+01    -  3.90e-03 4.26e-02f  2
 283  4.6887528e+00 3.68e+00 6.01e+08   2.6 8.89e+01    -  5.07e-02 3.50e-02h  2
 284  4.8449953e+00 3.61e+00 5.80e+08   2.6 1.56e+02    -  2.32e-02 1.62e-02h  1
 285  4.8457824e+00 3.61e+00 5.80e+08   2.6 7.25e+01    -  3.20e-02 4.60e-04h  1
 286  4.8994055e+00 3.57e+00 5.89e+08   2.6 7.16e+01    -  8.60e-02 2.28e-02f  3
 287  4.9214643e+00 3.51e+00 5.87e+08   2.6 5.41e+01    -  2.01e-02 4.47e-02f  2
 288  5.0078854e+00 3.49e+00 5.77e+08   2.6 3.10e+02    -  3.93e-04 7.39e-03f  2
 289  5.0602206e+00 3.50e+00 5.60e+08   2.6 5.28e+01    -  3.03e-02 4.63e-02h  1
iter    objective    inf_pr   inf_du lg(mu)  ||d||  lg(rg) alpha_du alpha_pr  ls
 290  5.0701662e+00 3.47e+00 5.56e+08   2.6 4.85e+01    -  6.47e-03 2.39e-02h  1
 291  5.0959381e+00 3.63e+00 5.23e+08   2.6 4.39e+01    -  9.80e-02 6.81e-02f  1
 292  5.1290475e+00 3.59e+00 5.12e+08   2.6 3.12e+02    -  3.95e-03 1.14e-02f  2
 293  5.1258379e+00 3.58e+00 5.11e+08   2.6 2.10e+01    -  1.49e-01 2.53e-03h  1
 294  4.9677640e+00 3.81e+00 3.70e+08   2.6 2.72e+01    -  1.84e-02 2.58e-01H  1
 295  4.9627230e+00 3.76e+00 3.72e+08   2.6 2.39e+01    -  1.43e-01 1.15e-02h  1
 296  5.0176067e+00 3.76e+00 3.76e+08   2.6 1.23e+02    -  4.55e-03 1.55e-02f  2
 297  5.0478106e+00 3.66e+00 3.85e+08   2.6 4.04e+01    -  1.38e-01 4.50e-02h  1
 298  5.0466171e+00 3.65e+00 3.85e+08   2.6 2.62e+01    -  2.17e-03 1.50e-03h  1
 299  4.9846914e+00 3.41e+00 3.80e+08   2.6 1.74e+01    -  1.44e-02 6.84e-02f  1
iter    objective    inf_pr   inf_du lg(mu)  ||d||  lg(rg) alpha_du alpha_pr  ls
 300  4.9545103e+00 3.38e+00 3.79e+08   2.6 1.28e+02    -  1.17e-02 9.53e-03h  1
 301  5.0540834e+00 3.32e+00 3.74e+08   2.6 1.45e+02    -  2.59e-02 4.23e-02f  2
 302  5.0658482e+00 3.30e+00 3.64e+08   2.6 1.73e+02    -  1.06e-02 1.35e-02h  2
 303  5.0685942e+00 3.27e+00 3.36e+08   2.6 1.52e+02    -  4.14e-03 1.38e-02f  2
 304  5.0594387e+00 3.24e+00 3.25e+08   2.6 1.14e+02    -  4.28e-02 9.62e-03h  2
 305  5.0536154e+00 3.23e+00 3.18e+08   2.6 8.90e+01    -  1.89e-02 7.10e-03h  2
 306  5.0487866e+00 3.20e+00 3.12e+08   2.6 7.28e+01    -  2.42e-02 7.57e-03h  2
 307  5.0411361e+00 3.18e+00 2.94e+08   2.6 8.66e+01    -  3.86e-02 1.23e-02h  2
 308  5.0543061e+00 3.15e+00 2.51e+08   2.6 7.90e+01    -  4.55e-02 2.81e-02h  1
 309  5.1106272e+00 3.11e+00 2.44e+08   2.6 6.28e+01    -  7.68e-02 4.49e-02h  1
iter    objective    inf_pr   inf_du lg(mu)  ||d||  lg(rg) alpha_du alpha_pr  ls
 310  5.3582405e+00 3.12e+00 2.96e+08   2.6 5.57e+01    -  3.78e-02 7.82e-02f  2
 311  5.4936152e+00 3.02e+00 3.26e+08   2.6 4.56e+01    -  2.49e-01 4.23e-02h  1
 312  5.7477593e+00 2.81e+00 3.26e+08   2.9 3.47e+01    -  1.39e-01 1.03e-01f  1
 313  5.7993651e+00 2.73e+00 3.18e+08   2.9 3.14e+01    -  1.81e-01 3.29e-02h  1
 314  5.8598738e+00 2.60e+00 3.17e+08   2.9 3.31e+01    -  7.82e-02 5.87e-02f  1
 315  6.0918403e+00 2.36e+00 3.17e+08   2.9 2.60e+01    -  1.20e-01 2.22e-01f  1
 316  6.2920992e+00 2.05e+00 2.71e+08   2.9 1.90e+01    -  2.94e-01 2.31e-01h  1
 317  6.3612933e+00 2.02e+00 2.51e+08   2.9 2.06e+02    -  2.26e-02 1.57e-02f  2
 318  6.4153421e+00 1.85e+00 2.28e+08   2.9 1.99e+01    -  1.88e-01 1.07e-01h  1
 319  6.4485773e+00 1.90e+00 2.45e+08   2.9 4.67e+01    -  5.05e-02 6.85e-02f  1
iter    objective    inf_pr   inf_du lg(mu)  ||d||  lg(rg) alpha_du alpha_pr  ls
 320  6.3663922e+00 1.48e+00 2.73e+08   2.9 2.69e+01    -  5.24e-02 1.78e-01F  1
 321  6.4293924e+00 2.73e+00 2.77e+08   2.9 4.55e+01    -  9.87e-02 1.84e-01f  1
 322  6.4007668e+00 2.44e+00 2.14e+08   2.8 1.39e+01    -  4.17e-02 1.32e-01h  1
 323  6.0643119e+00 1.52e+00 1.52e+08   2.8 7.07e+00    -  4.56e-01 6.43e-01h  1
 324  5.6234578e+00 1.66e+00 3.10e+08   2.9 9.12e+00    -  1.37e-02 4.22e-01f  1
 325  5.5969340e+00 1.61e+00 3.05e+08   2.9 8.23e+00    -  1.05e-01 3.02e-02h  1
 326  6.1437606e+00 3.87e+00 5.17e+08   2.9 2.79e+02    -  1.83e-02 4.98e-02f  2
 327  5.6244410e+00 3.34e+00 5.08e+08   2.7 1.24e+01    -  6.95e-02 2.47e-01F  1
 328  5.0724365e+00 8.10e+00 3.00e+08   2.7 1.08e+01    -  5.69e-02 5.30e-01f  1
 329  5.0632616e+00 8.03e+00 3.08e+08   2.7 1.52e+01    -  1.16e-01 7.89e-03h  1
iter    objective    inf_pr   inf_du lg(mu)  ||d||  lg(rg) alpha_du alpha_pr  ls
 330  4.9049929e+00 7.05e+00 3.98e+08   2.7 2.83e+01    -  4.63e-03 1.60e-01f  1
 331  4.8285493e+00 6.70e+00 3.77e+08   2.7 1.20e+01    -  5.26e-02 4.95e-02f  1
 332  3.8638368e+00 7.33e+00 5.92e+08   2.9 1.09e+01    -  3.41e-02 1.00e+00f  1
 333  3.5856947e+00 7.50e+00 6.21e+08   2.8 6.04e+02    -  1.21e-03 1.22e-02f  2
 334  3.4617799e+00 7.10e+00 4.95e+08   2.8 2.50e+01    -  8.28e-02 9.79e-02h  1
 335  3.3548526e+00 7.13e+00 4.03e+08   2.8 7.10e+01    -  3.65e-02 5.10e-02h  1
 336  3.3535539e+00 7.12e+00 4.01e+08   2.8 6.26e+01    -  1.07e-01 9.32e-04h  1
 337  3.2690195e+00 7.12e+00 3.90e+08   2.8 2.31e+02    -  6.33e-02 9.71e-03h  1
 338  3.1822995e+00 7.13e+00 3.74e+08   2.8 2.55e+02    -  5.56e-02 1.36e-02f  4
 339  3.1538915e+00 7.18e+00 3.65e+08   2.8 2.79e+02    -  5.58e-02 3.18e-02f  3
iter    objective    inf_pr   inf_du lg(mu)  ||d||  lg(rg) alpha_du alpha_pr  ls
 340  3.3156057e+00 7.11e+00 3.77e+08   2.8 4.19e+02    -  2.77e-02 7.00e-03h  3
 341  3.1820098e+00 4.78e+00 3.64e+08   2.8 1.50e+01    -  4.69e-02 2.82e-01f  1
 342  3.0518060e+00 4.22e+00 3.67e+08   2.8 1.17e+01    -  1.15e-02 1.17e-01f  1
 343  3.0482390e+00 4.21e+00 3.67e+08   2.8 1.21e+01    -  1.22e-01 2.58e-03h  1
 344  3.0458157e+00 4.19e+00 3.84e+08   2.8 3.89e+02    -  2.33e-03 4.19e-03f  4
 345  3.0642311e+00 3.01e+00 5.18e+08   2.8 2.76e+01    -  2.01e-01 2.80e-01f  1
 346  3.0608505e+00 2.98e+00 5.21e+08   2.3 2.13e+01    -  4.82e-02 1.00e-02h  1
 347  3.0676190e+00 2.64e+00 5.63e+08   2.9 1.87e+01    -  5.04e-02 1.67e-01f  1
 348  3.1651532e+00 2.67e+00 5.64e+08   2.9 5.79e+02    -  9.69e-03 2.20e-03h  1
 349  3.2144240e+00 2.66e+00 5.67e+08   2.9 8.83e+01    -  1.63e-01 7.79e-03h  1
iter    objective    inf_pr   inf_du lg(mu)  ||d||  lg(rg) alpha_du alpha_pr  ls
 350  3.6015436e+00 2.71e+00 5.63e+08   2.9 7.37e+01    -  1.13e-01 5.71e-02f  2
 351  4.7713882e+00 2.59e+00 5.58e+08   2.9 4.11e+01    -  8.54e-02 2.00e-01f  1
 352  4.8788118e+00 2.51e+00 5.30e+08   2.7 2.49e+02    -  3.01e-03 1.05e-02f  2
 353  5.1252582e+00 1.94e+00 4.14e+08   2.7 1.92e+01    -  5.88e-02 2.19e-01f  1
 354  5.5044567e+00 2.60e+00 2.56e+08   2.9 1.70e+01    -  1.86e-01 4.71e-01f  1
 355  5.5448837e+00 2.43e+00 2.45e+08   2.8 1.51e+01    -  4.85e-02 8.06e-02f  1
 356  5.5962285e+00 2.43e+00 2.45e+08  -3.2 6.17e+02    -  4.05e-02 1.22e-03h  1
 357  5.6346993e+00 2.41e+00 2.41e+08   2.9 3.14e+01    -  2.49e-02 7.47e-03h  1
 358  6.6941518e+00 1.81e+00 2.72e+08   2.7 2.58e+01    -  9.88e-03 2.73e-01f  1
 359  6.8035179e+00 1.53e+00 2.61e+08   2.7 1.31e+01    -  2.80e-01 1.46e-01h  1
iter    objective    inf_pr   inf_du lg(mu)  ||d||  lg(rg) alpha_du alpha_pr  ls
 360  7.1447509e+00 1.51e+00 3.84e+08   2.7 5.40e+02    -  7.97e-03 7.73e-03f  2
 361  7.4035504e+00 1.61e+00 4.43e+08   2.7 9.66e+01    -  9.72e-02 3.86e-02f  2
 362  7.5835968e+00 1.70e+00 4.99e+08   2.7 5.57e+01    -  4.70e-02 5.96e-02h  1
 363  7.5859217e+00 1.69e+00 5.00e+08   2.7 3.57e+01    -  1.14e-01 3.81e-03h  1
 364  7.6788589e+00 1.74e+00 4.54e+08   2.7 4.80e+02    -  2.60e-02 5.38e-03f  3
 365  7.8449514e+00 1.56e+00 3.26e+08   2.7 4.99e+01    -  6.73e-02 9.00e-02h  1
 366  8.0182582e+00 1.35e+00 3.52e+08   2.7 4.13e+01    -  8.80e-02 1.01e-01f  2
 367  8.1265715e+00 1.19e+00 3.74e+08   2.7 3.07e+01    -  2.18e-02 8.87e-02f  2
 368  8.3836724e+00 1.21e+00 4.31e+08   2.7 2.38e+02    -  2.43e-02 8.33e-03f  2
 369  8.5215136e+00 1.23e+00 4.64e+08   2.7 2.38e+02    -  2.01e-02 4.63e-03f  2
iter    objective    inf_pr   inf_du lg(mu)  ||d||  lg(rg) alpha_du alpha_pr  ls
 370  8.6411109e+00 1.24e+00 4.94e+08   2.7 2.28e+02    -  2.26e-02 4.24e-03f  2
 371  8.9044794e+00 1.29e+00 5.60e+08   2.7 2.18e+02    -  6.96e-02 9.38e-03f  2
 372  9.2946465e+00 1.37e+00 6.43e+08   2.7 2.23e+02    -  3.22e-02 1.27e-02f  3
 373  9.6456103e+00 1.40e+00 7.05e+08   2.7 2.23e+02    -  8.37e-02 1.06e-02f  3
 374  9.9804951e+00 1.40e+00 7.49e+08   2.7 2.13e+02    -  4.07e-02 1.11e-02f  3
 375  1.0255099e+01 1.47e+00 7.71e+08   2.7 9.47e+01    -  9.98e-02 2.46e-02f  2
 376  1.0597906e+01 1.60e+00 7.58e+08   2.7 6.26e+01    -  2.70e-03 7.65e-02f  1
 377  1.0775109e+01 1.69e+00 5.47e+08   2.7 3.61e+01    -  8.98e-02 2.81e-01h  1
 378  1.1415221e+01 1.74e+00 5.64e+08   2.7 1.84e+02    -  1.08e-03 4.13e-02f  2
 379  1.1366856e+01 1.44e+00 4.64e+08   2.7 1.43e+01    -  2.06e-01 2.01e-01h  1
iter    objective    inf_pr   inf_du lg(mu)  ||d||  lg(rg) alpha_du alpha_pr  ls
 380  1.3334062e+01 1.82e+00 4.96e+08   2.7 1.33e+02    -  9.22e-03 1.36e-01F  1
 381  1.3001783e+01 1.71e+00 4.30e+08   2.7 1.81e+01    -  1.29e-02 3.08e-01f  1
 382  1.2991624e+01 1.69e+00 4.22e+08   2.7 3.43e+01    -  1.06e-01 1.42e-02h  1
 383  1.3122851e+01 1.65e+00 4.15e+08   2.7 7.80e+01    -  4.58e-02 2.34e-02f  2
 384  1.3245010e+01 1.61e+00 4.00e+08   2.7 8.27e+01    -  1.47e-01 2.80e-02f  1
 385  1.3292615e+01 1.55e+00 3.79e+08   2.7 5.85e+01    -  1.78e-02 3.38e-02h  1
 386  1.3420459e+01 1.54e+00 5.26e+08   2.7 2.78e+02    -  2.81e-02 2.13e-02f  2
 387  1.3368464e+01 1.58e+00 5.81e+08   2.7 1.01e+02    -  8.50e-02 2.97e-02f  2
 388  1.3291424e+01 1.68e+00 6.17e+08   2.7 5.65e+01    -  1.18e-01 5.24e-02H  1
 389  1.3146984e+01 1.67e+00 6.24e+08   2.7 3.14e+01    -  9.63e-02 5.98e-02h  1
iter    objective    inf_pr   inf_du lg(mu)  ||d||  lg(rg) alpha_du alpha_pr  ls
 390  1.2942646e+01 1.75e+00 6.57e+08   2.7 1.87e+02    -  1.20e-01 1.40e-02f  2
 391  1.2692113e+01 1.95e+00 6.83e+08   2.7 1.33e+02    -  1.50e-02 2.68e-02f  2
 392  1.3012747e+01 1.94e+00 6.87e+08   2.7 2.63e+02    -  3.26e-03 1.31e-02f  2
 393  1.3152686e+01 1.92e+00 6.90e+08   2.7 1.45e+02    -  2.05e-01 1.00e-02f  2
 394  1.3370122e+01 1.92e+00 6.82e+08   2.7 7.74e+01    -  5.00e-02 3.22e-02f  2
 395  1.4229990e+01 2.19e+00 5.83e+08   2.7 6.24e+01    -  4.18e-02 1.43e-01F  1
 396  1.4279469e+01 1.84e+00 4.19e+08   2.7 1.45e+01    -  5.69e-02 2.41e-01f  1
 397  1.3730435e+01 3.26e+00 4.73e+08   2.7 4.34e+02    -  3.34e-03 3.34e-02f  2
 398  1.4834528e+01 4.58e+00 2.31e+08   2.7 1.41e+01    -  1.61e-01 1.00e+00f  1
 399  1.4218980e+01 3.61e+00 1.90e+08   2.7 1.67e+01    -  9.30e-02 2.15e-01h  1
iter    objective    inf_pr   inf_du lg(mu)  ||d||  lg(rg) alpha_du alpha_pr  ls
 400  1.2669581e+01 1.58e+00 7.06e+07   2.7 1.10e+01    -  1.26e-01 6.71e-01f  1
 401  1.2445999e+01 1.32e+00 6.40e+07   2.7 1.48e+01    -  1.10e-01 1.86e-01f  1
 402  1.2609974e+01 2.00e+00 1.28e+08   2.9 4.13e+01    -  1.38e-01 1.81e-01f  1
 403  1.1777630e+01 6.04e+00 2.26e+08   2.7 4.03e+01    -  1.39e-02 4.51e-01f  1
 404  1.2091421e+01 6.27e+00 2.80e+08   2.7 2.84e+01    -  2.25e-01 3.69e-01f  1
 405  1.1530533e+01 6.29e+00 3.60e+08   2.7 4.18e+02    -  2.41e-02 1.95e-02h  1
 406  1.0324543e+01 8.61e-01 1.20e+08   2.7 8.28e+00    -  6.81e-02 9.11e-01f  1
 407  1.0170022e+01 7.72e-01 1.07e+08   2.9 1.14e+01    -  9.80e-02 1.49e-01f  1
 408  1.0015542e+01 1.29e+00 1.79e+08   2.9 3.52e+01    -  3.34e-02 1.95e-01F  1
 409  9.9780029e+00 1.29e+00 1.82e+08   2.7 1.10e+02    -  1.29e-01 9.10e-03f  3
iter    objective    inf_pr   inf_du lg(mu)  ||d||  lg(rg) alpha_du alpha_pr  ls
 410  9.9582038e+00 1.28e+00 1.83e+08   2.7 9.95e+01    -  2.57e-01 4.90e-03f  4
 411  9.8999507e+00 1.26e+00 1.96e+08   2.7 8.62e+01    -  1.61e-01 3.48e-02f  2
 412  1.0082878e+01 1.65e+00 2.12e+08   2.7 3.32e+02    -  8.15e-02 1.66e-02f  2
 413  9.6144776e+00 1.39e+00 1.93e+08   2.7 6.89e+00    -  8.57e-03 1.00e+00f  1
 414  9.8027333e+00 1.99e+00 1.34e+08   2.7 1.10e+01    -  1.25e-01 7.88e-01f  1
 415  1.0162780e+01 2.34e+00 2.73e+08   2.7 1.69e+01    -  1.84e-01 5.66e-01f  1
 416  1.0103119e+01 1.66e+00 1.99e+08   2.7 5.36e+00    -  7.74e-02 2.92e-01f  1
 417  1.0126944e+01 5.20e-01 9.17e+07   2.7 4.62e+00    -  1.94e-01 8.24e-01f  1
 418  1.0056663e+01 6.51e-01 1.31e+08   2.9 2.83e+02    -  1.39e-02 1.22e-02f  2
 419  1.0161024e+01 4.15e-01 9.61e+07   2.9 5.53e+00    -  9.52e-02 4.11e-01f  1
iter    objective    inf_pr   inf_du lg(mu)  ||d||  lg(rg) alpha_du alpha_pr  ls
 420  1.0348626e+01 2.79e-01 8.21e+07   2.9 3.97e+00    -  2.48e-01 5.48e-01f  1
 421  1.0606772e+01 2.58e-01 7.51e+07   2.9 2.93e+00    -  1.46e-01 5.92e-01f  1
 422  1.2043584e+01 2.06e+00 2.87e+08   2.9 3.60e+02    -  1.03e-02 3.86e-02f  2
 423  1.2026789e+01 1.98e+00 2.83e+08   2.8 8.34e+00    -  2.07e-01 3.93e-02h  1
 424  1.2292306e+01 8.25e-01 1.84e+08   2.8 1.66e+01    -  1.71e-02 4.49e-01f  1
 425  1.2446104e+01 8.01e-01 2.33e+08   2.8 5.22e+01    -  1.74e-01 7.93e-02f  2
 426  1.2454747e+01 8.36e-01 2.62e+08   2.8 3.82e+01    -  7.80e-02 9.68e-02f  2
 427  1.2268278e+01 9.68e-01 2.91e+08   2.8 2.75e+01    -  3.75e-01 2.46e-01f  2
 428  1.1840253e+01 1.19e+00 3.51e+08   2.8 2.44e+02    -  3.69e-02 1.50e-02f  3
 429  9.8059488e+00 1.88e+00 4.13e+08   2.8 2.47e+01    -  1.42e-01 4.45e-01F  1
iter    objective    inf_pr   inf_du lg(mu)  ||d||  lg(rg) alpha_du alpha_pr  ls
 430  9.0361731e+00 1.34e+00 2.47e+08   2.8 7.57e+00    -  2.87e-01 8.67e-01f  1
 431  9.0147052e+00 1.33e+00 2.51e+08   2.8 4.43e+01    -  3.16e-02 3.52e-03h  1
 432  8.6551255e+00 1.61e+00 3.19e+08   2.8 5.57e+01    -  7.23e-02 5.83e-02f  2
 433  8.4794871e+00 1.62e+00 3.44e+08   2.8 4.24e+01    -  1.21e-01 3.48e-02h  3
 434  8.1167572e+00 1.79e+00 3.86e+08   2.8 3.63e+01    -  1.12e-01 9.38e-02f  2
 435  8.0970236e+00 1.79e+00 3.91e+08   2.8 1.98e+02    -  7.24e-02 3.03e-03h  5
 436  7.8166540e+00 2.31e+00 3.52e+08   2.8 1.99e+01    -  1.26e-01 2.52e-01f  1
 437  7.4913899e+00 1.27e+00 2.12e+08   2.8 7.48e+00    -  5.06e-01 6.69e-01f  1
 438  8.8029683e+00 6.19e+00 4.61e+08   2.9 2.45e+02    -  2.87e-02 1.01e-01f  2
 439  8.4413779e+00 4.31e+00 3.78e+08   2.7 1.25e+01    -  3.63e-01 3.54e-01h  1
iter    objective    inf_pr   inf_du lg(mu)  ||d||  lg(rg) alpha_du alpha_pr  ls
 440  7.9537943e+00 2.53e+00 1.09e+08   2.7 1.70e+01    -  1.00e+00 7.01e-01h  1
 441  7.7162696e+00 2.21e+00 1.66e+08   2.7 1.37e+01    -  5.68e-01 2.58e-01h  1
 442  7.6590307e+00 2.14e+00 1.75e+08   2.7 2.11e+01    -  1.29e-01 3.63e-02h  1
 443  7.2239471e+00 3.64e+00 1.79e+08   2.7 2.85e+01    -  6.39e-03 2.76e-01F  1
 444  6.9321377e+00 2.65e+00 1.58e+08   2.7 2.25e+01    -  7.66e-01 1.76e-01h  1
 445  6.1582862e+00 2.49e+00 2.85e+08   2.7 1.97e+01    -  4.05e-01 8.55e-01F  1
 446  6.7618310e+00 2.06e+00 1.01e+08   2.7 8.53e+00    -  2.83e-01 1.00e+00f  1
 447  6.3027138e+00 5.24e-01 1.92e+08   2.7 3.18e+00    -  1.05e-01 1.00e+00f  1
 448  6.3223193e+00 3.78e+00 2.30e+08   2.9 1.28e+01    -  4.20e-01 9.11e-01f  1
 449  7.0410944e+00 1.99e+00 3.25e+08   2.7 9.46e+00    -  5.12e-02 1.00e+00f  1
iter    objective    inf_pr   inf_du lg(mu)  ||d||  lg(rg) alpha_du alpha_pr  ls
 450  7.0623547e+00 1.65e+00 2.45e+08   2.7 1.16e+01    -  1.83e-01 3.04e-01h  1
 451  7.0923609e+00 1.69e+00 2.58e+08   2.7 2.66e+01    -  1.74e-01 1.06e-01f  2
 452  7.0914425e+00 1.69e+00 2.64e+08   2.7 1.55e+02    -  1.01e-02 2.64e-03h  4
 453  7.0669512e+00 1.69e+00 2.81e+08   2.7 1.55e+02    -  5.66e-02 5.14e-03h  3
 454  7.0658903e+00 1.69e+00 3.00e+08   2.7 1.20e+02    -  1.21e-02 9.98e-03f  2
 455  7.1463517e+00 1.69e+00 3.30e+08   2.7 1.21e+02    -  1.81e-02 1.33e-02f  2
 456  7.1708284e+00 1.68e+00 3.40e+08   2.7 5.57e+01    -  1.84e-01 1.15e-02h  2
 457  7.2524882e+00 1.68e+00 3.53e+08   2.7 8.67e+01    -  6.65e-02 9.40e-03f  5
 458  7.6272227e+00 1.93e+00 3.97e+08   2.7 5.80e+01    -  1.79e-01 5.62e-02f  3
 459  7.7802436e+00 1.72e+00 3.77e+08   2.7 2.11e+01    -  9.55e-01 1.09e-01f  2
iter    objective    inf_pr   inf_du lg(mu)  ||d||  lg(rg) alpha_du alpha_pr  ls
 460  7.8226665e+00 1.69e+00 3.82e+08   2.7 3.09e+01    -  2.29e-01 2.34e-02h  3
 461  7.8438340e+00 1.66e+00 3.84e+08   2.7 2.65e+01    -  1.00e+00 1.50e-02h  4
 462  7.9434210e+00 1.58e+00 3.87e+08   2.7 2.26e+01    -  2.16e-01 9.67e-02h  2
 463  7.9474052e+00 1.58e+00 3.75e+08   2.7 2.10e+02    -  8.29e-02 6.37e-03f  5
 464  7.6032167e+00 4.48e-01 6.85e+07   2.7 3.90e+00    -  4.98e-01 1.00e+00h  1
 465  7.6216137e+00 4.08e-01 6.27e+07   2.9 6.61e+00    -  5.40e-01 1.36e-01h  1
 466  7.6943563e+00 2.90e-01 5.60e+07   2.7 9.46e+00    -  1.00e+00 6.68e-01H  1
 467  7.9837938e+00 1.47e+00 8.63e+07   2.9 7.12e+00    -  5.75e-01 1.00e+00f  1
 468  7.9797226e+00 1.46e+00 1.16e+08   2.7 3.54e+01    -  1.87e-01 3.88e-02h  3
 469  7.8767810e+00 1.43e+00 2.46e+08   2.7 2.53e+01    -  1.41e-01 2.44e-01H  1
iter    objective    inf_pr   inf_du lg(mu)  ||d||  lg(rg) alpha_du alpha_pr  ls
 470  7.8360686e+00 1.33e+00 2.55e+08   2.7 1.11e+01    -  6.65e-01 8.56e-02h  1
 471  7.7100948e+00 1.35e+00 3.58e+08   2.7 1.25e+02    -  5.94e-02 1.74e-02f  3
 472  7.5789488e+00 1.36e+00 4.27e+08   2.7 2.83e+01    -  2.68e-01 9.31e-02h  1
 473  7.0761614e+00 1.66e+00 2.44e+08   2.7 1.68e+01    -  1.87e-01 8.84e-01F  1
 474  7.1958115e+00 3.13e-01 1.38e+08   2.7 2.44e+00    -  1.47e-01 1.00e+00f  1
 475  7.0868839e+00 4.73e-02 5.49e+07   2.9 8.64e-01    -  3.40e-01 1.00e+00f  1
 476  7.0120090e+00 5.25e-02 5.53e+07   2.9 8.13e-01    -  1.67e-01 1.00e+00f  1
 477  7.0342559e+00 5.84e-02 5.91e+07   2.9 6.73e+00    -  2.76e-01 1.72e-01f  2
 478  7.2454568e+00 9.75e-01 2.17e+08   2.7 5.70e+01    -  1.17e-01 7.22e-02f  3
 479  6.8540264e+00 8.51e+00 3.29e+08   2.7 2.12e+01    -  6.40e-02 1.00e+00F  1
iter    objective    inf_pr   inf_du lg(mu)  ||d||  lg(rg) alpha_du alpha_pr  ls
 480  7.3155729e+00 7.49e+00 3.16e+08   2.7 2.35e+01    -  2.88e-01 1.27e-01h  1
 481  7.3629906e+00 7.29e+00 3.10e+08   2.7 1.42e+01    -  4.10e-02 2.80e-02h  1
 482  8.2519769e+00 4.79e+00 3.27e+08   2.7 1.28e+01    -  9.53e-01 4.74e-01h  1
 483  8.2561478e+00 4.74e+00 3.80e+08   2.7 1.08e+02    -  5.10e-02 1.56e-02h  1
 484  8.2273577e+00 4.23e+00 3.61e+08   2.7 8.96e+00    -  6.97e-01 1.09e-01h  1
 485  8.2931452e+00 3.96e+00 3.70e+08   2.7 2.17e+01    -  3.70e-01 6.81e-02h  1
 486  8.3416648e+00 3.62e+00 3.70e+08   2.7 1.53e+01    -  8.53e-02 9.23e-02h  1
 487  8.6386039e+00 3.68e+00 4.88e+08   2.7 8.08e+01    -  2.70e-01 5.31e-02h  1
 488  8.7424322e+00 3.80e+00 5.59e+08   2.7 7.39e+01    -  1.68e-01 6.58e-02h  2
 489  8.5475835e+00 4.04e+00 6.56e+08   2.7 6.00e+01    -  2.12e-02 1.46e-01H  1
iter    objective    inf_pr   inf_du lg(mu)  ||d||  lg(rg) alpha_du alpha_pr  ls
 490  8.5718483e+00 4.17e+00 6.88e+08   2.7 3.94e+02    -  1.07e-02 9.89e-03f  4
 491  8.0000072e+00 5.43e-01 1.23e+08   2.7 5.75e+00    -  3.38e-01 1.00e+00f  1
 492  7.6179820e+00 4.52e-01 2.21e+08   2.7 1.34e+01    -  7.97e-02 4.44e-01H  1
 493  6.7769005e+00 2.86e+00 1.99e+08   2.7 1.45e+01    -  3.03e-01 1.00e+00F  1
 494  6.5107126e+00 7.53e-01 2.86e+08   2.7 1.05e+01    -  4.55e-02 5.93e-01h  1
 495  6.5057247e+00 1.26e+00 4.66e+08   2.7 3.31e+02    -  1.67e-02 1.22e-02f  2
 496  6.2979456e+00 1.23e+00 4.50e+08   2.7 1.19e+01    -  2.24e-01 3.44e-01h  1
 497  5.9946901e+00 2.11e+00 4.50e+08   2.9 8.25e+00    -  3.48e-01 1.00e+00f  1
 498  5.8687199e+00 1.34e+00 3.02e+08   2.9 4.78e+00    -  1.01e-01 4.52e-01h  1
 499  5.8483984e+00 1.35e+00 3.34e+08   2.9 3.30e+02    -  2.22e-02 3.10e-03f  5
iter    objective    inf_pr   inf_du lg(mu)  ||d||  lg(rg) alpha_du alpha_pr  ls
 500  5.8285773e+00 1.34e+00 3.12e+08   2.9 3.37e+01    -  5.41e-01 8.74e-02f  3
 501  5.8171188e+00 1.30e+00 3.20e+08   2.9 3.06e+01    -  1.44e-01 7.37e-02f  3
 502  5.8287524e+00 1.29e+00 3.34e+08   2.9 2.50e+01    -  6.06e-01 1.32e-01f  2
 503  5.8289841e+00 1.29e+00 3.35e+08   2.8 2.32e+02    -  7.03e-02 5.30e-04h  6
 504  5.8359707e+00 1.29e+00 3.38e+08   2.8 4.68e+01    -  8.57e-01 1.38e-02h  5
 505  5.8415345e+00 1.28e+00 3.40e+08   2.8 4.35e+01    -  1.72e-01 1.10e-02h  6
 506  5.8476111e+00 1.27e+00 3.43e+08   2.8 4.15e+01    -  7.73e-01 1.12e-02h  6
 507  5.8395687e+00 1.27e+00 3.48e+08   2.8 1.86e+02    -  4.59e-02 1.03e-03h  8
 508  5.8164301e+00 1.27e+00 3.48e+08   2.8 5.12e+01    -  6.82e-01 1.09e-02h  6
 509  5.7948580e+00 1.26e+00 3.47e+08   2.9 4.60e+01    -  1.84e-01 1.17e-02h  6
iter    objective    inf_pr   inf_du lg(mu)  ||d||  lg(rg) alpha_du alpha_pr  ls
 510  5.7748200e+00 1.26e+00 3.51e+08   2.8 4.52e+01    -  1.00e+00 1.21e-02h  6
 511  5.7479018e+00 1.26e+00 3.60e+08   2.9 1.90e+02    -  7.33e-02 2.22e-03f  7
 512  5.6584076e+00 1.25e+00 3.53e+08   2.7 2.88e+01    -  1.00e+00 4.78e-02h  5
 513  5.4685154e+00 1.51e+00 5.48e+08   2.9 2.23e+01    -  6.76e-01 6.96e-01H  1
 514  5.4798949e+00 1.49e+00 5.36e+08   2.9 3.55e+01    -  3.66e-01 4.12e-02f  4
 515  5.4820214e+00 1.49e+00 5.33e+08   2.9 9.40e+01    -  2.58e-01 6.06e-03h  6
 516  5.5147234e+00 1.53e+00 5.04e+08   2.9 7.52e+01    -  2.94e-01 3.08e-02f  4
 517  5.8843526e+00 2.24e+00 5.22e+08   2.9 4.24e+01    -  4.05e-01 1.66e-01f  2
 518  5.9878982e+00 1.68e+00 3.03e+08   2.9 1.86e+01    -  5.32e-01 2.59e-01H  1
 519  6.1060351e+00 1.62e+00 3.48e+08   2.9 1.90e+02    -  5.36e-02 1.52e-02h  4
iter    objective    inf_pr   inf_du lg(mu)  ||d||  lg(rg) alpha_du alpha_pr  ls
 520  6.2565056e+00 8.22e-01 2.35e+08   2.9 4.57e+00    -  3.18e-01 1.00e+00h  1
 521  6.2805019e+00 6.01e-01 1.57e+08   2.9 6.95e+00    -  1.20e-01 3.50e-01h  1
 522  6.2416645e+00 2.89e-01 7.48e+07   2.9 2.63e+00    -  5.75e-01 1.00e+00h  1
 523  6.3842484e+00 3.01e-01 1.06e+08   2.9 2.12e+01    -  2.21e-01 1.00e-01f  3
 524  6.7055728e+00 1.76e-01 1.40e+08   2.8 1.09e+01    -  8.04e-01 9.28e-01H  1
 525  7.0761242e+00 8.53e-01 1.55e+08   2.9 4.94e+00    -  3.06e-02 1.00e+00f  1
 526  7.2076618e+00 9.00e-01 2.41e+08   2.8 1.23e+02    -  9.05e-02 2.58e-02f  4
 527  6.9507707e+00 1.95e-01 1.29e+08   2.8 8.59e+00    -  2.20e-01 8.48e-01H  1
 528  7.2278365e+00 8.54e-01 2.61e+08   2.9 9.05e+00    -  6.00e-01 5.68e-01f  1
 529  7.2296789e+00 8.34e-01 2.54e+08   2.8 1.27e+01    -  2.53e-01 2.38e-02h  1
iter    objective    inf_pr   inf_du lg(mu)  ||d||  lg(rg) alpha_du alpha_pr  ls
 530  7.3008407e+00 1.74e-01 1.09e+08   2.8 4.21e+00    -  2.84e-01 1.00e+00f  1
 531  7.3128608e+00 1.34e-01 9.47e+07   2.8 2.07e+00    -  4.41e-01 2.34e-01h  1
 532  7.4221892e+00 1.72e-01 9.02e+07   2.8 7.58e+00    -  2.57e-01 5.68e-01H  1
 533  7.4827859e+00 2.04e-01 1.35e+08   2.8 1.16e+01    -  5.90e-01 1.02e-01f  3
 534  7.5059323e+00 2.14e-01 1.65e+08   2.8 3.10e+01    -  3.57e-01 2.12e-02f  4
 535  7.5241758e+00 2.20e-01 1.91e+08   2.8 2.88e+01    -  4.23e-01 2.11e-02f  4
 536  7.5390992e+00 2.25e-01 2.17e+08   2.8 2.37e+01    -  3.45e-01 2.72e-02f  4
 537  7.9047594e+00 2.72e+00 5.06e+08   2.8 6.24e+02    -  1.59e-02 1.80e-02f  2
 538  7.7381359e+00 1.69e+00 2.45e+08   2.8 7.16e+00    -  1.00e+00 5.00e-01f  2
 539  7.6492653e+00 1.19e+00 1.69e+08   2.8 5.81e+00    -  9.06e-01 3.68e-01h  2
iter    objective    inf_pr   inf_du lg(mu)  ||d||  lg(rg) alpha_du alpha_pr  ls
 540  7.6072333e+00 1.06e+00 1.45e+08   2.8 5.36e+00    -  1.00e+00 1.19e-01h  2
 541  7.1720672e+00 3.96e-01 1.50e+08   2.8 1.24e+01    -  1.94e-01 8.72e-01H  1
 542  7.1030452e+00 7.08e-01 2.71e+08   2.8 6.51e+00    -  3.92e-01 1.00e+00f  1
 543  7.1044695e+00 6.38e-01 2.59e+08   2.8 4.31e+00    -  3.96e-01 1.00e+00f  1
 544  7.0338194e+00 6.75e-01 2.94e+08   2.8 6.59e+00    -  1.83e-01 3.43e-01h  1
 545  6.8433453e+00 1.45e+00 3.50e+08   2.8 5.43e+00    -  6.26e-01 1.00e+00F  1
 546  6.9329538e+00 1.48e+00 1.53e+08   2.8 3.82e+02    -  5.75e-02 7.12e-03h  2
 547  6.9319625e+00 1.44e+00 1.55e+08   2.8 2.80e+00    -  3.18e-01 2.74e-02h  2
 548  6.9257016e+00 1.36e+00 1.48e+08   2.8 2.32e+00    -  4.88e-01 5.72e-02f  2
 549  6.9022277e+00 1.23e+00 2.13e+08   2.8 2.25e+01    -  8.54e-01 5.31e-02f  2
iter    objective    inf_pr   inf_du lg(mu)  ||d||  lg(rg) alpha_du alpha_pr  ls
 550  6.9012718e+00 1.22e+00 2.18e+08   2.8 1.43e+01    -  1.37e-01 8.20e-03h  2
 551  6.9830339e+00 9.26e-01 2.88e+08   2.8 3.21e+01    -  1.53e-01 8.97e-02h  1
 552  7.0390832e+00 8.51e-01 3.17e+08   2.8 2.82e+01    -  4.23e-01 5.11e-02f  3
 553  7.0759274e+00 8.17e-01 3.39e+08   2.8 2.68e+01    -  4.54e-01 2.96e-02h  4
 554  7.0783028e+00 8.17e-01 3.41e+08   2.8 5.34e+02    -  5.07e-02 4.67e-04h  7
 555  7.0928578e+00 2.29e-01 1.15e+08   2.8 2.50e+00    -  3.70e-01 9.41e-01h  1
 556  7.1460261e+00 1.98e-01 1.29e+08   2.8 3.94e+00    -  6.92e-01 2.62e-01h  2
 557  7.1746587e+00 1.88e-01 1.36e+08   2.8 6.66e+00    -  2.45e-01 7.46e-02h  1
 558  7.2064714e+00 1.77e-01 1.42e+08   2.8 6.04e+00    -  3.02e-01 8.09e-02f  3
 559  7.2376090e+00 1.66e-01 1.45e+08   2.8 5.32e+00    -  2.67e-01 8.10e-02f  3
iter    objective    inf_pr   inf_du lg(mu)  ||d||  lg(rg) alpha_du alpha_pr  ls
 560  7.2389055e+00 1.66e-01 1.46e+08   2.8 3.36e+02    -  7.76e-02 1.90e-04h  8
 561  7.2587871e+00 1.61e-01 1.55e+08   2.8 1.26e+01    -  6.12e-01 2.65e-02h  5
 562  7.2644727e+00 1.61e-01 1.58e+08   2.8 3.06e+01    -  1.25e-01 3.21e-03h  7
 563  7.2720187e+00 1.60e-01 1.62e+08   2.8 3.06e+01    -  1.00e+00 4.28e-03f  7
 564  7.2944505e+00 1.58e-01 1.74e+08   2.8 2.99e+01    -  1.55e-01 1.28e-02f  6
 565  7.2953403e+00 1.58e-01 1.75e+08   2.8 2.75e+02    -  1.29e-01 1.64e-04h  9
 566  7.3093515e+00 1.55e-01 1.84e+08   2.8 2.01e+01    -  7.87e-01 1.51e-02h  6
 567  7.3127124e+00 1.55e-01 1.87e+08   2.8 1.02e+02    -  9.90e-02 8.87e-04h  7
 568  7.3142539e+00 1.55e-01 1.90e+08   2.8 1.55e+02    -  1.83e-01 3.40e-04h  8
 569  7.3153211e+00 1.55e-01 1.92e+08   2.8 1.44e+02    -  5.14e-01 2.89e-04h  9
iter    objective    inf_pr   inf_du lg(mu)  ||d||  lg(rg) alpha_du alpha_pr  ls
 570  7.3170374e+00 1.55e-01 1.99e+08   2.8 1.20e+02    -  1.99e-01 8.34e-04f  9
 571  7.3188741e+00 1.54e-01 2.07e+08   2.8 1.11e+02    -  5.48e-01 1.00e-03f  9
 572  7.3208025e+00 1.54e-01 2.15e+08   2.8 9.03e+01    -  2.70e-01 1.26e-03f  9
 573  7.3218534e+00 1.54e-01 2.17e+08   2.8 1.63e+02    -  2.59e-01 5.06e-04h  6
 574  7.3376882e+00 1.49e-01 2.23e+08   2.8 1.09e+01    -  6.24e-01 3.52e-02h  4
 575  7.3534709e+00 1.48e-01 2.40e+08   2.8 3.75e+01    -  4.82e-01 9.47e-03f  5
 576  7.3549126e+00 1.47e-01 2.47e+08   2.8 1.44e+02    -  3.60e-01 9.56e-04h  9
 577  7.3602464e+00 1.47e-01 2.59e+08   2.8 8.22e+01    -  4.69e-01 2.95e-03f  8
 578  7.3658815e+00 1.46e-01 2.71e+08   2.8 7.09e+01    -  5.88e-01 3.33e-03f  8
 579  7.3722129e+00 1.45e-01 2.83e+08   2.8 5.80e+01    -  6.07e-01 3.95e-03f  8
iter    objective    inf_pr   inf_du lg(mu)  ||d||  lg(rg) alpha_du alpha_pr  ls
 580  7.3754054e+00 1.45e-01 2.86e+08   2.8 1.01e+02    -  4.67e-01 9.64e-04h  8
 581  7.3962773e+00 1.44e-01 2.91e+08   2.8 1.17e+01    -  6.73e-01 2.78e-02f  6
 582  7.4209065e+00 1.45e-01 2.99e+08   2.8 1.24e+01    -  1.00e+00 3.12e-02f  6
 583  7.4464169e+00 1.45e-01 3.07e+08   2.8 1.30e+01    -  9.01e-01 3.12e-02h  6
 584  7.4471109e+00 1.45e-01 3.09e+08   2.8 3.37e+02    -  1.02e-01 2.44e-04h 10
 585  7.4553134e+00 1.45e-01 3.16e+08   2.8 2.57e+01    -  1.00e+00 1.23e-02f  7
 586  7.4656506e+00 1.44e-01 3.25e+08   2.8 2.53e+01    -  3.43e-01 1.56e-02h  7
 587  7.4755592e+00 1.44e-01 3.33e+08   2.8 2.45e+01    -  1.00e+00 1.56e-02h  7
 588  7.4764169e+00 1.44e-01 3.34e+08   2.8 2.76e+02    -  1.53e-01 1.70e-04h 10
 589  7.5097126e+00 1.50e-01 3.49e+08   2.8 1.46e+01    -  9.03e-01 6.25e-02f  5
iter    objective    inf_pr   inf_du lg(mu)  ||d||  lg(rg) alpha_du alpha_pr  ls
 590  7.5240365e+00 1.49e-01 3.55e+08   2.8 1.38e+01    -  1.00e+00 3.12e-02h  6
 591  7.5376033e+00 1.47e-01 3.61e+08   2.8 1.34e+01    -  5.23e-01 3.12e-02h  6
 592  7.5379559e+00 1.47e-01 3.63e+08   2.8 2.80e+02    -  1.22e-01 3.00e-04h  9
 593  7.5496163e+00 1.48e-01 3.79e+08   2.8 2.23e+01    -  1.00e+00 3.06e-02f  6
 594  7.5681242e+00 1.54e-01 4.01e+08   2.8 2.14e+01    -  6.60e-01 4.95e-02f  5
 595  7.5768132e+00 1.54e-01 4.13e+08   2.8 1.93e+01    -  1.00e+00 3.22e-02f  5
 596  7.5768737e+00 1.54e-01 4.14e+08   2.8 2.47e+02    -  6.37e-02 1.52e-04h  9
 597  7.5881329e+00 1.56e-01 4.17e+08   2.8 1.03e+01    -  1.00e+00 5.33e-02f  5
 598  7.5989989e+00 1.57e-01 4.20e+08   2.8 1.00e+01    -  5.90e-01 5.94e-02h  5
 599  7.6065350e+00 1.56e-01 4.22e+08   2.8 9.58e+00    -  1.00e+00 5.10e-02h  5
iter    objective    inf_pr   inf_du lg(mu)  ||d||  lg(rg) alpha_du alpha_pr  ls
 600  7.6065112e+00 1.56e-01 4.23e+08   2.8 4.05e+02    -  4.18e-02 1.29e-04h 10
 601  7.6254324e+00 5.64e-02 2.77e+08   2.8 3.71e+00    -  4.27e-01 7.72e-01H  1
 602  7.6552729e+00 5.77e-02 8.78e+07   2.8 2.06e+00    -  3.21e-01 1.00e+00f  1
 603  7.6511914e+00 5.68e-02 4.72e+07   2.8 1.45e+00    -  1.00e+00 1.00e+00f  1
 604  7.6303388e+00 5.67e-02 4.21e+07   2.9 1.39e+00    -  8.51e-01 1.00e+00f  1
 605  7.5987383e+00 1.08e-01 9.05e+07   2.8 5.15e+02    -  1.69e-02 3.14e-03f  5
 606  7.4423316e+00 7.38e-02 3.10e+08   2.8 4.76e+00    -  3.57e-01 1.00e+00H  1
 607  7.4319179e+00 7.29e-02 3.19e+08   2.8 1.29e+01    -  8.43e-01 2.04e-02f  6
 608  7.3876922e+00 1.08e-01 3.69e+08   2.8 1.27e+01    -  2.93e-01 1.09e-01f  4
 609  7.3746231e+00 1.08e-01 3.79e+08   2.8 1.15e+01    -  1.00e+00 3.12e-02f  6
iter    objective    inf_pr   inf_du lg(mu)  ||d||  lg(rg) alpha_du alpha_pr  ls
 610  7.3745484e+00 1.08e-01 3.79e+08   2.8 4.77e+02    -  2.62e-02 3.89e-05h 10
 611  7.3537671e+00 7.34e-02 1.28e+08   2.8 2.82e+00    -  1.00e+00 6.46e-01h  1
 612  7.2388454e+00 3.85e-01 3.57e+08   2.8 2.99e+00    -  9.52e-02 1.00e+00f  1
 613  7.2293550e+00 3.18e-01 3.33e+08   2.8 3.14e+00    -  7.22e-01 1.86e-01h  1
 614  7.2261868e+00 2.69e-01 1.97e+08   2.8 3.39e+00    -  1.00e+00 1.00e+00f  1
 615  7.2047029e+00 2.07e-01 1.39e+08   2.8 2.61e+00    -  1.00e+00 3.07e-01h  2
 616  7.2120505e+00 2.12e-01 1.73e+08   2.8 7.68e+02    -  1.63e-02 1.51e-03f  5
 617  7.2085829e+00 2.10e-01 1.81e+08   2.8 1.77e+01    -  4.18e-01 4.20e-02h  3
 618  7.2085060e+00 2.29e-01 2.07e+08   2.8 1.82e+01    -  1.00e+00 1.08e-01f  2
 619  7.2423074e+00 3.89e-01 3.52e+08   2.8 1.87e+01    -  4.40e-01 4.54e-01H  1
iter    objective    inf_pr   inf_du lg(mu)  ||d||  lg(rg) alpha_du alpha_pr  ls
 620  7.2392003e+00 3.90e-01 3.53e+08   2.8 4.75e+02    -  1.77e-02 2.09e-04h  7
 621  7.2355444e+00 3.90e-01 3.56e+08   2.8 9.73e+01    -  1.59e-01 1.53e-03h  7
 622  7.2308163e+00 3.91e-01 3.60e+08   2.8 9.60e+01    -  1.46e-01 2.05e-03h  7
 623  7.2262724e+00 3.91e-01 3.64e+08   2.8 9.45e+01    -  9.46e-01 2.05e-03f  7
 624  7.2214352e+00 3.91e-01 3.65e+08   2.8 3.78e+02    -  6.04e-02 2.62e-04h  8
 625  7.2093516e+00 3.90e-01 3.70e+08   2.8 2.69e+01    -  1.00e+00 1.05e-02f  7
 626  7.1976601e+00 3.90e-01 3.76e+08   2.8 2.74e+01    -  4.52e-01 1.06e-02f  7
 627  7.1864352e+00 3.89e-01 3.81e+08   2.8 2.80e+01    -  1.00e+00 1.05e-02f  7
 628  7.1825001e+00 3.89e-01 3.83e+08   2.8 3.54e+02    -  4.70e-02 3.67e-04h  8
 629  7.1766257e+00 3.87e-01 3.87e+08   2.8 2.17e+01    -  7.77e-01 1.30e-02f  7
iter    objective    inf_pr   inf_du lg(mu)  ||d||  lg(rg) alpha_du alpha_pr  ls
 630  7.1710638e+00 3.84e-01 3.91e+08   2.8 2.21e+01    -  6.40e-01 1.30e-02f  7
 631  7.1658522e+00 3.82e-01 3.95e+08   2.8 2.24e+01    -  6.80e-01 1.31e-02h  7
 632  7.1632566e+00 3.82e-01 3.97e+08   2.8 3.35e+02    -  5.66e-02 2.43e-04h  9
 633  7.1574565e+00 3.79e-01 4.00e+08   2.8 2.10e+01    -  1.00e+00 1.43e-02h  7
 634  7.1520258e+00 3.76e-01 4.03e+08   2.8 2.12e+01    -  5.87e-01 1.42e-02h  7
 635  7.1470901e+00 3.74e-01 4.06e+08   2.8 2.14e+01    -  1.00e+00 1.39e-02h  7
 636  7.1444285e+00 3.74e-01 4.08e+08   2.8 2.48e+02    -  7.74e-02 3.90e-04h  9
 637  7.1419200e+00 3.73e-01 4.12e+08   2.8 3.84e+01    -  6.11e-01 4.23e-03h  8
 638  7.1394718e+00 3.72e-01 4.16e+08   2.8 3.65e+01    -  5.69e-01 4.53e-03h  8
 639  7.1370750e+00 3.71e-01 4.19e+08   2.8 3.46e+01    -  5.10e-01 4.88e-03h  8
iter    objective    inf_pr   inf_du lg(mu)  ||d||  lg(rg) alpha_du alpha_pr  ls
 640  7.1322497e+00 3.71e-01 4.36e+08   2.8 1.26e+02    -  1.20e-01 3.43e-03f  7
 641  7.1283727e+00 3.71e-01 4.45e+08   2.8 5.89e+01    -  1.00e+00 6.38e-03f  7
 642  7.1251102e+00 3.70e-01 4.53e+08   2.8 4.47e+01    -  2.72e-01 8.54e-03f  7
 643  7.1202952e+00 3.72e-01 4.69e+08   2.8 4.29e+01    -  1.00e+00 1.76e-02f  6
 644  7.1706475e+00 3.57e-01 4.53e+08   2.8 1.56e+02    -  9.11e-02 7.50e-03f  5
 645  7.2852563e+00 1.89e-01 2.74e+08   2.8 3.67e+00    -  7.92e-01 1.00e+00H  1
 646  7.3583886e+00 5.93e-02 2.23e+08   2.8 1.24e+01    -  7.16e-01 9.28e-01H  1
 647  7.3887801e+00 8.19e-02 2.70e+08   2.8 1.76e+01    -  2.31e-02 1.14e-01f  3
 648  7.4299432e+00 1.18e-01 3.04e+08   2.8 1.58e+01    -  9.22e-01 1.05e-01f  3
 649  7.4604249e+00 1.26e-01 3.23e+08   2.8 1.25e+01    -  2.23e-01 7.80e-02f  4
iter    objective    inf_pr   inf_du lg(mu)  ||d||  lg(rg) alpha_du alpha_pr  ls
 650  7.5590493e+00 3.12e-01 3.63e+08   2.8 8.12e+02    -  3.22e-02 3.26e-03f  4
 651  7.5920395e+00 1.06e-01 1.90e+08   2.8 1.53e+00    -  4.39e-01 1.00e+00F  1
 652  7.6880626e+00 1.33e-01 1.84e+08   2.8 5.76e+00    -  1.00e+00 2.94e-01h  1
 653  7.8112083e+00 8.69e-02 8.10e+07   2.8 5.52e+00    -  3.87e-01 1.00e+00H  1
 654  7.8933321e+00 4.87e-02 1.18e+08   2.8 2.52e+01    -  6.32e-02 7.73e-02h  2
 655  7.9107585e+00 4.66e-02 1.29e+08   2.8 3.17e+01    -  2.17e-01 1.30e-02h  4
 656  7.9222917e+00 4.56e-02 1.36e+08   2.9 3.23e+01    -  2.17e-01 8.44e-03h  5
 657  7.9220250e+00 4.56e-02 1.36e+08   2.9 5.71e+02    -  3.04e-02 2.88e-05h 11
 658  7.9143955e+00 1.02e-01 1.12e+08   2.9 2.15e+00    -  2.51e-01 1.00e+00f  1
 659  7.9047694e+00 8.87e-02 1.41e+08   2.8 4.63e+00    -  4.08e-01 4.64e-01H  1
iter    objective    inf_pr   inf_du lg(mu)  ||d||  lg(rg) alpha_du alpha_pr  ls
 660  7.8996009e+00 1.06e-01 1.61e+08   2.8 1.76e+01    -  1.31e-01 4.25e-02f  3
 661  7.8986230e+00 1.05e-01 1.65e+08   2.8 1.70e+01    -  3.62e-01 8.35e-03h  5
 662  7.8976913e+00 1.05e-01 1.68e+08   2.8 1.59e+01    -  3.31e-01 8.52e-03h  5
 663  7.9124250e+00 1.04e-01 1.51e+08   2.8 4.93e+02    -  1.97e-02 3.80e-04f  7
 664  7.9144895e+00 1.01e-01 1.50e+08   2.8 3.86e+00    -  1.00e+00 3.91e-02h  1
 665  7.9380507e+00 8.39e-02 1.23e+08   2.8 3.88e+00    -  9.31e-01 7.47e-01H  1
 666  7.9372343e+00 8.35e-02 1.27e+08   2.8 1.07e+01    -  7.66e-02 2.73e-02f  3
 667  7.9334660e+00 9.53e-02 1.48e+08   2.8 1.41e+01    -  2.81e-02 5.40e-02f  2
 668  7.9285791e+00 1.10e-01 1.73e+08   2.8 1.42e+01    -  1.95e-01 5.91e-02f  2
 669  7.9224050e+00 1.10e-01 1.86e+08   2.8 5.68e+02    -  9.35e-03 4.28e-04h  6
iter    objective    inf_pr   inf_du lg(mu)  ||d||  lg(rg) alpha_du alpha_pr  ls
 670  7.9002364e+00 3.55e-02 2.35e+08   2.8 4.69e+00    -  6.02e-01 7.45e-01H  1
 671  8.0968558e+00 1.30e+00 6.80e+08   2.9 3.34e+01    -  2.17e-02 2.53e-01F  1
 672  8.1423449e+00 1.33e+00 6.88e+08   2.7 2.46e+01    -  1.92e-01 7.77e-02f  2
 673  8.1482247e+00 1.33e+00 6.98e+08   2.7 6.70e+01    -  2.88e-02 8.16e-03h  3
 674  8.1528867e+00 1.32e+00 7.06e+08   2.7 6.57e+01    -  1.41e-01 6.89e-03h  3
 675  8.1599938e+00 1.32e+00 7.17e+08   2.7 5.45e+01    -  4.58e-02 9.46e-03h  3
 676  8.2462620e+00 1.35e+00 6.68e+08   2.7 5.47e+02    -  1.30e-02 5.89e-03f  2
 677  8.2921064e+00 8.47e-01 3.07e+08   2.7 4.39e+00    -  9.52e-01 4.49e-01h  1
 678  8.2886208e+00 8.15e-01 3.03e+08   2.7 6.23e+00    -  6.31e-01 4.07e-02h  1
 679  8.2695810e+00 7.28e-01 2.88e+08   2.7 6.11e+00    -  8.12e-01 2.63e-01h  1
iter    objective    inf_pr   inf_du lg(mu)  ||d||  lg(rg) alpha_du alpha_pr  ls
 680  8.2469999e+00 7.28e-01 3.56e+08   2.7 5.36e+02    -  2.02e-02 2.09e-03f  5
 681  8.2195079e+00 7.21e-01 3.85e+08   2.7 1.41e+01    -  7.49e-01 6.53e-02h  2
 682  8.1800620e+00 7.54e-01 4.28e+08   2.7 1.39e+01    -  1.54e-01 1.11e-01f  3
 683  8.1381165e+00 7.77e-01 4.59e+08   2.7 1.30e+01    -  4.72e-01 1.13e-01f  3
 684  8.1088755e+00 7.80e-01 4.82e+08   2.7 4.53e+02    -  6.20e-02 3.25e-03f  5
 685  7.7715275e+00 8.22e-01 3.64e+08   2.7 7.81e+00    -  2.22e-02 1.00e+00F  1
 686  7.7062541e+00 4.76e-01 2.79e+08   2.7 9.79e+00    -  1.21e-01 4.06e-01f  1
 687  7.7937539e+00 1.87e+00 4.00e+08   2.7 9.30e+00    -  1.82e-01 1.00e+00f  1
 688  7.9926412e+00 1.13e+00 4.68e+08   2.7 6.48e+00    -  1.33e-01 1.00e+00f  1
 689  7.9958635e+00 1.13e+00 4.54e+08   2.7 4.54e+02    -  2.90e-02 5.30e-04f  7
iter    objective    inf_pr   inf_du lg(mu)  ||d||  lg(rg) alpha_du alpha_pr  ls
 690  8.1260033e+00 7.28e-01 4.23e+08   2.7 9.25e+00    -  7.28e-01 5.27e-01h  1
 691  8.0687880e+00 4.07e-01 3.27e+08   2.7 6.31e+00    -  1.75e-01 9.56e-01H  1
 692  7.6608109e+00 1.15e+00 2.18e+08   2.7 8.09e+00    -  2.08e-01 1.00e+00F  1
 693  7.6174403e+00 7.66e-01 2.54e+08   2.7 1.10e+01    -  8.27e-03 2.50e-01h  1
 694  7.5980175e+00 4.52e-01 2.91e+08   2.7 1.03e+01    -  3.76e-01 2.78e-01h  1
 695  7.5608811e+00 2.09e-01 2.97e+08   2.7 9.64e+00    -  3.55e-01 5.85e-01H  1
 696  7.5292350e+00 7.15e-01 4.31e+08   2.7 5.66e+02    -  7.16e-03 6.16e-03f  3
 697  7.4416370e+00 1.07e-01 2.92e+08   2.7 1.43e+00    -  1.00e+00 1.00e+00f  1
 698  7.3967472e+00 2.03e-01 2.34e+08   2.7 3.13e+00    -  1.00e+00 6.48e-01H  1
 699  7.3626849e+00 9.70e-02 1.25e+08   2.7 2.58e+00    -  1.00e+00 6.10e-01h  1
iter    objective    inf_pr   inf_du lg(mu)  ||d||  lg(rg) alpha_du alpha_pr  ls
 700  7.3596531e+00 8.11e-02 1.19e+08   2.7 2.11e+00    -  1.00e+00 1.84e-01h  1
 701  7.3641808e+00 7.26e-02 7.37e+07   2.7 2.02e+00    -  1.00e+00 1.00e+00f  1
 702  7.3648364e+00 7.26e-02 7.28e+07   2.7 7.28e+02    -  2.78e-02 2.33e-05h 11
 703  7.4495073e+00 4.35e-02 1.38e+08   2.7 2.04e+00    -  5.86e-01 1.00e+00H  1
 704  7.9990804e+00 9.98e-01 3.02e+08   2.9 5.64e+00    -  9.53e-01 1.00e+00f  1
 705  7.6646927e+00 4.19e-01 1.40e+08   2.8 4.99e+00    -  1.00e+00 1.00e+00f  1
 706  7.5740286e+00 5.75e-02 2.52e+08   2.8 1.33e+00    -  1.00e+00 1.00e+00f  1
 707  6.5788070e+00 2.15e+00 1.57e+09   2.8 1.28e+01    -  3.72e-01 1.00e+00F  1
 708  6.9163086e+00 8.83e-01 6.00e+08   2.8 4.41e+00    -  1.00e+00 1.00e+00f  1
 709  6.9663104e+00 6.79e-01 4.89e+08   2.8 4.35e+00    -  4.30e-01 2.52e-01h  1
iter    objective    inf_pr   inf_du lg(mu)  ||d||  lg(rg) alpha_du alpha_pr  ls
 710  7.3586548e+00 4.28e-01 6.70e+08   2.8 2.01e+01    -  7.43e-01 5.72e-01H  1
 711  7.5256013e+00 9.04e-01 3.53e+08   2.8 6.21e+00    -  1.00e+00 1.00e+00f  1
 712  6.8105592e+00 9.08e-01 7.87e+08   2.8 8.90e+00    -  5.40e-01 8.72e-01F  1
 713  6.7264901e+00 5.42e-01 5.27e+08   2.8 3.76e+00    -  5.44e-01 7.95e-01f  1
 714  6.7524872e+00 1.38e+00 7.64e+08   2.8 4.50e+00    -  2.66e-01 1.00e+00f  1
 715  6.7324865e+00 1.16e+00 6.19e+08   2.8 1.47e+01    -  8.73e-01 1.22e-01h  1
 716  6.8027050e+00 1.18e+00 4.87e+08   2.8 3.97e+02    -  4.16e-02 3.46e-03h  4
 717  6.8598262e+00 1.04e+00 7.07e+08   2.8 9.74e+00    -  1.00e+00 5.59e-01H  1
 718  6.8855642e+00 1.08e+00 7.52e+08   2.8 1.93e+01    -  5.28e-02 7.38e-02f  3
 719  6.8961463e+00 1.06e+00 7.79e+08   2.8 1.51e+01    -  3.72e-01 3.39e-02h  4
iter    objective    inf_pr   inf_du lg(mu)  ||d||  lg(rg) alpha_du alpha_pr  ls
 720  6.9063713e+00 1.04e+00 8.01e+08   2.8 1.40e+01    -  1.95e-01 3.34e-02f  4
 721  6.9011879e+00 1.04e+00 8.02e+08   2.8 2.33e+02    -  4.49e-02 1.05e-03h  6
 722  6.8847037e+00 1.01e+00 7.64e+08   2.8 1.30e+01    -  4.78e-01 5.33e-02h  3
 723  6.8723497e+00 9.78e-01 7.37e+08   2.8 1.28e+01    -  4.58e-01 4.66e-02h  3
 724  6.8626025e+00 9.47e-01 7.15e+08   2.8 1.22e+01    -  1.00e+00 4.48e-02h  3
 725  6.8567757e+00 9.45e-01 7.28e+08   2.8 2.03e+02    -  1.06e-01 1.29e-03h  7
 726  6.8486190e+00 9.33e-01 7.34e+08   2.8 3.56e+01    -  3.70e-01 1.49e-02h  5
 727  6.8389789e+00 9.16e-01 7.41e+08   2.8 3.41e+01    -  1.00e+00 1.92e-02h  5
 728  6.8270633e+00 8.94e-01 7.44e+08   2.8 3.15e+01    -  4.99e-01 2.55e-02h  5
 729  6.8064099e+00 8.91e-01 7.72e+08   2.8 2.18e+02    -  1.48e-01 1.74e-03h  6
iter    objective    inf_pr   inf_du lg(mu)  ||d||  lg(rg) alpha_du alpha_pr  ls
 730  6.7824745e+00 8.84e-01 7.88e+08   2.8 6.29e+01    -  7.10e-01 7.76e-03h  7
 731  6.7562286e+00 8.76e-01 8.05e+08   2.8 6.24e+01    -  5.04e-01 8.37e-03h  7
 732  6.7298532e+00 8.68e-01 8.21e+08   2.8 6.15e+01    -  1.00e+00 8.35e-03h  7
 733  6.7103334e+00 8.67e-01 8.40e+08   2.8 1.74e+02    -  9.15e-02 1.17e-03h  7
 734  6.6837274e+00 8.64e-01 8.60e+08   2.8 1.02e+02    -  2.82e-01 3.06e-03f  7
 735  6.6530942e+00 8.61e-01 8.83e+08   2.8 1.01e+02    -  3.59e-01 3.59e-03f  7
 736  6.6144639e+00 8.57e-01 9.12e+08   2.8 9.82e+01    -  1.14e-01 4.73e-03f  7
 737  6.3596726e+00 9.96e-01 1.27e+09   2.8 1.61e+02    -  1.68e-01 2.12e-02f  4
 738  6.3277124e+00 1.00e+00 1.30e+09   2.8 8.13e+01    -  1.17e-01 4.95e-03f  7
 739  6.1593898e+00 1.39e+00 1.49e+09   2.8 7.64e+01    -  1.41e-01 3.70e-02f  4
iter    objective    inf_pr   inf_du lg(mu)  ||d||  lg(rg) alpha_du alpha_pr  ls
 740  6.1317888e+00 1.38e+00 1.50e+09   2.8 4.28e+01    -  3.23e-01 9.55e-03h  6
 741  6.1850949e+00 1.37e+00 1.31e+09   2.8 2.60e+02    -  4.13e-02 1.32e-02f  4
 742  6.1706686e+00 1.23e+00 1.11e+09   2.8 7.06e+00    -  8.12e-01 1.10e-01h  1
 743  6.0954740e+00 5.07e-01 5.52e+08   2.8 8.31e+00    -  3.70e-01 7.71e-01H  1
 744  6.1347685e+00 7.59e-01 6.15e+08   2.9 2.26e+01    -  1.48e-01 1.56e-01f  2
 745  6.0510969e+00 7.31e-01 5.42e+08   2.9 1.04e+01    -  5.10e-01 4.11e-01H  1
 746  6.0552356e+00 6.40e-01 5.18e+08   2.9 6.81e+00    -  5.27e-01 1.75e-01h  1
 747  6.3187188e+00 6.00e-01 4.47e+08   2.9 2.88e+02    -  5.73e-02 1.49e-02f  3
 748  6.2190891e+00 4.44e-01 2.53e+08   2.9 2.53e+00    -  9.86e-01 6.50e-01h  1
 749  6.2208538e+00 4.32e-01 2.46e+08   2.6 4.69e+00    -  1.00e+00 3.00e-02h  1
iter    objective    inf_pr   inf_du lg(mu)  ||d||  lg(rg) alpha_du alpha_pr  ls
 750  6.4120647e+00 1.15e+00 3.36e+08   2.9 6.50e+01    -  1.84e-01 5.02e-02f  2
 751  6.4077406e+00 1.14e+00 3.47e+08   2.6 2.63e+01    -  6.40e-01 1.27e-02h  3
 752  6.4086918e+00 1.12e+00 3.86e+08   2.6 2.21e+01    -  6.66e-01 4.77e-02h  3
 753  6.4276653e+00 1.10e+00 4.26e+08   2.6 2.34e+01    -  4.09e-01 7.52e-02f  2
 754  6.4333740e+00 1.09e+00 4.52e+08   2.6 3.57e+01    -  3.00e-01 3.92e-02h  3
 755  6.4427718e+00 1.06e+00 4.66e+08   2.6 2.44e+01    -  9.74e-01 4.36e-02h  3
 756  6.4636545e+00 1.01e+00 4.85e+08   2.6 2.18e+01    -  3.44e-01 1.79e-01H  1
 757  6.6298493e+00 8.80e-01 5.39e+08   2.6 1.01e+01    -  9.90e-01 3.54e-01h  1
 758  6.6539005e+00 8.33e-01 6.38e+08   2.6 1.41e+01    -  3.57e-01 3.60e-01h  1
 759  6.6612684e+00 7.68e-01 6.52e+08   2.6 6.39e+02    -  2.38e-02 5.77e-03f  3
iter    objective    inf_pr   inf_du lg(mu)  ||d||  lg(rg) alpha_du alpha_pr  ls
 760  6.2947837e+00 8.64e-01 1.94e+08   2.6 7.19e+00    -  5.31e-02 9.01e-01F  1
 761  6.3182701e+00 8.02e-01 3.01e+08   2.6 5.69e+01    -  1.08e-01 5.70e-02f  4
 762  5.7247340e+00 7.29e+00 3.89e+08   2.6 2.69e+01    -  2.41e-02 1.00e+00F  1
 763  5.8868209e+00 2.62e+00 7.58e+08   2.6 1.22e+01    -  1.13e-01 6.86e-01f  1
 764  5.7134921e+00 1.09e+00 4.26e+08   2.6 6.67e+00    -  8.81e-02 1.00e+00f  1
 765  5.6417116e+00 1.86e+00 2.07e+08   2.9 5.88e+00    -  2.22e-01 1.00e+00f  1
 766  5.5869899e+00 1.76e+00 2.82e+08   2.9 1.56e+01    -  2.36e-01 1.33e-01h  1
 767  5.4614235e+00 1.76e+00 5.04e+08   2.9 1.29e+01    -  1.30e-01 3.30e-01f  1
 768  5.4304423e+00 1.64e+00 5.19e+08   2.9 7.40e+00    -  2.26e-01 6.80e-02h  1
 769  5.3939008e+00 1.64e+00 4.50e+08   2.9 7.06e+02    -  2.85e-02 1.07e-02f  3
iter    objective    inf_pr   inf_du lg(mu)  ||d||  lg(rg) alpha_du alpha_pr  ls
 770  5.1214921e+00 1.09e+00 4.49e+08   2.9 6.57e+00    -  2.72e-01 4.20e-01f  1
 771  5.0570325e+00 9.77e-01 4.15e+08   2.6 7.99e+00    -  1.00e+00 1.11e-01h  1
 772  4.9240903e+00 9.34e-01 4.31e+08   2.2 7.68e+00    -  7.52e-01 6.97e-01H  1
 773  4.8247807e+00 8.77e-01 5.00e+08   2.9 5.96e+02    -  3.48e-02 5.11e-03h  3
 774  4.7273043e+00 6.59e-01 4.63e+08   2.2 2.31e+01    -  1.00e+00 1.48e-01h  2
 775  4.6421566e+00 5.01e-01 4.12e+08   2.4 1.90e+01    -  1.00e+00 1.27e-01h  2
 776  4.5568171e+00 4.30e-01 4.78e+08   2.9 1.73e+01    -  1.86e-01 1.58e-01f  1
 777  4.6387605e+00 1.10e+00 5.99e+08   2.9 8.16e+02    -  1.62e-03 1.11e-02f  3
 778  4.6305314e+00 1.07e+00 5.78e+08   2.5 4.68e+00    -  1.00e+00 2.49e-02h  1
 779  4.4292562e+00 5.29e-01 1.73e+08   2.5 4.71e+00    -  1.00e+00 9.23e-01h  1
iter    objective    inf_pr   inf_du lg(mu)  ||d||  lg(rg) alpha_du alpha_pr  ls
 780  4.3880689e+00 1.62e+00 3.19e+08   2.9 9.52e+00    -  1.76e-02 7.67e-01f  1
 781  4.4769188e+00 1.75e+00 4.89e+08   2.9 3.18e+02    -  1.16e-02 8.91e-03f  2
 782  4.5867225e+00 1.62e+00 4.63e+08   2.4 1.76e+01    -  3.50e-01 1.52e-01h  1
 783  4.6133015e+00 1.62e+00 4.87e+08   2.4 5.33e+01    -  1.55e-01 1.16e-02h  4
 784  4.6630200e+00 1.64e+00 5.30e+08   2.4 1.05e+02    -  3.43e-03 7.26e-03f  3
 785  4.7023703e+00 1.71e+00 6.17e+08   2.4 1.99e+02    -  8.08e-04 8.43e-03f  2
 786  4.7068778e+00 1.71e+00 6.33e+08   2.4 1.72e+02    -  5.91e-02 1.27e-03h  4
 787  4.7122598e+00 1.71e+00 6.54e+08   2.4 1.62e+02    -  1.55e-02 1.75e-03h  5
 788  4.9962252e+00 1.71e+00 6.45e+08   2.4 3.89e+02    -  1.95e-02 1.03e-02f  4
 789  5.0751665e+00 1.18e+00 4.82e+08   2.4 5.41e+00    -  4.39e-01 3.66e-01h  1
iter    objective    inf_pr   inf_du lg(mu)  ||d||  lg(rg) alpha_du alpha_pr  ls
 790  5.0716351e+00 1.12e+00 4.64e+08   2.4 6.18e+00    -  9.55e-03 6.10e-02h  1
 791  4.8352662e+00 4.59e-01 3.51e+08   2.4 6.68e+00    -  6.41e-01 6.63e-01F  1
 792  4.6213005e+00 4.97e-01 4.35e+08   2.9 3.93e+02    -  2.67e-02 8.61e-03f  3
 793  4.5230313e+00 5.23e-01 5.31e+08   2.6 3.58e+01    -  1.00e+00 8.61e-02f  3
 794  4.3259808e+00 2.39e+00 8.03e+08   2.9 2.72e+01    -  5.03e-01 4.18e-01F  1
 795  4.3879106e+00 2.23e+00 8.88e+08   2.9 2.45e+01    -  3.26e-01 9.40e-02h  1
 796  4.5883835e+00 1.95e+00 9.61e+08   2.9 2.54e+01    -  2.13e-01 2.00e-01f  1
 797  4.5957408e+00 1.91e+00 9.59e+08   2.7 2.05e+01    -  3.25e-01 1.61e-02h  1
 798  4.4849164e+00 1.91e+00 9.84e+08   2.7 2.63e+02    -  2.23e-02 5.57e-03f  4
 799  4.3750067e+00 2.70e+00 4.11e+08   2.7 2.09e+01    -  1.19e-01 7.85e-01H  1
iter    objective    inf_pr   inf_du lg(mu)  ||d||  lg(rg) alpha_du alpha_pr  ls
 800  4.2394437e+00 1.62e+00 3.98e+08   2.9 1.12e+01    -  7.99e-03 2.72e-01f  1
 801  4.1657452e+00 8.04e-01 3.74e+08   2.9 7.67e+00    -  1.71e-01 3.39e-01f  1
 802  4.1183305e+00 7.82e-01 3.00e+08   2.9 6.18e+00    -  2.26e-01 6.44e-01f  1
 803  4.1303183e+00 7.78e-01 3.12e+08   2.9 5.29e+02    -  6.46e-03 1.68e-03f  4
 804  4.1674018e+00 6.33e-01 2.72e+08   2.7 8.10e+00    -  1.40e-01 4.07e-01H  1
 805  4.1682175e+00 6.32e-01 2.73e+08   2.9 2.09e+01    -  4.09e-02 2.92e-03h  1
 806  4.1515016e+00 7.04e-01 3.62e+08   2.9 6.06e+01    -  6.73e-02 2.78e-02f  2
 807  4.1467283e+00 7.29e-01 4.24e+08   2.7 5.92e+01    -  6.13e-02 2.01e-02f  3
 808  4.1434981e+00 7.27e-01 4.43e+08   2.7 4.66e+01    -  3.37e-02 8.83e-03f  5
 809  4.1401911e+00 7.31e-01 4.76e+08   2.7 4.38e+01    -  3.83e-01 1.76e-02f  4
iter    objective    inf_pr   inf_du lg(mu)  ||d||  lg(rg) alpha_du alpha_pr  ls
 810  4.1560364e+00 7.17e-01 4.68e+08   2.7 2.79e+02    -  2.30e-02 3.10e-03f  4
 811  4.1919632e+00 2.02e-01 1.08e+08   2.7 2.58e+00    -  5.19e-01 9.39e-01h  1
 812  4.2147695e+00 4.80e-01 2.14e+08   2.9 3.10e+00    -  2.48e-01 1.00e+00f  1
 813  4.2340870e+00 2.29e-01 1.16e+08   2.7 3.79e+00    -  4.12e-02 6.70e-01H  1
 814  4.2723729e+00 7.64e-02 1.46e+08   2.7 1.30e+00    -  6.49e-01 1.00e+00f  1
 815  4.3152647e+00 8.32e-02 1.19e+08   2.9 7.08e-01    -  1.18e-02 1.00e+00f  1
 816  4.2605890e+00 8.35e-02 9.40e+07   2.6 3.08e+02    -  3.26e-02 2.93e-03f  4
 817  4.2621676e+00 7.35e-02 7.12e+07   2.4 3.38e+00    -  8.53e-01 8.09e-01H  1
 818  4.2533746e+00 6.95e-02 1.27e+08   2.0 1.61e+00    -  3.88e-01 1.00e+00H  1
 819  4.2893753e+00 1.77e-01 1.22e+08   2.9 1.65e+00    -  2.48e-01 1.00e+00f  1
iter    objective    inf_pr   inf_du lg(mu)  ||d||  lg(rg) alpha_du alpha_pr  ls
 820  4.2890982e+00 1.77e-01 1.24e+08   2.5 4.58e+02    -  1.57e-02 6.07e-05h  9
 821  4.2978798e+00 1.57e-01 1.25e+08   2.5 3.13e+00    -  6.10e-01 1.34e-01h  1
 822  4.2979130e+00 1.57e-01 1.26e+08   2.5 8.52e+01    -  7.93e-02 2.17e-04h  8
 823  4.2982066e+00 1.57e-01 1.29e+08   2.5 5.24e+01    -  1.58e-01 6.52e-04h  7
 824  4.3047921e+00 1.60e-01 1.64e+08   2.5 3.73e+01    -  1.64e-01 1.13e-02f  4
 825  4.3121740e+00 1.61e-01 1.94e+08   2.5 3.02e+01    -  1.79e-01 1.18e-02f  5
 826  4.3030156e+00 1.58e-01 2.23e+08   2.5 5.26e+02    -  1.89e-02 1.20e-03f  5
 827  4.3498822e+00 5.46e-02 2.21e+08   2.5 3.15e+00    -  1.65e-01 1.00e+00H  1
 828  4.3669276e+00 5.14e-02 1.34e+08   2.2 1.38e+00    -  1.00e+00 8.22e-01H  1
 829  4.3711662e+00 5.10e-02 1.43e+08   1.9 4.41e+00    -  1.00e+00 2.69e-02h  6
iter    objective    inf_pr   inf_du lg(mu)  ||d||  lg(rg) alpha_du alpha_pr  ls
 830  4.3715098e+00 5.10e-02 1.44e+08   1.9 1.70e+01    -  1.00e+00 3.87e-04h 11
 831  4.6290731e+00 6.01e-01 3.67e+08   2.9 8.52e+01    -  2.79e-01 3.77e-02f  2
 832  4.6369008e+00 6.01e-01 3.76e+08   2.4 5.94e+01    -  1.75e-01 1.93e-03h  6
 833  4.7272697e+00 6.79e-01 4.81e+08   2.4 4.79e+01    -  2.78e-01 2.54e-02f  3
 834  4.9264566e+00 1.05e+00 6.86e+08   2.4 3.49e+01    -  8.44e-01 7.93e-02f  2
 835  4.9290561e+00 1.05e+00 6.87e+08   2.4 6.67e+02    -  2.89e-02 1.77e-04h  7
 836  4.9917003e+00 2.82e-01 2.74e+08   2.4 3.37e+00    -  1.00e+00 6.53e-01h  1
 837  5.0044340e+00 1.51e-01 3.02e+08   2.4 5.27e+00    -  9.02e-01 6.74e-01H  1
 838  4.9116872e+00 5.18e-02 4.77e+07   2.4 6.58e+00    -  6.57e-01 1.00e+00F  1
 839  4.8961951e+00 1.33e-01 1.06e+08   2.4 3.74e+00    -  5.37e-02 1.00e+00f  1
iter    objective    inf_pr   inf_du lg(mu)  ||d||  lg(rg) alpha_du alpha_pr  ls
 840  4.9009461e+00 1.33e-01 1.28e+08   2.4 2.03e+01    -  4.02e-01 1.91e-02h  4
 841  4.9777454e+00 5.00e-02 5.56e+07   2.4 1.82e+00    -  1.00e+00 1.00e+00H  1
 842  5.0208710e+00 4.98e-02 6.51e+07   1.4 1.47e+00    -  1.00e+00 9.25e-01H  1
 843  5.0239635e+00 4.85e-02 4.79e+07   0.7 1.01e+00    -  6.63e-01 8.35e-01H  1
 844  5.0496308e+00 4.78e-02 5.18e+07   0.1 8.32e-01    -  1.00e+00 8.11e-01H  1
 845  5.4444683e+00 4.33e-01 2.33e+08   0.4 4.46e+00    -  1.00e+00 1.00e+00f  1
 846  5.5360546e+00 4.52e-01 2.42e+08   0.3 1.17e+01    -  3.42e-01 1.27e-01h  2
 847  5.6301524e+00 3.79e-01 2.92e+08   0.3 6.62e+00    -  1.00e+00 2.58e-01h  1
 848  5.6370338e+00 3.77e-01 2.94e+08   0.3 2.99e+01    -  3.47e-01 4.40e-03h  1
 849  5.6645758e+00 3.74e-01 3.04e+08   0.3 2.88e+01    -  1.45e-01 1.78e-02f  4
iter    objective    inf_pr   inf_du lg(mu)  ||d||  lg(rg) alpha_du alpha_pr  ls
 850  5.6876231e+00 3.70e-01 3.10e+08   0.3 2.52e+01    -  2.38e-03 1.72e-02f  4
 851  5.6869915e+00 3.70e-01 2.99e+08   0.3 8.91e+02    -  3.58e-03 1.37e-04h  3
 852  5.6869883e+00 3.68e-01 2.98e+08   0.3 1.86e+00    -  9.78e-01 3.72e-03h  1
 853  5.7344558e+00 1.33e-01 6.36e+07   0.3 2.58e+00    -  1.00e+00 1.00e+00f  1
 854  5.8002563e+00 5.88e-02 1.11e+08   0.3 1.73e+00    -  7.28e-01 5.83e-01h  1
 855  5.8765463e+00 5.02e-02 7.34e+07   0.3 1.32e+00    -  9.90e-03 1.00e+00f  1
 856  5.9018683e+00 5.15e-02 6.87e+07   0.3 1.98e+00    -  7.91e-01 6.88e-01h  1
 857  5.9120217e+00 5.22e-02 8.37e+07   0.3 1.05e+01    -  1.57e-02 3.27e-02f  2
 858  5.9197511e+00 5.25e-02 9.16e+07   0.3 4.25e+01    -  9.79e-05 3.51e-03f  2
 859  5.9240185e+00 5.26e-02 9.55e+07   0.3 1.78e+02    -  9.95e-04 4.57e-04f  2
iter    objective    inf_pr   inf_du lg(mu)  ||d||  lg(rg) alpha_du alpha_pr  ls
 860r 5.9240185e+00 5.26e-02 1.00e+03   0.3 0.00e+00    -  0.00e+00 2.58e-07R 12
 861r 5.9282508e+00 3.62e-02 1.58e+04   0.3 3.74e+00    -  5.87e-01 3.60e-02f  1
 862  5.9287254e+00 3.62e-02 9.52e+02  -0.4 2.56e+02    -  1.18e-01 2.01e-04f  2
 863  5.9258884e+00 3.61e-02 3.14e+03  -0.4 6.09e+02    -  1.26e-02 9.03e-04h  3
 864  5.9277565e+00 3.61e-02 3.63e+03  -0.4 4.00e+02    -  1.06e-03 1.80e-04h  3
 865  5.9280124e+00 3.61e-02 9.95e+03  -0.4 3.26e+02    -  7.83e-03 1.11e-04h  4
 866  5.9281219e+00 3.61e-02 1.07e+04  -0.4 2.55e+02    -  1.68e-03 6.03e-05f  7
 867  5.9288954e+00 3.61e-02 1.18e+04  -0.4 3.21e+02    -  2.59e-03 1.23e-04f  6
 868  5.9518204e+00 3.61e-02 1.12e+04  -0.4 3.84e+02    -  9.86e-04 2.03e-03f  2
 869  5.9517987e+00 3.61e-02 1.57e+04  -0.4 2.41e+02    -  3.10e-03 3.09e-05h  9
iter    objective    inf_pr   inf_du lg(mu)  ||d||  lg(rg) alpha_du alpha_pr  ls
 870  5.9519689e+00 3.61e-02 2.15e+04  -0.4 2.81e+02    -  3.99e-03 7.20e-05h  8
 871  5.9519989e+00 3.61e-02 4.79e+04  -0.4 3.02e+02    -  1.62e-02 1.68e-05h 10
 872  5.9514160e+00 3.60e-02 5.95e+04  -0.4 3.14e+02    -  7.14e-03 8.88e-04f  4
 873  5.9514448e+00 3.60e-02 1.09e+05  -0.4 1.13e+02    -  1.23e-02 1.29e-05h 11
 874  5.9514792e+00 3.60e-02 2.32e+06  -0.4 7.32e+01    -  5.17e-01 1.65e-05h 11
 875  5.9525452e+00 3.60e-02 2.36e+06  -0.4 6.06e+01    -  1.78e-02 7.58e-04h  6
 876  5.9525616e+00 3.60e-02 2.50e+06  -0.4 2.25e+01    -  5.97e-02 2.52e-05h 11
 877  5.9580658e+00 3.60e-02 2.58e+06  -0.4 2.82e+01    -  4.66e-02 5.99e-03h  4
 878  5.9584539e+00 3.60e-02 3.69e+06  -0.4 1.39e+01    -  6.31e-01 5.66e-03h  4
 879  5.9971150e+00 4.80e-02 3.20e+06  -0.4 7.95e+00    -  6.44e-02 1.23e-01f  3
iter    objective    inf_pr   inf_du lg(mu)  ||d||  lg(rg) alpha_du alpha_pr  ls
 880  5.9935496e+00 4.77e-02 3.93e+06  -0.4 1.24e+01    -  9.36e-01 9.96e-03h  4
 881  5.9926202e+00 4.76e-02 3.99e+06  -0.4 4.12e+01    -  2.58e-01 2.99e-03h  6
 882  5.9923236e+00 4.75e-02 4.29e+06  -0.4 6.97e+00    -  8.76e-01 1.04e-03h  8
 883  5.9923216e+00 4.75e-02 4.28e+06  -0.4 7.96e+00    -  4.25e-01 2.61e-05h 13
 884  5.9689286e+00 4.44e-02 3.60e+06  -0.4 3.28e+00    -  1.59e-01 1.59e-01s 20
 885  5.9655686e+00 4.12e-02 3.33e+06  -0.4 1.41e+00    -  7.46e-02 7.46e-02s 20
 886r 5.9655686e+00 4.12e-02 1.00e+03  -0.4 0.00e+00    -  0.00e+00 0.00e+00R  1
 887r 5.9584510e+00 3.52e-02 2.56e+03   0.4 4.25e+00    -  3.98e-01 9.64e-03f  1
 888  5.9582856e+00 3.52e-02 7.95e+02  -1.1 6.01e+01    -  2.63e-01 7.24e-04h  1
 889r 5.9582856e+00 3.52e-02 9.98e+02  -1.1 0.00e+00    -  0.00e+00 2.84e-07R 13
iter    objective    inf_pr   inf_du lg(mu)  ||d||  lg(rg) alpha_du alpha_pr  ls
 890r 5.9571976e+00 3.52e-02 1.45e+03   0.3 3.73e+00    -  1.10e-01 8.30e-03f  1
 891r 5.9739228e+00 3.58e-02 1.16e+03   0.3 1.44e+00    -  1.62e-01 1.88e-01f  1
 892r 5.9662343e+00 4.35e-02 7.19e+02  -0.4 4.88e-01    -  5.18e-01 1.29e-01f  1
 893r 5.9253909e+00 4.67e-02 1.15e+03  -1.1 1.22e+00    -  1.00e+00 6.10e-01f  1
 894r 5.8833746e+00 4.19e-02 1.98e+03  -0.9 1.01e+00    -  1.00e+00 1.00e+00f  1
 895r 5.8681390e+00 4.32e-02 9.85e+02  -1.9 4.12e-01    -  1.00e+00 1.00e+00f  1
 896r 5.8379198e+00 4.22e-02 7.40e+02  -2.3 6.14e-01    -  1.00e+00 1.00e+00f  1
 897r 5.8054525e+00 4.19e-02 8.03e+02  -3.1 5.59e-01    -  1.00e+00 9.78e-01f  1
 898r 5.7856317e+00 4.16e-02 8.04e+02  -3.5 6.53e-01    -  1.00e+00 5.08e-01f  1
 899r 5.7793886e+00 4.18e-02 2.36e+02  -4.0 7.41e-02    -  1.00e+00 1.00e+00h  1
iter    objective    inf_pr   inf_du lg(mu)  ||d||  lg(rg) alpha_du alpha_pr  ls
 900r 5.7699700e+00 4.19e-02 1.17e+03  -3.2 7.87e+00    -  1.00e+00 1.94e-02f  1
 901r 5.6733502e+00 7.76e-02 2.60e+03  -3.8 1.43e+01    -  3.50e-02 1.12e-01f  1
 902r 5.7038897e+00 5.22e-02 2.79e+03  -2.7 1.15e+00    -  1.00e+00 1.00e+00f  1
 903r 5.6232523e+00 4.09e-02 1.33e+03  -2.6 8.10e-01    -  1.00e+00 1.00e+00h  1
 904r 5.6081420e+00 4.30e-02 1.09e+03  -2.6 4.05e-01    -  7.56e-01 9.88e-01h  1
 905r 5.5958732e+00 4.30e-02 1.06e+03  -2.6 3.25e-01    -  1.00e+00 7.25e-01h  1
 906r 5.5527738e+00 4.29e-02 2.12e+03  -2.6 6.57e-01    -  1.00e+00 1.00e+00f  1
 907r 5.5088123e+00 4.37e-02 2.55e+03  -2.6 6.77e-01    -  1.00e+00 9.18e-01h  1
 908r 5.4987042e+00 4.38e-02 2.45e+03  -2.6 4.68e-01    -  1.00e+00 1.00e+00h  1
 909r 5.4890275e+00 4.39e-02 9.43e+02  -2.6 3.71e-01    -  1.00e+00 1.00e+00h  1
iter    objective    inf_pr   inf_du lg(mu)  ||d||  lg(rg) alpha_du alpha_pr  ls
 910r 5.4772838e+00 4.42e-02 1.76e+02  -2.6 1.49e-01    -  1.00e+00 1.00e+00h  1
 911r 5.4690439e+00 4.40e-02 2.41e+02  -2.6 1.27e-01    -  1.00e+00 1.00e+00h  1
 912r 5.4624211e+00 4.42e-02 2.43e+02  -2.6 1.11e-01    -  1.00e+00 1.00e+00h  1
 913r 5.4591814e+00 4.41e-02 2.61e+02  -2.6 4.58e-02    -  1.00e+00 1.00e+00h  1
 914r 5.4659055e+00 4.41e-02 1.11e+02  -4.0 1.04e-01    -  1.00e+00 1.00e+00f  1
 915r 5.2158416e+00 6.13e-01 7.14e+03  -3.5 5.49e+00    -  8.38e-01 1.00e+00f  1
 916r 5.0437739e+00 5.31e-01 1.18e+04  -3.6 7.75e+00    -  1.00e+00 2.26e-01h  1
 917r 5.1188892e+00 9.90e-02 8.95e+03  -2.5 2.25e+00    -  1.00e+00 1.00e+00f  1
 918r 5.7527818e+00 6.31e-01 1.47e+04  -2.5 6.24e+00    -  4.55e-01 1.00e+00f  1
 919r 5.4267367e+00 2.02e-01 4.55e+03  -2.5 2.57e+00    -  1.00e+00 1.00e+00h  1
iter    objective    inf_pr   inf_du lg(mu)  ||d||  lg(rg) alpha_du alpha_pr  ls
 920r 5.3735057e+00 6.70e-02 1.57e+03  -1.8 9.03e-01    -  1.00e+00 7.06e-01f  1
 921r 5.5283549e+00 1.15e-01 5.21e+03  -2.0 6.42e+00    -  6.95e-01 3.50e-01h  2
 922r 5.5430212e+00 1.03e-01 4.44e+03  -2.0 1.92e+00    -  1.00e+00 1.25e-01h  4
 923r 5.6082238e+00 5.66e-02 1.63e+03  -2.0 1.55e+00    -  1.00e+00 1.00e+00h  1
 924r 5.6267377e+00 4.41e-02 2.09e+03  -2.0 5.46e-01    -  1.00e+00 1.00e+00h  1
 925r 5.6199892e+00 4.36e-02 6.03e+02  -2.0 2.31e-01    -  1.00e+00 1.00e+00h  1
 926r 5.6154835e+00 4.39e-02 2.35e+02  -2.0 1.03e-01    -  1.00e+00 1.00e+00h  1
 927r 5.6202549e+00 4.41e-02 1.44e+02  -2.0 1.05e-01    -  1.00e+00 1.00e+00H  1
 928r 5.6408003e+00 4.37e-02 4.09e+02  -2.6 3.17e-01    -  1.00e+00 1.00e+00f  1
 929r 5.5640637e+00 7.32e-02 1.86e+03  -2.7 3.01e+00    -  1.72e-01 5.59e-01f  1
iter    objective    inf_pr   inf_du lg(mu)  ||d||  lg(rg) alpha_du alpha_pr  ls
 930r 5.1931655e+00 5.04e-02 8.75e+03  -2.7 5.18e+00    -  6.18e-01 1.00e+00H  1
 931r 5.3914207e+00 6.41e-02 2.08e+03  -2.7 2.76e+00    -  1.00e+00 7.76e-01f  1
 932r 5.4678686e+00 4.43e-02 2.14e+03  -2.7 1.22e+00    -  1.00e+00 1.00e+00h  1
 933r 5.4793890e+00 4.44e-02 3.14e+03  -2.7 6.05e-01    -  1.00e+00 1.00e+00h  1
 934r 5.4397304e+00 4.44e-02 6.14e+02  -2.7 6.18e-01    -  1.00e+00 1.00e+00h  1
 935r 5.4414620e+00 4.41e-02 2.99e+02  -2.7 1.31e-01    -  1.00e+00 1.00e+00h  1
 936r 5.4454783e+00 4.42e-02 1.47e+02  -2.7 5.83e-02    -  1.00e+00 1.00e+00h  1
 937r 5.4459375e+00 4.42e-02 5.91e+01  -4.0 2.32e-02    -  1.00e+00 1.00e+00f  1
 938r 5.3911485e+00 4.35e-02 1.14e+03  -4.0 1.01e+00    -  1.00e+00 1.00e+00f  1
 939r 5.1173200e+00 5.12e-01 1.10e+04  -3.6 8.02e+00    -  1.00e+00 6.07e-01f  1
iter    objective    inf_pr   inf_du lg(mu)  ||d||  lg(rg) alpha_du alpha_pr  ls
 940r 4.9349962e+00 1.17e-01 1.31e+04  -3.8 1.71e+00    -  1.00e+00 1.00e+00h  1
 941r 5.0196866e+00 5.27e-02 3.26e+03  -2.1 1.52e+00    -  1.00e+00 1.00e+00f  1
 942r 5.7822228e+00 9.89e-01 1.17e+04  -2.2 8.12e+00    -  8.73e-02 1.00e+00f  1
 943r 5.7510736e+00 6.71e-01 1.11e+04  -2.2 2.94e+00    -  1.00e+00 3.26e-01h  1
 944r 5.3836300e+00 3.55e-01 4.40e+03  -2.2 4.70e+00    -  3.64e-01 1.00e+00h  1
 945r 5.5230597e+00 3.84e-01 2.82e+03  -2.2 9.25e+00    -  7.30e-01 2.19e-01h  1
 946r 5.6227824e+00 1.62e-01 5.89e+03  -2.2 3.55e+00    -  1.00e+00 1.00e+00h  1
 947r 5.5741474e+00 5.25e-02 1.13e+03  -2.2 2.13e+00    -  1.00e+00 1.00e+00h  1
 948r 5.5661308e+00 4.49e-02 4.13e+02  -2.2 2.72e-01    -  1.00e+00 1.00e+00h  1
 949r 5.5786504e+00 4.42e-02 6.31e+02  -2.2 3.64e-01    -  1.00e+00 1.00e+00h  1
iter    objective    inf_pr   inf_du lg(mu)  ||d||  lg(rg) alpha_du alpha_pr  ls
 950r 5.6018138e+00 4.40e-02 1.10e+03  -2.2 4.33e-01    -  1.00e+00 1.00e+00H  1
 951r 5.5909182e+00 4.45e-02 3.20e+02  -2.2 1.44e-01    -  1.00e+00 1.00e+00h  1
 952r 5.5879993e+00 4.41e-02 3.03e+02  -2.2 7.67e-02    -  1.00e+00 1.00e+00h  1
 953r 5.5893841e+00 4.41e-02 3.69e+01  -2.2 3.60e-02    -  1.00e+00 1.00e+00h  1
 954r 5.5883890e+00 4.42e-02 6.02e+01  -3.8 3.69e-02    -  1.00e+00 1.00e+00f  1
 955r 5.5642673e+00 4.30e-02 1.77e+03  -3.5 3.82e+00    -  1.00e+00 1.91e-01f  1
 956r 5.5101063e+00 4.17e-02 3.78e+03  -3.8 1.15e+00    -  1.00e+00 1.00e+00h  1
 957r 5.4044483e+00 4.17e-02 4.49e+03  -3.8 1.41e+00    -  1.00e+00 1.00e+00h  1
 958r 5.2833298e+00 7.80e-02 6.64e+03  -3.8 1.84e+00    -  1.00e+00 1.00e+00h  1
 959r 5.0655469e+00 2.70e-01 1.21e+04  -1.8 1.01e+01    -  7.15e-01 3.62e-01f  1
iter    objective    inf_pr   inf_du lg(mu)  ||d||  lg(rg) alpha_du alpha_pr  ls
 960r 5.0998350e+00 2.53e-01 1.09e+04  -2.3 8.00e+00    -  6.89e-03 7.89e-02f  1
 961r 5.1289508e+00 7.87e-02 4.24e+03  -2.3 1.51e+00    -  1.00e+00 7.67e-01f  1
 962r 5.2235356e+00 4.95e-02 3.46e+03  -2.3 1.57e+00    -  7.23e-01 1.00e+00h  1
 963r 5.3331327e+00 6.95e-02 6.41e+03  -2.3 6.22e+00    -  1.00e+00 1.99e-01f  3
 964r 5.4100555e+00 9.47e-02 8.53e+03  -2.3 1.10e+01    -  5.54e-01 1.04e-01f  3
 965r 5.5553865e+00 1.40e-01 1.00e+04  -2.3 6.09e+00    -  1.00e+00 3.91e-01h  1
 966r 5.5130780e+00 4.14e-02 2.87e+03  -2.3 1.20e+00    -  1.00e+00 1.00e+00h  1
 967r 5.5159704e+00 4.38e-02 1.08e+03  -2.3 7.04e-01    -  1.00e+00 1.00e+00h  1
 968r 5.5389438e+00 4.43e-02 6.63e+02  -2.3 3.78e-01    -  1.00e+00 1.00e+00h  1
 969r 5.5694544e+00 4.32e-02 8.67e+02  -2.3 4.88e-01    -  1.00e+00 1.00e+00h  1
iter    objective    inf_pr   inf_du lg(mu)  ||d||  lg(rg) alpha_du alpha_pr  ls
 970r 5.5685614e+00 4.41e-02 5.96e+02  -2.3 2.28e-01    -  1.00e+00 1.00e+00h  1
 971r 5.5636124e+00 4.40e-02 3.70e+02  -2.3 1.31e-01    -  1.00e+00 1.00e+00h  1
 972r 5.5647420e+00 4.42e-02 1.43e+02  -2.3 4.55e-02    -  1.00e+00 1.00e+00h  1
 973r 5.5647384e+00 4.42e-02 7.28e+01  -4.0 3.07e-02    -  1.00e+00 9.98e-01f  1
 974r 5.5355373e+00 4.40e-02 2.63e+02  -4.0 1.49e+00    -  1.00e+00 3.77e-01f  1
 975r 5.1855928e+00 1.04e+00 1.30e+04  -4.1 3.99e+01    -  1.40e-01 1.77e-01f  1
 976r 4.9183875e+00 4.01e-01 2.05e+04  -4.1 3.06e+00    -  1.00e+00 1.00e+00h  1
 977r 5.1143472e+00 1.44e-01 4.77e+03  -1.8 3.04e+00    -  4.02e-01 1.00e+00f  1
 978r 5.8179421e+00 1.30e+00 1.43e+04  -1.9 1.31e+01    -  1.09e-01 6.12e-01f  1
 979r 5.8241738e+00 1.27e+00 1.44e+04  -1.9 1.05e+01    -  1.00e+00 2.47e-02h  1
iter    objective    inf_pr   inf_du lg(mu)  ||d||  lg(rg) alpha_du alpha_pr  ls
 980r 5.7753298e+00 8.01e-01 1.12e+04  -1.9 2.41e+00    -  3.09e-01 3.72e-01h  1
 981r 5.5640186e+00 1.41e-01 6.35e+03  -1.9 2.26e+00    -  5.72e-01 1.00e+00h  1
 982r 5.5950607e+00 5.92e-02 2.93e+03  -1.9 1.33e+00    -  9.32e-01 9.03e-01h  1
 983r 5.6689917e+00 4.31e-02 3.54e+03  -1.9 1.03e+00    -  1.00e+00 1.00e+00h  1
 984r 5.6404882e+00 4.37e-02 9.26e+02  -1.9 2.64e-01    -  1.00e+00 1.00e+00h  1
 985r 5.6262050e+00 4.43e-02 3.42e+02  -1.9 1.72e-01    -  1.00e+00 1.00e+00h  1
 986r 5.6268422e+00 4.39e-02 2.34e+02  -1.9 1.21e-01    -  1.00e+00 1.00e+00h  1
 987r 5.6313470e+00 4.39e-02 1.72e+02  -1.9 8.66e-02    -  1.00e+00 1.00e+00h  1
 988r 5.6331221e+00 4.39e-02 1.45e+02  -1.9 4.94e-02    -  1.00e+00 1.00e+00h  1
 989r 5.6399748e+00 4.37e-02 2.30e+02  -1.9 1.31e-01    -  1.00e+00 1.00e+00h  1
iter    objective    inf_pr   inf_du lg(mu)  ||d||  lg(rg) alpha_du alpha_pr  ls
 990r 5.6433220e+00 4.37e-02 1.95e+02  -1.9 7.56e-02    -  1.00e+00 1.00e+00h  1
 991r 5.6421046e+00 4.37e-02 7.73e+01  -1.9 4.18e-02    -  1.00e+00 1.00e+00h  1
 992r 5.6431775e+00 4.37e-02 3.75e+01  -1.9 3.54e-02    -  1.00e+00 1.00e+00H  1
 993r 5.6440415e+00 4.36e-02 1.56e+02  -3.7 6.62e-02    -  1.00e+00 9.89e-01f  1
 994r 5.6248067e+00 4.22e-02 9.67e+02  -3.6 9.75e-01    -  3.19e-01 5.86e-01f  1
 995r 5.4865949e+00 2.62e-01 4.76e+03  -3.6 3.05e+00    -  9.42e-01 1.00e+00f  1
 996r 5.4081111e+00 2.20e-01 5.07e+03  -3.6 4.18e+00    -  5.34e-01 2.64e-01h  1
 997r 5.3393826e+00 1.26e-01 6.30e+03  -3.6 2.26e+00    -  1.00e+00 1.00e+00h  1
 998r 5.3975791e+00 5.86e-02 1.14e+03  -3.6 1.71e+00    -  1.00e+00 8.02e-01h  1
 999r 5.3253696e+00 4.42e-02 5.70e+02  -4.0 1.00e+00    -  1.00e+00 1.00e+00h  1
iter    objective    inf_pr   inf_du lg(mu)  ||d||  lg(rg) alpha_du alpha_pr  ls
1000r 5.1036997e+00 2.83e-01 6.99e+03  -2.0 3.68e+00    -  3.55e-01 1.00e+00f  1

Number of Iterations....: 1000

                                   (scaled)                 (unscaled)
Objective...............:   5.1036997214509192e+00    5.1036997214509192e+00
Dual infeasibility......:   6.9893725894454064e+03    6.9893725894454064e+03
Constraint violation....:   2.8277029655899355e-01    2.8277029655899355e-01
Variable bound violation:   0.0000000000000000e+00    0.0000000000000000e+00
Complementarity.........:   1.0184173153293416e-02    1.0184173153293416e-02
Overall NLP error.......:   6.9893725894454064e+03    6.9893725894454064e+03


Number of objective function evaluations             = 3199
Number of objective gradient evaluations             = 891
Number of equality constraint evaluations            = 3199
Number of inequality constraint evaluations          = 3199
Number of equality constraint Jacobian evaluations   = 1004
Number of inequality constraint Jacobian evaluations = 1004
Number of Lagrangian Hessian evaluations             = 0
Total seconds in IPOPT                               = 1690.929

EXIT: Maximum Number of Iterations Exceeded.
