
******************************************************************************
This program contains Ipopt, a library for large-scale nonlinear optimization.
 Ipopt is released as open source code under the Eclipse Public License (EPL).
         For more information visit https://github.com/coin-or/Ipopt
******************************************************************************

This is Ipopt version 3.14.19, running with linear solver MUMPS 5.8.2.

Number of nonzeros in equality constraint Jacobian...:   741669
Number of nonzeros in inequality constraint Jacobian.:     5132
Number of nonzeros in Lagrangian Hessian.............:        0

Total number of variables............................:     2399
                     variables with only lower bounds:        0
                variables with lower and upper bounds:      593
                     variables with only upper bounds:        0
Total number of equality constraints.................:     2268
Total number of inequality constraints...............:      421
        inequality constraints with only lower bounds:        0
   inequality constraints with lower and upper bounds:        0
        inequality constraints with only upper bounds:      421

iter    objective    inf_pr   inf_du lg(mu)  ||d||  lg(rg) alpha_du alpha_pr  ls
   0  2.9877166e-02 5.74e+00 3.16e-03   0.0 0.00e+00    -  0.00e+00 0.00e+00   0
   1  2.9794875e-02 5.68e+00 5.35e+02   0.0 7.89e+00    -  1.00e+00 1.05e-02h  1
   2  3.4164996e-02 5.54e+00 5.48e+02   0.9 3.06e+01    -  3.69e-02 2.43e-02h  1
   3  4.2119113e-02 5.48e+00 3.48e+03   2.0 6.61e+01    -  3.79e-02 8.52e-03f  1
   4  1.2357981e-01 5.33e+00 1.23e+04   2.2 6.99e+01    -  9.14e-02 2.82e-02f  1
   5  6.4833732e-01 4.98e+00 1.87e+04   2.3 6.99e+01    -  1.34e-01 7.97e-02f  1
   6  1.4739967e+00 4.63e+00 1.18e+05   2.6 6.05e+01    -  8.21e-01 8.00e-02f  1
   7  4.6465988e+00 5.50e+00 1.21e+05   3.1 1.01e+02    -  2.88e-01 1.85e-01h  1
   8  7.4928325e+00 6.06e+00 1.77e+05   3.1 6.45e+01    -  1.39e-01 2.08e-01h  1
   9  1.0933698e+01 5.49e+00 3.32e+05   3.0 6.15e+01    -  2.45e-01 2.50e-01h  1
iter    objective    inf_pr   inf_du lg(mu)  ||d||  lg(rg) alpha_du alpha_pr  ls
  10  1.4592732e+01 5.49e+00 4.70e+05   3.1 6.57e+01    -  3.16e-01 2.87e-01f  1
  11  1.6263359e+01 5.21e+00 5.33e+05   3.1 6.18e+01    -  1.77e-01 2.97e-01f  1
  12  1.8452483e+01 4.56e+00 4.75e+05   2.9 4.93e+01    -  3.11e-01 3.17e-01h  1
  13  2.0307532e+01 3.57e+00 4.01e+05   3.1 5.06e+01    -  3.68e-01 3.06e-01f  1
  14  2.0752485e+01 2.98e+00 3.74e+05   3.1 4.32e+01    -  3.68e-01 2.41e-01f  1
  15  2.1067459e+01 2.61e+00 3.39e+05   3.1 2.95e+01    -  7.41e-01 3.10e-01f  1
  16  2.1380143e+01 2.01e+00 3.38e+05   3.1 2.99e+01    -  9.15e-01 3.08e-01f  1
  17  2.1604308e+01 1.62e+00 4.05e+05   3.1 2.30e+01    -  9.59e-01 4.66e-01f  1
  18  2.1108919e+01 9.53e-01 5.04e+05   2.8 1.57e+01    -  9.97e-01 5.85e-01f  1
  19  2.0852899e+01 3.35e-01 1.72e+05   2.4 7.43e+00    -  9.98e-01 8.56e-01h  1
iter    objective    inf_pr   inf_du lg(mu)  ||d||  lg(rg) alpha_du alpha_pr  ls
  20  2.0690145e+01 1.25e-01 9.49e+03   1.6 3.72e+00    -  9.99e-01 1.00e+00f  1
  21  2.0819998e+01 7.08e-02 5.03e+03   0.8 2.61e+00    -  9.98e-01 1.00e+00f  1
  22  2.0716857e+01 8.88e-03 3.07e+02  -0.5 1.17e+00    -  1.00e+00 1.00e+00h  1
  23  2.0558537e+01 1.06e-02 7.05e+01  -1.5 7.96e-01    -  1.00e+00 1.00e+00h  1
  24  1.9959060e+01 5.42e-02 3.45e+01  -2.0 1.67e+00    -  1.00e+00 1.00e+00h  1
  25  1.9323633e+01 1.45e-01 6.64e+01  -2.4 1.75e+00    -  1.00e+00 1.00e+00h  1
  26  1.7514585e+01 4.04e-01 2.77e+02  -1.6 3.74e+01    -  1.00e+00 1.30e-01f  1
  27  1.6771180e+01 3.28e-01 3.90e+03  -1.0 3.22e+01    -  9.58e-01 1.23e-01f  1
  28  1.4956294e+01 1.58e+00 3.50e+02  -1.2 1.14e+01    -  8.26e-01 1.00e+00h  1
  29  1.3753140e+01 1.06e+00 2.25e+02  -1.4 9.91e+00    -  1.00e+00 1.00e+00h  1
iter    objective    inf_pr   inf_du lg(mu)  ||d||  lg(rg) alpha_du alpha_pr  ls
  30  1.1754671e+01 9.97e-01 8.32e+01  -1.6 9.56e+00    -  1.00e+00 1.00e+00h  1
  31  1.1118420e+01 5.68e-01 4.78e+01  -1.4 5.82e+00    -  1.00e+00 1.00e+00h  1
  32  9.8147251e+00 8.03e-01 2.15e+01  -1.5 7.71e+00    -  1.00e+00 1.00e+00h  1
  33  8.1458088e+00 1.68e+00 4.07e+01  -1.6 1.51e+01    -  1.00e+00 9.81e-01h  1
  34  6.5662141e+00 7.47e-01 2.69e+01  -1.7 9.64e+00    -  1.00e+00 1.00e+00h  1
  35  5.3725024e+00 1.02e+00 1.14e+01  -1.8 6.81e+00    -  1.00e+00 9.50e-01h  1
  36  5.5348579e+00 1.10e+00 4.62e+01  -1.5 8.30e+00    -  1.00e+00 9.22e-01h  1
  37  5.0454561e+00 4.63e-01 7.83e+00  -1.6 7.40e+00    -  1.00e+00 1.00e+00h  1
  38  4.0931775e+00 1.03e+00 1.40e+01  -1.9 7.02e+00    -  9.99e-01 1.00e+00h  1
  39  3.1120174e+00 2.91e+00 2.18e+01  -2.0 1.27e+01    -  1.00e+00 8.75e-01h  1
iter    objective    inf_pr   inf_du lg(mu)  ||d||  lg(rg) alpha_du alpha_pr  ls
  40  3.3078723e+00 2.25e+00 3.79e+01  -1.7 1.31e+01    -  6.20e-01 8.93e-01h  1
  41  1.9659071e+00 1.21e+00 1.68e+01  -1.9 1.10e+01    -  7.84e-01 1.00e+00h  1
  42  1.8651865e+00 4.27e-01 5.99e+00  -2.0 5.93e+00    -  9.99e-01 1.00e+00h  1
  43  2.0233067e+00 9.14e-01 1.34e+02  -1.7 5.62e+00    -  7.18e-01 1.00e+00h  1
  44  1.6398574e+00 6.90e-01 9.44e+00  -1.9 5.22e+00    -  1.00e+00 1.00e+00h  1
  45  9.9579905e-01 1.49e+00 5.46e+00  -2.0 7.96e+00    -  1.00e+00 1.00e+00h  1
  46  7.3278398e-01 7.96e-01 8.22e+01  -2.3 6.72e+00    -  6.75e-01 4.82e-01h  1
  47  8.3629398e-01 1.20e+00 1.03e+03  -1.4 1.23e+01    -  1.00e+00 3.27e-01f  1
  48  9.9863082e-01 4.33e-01 3.14e+02  -1.5 2.50e+00    -  4.59e-01 9.41e-01h  1
  49  9.0780740e-01 1.83e-01 8.43e+00  -2.1 2.16e+00    -  1.00e+00 1.00e+00h  1
iter    objective    inf_pr   inf_du lg(mu)  ||d||  lg(rg) alpha_du alpha_pr  ls
  50  8.9056782e-01 1.27e-01 1.02e+01  -1.9 1.35e+00    -  1.00e+00 1.00e+00h  1
  51  8.0241385e-01 8.84e-02 6.56e+00  -2.5 1.94e+00    -  1.00e+00 1.00e+00h  1
  52  7.4498037e-01 6.53e-02 8.74e+01  -2.3 2.58e+00    -  1.00e+00 3.48e-01h  1
  53  5.6000232e-01 2.69e-01 1.59e+01  -2.7 4.24e+00    -  1.00e+00 1.00e+00h  1
  54  4.9640397e-01 1.93e-01 1.82e+01  -2.5 2.43e+00    -  1.00e+00 1.00e+00h  1
  55  4.7560693e-01 1.44e-01 6.63e+00  -2.6 1.87e+00    -  1.00e+00 9.84e-01h  1
  56  6.0356978e-01 7.11e-01 5.29e+00  -2.1 3.89e+00    -  1.00e+00 1.00e+00h  1
  57  5.3330013e-01 3.76e-01 2.11e+01  -2.2 2.17e+00    -  6.95e-01 1.00e+00h  1
  58  5.4135284e-01 1.83e-01 6.90e+00  -2.2 1.78e+00    -  5.90e-01 1.00e+00h  1
  59  4.8416318e-01 1.27e-01 3.18e+00  -2.6 2.01e+00    -  1.00e+00 1.00e+00h  1
iter    objective    inf_pr   inf_du lg(mu)  ||d||  lg(rg) alpha_du alpha_pr  ls
  60  4.7260270e-01 6.37e-02 2.46e+01  -3.0 2.06e+00    -  1.00e+00 5.96e-01H  1
  61  4.1202318e-01 1.73e-01 7.31e+00  -3.0 2.16e+00    -  1.00e+00 8.11e-01h  1
  62  4.5534308e-01 1.58e-01 3.82e+00  -2.8 1.43e+00    -  1.00e+00 1.00e+00h  1
  63  3.9954665e-01 1.07e-01 1.53e+01  -3.2 1.67e+00    -  1.00e+00 7.46e-01h  1
  64  3.7596889e-01 6.76e-02 5.83e+00  -4.0 1.97e+00    -  5.17e-01 5.59e-01h  1
  65  4.1180263e-01 4.56e-02 5.70e+00  -3.1 1.49e+00    -  1.00e+00 5.81e-01H  1
  66  4.0488209e-01 8.43e-02 5.66e+00  -2.9 1.06e+00    -  1.00e+00 1.00e+00h  1
  67  3.6047897e-01 4.51e-01 1.26e+01  -3.0 2.46e+00    -  7.51e-01 1.00e+00h  1
  68  3.5013213e-01 8.68e-02 3.56e+00  -3.3 1.04e+00    -  1.00e+00 1.00e+00h  1
  69  3.8364334e-01 7.01e-02 1.95e+00  -2.9 1.05e+00    -  1.00e+00 1.00e+00h  1
iter    objective    inf_pr   inf_du lg(mu)  ||d||  lg(rg) alpha_du alpha_pr  ls
  70  3.9988785e-01 1.08e-02 5.85e+00  -3.0 5.77e-01    -  1.00e+00 9.25e-01h  1
  71  3.7745647e-01 7.56e-02 7.79e+00  -3.4 9.64e-01    -  1.00e+00 1.00e+00h  1
  72  3.7003005e-01 2.43e-02 2.54e+00  -3.2 7.21e-01    -  1.00e+00 1.00e+00h  1
  73  3.8893581e-01 7.77e-02 6.87e+00  -2.9 7.79e-01    -  1.00e+00 1.00e+00h  1
  74  3.7252104e-01 3.08e-02 1.23e+00  -3.0 6.38e-01    -  1.00e+00 1.00e+00h  1
  75  3.8590223e-01 1.33e-02 3.55e+00  -3.4 4.61e-01    -  1.00e+00 9.11e-01h  1
  76  3.8098431e-01 1.85e-02 8.49e+00  -3.4 4.85e-01    -  1.00e+00 1.00e+00h  1
  77  3.7689285e-01 8.83e-03 1.09e+00  -3.8 3.25e-01    -  1.00e+00 9.47e-01h  1
  78  3.8504870e-01 2.94e-03 3.82e+00  -3.5 2.41e-01    -  1.00e+00 6.93e-01h  1
  79  3.9074392e-01 9.24e-04 2.82e+00  -3.8 2.17e-01    -  8.43e-01 7.11e-01H  1
iter    objective    inf_pr   inf_du lg(mu)  ||d||  lg(rg) alpha_du alpha_pr  ls
  80  3.9066776e-01 2.12e-03 4.84e+00  -3.4 3.22e-01    -  1.00e+00 5.23e-01h  1
  81  3.9182690e-01 1.20e-03 4.08e+00  -3.5 1.45e-01    -  3.66e-01 5.00e-01h  2
  82  3.9274403e-01 8.32e-04 2.77e+00  -3.5 1.24e-01    -  1.00e+00 1.00e+00h  1
  83  3.9342381e-01 5.19e-04 5.39e+00  -3.5 1.44e-01    -  1.00e+00 1.00e+00H  1
  84  3.8735703e-01 5.28e-04 6.00e+00  -4.0 1.14e-01    -  1.00e+00 6.37e-01h  1
  85  3.7240425e-01 4.05e-03 4.68e+00  -3.7 4.08e-01    -  1.00e+00 6.66e-01h  1
  86  3.6956980e-01 1.26e-02 1.06e+01  -3.5 3.25e-01    -  1.00e+00 1.00e+00h  1
  87  3.6914205e-01 4.84e-03 1.65e+00  -3.7 2.34e-01    -  1.00e+00 1.00e+00h  1
  88  3.6981048e-01 3.34e-03 3.17e+00  -3.8 1.35e-01    -  1.00e+00 3.10e-01h  1
  89  3.6435639e-01 5.79e-03 3.97e+00  -4.0 4.08e-01    -  1.00e+00 9.13e-01h  1
iter    objective    inf_pr   inf_du lg(mu)  ||d||  lg(rg) alpha_du alpha_pr  ls
  90  3.5620533e-01 1.05e-02 9.92e+00  -3.6 5.23e-01    -  1.00e+00 1.00e+00h  1
  91  3.5388051e-01 8.68e-03 1.10e+01  -3.7 5.34e-01    -  1.00e+00 1.73e-01h  1
  92  3.5417359e-01 5.56e-03 7.39e+00  -4.0 2.05e-01    -  2.67e-01 3.70e-01h  1
  93  3.5496269e-01 1.19e-03 3.62e+00  -3.8 1.90e-01    -  1.00e+00 7.92e-01h  1
  94  3.6384269e-01 1.25e-03 5.30e+00  -3.6 1.30e-01    -  1.00e+00 1.00e+00h  1
  95  3.5728685e-01 2.57e-03 2.87e+00  -4.0 2.98e-01    -  1.00e+00 1.00e+00h  1
  96  3.4794792e-01 6.45e-03 9.27e+00  -4.1 1.34e+00    -  6.49e-01 3.82e-01h  1
  97  3.4678340e-01 4.64e-03 1.12e+01  -3.7 4.80e-01    -  1.00e+00 3.00e-01h  1
  98  3.6248396e-01 8.89e-03 5.57e+00  -3.4 5.31e-01    -  7.10e-01 1.00e+00h  1
  99  3.4850639e-01 9.74e-02 2.99e+01  -3.6 8.16e-01    -  9.12e-01 1.00e+00h  1
iter    objective    inf_pr   inf_du lg(mu)  ||d||  lg(rg) alpha_du alpha_pr  ls
 100  3.3664011e-01 2.07e-02 5.89e+00  -3.6 4.60e-01    -  8.85e-01 1.00e+00h  1
 101  3.3738113e-01 1.24e-02 1.89e+00  -3.6 2.50e-01    -  1.00e+00 9.32e-01h  1
 102  3.4887753e-01 4.77e-03 3.59e+00  -3.6 2.82e-01    -  7.94e-01 9.09e-01h  1
 103  3.4774971e-01 2.14e-03 2.49e+00  -3.9 2.07e-01    -  1.00e+00 7.00e-01h  1
 104  3.5683779e-01 2.96e-03 9.63e+00  -3.3 6.61e-01    -  1.00e+00 3.82e-01h  1
 105  3.5134924e-01 5.53e-02 2.15e+01  -3.4 9.17e-01    -  1.00e+00 1.00e+00h  1
 106  3.4041947e-01 1.56e-02 4.56e+00  -3.4 4.52e-01    -  1.00e+00 1.00e+00h  1
 107  3.4070022e-01 6.16e-03 1.94e+00  -3.4 4.03e-01    -  1.00e+00 1.00e+00h  1
 108  3.4516618e-01 3.81e-03 6.82e+00  -3.4 2.52e-01    -  1.00e+00 3.77e-01h  1
 109  3.5080573e-01 2.35e-03 3.74e+00  -3.9 2.33e-01    -  1.00e+00 9.90e-01h  1
iter    objective    inf_pr   inf_du lg(mu)  ||d||  lg(rg) alpha_du alpha_pr  ls
 110  3.4191363e-01 8.30e-03 8.28e+00  -4.0 7.33e-01    -  6.66e-01 7.58e-01h  1
 111  3.3598584e-01 8.35e-03 1.08e+01  -4.0 9.15e-01    -  1.00e+00 4.89e-01h  1
 112  3.2782405e-01 6.60e-03 8.71e+00  -3.7 3.12e-01    -  1.00e+00 9.64e-01h  1
 113  3.3412481e-01 4.11e-03 5.30e+00  -3.3 8.16e-01    -  5.89e-01 3.62e-01h  1
 114  3.5366316e-01 6.18e-03 8.99e+00  -3.6 3.35e-01    -  1.00e+00 9.72e-01H  1
 115  3.4328867e-01 3.74e-03 4.62e+00  -3.6 3.06e-01    -  1.00e+00 6.15e-01h  1
 116  3.2961847e-01 9.33e-03 4.84e+00  -3.9 9.63e-01    -  1.00e+00 5.92e-01h  1
 117  3.2660212e-01 8.06e-03 5.31e+00  -4.0 8.81e-01    -  5.51e-01 1.25e-01h  1
 118  3.2056800e-01 2.79e-02 8.23e+00  -3.4 7.58e-01    -  8.12e-01 8.21e-01f  1
 119  3.1107761e-01 1.17e-02 1.80e+00  -3.8 4.02e-01    -  1.00e+00 1.00e+00h  1
iter    objective    inf_pr   inf_du lg(mu)  ||d||  lg(rg) alpha_du alpha_pr  ls
 120  3.2741670e-01 4.63e-03 4.08e+00  -3.6 3.55e-01    -  1.00e+00 8.87e-01h  1
 121  3.2206745e-01 7.41e-03 8.15e+00  -3.7 3.48e-01    -  6.67e-01 1.00e+00h  1
 122  3.1657425e-01 4.06e-03 1.24e+00  -4.0 2.83e-01    -  1.00e+00 9.72e-01h  1
 123  3.3577302e-01 8.64e-03 1.78e+01  -2.9 1.17e+00    -  9.32e-01 3.63e-01f  1
 124  3.5300322e-01 3.00e-02 1.61e+01  -3.0 5.60e-01    -  9.90e-01 1.00e+00h  1
 125  3.4924031e-01 1.28e-02 5.10e+00  -3.0 3.24e-01    -  1.00e+00 1.00e+00h  1
 126  3.5992360e-01 4.48e-03 1.99e+00  -3.0 2.12e-01    -  1.00e+00 1.00e+00h  1
 127  3.6847097e-01 1.69e-03 4.53e+00  -3.0 1.78e-01    -  1.00e+00 8.87e-01h  1
 128  3.7193908e-01 1.62e-03 2.70e+00  -3.0 9.40e-02    -  1.00e+00 1.00e+00f  1
 129  3.6034758e-01 2.48e-03 3.14e+00  -3.5 2.16e-01    -  1.00e+00 1.00e+00h  1
iter    objective    inf_pr   inf_du lg(mu)  ||d||  lg(rg) alpha_du alpha_pr  ls
 130  3.3665265e-01 1.60e-02 7.12e+00  -3.6 5.93e-01    -  1.00e+00 8.73e-01h  1
 131  3.2651553e-01 1.40e-02 9.15e+00  -3.6 4.30e-01    -  1.00e+00 9.29e-01h  1
 132  3.2786506e-01 8.04e-03 4.94e+00  -3.6 3.33e-01    -  1.00e+00 5.52e-01h  1
 133  3.3486038e-01 3.31e-03 3.25e+00  -3.6 2.32e-01    -  1.00e+00 8.71e-01h  1
 134  3.3011916e-01 4.56e-03 3.36e+00  -3.6 3.35e-01    -  1.00e+00 1.00e+00h  1
 135  3.2909227e-01 3.49e-03 2.71e+00  -3.6 2.41e-01    -  1.00e+00 1.00e+00h  1
 136  3.3227791e-01 7.84e-04 1.27e+01  -3.9 1.12e-01    -  5.52e-01 1.00e+00h  1
 137  3.3034937e-01 2.62e-03 4.32e+00  -4.0 2.31e-01    -  1.00e+00 9.45e-01h  1
 138  3.2977995e-01 1.42e-03 7.69e-01  -4.0 1.25e-01    -  1.00e+00 1.00e+00h  1
 139  3.3737419e-01 3.73e-04 2.12e+00  -3.7 1.20e-01    -  1.00e+00 1.00e+00H  1
iter    objective    inf_pr   inf_du lg(mu)  ||d||  lg(rg) alpha_du alpha_pr  ls
 140  3.3403242e-01 5.22e-04 1.94e+00  -4.0 7.95e-02    -  1.00e+00 1.00e+00h  1
 141  3.3128188e-01 9.62e-04 4.57e+00  -4.0 1.15e-01    -  1.00e+00 1.00e+00h  1
 142  3.3940322e-01 1.85e-03 3.05e+00  -3.5 1.65e-01    -  1.00e+00 1.00e+00h  1
 143  3.3998853e-01 7.86e-04 3.60e+00  -3.6 1.24e-01    -  1.00e+00 1.00e+00h  1
 144  3.3804069e-01 4.58e-04 8.12e-01  -3.6 7.34e-02    -  1.00e+00 1.00e+00h  1
 145  3.3656800e-01 8.28e-05 1.47e+00  -4.0 8.01e-02    -  1.00e+00 9.00e-01H  1
 146  3.3282777e-01 3.62e-04 2.75e+00  -4.0 8.23e-02    -  1.00e+00 1.00e+00h  1
 147  3.2979186e-01 3.49e-04 2.75e+00  -4.1 8.78e-02    -  1.00e+00 9.22e-01h  1
 148  3.2970636e-01 4.05e-04 1.81e+00  -4.0 8.44e-02    -  1.00e+00 1.00e+00f  1
 149  3.3070642e-01 1.21e-04 1.01e+00  -4.0 3.51e-02    -  1.00e+00 1.00e+00h  1
iter    objective    inf_pr   inf_du lg(mu)  ||d||  lg(rg) alpha_du alpha_pr  ls
 150  3.3150797e-01 1.77e-05 7.64e-01  -4.0 1.60e-02    -  1.00e+00 1.00e+00h  1
 151  3.3126766e-01 7.79e-05 7.06e-01  -4.0 2.57e-02    -  1.00e+00 1.00e+00h  1
 152  3.2934552e-01 9.37e-04 4.23e+00  -4.0 1.50e-01    -  1.00e+00 1.00e+00h  1
 153  3.2686895e-01 4.91e-04 2.74e+00  -4.0 6.47e-02    -  1.00e+00 1.00e+00h  1
 154  3.2825790e-01 1.80e-04 1.21e+00  -4.0 4.94e-02    -  1.00e+00 1.00e+00h  1
 155  3.2825572e-01 8.25e-05 9.57e-01  -4.0 4.03e-02    -  1.00e+00 1.00e+00h  1
 156  3.2771868e-01 3.87e-04 1.69e+00  -4.0 1.08e-01    -  1.00e+00 1.00e+00h  1
 157  3.2423563e-01 4.46e-03 6.39e+00  -4.1 4.65e-01    -  1.00e+00 7.32e-01h  1
 158  3.1499515e-01 1.78e-02 1.50e+01  -4.1 6.95e-01    -  7.66e-01 7.19e-01h  1
 159  3.0860628e-01 1.34e-02 1.68e+01  -4.1 8.47e-01    -  1.78e-01 3.41e-01h  1
iter    objective    inf_pr   inf_du lg(mu)  ||d||  lg(rg) alpha_du alpha_pr  ls
 160  3.0949934e-01 4.24e-03 5.92e+00  -3.8 2.57e-01    -  1.00e+00 8.76e-01f  1
 161  3.1073024e-01 2.40e-03 9.29e+00  -4.0 2.18e-01    -  8.72e-01 4.81e-01h  1
 162  3.6580982e-01 1.71e-01 3.16e+01  -3.1 1.92e+00    -  1.00e+00 1.00e+00h  1
 163  3.4856869e-01 1.51e-01 1.83e+01  -3.2 1.75e+00    -  6.74e-01 6.83e-01h  1
 164  3.1530072e-01 7.66e-02 1.01e+01  -3.2 1.27e+00    -  8.26e-01 7.12e-01h  1
 165  3.1507574e-01 4.65e-02 8.66e+00  -3.2 7.18e-01    -  3.66e-01 1.00e+00h  1
 166  3.3369329e-01 1.89e-02 3.32e+00  -3.2 6.15e-01    -  1.00e+00 1.00e+00h  1
 167  3.3314098e-01 9.00e-03 3.62e+00  -3.2 5.24e-01    -  1.00e+00 7.89e-01h  1
 168  3.4102537e-01 7.44e-03 4.93e+00  -3.2 2.08e-01    -  7.22e-01 1.00e+00h  1
 169  3.5301774e-01 3.27e-03 3.87e+00  -3.2 2.19e-01    -  1.00e+00 1.00e+00h  1
iter    objective    inf_pr   inf_du lg(mu)  ||d||  lg(rg) alpha_du alpha_pr  ls
 170  3.5110795e-01 2.27e-03 4.25e+00  -3.2 1.50e-01    -  1.00e+00 1.00e+00h  1
 171  3.5205888e-01 2.22e-03 3.82e+00  -3.2 1.60e-01    -  1.00e+00 1.00e+00h  1
 172  3.5510258e-01 7.55e-04 1.66e+00  -3.2 1.16e-01    -  1.00e+00 1.00e+00h  1
 173  3.5755572e-01 1.06e-03 5.02e+00  -3.2 1.11e-01    -  1.00e+00 1.00e+00h  1
 174  3.5631023e-01 4.83e-04 5.27e-01  -3.2 7.12e-02    -  1.00e+00 1.00e+00h  1
 175  3.5939282e-01 1.64e-04 1.02e+00  -3.2 4.15e-02    -  1.00e+00 1.00e+00h  1
 176  3.6103471e-01 9.96e-05 2.18e+00  -3.2 6.77e-02    -  1.00e+00 1.00e+00H  1
 177  3.6096895e-01 8.42e-05 4.51e+00  -3.2 9.74e-02    -  1.00e+00 2.50e-01h  3
 178  3.6287543e-01 6.03e-05 1.92e+00  -3.2 6.41e-02    -  1.00e+00 1.00e+00H  1
 179  3.6395804e-01 5.41e-05 4.36e+00  -3.2 1.17e-01    -  1.00e+00 1.00e+00H  1
iter    objective    inf_pr   inf_du lg(mu)  ||d||  lg(rg) alpha_du alpha_pr  ls
 180  3.6267682e-01 2.59e-04 8.77e+00  -3.2 9.97e-02    -  1.00e+00 5.00e-01h  2
 181  3.6329886e-01 1.44e-04 1.29e+00  -3.2 5.94e-02    -  1.00e+00 1.00e+00H  1
 182  3.6501615e-01 8.41e-05 2.06e+00  -3.2 4.63e-02    -  1.00e+00 1.00e+00H  1
 183  3.6508429e-01 5.20e-05 1.96e+00  -3.2 6.86e-02    -  1.00e+00 1.00e+00H  1
 184  3.6281283e-01 8.00e-04 3.83e+00  -3.2 2.03e-01    -  1.00e+00 5.00e-01h  2
 185  3.6348272e-01 2.27e-04 1.02e+00  -3.2 6.39e-02    -  1.00e+00 1.00e+00h  1
 186  3.6484292e-01 1.95e-04 2.06e+00  -3.2 6.21e-02    -  1.00e+00 1.00e+00h  1
 187  3.6520570e-01 8.68e-05 1.45e+00  -3.2 3.78e-02    -  1.00e+00 1.00e+00h  1
 188  3.6524956e-01 1.18e-04 1.74e+00  -3.2 7.24e-02    -  1.00e+00 5.00e-01h  2
 189  3.6597312e-01 8.30e-05 1.69e+00  -3.2 6.29e-02    -  1.00e+00 1.00e+00H  1
iter    objective    inf_pr   inf_du lg(mu)  ||d||  lg(rg) alpha_du alpha_pr  ls
 190  3.6674783e-01 2.80e-05 2.30e+00  -3.2 4.96e-02    -  1.00e+00 1.00e+00H  1
 191  3.6514931e-01 2.39e-04 8.99e-01  -3.2 4.17e-02    -  1.00e+00 1.00e+00h  1
 192  3.6588765e-01 2.60e-05 1.16e+00  -3.2 3.62e-02    -  1.00e+00 1.00e+00H  1
 193  3.6607444e-01 1.48e-05 1.43e+00  -3.2 6.66e-02    -  1.00e+00 1.00e+00H  1
 194  3.4593241e-01 1.42e-02 1.48e+01  -3.6 4.57e-01    -  1.00e+00 1.00e+00h  1
 195  3.2149934e-01 1.03e-02 8.74e+00  -3.7 4.39e-01    -  6.15e-01 1.00e+00h  1
 196  3.0857201e-01 1.85e-02 1.07e+01  -3.7 7.96e-01    -  5.44e-01 1.00e+00h  1
 197  3.3100044e-01 1.36e-02 5.12e+00  -3.4 8.95e-01    -  7.49e-01 4.53e-01H  1
 198  3.2111968e-01 1.08e-02 7.37e+00  -3.6 3.00e-01    -  7.43e-01 1.00e+00h  1
 199  3.1492958e-01 7.40e-03 8.31e+00  -3.6 5.14e-01    -  7.12e-01 4.74e-01h  1
iter    objective    inf_pr   inf_du lg(mu)  ||d||  lg(rg) alpha_du alpha_pr  ls
 200  3.2142773e-01 4.71e-03 5.97e+00  -3.6 2.32e-01    -  1.00e+00 1.00e+00h  1
 201  3.2580050e-01 3.92e-03 2.71e+00  -3.6 1.56e-01    -  7.73e-01 1.00e+00h  1
 202  3.2968258e-01 8.50e-04 2.19e+00  -3.9 1.23e-01    -  1.00e+00 8.59e-01h  1
 203  3.2674149e-01 1.31e-03 2.56e+00  -4.0 1.34e-01    -  1.00e+00 1.00e+00h  1
 204  3.2044148e-01 1.95e-03 4.33e+00  -4.0 2.00e-01    -  1.00e+00 1.00e+00h  1
 205  3.2056296e-01 7.63e-04 4.80e+00  -4.0 1.06e-01    -  1.00e+00 7.06e-01h  1
 206  3.2575227e-01 5.61e-04 1.79e+00  -3.7 1.07e-01    -  1.00e+00 1.00e+00h  1
 207  3.2565335e-01 1.10e-04 2.00e+00  -4.0 9.06e-02    -  1.00e+00 1.00e+00H  1
 208  3.1891543e-01 1.62e-03 4.94e+00  -4.0 1.74e-01    -  1.00e+00 1.00e+00h  1
 209  3.1394534e-01 2.43e-03 4.94e+00  -4.1 1.40e-01    -  9.88e-01 1.00e+00h  1
iter    objective    inf_pr   inf_du lg(mu)  ||d||  lg(rg) alpha_du alpha_pr  ls
 210  3.2402714e-01 3.73e-03 8.07e+00  -3.6 3.27e-01    -  5.63e-01 1.00e+00h  1
 211  3.1900087e-01 5.31e-03 7.90e+00  -3.8 3.24e-01    -  9.79e-01 7.64e-01h  1
 212  3.1442374e-01 3.29e-03 1.37e+00  -3.8 1.70e-01    -  1.00e+00 1.00e+00f  1
 213  3.1824043e-01 6.60e-04 2.39e+00  -3.8 8.64e-02    -  1.00e+00 8.50e-01h  1
 214  3.1727368e-01 4.56e-04 1.86e+00  -4.0 9.57e-02    -  1.00e+00 4.99e-01h  2
 215  3.1831499e-01 1.56e-04 1.25e+00  -4.0 5.01e-02    -  1.00e+00 1.00e+00h  1
 216  3.1774167e-01 2.41e-04 1.92e+00  -4.0 6.05e-02    -  1.00e+00 1.00e+00h  1
 217  3.1794140e-01 1.32e-04 8.43e-01  -4.0 4.22e-02    -  1.00e+00 1.00e+00h  1
 218  3.1852611e-01 4.30e-05 2.84e-01  -4.0 1.66e-02    -  1.00e+00 1.00e+00h  1
 219  3.1775584e-01 3.96e-04 1.79e+00  -4.0 9.62e-02    -  1.00e+00 1.00e+00h  1
iter    objective    inf_pr   inf_du lg(mu)  ||d||  lg(rg) alpha_du alpha_pr  ls
 220  3.1405133e-01 4.79e-03 7.76e+00  -4.1 1.01e+00    -  7.11e-01 3.28e-01h  1
 221  3.0442217e-01 8.05e-03 1.19e+01  -4.1 2.53e-01    -  9.99e-01 1.00e+00h  1
 222  3.0733530e-01 2.49e-03 2.07e+00  -4.0 1.50e-01    -  8.85e-01 1.00e+00h  1
 223  3.1058164e-01 1.54e-03 9.45e+00  -4.0 1.84e-01    -  8.65e-01 5.16e-01H  1
 224  3.1447705e-01 2.77e-03 5.22e+00  -3.7 1.96e-01    -  9.84e-01 1.00e+00h  1
 225  3.1039264e-01 3.49e-03 4.19e+00  -3.8 2.95e-01    -  1.00e+00 1.00e+00h  1
 226  3.0719343e-01 1.67e-03 3.13e+00  -3.8 2.06e-01    -  1.00e+00 5.93e-01h  1
 227  3.0896747e-01 9.31e-04 2.09e+00  -4.0 1.88e-01    -  1.00e+00 7.24e-01h  1
 228  3.1076928e-01 9.22e-04 3.84e+00  -4.0 9.89e-02    -  1.00e+00 1.00e+00h  1
 229  3.1335540e-01 1.40e-03 2.19e+00  -3.7 1.15e-01    -  1.00e+00 1.00e+00h  1
iter    objective    inf_pr   inf_du lg(mu)  ||d||  lg(rg) alpha_du alpha_pr  ls
 230  3.1569822e-01 2.56e-04 1.94e+00  -3.8 4.98e-02    -  1.00e+00 1.00e+00h  1
 231  3.1408346e-01 3.09e-04 1.15e+00  -4.0 5.46e-02    -  1.00e+00 1.00e+00h  1
 232  3.1400877e-01 2.32e-04 1.64e+00  -4.0 4.91e-02    -  1.00e+00 1.00e+00h  1
 233  3.1391513e-01 1.03e-04 5.91e-01  -4.0 5.32e-02    -  1.00e+00 1.00e+00h  1
 234  3.1425202e-01 2.28e-05 5.29e-01  -4.0 1.57e-02    -  1.00e+00 1.00e+00h  1
 235  3.1397253e-01 6.56e-05 4.49e-01  -4.0 1.77e-02    -  1.00e+00 1.00e+00h  1
 236  3.1284012e-01 3.19e-04 2.41e+00  -4.0 9.50e-02    -  1.00e+00 1.00e+00h  1
 237  3.0922600e-01 1.87e-03 7.28e+00  -4.1 1.96e-01    -  1.00e+00 1.00e+00h  1
 238  3.0611382e-01 1.51e-03 5.62e+00  -4.1 2.64e-01    -  1.00e+00 6.54e-01h  1
 239  3.0779203e-01 7.74e-04 2.73e+00  -4.0 8.25e-02    -  1.00e+00 5.00e-01h  2
iter    objective    inf_pr   inf_du lg(mu)  ||d||  lg(rg) alpha_du alpha_pr  ls
 240  3.1428327e-01 1.76e-03 6.55e+00  -3.7 1.85e-01    -  1.00e+00 1.00e+00h  1
 241  3.1088510e-01 6.32e-04 1.72e+00  -3.8 1.12e-01    -  1.00e+00 1.00e+00h  1
 242  3.1031785e-01 2.47e-04 6.05e+00  -4.0 8.91e-02    -  1.00e+00 5.72e-01H  1
 243  3.1118958e-01 1.21e-04 1.91e+00  -4.0 8.67e-02    -  1.00e+00 9.65e-01H  1
 244  3.0999292e-01 3.09e-04 2.16e+00  -4.0 8.20e-02    -  1.00e+00 1.00e+00h  1
 245  3.1073898e-01 1.61e-04 1.13e+00  -4.0 4.45e-02    -  1.00e+00 1.00e+00h  1
 246  3.1153527e-01 3.04e-05 4.09e-01  -4.0 1.17e-02    -  1.00e+00 1.00e+00h  1
 247  3.1143329e-01 7.92e-05 5.86e-01  -4.0 2.08e-02    -  1.00e+00 1.00e+00h  1
 248  3.1043680e-01 4.24e-04 3.33e+00  -4.0 1.03e-01    -  1.00e+00 1.00e+00h  1
 249  3.0795524e-01 3.04e-03 8.73e+00  -4.1 2.46e-01    -  1.00e+00 1.00e+00h  1
iter    objective    inf_pr   inf_du lg(mu)  ||d||  lg(rg) alpha_du alpha_pr  ls
 250  3.0153317e-01 4.06e-03 9.21e+00  -4.1 1.96e-01    -  1.00e+00 1.00e+00h  1
 251  3.0599986e-01 6.71e-03 4.81e+00  -3.7 3.09e-01    -  1.00e+00 1.00e+00h  1
 252  3.0581785e-01 5.38e-03 7.03e+00  -3.8 3.10e-01    -  1.00e+00 1.98e-01h  1
 253  3.0596603e-01 2.75e-03 3.41e+00  -3.8 2.70e-01    -  9.20e-01 8.65e-01h  1
 254  3.1002976e-01 3.27e-03 7.02e+00  -3.8 1.98e-01    -  4.50e-01 1.00e+00h  1
 255  3.0442783e-01 1.45e-03 1.32e+00  -3.8 1.34e-01    -  1.00e+00 1.00e+00h  1
 256  3.0552066e-01 2.09e-03 7.07e+00  -3.9 1.93e-01    -  1.00e+00 1.00e+00h  1
 257  3.0376706e-01 9.41e-04 6.73e-01  -4.0 1.26e-01    -  1.00e+00 1.00e+00h  1
 258  3.0676845e-01 3.62e-04 1.50e+00  -4.0 8.02e-02    -  1.00e+00 9.54e-01h  1
 259  3.0809886e-01 2.62e-04 1.52e+00  -4.0 4.90e-02    -  1.00e+00 1.00e+00h  1
iter    objective    inf_pr   inf_du lg(mu)  ||d||  lg(rg) alpha_du alpha_pr  ls
 260  3.0807917e-01 1.32e-04 1.10e+00  -4.0 4.39e-02    -  1.00e+00 1.00e+00h  1
 261  3.0848200e-01 5.10e-05 2.93e-01  -4.0 2.21e-02    -  1.00e+00 1.00e+00h  1
 262  3.0876192e-01 1.43e-05 2.71e-01  -4.0 1.28e-02    -  1.00e+00 1.00e+00h  1
 263  3.0871725e-01 2.67e-05 4.04e-01  -4.0 1.74e-02    -  1.00e+00 1.00e+00h  1
 264  3.0852823e-01 1.70e-04 1.33e+00  -4.0 4.38e-02    -  1.00e+00 1.00e+00h  1
 265  3.0749671e-01 7.19e-05 1.09e+00  -4.1 3.43e-02    -  1.00e+00 1.00e+00h  1
 266  3.0766769e-01 6.35e-05 8.93e-01  -4.0 2.56e-02    -  1.00e+00 1.00e+00h  1
 267  3.0807297e-01 8.62e-06 9.10e-01  -4.0 3.47e-02    -  1.00e+00 1.00e+00H  1
 268  3.0791648e-01 1.46e-04 1.16e+00  -4.0 6.13e-02    -  1.00e+00 1.00e+00h  1
 269  3.0562778e-01 7.64e-03 1.13e+01  -4.1 4.62e-01    -  1.00e+00 1.00e+00h  1
iter    objective    inf_pr   inf_du lg(mu)  ||d||  lg(rg) alpha_du alpha_pr  ls
 270  2.9774561e-01 1.19e-02 2.39e+01  -4.1 7.83e-01    -  1.00e+00 7.78e-01h  1
 271  2.7835443e-01 3.56e-02 2.85e+01  -4.0 1.78e+00    -  3.86e-01 4.13e-01h  1
 272  2.8583819e-01 1.95e-02 3.92e+00  -3.8 7.08e-01    -  7.15e-01 1.00e+00h  1
 273  2.8808878e-01 1.63e-02 8.01e+00  -3.6 5.10e-01    -  9.60e-01 1.66e-01h  1
 274  2.8993287e-01 1.50e-02 1.39e+01  -3.4 9.26e-01    -  1.00e+00 8.30e-02h  1
 275  2.9707255e-01 1.38e-02 1.29e+01  -4.0 3.96e-01    -  5.97e-01 1.00e+00h  1
 276  2.9480189e-01 1.11e-02 1.43e+01  -3.7 6.09e-01    -  4.61e-01 1.87e-01h  1
 277  2.9822623e-01 7.63e-03 1.68e+01  -3.4 5.09e-01    -  1.00e+00 5.79e-01h  1
 278  3.0810948e-01 9.67e-03 8.16e+00  -3.5 5.41e-01    -  9.62e-01 1.00e+00h  1
 279  3.0125858e-01 4.94e-03 1.70e+00  -3.5 3.28e-01    -  1.00e+00 1.00e+00h  1
iter    objective    inf_pr   inf_du lg(mu)  ||d||  lg(rg) alpha_du alpha_pr  ls
 280  3.0556887e-01 2.20e-03 2.20e+00  -3.8 2.31e-01    -  1.00e+00 8.80e-01h  1
 281  3.0522956e-01 1.36e-03 3.40e+00  -3.9 2.22e-01    -  1.00e+00 6.37e-01h  1
 282  3.0575531e-01 1.01e-03 8.03e+00  -3.9 8.70e-02    -  1.00e+00 2.50e-01f  3
 283  3.0778611e-01 5.64e-04 1.23e+00  -3.9 6.58e-02    -  9.60e-01 1.00e+00h  1
 284  3.0937872e-01 1.28e-04 1.06e+00  -3.9 4.04e-02    -  1.00e+00 1.00e+00h  1
 285  3.0912823e-01 8.93e-05 8.53e-01  -3.9 2.93e-02    -  1.00e+00 1.00e+00h  1
 286  3.0924978e-01 4.23e-05 4.46e-01  -3.9 2.17e-02    -  1.00e+00 1.00e+00h  1
 287  3.0933573e-01 2.50e-05 5.97e-01  -3.9 2.06e-02    -  1.00e+00 1.00e+00h  1
 288  3.0927219e-01 7.89e-06 2.88e-01  -3.9 1.44e-02    -  1.00e+00 1.00e+00h  1
 289  3.0877057e-01 1.52e-05 3.79e-01  -4.0 1.24e-02    -  1.00e+00 1.00e+00h  1
iter    objective    inf_pr   inf_du lg(mu)  ||d||  lg(rg) alpha_du alpha_pr  ls
 290  3.0542015e-01 3.60e-04 1.22e+00  -4.1 6.50e-02    -  1.00e+00 1.00e+00h  1
 291  3.0280265e-01 1.28e-03 4.89e+00  -4.1 1.28e-01    -  1.00e+00 1.00e+00h  1
 292  3.0351708e-01 7.82e-04 1.99e+00  -4.0 8.26e-02    -  1.00e+00 1.00e+00h  1
 293  3.0433513e-01 3.42e-04 2.75e+00  -4.0 6.24e-02    -  9.03e-01 1.00e+00h  1
 294  3.0455216e-01 1.36e-04 7.13e-01  -4.0 4.30e-02    -  1.00e+00 1.00e+00h  1
 295  3.0521427e-01 2.44e-05 6.91e-01  -4.0 1.69e-02    -  1.00e+00 1.00e+00h  1
 296  3.0521239e-01 2.44e-05 3.03e-01  -4.0 1.10e-02    -  1.00e+00 1.00e+00h  1
 297  3.0507809e-01 5.08e-05 2.78e-01  -4.0 1.28e-02    -  1.00e+00 1.00e+00h  1
 298  3.0511480e-01 3.86e-05 4.71e-01  -4.0 1.76e-02    -  1.00e+00 1.00e+00h  1
 299  3.0405347e-01 2.91e-04 2.38e+00  -4.1 6.67e-02    -  1.00e+00 1.00e+00h  1
iter    objective    inf_pr   inf_du lg(mu)  ||d||  lg(rg) alpha_du alpha_pr  ls
 300  3.0434628e-01 2.07e-04 5.99e-01  -4.0 5.42e-02    -  1.00e+00 1.00e+00h  1
 301  3.0480049e-01 3.98e-05 1.14e+00  -4.0 2.39e-02    -  1.00e+00 1.00e+00h  1
 302  3.0474126e-01 1.73e-05 2.56e-01  -4.0 1.81e-02    -  1.00e+00 1.00e+00h  1
 303  3.0474936e-01 4.12e-07 2.10e-01  -4.0 1.08e-02    -  1.00e+00 1.00e+00H  1
 304  3.0367173e-01 6.20e-03 7.03e+00  -4.0 3.15e-01    -  1.00e+00 9.67e-01h  1
 305  2.9992724e-01 1.23e-02 1.60e+01  -4.1 4.24e-01    -  5.93e-01 1.00e+00h  1
 306  2.8494465e-01 6.87e-03 1.00e+01  -4.1 3.96e-01    -  6.97e-01 1.00e+00h  1
 307  2.9920030e-01 1.15e-03 3.17e+00  -3.7 2.98e-01    -  1.00e+00 9.58e-01H  1
 308  2.9807341e-01 9.57e-03 4.84e+00  -3.8 3.58e-01    -  8.57e-01 1.00e+00h  1
 309  2.8585280e-01 9.86e-03 2.12e+00  -3.9 4.44e-01    -  1.00e+00 8.56e-01h  1
iter    objective    inf_pr   inf_du lg(mu)  ||d||  lg(rg) alpha_du alpha_pr  ls
 310  2.8741941e-01 7.11e-03 1.12e+00  -3.9 3.69e-01    -  6.59e-01 2.94e-01h  1
 311  2.9154888e-01 4.07e-03 3.13e+00  -3.9 2.16e-01    -  1.00e+00 3.97e-01h  1
 312  2.9930328e-01 1.13e-03 6.27e+00  -3.9 1.59e-01    -  2.26e-01 8.67e-01h  1
 313  2.9951211e-01 8.94e-04 2.73e+00  -4.0 1.08e-01    -  1.00e+00 2.50e-01h  3
 314  3.0177516e-01 3.19e-04 1.55e+00  -4.0 7.25e-02    -  1.00e+00 1.00e+00h  1
 315  3.0238607e-01 3.93e-04 1.27e+00  -4.0 6.88e-02    -  1.00e+00 1.00e+00h  1
 316  3.0194659e-01 7.60e-04 2.55e+00  -4.0 1.05e-01    -  1.00e+00 1.00e+00h  1
 317  3.0096483e-01 5.65e-04 1.38e-01  -4.0 8.41e-02    -  1.00e+00 1.00e+00h  1
 318  3.0280130e-01 4.09e-05 3.47e-01  -4.0 2.80e-02    -  1.00e+00 1.00e+00h  1
 319  3.0293212e-01 5.75e-05 8.17e-01  -4.0 2.92e-02    -  1.00e+00 1.00e+00h  1
iter    objective    inf_pr   inf_du lg(mu)  ||d||  lg(rg) alpha_du alpha_pr  ls
 320  3.0289327e-01 3.16e-05 1.29e-01  -4.0 1.72e-02    -  1.00e+00 1.00e+00h  1
 321  3.0301835e-01 2.54e-05 4.78e-02  -4.0 3.30e-03    -  1.00e+00 1.00e+00h  1
 322  3.0300323e-01 1.14e-04 7.06e-01  -4.0 3.25e-02    -  1.00e+00 1.00e+00h  1
 323  3.0170269e-01 1.87e-04 1.23e+00  -4.1 7.49e-02    -  1.00e+00 1.00e+00h  1
 324  3.0041791e-01 8.68e-04 3.81e+00  -4.1 9.95e-02    -  1.00e+00 1.00e+00h  1
 325  2.9986060e-01 6.73e-04 5.37e-01  -4.0 9.12e-02    -  1.00e+00 1.00e+00h  1
 326  3.0186116e-01 2.39e-04 1.24e+00  -4.0 4.52e-02    -  1.00e+00 1.00e+00h  1
 327  3.0080791e-01 1.33e-04 5.47e-01  -4.1 4.06e-02    -  1.00e+00 1.00e+00h  1
 328  3.0169550e-01 1.05e-04 1.13e+00  -4.0 2.93e-02    -  1.00e+00 1.00e+00h  1
 329  3.0209098e-01 3.85e-05 2.20e-01  -4.0 2.62e-02    -  1.00e+00 1.00e+00h  1
iter    objective    inf_pr   inf_du lg(mu)  ||d||  lg(rg) alpha_du alpha_pr  ls
 330  3.0213842e-01 1.44e-05 1.16e-01  -4.0 5.35e-03    -  1.00e+00 1.00e+00h  1
 331  3.0220644e-01 9.50e-05 7.29e-01  -4.0 4.26e-02    -  1.00e+00 1.00e+00h  1
 332  3.0080077e-01 9.02e-04 2.66e+00  -4.1 1.43e-01    -  1.00e+00 1.00e+00h  1
 333  2.9888062e-01 3.37e-03 7.30e+00  -4.1 2.31e-01    -  1.00e+00 1.00e+00h  1
 334  2.9702439e-01 2.50e-03 1.70e+00  -4.0 1.74e-01    -  1.00e+00 1.00e+00h  1
 335  3.0176330e-01 4.60e-03 4.11e+00  -3.7 2.07e-01    -  1.00e+00 1.00e+00h  1
 336  2.9647901e-01 1.77e-03 1.10e+00  -3.8 1.39e-01    -  1.00e+00 1.00e+00h  1
 337  3.0110395e-01 9.59e-04 9.27e+00  -3.6 1.56e-01    -  1.00e+00 6.45e-01h  1
 338  3.0430669e-01 4.49e-04 2.26e+00  -3.7 7.01e-02    -  1.00e+00 1.00e+00h  1
 339  3.0637315e-01 2.53e-04 1.29e+00  -3.7 6.11e-02    -  1.00e+00 1.00e+00h  1
iter    objective    inf_pr   inf_du lg(mu)  ||d||  lg(rg) alpha_du alpha_pr  ls
 340  3.0766726e-01 1.00e-04 9.54e-01  -3.7 3.61e-02    -  1.00e+00 1.00e+00h  1
 341  3.0841655e-01 1.69e-04 1.28e+00  -3.7 4.58e-02    -  1.00e+00 1.00e+00h  1
 342  3.0905007e-01 5.16e-05 5.99e-01  -3.7 2.33e-02    -  1.00e+00 1.00e+00h  1
 343  3.0958309e-01 8.46e-05 8.75e-01  -3.7 2.54e-02    -  1.00e+00 1.00e+00h  1
 344  3.0979610e-01 3.79e-05 4.88e-01  -3.7 2.76e-02    -  1.00e+00 1.00e+00h  1
 345  3.1028582e-01 4.01e-06 4.40e-01  -3.7 1.49e-02    -  1.00e+00 1.00e+00H  1
 346  3.1068028e-01 4.88e-05 4.37e-01  -3.7 2.42e-02    -  1.00e+00 1.00e+00h  1
 347  3.1180862e-01 1.07e-06 1.25e+00  -3.7 6.14e-02    -  1.00e+00 1.00e+00H  1
 348  3.1106959e-01 1.33e-04 1.37e+00  -3.7 4.05e-02    -  1.00e+00 1.00e+00h  1
 349  3.1081356e-01 1.01e-04 4.99e-01  -3.7 3.66e-02    -  1.00e+00 1.00e+00h  1
iter    objective    inf_pr   inf_du lg(mu)  ||d||  lg(rg) alpha_du alpha_pr  ls
 350  3.1132309e-01 3.52e-05 2.19e-01  -3.7 1.58e-02    -  1.00e+00 1.00e+00h  1
 351  3.1136273e-01 7.10e-07 3.86e-01  -3.7 1.59e-02    -  1.00e+00 1.00e+00H  1
 352  3.1135496e-01 2.65e-05 1.76e+00  -3.7 6.99e-02    -  1.00e+00 1.25e-01h  4
 353  3.1145719e-01 5.22e-06 9.71e-01  -3.7 4.05e-02    -  1.00e+00 1.00e+00H  1
 354  3.1146285e-01 5.96e-05 1.42e+00  -3.7 9.35e-02    -  1.00e+00 2.50e-01h  3
 355  3.1154707e-01 3.38e-07 1.78e+00  -3.7 7.11e-02    -  1.00e+00 1.00e+00H  1
 356  3.0596160e-01 1.19e-03 2.87e+00  -4.0 1.29e-01    -  1.00e+00 1.00e+00h  1
 357  3.0103251e-01 1.05e-03 4.02e+00  -4.1 2.70e-01    -  1.00e+00 5.28e-01h  1
 358  2.9765041e-01 2.55e-03 5.25e+00  -4.1 1.91e-01    -  1.00e+00 1.00e+00h  1
 359  2.9699621e-01 9.81e-04 1.17e+00  -4.1 1.26e-01    -  9.50e-01 1.00e+00h  1
iter    objective    inf_pr   inf_du lg(mu)  ||d||  lg(rg) alpha_du alpha_pr  ls
 360  3.0100715e-01 5.36e-04 3.16e+00  -4.0 1.09e-01    -  1.00e+00 1.00e+00h  1
 361  2.9861872e-01 3.46e-04 8.93e-01  -4.1 9.47e-02    -  1.00e+00 1.00e+00h  1
 362  3.0142190e-01 2.08e-04 2.26e+00  -4.0 7.01e-02    -  1.00e+00 1.00e+00h  1
 363  2.9975706e-01 1.63e-04 1.26e+00  -4.1 4.47e-02    -  1.00e+00 1.00e+00h  1
 364  3.0115939e-01 1.42e-04 1.01e+00  -4.0 5.62e-02    -  1.00e+00 1.00e+00h  1
 365  3.0041839e-01 9.72e-05 9.76e-01  -4.1 2.92e-02    -  1.00e+00 1.00e+00h  1
 366  3.0183924e-01 1.35e-05 8.92e-01  -4.0 3.31e-02    -  1.00e+00 1.00e+00H  1
 367  3.0190686e-01 4.25e-05 3.00e-01  -4.0 1.55e-02    -  1.00e+00 1.00e+00h  1
 368  3.0059198e-01 3.72e-05 4.74e-01  -4.1 2.88e-02    -  1.00e+00 1.00e+00h  1
 369  3.0010163e-01 5.79e-05 7.20e-01  -4.1 2.68e-02    -  1.00e+00 1.00e+00h  1
iter    objective    inf_pr   inf_du lg(mu)  ||d||  lg(rg) alpha_du alpha_pr  ls
 370  3.0157435e-01 8.96e-05 3.59e-01  -4.0 3.31e-02    -  1.00e+00 1.00e+00h  1
 371  3.0037354e-01 5.30e-05 4.62e-01  -4.1 2.43e-02    -  1.00e+00 1.00e+00h  1
 372  2.9996715e-01 8.41e-05 7.55e-01  -4.1 2.25e-02    -  1.00e+00 1.00e+00h  1
 373  3.0156472e-01 1.62e-04 8.89e-01  -4.0 5.51e-02    -  1.00e+00 1.00e+00h  1
 374  2.9982781e-01 1.14e-04 3.87e-01  -4.1 3.47e-02    -  1.00e+00 1.00e+00h  1
 375  3.0114250e-01 1.82e-04 1.12e+00  -4.0 4.49e-02    -  1.00e+00 1.00e+00h  1
 376  2.9977747e-01 1.26e-04 2.00e-01  -4.1 4.22e-02    -  1.00e+00 1.00e+00h  1
 377  3.0178331e-01 8.79e-06 5.96e-01  -4.0 3.57e-02    -  1.00e+00 1.00e+00H  1
 378  3.0157444e-01 1.25e-04 1.20e+00  -4.0 4.42e-02    -  1.00e+00 1.00e+00h  1
 379  2.9791282e-01 1.03e-02 8.41e+00  -4.1 4.20e-01    -  1.00e+00 1.00e+00h  1
iter    objective    inf_pr   inf_du lg(mu)  ||d||  lg(rg) alpha_du alpha_pr  ls
 380  2.8622024e-01 5.08e-03 3.23e+00  -4.1 2.82e-01    -  1.00e+00 1.00e+00h  1
 381  2.9233028e-01 5.85e-03 5.35e+00  -4.1 2.48e-01    -  9.55e-01 1.00e+00h  1
 382  2.9033596e-01 2.10e-03 8.94e-01  -4.0 1.90e-01    -  1.00e+00 1.00e+00h  1
 383  2.9904163e-01 6.59e-04 2.12e+00  -4.0 1.34e-01    -  1.00e+00 9.87e-01h  1
 384  2.9771407e-01 2.20e-03 3.04e+00  -4.1 1.94e-01    -  1.00e+00 1.00e+00h  1
 385  2.9628044e-01 1.35e-03 3.33e+00  -4.1 1.21e-01    -  1.00e+00 1.00e+00h  1
 386  2.9803494e-01 5.52e-04 1.92e+00  -4.0 8.85e-02    -  1.00e+00 1.00e+00h  1
 387  2.9885385e-01 2.59e-04 5.63e+00  -4.0 8.06e-02    -  1.00e+00 5.78e-01h  1
 388  3.0014406e-01 1.28e-04 6.29e-01  -4.0 3.58e-02    -  1.00e+00 1.00e+00h  1
 389  2.9964483e-01 1.01e-04 8.97e-01  -4.1 4.27e-02    -  1.00e+00 1.00e+00h  1
iter    objective    inf_pr   inf_du lg(mu)  ||d||  lg(rg) alpha_du alpha_pr  ls
 390  3.0037077e-01 6.42e-05 3.65e-01  -4.0 2.70e-02    -  1.00e+00 1.00e+00h  1
 391  3.0066548e-01 3.49e-05 2.17e-01  -4.0 9.63e-03    -  1.00e+00 1.00e+00h  1
 392  3.0084373e-01 2.15e-06 1.67e-01  -4.0 6.51e-03    -  1.00e+00 1.00e+00H  1
 393  3.0083923e-01 9.45e-05 7.78e-01  -4.0 3.92e-02    -  1.00e+00 1.00e+00h  1
 394  2.9976647e-01 6.10e-05 6.58e-01  -4.1 2.48e-02    -  1.00e+00 1.00e+00h  1
 395  3.0047591e-01 7.76e-05 1.07e+00  -4.0 3.37e-02    -  1.00e+00 1.00e+00h  1
 396  2.9958504e-01 5.71e-05 4.66e-01  -4.1 2.61e-02    -  1.00e+00 1.00e+00h  1
 397  3.0067580e-01 1.07e-06 4.40e-01  -4.0 2.40e-02    -  1.00e+00 1.00e+00H  1
 398  3.0085323e-01 1.20e-04 1.44e+00  -4.0 3.76e-02    -  1.00e+00 1.00e+00h  1
 399  2.9919738e-01 1.52e-04 5.15e-01  -4.1 3.56e-02    -  1.00e+00 1.00e+00h  1
iter    objective    inf_pr   inf_du lg(mu)  ||d||  lg(rg) alpha_du alpha_pr  ls
 400  3.0178211e-01 7.47e-05 1.62e+00  -4.0 5.51e-02    -  1.00e+00 1.00e+00H  1
 401  2.9841160e-01 2.30e-04 2.61e-01  -4.1 5.38e-02    -  1.00e+00 1.00e+00h  1
 402  3.0086362e-01 1.73e-04 7.60e-01  -4.0 4.07e-02    -  1.00e+00 1.00e+00h  1
 403  2.9920904e-01 1.63e-04 8.20e-01  -4.1 4.72e-02    -  1.00e+00 1.00e+00h  1
 404  2.9884006e-01 1.06e-04 4.90e-01  -4.1 4.62e-02    -  1.00e+00 1.00e+00h  1
 405  3.0062729e-01 3.87e-06 3.52e-01  -4.0 3.02e-02    -  1.00e+00 1.00e+00H  1
 406  3.0062464e-01 1.92e-04 2.06e+00  -4.0 4.45e-02    -  1.00e+00 1.00e+00h  1
 407  2.9808199e-01 1.55e-04 3.74e-01  -4.1 4.95e-02    -  1.00e+00 1.00e+00h  1
 408  3.0073554e-01 1.29e-04 1.04e+00  -4.0 4.17e-02    -  1.00e+00 1.00e+00h  1
 409  2.9893601e-01 1.01e-04 8.62e-01  -4.1 3.61e-02    -  1.00e+00 1.00e+00h  1
iter    objective    inf_pr   inf_du lg(mu)  ||d||  lg(rg) alpha_du alpha_pr  ls
 410  2.9866753e-01 1.71e-04 2.19e+00  -4.1 4.33e-02    -  1.00e+00 1.00e+00h  1
 411  2.9936375e-01 1.07e-04 2.26e-01  -4.0 4.11e-02    -  1.00e+00 1.00e+00h  1
 412  2.9934105e-01 1.13e-05 3.58e-01  -4.1 1.06e-02    -  1.00e+00 1.00e+00h  1
 413  3.0055517e-01 3.93e-05 4.42e-01  -4.0 2.57e-02    -  1.00e+00 1.00e+00h  1
 414  2.9880334e-01 5.17e-04 3.13e+00  -4.1 9.72e-02    -  1.00e+00 1.00e+00h  1
 415  2.9819532e-01 2.37e-04 6.20e-01  -4.1 6.94e-02    -  1.00e+00 1.00e+00h  1
 416  3.0086228e-01 2.87e-05 1.61e+00  -4.0 4.38e-02    -  1.00e+00 1.00e+00H  1
 417  2.9869280e-01 1.11e-04 3.53e-01  -4.1 4.21e-02    -  1.00e+00 1.00e+00h  1
 418  2.9809042e-01 3.25e-04 2.23e+00  -4.1 6.05e-02    -  1.00e+00 1.00e+00h  1
 419  2.9898415e-01 2.93e-04 3.78e-01  -4.0 4.48e-02    -  1.00e+00 1.00e+00h  1
iter    objective    inf_pr   inf_du lg(mu)  ||d||  lg(rg) alpha_du alpha_pr  ls
 420  2.9907214e-01 2.84e-05 4.82e-01  -4.1 1.93e-02    -  1.00e+00 1.00e+00h  1
 421  3.0019186e-01 4.21e-05 3.33e-01  -4.0 2.15e-02    -  1.00e+00 1.00e+00h  1
 422  2.9891188e-01 4.56e-05 2.96e-01  -4.1 2.28e-02    -  1.00e+00 1.00e+00h  1
 423  3.0011637e-01 6.44e-04 3.29e+00  -4.0 8.55e-02    -  1.00e+00 1.00e+00h  1
 424  2.9781418e-01 5.11e-04 5.03e-01  -4.1 6.69e-02    -  1.00e+00 1.00e+00h  1
 425  2.9993783e-01 1.79e-04 1.12e+00  -4.0 4.59e-02    -  1.00e+00 1.00e+00h  1
 426  2.9858617e-01 1.56e-04 8.32e-01  -4.1 4.12e-02    -  1.00e+00 1.00e+00h  1
 427  3.0032617e-01 1.45e-05 7.40e-01  -4.0 2.97e-02    -  1.00e+00 1.00e+00H  1
 428  3.0002914e-01 1.07e-04 1.56e+00  -4.0 3.61e-02    -  1.00e+00 1.00e+00h  1
 429  2.9846789e-01 1.81e-04 1.27e-01  -4.1 4.56e-02    -  1.00e+00 1.00e+00h  1
iter    objective    inf_pr   inf_du lg(mu)  ||d||  lg(rg) alpha_du alpha_pr  ls
 430  3.0041832e-01 6.05e-05 4.34e-01  -4.0 3.56e-02    -  1.00e+00 1.00e+00h  1
 431  2.9873619e-01 6.76e-05 5.27e-01  -4.1 3.22e-02    -  1.00e+00 1.00e+00h  1
 432  2.9833513e-01 9.89e-05 1.35e+00  -4.1 4.76e-02    -  1.00e+00 1.00e+00h  1
 433  2.9987315e-01 1.08e-04 3.59e-01  -4.0 4.71e-02    -  1.00e+00 1.00e+00h  1
 434  2.9842798e-01 1.07e-04 1.66e+00  -4.1 3.84e-02    -  1.00e+00 1.00e+00h  1
 435  2.9831693e-01 7.47e-05 7.13e-01  -4.1 2.85e-02    -  1.00e+00 1.00e+00h  1
 436  3.0017726e-01 1.91e-04 1.62e+00  -4.0 4.21e-02    -  1.00e+00 1.00e+00h  1
 437  2.9852005e-01 1.33e-04 3.24e-01  -4.1 3.74e-02    -  1.00e+00 1.00e+00h  1
 438  2.9767295e-01 5.57e-04 4.33e+00  -4.1 8.66e-02    -  1.00e+00 1.00e+00h  1
 439  2.9863574e-01 3.32e-04 1.02e+00  -4.0 6.23e-02    -  1.00e+00 1.00e+00h  1
iter    objective    inf_pr   inf_du lg(mu)  ||d||  lg(rg) alpha_du alpha_pr  ls
 440  2.9783406e-01 1.55e-04 8.57e-01  -4.1 5.08e-02    -  9.21e-01 1.00e+00h  1
 441  3.0043332e-01 3.28e-05 1.50e+00  -4.0 4.27e-02    -  1.00e+00 1.00e+00H  1
 442  2.9827982e-01 9.88e-05 7.25e-01  -4.1 4.86e-02    -  1.00e+00 1.00e+00h  1
 443  2.9951417e-01 3.46e-04 2.06e+00  -4.0 5.81e-02    -  1.00e+00 1.00e+00h  1
 444  2.9791096e-01 2.23e-04 3.98e-01  -4.1 4.85e-02    -  1.00e+00 1.00e+00h  1
 445  3.0012801e-01 2.53e-05 1.58e+00  -4.0 3.99e-02    -  1.00e+00 1.00e+00H  1
 446  2.9851187e-01 1.19e-04 3.37e-01  -4.1 3.28e-02    -  1.00e+00 1.00e+00h  1
 447  2.9809469e-01 1.38e-04 1.39e+00  -4.1 5.50e-02    -  1.00e+00 1.00e+00h  1
 448  2.9925508e-01 1.02e-04 2.24e-01  -4.0 5.17e-02    -  1.00e+00 1.00e+00h  1
 449  2.9859173e-01 3.56e-05 6.97e-01  -4.1 2.15e-02    -  1.00e+00 1.00e+00h  1
iter    objective    inf_pr   inf_du lg(mu)  ||d||  lg(rg) alpha_du alpha_pr  ls
 450  2.9995950e-01 4.17e-05 2.74e-01  -4.0 2.73e-02    -  1.00e+00 1.00e+00h  1
 451  2.9857620e-01 1.69e-04 8.67e-01  -4.1 4.39e-02    -  1.00e+00 1.00e+00h  1
 452  2.9845488e-01 4.63e-05 3.89e-01  -4.1 2.57e-02    -  1.00e+00 1.00e+00h  1
 453  2.9994196e-01 5.84e-05 6.98e-01  -4.0 2.94e-02    -  1.00e+00 1.00e+00h  1
 454  2.9851174e-01 7.87e-05 6.61e-01  -4.1 3.16e-02    -  1.00e+00 1.00e+00h  1
 455  2.9790817e-01 4.19e-04 3.25e+00  -4.1 6.49e-02    -  1.00e+00 1.00e+00h  1
 456  2.9750180e-01 2.38e-04 2.78e-01  -4.1 4.48e-02    -  1.00e+00 1.00e+00h  1
 457  2.9990065e-01 8.92e-05 5.81e-01  -4.0 4.87e-02    -  1.00e+00 1.00e+00h  1
 458  2.9843358e-01 7.53e-05 4.91e-01  -4.1 3.54e-02    -  1.00e+00 1.00e+00h  1
 459  2.9814858e-01 5.43e-05 8.78e-01  -4.1 3.95e-02    -  1.00e+00 1.00e+00h  1
iter    objective    inf_pr   inf_du lg(mu)  ||d||  lg(rg) alpha_du alpha_pr  ls
 460  2.9800065e-01 5.16e-05 7.65e-01  -4.1 2.68e-02    -  1.00e+00 1.00e+00h  1
 461  2.9961033e-01 3.92e-06 3.84e-01  -4.0 3.11e-02    -  1.00e+00 1.00e+00H  1
 462  2.9973783e-01 4.93e-05 7.56e-01  -4.0 2.54e-02    -  1.00e+00 1.00e+00h  1
 463  2.9843260e-01 4.97e-05 1.59e-01  -4.1 3.20e-02    -  1.00e+00 1.00e+00h  1
 464  2.9834576e-01 2.37e-05 4.62e-01  -4.1 1.35e-02    -  1.00e+00 1.00e+00h  1
 465  2.9964231e-01 6.12e-05 2.10e-01  -4.0 2.87e-02    -  1.00e+00 1.00e+00h  1
 466  2.9843267e-01 4.86e-05 4.07e-01  -4.1 2.22e-02    -  1.00e+00 1.00e+00h  1
 467  2.9805393e-01 6.03e-05 7.82e-01  -4.1 2.62e-02    -  1.00e+00 1.00e+00h  1
 468  2.9809269e-01 3.51e-05 4.05e-01  -4.1 3.56e-02    -  1.00e+00 1.00e+00h  1
 469  2.9828101e-01 1.36e-05 2.81e-01  -4.1 1.47e-02    -  1.00e+00 1.00e+00h  1
iter    objective    inf_pr   inf_du lg(mu)  ||d||  lg(rg) alpha_du alpha_pr  ls
 470  2.9964867e-01 5.52e-05 2.68e-01  -4.0 2.57e-02    -  1.00e+00 1.00e+00h  1
 471  2.9803317e-01 3.57e-04 2.81e+00  -4.1 7.16e-02    -  1.00e+00 1.00e+00h  1
 472  2.9724379e-01 2.46e-04 5.54e-01  -4.1 5.24e-02    -  1.00e+00 1.00e+00h  1
 473  3.0005669e-01 1.74e-05 1.17e+00  -4.0 4.47e-02    -  1.00e+00 1.00e+00H  1
 474  2.9809237e-01 1.42e-04 4.90e-01  -4.1 4.28e-02    -  1.00e+00 1.00e+00h  1
 475  2.9763221e-01 1.89e-03 6.58e+00  -4.1 1.64e-01    -  8.37e-01 1.00e+00h  1
 476  2.9459036e-01 7.46e-04 1.21e+00  -4.1 9.07e-02    -  1.00e+00 1.00e+00h  1
 477  2.9649876e-01 5.39e-04 6.56e-01  -4.0 9.95e-02    -  1.00e+00 1.00e+00h  1
 478  2.9747751e-01 1.71e-04 1.55e+00  -4.1 3.92e-02    -  1.00e+00 1.00e+00h  1
 479  2.9754578e-01 9.39e-05 9.82e-01  -4.1 4.92e-02    -  1.00e+00 1.00e+00h  1
iter    objective    inf_pr   inf_du lg(mu)  ||d||  lg(rg) alpha_du alpha_pr  ls
 480  2.9979116e-01 2.55e-05 3.48e-01  -4.0 4.16e-02    -  1.00e+00 1.00e+00H  1
 481  2.9850775e-01 5.28e-05 4.79e-01  -4.1 3.01e-02    -  1.00e+00 1.00e+00h  1
 482  2.9793745e-01 9.39e-05 1.34e+00  -4.1 3.10e-02    -  1.00e+00 1.00e+00h  1
 483  2.9806717e-01 6.93e-05 4.71e-01  -4.1 3.43e-02    -  1.00e+00 1.00e+00h  1
 484  2.9796337e-01 3.02e-05 1.31e+00  -4.1 2.01e-02    -  1.00e+00 1.00e+00h  1
 485  2.9913404e-01 2.13e-06 1.10e-01  -4.0 2.35e-02    -  1.00e+00 1.00e+00H  1
 486  2.9948075e-01 3.85e-05 2.63e-01  -4.0 1.17e-02    -  1.00e+00 1.00e+00h  1
 487  2.9792731e-01 2.15e-04 9.91e-01  -4.1 4.92e-02    -  1.00e+00 1.00e+00h  1
 488  2.9760728e-01 9.21e-05 1.52e+00  -4.1 4.28e-02    -  1.00e+00 1.00e+00h  1
 489  2.9788991e-01 9.02e-05 1.00e+00  -4.1 3.78e-02    -  1.00e+00 1.00e+00h  1
iter    objective    inf_pr   inf_du lg(mu)  ||d||  lg(rg) alpha_du alpha_pr  ls
 490  2.9777301e-01 2.99e-05 3.96e-01  -4.1 1.91e-02    -  1.00e+00 1.00e+00h  1
 491  2.9936687e-01 5.53e-07 3.62e-01  -4.0 2.92e-02    -  1.00e+00 1.00e+00H  1
 492  2.9936499e-01 1.15e-04 1.70e+00  -4.0 5.16e-02    -  1.00e+00 1.00e+00h  1
 493  2.9723307e-01 2.01e-04 8.86e-01  -4.1 6.17e-02    -  1.00e+00 1.00e+00h  1
 494  2.9812832e-01 9.63e-04 2.43e+00  -4.0 1.27e-01    -  1.00e+00 1.00e+00h  1
 495  2.9524092e-01 6.14e-04 4.79e-01  -4.1 9.30e-02    -  1.00e+00 1.00e+00h  1
 496  2.9773104e-01 7.83e-05 1.04e+00  -4.1 4.07e-02    -  1.00e+00 1.00e+00h  1
 497  2.9768792e-01 8.00e-05 6.30e-01  -4.1 3.70e-02    -  1.00e+00 1.00e+00h  1
 498  2.9785914e-01 4.16e-05 3.82e-01  -4.1 2.26e-02    -  1.00e+00 1.00e+00h  1
 499  2.9890261e-01 6.65e-05 1.91e-01  -4.0 1.76e-02    -  1.00e+00 1.00e+00h  1
iter    objective    inf_pr   inf_du lg(mu)  ||d||  lg(rg) alpha_du alpha_pr  ls
 500  2.9784521e-01 1.28e-04 8.77e-01  -4.1 4.50e-02    -  1.00e+00 1.00e+00h  1

Number of Iterations....: 500

                                   (scaled)                 (unscaled)
Objective...............:   2.9784520923151242e-01    2.9784520923151242e-01
Dual infeasibility......:   8.7684325976706767e-01    8.7684325976706767e-01
Constraint violation....:   1.2783937330684836e-04    1.2783937330684836e-04
Variable bound violation:   0.0000000000000000e+00    0.0000000000000000e+00
Complementarity.........:   8.1154979914007863e-05    8.1154979914007863e-05
Overall NLP error.......:   8.7684325976706767e-01    8.7684325976706767e-01


Number of objective function evaluations             = 596
Number of objective gradient evaluations             = 501
Number of equality constraint evaluations            = 596
Number of inequality constraint evaluations          = 596
Number of equality constraint Jacobian evaluations   = 501
Number of inequality constraint Jacobian evaluations = 501
Number of Lagrangian Hessian evaluations             = 0
Total seconds in IPOPT                               = 810.217

EXIT: Maximum Number of Iterations Exceeded.
