This is Ipopt version 3.14.19, running with linear solver MUMPS 5.8.2.

Number of nonzeros in equality constraint Jacobian...:    60367
Number of nonzeros in inequality constraint Jacobian.:        0
Number of nonzeros in Lagrangian Hessian.............:        0

Total number of variables............................:      837
                     variables with only lower bounds:        0
                variables with lower and upper bounds:      718
                     variables with only upper bounds:        0
Total number of equality constraints.................:      741
Total number of inequality constraints...............:        0
        inequality constraints with only lower bounds:        0
   inequality constraints with lower and upper bounds:        0
        inequality constraints with only upper bounds:        0

iter    objective    inf_pr   inf_du lg(mu)  ||d||  lg(rg) alpha_du alpha_pr  ls
   0  8.1821563e+01 3.00e-01 1.10e+01   0.0 0.00e+00    -  0.00e+00 0.00e+00   0
   1  7.0335914e+01 2.79e-01 1.51e+01  -0.5 2.97e+00    -  2.67e-01 7.32e-02f  1
   2  6.2741273e+01 2.58e-01 7.16e+01  -0.3 1.48e+00    -  5.96e-01 7.94e-02f  1
   3  1.8538356e+01 2.11e-01 8.20e+01  -0.4 1.11e+00    -  9.81e-01 5.01e-01f  1
   4  1.6421507e+00 1.53e-01 7.18e+01  -1.3 7.31e-01    -  4.07e-01 3.09e-01f  1
   5  6.4827445e+00 1.33e-01 1.00e+02   0.1 1.15e+00    -  8.81e-01 2.25e-01f  1
   6  2.9379687e+00 5.43e-02 7.59e+01  -0.3 4.46e-01    -  7.60e-01 5.97e-01f  1
   7  5.2469008e+00 2.85e-02 2.90e+01  -0.2 2.84e-01    -  9.66e-01 1.00e+00f  1
   8  5.7799634e-01 1.81e-02 2.74e+01  -0.7 2.03e-01    -  9.99e-01 9.43e-01f  1
   9  7.1048032e-01 9.70e-03 1.95e+01  -1.0 1.48e-01    -  1.00e+00 1.00e+00h  1
iter    objective    inf_pr   inf_du lg(mu)  ||d||  lg(rg) alpha_du alpha_pr  ls
  10  1.9117624e-01 4.33e-03 1.77e+01  -1.4 1.03e-01    -  9.98e-01 1.00e+00h  1
  11  5.5076952e-02 2.38e-03 4.37e+00  -1.8 6.00e-02    -  1.00e+00 9.42e-01h  1
  12  1.2199238e-02 9.89e-04 1.29e+00  -2.9 4.57e-02    -  1.00e+00 9.81e-01h  1
  13  1.3577219e-02 3.07e-04 3.55e-01  -2.9 2.50e-02    -  9.99e-01 1.00e+00h  1
  14  9.1881585e-03 3.88e-04 3.92e-01  -3.6 2.52e-02    -  1.00e+00 1.00e+00h  1
  15  8.3756543e-03 2.52e-04 2.55e-01  -4.0 1.54e-02    -  1.00e+00 1.00e+00h  1
  16  8.1238280e-03 2.22e-04 8.73e-02  -4.0 1.37e-02    -  1.00e+00 1.00e+00h  1
  17  7.4385243e-03 4.73e-03 1.10e-01  -4.0 5.52e-02    -  1.00e+00 1.00e+00h  1
  18  7.5722321e-03 1.48e-03 2.29e-01  -4.0 7.12e-02    -  1.00e+00 1.00e+00H  1
  19  7.1075069e-03 9.21e-04 2.15e-01  -4.0 1.19e-01    -  1.00e+00 5.00e-01h  2
iter    objective    inf_pr   inf_du lg(mu)  ||d||  lg(rg) alpha_du alpha_pr  ls
  20  6.6959075e-03 7.52e-04 7.00e-02  -4.0 1.64e-02    -  1.00e+00 1.00e+00h  1
  21  6.4898716e-03 6.58e-04 4.86e-02  -4.0 1.78e-02    -  1.00e+00 1.00e+00h  1
  22  6.1505858e-03 2.23e-03 1.21e-01  -4.0 4.06e-02    -  1.00e+00 1.00e+00h  1
  23  5.7746083e-03 3.92e-03 1.77e-01  -4.0 5.95e-02    -  1.00e+00 1.00e+00h  1
  24  5.4478336e-03 1.99e-03 1.35e-01  -4.0 4.92e-02    -  1.00e+00 1.00e+00h  1
  25  5.5293581e-03 6.75e-04 2.43e-02  -4.0 3.19e-02    -  1.00e+00 1.00e+00h  1
  26  5.5961511e-03 2.48e-04 2.18e-02  -4.0 2.15e-02    -  1.00e+00 1.00e+00h  1
  27  5.5986127e-03 1.83e-04 4.50e-02  -4.0 1.70e-02    -  1.00e+00 1.00e+00h  1
  28  5.5631148e-03 9.81e-05 4.56e-02  -4.0 1.32e-02    -  1.00e+00 1.00e+00h  1
  29  5.5380938e-03 6.36e-05 1.90e-01  -4.0 1.64e-02    -  1.00e+00 5.00e-01h  2
iter    objective    inf_pr   inf_du lg(mu)  ||d||  lg(rg) alpha_du alpha_pr  ls
  30  5.4534895e-03 1.88e-04 6.58e-02  -4.0 1.69e-02    -  1.00e+00 1.00e+00h  1
  31  5.2684352e-03 8.96e-04 1.49e-01  -4.0 4.02e-02    -  1.00e+00 1.00e+00h  1
  32  5.0838439e-03 1.01e-03 2.85e-01  -4.0 9.41e-02    -  1.00e+00 5.00e-01h  2
  33  5.1507394e-03 7.64e-04 3.54e-01  -4.0 5.63e-02    -  1.00e+00 1.00e+00H  1
  34  4.9595446e-03 5.40e-04 7.06e-02  -4.0 2.30e-02    -  1.00e+00 1.00e+00h  1
  35  4.8650750e-03 2.93e-04 2.95e-02  -4.0 2.66e-02    -  1.00e+00 1.00e+00h  1
  36  4.8543753e-03 5.25e-05 3.47e-02  -4.0 9.73e-03    -  1.00e+00 1.00e+00h  1
  37  4.8389365e-03 2.89e-05 3.46e-02  -4.0 6.73e-03    -  1.00e+00 1.00e+00h  1
  38  4.8142233e-03 5.66e-05 3.72e-02  -4.0 1.24e-02    -  1.00e+00 1.00e+00h  1
  39  4.7613334e-03 1.25e-03 2.60e-01  -4.0 6.28e-02    -  1.00e+00 1.00e+00h  1
iter    objective    inf_pr   inf_du lg(mu)  ||d||  lg(rg) alpha_du alpha_pr  ls
  40  4.6380906e-03 4.51e-03 5.08e-01  -4.0 7.50e-02    -  1.00e+00 1.00e+00h  1
  41  4.5278307e-03 1.03e-03 2.31e-01  -4.0 4.29e-02    -  1.00e+00 1.00e+00h  1
  42  4.5252749e-03 5.62e-04 3.07e-02  -4.0 2.56e-02    -  1.00e+00 1.00e+00h  1
  43  4.6896600e-03 1.73e-04 2.07e-02  -4.0 1.87e-02    -  1.00e+00 1.00e+00h  1
  44  4.5673028e-03 9.79e-05 2.78e-02  -4.0 1.38e-02    -  1.00e+00 1.00e+00h  1
  45  4.5787748e-03 3.75e-05 3.22e-02  -4.0 8.16e-03    -  1.00e+00 1.00e+00h  1
  46  4.5924484e-03 2.33e-05 5.18e-01  -4.0 6.96e-03    -  1.00e+00 5.00e-01h  2
  47  4.6009908e-03 1.20e-05 4.54e-01  -4.0 5.12e-03    -  1.00e+00 5.00e-01h  2
  48  4.5984853e-03 1.10e-05 4.52e-01  -4.0 7.29e-03    -  1.00e+00 5.00e-01h  2
  49  4.4852866e-03 1.07e-04 6.37e-02  -4.1 1.19e-02    -  1.00e+00 1.00e+00h  1
iter    objective    inf_pr   inf_du lg(mu)  ||d||  lg(rg) alpha_du alpha_pr  ls
  50  4.5589629e-03 3.28e-05 5.03e-02  -4.0 5.41e-03    -  1.00e+00 1.00e+00h  1
  51  4.5651451e-03 3.46e-05 1.62e-02  -4.0 6.03e-03    -  1.00e+00 1.00e+00h  1
  52  4.5782800e-03 1.57e-05 2.84e-02  -4.0 4.36e-03    -  1.00e+00 1.00e+00h  1
  53  4.5837743e-03 1.22e-05 4.70e-02  -4.0 4.80e-03    -  1.00e+00 1.00e+00h  1
  54  4.5951140e-03 8.13e-06 1.02e-01  -4.0 1.12e-02    -  1.00e+00 1.00e+00H  1
  55  4.5597810e-03 4.18e-05 8.31e-02  -4.0 7.32e-03    -  1.00e+00 1.00e+00h  1
  56  4.4575718e-03 2.50e-05 2.35e-02  -4.1 6.35e-03    -  1.00e+00 1.00e+00h  1
  57  4.5275715e-03 2.76e-05 1.63e-02  -4.0 5.73e-03    -  1.00e+00 1.00e+00h  1
  58  4.5509384e-03 7.24e-06 3.65e-02  -4.0 6.14e-03    -  1.00e+00 1.00e+00H  1
  59  4.5324358e-03 6.93e-05 5.67e-02  -4.0 1.01e-02    -  1.00e+00 1.00e+00h  1
iter    objective    inf_pr   inf_du lg(mu)  ||d||  lg(rg) alpha_du alpha_pr  ls
  60  4.4279313e-03 4.32e-05 5.56e-02  -4.1 9.59e-03    -  1.00e+00 1.00e+00h  1
  61  4.5191218e-03 1.19e-05 1.13e-02  -4.0 4.41e-03    -  1.00e+00 1.00e+00h  1
  62  4.5299299e-03 4.62e-06 1.82e-02  -4.0 2.72e-03    -  1.00e+00 1.00e+00h  1
  63  4.5281920e-03 8.62e-06 2.79e-02  -4.0 3.69e-03    -  1.00e+00 1.00e+00h  1
  64  4.4478681e-03 7.81e-05 1.06e-01  -4.1 1.12e-02    -  1.00e+00 1.00e+00h  1
  65  4.4000225e-03 1.14e-04 1.75e-01  -4.1 1.57e-02    -  1.00e+00 1.00e+00h  1
  66  4.5740918e-03 9.82e-05 3.15e-01  -4.0 6.51e-02    -  1.00e+00 5.00e-01h  2
  67  4.3818407e-03 2.71e-05 3.08e-02  -4.1 2.85e-02    -  1.00e+00 1.00e+00h  1
  68  4.4815882e-03 1.51e-05 2.61e-02  -4.0 4.36e-03    -  1.00e+00 1.00e+00h  1
  69  4.4925259e-03 4.67e-06 2.73e-02  -4.0 3.75e-03    -  1.00e+00 1.00e+00h  1
iter    objective    inf_pr   inf_du lg(mu)  ||d||  lg(rg) alpha_du alpha_pr  ls
  70  4.5003810e-03 2.41e-06 2.28e-02  -4.0 2.57e-03    -  1.00e+00 1.00e+00h  1
  71  4.4977566e-03 2.22e-06 3.29e-02  -4.0 2.16e-03    -  1.00e+00 1.00e+00h  1
  72  4.4963552e-03 3.31e-06 3.33e-02  -4.0 2.12e-03    -  1.00e+00 1.00e+00h  1
  73  4.4966878e-03 2.64e-06 3.74e-02  -4.0 2.21e-03    -  1.00e+00 1.00e+00h  1
  74  4.4986043e-03 9.08e-07 1.52e-02  -4.0 1.52e-03    -  1.00e+00 1.00e+00h  1
  75  4.4981517e-03 2.20e-06 2.31e-02  -4.0 2.16e-03    -  1.00e+00 1.00e+00h  1
  76  4.4005224e-03 5.48e-05 1.20e-01  -4.1 9.82e-03    -  1.00e+00 1.00e+00h  1
  77  4.3550491e-03 1.67e-04 2.92e-01  -4.1 2.00e-02    -  1.00e+00 1.00e+00h  1
  78  4.4108585e-03 1.48e-04 3.16e-01  -4.0 5.36e-02    -  1.00e+00 5.00e-01h  2
  79  4.3415104e-03 8.29e-05 5.32e-02  -4.1 2.03e-02    -  1.00e+00 1.00e+00h  1
iter    objective    inf_pr   inf_du lg(mu)  ||d||  lg(rg) alpha_du alpha_pr  ls
  80  4.4248048e-03 5.94e-05 7.42e-02  -4.0 9.48e-03    -  1.00e+00 1.00e+00h  1
  81  4.3231533e-03 2.70e-05 2.53e-02  -4.1 5.91e-03    -  1.00e+00 1.00e+00h  1
  82  4.4295886e-03 3.11e-05 2.52e-02  -4.0 4.04e-03    -  1.00e+00 1.00e+00h  1
  83  4.4330152e-03 9.02e-06 2.76e-02  -4.0 3.80e-03    -  1.00e+00 1.00e+00h  1
  84  4.4490391e-03 7.37e-06 2.02e-02  -4.0 2.68e-03    -  1.00e+00 1.00e+00h  1
  85  4.4542993e-03 4.43e-06 2.51e-02  -4.0 2.91e-03    -  1.00e+00 1.00e+00h  1
  86  4.4583811e-03 3.31e-06 1.62e+00  -4.0 1.94e-03    -  1.00e+00 2.50e-01h  3
  87  4.4666466e-03 8.38e-07 3.49e-02  -4.0 1.56e-03    -  1.00e+00 1.00e+00H  1
  88  4.4601419e-03 1.49e-06 2.05e-02  -4.0 1.08e-03    -  1.00e+00 1.00e+00h  1
  89  4.3780708e-03 3.17e-07 1.23e-02  -4.1 6.48e-04    -  1.00e+00 1.00e+00h  1
iter    objective    inf_pr   inf_du lg(mu)  ||d||  lg(rg) alpha_du alpha_pr  ls
  90  4.4576883e-03 3.99e-07 8.78e-03  -4.0 7.57e-04    -  1.00e+00 1.00e+00h  1
  91  4.4576960e-03 2.26e-07 1.11e-02  -4.0 6.70e-04    -  1.00e+00 1.00e+00h  1
  92  4.3597168e-03 2.98e-05 1.51e-01  -4.1 8.59e-03    -  1.00e+00 1.00e+00h  1
  93  4.3170871e-03 1.40e-04 4.66e-01  -4.1 2.03e-02    -  1.00e+00 1.00e+00h  1
  94  4.5178640e-03 2.53e-04 2.60e-01  -4.0 3.71e-02    -  1.00e+00 1.00e+00h  1
  95  4.2880845e-03 6.67e-05 1.17e-01  -4.1 4.07e-02    -  1.00e+00 1.00e+00h  1
  96  4.3828398e-03 1.64e-05 4.74e-02  -4.0 1.01e-02    -  1.00e+00 1.00e+00h  1
  97  4.3147212e-03 1.37e-05 9.92e-02  -4.1 5.16e-03    -  1.00e+00 1.00e+00H  1
  98  4.3884035e-03 1.65e-05 3.21e-02  -4.0 4.78e-03    -  1.00e+00 1.00e+00h  1
  99  4.2979953e-03 1.12e-05 3.74e-02  -4.1 5.44e-03    -  1.00e+00 1.00e+00h  1
iter    objective    inf_pr   inf_du lg(mu)  ||d||  lg(rg) alpha_du alpha_pr  ls
 100  4.3949227e-03 1.97e-05 4.94e-02  -4.0 3.77e-03    -  1.00e+00 1.00e+00h  1
 101  4.3038825e-03 4.86e-06 3.29e-02  -4.1 3.22e-03    -  1.00e+00 1.00e+00h  1
 102  4.3869267e-03 2.80e-06 1.44e-02  -4.0 1.90e-03    -  1.00e+00 1.00e+00h  1
 103  4.3084002e-03 2.13e-06 4.46e-02  -4.1 2.26e-03    -  1.00e+00 1.00e+00h  1
 104  4.3011302e-03 7.00e-06 8.09e-01  -4.1 8.17e-03    -  1.00e+00 5.00e-01h  2
 105  4.2922416e-03 6.90e-06 1.06e-01  -4.1 6.09e-03    -  1.00e+00 1.00e+00h  1
 106  4.3757586e-03 8.31e-06 4.24e-02  -4.0 4.95e-03    -  1.00e+00 1.00e+00h  1
 107  4.2809774e-03 4.48e-06 1.65e-02  -4.1 2.87e-03    -  1.00e+00 1.00e+00h  1
 108  4.3663092e-03 1.26e-06 1.51e-02  -4.0 1.94e-03    -  1.00e+00 1.00e+00h  1
 109  4.3625937e-03 4.98e-06 4.42e-02  -4.0 3.60e-03    -  1.00e+00 1.00e+00h  1
iter    objective    inf_pr   inf_du lg(mu)  ||d||  lg(rg) alpha_du alpha_pr  ls
 110  4.2790132e-03 7.21e-05 1.82e-01  -4.1 1.43e-02    -  1.00e+00 1.00e+00h  1
 111  4.3237947e-03 5.80e-05 2.08e-01  -4.0 1.38e-02    -  1.00e+00 1.00e+00h  1
 112  4.2780554e-03 2.83e-05 4.35e-02  -4.1 1.47e-02    -  1.00e+00 1.00e+00h  1
 113  4.3270587e-03 9.96e-06 1.92e-02  -4.0 1.34e-02    -  1.00e+00 1.00e+00h  1
 114  4.2508652e-03 9.07e-06 4.69e-02  -4.1 5.64e-03    -  1.00e+00 1.00e+00h  1
 115  4.3305098e-03 1.18e-04 1.45e-01  -4.0 1.91e-02    -  1.00e+00 1.00e+00h  1
 116  4.2481310e-03 1.55e-04 2.50e-01  -4.1 2.34e-02    -  1.00e+00 1.00e+00h  1
 117  4.2746606e-03 1.68e-04 1.24e-01  -4.0 1.74e-02    -  1.00e+00 1.00e+00h  1
 118  4.1726513e-03 8.41e-05 3.10e-02  -4.1 1.18e-02    -  1.00e+00 1.00e+00h  1
 119  4.3098079e-03 4.83e-05 2.04e-01  -4.0 1.56e-02    -  1.00e+00 1.00e+00H  1
iter    objective    inf_pr   inf_du lg(mu)  ||d||  lg(rg) alpha_du alpha_pr  ls
 120  4.2278650e-03 3.17e-05 1.11e-01  -4.1 1.50e-02    -  1.00e+00 1.00e+00h  1
 121  4.2683399e-03 3.22e-05 4.32e-02  -4.0 8.34e-03    -  1.00e+00 1.00e+00h  1
 122  4.1932129e-03 4.46e-05 5.95e-02  -4.1 9.32e-03    -  1.00e+00 1.00e+00h  1
 123  4.2768483e-03 2.81e-05 5.73e-02  -4.0 4.78e-03    -  1.00e+00 1.00e+00h  1
 124  4.1936757e-03 1.03e-05 1.47e-02  -4.1 5.29e-03    -  1.00e+00 1.00e+00h  1
 125  4.2377430e-03 5.26e-06 2.66e-01  -4.0 2.93e-03    -  1.00e+00 5.00e-01h  2
 126  4.2966379e-03 1.48e-06 5.47e-02  -4.0 4.34e-03    -  1.00e+00 1.00e+00H  1
 127  4.2830693e-03 1.43e-05 7.23e-02  -4.0 4.66e-03    -  1.00e+00 1.00e+00h  1
 128  4.1955690e-03 8.86e-06 6.70e-02  -4.1 6.49e-03    -  1.00e+00 1.00e+00h  1
 129  4.1853947e-03 1.39e-05 3.58e-02  -4.1 4.89e-03    -  1.00e+00 1.00e+00h  1
iter    objective    inf_pr   inf_du lg(mu)  ||d||  lg(rg) alpha_du alpha_pr  ls
 130  4.2738106e-03 5.43e-06 1.58e-02  -4.0 2.14e-03    -  1.00e+00 1.00e+00h  1
 131  4.2879538e-03 1.43e-06 3.25e-02  -4.0 1.73e-03    -  1.00e+00 1.00e+00H  1
 132  4.2849395e-03 3.52e-06 5.10e-02  -4.0 2.92e-03    -  1.00e+00 1.00e+00h  1
 133  4.1949591e-03 2.64e-06 4.21e-02  -4.1 1.68e-03    -  1.00e+00 1.00e+00h  1
 134  4.2810250e-03 1.18e-06 1.94e-02  -4.0 1.31e-03    -  1.00e+00 1.00e+00h  1
 135  4.2860821e-03 7.96e-07 3.08e-02  -4.0 1.51e-03    -  1.00e+00 1.00e+00H  1
 136  4.2819991e-03 4.82e-06 6.92e-02  -4.0 3.45e-03    -  1.00e+00 1.00e+00h  1
 137  4.1973335e-03 3.68e-06 8.87e-02  -4.1 3.01e-03    -  1.00e+00 1.00e+00h  1
 138  4.1933353e-03 3.70e-06 6.50e-02  -4.1 2.82e-03    -  1.00e+00 1.00e+00h  1
 139  4.1888115e-03 9.78e-06 7.11e-02  -4.1 4.45e-03    -  1.00e+00 1.00e+00h  1
iter    objective    inf_pr   inf_du lg(mu)  ||d||  lg(rg) alpha_du alpha_pr  ls
 140  4.1828826e-03 2.19e-05 8.07e-01  -4.1 2.30e-02    -  1.00e+00 2.50e-01h  3
 141  4.1815590e-03 4.63e-04 6.50e-01  -4.1 3.26e-02    -  1.00e+00 1.00e+00h  1
 142  4.1766257e-03 3.07e-04 7.44e-01  -4.1 2.93e-02    -  1.00e+00 5.00e-01h  2
 143  4.1617761e-03 7.52e-05 1.82e-01  -4.1 1.02e-02    -  1.00e+00 1.00e+00h  1
 144  4.2594182e-03 2.62e-05 4.79e-02  -4.0 1.52e-02    -  1.00e+00 1.00e+00h  1
 145  4.1384475e-03 2.24e-05 9.69e-02  -4.1 8.75e-03    -  1.00e+00 1.00e+00h  1
 146  4.2483493e-03 1.59e-05 2.57e-02  -4.0 7.58e-03    -  1.00e+00 1.00e+00H  1
 147  4.1374852e-03 1.30e-05 1.33e-02  -4.1 6.43e-03    -  1.00e+00 1.00e+00h  1
 148  4.2242605e-03 8.57e-06 1.63e-02  -4.0 3.75e-03    -  1.00e+00 1.00e+00h  1
 149  4.1514278e-03 4.57e-06 1.39e-02  -4.1 2.45e-03    -  1.00e+00 1.00e+00h  1
iter    objective    inf_pr   inf_du lg(mu)  ||d||  lg(rg) alpha_du alpha_pr  ls
 150  4.2397055e-03 2.41e-06 2.72e-02  -4.0 1.83e-03    -  1.00e+00 1.00e+00h  1
 151  4.1584366e-03 1.18e-06 2.44e-02  -4.1 1.26e-03    -  1.00e+00 1.00e+00h  1
 152  4.1515563e-03 1.12e-06 1.67e-02  -4.1 1.34e-03    -  1.00e+00 1.00e+00h  1
 153  4.1507117e-03 2.05e-06 3.75e-02  -4.1 2.07e-03    -  1.00e+00 1.00e+00h  1
 154  4.2337208e-03 1.35e-06 2.06e-02  -4.0 2.62e-03    -  1.00e+00 1.00e+00h  1
 155  4.2320424e-03 9.62e-07 1.32e-02  -4.0 1.18e-03    -  1.00e+00 1.00e+00h  1
 156  4.2377975e-03 3.57e-05 1.42e-01  -4.0 7.64e-03    -  1.00e+00 1.00e+00h  1
 157  4.1410344e-03 9.73e-05 2.71e-01  -4.1 1.29e-02    -  1.00e+00 1.00e+00h  1
 158  4.1378664e-03 6.93e-05 1.78e-01  -4.1 1.20e-02    -  1.00e+00 1.00e+00h  1
 159  4.1288929e-03 6.59e-05 5.80e-01  -4.1 4.44e-02    -  1.00e+00 2.50e-01h  3
iter    objective    inf_pr   inf_du lg(mu)  ||d||  lg(rg) alpha_du alpha_pr  ls
 160  4.2239424e-03 2.48e-05 4.41e-02  -4.0 5.79e-03    -  1.00e+00 1.00e+00h  1
 161  4.1380864e-03 1.89e-05 1.48e-02  -4.1 8.03e-03    -  1.00e+00 1.00e+00h  1
 162  4.1302266e-03 6.03e-06 1.06e-02  -4.1 8.54e-03    -  1.00e+00 1.00e+00h  1
 163  4.2179707e-03 4.92e-06 2.70e-02  -4.0 3.20e-03    -  1.00e+00 1.00e+00h  1
 164  4.1329050e-03 2.21e-06 2.52e-02  -4.1 2.11e-03    -  1.00e+00 1.00e+00h  1
 165  4.2155674e-03 1.08e-06 1.58e-02  -4.0 1.22e-03    -  1.00e+00 1.00e+00h  1
 166  4.1272085e-03 3.93e-06 3.75e-02  -4.1 2.15e-03    -  1.00e+00 1.00e+00h  1
 167  4.2089392e-03 1.55e-06 2.32e-02  -4.0 1.75e-03    -  1.00e+00 1.00e+00h  1
 168  4.1272809e-03 1.21e-06 1.33e-02  -4.1 1.28e-03    -  1.00e+00 1.00e+00h  1
 169  4.2101910e-03 4.01e-07 8.56e-03  -4.0 1.21e-03    -  1.00e+00 1.00e+00h  1
iter    objective    inf_pr   inf_du lg(mu)  ||d||  lg(rg) alpha_du alpha_pr  ls
 170  4.2110637e-03 3.61e-06 4.29e-02  -4.0 2.41e-03    -  1.00e+00 1.00e+00h  1
 171  4.1289120e-03 2.06e-05 8.46e-02  -4.1 7.27e-03    -  1.00e+00 1.00e+00h  1
 172  4.1256069e-03 5.25e-06 8.10e-02  -4.1 8.65e-03    -  1.00e+00 1.00e+00h  1
 173  4.2215876e-03 1.00e-05 4.95e-02  -4.0 1.06e-02    -  1.00e+00 1.00e+00h  1
 174  4.1185763e-03 9.64e-06 1.62e-02  -4.1 4.43e-03    -  1.00e+00 1.00e+00h  1
 175  4.2056553e-03 3.69e-06 1.37e-02  -4.0 1.97e-03    -  1.00e+00 1.00e+00h  1
 176  4.1255864e-03 5.67e-06 2.79e-02  -4.1 3.29e-03    -  1.00e+00 1.00e+00h  1
 177  4.1262548e-03 1.21e-05 1.37e-01  -4.1 8.59e-03    -  1.00e+00 5.00e-01h  2
 178  4.1229760e-03 2.03e-05 8.97e-02  -4.1 7.25e-03    -  1.00e+00 1.00e+00h  1
 179  4.1157065e-03 1.55e-05 4.11e-02  -4.1 5.55e-03    -  1.00e+00 1.00e+00h  1
iter    objective    inf_pr   inf_du lg(mu)  ||d||  lg(rg) alpha_du alpha_pr  ls
 180  4.2009413e-03 5.33e-06 6.74e-03  -4.0 2.67e-03    -  1.00e+00 1.00e+00h  1
 181  4.1250451e-03 3.45e-06 1.46e-02  -4.1 2.61e-03    -  1.00e+00 1.00e+00h  1
 182  4.1265299e-03 7.24e-07 9.85e-03  -4.1 2.74e-03    -  1.00e+00 1.00e+00h  1
 183  4.2098888e-03 7.56e-07 1.22e-02  -4.0 2.29e-03    -  1.00e+00 1.00e+00h  1
 184  4.1276856e-03 1.27e-06 2.25e-02  -4.1 1.72e-03    -  1.00e+00 1.00e+00h  1
 185  4.1257025e-03 5.55e-07 1.08e-02  -4.1 1.29e-03    -  1.00e+00 1.00e+00h  1
 186  4.2085160e-03 5.97e-07 6.24e-03  -4.0 8.43e-04    -  1.00e+00 1.00e+00h  1
 187  4.1276126e-03 2.96e-07 9.38e-03  -4.1 7.35e-04    -  1.00e+00 1.00e+00h  1
 188  4.2106703e-03 1.70e-06 2.28e-02  -4.0 1.95e-03    -  1.00e+00 1.00e+00h  1
 189  4.1262202e-03 3.71e-06 3.20e-02  -4.1 3.84e-03    -  1.00e+00 1.00e+00h  1
iter    objective    inf_pr   inf_du lg(mu)  ||d||  lg(rg) alpha_du alpha_pr  ls
 190  4.1240872e-03 5.95e-07 1.94e-02  -4.1 3.57e-03    -  1.00e+00 1.00e+00h  1
 191  4.2115076e-03 3.97e-06 2.39e-02  -4.0 3.14e-03    -  1.00e+00 1.00e+00h  1
 192  4.1227519e-03 6.17e-06 1.44e-02  -4.1 1.76e-03    -  1.00e+00 1.00e+00h  1
 193  4.1160020e-03 1.49e-05 8.36e-02  -4.1 6.40e-03    -  1.00e+00 1.00e+00h  1
 194  4.1145644e-03 2.51e-05 1.39e-01  -4.1 9.56e-03    -  1.00e+00 1.00e+00h  1
 195  4.1022691e-03 2.11e-05 6.99e-02  -4.1 4.49e-03    -  1.00e+00 1.00e+00h  1
 196  4.2046861e-03 1.45e-05 1.25e-02  -4.0 9.72e-03    -  1.00e+00 1.00e+00h  1
 197  4.1124931e-03 6.73e-06 9.20e-03  -4.1 6.85e-03    -  1.00e+00 1.00e+00h  1
 198  4.1987440e-03 7.82e-06 3.63e-02  -4.0 2.55e-03    -  1.00e+00 1.00e+00h  1
 199  4.1178024e-03 2.79e-06 1.79e-02  -4.1 1.97e-03    -  1.00e+00 1.00e+00h  1
iter    objective    inf_pr   inf_du lg(mu)  ||d||  lg(rg) alpha_du alpha_pr  ls
 200  4.2044064e-03 5.92e-07 1.03e-02  -4.0 9.47e-04    -  1.00e+00 1.00e+00h  1
 201  4.1127143e-03 3.24e-06 1.73e-02  -4.1 1.71e-03    -  1.00e+00 1.00e+00h  1
 202  4.2013971e-03 3.38e-06 7.87e-03  -4.0 1.97e-03    -  1.00e+00 1.00e+00h  1
 203  4.1147435e-03 2.48e-06 6.47e-03  -4.1 1.51e-03    -  1.00e+00 1.00e+00h  1
 204  4.2032275e-03 2.89e-06 1.60e-02  -4.0 1.98e-03    -  1.00e+00 1.00e+00h  1
 205  4.1144806e-03 3.74e-06 1.22e-02  -4.1 2.35e-03    -  1.00e+00 1.00e+00h  1
 206  4.1122464e-03 1.95e-06 2.51e-02  -4.1 4.29e-03    -  1.00e+00 1.00e+00h  1
 207  4.2054365e-03 7.65e-06 2.65e-02  -4.0 3.85e-03    -  1.00e+00 1.00e+00h  1
 208  4.1086188e-03 3.59e-05 5.14e-02  -4.1 6.29e-03    -  1.00e+00 1.00e+00h  1
 209  4.1998967e-03 1.31e-05 1.03e-02  -4.0 3.54e-03    -  1.00e+00 1.00e+00h  1
iter    objective    inf_pr   inf_du lg(mu)  ||d||  lg(rg) alpha_du alpha_pr  ls
 210  4.1168634e-03 3.86e-06 7.08e-03  -4.1 2.31e-03    -  1.00e+00 1.00e+00h  1
 211  4.1196540e-03 1.68e-06 1.02e-02  -4.1 1.85e-03    -  1.00e+00 1.00e+00h  1
 212  4.1178853e-03 1.13e-06 1.70e-01  -4.1 1.38e-03    -  1.00e+00 5.00e-01h  2
 213  4.2062836e-03 1.72e-06 1.73e-02  -4.0 1.37e-03    -  1.00e+00 1.00e+00h  1
 214  4.1168549e-03 2.49e-06 1.05e-02  -4.1 1.99e-03    -  1.00e+00 1.00e+00h  1
 215  4.1148702e-03 1.37e-06 2.12e-02  -4.1 4.31e-03    -  1.00e+00 1.00e+00h  1
 216  4.2065450e-03 7.82e-06 1.39e-02  -4.0 3.91e-03    -  1.00e+00 1.00e+00h  1
 217  4.1128510e-03 6.08e-06 1.98e-02  -4.1 2.91e-03    -  1.00e+00 1.00e+00h  1
 218  4.1096237e-03 2.49e-06 9.35e-03  -4.1 2.15e-03    -  1.00e+00 1.00e+00h  1
 219  4.2056700e-03 5.18e-06 1.75e-02  -4.0 2.85e-03    -  1.00e+00 1.00e+00h  1
iter    objective    inf_pr   inf_du lg(mu)  ||d||  lg(rg) alpha_du alpha_pr  ls
 220  4.1143970e-03 4.73e-06 7.04e-03  -4.1 3.09e-03    -  1.00e+00 1.00e+00h  1
 221  4.1064223e-03 2.65e-06 3.78e-02  -4.1 2.38e-03    -  1.00e+00 1.00e+00h  1
 222  4.2172638e-03 3.50e-05 2.89e-02  -4.0 8.14e-03    -  1.00e+00 1.00e+00h  1
 223  4.1746145e-03 2.93e-05 3.32e-02  -4.1 1.95e-02    -  1.00e+00 1.00e+00h  1
 224  4.1050340e-03 9.90e-06 1.06e-02  -4.1 2.06e-02    -  1.00e+00 1.00e+00h  1
 225  4.2157754e-03 2.38e-05 2.11e-02  -4.0 6.50e-03    -  1.00e+00 1.00e+00h  1
 226  4.1013245e-03 6.05e-05 3.61e-02  -4.1 7.86e-03    -  1.00e+00 1.00e+00h  1
 227  4.2261586e-03 1.26e-04 4.51e-02  -4.0 1.39e-02    -  1.00e+00 1.00e+00h  1
 228  4.2027980e-03 7.30e-05 2.16e-02  -4.1 1.81e-02    -  1.00e+00 1.00e+00h  1
 229  4.1218707e-03 2.86e-05 1.03e-02  -4.1 1.71e-02    -  1.00e+00 1.00e+00h  1
iter    objective    inf_pr   inf_du lg(mu)  ||d||  lg(rg) alpha_du alpha_pr  ls
 230  4.1149844e-03 1.55e-05 3.29e-01  -4.1 5.00e-03    -  1.00e+00 5.00e-01h  2
 231  4.1140471e-03 8.47e-06 3.58e-02  -4.1 3.40e-03    -  1.00e+00 1.00e+00h  1
 232  4.1135142e-03 6.20e-06 1.53e-02  -4.1 2.88e-03    -  1.00e+00 1.00e+00h  1
 233  4.1123651e-03 3.86e-06 4.45e-03  -4.1 1.98e-03    -  1.00e+00 1.00e+00h  1
 234  4.1130478e-03 1.09e-06 1.08e-02  -4.1 1.62e-03    -  1.00e+00 1.00e+00h  1
 235  4.1124507e-03 1.85e-06 1.17e-02  -4.1 1.40e-03    -  1.00e+00 1.00e+00h  1
 236  4.1123722e-03 1.15e-06 3.50e-03  -4.1 9.97e-04    -  1.00e+00 1.00e+00h  1
 237  4.1981630e-03 2.48e-07 8.83e-03  -4.0 6.53e-04    -  1.00e+00 1.00e+00h  1
 238  4.2015128e-03 7.74e-07 9.68e-03  -4.0 9.49e-04    -  1.00e+00 1.00e+00h  1
 239  4.1151312e-03 8.98e-07 5.11e-03  -4.1 1.12e-03    -  1.00e+00 1.00e+00h  1
iter    objective    inf_pr   inf_du lg(mu)  ||d||  lg(rg) alpha_du alpha_pr  ls
 240  4.1121047e-03 4.89e-07 1.33e-02  -4.1 2.34e-03    -  1.00e+00 1.00e+00h  1
 241  4.2059054e-03 8.19e-06 1.37e-02  -4.0 3.38e-03    -  1.00e+00 1.00e+00h  1
 242  4.1286255e-03 6.70e-06 2.53e-02  -4.1 6.82e-03    -  1.00e+00 1.00e+00h  1
 243  4.1111670e-03 3.85e-06 1.01e-02  -4.1 6.64e-03    -  1.00e+00 1.00e+00h  1
 244  4.1122880e-03 1.05e-06 9.51e-03  -4.1 1.49e-03    -  1.00e+00 1.00e+00h  1
 245  4.1143653e-03 2.66e-07 4.86e-03  -4.1 5.87e-04    -  1.00e+00 1.00e+00h  1
 246  4.2078888e-03 4.75e-06 2.06e-02  -4.0 2.43e-03    -  1.00e+00 1.00e+00h  1
 247  4.1114115e-03 8.04e-06 8.11e-03  -4.1 3.03e-03    -  1.00e+00 1.00e+00h  1
 248  4.1111977e-03 1.91e-06 5.68e-03  -4.1 2.18e-03    -  1.00e+00 1.00e+00h  1
 249  4.2102858e-03 9.35e-06 1.14e-02  -4.0 3.56e-03    -  1.00e+00 1.00e+00h  1
iter    objective    inf_pr   inf_du lg(mu)  ||d||  lg(rg) alpha_du alpha_pr  ls
 250  4.1093296e-03 1.53e-05 2.51e-02  -4.1 4.71e-03    -  1.00e+00 1.00e+00h  1
 251  4.0974822e-03 1.95e-05 5.74e-02  -4.1 5.44e-03    -  1.00e+00 1.00e+00h  1
 252  4.2022388e-03 3.04e-05 1.51e-02  -4.0 7.79e-03    -  1.00e+00 1.00e+00h  1
 253  4.1313804e-03 2.23e-05 1.58e-02  -4.1 1.17e-02    -  1.00e+00 1.00e+00h  1
 254  4.1104726e-03 5.60e-06 1.53e-02  -4.1 1.14e-02    -  1.00e+00 1.00e+00h  1
 255  4.1142904e-03 2.44e-06 1.17e-02  -4.1 1.80e-03    -  1.00e+00 1.00e+00h  1
 256  4.1126146e-03 1.41e-06 1.27e-02  -4.1 1.30e-03    -  1.00e+00 1.00e+00h  1
 257  4.1111684e-03 9.34e-07 8.93e-03  -4.1 1.30e-03    -  1.00e+00 1.00e+00h  1
 258  4.2087549e-03 7.59e-06 4.30e-02  -4.0 3.83e-03    -  1.00e+00 1.00e+00h  1
 259  4.1194941e-03 4.19e-06 1.76e-02  -4.1 3.74e-03    -  1.00e+00 1.00e+00h  1
iter    objective    inf_pr   inf_du lg(mu)  ||d||  lg(rg) alpha_du alpha_pr  ls
 260  4.1123840e-03 1.86e-06 8.29e-03  -4.1 2.90e-03    -  1.00e+00 1.00e+00h  1
 261  4.1140806e-03 2.65e-07 4.18e-03  -4.1 7.11e-04    -  1.00e+00 1.00e+00h  1
 262  4.2140842e-03 8.97e-06 4.21e-02  -4.0 3.90e-03    -  1.00e+00 1.00e+00h  1
 263  4.1096188e-03 1.60e-05 2.21e-02  -4.1 5.25e-03    -  1.00e+00 1.00e+00h  1
 264  4.1109581e-03 3.27e-06 1.59e-02  -4.1 5.20e-03    -  1.00e+00 1.00e+00h  1
 265  4.1101842e-03 2.66e-06 7.33e-03  -4.1 4.35e-03    -  1.00e+00 1.00e+00h  1
 266  4.1131188e-03 9.76e-07 6.82e-03  -4.1 1.56e-03    -  1.00e+00 1.00e+00h  1
 267  4.1081154e-03 2.02e-07 1.53e-02  -4.1 1.64e-03    -  1.00e+00 1.00e+00H  1
 268  4.2499304e-03 8.53e-05 1.42e-01  -4.0 1.24e-02    -  1.00e+00 1.00e+00h  1
 269  4.1589695e-03 9.23e-05 3.85e-02  -4.1 1.80e-02    -  1.00e+00 1.00e+00h  1
iter    objective    inf_pr   inf_du lg(mu)  ||d||  lg(rg) alpha_du alpha_pr  ls
 270  4.0943490e-03 1.25e-05 3.80e-02  -4.1 2.12e-02    -  1.00e+00 1.00e+00h  1
 271  4.2209748e-03 6.73e-05 2.28e-02  -4.0 1.11e-02    -  1.00e+00 1.00e+00h  1
 272  4.1667824e-03 8.25e-05 3.26e-01  -4.1 1.61e-02    -  1.00e+00 5.00e-01h  2
 273  4.1014654e-03 1.05e-05 9.97e-03  -4.1 1.13e-02    -  1.00e+00 1.00e+00h  1
 274  4.2567460e-03 1.19e-04 7.26e-02  -4.0 1.47e-02    -  1.00e+00 1.00e+00h  1
 275  4.1049668e-03 1.27e-04 1.37e-02  -4.1 1.44e-02    -  1.00e+00 1.00e+00h  1
 276  4.0910028e-03 1.05e-04 1.08e-01  -4.1 2.51e-02    -  1.00e+00 5.00e-01h  2
 277  4.2072703e-03 6.76e-05 1.06e-02  -4.0 1.16e-02    -  1.00e+00 1.00e+00h  1
 278  4.1101655e-03 3.38e-05 2.40e-02  -4.1 6.64e-03    -  1.00e+00 1.00e+00h  1
 279  4.1006636e-03 1.59e-05 1.77e-02  -4.1 3.88e-03    -  1.00e+00 1.00e+00h  1
iter    objective    inf_pr   inf_du lg(mu)  ||d||  lg(rg) alpha_du alpha_pr  ls
 280  4.1700738e-03 1.66e-05 3.13e-01  -4.0 1.00e-02    -  1.00e+00 5.00e-01h  2
 281  4.1467884e-03 1.17e-05 6.67e-02  -4.1 1.00e-02    -  1.00e+00 5.00e-01h  2
 282  4.1210853e-03 5.13e-06 2.82e-02  -4.1 3.79e-03    -  1.00e+00 1.00e+00h  1
 283  4.1259087e-03 1.51e-06 1.81e-02  -4.1 2.08e-03    -  1.00e+00 1.00e+00h  1
 284  4.1153762e-03 3.18e-06 2.29e-02  -4.1 2.01e-03    -  1.00e+00 1.00e+00h  1
 285  4.1087974e-03 2.40e-06 3.22e-02  -4.1 1.73e-03    -  1.00e+00 1.00e+00h  1
 286  4.1139185e-03 8.51e-07 3.92e-03  -4.1 1.38e-03    -  1.00e+00 1.00e+00h  1
 287  4.1135077e-03 1.77e-07 2.87e-03  -4.1 1.51e-03    -  1.00e+00 1.00e+00h  1
 288  4.2029170e-03 1.58e-06 1.44e-02  -4.0 1.73e-03    -  1.00e+00 1.00e+00h  1
 289  4.1084670e-03 7.39e-06 2.76e-02  -4.1 4.95e-03    -  1.00e+00 1.00e+00h  1
iter    objective    inf_pr   inf_du lg(mu)  ||d||  lg(rg) alpha_du alpha_pr  ls
 290  4.1106107e-03 2.02e-06 9.46e-03  -4.1 6.16e-03    -  1.00e+00 1.00e+00h  1
 291  4.1150301e-03 1.79e-06 1.20e-02  -4.1 2.89e-03    -  1.00e+00 1.00e+00h  1
 292  4.1119415e-03 8.38e-07 3.28e-03  -4.1 1.89e-03    -  1.00e+00 1.00e+00h  1
 293  4.1108205e-03 2.77e-07 7.29e-03  -4.1 7.77e-04    -  1.00e+00 1.00e+00h  1
 294  4.1102782e-03 5.60e-08 7.01e-03  -4.1 3.75e-04    -  1.00e+00 1.00e+00h  1
 295  4.2006383e-03 1.86e-06 2.19e-02  -4.0 1.87e-03    -  1.00e+00 1.00e+00h  1
 296  4.1087991e-03 2.44e-06 1.42e-02  -4.1 2.34e-03    -  1.00e+00 1.00e+00h  1
 297  4.1080226e-03 7.73e-07 2.15e-02  -4.1 5.32e-03    -  1.00e+00 1.00e+00h  1
 298  4.1106695e-03 1.60e-06 3.27e-03  -4.1 3.17e-03    -  1.00e+00 1.00e+00h  1
 299  4.1091830e-03 1.96e-07 5.24e-03  -4.1 6.03e-04    -  1.00e+00 1.00e+00h  1
iter    objective    inf_pr   inf_du lg(mu)  ||d||  lg(rg) alpha_du alpha_pr  ls
 300  4.1062135e-03 8.68e-07 1.98e-02  -4.1 1.24e-03    -  1.00e+00 1.00e+00h  1
 301  4.2351583e-03 5.46e-05 1.10e-01  -4.0 1.04e-02    -  1.00e+00 1.00e+00h  1
 302  4.1418024e-03 3.72e-05 6.54e-02  -4.1 1.11e-02    -  1.00e+00 1.00e+00h  1
 303  4.1028927e-03 2.58e-05 2.66e-02  -4.1 1.08e-02    -  1.00e+00 1.00e+00h  1
 304  4.1110327e-03 1.05e-05 1.46e-02  -4.1 2.29e-03    -  1.00e+00 1.00e+00h  1
 305  4.1067865e-03 2.42e-06 4.36e-02  -4.1 3.01e-03    -  1.00e+00 1.00e+00H  1
 306  4.1073145e-03 1.38e-06 4.13e-01  -4.1 4.24e-03    -  1.00e+00 5.00e-01h  2
 307  4.1028895e-03 7.51e-07 1.52e-02  -4.1 1.68e-03    -  1.00e+00 1.00e+00h  1
 308  4.1990848e-03 7.10e-06 3.32e-02  -4.0 3.58e-03    -  1.00e+00 1.00e+00h  1
 309  4.1064406e-03 3.32e-06 7.07e-03  -4.1 2.30e-03    -  1.00e+00 1.00e+00h  1
iter    objective    inf_pr   inf_du lg(mu)  ||d||  lg(rg) alpha_du alpha_pr  ls
 310  4.1092660e-03 1.59e-06 8.88e-03  -4.1 3.73e-03    -  1.00e+00 1.00e+00h  1
 311  4.1040483e-03 1.36e-06 5.77e-03  -4.1 2.92e-03    -  1.00e+00 1.00e+00h  1
 312  4.2037028e-03 7.71e-06 4.52e-02  -4.0 3.50e-03    -  1.00e+00 1.00e+00h  1
 313  4.1077020e-03 1.21e-05 9.06e-03  -4.1 3.50e-03    -  1.00e+00 1.00e+00h  1
 314  4.1008383e-03 1.07e-05 2.54e-02  -4.1 4.58e-03    -  1.00e+00 1.00e+00h  1
 315  4.2100785e-03 3.41e-05 2.29e-02  -4.0 6.02e-03    -  1.00e+00 1.00e+00h  1
 316  4.0952882e-03 1.31e-04 7.62e-02  -4.1 1.52e-02    -  1.00e+00 1.00e+00h  1
 317  4.1034880e-03 4.64e-05 2.01e-02  -4.1 7.69e-03    -  1.00e+00 1.00e+00h  1
 318  4.1071191e-03 1.81e-05 3.44e-02  -4.1 5.48e-03    -  1.00e+00 1.00e+00h  1
 319  4.1208946e-03 7.29e-06 1.33e-02  -4.1 6.59e-03    -  1.00e+00 1.00e+00h  1
iter    objective    inf_pr   inf_du lg(mu)  ||d||  lg(rg) alpha_du alpha_pr  ls
 320  4.1249922e-03 2.22e-06 2.82e-02  -4.1 2.14e-03    -  1.00e+00 1.00e+00h  1
 321  4.1232534e-03 2.10e-06 2.09e-02  -4.1 2.28e-03    -  1.00e+00 1.00e+00h  1
 322  4.1192491e-03 8.53e-07 7.84e-03  -4.1 1.31e-03    -  1.00e+00 1.00e+00h  1
 323  4.1216365e-03 3.11e-07 6.07e-03  -4.1 7.41e-04    -  1.00e+00 1.00e+00h  1
 324  4.1216177e-03 6.41e-08 3.73e-03  -4.1 2.78e-04    -  1.00e+00 1.00e+00h  1
 325  4.1185859e-03 5.97e-08 8.39e-03  -4.1 8.29e-04    -  1.00e+00 1.00e+00H  1
 326  4.1168362e-03 2.29e-08 9.58e-03  -4.1 1.74e-03    -  1.00e+00 1.00e+00H  1
 327  4.2026516e-03 2.04e-06 4.46e-03  -4.0 1.19e-03    -  1.00e+00 1.00e+00h  1
 328  4.1168455e-03 1.52e-06 4.37e-03  -4.1 1.01e-03    -  1.00e+00 1.00e+00h  1
 329  4.1104548e-03 2.58e-06 1.95e-02  -4.1 1.46e-03    -  1.00e+00 1.00e+00h  1
iter    objective    inf_pr   inf_du lg(mu)  ||d||  lg(rg) alpha_du alpha_pr  ls
 330  4.1138079e-03 1.09e-06 7.66e-03  -4.1 1.07e-03    -  1.00e+00 1.00e+00h  1
 331  4.1184912e-03 1.31e-06 6.32e-03  -4.1 2.01e-03    -  1.00e+00 1.00e+00h  1
 332  4.1154850e-03 5.41e-07 3.74e-03  -4.1 6.67e-04    -  1.00e+00 1.00e+00h  1
 333  4.1139455e-03 3.45e-07 6.24e-03  -4.1 1.98e-03    -  1.00e+00 1.00e+00h  1
 334  4.1150147e-03 1.83e-07 2.18e-03  -4.1 1.79e-03    -  1.00e+00 1.00e+00h  1
 335  4.1146686e-03 1.02e-08 8.25e-04  -4.1 2.82e-04    -  1.00e+00 1.00e+00h  1
 336  4.2030715e-03 4.47e-06 1.54e-02  -4.0 1.68e-03    -  1.00e+00 1.00e+00h  1
 337  4.1132106e-03 4.15e-06 9.03e-03  -4.1 2.11e-03    -  1.00e+00 1.00e+00h  1
 338  4.1119889e-03 2.98e-06 6.30e-02  -4.1 7.29e-03    -  1.00e+00 5.00e-01h  2
 339  4.1110802e-03 7.84e-07 4.39e-03  -4.1 2.75e-03    -  1.00e+00 1.00e+00h  1
iter    objective    inf_pr   inf_du lg(mu)  ||d||  lg(rg) alpha_du alpha_pr  ls
 340  4.1141246e-03 2.02e-07 4.34e-03  -4.1 3.90e-04    -  1.00e+00 1.00e+00h  1
 341  4.1132793e-03 1.18e-07 2.86e-03  -4.1 2.76e-04    -  1.00e+00 1.00e+00h  1
 342  4.1128492e-03 8.13e-08 2.75e-03  -4.1 5.80e-04    -  1.00e+00 1.00e+00h  1
 343  4.2076620e-03 7.04e-06 1.96e-02  -4.0 3.18e-03    -  1.00e+00 1.00e+00h  1
 344  4.1133664e-03 7.10e-06 1.63e-02  -4.1 3.83e-03    -  1.00e+00 1.00e+00h  1
 345  4.0913655e-03 1.73e-05 9.01e-02  -4.1 6.45e-03    -  1.00e+00 1.00e+00h  1
 346  4.2259863e-03 8.64e-05 3.39e-02  -4.0 1.19e-02    -  1.00e+00 1.00e+00h  1
 347  4.1752794e-03 8.75e-05 1.01e-01  -4.1 1.57e-02    -  1.00e+00 1.00e+00h  1
 348  4.1030133e-03 3.89e-05 1.69e-02  -4.1 1.44e-02    -  1.00e+00 1.00e+00h  1
 349  4.1086303e-03 7.30e-05 3.14e-02  -4.1 9.55e-03    -  1.00e+00 1.00e+00h  1
iter    objective    inf_pr   inf_du lg(mu)  ||d||  lg(rg) alpha_du alpha_pr  ls
 350  4.1022259e-03 3.08e-05 1.00e-02  -4.1 6.69e-03    -  1.00e+00 1.00e+00h  1
 351  4.1053394e-03 5.59e-06 2.65e-02  -4.1 4.75e-03    -  1.00e+00 1.00e+00H  1
 352  4.1045101e-03 1.90e-05 2.15e-02  -4.1 1.01e-02    -  1.00e+00 1.00e+00h  1
 353  4.1013613e-03 6.61e-06 5.97e-03  -4.1 6.95e-03    -  1.00e+00 1.00e+00h  1
 354  4.1052234e-03 3.09e-06 1.23e-02  -4.1 1.81e-03    -  1.00e+00 1.00e+00h  1
 355  4.1043845e-03 2.12e-06 9.53e-03  -4.1 1.80e-03    -  1.00e+00 1.00e+00h  1
 356  4.1909727e-03 1.84e-06 9.60e-03  -4.0 1.63e-03    -  1.00e+00 1.00e+00h  1
 357  4.1066851e-03 1.29e-06 5.67e-03  -4.1 1.50e-03    -  1.00e+00 1.00e+00h  1
 358  4.1060258e-03 5.15e-07 7.13e-03  -4.1 2.17e-03    -  1.00e+00 1.00e+00h  1
 359  4.1922732e-03 1.70e-06 8.96e-03  -4.0 1.84e-03    -  1.00e+00 1.00e+00h  1
iter    objective    inf_pr   inf_du lg(mu)  ||d||  lg(rg) alpha_du alpha_pr  ls
 360  4.1095816e-03 4.44e-06 1.63e-02  -4.1 2.99e-03    -  1.00e+00 1.00e+00h  1
 361  4.1075168e-03 1.66e-06 2.77e-03  -4.1 2.62e-03    -  1.00e+00 1.00e+00h  1
 362  4.1081880e-03 5.03e-07 3.35e-03  -4.1 8.85e-04    -  1.00e+00 1.00e+00h  1
 363  4.1081269e-03 1.17e-07 4.67e-03  -4.1 6.00e-04    -  1.00e+00 1.00e+00h  1
 364  4.1962418e-03 1.34e-06 1.36e-02  -4.0 1.47e-03    -  1.00e+00 1.00e+00h  1
 365  4.1101825e-03 9.76e-07 6.88e-03  -4.1 1.17e-03    -  1.00e+00 1.00e+00h  1
 366  4.1068517e-03 7.93e-07 9.99e-03  -4.1 1.93e-03    -  1.00e+00 1.00e+00h  1
 367  4.1090098e-03 4.66e-07 2.89e-03  -4.1 1.67e-03    -  1.00e+00 1.00e+00h  1
 368  4.1114222e-03 5.70e-07 5.57e-03  -4.1 7.06e-04    -  1.00e+00 1.00e+00h  1
 369  4.1100844e-03 2.30e-07 1.54e-03  -4.1 7.35e-04    -  1.00e+00 1.00e+00h  1
iter    objective    inf_pr   inf_du lg(mu)  ||d||  lg(rg) alpha_du alpha_pr  ls
 370  4.1098950e-03 2.48e-08 1.92e-03  -4.1 1.79e-04    -  1.00e+00 1.00e+00h  1
 371  4.2080638e-03 8.40e-06 3.42e-02  -4.0 3.45e-03    -  1.00e+00 1.00e+00h  1
 372  4.1149353e-03 4.88e-06 1.51e-02  -4.1 4.55e-03    -  1.00e+00 1.00e+00h  1
 373  4.0978666e-03 2.67e-05 4.44e-02  -4.1 5.30e-03    -  1.00e+00 1.00e+00h  1
 374  4.1033806e-03 1.29e-05 1.55e-02  -4.1 6.35e-03    -  1.00e+00 1.00e+00h  1
 375  4.1144183e-03 4.15e-06 1.30e-02  -4.1 2.66e-03    -  1.00e+00 1.00e+00h  1
 376  4.1089304e-03 2.27e-06 6.61e-03  -4.1 1.82e-03    -  1.00e+00 1.00e+00h  1
 377  4.1035114e-03 4.57e-06 1.41e-02  -4.1 2.44e-03    -  1.00e+00 1.00e+00h  1
 378  4.1082507e-03 2.85e-06 1.04e-03  -4.1 2.60e-03    -  1.00e+00 1.00e+00h  1
 379  4.1123709e-03 3.86e-07 5.83e-03  -4.1 7.67e-04    -  1.00e+00 1.00e+00h  1
iter    objective    inf_pr   inf_du lg(mu)  ||d||  lg(rg) alpha_du alpha_pr  ls
 380  4.1121272e-03 2.02e-07 3.77e-03  -4.1 4.39e-04    -  1.00e+00 1.00e+00h  1
 381  4.1118806e-03 1.81e-08 1.93e-03  -4.1 1.49e-04    -  1.00e+00 1.00e+00h  1
 382  4.1998624e-03 1.83e-06 1.46e-02  -4.0 1.62e-03    -  1.00e+00 1.00e+00h  1
 383  4.1092922e-03 3.87e-06 9.59e-03  -4.1 2.18e-03    -  1.00e+00 1.00e+00h  1
 384  4.1098420e-03 2.28e-06 1.52e-02  -4.1 2.47e-03    -  1.00e+00 1.00e+00h  1
 385  4.1119658e-03 1.94e-06 2.31e-03  -4.1 1.98e-03    -  1.00e+00 1.00e+00h  1
 386  4.1118266e-03 1.91e-07 5.94e-03  -4.1 1.25e-03    -  1.00e+00 1.00e+00h  1
 387  4.1109476e-03 6.66e-08 2.87e-03  -4.1 1.06e-03    -  1.00e+00 1.00e+00h  1
 388  4.1109389e-03 2.51e-08 1.49e-03  -4.1 2.34e-04    -  1.00e+00 1.00e+00h  1
 389  4.1989989e-03 1.60e-06 9.94e-03  -4.0 1.53e-03    -  1.00e+00 1.00e+00h  1
iter    objective    inf_pr   inf_du lg(mu)  ||d||  lg(rg) alpha_du alpha_pr  ls
 390  4.1091263e-03 3.06e-06 1.03e-02  -4.1 2.41e-03    -  1.00e+00 1.00e+00h  1
 391  4.1026366e-03 5.47e-06 3.27e-02  -4.1 3.98e-03    -  1.00e+00 1.00e+00h  1
 392  4.1084361e-03 3.11e-06 3.78e-03  -4.1 3.18e-03    -  1.00e+00 1.00e+00h  1
 393  4.1137150e-03 3.43e-06 9.69e-03  -4.1 2.20e-03    -  1.00e+00 1.00e+00h  1
 394  4.1114509e-03 9.30e-07 2.50e-03  -4.1 2.14e-03    -  1.00e+00 1.00e+00h  1
 395  4.1110135e-03 1.72e-07 4.13e-03  -4.1 5.62e-04    -  1.00e+00 1.00e+00h  1
 396  4.1097679e-03 2.82e-07 7.09e-03  -4.1 5.90e-04    -  1.00e+00 1.00e+00h  1
 397  4.1102887e-03 1.43e-07 1.61e-03  -4.1 4.18e-04    -  1.00e+00 1.00e+00h  1
 398  4.1106029e-03 3.51e-08 2.44e-03  -4.1 2.69e-04    -  1.00e+00 1.00e+00h  1
 399  4.1955183e-03 4.52e-07 9.18e-03  -4.0 8.18e-04    -  1.00e+00 1.00e+00h  1
iter    objective    inf_pr   inf_du lg(mu)  ||d||  lg(rg) alpha_du alpha_pr  ls
 400  4.1120763e-03 3.31e-07 4.15e-03  -4.1 6.26e-04    -  1.00e+00 1.00e+00h  1
 401  4.1097231e-03 7.38e-08 8.71e-03  -4.1 1.39e-03    -  1.00e+00 1.00e+00H  1
 402  4.1102709e-03 1.86e-07 4.83e-03  -4.1 1.17e-03    -  1.00e+00 1.00e+00h  1
 403  4.1116463e-03 1.40e-07 1.95e-03  -4.1 5.30e-04    -  1.00e+00 1.00e+00h  1
 404  4.1113201e-03 3.06e-08 1.96e-03  -4.1 7.12e-04    -  1.00e+00 1.00e+00h  1
 405  4.1113574e-03 1.37e-08 1.43e-03  -4.1 3.19e-04    -  1.00e+00 1.00e+00h  1
 406  4.1976993e-03 1.62e-06 9.95e-03  -4.0 1.26e-03    -  1.00e+00 1.00e+00h  1
 407  4.1098518e-03 2.12e-06 7.07e-03  -4.1 1.53e-03    -  1.00e+00 1.00e+00h  1
 408  4.1112653e-03 4.01e-06 1.78e-02  -4.1 3.40e-03    -  1.00e+00 1.00e+00h  1
 409  4.1118570e-03 2.67e-06 5.33e-03  -4.1 3.15e-03    -  1.00e+00 1.00e+00h  1
iter    objective    inf_pr   inf_du lg(mu)  ||d||  lg(rg) alpha_du alpha_pr  ls
 410  4.1083148e-03 2.13e-06 8.50e-03  -4.1 1.58e-03    -  1.00e+00 1.00e+00h  1
 411  4.1069174e-03 2.33e-06 9.68e-03  -4.1 2.17e-03    -  1.00e+00 1.00e+00h  1
 412  4.1094417e-03 1.00e-06 3.99e-03  -4.1 1.44e-03    -  1.00e+00 1.00e+00h  1
 413  4.1101859e-03 2.21e-07 4.12e-03  -4.1 5.09e-04    -  1.00e+00 1.00e+00h  1
 414  4.1112684e-03 1.89e-07 4.59e-03  -4.1 4.01e-04    -  1.00e+00 1.00e+00h  1
 415  4.1106867e-03 4.80e-08 1.77e-03  -4.1 2.35e-04    -  1.00e+00 1.00e+00h  1
 416  4.1105508e-03 8.28e-09 1.42e-03  -4.1 3.61e-04    -  1.00e+00 1.00e+00h  1
 417  4.2002615e-03 2.99e-06 1.89e-02  -4.0 1.88e-03    -  1.00e+00 1.00e+00h  1
 418  4.1120561e-03 1.88e-06 8.14e-03  -4.1 1.71e-03    -  1.00e+00 1.00e+00h  1
 419  4.1107804e-03 3.85e-06 1.90e-02  -4.1 2.49e-03    -  1.00e+00 1.00e+00h  1
iter    objective    inf_pr   inf_du lg(mu)  ||d||  lg(rg) alpha_du alpha_pr  ls
 420  4.1117127e-03 1.88e-06 3.26e-03  -4.1 1.63e-03    -  1.00e+00 1.00e+00h  1
 421  4.1091565e-03 1.56e-06 9.87e-03  -4.1 1.33e-03    -  1.00e+00 1.00e+00h  1
 422  4.1132530e-03 9.08e-07 3.60e-03  -4.1 1.04e-03    -  1.00e+00 1.00e+00h  1
 423  4.1121656e-03 2.40e-07 4.78e-03  -4.1 5.87e-04    -  1.00e+00 1.00e+00h  1
 424  4.1119852e-03 1.38e-07 4.04e-03  -4.1 8.02e-04    -  1.00e+00 1.00e+00h  1
 425  4.1125451e-03 6.42e-08 7.06e-04  -4.1 5.64e-04    -  1.00e+00 1.00e+00h  1
 426  3.7691448e-03 4.19e-05 1.97e-02  -6.1 7.07e-03    -  9.69e-01 9.86e-01h  1
 427  4.4112495e-03 1.52e-03 5.17e-01  -4.0 4.50e-02    -  1.00e+00 1.00e+00f  1
 428  4.5176978e-03 7.63e-04 1.54e-01  -4.1 5.20e-02    -  1.00e+00 1.00e+00h  1
 429  4.2097589e-03 5.54e-05 4.87e-02  -4.1 6.32e-02    -  1.00e+00 1.00e+00h  1
iter    objective    inf_pr   inf_du lg(mu)  ||d||  lg(rg) alpha_du alpha_pr  ls
 430  4.1018785e-03 4.74e-05 3.32e-02  -4.1 2.04e-02    -  1.00e+00 1.00e+00h  1
 431  4.0980276e-03 2.48e-05 1.96e-02  -4.1 5.10e-03    -  1.00e+00 1.00e+00h  1
 432  4.1126838e-03 1.26e-05 3.21e-02  -4.1 3.38e-03    -  1.00e+00 1.00e+00h  1
 433  4.1028002e-03 8.25e-06 1.22e-02  -4.1 2.34e-03    -  1.00e+00 1.00e+00h  1
 434  4.0994337e-03 1.94e-06 1.07e-02  -4.1 2.33e-03    -  1.00e+00 1.00e+00h  1
 435  4.1925119e-03 5.10e-06 1.70e-02  -4.0 2.25e-03    -  1.00e+00 1.00e+00h  1
 436  4.1059372e-03 2.03e-06 9.21e-03  -4.1 1.68e-03    -  1.00e+00 1.00e+00h  1
 437  4.1041256e-03 1.02e-06 7.91e-03  -4.1 1.51e-03    -  1.00e+00 1.00e+00h  1
 438  4.1948407e-03 3.24e-06 9.67e-03  -4.0 1.90e-03    -  1.00e+00 1.00e+00h  1
 439  4.1078877e-03 1.22e-06 2.51e-03  -4.1 1.32e-03    -  1.00e+00 1.00e+00h  1
iter    objective    inf_pr   inf_du lg(mu)  ||d||  lg(rg) alpha_du alpha_pr  ls
 440  4.1062732e-03 9.45e-07 1.11e-02  -4.1 3.69e-03    -  1.00e+00 1.00e+00h  1
 441  4.1070493e-03 5.13e-07 2.97e-03  -4.1 2.81e-03    -  1.00e+00 1.00e+00h  1
 442  4.1986870e-03 3.11e-06 1.45e-02  -4.0 2.28e-03    -  1.00e+00 1.00e+00h  1
 443  4.1090634e-03 1.84e-06 5.40e-03  -4.1 1.51e-03    -  1.00e+00 1.00e+00h  1
 444  4.1104867e-03 2.95e-07 3.62e-03  -4.1 9.13e-04    -  1.00e+00 1.00e+00h  1
 445  4.1093462e-03 1.69e-07 1.54e-03  -4.1 7.35e-04    -  1.00e+00 1.00e+00h  1
 446  4.1096262e-03 1.52e-08 1.67e-03  -4.1 1.74e-04    -  1.00e+00 1.00e+00h  1
 447  4.2011647e-03 3.45e-06 2.08e-02  -4.0 2.10e-03    -  1.00e+00 1.00e+00h  1
 448  4.1120936e-03 2.05e-06 8.14e-03  -4.1 1.87e-03    -  1.00e+00 1.00e+00h  1
 449  4.1071703e-03 1.03e-06 2.37e-02  -4.1 4.67e-03    -  1.00e+00 1.00e+00H  1
iter    objective    inf_pr   inf_du lg(mu)  ||d||  lg(rg) alpha_du alpha_pr  ls
 450  4.1055682e-03 1.59e-06 9.35e-03  -4.1 3.47e-03    -  1.00e+00 1.00e+00h  1
 451  4.1155270e-03 5.09e-07 1.12e-02  -4.1 2.59e-03    -  1.00e+00 1.00e+00H  1
 452  4.1123854e-03 4.50e-07 3.66e-03  -4.1 1.61e-03    -  1.00e+00 1.00e+00h  1
 453  4.1112298e-03 2.07e-07 3.98e-03  -4.1 8.54e-04    -  1.00e+00 1.00e+00h  1
 454  4.1117290e-03 7.41e-08 1.30e-03  -4.1 3.88e-04    -  1.00e+00 1.00e+00h  1
 455  4.1122899e-03 1.36e-08 7.60e-04  -4.1 1.14e-04    -  1.00e+00 1.00e+00h  1
 456  4.1978936e-03 8.32e-07 7.44e-03  -4.0 1.00e-03    -  1.00e+00 1.00e+00h  1
 457  4.1105902e-03 1.83e-06 6.97e-03  -4.1 1.46e-03    -  1.00e+00 1.00e+00h  1
 458  4.1093356e-03 1.10e-06 1.02e-02  -4.1 2.45e-03    -  1.00e+00 1.00e+00h  1
 459  4.1125687e-03 9.69e-07 1.12e-03  -4.1 1.91e-03    -  1.00e+00 1.00e+00h  1
iter    objective    inf_pr   inf_du lg(mu)  ||d||  lg(rg) alpha_du alpha_pr  ls
 460  4.1124999e-03 5.51e-08 2.62e-03  -4.1 3.78e-04    -  1.00e+00 1.00e+00h  1
 461  4.1123879e-03 1.72e-08 1.71e-03  -4.1 3.86e-04    -  1.00e+00 1.00e+00h  1
 462  4.2024530e-03 2.44e-06 9.91e-03  -4.0 1.76e-03    -  1.00e+00 1.00e+00h  1
 463  4.1145382e-03 1.92e-06 8.82e-03  -4.1 2.22e-03    -  1.00e+00 1.00e+00h  1
 464  4.1108144e-03 1.26e-06 5.06e-03  -4.1 2.77e-03    -  1.00e+00 1.00e+00h  1
 465  4.1132167e-03 2.91e-07 2.82e-03  -4.1 7.19e-04    -  1.00e+00 1.00e+00h  1
 466  4.1134230e-03 2.58e-08 1.61e-03  -4.1 3.28e-04    -  1.00e+00 1.00e+00h  1
 467  4.1130062e-03 6.69e-08 2.22e-03  -4.1 1.70e-04    -  1.00e+00 1.00e+00h  1
 468  4.1127050e-03 1.12e-08 1.77e-03  -4.1 2.17e-04    -  1.00e+00 1.00e+00h  1
 469  4.1127788e-03 1.45e-08 2.26e-03  -4.1 2.52e-04    -  1.00e+00 1.00e+00h  1
iter    objective    inf_pr   inf_du lg(mu)  ||d||  lg(rg) alpha_du alpha_pr  ls
 470  4.1129812e-03 1.49e-08 2.16e-03  -4.1 1.68e-04    -  1.00e+00 1.00e+00h  1
 471  4.1128036e-03 2.99e-09 1.08e-03  -4.1 2.83e-04    -  1.00e+00 1.00e+00h  1
 472  4.1976456e-03 4.45e-07 8.61e-03  -4.0 9.13e-04    -  1.00e+00 1.00e+00h  1
 473  4.1131073e-03 6.25e-07 4.77e-03  -4.1 1.09e-03    -  1.00e+00 1.00e+00h  1
 474  4.1135670e-03 2.96e-07 2.81e-02  -4.1 2.34e-03    -  1.00e+00 1.00e+00H  1
 475  4.1105681e-03 1.37e-06 1.79e-02  -4.1 1.86e-03    -  1.00e+00 1.00e+00h  1
 476  4.1148011e-03 4.30e-07 4.02e-03  -4.1 1.17e-03    -  1.00e+00 1.00e+00H  1
 477  4.1154920e-03 5.01e-07 5.90e-03  -4.1 9.04e-04    -  1.00e+00 1.00e+00h  1
 478  4.1143037e-03 1.97e-07 1.93e-03  -4.1 8.00e-04    -  1.00e+00 1.00e+00h  1
 479  4.1149280e-03 1.28e-07 2.19e-03  -4.1 3.88e-04    -  1.00e+00 1.00e+00h  1
iter    objective    inf_pr   inf_du lg(mu)  ||d||  lg(rg) alpha_du alpha_pr  ls
 480  4.1148175e-03 3.44e-08 1.56e-03  -4.1 2.88e-04    -  1.00e+00 1.00e+00h  1
 481  4.1147448e-03 4.54e-09 1.13e-03  -4.1 1.18e-04    -  1.00e+00 1.00e+00h  1
 482  4.1147354e-03 2.32e-09 1.25e-02  -4.1 1.20e-03    -  1.00e+00 1.00e+00H  1
 483  4.1147777e-03 9.51e-09 2.38e-02  -4.1 5.38e-03    -  1.00e+00 3.12e-02h  6
 484  4.1150022e-03 3.06e-08 3.64e-02  -4.1 8.41e-03    -  1.00e+00 6.25e-02h  5
 485  4.1152927e-03 5.74e-08 7.69e-02  -4.1 1.39e-02    -  1.00e+00 3.12e-02h  6
 486  4.1157414e-03 1.12e-07 8.21e-02  -4.1 9.14e-03    -  1.00e+00 6.25e-02h  5
 487  4.1239237e-03 3.92e-06 6.37e-02  -4.1 1.37e-02    -  1.00e+00 5.00e-01h  2
 488  4.1162337e-03 3.66e-06 2.06e-02  -4.1 2.53e-03    -  1.00e+00 1.00e+00h  1
 489  4.1168079e-03 1.99e-06 1.79e-01  -4.1 3.59e-03    -  1.00e+00 5.00e-01h  2
iter    objective    inf_pr   inf_du lg(mu)  ||d||  lg(rg) alpha_du alpha_pr  ls
 490  4.1179651e-03 1.49e-06 7.63e-02  -4.1 3.93e-03    -  1.00e+00 2.50e-01h  3
 491  4.1197962e-03 7.67e-07 9.93e-03  -4.1 8.71e-04    -  1.00e+00 1.00e+00h  1
 492  4.1233926e-03 7.22e-08 1.97e-02  -4.1 2.36e-03    -  1.00e+00 1.00e+00H  1
 493  4.1237641e-03 1.74e-07 7.93e-02  -4.1 2.65e-03    -  1.00e+00 2.50e-01h  3
 494  4.1239131e-03 3.39e-07 8.31e-02  -4.1 1.94e-03    -  1.00e+00 2.50e-01h  3
 495  4.1260577e-03 5.87e-08 1.59e-02  -4.1 1.69e-03    -  1.00e+00 1.00e+00H  1
 496  4.1257425e-03 5.10e-07 1.76e-02  -4.1 1.45e-03    -  1.00e+00 1.00e+00h  1
 497  4.1261049e-03 4.58e-07 6.83e-03  -4.1 1.01e-03    -  1.00e+00 1.00e+00h  1
 498  4.1257443e-03 2.31e-07 2.59e-03  -4.1 8.21e-04    -  1.00e+00 1.00e+00h  1
 499  4.1271561e-03 2.39e-08 2.04e-03  -4.1 3.46e-04    -  1.00e+00 1.00e+00h  1
iter    objective    inf_pr   inf_du lg(mu)  ||d||  lg(rg) alpha_du alpha_pr  ls
 500  4.1271223e-03 7.21e-10 2.04e-03  -4.1 3.23e-04    -  1.00e+00 1.00e+00H  1

Number of Iterations....: 500

                                   (scaled)                 (unscaled)
Objective...............:   4.1271222897475354e-03    4.1271222897475354e-03
Dual infeasibility......:   2.0437432413039558e-03    2.0437432413039558e-03
Constraint violation....:   7.2080386863231094e-10    7.2080386863231094e-10
Variable bound violation:   0.0000000000000000e+00    0.0000000000000000e+00
Complementarity.........:   8.0000495528453292e-05    8.0000495528453292e-05
Overall NLP error.......:   2.0437432413039558e-03    2.0437432413039558e-03


Number of objective function evaluations             = 636
Number of objective gradient evaluations             = 501
Number of equality constraint evaluations            = 636
Number of inequality constraint evaluations          = 0
Number of equality constraint Jacobian evaluations   = 501
Number of inequality constraint Jacobian evaluations = 0
Number of Lagrangian Hessian evaluations             = 0
Total seconds in IPOPT                               = 66.595

EXIT: Maximum Number of Iterations Exceeded.
