This is Ipopt version 3.14.19, running with linear solver MUMPS 5.8.2.

Number of nonzeros in equality constraint Jacobian...:    23692
Number of nonzeros in inequality constraint Jacobian.:        0
Number of nonzeros in Lagrangian Hessian.............:        0

Total number of variables............................:      387
                     variables with only lower bounds:        0
                variables with lower and upper bounds:      338
                     variables with only upper bounds:        0
Total number of equality constraints.................:      306
Total number of inequality constraints...............:        0
        inequality constraints with only lower bounds:        0
   inequality constraints with lower and upper bounds:        0
        inequality constraints with only upper bounds:        0

iter    objective    inf_pr   inf_du lg(mu)  ||d||  lg(rg) alpha_du alpha_pr  ls
   0  8.2857058e+01 1.74e+00 1.17e+01   0.0 0.00e+00    -  0.00e+00 0.00e+00   0
   1  8.1934920e+01 1.66e+00 6.15e+01   0.4 3.29e+00    -  4.79e-01 4.36e-02f  1
   2  3.0530242e+01 1.32e+00 9.33e+02   0.3 1.52e+00    -  1.42e-01 6.55e-01f  1
   3  1.2691090e+01 1.01e+00 7.59e+02   0.3 1.54e+00    -  3.93e-01 2.27e-01f  1
   4  1.7632089e+00 7.11e-01 6.05e+02   0.3 1.15e+00    -  9.86e-01 2.86e-01f  1
   5  1.6451676e+01 5.25e-01 1.20e+03   0.9 1.56e+00    -  9.37e-01 4.08e-01f  1
   6  6.1198208e+01 4.23e-01 1.24e+03   1.3 1.04e+00    -  9.88e-01 5.00e-01f  2
   7  9.2750586e+01 4.50e-01 2.10e+03   1.1 7.23e-01    -  9.70e-01 1.00e+00h  1
   8  9.4907940e+01 3.05e-01 2.79e+03   1.4 1.01e+00    -  1.00e+00 5.00e-01f  2
   9  9.2678629e+01 3.75e-01 2.09e+03   1.0 5.24e-01    -  9.99e-01 1.00e+00h  1
iter    objective    inf_pr   inf_du lg(mu)  ||d||  lg(rg) alpha_du alpha_pr  ls
  10  8.7911851e+01 7.80e-02 3.42e+02   0.6 4.39e-01    -  9.98e-01 1.00e+00h  1
  11  6.6240658e+01 2.01e-01 1.08e+02   0.4 4.28e-01    -  9.92e-01 1.00e+00f  1
  12  1.2286557e+01 3.41e-01 1.31e+02   0.4 9.25e-01    -  9.47e-01 7.32e-01f  1
  13  9.7155940e+00 1.19e-01 6.55e+01   0.3 3.27e-01    -  9.89e-01 6.90e-01f  1
  14  6.3511010e+00 2.89e-02 3.01e+01  -0.2 2.35e-01    -  9.97e-01 1.00e+00f  1
  15  1.8610437e+00 1.45e-02 7.27e+00  -1.0 1.43e-01    -  1.00e+00 8.27e-01f  1
  16  1.5432497e+00 5.73e-03 5.54e+00  -1.8 6.91e-02    -  9.98e-01 9.74e-01h  1
  17  1.4194459e+00 5.61e-02 1.34e+00  -2.3 9.89e-02    -  1.00e+00 1.00e+00h  1
  18  1.2629908e+00 7.17e-01 2.50e+01  -2.4 6.44e-01    -  1.00e+00 7.15e-01h  1
  19  1.3895383e+00 4.47e-01 4.24e+00  -1.9 4.98e-01    -  1.00e+00 9.02e-01h  1
iter    objective    inf_pr   inf_du lg(mu)  ||d||  lg(rg) alpha_du alpha_pr  ls
  20  1.6988685e+00 2.69e-01 9.99e+01  -1.6 5.81e-01    -  5.85e-01 5.55e-01H  1
  21  2.7661480e+00 1.93e-01 5.11e+01  -1.8 3.25e-01    -  4.89e-01 1.00e+00h  1
  22  1.4683260e+01 2.15e-02 5.28e+01  -1.8 2.12e-01    -  1.12e-02 1.00e+00h  1
  23  9.3452142e+00 6.89e-03 3.87e+01  -1.8 7.99e-02    -  1.00e+00 1.00e+00f  1
  24  2.6386465e+00 1.31e-02 3.59e+01  -1.2 1.22e+00    -  1.00e+00 5.99e-02f  1
  25  1.5583907e+00 1.10e-02 3.26e+01  -1.3 2.77e-01    -  1.00e+00 1.63e-01f  1
  26  1.5496247e+00 9.64e-03 1.92e+01  -1.3 5.07e-02    -  1.00e+00 1.00e+00f  1
  27  1.2946073e+00 1.88e-03 2.65e+00  -2.2 2.49e-02    -  1.00e+00 1.00e+00h  1
  28  1.2517808e+00 6.40e-03 1.12e+00  -2.7 4.48e-02    -  1.00e+00 1.00e+00h  1
  29  1.0930220e+00 1.79e-01 1.51e+00  -2.1 9.34e-01    -  1.00e+00 3.95e-01h  1
iter    objective    inf_pr   inf_du lg(mu)  ||d||  lg(rg) alpha_du alpha_pr  ls
  30  1.0109983e+00 2.63e-01 1.24e+00  -2.2 8.18e-01    -  9.99e-01 1.00e+00h  1
  31  9.5398799e-01 5.29e-01 2.78e+00  -2.2 4.73e-01    -  9.19e-01 8.32e-01H  1
  32  2.5813750e+00 1.32e-01 1.00e+02  -2.4 4.08e-01    -  1.00e+00 1.00e+00h  1
  33  9.3098599e-01 1.22e-01 1.47e+01  -2.5 3.11e-01    -  9.00e-01 1.00e+00f  1
  34  9.1456130e-01 2.09e-02 5.43e+00  -2.9 1.01e-01    -  1.00e+00 1.00e+00h  1
  35  9.2919578e-01 2.23e-02 5.58e+00  -2.6 1.39e-01    -  1.00e+00 1.00e+00h  1
  36  9.0733298e-01 1.31e-02 2.25e+00  -2.6 6.76e-02    -  1.00e+00 1.00e+00h  1
  37  8.4440732e-01 4.56e-02 1.33e+00  -2.8 2.01e-01    -  1.00e+00 1.00e+00h  1
  38  8.0195361e-01 1.69e-01 1.44e+00  -2.4 7.19e-01    -  1.00e+00 4.10e-01h  2
  39  7.9831523e-01 1.23e-01 1.00e+02  -2.9 2.45e-01    -  1.00e+00 1.00e+00h  1
iter    objective    inf_pr   inf_du lg(mu)  ||d||  lg(rg) alpha_du alpha_pr  ls
  40  7.3956144e-01 1.58e-01 2.22e+01  -2.7 3.08e-01    -  1.00e+00 1.00e+00h  1
  41  7.2023031e-01 7.78e-02 8.69e-01  -2.7 1.30e-01    -  1.00e+00 1.00e+00h  1
  42  6.9939484e-01 1.75e-01 4.73e+00  -2.4 2.84e-01    -  1.00e+00 1.00e+00h  1
  43  6.4583823e-01 1.80e-01 4.95e+00  -2.7 6.93e-01    -  1.00e+00 1.00e+00h  1
  44  6.2781468e-01 4.05e-01 1.14e+02  -2.5 1.76e+00    -  1.00e+00 7.30e-01H  1
  45  6.0672561e-01 6.59e-01 2.13e+01  -2.2 1.40e+00    -  1.00e+00 5.00e-01h  2
  46  6.3331303e-01 2.39e-01 9.86e+01  -2.3 3.35e-01    -  1.00e+00 1.00e+00h  1
  47  5.5854919e-01 1.27e-01 7.35e+01  -2.6 3.67e-01    -  1.00e+00 1.00e+00h  1
  48  5.6901272e-01 1.14e-01 4.45e+01  -2.4 5.01e-01    -  1.00e+00 5.00e-01h  2
  49  5.2519827e-01 6.69e-02 3.92e+01  -2.8 3.91e-01    -  1.00e+00 1.00e+00h  1
iter    objective    inf_pr   inf_du lg(mu)  ||d||  lg(rg) alpha_du alpha_pr  ls
  50  4.6990289e-01 3.07e-01 1.35e+01  -2.5 1.48e+00    -  1.00e+00 7.16e-01H  1
  51  4.6605234e-01 1.11e-01 7.44e+01  -2.7 4.43e-01    -  1.00e+00 1.00e+00h  1
  52  4.3814240e-01 9.50e-02 2.87e+01  -2.8 2.16e-01    -  1.00e+00 1.00e+00h  1
  53  4.0997937e-01 6.83e-02 7.09e+01  -3.0 4.74e-01    -  1.00e+00 1.00e+00h  1
  54  3.8018533e-01 3.47e-01 4.78e+01  -2.4 1.42e+00    -  1.00e+00 6.27e-01h  1
  55  1.0370537e+00 4.23e-01 2.02e+02  -1.3 4.21e+00    -  1.00e+00 1.10e-01f  1
  56  4.3776901e-01 1.52e-01 1.64e+02  -1.4 4.18e-01    -  9.87e-01 1.00e+00h  1
  57  4.4841769e-01 7.62e-02 5.78e+01  -1.4 2.97e-01    -  1.00e+00 1.00e+00h  1
  58  4.4736650e-01 2.76e-02 7.13e+01  -1.4 1.40e-01    -  1.00e+00 1.00e+00h  1
  59  4.2842582e-01 4.83e-03 9.55e+00  -2.4 5.68e-02    -  1.00e+00 1.00e+00h  1
iter    objective    inf_pr   inf_du lg(mu)  ||d||  lg(rg) alpha_du alpha_pr  ls
  60  4.0241229e-01 3.00e-02 3.59e+01  -3.1 6.31e-02    -  1.00e+00 1.00e+00h  1
  61  3.5356315e-01 1.38e-01 1.99e+01  -2.9 2.60e-01    -  1.00e+00 6.11e-01h  1
  62  3.4175735e-01 6.93e-02 3.54e-01  -3.1 1.54e-01    -  1.00e+00 1.00e+00h  1
  63  3.0915099e-01 1.48e-01 6.89e-01  -3.2 4.76e-01    -  1.00e+00 9.92e-01h  1
  64  3.0927779e-01 1.81e-01 5.82e-01  -2.7 4.97e-01    -  1.00e+00 4.84e-01h  2
  65  3.0104385e-01 1.34e-01 1.00e+02  -3.0 2.20e-01    -  1.00e+00 1.00e+00h  1
  66  2.9262807e-01 7.62e-02 3.94e+01  -3.2 1.96e-01    -  1.00e+00 1.00e+00h  1
  67  2.9854065e-01 2.37e-02 4.59e+00  -2.9 1.44e-01    -  1.00e+00 1.00e+00H  1
  68  2.8509843e-01 5.55e-02 2.45e+01  -3.1 6.67e-02    -  1.00e+00 1.00e+00h  1
  69  2.7467250e-01 2.21e-02 1.56e+01  -3.3 8.87e-02    -  1.00e+00 1.00e+00h  1
iter    objective    inf_pr   inf_du lg(mu)  ||d||  lg(rg) alpha_du alpha_pr  ls
  70  2.6529760e-01 9.20e-02 1.52e+00  -3.3 2.48e-01    -  1.00e+00 1.00e+00h  1
  71  2.5294101e-01 7.32e-02 3.80e+00  -3.0 4.52e-01    -  1.00e+00 4.49e-01h  2
  72  2.5898811e-01 8.04e-02 9.44e+01  -2.7 6.91e-01    -  1.00e+00 3.61e-01h  2
  73  2.5264839e-01 1.05e-01 2.71e+01  -2.8 2.01e-01    -  1.00e+00 1.00e+00h  1
  74  2.4679540e-01 1.39e-01 6.81e+00  -2.6 1.52e-01    -  1.00e+00 1.00e+00h  1
  75  2.3286537e-01 5.83e-02 1.82e+01  -3.0 8.40e-02    -  1.00e+00 1.00e+00h  1
  76  2.3899240e-01 2.57e-02 9.98e+01  -3.2 1.80e-01    -  7.48e-01 7.96e-01H  1
  77  2.2516664e-01 5.79e-02 6.86e+00  -3.2 1.11e-01    -  1.00e+00 1.00e+00h  1
  78  2.1744735e-01 2.36e-02 1.24e+01  -3.5 7.49e-02    -  1.00e+00 1.00e+00h  1
  79  2.1373006e-01 6.08e-02 1.34e+00  -3.6 1.97e-01    -  1.00e+00 1.00e+00h  1
iter    objective    inf_pr   inf_du lg(mu)  ||d||  lg(rg) alpha_du alpha_pr  ls
  80  2.0743138e-01 2.23e-01 7.71e+00  -3.6 3.55e-01    -  1.00e+00 1.00e+00h  1
  81  2.1017962e-01 1.89e-01 1.01e+02  -2.8 5.12e-01    -  1.00e+00 2.87e-01h  2
  82  2.0585589e-01 5.19e-02 1.36e+01  -3.0 1.36e-01    -  1.00e+00 1.00e+00h  1
  83  2.0927943e-01 1.08e-01 1.87e+01  -2.5 2.18e-01    -  1.00e+00 8.55e-01h  1
  84  2.0173601e-01 3.22e-02 1.92e+00  -2.6 7.81e-02    -  1.00e+00 1.00e+00h  1
  85  1.9464667e-01 1.84e-02 1.92e+01  -3.2 5.20e-02    -  1.00e+00 1.00e+00h  1
  86  1.8515102e-01 2.50e-02 1.24e+01  -3.3 1.37e-01    -  1.00e+00 1.00e+00h  1
  87  1.8111934e-01 9.02e-02 9.83e+00  -3.0 4.46e-01    -  1.00e+00 4.80e-01h  2
  88  1.7524368e-01 5.74e-02 1.85e+00  -3.2 1.68e-01    -  1.00e+00 1.00e+00h  1
  89  1.7172319e-01 6.69e-02 3.70e-01  -3.0 2.54e-01    -  1.00e+00 5.00e-01h  2
iter    objective    inf_pr   inf_du lg(mu)  ||d||  lg(rg) alpha_du alpha_pr  ls
  90  1.6743458e-01 7.00e-02 3.18e-01  -3.1 2.55e-01    -  9.98e-01 5.00e-01h  2
  91  1.7221667e-01 2.43e-02 7.73e-01  -3.4 2.30e-01    -  9.20e-01 1.00e+00H  1
  92  1.6331517e-01 7.36e-02 5.69e-01  -3.5 9.23e-02    -  1.00e+00 1.00e+00h  1
  93  1.6542496e-01 6.90e-02 1.16e-01  -3.0 7.29e-02    -  1.00e+00 1.00e+00h  1
  94  1.5892192e-01 1.81e-02 9.96e-02  -3.2 4.17e-02    -  1.00e+00 1.00e+00h  1
  95  1.5683911e-01 7.66e-03 3.46e-01  -3.7 5.60e-02    -  1.00e+00 1.00e+00h  1
  96  1.5475279e-01 1.11e-02 2.70e-01  -4.0 8.35e-02    -  1.00e+00 1.00e+00h  1
  97  1.5369329e-01 4.37e-02 4.78e-01  -3.7 3.33e-01    -  1.00e+00 4.25e-01h  2
  98  1.5198436e-01 5.36e-02 5.86e-01  -3.5 2.49e-01    -  1.00e+00 3.90e-01h  2
  99  1.5127323e-01 8.11e-02 4.11e-01  -3.6 1.18e-01    -  1.00e+00 1.00e+00h  1
iter    objective    inf_pr   inf_du lg(mu)  ||d||  lg(rg) alpha_du alpha_pr  ls
 100  1.4806753e-01 5.96e-02 1.04e-01  -3.7 7.20e-02    -  1.00e+00 1.00e+00h  1
 101  1.4606825e-01 2.61e-02 1.10e-01  -3.9 3.92e-02    -  1.00e+00 1.00e+00h  1
 102  1.4548778e-01 3.19e-03 4.70e-01  -4.0 3.29e-02    -  1.00e+00 1.00e+00h  1
 103  1.4531731e-01 6.64e-03 2.18e-01  -4.0 3.56e-02    -  1.00e+00 1.00e+00h  1
 104  1.4446875e-01 1.03e-02 5.72e-01  -4.0 1.27e-01    -  1.00e+00 5.00e-01h  2
 105  1.4382965e-01 2.68e-02 1.32e+00  -3.7 2.59e-01    -  1.00e+00 5.00e-01h  2
 106  1.4371026e-01 6.78e-02 2.56e+00  -3.4 4.36e-01    -  1.00e+00 4.77e-01h  2
 107  1.3955830e-01 6.98e-02 2.81e+00  -3.1 4.15e-01    -  1.00e+00 4.06e-01h  2
 108  1.4357321e-01 2.08e-01 1.37e+00  -2.8 4.40e-01    -  1.00e+00 3.26e-01h  2
 109  1.3683250e-01 8.28e-02 5.40e-01  -2.9 1.27e-01    -  1.00e+00 1.00e+00h  1
iter    objective    inf_pr   inf_du lg(mu)  ||d||  lg(rg) alpha_du alpha_pr  ls
 110  1.3577952e-01 3.57e-02 1.00e+02  -3.3 1.09e-01    -  1.00e+00 1.00e+00h  1
 111  1.4034118e-01 2.12e-02 3.90e+01  -3.6 1.10e-01    -  8.91e-01 1.00e+00H  1
 112  1.3600617e-01 3.01e-02 1.64e+00  -3.2 1.04e-01    -  1.00e+00 4.60e-01h  2
 113  1.3295449e-01 2.96e-02 1.49e+01  -3.6 7.75e-02    -  1.00e+00 1.00e+00h  1
 114  1.3216392e-01 3.50e-02 1.97e+00  -3.3 1.34e-01    -  1.00e+00 1.00e+00h  1
 115  1.2972245e-01 1.28e-01 4.65e-01  -3.5 1.27e-01    -  1.00e+00 1.00e+00h  1
 116  1.3502126e-01 1.18e-01 4.54e+00  -3.2 9.20e-02    -  1.00e+00 1.00e+00H  1
 117  1.2516252e-01 4.33e-02 4.49e+00  -3.3 5.08e-02    -  1.00e+00 1.00e+00h  1
 118  1.2214373e-01 5.23e-02 3.37e-01  -3.5 4.11e-02    -  1.00e+00 1.00e+00h  1
 119  1.1950175e-01 1.35e-02 3.02e-01  -4.0 3.90e-02    -  1.00e+00 1.00e+00h  1
iter    objective    inf_pr   inf_du lg(mu)  ||d||  lg(rg) alpha_du alpha_pr  ls
 120  1.1817358e-01 1.43e-02 4.33e-01  -4.0 9.52e-02    -  1.00e+00 1.00e+00h  1
 121  1.1584353e-01 8.82e-02 3.34e-01  -4.0 2.13e-01    -  1.00e+00 1.00e+00h  1
 122  1.3341523e-01 6.61e-02 1.00e+02  -3.4 4.44e-01    -  1.00e+00 5.36e-01H  1
 123  1.1815817e-01 6.03e-02 2.67e+01  -3.5 1.27e-01    -  6.48e-01 7.73e-01h  1
 124  1.1541330e-01 5.51e-02 1.77e+01  -3.2 1.09e-01    -  1.00e+00 1.00e+00f  1
 125  1.1202763e-01 3.62e-02 2.22e+00  -3.4 9.36e-02    -  1.00e+00 1.00e+00h  1
 126  1.0906458e-01 2.63e-02 3.13e+00  -3.5 9.19e-02    -  1.00e+00 1.00e+00h  1
 127  1.0640444e-01 2.86e-02 2.96e+00  -3.9 5.82e-02    -  1.00e+00 1.00e+00h  1
 128  1.0493408e-01 2.08e-02 4.51e+00  -4.0 1.93e-01    -  1.00e+00 5.00e-01h  2
 129  1.0128075e-01 4.88e-02 3.92e+00  -4.0 3.59e-01    -  1.00e+00 5.00e-01h  2
iter    objective    inf_pr   inf_du lg(mu)  ||d||  lg(rg) alpha_du alpha_pr  ls
 130  1.0011443e-01 5.53e-02 1.06e+00  -3.2 7.38e-01    -  1.00e+00 1.62e-01h  3
 131  9.8649342e-02 5.17e-02 7.81e-01  -3.4 1.96e-01    -  1.00e+00 5.00e-01h  2
 132  9.8279606e-02 8.02e-02 3.69e-01  -3.1 4.16e-01    -  1.00e+00 5.00e-01h  2
 133  9.4201245e-02 9.85e-02 2.75e-01  -3.5 2.53e-01    -  1.00e+00 5.00e-01h  2
 134  8.9817064e-02 8.49e-02 1.72e-01  -3.2 4.35e-01    -  1.00e+00 5.00e-01h  2
 135  9.0797420e-02 8.70e-02 1.00e+02  -3.0 6.23e-01    -  1.00e+00 2.50e-01h  3
 136  9.2196573e-02 1.01e-01 2.66e+01  -3.2 2.66e-01    -  1.00e+00 1.00e+00h  1
 137  1.0217012e-01 8.25e-02 2.30e+01  -3.3 1.87e-01    -  5.73e-01 1.00e+00H  1
 138  8.6432474e-02 9.16e-02 1.39e+01  -3.3 1.22e-01    -  5.86e-01 1.00e+00h  1
 139  8.5647194e-02 5.15e-02 1.75e+01  -3.5 5.47e-02    -  1.00e+00 1.00e+00h  1
iter    objective    inf_pr   inf_du lg(mu)  ||d||  lg(rg) alpha_du alpha_pr  ls
 140  8.3025787e-02 2.93e-02 1.41e+01  -3.7 3.89e-02    -  1.00e+00 1.00e+00h  1
 141  8.3210334e-02 1.81e-02 5.03e+00  -3.8 4.68e-02    -  1.00e+00 1.00e+00h  1
 142  8.2051366e-02 9.60e-03 6.50e-01  -4.0 3.07e-02    -  1.00e+00 1.00e+00h  1
 143  8.1727046e-02 1.99e-02 1.69e-01  -4.0 3.28e-02    -  1.00e+00 1.00e+00h  1
 144  8.0850559e-02 1.57e-02 1.34e-01  -4.0 1.95e-02    -  1.00e+00 1.00e+00h  1
 145  8.0438155e-02 8.12e-03 1.30e-01  -4.0 3.40e-02    -  1.00e+00 1.00e+00h  1
 146  8.0057145e-02 1.52e-02 1.46e-01  -4.0 6.34e-02    -  1.00e+00 1.00e+00h  1
 147  8.1592169e-02 1.10e-02 1.34e+00  -4.0 1.27e-01    -  1.00e+00 1.00e+00H  1
 148  8.0155690e-02 4.27e-02 1.32e+00  -4.1 6.58e-02    -  5.09e-01 1.00e+00H  1
 149  7.8792240e-02 2.45e-02 4.06e-01  -4.1 3.84e-02    -  7.92e-01 1.00e+00h  1
iter    objective    inf_pr   inf_du lg(mu)  ||d||  lg(rg) alpha_du alpha_pr  ls
 150  7.8605062e-02 7.71e-03 5.71e-02  -4.0 2.52e-02    -  1.00e+00 1.00e+00h  1
 151  7.7857244e-02 8.24e-03 1.24e-01  -4.0 2.15e-02    -  1.00e+00 1.00e+00h  1
 152  7.7558949e-02 3.74e-03 1.34e-01  -4.0 3.18e-02    -  1.00e+00 1.00e+00h  1
 153  7.7056046e-02 5.34e-03 2.98e-01  -4.0 3.79e-02    -  1.00e+00 1.00e+00h  1
 154  7.6634610e-02 1.11e-02 4.87e-01  -4.0 1.14e-01    -  1.00e+00 2.50e-01h  3
 155  7.6425008e-02 8.19e-03 5.34e-01  -4.0 9.15e-02    -  1.00e+00 2.50e-01h  3
 156  7.6708704e-02 3.17e-03 3.37e-01  -4.0 7.69e-02    -  1.00e+00 1.00e+00H  1
 157  7.6554360e-02 5.26e-02 5.21e-01  -4.0 9.41e-02    -  1.00e+00 1.00e+00h  1
 158  7.5851451e-02 5.17e-02 5.46e-01  -4.1 2.47e-01    -  2.90e-01 1.09e-01h  3
 159  7.5207946e-02 2.19e-02 1.43e-01  -4.0 3.04e-02    -  1.00e+00 1.00e+00h  1
iter    objective    inf_pr   inf_du lg(mu)  ||d||  lg(rg) alpha_du alpha_pr  ls
 160  7.6926299e-02 1.26e-02 3.47e-01  -4.0 7.33e-02    -  1.00e+00 1.00e+00H  1
 161  7.4906440e-02 4.35e-02 1.01e+00  -4.1 6.53e-02    -  1.00e+00 1.00e+00h  1
 162  8.0048140e-02 2.02e-02 1.70e-01  -3.7 6.45e-02    -  1.00e+00 7.72e-01H  1
 163  7.5374225e-02 2.85e-02 1.58e-01  -3.8 5.08e-02    -  2.72e-01 1.00e+00h  1
 164  7.5013584e-02 1.94e-02 5.35e-02  -3.8 2.98e-02    -  1.00e+00 1.00e+00h  1
 165  7.4258074e-02 2.63e-03 2.15e-01  -4.0 1.77e-02    -  1.00e+00 1.00e+00h  1
 166  7.4275694e-02 3.77e-04 1.22e-01  -4.0 1.44e-02    -  1.00e+00 1.00e+00h  1
 167  7.4174950e-02 1.04e-02 1.70e-01  -4.0 4.43e-02    -  1.00e+00 1.00e+00h  1
 168  7.3552214e-02 1.44e-02 4.87e-01  -4.0 4.40e-01    -  1.00e+00 2.50e-01h  3
 169  7.3297016e-02 4.16e-02 1.05e+00  -3.4 1.14e+00    -  1.00e+00 2.04e-01h  3
iter    objective    inf_pr   inf_du lg(mu)  ||d||  lg(rg) alpha_du alpha_pr  ls
 170  7.2771550e-02 6.05e-02 9.72e-01  -3.4 4.35e-01    -  1.00e+00 2.50e-01h  3
 171  7.2855573e-02 8.22e-02 5.94e-01  -3.5 1.43e-01    -  1.00e+00 5.00e-01h  2
 172  7.1330084e-02 9.51e-02 5.01e-01  -3.6 2.13e-01    -  1.00e+00 5.00e-01h  2
 173  7.0160164e-02 8.43e-02 4.84e-01  -3.3 3.99e-01    -  1.00e+00 2.22e-01h  3
 174  6.9819371e-02 8.75e-02 1.00e+02  -3.6 4.11e-01    -  1.00e+00 5.00e-01h  2
 175  7.0679188e-02 1.10e-01 2.82e+01  -3.3 3.67e-01    -  1.00e+00 5.00e-01h  2
 176  6.7983734e-02 7.40e-02 1.56e+01  -3.4 1.65e-01    -  9.88e-01 5.00e-01h  2
 177  6.6737599e-02 6.32e-02 7.02e+01  -3.2 2.38e-01    -  1.00e+00 5.00e-01h  2
 178  7.2041207e-02 7.36e-02 1.38e+01  -3.3 1.49e-01    -  9.38e-01 1.00e+00H  1
 179  6.9566278e-02 1.08e-01 4.65e+01  -3.1 1.01e-01    -  1.00e+00 1.00e+00h  1
iter    objective    inf_pr   inf_du lg(mu)  ||d||  lg(rg) alpha_du alpha_pr  ls
 180  6.8415918e-02 8.16e-02 6.81e+00  -3.2 7.62e-02    -  1.00e+00 1.00e+00h  1
 181  6.6371007e-02 1.11e-01 2.13e+01  -3.2 6.28e-02    -  1.00e+00 1.00e+00h  1
 182  6.6053389e-02 4.47e-02 1.81e+00  -3.3 3.85e-02    -  1.00e+00 1.00e+00h  1
 183  6.4585805e-02 1.47e-02 9.29e+00  -3.9 6.61e-02    -  1.00e+00 1.00e+00h  1
 184  6.4023881e-02 1.74e-02 1.36e+00  -3.9 5.66e-02    -  1.00e+00 5.00e-01h  2
 185  6.3253538e-02 2.73e-02 9.69e-02  -4.0 8.02e-02    -  1.00e+00 1.00e+00h  1
 186  6.4534573e-02 2.99e-02 4.83e-01  -4.0 1.25e-01    -  1.00e+00 1.00e+00H  1
 187  6.8685367e-02 5.54e-02 8.21e-01  -4.1 8.92e-02    -  7.33e-01 1.00e+00H  1
 188  6.1642050e-02 4.04e-02 2.70e-01  -4.1 6.66e-02    -  1.00e+00 1.00e+00h  1
 189  6.0378568e-02 1.88e-02 8.14e-02  -4.0 3.71e-02    -  1.00e+00 1.00e+00h  1
iter    objective    inf_pr   inf_du lg(mu)  ||d||  lg(rg) alpha_du alpha_pr  ls
 190  5.9430657e-02 1.40e-02 2.09e-01  -4.0 4.52e-02    -  1.00e+00 1.00e+00h  1
 191  5.8829978e-02 1.28e-02 3.20e-01  -4.0 1.21e-01    -  1.00e+00 5.00e-01h  2
 192  5.7985533e-02 5.61e-02 6.48e-01  -4.0 2.45e-01    -  1.00e+00 1.00e+00h  1
 193  5.7127355e-02 5.27e-02 9.92e-01  -3.7 3.32e-01    -  1.00e+00 5.00e-01h  2
 194  5.5430363e-02 6.20e-02 9.04e-01  -3.3 2.02e-01    -  1.00e+00 4.12e-01h  2
 195  5.3504139e-02 3.36e-02 1.70e-01  -3.5 8.69e-02    -  1.00e+00 1.00e+00h  1
 196  5.2621870e-02 2.86e-02 1.22e-01  -3.8 5.54e-02    -  1.00e+00 1.00e+00h  1
 197  5.2174759e-02 3.18e-02 2.46e-01  -3.8 5.91e-02    -  9.96e-01 1.00e+00h  1
 198  5.1107897e-02 1.99e-02 2.08e-01  -4.0 4.87e-02    -  1.00e+00 1.00e+00h  1
 199  5.1011367e-02 2.54e-02 2.24e-01  -4.0 4.86e-02    -  1.00e+00 1.00e+00h  1
iter    objective    inf_pr   inf_du lg(mu)  ||d||  lg(rg) alpha_du alpha_pr  ls
 200  5.0415236e-02 9.52e-03 2.54e-01  -4.0 3.95e-02    -  1.00e+00 1.00e+00h  1
 201  4.9994314e-02 6.80e-03 1.90e-01  -4.0 3.21e-02    -  1.00e+00 1.00e+00h  1
 202  4.9471562e-02 3.63e-03 2.97e-01  -4.0 3.72e-02    -  1.00e+00 1.00e+00h  1
 203  4.9095146e-02 5.99e-03 3.82e-01  -4.0 6.86e-02    -  1.00e+00 1.00e+00h  1
 204  4.8507815e-02 2.02e-02 1.13e+00  -4.0 1.42e-01    -  1.00e+00 1.00e+00h  1
 205  4.7905728e-02 1.98e-02 1.49e+00  -3.4 4.02e-01    -  1.00e+00 1.88e-01h  3
 206  4.6991006e-02 3.94e-02 1.53e+00  -3.7 1.96e-01    -  1.00e+00 5.00e-01h  2
 207  4.6218557e-02 8.33e-02 1.64e+00  -3.5 4.43e-01    -  1.00e+00 2.50e-01h  3
 208  4.5167150e-02 7.88e-02 1.65e+00  -3.2 4.97e-01    -  1.00e+00 1.89e-01h  3
 209  4.4336629e-02 6.77e-02 1.00e+02  -3.3 3.66e-01    -  1.00e+00 2.50e-01h  3
iter    objective    inf_pr   inf_du lg(mu)  ||d||  lg(rg) alpha_du alpha_pr  ls
 210  4.4569355e-02 5.63e-02 3.68e+01  -3.5 1.64e-01    -  1.00e+00 2.50e-01h  3
 211  4.7314017e-02 3.10e-02 3.08e+01  -3.3 7.58e-02    -  1.00e+00 1.00e+00h  1
 212  4.5426729e-02 2.56e-02 4.14e+01  -3.4 5.54e-02    -  1.00e+00 1.00e+00h  1
 213  4.4413464e-02 1.29e-02 1.80e+01  -3.6 6.04e-02    -  1.00e+00 5.00e-01h  2
 214  4.4632990e-02 1.90e-02 1.50e+00  -3.9 3.97e-02    -  1.00e+00 1.00e+00h  1
 215  4.4318668e-02 1.88e-02 1.35e+01  -4.0 2.19e-02    -  1.00e+00 1.00e+00h  1
 216  4.3826159e-02 1.39e-02 2.37e+01  -4.0 2.08e-02    -  1.00e+00 1.00e+00h  1
 217  4.3089738e-02 2.25e-03 2.23e-01  -4.0 2.06e-02    -  1.00e+00 1.00e+00h  1
 218  4.2959581e-02 3.52e-03 1.99e-01  -4.0 3.05e-02    -  1.00e+00 1.00e+00h  1
 219  4.2341941e-02 8.54e-03 5.36e-01  -4.0 1.34e-01    -  1.00e+00 5.00e-01h  2
iter    objective    inf_pr   inf_du lg(mu)  ||d||  lg(rg) alpha_du alpha_pr  ls
 220  4.2443579e-02 1.72e-02 9.87e-01  -3.7 2.07e-01    -  1.00e+00 5.00e-01h  2
 221  4.1262106e-02 2.91e-02 1.06e+00  -3.8 1.66e-01    -  1.00e+00 5.00e-01h  2
 222  4.1034981e-02 3.88e-02 1.34e+00  -3.6 1.57e-01    -  1.00e+00 5.00e-01h  2
 223  4.0211781e-02 3.28e-02 9.45e-01  -3.7 7.14e-02    -  1.00e+00 5.00e-01h  2
 224  4.0320414e-02 1.14e-02 3.10e-01  -3.9 3.85e-02    -  1.00e+00 1.00e+00h  1
 225  4.0352866e-02 2.73e-02 2.22e-01  -3.9 3.00e-02    -  1.00e+00 1.00e+00h  1
 226  3.9461710e-02 2.55e-02 1.22e-01  -4.0 1.87e-02    -  1.00e+00 1.00e+00h  1
 227  3.9366445e-02 4.84e-03 3.53e-01  -4.0 1.80e-02    -  1.00e+00 1.00e+00h  1
 228  3.9682784e-02 2.53e-03 3.13e-01  -4.0 1.62e-02    -  1.00e+00 1.00e+00h  1
 229  3.9439619e-02 2.30e-03 1.44e-01  -4.0 1.44e-02    -  1.00e+00 1.00e+00h  1
iter    objective    inf_pr   inf_du lg(mu)  ||d||  lg(rg) alpha_du alpha_pr  ls
 230  3.9404763e-02 4.85e-03 2.54e-01  -4.0 2.19e-02    -  1.00e+00 1.00e+00h  1
 231  3.8865266e-02 3.62e-03 2.25e-01  -4.1 1.49e-02    -  1.00e+00 1.00e+00h  1
 232  3.8921642e-02 5.88e-04 8.36e-02  -4.0 8.93e-03    -  1.00e+00 1.00e+00h  1
 233  3.8814359e-02 8.55e-04 1.81e-01  -4.0 1.10e-02    -  1.00e+00 1.00e+00h  1
 234  3.8657678e-02 3.37e-03 4.44e-01  -4.0 3.36e-02    -  1.00e+00 1.00e+00h  1
 235  3.8358717e-02 5.53e-03 1.14e+00  -3.7 1.93e-01    -  1.00e+00 2.50e-01h  3
 236  3.8842846e-02 6.27e-03 9.25e-01  -4.0 5.37e-02    -  1.00e+00 1.00e+00H  1
 237  3.8185327e-02 3.67e-02 7.17e-01  -4.1 3.53e-02    -  1.00e+00 1.00e+00h  1
 238  3.7757582e-02 9.82e-03 1.28e-01  -4.0 2.10e-02    -  1.00e+00 1.00e+00h  1
 239  3.7771585e-02 3.09e-03 2.46e-01  -4.0 1.41e-02    -  1.00e+00 1.00e+00h  1
iter    objective    inf_pr   inf_du lg(mu)  ||d||  lg(rg) alpha_du alpha_pr  ls
 240  3.7756532e-02 8.13e-04 2.38e-01  -4.0 1.64e-02    -  1.00e+00 1.00e+00h  1
 241  3.7629066e-02 2.24e-03 3.84e-01  -4.0 8.01e-02    -  1.00e+00 2.50e-01h  3
 242  3.7431161e-02 3.34e-03 7.14e-01  -4.0 1.52e-01    -  1.00e+00 2.50e-01h  3
 243  3.7014836e-02 1.79e-02 1.62e+00  -4.0 5.08e-01    -  1.00e+00 2.50e-01h  3
 244  3.6792426e-02 2.33e-02 1.59e+00  -3.5 4.09e-01    -  1.00e+00 1.07e-01h  3
 245  3.7926077e-02 4.72e-02 1.42e-01  -3.8 3.83e-02    -  1.00e+00 1.00e+00h  1
 246  3.6692894e-02 1.80e-02 1.13e-01  -3.9 2.40e-02    -  1.00e+00 1.00e+00h  1
 247  3.7577490e-02 9.28e-03 2.62e-01  -4.0 3.11e-02    -  1.00e+00 1.00e+00H  1
 248  3.6629671e-02 5.59e-03 4.68e-01  -4.1 2.62e-02    -  1.00e+00 1.00e+00h  1
 249  3.6764372e-02 4.35e-03 2.60e-01  -4.0 2.05e-02    -  1.00e+00 1.00e+00h  1
iter    objective    inf_pr   inf_du lg(mu)  ||d||  lg(rg) alpha_du alpha_pr  ls
 250  3.6377309e-02 2.67e-03 1.39e-01  -4.0 1.41e-02    -  1.00e+00 1.00e+00h  1
 251  3.6397308e-02 1.34e-03 1.08e-01  -4.0 8.97e-03    -  1.00e+00 1.00e+00h  1
 252  3.6295881e-02 1.94e-03 1.59e-01  -4.0 8.40e-03    -  1.00e+00 1.00e+00h  1
 253  3.6278824e-02 6.97e-04 2.01e-01  -4.0 1.64e-02    -  1.00e+00 1.00e+00h  1
 254  3.6087435e-02 4.03e-03 5.97e-01  -4.0 3.04e-02    -  1.00e+00 1.00e+00h  1
 255  3.5918273e-02 4.15e-03 8.43e-01  -4.0 7.45e-02    -  1.00e+00 2.50e-01h  3
 256  3.5706722e-02 4.12e-03 8.49e-01  -4.0 6.61e-02    -  1.00e+00 5.00e-01h  2
 257  3.5684689e-02 9.96e-03 1.07e+00  -4.0 8.95e-02    -  1.00e+00 5.00e-01h  2
 258  3.5246813e-02 9.48e-03 1.31e+00  -4.0 1.35e-01    -  1.00e+00 2.50e-01h  3
 259  3.4840670e-02 1.43e-02 1.21e+00  -4.0 1.07e-01    -  1.00e+00 5.00e-01h  2
iter    objective    inf_pr   inf_du lg(mu)  ||d||  lg(rg) alpha_du alpha_pr  ls
 260  3.4464261e-02 1.82e-02 1.35e+00  -4.0 2.32e-01    -  1.00e+00 2.50e-01h  3
 261  3.3792597e-02 2.71e-02 1.58e+00  -3.6 6.02e-01    -  1.00e+00 1.39e-01h  3
 262  3.4072224e-02 3.25e-02 1.28e+00  -3.4 1.81e-01    -  1.00e+00 2.10e-01h  3
 263  3.3682572e-02 3.89e-02 9.66e-01  -3.5 8.64e-02    -  1.00e+00 2.50e-01h  3
 264  3.3969536e-02 3.80e-02 8.23e-01  -3.2 1.52e-01    -  1.00e+00 2.50e-01h  3
 265  3.3624855e-02 4.10e-02 6.22e-01  -3.3 1.16e-01    -  1.00e+00 2.50e-01h  3
 266  3.3717860e-02 3.78e-02 5.79e-01  -3.1 2.02e-01    -  1.00e+00 2.50e-01h  3
 267  3.3414387e-02 3.82e-02 3.74e-01  -3.4 1.62e-01    -  1.00e+00 5.00e-01h  2
 268  3.2896861e-02 3.38e-02 4.10e-01  -3.6 2.21e-01    -  1.00e+00 2.50e-01h  3
 269  3.2535526e-02 2.78e-02 4.00e-01  -3.7 3.29e-01    -  1.00e+00 2.50e-01h  3
iter    objective    inf_pr   inf_du lg(mu)  ||d||  lg(rg) alpha_du alpha_pr  ls
 270  3.2312803e-02 2.50e-02 4.14e-01  -3.9 2.05e-01    -  1.00e+00 2.50e-01h  3
 271  3.2230802e-02 2.44e-02 4.12e-01  -3.6 2.64e-01    -  1.00e+00 1.25e-01h  4
 272  3.2506575e-02 2.01e-02 2.77e-01  -3.9 8.99e-02    -  1.00e+00 5.00e-01h  2
 273  3.2148031e-02 2.27e-02 2.72e-01  -4.0 1.41e-01    -  1.00e+00 2.50e-01h  3
 274  3.1948052e-02 2.14e-02 2.87e-01  -3.6 2.33e-01    -  1.00e+00 1.02e-01h  4
 275  3.2590689e-02 1.31e-02 1.87e-01  -4.0 7.06e-02    -  1.00e+00 1.00e+00h  1
 276  3.2321694e-02 1.38e-02 2.94e-01  -3.7 1.36e-01    -  1.00e+00 2.50e-01h  3
 277  3.1899600e-02 1.36e-02 3.39e-01  -4.0 1.24e-01    -  1.00e+00 2.50e-01h  3
 278  3.1865319e-02 1.67e-02 2.92e-01  -4.0 5.96e-02    -  1.00e+00 2.50e-01h  3
 279  3.2500284e-02 8.97e-03 2.35e-01  -4.0 4.11e-02    -  1.00e+00 1.00e+00h  1
iter    objective    inf_pr   inf_du lg(mu)  ||d||  lg(rg) alpha_du alpha_pr  ls
 280  3.6244426e-02 8.64e-03 3.75e-01  -4.0 4.08e-02    -  1.00e+00 1.00e+00H  1
 281  3.2170665e-02 2.15e-02 1.98e-01  -4.1 2.94e-02    -  1.00e+00 1.00e+00h  1
 282  3.1986410e-02 2.11e-03 9.24e-02  -4.1 1.37e-02    -  1.00e+00 1.00e+00h  1
 283  3.2205039e-02 1.28e-03 2.46e-01  -4.0 1.49e-02    -  1.00e+00 1.00e+00h  1
 284  3.2866415e-02 1.23e-03 3.33e-01  -4.0 1.47e-02    -  1.00e+00 1.00e+00H  1
 285  3.2143180e-02 2.78e-03 1.14e-01  -4.0 1.37e-02    -  1.00e+00 1.00e+00h  1
 286  3.2032378e-02 3.30e-04 4.68e-02  -4.1 4.07e-03    -  1.00e+00 1.00e+00h  1
 287  3.2104236e-02 3.86e-05 2.67e-02  -4.0 3.06e-03    -  1.00e+00 1.00e+00h  1
 288  3.1962886e-02 3.17e-03 1.45e-01  -4.0 2.53e-02    -  1.00e+00 1.00e+00h  1
 289  3.1979395e-02 5.52e-03 4.59e-01  -4.0 9.11e-02    -  1.00e+00 5.00e-01h  2
iter    objective    inf_pr   inf_du lg(mu)  ||d||  lg(rg) alpha_du alpha_pr  ls
 290  3.2859591e-02 2.01e-03 1.28e+00  -4.1 4.77e-02    -  1.00e+00 1.00e+00H  1
 291  3.1942963e-02 5.63e-03 5.53e-01  -4.1 4.63e-02    -  1.00e+00 1.00e+00H  1
 292  3.1629474e-02 3.69e-03 1.98e-01  -4.0 1.76e-02    -  1.00e+00 1.00e+00h  1
 293  3.1918931e-02 2.31e-03 1.44e-01  -4.0 2.37e-02    -  1.00e+00 1.00e+00h  1
 294  3.1627792e-02 3.08e-03 8.94e-02  -4.0 1.54e-02    -  1.00e+00 1.00e+00h  1
 295  3.1453317e-02 8.01e-04 4.29e-02  -4.0 7.87e-03    -  1.00e+00 1.00e+00h  1
 296  3.1499674e-02 1.94e-04 4.49e-02  -4.0 3.42e-03    -  1.00e+00 1.00e+00h  1
 297  3.1474596e-02 5.07e-05 3.26e-02  -4.0 2.82e-03    -  1.00e+00 1.00e+00h  1
 298  3.1433554e-02 1.21e-04 5.46e-02  -4.0 7.92e-03    -  1.00e+00 1.00e+00h  1
 299  3.1653407e-02 1.41e-04 5.51e-01  -4.0 4.27e-02    -  1.00e+00 1.00e+00H  1
iter    objective    inf_pr   inf_du lg(mu)  ||d||  lg(rg) alpha_du alpha_pr  ls
 300  3.1710141e-02 3.17e-05 4.91e-01  -4.1 1.73e-02    -  1.00e+00 1.00e+00H  1
 301  3.1300882e-02 2.21e-03 2.40e-01  -4.0 1.55e-02    -  1.00e+00 1.00e+00h  1
 302  3.1245472e-02 1.23e-03 6.12e-02  -4.0 7.02e-03    -  1.00e+00 1.00e+00h  1
 303  3.1186226e-02 3.01e-04 4.98e-02  -4.0 6.53e-03    -  1.00e+00 1.00e+00h  1
 304  3.1154225e-02 1.34e-04 4.68e-02  -4.0 9.60e-03    -  1.00e+00 1.00e+00h  1
 305  3.1091591e-02 1.18e-03 3.21e-01  -4.0 7.15e-02    -  1.00e+00 5.00e-01h  2
 306  3.0902052e-02 4.54e-03 9.51e-01  -4.0 1.19e-01    -  1.00e+00 5.00e-01h  2
 307  3.0763770e-02 4.85e-03 1.11e+00  -4.0 7.71e-02    -  1.00e+00 2.50e-01h  3
 308  3.0936499e-02 2.61e-03 4.68e-01  -4.0 2.87e-02    -  1.00e+00 1.00e+00h  1
 309  3.0725094e-02 2.39e-03 8.77e-02  -4.0 1.53e-02    -  1.00e+00 1.00e+00h  1
iter    objective    inf_pr   inf_du lg(mu)  ||d||  lg(rg) alpha_du alpha_pr  ls
 310  3.0765334e-02 2.08e-03 8.27e-02  -4.0 1.64e-02    -  1.00e+00 1.00e+00h  1
 311  3.0947730e-02 1.06e-03 7.83e-02  -4.0 1.30e-02    -  1.00e+00 1.00e+00h  1
 312  3.0700491e-02 8.80e-04 7.02e-02  -4.0 9.85e-03    -  1.00e+00 1.00e+00h  1
 313  3.0710681e-02 1.79e-04 5.45e-02  -4.0 5.37e-03    -  1.00e+00 1.00e+00h  1
 314  3.0726477e-02 5.20e-05 2.56e-01  -4.0 1.73e-02    -  1.00e+00 1.00e+00H  1
 315  3.0700397e-02 2.79e-03 4.19e-01  -4.0 2.84e-02    -  1.00e+00 1.00e+00h  1
 316  3.0586152e-02 4.05e-03 2.88e-01  -4.1 1.59e-02    -  1.00e+00 1.00e+00h  1
 317  3.0624970e-02 8.23e-04 7.34e-02  -4.0 9.89e-03    -  1.00e+00 1.00e+00h  1
 318  3.0505410e-02 3.83e-04 5.50e-02  -4.0 6.20e-03    -  1.00e+00 1.00e+00h  1
 319  3.0491385e-02 2.43e-04 7.73e-02  -4.0 6.37e-03    -  1.00e+00 1.00e+00h  1
iter    objective    inf_pr   inf_du lg(mu)  ||d||  lg(rg) alpha_du alpha_pr  ls
 320  3.0446272e-02 4.93e-03 3.72e-01  -4.0 7.12e-02    -  1.00e+00 5.00e-01h  2
 321  3.0326698e-02 5.70e-03 7.43e-01  -4.0 1.46e-01    -  1.00e+00 2.50e-01h  3
 322  3.0173797e-02 6.85e-03 1.09e+00  -4.0 1.35e-01    -  1.00e+00 2.50e-01h  3
 323  3.0069185e-02 8.97e-03 1.19e+00  -4.0 1.12e-01    -  1.00e+00 2.50e-01h  3
 324  3.0813015e-02 1.16e-03 5.66e-01  -4.0 2.32e-02    -  1.00e+00 1.00e+00H  1
 325  2.9974527e-02 1.15e-02 3.82e-01  -4.1 2.25e-02    -  1.00e+00 1.00e+00h  1
 326  2.9891778e-02 1.01e-02 2.22e-01  -4.0 2.04e-02    -  1.00e+00 5.00e-01h  2
 327  2.9938999e-02 2.47e-03 9.20e-02  -4.0 8.20e-03    -  1.00e+00 1.00e+00h  1
 328  3.0038831e-02 5.20e-04 2.85e-01  -4.0 1.65e-02    -  1.00e+00 1.00e+00H  1
 329  3.0097253e-02 8.06e-04 2.82e-01  -4.0 1.64e-02    -  1.00e+00 1.00e+00H  1
iter    objective    inf_pr   inf_du lg(mu)  ||d||  lg(rg) alpha_du alpha_pr  ls
 330  2.9926168e-02 2.09e-03 1.29e-01  -4.0 7.94e-03    -  1.00e+00 1.00e+00h  1
 331  2.9866074e-02 2.92e-04 3.14e-02  -4.0 4.41e-03    -  1.00e+00 1.00e+00h  1
 332  2.9871033e-02 1.22e-04 3.92e-02  -4.0 3.75e-03    -  1.00e+00 1.00e+00h  1
 333  2.9841820e-02 3.24e-04 9.51e-02  -4.0 6.99e-03    -  1.00e+00 1.00e+00h  1
 334  2.9987235e-02 3.04e-04 4.64e-01  -4.0 3.78e-02    -  1.00e+00 1.00e+00H  1
 335  2.9863303e-02 1.37e-03 6.72e-01  -4.1 9.84e-02    -  1.00e+00 2.50e-01h  3
 336  2.9685153e-02 1.73e-03 4.70e-01  -4.1 2.62e-02    -  1.00e+00 5.00e-01h  2
 337  2.9634520e-02 9.55e-04 1.18e-01  -4.0 1.22e-02    -  1.00e+00 1.00e+00h  1
 338  2.9688756e-02 8.91e-04 4.72e-02  -4.0 7.14e-03    -  1.00e+00 1.00e+00h  1
 339  2.9641877e-02 9.14e-04 4.71e-02  -4.0 1.01e-02    -  1.00e+00 1.00e+00h  1
iter    objective    inf_pr   inf_du lg(mu)  ||d||  lg(rg) alpha_du alpha_pr  ls
 340  2.9714949e-02 1.68e-04 7.75e-02  -4.0 9.29e-03    -  1.00e+00 1.00e+00H  1
 341  2.9613664e-02 3.49e-04 4.87e-02  -4.0 4.78e-03    -  1.00e+00 1.00e+00h  1
 342  2.9604824e-02 3.36e-05 2.40e-02  -4.0 2.32e-03    -  1.00e+00 1.00e+00h  1
 343  2.9599032e-02 4.85e-05 3.42e-02  -4.0 3.05e-03    -  1.00e+00 1.00e+00h  1
 344  2.9631904e-02 2.75e-05 2.00e-01  -4.0 1.45e-02    -  1.00e+00 1.00e+00H  1
 345  2.9581323e-02 6.19e-04 3.78e-01  -4.0 2.61e-02    -  1.00e+00 5.00e-01h  2
 346  2.9945176e-02 3.02e-04 3.49e-01  -4.0 1.82e-02    -  1.00e+00 1.00e+00H  1
 347  2.9438707e-02 3.02e-03 1.29e-01  -4.1 9.89e-03    -  1.00e+00 1.00e+00h  1
 348  2.9509347e-02 3.71e-04 2.77e-02  -4.0 3.06e-03    -  1.00e+00 1.00e+00h  1
 349  2.9510919e-02 5.46e-05 2.84e-02  -4.0 3.36e-03    -  1.00e+00 1.00e+00h  1
iter    objective    inf_pr   inf_du lg(mu)  ||d||  lg(rg) alpha_du alpha_pr  ls
 350  2.9494070e-02 6.39e-05 4.36e-02  -4.0 5.09e-03    -  1.00e+00 1.00e+00h  1
 351  2.9465794e-02 2.68e-04 2.14e-01  -4.0 3.17e-02    -  1.00e+00 5.00e-01h  2
 352  2.9435899e-02 9.02e-04 4.98e-01  -4.0 9.93e-02    -  1.00e+00 2.50e-01h  3
 353  2.9386035e-02 1.60e-03 6.31e-01  -4.0 5.42e-02    -  1.00e+00 5.00e-01h  2
 354  2.9341047e-02 1.50e-03 6.73e-01  -4.0 5.03e-02    -  1.00e+00 2.50e-01h  3
 355  2.9265080e-02 1.14e-03 5.11e-01  -4.0 3.02e-02    -  1.00e+00 5.00e-01h  2
 356  2.9287704e-02 8.99e-04 2.08e-01  -4.0 1.11e-02    -  1.00e+00 1.00e+00h  1
 357  2.9464819e-02 7.95e-04 2.11e-01  -4.0 1.42e-02    -  1.00e+00 1.00e+00H  1
 358  2.9251490e-02 4.80e-03 1.15e-01  -4.1 1.41e-02    -  1.00e+00 1.00e+00h  1
 359  2.9428988e-02 6.24e-04 2.41e-01  -4.0 2.87e-02    -  1.00e+00 1.00e+00H  1
iter    objective    inf_pr   inf_du lg(mu)  ||d||  lg(rg) alpha_du alpha_pr  ls
 360  2.9625873e-02 2.83e-04 3.71e-01  -4.0 1.48e-02    -  1.00e+00 1.00e+00H  1
 361  2.9283790e-02 2.43e-03 1.67e-01  -4.1 1.10e-02    -  1.00e+00 1.00e+00h  1
 362  2.9136409e-02 6.10e-04 3.31e-02  -4.1 7.73e-03    -  1.00e+00 1.00e+00h  1
 363  2.9225342e-02 1.52e-04 3.10e-02  -4.0 2.91e-03    -  1.00e+00 1.00e+00h  1
 364  2.9227372e-02 7.18e-06 7.41e-02  -4.0 4.10e-03    -  1.00e+00 1.00e+00H  1
 365  2.9194168e-02 1.11e-03 2.91e-01  -4.0 1.80e-02    -  1.00e+00 1.00e+00h  1
 366  2.9154967e-02 1.11e-03 4.95e-01  -4.1 4.02e-02    -  1.00e+00 5.00e-01h  2
 367  2.9026303e-02 2.98e-03 6.22e-01  -4.1 5.50e-02    -  1.00e+00 5.00e-01h  2
 368  2.9453037e-02 1.35e-03 3.35e-01  -4.0 2.08e-02    -  1.00e+00 1.00e+00H  1
 369  2.8945731e-02 2.47e-03 1.09e-01  -4.1 1.14e-02    -  1.00e+00 1.00e+00h  1
iter    objective    inf_pr   inf_du lg(mu)  ||d||  lg(rg) alpha_du alpha_pr  ls
 370  2.9013880e-02 3.51e-04 8.45e-02  -4.0 1.08e-02    -  1.00e+00 1.00e+00h  1
 371  2.8999380e-02 1.89e-03 2.90e-01  -4.0 2.97e-02    -  1.00e+00 5.00e-01h  2
 372  3.0089819e-02 1.24e-03 8.14e-01  -4.0 4.36e-02    -  1.00e+00 1.00e+00H  1
 373  2.9520753e-02 9.82e-03 2.88e-01  -4.1 2.01e-02    -  1.00e+00 1.00e+00h  1
 374  2.9098836e-02 1.00e-02 1.46e-01  -4.1 2.53e-02    -  1.00e+00 1.00e+00h  1
 375  2.8839767e-02 3.07e-03 3.25e-02  -4.1 1.09e-02    -  1.00e+00 1.00e+00h  1
 376  2.8846087e-02 8.51e-04 3.62e-02  -4.0 9.14e-03    -  1.00e+00 1.00e+00h  1
 377  2.8769909e-02 7.92e-04 2.87e-01  -4.0 2.16e-02    -  1.00e+00 1.00e+00h  1
 378  2.8708298e-02 2.15e-03 4.22e-01  -4.0 7.04e-02    -  1.00e+00 2.50e-01h  3
 379  2.8640545e-02 1.59e-03 4.36e-01  -4.0 6.89e-02    -  1.00e+00 2.50e-01h  3
iter    objective    inf_pr   inf_du lg(mu)  ||d||  lg(rg) alpha_du alpha_pr  ls
 380  2.8605193e-02 1.94e-03 1.20e-01  -4.0 1.64e-02    -  1.00e+00 1.00e+00h  1
 381  2.8590097e-02 7.32e-04 8.64e-02  -4.0 1.05e-02    -  1.00e+00 1.00e+00h  1
 382  2.8519416e-02 3.31e-04 1.76e-01  -4.0 1.33e-02    -  1.00e+00 1.00e+00h  1
 383  2.8672401e-02 1.56e-04 3.07e-01  -4.0 3.34e-02    -  1.00e+00 1.00e+00H  1
 384  2.8525657e-02 1.76e-03 5.22e-01  -4.0 5.71e-02    -  1.00e+00 5.00e-01h  2
 385  2.8363451e-02 3.48e-03 6.41e-01  -4.1 9.79e-02    -  1.00e+00 2.50e-01h  3
 386  2.8316309e-02 4.34e-03 6.12e-01  -4.0 3.54e-02    -  1.00e+00 5.00e-01h  2
 387  2.8287556e-02 3.83e-03 1.23e-01  -4.0 1.45e-02    -  1.00e+00 1.00e+00h  1
 388  2.8185853e-02 8.87e-04 7.33e-02  -4.0 8.53e-03    -  1.00e+00 1.00e+00h  1
 389  2.8215640e-02 5.58e-04 4.84e-02  -4.0 8.66e-03    -  1.00e+00 1.00e+00h  1
iter    objective    inf_pr   inf_du lg(mu)  ||d||  lg(rg) alpha_du alpha_pr  ls
 390  2.8156276e-02 2.29e-04 7.97e-02  -4.0 4.44e-03    -  1.00e+00 1.00e+00h  1
 391  2.8117910e-02 8.63e-05 8.78e-02  -4.0 7.09e-03    -  1.00e+00 1.00e+00h  1
 392  2.8008703e-02 1.64e-03 6.07e-01  -4.0 1.51e-01    -  1.00e+00 2.50e-01h  3
 393  2.7915687e-02 4.46e-03 1.24e+00  -4.0 1.86e-01    -  1.00e+00 2.50e-01h  3
 394  2.7815199e-02 8.04e-03 1.67e+00  -4.0 2.01e-01    -  1.00e+00 2.50e-01h  3
 395  2.8896252e-02 1.70e-02 2.09e+00  -4.0 5.16e-02    -  1.00e+00 1.00e+00H  1
 396  2.9295046e-02 1.11e-02 6.82e-01  -4.1 3.90e-02    -  1.00e+00 1.00e+00H  1
 397  2.8749959e-02 1.90e-02 1.09e+00  -4.1 1.99e-01    -  7.33e-01 4.16e-01h  2
 398  2.8258946e-02 1.64e-02 6.99e-01  -4.1 1.49e-01    -  6.81e-01 1.84e-01h  3
 399  2.7752387e-02 9.90e-03 2.78e-01  -4.1 4.32e-02    -  1.00e+00 5.00e-01h  2
iter    objective    inf_pr   inf_du lg(mu)  ||d||  lg(rg) alpha_du alpha_pr  ls
 400  2.8343871e-02 9.52e-03 1.14e-01  -4.0 2.39e-02    -  1.00e+00 1.00e+00h  1
 401  2.7418070e-02 2.81e-03 8.27e-02  -4.1 1.62e-02    -  1.00e+00 1.00e+00h  1
 402  2.7540094e-02 8.84e-04 8.56e-02  -4.0 9.01e-03    -  1.00e+00 1.00e+00h  1
 403  2.7541656e-02 2.13e-04 5.62e-02  -4.0 5.91e-03    -  1.00e+00 1.00e+00h  1
 404  2.7535341e-02 3.02e-04 4.74e-02  -4.0 5.09e-03    -  1.00e+00 1.00e+00h  1
 405  2.7516691e-02 1.41e-04 2.68e-02  -4.0 2.77e-03    -  1.00e+00 1.00e+00h  1
 406  2.7504874e-02 1.32e-04 2.40e-02  -4.0 2.07e-03    -  1.00e+00 1.00e+00h  1
 407  2.7502160e-02 2.76e-05 3.29e-02  -4.0 3.39e-03    -  1.00e+00 1.00e+00h  1
 408  2.7612372e-02 5.44e-05 3.21e-01  -4.0 1.49e-02    -  1.00e+00 1.00e+00H  1
 409  2.7578220e-02 2.69e-03 2.58e-01  -4.0 7.28e-03    -  1.00e+00 1.00e+00h  1
iter    objective    inf_pr   inf_du lg(mu)  ||d||  lg(rg) alpha_du alpha_pr  ls
 410  2.7390790e-02 6.24e-04 4.49e-02  -4.1 4.61e-03    -  1.00e+00 1.00e+00h  1
 411  2.7472694e-02 1.25e-04 2.31e-02  -4.0 3.11e-03    -  1.00e+00 1.00e+00h  1
 412  2.7472594e-02 2.28e-05 3.54e-02  -4.0 2.14e-03    -  1.00e+00 1.00e+00h  1
 413  2.7467996e-02 1.07e-04 1.12e-01  -4.0 4.53e-03    -  1.00e+00 1.00e+00h  1
 414  2.7639319e-02 4.84e-05 1.25e+00  -4.0 3.56e-02    -  1.00e+00 1.00e+00H  1
 415  2.7543853e-02 2.48e-04 1.40e+00  -4.1 2.43e-02    -  1.00e+00 2.50e-01h  3
 416  2.7370177e-02 1.46e-03 2.22e-01  -4.1 1.89e-02    -  1.00e+00 1.00e+00h  1
 417  2.7368214e-02 1.71e-03 3.00e-01  -4.0 3.39e-02    -  1.00e+00 2.50e-01h  3
 418  2.7373117e-02 9.43e-04 1.22e-01  -4.1 6.42e-03    -  1.00e+00 1.00e+00h  1
 419  2.7414588e-02 3.57e-04 9.62e-02  -4.0 1.08e-02    -  1.00e+00 1.00e+00h  1
iter    objective    inf_pr   inf_du lg(mu)  ||d||  lg(rg) alpha_du alpha_pr  ls
 420  2.7417879e-02 2.64e-04 7.27e-02  -4.0 4.15e-03    -  1.00e+00 1.00e+00h  1
 421  2.7397943e-02 8.70e-05 4.00e-02  -4.0 3.47e-03    -  1.00e+00 1.00e+00h  1
 422  2.7398796e-02 6.98e-05 3.66e-02  -4.0 3.79e-03    -  1.00e+00 1.00e+00h  1
 423  2.7418296e-02 1.01e-05 7.35e-02  -4.0 5.23e-03    -  1.00e+00 1.00e+00H  1
 424  2.7411548e-02 1.45e-04 9.21e-02  -4.0 3.13e-03    -  1.00e+00 1.00e+00h  1
 425  2.7312353e-02 8.37e-05 1.31e-02  -4.1 3.90e-03    -  1.00e+00 1.00e+00h  1
 426  2.7401105e-02 1.15e-04 1.50e-02  -4.0 1.96e-03    -  1.00e+00 1.00e+00h  1
 427  2.7393272e-02 4.48e-05 5.38e-03  -4.0 1.35e-03    -  1.00e+00 1.00e+00h  1
 428  2.7393914e-02 4.48e-07 5.07e-03  -4.0 3.27e-04    -  1.00e+00 1.00e+00h  1
 429  2.7388914e-02 1.14e-04 1.62e-01  -4.0 1.84e-02    -  1.00e+00 5.00e-01h  2
iter    objective    inf_pr   inf_du lg(mu)  ||d||  lg(rg) alpha_du alpha_pr  ls
 430  2.7331305e-02 5.32e-05 4.08e-01  -4.1 1.42e-02    -  1.00e+00 1.00e+00H  1
 431  2.7299430e-02 1.08e-04 4.67e-01  -4.1 1.79e-02    -  1.00e+00 2.50e-01h  3
 432  2.7397448e-02 5.82e-04 8.24e-02  -4.0 1.36e-02    -  1.00e+00 1.00e+00h  1
 433  2.7473900e-02 5.83e-04 2.90e-01  -4.1 9.69e-03    -  1.00e+00 1.00e+00H  1
 434  2.7275000e-02 1.06e-03 7.06e-02  -4.1 1.83e-02    -  1.00e+00 1.00e+00h  1
 435  2.7320676e-02 9.43e-04 1.26e-01  -4.0 2.18e-02    -  1.00e+00 5.00e-01h  2
 436  2.7243160e-02 5.04e-04 2.02e-02  -4.1 6.95e-03    -  1.00e+00 1.00e+00h  1
 437  2.7353893e-02 1.62e-04 5.68e-02  -4.0 4.12e-03    -  1.00e+00 1.00e+00h  1
 438  2.7263630e-02 4.44e-05 1.64e-02  -4.1 2.02e-03    -  1.00e+00 1.00e+00h  1
 439  2.7347276e-02 2.21e-05 3.55e-03  -4.0 5.78e-04    -  1.00e+00 1.00e+00h  1
iter    objective    inf_pr   inf_du lg(mu)  ||d||  lg(rg) alpha_du alpha_pr  ls
 440  2.7346731e-02 1.22e-06 9.19e-03  -4.0 5.70e-04    -  1.00e+00 1.00e+00h  1
 441  2.7345925e-02 2.52e-05 2.98e-02  -4.0 3.26e-03    -  1.00e+00 1.00e+00h  1
 442  2.7360143e-02 1.09e-05 8.40e-02  -4.0 7.75e-03    -  1.00e+00 1.00e+00H  1
 443  2.7279448e-02 2.35e-04 1.23e-01  -4.1 6.10e-03    -  1.00e+00 1.00e+00h  1
 444  2.7251895e-02 2.43e-04 1.87e-02  -4.1 9.83e-03    -  1.00e+00 1.00e+00h  1
 445  2.7693812e-02 1.64e-04 2.39e-01  -4.0 1.04e-02    -  1.00e+00 1.00e+00H  1
 446  2.7279239e-02 7.22e-04 8.45e-02  -4.1 1.01e-02    -  1.00e+00 1.00e+00h  1
 447  2.7210356e-02 4.18e-04 4.63e-02  -4.1 9.68e-03    -  1.00e+00 1.00e+00h  1
 448  2.7316314e-02 1.92e-04 3.35e-02  -4.0 4.95e-03    -  1.00e+00 1.00e+00h  1
 449  2.7258410e-02 4.96e-05 3.05e-02  -4.1 2.75e-03    -  1.00e+00 1.00e+00h  1
iter    objective    inf_pr   inf_du lg(mu)  ||d||  lg(rg) alpha_du alpha_pr  ls
 450  2.7337940e-02 2.75e-05 1.83e-02  -4.0 1.71e-03    -  1.00e+00 1.00e+00h  1
 451  2.7337103e-02 1.52e-06 2.97e-03  -4.0 3.59e-04    -  1.00e+00 1.00e+00h  1
 452  2.7336094e-02 1.39e-06 6.08e-03  -4.0 5.96e-04    -  1.00e+00 1.00e+00h  1
 453  2.7336844e-02 3.71e-07 8.06e-03  -4.0 1.10e-03    -  1.00e+00 1.00e+00H  1
 454  2.7334825e-02 9.63e-06 1.43e-02  -4.0 1.32e-03    -  1.00e+00 1.00e+00h  1
 455  2.7334762e-02 1.32e-05 7.97e-03  -4.0 9.25e-04    -  1.00e+00 1.00e+00h  1
 456  2.7334088e-02 2.90e-06 3.05e-03  -4.0 5.59e-04    -  1.00e+00 1.00e+00h  1
 457  2.7333763e-02 5.28e-07 1.93e-03  -4.0 5.05e-04    -  1.00e+00 1.00e+00h  1
 458  2.7337765e-02 2.71e-07 8.03e-02  -4.0 1.06e-02    -  1.00e+00 1.00e+00H  1
 459  2.7331366e-02 5.22e-05 9.52e-02  -4.0 3.87e-03    -  1.00e+00 1.00e+00h  1
iter    objective    inf_pr   inf_du lg(mu)  ||d||  lg(rg) alpha_du alpha_pr  ls
 460  2.7248553e-02 1.40e-04 1.82e-02  -4.1 3.29e-03    -  1.00e+00 1.00e+00h  1
 461  2.7329318e-02 1.30e-04 2.33e-02  -4.0 2.37e-03    -  1.00e+00 1.00e+00h  1
 462  2.7244380e-02 1.44e-05 8.80e-03  -4.1 2.86e-03    -  1.00e+00 1.00e+00h  1
 463  2.7328010e-02 1.94e-05 1.88e-02  -4.0 2.57e-03    -  1.00e+00 1.00e+00h  1
 464  2.7327045e-02 1.15e-05 2.31e-02  -4.0 2.09e-03    -  1.00e+00 1.00e+00h  1
 465  2.7324935e-02 2.85e-05 1.02e-02  -4.0 9.50e-04    -  1.00e+00 1.00e+00h  1
 466  2.7243721e-02 7.17e-06 5.48e-03  -4.1 1.27e-03    -  1.00e+00 1.00e+00h  1
 467  2.7324250e-02 1.06e-05 1.54e-02  -4.0 3.71e-03    -  1.00e+00 1.00e+00h  1
 468  2.7239794e-02 8.32e-05 1.93e-01  -4.1 2.81e-02    -  1.00e+00 1.00e+00h  1
 469  2.7242158e-02 1.20e-04 3.41e-01  -4.0 2.17e-01    -  1.00e+00 1.25e-01h  4
iter    objective    inf_pr   inf_du lg(mu)  ||d||  lg(rg) alpha_du alpha_pr  ls
 470  2.7234338e-02 1.12e-04 3.89e-01  -4.1 1.38e-01    -  1.00e+00 1.25e-01h  4
 471  2.7494841e-02 1.46e-04 5.34e-01  -4.0 8.79e-02    -  1.00e+00 1.00e+00H  1
 472  2.7339376e-02 1.72e-03 5.91e-01  -4.1 5.86e-02    -  1.00e+00 5.00e-01h  2
 473  2.7229713e-02 1.28e-03 2.73e-01  -4.1 6.86e-02    -  1.00e+00 5.00e-01h  2
 474  2.7171051e-02 1.64e-03 2.76e-01  -4.1 4.92e-02    -  1.00e+00 2.50e-01h  3
 475  2.7653155e-02 1.54e-03 3.99e-01  -4.0 5.38e-02    -  1.00e+00 1.00e+00H  1
 476  2.7201930e-02 8.46e-04 1.42e-01  -4.1 1.71e-02    -  1.00e+00 1.00e+00h  1
 477  2.7221634e-02 7.09e-04 1.10e-01  -4.0 1.22e-02    -  1.00e+00 1.00e+00h  1
 478  2.7239234e-02 3.51e-04 6.21e-02  -4.1 6.80e-03    -  1.00e+00 1.00e+00h  1
 479  2.7183001e-02 2.38e-04 2.06e-02  -4.1 8.39e-03    -  1.00e+00 1.00e+00h  1
iter    objective    inf_pr   inf_du lg(mu)  ||d||  lg(rg) alpha_du alpha_pr  ls
 480  2.7275550e-02 2.03e-05 1.83e-02  -4.0 2.55e-03    -  1.00e+00 1.00e+00h  1
 481  2.7196091e-02 2.27e-05 1.90e-02  -4.1 1.99e-03    -  1.00e+00 1.00e+00h  1
 482  2.7274650e-02 1.40e-05 1.21e-02  -4.0 1.27e-03    -  1.00e+00 1.00e+00h  1
 483  2.7193651e-02 2.39e-06 4.63e-03  -4.1 4.72e-04    -  1.00e+00 1.00e+00h  1
 484  2.7273517e-02 1.49e-06 3.41e-03  -4.0 4.90e-04    -  1.00e+00 1.00e+00h  1
 485  2.7276984e-02 1.90e-07 3.51e-02  -4.0 5.14e-03    -  1.00e+00 1.00e+00H  1
 486  2.7290399e-02 2.57e-08 7.65e-02  -4.0 5.70e-03    -  1.00e+00 1.00e+00H  1
 487  2.7280480e-02 2.57e-04 4.71e-02  -4.0 3.20e-03    -  1.00e+00 1.00e+00h  1
 488  2.7192643e-02 5.05e-05 1.40e-02  -4.1 2.36e-03    -  1.00e+00 1.00e+00h  1
 489  2.7270335e-02 4.33e-05 5.85e-03  -4.0 2.55e-03    -  1.00e+00 1.00e+00h  1
iter    objective    inf_pr   inf_du lg(mu)  ||d||  lg(rg) alpha_du alpha_pr  ls
 490  2.7191183e-02 1.72e-05 1.12e-02  -4.1 1.01e-03    -  1.00e+00 1.00e+00h  1
 491  2.7270900e-02 3.37e-06 1.75e-02  -4.0 1.65e-03    -  1.00e+00 1.00e+00h  1
 492  2.7189642e-02 2.36e-05 1.34e-02  -4.1 1.83e-03    -  1.00e+00 1.00e+00h  1
 493  2.7269486e-02 3.41e-06 1.56e-02  -4.0 1.79e-03    -  1.00e+00 1.00e+00h  1
 494  2.7191723e-02 6.44e-05 4.47e-02  -4.1 5.44e-03    -  1.00e+00 1.00e+00h  1
 495  2.7189200e-02 4.49e-05 4.82e-02  -4.1 2.85e-03    -  1.00e+00 1.00e+00h  1
 496  2.7185180e-02 1.53e-05 1.72e-02  -4.1 1.66e-03    -  1.00e+00 1.00e+00h  1
 497  2.7268223e-02 5.29e-06 1.68e-02  -4.0 3.10e-03    -  1.00e+00 1.00e+00h  1
 498  2.7196474e-02 7.50e-05 8.85e-02  -4.1 1.14e-02    -  1.00e+00 1.00e+00h  1
 499  2.7189837e-02 1.03e-04 1.04e-01  -4.1 4.95e-03    -  1.00e+00 1.00e+00h  1
iter    objective    inf_pr   inf_du lg(mu)  ||d||  lg(rg) alpha_du alpha_pr  ls
 500  2.7207123e-02 2.38e-06 4.40e-02  -4.1 3.75e-03    -  1.00e+00 1.00e+00H  1

Number of Iterations....: 500

                                   (scaled)                 (unscaled)
Objective...............:   2.7207122511948990e-02    2.7207122511948990e-02
Dual infeasibility......:   4.3984523531423694e-02    4.3984523531423694e-02
Constraint violation....:   2.3848075772097722e-06    2.3848075772097722e-06
Variable bound violation:   0.0000000000000000e+00    0.0000000000000000e+00
Complementarity.........:   8.0000295462746398e-05    8.0000295462746398e-05
Overall NLP error.......:   4.3984523531423694e-02    4.3984523531423694e-02


Number of objective function evaluations             = 1010
Number of objective gradient evaluations             = 501
Number of equality constraint evaluations            = 1010
Number of inequality constraint evaluations          = 0
Number of equality constraint Jacobian evaluations   = 501
Number of inequality constraint Jacobian evaluations = 0
Number of Lagrangian Hessian evaluations             = 0
Total seconds in IPOPT                               = 77.280

EXIT: Maximum Number of Iterations Exceeded.
