
******************************************************************************
This program contains Ipopt, a library for large-scale nonlinear optimization.
 Ipopt is released as open source code under the Eclipse Public License (EPL).
         For more information visit https://github.com/coin-or/Ipopt
******************************************************************************

This is Ipopt version 3.14.19, running with linear solver MUMPS 5.8.2.

Number of nonzeros in equality constraint Jacobian...:  1215565
Number of nonzeros in inequality constraint Jacobian.:     5314
Number of nonzeros in Lagrangian Hessian.............:        0

Total number of variables............................:     3881
                     variables with only lower bounds:        0
                variables with lower and upper bounds:      824
                     variables with only upper bounds:        0
Total number of equality constraints.................:     3726
Total number of inequality constraints...............:      553
        inequality constraints with only lower bounds:        0
   inequality constraints with lower and upper bounds:        0
        inequality constraints with only upper bounds:      553

iter    objective    inf_pr   inf_du lg(mu)  ||d||  lg(rg) alpha_du alpha_pr  ls
   0  1.5568794e+00 4.15e+00 1.00e+00   0.0 0.00e+00    -  0.00e+00 0.00e+00   0
   1  1.5536805e+00 4.13e+00 1.56e+01  -0.3 1.70e+01    -  2.02e-02 4.27e-03h  1
   2  2.9119009e+01 1.62e+00 5.90e+01  -4.0 1.26e+02    -  5.27e-01 1.00e+00h  1
   3  3.0736905e+01 1.57e+00 5.87e+01  -0.1 4.11e+02    -  2.16e-02 3.13e-02f  1
   4  2.9260836e+01 6.07e-01 2.17e+01  -1.5 1.40e+03    -  5.83e-01 1.00e+00f  1
   5  2.7415269e+01 7.26e-01 4.37e+01  -1.1 3.46e+02    -  1.00e+00 6.63e-01F  1
   6  2.7119623e+01 6.40e-01 4.42e+01  -0.8 4.92e+02    -  1.00e+00 7.85e-02f  3
   7  2.6955821e+01 7.43e-01 5.06e+01  -1.0 3.24e+02    -  1.00e+00 1.35e-01h  3
   8  2.3635652e+01 7.81e-01 1.27e+02  -1.0 2.61e+02    -  8.96e-01 7.70e-01H  1
   9  2.2763026e+01 7.26e-01 6.44e+01  -1.1 3.41e+01    -  9.98e-01 8.94e-01h  1
iter    objective    inf_pr   inf_du lg(mu)  ||d||  lg(rg) alpha_du alpha_pr  ls
  10  2.1227258e+01 7.91e-01 1.24e+01  -2.2 4.30e+01    -  6.49e-01 1.00e+00h  1
  11  2.0004237e+01 6.99e-01 1.32e+01  -2.0 1.11e+01    -  9.02e-01 4.36e-01h  1
  12  1.9865770e+01 6.97e-01 1.35e+01  -1.7 5.01e+01    -  5.08e-01 1.07e-02h  1
  13  1.9293254e+01 1.59e+00 3.94e+01  -1.8 7.59e+01    -  3.01e-01 2.03e-01f  1
  14  2.0008933e+01 3.43e+00 5.80e+01  -1.3 5.01e+01    -  7.08e-01 4.23e-01f  1
  15  1.6893400e+01 3.14e+00 3.85e+01  -1.5 1.99e+01    -  8.13e-01 1.00e+00h  1
  16  1.6620754e+01 3.03e+00 3.74e+01  -1.9 1.66e+01    -  7.67e-01 3.39e-02h  1
  17  1.3881177e+01 3.36e+00 3.31e+01  -2.5 5.56e+01    -  2.61e-01 3.24e-01h  1
  18  1.5604518e+01 5.49e+00 2.98e+01  -1.2 3.37e+01    -  1.00e+00 3.85e-01f  1
  19  1.3196553e+01 7.80e-01 1.86e+01  -1.4 8.90e+00    -  1.00e+00 1.00e+00h  1
iter    objective    inf_pr   inf_du lg(mu)  ||d||  lg(rg) alpha_du alpha_pr  ls
  20  1.3277502e+01 6.59e-01 8.41e+00  -1.6 1.10e+01    -  1.00e+00 5.85e-01h  1
  21  1.2422308e+01 7.93e-01 9.06e+00  -1.9 3.90e+00    -  9.94e-01 1.00e+00h  1
  22  1.2414346e+01 7.93e-01 2.03e+01  -4.0 6.66e+01    -  4.47e-02 7.48e-04h  1
  23  1.5542684e+01 2.42e+00 8.63e+01  -0.1 1.69e+02    -  1.44e-01 5.58e-02f  1
  24  1.5300468e+01 1.66e+00 2.38e+01  -1.0 8.66e+00    -  6.72e-01 1.00e+00h  1
  25  1.4383817e+01 7.59e-01 1.11e+01  -1.0 3.66e+00    -  1.00e+00 1.00e+00h  1
  26  1.3992659e+01 5.36e-01 1.89e+02  -1.3 7.71e+00    -  9.93e-01 2.05e-01h  1
  27  1.3798567e+01 4.51e-01 1.63e+01  -1.6 6.71e+00    -  1.00e+00 4.53e-01h  2
  28  1.3636820e+01 4.26e-01 2.77e+02  -1.4 1.37e+01    -  9.74e-01 6.93e-02h  3
  29  1.3405292e+01 3.88e-01 7.64e+01  -1.5 1.37e+01    -  1.00e+00 1.01e-01h  2
iter    objective    inf_pr   inf_du lg(mu)  ||d||  lg(rg) alpha_du alpha_pr  ls
  30  1.3377200e+01 3.69e-01 1.92e+02  -1.2 1.86e+01    -  1.00e+00 4.85e-02h  3
  31  1.3418767e+01 3.49e-01 4.77e+01  -1.0 1.91e+01    -  1.00e+00 5.24e-02h  4
  32  1.3458644e+01 3.33e-01 6.06e+01  -1.0 1.69e+01    -  8.00e-01 4.59e-02h  5
  33  1.3441489e+01 3.21e-01 1.03e+02  -1.4 1.73e+01    -  9.99e-01 3.61e-02h  5
  34  1.1206061e+01 9.75e-01 1.66e+01  -1.8 2.17e+01    -  9.19e-01 9.15e-01F  1
  35  1.3109638e+01 8.04e-01 1.56e+01  -1.3 1.04e+01    -  1.00e+00 1.00e+00h  1
  36  1.1067401e+01 1.58e-01 1.81e+01  -1.4 4.46e+00    -  1.00e+00 1.00e+00h  1
  37  1.2222030e+01 1.86e-01 1.40e+01  -0.9 1.33e+01    -  4.74e-01 3.09e-01H  1
  38  1.1821464e+01 2.21e-01 1.38e+01  -1.3 9.19e+00    -  9.79e-01 3.89e-01h  2
  39  1.0865480e+01 2.14e-01 1.41e+01  -1.7 8.06e+00    -  9.96e-01 5.00e-01h  2
iter    objective    inf_pr   inf_du lg(mu)  ||d||  lg(rg) alpha_du alpha_pr  ls
  40  9.3811028e+00 5.32e-01 1.14e+01  -1.7 1.45e+01    -  9.70e-01 4.26e-01h  1
  41  1.3390989e+01 2.22e+00 1.62e+01  -0.8 3.41e+01    -  9.09e-01 3.69e-01f  1
  42  1.3998028e+01 1.20e+00 2.33e+01  -1.0 1.31e+01    -  1.00e+00 1.00e+00h  1
  43  1.2196894e+01 4.77e-01 6.30e+00  -1.0 7.79e+00    -  1.00e+00 1.00e+00h  1
  44  1.2182307e+01 5.37e-01 2.59e+01  -1.0 1.16e+01    -  1.00e+00 4.96e-01h  1
  45  1.2840975e+01 3.37e-01 5.26e+01  -1.0 1.07e+01    -  5.28e-01 5.00e-01h  2
  46  1.2855791e+01 2.69e-01 3.77e+01  -1.0 8.67e+00    -  7.76e-01 5.04e-01h  1
  47  1.3224934e+01 3.15e-01 3.29e+01  -1.0 1.20e+01    -  5.02e-01 3.60e-01h  1
  48  1.3266249e+01 2.50e-01 8.82e+01  -1.0 8.75e+00    -  1.00e+00 2.50e-01h  3
  49  1.3418454e+01 1.21e-01 6.79e+01  -1.0 7.14e+00    -  8.70e-01 5.00e-01h  2
iter    objective    inf_pr   inf_du lg(mu)  ||d||  lg(rg) alpha_du alpha_pr  ls
  50  1.3456863e+01 1.83e-01 1.05e+02  -1.0 4.38e+00    -  1.00e+00 1.00e+00h  1
  51  1.3774076e+01 2.46e-01 1.63e+02  -1.0 3.95e+00    -  1.00e+00 1.00e+00h  1
  52  1.3684063e+01 6.70e-02 1.04e+02  -1.0 2.13e+00    -  1.00e+00 1.00e+00h  1
  53  1.3690053e+01 9.51e-01 6.15e+02   0.4 3.99e+01    -  7.06e-01 1.92e-01f  1
  54  1.4515747e+01 9.61e-01 3.12e+02   0.1 9.34e+00    -  1.00e+00 7.11e-01f  1
  55  1.5443912e+01 7.36e-01 1.22e+03   0.1 9.81e+00    -  5.30e-01 1.00e+00f  1
  56  1.4983610e+01 4.14e-01 4.33e+02   0.1 7.34e+00    -  1.00e+00 8.73e-01h  1
  57  1.5004291e+01 3.42e-01 3.87e+02   0.1 7.80e+00    -  4.13e-01 4.88e-01h  2
  58  1.4982851e+01 2.00e-01 1.49e+03   0.1 4.64e+00    -  1.00e+00 9.93e-01h  1
  59  1.5374362e+01 3.91e-01 1.15e+03   0.1 7.36e+00    -  9.94e-01 6.75e-01f  1
iter    objective    inf_pr   inf_du lg(mu)  ||d||  lg(rg) alpha_du alpha_pr  ls
  60  1.5417016e+01 4.46e-01 1.19e+03   0.1 6.27e+00    -  3.04e-01 1.00e+00f  1
  61  1.5135021e+01 3.21e-01 7.84e+02   0.1 7.65e+00    -  7.28e-01 3.72e-01h  1
  62  1.5071481e+01 2.43e-01 4.29e+02   0.1 6.19e+00    -  5.21e-01 3.46e-01h  2
  63  1.5067693e+01 2.05e-01 1.35e+03   0.1 7.50e+00    -  5.86e-01 1.89e-01h  3
  64  1.5085387e+01 1.58e-01 8.12e+02   0.1 8.60e+00    -  9.16e-01 2.28e-01h  3
  65  1.5151342e+01 1.45e-01 9.67e+02   0.1 7.99e+00    -  6.65e-01 1.69e-01h  2
  66  1.5243592e+01 1.69e-01 1.35e+03   0.1 8.76e+00    -  7.51e-01 2.19e-01H  1
  67  1.5091756e+01 1.18e-01 9.13e+02   0.1 3.12e+00    -  4.87e-01 5.00e-01h  2
  68  1.4997680e+01 1.18e-01 1.59e+03   0.1 8.73e+00    -  9.61e-01 2.23e-01h  3
  69  1.4987271e+01 9.79e-02 1.01e+03   0.1 5.51e+00    -  8.74e-01 2.50e-01h  3
iter    objective    inf_pr   inf_du lg(mu)  ||d||  lg(rg) alpha_du alpha_pr  ls
  70  1.4815077e+01 1.38e-01 1.04e+03   0.1 6.43e+00    -  6.10e-01 5.00e-01f  2
  71  1.4957259e+01 1.58e-01 1.66e+03   0.1 9.65e+00    -  1.00e+00 3.11e-01f  2
  72  1.4992182e+01 1.51e-01 8.93e+02   0.1 4.99e+00    -  8.81e-01 5.00e-01h  2
  73  1.5165905e+01 1.42e-01 6.58e+02   0.1 8.57e+00    -  5.37e-01 2.56e-01f  2
  74  1.5236074e+01 1.49e-01 1.21e+03   0.1 1.27e+01    -  9.28e-01 2.50e-01f  3
  75  1.5087237e+01 1.25e-01 1.16e+03   0.1 9.26e+00    -  1.00e+00 2.43e-01f  3
  76  1.5150873e+01 9.37e-02 4.67e+02   0.1 6.99e+00    -  1.00e+00 2.95e-01h  2
  77  1.5107943e+01 9.30e-02 6.41e+02   0.1 1.03e+01    -  1.00e+00 1.87e-01h  3
  78  1.5004116e+01 9.20e-02 7.25e+02   0.1 5.49e+00    -  1.00e+00 5.00e-01h  2
  79  1.5006596e+01 7.01e-02 1.00e+03   0.1 4.66e+00    -  1.00e+00 2.50e-01f  3
iter    objective    inf_pr   inf_du lg(mu)  ||d||  lg(rg) alpha_du alpha_pr  ls
  80  1.5559724e+01 1.20e-01 8.15e+02   0.1 5.94e+00    -  8.06e-01 4.93e-01f  2
  81  1.6069512e+01 3.16e-01 1.15e+03   0.1 5.71e+00    -  7.47e-01 1.00e+00f  1
  82  1.5641585e+01 2.81e-01 6.07e+02   0.1 5.38e+00    -  1.00e+00 5.00e-01h  2
  83  1.5789014e+01 2.50e-01 1.04e+03   0.1 1.17e+01    -  1.00e+00 3.60e-01h  2
  84  1.5493203e+01 1.56e-01 4.71e+02   0.1 4.19e+00    -  1.00e+00 4.81e-01h  2
  85  1.5412267e+01 7.72e-02 5.84e+02   0.1 4.86e+00    -  1.00e+00 5.00e-01h  2
  86  1.5167803e+01 5.99e-02 8.73e+02   0.1 4.46e+00    -  1.00e+00 5.00e-01h  2
  87  1.5124579e+01 4.63e-02 8.96e+02   0.1 3.36e+00    -  1.00e+00 5.00e-01f  2
  88  1.5568723e+01 1.49e-01 8.71e+02   0.1 8.06e+00    -  7.48e-01 4.13e-01F  1
  89  1.5271565e+01 1.02e-01 4.92e+02   0.1 4.42e+00    -  1.00e+00 5.00e-01h  2
iter    objective    inf_pr   inf_du lg(mu)  ||d||  lg(rg) alpha_du alpha_pr  ls
  90  1.5520347e+01 1.36e-01 5.55e+02   0.1 7.30e+00    -  7.99e-01 3.82e-01f  2
  91  1.5316118e+01 7.97e-02 7.74e+02   0.1 4.41e+00    -  1.00e+00 5.00e-01h  2
  92  1.5330900e+01 6.54e-02 7.96e+02   0.1 4.41e+00    -  1.00e+00 5.00e-01f  2
  93  1.5271401e+01 1.88e-01 1.27e+03   0.1 1.00e+01    -  9.05e-01 5.00e-01f  2
  94  1.5273564e+01 1.20e-01 4.17e+02   0.1 3.42e+00    -  1.00e+00 1.00e+00h  1
  95  1.5811789e+01 2.14e-01 1.59e+03   0.1 5.18e+00    -  7.29e-01 1.00e+00f  1
  96  1.5657113e+01 2.29e-01 2.04e+02   0.1 3.79e+00    -  1.00e+00 1.00e+00h  1
  97  1.6177430e+01 1.81e-01 6.33e+02   0.1 5.20e+00    -  1.00e+00 1.00e+00f  1
  98  1.6109349e+01 2.99e-01 3.57e+02   0.1 4.89e+00    -  1.00e+00 1.00e+00h  1
  99  1.5399197e+01 1.54e-01 9.15e+02   0.1 4.08e+00    -  1.00e+00 8.64e-01H  1
iter    objective    inf_pr   inf_du lg(mu)  ||d||  lg(rg) alpha_du alpha_pr  ls
 100  1.5629119e+01 1.25e-01 7.78e+02   0.1 5.86e+00    -  7.62e-01 5.00e-01f  2
 101  1.6256795e+01 4.39e-01 1.05e+03   0.1 5.51e+00    -  8.01e-01 1.00e+00f  1
 102  1.6519062e+01 4.77e-01 8.67e+02   0.1 9.84e+00    -  8.43e-01 5.91e-01H  1
 103  1.6165697e+01 1.83e-01 3.90e+02   0.1 3.34e+00    -  1.00e+00 1.00e+00f  1
 104  1.7351102e+01 1.09e+00 7.83e+02   0.1 9.82e+00    -  1.00e+00 9.24e-01f  1
 105  1.7007091e+01 4.58e-01 1.81e+02   0.1 5.61e+00    -  1.00e+00 1.00e+00f  1
 106  1.6990629e+01 1.81e-01 3.66e+02   0.1 3.33e+00    -  8.45e-01 1.00e+00h  1
 107  1.6933641e+01 8.94e-02 6.76e+01   0.1 2.50e+00    -  1.00e+00 1.00e+00f  1
 108  1.7002767e+01 3.42e-02 6.68e+01   0.1 1.64e+00    -  1.00e+00 1.00e+00f  1
 109  1.6976384e+01 3.34e-02 1.77e+02  -0.7 6.59e+00    -  9.83e-01 2.16e-01h  3
iter    objective    inf_pr   inf_du lg(mu)  ||d||  lg(rg) alpha_du alpha_pr  ls
 110  1.6940520e+01 3.35e-02 1.63e+02  -1.2 8.37e+00    -  1.00e+00 5.88e-02h  5
 111  1.6889137e+01 3.15e-02 1.39e+02  -0.8 5.12e+00    -  1.00e+00 6.25e-02h  5
 112  1.6797501e+01 3.07e-02 1.83e+02  -1.0 8.50e+00    -  1.00e+00 6.25e-02h  5
 113  1.6079917e+01 8.80e-02 1.71e+02  -1.0 5.33e+00    -  1.00e+00 5.00e-01h  2
 114  1.4547321e+01 7.04e-01 3.16e+01  -1.1 1.10e+01    -  1.00e+00 8.68e-01h  1
 115  1.2743902e+01 9.36e-01 4.34e+01  -1.1 1.13e+01    -  8.45e-01 9.01e-01h  1
 116  1.2815328e+01 2.78e-01 2.23e+01  -1.1 4.14e+00    -  1.00e+00 1.00e+00h  1
 117  1.2459749e+01 1.18e-01 2.41e+01  -1.1 2.86e+00    -  1.00e+00 1.00e+00h  1
 118  1.2698936e+01 7.47e-02 8.59e+00  -1.2 2.42e+00    -  9.98e-01 5.00e-01h  2
 119  1.2977968e+01 4.51e-02 1.97e+01  -1.9 5.54e+00    -  1.00e+00 5.47e-01H  1
iter    objective    inf_pr   inf_du lg(mu)  ||d||  lg(rg) alpha_du alpha_pr  ls
 120  1.1908905e+01 1.34e+00 3.37e+01  -1.2 2.69e+01    -  1.00e+00 3.71e-01f  2
 121  1.1996480e+01 8.70e-01 2.58e+01  -1.3 7.68e+00    -  9.26e-01 1.00e+00h  1
 122  1.0790013e+01 7.53e-01 1.58e+01  -1.3 7.27e+00    -  7.13e-01 8.38e-01h  1
 123  1.0962832e+01 4.60e-01 1.35e+01  -1.5 4.48e+00    -  8.33e-01 1.00e+00h  1
 124  1.2107420e+01 5.92e-01 1.60e+01  -1.0 1.84e+01    -  7.48e-01 3.38e-01h  2
 125  1.2161034e+01 3.11e-01 1.52e+01  -1.2 5.40e+00    -  7.21e-01 1.00e+00h  1
 126  1.1310170e+01 4.26e-01 1.53e+01  -1.2 9.27e+00    -  8.00e-01 4.35e-01H  1
 127  1.1431082e+01 3.97e-01 6.36e+00  -1.2 5.63e+00    -  6.81e-01 5.00e-01h  2
 128  1.1900468e+01 2.55e-01 5.59e+00  -1.2 5.05e+00    -  1.00e+00 5.00e-01h  2
 129  1.1857766e+01 2.17e-01 1.22e+01  -1.3 7.61e+00    -  9.05e-01 5.00e-01h  2
iter    objective    inf_pr   inf_du lg(mu)  ||d||  lg(rg) alpha_du alpha_pr  ls
 130  1.2207639e+01 1.74e-01 1.33e+01  -1.3 5.51e+00    -  9.90e-01 5.00e-01h  2
 131  1.2838940e+01 4.46e-01 2.33e+01  -1.1 1.36e+01    -  1.00e+00 4.64e-01h  2
 132  1.2250345e+01 3.53e-01 4.89e+01  -1.2 7.20e+00    -  1.00e+00 1.00e+00h  1
 133  1.1893165e+01 1.66e-01 1.48e+01  -1.2 3.61e+00    -  7.17e-01 1.00e+00h  1
 134  1.1649826e+01 2.21e-01 1.56e+01  -1.5 4.42e+00    -  9.97e-01 1.00e+00h  1
 135  1.1919420e+01 1.16e-01 1.33e+01  -1.6 4.77e+00    -  1.00e+00 5.00e-01h  2
 136  1.0732352e+01 1.61e+00 9.06e+00  -1.9 1.19e+01    -  1.00e+00 1.00e+00h  1
 137  9.9028592e+00 2.97e+00 1.43e+01  -2.0 4.73e+01    -  1.44e-01 4.51e-01h  1
 138  7.6270586e+00 2.12e+00 5.69e+00  -2.0 1.37e+01    -  2.47e-01 8.63e-01h  1
 139  8.3887716e+00 2.62e+00 3.84e+00  -1.6 1.14e+01    -  1.00e+00 1.00e+00f  1
iter    objective    inf_pr   inf_du lg(mu)  ||d||  lg(rg) alpha_du alpha_pr  ls
 140  8.8685643e+00 1.64e+00 5.59e+00  -1.7 1.08e+01    -  4.42e-01 1.00e+00h  1
 141  8.8644651e+00 1.14e+00 1.33e+01  -1.7 8.50e+00    -  1.00e+00 9.56e-01h  1
 142  9.1572044e+00 6.18e-01 7.20e+00  -1.7 5.21e+00    -  1.00e+00 1.00e+00h  1
 143  8.3164312e+00 1.49e-01 4.20e+00  -1.4 3.10e+00    -  8.83e-01 1.00e+00h  1
 144  9.0180186e+00 1.27e-01 1.42e+01  -1.6 8.24e+00    -  8.70e-01 4.13e-01H  1
 145  9.0017752e+00 9.61e-02 1.00e+01  -1.7 5.22e+00    -  9.98e-01 2.50e-01h  3
 146  9.3991730e+00 8.82e-02 1.63e+01  -1.5 5.76e+00    -  9.80e-01 5.00e-01h  2
 147  9.3092658e+00 1.03e-01 1.29e+01  -1.5 6.98e+00    -  1.00e+00 2.50e-01h  3
 148  9.6221537e+00 1.98e-01 1.72e+01  -1.6 4.27e+00    -  9.98e-01 1.00e+00h  1
 149  8.3518072e+00 2.22e-01 3.99e+00  -1.7 4.16e+00    -  1.00e+00 1.00e+00h  1
iter    objective    inf_pr   inf_du lg(mu)  ||d||  lg(rg) alpha_du alpha_pr  ls
 150  8.5438716e+00 1.77e-01 4.70e+00  -1.7 4.88e+00    -  8.20e-01 5.00e-01h  2
 151  8.6834151e+00 2.19e-01 8.89e+00  -1.7 8.01e+00    -  1.00e+00 4.28e-01h  2
 152  8.3247961e+00 1.33e-01 1.57e+01  -2.0 4.93e+00    -  9.99e-01 5.00e-01h  2
 153  7.9718398e+00 5.54e-01 1.23e+01  -2.1 2.01e+01    -  3.18e-01 4.05e-01h  2
 154  7.7258052e+00 2.82e-01 1.17e+01  -2.1 6.19e+00    -  1.00e+00 5.00e-01h  2
 155  7.8446342e+00 5.34e-01 1.04e+01  -1.6 2.03e+01    -  1.00e+00 2.23e-01h  2
 156  8.4533390e+00 9.86e-01 2.25e+01  -1.7 7.31e+00    -  4.81e-01 9.59e-01h  1
 157  8.5731213e+00 2.47e-01 1.25e+01  -1.7 2.71e+00    -  1.00e+00 1.00e+00h  1
 158  8.4713358e+00 2.77e-01 7.21e+00  -1.5 3.33e+00    -  1.00e+00 1.00e+00h  1
 159  8.6812880e+00 4.09e-01 2.64e+01  -1.6 1.44e+01    -  2.15e-01 1.85e-01H  1
iter    objective    inf_pr   inf_du lg(mu)  ||d||  lg(rg) alpha_du alpha_pr  ls
 160  8.4284491e+00 3.98e-01 7.32e+00  -1.6 4.76e+00    -  2.79e-01 1.00e+00h  1
 161  8.1597358e+00 1.59e-01 2.22e+00  -2.0 3.10e+00    -  9.98e-01 1.00e+00h  1
 162  8.2417519e+00 1.71e-01 2.44e+01  -2.2 7.57e+00    -  9.99e-01 2.97e-01h  1
 163  8.5641318e+00 1.96e-01 6.96e+00  -1.4 6.99e+00    -  1.00e+00 3.41e-01h  2
 164  8.4591621e+00 1.64e-01 4.13e+01  -1.8 6.20e+00    -  1.00e+00 2.20e-01h  3
 165  9.6233672e+00 1.14e+00 4.65e+01  -1.3 1.63e+01    -  1.00e+00 4.58e-01f  1
 166  9.2623085e+00 4.67e-01 1.49e+01  -1.4 5.24e+00    -  3.51e-01 1.00e+00h  1
 167  9.6156176e+00 4.45e-01 3.55e+01  -1.4 9.04e+00    -  7.12e-01 5.00e-01h  2
 168  9.5424403e+00 9.31e-02 1.44e+01  -1.4 2.22e+00    -  9.38e-01 1.00e+00h  1
 169  9.4468666e+00 1.01e-01 1.69e+01  -1.4 4.53e+00    -  1.00e+00 5.00e-01h  2
iter    objective    inf_pr   inf_du lg(mu)  ||d||  lg(rg) alpha_du alpha_pr  ls
 170  9.4473573e+00 9.93e-02 4.65e+01  -2.0 9.90e+00    -  7.57e-01 7.59e-02h  4
 171  9.2054194e+00 1.72e-01 2.84e+01  -2.3 7.40e+00    -  1.00e+00 5.00e-01h  2
 172  7.8383929e+00 2.83e-01 4.91e+01  -2.4 1.09e+01    -  6.86e-01 5.77e-01h  1
 173  6.6873401e+00 5.88e-01 3.39e+01  -2.4 1.78e+01    -  3.88e-01 3.13e-01h  1
 174  7.8949744e+00 1.02e+00 1.76e+01  -1.5 2.05e+01    -  6.96e-01 3.38e-01f  1
 175  7.7071883e+00 6.33e-01 8.16e+00  -1.7 6.53e+00    -  4.70e-01 1.00e+00h  1
 176  8.6026249e+00 8.42e-01 2.74e+01  -1.4 1.13e+01    -  1.00e+00 4.69e-01h  1
 177  8.2263135e+00 2.01e-01 1.01e+01  -1.5 3.11e+00    -  3.18e-01 1.00e+00h  1
 178  8.5852785e+00 1.80e-01 1.64e+01  -1.5 5.16e+00    -  8.87e-01 2.50e-01h  3
 179  8.7649793e+00 1.50e-01 6.96e+00  -1.6 4.98e+00    -  8.76e-01 2.50e-01h  3
iter    objective    inf_pr   inf_du lg(mu)  ||d||  lg(rg) alpha_du alpha_pr  ls
 180  8.8372326e+00 1.76e-01 9.96e+00  -1.6 7.72e+00    -  1.00e+00 2.50e-01h  3
 181  9.0002138e+00 1.56e-01 2.41e+01  -1.6 6.86e+00    -  1.00e+00 1.25e-01h  4
 182  9.0274509e+00 1.51e-01 3.54e+01  -1.6 8.69e+00    -  8.74e-01 1.95e-01h  3
 183  9.1679683e+00 1.37e-01 3.40e+01  -1.6 4.97e+00    -  1.00e+00 1.05e-01h  4
 184  9.2557505e+00 1.19e-01 2.26e+01  -1.6 4.53e+00    -  1.00e+00 1.25e-01h  4
 185  8.8525083e+00 1.46e-01 2.30e+01  -1.9 1.83e+01    -  1.00e+00 2.50e-01h  3
 186  8.3171936e+00 3.39e-01 4.93e+01  -2.0 1.63e+01    -  3.88e-01 4.54e-01h  1
 187  7.5489865e+00 4.05e-01 6.37e+01  -2.0 1.00e+01    -  2.31e-01 3.61e-01h  1
 188  8.7829015e+00 4.34e-01 2.80e+01  -1.7 7.92e+00    -  6.54e-01 1.00e+00H  1
 189  7.6559701e+00 9.83e-01 3.44e+01  -1.9 1.21e+01    -  9.30e-01 9.32e-01h  1
iter    objective    inf_pr   inf_du lg(mu)  ||d||  lg(rg) alpha_du alpha_pr  ls
 190  6.9696670e+00 9.91e-01 1.97e+01  -1.9 1.15e+01    -  8.06e-01 7.77e-01h  1
 191  6.7865242e+00 8.87e-01 1.88e+01  -1.9 1.23e+01    -  4.22e-01 5.26e-01h  1
 192  9.5612704e+00 2.41e+00 9.14e+00  -1.4 1.32e+01    -  1.00e+00 1.00e+00f  1
 193  8.4616610e+00 1.15e+00 8.55e+00  -1.5 1.17e+01    -  3.14e-01 1.00e+00h  1
 194  7.4792552e+00 4.53e-01 5.69e+00  -1.5 4.94e+00    -  1.00e+00 1.00e+00h  1
 195  9.0335232e+00 5.45e-01 9.11e+00  -1.2 8.94e+00    -  1.00e+00 1.00e+00h  1
 196  9.0330094e+00 2.82e-01 1.11e+01  -1.3 5.86e+00    -  1.00e+00 8.27e-01h  1
 197  9.0383839e+00 6.74e-01 1.79e+01  -1.3 7.58e+00    -  1.00e+00 1.00e+00h  1
 198  9.1531240e+00 5.51e-01 2.13e+01  -1.3 6.25e+00    -  7.49e-01 1.00e+00h  1
 199  9.3784959e+00 3.78e-01 1.52e+01  -1.3 8.14e+00    -  1.00e+00 5.00e-01h  2
iter    objective    inf_pr   inf_du lg(mu)  ||d||  lg(rg) alpha_du alpha_pr  ls
 200  9.3189466e+00 2.86e-01 1.41e+01  -1.3 5.19e+00    -  1.00e+00 5.00e-01h  2
 201  9.3605932e+00 1.87e-01 1.21e+02  -1.3 3.53e+00    -  1.00e+00 3.64e-01H  1
 202  9.5534292e+00 1.61e-01 3.78e+01  -1.3 5.08e+00    -  1.00e+00 5.00e-01h  2
 203  9.8393357e+00 2.21e-01 7.09e+01  -1.3 6.77e+00    -  6.41e-01 5.00e-01h  2
 204  9.5592441e+00 2.45e-01 3.06e+01  -1.3 6.22e+00    -  9.10e-01 5.00e-01h  2
 205  9.3700832e+00 2.29e-01 9.68e+00  -1.3 1.27e+01    -  8.05e-01 1.61e-01h  3
 206  9.4664610e+00 1.79e-01 1.31e+01  -1.3 4.53e+00    -  7.18e-01 2.50e-01h  3
 207  9.6213214e+00 1.38e-01 1.76e+01  -1.3 5.82e+00    -  1.00e+00 2.50e-01h  3
 208  9.7566507e+00 1.23e-01 1.77e+01  -1.3 7.34e+00    -  1.00e+00 1.25e-01h  4
 209  9.9149424e+00 1.09e-01 2.49e+01  -1.3 9.20e+00    -  1.00e+00 1.25e-01h  4
iter    objective    inf_pr   inf_du lg(mu)  ||d||  lg(rg) alpha_du alpha_pr  ls
 210  1.0129058e+01 8.51e-02 2.97e+01  -1.3 5.23e+00    -  1.00e+00 2.50e-01h  3
 211  1.0331583e+01 8.16e-02 3.25e+01  -1.3 6.46e+00    -  1.00e+00 2.50e-01h  3
 212  1.0492702e+01 7.65e-02 3.64e+01  -1.3 7.56e+00    -  1.00e+00 2.50e-01h  3
 213  1.0718901e+01 4.46e-02 3.22e+01  -1.3 3.42e+00    -  1.00e+00 5.00e-01h  2
 214  1.0744642e+01 8.63e-02 4.56e+01  -1.3 3.87e+00    -  1.00e+00 5.00e-01h  2
 215  1.0854538e+01 5.83e-02 1.44e+01  -1.3 2.15e+00    -  1.00e+00 1.00e+00h  1
 216  1.0808675e+01 5.56e-02 1.38e+01  -1.7 9.98e+00    -  9.98e-01 1.25e-01h  4
 217  1.0672715e+01 4.68e-02 2.49e+01  -2.3 2.31e+00    -  1.00e+00 7.36e-01h  1
 218  1.0026144e+01 2.84e-01 6.00e+01  -2.1 8.72e+00    -  1.00e+00 6.02e-01h  1
 219  8.7661586e+00 5.39e-01 9.61e+01  -2.2 1.24e+01    -  7.13e-01 5.14e-01h  1
iter    objective    inf_pr   inf_du lg(mu)  ||d||  lg(rg) alpha_du alpha_pr  ls
 220  8.1312314e+00 1.15e+00 9.25e+01  -2.2 3.35e+01    -  1.76e-01 3.01e-01h  2
 221  7.1764441e+00 6.57e-01 6.17e+01  -2.2 1.60e+01    -  3.69e-01 4.40e-01h  1
 222  6.9889553e+00 5.47e-01 5.21e+01  -2.2 6.98e+00    -  1.00e+00 1.65e-01h  1
 223  6.7256927e+00 5.12e-01 4.07e+01  -2.2 1.34e+01    -  7.03e-01 3.31e-01h  2
 224  6.1924260e+00 3.05e-01 2.17e+01  -2.2 5.49e+00    -  8.11e-01 4.93e-01h  1
 225  6.0979493e+00 2.75e-01 1.97e+01  -2.2 8.97e+00    -  3.26e-01 1.12e-01h  1
 226  6.0555694e+00 2.03e-01 1.68e+01  -2.5 5.85e+00    -  1.00e+00 2.41e-01h  1
 227  5.6289711e+00 3.13e-01 2.89e+01  -2.9 1.12e+01    -  3.21e-01 4.77e-01h  1
 228  5.3700083e+00 2.44e-01 2.82e+01  -2.7 4.79e+00    -  7.75e-01 4.23e-01h  1
 229  5.9051284e+00 5.59e-01 1.53e+01  -1.8 1.48e+01    -  4.90e-01 3.70e-01f  1
iter    objective    inf_pr   inf_du lg(mu)  ||d||  lg(rg) alpha_du alpha_pr  ls
 230  6.2482181e+00 4.35e-01 4.56e+01  -2.2 7.53e+00    -  4.49e-01 4.79e-01H  1
 231  5.4788412e+00 6.46e-01 3.06e+01  -2.2 5.76e+00    -  2.22e-01 9.56e-01h  1
 232  5.1337746e+00 3.22e-01 2.58e+01  -2.2 4.58e+00    -  1.54e-01 9.77e-01h  1
 233  4.6114558e+00 2.54e-01 1.41e+01  -4.0 5.32e+00    -  4.80e-01 6.43e-01h  1
 234  5.1280485e+00 7.76e-01 1.23e+01  -2.2 8.17e+00    -  5.29e-01 8.52e-01h  1
 235  4.3212906e+00 3.59e-01 5.57e+00  -2.4 3.22e+00    -  9.87e-01 9.58e-01h  1
 236  4.5204555e+00 1.90e-01 2.57e+00  -2.1 3.75e+00    -  1.00e+00 6.34e-01h  1
 237  4.6937294e+00 1.49e-01 1.02e+01  -2.2 5.36e+00    -  1.00e+00 5.67e-01h  1
 238  4.6563466e+00 1.81e-01 7.67e+00  -2.4 5.70e+00    -  6.18e-01 4.34e-01h  2
 239  4.6291034e+00 1.33e-01 5.41e+00  -2.4 4.48e+00    -  9.95e-01 3.63e-01h  1
iter    objective    inf_pr   inf_du lg(mu)  ||d||  lg(rg) alpha_du alpha_pr  ls
 240  4.5227782e+00 9.78e-02 5.03e+00  -4.0 2.99e+00    -  4.89e-01 3.54e-01h  1
 241  4.5646893e+00 9.51e-02 1.89e+01  -3.6 1.11e+01    -  2.86e-01 8.40e-02h  2
 242  4.5567210e+00 9.33e-02 1.58e+01  -4.0 4.70e+00    -  2.44e-01 2.04e-02h  1
 243  4.5142890e+00 1.09e-01 4.25e+01  -2.3 1.30e+01    -  6.07e-01 1.11e-01f  2
 244  4.4788640e+00 6.38e-02 2.59e+01  -3.8 1.94e+00    -  3.63e-01 7.04e-01h  1
 245  4.5698398e+00 5.66e-02 1.55e+01  -1.8 9.82e+00    -  1.00e+00 1.30e-01f  1
 246  4.8288828e+00 1.87e-01 2.01e+01  -1.9 3.49e+00    -  3.34e-01 6.08e-01h  1
 247  5.1843991e+00 3.25e-01 5.06e+01  -1.9 4.01e+00    -  5.96e-01 9.28e-01h  1
 248  5.1954683e+00 1.80e-01 4.56e+01  -1.9 2.18e+00    -  5.00e-01 5.00e-01h  2
 249  5.4673742e+00 4.64e-01 5.27e+01  -1.9 5.91e+00    -  7.20e-01 1.00e+00h  1
iter    objective    inf_pr   inf_du lg(mu)  ||d||  lg(rg) alpha_du alpha_pr  ls
 250  5.6040696e+00 1.66e-01 3.08e+01  -1.9 2.68e+00    -  3.54e-01 1.00e+00h  1
 251  5.7333726e+00 1.88e-01 9.61e+00  -1.9 5.21e+00    -  1.00e+00 5.67e-01h  1
 252  5.5450251e+00 2.56e-01 1.55e+01  -1.9 3.25e+00    -  1.00e+00 9.67e-01h  1
 253  5.8042747e+00 1.68e-01 1.52e+01  -1.9 4.25e+00    -  1.00e+00 6.92e-01h  1
 254  5.9189017e+00 1.66e-01 9.26e+00  -1.9 4.37e+00    -  1.00e+00 5.00e-01h  2
 255  5.8719746e+00 1.33e-01 1.68e+01  -1.9 2.99e+00    -  1.00e+00 5.00e-01h  2
 256  5.9143227e+00 1.16e-01 3.37e+01  -2.0 6.52e+00    -  1.00e+00 2.50e-01h  3
 257  5.8214410e+00 7.28e-02 1.87e+01  -2.2 2.38e+00    -  1.00e+00 5.00e-01h  2
 258  8.4817958e+00 7.64e-01 1.08e+02  -0.5 6.25e+01    -  8.04e-01 1.23e-01f  1
 259  7.9370013e+00 7.38e-01 1.06e+02  -0.6 6.29e+00    -  5.47e-01 1.00e+00f  1
iter    objective    inf_pr   inf_du lg(mu)  ||d||  lg(rg) alpha_du alpha_pr  ls
 260  8.8793612e+00 2.77e-01 2.59e+01  -0.6 4.04e+00    -  9.74e-01 1.00e+00f  1
 261  1.0265673e+01 8.97e-01 6.83e+01  -0.6 8.98e+00    -  1.00e+00 1.00e+00h  1
 262  1.2617267e+01 8.46e-01 7.03e+01  -0.6 9.25e+00    -  1.00e+00 1.00e+00f  1
 263  1.4013841e+01 6.14e-01 1.12e+02  -0.6 1.03e+01    -  1.00e+00 8.63e-01h  1
 264  1.4417282e+01 4.97e-01 8.84e+01  -0.6 5.56e+00    -  1.00e+00 1.00e+00f  1
 265  1.4230880e+01 2.83e-01 7.31e+01  -0.6 4.65e+00    -  1.00e+00 1.00e+00h  1
 266  1.3904639e+01 1.33e-01 2.69e+01  -0.6 3.17e+00    -  1.00e+00 1.00e+00h  1
 267  1.3850384e+01 1.05e-01 4.52e+02  -0.6 3.17e+00    -  1.00e+00 2.61e-01h  1
 268  1.3731171e+01 9.93e-02 8.26e+02  -1.2 7.11e+00    -  1.00e+00 7.53e-02h  4
 269  1.2133381e+01 3.94e-01 1.36e+02  -1.5 8.88e+00    -  1.00e+00 1.00e+00h  1
iter    objective    inf_pr   inf_du lg(mu)  ||d||  lg(rg) alpha_du alpha_pr  ls
 270  1.1497311e+01 2.48e-01 1.18e+02  -1.6 8.69e+00    -  5.98e-01 4.26e-01h  1
 271  1.0561777e+01 1.58e+00 5.75e+01  -1.6 1.08e+01    -  2.79e-01 1.00e+00h  1
 272  8.8286836e+00 1.57e+00 7.63e+00  -1.6 1.10e+01    -  8.70e-01 1.00e+00h  1
 273  7.9404102e+00 3.50e-01 8.41e+00  -1.6 5.80e+00    -  2.26e-01 9.77e-01h  1
 274  8.2512853e+00 5.08e-01 1.92e+01  -1.6 5.36e+00    -  8.30e-01 1.00e+00h  1
 275  7.7828416e+00 2.78e-01 1.77e+01  -1.6 3.82e+00    -  1.00e+00 1.00e+00h  1
 276  8.0702022e+00 4.04e-01 3.05e+01  -1.6 9.20e+00    -  1.00e+00 6.11e-01H  1
 277  8.1563616e+00 3.07e-01 1.71e+01  -1.6 5.90e+00    -  1.00e+00 4.20e-01h  2
 278  8.2438940e+00 2.48e-01 1.07e+01  -1.6 4.77e+00    -  6.81e-01 1.00e+00h  1
 279  8.1851648e+00 2.76e-01 4.79e+00  -1.6 6.35e+00    -  3.51e-01 5.00e-01h  2
iter    objective    inf_pr   inf_du lg(mu)  ||d||  lg(rg) alpha_du alpha_pr  ls
 280  8.0179212e+00 1.79e-01 1.05e+01  -1.6 6.31e+00    -  1.00e+00 2.78e-01h  2
 281  7.9613878e+00 1.09e-01 4.80e+01  -1.6 5.19e+00    -  1.00e+00 4.28e-01H  1
 282  8.1358786e+00 9.37e-02 2.82e+01  -1.6 4.63e+00    -  9.11e-01 5.00e-01h  2
 283  8.1408445e+00 8.66e-02 2.34e+01  -1.6 7.36e+00    -  1.00e+00 2.28e-01h  3
 284  8.0457238e+00 1.28e-01 2.13e+01  -1.6 5.63e+00    -  6.53e-01 5.00e-01h  2
 285  7.7929886e+00 1.27e-01 2.98e+01  -1.6 5.35e+00    -  1.00e+00 3.85e-01H  1
 286  7.8859653e+00 1.16e-01 1.76e+01  -1.6 3.96e+00    -  4.40e-01 5.00e-01h  2
 287  7.9947945e+00 1.22e-01 5.20e+01  -1.6 8.59e+00    -  1.05e-01 3.90e-02H  1
 288  8.1541632e+00 9.31e-02 3.33e+01  -1.6 3.66e+00    -  3.82e-01 5.00e-01f  2
 289  8.1349146e+00 4.47e-02 1.44e+01  -1.6 1.99e+00    -  6.87e-01 5.00e-01h  2
iter    objective    inf_pr   inf_du lg(mu)  ||d||  lg(rg) alpha_du alpha_pr  ls
 290  8.7134054e+00 1.97e+00 2.00e+01  -1.2 8.89e+00    -  7.04e-01 1.00e+00f  1
 291  8.0626621e+00 6.72e-01 3.96e+00  -1.4 4.89e+00    -  1.00e+00 1.00e+00h  1
 292  7.9102141e+00 4.92e-01 3.98e+00  -1.4 5.52e+00    -  8.83e-01 5.05e-01h  1
 293  8.0348836e+00 2.28e-01 1.13e+01  -1.4 5.24e+00    -  1.00e+00 5.00e-01h  2
 294  8.7245676e+00 1.05e-01 4.43e+01  -1.4 4.15e+00    -  9.02e-01 7.16e-01H  1
 295  8.7147223e+00 1.03e-01 3.55e+01  -1.4 3.87e+00    -  1.00e+00 5.00e-01h  2
 296  8.5357440e+00 1.16e-01 3.01e+01  -1.4 6.08e+00    -  1.00e+00 3.92e-01h  2
 297  7.9603373e+00 1.55e-01 1.27e+01  -1.4 4.68e+00    -  1.00e+00 1.00e+00h  1
 298  8.0218054e+00 1.27e-01 5.32e+00  -1.4 4.50e+00    -  9.30e-01 5.00e-01h  2
 299  8.3484376e+00 9.15e-02 1.01e+01  -1.4 4.41e+00    -  1.00e+00 6.63e-01h  1
iter    objective    inf_pr   inf_du lg(mu)  ||d||  lg(rg) alpha_du alpha_pr  ls
 300  8.4322349e+00 1.12e-01 1.10e+01  -1.4 4.80e+00    -  1.00e+00 4.06e-01h  2
 301  8.5478393e+00 8.29e-02 2.23e+01  -1.4 4.07e+00    -  1.00e+00 2.50e-01h  3
 302  8.5489347e+00 6.48e-02 2.66e+01  -1.4 3.98e+00    -  1.00e+00 2.50e-01h  3
 303  8.6246408e+00 5.63e-02 1.35e+01  -1.4 4.28e+00    -  1.00e+00 2.50e-01h  3
 304  8.6262042e+00 5.53e-02 2.60e+01  -1.4 6.33e+00    -  7.66e-01 1.25e-01h  4
 305  8.7672983e+00 6.56e-02 2.27e+01  -1.4 3.43e+00    -  1.00e+00 4.02e-01h  2
 306  8.7374765e+00 6.46e-02 1.28e+01  -1.4 5.91e+00    -  8.89e-01 1.41e-01h  3
 307  8.9100996e+00 4.59e-02 2.03e+01  -1.4 3.45e+00    -  8.49e-01 5.00e-01h  2
 308  8.9417972e+00 2.88e-02 1.93e+01  -1.4 2.40e+00    -  1.00e+00 5.00e-01h  2
 309  8.7050499e+00 1.47e-01 1.05e+01  -1.9 3.48e+00    -  1.00e+00 1.00e+00h  1
iter    objective    inf_pr   inf_du lg(mu)  ||d||  lg(rg) alpha_du alpha_pr  ls
 310  8.3737194e+00 9.82e-02 2.26e+01  -2.0 4.04e+00    -  8.70e-01 1.00e+00h  1
 311  7.0217021e+00 1.35e+00 2.78e+01  -2.0 2.54e+01    -  1.32e-01 5.03e-01h  1
 312  7.1450943e+00 1.34e+00 3.09e+01  -2.0 1.43e+01    -  7.41e-02 9.13e-03H  1
 313  7.0992530e+00 1.26e+00 3.03e+01  -2.0 6.56e+00    -  2.97e-02 5.73e-02h  1
 314  6.3589628e+00 9.19e-01 2.42e+01  -2.0 1.18e+01    -  1.92e-01 7.89e-01h  1
 315  6.1758534e+00 5.62e-01 1.69e+01  -2.0 4.99e+00    -  3.60e-01 4.58e-01h  1
 316  5.8089873e+00 3.64e-01 1.44e+01  -2.0 5.56e+00    -  2.56e-01 4.83e-01h  1
 317  5.5504286e+00 3.23e-01 9.87e+00  -2.0 7.06e+00    -  2.98e-01 5.00e-01h  2
 318  5.5996863e+00 2.23e-01 5.09e+00  -2.0 7.72e+00    -  4.41e-01 3.63e-01h  2
 319  5.7704053e+00 2.51e-01 7.88e+00  -2.0 5.51e+00    -  1.00e+00 5.69e-01h  1
iter    objective    inf_pr   inf_du lg(mu)  ||d||  lg(rg) alpha_du alpha_pr  ls
 320  5.7666825e+00 2.20e-01 1.67e+01  -2.0 6.23e+00    -  5.59e-01 3.94e-01H  1
 321  5.8504049e+00 1.31e-01 1.69e+01  -2.0 4.72e+00    -  5.64e-01 5.00e-01h  2
 322  5.7363602e+00 1.09e-01 1.96e+01  -2.0 4.71e+00    -  5.28e-01 2.59e-01h  2
 323  5.7089459e+00 8.05e-02 1.69e+01  -2.0 2.18e+00    -  3.48e-01 3.46e-01h  1
 324  5.7530137e+00 8.05e-02 1.63e+01  -2.0 5.56e+00    -  1.00e+00 2.60e-01h  2
 325  5.7667219e+00 5.74e-02 1.89e+01  -2.0 3.32e+00    -  7.75e-01 4.13e-01H  1
 326  5.8912560e+00 5.26e-02 6.68e+01  -2.0 5.53e+00    -  1.00e+00 1.88e-01h  2
 327  5.9061922e+00 4.69e-02 2.38e+01  -2.0 4.28e+00    -  7.46e-01 1.25e-01h  4
 328  5.9237740e+00 5.73e-02 2.24e+01  -2.0 4.97e+00    -  4.48e-01 2.50e-01h  3
 329  5.8743102e+00 5.36e-02 2.40e+01  -2.0 6.71e+00    -  9.41e-01 1.91e-01h  3
iter    objective    inf_pr   inf_du lg(mu)  ||d||  lg(rg) alpha_du alpha_pr  ls
 330  5.9007291e+00 4.55e-02 4.79e+01  -2.0 3.95e+00    -  1.00e+00 2.03e-01h  1
 331  6.0239262e+00 5.05e-02 1.93e+01  -2.0 3.28e+00    -  1.00e+00 5.00e-01h  2
 332  6.5597701e+00 2.42e-01 6.95e+01  -1.4 1.45e+01    -  1.00e+00 3.15e-01f  1
 333  6.6829773e+00 2.25e-01 5.40e+01  -1.5 3.10e+00    -  5.36e-01 1.00e+00h  1
 334  6.4948895e+00 2.81e-01 2.60e+01  -1.5 3.80e+00    -  6.78e-01 8.59e-01h  1
 335  6.4269947e+00 4.83e-01 2.56e+01  -1.5 6.56e+00    -  4.74e-01 6.87e-01h  1
 336  6.9548939e+00 4.74e-01 1.38e+01  -1.5 5.00e+00    -  1.00e+00 1.00e+00h  1
 337  7.5977910e+00 3.31e-01 2.25e+01  -1.5 5.68e+00    -  1.00e+00 1.00e+00h  1
 338  7.0599691e+00 1.31e-01 7.34e+00  -1.5 3.37e+00    -  1.00e+00 1.00e+00h  1
 339  6.9937654e+00 1.39e-01 7.93e+00  -1.5 2.68e+00    -  1.00e+00 1.00e+00h  1
iter    objective    inf_pr   inf_du lg(mu)  ||d||  lg(rg) alpha_du alpha_pr  ls
 340  7.2320000e+00 8.52e-02 1.27e+01  -1.5 3.68e+00    -  1.00e+00 6.60e-01H  1
 341  7.2636453e+00 7.90e-02 1.16e+01  -1.5 8.32e+00    -  8.08e-01 1.25e-01h  4
 342  7.1516041e+00 2.43e-02 3.02e+00  -1.5 1.20e+00    -  1.00e+00 1.00e+00h  1
 343  7.1638250e+00 2.36e-02 2.55e+01  -1.6 9.65e+00    -  9.86e-01 3.12e-02h  6
 344  7.1597728e+00 2.28e-02 1.79e+01  -2.1 4.61e+00    -  9.99e-01 3.12e-02h  6
 345  6.6567440e+00 3.43e-01 1.93e+01  -2.1 9.03e+00    -  1.00e+00 4.16e-01h  1
 346  5.8925389e+00 2.68e-01 2.98e+01  -2.2 5.79e+00    -  5.14e-01 6.56e-01h  1
 347  5.1465782e+00 3.28e-01 1.61e+01  -2.2 4.70e+00    -  5.90e-01 8.72e-01h  1
 348  4.7264179e+00 2.46e-01 1.42e+01  -2.2 8.27e+00    -  7.30e-01 4.25e-01h  1
 349  4.6249880e+00 1.17e-01 4.56e+00  -2.2 4.49e+00    -  2.64e-01 6.19e-01h  1
iter    objective    inf_pr   inf_du lg(mu)  ||d||  lg(rg) alpha_du alpha_pr  ls
 350  4.8890000e+00 2.50e-01 8.27e+00  -2.2 4.69e+00    -  4.62e-01 6.24e-01h  1
 351  4.6524036e+00 7.89e-02 5.33e+00  -2.2 2.32e+00    -  1.00e+00 1.00e+00h  1
 352  4.7798980e+00 6.74e-02 5.99e+00  -1.9 2.94e+00    -  1.00e+00 5.00e-01h  2
 353  5.2349416e+00 2.95e-01 1.16e+01  -1.6 1.06e+01    -  5.12e-01 3.19e-01f  1
 354  5.2721727e+00 1.17e-01 5.90e+00  -1.8 2.87e+00    -  3.46e-01 1.00e+00h  1
 355  5.3719930e+00 1.11e-01 1.66e+01  -1.8 5.90e+00    -  8.05e-01 3.19e-01h  2
 356  5.5508580e+00 8.90e-02 1.94e+01  -1.8 5.09e+00    -  1.00e+00 2.99e-01h  2
 357  5.4918678e+00 7.68e-02 2.32e+01  -1.8 6.08e+00    -  6.70e-01 1.55e-01h  3
 358  5.5627002e+00 1.06e-01 1.18e+01  -1.8 6.98e+00    -  1.00e+00 2.73e-01h  2
 359  5.6100050e+00 1.13e-01 2.82e+01  -1.8 8.26e+00    -  8.47e-01 1.93e-01h  2
iter    objective    inf_pr   inf_du lg(mu)  ||d||  lg(rg) alpha_du alpha_pr  ls
 360  5.6229088e+00 1.45e-01 3.55e+01  -1.8 3.84e+00    -  1.65e-01 5.76e-01H  1
 361  5.5297858e+00 1.75e-01 2.43e+01  -1.8 3.64e+00    -  1.00e+00 6.37e-01f  1
 362  5.3935490e+00 1.51e-01 2.08e+01  -1.8 4.92e+00    -  2.50e-01 2.50e-01h  3
 363  5.2184423e+00 1.77e-01 3.34e+01  -1.8 1.01e+01    -  5.87e-01 1.85e-01h  3
 364  5.2572207e+00 1.48e-01 2.30e+01  -1.8 3.44e+00    -  1.00e+00 1.68e-01h  2
 365  5.3552112e+00 1.27e-01 1.84e+01  -1.8 3.33e+00    -  1.00e+00 2.29e-01h  3
 366  5.5008999e+00 1.11e-01 6.13e+00  -1.8 3.71e+00    -  1.00e+00 1.98e-01h  3
 367  5.5798867e+00 9.96e-02 1.82e+01  -1.8 5.66e+00    -  8.17e-01 1.54e-01h  3
 368  5.6452442e+00 8.82e-02 1.94e+01  -1.8 6.84e+00    -  6.82e-01 1.25e-01h  4
 369  5.6805373e+00 8.54e-02 4.37e+01  -1.8 8.58e+00    -  8.01e-01 4.51e-02h  4
iter    objective    inf_pr   inf_du lg(mu)  ||d||  lg(rg) alpha_du alpha_pr  ls
 370  5.9106889e+00 6.95e-02 1.61e+01  -1.8 5.14e+00    -  9.00e-01 2.50e-01h  3
 371  6.0071409e+00 6.01e-02 1.83e+01  -1.8 4.51e+00    -  7.09e-01 1.25e-01h  4
 372  6.0598056e+00 5.27e-02 1.76e+01  -1.8 5.30e+00    -  5.47e-01 1.17e-01h  2
 373  6.1576939e+00 4.73e-02 3.19e+01  -1.8 4.04e+00    -  1.00e+00 1.25e-01h  4
 374  6.2147742e+00 4.62e-02 2.25e+01  -1.8 7.55e+00    -  1.00e+00 1.44e-01h  3
 375  6.3682611e+00 3.77e-02 2.59e+01  -1.8 3.21e+00    -  1.00e+00 2.50e-01h  3
 376  6.3602032e+00 2.10e-02 3.19e+01  -1.8 1.43e+00    -  1.00e+00 5.00e-01h  2
 377  6.5596505e+00 2.36e-01 2.54e+01  -1.6 3.13e+00    -  8.12e-01 1.00e+00h  1
 378  6.1005964e+00 8.58e-01 3.15e+01  -1.7 7.73e+00    -  3.91e-01 1.00e+00h  1
 379  5.4697738e+00 2.22e-01 3.91e+00  -1.7 3.64e+00    -  1.00e+00 9.28e-01h  1
iter    objective    inf_pr   inf_du lg(mu)  ||d||  lg(rg) alpha_du alpha_pr  ls
 380  5.6306292e+00 3.67e-01 6.59e+00  -1.7 3.51e+00    -  9.11e-01 1.00e+00h  1
 381  5.7994467e+00 2.43e-01 1.22e+01  -1.7 3.82e+00    -  1.00e+00 3.23e-01h  1
 382  6.0883190e+00 1.50e-01 9.98e+00  -1.7 4.48e+00    -  1.00e+00 5.00e-01h  2
 383  6.3534492e+00 9.77e-02 1.18e+01  -1.7 3.27e+00    -  1.00e+00 5.00e-01h  2
 384  6.5216873e+00 1.26e-01 1.78e+01  -1.7 3.90e+00    -  1.00e+00 6.56e-01h  1
 385  6.3775074e+00 1.01e-01 1.64e+01  -1.7 7.54e+00    -  5.24e-01 2.01e-01h  3
 386  6.1349868e+00 8.90e-02 1.55e+01  -1.7 3.12e+00    -  4.06e-01 1.00e+00h  1
 387  6.1363623e+00 2.09e-01 1.34e+01  -1.7 1.10e+01    -  3.53e-01 2.50e-01h  3
 388  6.1266392e+00 1.69e-01 3.96e+00  -1.7 4.89e+00    -  1.00e+00 5.00e-01h  2
 389  6.3228046e+00 1.57e-01 8.18e+00  -1.7 4.37e+00    -  1.00e+00 4.23e-01h  2
iter    objective    inf_pr   inf_du lg(mu)  ||d||  lg(rg) alpha_du alpha_pr  ls
 390  6.5256517e+00 8.44e-02 1.20e+01  -1.7 3.27e+00    -  1.00e+00 5.00e-01h  2
 391  6.4442575e+00 7.69e-02 1.04e+01  -1.7 7.67e+00    -  8.49e-01 1.25e-01h  4
 392  6.2825684e+00 8.99e-02 1.55e+01  -1.7 1.62e+01    -  1.00e+00 1.05e-01h  3
 393  6.3700763e+00 7.29e-02 1.76e+01  -1.7 4.47e+00    -  1.00e+00 5.05e-01H  1
 394  6.4574584e+00 6.60e-02 8.15e+00  -1.7 3.93e+00    -  9.43e-01 2.50e-01h  3
 395  6.3408565e+00 1.23e-01 8.10e+00  -1.7 7.83e+00    -  3.06e-01 2.49e-01h  2
 396  6.3928568e+00 1.36e-01 4.82e+00  -1.7 4.90e+00    -  1.00e+00 3.83e-01h  2
 397  6.2927866e+00 1.47e-01 1.79e+01  -1.7 2.58e+00    -  7.36e-01 1.00e+00h  1
 398  6.3708972e+00 4.69e-02 7.20e+00  -1.7 1.63e+00    -  1.00e+00 1.00e+00h  1
 399  6.0419418e+00 1.06e-01 8.39e+00  -1.7 6.25e+00    -  7.51e-01 5.00e-01h  2
iter    objective    inf_pr   inf_du lg(mu)  ||d||  lg(rg) alpha_du alpha_pr  ls
 400  5.9666769e+00 1.29e-01 2.91e+00  -1.7 7.03e+00    -  4.95e-01 2.10e-01H  1
 401  6.0989738e+00 6.99e-02 3.67e+00  -1.7 4.22e+00    -  8.59e-01 5.56e-01h  1
 402  6.1665091e+00 8.41e-02 5.45e+00  -1.7 4.26e+00    -  1.00e+00 3.79e-01h  2
 403  6.2688130e+00 8.54e-02 1.19e+01  -1.7 5.16e+00    -  1.00e+00 3.87e-01h  2
 404  6.3164724e+00 7.49e-02 1.35e+01  -1.7 5.34e+00    -  7.95e-01 1.25e-01h  4
 405  6.3073691e+00 8.53e-02 1.20e+01  -1.7 1.41e+01    -  9.07e-01 1.03e-01h  3
 406  6.3346978e+00 6.34e-02 1.08e+01  -1.7 2.66e+00    -  9.32e-01 5.00e-01h  2
 407  6.3743305e+00 6.10e-02 6.08e+00  -1.7 3.83e+00    -  1.00e+00 2.50e-01h  3
 408  6.3886787e+00 5.92e-02 2.50e+01  -1.7 3.87e+00    -  1.00e+00 3.12e-02h  6
 409  6.3999970e+00 4.31e-02 1.78e+01  -1.7 2.75e+00    -  6.58e-01 2.50e-01h  3
iter    objective    inf_pr   inf_du lg(mu)  ||d||  lg(rg) alpha_du alpha_pr  ls
 410  6.4122301e+00 4.02e-02 3.96e+01  -1.7 5.14e+00    -  1.00e+00 9.86e-02h  3
 411  6.4357427e+00 3.86e-02 9.60e+00  -1.7 3.51e+00    -  1.00e+00 1.49e-01h  3
 412  6.5039448e+00 3.71e-02 1.45e+01  -1.7 6.86e+00    -  7.36e-01 1.25e-01h  4
 413  6.5904801e+00 3.71e-02 2.62e+01  -1.7 4.70e+00    -  5.57e-01 1.88e-01h  3
 414  6.6037442e+00 3.55e-02 1.48e+01  -1.7 6.81e+00    -  1.00e+00 6.13e-02h  5
 415  6.6448387e+00 3.21e-02 4.38e+01  -1.7 3.48e+00    -  1.00e+00 1.06e-01h  4
 416  6.6641820e+00 3.04e-02 1.58e+01  -1.7 3.99e+00    -  9.62e-01 6.18e-02h  5
 417  6.6576514e+00 2.91e-02 3.70e+01  -1.7 8.17e+00    -  1.00e+00 4.75e-02h  5
 418  6.6585279e+00 2.78e-02 2.69e+01  -2.1 4.01e+00    -  1.00e+00 7.82e-02h  4
 419  6.3000923e+00 3.90e-01 2.87e+01  -2.4 9.04e+00    -  1.00e+00 6.12e-01h  1
iter    objective    inf_pr   inf_du lg(mu)  ||d||  lg(rg) alpha_du alpha_pr  ls
 420  5.8596523e+00 2.90e-01 2.60e+01  -2.5 9.50e+00    -  3.34e-01 2.84e-01h  1
 421  4.9364403e+00 5.25e-01 2.35e+01  -2.5 1.39e+01    -  1.66e-01 4.70e-01h  1
 422  4.6502699e+00 3.92e-01 2.10e+01  -2.5 1.11e+01    -  3.13e-01 1.79e-01h  1
 423  4.5867075e+00 3.14e-01 1.92e+01  -2.5 5.07e+00    -  9.29e-02 2.19e-01h  1
 424  4.3931489e+00 1.21e+00 1.85e+01  -2.5 1.64e+01    -  2.60e-01 5.04e-01h  1
 425  4.1843105e+00 9.48e-01 1.57e+01  -2.5 4.30e+00    -  1.00e+00 2.35e-01h  1
 426  5.5317157e+00 6.47e-01 7.22e+00  -1.7 7.97e+00    -  3.40e-01 7.01e-01f  1
 427  4.6719894e+00 6.76e-01 7.47e+00  -2.2 1.49e+01    -  2.51e-01 4.77e-01h  1
 428  4.1313908e+00 1.01e+00 6.67e+00  -2.2 5.64e+00    -  2.01e-01 1.00e+00h  1
 429  4.0146899e+00 2.52e-01 5.76e+00  -2.1 2.54e+00    -  1.00e+00 7.79e-01h  1
iter    objective    inf_pr   inf_du lg(mu)  ||d||  lg(rg) alpha_du alpha_pr  ls
 430  5.4984052e+00 1.22e+00 1.89e+01  -1.7 6.72e+00    -  8.54e-01 9.14e-01f  1
 431  5.0690073e+00 5.84e-01 2.56e+01  -1.9 8.27e+00    -  1.00e+00 8.02e-01H  1
 432  4.7678738e+00 3.41e-01 7.10e+00  -1.9 5.16e+00    -  2.42e-01 8.70e-01h  1
 433  4.9827831e+00 1.47e-01 2.02e+01  -1.9 4.60e+00    -  1.25e-01 5.90e-01H  1
 434  5.2747740e+00 1.61e-01 1.13e+01  -1.9 4.16e+00    -  4.89e-01 5.00e-01h  2
 435  5.1978908e+00 7.57e-02 1.48e+01  -1.9 4.55e+00    -  1.00e+00 5.00e-01h  2
 436  5.4591712e+00 7.39e-02 2.99e+01  -1.9 5.46e+00    -  1.00e+00 3.82e-01H  1
 437  5.7565874e+00 8.89e-02 1.77e+01  -1.9 4.42e+00    -  1.00e+00 5.00e-01h  2
 438  5.9033297e+00 5.60e-02 1.58e+01  -1.9 3.43e+00    -  5.97e-01 5.00e-01h  2
 439  5.8113625e+00 4.49e-02 1.89e+01  -1.9 3.66e+00    -  1.00e+00 2.22e-01h  3
iter    objective    inf_pr   inf_du lg(mu)  ||d||  lg(rg) alpha_du alpha_pr  ls
 440  5.7991531e+00 5.07e-02 1.48e+01  -1.9 3.63e+00    -  1.00e+00 3.32e-01h  2
 441  5.8824579e+00 4.39e-02 6.06e+01  -1.9 3.12e+00    -  1.00e+00 1.70e-01h  3
 442  5.8713545e+00 4.16e-02 3.51e+01  -1.9 3.36e+00    -  4.11e-01 2.50e-01h  3
 443  5.8625309e+00 3.86e-02 4.82e+01  -2.4 3.51e+00    -  1.00e+00 1.51e-01h  3
 444  7.0249062e+00 3.24e-01 2.89e+01  -1.4 7.13e+00    -  1.00e+00 6.80e-01f  1
 445  6.5633859e+00 4.94e-01 7.03e+01  -1.5 1.02e+01    -  3.45e-01 8.67e-01h  1
 446  6.1847267e+00 1.53e-01 1.51e+01  -1.5 3.71e+00    -  1.00e+00 1.00e+00h  1
 447  6.4052031e+00 3.18e-01 9.53e+00  -1.5 4.70e+00    -  1.00e+00 1.00e+00h  1
 448  6.2191238e+00 4.55e-01 8.76e+00  -1.5 8.46e+00    -  5.72e-01 5.67e-01h  1
 449  6.3016097e+00 1.75e-01 6.98e+00  -1.5 3.75e+00    -  4.93e-01 1.00e+00h  1
iter    objective    inf_pr   inf_du lg(mu)  ||d||  lg(rg) alpha_du alpha_pr  ls
 450  6.7834194e+00 1.22e-01 2.46e+01  -1.5 5.72e+00    -  1.00e+00 3.63e-01H  1
 451  6.8022270e+00 4.85e-02 1.15e+01  -1.5 1.66e+00    -  1.00e+00 1.00e+00h  1
 452  6.5152832e+00 4.34e-02 6.38e+00  -1.5 4.23e+00    -  6.29e-01 5.00e-01h  2
 453  6.6152144e+00 3.38e-02 5.61e+00  -1.5 4.16e+00    -  1.00e+00 2.50e-01h  3
 454  6.6226969e+00 3.19e-02 1.23e+01  -1.5 4.94e+00    -  1.00e+00 6.25e-02h  5
 455  6.6313279e+00 3.14e-02 1.06e+01  -1.5 5.44e+00    -  1.00e+00 1.56e-02h  7
 456  6.6349559e+00 3.11e-02 1.37e+01  -1.5 4.51e+00    -  1.00e+00 7.81e-03h  8
 457  6.6396890e+00 3.09e-02 9.43e+00  -1.5 5.57e+00    -  1.00e+00 7.81e-03h  8
 458  6.6400546e+00 3.09e-02 1.76e+01  -1.5 5.24e+00    -  1.00e+00 4.88e-04h 12
 459  6.7514658e+00 2.86e-02 9.33e+00  -1.5 6.16e+00    -  1.00e+00 1.25e-01h  4
iter    objective    inf_pr   inf_du lg(mu)  ||d||  lg(rg) alpha_du alpha_pr  ls
 460  6.8323929e+00 2.99e-02 9.87e+00  -1.5 7.13e+00    -  1.00e+00 1.25e-01h  4
 461  6.8352365e+00 2.67e-02 1.17e+01  -1.5 5.82e+00    -  1.00e+00 1.25e-01h  4
 462  6.9069684e+00 2.47e-02 1.73e+01  -1.5 4.88e+00    -  1.00e+00 1.25e-01h  4
 463  6.9520271e+00 2.29e-02 2.66e+01  -1.5 4.97e+00    -  1.00e+00 6.25e-02h  5
 464  6.9864501e+00 2.12e-02 1.73e+01  -1.5 6.63e+00    -  1.00e+00 6.25e-02h  5
 465  7.0273313e+00 2.00e-02 3.63e+01  -1.5 5.74e+00    -  1.00e+00 6.25e-02h  5
 466  7.0980357e+00 1.77e-02 1.80e+01  -1.5 4.03e+00    -  1.00e+00 1.25e-01h  4
 467  7.1393728e+00 1.67e-02 2.73e+01  -1.5 4.51e+00    -  1.00e+00 6.25e-02h  5
 468  7.1758582e+00 1.58e-02 2.35e+01  -1.5 3.85e+00    -  1.00e+00 6.25e-02h  5
 469  7.2093784e+00 1.47e-02 2.99e+01  -1.5 5.15e+00    -  1.00e+00 6.25e-02h  5
iter    objective    inf_pr   inf_du lg(mu)  ||d||  lg(rg) alpha_du alpha_pr  ls
 470  7.2463530e+00 1.37e-02 3.08e+01  -1.5 4.02e+00    -  1.00e+00 6.25e-02h  5
 471  7.2779082e+00 1.29e-02 3.39e+01  -1.5 4.05e+00    -  1.00e+00 6.25e-02h  5
 472  7.3103639e+00 1.22e-02 2.81e+01  -1.5 3.65e+00    -  1.00e+00 6.25e-02h  5
 473  7.3392049e+00 1.16e-02 2.95e+01  -1.5 3.31e+00    -  1.00e+00 6.25e-02h  5
 474  7.3678523e+00 1.09e-02 3.72e+01  -1.5 3.51e+00    -  1.00e+00 6.25e-02h  5
 475  7.3938285e+00 1.04e-02 3.41e+01  -1.5 3.61e+00    -  1.00e+00 6.25e-02h  5
 476  7.4195230e+00 1.01e-02 3.37e+01  -1.5 3.90e+00    -  1.00e+00 6.25e-02h  5
 477  7.4444977e+00 9.78e-03 3.71e+01  -1.5 3.67e+00    -  1.00e+00 6.25e-02h  5
 478  7.4647439e+00 9.56e-03 3.59e+01  -1.5 3.44e+00    -  1.00e+00 6.25e-02h  5
 479  7.4855802e+00 9.36e-03 3.54e+01  -1.5 3.30e+00    -  1.00e+00 6.25e-02h  5
iter    objective    inf_pr   inf_du lg(mu)  ||d||  lg(rg) alpha_du alpha_pr  ls
 480  7.5060283e+00 9.33e-03 3.83e+01  -1.5 3.75e+00    -  1.00e+00 6.25e-02h  5
 481  7.5257247e+00 9.25e-03 4.04e+01  -1.5 3.39e+00    -  1.00e+00 6.25e-02h  5
 482  7.5438864e+00 9.01e-03 3.99e+01  -1.5 3.69e+00    -  1.00e+00 6.25e-02h  5
 483  7.5592309e+00 8.85e-03 4.25e+01  -1.5 3.49e+00    -  1.00e+00 6.25e-02h  5
 484  7.5701084e+00 8.76e-03 4.60e+01  -1.5 3.38e+00    -  1.00e+00 6.25e-02h  5
 485  7.5805157e+00 8.63e-03 4.95e+01  -1.5 3.51e+00    -  1.00e+00 6.25e-02h  5
 486  7.5920339e+00 8.47e-03 4.69e+01  -1.5 3.11e+00    -  1.00e+00 6.25e-02h  5
 487  7.6033406e+00 8.26e-03 4.36e+01  -1.5 3.04e+00    -  1.00e+00 6.25e-02h  5
 488  7.6159514e+00 8.05e-03 4.66e+01  -1.5 3.02e+00    -  1.00e+00 6.25e-02h  5
 489  7.6413269e+00 7.99e-03 4.25e+01  -1.5 3.23e+00    -  1.00e+00 1.25e-01h  4
iter    objective    inf_pr   inf_du lg(mu)  ||d||  lg(rg) alpha_du alpha_pr  ls
 490  7.6485850e+00 7.84e-03 5.10e+01  -1.5 2.88e+00    -  1.00e+00 6.25e-02h  5
 491  7.6549034e+00 7.73e-03 6.07e+01  -1.5 3.27e+00    -  1.00e+00 6.25e-02h  5
 492  7.6606206e+00 7.56e-03 5.96e+01  -1.5 3.31e+00    -  1.00e+00 6.25e-02h  5
 493  7.6643831e+00 7.41e-03 6.36e+01  -1.5 2.75e+00    -  1.00e+00 6.25e-02h  5
 494  7.6707961e+00 7.44e-03 4.92e+01  -1.5 2.51e+00    -  1.00e+00 1.25e-01h  4
 495  7.6822827e+00 7.64e-03 5.78e+01  -1.5 2.92e+00    -  1.00e+00 1.25e-01h  4
 496  7.6754230e+00 7.39e-03 5.59e+01  -1.5 2.14e+00    -  1.00e+00 1.25e-01h  4
 497  7.6619907e+00 6.91e-03 6.74e+01  -1.5 2.47e+00    -  1.00e+00 1.25e-01h  4
 498  7.6459630e+00 6.64e-03 6.08e+01  -1.5 6.90e+00    -  1.00e+00 6.25e-02h  5
 499  7.6335612e+00 6.49e-03 5.71e+01  -1.5 3.64e+00    -  1.00e+00 1.25e-01h  4
iter    objective    inf_pr   inf_du lg(mu)  ||d||  lg(rg) alpha_du alpha_pr  ls
 500  7.6293255e+00 6.42e-03 5.94e+01  -1.5 2.38e+00    -  1.00e+00 1.25e-01h  4
 501  7.6256636e+00 6.29e-03 6.22e+01  -1.5 2.22e+00    -  1.00e+00 1.25e-01h  4
 502  7.5813400e+00 7.20e-03 7.57e+01  -1.5 3.63e+00    -  1.00e+00 2.50e-01h  3
 503  7.5804267e+00 1.53e-02 4.35e+01  -1.5 1.06e+00    -  1.00e+00 1.00e+00h  1
 504  7.5652717e+00 1.45e-02 1.41e+02  -1.5 2.33e+00    -  1.00e+00 2.50e-01h  3
 505  9.0212481e+00 7.82e-01 7.06e+02  -0.7 6.55e+00    -  9.48e-01 1.00e+00f  1
 506  8.7043684e+00 3.02e-01 2.24e+02  -0.8 4.56e+00    -  8.45e-01 1.00e+00h  1
 507  8.6702686e+00 2.66e-01 1.60e+01  -0.8 3.91e+00    -  1.00e+00 1.00e+00h  1
 508  9.4098564e+00 4.62e-01 9.52e+01  -0.8 8.34e+00    -  6.53e-01 1.00e+00f  1
 509  9.9878482e+00 2.34e-01 6.00e+01  -0.8 4.67e+00    -  1.00e+00 1.00e+00h  1
iter    objective    inf_pr   inf_du lg(mu)  ||d||  lg(rg) alpha_du alpha_pr  ls
 510  1.0948904e+01 6.87e-01 3.49e+01  -0.8 9.61e+00    -  9.99e-01 1.00e+00h  1
 511  1.0803145e+01 3.35e-01 4.00e+01  -0.8 4.24e+00    -  1.00e+00 1.00e+00h  1
 512  1.0470114e+01 2.16e-01 2.17e+01  -0.8 3.78e+00    -  7.60e-01 1.00e+00f  1
 513  1.0461142e+01 2.04e-01 2.73e+01  -0.8 5.89e+00    -  1.00e+00 4.84e-01H  1
 514  1.0343074e+01 1.56e-01 8.14e+01  -0.8 6.15e+00    -  1.00e+00 2.50e-01h  3
 515  1.0439482e+01 1.36e-01 5.03e+01  -0.8 7.46e+00    -  7.15e-01 2.50e-01h  3
 516  1.0797258e+01 1.07e-01 2.79e+01  -0.8 7.46e+00    -  1.00e+00 2.50e-01h  3
 517  1.1055746e+01 8.25e-02 5.20e+01  -0.8 6.77e+00    -  1.00e+00 2.50e-01h  3
 518  1.1283992e+01 6.27e-02 3.96e+01  -0.8 6.61e+00    -  1.00e+00 2.50e-01h  3
 519  1.1493099e+01 4.51e-02 4.48e+01  -0.8 4.90e+00    -  1.00e+00 2.50e-01h  3
iter    objective    inf_pr   inf_du lg(mu)  ||d||  lg(rg) alpha_du alpha_pr  ls
 520  1.1714440e+01 3.87e-02 5.19e+01  -0.8 4.69e+00    -  1.00e+00 2.50e-01h  3
 521  1.1820879e+01 3.62e-02 5.99e+01  -0.8 5.69e+00    -  1.00e+00 1.25e-01h  4
 522  1.2020601e+01 3.05e-02 7.09e+01  -0.8 5.13e+00    -  1.00e+00 2.50e-01h  3
 523  1.2198095e+01 2.51e-02 8.12e+01  -0.8 4.41e+00    -  1.00e+00 2.50e-01h  3
 524  1.2337688e+01 2.48e-02 8.88e+01  -0.8 4.53e+00    -  1.00e+00 2.50e-01h  3
 525  1.2469602e+01 1.98e-02 8.45e+01  -0.8 5.83e+00    -  1.00e+00 2.50e-01h  3
 526  1.2544987e+01 1.55e-02 9.51e+01  -0.8 4.07e+00    -  1.00e+00 2.50e-01h  3
 527  1.2540016e+01 2.03e-02 9.24e+01  -0.8 4.08e+00    -  1.00e+00 2.50e-01h  3
 528  1.2594709e+01 4.62e-02 9.67e+01  -0.8 8.28e+00    -  1.00e+00 2.50e-01h  3
 529  1.2686725e+01 2.50e-02 4.52e+01  -0.8 1.35e+00    -  1.00e+00 1.00e+00h  1
iter    objective    inf_pr   inf_du lg(mu)  ||d||  lg(rg) alpha_du alpha_pr  ls
 530  1.2812653e+01 2.10e-02 5.37e+01  -0.8 2.48e+00    -  1.00e+00 5.00e-01h  2
 531  1.3044805e+01 4.14e-02 3.09e+01  -0.8 2.57e+00    -  1.00e+00 1.00e+00h  1
 532  1.2464078e+01 5.66e-02 1.42e+02  -0.8 8.17e+00    -  1.00e+00 4.96e-01F  1
 533  1.2448895e+01 5.42e-02 9.00e+01  -0.8 3.82e+00    -  1.00e+00 5.00e-01f  2
 534  1.2517556e+01 5.49e-02 1.09e+02  -0.8 8.06e+00    -  1.00e+00 2.50e-01h  3
 535  1.2628098e+01 4.15e-02 5.17e+01  -0.8 3.52e+00    -  1.00e+00 2.50e-01h  3
 536  1.2771805e+01 3.48e-02 3.68e+01  -0.8 5.10e+00    -  1.00e+00 2.50e-01h  3
 537  1.2887708e+01 2.47e-02 2.64e+01  -0.8 2.95e+00    -  1.00e+00 2.50e-01h  3
 538  1.2994333e+01 2.49e-02 3.20e+01  -0.8 7.28e+00    -  1.00e+00 1.25e-01h  4
 539  1.3051558e+01 2.55e-02 2.88e+01  -0.8 6.23e+00    -  1.00e+00 1.25e-01h  4
iter    objective    inf_pr   inf_du lg(mu)  ||d||  lg(rg) alpha_du alpha_pr  ls
 540  1.3076216e+01 2.56e-02 3.88e+01  -0.8 3.54e+00    -  1.00e+00 2.50e-01h  3
 541  1.3139148e+01 2.69e-02 3.12e+01  -0.8 6.13e+00    -  1.00e+00 1.25e-01h  4
 542  1.3192324e+01 2.42e-02 2.80e+01  -0.8 3.37e+00    -  1.00e+00 2.50e-01h  3
 543  1.3181594e+01 3.52e-02 7.38e+01  -0.8 5.21e+00    -  9.14e-01 2.50e-01h  3
 544  1.3281512e+01 2.77e-02 7.08e+01  -0.8 2.61e+00    -  1.00e+00 2.50e-01h  3
 545  1.3363951e+01 3.07e-02 4.69e+01  -0.8 7.28e+00    -  1.00e+00 1.25e-01h  4
 546  1.3391450e+01 3.15e-02 8.59e+01  -0.8 9.18e+00    -  1.00e+00 6.25e-02h  5
 547  1.3434615e+01 2.83e-02 7.12e+01  -0.8 5.36e+00    -  1.00e+00 1.25e-01h  4
 548  1.3420933e+01 2.49e-02 6.88e+01  -0.8 5.91e+00    -  1.00e+00 1.25e-01h  4
 549  1.3481745e+01 2.11e-02 7.08e+01  -0.8 4.09e+00    -  1.00e+00 1.25e-01h  4
iter    objective    inf_pr   inf_du lg(mu)  ||d||  lg(rg) alpha_du alpha_pr  ls
 550  1.3515949e+01 1.85e-02 6.79e+01  -0.8 3.74e+00    -  1.00e+00 1.25e-01h  4
 551  1.3548624e+01 1.61e-02 8.72e+01  -0.8 3.91e+00    -  1.00e+00 1.25e-01h  4
 552  1.3587726e+01 1.45e-02 5.98e+01  -0.8 3.49e+00    -  1.00e+00 1.25e-01h  4
 553  1.3623389e+01 1.43e-02 6.55e+01  -0.8 4.79e+00    -  1.00e+00 1.25e-01h  4
 554  1.3652624e+01 1.30e-02 7.58e+01  -0.8 3.40e+00    -  1.00e+00 1.25e-01h  4
 555  1.3633532e+01 1.16e-02 8.02e+01  -0.8 6.02e+00    -  1.00e+00 1.25e-01h  4
 556  1.3669772e+01 1.07e-02 7.97e+01  -0.8 3.20e+00    -  1.00e+00 1.25e-01h  4
 557  1.3652129e+01 1.05e-02 7.71e+01  -0.8 4.58e+00    -  1.00e+00 1.25e-01h  4
 558  1.3845846e+01 1.30e-02 1.58e+02  -0.8 2.57e+00    -  1.00e+00 7.41e-01H  1
 559  1.3862165e+01 1.17e-02 1.54e+02  -0.8 3.71e+00    -  1.00e+00 2.50e-01f  3
iter    objective    inf_pr   inf_du lg(mu)  ||d||  lg(rg) alpha_du alpha_pr  ls
 560  1.3672713e+01 3.63e-02 6.77e+01  -1.6 1.72e+00    -  1.00e+00 1.00e+00h  1
 561  1.3047552e+01 2.96e-01 1.20e+02  -1.7 6.71e+00    -  1.00e+00 8.70e-01h  1
 562  1.1503919e+01 1.72e+00 3.87e+01  -1.7 2.10e+01    -  6.33e-01 9.48e-01h  1
 563  8.9560540e+00 1.69e+00 1.82e+01  -1.7 3.52e+01    -  5.30e-01 5.49e-01h  1
 564  7.3407373e+00 1.39e+00 1.54e+01  -1.7 1.81e+01    -  7.27e-01 1.00e+00h  1
 565  6.5274119e+00 6.64e-01 6.93e+00  -1.7 9.04e+00    -  8.58e-01 7.22e-01h  1
 566  6.4468322e+00 1.66e+00 1.47e+01  -1.7 1.03e+01    -  2.81e-01 1.00e+00h  1
 567  5.5386532e+00 8.80e-01 8.79e+00  -1.7 7.06e+00    -  9.88e-01 8.90e-01h  1
 568  5.0583282e+00 1.19e-01 3.87e+00  -1.7 3.94e+00    -  1.00e+00 1.00e+00h  1
 569  5.0923878e+00 1.26e-01 9.19e+00  -1.7 3.58e+00    -  1.00e+00 4.71e-01h  1
iter    objective    inf_pr   inf_du lg(mu)  ||d||  lg(rg) alpha_du alpha_pr  ls
 570  5.0008954e+00 8.38e-02 9.99e+00  -1.7 1.73e+00    -  9.31e-01 7.64e-01h  1
 571  4.9134463e+00 7.40e-02 2.01e+01  -1.7 2.93e+00    -  1.00e+00 6.64e-01h  1
 572  5.1829619e+00 1.14e-01 3.07e+01  -1.7 2.10e+00    -  1.00e+00 1.00e+00h  1
 573  5.0605928e+00 6.92e-02 2.55e+01  -1.7 1.65e+00    -  6.79e-01 5.00e-01h  2
 574  5.0076545e+00 1.25e-01 4.51e+01  -1.1 6.32e+00    -  9.61e-01 3.93e-01h  1
 575  5.0791565e+00 9.83e-02 2.82e+01  -1.2 4.25e+00    -  6.31e-02 1.84e-01H  1
 576  4.8723179e+00 2.83e-01 7.81e+01  -1.2 1.17e+01    -  1.78e-01 2.61e-01f  2
 577  4.8742254e+00 2.79e-01 7.90e+01  -1.2 4.29e+00    -  9.27e-01 1.56e-02h  7
 578  4.9816425e+00 2.71e-01 5.39e+01  -1.2 7.64e+00    -  6.02e-01 2.38e-01h  1
 579  5.1793019e+00 1.26e-01 2.84e+01  -1.2 4.72e+00    -  6.22e-01 5.00e-01f  2
iter    objective    inf_pr   inf_du lg(mu)  ||d||  lg(rg) alpha_du alpha_pr  ls
 580  5.2630665e+00 1.17e-01 3.16e+01  -1.2 6.44e+00    -  1.00e+00 9.28e-02h  4
 581  5.4180971e+00 1.02e-01 3.75e+01  -1.2 7.32e+00    -  6.02e-01 1.23e-01h  4
 582  6.3503855e+00 2.38e-01 9.74e+01  -1.2 9.45e+00    -  1.00e+00 5.00e-01h  2
 583  8.6264200e+00 1.35e+00 1.55e+02  -1.2 1.01e+01    -  1.00e+00 1.00e+00h  1
 584  7.4624063e+00 3.99e-01 3.61e+01  -1.2 6.32e+00    -  1.00e+00 1.00e+00h  1
 585  6.9036515e+00 2.70e-01 3.64e+01  -1.2 5.62e+00    -  1.00e+00 1.00e+00h  1
 586  6.8108644e+00 1.54e-01 4.85e+01  -1.2 5.10e+00    -  1.00e+00 5.00e-01h  2
 587  7.1421838e+00 1.08e-01 1.89e+01  -1.2 3.16e+00    -  1.00e+00 1.00e+00h  1
 588  7.5425035e+00 6.62e-02 1.01e+02  -1.2 6.31e+00    -  1.00e+00 3.85e-01H  1
 589  7.9583629e+00 8.05e-02 6.18e+01  -1.2 4.43e+00    -  1.00e+00 5.00e-01h  2
iter    objective    inf_pr   inf_du lg(mu)  ||d||  lg(rg) alpha_du alpha_pr  ls
 590  7.7211708e+00 7.87e-02 3.52e+01  -1.2 5.11e+00    -  1.00e+00 5.00e-01h  2
 591  7.7023249e+00 1.51e-01 4.64e+01  -1.2 5.68e+00    -  5.93e-01 5.00e-01h  2
 592  7.9007945e+00 1.28e-01 2.65e+01  -1.2 6.96e+00    -  1.00e+00 4.37e-01h  2
 593  7.6012678e+00 1.24e-01 4.47e+01  -1.2 5.54e+00    -  9.47e-01 5.00e-01h  2
 594  7.4963875e+00 1.26e-01 5.78e+01  -1.2 7.65e+00    -  7.52e-01 1.25e-01h  4
 595  7.7326232e+00 1.21e-01 1.78e+01  -1.2 4.99e+00    -  1.00e+00 5.00e-01h  2
 596  7.6345577e+00 1.34e-01 3.49e+01  -1.2 4.12e+00    -  9.04e-01 5.00e-01h  2
 597  7.7164850e+00 8.37e-02 5.09e+01  -1.2 2.28e+00    -  1.00e+00 5.00e-01h  2
 598  7.6127942e+00 9.34e-02 3.95e+01  -1.2 4.84e+00    -  1.00e+00 5.00e-01h  2
 599  7.7005442e+00 7.97e-02 3.07e+01  -1.2 5.16e+00    -  1.00e+00 2.57e-01h  2
iter    objective    inf_pr   inf_du lg(mu)  ||d||  lg(rg) alpha_du alpha_pr  ls
 600  7.7132330e+00 7.35e-02 5.32e+01  -1.2 5.72e+00    -  7.21e-01 1.25e-01h  4
 601  7.9917191e+00 4.23e-02 3.04e+01  -1.2 3.51e+00    -  1.00e+00 5.00e-01h  2
 602  8.0614235e+00 4.22e-02 4.72e+01  -1.2 5.75e+00    -  8.01e-01 1.25e-01h  4
 603  8.0869855e+00 3.37e-02 2.43e+01  -1.2 4.88e+00    -  9.32e-01 2.50e-01h  3
 604  8.0909286e+00 4.60e-02 3.23e+01  -1.2 1.10e+01    -  9.58e-01 1.16e-01h  4
 605  8.0296117e+00 2.50e-02 1.33e+01  -1.2 1.05e+00    -  1.00e+00 1.00e+00h  1
 606  8.1156450e+00 2.24e-02 1.66e+02  -1.2 5.61e+00    -  1.00e+00 9.73e-02h  4
 607  8.2074017e+00 1.94e-02 2.23e+01  -1.2 3.89e+00    -  1.00e+00 1.25e-01h  4
 608  8.2564687e+00 1.83e-02 2.93e+01  -1.2 3.97e+00    -  1.00e+00 6.25e-02h  5
 609  8.2821416e+00 1.78e-02 3.50e+01  -1.2 7.33e+00    -  1.00e+00 3.12e-02h  6
iter    objective    inf_pr   inf_du lg(mu)  ||d||  lg(rg) alpha_du alpha_pr  ls
 610  8.3250074e+00 1.68e-02 4.11e+01  -1.2 4.96e+00    -  1.00e+00 6.25e-02h  5
 611  8.3571464e+00 1.63e-02 4.41e+01  -1.2 6.90e+00    -  1.00e+00 6.25e-02h  5
 612  8.4203068e+00 1.55e-02 5.06e+01  -1.2 5.12e+00    -  1.00e+00 6.25e-02h  5
 613  8.4504541e+00 1.51e-02 5.35e+01  -1.2 6.01e+00    -  1.00e+00 3.12e-02h  6
 614  8.4846734e+00 1.41e-02 5.53e+01  -1.4 4.34e+00    -  1.00e+00 6.25e-02h  5
 615  7.8719402e+00 2.86e-01 1.20e+02  -1.9 5.57e+00    -  9.99e-01 1.00e+00h  1
 616  6.6424117e+00 4.44e-01 1.34e+02  -2.0 8.42e+00    -  3.67e-01 7.53e-01h  1
 617  6.1524233e+00 3.77e-01 3.52e+01  -2.0 4.00e+00    -  5.39e-01 1.00e+00h  1
 618  5.9214446e+00 1.22e+00 1.02e+02  -2.0 1.03e+01    -  2.86e-01 1.00e+00h  1
 619  4.9647779e+00 1.47e+00 6.74e+01  -2.0 8.80e+00    -  3.89e-01 7.05e-01h  1
iter    objective    inf_pr   inf_du lg(mu)  ||d||  lg(rg) alpha_du alpha_pr  ls
 620  4.7431594e+00 8.46e-01 4.60e+01  -2.0 6.17e+00    -  1.00e+00 4.37e-01h  1
 621  4.7661173e+00 3.70e-01 1.22e+01  -2.0 3.97e+00    -  4.06e-01 1.00e+00h  1
 622  4.8721850e+00 2.78e-01 1.05e+01  -2.0 4.84e+00    -  7.79e-01 5.26e-01h  1
 623  4.8604140e+00 2.11e-01 1.57e+01  -2.0 6.64e+00    -  4.63e-01 2.50e-01h  3
 624  4.7766318e+00 1.88e-01 1.61e+01  -2.0 8.47e+00    -  1.00e+00 1.48e-01h  2
 625  4.7750119e+00 1.64e-01 2.06e+01  -2.0 6.16e+00    -  8.06e-01 1.25e-01h  4
 626  4.7270466e+00 1.27e-01 2.41e+01  -2.0 8.54e+00    -  7.97e-01 1.88e-01h  3
 627  4.6726896e+00 1.13e-01 2.69e+01  -2.0 1.04e+01    -  3.73e-01 1.16e-01h  4
 628  4.6391529e+00 1.05e-01 2.87e+01  -2.0 6.80e+00    -  5.62e-01 7.32e-02h  4
 629  4.5924729e+00 9.81e-02 3.02e+01  -2.0 7.17e+00    -  9.29e-01 1.24e-01h  3
iter    objective    inf_pr   inf_du lg(mu)  ||d||  lg(rg) alpha_du alpha_pr  ls
 630  4.5579314e+00 8.98e-02 3.10e+01  -2.0 6.37e+00    -  1.00e+00 8.93e-02h  3
 631  4.5294806e+00 8.45e-02 3.01e+01  -2.0 5.77e+00    -  5.09e-01 1.25e-01h  4
 632  4.5214372e+00 7.71e-02 4.47e+01  -2.0 6.89e+00    -  1.00e+00 1.13e-01h  3
 633  4.5119427e+00 6.75e-02 3.92e+01  -2.0 6.40e+00    -  1.00e+00 1.25e-01h  4
 634  4.4917665e+00 6.42e-02 3.65e+01  -2.0 6.18e+00    -  5.02e-01 1.25e-01h  4
 635  4.5564560e+00 7.10e-02 5.24e+01  -1.7 8.73e+00    -  1.00e+00 1.73e-01h  2
 636  4.5920321e+00 5.61e-02 3.10e+01  -1.8 2.26e+00    -  1.00e+00 1.00e+00h  1
 637  4.5642257e+00 5.30e-01 4.82e+01  -1.8 5.72e+00    -  7.48e-01 9.56e-01h  1
 638  4.4984966e+00 3.15e-01 1.93e+01  -1.8 4.42e+00    -  1.00e+00 5.00e-01h  2
 639  4.9337855e+00 8.66e-01 4.04e+01  -1.8 8.15e+00    -  4.10e-01 1.00e+00h  1
iter    objective    inf_pr   inf_du lg(mu)  ||d||  lg(rg) alpha_du alpha_pr  ls
 640  4.7248920e+00 6.58e-01 2.96e+01  -1.8 6.84e+00    -  5.77e-01 8.34e-01h  1
 641  4.4039567e+00 5.76e-01 3.30e+00  -1.8 5.50e+00    -  1.00e+00 1.00e+00h  1
 642  4.3483689e+00 2.23e-01 2.13e+01  -1.8 4.40e+00    -  1.00e+00 6.82e-01H  1
 643  4.2620586e+00 1.12e-01 8.41e+00  -1.8 3.61e+00    -  9.24e-01 1.00e+00h  1
 644  4.4317563e+00 1.09e-01 3.85e+01  -1.8 4.46e+00    -  1.78e-01 3.73e-01H  1
 645  4.4456180e+00 1.05e-01 2.19e+01  -1.8 2.98e+00    -  6.42e-01 8.31e-01h  1
 646  4.3811759e+00 1.07e-01 2.40e+01  -2.1 3.75e+00    -  1.00e+00 4.66e-01h  2
 647  5.3712583e+00 1.30e+00 1.14e+02  -1.0 2.22e+01    -  1.00e+00 5.62e-01f  1
 648  4.9553126e+00 6.46e-01 1.90e+01  -1.1 5.20e+00    -  6.70e-01 1.00e+00h  1
 649  4.8935631e+00 4.27e-01 1.78e+01  -1.1 4.89e+00    -  1.00e+00 7.12e-01h  1
iter    objective    inf_pr   inf_du lg(mu)  ||d||  lg(rg) alpha_du alpha_pr  ls
 650  4.9642270e+00 1.75e-01 1.11e+01  -1.1 3.18e+00    -  1.00e+00 7.03e-01h  1
 651  5.0368734e+00 1.53e-01 4.78e+01  -1.1 8.29e+00    -  1.00e+00 3.31e-01h  2
 652  5.1704758e+00 1.18e-01 3.16e+01  -1.1 6.93e+00    -  1.00e+00 2.50e-01h  3
 653  5.3627192e+00 9.28e-02 3.96e+01  -1.1 6.91e+00    -  1.00e+00 2.50e-01h  3
 654  5.5324386e+00 1.01e-01 4.92e+01  -1.1 7.16e+00    -  6.41e-01 2.07e-01h  3
 655  5.6107598e+00 1.03e-01 5.40e+01  -1.1 8.01e+00    -  6.82e-01 1.25e-01h  4
 656  5.7193804e+00 9.02e-02 7.27e+01  -1.1 7.19e+00    -  5.58e-01 1.25e-01h  4
 657  5.8487630e+00 7.70e-02 7.69e+01  -1.1 7.40e+00    -  1.00e+00 1.25e-01h  4
 658  5.9435316e+00 7.60e-02 6.63e+01  -1.1 4.95e+00    -  5.32e-01 2.01e-01h  3
 659  5.8383617e+00 6.94e-02 6.04e+01  -1.1 5.63e+00    -  1.00e+00 2.50e-01h  3
iter    objective    inf_pr   inf_du lg(mu)  ||d||  lg(rg) alpha_du alpha_pr  ls
 660  6.0277371e+00 5.36e-02 5.88e+01  -1.1 5.85e+00    -  1.00e+00 2.42e-01h  3
 661  5.9787861e+00 5.21e-02 4.06e+01  -1.1 8.65e+00    -  6.74e-01 6.25e-02h  5
 662  6.1091605e+00 5.00e-02 1.21e+02  -1.1 7.39e+00    -  1.00e+00 1.19e-01h  4
 663  6.2114039e+00 4.84e-02 1.07e+02  -1.1 7.70e+00    -  8.77e-01 1.25e-01h  4
 664  6.3116520e+00 3.81e-02 1.17e+02  -1.1 5.50e+00    -  9.61e-01 1.25e-01h  4
 665  6.3962456e+00 4.17e-02 5.62e+01  -1.1 6.15e+00    -  1.00e+00 1.18e-01h  4
 666  6.5144493e+00 3.69e-02 1.49e+02  -1.1 5.58e+00    -  1.00e+00 1.25e-01h  4
 667  6.4559488e+00 3.46e-02 6.52e+01  -1.1 9.39e+00    -  6.64e-01 1.25e-01h  4
 668  6.5108823e+00 2.92e-02 6.88e+01  -1.1 4.42e+00    -  1.00e+00 1.25e-01h  4
 669  6.4928055e+00 3.18e-02 6.33e+01  -1.1 5.13e+00    -  9.51e-01 1.84e-01h  3
iter    objective    inf_pr   inf_du lg(mu)  ||d||  lg(rg) alpha_du alpha_pr  ls
 670  6.6065802e+00 2.89e-02 9.59e+01  -1.1 5.17e+00    -  1.00e+00 1.25e-01h  4
 671  6.7265954e+00 4.05e-02 7.60e+01  -1.1 4.65e+00    -  1.00e+00 2.50e-01h  3
 672  6.8199282e+00 4.00e-02 8.61e+01  -1.1 3.98e+00    -  1.00e+00 1.93e-01h  3
 673  6.8794899e+00 3.98e-02 7.80e+01  -1.1 6.10e+00    -  1.00e+00 1.01e-01h  4
 674  7.0161825e+00 3.20e-02 9.50e+01  -1.1 3.66e+00    -  1.00e+00 2.50e-01h  3
 675  7.0028870e+00 2.86e-02 6.19e+01  -1.1 4.86e+00    -  1.00e+00 1.25e-01h  4
 676  7.1368387e+00 2.59e-02 7.32e+01  -1.1 4.10e+00    -  1.00e+00 1.25e-01h  4
 677  7.1731291e+00 2.24e-02 8.53e+01  -1.1 9.44e+00    -  8.56e-01 6.25e-02h  5
 678  7.2334879e+00 2.09e-02 9.33e+01  -1.1 4.82e+00    -  1.00e+00 9.14e-02h  4
 679  7.3280026e+00 1.98e-02 1.05e+02  -1.1 5.54e+00    -  1.00e+00 6.25e-02h  5
iter    objective    inf_pr   inf_du lg(mu)  ||d||  lg(rg) alpha_du alpha_pr  ls
 680  7.4164089e+00 2.12e-02 1.07e+02  -1.1 7.25e+00    -  9.83e-01 6.25e-02h  5
 681  7.5069995e+00 1.91e-02 1.49e+02  -1.1 3.66e+00    -  1.00e+00 1.25e-01h  4
 682  7.6072156e+00 1.71e-02 1.18e+02  -1.1 6.24e+00    -  1.00e+00 8.96e-02h  4
 683  7.6890208e+00 1.62e-02 1.29e+02  -1.1 4.78e+00    -  1.00e+00 6.25e-02h  5
 684  7.7619903e+00 1.53e-02 1.41e+02  -1.1 5.77e+00    -  1.00e+00 6.25e-02h  5
 685  7.8565364e+00 1.53e-02 1.54e+02  -1.1 5.90e+00    -  1.00e+00 6.25e-02h  5
 686  7.9453809e+00 1.44e-02 1.69e+02  -1.1 6.25e+00    -  1.00e+00 6.25e-02h  5
 687  8.0207305e+00 1.39e-02 1.81e+02  -1.1 5.52e+00    -  1.00e+00 6.25e-02h  5
 688  8.1079416e+00 1.35e-02 1.93e+02  -1.1 5.64e+00    -  1.00e+00 6.25e-02h  5
 689  8.1936304e+00 1.38e-02 2.01e+02  -1.1 4.79e+00    -  1.00e+00 6.25e-02h  5
iter    objective    inf_pr   inf_du lg(mu)  ||d||  lg(rg) alpha_du alpha_pr  ls
 690  8.2510550e+00 1.29e-02 2.08e+02  -1.1 5.19e+00    -  1.00e+00 6.25e-02h  5
 691  8.2681647e+00 1.34e-02 2.05e+02  -1.1 6.97e+00    -  1.00e+00 6.25e-02h  5
 692  8.3576883e+00 1.33e-02 2.11e+02  -1.1 4.96e+00    -  1.00e+00 6.25e-02h  5
 693  8.4334508e+00 1.28e-02 2.26e+02  -1.1 6.29e+00    -  1.00e+00 6.25e-02h  5
 694  8.4930112e+00 1.20e-02 2.27e+02  -1.1 4.23e+00    -  1.00e+00 6.25e-02h  5
 695  8.5492795e+00 1.44e-02 2.25e+02  -1.1 9.13e+00    -  7.17e-01 6.25e-02h  5
 696  8.5954739e+00 1.44e-02 2.27e+02  -1.1 5.32e+00    -  1.00e+00 3.12e-02h  6
 697  8.5279744e+00 1.62e-02 1.53e+02  -1.1 2.76e+00    -  1.00e+00 2.50e-01h  3
 698  8.5386067e+00 1.57e-02 1.47e+02  -1.1 4.84e+00    -  1.00e+00 6.25e-02h  5
 699  8.6117244e+00 1.55e-02 1.53e+02  -1.1 3.93e+00    -  1.00e+00 6.25e-02h  5
iter    objective    inf_pr   inf_du lg(mu)  ||d||  lg(rg) alpha_du alpha_pr  ls
 700  8.6310971e+00 1.47e-02 1.56e+02  -1.1 4.60e+00    -  1.00e+00 6.25e-02h  5
 701  8.6575825e+00 1.54e-02 1.57e+02  -1.1 8.52e+00    -  1.00e+00 4.03e-02h  5
 702  8.7254975e+00 1.46e-02 1.93e+02  -1.1 4.70e+00    -  1.00e+00 6.25e-02h  5
 703  8.7786817e+00 1.39e-02 1.69e+02  -1.1 6.76e+00    -  1.00e+00 6.25e-02h  5
 704  8.8195287e+00 1.37e-02 1.74e+02  -1.1 5.47e+00    -  1.00e+00 3.12e-02h  6
 705  8.8816484e+00 1.30e-02 1.78e+02  -1.1 3.43e+00    -  1.00e+00 6.25e-02h  5
 706  8.9346904e+00 1.23e-02 1.83e+02  -1.1 3.99e+00    -  1.00e+00 6.25e-02h  5
 707  9.0554331e+00 1.19e-02 1.93e+02  -1.1 3.29e+00    -  1.00e+00 1.25e-01h  4
 708  9.0979258e+00 1.18e-02 1.92e+02  -1.1 3.74e+00    -  1.00e+00 6.25e-02h  5
 709  9.1006868e+00 1.17e-02 1.84e+02  -1.1 4.48e+00    -  1.00e+00 1.25e-01h  4
iter    objective    inf_pr   inf_du lg(mu)  ||d||  lg(rg) alpha_du alpha_pr  ls
 710  9.1540866e+00 1.10e-02 1.91e+02  -1.1 4.09e+00    -  1.00e+00 6.25e-02h  5
 711  9.1794047e+00 1.10e-02 1.92e+02  -1.1 6.94e+00    -  1.00e+00 3.12e-02h  6
 712  9.1872194e+00 1.13e-02 1.89e+02  -1.1 8.37e+00    -  1.00e+00 4.28e-02h  5
 713  9.2445888e+00 1.08e-02 1.92e+02  -1.1 3.46e+00    -  1.00e+00 6.25e-02h  5
 714  9.2390128e+00 1.05e-02 1.71e+02  -1.1 6.49e+00    -  1.00e+00 6.25e-02h  5
 715  9.2718830e+00 1.00e-02 1.63e+02  -1.1 3.46e+00    -  1.00e+00 6.25e-02h  5
 716  9.2696023e+00 1.03e-02 1.86e+02  -1.1 5.39e+00    -  1.00e+00 1.25e-01h  4
 717  9.2867796e+00 1.13e-02 1.87e+02  -1.1 5.89e+00    -  1.00e+00 6.25e-02h  5
 718  9.3422321e+00 1.02e-02 1.87e+02  -1.1 2.14e+00    -  1.00e+00 1.25e-01h  4
 719  9.3892689e+00 1.06e-02 1.76e+02  -1.1 2.87e+00    -  1.00e+00 1.25e-01h  4
iter    objective    inf_pr   inf_du lg(mu)  ||d||  lg(rg) alpha_du alpha_pr  ls
 720  9.3929993e+00 1.03e-02 1.79e+02  -1.1 5.18e+00    -  1.00e+00 6.25e-02h  5
 721  9.4434406e+00 1.00e-02 1.83e+02  -1.1 3.74e+00    -  1.00e+00 6.25e-02h  5
 722  9.4816449e+00 9.50e-03 1.79e+02  -1.1 3.07e+00    -  1.00e+00 6.25e-02h  5
 723  9.5210538e+00 9.12e-03 1.73e+02  -1.1 4.01e+00    -  1.00e+00 6.25e-02h  5
 724  9.5710117e+00 8.80e-03 1.76e+02  -1.1 3.54e+00    -  1.00e+00 6.25e-02h  5
 725  9.6148388e+00 8.22e-03 1.81e+02  -1.1 3.78e+00    -  1.00e+00 6.25e-02h  5
 726  9.6414637e+00 7.97e-03 1.85e+02  -1.1 3.37e+00    -  1.00e+00 6.25e-02h  5
 727  9.6681594e+00 7.97e-03 1.88e+02  -1.1 3.80e+00    -  1.00e+00 6.25e-02h  5
 728  9.7071903e+00 7.53e-03 1.93e+02  -1.1 3.24e+00    -  1.00e+00 6.25e-02h  5
 729  9.7334920e+00 7.04e-03 2.00e+02  -1.1 4.29e+00    -  1.00e+00 6.25e-02h  5
iter    objective    inf_pr   inf_du lg(mu)  ||d||  lg(rg) alpha_du alpha_pr  ls
 730  8.9498307e+00 1.14e-01 2.93e+02  -1.8 4.02e+00    -  1.00e+00 1.00e+00h  1
 731  7.9605400e+00 1.26e-01 2.39e+02  -1.9 4.57e+00    -  5.63e-01 7.70e-01h  1
 732  6.3329206e+00 1.12e+00 1.16e+02  -1.9 1.09e+01    -  5.88e-01 9.94e-01h  1
 733  5.3252468e+00 6.65e-01 8.35e+01  -1.9 1.03e+01    -  3.00e-01 3.93e-01h  1
 734  4.3816920e+00 6.57e-01 3.58e+01  -1.9 1.60e+01    -  6.76e-01 3.70e-01h  1
 735  4.0601720e+00 5.09e-01 2.97e+01  -1.9 7.71e+00    -  4.20e-01 3.30e-01h  1
 736  3.8504747e+00 3.47e-01 2.00e+01  -1.9 6.15e+00    -  1.00e+00 3.77e-01h  1
 737  3.6964687e+00 2.59e-01 1.93e+01  -2.7 5.27e+00    -  7.77e-01 2.75e-01h  1
 738  3.7553870e+00 4.22e-01 2.54e+01  -2.7 5.85e+00    -  3.78e-01 6.54e-01h  1
 739  4.1353401e+00 3.30e-01 2.42e+01  -1.6 5.78e+00    -  1.00e+00 4.72e-01f  1
iter    objective    inf_pr   inf_du lg(mu)  ||d||  lg(rg) alpha_du alpha_pr  ls
 740  4.7211515e+00 3.84e-01 4.64e+01  -1.7 5.08e+00    -  9.01e-01 7.40e-01h  1
 741  4.2997734e+00 1.47e-01 1.96e+01  -1.7 2.95e+00    -  5.92e-01 1.00e+00h  1
 742  3.9863603e+00 4.71e-01 1.22e+01  -1.7 8.40e+00    -  7.38e-01 1.00e+00h  1
 743  4.0350881e+00 1.30e+00 5.34e+00  -1.7 1.12e+01    -  9.57e-01 1.00e+00h  1
 744  3.5217852e+00 7.24e-01 5.81e+00  -1.7 1.04e+01    -  8.59e-01 4.89e-01h  1
 745  3.9332633e+00 4.78e-01 4.72e+00  -1.4 1.16e+01    -  9.79e-01 4.75e-01h  1
 746  4.0977022e+00 7.24e-01 3.97e+00  -1.5 1.13e+01    -  3.59e-01 5.00e-01h  2
 747  4.0533937e+00 5.14e-01 1.52e+01  -1.5 5.95e+00    -  1.00e+00 8.76e-01h  1
 748  4.1339670e+00 1.75e-01 1.19e+01  -1.5 9.89e-01    -  1.00e+00 1.00e+00h  1
 749  3.8918013e+00 6.56e-02 9.20e-01  -1.5 1.24e+00    -  8.76e-01 1.00e+00h  1
iter    objective    inf_pr   inf_du lg(mu)  ||d||  lg(rg) alpha_du alpha_pr  ls
 750  3.9500331e+00 5.81e-02 4.31e+01  -1.9 5.01e+00    -  9.34e-01 2.04e-01H  1
 751  3.9649966e+00 5.72e-02 8.65e+01  -1.3 1.73e+01    -  1.00e+00 1.46e-02h  7
 752  3.9793169e+00 5.59e-02 2.86e+01  -1.5 8.68e+00    -  9.98e-01 2.30e-02h  6
 753  4.1328173e+00 4.86e-02 1.21e+01  -1.2 1.36e+01    -  9.34e-01 1.24e-01h  4
 754  4.1595724e+00 4.71e-02 3.67e+01  -1.3 1.14e+01    -  7.49e-01 3.12e-02h  6
 755  4.2118892e+00 4.41e-02 2.70e+01  -1.3 9.75e+00    -  1.00e+00 6.25e-02h  5
 756  4.2432631e+00 4.29e-02 4.42e+01  -1.3 1.24e+01    -  1.00e+00 2.73e-02h  6
 757  4.2743525e+00 4.16e-02 3.09e+01  -1.3 1.15e+01    -  1.00e+00 3.30e-02h  5
 758  4.3121882e+00 3.90e-02 3.79e+01  -1.3 9.90e+00    -  1.00e+00 6.25e-02h  5
 759  4.3393846e+00 3.77e-02 5.08e+01  -1.3 1.10e+01    -  7.82e-01 3.12e-02h  6
iter    objective    inf_pr   inf_du lg(mu)  ||d||  lg(rg) alpha_du alpha_pr  ls
 760  4.3624392e+00 3.65e-02 6.86e+01  -1.3 9.78e+00    -  1.00e+00 3.07e-02h  6
 761  4.3920110e+00 3.43e-02 4.41e+01  -1.3 7.91e+00    -  1.00e+00 6.25e-02h  5
 762  4.4153092e+00 3.32e-02 8.34e+01  -1.3 1.00e+01    -  1.00e+00 3.12e-02h  6
 763  4.4269450e+00 3.27e-02 7.21e+01  -1.3 1.32e+01    -  1.00e+00 1.56e-02h  7
 764  4.4352558e+00 3.17e-02 6.07e+01  -1.3 9.34e+00    -  1.00e+00 3.12e-02h  6
 765  4.4582830e+00 3.08e-02 5.40e+01  -1.3 8.55e+00    -  1.00e+00 3.12e-02h  6
 766  4.4841933e+00 2.98e-02 6.78e+01  -1.3 1.01e+01    -  1.00e+00 3.05e-02h  6
 767  4.4974652e+00 2.88e-02 7.42e+01  -1.3 8.95e+00    -  1.00e+00 3.12e-02h  6
 768  4.5092705e+00 2.79e-02 8.81e+01  -1.3 8.32e+00    -  1.00e+00 3.12e-02h  6
 769  4.5319178e+00 2.70e-02 7.44e+01  -1.3 1.07e+01    -  6.89e-01 3.12e-02h  6
iter    objective    inf_pr   inf_du lg(mu)  ||d||  lg(rg) alpha_du alpha_pr  ls
 770  4.5499251e+00 2.62e-02 1.01e+02  -1.3 8.80e+00    -  1.00e+00 3.04e-02h  6
 771  4.5591676e+00 2.53e-02 7.00e+01  -1.3 7.37e+00    -  1.00e+00 4.01e-02h  4
 772  4.5700358e+00 2.45e-02 7.00e+01  -1.3 7.10e+00    -  1.00e+00 3.12e-02h  6
 773  4.5814293e+00 2.37e-02 1.06e+02  -1.3 9.44e+00    -  1.00e+00 3.01e-02h  6
 774  4.5943390e+00 2.30e-02 8.44e+01  -1.3 7.78e+00    -  1.00e+00 3.12e-02h  6
 775  4.6092350e+00 2.22e-02 7.80e+01  -1.3 7.93e+00    -  1.00e+00 3.12e-02h  6
 776  4.6255863e+00 2.15e-02 8.81e+01  -1.3 7.72e+00    -  1.00e+00 3.12e-02h  6
 777  4.6352669e+00 2.09e-02 9.84e+01  -1.3 7.14e+00    -  1.00e+00 2.86e-02h  6
 778  4.6482720e+00 2.02e-02 8.34e+01  -1.3 7.90e+00    -  1.00e+00 3.12e-02h  6
 779  4.6620201e+00 1.98e-02 8.73e+01  -1.3 9.07e+00    -  1.00e+00 3.12e-02h  6
iter    objective    inf_pr   inf_du lg(mu)  ||d||  lg(rg) alpha_du alpha_pr  ls
 780  4.6821500e+00 1.91e-02 8.40e+01  -1.3 9.89e+00    -  1.00e+00 3.12e-02h  6
 781  4.6922825e+00 1.86e-02 8.33e+01  -1.3 5.92e+00    -  1.00e+00 3.12e-02h  6
 782  4.6941582e+00 1.87e-02 6.99e+01  -1.3 7.92e+00    -  1.00e+00 6.72e-02h  4
 783  4.7076567e+00 1.81e-02 8.43e+01  -1.3 6.16e+00    -  8.93e-01 3.12e-02h  6
 784  4.7285330e+00 1.84e-02 4.69e+01  -1.3 6.85e+00    -  1.00e+00 6.16e-02h  5
 785  4.7431623e+00 1.84e-02 3.63e+01  -1.3 8.42e+00    -  1.00e+00 3.63e-02h  5
 786  4.7558679e+00 1.77e-02 9.51e+01  -1.3 6.97e+00    -  1.00e+00 3.12e-02h  6
 787  4.7655438e+00 1.75e-02 6.50e+01  -1.3 9.49e+00    -  9.48e-01 1.56e-02h  7
 788  4.7718257e+00 1.75e-02 7.33e+01  -1.3 1.21e+01    -  1.00e+00 1.56e-02h  7
 789  4.7822494e+00 1.70e-02 6.76e+01  -1.3 6.07e+00    -  9.39e-01 3.37e-02h  5
iter    objective    inf_pr   inf_du lg(mu)  ||d||  lg(rg) alpha_du alpha_pr  ls
 790  4.7915069e+00 1.68e-02 1.05e+02  -1.3 8.86e+00    -  1.00e+00 1.56e-02h  7
 791  4.7957783e+00 1.64e-02 8.68e+01  -1.3 8.62e+00    -  7.36e-01 3.12e-02h  6
 792  4.8136958e+00 1.57e-02 1.09e+02  -1.3 7.77e+00    -  1.00e+00 3.12e-02h  6
 793  4.8257599e+00 1.52e-02 9.12e+01  -1.3 6.33e+00    -  1.00e+00 3.12e-02h  6
 794  4.8318891e+00 1.50e-02 1.16e+02  -1.3 9.61e+00    -  1.00e+00 1.56e-02h  7
 795  4.8344729e+00 1.48e-02 1.17e+02  -1.3 9.66e+00    -  1.00e+00 1.56e-02h  7
 796  4.8441597e+00 1.42e-02 1.15e+02  -1.3 7.36e+00    -  1.00e+00 3.12e-02h  6
 797  4.8480878e+00 1.39e-02 1.23e+02  -1.3 8.15e+00    -  1.00e+00 1.56e-02h  7
 798  4.8472289e+00 1.35e-02 1.01e+02  -1.3 6.97e+00    -  1.00e+00 3.12e-02h  6
 799  4.8569734e+00 1.31e-02 1.23e+02  -1.3 7.38e+00    -  1.00e+00 3.12e-02h  6
iter    objective    inf_pr   inf_du lg(mu)  ||d||  lg(rg) alpha_du alpha_pr  ls
 800  4.8669052e+00 1.28e-02 1.03e+02  -1.3 7.38e+00    -  1.00e+00 3.12e-02h  6
 801  4.8739096e+00 1.25e-02 1.31e+02  -1.3 8.61e+00    -  1.00e+00 1.56e-02h  7
 802  4.8813618e+00 1.23e-02 1.02e+02  -1.3 7.76e+00    -  1.00e+00 3.12e-02h  6
 803  4.8875147e+00 1.20e-02 1.05e+02  -1.3 6.82e+00    -  1.00e+00 3.12e-02h  6
 804  4.8977616e+00 1.18e-02 1.33e+02  -1.3 7.80e+00    -  1.00e+00 3.12e-02h  6
 805  4.9042272e+00 1.12e-02 1.14e+02  -1.3 7.56e+00    -  1.00e+00 3.12e-02h  6
 806  4.9084740e+00 1.08e-02 1.21e+02  -1.3 7.66e+00    -  1.00e+00 3.12e-02h  6
 807  4.9136276e+00 1.07e-02 1.25e+02  -1.3 7.75e+00    -  1.00e+00 1.56e-02h  7
 808  4.9175910e+00 1.06e-02 1.26e+02  -1.3 7.76e+00    -  1.00e+00 1.56e-02h  7
 809  4.9171321e+00 1.05e-02 1.32e+02  -1.3 7.87e+00    -  1.00e+00 1.56e-02h  7
iter    objective    inf_pr   inf_du lg(mu)  ||d||  lg(rg) alpha_du alpha_pr  ls
 810  4.9258064e+00 1.02e-02 1.23e+02  -1.3 7.34e+00    -  1.00e+00 3.12e-02h  6
 811  4.9356003e+00 9.98e-03 1.06e+02  -1.3 6.63e+00    -  1.00e+00 3.12e-02h  6
 812  4.9437595e+00 9.72e-03 1.21e+02  -1.3 7.14e+00    -  1.00e+00 3.12e-02h  6
 813  4.9523523e+00 9.70e-03 1.37e+02  -1.3 7.54e+00    -  1.00e+00 3.12e-02h  6
 814  4.9638924e+00 9.79e-03 1.18e+02  -1.3 7.16e+00    -  1.00e+00 3.12e-02h  6
 815  4.9718480e+00 9.88e-03 1.21e+02  -1.3 7.22e+00    -  1.00e+00 3.12e-02h  6
 816  4.9772243e+00 9.89e-03 1.26e+02  -1.3 7.00e+00    -  1.00e+00 3.12e-02h  6
 817  4.9839081e+00 9.79e-03 1.14e+02  -1.3 6.02e+00    -  1.00e+00 3.12e-02h  6
 818  4.9908543e+00 9.63e-03 1.26e+02  -1.3 6.26e+00    -  1.00e+00 3.12e-02h  6
 819  4.9993123e+00 9.62e-03 1.25e+02  -1.3 6.80e+00    -  1.00e+00 3.12e-02h  6
iter    objective    inf_pr   inf_du lg(mu)  ||d||  lg(rg) alpha_du alpha_pr  ls
 820  4.9964266e+00 9.51e-03 1.22e+02  -1.3 6.18e+00    -  1.00e+00 3.12e-02h  6
 821  5.0051864e+00 9.48e-03 1.32e+02  -1.3 7.00e+00    -  1.00e+00 3.12e-02h  6
 822  5.0094964e+00 9.37e-03 1.43e+02  -1.3 7.43e+00    -  1.00e+00 3.12e-02h  6
 823  5.0146922e+00 9.26e-03 1.42e+02  -1.3 7.11e+00    -  1.00e+00 3.12e-02h  6
 824  5.0171904e+00 9.14e-03 1.38e+02  -1.3 5.95e+00    -  1.00e+00 3.12e-02h  6
 825  5.0216793e+00 9.04e-03 1.42e+02  -1.3 6.48e+00    -  1.00e+00 3.12e-02h  6
 826  5.0224877e+00 8.85e-03 1.44e+02  -1.3 6.69e+00    -  1.00e+00 3.12e-02h  6
 827  5.0244691e+00 8.72e-03 1.47e+02  -1.3 7.15e+00    -  1.00e+00 3.12e-02h  6
 828  5.0246375e+00 8.64e-03 1.50e+02  -1.3 7.56e+00    -  1.00e+00 3.12e-02h  6
 829  5.0259245e+00 8.58e-03 1.54e+02  -1.3 6.37e+00    -  1.00e+00 3.12e-02h  6
iter    objective    inf_pr   inf_du lg(mu)  ||d||  lg(rg) alpha_du alpha_pr  ls
 830  5.0255352e+00 8.53e-03 1.57e+02  -1.3 5.95e+00    -  1.00e+00 3.12e-02h  6
 831  5.0265298e+00 8.43e-03 1.61e+02  -1.3 5.55e+00    -  1.00e+00 3.12e-02h  6
 832  5.0248855e+00 8.32e-03 1.64e+02  -1.3 5.51e+00    -  1.00e+00 3.12e-02h  6
 833  5.0252633e+00 8.19e-03 1.67e+02  -1.3 5.11e+00    -  1.00e+00 3.12e-02h  6
 834  5.0275566e+00 8.12e-03 1.70e+02  -1.3 5.98e+00    -  1.00e+00 3.12e-02h  6
 835  5.0299546e+00 8.04e-03 1.75e+02  -1.3 6.29e+00    -  1.00e+00 3.12e-02h  6
 836  5.0282657e+00 7.97e-03 1.77e+02  -1.3 6.80e+00    -  1.00e+00 1.56e-02h  7
 837  5.0304213e+00 7.98e-03 1.81e+02  -1.3 6.56e+00    -  1.00e+00 3.12e-02h  6
 838  5.0304401e+00 7.89e-03 1.84e+02  -1.3 6.08e+00    -  1.00e+00 3.12e-02h  6
 839  5.0312668e+00 7.88e-03 1.88e+02  -1.3 5.65e+00    -  1.00e+00 3.12e-02h  6
iter    objective    inf_pr   inf_du lg(mu)  ||d||  lg(rg) alpha_du alpha_pr  ls
 840  5.0274488e+00 7.73e-03 1.90e+02  -1.3 5.06e+00    -  1.00e+00 3.12e-02h  6
 841  5.0236157e+00 7.56e-03 1.92e+02  -1.3 4.53e+00    -  1.00e+00 3.12e-02h  6
 842  5.0190908e+00 7.41e-03 1.96e+02  -1.3 5.34e+00    -  1.00e+00 3.12e-02h  6
 843  5.0167561e+00 7.30e-03 2.01e+02  -1.3 4.59e+00    -  1.00e+00 3.12e-02h  6
 844  4.9775544e+00 7.04e-03 2.12e+02  -1.3 5.81e+00    -  1.00e+00 6.25e-02h  5
 845  4.9753641e+00 6.86e-03 2.16e+02  -1.3 3.54e+00    -  1.00e+00 6.25e-02h  5
 846  4.9196579e+00 7.39e-03 2.08e+02  -1.3 1.32e+01    -  4.60e-01 3.12e-02h  6
 847  4.8980724e+00 7.49e-03 1.94e+02  -1.3 8.23e+00    -  1.00e+00 4.87e-02h  5
 848  4.9039603e+00 7.36e-03 1.91e+02  -1.3 4.12e+00    -  1.00e+00 6.25e-02h  5
 849  4.9203533e+00 9.61e-03 1.83e+02  -1.3 3.56e+00    -  9.35e-01 1.25e-01h  4
iter    objective    inf_pr   inf_du lg(mu)  ||d||  lg(rg) alpha_du alpha_pr  ls
 850  4.8647894e+00 9.09e-03 1.97e+02  -1.3 1.19e+01    -  3.67e-01 3.12e-02h  6
 851  4.8568256e+00 8.38e-03 1.99e+02  -1.3 3.92e+00    -  1.00e+00 6.25e-02h  5
 852  4.8475683e+00 8.23e-03 2.06e+02  -1.3 6.07e+00    -  1.00e+00 3.12e-02h  6
 853  4.7785263e+00 9.05e-03 2.26e+02  -1.3 9.01e+00    -  1.00e+00 6.25e-02h  5
 854  4.7756970e+00 8.95e-03 2.27e+02  -1.3 4.50e+00    -  1.00e+00 1.56e-02h  7
 855  4.7599550e+00 7.48e-03 2.35e+02  -1.3 4.64e+00    -  1.00e+00 6.25e-02h  5
 856  4.7597909e+00 7.47e-03 2.35e+02  -1.3 5.08e+00    -  1.00e+00 1.95e-03h 10
 857  4.7589194e+00 7.43e-03 2.36e+02  -1.3 6.33e+00    -  1.00e+00 3.91e-03h  9
 858  4.7588998e+00 7.43e-03 2.36e+02  -1.3 5.59e+00    -  1.00e+00 1.22e-04h 14
 859  4.7434407e+00 1.01e-02 2.43e+02  -1.3 7.94e+00    -  1.00e+00 6.25e-02h  5
iter    objective    inf_pr   inf_du lg(mu)  ||d||  lg(rg) alpha_du alpha_pr  ls
 860  4.7388629e+00 9.41e-03 2.47e+02  -1.3 6.50e+00    -  5.94e-01 3.12e-02h  6
 861  4.7184433e+00 7.71e-03 2.30e+02  -1.3 2.92e+00    -  1.00e+00 1.25e-01h  4
 862  4.7156506e+00 7.60e-03 2.35e+02  -1.3 4.60e+00    -  1.00e+00 3.12e-02h  6
 863  4.7072128e+00 7.52e-03 2.35e+02  -1.3 4.64e+00    -  1.00e+00 3.12e-02h  6
 864  4.6923558e+00 8.44e-03 2.39e+02  -1.3 5.17e+00    -  1.00e+00 6.25e-02h  5
 865  4.6872245e+00 8.26e-03 2.41e+02  -1.3 4.55e+00    -  1.00e+00 3.12e-02h  6
 866  4.6132003e+00 8.92e-03 2.39e+02  -1.3 1.34e+01    -  3.76e-01 3.12e-02f  6
 867  4.5985654e+00 9.53e-03 2.40e+02  -1.3 4.91e+00    -  1.00e+00 5.20e-02h  5
 868  4.5901740e+00 8.81e-03 2.42e+02  -1.3 4.62e+00    -  1.00e+00 6.25e-02h  5
 869  4.5440211e+00 1.06e-02 2.46e+02  -1.3 9.63e+00    -  1.00e+00 6.25e-02h  5
iter    objective    inf_pr   inf_du lg(mu)  ||d||  lg(rg) alpha_du alpha_pr  ls
 870  4.5461086e+00 1.10e-02 2.48e+02  -1.3 5.67e+00    -  1.00e+00 3.12e-02h  6
 871  4.5476938e+00 1.08e-02 2.49e+02  -1.3 4.00e+00    -  1.00e+00 1.56e-02h  7
 872  4.4952055e+00 1.15e-02 2.55e+02  -1.3 4.53e+00    -  1.00e+00 1.25e-01h  4
 873  4.4655705e+00 1.10e-02 2.67e+02  -1.3 4.46e+00    -  1.00e+00 9.00e-02h  4
 874  4.4620499e+00 8.57e-03 2.66e+02  -1.3 3.22e+00    -  7.47e-01 1.25e-01h  4
 875  4.5746578e+00 2.12e+00 4.01e+02  -1.3 8.70e+00    -  3.32e-01 9.88e-01f  1
 876  4.0718978e+00 6.53e-01 1.03e+02  -1.3 4.51e+00    -  1.00e+00 1.00e+00h  1
 877  3.9989656e+00 1.63e-01 5.70e+01  -1.3 2.33e+00    -  7.99e-01 1.00e+00h  1
 878  3.8756882e+00 3.10e-01 1.64e+01  -1.3 6.54e+00    -  1.00e+00 5.53e-01h  1
 879  3.7769564e+00 1.97e-01 4.08e+01  -1.3 3.27e+00    -  9.92e-01 1.00e+00h  1
iter    objective    inf_pr   inf_du lg(mu)  ||d||  lg(rg) alpha_du alpha_pr  ls
 880  3.6393195e+00 1.27e-01 3.51e+01  -4.0 3.44e+00    -  6.16e-01 7.15e-01h  1
 881  3.7576893e+00 2.38e+00 2.38e+01  -1.3 1.19e+01    -  9.94e-01 8.80e-01f  1
 882  3.1491951e+00 1.68e+00 8.48e+00  -1.4 1.15e+01    -  4.68e-01 8.11e-01h  1
 883  2.4467493e+00 2.50e-01 3.99e+00  -2.3 4.58e+00    -  7.26e-01 1.00e+00h  1
 884  2.3168102e+00 2.45e-01 7.73e+00  -1.8 5.39e+00    -  5.51e-01 5.00e-01H  1
 885  2.3928887e+00 6.63e-01 4.20e+00  -1.5 5.30e+00    -  1.00e+00 1.00e+00h  1
 886  2.3816358e+00 3.74e-01 8.41e+00  -1.6 3.18e+00    -  1.00e+00 1.00e+00h  1
 887  2.4043917e+00 2.55e-01 4.24e+00  -1.4 2.67e+00    -  1.00e+00 1.00e+00h  1
 888  2.2832601e+00 1.70e-01 1.58e+01  -1.9 3.47e+00    -  7.57e-01 5.46e-01H  1
 889  2.1513302e+00 1.44e-01 1.17e+01  -1.7 2.35e+00    -  9.97e-01 1.00e+00h  1
iter    objective    inf_pr   inf_du lg(mu)  ||d||  lg(rg) alpha_du alpha_pr  ls
 890  2.1721835e+00 9.66e-02 1.09e+01  -2.0 3.26e+00    -  1.00e+00 5.00e-01h  2
 891  2.5366195e+00 4.17e-01 3.26e+00  -1.7 4.21e+00    -  1.00e+00 1.00e+00h  1
 892  2.2543816e+00 4.63e-01 5.48e+00  -1.8 6.03e+00    -  1.00e+00 1.00e+00h  1
 893  2.0926733e+00 5.32e-01 5.05e+00  -1.8 6.79e+00    -  8.61e-01 7.05e-01h  1
 894  3.7624027e+00 3.03e+00 2.49e+01   0.2 2.93e+02    -  1.16e-01 3.71e-02f  1
 895  3.3237020e+00 1.54e+00 2.01e+01  -0.8 6.73e+00    -  3.27e-01 1.00e+00f  1
 896  3.2487137e+00 9.23e-01 1.31e+01  -0.8 3.64e+00    -  7.57e-01 3.98e-01h  1
 897  3.6843177e+00 4.91e-01 2.61e+01  -0.8 5.80e+00    -  1.00e+00 1.00e+00h  1
 898  3.2881221e+00 1.91e-01 9.54e+00  -0.8 3.90e+00    -  1.00e+00 8.15e-01h  1
 899  4.2419270e+00 6.56e-01 5.42e+01  -0.8 2.80e+00    -  1.00e+00 1.00e+00h  1
iter    objective    inf_pr   inf_du lg(mu)  ||d||  lg(rg) alpha_du alpha_pr  ls
 900  3.3919755e+00 2.55e-01 1.34e+01  -0.8 3.05e+00    -  1.00e+00 1.00e+00h  1
 901  3.3392176e+00 1.59e-01 1.42e+01  -0.8 1.02e+00    -  1.00e+00 1.00e+00h  1
 902  3.2497291e+00 1.03e-01 1.83e+01  -1.8 7.47e-01    -  9.99e-01 6.52e-01h  1
 903  3.2351672e+00 9.91e-02 2.22e+03  -1.6 4.64e+00    -  1.00e+00 6.19e-02h  2
 904  3.2291300e+00 9.82e-02 1.14e+03  -1.7 9.23e+00    -  1.00e+00 8.82e-03h  5
 905  3.2243054e+00 9.79e-02 3.89e+01  -1.1 1.73e+01    -  1.00e+00 2.86e-03h  8
 906  3.2105437e+00 9.54e-02 1.23e+02  -0.7 6.76e+00    -  1.00e+00 2.49e-02f  3
 907  3.2048800e+00 9.49e-02 1.54e+02  -0.7 8.12e+00    -  9.89e-01 5.81e-03h  8
 908  3.2073140e+00 9.25e-02 6.69e+01  -0.4 1.18e+01    -  1.00e+00 2.43e-02h  6
 909  3.1933419e+00 9.13e-02 1.10e+02  -0.5 8.83e+00    -  1.00e+00 1.31e-02h  7
iter    objective    inf_pr   inf_du lg(mu)  ||d||  lg(rg) alpha_du alpha_pr  ls
 910  3.1847789e+00 8.88e-02 1.53e+02  -1.0 9.40e+00    -  1.00e+00 3.12e-02h  6
 911  3.1822181e+00 8.73e-02 1.77e+02  -0.7 7.78e+00    -  1.00e+00 1.56e-02h  7
 912  3.1749025e+00 8.67e-02 5.27e+01  -1.0 9.96e+00    -  9.99e-01 7.81e-03h  8
 913  3.1676548e+00 8.53e-02 2.05e+02  -1.2 7.63e+00    -  1.00e+00 1.56e-02h  7
 914  3.1617079e+00 8.46e-02 6.25e+01  -0.9 1.15e+01    -  1.00e+00 7.81e-03h  8
 915  3.1582221e+00 8.34e-02 1.85e+02  -1.1 9.60e+00    -  1.00e+00 1.44e-02h  7
 916  3.1518934e+00 8.27e-02 1.01e+02  -1.4 1.21e+01    -  1.00e+00 7.81e-03h  8
 917  3.0796051e+00 7.70e-02 2.16e+02  -1.7 1.16e+01    -  1.00e+00 1.25e-01h  4
 918  3.0338546e+00 6.72e-02 1.95e+02  -1.9 8.67e+00    -  1.00e+00 1.25e-01h  4
 919  3.0214988e+00 6.50e-02 1.27e+02  -1.2 1.09e+01    -  1.00e+00 3.12e-02h  6
iter    objective    inf_pr   inf_du lg(mu)  ||d||  lg(rg) alpha_du alpha_pr  ls
 920  3.0229362e+00 6.32e-02 1.41e+02  -1.0 1.16e+01    -  1.00e+00 2.81e-02h  6
 921  3.0146823e+00 6.12e-02 6.96e+01  -1.4 9.95e+00    -  1.00e+00 3.12e-02h  6
 922  3.0949342e+00 5.46e-02 9.86e+01  -0.6 2.06e+01    -  9.74e-01 1.03e-01h  3
 923  3.1281966e+00 4.93e-02 8.56e+01  -0.7 8.94e+00    -  1.00e+00 9.42e-02h  4
 924  3.1302953e+00 4.63e-02 8.84e+01  -0.7 8.07e+00    -  1.00e+00 6.25e-02h  5
 925  3.1535922e+00 4.33e-02 9.22e+01  -0.7 1.18e+01    -  1.00e+00 6.25e-02h  5
 926  3.2781644e+00 4.14e-02 7.53e+01  -0.7 6.60e+00    -  1.00e+00 1.25e-01h  4
 927  3.3440608e+00 3.99e-02 7.44e+01  -0.7 1.23e+01    -  1.00e+00 5.93e-02h  5
 928  3.3855538e+00 3.73e-02 8.14e+01  -0.7 1.11e+01    -  1.00e+00 6.25e-02h  5
 929  3.3725882e+00 3.49e-02 8.58e+01  -0.7 8.43e+00    -  1.00e+00 6.25e-02h  5
iter    objective    inf_pr   inf_du lg(mu)  ||d||  lg(rg) alpha_du alpha_pr  ls
 930  3.3972817e+00 3.27e-02 1.02e+02  -0.7 8.26e+00    -  1.00e+00 6.25e-02h  5
 931  3.4590572e+00 3.07e-02 7.15e+01  -0.7 1.09e+01    -  1.00e+00 6.25e-02h  5
 932  3.4165468e+00 2.86e-02 6.98e+01  -0.7 7.73e+00    -  1.00e+00 6.25e-02h  5
 933  3.4674600e+00 2.69e-02 7.63e+01  -0.7 1.25e+01    -  1.00e+00 6.25e-02h  5
 934  3.5129498e+00 2.53e-02 8.06e+01  -0.7 1.25e+01    -  1.00e+00 6.25e-02h  5
 935  3.4970630e+00 2.37e-02 1.10e+02  -0.7 8.33e+00    -  1.00e+00 6.25e-02h  5
 936  3.5102501e+00 2.29e-02 1.55e+02  -0.7 9.95e+00    -  1.00e+00 3.12e-02h  6
 937  3.5359070e+00 2.15e-02 1.55e+02  -0.7 1.19e+01    -  1.00e+00 6.25e-02h  5
 938  3.5589532e+00 2.01e-02 1.17e+02  -0.7 1.00e+01    -  1.00e+00 6.25e-02h  5
 939  3.5939909e+00 1.88e-02 2.13e+02  -0.7 9.49e+00    -  1.00e+00 6.25e-02h  5
iter    objective    inf_pr   inf_du lg(mu)  ||d||  lg(rg) alpha_du alpha_pr  ls
 940  3.6043379e+00 1.82e-02 2.02e+02  -0.7 8.76e+00    -  1.00e+00 3.12e-02h  6
 941  3.6152499e+00 1.77e-02 1.69e+02  -0.7 1.15e+01    -  1.00e+00 3.12e-02h  6
 942  3.6260469e+00 1.71e-02 2.89e+02  -0.7 9.80e+00    -  1.00e+00 3.12e-02h  6
 943  3.6374598e+00 1.65e-02 1.81e+02  -0.7 9.56e+00    -  1.00e+00 3.12e-02h  6
 944  3.6878311e+00 1.55e-02 2.47e+02  -0.7 7.90e+00    -  1.00e+00 6.25e-02h  5
 945  3.7233900e+00 1.45e-02 1.77e+02  -0.7 8.57e+00    -  1.00e+00 6.25e-02h  5
 946  3.7353502e+00 1.40e-02 2.66e+02  -0.7 9.56e+00    -  1.00e+00 3.12e-02h  6
 947  3.7569283e+00 1.31e-02 1.77e+02  -0.7 9.61e+00    -  1.00e+00 6.25e-02h  5
 948  3.7754000e+00 1.27e-02 3.47e+02  -0.7 7.90e+00    -  1.00e+00 3.12e-02h  6
 949  3.7973739e+00 1.28e-02 2.67e+02  -0.7 9.08e+00    -  1.00e+00 6.25e-02h  5
iter    objective    inf_pr   inf_du lg(mu)  ||d||  lg(rg) alpha_du alpha_pr  ls
 950  3.8210114e+00 1.25e-02 3.25e+02  -0.7 7.79e+00    -  1.00e+00 6.25e-02h  5
 951  3.8332194e+00 1.23e-02 3.96e+02  -0.7 7.53e+00    -  1.00e+00 3.12e-02h  6
 952  3.8506544e+00 1.21e-02 3.08e+02  -0.7 7.84e+00    -  1.00e+00 3.12e-02h  6
 953  3.8713828e+00 1.19e-02 3.45e+02  -0.7 7.10e+00    -  1.00e+00 3.12e-02h  6
 954  3.9009928e+00 1.18e-02 4.48e+02  -0.7 8.15e+00    -  1.00e+00 6.25e-02h  5
 955  3.9426643e+00 1.16e-02 2.80e+02  -0.7 6.72e+00    -  1.00e+00 6.25e-02h  5
 956  3.9539863e+00 1.11e-02 3.34e+02  -0.7 6.12e+00    -  1.00e+00 6.25e-02h  5
 957  3.9825730e+00 1.04e-02 3.24e+02  -0.7 6.15e+00    -  1.00e+00 6.25e-02h  5
 958  4.0132831e+00 1.03e-02 3.78e+02  -0.7 7.06e+00    -  1.00e+00 6.25e-02h  5
 959  4.0308409e+00 1.01e-02 4.46e+02  -0.7 6.42e+00    -  1.00e+00 3.12e-02h  6
iter    objective    inf_pr   inf_du lg(mu)  ||d||  lg(rg) alpha_du alpha_pr  ls
 960  4.0421719e+00 9.71e-03 2.78e+02  -0.7 5.38e+00    -  1.00e+00 6.25e-02h  5
 961  4.0826553e+00 9.34e-03 4.16e+02  -0.7 5.73e+00    -  1.00e+00 6.25e-02h  5
 962  4.1215318e+00 9.15e-03 2.87e+02  -0.7 5.48e+00    -  1.00e+00 6.25e-02h  5
 963  4.1075026e+00 1.10e-02 3.29e+02  -0.7 6.35e+00    -  8.90e-01 6.25e-02h  5
 964  4.1387023e+00 1.03e-02 4.17e+02  -0.7 6.51e+00    -  1.00e+00 6.25e-02h  5
 965  4.1597481e+00 9.94e-03 4.16e+02  -0.7 6.33e+00    -  1.00e+00 6.25e-02h  5
 966  4.1886952e+00 9.58e-03 3.90e+02  -0.7 4.56e+00    -  1.00e+00 6.25e-02h  5
 967  4.2151066e+00 9.02e-03 8.39e+02  -0.7 4.86e+00    -  1.00e+00 6.25e-02h  5
 968  4.2503198e+00 8.77e-03 5.25e+02  -0.7 6.30e+00    -  1.00e+00 6.25e-02h  5
 969  4.2719368e+00 9.44e-03 8.50e+02  -0.7 4.36e+00    -  1.00e+00 6.25e-02h  5
iter    objective    inf_pr   inf_du lg(mu)  ||d||  lg(rg) alpha_du alpha_pr  ls
 970  4.2901702e+00 8.84e-03 6.44e+02  -0.7 4.75e+00    -  1.00e+00 6.25e-02h  5
 971  4.2812382e+00 1.23e-02 1.38e+02  -0.7 8.03e+00    -  1.00e+00 6.25e-02h  5
 972  4.3368418e+00 1.14e-02 3.27e+02  -0.7 3.72e+00    -  1.00e+00 1.25e-01h  4
 973  4.3775788e+00 1.07e-02 5.20e+02  -0.7 5.95e+00    -  1.00e+00 6.25e-02h  5
 974  4.3877845e+00 1.37e-02 2.11e+02  -0.7 7.91e+00    -  8.00e-01 6.19e-02h  5
 975  4.3807269e+00 1.30e-02 5.94e+02  -0.7 3.38e+00    -  1.00e+00 6.25e-02h  5
 976  4.3362065e+00 1.31e-02 1.70e+02  -0.7 1.33e+01    -  6.47e-01 3.12e-02f  6
 977  4.3620228e+00 1.47e-02 4.36e+02  -0.7 3.34e+00    -  1.00e+00 1.19e-01h  4
 978  4.3246660e+00 1.41e-02 1.25e+02  -0.7 6.38e+00    -  1.00e+00 6.25e-02h  5
 979  4.3351023e+00 1.36e-02 5.92e+02  -0.7 3.70e+00    -  8.35e-01 6.25e-02h  5
iter    objective    inf_pr   inf_du lg(mu)  ||d||  lg(rg) alpha_du alpha_pr  ls
 980  4.3550226e+00 1.41e-02 3.38e+02  -0.7 3.00e+00    -  1.00e+00 1.25e-01h  4
 981  4.3394172e+00 1.91e-02 2.48e+02  -0.7 2.37e+00    -  1.00e+00 5.00e-01f  2
 982  4.2641256e+00 2.57e-02 6.52e+02  -0.7 3.57e+00    -  1.00e+00 2.04e-01h  3
 983  4.2815503e+00 2.48e-02 1.20e+02  -0.7 5.90e+00    -  6.52e-01 1.08e-01f  4
 984  4.3191792e+00 3.34e-02 5.13e+02  -0.7 6.14e+00    -  1.00e+00 1.25e-01h  4
 985  4.3236516e+00 3.25e-02 1.02e+02  -0.7 2.54e+00    -  1.00e+00 3.12e-02h  6
 986  4.3174424e+00 3.20e-02 5.38e+02  -0.7 5.84e+00    -  1.00e+00 1.56e-02h  7
 987  4.3206505e+00 3.14e-02 5.27e+02  -0.7 7.42e+00    -  1.00e+00 3.12e-02h  6
 988  4.3241435e+00 1.78e-01 3.43e+02  -0.7 9.95e+00    -  9.45e-01 3.80e-01f  1
 989  4.3842835e+00 1.46e-01 3.93e+02  -0.7 3.20e+00    -  1.00e+00 5.00e-01f  2
iter    objective    inf_pr   inf_du lg(mu)  ||d||  lg(rg) alpha_du alpha_pr  ls
 990  4.1949301e+00 7.48e-01 1.64e+02  -0.7 6.75e+00    -  7.29e-01 9.42e-01f  1
 991  3.9406728e+00 3.92e-01 8.17e+01  -0.7 7.60e+00    -  6.18e-01 5.11e-01f  1
 992  4.4296074e+00 3.30e+00 1.44e+02  -0.7 1.64e+01    -  4.54e-01 1.00e+00f  1
 993  3.8568701e+00 6.69e-01 2.91e+01  -0.7 6.13e+00    -  1.00e+00 1.00e+00h  1
 994  3.9585368e+00 7.01e-01 4.65e+01  -0.7 8.55e+00    -  1.00e+00 6.64e-01h  1
 995  3.8876443e+00 1.27e-01 3.83e+01  -0.7 1.66e+00    -  1.00e+00 1.00e+00f  1
 996  3.7583712e+00 7.24e-02 4.59e+01  -0.7 3.40e+00    -  1.00e+00 5.00e-01h  2
 997  3.7523557e+00 6.33e-02 7.23e+01  -0.7 6.87e+00    -  1.00e+00 1.25e-01h  4
 998  3.7309164e+00 6.42e-02 4.53e+01  -0.7 8.01e+00    -  6.60e-01 1.25e-01h  4
 999  3.7284683e+00 5.87e-02 1.14e+02  -0.7 5.97e+00    -  1.00e+00 1.24e-01h  4
iter    objective    inf_pr   inf_du lg(mu)  ||d||  lg(rg) alpha_du alpha_pr  ls
1000  3.7181102e+00 5.49e-02 8.33e+01  -0.7 7.80e+00    -  1.00e+00 6.25e-02h  5

Number of Iterations....: 1000

                                   (scaled)                 (unscaled)
Objective...............:   3.7181102175022276e+00    3.7181102175022276e+00
Dual infeasibility......:   8.3281441346831798e+01    8.3281441346831798e+01
Constraint violation....:   5.4918371921445441e-02    5.4918371921445441e-02
Variable bound violation:   0.0000000000000000e+00    0.0000000000000000e+00
Complementarity.........:   4.3959504587963227e-01    4.3959504587963227e-01
Overall NLP error.......:   8.3281441346831798e+01    8.3281441346831798e+01


Number of objective function evaluations             = 4032
Number of objective gradient evaluations             = 1001
Number of equality constraint evaluations            = 4032
Number of inequality constraint evaluations          = 4032
Number of equality constraint Jacobian evaluations   = 1001
Number of inequality constraint Jacobian evaluations = 1001
Number of Lagrangian Hessian evaluations             = 0
Total seconds in IPOPT                               = 2783.056

EXIT: Maximum Number of Iterations Exceeded.
