
******************************************************************************
This program contains Ipopt, a library for large-scale nonlinear optimization.
 Ipopt is released as open source code under the Eclipse Public License (EPL).
         For more information visit https://github.com/coin-or/Ipopt
******************************************************************************

This is Ipopt version 3.14.19, running with linear solver MUMPS 5.8.2.

Number of nonzeros in equality constraint Jacobian...:  1215565
Number of nonzeros in inequality constraint Jacobian.:     5312
Number of nonzeros in Lagrangian Hessian.............:        0

Total number of variables............................:     3879
                     variables with only lower bounds:        0
                variables with lower and upper bounds:      824
                     variables with only upper bounds:        0
Total number of equality constraints.................:     3726
Total number of inequality constraints...............:      553
        inequality constraints with only lower bounds:        0
   inequality constraints with lower and upper bounds:        0
        inequality constraints with only upper bounds:      553

iter    objective    inf_pr   inf_du lg(mu)  ||d||  lg(rg) alpha_du alpha_pr  ls
   0  2.3619278e-03 6.19e+00 1.00e+00   0.0 0.00e+00    -  0.00e+00 0.00e+00   0
   1  2.5058403e-03 6.15e+00 4.05e+01  -0.2 2.46e+01    -  7.52e-02 6.31e-03h  1
   2  3.1765971e-03 6.06e+00 2.65e+03   0.4 2.47e+01    -  3.62e-01 1.46e-02h  1
   3  9.1148786e-03 5.82e+00 9.75e+03   1.2 3.13e+01    -  1.00e+00 3.85e-02h  1
   4  8.2847098e-02 5.44e+00 1.41e+04   2.5 6.49e+01    -  3.06e-01 6.15e-02f  1
   5  5.8665379e-01 4.61e+00 3.77e+04   2.7 5.43e+01    -  3.49e-01 1.48e-01f  1
   6  3.0347864e+00 3.15e+00 1.07e+05   2.7 4.59e+01    -  8.96e-01 3.91e-01h  1
   7  9.5572962e+00 3.35e+00 1.31e+05   2.5 3.18e+01    -  9.96e-01 8.10e-01h  1
   8  1.3515714e+01 1.81e+00 7.39e+04   2.6 1.52e+01    -  9.89e-01 7.80e-01f  1
   9  1.6533942e+01 8.01e-01 3.74e+04   2.2 1.23e+01    -  8.61e-01 1.00e+00f  1
iter    objective    inf_pr   inf_du lg(mu)  ||d||  lg(rg) alpha_du alpha_pr  ls
  10  1.8813262e+01 4.34e-01 1.29e+04   1.9 1.03e+01    -  9.98e-01 9.23e-01f  1
  11  2.1101895e+01 3.93e-01 8.89e+03   1.5 8.01e+00    -  9.94e-01 1.00e+00f  1
  12  2.4142131e+01 4.49e-01 1.47e+04   1.4 9.17e+00    -  1.00e+00 1.00e+00f  1
  13  2.6290905e+01 4.64e-01 1.82e+04   1.4 1.06e+01    -  1.00e+00 1.00e+00f  1
  14  2.5627900e+01 2.69e-01 8.27e+03   1.4 6.93e+00    -  1.00e+00 1.00e+00f  1
  15  2.5161397e+01 1.00e-01 3.64e+03   0.7 5.12e+00    -  1.00e+00 1.00e+00h  1
  16  2.4881464e+01 2.47e-02 1.40e+03  -0.3 2.55e+00    -  9.99e-01 1.00e+00h  1
  17  2.4842049e+01 1.55e-02 8.46e+02  -1.2 2.08e+00    -  1.00e+00 9.05e-01h  1
  18  2.4838446e+01 4.11e-03 5.86e+02  -1.9 1.68e+00    -  1.00e+00 1.00e+00H  1
  19  2.4842006e+01 2.90e-03 2.58e+02  -2.8 6.30e-01    -  1.00e+00 1.00e+00h  1
iter    objective    inf_pr   inf_du lg(mu)  ||d||  lg(rg) alpha_du alpha_pr  ls
  20  2.4807632e+01 9.12e-04 6.11e+01  -3.8 2.63e-01    -  1.00e+00 1.00e+00h  1
  21  2.4752903e+01 5.28e-04 1.93e+01  -1.9 2.01e-01    -  1.00e+00 1.00e+00f  1
  22  2.2882971e+01 2.72e-01 7.36e+02  -1.4 5.95e+00    -  1.00e+00 1.00e+00f  1
  23  2.0324962e+01 4.89e-01 1.06e+03  -1.8 1.24e+01    -  1.00e+00 6.80e-01h  1
  24  1.6558785e+01 1.66e+00 1.59e+03  -1.9 2.49e+01    -  7.24e-01 5.69e-01h  1
  25  1.5343811e+01 1.52e+00 1.65e+03  -1.9 2.76e+01    -  4.51e-01 1.58e-01h  1
  26  1.3867138e+01 1.40e+00 1.59e+03  -1.2 3.11e+01    -  1.00e+00 1.95e-01f  1
  27  1.0965625e+01 7.98e-01 2.69e+02  -1.5 1.18e+01    -  1.00e+00 1.00e+00h  1
  28  8.6632120e+00 3.81e+00 1.53e+02  -1.1 2.58e+01    -  1.00e+00 1.00e+00h  1
  29  6.6232458e+00 1.42e+00 8.03e+01  -1.4 1.52e+01    -  1.00e+00 1.00e+00h  1
iter    objective    inf_pr   inf_du lg(mu)  ||d||  lg(rg) alpha_du alpha_pr  ls
  30  6.6313052e+00 1.02e+00 5.58e+01  -1.2 1.12e+01    -  1.00e+00 6.17e-01h  1
  31  6.0124197e+00 5.60e-01 2.27e+01  -1.6 6.93e+00    -  1.00e+00 1.00e+00h  1
  32  4.5285062e+00 7.86e-01 1.76e+01  -1.8 1.60e+01    -  1.00e+00 8.91e-01h  1
  33  5.5636241e+00 1.93e+00 3.61e+01  -1.4 1.66e+01    -  1.00e+00 8.68e-01h  1
  34  4.5885184e+00 6.64e-01 1.36e+01  -1.4 7.99e+00    -  1.00e+00 1.00e+00h  1
  35  3.8348838e+00 6.61e-01 5.64e+00  -1.9 6.86e+00    -  1.00e+00 1.00e+00h  1
  36  2.9117679e+00 8.03e-01 8.59e+00  -2.0 1.17e+01    -  8.75e-01 1.00e+00h  1
  37  2.3715297e+00 6.34e-01 1.32e+01  -2.0 1.03e+01    -  1.00e+00 9.35e-01h  1
  38  2.8945923e+00 9.37e-01 7.18e+00  -1.8 8.05e+00    -  1.00e+00 1.00e+00h  1
  39  2.6501138e+00 4.78e-01 5.22e+00  -1.8 5.40e+00    -  8.12e-01 1.00e+00h  1
iter    objective    inf_pr   inf_du lg(mu)  ||d||  lg(rg) alpha_du alpha_pr  ls
  40  2.4702567e+00 2.13e-01 4.19e+00  -1.9 3.62e+00    -  9.93e-01 8.51e-01h  1
  41  2.0983101e+00 2.73e-01 6.58e+00  -2.3 5.42e+00    -  1.00e+00 8.82e-01h  1
  42  2.2465651e+00 5.40e-01 9.83e+00  -1.9 5.45e+00    -  1.00e+00 1.00e+00h  1
  43  2.1152065e+00 1.07e-01 4.34e+00  -2.0 2.57e+00    -  1.00e+00 1.00e+00h  1
  44  1.8061823e+00 2.27e-01 6.07e+00  -2.6 4.60e+00    -  1.00e+00 8.16e-01h  1
  45  1.6280782e+00 7.96e-01 1.76e+01  -2.2 9.57e+00    -  1.00e+00 7.92e-01h  1
  46  1.3893414e+00 4.13e-01 1.14e+01  -2.4 3.90e+00    -  1.00e+00 1.00e+00h  1
  47  2.6446584e+00 1.69e+00 3.02e+01  -0.8 1.09e+02    -  6.20e-01 1.03e-01f  1
  48  3.0108322e+00 1.10e+00 2.78e+01  -1.0 8.82e+00    -  8.34e-01 1.00e+00h  1
  49  4.2417867e+00 9.63e-01 3.55e+01  -1.0 9.71e+00    -  1.00e+00 1.00e+00h  1
iter    objective    inf_pr   inf_du lg(mu)  ||d||  lg(rg) alpha_du alpha_pr  ls
  50  4.8990142e+00 7.71e-01 2.39e+01  -1.0 7.77e+00    -  1.00e+00 1.00e+00h  1
  51  4.8904856e+00 4.16e-01 2.76e+01  -1.0 6.47e+00    -  1.00e+00 1.00e+00h  1
  52  4.9138098e+00 3.72e-01 1.33e+01  -1.0 4.42e+00    -  1.00e+00 1.00e+00h  1
  53  4.9980053e+00 2.65e-01 2.92e+01  -1.0 4.13e+00    -  1.00e+00 1.00e+00h  1
  54  4.8094401e+00 1.11e-01 1.49e+01  -1.9 2.90e+00    -  9.99e-01 1.00e+00h  1
  55  3.8234543e+00 4.01e-01 3.10e+01  -2.2 7.67e+00    -  9.99e-01 1.00e+00h  1
  56  3.0239322e+00 5.01e-01 5.49e+01  -2.3 5.22e+01    -  4.19e-01 1.14e-01h  1
  57  2.3280541e+00 9.61e-01 6.37e+01  -2.3 3.64e+01    -  3.60e-01 3.32e-01h  2
  58  1.8688366e+00 1.32e+00 2.66e+01  -2.3 9.18e+00    -  7.86e-01 1.00e+00h  1
  59  1.5937202e+00 2.90e-01 1.44e+01  -2.3 4.38e+00    -  7.21e-01 9.19e-01h  1
iter    objective    inf_pr   inf_du lg(mu)  ||d||  lg(rg) alpha_du alpha_pr  ls
  60  1.4622646e+00 4.49e-01 6.27e+00  -2.3 3.34e+00    -  7.75e-01 1.00e+00h  1
  61  1.2785562e+00 5.44e-01 6.93e+00  -2.3 5.80e+00    -  5.80e-01 1.00e+00h  1
  62  1.1694086e+00 1.58e-01 4.16e+00  -2.6 2.79e+00    -  1.00e+00 1.00e+00h  1
  63  9.8576992e-01 1.97e-01 3.66e+00  -3.1 3.11e+00    -  1.00e+00 1.00e+00h  1
  64  1.0636583e+00 5.52e-01 7.82e+00  -2.2 7.06e+00    -  1.00e+00 5.97e-01h  1
  65  9.6310372e-01 1.38e-01 2.09e+00  -2.3 2.40e+00    -  1.00e+00 1.00e+00h  1
  66  1.0524526e+00 3.22e-01 7.91e+00  -2.0 3.69e+00    -  1.00e+00 1.00e+00h  1
  67  9.9654630e-01 1.34e-01 2.76e+00  -2.1 1.79e+00    -  1.00e+00 1.00e+00h  1
  68  9.2708433e-01 8.08e-02 2.71e+00  -2.6 2.06e+00    -  1.00e+00 6.70e-01h  1
  69  7.3818936e-01 4.04e-01 6.93e+00  -2.8 4.36e+00    -  1.00e+00 1.00e+00h  1
iter    objective    inf_pr   inf_du lg(mu)  ||d||  lg(rg) alpha_du alpha_pr  ls
  70  6.4937816e-01 7.05e-01 1.03e+01  -2.4 7.14e+00    -  1.00e+00 8.44e-01h  1
  71  5.6198532e-01 3.36e-01 5.28e+00  -2.6 2.99e+00    -  1.00e+00 1.00e+00h  1
  72  5.0735986e-01 1.21e-01 2.12e+00  -2.8 2.15e+00    -  1.00e+00 1.00e+00h  1
  73  4.4310183e-01 1.46e-01 3.33e+00  -2.9 2.20e+00    -  1.00e+00 1.00e+00h  1
  74  4.4709991e-01 1.02e-01 2.60e+00  -2.7 1.87e+00    -  1.00e+00 5.69e-01h  1
  75  3.9487049e-01 1.06e-01 1.51e+00  -3.2 1.85e+00    -  8.66e-01 8.02e-01h  1
  76  6.1860918e-01 6.78e-01 4.84e+00  -2.4 5.48e+00    -  1.00e+00 8.29e-01h  1
  77  4.6809081e-01 2.28e-01 1.84e+00  -2.5 2.68e+00    -  7.30e-01 1.00e+00h  1
  78  4.5583248e-01 1.76e-01 1.67e+00  -2.5 2.42e+00    -  9.15e-01 1.00e+00h  1
  79  4.6349273e-01 6.83e-02 1.25e+00  -2.5 1.74e+00    -  1.00e+00 1.00e+00h  1
iter    objective    inf_pr   inf_du lg(mu)  ||d||  lg(rg) alpha_du alpha_pr  ls
  80  4.0509236e-01 3.94e-02 8.75e-01  -3.1 1.93e+00    -  1.00e+00 6.14e-01h  1
  81  2.9172374e-01 5.40e-01 8.54e+00  -3.1 8.11e+00    -  1.00e+00 8.02e-01h  1
  82  2.3777780e-01 3.00e-01 3.07e+00  -3.1 2.99e+00    -  1.00e+00 1.00e+00h  1
  83  2.2210986e-01 9.83e-02 1.23e+00  -4.0 1.63e+00    -  6.41e-01 6.18e-01h  1
  84  2.6216077e-01 2.18e-01 2.38e+00  -3.1 2.46e+00    -  5.52e-01 1.00e+00h  1
  85  2.3940835e-01 1.58e-01 9.70e-01  -3.3 1.73e+00    -  1.00e+00 1.00e+00h  1
  86  2.5045917e-01 1.67e-01 1.22e+00  -3.1 1.75e+00    -  1.00e+00 1.00e+00h  1
  87  2.3700863e-01 5.63e-02 5.67e-01  -3.2 1.27e+00    -  8.13e-01 8.05e-01h  1
  88  2.9598513e-01 1.46e-01 1.56e+00  -2.9 1.51e+00    -  7.77e-01 1.00e+00h  1
  89  2.6483369e-01 1.00e-01 1.10e+00  -3.0 1.38e+00    -  1.00e+00 7.52e-01h  1
iter    objective    inf_pr   inf_du lg(mu)  ||d||  lg(rg) alpha_du alpha_pr  ls
  90  2.4272655e-01 9.60e-02 1.96e+00  -3.0 1.66e+00    -  8.68e-01 7.72e-01h  1
  91  2.2219603e-01 1.33e-01 2.15e+00  -3.0 1.51e+00    -  7.77e-01 1.00e+00h  1
  92  2.0361828e-01 2.34e-01 2.41e+00  -3.3 1.94e+00    -  1.00e+00 1.00e+00h  1
  93  1.9281001e-01 9.16e-02 7.12e-01  -3.5 1.08e+00    -  7.53e-01 7.39e-01h  1
  94  2.1609913e-01 4.06e-02 1.42e+00  -3.2 1.33e+00    -  8.14e-01 7.52e-01H  1
  95  2.1853897e-01 3.30e-02 4.05e+00  -3.0 1.49e+00    -  1.00e+00 2.74e-01h  1
  96  2.0749248e-01 1.57e-02 8.73e-01  -3.3 8.14e-01    -  1.00e+00 8.75e-01h  1
  97  2.7666818e-01 1.14e-01 4.35e+00  -2.8 1.99e+00    -  1.00e+00 9.59e-01h  1
  98  2.6043280e-01 4.19e-02 2.22e+00  -2.9 9.79e-01    -  1.00e+00 1.00e+00h  1
  99  2.2570190e-01 8.30e-02 3.94e+00  -2.9 1.35e+00    -  1.00e+00 1.00e+00h  1
iter    objective    inf_pr   inf_du lg(mu)  ||d||  lg(rg) alpha_du alpha_pr  ls
 100  2.3340382e-01 3.33e-02 2.05e+00  -2.9 7.93e-01    -  1.00e+00 1.00e+00h  1
 101  2.3312346e-01 5.89e-02 1.12e+00  -2.9 1.10e+00    -  1.00e+00 1.00e+00h  1
 102  2.3332815e-01 3.45e-02 2.25e+00  -2.9 9.12e-01    -  1.00e+00 1.00e+00h  1
 103  2.3051277e-01 3.27e-02 1.58e+00  -2.9 8.91e-01    -  1.00e+00 1.00e+00h  1
 104  2.2317308e-01 3.59e-02 2.31e+00  -2.9 9.45e-01    -  1.00e+00 1.00e+00h  1
 105  2.1651887e-01 2.80e-02 2.23e+00  -2.9 9.18e-01    -  1.00e+00 1.00e+00h  1
 106  2.2060663e-01 6.93e-02 2.38e+00  -2.9 1.20e+00    -  1.00e+00 1.00e+00h  1
 107  2.1036716e-01 5.05e-02 1.78e+00  -2.9 1.15e+00    -  1.00e+00 1.00e+00h  1
 108  1.9093682e-01 8.03e-02 3.68e+00  -2.9 1.75e+00    -  6.91e-01 9.13e-01h  1
 109  1.9609105e-01 2.10e-02 9.46e-01  -2.9 7.03e-01    -  1.00e+00 8.23e-01h  1
iter    objective    inf_pr   inf_du lg(mu)  ||d||  lg(rg) alpha_du alpha_pr  ls
 110  2.0893890e-01 1.76e-02 1.95e+00  -3.2 6.73e-01    -  8.64e-01 1.00e+00H  1
 111  1.9758610e-01 1.89e-02 1.19e+00  -3.2 5.04e-01    -  1.00e+00 1.00e+00h  1
 112  1.8677997e-01 6.80e-03 8.82e-01  -3.9 6.41e-01    -  1.00e+00 7.07e-01h  1
 113  1.7782875e-01 1.10e-02 1.08e+00  -3.7 7.50e-01    -  1.00e+00 5.26e-01h  1
 114  1.6448225e-01 3.50e-02 2.10e+00  -3.2 1.57e+00    -  1.00e+00 6.07e-01h  1
 115  1.5391436e-01 6.83e-02 3.30e+00  -3.2 1.39e+00    -  1.00e+00 8.01e-01h  1
 116  1.3664269e-01 2.74e-02 1.50e+00  -3.6 1.42e+00    -  1.00e+00 6.11e-01h  1
 117  1.1862172e-01 5.27e-02 6.70e-01  -4.0 1.71e+00    -  5.08e-01 5.44e-01h  1
 118  1.0177556e-01 9.98e-02 1.43e+00  -4.0 2.46e+00    -  4.05e-01 7.21e-01h  1
 119  1.2608504e-01 1.66e-01 2.13e+00  -3.2 2.59e+00    -  1.00e+00 5.63e-01h  1
iter    objective    inf_pr   inf_du lg(mu)  ||d||  lg(rg) alpha_du alpha_pr  ls
 120  1.1616300e-01 6.75e-02 5.83e-01  -3.3 1.31e+00    -  1.00e+00 1.00e+00h  1
 121  1.0768887e-01 3.10e-02 7.82e-01  -3.6 7.15e-01    -  1.00e+00 8.17e-01h  1
 122  1.0301169e-01 2.70e-02 8.08e-01  -3.6 1.19e+00    -  1.00e+00 6.91e-01H  1
 123  1.1706846e-01 1.07e-01 8.23e-01  -3.3 1.30e+00    -  5.78e-01 1.00e+00h  1
 124  1.1144704e-01 3.97e-02 8.38e-01  -3.5 1.00e+00    -  1.00e+00 1.00e+00h  1
 125  1.0452579e-01 2.31e-02 3.89e-01  -3.5 7.51e-01    -  1.00e+00 1.00e+00h  1
 126  1.0306528e-01 9.62e-03 1.39e+00  -3.8 7.84e-01    -  1.00e+00 7.55e-01H  1
 127  1.0558317e-01 8.83e-03 7.37e-01  -3.5 6.07e-01    -  1.00e+00 5.35e-01h  1
 128  1.0332989e-01 1.52e-02 9.99e-01  -3.6 1.09e+00    -  5.54e-01 4.94e-01h  1
 129  1.0433254e-01 1.25e-02 6.10e-01  -3.6 3.92e-01    -  1.00e+00 1.00e+00h  1
iter    objective    inf_pr   inf_du lg(mu)  ||d||  lg(rg) alpha_du alpha_pr  ls
 130  1.0352462e-01 4.25e-03 6.15e-01  -4.0 3.48e-01    -  1.00e+00 6.51e-01H  1
 131  9.6606214e-02 1.10e-02 8.59e-01  -4.0 5.90e-01    -  1.00e+00 8.08e-01h  1
 132  1.0001633e-01 1.84e-02 9.57e-01  -3.7 4.90e-01    -  1.00e+00 1.00e+00h  1
 133  9.5081433e-02 1.09e-02 6.70e-01  -4.0 3.80e-01    -  1.00e+00 1.00e+00h  1
 134  9.8758265e-02 1.79e-02 1.61e+00  -3.7 5.85e-01    -  1.00e+00 7.56e-01h  1
 135  9.4013265e-02 8.77e-03 3.06e-01  -4.0 3.08e-01    -  1.00e+00 1.00e+00h  1
 136  9.6957999e-02 5.29e-03 3.12e+00  -3.7 5.20e-01    -  9.67e-01 3.63e-01H  1
 137  9.4625939e-02 7.61e-03 1.29e+00  -4.0 3.40e-01    -  1.00e+00 1.00e+00h  1
 138  9.0173135e-02 7.23e-03 1.14e+00  -4.0 4.23e-01    -  1.00e+00 1.00e+00h  1
 139  9.1947809e-02 3.59e-03 6.09e-01  -4.0 2.98e-01    -  1.00e+00 1.00e+00h  1
iter    objective    inf_pr   inf_du lg(mu)  ||d||  lg(rg) alpha_du alpha_pr  ls
 140  9.3228249e-02 3.53e-03 6.25e-01  -4.0 2.89e-01    -  1.00e+00 1.00e+00h  1
 141  9.2616336e-02 2.14e-03 1.85e-01  -4.0 1.92e-01    -  7.40e-01 6.94e-01h  1
 142  9.3519899e-02 1.32e-03 1.30e+00  -4.0 2.18e-01    -  1.00e+00 5.00e-01h  2
 143  9.3323919e-02 7.16e-04 6.26e-01  -4.0 1.46e-01    -  1.00e+00 5.00e-01h  2
 144  9.2033205e-02 3.14e-03 8.15e-01  -4.0 1.96e-01    -  1.00e+00 1.00e+00h  1
 145  9.1135266e-02 1.70e-03 7.66e-01  -4.0 1.64e-01    -  1.00e+00 1.00e+00h  1
 146  9.3509515e-02 2.78e-03 6.39e-01  -3.7 2.13e-01    -  1.00e+00 1.00e+00h  1
 147  9.3473170e-02 3.45e-03 1.84e+00  -3.8 3.56e-01    -  1.00e+00 1.00e+00h  1
 148  9.3390848e-02 1.03e-03 9.06e-01  -3.8 1.57e-01    -  1.00e+00 7.80e-01h  1
 149  9.3272014e-02 9.16e-04 5.47e-01  -3.8 1.57e-01    -  1.00e+00 1.00e+00f  1
iter    objective    inf_pr   inf_du lg(mu)  ||d||  lg(rg) alpha_du alpha_pr  ls
 150  9.2669970e-02 4.50e-04 1.58e+00  -4.0 1.74e-01    -  1.00e+00 6.76e-01H  1
 151  9.1330858e-02 3.32e-03 6.23e-01  -4.0 2.47e-01    -  1.00e+00 1.00e+00h  1
 152  8.4022397e-02 3.44e-02 3.42e+00  -4.1 1.20e+00    -  2.12e-01 6.66e-01h  1
 153  8.6167482e-02 1.18e-02 1.20e+00  -4.0 4.26e-01    -  7.76e-01 1.00e+00h  1
 154  8.5547729e-02 9.56e-03 7.89e-01  -4.0 4.08e-01    -  5.67e-01 6.40e-01h  1
 155  8.6089561e-02 4.50e-03 4.78e-01  -4.0 2.65e-01    -  1.00e+00 8.33e-01h  1
 156  8.8504416e-02 5.04e-03 1.29e+00  -3.7 4.93e-01    -  1.00e+00 5.18e-01h  1
 157  8.8998410e-02 3.28e-03 7.47e-01  -3.8 2.23e-01    -  1.00e+00 1.00e+00h  1
 158  9.6278149e-02 1.56e-02 1.06e+00  -3.6 5.97e-01    -  1.00e+00 1.00e+00h  1
 159  9.2965012e-02 1.91e-02 1.38e+00  -3.7 4.93e-01    -  6.11e-01 1.00e+00h  1
iter    objective    inf_pr   inf_du lg(mu)  ||d||  lg(rg) alpha_du alpha_pr  ls
 160  9.1062998e-02 9.05e-03 2.81e-01  -3.7 3.20e-01    -  1.00e+00 1.00e+00h  1
 161  9.2627028e-02 3.68e-03 8.99e-01  -3.7 3.29e-01    -  1.00e+00 6.21e-01h  1
 162  9.3044488e-02 2.52e-03 1.09e+00  -3.7 1.73e-01    -  9.93e-01 7.25e-01h  1
 163  9.5012452e-02 1.92e-03 5.12e-01  -3.7 1.55e-01    -  1.00e+00 1.00e+00h  1
 164  9.5228071e-02 1.61e-03 6.76e-01  -3.7 1.36e-01    -  1.00e+00 1.00e+00h  1
 165  9.4842760e-02 1.74e-03 1.66e+00  -3.7 1.18e-01    -  6.11e-01 1.00e+00h  1
 166  9.5558024e-02 4.32e-04 4.66e-01  -3.7 8.41e-02    -  1.00e+00 1.00e+00h  1
 167  9.4274931e-02 6.50e-04 3.16e-01  -4.0 7.92e-02    -  1.00e+00 1.00e+00h  1
 168  9.4719355e-02 5.54e-04 4.37e-01  -3.7 6.49e-02    -  1.00e+00 1.00e+00h  1
 169  9.3598779e-02 2.35e-04 2.04e-01  -4.0 6.94e-02    -  1.00e+00 1.00e+00h  1
iter    objective    inf_pr   inf_du lg(mu)  ||d||  lg(rg) alpha_du alpha_pr  ls
 170  9.2462189e-02 3.09e-04 4.49e-01  -4.0 7.36e-02    -  1.00e+00 1.00e+00h  1
 171  8.8862852e-02 2.71e-03 7.22e-01  -4.0 2.13e-01    -  1.00e+00 1.00e+00h  1
 172  8.6214982e-02 4.45e-03 1.59e+00  -4.0 3.21e-01    -  1.00e+00 1.00e+00h  1
 173  9.2608486e-02 5.25e-03 5.48e-01  -3.7 3.65e-01    -  1.00e+00 1.00e+00h  1
 174  9.1109514e-02 4.54e-03 2.75e+00  -3.8 5.55e-01    -  1.00e+00 4.16e-01h  1
 175  9.0156576e-02 1.48e-03 1.65e-01  -3.8 1.86e-01    -  1.00e+00 1.00e+00h  1
 176  8.9804723e-02 1.45e-03 1.90e+00  -3.9 2.18e-01    -  1.00e+00 5.59e-01H  1
 177  8.8572367e-02 9.16e-04 5.82e-01  -3.9 1.08e-01    -  1.00e+00 1.00e+00h  1
 178  8.7953677e-02 9.29e-04 5.16e-01  -4.0 8.25e-02    -  1.00e+00 9.99e-01h  1
 179  8.7329382e-02 8.90e-04 1.47e+00  -4.0 9.47e-02    -  6.69e-01 1.00e+00h  1
iter    objective    inf_pr   inf_du lg(mu)  ||d||  lg(rg) alpha_du alpha_pr  ls
 180  8.7279757e-02 4.84e-04 4.47e-01  -4.0 5.05e-02    -  1.00e+00 1.00e+00h  1
 181  8.7554218e-02 2.82e-04 3.03e-01  -4.0 5.11e-02    -  1.00e+00 1.00e+00h  1
 182  8.7375320e-02 1.39e-04 2.43e-01  -4.0 4.63e-02    -  1.00e+00 1.00e+00h  1
 183  8.7255897e-02 4.29e-05 1.54e-01  -4.0 2.26e-02    -  1.00e+00 1.00e+00h  1
 184  8.7258710e-02 9.02e-05 2.20e-01  -4.0 4.04e-02    -  1.00e+00 1.00e+00h  1
 185  8.6560075e-02 1.55e-04 2.04e-01  -4.1 5.80e-02    -  1.00e+00 1.00e+00h  1
 186  8.8382336e-02 2.00e-03 1.20e+00  -3.8 2.53e-01    -  1.00e+00 7.66e-01h  1
 187  8.5892181e-02 1.79e-03 8.29e-01  -3.9 1.86e-01    -  9.87e-01 1.00e+00h  1
 188  8.3649903e-02 5.44e-03 7.10e-01  -4.0 2.95e-01    -  1.00e+00 1.00e+00h  1
 189  8.9460604e-02 5.11e-03 4.12e-01  -3.7 3.33e-01    -  1.00e+00 1.00e+00h  1
iter    objective    inf_pr   inf_du lg(mu)  ||d||  lg(rg) alpha_du alpha_pr  ls
 190  8.8492624e-02 2.07e-03 1.33e+00  -3.8 1.77e-01    -  1.00e+00 6.00e-01h  1
 191  8.6801943e-02 4.00e-03 1.09e+00  -3.8 2.58e-01    -  1.00e+00 1.00e+00h  1
 192  8.7058890e-02 3.49e-03 8.49e-01  -3.8 2.83e-01    -  1.00e+00 1.00e+00h  1
 193  8.4455019e-02 1.34e-02 1.23e+00  -3.8 7.38e-01    -  1.00e+00 8.72e-01h  1
 194  8.3320345e-02 7.07e-03 1.19e+00  -3.8 4.23e-01    -  4.75e-01 1.00e+00h  1
 195  8.2974339e-02 2.96e-03 5.21e-01  -4.0 2.94e-01    -  1.00e+00 1.00e+00h  1
 196  8.3063527e-02 5.34e-03 6.58e-01  -4.0 2.19e-01    -  1.00e+00 1.00e+00h  1
 197  8.2914429e-02 6.55e-03 6.79e-01  -4.1 2.93e-01    -  1.00e+00 1.00e+00h  1
 198  8.3044593e-02 1.77e-03 5.96e-01  -4.0 2.13e-01    -  1.00e+00 1.00e+00h  1
 199  8.3886304e-02 1.17e-03 3.70e+00  -4.0 1.63e-01    -  1.00e+00 5.93e-01H  1
iter    objective    inf_pr   inf_du lg(mu)  ||d||  lg(rg) alpha_du alpha_pr  ls
 200  8.9290363e-02 9.57e-03 1.39e+01  -3.1 1.39e+00    -  8.31e-01 3.06e-01h  1
 201  9.3033340e-02 5.17e-03 3.56e+00  -3.2 4.21e-01    -  7.65e-01 7.95e-01h  1
 202  9.8617568e-02 5.99e-03 1.06e+00  -3.2 4.95e-01    -  6.33e-01 6.96e-01h  1
 203  1.0338034e-01 1.86e-02 2.81e+00  -3.2 5.11e-01    -  1.00e+00 1.00e+00h  1
 204  1.0624908e-01 7.88e-03 8.25e-01  -3.2 3.84e-01    -  9.67e-01 1.00e+00h  1
 205  1.1308311e-01 3.90e-02 2.52e+00  -3.2 8.84e-01    -  1.00e+00 1.00e+00h  1
 206  1.0921160e-01 1.45e-02 5.22e-01  -3.2 5.08e-01    -  1.00e+00 1.00e+00h  1
 207  1.1490580e-01 4.33e-03 7.78e-01  -3.2 3.41e-01    -  1.00e+00 9.51e-01h  1
 208  1.1636329e-01 6.79e-03 7.06e+00  -3.2 4.44e-01    -  1.00e+00 5.76e-01H  1
 209  1.1715369e-01 3.29e-03 9.11e-01  -3.2 2.06e-01    -  1.00e+00 1.00e+00h  1
iter    objective    inf_pr   inf_du lg(mu)  ||d||  lg(rg) alpha_du alpha_pr  ls
 210  1.1735302e-01 2.96e-03 3.21e+00  -3.2 3.58e-01    -  1.00e+00 4.49e-01h  2
 211  1.1964690e-01 1.53e-03 1.90e+00  -3.2 1.91e-01    -  1.00e+00 5.00e-01h  2
 212  1.2035638e-01 1.11e-03 2.43e+00  -3.2 2.19e-01    -  1.00e+00 2.50e-01h  3
 213  1.2102464e-01 9.62e-04 3.63e+00  -3.2 2.49e-01    -  1.00e+00 2.50e-01h  3
 214  1.2134647e-01 8.60e-04 4.99e+00  -3.2 5.00e-01    -  1.00e+00 1.25e-01h  4
 215  1.2174050e-01 7.20e-04 1.86e+00  -3.2 6.62e-01    -  1.00e+00 1.25e-01h  4
 216  1.2229370e-01 6.11e-04 4.43e+00  -3.2 6.18e-01    -  1.00e+00 1.25e-01h  4
 217  1.2289493e-01 5.92e-04 5.87e+00  -3.2 9.04e-01    -  1.00e+00 1.25e-01h  4
 218  1.2367038e-01 9.73e-04 3.13e+00  -3.2 1.12e+00    -  1.00e+00 1.25e-01h  4
 219  1.2556770e-01 7.25e-03 3.92e+00  -3.2 9.96e-01    -  1.00e+00 5.00e-01h  2
iter    objective    inf_pr   inf_du lg(mu)  ||d||  lg(rg) alpha_du alpha_pr  ls
 220  1.2696625e-01 8.23e-03 3.17e+00  -3.2 6.84e-01    -  1.00e+00 1.00e+00h  1
 221  1.2519274e-01 1.01e-02 9.57e-01  -3.2 5.78e-01    -  1.00e+00 1.00e+00h  1
 222  1.1866814e-01 9.01e-02 2.59e+00  -3.2 1.88e+00    -  1.00e+00 1.00e+00h  1
 223  1.1358616e-01 3.14e-02 1.02e+00  -3.2 1.26e+00    -  1.00e+00 1.00e+00h  1
 224  1.1822179e-01 2.94e-02 9.20e-01  -3.2 7.68e-01    -  1.00e+00 1.00e+00h  1
 225  1.1401676e-01 2.68e-02 3.72e-01  -3.2 5.82e-01    -  1.00e+00 1.00e+00h  1
 226  1.1914883e-01 5.61e-03 1.02e+00  -3.2 3.56e-01    -  1.00e+00 1.00e+00h  1
 227  1.1966686e-01 2.80e-03 2.39e+00  -3.2 3.93e-01    -  1.00e+00 5.00e-01h  2
 228  1.2044608e-01 2.16e-03 3.80e+00  -3.2 3.84e-01    -  1.00e+00 2.50e-01h  3
 229  1.2277126e-01 2.34e-03 1.58e+00  -3.2 4.28e-01    -  1.00e+00 5.00e-01h  2
iter    objective    inf_pr   inf_du lg(mu)  ||d||  lg(rg) alpha_du alpha_pr  ls
 230  1.2388874e-01 1.98e-03 6.23e-01  -3.2 1.41e-01    -  1.00e+00 1.00e+00h  1
 231  1.2501695e-01 1.27e-03 4.93e-01  -3.2 1.39e-01    -  1.00e+00 1.00e+00h  1
 232  1.2660803e-01 4.41e-04 5.03e-01  -3.2 1.14e-01    -  1.00e+00 1.00e+00h  1
 233  1.2649059e-01 4.29e-04 1.43e+00  -3.2 9.72e-02    -  1.00e+00 1.00e+00h  1
 234  1.2658283e-01 1.36e-04 4.69e-01  -3.2 5.83e-02    -  1.00e+00 1.00e+00h  1
 235  1.2676108e-01 9.42e-05 5.37e-01  -3.2 5.38e-02    -  1.00e+00 5.00e-01h  2
 236  1.2735389e-01 7.51e-05 1.66e-01  -3.2 3.19e-02    -  1.00e+00 1.00e+00h  1
 237  1.2318869e-01 9.32e-04 5.53e-01  -3.8 1.64e-01    -  1.00e+00 1.00e+00h  1
 238  1.1686050e-01 3.63e-03 1.01e+00  -3.9 5.87e-01    -  4.67e-01 4.55e-01h  1
 239  1.0154945e-01 2.22e-02 2.20e+00  -3.9 1.86e+00    -  3.33e-01 3.93e-01h  1
iter    objective    inf_pr   inf_du lg(mu)  ||d||  lg(rg) alpha_du alpha_pr  ls
 240  9.6809804e-02 1.73e-02 2.80e+00  -3.9 2.00e+00    -  1.00e+00 1.40e-01h  1
 241  9.4690074e-02 1.07e-02 2.65e+00  -3.9 4.94e-01    -  7.40e-01 3.67e-01h  1
 242  9.4735725e-02 2.88e-03 1.34e+00  -3.9 2.91e-01    -  1.00e+00 7.24e-01h  1
 243  9.0653370e-02 9.07e-03 6.56e-01  -3.9 3.62e-01    -  1.00e+00 1.00e+00h  1
 244  8.8506219e-02 4.92e-03 1.88e+00  -3.9 3.69e-01    -  1.00e+00 4.45e-01h  1
 245  8.9750985e-02 4.32e-03 2.01e+00  -3.9 3.29e-01    -  6.11e-01 1.00e+00h  1
 246  8.9567014e-02 2.21e-03 2.25e+00  -3.9 2.21e-01    -  1.00e+00 4.63e-01h  1
 247  8.9618984e-02 1.32e-03 3.05e+00  -3.9 1.94e-01    -  1.00e+00 5.00e-01f  2
 248  9.2568648e-02 1.07e-03 1.42e+00  -3.9 1.29e-01    -  1.00e+00 1.00e+00H  1
 249  9.0653814e-02 4.18e-04 4.39e-01  -3.9 1.55e-01    -  9.82e-01 1.00e+00H  1
iter    objective    inf_pr   inf_du lg(mu)  ||d||  lg(rg) alpha_du alpha_pr  ls
 250  8.9939378e-02 8.13e-04 6.97e-01  -3.9 1.19e-01    -  1.00e+00 1.00e+00h  1
 251  9.0118811e-02 2.44e-04 4.35e-01  -3.9 5.17e-02    -  1.00e+00 1.00e+00h  1
 252  9.0678482e-02 1.50e-04 2.66e-01  -3.9 5.06e-02    -  1.00e+00 1.00e+00h  1
 253  9.0753704e-02 1.07e-04 1.06e-01  -3.9 4.38e-02    -  1.00e+00 1.00e+00h  1
 254  9.0507919e-02 1.96e-04 7.73e-01  -3.9 2.29e-01    -  1.00e+00 2.50e-01h  3
 255  9.0089947e-02 3.22e-04 9.04e-01  -3.9 5.81e-01    -  1.00e+00 1.25e-01h  4
 256  8.9832808e-02 3.52e-04 2.53e+00  -3.9 5.80e-01    -  1.00e+00 6.25e-02h  5
 257  8.7189339e-02 1.47e-02 2.14e+00  -3.9 1.12e+00    -  1.00e+00 4.76e-01h  2
 258  8.3538265e-02 1.36e-02 3.13e+00  -3.9 7.43e-01    -  6.89e-01 1.00e+00h  1
 259  8.1399694e-02 1.84e-02 2.38e+00  -3.9 7.76e-01    -  1.00e+00 8.01e-01h  1
iter    objective    inf_pr   inf_du lg(mu)  ||d||  lg(rg) alpha_du alpha_pr  ls
 260  8.0474609e-02 1.29e-02 1.56e+00  -4.0 4.23e-01    -  1.00e+00 6.83e-01h  1
 261  8.0174123e-02 7.42e-03 9.86e-01  -4.0 3.75e-01    -  3.33e-01 4.09e-01h  1
 262  8.0739283e-02 6.73e-03 8.11e-01  -4.0 7.13e-01    -  1.00e+00 4.26e-01h  1
 263  8.3589104e-02 9.30e-03 8.59e-01  -3.7 3.86e-01    -  1.00e+00 1.00e+00h  1
 264  8.4078785e-02 5.14e-03 5.36e-01  -3.8 2.65e-01    -  1.00e+00 6.98e-01h  1
 265  8.4875172e-02 6.93e-03 1.26e+00  -3.8 3.60e-01    -  6.50e-01 1.00e+00h  1
 266  8.4579248e-02 2.94e-03 2.25e-01  -3.8 2.52e-01    -  1.00e+00 1.00e+00h  1
 267  8.5570273e-02 8.05e-04 5.64e-01  -3.9 1.54e-01    -  1.00e+00 1.00e+00h  1
 268  8.5664459e-02 7.42e-04 6.10e-01  -4.0 9.28e-02    -  1.00e+00 1.00e+00h  1
 269  8.5824934e-02 3.32e-04 7.75e-01  -4.0 6.29e-02    -  9.27e-01 1.00e+00H  1
iter    objective    inf_pr   inf_du lg(mu)  ||d||  lg(rg) alpha_du alpha_pr  ls
 270  8.5216032e-02 3.64e-04 5.11e-01  -4.0 6.09e-02    -  1.00e+00 1.00e+00h  1
 271  8.5436922e-02 2.24e-04 3.07e-01  -4.0 6.02e-02    -  1.00e+00 1.00e+00h  1
 272  8.5616346e-02 7.09e-05 1.71e-01  -4.0 3.97e-02    -  1.00e+00 1.00e+00h  1
 273  8.5550825e-02 1.92e-05 9.59e-02  -4.0 2.15e-02    -  1.00e+00 1.00e+00h  1
 274  8.4674204e-02 1.67e-03 9.07e-01  -4.0 1.48e-01    -  1.00e+00 1.00e+00h  1
 275  8.3944315e-02 1.06e-03 5.98e-01  -4.1 1.22e-01    -  1.00e+00 1.00e+00h  1
 276  8.4339474e-02 6.61e-04 3.31e-01  -4.0 1.01e-01    -  1.00e+00 1.00e+00h  1
 277  8.4082675e-02 3.55e-04 3.65e-01  -4.1 5.16e-02    -  9.26e-01 1.00e+00h  1
 278  8.3578291e-02 5.29e-04 5.33e-01  -4.0 1.28e-01    -  1.00e+00 1.00e+00h  1
 279  8.3795609e-02 3.84e-04 3.02e-01  -4.0 1.12e-01    -  1.00e+00 1.00e+00h  1
iter    objective    inf_pr   inf_du lg(mu)  ||d||  lg(rg) alpha_du alpha_pr  ls
 280  8.3890853e-02 6.20e-04 3.47e-01  -4.0 7.23e-02    -  1.00e+00 1.00e+00h  1
 281  8.3579171e-02 1.03e-04 3.05e-01  -4.0 4.30e-02    -  1.00e+00 1.00e+00H  1
 282  8.3761698e-02 1.98e-04 4.62e-01  -4.0 4.44e-02    -  1.00e+00 1.00e+00h  1
 283  8.3637592e-02 7.30e-05 9.22e-02  -4.0 2.16e-02    -  1.00e+00 1.00e+00h  1
 284  8.3581740e-02 1.69e-05 7.21e-02  -4.0 1.53e-02    -  1.00e+00 1.00e+00h  1
 285  8.3346276e-02 1.09e-04 2.23e-01  -4.0 5.77e-02    -  1.00e+00 1.00e+00h  1
 286  8.2111552e-02 1.25e-02 1.91e+00  -4.0 5.68e-01    -  1.00e+00 1.00e+00h  1
 287  7.8010566e-02 6.49e-03 2.09e+00  -4.1 4.22e-01    -  1.00e+00 1.00e+00h  1
 288  7.7735600e-02 5.51e-03 3.24e+00  -4.0 4.17e-01    -  1.00e+00 1.56e-01h  1
 289  7.8754570e-02 1.27e-03 7.22e-01  -4.0 2.03e-01    -  1.00e+00 1.00e+00h  1
iter    objective    inf_pr   inf_du lg(mu)  ||d||  lg(rg) alpha_du alpha_pr  ls
 290  8.0774807e-02 8.07e-03 1.10e+00  -3.7 6.58e-01    -  1.00e+00 7.59e-01h  1
 291  8.2651451e-02 3.41e-03 1.85e+00  -3.8 3.28e-01    -  4.37e-01 1.00e+00h  1
 292  8.0899756e-02 2.72e-03 3.70e-01  -3.8 2.78e-01    -  1.00e+00 1.00e+00h  1
 293  8.2013884e-02 4.15e-03 1.46e+00  -3.8 3.12e-01    -  1.00e+00 1.00e+00h  1
 294  8.1214786e-02 2.63e-03 2.51e-01  -3.8 1.71e-01    -  1.00e+00 1.00e+00h  1
 295  8.1437977e-02 1.24e-03 1.29e+00  -4.0 1.53e-01    -  1.00e+00 7.18e-01H  1
 296  1.1040856e-01 1.66e-01 3.32e+00  -3.4 2.35e+00    -  1.00e+00 1.00e+00h  1
 297  1.0147724e-01 2.82e-01 3.07e+00  -3.4 2.30e+00    -  8.95e-01 1.00e+00h  1
 298  8.2726510e-02 1.06e-01 2.15e+00  -3.4 1.70e+00    -  4.97e-01 8.45e-01h  1
 299  8.4293842e-02 4.84e-02 6.92e-01  -3.4 1.33e+00    -  1.00e+00 5.76e-01h  1
iter    objective    inf_pr   inf_du lg(mu)  ||d||  lg(rg) alpha_du alpha_pr  ls
 300  9.2611783e-02 3.67e-02 1.08e+00  -3.4 1.46e+00    -  4.86e-01 6.79e-01H  1
 301  9.2972675e-02 3.33e-02 6.04e-01  -3.4 5.65e-01    -  1.00e+00 1.00e+00h  1
 302  9.3085141e-02 2.44e-02 1.06e+00  -3.4 7.17e-01    -  1.00e+00 3.01e-01h  1
 303  9.6389038e-02 1.95e-02 1.30e+00  -3.4 9.48e-01    -  1.00e+00 7.77e-01H  1
 304  9.8296717e-02 9.75e-03 9.97e-01  -3.4 3.27e-01    -  5.70e-01 1.00e+00h  1
 305  1.0225567e-01 5.50e-03 1.13e+00  -3.4 3.66e-01    -  1.00e+00 7.03e-01H  1
 306  1.0080983e-01 8.31e-03 9.17e-01  -3.4 3.41e-01    -  8.22e-01 1.00e+00h  1
 307  1.0238857e-01 6.03e-03 2.16e+00  -3.4 1.84e-01    -  1.00e+00 1.00e+00h  1
 308  1.0192397e-01 2.62e-03 2.05e-01  -3.4 1.97e-01    -  9.54e-01 1.00e+00h  1
 309  1.0555983e-01 5.17e-04 1.07e+00  -3.4 1.84e-01    -  1.00e+00 8.80e-01H  1
iter    objective    inf_pr   inf_du lg(mu)  ||d||  lg(rg) alpha_du alpha_pr  ls
 310  1.0463697e-01 6.41e-04 1.41e+00  -3.4 1.95e-01    -  1.00e+00 5.00e-01f  2
 311  1.0444140e-01 7.59e-04 2.02e+00  -3.4 1.61e-01    -  1.00e+00 5.00e-01h  2
 312  1.0512201e-01 6.65e-04 1.20e+00  -3.4 8.90e-02    -  1.00e+00 1.00e+00h  1
 313  1.0540042e-01 3.25e-04 2.07e-01  -3.4 4.21e-02    -  1.00e+00 1.00e+00h  1
 314  1.0589017e-01 7.18e-05 3.25e-01  -3.4 3.85e-02    -  1.00e+00 1.00e+00h  1
 315  1.0678366e-01 3.87e-05 7.72e-01  -3.4 1.17e-01    -  1.00e+00 1.00e+00H  1
 316  1.0570709e-01 5.18e-04 7.16e-01  -3.4 9.61e-02    -  1.00e+00 1.00e+00h  1
 317  1.0594195e-01 4.74e-04 8.44e-01  -3.4 7.89e-02    -  1.00e+00 1.00e+00h  1
 318  1.0591447e-01 2.09e-04 4.13e-01  -3.4 3.81e-02    -  1.00e+00 1.00e+00h  1
 319  1.0613230e-01 1.10e-04 2.88e-01  -3.4 4.19e-02    -  1.00e+00 1.00e+00h  1
iter    objective    inf_pr   inf_du lg(mu)  ||d||  lg(rg) alpha_du alpha_pr  ls
 320  1.0627359e-01 3.27e-05 1.33e-01  -3.4 2.55e-02    -  1.00e+00 1.00e+00h  1
 321  1.0629990e-01 3.62e-05 8.99e-01  -3.4 1.39e-01    -  1.00e+00 1.25e-01h  4
 322  1.0629125e-01 3.43e-05 1.66e+00  -3.4 1.96e-01    -  1.00e+00 1.25e-01h  4
 323  1.0629550e-01 3.46e-05 1.75e+00  -3.4 2.68e-01    -  1.00e+00 6.25e-02h  5
 324  1.0640763e-01 1.81e-04 6.80e-01  -3.4 6.84e-01    -  1.00e+00 1.25e-01h  4
 325  1.0644378e-01 1.96e-04 9.45e-01  -3.4 5.42e-01    -  1.00e+00 6.25e-02h  5
 326  1.0655321e-01 3.03e-03 1.53e+00  -3.4 1.50e+00    -  1.00e+00 2.50e-01h  3
 327  1.0734093e-01 8.36e-03 2.88e+00  -3.4 3.91e-01    -  1.00e+00 1.00e+00h  1
 328  1.0482667e-01 9.63e-03 1.23e+00  -3.4 3.70e-01    -  1.00e+00 1.00e+00h  1
 329  1.0270482e-01 1.90e-02 3.08e+00  -3.4 4.56e-01    -  5.80e-01 1.00e+00h  1
iter    objective    inf_pr   inf_du lg(mu)  ||d||  lg(rg) alpha_du alpha_pr  ls
 330  1.0116176e-01 1.39e-02 5.25e-01  -3.4 3.32e-01    -  1.00e+00 1.00e+00h  1
 331  1.0382191e-01 4.40e-03 6.02e-01  -3.4 1.82e-01    -  1.00e+00 9.05e-01h  1
 332  1.0384971e-01 3.79e-03 6.70e-01  -3.4 1.92e-01    -  1.00e+00 9.76e-01h  1
 333  1.0415689e-01 9.74e-04 3.17e+00  -3.4 1.44e-01    -  4.49e-01 1.00e+00f  1
 334  1.0621665e-01 4.70e-04 1.55e+00  -3.4 1.30e-01    -  1.00e+00 9.21e-01H  1
 335  1.0507458e-01 5.46e-04 7.13e-01  -3.4 1.01e-01    -  1.00e+00 1.00e+00f  1
 336  1.0606548e-01 3.24e-04 1.32e+00  -3.4 1.25e-01    -  1.00e+00 1.00e+00H  1
 337  1.0634803e-01 3.44e-04 6.09e-01  -3.4 1.12e-01    -  1.00e+00 1.00e+00H  1
 338  1.0574767e-01 4.50e-04 7.57e-01  -3.4 1.20e-01    -  1.00e+00 1.00e+00h  1
 339  1.0590516e-01 2.45e-04 4.57e-01  -3.4 9.02e-02    -  1.00e+00 1.00e+00h  1
iter    objective    inf_pr   inf_du lg(mu)  ||d||  lg(rg) alpha_du alpha_pr  ls
 340  1.0614419e-01 2.49e-04 9.19e-01  -3.4 5.79e-02    -  1.00e+00 1.00e+00h  1
 341  1.0612494e-01 1.22e-04 1.66e-01  -3.4 3.92e-02    -  1.00e+00 1.00e+00h  1
 342  1.0629772e-01 1.83e-05 1.26e-01  -3.4 1.38e-02    -  1.00e+00 1.00e+00h  1
 343  1.0528085e-01 1.32e-04 2.95e-01  -4.0 3.88e-02    -  1.00e+00 1.00e+00h  1
 344  1.0194356e-01 1.91e-03 1.10e+00  -4.1 2.16e-01    -  6.51e-01 8.95e-01h  1
 345  9.7083262e-02 6.36e-03 1.33e+00  -4.1 4.14e-01    -  4.07e-01 6.14e-01f  1
 346  9.1689953e-02 3.64e-03 1.08e+00  -4.1 3.29e-01    -  8.57e-01 1.00e+00h  1
 347  8.7858538e-02 3.22e-03 7.62e-01  -4.1 4.79e-01    -  1.00e+00 6.48e-01h  1
 348  8.5352289e-02 4.83e-03 1.10e+00  -4.1 4.74e-01    -  8.91e-01 4.13e-01h  1
 349  8.1158667e-02 1.14e-02 1.08e+00  -4.1 9.46e-01    -  7.25e-01 5.16e-01h  1
iter    objective    inf_pr   inf_du lg(mu)  ||d||  lg(rg) alpha_du alpha_pr  ls
 350  8.0840258e-02 8.40e-03 1.12e+00  -4.1 2.00e-01    -  7.64e-01 2.60e-01h  1
 351  8.1675189e-02 3.95e-03 9.28e-01  -4.1 2.44e-01    -  4.62e-01 1.00e+00h  1
 352  8.3107893e-02 1.67e-03 1.47e+00  -4.1 1.45e-01    -  1.00e+00 6.34e-01h  1
 353  8.3811785e-02 8.15e-04 9.15e-01  -4.1 1.39e-01    -  7.49e-01 5.00e-01h  2
 354  8.3704096e-02 6.01e-04 1.06e+00  -4.1 1.41e-01    -  1.00e+00 2.50e-01h  3
 355  8.3288577e-02 4.45e-04 1.06e+00  -4.1 2.72e-01    -  9.71e-01 2.50e-01h  3
 356  8.2728086e-02 4.94e-04 1.23e+00  -4.1 6.97e-01    -  1.00e+00 1.25e-01h  4
 357  8.2407772e-02 5.89e-04 2.47e+00  -4.1 5.84e-01    -  1.00e+00 1.25e-01h  4
 358  8.2251360e-02 6.08e-04 8.13e-01  -4.1 1.13e+00    -  1.00e+00 2.96e-02h  6
 359  8.2119229e-02 6.51e-04 5.63e-01  -4.1 1.04e+00    -  5.99e-01 3.12e-02h  6
iter    objective    inf_pr   inf_du lg(mu)  ||d||  lg(rg) alpha_du alpha_pr  ls
 360  8.0021263e-02 2.15e-02 1.81e+00  -4.1 1.38e+00    -  1.00e+00 5.00e-01h  2
 361  7.6643782e-02 1.74e-02 2.45e+00  -4.1 7.27e-01    -  1.00e+00 1.00e+00h  1
 362  8.9535978e-02 9.97e-02 5.97e+00  -3.2 4.29e+00    -  4.81e-01 3.55e-01h  1
 363  8.8256296e-02 2.01e-02 1.77e+00  -3.6 8.32e-01    -  1.00e+00 1.00e+00h  1
 364  8.6711942e-02 1.94e-02 1.03e+00  -3.6 9.05e-01    -  6.31e-01 5.44e-01h  1
 365  9.0302022e-02 2.26e-02 1.09e+00  -3.6 6.10e-01    -  1.00e+00 9.94e-01h  1
 366  8.8650944e-02 1.27e-02 2.94e-01  -3.6 4.54e-01    -  9.04e-01 1.00e+00h  1
 367  9.2474444e-02 5.18e-03 5.93e-01  -3.6 3.02e-01    -  1.00e+00 1.00e+00h  1
 368  9.4705119e-02 1.94e-03 9.91e-01  -3.6 2.75e-01    -  1.00e+00 1.00e+00h  1
 369  9.4674752e-02 9.94e-04 1.32e+00  -3.6 2.02e-01    -  1.00e+00 5.00e-01h  2
iter    objective    inf_pr   inf_du lg(mu)  ||d||  lg(rg) alpha_du alpha_pr  ls
 370  9.4748286e-02 1.06e-03 1.52e+00  -3.6 2.70e-01    -  1.00e+00 2.50e-01h  3
 371  9.5371044e-02 5.89e-04 2.30e+00  -3.6 1.18e-01    -  1.00e+00 5.00e-01h  2
 372  9.6127886e-02 8.45e-04 5.29e-01  -3.6 9.00e-02    -  1.00e+00 1.00e+00h  1
 373  9.6211911e-02 5.38e-04 7.85e-01  -3.6 7.07e-02    -  1.00e+00 1.00e+00h  1
 374  9.6197056e-02 4.51e-04 1.31e-01  -3.6 6.00e-02    -  1.00e+00 1.00e+00h  1
 375  9.6692640e-02 1.04e-04 2.09e-01  -3.6 4.17e-02    -  1.00e+00 1.00e+00h  1
 376  9.6948057e-02 1.41e-04 3.10e-01  -3.6 3.47e-02    -  1.00e+00 1.00e+00h  1
 377  9.7057115e-02 1.22e-04 3.22e-01  -3.6 4.16e-02    -  1.00e+00 1.00e+00h  1
 378  9.7003773e-02 4.16e-05 1.85e-01  -3.6 2.58e-02    -  1.00e+00 1.00e+00h  1
 379  9.7076304e-02 3.25e-05 2.06e-01  -3.6 2.03e-02    -  1.00e+00 1.00e+00h  1
iter    objective    inf_pr   inf_du lg(mu)  ||d||  lg(rg) alpha_du alpha_pr  ls
 380  9.6505182e-02 9.98e-05 1.36e-01  -4.0 2.92e-02    -  1.00e+00 1.00e+00h  1
 381  9.2399387e-02 2.60e-03 7.32e-01  -4.1 2.31e-01    -  1.00e+00 9.97e-01h  1
 382  8.4128138e-02 9.42e-03 2.09e+00  -4.1 8.00e-01    -  1.00e+00 6.66e-01h  1
 383  8.2831600e-02 3.15e-03 1.52e+00  -4.1 3.12e-01    -  7.57e-01 6.83e-01h  1
 384  8.2718251e-02 3.32e-03 5.01e+00  -4.1 1.96e-01    -  3.85e-01 1.00e+00h  1
 385  8.2941506e-02 1.20e-03 2.14e+00  -4.1 1.37e-01    -  1.00e+00 7.37e-01h  1
 386  8.3771721e-02 1.58e-03 1.21e+00  -4.1 1.40e-01    -  6.79e-01 1.00e+00f  1
 387  8.4393894e-02 2.32e-04 4.19e-01  -4.1 7.56e-02    -  1.00e+00 1.00e+00h  1
 388  8.3594734e-02 3.95e-04 1.26e+00  -4.1 1.57e-01    -  1.00e+00 4.88e-01h  2
 389  8.3146389e-02 1.50e-04 9.28e-01  -4.1 8.19e-02    -  1.00e+00 1.00e+00H  1
iter    objective    inf_pr   inf_du lg(mu)  ||d||  lg(rg) alpha_du alpha_pr  ls
 390  8.2785100e-02 8.30e-04 4.55e-01  -4.0 1.03e-01    -  1.00e+00 1.00e+00h  1
 391  8.2478079e-02 2.53e-04 4.55e-01  -4.1 9.89e-02    -  1.00e+00 1.00e+00h  1
 392  8.2129479e-02 8.19e-04 6.38e-01  -4.0 9.38e-02    -  1.00e+00 1.00e+00h  1
 393  8.2348781e-02 4.86e-04 3.24e-01  -4.0 7.37e-02    -  1.00e+00 1.00e+00h  1
 394  8.2690921e-02 1.87e-04 3.43e-01  -4.0 3.74e-02    -  1.00e+00 1.00e+00h  1
 395  8.2491360e-02 3.13e-05 2.22e-01  -4.0 3.61e-02    -  1.00e+00 1.00e+00H  1
 396  8.2415136e-02 2.75e-04 4.70e-01  -4.0 5.04e-02    -  1.00e+00 1.00e+00h  1
 397  8.0708325e-02 2.46e-03 9.90e-01  -4.1 2.08e-01    -  1.00e+00 1.00e+00h  1
 398  7.9528895e-02 1.17e-03 8.98e-01  -4.1 1.46e-01    -  1.00e+00 1.00e+00h  1
 399  8.1607000e-02 4.51e-03 4.87e+00  -3.6 7.70e-01    -  1.00e+00 4.07e-01h  1
iter    objective    inf_pr   inf_du lg(mu)  ||d||  lg(rg) alpha_du alpha_pr  ls
 400  8.6394125e-02 3.89e-03 1.16e+00  -3.7 4.49e-01    -  1.00e+00 1.00e+00h  1
 401  8.7005066e-02 7.67e-03 1.20e+00  -3.7 3.42e-01    -  1.00e+00 1.00e+00h  1
 402  8.6578150e-02 4.73e-03 6.95e-01  -3.7 3.00e-01    -  8.30e-01 6.02e-01h  1
 403  8.7098362e-02 6.58e-03 7.74e-01  -3.7 2.95e-01    -  1.00e+00 1.00e+00h  1
 404  8.7859689e-02 2.48e-03 5.53e-01  -3.7 1.93e-01    -  1.00e+00 1.00e+00h  1
 405  8.8078259e-02 1.30e-03 1.00e+00  -3.7 1.99e-01    -  1.00e+00 5.00e-01h  2
 406  8.8569004e-02 1.57e-03 7.60e-01  -3.7 1.78e-01    -  1.00e+00 1.00e+00h  1
 407  8.8747484e-02 5.99e-04 3.86e-01  -3.7 8.22e-02    -  1.00e+00 1.00e+00h  1
 408  8.9331197e-02 2.37e-04 3.06e-01  -3.7 6.59e-02    -  1.00e+00 1.00e+00h  1
 409  8.9645645e-02 1.68e-04 3.83e-01  -3.7 4.02e-02    -  1.00e+00 1.00e+00h  1
iter    objective    inf_pr   inf_du lg(mu)  ||d||  lg(rg) alpha_du alpha_pr  ls
 410  9.0375004e-02 1.42e-04 1.07e+00  -3.7 8.15e-02    -  1.00e+00 1.00e+00H  1
 411  8.9643363e-02 3.74e-04 2.38e-01  -3.7 5.76e-02    -  1.00e+00 1.00e+00h  1
 412  8.9897454e-02 1.66e-04 4.31e-01  -3.7 5.36e-02    -  1.00e+00 1.00e+00h  1
 413  9.0017758e-02 4.73e-05 7.71e-02  -3.7 3.04e-02    -  1.00e+00 1.00e+00h  1
 414  8.9477939e-02 4.08e-05 9.93e-02  -4.0 2.91e-02    -  1.00e+00 1.00e+00h  1
 415  8.3795364e-02 6.70e-03 1.48e+00  -4.1 3.35e-01    -  1.00e+00 1.00e+00h  1
 416  7.9129457e-02 2.97e-03 1.59e+00  -4.1 2.72e-01    -  1.00e+00 1.00e+00h  1
 417  8.1201682e-02 2.62e-03 9.17e-01  -4.1 1.74e-01    -  1.00e+00 1.00e+00h  1
 418  8.2905322e-02 2.15e-03 5.17e-01  -4.0 1.44e-01    -  1.00e+00 1.00e+00h  1
 419  8.2468382e-02 8.30e-04 7.07e-01  -4.1 6.68e-02    -  1.00e+00 1.00e+00h  1
iter    objective    inf_pr   inf_du lg(mu)  ||d||  lg(rg) alpha_du alpha_pr  ls
 420  8.2296861e-02 4.94e-04 2.66e-01  -4.1 6.66e-02    -  1.00e+00 1.00e+00h  1
 421  8.4251222e-02 5.43e-05 2.45e-01  -4.0 9.51e-02    -  1.00e+00 1.00e+00H  1
 422  8.1416402e-02 1.45e-03 8.94e-01  -4.1 1.91e-01    -  1.00e+00 1.00e+00h  1
 423  7.7513787e-02 5.83e-03 1.59e+00  -4.1 3.28e-01    -  1.00e+00 1.00e+00h  1
 424  7.7847013e-02 4.69e-03 9.29e-01  -4.0 3.75e-01    -  1.00e+00 1.00e+00h  1
 425  7.9208725e-02 3.09e-03 1.07e+00  -4.0 2.67e-01    -  1.00e+00 1.00e+00h  1
 426  7.9772373e-02 1.57e-03 2.33e-01  -4.0 1.97e-01    -  8.58e-01 9.21e-01h  1
 427  8.8829704e-02 9.41e-03 1.43e+00  -3.7 4.73e-01    -  1.00e+00 9.86e-01h  1
 428  8.4187524e-02 4.63e-03 7.42e-01  -3.8 3.05e-01    -  1.00e+00 1.00e+00h  1
 429  7.9395907e-02 2.14e-02 1.47e+00  -3.8 4.11e-01    -  1.00e+00 1.00e+00h  1
iter    objective    inf_pr   inf_du lg(mu)  ||d||  lg(rg) alpha_du alpha_pr  ls
 430  8.0744519e-02 5.83e-03 4.55e-01  -3.8 3.12e-01    -  1.00e+00 1.00e+00h  1
 431  8.5158334e-02 3.98e-03 5.24e-01  -3.8 3.24e-01    -  1.00e+00 1.00e+00h  1
 432  8.4857671e-02 4.19e-03 6.41e-01  -3.8 2.99e-01    -  1.00e+00 8.81e-01h  1
 433  8.4189078e-02 2.31e-03 5.62e-01  -3.8 2.21e-01    -  1.00e+00 1.00e+00f  1
 434  8.6066101e-02 9.15e-04 5.12e-01  -3.8 1.19e-01    -  1.00e+00 1.00e+00h  1
 435  8.6769318e-02 1.02e-03 6.97e-01  -3.8 8.95e-02    -  1.00e+00 1.00e+00h  1
 436  8.6754082e-02 1.88e-04 2.00e-01  -3.8 5.46e-02    -  1.00e+00 1.00e+00h  1
 437  8.7359471e-02 7.08e-05 1.44e-01  -3.8 3.72e-02    -  1.00e+00 1.00e+00h  1
 438  8.7233866e-02 1.27e-04 2.17e-01  -3.8 4.15e-02    -  1.00e+00 1.00e+00h  1
 439  8.7089619e-02 5.38e-05 9.81e-02  -3.8 2.20e-02    -  1.00e+00 1.00e+00h  1
iter    objective    inf_pr   inf_du lg(mu)  ||d||  lg(rg) alpha_du alpha_pr  ls
 440  8.7087706e-02 8.89e-05 3.48e-01  -3.8 4.63e-02    -  1.00e+00 1.00e+00h  1
 441  8.6979607e-02 6.07e-05 1.30e-01  -3.8 3.63e-02    -  1.00e+00 1.00e+00h  1
 442  8.6154344e-02 1.15e-04 1.75e-01  -4.0 4.95e-02    -  1.00e+00 1.00e+00h  1
 443  8.2242689e-02 2.46e-03 1.42e+00  -4.1 2.41e-01    -  1.00e+00 1.00e+00h  1
 444  7.9283404e-02 3.88e-03 1.07e+00  -4.1 2.39e-01    -  1.00e+00 1.00e+00h  1
 445  7.9421310e-02 3.68e-03 8.50e-01  -4.1 2.19e-01    -  7.98e-01 1.00e+00h  1
 446  7.9859637e-02 1.68e-03 5.67e-01  -4.1 1.22e-01    -  8.38e-01 9.62e-01h  1
 447  7.9385541e-02 9.78e-04 3.96e-01  -4.1 1.50e-01    -  1.00e+00 1.00e+00f  1
 448  8.2423066e-02 6.56e-04 7.76e-01  -4.0 1.47e-01    -  1.00e+00 1.00e+00H  1
 449  8.0568146e-02 1.03e-03 3.80e-01  -4.1 9.17e-02    -  1.00e+00 1.00e+00h  1
iter    objective    inf_pr   inf_du lg(mu)  ||d||  lg(rg) alpha_du alpha_pr  ls
 450  8.0916829e-02 9.01e-04 1.33e+00  -4.0 1.02e-01    -  1.00e+00 1.00e+00h  1
 451  8.0864067e-02 4.58e-04 1.84e-01  -4.0 5.77e-02    -  1.00e+00 1.00e+00h  1
 452  8.1537295e-02 1.72e-04 2.65e-01  -4.0 5.60e-02    -  1.00e+00 1.00e+00h  1
 453  8.1862597e-02 1.10e-04 2.24e-01  -4.0 4.39e-02    -  1.00e+00 1.00e+00h  1
 454  8.1855458e-02 1.05e-03 9.01e-01  -4.0 8.38e-02    -  1.00e+00 1.00e+00h  1
 455  8.1052874e-02 8.22e-04 1.54e-01  -4.1 9.33e-02    -  1.00e+00 1.00e+00h  1
 456  8.1116903e-02 1.98e-04 4.01e-01  -4.1 3.44e-02    -  1.00e+00 1.00e+00h  1
 457  8.1616644e-02 2.99e-04 1.09e-01  -4.0 4.60e-02    -  1.00e+00 1.00e+00h  1
 458  8.1286032e-02 7.11e-05 1.31e-01  -4.1 2.51e-02    -  1.00e+00 1.00e+00h  1
 459  8.1657176e-02 1.51e-04 1.84e-01  -4.0 3.22e-02    -  1.00e+00 1.00e+00h  1
iter    objective    inf_pr   inf_du lg(mu)  ||d||  lg(rg) alpha_du alpha_pr  ls
 460  8.0745491e-02 2.72e-04 4.63e-01  -4.1 6.89e-02    -  1.00e+00 1.00e+00h  1
 461  8.1476579e-02 7.82e-04 6.05e-01  -4.0 9.80e-02    -  1.00e+00 1.00e+00h  1
 462  7.9653370e-02 1.40e-03 7.71e-01  -4.1 1.32e-01    -  8.71e-01 1.00e+00h  1
 463  7.9012492e-02 1.05e-03 6.41e-01  -4.1 1.15e-01    -  1.00e+00 1.00e+00h  1
 464  8.0069012e-02 1.85e-03 5.70e-01  -4.0 1.18e-01    -  1.00e+00 1.00e+00h  1
 465  7.9155126e-02 5.37e-04 1.51e-01  -4.1 7.72e-02    -  1.00e+00 1.00e+00h  1
 466  7.9423961e-02 3.43e-04 5.72e-01  -4.1 7.35e-02    -  1.00e+00 1.00e+00h  1
 467  7.9851970e-02 3.12e-04 2.91e-01  -4.0 8.46e-02    -  1.00e+00 1.00e+00h  1
 468  8.0105266e-02 3.17e-04 3.78e-01  -4.0 7.16e-02    -  1.00e+00 1.00e+00h  1
 469  7.9852271e-02 6.49e-05 1.70e-01  -4.0 3.91e-02    -  1.00e+00 1.00e+00h  1
iter    objective    inf_pr   inf_du lg(mu)  ||d||  lg(rg) alpha_du alpha_pr  ls
 470  8.0054479e-02 6.69e-05 4.82e-01  -4.0 3.96e-02    -  1.00e+00 1.00e+00H  1
 471  7.9840292e-02 1.71e-04 2.62e-01  -4.0 3.47e-02    -  1.00e+00 1.00e+00h  1
 472  7.9917974e-02 4.91e-04 3.88e-01  -4.0 8.57e-02    -  1.00e+00 1.00e+00h  1
 473  7.9402854e-02 1.65e-04 7.25e-02  -4.1 5.68e-02    -  1.00e+00 1.00e+00h  1
 474  7.9859597e-02 1.63e-05 2.55e-01  -4.0 3.60e-02    -  1.00e+00 1.00e+00H  1
 475  8.0092360e-02 3.35e-04 3.86e-01  -4.0 8.49e-02    -  1.00e+00 1.00e+00h  1
 476  7.8427611e-02 1.20e-03 6.78e-01  -4.1 1.41e-01    -  1.00e+00 1.00e+00h  1
 477  7.7585544e-02 3.27e-03 1.80e+00  -4.0 2.72e-01    -  1.00e+00 1.00e+00h  1
 478  7.7788392e-02 2.85e-03 9.11e-01  -4.0 2.11e-01    -  1.00e+00 1.00e+00h  1
 479  8.0791166e-02 1.32e-02 9.99e-01  -3.7 3.63e-01    -  1.00e+00 1.00e+00h  1
iter    objective    inf_pr   inf_du lg(mu)  ||d||  lg(rg) alpha_du alpha_pr  ls
 480  7.9957511e-02 4.84e-03 4.71e-01  -3.8 1.99e-01    -  1.00e+00 7.84e-01h  1
 481  7.8530243e-02 5.37e-03 9.47e-01  -3.8 2.06e-01    -  1.00e+00 8.02e-01h  1
 482  7.9469335e-02 1.23e-03 3.34e-01  -3.8 1.29e-01    -  7.29e-01 1.00e+00h  1
 483  8.0786655e-02 8.06e-04 5.06e-01  -3.8 8.53e-02    -  1.00e+00 1.00e+00h  1
 484  8.0524039e-02 7.22e-04 8.19e-01  -3.8 6.48e-02    -  1.00e+00 1.00e+00h  1
 485  8.0462588e-02 4.29e-04 3.78e-01  -3.8 6.70e-02    -  1.00e+00 1.00e+00h  1
 486  8.0991540e-02 1.24e-04 1.76e-01  -3.8 3.53e-02    -  1.00e+00 1.00e+00h  1
 487  8.1118416e-02 2.68e-05 1.13e-01  -3.8 2.22e-02    -  1.00e+00 1.00e+00h  1
 488  8.1085565e-02 4.20e-05 8.97e-01  -3.8 7.25e-02    -  1.00e+00 2.50e-01h  3
 489  8.1402484e-02 7.09e-05 1.83e-01  -3.8 3.09e-02    -  1.00e+00 1.00e+00h  1
iter    objective    inf_pr   inf_du lg(mu)  ||d||  lg(rg) alpha_du alpha_pr  ls
 490  8.1517924e-02 6.22e-05 1.82e+00  -3.8 1.19e-01    -  1.00e+00 1.25e-01h  4
 491  8.1645141e-02 5.60e-05 7.44e-01  -3.8 1.95e-01    -  1.00e+00 1.25e-01h  4
 492  8.1727617e-02 5.32e-05 6.85e-01  -3.8 2.25e-01    -  1.00e+00 6.25e-02h  5
 493  8.1751816e-02 5.33e-05 2.59e+00  -3.8 3.65e-01    -  1.00e+00 1.56e-02h  7
 494  8.1775806e-02 5.38e-05 1.67e+00  -3.8 4.53e-01    -  1.00e+00 1.56e-02h  7
 495  8.5097301e-02 2.34e-02 4.03e+00  -3.8 7.32e-01    -  1.00e+00 1.00e+00h  1
 496  8.0853113e-02 2.41e-02 4.21e+00  -3.8 7.47e-01    -  1.00e+00 1.00e+00h  1
 497  8.0652442e-02 1.02e-02 1.45e+00  -3.8 5.42e-01    -  9.35e-01 1.00e+00h  1
 498  8.0099180e-02 6.30e-03 1.37e+00  -3.8 6.47e-01    -  7.34e-01 6.76e-01H  1
 499  7.9775066e-02 5.72e-03 7.90e-01  -3.8 6.12e-01    -  4.38e-01 2.50e-01h  3
iter    objective    inf_pr   inf_du lg(mu)  ||d||  lg(rg) alpha_du alpha_pr  ls
 500  8.3186864e-02 6.37e-03 1.47e+00  -3.8 3.69e-01    -  1.00e+00 1.00e+00H  1
 501  7.8116725e-02 1.38e-02 9.73e-01  -3.8 5.81e-01    -  1.00e+00 1.00e+00h  1
 502  7.7751363e-02 7.10e-03 5.89e-01  -3.8 5.48e-01    -  5.30e-01 5.03e-01h  1
 503  8.0552151e-02 1.00e-02 1.19e+00  -3.8 4.17e-01    -  9.11e-01 7.86e-01H  1
 504  7.9172783e-02 5.18e-03 3.18e-01  -3.8 2.30e-01    -  1.00e+00 1.00e+00f  1
 505  8.1320070e-02 1.56e-03 7.83e-01  -3.8 2.02e-01    -  1.00e+00 9.13e-01H  1
 506  8.1164358e-02 3.01e-03 1.46e+00  -3.8 1.63e-01    -  4.93e-01 1.00e+00f  1
 507  8.0610123e-02 1.66e-03 6.23e-01  -3.8 1.87e-01    -  1.00e+00 1.00e+00h  1
 508  8.1820461e-02 4.83e-04 3.93e-01  -3.8 9.47e-02    -  1.00e+00 1.00e+00h  1
 509  8.1728051e-02 2.73e-04 1.12e+00  -3.8 1.32e-01    -  1.00e+00 5.00e-01h  2
iter    objective    inf_pr   inf_du lg(mu)  ||d||  lg(rg) alpha_du alpha_pr  ls
 510  8.2159984e-02 3.21e-04 6.53e-01  -3.8 8.86e-02    -  1.00e+00 1.00e+00H  1
 511  8.2105546e-02 2.25e-04 3.30e-01  -3.8 7.37e-02    -  1.00e+00 1.00e+00h  1
 512  8.2341797e-02 9.63e-05 3.60e-01  -3.8 6.62e-02    -  1.00e+00 1.00e+00h  1
 513  8.2404814e-02 1.04e-04 2.86e-01  -3.8 4.39e-02    -  1.00e+00 1.00e+00h  1
 514  8.2434425e-02 1.43e-05 1.96e-01  -3.8 3.09e-02    -  1.00e+00 1.00e+00H  1
 515  8.1965547e-02 1.17e-04 3.26e-01  -4.0 3.27e-02    -  1.00e+00 1.00e+00h  1
 516  8.1384802e-02 1.46e-04 2.07e-01  -4.1 4.45e-02    -  1.00e+00 1.00e+00h  1
 517  7.9672073e-02 8.86e-04 8.06e-01  -4.1 1.37e-01    -  1.00e+00 1.00e+00h  1
 518  7.8852640e-02 5.86e-04 4.47e-01  -4.1 7.15e-02    -  1.00e+00 1.00e+00h  1
 519  8.0823935e-02 4.73e-04 1.04e+00  -4.0 1.14e-01    -  7.59e-01 1.00e+00H  1
iter    objective    inf_pr   inf_du lg(mu)  ||d||  lg(rg) alpha_du alpha_pr  ls
 520  7.8887558e-02 9.20e-04 2.79e-01  -4.1 9.77e-02    -  1.00e+00 1.00e+00h  1
 521  7.7886288e-02 7.69e-04 4.32e-01  -4.1 1.30e-01    -  7.60e-01 6.66e-01h  1
 522  8.1507984e-02 2.69e-03 8.35e-01  -3.9 2.13e-01    -  1.00e+00 1.00e+00f  1
 523  8.0020148e-02 3.75e-03 1.06e+00  -4.0 1.78e-01    -  1.00e+00 1.00e+00h  1
 524  7.7682680e-02 2.35e-03 4.09e-01  -4.0 1.75e-01    -  1.00e+00 1.00e+00h  1
 525  7.5614258e-02 7.22e-03 9.21e-01  -4.0 3.19e-01    -  1.00e+00 1.00e+00h  1
 526  7.6453608e-02 3.18e-03 3.19e-01  -4.0 1.87e-01    -  1.00e+00 1.00e+00h  1
 527  7.7522125e-02 2.41e-03 7.80e-01  -4.0 1.35e-01    -  1.00e+00 9.77e-01h  1
 528  7.7470973e-02 9.51e-04 2.60e-01  -4.0 1.13e-01    -  1.00e+00 1.00e+00h  1
 529  7.8643574e-02 5.03e-04 4.96e-01  -4.0 8.61e-02    -  1.00e+00 1.00e+00h  1
iter    objective    inf_pr   inf_du lg(mu)  ||d||  lg(rg) alpha_du alpha_pr  ls
 530  7.8749893e-02 1.65e-04 3.32e-01  -4.0 4.41e-02    -  1.00e+00 1.00e+00h  1
 531  7.8902620e-02 4.33e-05 2.31e-01  -4.0 2.88e-02    -  1.00e+00 1.00e+00h  1
 532  7.8887657e-02 1.93e-05 1.10e-01  -4.0 1.32e-02    -  1.00e+00 1.00e+00h  1
 533  7.8911365e-02 7.82e-06 9.33e-02  -4.0 7.35e-03    -  1.00e+00 1.00e+00h  1
 534  7.8883048e-02 2.79e-06 3.58e-02  -4.0 9.41e-03    -  1.00e+00 1.00e+00h  1
 535  7.8233933e-02 5.45e-04 5.66e-01  -4.0 1.03e-01    -  1.00e+00 1.00e+00h  1
 536  7.6483578e-02 1.01e-03 7.92e-01  -4.1 1.53e-01    -  1.00e+00 1.00e+00h  1
 537  7.3637820e-02 5.72e-03 2.12e+00  -4.1 2.96e-01    -  1.00e+00 1.00e+00h  1
 538  7.5820344e-02 2.91e-03 5.46e-01  -4.0 2.20e-01    -  1.00e+00 1.00e+00h  1
 539  7.7738463e-02 5.41e-03 2.14e+00  -3.7 5.10e-01    -  1.00e+00 5.24e-01h  1
iter    objective    inf_pr   inf_du lg(mu)  ||d||  lg(rg) alpha_du alpha_pr  ls
 540  7.8290033e-02 3.05e-03 1.75e+00  -3.8 1.64e-01    -  5.23e-01 1.00e+00h  1
 541  7.8766969e-02 2.58e-03 1.36e+00  -3.8 1.51e-01    -  1.00e+00 1.00e+00h  1
 542  7.8441525e-02 9.93e-04 2.71e-01  -3.8 1.05e-01    -  1.00e+00 1.00e+00h  1
 543  7.9160325e-02 5.39e-04 7.97e-01  -3.8 1.17e-01    -  1.00e+00 1.00e+00h  1
 544  7.9365418e-02 3.43e-04 7.75e-01  -3.8 4.99e-02    -  1.00e+00 1.00e+00h  1
 545  7.9220276e-02 2.51e-04 4.40e-01  -3.8 5.52e-02    -  1.00e+00 1.00e+00h  1
 546  7.9573054e-02 7.30e-05 3.18e-01  -3.8 3.41e-02    -  1.00e+00 1.00e+00h  1
 547  7.9741663e-02 1.90e-05 7.25e-02  -3.8 1.56e-02    -  1.00e+00 1.00e+00h  1
 548  8.0163424e-02 8.09e-06 3.01e-01  -3.8 4.12e-02    -  1.00e+00 1.00e+00H  1
 549  8.0744959e-02 4.44e-05 2.67e-01  -3.8 4.08e-02    -  1.00e+00 1.00e+00H  1
iter    objective    inf_pr   inf_du lg(mu)  ||d||  lg(rg) alpha_du alpha_pr  ls
 550  8.0868742e-02 1.62e-04 4.49e-01  -3.8 5.79e-02    -  1.00e+00 1.00e+00h  1
 551  8.0553279e-02 1.27e-04 2.34e-01  -3.8 4.02e-02    -  1.00e+00 1.00e+00h  1
 552  8.0972459e-02 1.36e-05 1.05e-01  -3.8 2.41e-02    -  1.00e+00 1.00e+00H  1
 553  8.1099560e-02 9.22e-06 7.45e-02  -3.8 1.11e-02    -  1.00e+00 1.00e+00h  1
 554  8.1166446e-02 1.15e-05 5.58e-01  -3.8 1.01e-01    -  1.00e+00 1.25e-01h  4
 555  8.1952722e-02 1.75e-06 4.03e-01  -3.8 8.27e-02    -  1.00e+00 1.00e+00H  1
 556  7.8694601e-02 1.24e-03 4.52e-01  -4.0 1.76e-01    -  1.00e+00 1.00e+00h  1
 557  7.4320070e-02 5.78e-03 1.54e+00  -4.1 3.59e-01    -  1.00e+00 1.00e+00h  1
 558  7.4466681e-02 3.30e-03 1.26e+00  -4.1 1.86e-01    -  4.16e-01 9.45e-01h  1
 559  7.6299145e-02 6.79e-03 8.60e-01  -4.0 2.20e-01    -  9.71e-01 1.00e+00f  1
iter    objective    inf_pr   inf_du lg(mu)  ||d||  lg(rg) alpha_du alpha_pr  ls
 560  7.5966746e-02 5.27e-03 1.29e+00  -4.1 2.64e-01    -  6.45e-01 2.24e-01h  1
 561  7.4427739e-02 5.48e-03 8.15e-01  -4.1 1.79e-01    -  1.00e+00 1.00e+00h  1
 562  7.4287984e-02 1.84e-03 6.97e-01  -4.1 1.55e-01    -  1.00e+00 7.62e-01h  1
 563  7.6662342e-02 3.03e-03 3.98e-01  -4.0 1.66e-01    -  1.00e+00 1.00e+00f  1
 564  7.7705847e-02 1.80e-03 2.61e+00  -4.1 2.22e-01    -  1.00e+00 4.45e-01H  1
 565  7.6153276e-02 1.08e-03 2.49e-01  -4.1 1.68e-01    -  9.47e-01 1.00e+00h  1
 566  7.6054595e-02 7.50e-04 3.31e+00  -4.0 1.61e-01    -  1.00e+00 3.21e-01h  1
 567  8.1645028e-02 3.41e-03 6.07e-01  -3.7 3.05e-01    -  1.00e+00 1.00e+00h  1
 568  8.1620087e-02 2.42e-03 1.21e+00  -3.8 1.79e-01    -  1.00e+00 1.00e+00h  1
 569  7.9141107e-02 2.29e-03 4.79e-01  -3.8 1.49e-01    -  8.15e-01 1.00e+00h  1
iter    objective    inf_pr   inf_du lg(mu)  ||d||  lg(rg) alpha_du alpha_pr  ls
 570  8.1315681e-02 1.80e-03 6.49e-01  -3.8 1.69e-01    -  1.00e+00 1.00e+00h  1
 571  8.0639128e-02 1.17e-03 9.76e-01  -3.8 1.82e-01    -  1.00e+00 5.00e-01h  2
 572  8.1428060e-02 4.51e-04 3.46e-01  -3.8 1.03e-01    -  1.00e+00 1.00e+00h  1
 573  8.1387310e-02 1.77e-04 2.95e-01  -3.8 4.63e-02    -  1.00e+00 1.00e+00h  1
 574  8.1445336e-02 9.98e-05 2.06e-01  -3.8 2.82e-02    -  1.00e+00 1.00e+00h  1
 575  8.1491411e-02 7.77e-05 3.08e-01  -3.8 3.17e-02    -  1.00e+00 1.00e+00h  1
 576  8.1540786e-02 7.19e-05 4.57e-02  -3.8 2.32e-02    -  1.00e+00 1.00e+00h  1
 577  8.1632644e-02 8.06e-06 1.16e-01  -3.8 1.14e-02    -  1.00e+00 1.00e+00h  1
 578  8.1617551e-02 4.33e-06 2.88e-02  -3.8 4.64e-03    -  1.00e+00 1.00e+00h  1
 579  8.0857329e-02 1.47e-04 2.66e-01  -4.0 4.57e-02    -  1.00e+00 1.00e+00h  1
iter    objective    inf_pr   inf_du lg(mu)  ||d||  lg(rg) alpha_du alpha_pr  ls
 580  8.0324999e-02 6.13e-05 1.08e-01  -4.1 4.69e-02    -  1.00e+00 1.00e+00h  1
 581  7.8788679e-02 1.14e-03 7.20e-01  -4.1 1.37e-01    -  1.00e+00 1.00e+00h  1
 582  7.7354610e-02 1.06e-03 5.38e-01  -4.1 9.53e-02    -  9.32e-01 1.00e+00h  1
 583  7.7756862e-02 5.28e-04 2.07e-01  -4.1 8.76e-02    -  1.00e+00 1.00e+00h  1
 584  7.8755841e-02 1.06e-03 5.39e-01  -4.0 8.09e-02    -  1.00e+00 1.00e+00h  1
 585  7.7452983e-02 6.52e-04 2.62e-01  -4.1 9.88e-02    -  1.00e+00 1.00e+00h  1
 586  7.6461743e-02 2.43e-03 1.43e+00  -4.1 1.62e-01    -  8.89e-01 1.00e+00h  1
 587  7.5972492e-02 9.36e-04 3.28e-01  -4.1 1.01e-01    -  1.00e+00 1.00e+00h  1
 588  7.8597664e-02 5.21e-04 6.90e-01  -4.0 1.21e-01    -  1.00e+00 1.00e+00H  1
 589  7.6855053e-02 9.46e-04 4.95e-01  -4.1 1.03e-01    -  1.00e+00 1.00e+00h  1
iter    objective    inf_pr   inf_du lg(mu)  ||d||  lg(rg) alpha_du alpha_pr  ls
 590  7.5590724e-02 1.58e-03 7.57e-01  -4.1 1.12e-01    -  1.00e+00 1.00e+00h  1
 591  7.7257324e-02 7.43e-04 2.05e-01  -4.0 1.03e-01    -  1.00e+00 1.00e+00h  1
 592  7.6959937e-02 5.75e-04 5.36e-01  -4.1 7.65e-02    -  1.00e+00 1.00e+00h  1
 593  7.7853277e-02 3.98e-04 2.37e-01  -4.0 7.26e-02    -  1.00e+00 1.00e+00h  1
 594  7.7250720e-02 1.53e-04 2.50e-01  -4.1 4.14e-02    -  1.00e+00 1.00e+00h  1
 595  7.8424589e-02 8.99e-04 6.55e-01  -4.0 9.34e-02    -  1.00e+00 1.00e+00h  1
 596  7.6785696e-02 6.89e-04 1.74e-01  -4.1 9.84e-02    -  1.00e+00 1.00e+00h  1
 597  7.6659051e-02 4.35e-04 5.18e-01  -4.1 7.14e-02    -  1.00e+00 1.00e+00h  1
 598  7.7589541e-02 8.08e-04 3.41e-01  -4.0 7.64e-02    -  1.00e+00 1.00e+00h  1
 599  7.6487078e-02 1.76e-03 1.03e+00  -4.1 1.34e-01    -  1.00e+00 1.00e+00h  1
iter    objective    inf_pr   inf_du lg(mu)  ||d||  lg(rg) alpha_du alpha_pr  ls
 600  7.6240816e-02 5.46e-04 1.72e-01  -4.1 1.10e-01    -  1.00e+00 1.00e+00h  1
 601  7.7778203e-02 1.75e-04 4.60e-01  -4.0 8.28e-02    -  1.00e+00 8.82e-01H  1
 602  7.7536463e-02 1.97e-04 3.51e-01  -4.0 6.03e-02    -  1.00e+00 1.00e+00h  1
 603  7.7443067e-02 1.52e-04 1.29e-01  -4.0 3.91e-02    -  1.00e+00 1.00e+00h  1
 604  7.7712363e-02 2.36e-05 1.46e-01  -4.0 1.64e-02    -  1.00e+00 1.00e+00h  1
 605  7.7806365e-02 3.47e-05 1.03e-01  -4.0 2.09e-02    -  1.00e+00 1.00e+00h  1
 606  7.7173656e-02 7.15e-05 9.83e-02  -4.1 3.22e-02    -  1.00e+00 1.00e+00h  1
 607  7.7775431e-02 3.50e-04 4.15e-01  -4.0 5.92e-02    -  1.00e+00 1.00e+00h  1
 608  7.6903766e-02 2.42e-04 1.69e-01  -4.1 6.01e-02    -  1.00e+00 1.00e+00h  1
 609  7.7251798e-02 1.27e-03 1.16e+00  -4.0 1.85e-01    -  1.00e+00 1.00e+00h  1
iter    objective    inf_pr   inf_du lg(mu)  ||d||  lg(rg) alpha_du alpha_pr  ls
 610  7.6226543e-02 7.19e-04 2.13e-01  -4.1 1.23e-01    -  1.00e+00 1.00e+00h  1
 611  7.7319775e-02 8.10e-04 7.32e-01  -4.0 8.37e-02    -  1.00e+00 1.00e+00h  1
 612  7.6080654e-02 5.97e-04 6.14e-02  -4.1 7.57e-02    -  1.00e+00 1.00e+00h  1
 613  7.8049471e-02 8.45e-05 3.42e-01  -4.0 9.55e-02    -  1.00e+00 1.00e+00H  1
 614  7.6211356e-02 5.21e-04 4.42e-01  -4.1 1.21e-01    -  1.00e+00 1.00e+00h  1
 615  7.4801078e-02 2.78e-03 1.06e+00  -4.1 1.72e-01    -  1.00e+00 1.00e+00h  1
 616  7.4627406e-02 1.52e-03 7.43e-01  -4.1 1.12e-01    -  1.00e+00 1.00e+00h  1
 617  7.6313878e-02 5.70e-04 3.20e-01  -4.0 1.11e-01    -  1.00e+00 6.77e-01H  1
 618  7.7079699e-02 4.29e-04 7.01e-01  -4.0 1.25e-01    -  1.00e+00 1.00e+00h  1
 619  7.5714699e-02 5.46e-04 3.06e-01  -4.1 1.20e-01    -  1.00e+00 1.00e+00h  1
iter    objective    inf_pr   inf_du lg(mu)  ||d||  lg(rg) alpha_du alpha_pr  ls
 620  7.5956078e-02 3.75e-03 1.57e+00  -4.0 2.15e-01    -  1.00e+00 1.00e+00h  1
 621  7.5202173e-02 1.49e-03 4.80e-01  -4.1 1.47e-01    -  1.00e+00 1.00e+00h  1
 622  7.5480885e-02 6.52e-04 5.31e-01  -4.1 1.01e-01    -  1.00e+00 1.00e+00h  1
 623  7.5967911e-02 4.37e-04 1.83e+00  -4.0 1.00e-01    -  1.00e+00 5.00e-01h  2
 624  7.6845424e-02 2.24e-04 5.31e-01  -4.0 5.85e-02    -  1.00e+00 1.00e+00h  1
 625  7.7036735e-02 1.19e-04 2.91e-01  -4.0 4.27e-02    -  1.00e+00 1.00e+00h  1
 626  7.7298041e-02 3.83e-05 2.50e-01  -4.0 2.58e-02    -  1.00e+00 1.00e+00h  1
 627  7.7375227e-02 9.27e-06 8.74e-02  -4.0 1.46e-02    -  1.00e+00 1.00e+00h  1
 628  7.7470098e-02 1.93e-05 1.29e-01  -4.0 1.79e-02    -  1.00e+00 1.00e+00h  1
 629  7.6879876e-02 2.99e-05 5.60e-02  -4.1 3.22e-02    -  1.00e+00 1.00e+00h  1
iter    objective    inf_pr   inf_du lg(mu)  ||d||  lg(rg) alpha_du alpha_pr  ls
 630  7.7544413e-02 1.44e-04 2.03e-01  -4.0 4.45e-02    -  1.00e+00 1.00e+00h  1
 631  7.6144617e-02 2.43e-04 2.17e-01  -4.1 7.10e-02    -  1.00e+00 1.00e+00h  1
 632  7.4353103e-02 2.54e-03 1.57e+00  -4.1 2.73e-01    -  1.00e+00 1.00e+00h  1
 633  7.2789358e-02 2.31e-03 7.95e-01  -4.1 1.95e-01    -  7.05e-01 1.00e+00h  1
 634  7.5976393e-02 5.00e-03 8.62e-01  -4.0 2.71e-01    -  1.00e+00 1.00e+00h  1
 635  7.2887807e-02 4.21e-03 3.35e-01  -4.1 2.41e-01    -  1.00e+00 1.00e+00h  1
 636  7.3309689e-02 3.54e-03 9.97e-01  -4.1 2.69e-01    -  5.43e-01 5.00e-01h  2
 637  7.2685278e-02 1.52e-03 2.54e-01  -4.1 1.09e-01    -  1.00e+00 1.00e+00h  1
 638  7.5614498e-02 3.40e-03 1.39e+00  -3.7 3.34e-01    -  1.00e+00 5.18e-01h  1
 639  7.8484161e-02 2.66e-03 7.22e-01  -3.8 2.00e-01    -  1.00e+00 1.00e+00h  1
iter    objective    inf_pr   inf_du lg(mu)  ||d||  lg(rg) alpha_du alpha_pr  ls
 640  7.7538751e-02 2.73e-03 1.40e+00  -3.8 3.37e-01    -  1.00e+00 1.00e+00h  1
 641  7.7254714e-02 1.39e-03 4.21e-01  -3.8 1.35e-01    -  1.00e+00 1.00e+00h  1
 642  7.9959414e-02 7.18e-04 1.71e+00  -3.8 1.62e-01    -  1.00e+00 7.56e-01H  1
 643  8.0420894e-02 7.14e-04 5.51e-01  -3.8 7.23e-02    -  1.00e+00 1.00e+00f  1
 644  8.0679471e-02 8.28e-04 1.82e+00  -3.8 1.15e-01    -  1.00e+00 1.00e+00H  1
 645  7.9954384e-02 6.17e-04 1.90e-01  -3.8 9.10e-02    -  1.00e+00 1.00e+00h  1
 646  8.0679627e-02 2.31e-04 2.74e-01  -3.8 7.85e-02    -  1.00e+00 1.00e+00h  1
 647  8.0679926e-02 1.53e-04 3.42e-01  -3.8 4.71e-02    -  1.00e+00 1.00e+00h  1
 648  8.0726965e-02 6.47e-05 1.47e-01  -3.8 2.71e-02    -  1.00e+00 1.00e+00h  1
 649  8.0920201e-02 1.45e-05 8.98e-02  -3.8 9.35e-03    -  1.00e+00 1.00e+00h  1
iter    objective    inf_pr   inf_du lg(mu)  ||d||  lg(rg) alpha_du alpha_pr  ls
 650  8.1022388e-02 1.59e-05 1.36e-01  -3.8 1.56e-02    -  1.00e+00 1.00e+00h  1
 651  8.1291647e-02 6.92e-06 3.25e-01  -3.8 3.21e-02    -  1.00e+00 1.00e+00H  1
 652  8.0879134e-02 1.02e-04 1.99e-01  -3.8 3.34e-02    -  1.00e+00 1.00e+00h  1
 653  8.1015850e-02 3.01e-05 1.22e-01  -3.8 1.57e-02    -  1.00e+00 1.00e+00h  1
 654  8.1090519e-02 7.55e-06 7.66e-02  -3.8 1.13e-02    -  1.00e+00 1.00e+00h  1
 655  8.1216580e-02 8.64e-06 2.09e-01  -3.8 3.57e-02    -  1.00e+00 1.00e+00H  1
 656  8.1543325e-02 5.34e-06 4.45e-01  -3.8 6.34e-02    -  1.00e+00 1.00e+00H  1
 657  8.1446605e-02 2.20e-04 7.25e-01  -3.8 1.18e-01    -  1.00e+00 5.00e-01h  2
 658  8.1377302e-02 1.51e-04 2.58e+00  -3.8 1.45e-01    -  1.00e+00 2.50e-01h  3
 659  8.1440286e-02 2.79e-04 5.89e-01  -3.8 6.06e-02    -  1.00e+00 1.00e+00h  1
iter    objective    inf_pr   inf_du lg(mu)  ||d||  lg(rg) alpha_du alpha_pr  ls
 660  8.1436076e-02 1.40e-04 9.91e-02  -3.8 4.99e-02    -  1.00e+00 1.00e+00h  1
 661  8.1655424e-02 6.08e-05 1.52e-01  -3.8 3.27e-02    -  1.00e+00 1.00e+00h  1
 662  8.2011775e-02 2.23e-06 7.55e-01  -3.8 8.74e-02    -  1.00e+00 1.00e+00H  1
 663  8.1647151e-02 2.69e-04 3.21e-01  -3.8 4.73e-02    -  1.00e+00 1.00e+00h  1
 664  8.1487236e-02 1.60e-04 4.12e-01  -3.8 5.47e-02    -  1.00e+00 1.00e+00h  1
 665  8.1544079e-02 7.40e-05 2.57e-01  -3.8 3.29e-02    -  1.00e+00 1.00e+00h  1
 666  8.1769966e-02 1.38e-05 2.32e-01  -3.8 2.73e-02    -  1.00e+00 1.00e+00H  1
 667  8.1832213e-02 2.53e-05 1.26e-01  -3.8 1.70e-02    -  1.00e+00 1.00e+00h  1
 668  8.1828910e-02 2.26e-05 1.71e-01  -3.8 1.00e-01    -  1.00e+00 6.25e-02h  5
 669  8.1988586e-02 1.44e-06 5.93e-01  -3.8 1.03e-01    -  1.00e+00 1.00e+00H  1
iter    objective    inf_pr   inf_du lg(mu)  ||d||  lg(rg) alpha_du alpha_pr  ls
 670  8.1546195e-02 6.66e-04 7.67e-01  -3.8 7.63e-02    -  1.00e+00 1.00e+00h  1
 671  8.1278211e-02 4.50e-04 7.33e-01  -3.8 1.19e-01    -  1.00e+00 5.00e-01h  2
 672  8.1591799e-02 1.20e-04 3.13e-01  -3.8 5.09e-02    -  1.00e+00 1.00e+00h  1
 673  8.1503517e-02 5.17e-04 1.48e+00  -3.8 4.75e-01    -  1.00e+00 2.50e-01h  3
 674  8.1324791e-02 4.02e-04 2.60e-01  -3.8 9.40e-02    -  1.00e+00 1.00e+00h  1
 675  8.1684664e-02 7.22e-05 2.68e-01  -3.8 5.25e-02    -  1.00e+00 1.00e+00H  1
 676  8.1544255e-02 9.49e-05 1.02e+00  -3.8 1.55e-01    -  1.00e+00 2.50e-01h  3
 677  8.1490362e-02 9.29e-05 1.53e+00  -3.8 1.67e-01    -  1.00e+00 1.25e-01h  4
 678  8.1389670e-02 1.16e-04 2.86e+00  -3.8 2.69e-01    -  1.00e+00 1.25e-01h  4
 679  8.1949299e-02 1.91e-05 7.31e-01  -3.8 1.56e-01    -  1.00e+00 1.00e+00H  1
iter    objective    inf_pr   inf_du lg(mu)  ||d||  lg(rg) alpha_du alpha_pr  ls
 680  8.1718902e-02 5.72e-05 8.06e-01  -3.8 2.20e-01    -  1.00e+00 1.25e-01h  4
 681  7.8866061e-02 9.71e-03 3.21e+00  -3.8 3.85e-01    -  1.00e+00 1.00e+00h  1
 682  7.8175258e-02 2.59e-03 6.11e-01  -3.8 2.23e-01    -  1.00e+00 1.00e+00h  1
 683  7.8370092e-02 1.89e-03 1.82e+00  -3.8 3.00e-01    -  1.00e+00 2.50e-01h  3
 684  7.8319725e-02 1.76e-03 2.58e+00  -3.8 8.75e-01    -  1.00e+00 6.25e-02h  5
 685  7.8364225e-02 1.65e-03 1.57e+00  -3.8 4.57e-01    -  1.00e+00 6.25e-02h  5
 686  7.8331231e-02 1.60e-03 9.62e-01  -3.8 1.27e+00    -  1.00e+00 3.12e-02h  6
 687  7.8297072e-02 1.49e-03 1.15e+00  -3.8 9.02e-01    -  1.00e+00 6.25e-02h  5
 688  7.8287744e-02 1.38e-03 8.13e-01  -3.8 5.79e-01    -  1.00e+00 6.25e-02h  5
 689  7.8293771e-02 1.37e-03 2.46e+00  -3.8 1.22e+00    -  1.00e+00 1.56e-02h  7
iter    objective    inf_pr   inf_du lg(mu)  ||d||  lg(rg) alpha_du alpha_pr  ls
 690  7.8295224e-02 1.35e-03 6.04e-01  -3.8 1.11e+00    -  1.00e+00 1.56e-02h  7
 691  7.8289067e-02 1.30e-03 6.33e-01  -3.8 1.21e+00    -  1.00e+00 3.12e-02h  6
 692  7.8283806e-02 1.28e-03 1.51e+00  -3.8 1.27e+00    -  1.00e+00 1.56e-02h  7
 693  7.8279087e-02 1.26e-03 9.15e-01  -3.8 1.74e+00    -  1.00e+00 1.56e-02h  7
 694  7.8253324e-02 1.22e-03 7.01e-01  -3.8 1.69e+00    -  1.00e+00 3.12e-02h  6
 695  7.8256456e-02 1.22e-03 7.13e-01  -3.8 1.31e+00    -  1.00e+00 7.81e-03h  8
 696  7.8240104e-02 1.20e-03 7.49e-01  -3.8 1.94e+00    -  1.00e+00 1.56e-02h  7
 697  7.8243503e-02 1.18e-03 1.39e+00  -3.8 1.30e+00    -  1.00e+00 1.56e-02h  7
 698  7.8240327e-02 1.16e-03 7.76e-01  -3.8 1.56e+00    -  1.00e+00 1.56e-02h  7
 699  7.8237780e-02 1.14e-03 8.78e-01  -3.8 1.26e+00    -  1.00e+00 1.56e-02h  7
iter    objective    inf_pr   inf_du lg(mu)  ||d||  lg(rg) alpha_du alpha_pr  ls
 700  7.8239914e-02 1.12e-03 8.17e-01  -3.8 1.32e+00    -  1.00e+00 1.56e-02h  7
 701  7.8239370e-02 1.11e-03 8.36e-01  -3.8 1.29e+00    -  1.00e+00 1.56e-02h  7
 702  7.8237353e-02 1.09e-03 9.24e-01  -3.8 1.50e+00    -  1.00e+00 1.56e-02h  7
 703  7.8238901e-02 1.05e-03 8.97e-01  -3.8 1.09e+00    -  1.00e+00 3.12e-02h  6
 704  7.8238817e-02 1.04e-03 1.17e+00  -3.8 1.75e+00    -  1.00e+00 7.81e-03h  8
 705  7.8240930e-02 1.03e-03 9.53e-01  -3.8 1.15e+00    -  1.00e+00 1.56e-02h  7
 706  7.8237182e-02 9.96e-04 9.86e-01  -3.8 1.03e+00    -  1.00e+00 3.12e-02h  6
 707  7.8248976e-02 9.63e-04 1.00e+00  -3.8 8.63e-01    -  1.00e+00 3.12e-02h  6
 708  7.8249987e-02 9.48e-04 1.04e+00  -3.8 1.16e+00    -  1.00e+00 1.56e-02h  7
 709  7.8244428e-02 9.17e-04 1.05e+00  -3.8 8.62e-01    -  1.00e+00 3.12e-02h  6
iter    objective    inf_pr   inf_du lg(mu)  ||d||  lg(rg) alpha_du alpha_pr  ls
 710  7.8248128e-02 8.89e-04 1.10e+00  -3.8 1.04e+00    -  1.00e+00 3.12e-02h  6
 711  7.8250961e-02 8.61e-04 1.14e+00  -3.8 9.19e-01    -  1.00e+00 3.12e-02h  6
 712  7.8250717e-02 8.34e-04 1.18e+00  -3.8 8.86e-01    -  1.00e+00 3.12e-02h  6
 713  7.8258725e-02 7.81e-04 1.22e+00  -3.8 7.64e-01    -  1.00e+00 6.25e-02h  5
 714  7.8557660e-02 8.06e-04 2.20e+00  -3.8 7.88e-01    -  1.00e+00 1.00e+00H  1
 715  7.8313234e-02 5.95e-04 2.01e+00  -3.8 3.73e-01    -  1.00e+00 5.00e-01h  2
 716  7.7634672e-02 1.46e-03 1.55e+00  -3.8 4.24e-01    -  1.00e+00 5.00e-01h  2
 717  7.8475151e-02 4.73e-04 8.91e-01  -3.8 2.21e-01    -  1.00e+00 1.00e+00H  1
 718  7.7474767e-02 1.05e-02 2.11e+00  -3.8 3.96e-01    -  6.92e-01 1.00e+00h  1
 719  7.5652496e-02 1.58e-02 7.71e-01  -3.8 4.20e-01    -  1.00e+00 1.00e+00h  1
iter    objective    inf_pr   inf_du lg(mu)  ||d||  lg(rg) alpha_du alpha_pr  ls
 720  7.5974308e-02 8.90e-03 8.51e-01  -3.8 5.45e-01    -  1.00e+00 9.02e-01h  1
 721  7.5419045e-02 1.05e-02 3.49e-01  -3.8 4.16e-01    -  1.00e+00 1.00e+00h  1
 722  7.6117866e-02 4.96e-03 5.95e-01  -3.8 3.18e-01    -  1.00e+00 5.00e-01h  2
 723  7.6580972e-02 2.06e-03 3.03e-01  -3.8 2.00e-01    -  1.00e+00 1.00e+00h  1
 724  7.7437959e-02 7.36e-04 3.50e-01  -3.8 1.58e-01    -  1.00e+00 1.00e+00h  1
 725  7.7911993e-02 4.76e-04 1.19e+00  -3.8 1.18e-01    -  1.00e+00 5.94e-01H  1
 726  7.7429026e-02 1.27e-03 3.45e-01  -3.8 1.31e-01    -  1.00e+00 1.00e+00f  1
 727  7.7555401e-02 5.51e-04 7.52e-01  -3.8 1.19e-01    -  1.00e+00 1.00e+00h  1
 728  7.7658400e-02 4.63e-04 2.13e-01  -3.8 6.03e-02    -  1.00e+00 1.00e+00h  1
 729  7.8213618e-02 1.77e-04 5.40e-01  -3.8 8.77e-02    -  1.00e+00 1.00e+00H  1
iter    objective    inf_pr   inf_du lg(mu)  ||d||  lg(rg) alpha_du alpha_pr  ls
 730  7.7967253e-02 2.33e-04 1.54e-01  -3.8 6.38e-02    -  1.00e+00 1.00e+00h  1
 731  7.8195571e-02 2.05e-04 4.14e-01  -3.8 5.14e-02    -  1.00e+00 1.00e+00h  1
 732  7.8047160e-02 6.60e-05 1.03e-01  -3.8 3.30e-02    -  1.00e+00 1.00e+00h  1
 733  7.8176016e-02 2.82e-05 1.59e-01  -3.8 1.95e-02    -  1.00e+00 1.00e+00h  1
 734  7.8178854e-02 1.80e-05 9.94e-02  -3.8 2.02e-02    -  1.00e+00 1.00e+00h  1
 735  7.8197230e-02 1.96e-05 1.12e-01  -3.8 1.46e-02    -  1.00e+00 1.00e+00h  1
 736  7.8207833e-02 1.17e-05 7.34e-02  -3.8 1.03e-02    -  1.00e+00 1.00e+00h  1
 737  7.8238618e-02 6.24e-06 2.29e-02  -3.8 4.79e-03    -  1.00e+00 1.00e+00h  1
 738  7.6938493e-02 1.64e-04 2.42e-01  -4.0 8.55e-02    -  1.00e+00 1.00e+00h  1
 739  7.3643641e-02 1.30e-03 5.73e-01  -4.1 1.79e-01    -  1.00e+00 1.00e+00h  1
iter    objective    inf_pr   inf_du lg(mu)  ||d||  lg(rg) alpha_du alpha_pr  ls
 740  7.1329389e-02 2.13e-03 7.97e-01  -4.1 2.07e-01    -  1.00e+00 1.00e+00h  1
 741  7.4284681e-02 7.74e-03 1.90e+00  -3.8 3.86e-01    -  9.09e-01 1.00e+00h  1
 742  7.4052809e-02 2.61e-03 5.50e-01  -4.0 2.26e-01    -  1.00e+00 1.00e+00h  1
 743  7.2155295e-02 9.56e-04 4.01e-01  -4.0 2.48e-01    -  1.00e+00 7.56e-01H  1
 744  7.2428577e-02 1.41e-03 7.17e-01  -4.0 1.39e-01    -  9.98e-01 1.00e+00h  1
 745  7.2814558e-02 8.89e-04 2.83e-01  -4.0 1.17e-01    -  1.00e+00 1.00e+00h  1
 746  7.3871600e-02 5.27e-04 5.01e-01  -4.0 8.72e-02    -  1.00e+00 1.00e+00h  1
 747  7.3777693e-02 3.54e-04 3.68e-01  -4.0 7.55e-02    -  1.00e+00 1.00e+00h  1
 748  7.3917569e-02 2.40e-04 5.48e-01  -4.0 8.11e-02    -  1.00e+00 1.00e+00h  1
 749  7.3801472e-02 1.21e-04 7.57e-02  -4.0 5.69e-02    -  1.00e+00 1.00e+00h  1
iter    objective    inf_pr   inf_du lg(mu)  ||d||  lg(rg) alpha_du alpha_pr  ls
 750  7.4101937e-02 3.38e-05 1.07e-01  -4.0 3.01e-02    -  1.00e+00 1.00e+00h  1
 751  7.4282876e-02 2.62e-05 1.31e-01  -4.0 1.85e-02    -  1.00e+00 1.00e+00h  1
 752  7.3721295e-02 1.11e-04 1.78e-01  -4.1 2.68e-02    -  1.00e+00 1.00e+00h  1
 753  7.3193727e-02 3.75e-04 7.78e-01  -4.0 5.78e-02    -  1.00e+00 1.00e+00h  1
 754  7.3244753e-02 2.41e-04 1.83e-01  -4.0 5.09e-02    -  1.00e+00 1.00e+00h  1
 755  7.3673792e-02 7.54e-05 1.55e-01  -4.0 3.22e-02    -  1.00e+00 1.00e+00h  1
 756  7.3564215e-02 2.95e-05 1.13e-01  -4.0 2.62e-02    -  1.00e+00 1.00e+00h  1
 757  7.3403615e-02 5.22e-05 1.78e-01  -4.0 3.13e-02    -  1.00e+00 1.00e+00h  1
 758  7.3421005e-02 2.24e-05 5.45e-02  -4.0 1.74e-02    -  1.00e+00 1.00e+00h  1
 759  7.3427693e-02 4.21e-06 3.58e-02  -4.0 8.42e-03    -  1.00e+00 1.00e+00h  1
iter    objective    inf_pr   inf_du lg(mu)  ||d||  lg(rg) alpha_du alpha_pr  ls
 760  7.3185041e-02 8.11e-05 2.49e-01  -4.0 3.77e-02    -  1.00e+00 1.00e+00h  1
 761  7.2862219e-02 2.22e-04 4.52e-01  -4.0 6.53e-02    -  1.00e+00 1.00e+00h  1
 762  7.3039438e-02 1.97e-04 4.64e-01  -4.0 7.41e-02    -  1.00e+00 1.00e+00h  1
 763  7.2732541e-02 2.33e-04 3.06e-01  -4.0 7.17e-02    -  1.00e+00 1.00e+00h  1
 764  7.2804587e-02 9.59e-04 1.15e+00  -4.0 1.27e-01    -  1.00e+00 1.00e+00h  1
 765  7.2575873e-02 4.28e-04 1.61e-01  -4.0 8.87e-02    -  1.00e+00 1.00e+00h  1
 766  7.2558581e-02 1.38e-04 2.14e-01  -4.0 3.73e-02    -  1.00e+00 1.00e+00h  1
 767  7.2762613e-02 1.71e-04 2.68e-01  -4.0 3.20e-02    -  1.00e+00 1.00e+00h  1
 768  7.2808496e-02 7.60e-05 1.18e-01  -4.0 4.24e-02    -  1.00e+00 1.00e+00h  1
 769  7.2761429e-02 3.99e-05 1.28e-01  -4.0 2.15e-02    -  1.00e+00 1.00e+00h  1
iter    objective    inf_pr   inf_du lg(mu)  ||d||  lg(rg) alpha_du alpha_pr  ls
 770  7.2808219e-02 2.85e-05 1.43e-01  -4.0 2.38e-02    -  1.00e+00 1.00e+00h  1
 771  7.2883318e-02 4.99e-06 1.00e-01  -4.0 2.14e-02    -  1.00e+00 1.00e+00H  1
 772  7.2902162e-02 3.19e-05 1.60e-01  -4.0 2.76e-02    -  1.00e+00 1.00e+00h  1
 773  7.2591750e-02 6.66e-05 1.20e-01  -4.1 3.16e-02    -  1.00e+00 1.00e+00h  1
 774  7.2696033e-02 2.79e-04 5.07e-01  -4.0 8.37e-02    -  1.00e+00 1.00e+00h  1
 775  7.2401708e-02 1.34e-04 1.52e-01  -4.1 5.33e-02    -  1.00e+00 1.00e+00h  1
 776  7.2655818e-02 7.29e-05 2.31e-01  -4.0 2.25e-02    -  1.00e+00 1.00e+00h  1
 777  7.2633541e-02 2.38e-05 9.94e-02  -4.0 1.82e-02    -  1.00e+00 1.00e+00h  1
 778  7.2669274e-02 7.86e-06 4.97e-02  -4.0 8.23e-03    -  1.00e+00 1.00e+00h  1
 779  7.2710504e-02 3.10e-06 2.90e-02  -4.0 5.72e-03    -  1.00e+00 1.00e+00h  1
iter    objective    inf_pr   inf_du lg(mu)  ||d||  lg(rg) alpha_du alpha_pr  ls
 780  7.2801841e-02 8.22e-06 5.29e-02  -4.0 8.15e-03    -  1.00e+00 1.00e+00h  1
 781  7.2274246e-02 4.43e-05 1.06e-01  -4.1 3.30e-02    -  1.00e+00 1.00e+00h  1
 782  7.2784933e-02 4.12e-05 8.76e-02  -4.0 3.27e-02    -  1.00e+00 1.00e+00h  1
 783  7.1652568e-02 1.53e-04 2.54e-01  -4.1 8.17e-02    -  1.00e+00 1.00e+00h  1
 784  7.2898437e-02 3.09e-04 4.63e-01  -4.0 1.05e-01    -  1.00e+00 1.00e+00h  1
 785  7.0642865e-02 1.22e-03 1.20e+00  -4.1 1.40e-01    -  1.00e+00 1.00e+00h  1
 786  7.2149398e-02 7.85e-04 2.46e-01  -4.0 9.77e-02    -  1.00e+00 1.00e+00h  1
 787  7.0688225e-02 4.97e-03 1.91e+00  -4.1 2.44e-01    -  1.00e+00 1.00e+00h  1
 788  7.0265971e-02 1.73e-03 2.75e-01  -4.1 1.34e-01    -  1.00e+00 1.00e+00h  1
 789  7.2453754e-02 7.58e-04 3.84e-01  -4.0 1.09e-01    -  1.00e+00 1.00e+00H  1
iter    objective    inf_pr   inf_du lg(mu)  ||d||  lg(rg) alpha_du alpha_pr  ls
 790  7.1142117e-02 6.16e-04 1.64e-01  -4.1 9.26e-02    -  9.47e-01 1.00e+00h  1
 791  7.2627161e-02 3.82e-04 6.02e-01  -4.0 1.27e-01    -  1.00e+00 7.63e-01H  1
 792  7.1115974e-02 5.28e-04 1.60e-01  -4.1 1.02e-01    -  1.00e+00 1.00e+00h  1
 793  7.0731997e-02 2.09e-03 1.15e+00  -4.1 2.01e-01    -  1.00e+00 1.00e+00h  1
 794  7.0158014e-02 9.19e-04 3.20e-01  -4.1 1.14e-01    -  1.00e+00 1.00e+00h  1
 795  7.2840991e-02 3.45e-04 1.38e+00  -4.0 1.48e-01    -  6.34e-01 7.08e-01H  1
 796  6.9978524e-02 9.84e-04 3.97e-01  -4.1 1.65e-01    -  1.00e+00 1.00e+00h  1
 797  7.8942944e-02 3.27e-02 3.17e+00  -3.8 7.39e-01    -  9.76e-01 1.00e+00h  1
 798  7.2888182e-02 1.98e-02 9.25e-01  -3.9 4.26e-01    -  1.00e+00 1.00e+00h  1
 799  7.0785292e-02 9.16e-03 1.35e+00  -3.9 3.52e-01    -  9.57e-01 5.35e-01h  1
iter    objective    inf_pr   inf_du lg(mu)  ||d||  lg(rg) alpha_du alpha_pr  ls
 800  7.1119576e-02 4.70e-03 9.38e-01  -3.9 2.60e-01    -  1.00e+00 5.85e-01h  1
 801  7.4927001e-02 2.85e-03 4.52e-01  -3.9 2.24e-01    -  1.00e+00 1.00e+00h  1
 802  7.4159664e-02 4.21e-03 6.43e-01  -3.9 2.80e-01    -  1.00e+00 1.00e+00h  1
 803  7.3456665e-02 2.64e-03 3.32e-01  -3.9 2.03e-01    -  1.00e+00 1.00e+00h  1
 804  7.5675618e-02 1.03e-03 7.78e-01  -3.9 1.53e-01    -  1.00e+00 1.00e+00h  1
 805  7.5468580e-02 6.73e-04 3.82e-01  -3.9 1.04e-01    -  1.00e+00 1.00e+00h  1
 806  7.7836424e-02 1.82e-04 8.81e-01  -3.9 1.20e-01    -  1.00e+00 1.00e+00H  1
 807  7.7121668e-02 6.44e-04 8.48e-01  -3.9 1.21e-01    -  1.00e+00 1.00e+00H  1
 808  7.5757854e-02 7.35e-04 9.77e-01  -3.9 1.50e-01    -  1.00e+00 1.00e+00h  1
 809  7.6210263e-02 2.79e-04 2.93e-01  -3.9 7.42e-02    -  1.00e+00 1.00e+00h  1
iter    objective    inf_pr   inf_du lg(mu)  ||d||  lg(rg) alpha_du alpha_pr  ls
 810  7.6896262e-02 1.35e-04 2.85e-01  -3.9 4.53e-02    -  1.00e+00 1.00e+00h  1
 811  7.6887251e-02 3.56e-05 1.73e-01  -3.9 2.29e-02    -  1.00e+00 1.00e+00h  1
 812  7.6752282e-02 4.47e-05 1.94e-01  -3.9 2.08e-02    -  1.00e+00 1.00e+00h  1
 813  7.6917193e-02 1.43e-05 3.85e-02  -3.9 1.83e-02    -  1.00e+00 1.00e+00h  1
 814  7.6926772e-02 1.75e-06 2.82e-02  -3.9 5.24e-03    -  1.00e+00 1.00e+00h  1
 815  7.6832426e-02 3.14e-06 1.11e-01  -3.9 2.67e-02    -  1.00e+00 1.00e+00H  1
 816  7.6624889e-02 1.25e-06 4.91e-01  -3.9 7.41e-02    -  1.00e+00 1.00e+00H  1
 817  7.4972891e-02 5.01e-04 4.08e-01  -4.0 9.80e-02    -  1.00e+00 1.00e+00h  1
 818  7.1710034e-02 2.59e-03 1.57e+00  -4.1 2.79e-01    -  1.00e+00 1.00e+00h  1
 819  7.1671518e-02 9.85e-04 5.86e-01  -4.1 1.24e-01    -  1.00e+00 8.63e-01h  1
iter    objective    inf_pr   inf_du lg(mu)  ||d||  lg(rg) alpha_du alpha_pr  ls
 820  7.1815141e-02 5.95e-04 1.28e+00  -4.1 1.40e-01    -  3.68e-01 1.00e+00f  1
 821  7.2182664e-02 2.30e-04 1.59e+00  -4.1 6.77e-02    -  6.63e-01 1.00e+00h  1
 822  7.3448423e-02 6.37e-05 8.35e-01  -4.0 6.92e-02    -  1.00e+00 1.00e+00H  1
 823  7.2105832e-02 3.64e-04 2.05e-01  -4.1 7.06e-02    -  1.00e+00 1.00e+00h  1
 824  6.9873530e-02 3.57e-03 1.27e+00  -4.1 2.40e-01    -  6.17e-01 1.00e+00h  1
 825  7.0862201e-02 1.36e-03 5.69e-01  -4.0 1.57e-01    -  1.00e+00 1.00e+00h  1
 826  7.0092687e-02 1.08e-03 6.48e-01  -4.1 1.84e-01    -  1.00e+00 6.52e-01h  1
 827  7.1910349e-02 1.04e-03 1.52e-01  -4.0 1.41e-01    -  1.00e+00 1.00e+00f  1
 828  7.1785795e-02 1.85e-04 2.30e-01  -4.1 6.64e-02    -  1.00e+00 1.00e+00h  1
 829  7.3240512e-02 6.11e-05 2.15e-01  -4.0 6.88e-02    -  1.00e+00 1.00e+00H  1
iter    objective    inf_pr   inf_du lg(mu)  ||d||  lg(rg) alpha_du alpha_pr  ls
 830  7.1034485e-02 1.79e-03 9.39e-01  -4.1 2.28e-01    -  1.00e+00 1.00e+00h  1
 831  6.9854894e-02 1.65e-03 2.46e-01  -4.1 1.23e-01    -  1.00e+00 1.00e+00h  1
 832  7.3106900e-02 2.64e-04 6.95e-01  -4.0 1.89e-01    -  7.13e-01 1.00e+00H  1
 833  7.0045375e-02 3.98e-03 1.06e+00  -4.1 2.27e-01    -  1.00e+00 1.00e+00h  1
 834  6.6895604e-02 3.95e-03 7.19e-01  -4.1 2.08e-01    -  1.00e+00 8.80e-01h  1
 835  7.1467557e-02 4.26e-03 3.32e+00  -4.0 2.64e-01    -  5.53e-01 1.00e+00h  1
 836  6.7898618e-02 6.27e-03 7.83e-01  -4.1 3.41e-01    -  1.00e+00 1.00e+00h  1
 837  6.5323559e-02 7.02e-03 4.72e-01  -4.1 3.34e-01    -  1.00e+00 9.51e-01h  1
 838  7.1589108e-02 4.82e-03 4.56e-01  -3.8 6.80e-01    -  1.00e+00 5.67e-01f  1
 839  7.5321699e-02 1.18e-02 1.11e+00  -3.9 4.57e-01    -  1.00e+00 1.00e+00h  1
iter    objective    inf_pr   inf_du lg(mu)  ||d||  lg(rg) alpha_du alpha_pr  ls
 840  7.1659456e-02 1.11e-02 2.89e-01  -3.9 4.01e-01    -  1.00e+00 1.00e+00h  1
 841  7.4579269e-02 2.04e-03 4.38e-01  -3.9 2.06e-01    -  1.00e+00 1.00e+00h  1
 842  7.3595828e-02 6.16e-03 2.24e+00  -3.9 3.74e-01    -  1.00e+00 1.00e+00h  1
 843  7.2679263e-02 2.65e-03 4.89e-01  -3.9 2.46e-01    -  1.00e+00 1.00e+00h  1
 844  7.2598975e-02 3.30e-03 3.17e-01  -3.9 2.88e-01    -  1.00e+00 1.00e+00h  1
 845  7.5189753e-02 1.94e-03 8.66e-01  -3.9 1.41e-01    -  1.00e+00 9.29e-01H  1
 846  7.4807721e-02 1.16e-03 5.46e-01  -3.9 9.46e-02    -  1.00e+00 9.71e-01f  1
 847  7.5061322e-02 8.78e-04 5.55e-01  -3.9 1.38e-01    -  1.00e+00 1.00e+00f  1
 848  7.5537950e-02 3.83e-04 3.26e-01  -3.9 7.22e-02    -  1.00e+00 1.00e+00h  1
 849  7.5845966e-02 2.26e-04 4.95e-01  -3.9 4.69e-02    -  1.00e+00 1.00e+00h  1
iter    objective    inf_pr   inf_du lg(mu)  ||d||  lg(rg) alpha_du alpha_pr  ls
 850  7.6021636e-02 9.34e-05 1.89e-01  -3.9 3.70e-02    -  1.00e+00 1.00e+00h  1
 851  7.6133929e-02 3.64e-05 1.62e-01  -3.9 2.21e-02    -  1.00e+00 1.00e+00h  1
 852  7.6231579e-02 8.80e-06 3.52e-02  -3.9 1.34e-02    -  1.00e+00 1.00e+00h  1
 853  7.6300925e-02 1.58e-05 8.15e-02  -3.9 1.21e-02    -  1.00e+00 1.00e+00h  1
 854  7.6364156e-02 8.44e-06 1.05e-01  -3.9 1.63e-02    -  1.00e+00 1.00e+00h  1
 855  7.6295615e-02 1.86e-05 7.63e-02  -3.9 1.50e-02    -  1.00e+00 1.00e+00h  1
 856  7.6278176e-02 1.64e-05 7.40e-02  -3.9 1.15e-02    -  1.00e+00 1.00e+00h  1
 857  7.6241445e-02 5.39e-06 1.62e-01  -3.9 2.18e-02    -  1.00e+00 1.00e+00H  1
 858  7.6243928e-02 1.81e-05 3.64e-02  -3.9 1.48e-02    -  1.00e+00 1.00e+00h  1
 859  7.6249792e-02 3.10e-06 3.74e-02  -3.9 6.58e-03    -  1.00e+00 1.00e+00h  1
iter    objective    inf_pr   inf_du lg(mu)  ||d||  lg(rg) alpha_du alpha_pr  ls
 860  7.6206108e-02 8.95e-06 6.32e-02  -3.9 5.51e-03    -  1.00e+00 1.00e+00h  1
 861  7.6093404e-02 2.17e-06 1.16e-01  -3.9 2.80e-02    -  1.00e+00 1.00e+00H  1
 862  7.4501815e-02 3.96e-04 3.18e-01  -4.0 1.62e-01    -  1.00e+00 1.00e+00h  1
 863  7.1389983e-02 3.28e-03 7.20e-01  -4.1 2.40e-01    -  1.00e+00 1.00e+00h  1
 864  7.0252190e-02 2.52e-03 1.16e+00  -4.1 2.30e-01    -  1.00e+00 1.00e+00h  1
 865  7.1191637e-02 1.08e-03 2.37e+00  -4.1 1.89e-01    -  7.48e-01 1.00e+00h  1
 866  7.1473305e-02 6.98e-04 2.09e+00  -4.1 1.71e-01    -  1.00e+00 6.04e-01H  1
 867  7.1590673e-02 6.64e-04 3.98e-01  -4.1 7.62e-02    -  6.96e-01 1.00e+00f  1
 868  7.1877910e-02 2.98e-04 4.80e-01  -4.1 5.06e-02    -  1.00e+00 1.00e+00h  1
 869  7.2776346e-02 4.31e-04 2.47e-01  -4.0 5.19e-02    -  1.00e+00 1.00e+00h  1
iter    objective    inf_pr   inf_du lg(mu)  ||d||  lg(rg) alpha_du alpha_pr  ls
 870  7.2320595e-02 2.50e-04 3.90e-01  -4.1 5.11e-02    -  1.00e+00 1.00e+00h  1
 871  7.2049740e-02 9.43e-05 1.60e-01  -4.1 2.92e-02    -  1.00e+00 1.00e+00h  1
 872  7.2865413e-02 3.93e-04 1.77e-01  -4.0 6.91e-02    -  1.00e+00 1.00e+00h  1
 873  7.1820738e-02 4.01e-04 2.05e-01  -4.1 1.14e-01    -  1.00e+00 1.00e+00h  1
 874  7.1789887e-02 8.55e-05 7.99e-01  -4.1 1.04e-01    -  1.00e+00 9.38e-01H  1
 875  7.2095510e-02 3.44e-04 1.46e-01  -4.0 7.99e-02    -  1.00e+00 1.00e+00f  1
 876  7.2491809e-02 6.09e-04 1.43e+00  -4.1 1.76e-01    -  7.89e-01 4.63e-01H  1
 877  7.1500132e-02 3.35e-04 1.12e-01  -4.1 6.93e-02    -  1.00e+00 1.00e+00f  1
 878  7.2947251e-02 1.01e-04 4.09e-01  -4.0 9.62e-02    -  1.00e+00 1.00e+00H  1
 879  7.1168435e-02 6.83e-04 3.30e-01  -4.1 1.21e-01    -  1.00e+00 1.00e+00h  1
iter    objective    inf_pr   inf_du lg(mu)  ||d||  lg(rg) alpha_du alpha_pr  ls
 880  6.9537672e-02 2.32e-03 7.91e-01  -4.1 1.60e-01    -  1.00e+00 1.00e+00h  1
 881  7.2265767e-02 2.07e-03 2.74e-01  -4.0 1.88e-01    -  1.00e+00 1.00e+00h  1
 882  6.9633152e-02 1.39e-02 2.64e+00  -4.1 9.07e-01    -  1.00e+00 1.00e+00h  1
 883  6.9211566e-02 3.97e-03 6.28e-01  -4.1 3.96e-01    -  1.00e+00 1.00e+00h  1
 884  7.1074314e-02 2.18e-03 2.23e-01  -4.0 3.44e-01    -  1.00e+00 1.00e+00h  1
 885  7.0581261e-02 1.36e-03 5.70e-01  -4.1 1.35e-01    -  1.00e+00 1.00e+00h  1
 886  7.0172890e-02 6.98e-04 3.21e-01  -4.1 1.11e-01    -  1.00e+00 1.00e+00h  1
 887  7.0438289e-02 5.95e-04 5.83e+00  -4.0 1.38e-01    -  1.00e+00 2.10e-01h  3
 888  7.2923427e-02 1.10e-04 4.70e-01  -4.0 1.33e-01    -  1.00e+00 1.00e+00H  1
 889  7.0234874e-02 1.12e-03 7.18e-01  -4.1 2.15e-01    -  1.00e+00 1.00e+00h  1
iter    objective    inf_pr   inf_du lg(mu)  ||d||  lg(rg) alpha_du alpha_pr  ls
 890  6.9147498e-02 2.72e-03 6.76e-01  -4.1 2.04e-01    -  1.00e+00 1.00e+00h  1
 891  7.2282314e-02 1.38e-03 6.49e-01  -4.0 1.89e-01    -  1.00e+00 1.00e+00H  1
 892  7.0852057e-02 7.76e-04 1.92e-01  -4.1 1.12e-01    -  1.00e+00 1.00e+00h  1
 893  7.0009178e-02 8.13e-04 4.91e-01  -4.1 1.49e-01    -  1.00e+00 1.00e+00h  1
 894  7.1760508e-02 8.73e-04 3.10e-01  -4.0 1.21e-01    -  1.00e+00 1.00e+00h  1
 895  7.0461651e-02 3.13e-03 9.72e-01  -4.1 2.24e-01    -  1.00e+00 1.00e+00h  1
 896  6.9657680e-02 1.33e-03 1.73e-01  -4.1 1.95e-01    -  1.00e+00 1.00e+00h  1
 897  7.3484504e-02 4.65e-04 6.45e-01  -4.0 1.78e-01    -  1.00e+00 1.00e+00H  1
 898  6.9886739e-02 1.79e-03 9.97e-01  -4.1 2.56e-01    -  1.00e+00 1.00e+00h  1
 899  6.4733745e-02 1.51e-02 3.75e+00  -4.1 6.01e-01    -  1.00e+00 1.00e+00h  1
iter    objective    inf_pr   inf_du lg(mu)  ||d||  lg(rg) alpha_du alpha_pr  ls
 900  6.9001890e-02 5.04e-03 9.94e-01  -4.0 3.69e-01    -  1.00e+00 1.00e+00h  1
 901  6.8939551e-02 4.93e-03 1.19e+00  -4.1 4.15e-01    -  7.70e-01 4.35e-01H  1
 902  6.9005030e-02 1.70e-03 1.46e-01  -4.1 1.49e-01    -  9.70e-01 8.93e-01h  1
 903  7.0354364e-02 1.22e-03 2.60e+00  -4.0 2.24e-01    -  1.00e+00 4.34e-01f  2
 904  7.0278404e-02 6.49e-04 4.91e-01  -4.1 1.13e-01    -  1.00e+00 1.00e+00h  1
 905  7.0510783e-02 5.70e-04 2.47e-01  -4.1 1.15e-01    -  1.00e+00 1.00e+00h  1
 906  7.0476401e-02 2.90e-04 8.14e-01  -4.1 5.31e-02    -  1.00e+00 6.70e-01h  1
 907  7.1764113e-02 3.90e-04 2.97e-01  -4.0 1.02e-01    -  1.00e+00 1.00e+00f  1
 908  7.0753820e-02 5.60e-04 5.68e-01  -4.1 1.43e-01    -  1.00e+00 1.00e+00h  1
 909  6.9876958e-02 6.97e-04 2.93e-01  -4.1 9.70e-02    -  1.00e+00 1.00e+00h  1
iter    objective    inf_pr   inf_du lg(mu)  ||d||  lg(rg) alpha_du alpha_pr  ls
 910  7.0422677e-02 2.78e-03 1.45e+00  -4.1 1.59e-01    -  1.00e+00 1.00e+00h  1
 911  6.9784242e-02 9.93e-04 3.32e-01  -4.1 9.73e-02    -  1.00e+00 1.00e+00h  1
 912  7.1300622e-02 4.27e-04 6.76e-01  -4.0 1.24e-01    -  1.00e+00 1.00e+00H  1
 913  7.0584433e-02 2.53e-04 1.58e-01  -4.1 5.11e-02    -  1.00e+00 1.00e+00h  1
 914  7.0406780e-02 1.27e-04 4.49e-01  -4.1 9.33e-02    -  1.00e+00 1.00e+00h  1
 915  7.1366442e-02 1.91e-04 1.05e-01  -4.0 1.16e-01    -  1.00e+00 1.00e+00h  1
 916  7.0946057e-02 1.43e-04 6.24e-01  -4.1 9.13e-02    -  1.00e+00 1.00e+00H  1
 917  7.0433668e-02 1.42e-04 1.01e-01  -4.1 4.70e-02    -  1.00e+00 1.00e+00h  1
 918  7.1796193e-02 4.50e-05 1.59e-01  -4.0 7.95e-02    -  1.00e+00 1.00e+00H  1
 919  7.2211078e-02 5.82e-04 6.48e-01  -4.0 9.24e-02    -  1.00e+00 1.00e+00h  1
iter    objective    inf_pr   inf_du lg(mu)  ||d||  lg(rg) alpha_du alpha_pr  ls
 920  7.0624261e-02 5.98e-04 6.92e-02  -4.1 9.14e-02    -  1.00e+00 1.00e+00h  1
 921  7.0345231e-02 2.54e-04 3.93e-01  -4.1 6.82e-02    -  1.00e+00 1.00e+00h  1
 922  7.1649113e-02 4.76e-04 1.06e-01  -4.0 8.22e-02    -  1.00e+00 1.00e+00h  1
 923  7.0546961e-02 2.00e-04 1.49e-01  -4.1 6.87e-02    -  1.00e+00 1.00e+00h  1
 924  7.0287855e-02 2.99e-04 4.11e-01  -4.1 1.65e-01    -  1.00e+00 5.00e-01h  2
 925  7.0251016e-02 1.22e-04 2.36e-01  -4.1 5.79e-02    -  1.00e+00 1.00e+00h  1
 926  7.2161476e-02 8.40e-04 2.40e-01  -4.0 1.19e-01    -  1.00e+00 1.00e+00h  1
 927  7.0579496e-02 6.60e-04 7.78e-01  -4.1 1.95e-01    -  1.00e+00 1.00e+00h  1
 928  6.9213460e-02 1.70e-03 8.34e-01  -4.1 1.67e-01    -  1.00e+00 1.00e+00h  1
 929  6.9717532e-02 8.34e-04 2.47e-01  -4.1 9.34e-02    -  1.00e+00 1.00e+00h  1
iter    objective    inf_pr   inf_du lg(mu)  ||d||  lg(rg) alpha_du alpha_pr  ls
 930  7.2208546e-02 4.04e-04 5.38e-01  -4.0 1.37e-01    -  1.00e+00 1.00e+00H  1
 931  6.9862366e-02 1.07e-03 2.68e-01  -4.1 1.41e-01    -  1.00e+00 1.00e+00h  1
 932  6.8821741e-02 9.24e-03 2.07e+00  -4.1 4.56e-01    -  7.68e-01 1.00e+00h  1
 933  6.9123706e-02 2.54e-03 3.81e-01  -4.1 2.42e-01    -  1.00e+00 1.00e+00h  1
 934  6.9601246e-02 1.17e-03 3.08e-01  -4.1 1.80e-01    -  1.00e+00 1.00e+00h  1
 935  7.2077046e-02 1.68e-03 1.32e+00  -4.0 9.43e-02    -  1.00e+00 1.00e+00H  1
 936  6.9739701e-02 1.29e-03 3.80e-01  -4.1 1.18e-01    -  9.77e-01 1.00e+00h  1
 937  6.8721924e-02 1.99e-03 5.70e-01  -4.1 1.27e-01    -  1.00e+00 1.00e+00h  1
 938  6.9379190e-02 1.61e-03 2.27e-01  -4.0 1.16e-01    -  1.00e+00 1.00e+00h  1
 939  7.0263701e-02 4.56e-04 5.18e-01  -4.0 1.27e-01    -  1.00e+00 1.00e+00h  1
iter    objective    inf_pr   inf_du lg(mu)  ||d||  lg(rg) alpha_du alpha_pr  ls
 940  6.9692587e-02 1.62e-04 4.00e-01  -4.1 5.54e-02    -  1.00e+00 1.00e+00h  1
 941  7.0486701e-02 3.47e-04 7.36e-01  -4.0 6.26e-02    -  1.00e+00 1.00e+00h  1
 942  7.0143080e-02 1.33e-04 2.77e-01  -4.1 3.23e-02    -  1.00e+00 1.00e+00h  1
 943  7.0614239e-02 4.79e-05 1.04e-01  -4.0 2.69e-02    -  1.00e+00 1.00e+00h  1
 944  7.1346484e-02 5.62e-05 1.92e-01  -4.0 4.72e-02    -  1.00e+00 1.00e+00h  1
 945  7.0258749e-02 3.48e-04 6.11e-01  -4.1 8.36e-02    -  1.00e+00 1.00e+00h  1
 946  6.9980141e-02 1.59e-04 1.04e-01  -4.1 6.58e-02    -  1.00e+00 1.00e+00h  1
 947  7.1955664e-02 7.51e-04 3.88e-01  -4.0 1.06e-01    -  1.00e+00 1.00e+00h  1
 948  7.0098320e-02 6.55e-04 2.91e-01  -4.1 1.03e-01    -  1.00e+00 1.00e+00h  1
 949  6.9665214e-02 1.50e-03 7.01e-01  -4.1 1.95e-01    -  1.00e+00 1.00e+00h  1
iter    objective    inf_pr   inf_du lg(mu)  ||d||  lg(rg) alpha_du alpha_pr  ls
 950  6.9799679e-02 6.46e-04 1.26e-01  -4.1 9.66e-02    -  1.00e+00 1.00e+00h  1
 951  7.0176469e-02 2.89e-04 3.10e-01  -4.1 7.75e-02    -  1.00e+00 1.00e+00h  1
 952  7.0475833e-02 1.48e-04 1.35e-01  -4.1 3.97e-02    -  1.00e+00 1.00e+00h  1
 953  7.0333970e-02 3.10e-05 2.02e-01  -4.1 4.72e-02    -  1.00e+00 1.00e+00H  1
 954  7.1579307e-02 1.59e-04 1.46e-01  -4.0 8.48e-02    -  1.00e+00 1.00e+00h  1
 955  7.0390003e-02 4.59e-04 4.32e-01  -4.1 8.75e-02    -  1.00e+00 1.00e+00h  1
 956  6.9942046e-02 2.75e-04 3.13e-01  -4.1 6.02e-02    -  1.00e+00 1.00e+00h  1
 957  7.0336895e-02 1.00e-04 2.60e-01  -4.1 4.90e-02    -  1.00e+00 1.00e+00h  1
 958  7.0611466e-02 7.11e-05 1.44e-01  -4.1 2.82e-02    -  1.00e+00 1.00e+00h  1
 959  7.0433172e-02 8.78e-06 1.41e-01  -4.1 1.67e-02    -  1.00e+00 1.00e+00H  1
iter    objective    inf_pr   inf_du lg(mu)  ||d||  lg(rg) alpha_du alpha_pr  ls
 960  7.2089349e-02 3.97e-04 2.67e-01  -4.0 9.49e-02    -  1.00e+00 1.00e+00h  1
 961  7.0391820e-02 3.91e-04 6.31e-01  -4.1 9.03e-02    -  1.00e+00 1.00e+00h  1
 962  6.9302257e-02 4.55e-04 2.75e-01  -4.1 1.25e-01    -  1.00e+00 1.00e+00h  1
 963  7.2528654e-02 1.66e-03 6.73e-01  -4.0 2.10e-01    -  1.00e+00 1.00e+00h  1
 964  6.9742851e-02 1.69e-03 2.89e-01  -4.1 1.56e-01    -  1.00e+00 1.00e+00h  1
 965  6.9302456e-02 1.68e-03 1.27e+00  -4.1 2.25e-01    -  1.00e+00 4.76e-01h  1
 966  6.9747538e-02 4.72e-04 1.44e-01  -4.1 7.11e-02    -  1.00e+00 1.00e+00h  1
 967  7.0148385e-02 7.52e-05 1.81e-01  -4.1 3.81e-02    -  1.00e+00 1.00e+00h  1
 968  7.2091393e-02 7.28e-04 5.87e-01  -4.0 1.14e-01    -  1.00e+00 1.00e+00h  1
 969  7.0271844e-02 5.55e-04 1.29e-01  -4.1 9.15e-02    -  1.00e+00 1.00e+00h  1
iter    objective    inf_pr   inf_du lg(mu)  ||d||  lg(rg) alpha_du alpha_pr  ls
 970  7.0950393e-02 2.40e-04 9.69e-01  -4.1 1.81e-01    -  1.00e+00 8.46e-01H  1
 971  6.9130269e-02 7.96e-04 5.90e-01  -4.1 1.47e-01    -  1.00e+00 1.00e+00f  1
 972  7.1546208e-02 2.65e-03 9.50e-01  -4.0 3.85e-01    -  1.00e+00 1.00e+00h  1
 973  6.7513663e-02 2.45e-03 3.25e-01  -4.1 3.38e-01    -  1.00e+00 1.00e+00h  1
 974  6.7986641e-02 2.13e-03 6.83e-01  -4.1 4.23e-01    -  1.00e+00 7.63e-01h  1
 975  6.9838148e-02 1.79e-03 2.32e-01  -4.0 2.48e-01    -  1.00e+00 1.00e+00f  1
 976  6.9156275e-02 1.62e-03 9.23e-01  -4.1 1.23e-01    -  1.00e+00 1.00e+00h  1
 977  6.9123142e-02 1.22e-03 2.31e-01  -4.1 1.10e-01    -  1.00e+00 1.00e+00h  1
 978  7.1176938e-02 3.75e-04 5.75e-01  -4.0 1.64e-01    -  1.00e+00 1.00e+00H  1
 979  7.0089715e-02 4.89e-04 5.07e-01  -4.1 1.45e-01    -  1.00e+00 1.00e+00h  1
iter    objective    inf_pr   inf_du lg(mu)  ||d||  lg(rg) alpha_du alpha_pr  ls
 980  6.9683075e-02 2.60e-04 3.12e-01  -4.1 4.97e-02    -  1.00e+00 1.00e+00h  1
 981  7.1673627e-02 6.16e-04 4.49e-01  -4.0 1.44e-01    -  1.00e+00 1.00e+00h  1
 982  7.0224687e-02 9.73e-04 7.42e-01  -4.1 1.46e-01    -  1.00e+00 1.00e+00h  1
 983  6.9307185e-02 5.02e-04 2.49e-01  -4.1 1.17e-01    -  1.00e+00 1.00e+00h  1
 984  7.2306177e-02 2.35e-04 1.54e+00  -4.0 1.21e-01    -  9.98e-01 1.00e+00H  1
 985  6.9792035e-02 1.55e-03 2.92e-01  -4.1 1.41e-01    -  1.00e+00 1.00e+00h  1
 986  6.8759110e-02 2.73e-03 6.45e-01  -4.1 3.53e-01    -  4.31e-01 5.24e-01h  1
 987  6.9054076e-02 1.10e-03 1.45e-01  -4.1 1.21e-01    -  1.00e+00 1.00e+00f  1
 988  7.1720516e-02 2.56e-04 5.44e-01  -4.0 1.11e-01    -  1.00e+00 1.00e+00H  1
 989  6.9617480e-02 7.41e-04 1.99e-01  -4.1 1.36e-01    -  1.00e+00 1.00e+00h  1
iter    objective    inf_pr   inf_du lg(mu)  ||d||  lg(rg) alpha_du alpha_pr  ls
 990  6.9461497e-02 1.65e-03 1.66e+00  -4.1 1.62e-01    -  1.00e+00 1.00e+00h  1
 991  6.9261042e-02 5.95e-04 2.27e-01  -4.1 9.90e-02    -  1.00e+00 1.00e+00h  1
 992  7.0042305e-02 3.67e-04 2.19e-01  -4.1 7.87e-02    -  1.00e+00 1.00e+00h  1
 993  7.0314645e-02 5.81e-05 1.52e-01  -4.1 2.78e-02    -  1.00e+00 1.00e+00h  1
 994  7.0370416e-02 2.31e-05 1.84e-01  -4.1 2.09e-02    -  1.00e+00 1.00e+00h  1
 995  7.1224011e-02 9.63e-05 9.79e-02  -4.0 5.79e-02    -  1.00e+00 1.00e+00h  1
 996  7.0193712e-02 1.06e-03 7.96e-01  -4.1 1.36e-01    -  1.00e+00 1.00e+00h  1
 997  6.9610035e-02 5.66e-04 1.46e-01  -4.1 7.58e-02    -  1.00e+00 1.00e+00h  1
 998  7.0002256e-02 3.25e-04 2.48e-01  -4.1 6.08e-02    -  1.00e+00 1.00e+00h  1
 999  7.0126178e-02 1.53e-04 2.05e-01  -4.1 4.43e-02    -  1.00e+00 1.00e+00h  1
iter    objective    inf_pr   inf_du lg(mu)  ||d||  lg(rg) alpha_du alpha_pr  ls
1000  7.1254362e-02 2.35e-05 1.22e-01  -4.0 5.68e-02    -  1.00e+00 1.00e+00H  1

Number of Iterations....: 1000

                                   (scaled)                 (unscaled)
Objective...............:   7.1254362488187922e-02    7.1254362488187922e-02
Dual infeasibility......:   1.2188541167585544e-01    1.2188541167585544e-01
Constraint violation....:   2.3533126555008721e-05    2.3533126555008721e-05
Variable bound violation:   0.0000000000000000e+00    0.0000000000000000e+00
Complementarity.........:   1.0310360829692202e-04    1.0310360829692202e-04
Overall NLP error.......:   1.2188541167585544e-01    1.2188541167585544e-01


Number of objective function evaluations             = 1679
Number of objective gradient evaluations             = 1001
Number of equality constraint evaluations            = 1679
Number of inequality constraint evaluations          = 1679
Number of equality constraint Jacobian evaluations   = 1001
Number of inequality constraint Jacobian evaluations = 1001
Number of Lagrangian Hessian evaluations             = 0
Total seconds in IPOPT                               = 2373.645

EXIT: Maximum Number of Iterations Exceeded.
