
******************************************************************************
This program contains Ipopt, a library for large-scale nonlinear optimization.
 Ipopt is released as open source code under the Eclipse Public License (EPL).
         For more information visit https://github.com/coin-or/Ipopt
******************************************************************************

This is Ipopt version 3.14.19, running with linear solver MUMPS 5.8.2.

Number of nonzeros in equality constraint Jacobian...:  1215565
Number of nonzeros in inequality constraint Jacobian.:     5312
Number of nonzeros in Lagrangian Hessian.............:        0

Total number of variables............................:     3879
                     variables with only lower bounds:        0
                variables with lower and upper bounds:      824
                     variables with only upper bounds:        0
Total number of equality constraints.................:     3726
Total number of inequality constraints...............:      553
        inequality constraints with only lower bounds:        0
   inequality constraints with lower and upper bounds:        0
        inequality constraints with only upper bounds:      553

iter    objective    inf_pr   inf_du lg(mu)  ||d||  lg(rg) alpha_du alpha_pr  ls
   0  1.6740641e-04 1.66e+00 1.00e+00   0.0 0.00e+00    -  0.00e+00 0.00e+00   0
   1  4.4302775e-03 1.65e+00 2.69e+00  -0.4 2.83e+01    -  1.37e-02 7.64e-03f  1
   2  2.0255785e-02 1.64e+00 6.80e+00  -0.8 2.81e+01    -  1.08e-02 6.49e-03h  1
   3  3.5297852e-02 1.64e+00 1.39e+01   1.8 1.17e+02    -  2.10e-03 8.19e-04f  1
   4  4.5579193e-02 1.64e+00 3.28e+01  -4.0 2.79e+01    -  2.48e-02 2.42e-03h  1
   5  4.6728495e-01 1.59e+00 7.82e+01  -1.0 2.78e+01    -  2.57e-02 2.93e-02h  1
   6  9.9279077e-01 1.57e+00 1.17e+02   0.6 2.70e+01    -  3.07e-02 1.45e-02h  1
   7  1.2811200e+00 1.56e+00 5.43e+02   0.8 3.11e+01    -  2.90e-02 6.82e-03h  1
   8  2.3574454e+00 1.54e+00 1.30e+03  -0.7 4.71e+01    -  6.88e-02 9.13e-03h  1
   9  3.6769324e+01 1.79e+00 1.18e+03   0.9 8.99e+01    -  4.74e-02 5.08e-02f  1
iter    objective    inf_pr   inf_du lg(mu)  ||d||  lg(rg) alpha_du alpha_pr  ls
  10  6.1745152e+01 1.68e+00 2.12e+03   1.1 6.69e+01    -  7.41e-02 3.38e-02f  1
  11  1.0713676e+02 1.65e+00 6.85e+03   1.5 8.69e+01    -  1.69e-01 3.93e-02f  1
  12  1.2121550e+02 1.62e+00 2.89e+04   2.4 5.23e+01    -  7.76e-02 1.66e-02f  1
  13  2.5196464e+02 1.55e+00 3.57e+05   2.5 1.16e+02    -  6.82e-01 5.95e-02h  1
  14  2.4237733e+02 1.32e+00 3.90e+05   2.8 2.69e+01    -  2.28e-01 1.65e-01h  1
  15  2.7447443e+02 1.11e+00 4.25e+05   2.8 1.78e+01    -  2.14e-01 1.47e-01f  1
  16  3.4542535e+02 7.72e-01 3.91e+05   2.3 1.54e+01    -  1.75e-01 2.57e-01h  1
  17  3.7117443e+02 8.38e-01 4.98e+05   2.8 2.71e+01    -  2.04e-01 1.79e-01h  1
  18  3.9168356e+02 6.86e-01 6.68e+05   2.8 2.37e+01    -  2.07e-01 1.89e-01h  1
  19  3.9284769e+02 6.80e-01 6.16e+05   2.8 6.67e+01    -  1.34e-01 2.49e-02h  1
iter    objective    inf_pr   inf_du lg(mu)  ||d||  lg(rg) alpha_du alpha_pr  ls
  20  4.0086747e+02 6.31e-01 5.60e+05   2.3 2.92e+01    -  7.49e-02 1.23e-01h  1
  21  4.1876003e+02 5.67e-01 4.82e+05   2.8 1.83e+01    -  1.21e-01 2.50e-01h  1
  22  4.2356519e+02 4.19e-01 6.55e+05   2.8 5.75e+00    -  8.55e-01 2.59e-01h  1
  23  4.3378978e+02 3.80e-01 7.78e+05   2.8 3.87e+01    -  1.18e-01 1.07e-01h  1
  24  4.3918970e+02 3.58e-01 9.00e+05   2.8 2.03e+01    -  1.16e-01 1.62e-01h  1
  25  4.4459380e+02 3.07e-01 1.04e+06   2.8 1.42e+01    -  2.02e-01 1.70e-01h  1
  26  4.4931559e+02 2.55e-01 1.14e+06   2.8 1.11e+01    -  3.04e-01 1.77e-01h  1
  27  4.5681871e+02 2.39e-01 8.89e+05   2.8 2.91e+01    -  1.59e-01 6.21e-02h  2
  28  4.7497298e+02 1.88e-01 9.63e+05   2.8 1.81e+01    -  2.35e-01 1.84e-01h  1
  29  4.8930865e+02 1.80e-01 9.81e+05   2.8 1.38e+01    -  4.61e-01 2.55e-01h  1
iter    objective    inf_pr   inf_du lg(mu)  ||d||  lg(rg) alpha_du alpha_pr  ls
  30  4.9164881e+02 1.63e-01 1.01e+06   2.8 9.08e+00    -  3.80e-01 2.41e-01h  1
  31  5.0169781e+02 1.92e-01 1.38e+06   2.5 2.57e+01    -  1.46e-01 1.76e-01h  1
  32  5.0007515e+02 1.73e-01 1.40e+06  -3.2 9.59e+00    -  2.24e-01 1.04e-01f  1
  33  4.9556343e+02 1.52e-01 1.28e+06   0.6 8.64e+00    -  7.61e-02 1.18e-01h  1
  34  4.9131204e+02 1.38e-01 1.14e+06   2.8 6.72e+00    -  2.04e-01 2.39e-01f  1
  35  4.9009250e+02 1.31e-01 1.14e+06   0.6 1.01e+01    -  2.21e-01 6.46e-02h  1
  36  4.8776051e+02 1.22e-01 1.00e+06   2.8 7.87e+00    -  1.47e-01 3.25e-01h  1
  37  4.7773885e+02 7.92e-02 1.19e+06   2.3 4.42e+00    -  5.12e-01 4.44e-01h  1
  38  4.7785988e+02 7.78e-02 1.12e+06  -3.5 3.14e+01    -  6.24e-02 3.67e-02h  2
  39  4.7536620e+02 7.20e-02 9.82e+05   2.8 1.20e+01    -  1.20e-01 1.08e-01h  1
iter    objective    inf_pr   inf_du lg(mu)  ||d||  lg(rg) alpha_du alpha_pr  ls
  40  4.7231939e+02 6.04e-02 9.32e+05   2.8 4.45e+00    -  2.43e-01 1.72e-01f  1
  41  4.6732861e+02 8.19e-02 8.40e+05   2.8 4.36e+00    -  3.78e-01 3.50e-01f  1
  42  4.6216343e+02 1.13e-01 9.17e+05   2.8 4.04e+00    -  8.69e-01 4.71e-01f  1
  43  4.5660615e+02 1.33e-01 1.06e+06   2.8 1.73e+01    -  1.08e-01 1.25e-01f  1
  44  4.5222399e+02 1.53e-01 1.16e+06   2.8 1.41e+01    -  1.13e-01 7.49e-02f  2
  45  4.4741406e+02 1.51e-01 1.31e+06   2.8 1.14e+01    -  1.65e-01 9.14e-02f  2
  46  4.4332531e+02 1.44e-01 1.36e+06   2.8 1.17e+01    -  1.65e-01 7.28e-02f  2
  47  4.4034971e+02 1.37e-01 1.37e+06   2.8 1.01e+01    -  2.17e-01 5.13e-02h  3
  48  4.3188447e+02 1.30e-01 1.42e+06   2.8 1.09e+01    -  1.02e-01 1.46e-01f  2
  49  4.2158199e+02 1.21e-01 1.47e+06   2.8 7.76e+00    -  3.94e-01 2.15e-01H  1
iter    objective    inf_pr   inf_du lg(mu)  ||d||  lg(rg) alpha_du alpha_pr  ls
  50  4.1413759e+02 1.10e-01 1.57e+06   2.8 5.28e+00    -  2.69e-01 2.16e-01f  1
  51  4.0863979e+02 9.51e-02 1.23e+06   2.8 1.06e+01    -  1.08e-01 1.43e-01h  1
  52  4.0298174e+02 1.01e-01 1.69e+06   2.8 6.22e+00    -  3.19e-01 3.82e-01h  1
  53  3.9445741e+02 6.31e-02 1.15e+06   2.8 1.41e+00    -  8.82e-01 5.08e-01f  1
  54  3.8658487e+02 4.56e-02 8.28e+05   2.8 4.12e+00    -  6.41e-01 2.95e-01f  1
  55  3.8405049e+02 1.91e-02 9.03e+05   2.4 9.65e-01    -  5.52e-01 9.59e-01h  1
  56  3.8771916e+02 1.46e-02 9.26e+05   2.8 2.43e+00    -  2.80e-01 2.38e-01f  1
  57  3.9468210e+02 1.82e-02 1.08e+06   2.8 2.37e+00    -  1.37e-01 3.47e-01f  1
  58  3.9674436e+02 2.37e-02 8.36e+05   2.6 1.63e+01    -  1.05e-01 3.24e-02f  3
  59  3.9804611e+02 2.39e-02 8.39e+05   1.9 6.29e+00    -  1.06e-01 3.92e-02h  4
iter    objective    inf_pr   inf_du lg(mu)  ||d||  lg(rg) alpha_du alpha_pr  ls
  60  3.9931781e+02 2.40e-02 8.35e+05   1.9 6.32e+00    -  2.12e-01 3.71e-02h  4
  61  4.0055298e+02 2.40e-02 8.38e+05   1.9 6.48e+00    -  2.09e-01 3.49e-02h  4
  62  4.0151291e+02 2.40e-02 8.36e+05   1.9 1.56e+01    -  8.14e-02 1.00e-02h  4
  63  4.0261067e+02 2.39e-02 8.35e+05   1.9 1.03e+01    -  9.25e-02 1.54e-02h  4
  64  4.0342378e+02 2.38e-02 8.36e+05   1.9 1.23e+01    -  4.52e-02 9.15e-03h  5
  65  4.0441011e+02 2.37e-02 8.36e+05   1.9 1.23e+01    -  9.65e-02 1.11e-02h  5
  66  4.0525875e+02 2.36e-02 8.31e+05   1.9 1.88e+01    -  2.05e-02 6.97e-03h  5
  67  4.0614241e+02 2.35e-02 8.27e+05   1.9 1.25e+01    -  2.05e-01 9.78e-03h  5
  68  4.0702005e+02 2.33e-02 8.23e+05   1.9 1.02e+01    -  6.12e-02 1.18e-02h  5
  69  4.0786351e+02 2.31e-02 8.26e+05   1.9 9.76e+00    -  2.66e-01 1.19e-02h  5

Number of Iterations....: 69

                                   (scaled)                 (unscaled)
Objective...............:   4.0786350808051088e+02    4.0786350808051088e+02
Dual infeasibility......:   8.2587317028242652e+05    8.2587317028242652e+05
Constraint violation....:   2.3144818031244796e-02    2.3144818031244796e-02
Variable bound violation:   0.0000000000000000e+00    0.0000000000000000e+00
Complementarity.........:   4.5205333663025176e+03    4.5205333663025176e+03
Overall NLP error.......:   1.1390211008729020e+03    8.2587317028242652e+05


Number of objective function evaluations             = 159
Number of objective gradient evaluations             = 70
Number of equality constraint evaluations            = 159
Number of inequality constraint evaluations          = 159
Number of equality constraint Jacobian evaluations   = 70
Number of inequality constraint Jacobian evaluations = 70
Number of Lagrangian Hessian evaluations             = 0
Total seconds in IPOPT                               = 133.176

EXIT: Stopping optimization at current point as requested by user.
