This is Ipopt version 3.14.19, running with linear solver MUMPS 5.8.2.

Number of nonzeros in equality constraint Jacobian...:  1016894
Number of nonzeros in inequality constraint Jacobian.:       12
Number of nonzeros in Lagrangian Hessian.............:        0

Total number of variables............................:     3259
                     variables with only lower bounds:        0
                variables with lower and upper bounds:      808
                     variables with only upper bounds:        0
Total number of equality constraints.................:     3078
Total number of inequality constraints...............:        1
        inequality constraints with only lower bounds:        0
   inequality constraints with lower and upper bounds:        0
        inequality constraints with only upper bounds:        1

iter    objective    inf_pr   inf_du lg(mu)  ||d||  lg(rg) alpha_du alpha_pr  ls
   0  1.7861033e-02 4.80e+00 1.54e-02   0.0 0.00e+00    -  0.00e+00 0.00e+00   0
   1  1.7849268e-02 4.75e+00 1.19e+02  -0.1 1.02e+01    -  3.26e-01 1.02e-02h  1
   2  2.0812143e-02 4.44e+00 3.00e+02   0.7 1.45e+01    -  2.20e-01 6.37e-02f  1
   3  2.6937993e-02 4.20e+00 7.75e+02   1.2 1.19e+01    -  3.47e-01 5.22e-02f  1
   4  3.7018499e-02 3.97e+00 1.78e+03   1.3 1.29e+01    -  3.21e-01 5.25e-02f  1
   5  9.8275764e-02 3.36e+00 7.88e+03   1.5 1.53e+01    -  9.63e-01 1.36e-01f  1
   6  2.7460691e-01 2.62e+00 8.51e+03   1.7 1.25e+01    -  5.09e-01 2.02e-01f  1
   7  5.8485406e-01 3.05e+00 1.92e+04   2.2 2.18e+01    -  7.31e-01 1.99e-01f  1
   8  1.4654238e+00 4.88e+00 3.00e+04   2.4 3.04e+01    -  4.32e-01 2.90e-01h  1
   9  3.4392358e+00 4.02e+00 4.06e+04   2.9 4.23e+01    -  7.42e-01 2.57e-01f  1
iter    objective    inf_pr   inf_du lg(mu)  ||d||  lg(rg) alpha_du alpha_pr  ls
  10  5.9083114e+00 1.03e+01 7.25e+04   2.9 3.30e+01    -  3.84e-01 3.69e-01H  1
  11  1.2813145e+01 1.22e+01 1.64e+05   2.9 3.06e+01    -  1.44e-01 5.44e-01H  1
  12  1.5343372e+01 9.32e+00 1.58e+05   2.9 2.72e+01    -  4.24e-01 2.71e-01h  1
  13  1.8159688e+01 7.64e+00 1.64e+05   2.9 5.09e+01    -  4.80e-01 2.72e-01f  2
  14  1.9350392e+01 6.14e+00 3.97e+05   2.9 4.18e+01    -  2.98e-01 2.81e-01H  1
  15  1.9053283e+01 5.14e+00 3.08e+05   2.9 2.11e+01    -  6.23e-01 1.75e-01h  1
  16  1.8492089e+01 3.92e+00 4.33e+05   2.9 1.88e+01    -  6.75e-01 2.63e-01h  1
  17  2.6033023e+01 1.36e+01 7.28e+05   2.9 2.83e+01    -  7.42e-01 1.00e+00f  1
  18  2.1540662e+01 5.16e+00 1.54e+05   2.8 1.52e+01    -  1.00e+00 1.00e+00f  1
  19  1.9572391e+01 2.66e+00 4.20e+05   2.7 1.45e+01    -  9.91e-01 6.32e-01h  1
iter    objective    inf_pr   inf_du lg(mu)  ||d||  lg(rg) alpha_du alpha_pr  ls
  20  1.9272322e+01 2.08e+00 7.56e+06   2.7 1.28e+01    -  9.92e-01 2.49e-01h  1
  21  2.1161369e+01 6.80e+00 4.36e+06   2.7 4.59e+01    -  1.00e+00 4.97e-01f  2
  22  2.0712022e+01 2.65e+00 1.49e+06   2.6 1.30e+01    -  8.07e-01 9.98e-01h  1
  23  2.0640632e+01 1.23e+00 4.56e+04   2.6 7.29e+00    -  1.00e+00 1.00e+00f  1
  24  2.0650074e+01 3.07e-01 2.86e+04   1.9 4.16e+00    -  1.00e+00 1.00e+00f  1
  25  2.0602337e+01 1.36e-01 6.01e+03   1.4 2.72e+00    -  9.99e-01 1.00e+00f  1
  26  2.0589248e+01 2.27e-02 3.53e+02   0.3 1.23e+00    -  1.00e+00 1.00e+00h  1
  27  2.0508020e+01 9.87e-03 1.07e+02  -0.9 8.62e-01    -  1.00e+00 1.00e+00h  1
  28  2.0252752e+01 1.15e-02 1.78e+01  -2.1 5.54e-01    -  1.00e+00 1.00e+00h  1
  29  1.8653169e+01 2.56e-01 5.82e+02  -1.9 1.46e+01    -  1.00e+00 2.17e-01f  1
iter    objective    inf_pr   inf_du lg(mu)  ||d||  lg(rg) alpha_du alpha_pr  ls
  30  1.1691668e+01 5.17e+00 1.27e+03  -1.3 1.07e+02    -  1.00e+00 1.83e-01f  1
  31  7.4919049e+00 8.17e+00 4.04e+02  -1.0 2.29e+01    -  1.00e+00 8.96e-01h  1
  32  4.7838783e+00 3.07e+00 1.52e+01  -1.1 1.08e+01    -  1.00e+00 1.00e+00h  1
  33  3.4539237e+00 2.59e+00 1.17e+01  -1.4 1.14e+01    -  9.97e-01 1.00e+00h  1
  34  2.2114633e+00 2.88e+00 8.39e+00  -1.5 1.12e+01    -  1.00e+00 1.00e+00h  1
  35  1.3915729e+00 2.07e+00 5.33e+00  -1.7 8.38e+00    -  9.97e-01 1.00e+00h  1
  36  1.0465553e+00 2.97e+00 3.95e+00  -2.0 9.78e+00    -  1.00e+00 1.00e+00h  1
  37  4.5883001e-01 1.27e+00 1.41e+00  -2.2 5.81e+00    -  9.99e-01 1.00e+00h  1
  38  4.5729078e-01 2.55e+00 6.91e+01  -1.7 6.86e+00    -  1.00e+00 8.85e-01h  1
  39  3.1483091e-01 7.07e-01 7.38e-01  -2.2 3.06e+00    -  1.00e+00 1.00e+00h  1
iter    objective    inf_pr   inf_du lg(mu)  ||d||  lg(rg) alpha_du alpha_pr  ls
  40  2.4478257e-01 5.13e-01 2.50e+00  -2.4 3.09e+00    -  9.89e-01 1.00e+00h  1
  41  2.1387252e-01 2.51e-01 1.16e+00  -2.7 1.87e+00    -  1.00e+00 1.00e+00h  1
  42  1.7388809e-01 2.66e-01 1.52e+00  -2.4 1.36e+00    -  1.00e+00 1.00e+00h  1
  43  1.4767029e-01 4.37e-01 1.52e+00  -2.1 2.16e+00    -  1.00e+00 1.00e+00h  1
  44  1.3346859e-01 1.86e-01 8.04e-01  -2.5 1.48e+00    -  9.99e-01 1.00e+00h  1
  45  1.1570541e-01 1.26e-01 1.36e+01  -2.8 1.12e+00    -  9.99e-01 7.62e-01h  1
  46  6.8888017e-02 2.43e-01 9.61e-01  -3.1 2.56e+00    -  1.00e+00 1.00e+00h  1
  47  3.7286606e-02 2.90e-01 1.69e+01  -2.8 5.18e+00    -  1.00e+00 5.00e-01h  2
  48  3.2714618e-02 1.72e-01 4.81e-01  -3.2 1.59e+00    -  1.00e+00 1.00e+00h  1
  49  2.4570839e-02 1.20e-01 1.19e-01  -3.7 1.34e+00    -  1.00e+00 1.00e+00h  1
iter    objective    inf_pr   inf_du lg(mu)  ||d||  lg(rg) alpha_du alpha_pr  ls
  50  2.2767553e-02 1.07e-01 1.95e-01  -3.7 8.62e-01    -  1.00e+00 1.00e+00h  1
  51  2.1045580e-02 5.27e-02 1.38e-01  -3.9 7.47e-01    -  9.99e-01 1.00e+00h  1
  52  2.1037378e-02 2.55e-02 8.89e-01  -3.6 4.84e-01    -  1.00e+00 8.36e-01h  1
  53  2.1650270e-02 1.67e-02 2.26e-01  -4.0 3.65e-01    -  1.00e+00 1.00e+00h  1
  54  2.1156586e-02 9.23e-03 2.28e-01  -4.0 2.40e-01    -  1.00e+00 1.00e+00h  1
  55  2.3146183e-02 5.47e-03 4.09e-01  -4.0 1.90e-01    -  1.00e+00 8.01e-01H  1
  56  2.2794151e-02 6.41e-03 1.76e-01  -4.0 1.69e-01    -  1.00e+00 1.00e+00h  1
  57  2.1684018e-02 9.20e-03 3.49e-01  -4.1 2.98e-01    -  1.00e+00 1.00e+00h  1
  58  2.1175078e-02 3.24e-03 1.63e-01  -4.1 1.93e-01    -  1.00e+00 1.00e+00h  1
  59  2.1203408e-02 1.69e-03 4.29e-01  -4.0 1.16e-01    -  1.00e+00 5.00e-01h  2
iter    objective    inf_pr   inf_du lg(mu)  ||d||  lg(rg) alpha_du alpha_pr  ls
  60  2.0908134e-02 2.38e-03 1.33e-01  -4.0 2.28e-01    -  1.00e+00 1.00e+00h  1
  61  2.0540758e-02 1.56e-02 2.73e+00  -3.6 9.44e-01    -  1.00e+00 5.00e-01h  2
  62  1.9653563e-02 1.58e-02 1.76e+00  -4.0 9.59e-01    -  1.00e+00 5.00e-01h  2
  63  1.9109737e-02 5.82e-03 9.90e-02  -4.0 2.14e-01    -  1.00e+00 1.00e+00h  1
  64  1.8836225e-02 5.02e-03 4.33e-02  -4.0 2.21e-01    -  1.00e+00 1.00e+00h  1
  65  1.8656628e-02 2.28e-03 5.85e-02  -4.0 1.56e-01    -  1.00e+00 1.00e+00h  1
  66  1.8628193e-02 3.68e-03 1.37e-01  -4.0 3.68e-01    -  1.00e+00 5.00e-01h  2
  67  1.8425478e-02 7.68e-03 1.64e-01  -4.0 4.16e-01    -  1.00e+00 5.00e-01h  2
  68  1.9461221e-02 2.80e-02 7.03e-02  -3.7 6.74e-01    -  9.95e-01 1.00e+00h  1
  69  1.9464216e-02 4.88e-02 6.22e-02  -3.8 7.12e-01    -  1.00e+00 1.00e+00h  1
iter    objective    inf_pr   inf_du lg(mu)  ||d||  lg(rg) alpha_du alpha_pr  ls
  70  2.0247006e-02 3.45e-02 5.43e-02  -3.8 7.97e-01    -  1.00e+00 1.00e+00h  1
  71  1.7388717e-02 3.67e-02 2.23e-02  -3.8 5.66e-01    -  1.00e+00 1.00e+00h  1
  72  1.7460677e-02 1.36e-02 1.75e-02  -4.0 2.92e-01    -  1.00e+00 1.00e+00h  1
  73  1.7117046e-02 6.32e-03 2.00e-02  -4.0 1.93e-01    -  1.00e+00 1.00e+00h  1
  74  1.7108537e-02 2.97e-03 1.11e-01  -4.0 1.69e-01    -  1.00e+00 5.00e-01h  2
  75  1.7085858e-02 1.93e-03 1.23e-01  -4.0 2.48e-01    -  1.00e+00 5.00e-01h  2
  76  1.6996568e-02 1.45e-03 3.38e-02  -4.0 2.43e-01    -  1.00e+00 5.00e-01h  2
  77  1.6858784e-02 4.40e-03 2.50e-02  -4.0 3.03e-01    -  1.00e+00 1.00e+00h  1
  78  1.6775692e-02 9.30e-03 5.85e-02  -4.0 7.44e-01    -  1.00e+00 5.00e-01h  2
  79  1.7410692e-02 1.84e-02 7.38e-02  -4.0 6.96e-01    -  1.00e+00 1.00e+00H  1
iter    objective    inf_pr   inf_du lg(mu)  ||d||  lg(rg) alpha_du alpha_pr  ls
  80  1.6633874e-02 1.87e-02 1.92e-01  -4.1 7.64e-01    -  7.00e-01 5.00e-01h  2
  81  1.6003797e-02 3.98e-02 2.43e-02  -4.0 5.28e-01    -  1.00e+00 1.00e+00h  1
  82  1.5850577e-02 1.61e-02 3.03e-02  -4.0 4.17e-01    -  1.00e+00 1.00e+00h  1
  83  1.5510260e-02 1.15e-02 8.19e-02  -4.0 8.08e-01    -  1.00e+00 5.00e-01h  2
  84  1.5364709e-02 1.37e-02 1.42e-01  -4.0 1.31e+00    -  1.00e+00 2.50e-01h  3
  85  1.5123732e-02 1.99e-02 4.72e-02  -4.0 1.02e+00    -  1.00e+00 5.00e-01h  2
  86  1.5076484e-02 2.71e-02 2.86e-02  -4.0 1.99e+00    -  1.00e+00 2.50e-01h  3
  87  1.9740652e-02 7.90e-02 8.06e-02  -4.0 7.42e-01    -  1.00e+00 1.00e+00H  1
  88  1.4581077e-02 5.63e-02 4.12e-02  -4.1 6.71e-01    -  1.00e+00 1.00e+00h  1
  89  1.4439561e-02 2.72e-02 4.13e-02  -4.0 6.11e-01    -  1.00e+00 1.00e+00h  1
iter    objective    inf_pr   inf_du lg(mu)  ||d||  lg(rg) alpha_du alpha_pr  ls
  90  1.4268243e-02 2.20e-02 1.06e-01  -4.0 1.40e+00    -  1.00e+00 2.50e-01h  3
  91  1.4054063e-02 2.02e-02 1.28e-01  -4.0 1.24e+00    -  1.00e+00 2.50e-01h  3
  92  1.3937065e-02 2.55e-02 6.82e-02  -4.0 1.71e+00    -  1.00e+00 2.50e-01h  3
  93  1.4079822e-02 2.58e-02 7.20e-02  -4.0 1.30e+00    -  1.00e+00 2.50e-01h  3
  94  1.4456076e-02 3.58e-02 4.99e-02  -4.1 6.81e-01    -  1.00e+00 1.00e+00h  1
  95  1.3881796e-02 2.88e-02 4.57e-02  -4.0 5.04e-01    -  1.00e+00 1.00e+00h  1
  96  1.3369520e-02 1.28e-02 4.32e-02  -4.0 3.03e-01    -  1.00e+00 1.00e+00h  1
  97  1.3570908e-02 1.07e-02 8.50e-02  -4.0 2.13e-01    -  1.00e+00 1.00e+00h  1
  98  1.3426107e-02 7.73e-03 5.64e-02  -4.0 2.31e-01    -  1.00e+00 1.00e+00h  1
  99  1.3608168e-02 3.66e-03 8.25e-02  -4.0 1.13e-01    -  1.00e+00 1.00e+00h  1
iter    objective    inf_pr   inf_du lg(mu)  ||d||  lg(rg) alpha_du alpha_pr  ls
 100  1.3676449e-02 2.10e-03 4.04e-02  -4.0 8.38e-02    -  1.00e+00 1.00e+00h  1
 101  1.3639681e-02 3.86e-03 1.44e-01  -4.0 1.44e-01    -  1.00e+00 1.00e+00h  1
 102  1.3485673e-02 1.18e-03 4.11e-02  -4.0 9.25e-02    -  1.00e+00 1.00e+00h  1
 103  1.3708617e-02 4.31e-04 9.38e-02  -4.0 9.81e-02    -  1.00e+00 1.00e+00H  1
 104  1.3417652e-02 2.30e-03 5.64e-02  -4.0 1.69e-01    -  1.00e+00 1.00e+00h  1
 105  1.3402383e-02 7.43e-03 3.05e-01  -4.0 5.33e-01    -  1.00e+00 5.00e-01h  2
 106  1.3143218e-02 2.20e-03 3.12e-02  -4.0 1.38e-01    -  1.00e+00 1.00e+00h  1
 107  1.3091615e-02 7.25e-04 5.69e-03  -4.0 8.92e-02    -  1.00e+00 1.00e+00h  1
 108  1.3055192e-02 1.29e-03 5.42e-03  -4.0 1.13e-01    -  1.00e+00 1.00e+00h  1
 109  1.3021879e-02 1.06e-02 1.46e-01  -4.0 1.29e+00    -  1.00e+00 2.50e-01h  3
iter    objective    inf_pr   inf_du lg(mu)  ||d||  lg(rg) alpha_du alpha_pr  ls
 110  1.3117184e-02 2.35e-02 7.06e-02  -4.0 1.66e+00    -  1.00e+00 2.50e-01h  3
 111  1.2909856e-02 2.24e-02 7.24e-01  -4.1 1.28e+00    -  1.00e+00 2.50e-01h  3
 112  1.2798793e-02 2.65e-02 2.01e-01  -4.0 1.82e+00    -  1.00e+00 2.50e-01h  3
 113  1.2731882e-02 2.23e-02 1.43e-01  -4.0 1.23e+00    -  1.00e+00 2.50e-01h  3
 114  1.2542803e-02 2.09e-02 1.08e-01  -4.0 1.15e+00    -  1.00e+00 2.50e-01h  3
 115  1.3592477e-02 3.13e-02 1.37e-02  -4.0 6.15e-01    -  1.00e+00 1.00e+00h  1
 116  1.3186495e-02 3.06e-02 1.81e-02  -4.1 4.60e-01    -  1.00e+00 1.00e+00h  1
 117  1.4349758e-02 4.54e-02 1.63e-02  -4.1 6.38e-01    -  1.00e+00 1.00e+00h  1
 118  1.1935840e-02 2.24e-02 1.22e-02  -4.1 4.78e-01    -  1.00e+00 1.00e+00h  1
 119  1.2088844e-02 4.68e-03 2.78e-02  -4.0 1.87e-01    -  1.00e+00 1.00e+00h  1
iter    objective    inf_pr   inf_du lg(mu)  ||d||  lg(rg) alpha_du alpha_pr  ls
 120  1.2076516e-02 3.12e-03 1.24e-01  -4.0 2.18e-01    -  1.00e+00 5.00e-01h  2
 121  1.2033496e-02 2.64e-03 4.32e-02  -4.0 2.53e-01    -  1.00e+00 5.00e-01h  2
 122  1.2027128e-02 2.65e-03 7.09e-02  -4.0 2.47e-01    -  1.00e+00 5.00e-01h  2
 123  1.2022905e-02 2.11e-03 2.86e-02  -4.0 9.20e-02    -  1.00e+00 1.00e+00h  1
 124  1.2013425e-02 1.33e-03 1.57e-02  -4.0 1.06e-01    -  1.00e+00 1.00e+00h  1
 125  1.1971636e-02 1.04e-03 1.69e-02  -4.0 1.15e-01    -  1.00e+00 1.00e+00h  1
 126  1.1944905e-02 1.64e-03 3.04e-02  -4.0 9.55e-02    -  1.00e+00 1.00e+00h  1
 127  1.1952520e-02 7.60e-04 1.43e-02  -4.0 8.58e-02    -  1.00e+00 1.00e+00h  1
 128  1.1922224e-02 7.32e-04 5.38e-02  -4.0 2.07e-01    -  1.00e+00 5.00e-01h  2
 129  1.1900902e-02 1.11e-03 1.72e-02  -4.0 1.09e-01    -  1.00e+00 1.00e+00h  1
iter    objective    inf_pr   inf_du lg(mu)  ||d||  lg(rg) alpha_du alpha_pr  ls
 130  1.1895277e-02 1.33e-03 4.08e-02  -4.0 2.42e-01    -  1.00e+00 5.00e-01h  2
 131  1.1874793e-02 6.41e-03 1.41e-02  -4.0 3.40e-01    -  1.00e+00 1.00e+00h  1
 132  1.1930991e-02 1.19e-02 6.94e-02  -4.0 1.35e+00    -  1.00e+00 2.50e-01h  3
 133  1.1791445e-02 1.24e-02 5.01e-01  -4.1 6.74e-01    -  1.00e+00 5.00e-01h  2
 134  1.1781220e-02 1.77e-02 3.66e-01  -4.0 1.41e+00    -  1.00e+00 2.50e-01h  3
 135  1.1771278e-02 2.23e-02 2.88e-01  -4.0 1.31e+00    -  1.00e+00 2.50e-01h  3
 136  1.1830087e-02 3.97e-02 1.20e-01  -4.0 1.25e+00    -  1.00e+00 5.00e-01h  2
 137  1.1649677e-02 3.90e-02 7.78e-01  -4.1 2.11e+00    -  1.00e+00 1.25e-01h  4
 138  1.2806057e-02 3.75e-02 3.69e-02  -4.0 5.43e-01    -  1.00e+00 1.00e+00h  1
 139  1.2545644e-02 3.59e-02 2.46e-02  -4.1 6.63e-01    -  1.00e+00 1.00e+00h  1
iter    objective    inf_pr   inf_du lg(mu)  ||d||  lg(rg) alpha_du alpha_pr  ls
 140  1.1130218e-02 1.70e-02 8.50e-03  -4.1 4.50e-01    -  1.00e+00 1.00e+00h  1
 141  1.1308624e-02 5.76e-03 2.46e-02  -4.0 2.68e-01    -  1.00e+00 1.00e+00h  1
 142  1.1284415e-02 3.24e-03 3.09e-02  -4.0 1.70e-01    -  1.00e+00 1.00e+00h  1
 143  1.1246569e-02 9.12e-03 5.00e-02  -4.0 1.93e-01    -  1.00e+00 1.00e+00h  1
 144  1.1169238e-02 3.11e-03 4.16e-02  -4.0 1.27e-01    -  1.00e+00 1.00e+00h  1
 145  1.1206427e-02 9.69e-04 2.48e-02  -4.0 7.95e-02    -  1.00e+00 1.00e+00h  1
 146  1.1294095e-02 5.08e-04 4.70e-02  -4.0 9.30e-02    -  1.00e+00 1.00e+00H  1
 147  1.1239580e-02 1.92e-03 2.88e-02  -4.0 1.49e-01    -  1.00e+00 1.00e+00h  1
 148  1.1153147e-02 2.10e-03 1.76e-02  -4.1 1.71e-01    -  1.00e+00 1.00e+00h  1
 149  1.1257360e-02 2.17e-03 1.50e-02  -4.0 1.74e-01    -  1.00e+00 1.00e+00h  1
iter    objective    inf_pr   inf_du lg(mu)  ||d||  lg(rg) alpha_du alpha_pr  ls
 150  1.1102088e-02 1.53e-03 8.48e-03  -4.1 1.37e-01    -  1.00e+00 1.00e+00h  1
 151  1.1123250e-02 5.25e-04 9.63e-03  -4.0 8.29e-02    -  1.00e+00 1.00e+00h  1
 152  1.1123841e-02 9.09e-04 1.07e-02  -4.0 7.10e-02    -  1.00e+00 1.00e+00h  1
 153  1.1081745e-02 1.09e-03 1.14e-02  -4.1 1.03e-01    -  1.00e+00 1.00e+00h  1
 154  1.1075485e-02 3.02e-03 3.08e-02  -4.0 1.61e-01    -  1.00e+00 1.00e+00h  1
 155  1.1063815e-02 1.42e-03 7.80e-03  -4.0 9.40e-02    -  1.00e+00 1.00e+00h  1
 156  1.0997399e-02 7.58e-04 3.42e-03  -4.0 9.27e-02    -  1.00e+00 1.00e+00h  1
 157  1.0968143e-02 3.73e-03 7.72e-03  -4.0 1.43e-01    -  1.00e+00 1.00e+00h  1
 158  1.0958678e-02 4.51e-02 4.98e-02  -4.0 1.08e+00    -  1.00e+00 5.00e-01h  2
 159  1.0871597e-02 5.05e-02 6.17e-02  -4.0 2.07e+00    -  1.00e+00 2.50e-01h  3
iter    objective    inf_pr   inf_du lg(mu)  ||d||  lg(rg) alpha_du alpha_pr  ls
 160  1.0870143e-02 4.84e-02 1.15e-01  -4.0 4.56e+00    -  1.00e+00 1.25e-01h  4
 161  1.0987984e-02 3.72e-02 9.68e-02  -4.0 1.51e+00    -  1.00e+00 2.50e-01h  3
 162  1.1576237e-02 1.59e-02 3.07e-02  -4.1 4.31e-01    -  1.00e+00 1.00e+00h  1
 163  1.0539766e-02 9.63e-03 1.67e-02  -4.1 3.37e-01    -  1.00e+00 1.00e+00h  1
 164  1.0564347e-02 6.10e-03 1.96e-02  -4.0 1.82e-01    -  1.00e+00 1.00e+00h  1
 165  1.0828293e-02 4.15e-03 3.09e-02  -4.0 2.07e-01    -  1.00e+00 1.00e+00h  1
 166  1.0508924e-02 1.91e-03 1.29e-02  -4.0 1.58e-01    -  1.00e+00 1.00e+00h  1
 167  1.0567245e-02 8.84e-04 3.58e-02  -4.0 6.55e-02    -  1.00e+00 1.00e+00h  1
 168  1.0585719e-02 1.70e-04 1.16e-02  -4.0 4.37e-02    -  1.00e+00 1.00e+00h  1
 169  1.0558910e-02 1.01e-03 1.66e-02  -4.0 9.20e-02    -  1.00e+00 1.00e+00h  1
iter    objective    inf_pr   inf_du lg(mu)  ||d||  lg(rg) alpha_du alpha_pr  ls
 170  1.0565656e-02 9.09e-04 1.46e-02  -4.0 1.14e-01    -  1.00e+00 1.00e+00h  1
 171  1.0505057e-02 3.06e-04 6.45e-03  -4.1 8.01e-02    -  1.00e+00 1.00e+00h  1
 172  1.0505089e-02 5.04e-05 3.91e-03  -4.0 2.78e-02    -  1.00e+00 1.00e+00h  1
 173  1.0501355e-02 5.69e-04 4.37e-03  -4.0 8.18e-02    -  1.00e+00 1.00e+00h  1
 174  1.0513452e-02 2.31e-03 1.73e-02  -4.0 3.58e-01    -  1.00e+00 5.00e-01h  2
 175  1.0713268e-02 1.65e-03 3.12e-02  -4.1 4.95e-01    -  1.00e+00 1.00e+00H  1
 176  1.0567566e-02 2.79e-03 7.61e-02  -4.1 6.27e-01    -  1.00e+00 2.50e-01h  3
 177  1.0399351e-02 2.69e-03 6.72e-02  -4.1 3.22e-01    -  1.00e+00 5.00e-01h  2
 178  1.0356894e-02 3.10e-03 4.92e-01  -4.0 2.58e-01    -  1.00e+00 5.00e-01h  2
 179  1.0362517e-02 1.11e-03 5.25e-03  -4.0 9.75e-02    -  1.00e+00 1.00e+00h  1
iter    objective    inf_pr   inf_du lg(mu)  ||d||  lg(rg) alpha_du alpha_pr  ls
 180  1.0352638e-02 1.58e-03 1.31e-02  -4.0 1.33e-01    -  1.00e+00 1.00e+00h  1
 181  1.0359311e-02 9.82e-04 4.06e-02  -4.0 2.77e-01    -  1.00e+00 5.00e-01h  2
 182  1.0319370e-02 8.50e-04 8.13e-03  -4.0 7.88e-02    -  1.00e+00 1.00e+00h  1
 183  1.0327148e-02 4.25e-04 1.51e-02  -4.0 4.55e-02    -  1.00e+00 1.00e+00h  1
 184  1.0325441e-02 1.62e-04 7.31e-03  -4.0 5.31e-02    -  1.00e+00 1.00e+00h  1
 185  1.0327489e-02 9.16e-04 8.64e-02  -4.0 2.64e-01    -  1.00e+00 5.00e-01h  2
 186  1.0333838e-02 3.15e-03 5.11e-01  -4.1 4.93e-01    -  1.00e+00 5.00e-01h  2
 187  1.0249405e-02 3.41e-03 3.14e-01  -4.1 3.89e-01    -  1.00e+00 5.00e-01h  2
 188  1.0221482e-02 2.81e-03 4.82e-01  -4.0 4.53e-01    -  1.00e+00 2.50e-01h  3
 189  1.0193520e-02 1.78e-03 1.35e-02  -4.0 1.70e-01    -  1.00e+00 1.00e+00h  1
iter    objective    inf_pr   inf_du lg(mu)  ||d||  lg(rg) alpha_du alpha_pr  ls
 190  1.0192680e-02 2.14e-03 6.95e-02  -4.0 4.95e-01    -  1.00e+00 2.50e-01h  3
 191  1.0212204e-02 2.27e-02 9.04e-03  -4.0 6.35e-01    -  1.00e+00 1.00e+00h  1
 192  1.0176599e-02 2.28e-02 8.98e-01  -4.1 2.48e+00    -  1.00e+00 6.25e-02h  5
 193  1.0117273e-02 2.20e-02 9.20e-02  -4.0 1.17e+00    -  1.00e+00 2.50e-01h  3
 194  1.0139545e-02 1.95e-02 7.00e-02  -4.0 1.07e+00    -  1.00e+00 2.50e-01h  3
 195  1.0147768e-02 1.83e-02 4.66e-02  -4.0 7.08e-01    -  1.00e+00 5.00e-01h  2
 196  1.0023612e-02 2.41e-02 9.11e-02  -4.0 1.51e+00    -  1.00e+00 2.50e-01h  3
 197  9.9990197e-03 2.00e-02 1.24e-01  -4.0 1.09e+00    -  1.00e+00 2.50e-01h  3
 198  9.9274692e-03 1.06e-02 1.31e-02  -4.0 3.18e-01    -  1.00e+00 1.00e+00h  1
 199  9.8449133e-03 3.48e-03 4.38e-02  -4.0 1.45e-01    -  1.00e+00 1.00e+00h  1
iter    objective    inf_pr   inf_du lg(mu)  ||d||  lg(rg) alpha_du alpha_pr  ls
 200  9.8897545e-03 2.66e-03 4.01e-02  -4.0 1.52e-01    -  1.00e+00 1.00e+00h  1
 201  9.8228534e-03 1.99e-03 2.97e-02  -4.0 9.87e-02    -  1.00e+00 1.00e+00h  1
 202  9.8971857e-03 6.40e-04 2.39e-02  -4.0 6.55e-02    -  1.00e+00 1.00e+00h  1
 203  9.8525237e-03 7.27e-04 2.07e-02  -4.0 7.17e-02    -  1.00e+00 1.00e+00h  1
 204  9.8256798e-03 1.59e-03 2.22e-02  -4.0 1.26e-01    -  1.00e+00 1.00e+00h  1
 205  9.8045016e-03 3.13e-04 8.75e-03  -4.0 5.88e-02    -  1.00e+00 1.00e+00h  1
 206  9.8059607e-03 5.20e-05 3.28e-03  -4.0 1.97e-02    -  1.00e+00 1.00e+00h  1
 207  9.7968211e-03 2.08e-04 9.60e-03  -4.0 3.99e-02    -  1.00e+00 1.00e+00h  1
 208  9.8259867e-03 1.23e-04 9.84e-03  -4.0 1.28e-01    -  1.00e+00 1.00e+00H  1
 209  9.7540884e-03 9.12e-04 7.86e-03  -4.1 1.03e-01    -  1.00e+00 1.00e+00h  1
iter    objective    inf_pr   inf_du lg(mu)  ||d||  lg(rg) alpha_du alpha_pr  ls
 210  9.7390610e-03 4.28e-04 2.37e-03  -4.0 5.97e-02    -  1.00e+00 1.00e+00h  1
 211  9.7545448e-03 2.85e-04 4.14e-03  -4.0 3.98e-02    -  1.00e+00 1.00e+00h  1
 212  9.7446248e-03 5.65e-05 2.26e-03  -4.0 2.76e-02    -  1.00e+00 1.00e+00h  1
 213  9.7426492e-03 9.76e-05 3.28e-03  -4.0 4.41e-02    -  1.00e+00 1.00e+00h  1
 214  9.7517139e-03 5.92e-03 1.55e-02  -4.0 3.50e-01    -  1.00e+00 1.00e+00h  1
 215  9.7216429e-03 5.77e-03 8.81e-01  -4.1 1.05e+00    -  1.00e+00 1.25e-01h  4
 216  9.6925644e-03 5.95e-03 1.07e-01  -4.0 1.01e+00    -  1.00e+00 2.50e-01h  3
 217  9.6703185e-03 5.17e-03 1.22e-01  -4.0 7.36e-01    -  1.00e+00 2.50e-01h  3
 218  1.0893923e-02 1.96e-02 5.37e-02  -4.0 3.88e-01    -  1.00e+00 1.00e+00H  1
 219  9.6644116e-03 1.00e-02 3.46e-02  -4.1 4.84e-01    -  1.00e+00 1.00e+00h  1
iter    objective    inf_pr   inf_du lg(mu)  ||d||  lg(rg) alpha_du alpha_pr  ls
 220  9.6296700e-03 3.85e-03 1.46e-02  -4.0 2.71e-01    -  1.00e+00 1.00e+00h  1
 221  9.5369071e-03 4.30e-03 1.81e-02  -4.0 1.80e-01    -  1.00e+00 1.00e+00h  1
 222  9.5412468e-03 4.14e-03 1.79e-02  -4.0 1.68e-01    -  1.00e+00 1.00e+00h  1
 223  9.5140303e-03 1.63e-03 2.43e-02  -4.0 1.04e-01    -  1.00e+00 1.00e+00h  1
 224  9.5256062e-03 6.73e-04 3.95e-02  -4.0 7.17e-02    -  1.00e+00 1.00e+00h  1
 225  9.5353218e-03 2.12e-04 1.14e-02  -4.0 3.67e-02    -  1.00e+00 1.00e+00h  1
 226  9.5448868e-03 1.39e-04 7.26e-03  -4.0 4.29e-02    -  1.00e+00 1.00e+00h  1
 227  9.5243626e-03 6.49e-04 9.04e-02  -4.0 1.74e-01    -  1.00e+00 5.00e-01h  2
 228  9.5186012e-03 4.15e-04 9.84e-02  -4.0 8.23e-02    -  1.00e+00 5.00e-01h  2
 229  9.5123565e-03 1.79e-04 4.04e-03  -4.0 3.60e-02    -  1.00e+00 1.00e+00h  1
iter    objective    inf_pr   inf_du lg(mu)  ||d||  lg(rg) alpha_du alpha_pr  ls
 230  9.5127461e-03 2.02e-04 4.45e-03  -4.0 4.04e-02    -  1.00e+00 1.00e+00h  1
 231  9.4781821e-03 1.86e-04 6.10e-03  -4.1 4.88e-02    -  1.00e+00 1.00e+00h  1
 232  9.4786121e-03 4.51e-04 5.94e-03  -4.0 9.88e-02    -  1.00e+00 1.00e+00h  1
 233  9.4471022e-03 5.18e-04 5.08e-01  -4.1 1.97e-01    -  1.00e+00 5.00e-01h  2
 234  9.4453105e-03 5.82e-04 4.04e-01  -4.0 2.89e-01    -  1.00e+00 2.50e-01h  3
 235  9.4702417e-03 8.32e-04 1.39e-02  -4.1 1.96e-01    -  1.00e+00 1.00e+00H  1
 236  9.4590433e-03 1.39e-03 4.88e-01  -4.0 2.14e-01    -  1.00e+00 5.00e-01h  2
 237  9.4112459e-03 6.33e-04 2.25e-01  -4.0 1.96e-01    -  1.00e+00 5.00e-01h  2
 238  9.4039375e-03 1.37e-03 1.53e-02  -4.0 1.06e-01    -  1.00e+00 1.00e+00h  1
 239  9.3901479e-03 4.55e-04 5.19e-03  -4.0 8.27e-02    -  1.00e+00 1.00e+00h  1
iter    objective    inf_pr   inf_du lg(mu)  ||d||  lg(rg) alpha_du alpha_pr  ls
 240  9.3923273e-03 3.19e-04 7.39e-03  -4.0 7.69e-02    -  1.00e+00 1.00e+00h  1
 241  9.3926523e-03 1.96e-04 6.57e-03  -4.0 3.65e-02    -  1.00e+00 1.00e+00h  1
 242  9.3976081e-03 4.92e-04 7.11e-03  -4.0 8.20e-02    -  1.00e+00 1.00e+00h  1
 243  9.3920109e-03 7.43e-04 5.43e-01  -4.1 2.74e-01    -  1.00e+00 5.00e-01h  2
 244  9.4145785e-03 4.02e-04 3.60e-02  -4.1 2.78e-01    -  1.00e+00 1.00e+00H  1
 245  9.3337347e-03 4.59e-04 2.08e-01  -4.1 3.53e-01    -  1.00e+00 2.50e-01h  3
 246  9.2988417e-03 1.21e-03 3.96e-01  -4.0 2.51e-01    -  1.00e+00 5.00e-01h  2
 247  9.2974824e-03 8.47e-04 3.05e-01  -4.0 3.96e-01    -  1.00e+00 2.50e-01h  3
 248  9.2814668e-03 1.90e-03 3.34e-01  -4.1 4.50e-01    -  1.00e+00 5.00e-01h  2
 249  9.2690910e-03 2.05e-03 6.06e-01  -4.0 9.75e-01    -  1.00e+00 1.25e-01h  4
iter    objective    inf_pr   inf_du lg(mu)  ||d||  lg(rg) alpha_du alpha_pr  ls
 250  9.2554311e-03 7.79e-03 2.91e-01  -4.0 1.03e+00    -  1.00e+00 5.00e-01h  2
 251  9.2327188e-03 1.04e-02 2.79e-01  -4.0 3.14e+00    -  1.00e+00 1.25e-01h  4
 252  9.2008591e-03 1.18e-02 2.18e-01  -4.0 2.54e+00    -  1.00e+00 1.25e-01h  4
 253  9.1601445e-03 1.19e-02 1.84e-01  -4.0 1.74e+00    -  1.00e+00 1.25e-01h  4
 254  1.1772487e-02 5.23e-02 9.87e-02  -4.0 7.54e-01    -  1.00e+00 1.00e+00H  1
 255  9.4189048e-03 2.60e-02 5.92e-02  -4.1 5.04e-01    -  1.00e+00 1.00e+00h  1
 256  9.5174304e-03 1.52e-02 1.36e-02  -4.1 3.47e-01    -  1.00e+00 1.00e+00h  1
 257  9.0775875e-03 1.01e-02 9.24e-03  -4.1 3.53e-01    -  1.00e+00 1.00e+00h  1
 258  9.3347537e-03 9.18e-03 5.08e-01  -4.0 4.20e-01    -  1.00e+00 5.00e-01h  2
 259  8.9814112e-03 3.89e-03 5.78e-03  -4.1 1.69e-01    -  1.00e+00 1.00e+00h  1
iter    objective    inf_pr   inf_du lg(mu)  ||d||  lg(rg) alpha_du alpha_pr  ls
 260  9.1022153e-03 2.55e-03 5.21e-02  -4.0 1.73e-01    -  1.00e+00 1.00e+00h  1
 261  9.0224044e-03 1.74e-03 1.86e-02  -4.0 1.08e-01    -  1.00e+00 1.00e+00h  1
 262  9.2043517e-03 3.49e-04 4.76e-02  -4.0 1.32e-01    -  1.00e+00 1.00e+00H  1
 263  9.2436645e-03 7.97e-03 6.04e-02  -4.0 2.27e-01    -  1.00e+00 1.00e+00h  1
 264  9.0552614e-03 1.94e-03 1.88e-02  -4.1 1.19e-01    -  1.00e+00 1.00e+00h  1
 265  9.0262844e-03 1.70e-03 5.28e-03  -4.1 8.98e-02    -  1.00e+00 1.00e+00h  1
 266  9.0106616e-03 6.03e-04 1.11e-02  -4.1 7.57e-02    -  1.00e+00 1.00e+00h  1
 267  9.0166604e-03 2.00e-04 5.52e-03  -4.0 3.36e-02    -  1.00e+00 1.00e+00h  1
 268  9.0184725e-03 1.41e-04 4.16e-03  -4.0 2.44e-02    -  1.00e+00 1.00e+00h  1
 269  9.0299095e-03 1.91e-04 6.19e-03  -4.0 3.93e-02    -  1.00e+00 1.00e+00h  1
iter    objective    inf_pr   inf_du lg(mu)  ||d||  lg(rg) alpha_du alpha_pr  ls
 270  8.9910690e-03 1.83e-04 4.61e-03  -4.1 4.63e-02    -  1.00e+00 1.00e+00h  1
 271  9.0117685e-03 2.21e-04 3.87e-03  -4.0 5.86e-02    -  1.00e+00 1.00e+00h  1
 272  9.0016791e-03 8.31e-05 3.04e-03  -4.0 3.06e-02    -  1.00e+00 1.00e+00h  1
 273  8.9985451e-03 5.19e-05 1.98e-03  -4.0 1.94e-02    -  1.00e+00 1.00e+00h  1
 274  9.0185391e-03 1.88e-03 9.58e-03  -4.0 1.78e-01    -  1.00e+00 1.00e+00h  1
 275  8.9664926e-03 7.93e-03 5.09e-01  -4.1 8.12e-01    -  1.00e+00 5.00e-01h  2
 276  8.9393985e-03 8.22e-03 4.29e-01  -4.0 1.67e+00    -  1.00e+00 1.25e-01h  4
 277  8.9267903e-03 7.92e-03 4.20e-01  -4.0 1.69e+00    -  1.00e+00 1.25e-01h  4
 278  9.5141681e-03 7.53e-03 2.37e-02  -4.0 3.70e-01    -  1.00e+00 1.00e+00h  1
 279  8.8459721e-03 5.87e-03 1.01e-02  -4.1 2.66e-01    -  1.00e+00 1.00e+00h  1
iter    objective    inf_pr   inf_du lg(mu)  ||d||  lg(rg) alpha_du alpha_pr  ls
 280  8.9095240e-03 3.10e-03 1.58e-02  -4.0 1.28e-01    -  1.00e+00 1.00e+00h  1
 281  8.9359685e-03 9.24e-04 1.53e-02  -4.0 1.45e-01    -  1.00e+00 1.00e+00h  1
 282  8.8995455e-03 6.70e-04 1.50e-02  -4.0 1.20e-01    -  1.00e+00 1.00e+00h  1
 283  8.9002764e-03 1.06e-03 4.17e-02  -4.0 1.30e-01    -  1.00e+00 5.00e-01h  2
 284  8.9050485e-03 4.14e-04 1.37e-02  -4.0 7.25e-02    -  1.00e+00 1.00e+00h  1
 285  8.9214951e-03 2.02e-04 8.60e-03  -4.0 8.27e-02    -  1.00e+00 1.00e+00H  1
 286  8.8942388e-03 1.05e-03 1.13e-02  -4.0 6.68e-02    -  1.00e+00 1.00e+00h  1
 287  8.8917114e-03 4.10e-04 3.54e-03  -4.0 4.15e-02    -  1.00e+00 1.00e+00h  1
 288  8.9041681e-03 2.06e-04 7.74e-03  -4.0 5.75e-02    -  1.00e+00 1.00e+00h  1
 289  8.9010436e-03 5.67e-04 8.96e-03  -4.0 1.64e-01    -  1.00e+00 1.00e+00h  1
iter    objective    inf_pr   inf_du lg(mu)  ||d||  lg(rg) alpha_du alpha_pr  ls
 290  8.8773225e-03 1.85e-03 7.13e-01  -4.1 1.04e+00    -  1.00e+00 2.50e-01h  3
 291  8.8601412e-03 2.23e-03 2.28e-01  -4.0 1.28e+00    -  1.00e+00 1.25e-01h  4
 292  8.8263299e-03 2.21e-03 5.55e-01  -4.1 6.41e-01    -  1.00e+00 2.50e-01h  3
 293  8.8137647e-03 2.32e-03 2.83e-01  -4.0 6.59e-01    -  1.00e+00 2.50e-01h  3
 294  8.8081101e-03 3.24e-03 2.06e-01  -4.0 1.01e+00    -  1.00e+00 2.50e-01h  3
 295  8.8341819e-03 1.13e-02 1.18e-01  -4.0 2.49e+00    -  1.00e+00 2.50e-01h  3
 296  8.7855356e-03 1.26e-02 7.57e-01  -4.1 2.94e+00    -  1.00e+00 1.25e-01h  4
 297  8.7534998e-03 1.42e-02 2.55e-01  -4.0 3.31e+00    -  1.00e+00 1.25e-01h  4
 298  8.7194369e-03 1.45e-02 2.05e-01  -4.0 3.18e+00    -  1.00e+00 6.25e-02h  5
 299  8.7120121e-03 1.46e-02 1.43e-01  -4.0 1.41e+00    -  1.00e+00 2.50e-01h  3
iter    objective    inf_pr   inf_du lg(mu)  ||d||  lg(rg) alpha_du alpha_pr  ls
 300  9.0637883e-03 1.30e-02 7.67e-02  -4.0 7.80e-01    -  1.00e+00 5.00e-01h  2
 301  8.7307960e-03 6.08e-03 1.64e-02  -4.1 3.39e-01    -  1.00e+00 1.00e+00h  1
 302  8.6433628e-03 1.03e-02 1.82e-02  -4.0 5.91e-01    -  1.00e+00 1.00e+00h  1
 303  1.0340659e-02 6.22e-03 1.90e-02  -4.0 9.12e-01    -  1.00e+00 1.00e+00H  1
 304  9.6446948e-03 4.50e-02 5.16e-02  -4.1 5.71e-01    -  1.00e+00 1.00e+00h  1
 305  8.5118749e-03 9.83e-03 8.83e-03  -4.1 3.15e-01    -  1.00e+00 1.00e+00h  1
 306  8.5838105e-03 3.68e-03 1.22e-02  -4.0 1.76e-01    -  1.00e+00 1.00e+00h  1
 307  8.6158784e-03 2.92e-03 2.86e-02  -4.0 1.69e-01    -  1.00e+00 1.00e+00h  1
 308  8.5613401e-03 1.40e-03 3.57e-02  -4.0 9.19e-02    -  1.00e+00 1.00e+00h  1
 309  8.5531012e-03 8.37e-04 3.86e-02  -4.0 7.97e-02    -  1.00e+00 5.00e-01h  2
iter    objective    inf_pr   inf_du lg(mu)  ||d||  lg(rg) alpha_du alpha_pr  ls
 310  8.6187472e-03 4.71e-04 2.90e-02  -4.0 6.76e-02    -  1.00e+00 1.00e+00H  1
 311  8.5839715e-03 7.02e-04 2.20e-02  -4.0 6.65e-02    -  1.00e+00 1.00e+00h  1
 312  8.5539162e-03 3.59e-04 7.86e-03  -4.0 5.16e-02    -  1.00e+00 1.00e+00h  1
 313  8.5632318e-03 1.68e-04 5.30e-03  -4.0 3.40e-02    -  1.00e+00 1.00e+00h  1
 314  8.5682108e-03 2.48e-04 4.57e-03  -4.0 4.23e-02    -  1.00e+00 1.00e+00h  1
 315  8.5394180e-03 4.22e-04 6.92e-03  -4.1 4.95e-02    -  1.00e+00 1.00e+00h  1
 316  8.5454779e-03 3.69e-04 6.83e-03  -4.0 4.94e-02    -  1.00e+00 1.00e+00h  1
 317  8.5389510e-03 9.25e-05 2.90e-03  -4.0 5.22e-02    -  1.00e+00 1.00e+00h  1
 318  8.5395932e-03 5.31e-05 3.58e-03  -4.0 2.19e-02    -  1.00e+00 1.00e+00h  1
 319  8.5367004e-03 4.59e-05 1.17e-03  -4.0 1.57e-02    -  1.00e+00 1.00e+00h  1
iter    objective    inf_pr   inf_du lg(mu)  ||d||  lg(rg) alpha_du alpha_pr  ls
 320  8.5601748e-03 2.90e-05 8.84e-03  -4.0 1.24e-01    -  1.00e+00 1.00e+00H  1
 321  8.5541813e-03 1.98e-03 1.64e-02  -4.0 2.02e-01    -  1.00e+00 1.00e+00h  1
 322  8.5304940e-03 1.69e-03 7.93e-01  -4.1 3.28e-01    -  1.00e+00 2.50e-01h  3
 323  8.4985242e-03 7.43e-04 7.02e-03  -4.1 9.97e-02    -  1.00e+00 1.00e+00h  1
 324  8.4996071e-03 8.68e-04 4.05e-03  -4.0 8.85e-02    -  1.00e+00 1.00e+00h  1
 325  8.4764261e-03 4.02e-04 2.29e-03  -4.1 8.87e-02    -  1.00e+00 1.00e+00h  1
 326  8.6108069e-03 3.16e-04 1.40e-02  -4.0 1.99e-01    -  1.00e+00 1.00e+00H  1
 327  8.5315182e-03 3.65e-03 1.41e-02  -4.1 1.90e-01    -  1.00e+00 1.00e+00h  1
 328  8.5066998e-03 5.49e-03 5.25e-03  -4.1 2.00e-01    -  1.00e+00 1.00e+00h  1
 329  8.4283134e-03 2.51e-03 7.58e-03  -4.1 1.73e-01    -  1.00e+00 1.00e+00h  1
iter    objective    inf_pr   inf_du lg(mu)  ||d||  lg(rg) alpha_du alpha_pr  ls
 330  8.4279879e-03 1.93e-03 6.11e-03  -4.0 1.61e-01    -  1.00e+00 1.00e+00h  1
 331  8.7356181e-03 3.78e-03 2.09e-02  -4.0 2.09e-01    -  1.00e+00 1.00e+00H  1
 332  8.4437787e-03 2.86e-03 1.08e-02  -4.1 2.46e-01    -  1.00e+00 1.00e+00h  1
 333  8.3998654e-03 9.81e-04 4.46e-03  -4.0 1.21e-01    -  1.00e+00 1.00e+00h  1
 334  8.4034495e-03 6.04e-04 7.74e-03  -4.0 5.65e-02    -  1.00e+00 1.00e+00h  1
 335  8.4161866e-03 3.36e-04 4.34e-03  -4.0 3.77e-02    -  1.00e+00 1.00e+00h  1
 336  8.4261012e-03 2.42e-04 3.94e-03  -4.0 4.05e-02    -  1.00e+00 1.00e+00h  1
 337  8.4347609e-03 2.02e-04 5.27e-03  -4.0 6.23e-02    -  1.00e+00 1.00e+00h  1
 338  8.4115317e-03 6.23e-04 5.16e-01  -4.1 1.04e-01    -  1.00e+00 5.00e-01h  2
 339  8.3884592e-03 4.29e-04 3.34e-03  -4.1 5.51e-02    -  1.00e+00 1.00e+00h  1
iter    objective    inf_pr   inf_du lg(mu)  ||d||  lg(rg) alpha_du alpha_pr  ls
 340  8.4178576e-03 5.92e-04 4.68e-03  -4.0 7.84e-02    -  1.00e+00 1.00e+00h  1
 341  8.4697673e-03 3.31e-04 1.08e-02  -4.1 1.41e-01    -  1.00e+00 1.00e+00H  1
 342  8.4879708e-03 1.63e-03 6.51e-03  -4.0 1.44e-01    -  1.00e+00 1.00e+00h  1
 343  8.5835715e-03 3.26e-03 1.29e-02  -4.1 2.27e-01    -  1.00e+00 1.00e+00H  1
 344  8.3546799e-03 3.12e-03 2.09e-02  -4.1 1.61e-01    -  1.00e+00 1.00e+00h  1
 345  8.3705348e-03 1.48e-03 5.38e-03  -4.0 9.35e-02    -  1.00e+00 1.00e+00h  1
 346  8.4066136e-03 1.87e-03 4.79e-03  -4.0 1.63e-01    -  1.00e+00 1.00e+00h  1
 347  8.3784265e-03 1.50e-03 7.18e-01  -4.1 4.24e-01    -  1.00e+00 2.50e-01h  3
 348  8.3408899e-03 1.36e-03 5.42e-01  -4.1 3.73e-01    -  1.00e+00 2.50e-01h  3
 349  8.4745687e-03 2.29e-03 1.48e-02  -4.0 3.22e-01    -  1.00e+00 1.00e+00H  1
iter    objective    inf_pr   inf_du lg(mu)  ||d||  lg(rg) alpha_du alpha_pr  ls
 350  8.3605860e-03 2.39e-03 5.09e-01  -4.1 2.08e-01    -  1.00e+00 5.00e-01h  2
 351  8.3046590e-03 2.86e-03 5.28e-03  -4.0 1.40e-01    -  1.00e+00 1.00e+00h  1
 352  8.4533203e-03 2.68e-03 2.21e-02  -4.0 1.75e-01    -  1.00e+00 1.00e+00H  1
 353  8.2744448e-03 1.78e-03 9.67e-03  -4.1 1.09e-01    -  1.00e+00 1.00e+00h  1
 354  8.3048561e-03 6.30e-04 1.20e-02  -4.0 5.33e-02    -  1.00e+00 1.00e+00h  1
 355  8.3269055e-03 1.95e-04 1.59e-02  -4.0 4.57e-02    -  1.00e+00 1.00e+00h  1
 356  8.3211292e-03 4.77e-04 1.78e-02  -4.0 6.25e-02    -  1.00e+00 1.00e+00h  1
 357  8.3340538e-03 2.97e-04 1.16e-02  -4.0 7.76e-02    -  1.00e+00 1.00e+00H  1
 358  8.2937939e-03 7.76e-04 9.32e-03  -4.0 8.80e-02    -  1.00e+00 1.00e+00h  1
 359  8.2945910e-03 3.00e-04 2.60e-03  -4.0 3.65e-02    -  1.00e+00 1.00e+00h  1
iter    objective    inf_pr   inf_du lg(mu)  ||d||  lg(rg) alpha_du alpha_pr  ls
 360  8.2997151e-03 1.07e-04 2.35e-03  -4.0 2.96e-02    -  1.00e+00 1.00e+00h  1
 361  8.3044561e-03 4.04e-04 3.56e-02  -4.0 3.23e-01    -  1.00e+00 2.50e-01h  3
 362  8.2785524e-03 1.14e-03 7.83e-01  -4.1 5.95e-01    -  1.00e+00 2.50e-01h  3
 363  8.2642419e-03 1.44e-03 7.16e-01  -4.1 1.59e+00    -  1.00e+00 6.25e-02h  5
 364  8.2583426e-03 3.27e-03 2.18e-01  -4.0 9.70e-01    -  1.00e+00 2.50e-01h  3
 365  8.2557287e-03 4.36e-03 1.90e-01  -4.0 1.66e+00    -  1.00e+00 1.25e-01h  4
 366  8.2577126e-03 5.97e-03 1.49e-01  -4.0 1.07e+00    -  1.00e+00 2.50e-01h  3
 367  8.2381711e-03 5.70e-03 7.39e-01  -4.1 1.02e+00    -  1.00e+00 1.25e-01h  4
 368  8.2147579e-03 6.78e-03 1.96e-01  -4.0 1.03e+00    -  1.00e+00 2.50e-01h  3
 369  8.1924252e-03 6.73e-03 1.48e-01  -4.0 1.78e+00    -  1.00e+00 6.25e-02h  5
iter    objective    inf_pr   inf_du lg(mu)  ||d||  lg(rg) alpha_du alpha_pr  ls
 370  8.1859713e-03 6.51e-03 1.18e-01  -4.0 8.11e-01    -  1.00e+00 2.50e-01h  3
 371  8.1804353e-03 6.36e-03 1.27e-01  -4.0 1.08e+00    -  1.00e+00 1.25e-01h  4
 372  8.9138623e-03 1.27e-02 4.16e-02  -4.0 8.41e-01    -  1.00e+00 1.00e+00H  1
 373  8.4927115e-03 1.06e-02 5.16e-01  -4.1 4.77e-01    -  1.00e+00 5.00e-01h  2
 374  8.4714987e-03 5.26e-03 3.75e-02  -4.1 3.68e-01    -  1.00e+00 1.00e+00H  1
 375  8.2027202e-03 3.33e-03 8.82e-02  -4.1 3.34e-01    -  1.00e+00 5.00e-01h  2
 376  8.3975572e-03 4.23e-03 1.97e-02  -4.0 4.47e-01    -  1.00e+00 1.00e+00H  1
 377  8.2531008e-03 3.28e-03 5.20e-01  -4.1 2.39e-01    -  1.00e+00 5.00e-01h  2
 378  8.1048112e-03 2.21e-03 6.74e-03  -4.0 1.56e-01    -  1.00e+00 1.00e+00h  1
 379  8.3740680e-03 4.50e-03 4.46e-03  -4.0 2.13e-01    -  1.00e+00 1.00e+00h  1
iter    objective    inf_pr   inf_du lg(mu)  ||d||  lg(rg) alpha_du alpha_pr  ls
 380  8.0826085e-03 2.00e-03 6.94e-03  -4.1 1.36e-01    -  1.00e+00 1.00e+00h  1
 381  8.0913929e-03 5.33e-04 4.64e-03  -4.0 6.76e-02    -  1.00e+00 1.00e+00h  1
 382  8.1020281e-03 4.24e-04 7.73e-03  -4.0 4.19e-02    -  1.00e+00 1.00e+00h  1
 383  8.1001981e-03 1.38e-04 1.00e-02  -4.0 2.89e-02    -  1.00e+00 1.00e+00h  1
 384  8.1074105e-03 3.47e-05 6.11e-03  -4.0 2.18e-02    -  1.00e+00 1.00e+00h  1
 385  8.1199814e-03 2.78e-04 5.84e-03  -4.0 4.40e-02    -  1.00e+00 1.00e+00h  1
 386  8.0935713e-03 1.04e-04 2.50e-03  -4.1 2.46e-02    -  1.00e+00 1.00e+00h  1
 387  8.1000343e-03 2.67e-05 1.19e-03  -4.0 1.26e-02    -  1.00e+00 1.00e+00h  1
 388  8.1075455e-03 1.65e-05 7.19e-04  -4.0 1.07e-02    -  1.00e+00 1.00e+00h  1
 389  8.0797557e-03 3.13e-04 6.34e-03  -4.1 4.65e-02    -  1.00e+00 1.00e+00h  1
iter    objective    inf_pr   inf_du lg(mu)  ||d||  lg(rg) alpha_du alpha_pr  ls
 390  8.1298306e-03 6.52e-04 4.82e-03  -4.0 1.14e-01    -  1.00e+00 1.00e+00h  1
 391  8.1142480e-03 6.22e-04 7.74e-03  -4.1 1.35e-01    -  1.00e+00 1.00e+00H  1
 392  8.0367100e-03 5.15e-04 5.82e-03  -4.1 9.72e-02    -  1.00e+00 1.00e+00h  1
 393  8.1569228e-03 7.92e-04 9.21e-03  -4.0 8.63e-02    -  1.00e+00 1.00e+00H  1
 394  8.0461241e-03 4.09e-04 4.60e-03  -4.1 6.96e-02    -  1.00e+00 1.00e+00h  1
 395  8.0648629e-03 1.81e-04 1.35e-03  -4.0 3.96e-02    -  1.00e+00 1.00e+00h  1
 396  8.1017796e-03 3.44e-04 4.06e-03  -4.0 8.91e-02    -  1.00e+00 1.00e+00h  1
 397  8.0626650e-03 8.67e-04 8.55e-03  -4.1 8.31e-02    -  1.00e+00 1.00e+00H  1
 398  8.0890843e-03 1.93e-03 7.74e-03  -4.0 1.19e-01    -  1.00e+00 1.00e+00h  1
 399  8.0552567e-03 3.56e-04 2.09e-03  -4.1 5.47e-02    -  1.00e+00 1.00e+00h  1
iter    objective    inf_pr   inf_du lg(mu)  ||d||  lg(rg) alpha_du alpha_pr  ls
 400  8.0861559e-03 2.14e-04 2.46e-03  -4.0 7.24e-02    -  1.00e+00 1.00e+00h  1
 401  8.0675360e-03 5.55e-04 6.55e-03  -4.1 7.69e-02    -  1.00e+00 1.00e+00H  1
 402  8.0068909e-03 2.76e-04 4.04e-03  -4.1 7.47e-02    -  1.00e+00 1.00e+00h  1
 403  8.0748706e-03 5.95e-04 2.78e-03  -4.0 5.41e-02    -  1.00e+00 1.00e+00h  1
 404  8.0296148e-03 2.17e-04 4.56e-03  -4.1 6.11e-02    -  1.00e+00 1.00e+00h  1
 405  7.9925824e-03 2.67e-04 4.69e-03  -4.1 4.03e-02    -  1.00e+00 1.00e+00h  1
 406  8.0790539e-03 4.94e-04 3.23e-03  -4.0 7.70e-02    -  1.00e+00 1.00e+00h  1
 407  8.1474360e-03 1.32e-03 1.21e-02  -4.1 1.36e-01    -  1.00e+00 1.00e+00H  1
 408  7.9826358e-03 1.01e-03 8.95e-03  -4.1 1.27e-01    -  1.00e+00 1.00e+00h  1
 409  8.0598756e-03 7.02e-04 3.61e-03  -4.0 7.24e-02    -  1.00e+00 1.00e+00h  1
iter    objective    inf_pr   inf_du lg(mu)  ||d||  lg(rg) alpha_du alpha_pr  ls
 410  7.9787632e-03 5.55e-04 2.49e-03  -4.1 5.83e-02    -  1.00e+00 1.00e+00h  1
 411  8.0282774e-03 6.28e-04 5.24e-01  -4.0 1.17e-01    -  1.00e+00 5.00e-01h  2
 412  8.0004660e-03 8.10e-04 7.67e-03  -4.1 4.91e-02    -  1.00e+00 1.00e+00h  1
 413  7.9856268e-03 3.16e-04 1.44e-03  -4.1 3.72e-02    -  1.00e+00 1.00e+00h  1
 414  8.0581817e-03 4.00e-04 6.37e-03  -4.0 5.02e-02    -  1.00e+00 1.00e+00h  1
 415  7.9939984e-03 4.69e-04 4.32e-03  -4.1 5.33e-02    -  1.00e+00 1.00e+00h  1
 416  7.9707484e-03 2.75e-04 3.66e-02  -4.1 7.64e-02    -  1.00e+00 5.00e-01h  2
 417  8.0447475e-03 4.15e-04 3.56e-03  -4.0 6.07e-02    -  1.00e+00 1.00e+00h  1
 418  8.0047812e-03 7.15e-04 4.96e-03  -4.1 6.93e-02    -  1.00e+00 1.00e+00h  1
 419  7.9726509e-03 3.45e-04 1.44e-03  -4.1 6.31e-02    -  1.00e+00 1.00e+00h  1
iter    objective    inf_pr   inf_du lg(mu)  ||d||  lg(rg) alpha_du alpha_pr  ls
 420  8.0337738e-03 2.43e-04 8.21e-03  -4.0 5.25e-02    -  1.00e+00 1.00e+00h  1
 421  7.9753082e-03 1.37e-04 7.02e-03  -4.1 5.95e-02    -  1.00e+00 1.00e+00H  1
 422  7.9360246e-03 1.96e-04 2.78e-03  -4.1 6.37e-02    -  1.00e+00 1.00e+00h  1
 423  8.0791769e-03 8.40e-04 8.95e-03  -4.0 1.08e-01    -  1.00e+00 1.00e+00h  1
 424  7.9913699e-03 6.91e-04 4.98e-03  -4.1 8.74e-02    -  1.00e+00 1.00e+00h  1
 425  7.9396434e-03 8.03e-04 2.77e-03  -4.1 6.92e-02    -  1.00e+00 1.00e+00h  1
 426  7.9540733e-03 1.32e-04 1.77e-03  -4.1 4.02e-02    -  1.00e+00 1.00e+00h  1
 427  8.0512869e-03 5.81e-04 1.06e-02  -4.0 7.32e-02    -  1.00e+00 1.00e+00h  1
 428  7.9499352e-03 5.40e-04 3.83e-03  -4.1 6.25e-02    -  1.00e+00 1.00e+00h  1
 429  7.9680557e-03 7.47e-04 4.02e-03  -4.1 1.29e-01    -  1.00e+00 1.00e+00h  1
iter    objective    inf_pr   inf_du lg(mu)  ||d||  lg(rg) alpha_du alpha_pr  ls
 430  7.9424815e-03 4.13e-04 1.57e-03  -4.1 8.94e-02    -  1.00e+00 1.00e+00h  1
 431  7.9422176e-03 8.94e-05 3.18e-03  -4.1 2.40e-02    -  1.00e+00 1.00e+00h  1
 432  8.0038720e-03 1.67e-04 5.68e-03  -4.0 4.00e-02    -  1.00e+00 1.00e+00h  1
 433  7.9542181e-03 2.15e-04 2.86e-03  -4.1 4.26e-02    -  1.00e+00 1.00e+00h  1
 434  7.9259477e-03 2.70e-04 3.60e-03  -4.1 5.89e-02    -  1.00e+00 1.00e+00h  1
 435  8.0147194e-03 5.33e-04 3.57e-03  -4.0 7.43e-02    -  1.00e+00 1.00e+00h  1
 436  7.9570891e-03 5.58e-04 3.31e-03  -4.1 6.07e-02    -  1.00e+00 1.00e+00h  1
 437  7.9307498e-03 2.15e-04 1.86e-03  -4.1 5.44e-02    -  1.00e+00 1.00e+00h  1
 438  8.0191733e-03 3.42e-04 7.46e-03  -4.0 5.86e-02    -  1.00e+00 1.00e+00h  1
 439  7.9709271e-03 4.51e-04 1.03e-02  -4.1 8.15e-02    -  1.00e+00 1.00e+00H  1
iter    objective    inf_pr   inf_du lg(mu)  ||d||  lg(rg) alpha_du alpha_pr  ls
 440  7.9265319e-03 3.34e-04 5.71e-03  -4.1 6.91e-02    -  1.00e+00 1.00e+00h  1
 441  7.9545688e-03 2.46e-04 1.13e-03  -4.1 3.45e-02    -  1.00e+00 1.00e+00h  1
 442  7.9246959e-03 1.00e-04 2.50e-03  -4.1 2.93e-02    -  1.00e+00 1.00e+00h  1
 443  8.0290255e-03 4.97e-04 3.64e-03  -4.0 6.72e-02    -  1.00e+00 1.00e+00h  1
 444  7.9564478e-03 1.82e-04 5.35e-03  -4.1 8.26e-02    -  1.00e+00 1.00e+00H  1
 445  7.9143568e-03 5.92e-04 3.21e-03  -4.1 7.78e-02    -  1.00e+00 1.00e+00h  1
 446  8.0304360e-03 7.41e-04 4.37e-03  -4.0 8.95e-02    -  1.00e+00 1.00e+00h  1
 447  7.9870758e-03 1.19e-03 5.53e-03  -4.1 9.26e-02    -  1.00e+00 1.00e+00h  1
 448  7.9199784e-03 5.74e-04 3.47e-03  -4.1 7.26e-02    -  1.00e+00 1.00e+00h  1
 449  8.0100573e-03 4.06e-04 3.11e-03  -4.0 6.30e-02    -  1.00e+00 1.00e+00h  1
iter    objective    inf_pr   inf_du lg(mu)  ||d||  lg(rg) alpha_du alpha_pr  ls
 450  7.9622345e-03 3.70e-04 5.83e-03  -4.1 8.17e-02    -  1.00e+00 1.00e+00H  1
 451  7.9167717e-03 7.10e-04 3.76e-03  -4.1 7.07e-02    -  1.00e+00 1.00e+00h  1
 452  8.0034988e-03 3.62e-04 4.11e-03  -4.0 6.29e-02    -  1.00e+00 1.00e+00h  1
 453  7.9184094e-03 5.66e-04 1.06e-02  -4.1 7.10e-02    -  1.00e+00 1.00e+00H  1
 454  7.9011921e-03 5.28e-04 6.79e-03  -4.1 6.38e-02    -  1.00e+00 1.00e+00h  1
 455  8.0022100e-03 6.50e-04 3.87e-03  -4.0 8.40e-02    -  1.00e+00 1.00e+00h  1
 456  8.0133765e-03 9.15e-04 1.34e-02  -4.1 1.42e-01    -  1.00e+00 1.00e+00H  1
 457  7.9195334e-03 8.94e-04 1.07e-02  -4.1 1.28e-01    -  1.00e+00 1.00e+00h  1
 458  7.9447311e-03 4.42e-04 2.50e-03  -4.1 4.15e-02    -  1.00e+00 1.00e+00h  1
 459  7.9163655e-03 2.30e-04 2.69e-03  -4.1 4.81e-02    -  1.00e+00 1.00e+00h  1
iter    objective    inf_pr   inf_du lg(mu)  ||d||  lg(rg) alpha_du alpha_pr  ls
 460  7.9132570e-03 9.45e-05 2.12e-03  -4.1 3.80e-02    -  1.00e+00 1.00e+00h  1
 461  7.9761244e-03 2.00e-04 6.63e-03  -4.0 4.43e-02    -  1.00e+00 1.00e+00h  1
 462  7.9340179e-03 2.13e-04 5.70e-03  -4.1 6.35e-02    -  1.00e+00 1.00e+00H  1
 463  7.8962193e-03 2.46e-04 3.49e-03  -4.1 8.58e-02    -  1.00e+00 1.00e+00h  1
 464  8.0118223e-03 7.05e-04 6.20e-03  -4.0 8.54e-02    -  1.00e+00 1.00e+00h  1
 465  7.9194283e-03 5.39e-04 5.16e-03  -4.1 7.56e-02    -  1.00e+00 1.00e+00h  1
 466  7.9412934e-03 9.09e-04 6.79e-03  -4.1 1.15e-01    -  1.00e+00 1.00e+00h  1
 467  7.9151394e-03 3.71e-04 1.95e-03  -4.1 8.00e-02    -  1.00e+00 1.00e+00h  1
 468  7.9006627e-03 8.58e-05 1.45e-03  -4.1 2.38e-02    -  1.00e+00 1.00e+00h  1
 469  7.9944956e-03 3.39e-04 4.89e-03  -4.0 6.08e-02    -  1.00e+00 1.00e+00h  1
iter    objective    inf_pr   inf_du lg(mu)  ||d||  lg(rg) alpha_du alpha_pr  ls
 470  7.9135579e-03 4.38e-04 4.95e-03  -4.1 6.88e-02    -  1.00e+00 1.00e+00h  1
 471  7.9218095e-03 8.45e-04 4.59e-03  -4.1 1.22e-01    -  1.00e+00 1.00e+00h  1
 472  7.9006332e-03 4.77e-04 1.09e-03  -4.1 1.00e-01    -  1.00e+00 1.00e+00h  1
 473  7.8992570e-03 1.04e-04 2.30e-03  -4.1 3.65e-02    -  1.00e+00 1.00e+00h  1
 474  7.9778544e-03 3.36e-04 2.47e-03  -4.0 5.87e-02    -  1.00e+00 1.00e+00h  1
 475  7.9013388e-03 1.06e-03 1.47e-02  -4.1 9.50e-02    -  1.00e+00 1.00e+00H  1
 476  7.8690884e-03 4.23e-04 8.35e-03  -4.1 8.71e-02    -  1.00e+00 1.00e+00h  1
 477  7.9769808e-03 9.59e-04 3.28e-03  -4.0 9.04e-02    -  1.00e+00 1.00e+00h  1
 478  8.0570482e-03 3.64e-03 3.22e-02  -4.1 1.17e-01    -  1.00e+00 1.00e+00H  1
 479  7.8892305e-03 1.21e-03 1.72e-02  -4.1 1.69e-01    -  1.00e+00 1.00e+00h  1
iter    objective    inf_pr   inf_du lg(mu)  ||d||  lg(rg) alpha_du alpha_pr  ls
 480  7.9152574e-03 8.76e-04 2.62e-03  -4.1 5.79e-02    -  1.00e+00 1.00e+00h  1
 481  7.9076813e-03 5.66e-04 3.42e-03  -4.1 5.79e-02    -  1.00e+00 1.00e+00h  1
 482  7.8867870e-03 1.42e-04 3.03e-03  -4.1 2.44e-02    -  1.00e+00 1.00e+00h  1
 483  7.9718764e-03 4.25e-04 4.19e-03  -4.0 5.50e-02    -  1.00e+00 1.00e+00h  1
 484  7.8863220e-03 4.51e-04 2.97e-03  -4.1 7.52e-02    -  1.00e+00 1.00e+00h  1
 485  7.8777890e-03 2.87e-04 1.11e-02  -4.1 1.14e-01    -  1.00e+00 5.00e-01h  2
 486  7.8688811e-03 2.85e-04 3.31e-03  -4.1 4.29e-02    -  1.00e+00 1.00e+00h  1
 487  7.9579886e-03 3.87e-04 2.61e-03  -4.0 6.53e-02    -  1.00e+00 1.00e+00h  1
 488  7.8895494e-03 2.34e-04 6.14e-03  -4.1 8.19e-02    -  1.00e+00 1.00e+00H  1
 489  7.8358085e-03 4.98e-04 5.18e-03  -4.1 8.42e-02    -  1.00e+00 1.00e+00h  1
iter    objective    inf_pr   inf_du lg(mu)  ||d||  lg(rg) alpha_du alpha_pr  ls
 490  7.9975099e-03 1.27e-03 2.28e-03  -4.0 1.29e-01    -  1.00e+00 1.00e+00h  1
 491  8.0550753e-03 4.30e-03 6.78e-03  -4.1 1.77e-01    -  1.00e+00 1.00e+00h  1
 492  7.8500413e-03 2.36e-03 2.64e-03  -4.1 1.53e-01    -  1.00e+00 1.00e+00h  1
 493  7.8860321e-03 4.88e-04 4.87e-03  -4.1 6.73e-02    -  1.00e+00 1.00e+00h  1
 494  7.8670261e-03 2.45e-04 9.52e-03  -4.1 4.35e-02    -  1.00e+00 1.00e+00h  1
 495  7.8967876e-03 3.65e-05 5.98e-03  -4.0 2.62e-02    -  1.00e+00 1.00e+00H  1
 496  7.9229881e-03 9.91e-05 4.99e-03  -4.0 2.40e-02    -  1.00e+00 1.00e+00h  1
 497  7.8883448e-03 1.22e-04 5.00e-03  -4.1 2.92e-02    -  1.00e+00 1.00e+00h  1
 498  7.8746816e-03 7.21e-05 2.88e-03  -4.1 2.30e-02    -  1.00e+00 1.00e+00h  1
 499  7.9308423e-03 1.75e-04 2.08e-03  -4.0 3.90e-02    -  1.00e+00 1.00e+00h  1
iter    objective    inf_pr   inf_du lg(mu)  ||d||  lg(rg) alpha_du alpha_pr  ls
 500  7.8890141e-03 1.14e-04 4.17e-03  -4.1 6.63e-02    -  1.00e+00 1.00e+00H  1

Number of Iterations....: 500

                                   (scaled)                 (unscaled)
Objective...............:   7.8890140522626835e-03    7.8890140522626835e-03
Dual infeasibility......:   4.1652333418042420e-03    4.1652333418042420e-03
Constraint violation....:   1.1353673279311744e-04    1.1353673279311744e-04
Variable bound violation:   0.0000000000000000e+00    0.0000000000000000e+00
Complementarity.........:   8.1105732320736241e-05    8.1105732320736241e-05
Overall NLP error.......:   4.1652333418042420e-03    4.1652333418042420e-03


Number of objective function evaluations             = 976
Number of objective gradient evaluations             = 501
Number of equality constraint evaluations            = 976
Number of inequality constraint evaluations          = 976
Number of equality constraint Jacobian evaluations   = 501
Number of inequality constraint Jacobian evaluations = 501
Number of Lagrangian Hessian evaluations             = 0
Total seconds in IPOPT                               = 1235.965

EXIT: Maximum Number of Iterations Exceeded.
