
******************************************************************************
This program contains Ipopt, a library for large-scale nonlinear optimization.
 Ipopt is released as open source code under the Eclipse Public License (EPL).
         For more information visit https://github.com/coin-or/Ipopt
******************************************************************************

This is Ipopt version 3.14.19, running with linear solver MUMPS 5.8.2.

Number of nonzeros in equality constraint Jacobian...:  1215565
Number of nonzeros in inequality constraint Jacobian.:     5312
Number of nonzeros in Lagrangian Hessian.............:        0

Total number of variables............................:     3879
                     variables with only lower bounds:        0
                variables with lower and upper bounds:      824
                     variables with only upper bounds:        0
Total number of equality constraints.................:     3726
Total number of inequality constraints...............:      553
        inequality constraints with only lower bounds:        0
   inequality constraints with lower and upper bounds:        0
        inequality constraints with only upper bounds:      553

iter    objective    inf_pr   inf_du lg(mu)  ||d||  lg(rg) alpha_du alpha_pr  ls
   0  6.0465352e-03 9.76e+00 1.00e+00   0.0 0.00e+00    -  0.00e+00 0.00e+00   0
   1  6.2183826e-03 9.65e+00 1.77e+02  -0.4 3.15e+01    -  4.11e-01 1.06e-02h  1
   2  6.7925355e-03 9.51e+00 5.33e+03   0.7 3.10e+01    -  6.05e-01 1.52e-02h  1
   3  1.6747264e-02 8.90e+00 6.10e+03   1.3 3.15e+01    -  1.99e-01 6.26e-02h  1
   4  2.9598847e-02 8.53e+00 2.84e+04   1.9 3.37e+01    -  9.16e-01 4.18e-02f  1
   5  1.9656088e-01 6.85e+00 9.83e+04   2.3 3.74e+01    -  5.95e-01 1.93e-01h  1
   6  7.1369592e-01 4.61e+00 2.13e+05   2.4 3.62e+01    -  5.63e-01 3.85e-01h  1
   7  1.4509075e+00 3.10e+00 1.87e+05   1.8 2.14e+01    -  5.16e-01 6.38e-01h  1
   8  1.8075143e+00 1.74e+00 1.17e+05   2.0 1.20e+01    -  8.89e-01 4.98e-01f  1
   9  2.6768359e+00 1.62e+00 3.79e+04   1.6 1.16e+01    -  7.75e-01 1.00e+00f  1
iter    objective    inf_pr   inf_du lg(mu)  ||d||  lg(rg) alpha_du alpha_pr  ls
  10  3.1386669e+00 7.43e-01 5.45e+03   1.2 7.31e+00    -  8.57e-01 1.00e+00f  1
  11  3.2894302e+00 2.16e-01 1.83e+03   0.5 4.08e+00    -  9.52e-01 9.66e-01f  1
  12  3.3314445e+00 6.50e-02 9.35e+02  -0.6 2.45e+00    -  9.73e-01 1.00e+00h  1
  13  3.3217753e+00 1.86e-02 2.88e+02  -1.3 1.18e+00    -  1.00e+00 1.00e+00h  1
  14  3.2935109e+00 7.57e-03 1.56e+02  -2.5 7.13e-01    -  1.00e+00 1.00e+00h  1
  15  3.2459666e+00 6.08e-03 3.65e+01  -2.9 6.32e-01    -  1.00e+00 1.00e+00h  1
  16  2.9529826e+00 9.67e-02 4.01e+01  -2.0 2.77e+00    -  1.00e+00 1.00e+00h  1
  17  2.2520977e+00 4.76e-01 8.00e+01  -2.2 1.54e+01    -  1.00e+00 4.31e-01h  1
  18  1.1341326e+00 3.79e+00 8.10e+01  -1.8 2.93e+01    -  9.41e-01 6.78e-01h  1
  19  1.6817794e+00 5.81e+00 9.39e+01  -1.6 1.69e+01    -  6.62e-01 1.00e+00h  1
iter    objective    inf_pr   inf_du lg(mu)  ||d||  lg(rg) alpha_du alpha_pr  ls
  20  1.2972381e+00 1.34e+00 3.01e+01  -1.7 7.32e+00    -  9.81e-01 1.00e+00h  1
  21  9.8950904e-01 4.67e-01 7.81e+00  -2.2 5.62e+00    -  1.00e+00 1.00e+00h  1
  22  7.8127499e-01 6.01e-01 6.20e+00  -2.2 6.92e+00    -  1.00e+00 6.55e-01h  1
  23  4.7422585e-01 1.15e+00 7.45e+00  -2.5 9.75e+00    -  1.00e+00 1.00e+00h  1
  24  1.3634558e+00 5.68e+00 1.76e+01  -1.7 1.61e+01    -  5.46e-01 9.76e-01h  1
  25  7.1451989e-01 3.07e+00 6.60e+00  -2.0 1.25e+01    -  9.97e-01 1.00e+00h  1
  26  4.5152338e-01 3.24e+00 3.27e+00  -2.0 1.07e+01    -  4.82e-01 8.60e-01h  1
  27  3.8688794e-01 1.13e+00 1.85e+00  -2.0 5.53e+00    -  9.56e-01 1.00e+00h  1
  28  3.9915869e-01 5.75e-01 5.59e+00  -2.0 4.47e+00    -  9.87e-01 1.00e+00h  1
  29  2.9753351e-01 3.02e-01 2.38e+00  -2.4 4.05e+00    -  1.00e+00 1.00e+00h  1
iter    objective    inf_pr   inf_du lg(mu)  ||d||  lg(rg) alpha_du alpha_pr  ls
  30  1.9647438e-01 5.24e-01 4.22e+00  -2.5 6.11e+00    -  1.00e+00 9.90e-01h  1
  31  3.5671198e-01 1.62e+00 5.97e+00  -2.0 7.21e+00    -  1.00e+00 1.00e+00h  1
  32  3.7760144e-01 1.12e+00 4.87e+00  -2.1 5.22e+00    -  1.00e+00 1.00e+00h  1
  33  2.8422274e-01 3.64e-01 2.36e+00  -2.1 3.96e+00    -  7.66e-01 1.00e+00h  1
  34  2.4341965e-01 2.15e-01 1.04e+01  -2.2 3.63e+00    -  6.92e-01 8.22e-01H  1
  35  2.1075604e-01 1.26e-01 3.46e+00  -2.2 1.79e+00    -  1.00e+00 1.00e+00h  1
  36  1.7713777e-01 3.65e-01 8.41e+00  -2.2 4.57e+00    -  9.61e-01 1.00e+00h  1
  37  1.5235923e-01 2.04e-01 2.68e+00  -2.7 2.05e+00    -  1.00e+00 9.83e-01h  1
  38  1.8567910e-01 8.27e-01 2.49e+01  -2.1 5.28e+00    -  9.88e-01 1.00e+00h  1
  39  1.6772977e-01 3.14e-01 3.87e+00  -2.2 2.06e+00    -  1.00e+00 1.00e+00h  1
iter    objective    inf_pr   inf_du lg(mu)  ||d||  lg(rg) alpha_du alpha_pr  ls
  40  1.5918329e-01 1.34e-01 3.78e+00  -2.2 2.01e+00    -  1.00e+00 1.00e+00h  1
  41  1.6066480e-01 1.51e-01 7.54e+00  -2.2 1.42e+00    -  1.00e+00 1.00e+00h  1
  42  1.4300608e-01 5.28e-02 2.22e+00  -3.1 1.22e+00    -  1.00e+00 1.00e+00h  1
  43  1.1934870e-01 9.23e-02 3.18e+00  -2.7 2.00e+00    -  1.00e+00 1.00e+00h  1
  44  1.0957991e-01 4.57e-02 1.09e+00  -2.7 1.43e+00    -  1.00e+00 6.74e-01h  1
  45  1.0988614e-01 5.97e-02 3.17e+00  -2.7 1.12e+00    -  9.78e-01 1.00e+00h  1
  46  9.9048032e-02 4.33e-02 1.61e+00  -2.8 1.13e+00    -  1.00e+00 1.00e+00h  1
  47  7.3541354e-02 1.13e-01 2.77e+00  -3.2 2.67e+00    -  1.00e+00 8.71e-01h  1
  48  5.7934893e-02 3.30e-01 5.21e+00  -2.9 2.57e+00    -  1.00e+00 1.00e+00h  1
  49  7.0716896e-02 1.04e+00 9.34e+00  -2.7 3.98e+00    -  1.00e+00 1.00e+00h  1
iter    objective    inf_pr   inf_du lg(mu)  ||d||  lg(rg) alpha_du alpha_pr  ls
  50  5.9165930e-02 1.74e-01 1.58e+00  -2.8 2.00e+00    -  1.00e+00 1.00e+00h  1
  51  4.7045065e-02 9.77e-02 5.77e-01  -3.3 1.59e+00    -  1.00e+00 1.00e+00h  1
  52  3.6391013e-02 2.63e-01 1.50e+00  -3.8 3.37e+00    -  1.00e+00 1.00e+00h  1
  53  3.6030390e-02 6.91e-01 2.49e+00  -3.1 6.23e+00    -  1.00e+00 6.31e-01h  1
  54  3.3459429e-02 8.94e-01 1.00e+00  -2.8 3.20e+00    -  5.85e-01 9.39e-01h  1
  55  4.0243381e-02 5.10e-01 1.04e+00  -2.7 3.67e+00    -  1.00e+00 6.67e-01h  1
  56  4.1881804e-02 3.19e-01 1.39e+00  -2.7 2.55e+00    -  1.00e+00 9.96e-01h  1
  57  2.4584656e-02 1.72e-01 1.10e+00  -3.4 2.90e+00    -  1.00e+00 1.00e+00h  1
  58  2.8469709e-02 1.52e-01 1.61e+00  -2.9 2.99e+00    -  5.36e-01 1.34e-01H  1
  59  2.8206910e-02 1.15e-01 1.17e+00  -2.8 1.48e+00    -  1.00e+00 1.00e+00h  1
iter    objective    inf_pr   inf_du lg(mu)  ||d||  lg(rg) alpha_du alpha_pr  ls
  60  2.0861254e-02 9.83e-02 6.68e-01  -3.7 2.37e+00    -  1.00e+00 1.00e+00h  1
  61  2.8418311e-02 1.39e-01 3.27e+00  -3.7 3.31e+00    -  7.77e-01 3.67e-01H  1
  62  2.0242844e-02 5.33e-02 1.07e+00  -3.8 1.33e+00    -  7.63e-01 1.00e+00h  1
  63  1.8646038e-02 1.08e-01 3.22e-01  -3.4 1.17e+00    -  1.00e+00 1.00e+00h  1
  64  1.8549197e-02 9.68e-02 7.17e-01  -3.4 1.65e+00    -  9.98e-01 1.00e+00h  1
  65  1.5584252e-02 7.92e-02 2.54e-01  -4.0 1.68e+00    -  1.00e+00 1.00e+00h  1
  66  1.5003791e-02 5.63e-02 2.74e-01  -4.0 2.34e+00    -  8.42e-01 2.62e-01H  1
  67  1.3555515e-02 6.46e-02 5.62e-01  -3.7 8.10e-01    -  1.00e+00 1.00e+00h  1
  68  1.4194904e-02 2.31e-01 1.98e+00  -3.5 2.20e+00    -  1.00e+00 1.00e+00h  1
  69  1.1432563e-02 8.77e-02 4.04e-01  -3.6 1.20e+00    -  1.00e+00 1.00e+00h  1
iter    objective    inf_pr   inf_du lg(mu)  ||d||  lg(rg) alpha_du alpha_pr  ls
  70  1.0702143e-02 3.01e-02 4.02e-01  -3.9 8.50e-01    -  9.95e-01 8.38e-01h  1
  71  1.0587562e-02 1.65e-02 1.76e-01  -3.7 9.79e-01    -  9.91e-01 5.00e-01h  2
  72  1.0444873e-02 1.26e-02 2.03e-01  -4.0 8.87e-01    -  1.00e+00 4.14e-01H  1
  73  1.0392078e-02 3.37e-02 7.99e-01  -3.7 1.76e+00    -  1.00e+00 5.00e-01h  2
  74  9.3506800e-03 3.64e-02 3.18e-01  -4.0 1.14e+00    -  1.00e+00 1.00e+00h  1
  75  9.2794534e-03 3.63e-02 1.88e-01  -4.0 8.66e-01    -  5.51e-01 1.00e+00h  1
  76  8.7714235e-03 1.45e-02 7.85e-02  -4.0 5.26e-01    -  1.00e+00 1.00e+00h  1
  77  8.8811294e-03 9.70e-03 1.93e-01  -4.0 7.02e-01    -  1.00e+00 5.00e-01h  2
  78  8.8146796e-03 6.60e-03 2.25e-01  -4.0 3.43e-01    -  1.00e+00 1.00e+00h  1
  79  9.0180682e-03 3.51e-03 4.35e-01  -4.0 3.75e-01    -  1.00e+00 6.06e-01H  1
iter    objective    inf_pr   inf_du lg(mu)  ||d||  lg(rg) alpha_du alpha_pr  ls
  80  9.3023877e-03 9.17e-03 2.30e-01  -3.6 4.04e-01    -  1.00e+00 1.00e+00h  1
  81  9.1278922e-03 3.35e-03 4.94e-01  -3.7 2.41e-01    -  1.00e+00 1.00e+00h  1
  82  9.2042036e-03 1.08e-02 9.13e-01  -3.5 3.18e-01    -  1.00e+00 1.00e+00h  1
  83  9.3147752e-03 4.28e-03 2.22e-01  -3.6 2.14e-01    -  1.00e+00 1.00e+00h  1
  84  9.3084594e-03 8.72e-04 2.44e-01  -4.0 1.49e-01    -  1.00e+00 1.00e+00h  1
  85  8.8872284e-03 8.55e-03 1.17e+00  -4.0 3.68e-01    -  1.00e+00 1.00e+00h  1
  86  8.7595421e-03 3.74e-03 2.80e-01  -4.1 2.24e-01    -  1.00e+00 1.00e+00h  1
  87  8.7284315e-03 4.93e-03 6.62e-01  -4.0 2.52e-01    -  1.00e+00 1.00e+00h  1
  88  8.6693828e-03 3.01e-03 1.72e-01  -4.0 1.83e-01    -  1.00e+00 1.00e+00h  1
  89  8.6143839e-03 3.35e-03 2.61e-01  -4.0 1.84e-01    -  1.00e+00 1.00e+00h  1
iter    objective    inf_pr   inf_du lg(mu)  ||d||  lg(rg) alpha_du alpha_pr  ls
  90  8.6378366e-03 1.32e-03 1.13e-01  -4.0 1.11e-01    -  1.00e+00 1.00e+00h  1
  91  8.7410634e-03 5.01e-04 3.95e-01  -4.0 1.02e-01    -  1.00e+00 1.00e+00h  1
  92  8.7857874e-03 8.62e-04 3.88e-01  -4.0 1.23e-01    -  1.00e+00 1.00e+00h  1
  93  8.7678851e-03 3.82e-04 1.25e-01  -4.1 6.89e-02    -  1.00e+00 1.00e+00h  1
  94  8.7727692e-03 5.67e-05 1.43e-01  -4.0 5.80e-02    -  1.00e+00 1.00e+00H  1
  95  8.6848184e-03 8.00e-04 5.74e-01  -4.0 6.75e-02    -  1.00e+00 1.00e+00h  1
  96  8.6560062e-03 3.76e-04 1.31e-01  -4.0 7.90e-02    -  1.00e+00 1.00e+00h  1
  97  8.6812406e-03 1.51e-04 1.30e-01  -4.0 5.25e-02    -  1.00e+00 1.00e+00h  1
  98  8.5588627e-03 6.48e-04 1.53e-01  -4.0 2.05e-01    -  1.00e+00 1.00e+00h  1
  99  9.1850799e-03 9.96e-02 2.43e+00  -3.7 5.15e+00    -  1.00e+00 5.00e-01h  2
iter    objective    inf_pr   inf_du lg(mu)  ||d||  lg(rg) alpha_du alpha_pr  ls
 100  9.4940583e-03 5.26e-02 1.77e+00  -3.8 1.18e+00    -  1.00e+00 1.00e+00h  1
 101  8.6873659e-03 2.13e-02 4.51e-01  -3.8 5.63e-01    -  1.00e+00 1.00e+00h  1
 102  8.2367147e-03 3.08e-02 1.73e-01  -3.8 1.65e+00    -  6.78e-01 5.00e-01h  2
 103  8.1203573e-03 1.14e-02 3.41e-01  -4.0 4.40e-01    -  1.00e+00 1.00e+00h  1
 104  7.9693132e-03 1.47e-02 1.66e-01  -4.0 3.18e-01    -  1.00e+00 1.00e+00h  1
 105  8.0865329e-03 6.25e-03 4.75e-01  -4.0 3.69e-01    -  1.00e+00 1.00e+00H  1
 106  7.9741630e-03 5.82e-03 1.10e-01  -4.0 3.26e-01    -  1.00e+00 1.00e+00h  1
 107  7.9371294e-03 2.11e-03 2.83e-01  -4.0 2.72e-01    -  1.00e+00 7.35e-01H  1
 108  7.9660048e-03 3.35e-03 2.71e-01  -4.0 1.90e-01    -  1.00e+00 1.00e+00h  1
 109  7.9746063e-03 2.70e-03 8.83e-02  -4.1 3.35e-01    -  1.00e+00 1.00e+00h  1
iter    objective    inf_pr   inf_du lg(mu)  ||d||  lg(rg) alpha_du alpha_pr  ls
 110  7.9002346e-03 1.96e-03 1.87e-01  -4.1 1.43e-01    -  1.00e+00 1.00e+00h  1
 111  7.9354637e-03 1.82e-03 1.64e-01  -4.0 1.27e-01    -  1.00e+00 1.00e+00h  1
 112  7.9356887e-03 7.99e-04 1.15e-01  -4.0 1.28e-01    -  1.00e+00 1.00e+00h  1
 113  7.9570917e-03 6.27e-04 1.44e-01  -4.0 8.36e-02    -  1.00e+00 1.00e+00h  1
 114  7.9543930e-03 2.79e-04 8.13e-02  -4.0 5.67e-02    -  1.00e+00 1.00e+00h  1
 115  7.9658146e-03 8.83e-05 2.68e-01  -4.0 5.76e-02    -  1.00e+00 1.00e+00H  1
 116  7.9554580e-03 1.40e-04 5.89e-02  -4.0 3.77e-02    -  1.00e+00 1.00e+00h  1
 117  7.9413155e-03 1.63e-04 1.13e-01  -4.0 6.03e-02    -  1.00e+00 1.00e+00h  1
 118  7.9657887e-03 7.16e-03 3.95e-01  -4.0 3.50e-01    -  1.00e+00 1.00e+00h  1
 119  7.7005464e-03 4.10e-03 2.54e-01  -4.1 2.68e-01    -  1.00e+00 1.00e+00h  1
iter    objective    inf_pr   inf_du lg(mu)  ||d||  lg(rg) alpha_du alpha_pr  ls
 120  7.7055372e-03 2.47e-03 1.83e-01  -4.0 1.66e-01    -  1.00e+00 1.00e+00h  1
 121  7.7316555e-03 2.90e-03 1.09e-01  -4.0 1.64e-01    -  1.00e+00 1.00e+00h  1
 122  7.7372411e-03 7.05e-04 1.45e-01  -4.0 7.61e-02    -  1.00e+00 1.00e+00h  1
 123  7.7403269e-03 2.00e-04 1.49e-01  -4.0 7.75e-02    -  1.00e+00 1.00e+00H  1
 124  7.7284631e-03 1.22e-03 1.88e-01  -4.0 1.03e-01    -  1.00e+00 1.00e+00h  1
 125  7.7152452e-03 6.00e-04 6.43e-02  -4.0 7.98e-02    -  1.00e+00 1.00e+00h  1
 126  7.7292317e-03 2.02e-04 8.50e-02  -4.0 5.99e-02    -  1.00e+00 1.00e+00h  1
 127  7.7567732e-03 7.85e-05 1.82e-01  -4.0 4.63e-02    -  1.00e+00 1.00e+00H  1
 128  7.7483900e-03 1.55e-04 7.38e-02  -4.0 6.74e-02    -  1.00e+00 1.00e+00h  1
 129  7.6743646e-03 5.20e-04 1.81e-01  -4.1 1.30e-01    -  1.00e+00 1.00e+00h  1
iter    objective    inf_pr   inf_du lg(mu)  ||d||  lg(rg) alpha_du alpha_pr  ls
 130  7.7087355e-03 3.24e-04 1.39e-01  -4.0 6.45e-02    -  1.00e+00 1.00e+00h  1
 131  7.7384251e-03 2.14e-04 1.57e-01  -4.0 6.08e-02    -  1.00e+00 1.00e+00H  1
 132  7.7125866e-03 2.38e-04 7.40e-02  -4.0 7.48e-02    -  1.00e+00 1.00e+00h  1
 133  7.6374181e-03 2.18e-03 2.54e-01  -4.1 2.82e-01    -  1.00e+00 1.00e+00h  1
 134  7.6815778e-03 1.04e-02 8.17e-01  -4.0 6.34e-01    -  1.00e+00 1.00e+00h  1
 135  7.7384073e-03 1.09e-02 5.01e-01  -4.1 6.44e-01    -  1.00e+00 1.00e+00h  1
 136  8.1538870e-03 1.07e-02 3.94e-01  -4.1 9.90e-01    -  8.40e-01 5.22e-01H  1
 137  7.4758208e-03 6.46e-03 9.60e-02  -4.1 6.56e-01    -  1.00e+00 1.00e+00h  1
 138  7.5400382e-03 7.27e-03 2.09e-01  -4.0 4.22e-01    -  1.00e+00 1.00e+00h  1
 139  7.4210786e-03 2.55e-03 1.06e-01  -4.0 2.22e-01    -  1.00e+00 1.00e+00h  1
iter    objective    inf_pr   inf_du lg(mu)  ||d||  lg(rg) alpha_du alpha_pr  ls
 140  7.6598558e-03 2.91e-03 7.44e-01  -4.0 2.44e-01    -  1.00e+00 6.28e-01H  1
 141  7.5229533e-03 1.78e-03 1.34e-01  -4.0 1.54e-01    -  1.00e+00 1.00e+00h  1
 142  7.4918697e-03 5.47e-03 7.20e-01  -4.0 2.18e-01    -  1.00e+00 1.00e+00h  1
 143  7.4788601e-03 1.36e-03 1.03e-01  -4.0 1.17e-01    -  1.00e+00 1.00e+00h  1
 144  7.5567286e-03 9.76e-04 9.24e-02  -4.0 1.16e-01    -  1.00e+00 1.00e+00h  1
 145  7.5887978e-03 3.59e-04 2.06e-01  -4.0 5.82e-02    -  1.00e+00 1.00e+00h  1
 146  7.6223095e-03 1.41e-04 1.15e-01  -4.0 4.40e-02    -  1.00e+00 1.00e+00h  1
 147  7.6220608e-03 5.53e-05 7.23e-02  -4.0 2.78e-02    -  1.00e+00 1.00e+00h  1
 148  7.6204329e-03 3.09e-05 6.83e-02  -4.0 1.44e-02    -  1.00e+00 1.00e+00h  1
 149  7.6237727e-03 3.03e-05 2.27e-02  -4.0 1.75e-02    -  1.00e+00 1.00e+00h  1
iter    objective    inf_pr   inf_du lg(mu)  ||d||  lg(rg) alpha_du alpha_pr  ls
 150  7.5956290e-03 5.42e-04 1.31e-01  -4.1 9.20e-02    -  1.00e+00 1.00e+00h  1
 151  7.6145528e-03 5.80e-03 4.32e-01  -4.1 6.95e-01    -  1.00e+00 5.00e-01h  2
 152  7.6005351e-03 3.91e-03 3.68e-01  -4.1 4.19e-01    -  1.00e+00 5.00e-01h  2
 153  7.4988846e-03 2.74e-03 1.23e-01  -4.1 2.50e-01    -  1.00e+00 1.00e+00h  1
 154  7.4379932e-03 5.20e-03 4.67e-01  -4.1 6.27e-01    -  1.00e+00 5.00e-01h  2
 155  7.5703907e-03 2.14e-03 1.60e-01  -4.1 3.58e-01    -  1.00e+00 1.00e+00H  1
 156  7.4227068e-03 1.34e-02 2.18e-01  -4.1 3.88e-01    -  1.00e+00 1.00e+00h  1
 157  7.3701723e-03 9.94e-03 1.60e-01  -4.1 3.18e-01    -  1.00e+00 1.00e+00h  1
 158  7.4462105e-03 6.48e-03 1.44e-01  -4.0 2.39e-01    -  1.00e+00 1.00e+00h  1
 159  7.3704243e-03 3.82e-03 1.54e-01  -4.0 1.95e-01    -  1.00e+00 1.00e+00h  1
iter    objective    inf_pr   inf_du lg(mu)  ||d||  lg(rg) alpha_du alpha_pr  ls
 160  7.4555969e-03 2.10e-03 9.83e-02  -4.0 1.39e-01    -  1.00e+00 1.00e+00h  1
 161  7.5404378e-03 5.76e-04 2.09e-01  -4.0 1.37e-01    -  1.00e+00 1.00e+00H  1
 162  7.4434868e-03 8.06e-04 7.84e-02  -4.1 1.66e-01    -  1.00e+00 1.00e+00h  1
 163  7.4667736e-03 1.48e-03 1.58e-01  -4.0 1.07e-01    -  1.00e+00 1.00e+00h  1
 164  7.4767423e-03 5.74e-04 8.77e-02  -4.0 6.65e-02    -  1.00e+00 1.00e+00h  1
 165  7.5056085e-03 1.33e-04 9.34e-02  -4.0 3.75e-02    -  1.00e+00 1.00e+00h  1
 166  7.5283794e-03 8.64e-05 7.11e-02  -4.0 3.14e-02    -  1.00e+00 1.00e+00h  1
 167  7.5454961e-03 2.02e-04 1.18e-01  -4.0 6.99e-02    -  1.00e+00 1.00e+00h  1
 168  7.4904075e-03 4.65e-04 1.43e-01  -4.1 1.27e-01    -  1.00e+00 1.00e+00h  1
 169  7.4541256e-03 4.62e-03 3.95e-01  -4.1 2.78e-01    -  1.00e+00 1.00e+00h  1
iter    objective    inf_pr   inf_du lg(mu)  ||d||  lg(rg) alpha_du alpha_pr  ls
 170  7.4173285e-03 1.34e-03 1.27e-01  -4.1 1.51e-01    -  1.00e+00 1.00e+00h  1
 171  7.4501392e-03 9.70e-04 9.36e-02  -4.0 1.39e-01    -  1.00e+00 1.00e+00h  1
 172  7.4756793e-03 4.91e-04 2.80e-01  -4.1 1.01e-01    -  1.00e+00 1.00e+00H  1
 173  7.4508270e-03 1.09e-03 1.40e-01  -4.1 2.04e-01    -  1.00e+00 1.00e+00h  1
 174  7.7229609e-03 3.23e-02 6.98e-01  -4.1 1.02e+00    -  1.00e+00 1.00e+00h  1
 175  7.3174623e-03 1.83e-02 1.93e-01  -4.1 5.12e-01    -  1.00e+00 1.00e+00h  1
 176  7.2447348e-03 8.00e-03 1.13e-01  -4.0 3.71e-01    -  1.00e+00 1.00e+00h  1
 177  7.3680283e-03 6.52e-03 2.38e-01  -4.0 2.70e-01    -  1.00e+00 1.00e+00h  1
 178  7.3211113e-03 2.40e-03 7.75e-02  -4.1 2.04e-01    -  1.00e+00 1.00e+00h  1
 179  7.4129277e-03 1.73e-03 4.70e-01  -4.0 2.38e-01    -  1.00e+00 7.15e-01H  1
iter    objective    inf_pr   inf_du lg(mu)  ||d||  lg(rg) alpha_du alpha_pr  ls
 180  7.3114230e-03 1.50e-03 8.49e-02  -4.1 1.46e-01    -  1.00e+00 1.00e+00h  1
 181  7.3628383e-03 2.72e-03 2.37e-01  -4.0 1.58e-01    -  1.00e+00 1.00e+00h  1
 182  7.3213204e-03 1.58e-03 1.89e-01  -4.1 1.03e-01    -  1.00e+00 1.00e+00h  1
 183  7.2698302e-03 1.59e-03 1.45e-01  -4.1 1.31e-01    -  1.00e+00 1.00e+00h  1
 184  7.3144315e-03 5.71e-04 7.46e-02  -4.0 1.11e-01    -  1.00e+00 1.00e+00h  1
 185  7.3448341e-03 2.13e-04 1.25e-01  -4.0 4.08e-02    -  1.00e+00 1.00e+00h  1
 186  7.3328489e-03 8.36e-05 3.03e-02  -4.0 2.57e-02    -  1.00e+00 1.00e+00h  1
 187  7.3375297e-03 2.22e-04 1.70e-01  -4.0 7.93e-02    -  1.00e+00 1.00e+00h  1
 188  7.2763108e-03 3.45e-03 2.94e-01  -4.1 3.39e-01    -  1.00e+00 1.00e+00h  1
 189  7.2459698e-03 6.25e-03 5.38e-01  -4.1 9.47e-01    -  1.00e+00 5.00e-01h  2
iter    objective    inf_pr   inf_du lg(mu)  ||d||  lg(rg) alpha_du alpha_pr  ls
 190  7.2875793e-03 1.79e-02 6.04e-01  -4.1 1.12e+00    -  1.00e+00 5.00e-01h  2
 191  7.1286506e-03 7.11e-03 1.89e-01  -4.1 4.30e-01    -  1.00e+00 1.00e+00h  1
 192  7.1839901e-03 2.55e-03 8.24e-02  -4.0 1.98e-01    -  1.00e+00 1.00e+00h  1
 193  7.2038985e-03 2.04e-02 3.56e-01  -4.0 4.30e-01    -  1.00e+00 1.00e+00h  1
 194  7.0598981e-03 8.48e-03 1.58e-01  -4.1 3.41e-01    -  1.00e+00 1.00e+00h  1
 195  7.1029510e-03 1.55e-02 2.27e-01  -4.0 6.76e-01    -  1.00e+00 1.00e+00h  1
 196  8.3811707e-03 3.58e-02 2.11e-01  -4.1 1.03e+00    -  1.00e+00 1.00e+00H  1
 197  7.2405816e-03 4.03e-02 1.40e-01  -4.1 1.07e+00    -  1.00e+00 1.00e+00h  1
 198  6.8880283e-03 1.19e-02 7.39e-02  -4.1 6.63e-01    -  1.00e+00 1.00e+00h  1
 199  6.8991696e-03 1.60e-02 2.07e-01  -4.0 3.30e-01    -  1.00e+00 1.00e+00h  1
iter    objective    inf_pr   inf_du lg(mu)  ||d||  lg(rg) alpha_du alpha_pr  ls
 200  6.8578038e-03 7.09e-03 1.78e-01  -4.1 3.40e-01    -  1.00e+00 1.00e+00h  1
 201  6.8857995e-03 6.28e-03 1.68e-01  -4.0 4.23e-01    -  1.00e+00 1.00e+00h  1
 202  6.8442077e-03 4.36e-03 7.07e-02  -4.0 2.09e-01    -  1.00e+00 1.00e+00h  1
 203  6.9479280e-03 1.15e-03 3.00e-01  -4.0 1.31e-01    -  1.00e+00 7.81e-01H  1
 204  6.9226498e-03 1.83e-03 1.28e-01  -4.0 1.78e-01    -  1.00e+00 1.00e+00h  1
 205  6.9149139e-03 2.21e-03 2.05e-01  -4.0 1.14e-01    -  1.00e+00 1.00e+00h  1
 206  6.9247597e-03 1.02e-03 1.66e-01  -4.0 8.29e-02    -  1.00e+00 1.00e+00h  1
 207  7.0341751e-03 3.86e-04 4.12e-01  -4.0 9.84e-02    -  1.00e+00 1.00e+00H  1
 208  6.9801999e-03 1.61e-03 1.92e-01  -4.0 1.35e-01    -  1.00e+00 1.00e+00h  1
 209  6.8968270e-03 2.47e-03 1.53e-01  -4.1 1.41e-01    -  1.00e+00 1.00e+00h  1
iter    objective    inf_pr   inf_du lg(mu)  ||d||  lg(rg) alpha_du alpha_pr  ls
 210  6.9173324e-03 1.67e-03 9.73e-02  -4.0 1.42e-01    -  1.00e+00 1.00e+00h  1
 211  6.9509491e-03 2.42e-04 8.75e-02  -4.0 7.02e-02    -  1.00e+00 1.00e+00h  1
 212  6.9486604e-03 1.47e-04 3.18e-01  -4.0 1.01e-01    -  1.00e+00 5.00e-01h  2
 213  6.9388258e-03 4.55e-04 1.60e-01  -4.0 8.65e-02    -  1.00e+00 1.00e+00h  1
 214  6.9116588e-03 8.39e-04 1.84e-01  -4.1 1.23e-01    -  1.00e+00 1.00e+00h  1
 215  6.8553348e-03 1.49e-03 3.66e-01  -4.0 1.69e-01    -  1.00e+00 1.00e+00h  1
 216  6.8898079e-03 8.65e-04 1.00e-01  -4.0 1.16e-01    -  1.00e+00 1.00e+00h  1
 217  6.9222937e-03 1.09e-04 9.64e-02  -4.0 7.17e-02    -  1.00e+00 1.00e+00H  1
 218  6.9149664e-03 2.80e-04 1.34e-01  -4.0 7.61e-02    -  1.00e+00 1.00e+00h  1
 219  6.9399641e-03 3.49e-03 3.10e-01  -4.1 3.59e-01    -  1.00e+00 1.00e+00h  1
iter    objective    inf_pr   inf_du lg(mu)  ||d||  lg(rg) alpha_du alpha_pr  ls
 220  6.8952610e-03 5.07e-03 3.79e-01  -4.1 2.50e-01    -  1.00e+00 1.00e+00h  1
 221  6.8657524e-03 2.02e-03 5.90e-02  -4.1 1.33e-01    -  1.00e+00 1.00e+00h  1
 222  6.8518819e-03 2.13e-03 2.00e-01  -4.1 1.35e-01    -  1.00e+00 1.00e+00h  1
 223  6.8902914e-03 1.45e-03 1.52e-01  -4.0 1.60e-01    -  1.00e+00 1.00e+00h  1
 224  6.8950638e-03 1.94e-03 3.06e-01  -4.1 4.94e-01    -  1.00e+00 5.00e-01h  2
 225  6.8619657e-03 1.77e-03 1.36e-01  -4.1 4.29e-01    -  1.00e+00 5.00e-01h  2
 226  6.8114898e-03 2.79e-03 1.77e-01  -4.1 2.50e-01    -  1.00e+00 1.00e+00h  1
 227  6.8026842e-03 3.54e-03 1.55e-01  -4.0 2.46e-01    -  1.00e+00 1.00e+00h  1
 228  6.8297240e-03 1.36e-03 1.65e-01  -4.0 1.49e-01    -  1.00e+00 1.00e+00h  1
 229  6.8195132e-03 9.99e-04 1.22e-01  -4.0 2.79e-01    -  1.00e+00 5.00e-01h  2
iter    objective    inf_pr   inf_du lg(mu)  ||d||  lg(rg) alpha_du alpha_pr  ls
 230  6.9188859e-03 3.38e-02 3.95e-01  -4.0 1.18e+00    -  1.00e+00 1.00e+00h  1
 231  6.8909836e-03 3.04e-02 2.34e-01  -4.1 7.68e-01    -  1.00e+00 1.00e+00h  1
 232  6.7141077e-03 1.11e-02 1.03e-01  -4.1 4.90e-01    -  1.00e+00 1.00e+00h  1
 233  6.8899423e-03 1.11e-02 1.36e-01  -4.0 1.23e+00    -  1.00e+00 5.00e-01h  2
 234  6.7306898e-03 8.96e-03 6.24e-02  -4.1 3.43e-01    -  1.00e+00 1.00e+00h  1
 235  6.6512354e-03 8.72e-03 9.39e-02  -4.0 1.19e+00    -  1.00e+00 5.00e-01h  2
 236  6.8325019e-03 1.19e-02 2.75e-01  -4.0 1.19e+00    -  1.00e+00 4.32e-01H  1
 237  6.7238058e-03 1.56e-02 1.07e-01  -4.1 4.69e-01    -  1.00e+00 1.00e+00h  1
 238  6.9087072e-03 5.27e-02 2.08e-01  -4.0 6.96e-01    -  1.00e+00 1.00e+00h  1
 239  6.4872428e-03 1.66e-02 1.77e-02  -4.1 4.34e-01    -  1.00e+00 1.00e+00h  1
iter    objective    inf_pr   inf_du lg(mu)  ||d||  lg(rg) alpha_du alpha_pr  ls
 240  6.6479872e-03 1.06e-02 1.22e-01  -4.0 4.03e-01    -  1.00e+00 9.59e-01H  1
 241  6.5643208e-03 1.56e-02 2.49e-01  -4.0 3.02e-01    -  1.00e+00 1.00e+00h  1
 242  6.5194467e-03 9.70e-03 2.51e-01  -4.0 4.64e-01    -  1.00e+00 1.00e+00h  1
 243  6.5341950e-03 5.21e-03 6.26e-02  -4.0 2.60e-01    -  1.00e+00 1.00e+00h  1
 244  6.6384479e-03 2.03e-03 2.45e-01  -4.0 2.03e-01    -  1.00e+00 1.00e+00h  1
 245  6.6535903e-03 2.61e-03 3.94e-01  -4.0 2.08e-01    -  1.00e+00 1.00e+00h  1
 246  6.6633638e-03 1.19e-03 2.27e-01  -4.1 1.81e-01    -  1.00e+00 1.00e+00h  1
 247  6.6332207e-03 1.69e-03 1.91e-01  -4.0 1.07e-01    -  1.00e+00 1.00e+00h  1
 248  6.6411560e-03 4.20e-04 1.98e-01  -4.0 6.41e-02    -  1.00e+00 1.00e+00h  1
 249  6.6960526e-03 9.04e-05 1.34e-01  -4.0 7.24e-02    -  1.00e+00 1.00e+00H  1
iter    objective    inf_pr   inf_du lg(mu)  ||d||  lg(rg) alpha_du alpha_pr  ls
 250  6.6474592e-03 1.31e-03 2.30e-01  -4.0 1.39e-01    -  1.00e+00 1.00e+00h  1
 251  6.5531780e-03 5.55e-03 3.99e-01  -4.1 4.29e-01    -  1.00e+00 1.00e+00h  1
 252  6.5568124e-03 1.36e-03 1.14e-01  -4.0 1.51e-01    -  1.00e+00 1.00e+00h  1
 253  6.5734791e-03 5.00e-04 1.03e-01  -4.0 9.57e-02    -  1.00e+00 1.00e+00h  1
 254  6.5726759e-03 1.53e-04 4.26e-02  -4.0 5.07e-02    -  1.00e+00 1.00e+00h  1
 255  6.5711637e-03 4.86e-04 5.68e-02  -4.0 1.21e-01    -  1.00e+00 1.00e+00h  1
 256  6.7202491e-03 9.31e-03 2.10e-01  -4.0 6.21e-01    -  1.00e+00 1.00e+00h  1
 257  6.7551291e-03 1.04e-02 4.30e-01  -4.1 9.71e-01    -  1.00e+00 5.00e-01h  2
 258  6.5708296e-03 3.00e-02 1.94e-01  -4.1 5.01e-01    -  1.00e+00 1.00e+00h  1
 259  6.4870528e-03 7.62e-03 5.80e-02  -4.1 3.45e-01    -  1.00e+00 1.00e+00h  1
iter    objective    inf_pr   inf_du lg(mu)  ||d||  lg(rg) alpha_du alpha_pr  ls
 260  6.4802203e-03 5.54e-03 2.89e-01  -4.0 1.26e+00    -  1.00e+00 2.50e-01h  3
 261  6.5776922e-03 9.74e-03 1.12e-01  -4.0 1.08e+00    -  1.00e+00 5.00e-01h  2
 262  6.4701834e-03 1.26e-02 6.85e-02  -4.1 5.56e-01    -  1.00e+00 1.00e+00h  1
 263  6.5610636e-03 2.02e-02 1.17e-01  -4.0 6.15e-01    -  1.00e+00 1.00e+00h  1
 264  6.4842674e-03 1.24e-02 1.29e-01  -4.1 1.28e+00    -  1.00e+00 5.00e-01h  2
 265  6.3872555e-03 2.95e-02 1.47e-01  -4.1 5.12e-01    -  1.00e+00 1.00e+00h  1
 266  6.4704825e-03 2.32e-02 1.08e-01  -4.0 3.94e-01    -  1.00e+00 1.00e+00h  1
 267  6.6892378e-03 1.19e-02 3.95e-01  -4.1 8.94e-01    -  1.00e+00 6.62e-01H  1
 268  6.2839562e-03 1.96e-02 4.76e-02  -4.1 6.62e-01    -  1.00e+00 1.00e+00h  1
 269  6.4243501e-03 1.23e-02 2.61e-01  -4.0 4.88e-01    -  1.00e+00 1.00e+00h  1
iter    objective    inf_pr   inf_du lg(mu)  ||d||  lg(rg) alpha_du alpha_pr  ls
 270  6.2760989e-03 7.35e-03 1.24e-01  -4.1 4.13e-01    -  1.00e+00 1.00e+00h  1
 271  6.4702214e-03 3.04e-02 2.85e-01  -3.8 5.55e-01    -  1.00e+00 1.00e+00h  1
 272  6.2922986e-03 8.57e-03 8.30e-02  -3.9 4.65e-01    -  1.00e+00 1.00e+00h  1
 273  6.2372515e-03 6.38e-03 1.31e-01  -4.0 3.46e-01    -  1.00e+00 1.00e+00h  1
 274  6.2785370e-03 2.26e-03 2.30e-01  -4.0 2.99e-01    -  1.00e+00 6.88e-01H  1
 275  6.2792971e-03 3.56e-03 2.03e-01  -4.0 2.47e-01    -  1.00e+00 1.00e+00h  1
 276  6.2389155e-03 2.16e-03 1.51e-01  -4.1 1.99e-01    -  1.00e+00 1.00e+00h  1
 277  6.2426917e-03 1.22e-03 3.34e-01  -4.0 1.38e-01    -  1.00e+00 5.00e-01h  2
 278  6.2652272e-03 9.24e-04 6.39e-01  -4.0 1.61e-01    -  1.00e+00 2.50e-01h  3
 279  6.2714743e-03 7.95e-04 5.89e-01  -4.0 2.33e-01    -  1.00e+00 1.25e-01h  4
iter    objective    inf_pr   inf_du lg(mu)  ||d||  lg(rg) alpha_du alpha_pr  ls
 280  6.2708640e-03 2.39e-03 1.44e-01  -4.0 6.06e-01    -  1.00e+00 5.00e-01h  2
 281  6.2038994e-03 1.13e-02 5.13e-01  -4.1 2.58e+00    -  1.00e+00 2.50e-01h  3
 282  6.3884653e-03 4.28e-02 5.97e-01  -4.0 2.53e+00    -  1.00e+00 5.00e-01h  2
 283  6.8728878e-03 2.08e-02 4.75e-01  -4.1 9.71e-01    -  1.00e+00 1.00e+00h  1
 284  6.6555756e-03 3.53e-02 1.50e-01  -4.1 1.03e+00    -  1.00e+00 1.00e+00h  1
 285  6.2368945e-03 3.20e-02 6.57e-02  -4.1 9.55e-01    -  1.00e+00 1.00e+00h  1
 286  6.2197089e-03 2.84e-02 1.84e-01  -4.1 1.42e+00    -  1.00e+00 5.00e-01h  2
 287  5.9965296e-03 1.58e-02 5.79e-02  -4.1 4.56e-01    -  1.00e+00 1.00e+00h  1
 288  5.9679439e-03 9.25e-03 1.12e-01  -4.0 3.78e-01    -  1.00e+00 1.00e+00h  1
 289  5.9853491e-03 4.43e-03 1.37e-01  -4.0 2.42e-01    -  1.00e+00 1.00e+00h  1
iter    objective    inf_pr   inf_du lg(mu)  ||d||  lg(rg) alpha_du alpha_pr  ls
 290  6.0270801e-03 3.41e-03 2.67e-01  -4.0 1.66e-01    -  1.00e+00 1.00e+00h  1
 291  6.1076684e-03 2.13e-03 1.13e-01  -4.0 1.78e-01    -  1.00e+00 1.00e+00h  1
 292  6.1475839e-03 1.16e-03 3.01e-01  -4.0 1.14e-01    -  1.00e+00 1.00e+00h  1
 293  6.1503555e-03 1.49e-03 3.62e-01  -4.0 1.06e-01    -  1.00e+00 1.00e+00h  1
 294  6.0898436e-03 7.48e-04 1.68e-01  -4.0 1.42e-01    -  1.00e+00 1.00e+00h  1
 295  6.1118200e-03 3.16e-04 1.19e-01  -4.0 7.78e-02    -  1.00e+00 1.00e+00h  1
 296  6.1209507e-03 1.41e-04 1.20e-01  -4.0 3.58e-02    -  1.00e+00 1.00e+00h  1
 297  6.1251787e-03 8.82e-05 7.16e-02  -4.0 3.84e-02    -  1.00e+00 1.00e+00h  1
 298  6.1049962e-03 1.02e-04 3.05e-02  -4.0 4.57e-02    -  1.00e+00 1.00e+00h  1
 299  6.0559647e-03 1.05e-03 1.88e-01  -4.0 1.53e-01    -  1.00e+00 1.00e+00h  1
iter    objective    inf_pr   inf_du lg(mu)  ||d||  lg(rg) alpha_du alpha_pr  ls
 300  6.1198965e-03 5.43e-03 4.24e-01  -4.0 4.11e-01    -  1.00e+00 1.00e+00h  1
 301  5.9688888e-03 2.52e-03 9.54e-02  -4.1 2.70e-01    -  1.00e+00 1.00e+00h  1
 302  5.9972400e-03 2.93e-03 9.28e-02  -4.0 1.49e-01    -  1.00e+00 1.00e+00h  1
 303  5.9923916e-03 2.79e-03 1.97e-01  -4.0 1.40e-01    -  1.00e+00 1.00e+00h  1
 304  5.9716930e-03 8.49e-04 5.31e-02  -4.0 8.18e-02    -  1.00e+00 1.00e+00h  1
 305  5.9931609e-03 3.90e-04 7.68e-02  -4.0 6.18e-02    -  1.00e+00 1.00e+00h  1
 306  6.0008827e-03 1.82e-04 7.91e-02  -4.0 6.92e-02    -  1.00e+00 1.00e+00h  1
 307  5.9911984e-03 8.98e-05 7.33e-02  -4.0 3.47e-02    -  1.00e+00 1.00e+00h  1
 308  5.9987071e-03 3.83e-05 2.85e-02  -4.0 2.45e-02    -  1.00e+00 1.00e+00h  1
 309  6.0060172e-03 4.12e-05 6.76e-02  -4.0 2.52e-02    -  1.00e+00 1.00e+00h  1
iter    objective    inf_pr   inf_du lg(mu)  ||d||  lg(rg) alpha_du alpha_pr  ls
 310  5.9938831e-03 2.60e-04 9.46e-02  -4.1 7.77e-02    -  1.00e+00 1.00e+00h  1
 311  5.9557713e-03 2.38e-03 1.76e-01  -4.1 3.96e-01    -  1.00e+00 5.00e-01h  2
 312  5.9685699e-03 2.08e-03 2.12e-01  -4.0 1.45e-01    -  1.00e+00 1.00e+00h  1
 313  5.9464057e-03 8.44e-04 2.13e-02  -4.1 1.21e-01    -  1.00e+00 1.00e+00h  1
 314  5.9779695e-03 1.00e-03 1.51e-01  -4.0 1.28e-01    -  1.00e+00 1.00e+00h  1
 315  5.9507426e-03 3.79e-04 8.28e-02  -4.1 8.22e-02    -  1.00e+00 1.00e+00h  1
 316  5.9489409e-03 4.16e-04 1.23e-01  -4.0 7.79e-02    -  1.00e+00 1.00e+00h  1
 317  5.9523948e-03 3.33e-04 1.01e-01  -4.0 5.64e-02    -  1.00e+00 1.00e+00h  1
 318  5.9622086e-03 1.19e-04 8.02e-02  -4.0 3.97e-02    -  1.00e+00 1.00e+00h  1
 319  5.9578330e-03 2.47e-05 1.29e-02  -4.0 2.51e-02    -  1.00e+00 1.00e+00h  1
iter    objective    inf_pr   inf_du lg(mu)  ||d||  lg(rg) alpha_du alpha_pr  ls
 320  5.9605192e-03 5.31e-05 7.35e-02  -4.0 2.56e-02    -  1.00e+00 1.00e+00h  1
 321  5.9502418e-03 2.83e-04 6.60e-02  -4.1 8.90e-02    -  1.00e+00 1.00e+00h  1
 322  5.9259418e-03 4.63e-04 1.00e-01  -4.1 8.34e-02    -  1.00e+00 1.00e+00h  1
 323  5.9293307e-03 8.89e-04 1.89e-01  -4.0 1.71e-01    -  1.00e+00 1.00e+00h  1
 324  5.9221759e-03 3.48e-04 5.95e-02  -4.0 1.05e-01    -  1.00e+00 1.00e+00h  1
 325  5.9179732e-03 3.20e-04 2.11e-01  -4.0 2.17e-01    -  1.00e+00 5.00e-01h  2
 326  5.9364903e-03 6.72e-03 2.59e-01  -4.0 5.35e-01    -  1.00e+00 1.00e+00h  1
 327  5.9581698e-03 4.26e-02 7.18e-01  -4.1 2.56e+00    -  1.00e+00 5.00e-01h  2
 328  6.0974057e-03 5.10e-02 9.22e-01  -4.1 2.44e+00    -  1.00e+00 5.00e-01h  2
 329  5.8958088e-03 2.55e-02 6.56e-01  -4.1 1.24e+00    -  1.00e+00 5.00e-01h  2
iter    objective    inf_pr   inf_du lg(mu)  ||d||  lg(rg) alpha_du alpha_pr  ls
 330  5.8853658e-03 1.21e-02 1.64e-01  -4.0 4.18e-01    -  1.00e+00 1.00e+00h  1
 331  5.9177195e-03 1.70e-02 1.15e-01  -4.0 1.62e+00    -  1.00e+00 5.00e-01h  2
 332  7.0352563e-03 2.89e-02 4.99e-01  -4.1 1.09e+00    -  1.00e+00 3.19e-01H  1
 333  5.8481346e-03 1.70e-02 1.27e-01  -4.1 8.55e-01    -  1.00e+00 1.00e+00h  1
 334  5.8767581e-03 2.80e-02 1.00e-01  -4.0 7.30e-01    -  1.00e+00 1.00e+00h  1
 335  5.7086828e-03 1.67e-02 5.79e-02  -4.1 3.19e-01    -  1.00e+00 1.00e+00h  1
 336  5.8596226e-03 1.64e-02 2.85e-01  -4.0 6.23e-01    -  1.00e+00 1.00e+00h  1
 337  5.6740850e-03 7.78e-03 4.16e-02  -4.0 3.84e-01    -  1.00e+00 1.00e+00h  1
 338  5.7320182e-03 3.86e-03 1.48e-01  -4.0 1.38e-01    -  1.00e+00 1.00e+00h  1
 339  5.7264084e-03 2.15e-03 4.25e-01  -4.0 1.84e-01    -  1.00e+00 5.00e-01h  2
iter    objective    inf_pr   inf_du lg(mu)  ||d||  lg(rg) alpha_du alpha_pr  ls
 340  5.7811821e-03 1.36e-03 1.92e-01  -4.0 1.72e-01    -  1.00e+00 1.00e+00h  1
 341  5.7662926e-03 7.20e-04 1.16e-01  -4.0 1.15e-01    -  1.00e+00 1.00e+00h  1
 342  5.7817247e-03 5.64e-04 1.49e-01  -4.0 1.15e-01    -  1.00e+00 1.00e+00h  1
 343  5.7902521e-03 1.86e-04 7.84e-02  -4.0 4.54e-02    -  1.00e+00 1.00e+00h  1
 344  5.7869677e-03 2.15e-04 1.17e-01  -4.0 3.90e-02    -  1.00e+00 1.00e+00h  1
 345  5.7798868e-03 2.15e-04 3.96e-02  -4.0 5.31e-02    -  1.00e+00 1.00e+00h  1
 346  5.7723106e-03 1.38e-04 3.42e-02  -4.0 3.59e-02    -  1.00e+00 1.00e+00h  1
 347  5.7708603e-03 1.39e-02 5.55e-01  -4.0 3.06e-01    -  1.00e+00 1.00e+00h  1
 348  5.7164214e-03 1.66e-03 1.39e-01  -4.1 9.14e-02    -  1.00e+00 1.00e+00h  1
 349  5.7166481e-03 1.14e-03 1.05e-01  -4.0 1.14e-01    -  1.00e+00 1.00e+00h  1
iter    objective    inf_pr   inf_du lg(mu)  ||d||  lg(rg) alpha_du alpha_pr  ls
 350  5.7289818e-03 3.01e-04 1.62e-01  -4.0 4.96e-02    -  1.00e+00 1.00e+00h  1
 351  5.7236325e-03 1.05e-04 4.07e-02  -4.0 3.74e-02    -  1.00e+00 1.00e+00h  1
 352  5.7285599e-03 2.06e-05 2.73e-02  -4.0 1.78e-02    -  1.00e+00 1.00e+00h  1
 353  5.7273354e-03 2.66e-05 4.76e-02  -4.0 2.56e-02    -  1.00e+00 1.00e+00h  1
 354  5.7396345e-03 7.92e-04 1.47e-01  -4.0 1.38e-01    -  1.00e+00 1.00e+00h  1
 355  5.7277922e-03 1.01e-03 1.66e-01  -4.1 1.71e-01    -  1.00e+00 1.00e+00h  1
 356  5.7640767e-03 5.71e-03 2.90e-01  -4.1 5.00e-01    -  1.00e+00 5.00e-01h  2
 357  5.6758185e-03 2.16e-03 7.41e-02  -4.1 2.23e-01    -  1.00e+00 1.00e+00h  1
 358  5.7686068e-03 4.26e-03 1.51e-01  -4.0 2.26e-01    -  1.00e+00 1.00e+00h  1
 359  5.6931195e-03 2.07e-03 6.52e-02  -4.1 1.65e-01    -  1.00e+00 1.00e+00h  1
iter    objective    inf_pr   inf_du lg(mu)  ||d||  lg(rg) alpha_du alpha_pr  ls
 360  5.7085073e-03 1.75e-03 2.71e-01  -4.0 1.27e-01    -  1.00e+00 1.00e+00h  1
 361  5.7005721e-03 7.86e-04 4.43e-02  -4.0 8.23e-02    -  1.00e+00 1.00e+00h  1
 362  5.7084417e-03 1.94e-04 1.41e-01  -4.0 5.78e-02    -  1.00e+00 1.00e+00h  1
 363  5.7132885e-03 1.26e-04 7.44e-02  -4.0 3.28e-02    -  1.00e+00 1.00e+00h  1
 364  5.7080756e-03 1.86e-04 1.24e-01  -4.0 3.62e-02    -  1.00e+00 1.00e+00h  1
 365  5.7014755e-03 6.28e-05 2.99e-02  -4.1 3.34e-02    -  1.00e+00 1.00e+00h  1
 366  5.7050929e-03 3.93e-05 1.79e-02  -4.0 1.66e-02    -  1.00e+00 1.00e+00h  1
 367  5.7061028e-03 6.58e-06 1.88e-02  -4.0 8.14e-03    -  1.00e+00 1.00e+00h  1
 368  5.7078689e-03 3.00e-04 1.19e-01  -4.0 7.04e-02    -  1.00e+00 1.00e+00h  1
 369  5.6890961e-03 1.17e-03 1.55e-01  -4.1 2.03e-01    -  1.00e+00 1.00e+00h  1
iter    objective    inf_pr   inf_du lg(mu)  ||d||  lg(rg) alpha_du alpha_pr  ls
 370  5.6539783e-03 1.71e-03 1.15e-01  -4.1 1.50e-01    -  1.00e+00 1.00e+00h  1
 371  5.6664678e-03 8.34e-04 4.86e-02  -4.0 1.13e-01    -  1.00e+00 1.00e+00h  1
 372  5.6681168e-03 2.04e-04 1.18e-01  -4.0 8.64e-02    -  1.00e+00 1.00e+00H  1
 373  5.7303777e-03 1.36e-03 1.90e-01  -4.0 2.04e-01    -  1.00e+00 1.00e+00h  1
 374  5.6456889e-03 2.65e-03 2.29e-01  -4.1 2.56e-01    -  1.00e+00 1.00e+00h  1
 375  5.6768907e-03 7.27e-03 3.49e-01  -4.0 2.48e-01    -  1.00e+00 1.00e+00h  1
 376  5.6397450e-03 1.93e-03 3.51e-02  -4.1 1.51e-01    -  1.00e+00 1.00e+00h  1
 377  5.8543806e-03 2.79e-03 4.94e-01  -4.0 4.15e-01    -  1.00e+00 7.18e-01H  1
 378  5.6397270e-03 3.58e-03 1.19e-01  -4.1 2.61e-01    -  1.00e+00 1.00e+00h  1
 379  5.6962391e-03 6.45e-03 1.62e-01  -4.1 4.67e-01    -  1.00e+00 1.00e+00h  1
iter    objective    inf_pr   inf_du lg(mu)  ||d||  lg(rg) alpha_du alpha_pr  ls
 380  5.6107593e-03 1.08e-02 1.80e-01  -4.1 6.98e-01    -  1.00e+00 1.00e+00h  1
 381  5.7614693e-03 1.41e-02 1.55e-01  -4.0 8.20e-01    -  1.00e+00 5.00e-01h  2
 382  5.5589216e-03 4.53e-03 4.22e-02  -4.1 3.86e-01    -  1.00e+00 1.00e+00h  1
 383  5.6615883e-03 6.79e-03 7.94e-02  -4.0 5.26e-01    -  1.00e+00 5.00e-01h  2
 384  5.5910427e-03 4.29e-03 1.32e-01  -4.1 2.37e-01    -  1.00e+00 1.00e+00h  1
 385  5.5802952e-03 5.58e-03 1.60e-01  -4.0 1.83e-01    -  1.00e+00 1.00e+00h  1
 386  5.5845907e-03 3.95e-03 2.17e-01  -4.0 1.94e-01    -  1.00e+00 1.00e+00h  1
 387  5.5942586e-03 1.24e-03 2.81e-01  -4.0 1.32e-01    -  1.00e+00 1.00e+00h  1
 388  5.6154195e-03 8.97e-04 2.78e-01  -4.0 1.43e-01    -  1.00e+00 1.00e+00h  1
 389  5.6216508e-03 5.82e-04 5.71e-01  -4.0 7.90e-02    -  1.00e+00 5.00e-01h  2
iter    objective    inf_pr   inf_du lg(mu)  ||d||  lg(rg) alpha_du alpha_pr  ls
 390  5.6344494e-03 3.65e-04 2.08e-01  -4.0 9.72e-02    -  1.00e+00 5.00e-01h  2
 391  5.6796499e-03 1.82e-04 2.00e-01  -4.0 6.29e-02    -  1.00e+00 1.00e+00H  1
 392  5.6676431e-03 1.54e-04 4.74e-02  -4.1 3.93e-02    -  1.00e+00 1.00e+00h  1
 393  5.6707065e-03 1.21e-04 4.52e-02  -4.0 3.97e-02    -  1.00e+00 1.00e+00h  1
 394  5.6792395e-03 2.81e-05 7.39e-02  -4.0 1.78e-02    -  1.00e+00 1.00e+00h  1
 395  5.6765657e-03 3.40e-04 1.46e-01  -4.0 6.37e-02    -  1.00e+00 1.00e+00h  1
 396  5.6599247e-03 2.02e-04 5.72e-02  -4.1 3.15e-02    -  1.00e+00 1.00e+00h  1
 397  5.6528610e-03 8.47e-05 5.47e-02  -4.0 2.81e-02    -  1.00e+00 1.00e+00h  1
 398  5.6529412e-03 4.42e-05 3.03e-02  -4.0 2.29e-02    -  1.00e+00 1.00e+00h  1
 399  5.6386188e-03 7.12e-04 1.80e-01  -4.0 1.19e-01    -  1.00e+00 1.00e+00h  1
iter    objective    inf_pr   inf_du lg(mu)  ||d||  lg(rg) alpha_du alpha_pr  ls
 400  5.5897231e-03 4.51e-04 1.04e-01  -4.1 9.42e-02    -  1.00e+00 1.00e+00h  1
 401  5.6055713e-03 6.87e-04 1.20e-01  -4.0 7.23e-02    -  1.00e+00 1.00e+00h  1
 402  5.6096351e-03 1.14e-04 3.94e-02  -4.0 4.33e-02    -  1.00e+00 1.00e+00h  1
 403  5.6080725e-03 3.36e-05 7.07e-02  -4.0 1.79e-02    -  1.00e+00 1.00e+00h  1
 404  5.6109398e-03 5.43e-05 4.67e-02  -4.0 3.41e-02    -  1.00e+00 1.00e+00h  1
 405  5.6027696e-03 2.28e-04 9.38e-02  -4.1 5.80e-02    -  1.00e+00 1.00e+00h  1
 406  5.6181662e-03 9.88e-04 1.38e-01  -4.0 1.35e-01    -  1.00e+00 1.00e+00h  1
 407  5.5973260e-03 1.14e-03 1.07e-01  -4.1 1.51e-01    -  1.00e+00 1.00e+00h  1
 408  5.5592604e-03 1.10e-03 5.81e-02  -4.1 1.17e-01    -  1.00e+00 1.00e+00h  1
 409  5.6067959e-03 1.13e-03 6.85e-02  -4.0 1.29e-01    -  1.00e+00 1.00e+00h  1
iter    objective    inf_pr   inf_du lg(mu)  ||d||  lg(rg) alpha_du alpha_pr  ls
 410  5.5950922e-03 4.31e-04 5.67e-02  -4.1 9.08e-02    -  1.00e+00 1.00e+00h  1
 411  5.5650360e-03 1.07e-03 3.77e-01  -4.0 1.43e-01    -  1.00e+00 1.00e+00h  1
 412  5.5648576e-03 4.88e-04 3.70e-02  -4.1 6.81e-02    -  1.00e+00 1.00e+00h  1
 413  5.5849060e-03 3.65e-04 1.17e-01  -4.0 5.82e-02    -  1.00e+00 1.00e+00h  1
 414  5.5753670e-03 2.13e-04 8.17e-02  -4.0 4.79e-02    -  1.00e+00 1.00e+00h  1
 415  5.5772730e-03 4.21e-05 3.61e-02  -4.0 2.52e-02    -  1.00e+00 1.00e+00h  1
 416  5.5782706e-03 1.70e-05 2.75e-02  -4.0 1.54e-02    -  1.00e+00 1.00e+00h  1
 417  5.5783630e-03 2.13e-05 2.81e-02  -4.0 1.70e-02    -  1.00e+00 1.00e+00h  1
 418  5.5725520e-03 1.24e-04 8.04e-02  -4.1 5.09e-02    -  1.00e+00 1.00e+00h  1
 419  5.5791300e-03 1.64e-04 4.83e-02  -4.0 5.46e-02    -  1.00e+00 1.00e+00h  1
iter    objective    inf_pr   inf_du lg(mu)  ||d||  lg(rg) alpha_du alpha_pr  ls
 420  5.5714477e-03 2.13e-04 7.12e-02  -4.1 4.06e-02    -  1.00e+00 1.00e+00h  1
 421  5.5751124e-03 1.26e-04 3.29e-02  -4.0 3.41e-02    -  1.00e+00 1.00e+00h  1
 422  5.5778232e-03 5.65e-06 5.08e-02  -4.0 6.29e-02    -  1.00e+00 1.00e+00H  1
 423  5.5952796e-03 1.96e-02 4.13e-01  -4.1 1.05e+00    -  1.00e+00 1.00e+00h  1
 424  5.6298776e-03 2.02e-02 5.96e-01  -4.1 2.29e+00    -  1.00e+00 2.50e-01h  3
 425  5.5988515e-03 1.16e-02 5.49e-01  -4.1 9.03e-01    -  1.00e+00 5.00e-01h  2
 426  5.5572214e-03 1.14e-02 4.65e-01  -4.1 1.12e+00    -  1.00e+00 5.00e-01h  2
 427  5.7762466e-03 1.86e-02 1.78e-01  -4.1 6.03e-01    -  1.00e+00 1.00e+00h  1
 428  5.5455978e-03 1.16e-02 1.49e-01  -4.1 6.96e-01    -  1.00e+00 1.00e+00h  1
 429  5.4975012e-03 1.26e-02 1.42e-01  -4.0 1.10e+00    -  1.00e+00 5.00e-01h  2
iter    objective    inf_pr   inf_du lg(mu)  ||d||  lg(rg) alpha_du alpha_pr  ls
 430  5.4511341e-03 9.47e-03 8.17e-02  -4.0 1.34e+00    -  1.00e+00 2.50e-01h  3
 431  5.4482185e-03 8.18e-03 1.11e-01  -4.0 1.08e+00    -  1.00e+00 2.50e-01h  3
 432  5.8691652e-03 1.81e-02 3.00e-01  -4.0 5.96e-01    -  1.00e+00 1.00e+00h  1
 433  5.4045397e-03 1.04e-02 4.49e-02  -4.1 5.94e-01    -  1.00e+00 1.00e+00h  1
 434  5.7295300e-03 8.17e-03 4.87e-01  -4.0 6.00e-01    -  1.00e+00 5.94e-01H  1
 435  5.3952379e-03 4.91e-03 9.92e-02  -4.1 4.37e-01    -  1.00e+00 1.00e+00h  1
 436  5.4224097e-03 1.49e-02 1.31e-01  -4.0 3.26e-01    -  1.00e+00 1.00e+00h  1
 437  5.3985763e-03 4.14e-03 1.43e-01  -4.1 2.03e-01    -  1.00e+00 1.00e+00h  1
 438  5.3859801e-03 1.98e-03 1.54e-01  -4.0 2.58e-01    -  1.00e+00 5.00e-01h  2
 439  5.4300847e-03 1.52e-03 1.47e-01  -4.0 1.55e-01    -  1.00e+00 1.00e+00h  1
iter    objective    inf_pr   inf_du lg(mu)  ||d||  lg(rg) alpha_du alpha_pr  ls
 440  5.4362290e-03 9.93e-04 1.87e-01  -4.0 9.30e-02    -  1.00e+00 1.00e+00h  1
 441  5.4487966e-03 4.30e-04 2.24e-01  -4.0 8.42e-02    -  1.00e+00 1.00e+00h  1
 442  5.4602723e-03 4.74e-04 8.00e-02  -4.0 8.11e-02    -  1.00e+00 1.00e+00h  1
 443  5.4537641e-03 2.02e-04 4.90e-02  -4.1 3.94e-02    -  1.00e+00 1.00e+00h  1
 444  5.4587839e-03 6.36e-05 1.01e-01  -4.0 1.94e-02    -  1.00e+00 1.00e+00h  1
 445  5.4571739e-03 4.09e-05 5.26e-02  -4.0 2.85e-02    -  1.00e+00 1.00e+00h  1
 446  5.4433594e-03 2.14e-04 6.88e-02  -4.0 5.64e-02    -  1.00e+00 1.00e+00h  1
 447  5.4826714e-03 5.19e-03 2.49e-01  -4.0 3.66e-01    -  1.00e+00 1.00e+00h  1
 448  5.3560644e-03 3.77e-03 1.39e-01  -4.1 2.21e-01    -  1.00e+00 1.00e+00h  1
 449  5.3885790e-03 1.33e-03 6.73e-02  -4.0 1.92e-01    -  1.00e+00 1.00e+00h  1
iter    objective    inf_pr   inf_du lg(mu)  ||d||  lg(rg) alpha_du alpha_pr  ls
 450  5.3842718e-03 8.13e-04 8.88e-02  -4.0 1.19e-01    -  1.00e+00 1.00e+00h  1
 451  5.3947668e-03 1.26e-03 1.44e-01  -4.0 1.62e-01    -  1.00e+00 1.00e+00h  1
 452  5.3883675e-03 1.13e-03 1.21e-01  -4.1 8.92e-02    -  1.00e+00 1.00e+00h  1
 453  5.3813125e-03 1.16e-03 1.04e-01  -4.0 8.64e-02    -  1.00e+00 1.00e+00h  1
 454  5.3859936e-03 4.76e-04 1.28e-01  -4.0 7.69e-02    -  1.00e+00 1.00e+00h  1
 455  5.3935712e-03 3.97e-04 1.40e-01  -4.0 7.64e-02    -  1.00e+00 1.00e+00h  1
 456  5.3851770e-03 2.02e-04 4.08e-02  -4.0 4.27e-02    -  1.00e+00 1.00e+00h  1
 457  5.3888420e-03 3.40e-05 3.09e-02  -4.0 1.88e-02    -  1.00e+00 1.00e+00h  1
 458  5.3881736e-03 3.09e-05 2.57e-02  -4.0 1.67e-02    -  1.00e+00 1.00e+00h  1
 459  5.3884781e-03 3.71e-04 7.22e-02  -4.0 6.98e-02    -  1.00e+00 1.00e+00h  1
iter    objective    inf_pr   inf_du lg(mu)  ||d||  lg(rg) alpha_du alpha_pr  ls
 460  5.3660465e-03 2.26e-04 7.88e-02  -4.1 8.83e-02    -  1.00e+00 1.00e+00h  1
 461  5.3597205e-03 8.01e-04 1.88e-01  -4.0 8.79e-02    -  1.00e+00 1.00e+00h  1
 462  5.3610463e-03 2.52e-04 2.98e-02  -4.0 6.30e-02    -  1.00e+00 1.00e+00h  1
 463  5.3688633e-03 5.96e-05 4.14e-02  -4.0 2.52e-02    -  1.00e+00 1.00e+00h  1
 464  5.3760215e-03 1.13e-04 4.99e-02  -4.0 5.27e-02    -  1.00e+00 1.00e+00h  1
 465  5.3734679e-03 1.55e-03 1.82e-01  -4.1 2.38e-01    -  1.00e+00 1.00e+00h  1
 466  5.3919611e-03 4.19e-03 2.50e-01  -4.1 2.44e-01    -  1.00e+00 1.00e+00h  1
 467  5.3461093e-03 4.63e-03 7.05e-02  -4.1 2.01e-01    -  1.00e+00 1.00e+00h  1
 468  5.4276435e-03 3.62e-03 7.08e-02  -4.0 2.76e-01    -  1.00e+00 1.00e+00h  1
 469  5.3310501e-03 2.05e-03 4.72e-02  -4.1 2.13e-01    -  1.00e+00 1.00e+00h  1
iter    objective    inf_pr   inf_du lg(mu)  ||d||  lg(rg) alpha_du alpha_pr  ls
 470  5.3881063e-03 1.11e-03 2.08e-01  -4.0 2.09e-01    -  1.00e+00 1.00e+00H  1
 471  5.3452553e-03 1.26e-03 1.02e-01  -4.1 1.65e-01    -  1.00e+00 1.00e+00h  1
 472  5.3173818e-03 1.31e-03 1.18e-01  -4.0 1.29e-01    -  1.00e+00 1.00e+00h  1
 473  5.3291095e-03 9.99e-04 1.17e-01  -4.0 8.38e-02    -  1.00e+00 1.00e+00h  1
 474  5.3360144e-03 6.20e-04 1.81e-01  -4.0 7.14e-02    -  1.00e+00 1.00e+00h  1
 475  5.3333986e-03 2.50e-04 1.20e-01  -4.0 4.96e-02    -  1.00e+00 1.00e+00h  1
 476  5.3337728e-03 9.07e-05 6.50e-02  -4.0 3.01e-02    -  1.00e+00 1.00e+00h  1
 477  5.3318005e-03 8.66e-05 4.93e-02  -4.0 4.08e-02    -  1.00e+00 1.00e+00h  1
 478  5.3313711e-03 5.16e-05 4.99e-02  -4.0 2.32e-02    -  1.00e+00 1.00e+00h  1
 479  5.3335857e-03 2.18e-05 1.59e-02  -4.0 1.70e-02    -  1.00e+00 1.00e+00h  1
iter    objective    inf_pr   inf_du lg(mu)  ||d||  lg(rg) alpha_du alpha_pr  ls
 480  5.3357101e-03 6.08e-06 1.19e-02  -4.0 9.40e-03    -  1.00e+00 1.00e+00h  1
 481  5.3448576e-03 1.10e-04 3.46e-02  -4.0 5.03e-02    -  1.00e+00 1.00e+00h  1
 482  5.3397981e-03 2.12e-04 3.84e-02  -4.1 6.35e-02    -  1.00e+00 1.00e+00h  1
 483  5.3491022e-03 1.17e-03 1.92e-01  -4.1 1.67e-01    -  1.00e+00 1.00e+00h  1
 484  5.3094429e-03 1.74e-03 1.27e-01  -4.1 1.42e-01    -  1.00e+00 1.00e+00h  1
 485  5.3212744e-03 1.06e-03 4.01e-02  -4.0 1.45e-01    -  1.00e+00 1.00e+00h  1
 486  5.3331177e-03 5.42e-04 4.62e-02  -4.0 1.00e-01    -  1.00e+00 1.00e+00h  1
 487  5.3126764e-03 1.20e-03 8.64e-02  -4.1 1.01e-01    -  1.00e+00 1.00e+00h  1
 488  5.3186609e-03 8.16e-04 3.56e-02  -4.0 7.86e-02    -  1.00e+00 1.00e+00h  1
 489  5.3255070e-03 1.94e-04 6.96e-02  -4.0 4.74e-02    -  1.00e+00 1.00e+00h  1
iter    objective    inf_pr   inf_du lg(mu)  ||d||  lg(rg) alpha_du alpha_pr  ls
 490  5.3328669e-03 3.42e-04 1.68e-01  -4.0 6.46e-02    -  1.00e+00 1.00e+00h  1
 491  5.3199142e-03 4.68e-04 4.28e-02  -4.1 8.28e-02    -  1.00e+00 1.00e+00h  1
 492  5.3212699e-03 2.56e-04 6.63e-02  -4.0 5.91e-02    -  1.00e+00 1.00e+00h  1
 493  5.3254456e-03 1.76e-04 4.76e-02  -4.0 4.32e-02    -  1.00e+00 1.00e+00h  1
 494  5.3175584e-03 1.22e-04 3.66e-02  -4.1 4.14e-02    -  1.00e+00 1.00e+00h  1
 495  5.3100223e-03 3.76e-04 9.74e-02  -4.0 1.38e-01    -  1.00e+00 1.00e+00h  1
 496  5.3913785e-03 5.95e-03 5.32e-01  -4.0 1.10e+00    -  1.00e+00 5.00e-01h  2
 497  5.4175588e-03 8.32e-03 3.72e-01  -4.1 6.52e-01    -  1.00e+00 1.00e+00h  1
 498  5.3020779e-03 1.24e-02 4.24e-01  -4.1 3.95e-01    -  1.00e+00 1.00e+00h  1
 499  5.2372451e-03 2.95e-03 3.18e-02  -4.0 2.61e-01    -  1.00e+00 1.00e+00h  1
iter    objective    inf_pr   inf_du lg(mu)  ||d||  lg(rg) alpha_du alpha_pr  ls
 500  5.2455771e-03 1.84e-03 2.06e-01  -4.0 3.31e-01    -  1.00e+00 1.00e+00H  1
 501  5.2633078e-03 1.06e-02 2.41e-01  -4.0 7.14e-01    -  1.00e+00 1.00e+00h  1
 502  5.3570499e-03 1.46e-02 6.02e-01  -4.1 1.34e+00    -  1.00e+00 5.00e-01h  2
 503  5.3567783e-03 1.13e-02 2.14e-01  -4.1 4.66e-01    -  1.00e+00 1.00e+00h  1
 504  5.2628396e-03 1.02e-02 1.33e-01  -4.1 5.14e-01    -  1.00e+00 1.00e+00h  1
 505  5.1600174e-03 1.04e-02 7.67e-02  -4.1 4.73e-01    -  1.00e+00 1.00e+00h  1
 506  5.2263777e-03 7.46e-03 7.27e-02  -4.0 3.22e-01    -  1.00e+00 1.00e+00h  1
 507  5.2428216e-03 2.50e-02 1.57e-01  -4.0 1.07e+00    -  1.00e+00 1.00e+00h  1
 508  6.4248079e-03 4.12e-02 2.27e-01  -4.1 9.32e-01    -  1.00e+00 1.00e+00h  1
 509  5.1033954e-03 1.76e-02 7.74e-02  -4.1 6.84e-01    -  1.00e+00 1.00e+00h  1
iter    objective    inf_pr   inf_du lg(mu)  ||d||  lg(rg) alpha_du alpha_pr  ls
 510  5.1380467e-03 1.11e-02 1.35e-01  -4.0 2.85e-01    -  1.00e+00 1.00e+00h  1
 511  5.1684555e-03 8.83e-03 1.58e-01  -4.0 2.74e-01    -  1.00e+00 1.00e+00h  1
 512  5.1136616e-03 2.97e-03 1.01e-01  -4.0 2.40e-01    -  1.00e+00 1.00e+00h  1
 513  5.1628150e-03 3.09e-03 1.60e-01  -4.0 1.89e-01    -  1.00e+00 1.00e+00h  1
 514  5.1663200e-03 1.74e-03 1.40e-01  -4.0 1.68e-01    -  1.00e+00 1.00e+00h  1
 515  5.2510900e-03 9.67e-04 2.82e-01  -4.0 1.45e-01    -  1.00e+00 1.00e+00h  1
 516  5.2916124e-03 1.09e-03 2.57e-01  -4.0 9.49e-02    -  1.00e+00 1.00e+00h  1
 517  5.2944288e-03 3.70e-04 6.07e-02  -4.1 8.07e-02    -  1.00e+00 1.00e+00h  1
 518  5.3401379e-03 8.40e-05 4.32e-02  -4.0 5.51e-02    -  1.00e+00 1.00e+00h  1
 519  5.3125036e-03 1.95e-04 2.02e-01  -4.1 4.95e-02    -  1.00e+00 1.00e+00h  1
iter    objective    inf_pr   inf_du lg(mu)  ||d||  lg(rg) alpha_du alpha_pr  ls
 520  5.2788026e-03 3.61e-04 1.33e-01  -4.0 5.95e-02    -  1.00e+00 1.00e+00h  1
 521  5.2697189e-03 2.41e-04 1.30e-01  -4.0 4.02e-02    -  1.00e+00 1.00e+00h  1
 522  5.2522922e-03 1.28e-04 6.72e-02  -4.0 4.48e-02    -  1.00e+00 1.00e+00h  1
 523  5.2081982e-03 5.58e-04 8.97e-02  -4.0 1.06e-01    -  1.00e+00 1.00e+00h  1
 524  5.1499273e-03 2.36e-03 2.54e-01  -4.0 2.57e-01    -  1.00e+00 1.00e+00h  1
 525  5.1392555e-03 1.49e-03 5.04e-02  -4.1 1.23e-01    -  1.00e+00 1.00e+00h  1
 526  5.1677879e-03 2.50e-03 1.39e-01  -4.0 2.45e-01    -  1.00e+00 1.00e+00h  1
 527  5.1275655e-03 7.34e-04 5.39e-02  -4.1 9.97e-02    -  1.00e+00 1.00e+00h  1
 528  5.1206638e-03 7.59e-04 1.24e-01  -4.0 2.61e-01    -  1.00e+00 5.00e-01h  2
 529  5.1400852e-03 1.55e-03 3.23e-01  -4.0 9.35e-02    -  1.00e+00 1.00e+00h  1
iter    objective    inf_pr   inf_du lg(mu)  ||d||  lg(rg) alpha_du alpha_pr  ls
 530  5.1165176e-03 7.65e-04 1.80e-02  -4.1 8.78e-02    -  1.00e+00 1.00e+00h  1
 531  5.1266425e-03 2.04e-04 8.24e-02  -4.0 4.84e-02    -  1.00e+00 1.00e+00h  1
 532  5.1253211e-03 1.13e-04 7.60e-02  -4.0 4.88e-02    -  1.00e+00 1.00e+00h  1
 533  5.1278879e-03 2.43e-05 5.95e-02  -4.0 2.09e-02    -  1.00e+00 1.00e+00h  1
 534  5.1264951e-03 9.46e-05 6.46e-02  -4.0 2.82e-02    -  1.00e+00 1.00e+00h  1
 535  5.1276244e-03 4.84e-05 6.28e-02  -4.0 1.85e-02    -  1.00e+00 1.00e+00h  1
 536  5.1266742e-03 9.75e-05 3.59e-02  -4.1 2.76e-02    -  1.00e+00 1.00e+00h  1
 537  5.1270920e-03 2.16e-05 1.99e-02  -4.0 1.26e-02    -  1.00e+00 1.00e+00h  1
 538  5.1270786e-03 1.29e-05 2.03e-02  -4.0 1.97e-02    -  1.00e+00 1.00e+00h  1
 539  5.1089692e-03 8.32e-04 8.51e-02  -4.1 1.54e-01    -  1.00e+00 1.00e+00h  1
iter    objective    inf_pr   inf_du lg(mu)  ||d||  lg(rg) alpha_du alpha_pr  ls
 540  5.1613452e-03 1.86e-03 1.51e-01  -4.0 5.02e-01    -  1.00e+00 5.00e-01h  2
 541  5.1399400e-03 2.47e-03 1.64e-01  -4.1 2.18e-01    -  1.00e+00 1.00e+00h  1
 542  5.0917459e-03 2.00e-03 4.42e-02  -4.1 2.10e-01    -  1.00e+00 1.00e+00h  1
 543  5.1029349e-03 1.52e-03 2.30e-01  -4.0 3.09e-01    -  1.00e+00 2.50e-01h  3
 544  5.1208184e-03 2.07e-03 1.64e-01  -4.0 2.83e-01    -  1.00e+00 5.00e-01h  2
 545  5.0995203e-03 1.02e-03 1.38e-02  -4.1 1.06e-01    -  1.00e+00 1.00e+00h  1
 546  5.1126892e-03 1.56e-04 5.59e-02  -4.0 6.17e-02    -  1.00e+00 1.00e+00h  1
 547  5.1157544e-03 4.25e-05 5.80e-02  -4.0 3.48e-02    -  1.00e+00 1.00e+00H  1
 548  5.1067330e-03 1.64e-04 7.94e-02  -4.0 5.80e-02    -  1.00e+00 1.00e+00h  1
 549  5.1048214e-03 1.29e-04 5.54e-02  -4.0 3.28e-02    -  1.00e+00 1.00e+00h  1
iter    objective    inf_pr   inf_du lg(mu)  ||d||  lg(rg) alpha_du alpha_pr  ls
 550  5.1126038e-03 5.42e-05 3.28e-02  -4.0 2.75e-02    -  1.00e+00 1.00e+00h  1
 551  5.1124498e-03 1.33e-05 1.67e-02  -4.0 1.10e-02    -  1.00e+00 1.00e+00h  1
 552  5.1126412e-03 5.06e-06 7.98e-03  -4.0 9.23e-03    -  1.00e+00 1.00e+00h  1
 553  5.1141491e-03 6.63e-05 6.54e-02  -4.0 6.15e-02    -  1.00e+00 1.00e+00h  1
 554  5.1170872e-03 5.66e-04 1.04e-01  -4.1 1.98e-01    -  1.00e+00 1.00e+00h  1
 555  5.1221952e-03 2.39e-03 2.01e-01  -4.1 7.11e-01    -  1.00e+00 5.00e-01h  2
 556  5.1142270e-03 2.94e-03 2.83e-01  -4.1 3.73e-01    -  1.00e+00 1.00e+00h  1
 557  5.0838558e-03 1.57e-03 5.82e-02  -4.1 1.56e-01    -  1.00e+00 1.00e+00h  1
 558  5.1200356e-03 1.76e-03 9.94e-02  -4.0 3.81e-01    -  1.00e+00 5.00e-01h  2
 559  5.0936073e-03 9.90e-04 7.42e-02  -4.1 1.03e-01    -  1.00e+00 1.00e+00h  1
iter    objective    inf_pr   inf_du lg(mu)  ||d||  lg(rg) alpha_du alpha_pr  ls
 560  5.0963696e-03 2.56e-03 2.77e-01  -4.0 1.97e-01    -  1.00e+00 1.00e+00h  1
 561  5.0804991e-03 1.05e-03 3.24e-02  -4.1 1.18e-01    -  1.00e+00 1.00e+00h  1
 562  5.0874311e-03 4.72e-04 9.54e-02  -4.0 8.37e-02    -  1.00e+00 1.00e+00h  1
 563  5.0827798e-03 3.39e-04 5.51e-02  -4.0 7.21e-02    -  1.00e+00 1.00e+00h  1
 564  5.0858291e-03 6.98e-05 5.04e-02  -4.0 2.86e-02    -  1.00e+00 1.00e+00h  1
 565  5.0894713e-03 4.78e-05 4.85e-02  -4.0 2.46e-02    -  1.00e+00 1.00e+00h  1
 566  5.0884446e-03 9.22e-06 9.68e-03  -4.1 7.33e-03    -  1.00e+00 1.00e+00h  1
 567  5.0893957e-03 2.49e-06 1.04e-02  -4.0 7.13e-03    -  1.00e+00 1.00e+00h  1
 568  5.0940529e-03 1.49e-05 2.67e-02  -4.0 1.18e-02    -  1.00e+00 1.00e+00h  1
 569  5.0951471e-03 4.20e-05 2.73e-02  -4.1 3.12e-02    -  1.00e+00 1.00e+00h  1
iter    objective    inf_pr   inf_du lg(mu)  ||d||  lg(rg) alpha_du alpha_pr  ls
 570  5.0992607e-03 3.20e-04 7.79e-02  -4.1 1.37e-01    -  1.00e+00 1.00e+00h  1
 571  5.0872527e-03 1.92e-03 2.82e-01  -4.1 1.77e-01    -  1.00e+00 1.00e+00h  1
 572  5.0601591e-03 2.20e-03 5.48e-02  -4.1 1.53e-01    -  1.00e+00 1.00e+00h  1
 573  5.1591566e-03 4.34e-03 1.45e-01  -4.0 2.35e-01    -  1.00e+00 1.00e+00h  1
 574  5.0787780e-03 1.67e-03 2.79e-02  -4.1 1.41e-01    -  1.00e+00 1.00e+00h  1
 575  5.0916562e-03 6.02e-04 1.20e-01  -4.0 8.45e-02    -  1.00e+00 1.00e+00h  1
 576  5.0722132e-03 2.70e-04 4.86e-02  -4.1 6.94e-02    -  1.00e+00 1.00e+00h  1
 577  5.0959436e-03 3.13e-05 4.22e-02  -4.0 5.85e-02    -  1.00e+00 1.00e+00H  1
 578  5.0841447e-03 4.74e-05 1.65e-02  -4.1 2.72e-02    -  1.00e+00 1.00e+00h  1
 579  5.0832101e-03 2.37e-05 1.85e-02  -4.0 1.96e-02    -  1.00e+00 1.00e+00h  1
iter    objective    inf_pr   inf_du lg(mu)  ||d||  lg(rg) alpha_du alpha_pr  ls
 580  5.0900743e-03 4.20e-05 4.41e-02  -4.0 2.37e-02    -  1.00e+00 1.00e+00h  1
 581  5.0815453e-03 3.68e-05 2.71e-02  -4.1 2.69e-02    -  1.00e+00 1.00e+00h  1
 582  5.0856972e-03 2.67e-05 5.05e-02  -4.0 1.80e-02    -  1.00e+00 1.00e+00h  1
 583  5.0794830e-03 1.19e-05 1.35e-02  -4.1 1.37e-02    -  1.00e+00 1.00e+00h  1
 584  5.0879382e-03 3.66e-05 3.38e-02  -4.0 1.55e-02    -  1.00e+00 1.00e+00h  1
 585  5.0798528e-03 1.53e-05 1.68e-02  -4.1 1.56e-02    -  1.00e+00 1.00e+00h  1
 586  5.0618906e-03 7.90e-04 1.47e-01  -4.1 9.13e-02    -  1.00e+00 1.00e+00h  1
 587  5.0949364e-03 7.44e-04 1.20e-01  -4.0 8.81e-02    -  1.00e+00 1.00e+00h  1
 588  5.0830483e-03 4.22e-04 1.22e-01  -4.1 7.17e-02    -  1.00e+00 1.00e+00h  1
 589  5.0795656e-03 1.56e-04 2.60e-02  -4.1 5.03e-02    -  1.00e+00 1.00e+00h  1
iter    objective    inf_pr   inf_du lg(mu)  ||d||  lg(rg) alpha_du alpha_pr  ls
 590  5.0836987e-03 4.96e-05 4.66e-02  -4.1 2.43e-02    -  1.00e+00 1.00e+00h  1
 591  5.0763004e-03 3.25e-05 5.13e-02  -4.1 4.40e-02    -  1.00e+00 1.00e+00H  1
 592  5.0821060e-03 6.93e-05 4.78e-02  -4.0 5.35e-02    -  1.00e+00 1.00e+00h  1
 593  5.0915913e-03 3.41e-04 9.37e-02  -4.1 7.42e-02    -  1.00e+00 1.00e+00h  1
 594  5.0638660e-03 2.33e-04 3.35e-02  -4.1 7.95e-02    -  1.00e+00 1.00e+00h  1
 595  5.0750205e-03 1.50e-04 5.98e-02  -4.0 5.06e-02    -  1.00e+00 1.00e+00h  1
 596  5.0710107e-03 8.45e-05 5.85e-02  -4.1 6.02e-02    -  1.00e+00 1.00e+00h  1
 597  5.0691592e-03 1.97e-03 2.29e-01  -4.0 2.86e-01    -  1.00e+00 1.00e+00h  1
 598  5.0703886e-03 2.24e-03 1.98e-01  -4.1 2.58e-01    -  1.00e+00 1.00e+00h  1
 599  5.0623294e-03 9.52e-04 6.33e-02  -4.1 1.04e-01    -  1.00e+00 1.00e+00h  1
iter    objective    inf_pr   inf_du lg(mu)  ||d||  lg(rg) alpha_du alpha_pr  ls
 600  5.0666218e-03 7.33e-04 2.37e-01  -4.0 1.90e-01    -  1.00e+00 1.00e+00H  1
 601  5.0568999e-03 6.26e-04 1.40e-01  -4.1 5.89e-02    -  1.00e+00 1.00e+00h  1
 602  5.0391830e-03 1.63e-03 1.09e-01  -4.0 1.35e-01    -  1.00e+00 1.00e+00h  1
 603  5.0632035e-03 7.63e-04 1.18e-01  -4.0 1.25e-01    -  1.00e+00 1.00e+00h  1
 604  5.0438714e-03 6.81e-04 7.39e-02  -4.1 9.37e-02    -  1.00e+00 1.00e+00h  1
 605  5.0499083e-03 7.23e-04 1.68e-01  -4.0 6.70e-02    -  1.00e+00 1.00e+00h  1
 606  5.0447534e-03 3.82e-04 1.93e-02  -4.0 5.28e-02    -  1.00e+00 1.00e+00h  1
 607  5.0524079e-03 4.20e-05 5.83e-02  -4.0 3.33e-02    -  1.00e+00 1.00e+00h  1
 608  5.0523842e-03 2.97e-05 2.09e-02  -4.0 2.29e-02    -  1.00e+00 1.00e+00h  1
 609  5.0535383e-03 2.59e-04 1.53e-01  -4.0 5.37e-02    -  1.00e+00 1.00e+00h  1
iter    objective    inf_pr   inf_du lg(mu)  ||d||  lg(rg) alpha_du alpha_pr  ls
 610  5.0485137e-03 1.20e-04 6.86e-02  -4.1 3.74e-02    -  1.00e+00 1.00e+00h  1
 611  5.0517416e-03 4.53e-05 3.88e-02  -4.0 3.03e-02    -  1.00e+00 1.00e+00h  1
 612  5.0550989e-03 2.76e-05 3.51e-02  -4.0 2.42e-02    -  1.00e+00 1.00e+00h  1
 613  5.0576906e-03 2.05e-05 3.61e-02  -4.0 1.66e-02    -  1.00e+00 1.00e+00h  1
 614  5.0532245e-03 1.16e-04 5.22e-02  -4.1 4.28e-02    -  1.00e+00 1.00e+00h  1
 615  5.0482817e-03 9.74e-05 4.75e-02  -4.1 3.11e-02    -  1.00e+00 1.00e+00h  1
 616  5.0599508e-03 3.01e-04 1.04e-01  -4.0 6.43e-02    -  1.00e+00 1.00e+00h  1
 617  5.0518531e-03 1.03e-04 2.71e-02  -4.1 2.58e-02    -  1.00e+00 1.00e+00h  1
 618  5.0521698e-03 1.47e-05 5.79e-02  -4.0 2.56e-02    -  1.00e+00 1.00e+00H  1
 619  5.0572355e-03 3.60e-05 2.45e-02  -4.0 3.65e-02    -  1.00e+00 1.00e+00h  1
iter    objective    inf_pr   inf_du lg(mu)  ||d||  lg(rg) alpha_du alpha_pr  ls
 620  5.0661361e-03 7.92e-04 4.12e-01  -4.1 2.71e-01    -  1.00e+00 5.00e-01h  2
 621  5.0364335e-03 4.07e-04 5.57e-02  -4.1 7.23e-02    -  1.00e+00 1.00e+00h  1
 622  5.0422028e-03 2.84e-04 6.03e-02  -4.0 8.08e-02    -  1.00e+00 1.00e+00h  1
 623  5.0484387e-03 1.16e-04 5.55e-02  -4.0 4.21e-02    -  1.00e+00 1.00e+00h  1
 624  5.0544577e-03 1.04e-04 9.82e-02  -4.1 5.79e-02    -  1.00e+00 1.00e+00H  1
 625  5.0379774e-03 1.60e-04 3.53e-02  -4.1 3.55e-02    -  1.00e+00 1.00e+00h  1
 626  5.0438726e-03 9.33e-05 4.30e-02  -4.0 3.21e-02    -  1.00e+00 1.00e+00h  1
 627  5.0599634e-03 4.43e-05 7.34e-02  -4.0 4.38e-02    -  1.00e+00 1.00e+00H  1
 628  5.0463328e-03 6.61e-05 1.96e-02  -4.1 4.25e-02    -  1.00e+00 1.00e+00h  1
 629  5.0442489e-03 3.11e-05 4.72e-02  -4.0 1.31e-02    -  1.00e+00 1.00e+00h  1
iter    objective    inf_pr   inf_du lg(mu)  ||d||  lg(rg) alpha_du alpha_pr  ls
 630  5.0477814e-03 1.79e-06 1.88e-02  -4.0 2.13e-02    -  1.00e+00 1.00e+00H  1
 631  5.0627555e-03 2.88e-04 9.67e-02  -4.0 1.08e-01    -  1.00e+00 1.00e+00h  1
 632  5.0440809e-03 2.51e-04 5.97e-02  -4.1 6.15e-02    -  1.00e+00 1.00e+00h  1
 633  5.0386768e-03 3.15e-04 8.84e-02  -4.1 4.77e-02    -  1.00e+00 1.00e+00h  1
 634  5.0469395e-03 9.68e-05 3.24e-02  -4.0 3.43e-02    -  1.00e+00 1.00e+00h  1
 635  5.0527888e-03 1.72e-05 4.19e-02  -4.1 5.78e-02    -  1.00e+00 1.00e+00H  1
 636  5.0768448e-03 7.88e-03 2.12e-01  -4.1 6.30e-01    -  1.00e+00 1.00e+00h  1
 637  5.0488734e-03 8.76e-03 3.31e-01  -4.1 9.72e-01    -  1.00e+00 5.00e-01h  2
 638  5.1761761e-03 8.85e-03 4.67e-01  -4.1 9.38e-01    -  1.00e+00 5.00e-01h  2
 639  5.0124842e-03 3.16e-03 8.69e-02  -4.1 3.10e-01    -  1.00e+00 1.00e+00h  1
iter    objective    inf_pr   inf_du lg(mu)  ||d||  lg(rg) alpha_du alpha_pr  ls
 640  5.1020087e-03 3.14e-03 5.73e-01  -4.0 4.70e-01    -  1.00e+00 5.12e-01H  1
 641  5.0095080e-03 1.35e-03 7.50e-02  -4.1 1.91e-01    -  1.00e+00 1.00e+00h  1
 642  5.4321652e-03 2.79e-02 4.89e-01  -4.0 8.42e-01    -  1.00e+00 1.00e+00h  1
 643  5.0392852e-03 9.85e-03 1.85e-01  -4.1 6.03e-01    -  1.00e+00 1.00e+00h  1
 644  5.0563595e-03 1.30e-02 6.85e-02  -4.1 5.12e-01    -  1.00e+00 1.00e+00h  1
 645  4.9768507e-03 5.50e-03 9.68e-02  -4.1 3.87e-01    -  1.00e+00 1.00e+00h  1
 646  5.0189224e-03 3.25e-03 1.21e-01  -4.0 2.59e-01    -  1.00e+00 1.00e+00h  1
 647  4.9892485e-03 1.68e-03 9.03e-02  -4.0 2.39e-01    -  1.00e+00 1.00e+00h  1
 648  5.0200761e-03 4.64e-04 1.93e-01  -4.0 1.32e-01    -  1.00e+00 8.77e-01H  1
 649  5.0056646e-03 1.19e-03 9.94e-02  -4.0 9.90e-02    -  1.00e+00 1.00e+00h  1
iter    objective    inf_pr   inf_du lg(mu)  ||d||  lg(rg) alpha_du alpha_pr  ls
 650  5.0632946e-03 1.39e-03 5.26e-01  -4.0 1.51e-01    -  1.00e+00 1.00e+00H  1
 651  5.0208015e-03 5.86e-04 6.33e-02  -4.1 6.93e-02    -  1.00e+00 1.00e+00h  1
 652  5.0074043e-03 9.71e-04 5.86e-02  -4.0 1.07e-01    -  1.00e+00 1.00e+00h  1
 653  5.0166530e-03 2.05e-04 4.99e-02  -4.0 5.07e-02    -  1.00e+00 1.00e+00h  1
 654  5.0216571e-03 5.38e-05 7.27e-02  -4.0 2.62e-02    -  1.00e+00 1.00e+00h  1
 655  5.0211145e-03 1.51e-05 1.93e-02  -4.0 1.29e-02    -  1.00e+00 1.00e+00h  1
 656  5.0162920e-03 6.93e-05 5.75e-02  -4.0 4.38e-02    -  1.00e+00 1.00e+00h  1
 657  5.0158744e-03 1.12e-04 7.16e-02  -4.0 4.95e-02    -  1.00e+00 1.00e+00h  1
 658  5.0096222e-03 2.74e-04 4.37e-02  -4.1 4.47e-02    -  1.00e+00 1.00e+00h  1
 659  5.0039759e-03 1.18e-04 4.49e-02  -4.0 6.86e-02    -  1.00e+00 1.00e+00h  1
iter    objective    inf_pr   inf_du lg(mu)  ||d||  lg(rg) alpha_du alpha_pr  ls
 660  5.0056142e-03 1.08e-04 6.38e-02  -4.0 2.99e-02    -  1.00e+00 1.00e+00h  1
 661  5.0081908e-03 6.00e-05 3.97e-02  -4.0 2.57e-02    -  1.00e+00 1.00e+00h  1
 662  5.0084790e-03 2.79e-05 1.48e-02  -4.0 1.78e-02    -  1.00e+00 1.00e+00h  1
 663  5.0107401e-03 2.40e-05 2.93e-02  -4.0 2.73e-02    -  1.00e+00 1.00e+00h  1
 664  5.0109800e-03 1.14e-05 1.46e-02  -4.0 1.24e-02    -  1.00e+00 1.00e+00h  1
 665  5.0110360e-03 2.77e-05 3.07e-02  -4.0 1.96e-02    -  1.00e+00 1.00e+00h  1
 666  5.0084183e-03 1.84e-05 9.94e-03  -4.1 1.35e-02    -  1.00e+00 1.00e+00h  1
 667  5.0131356e-03 1.34e-04 6.91e-02  -4.0 4.56e-02    -  1.00e+00 1.00e+00h  1
 668  5.0058076e-03 4.48e-04 1.11e-01  -4.1 7.73e-02    -  1.00e+00 1.00e+00h  1
 669  4.9954727e-03 5.56e-04 1.15e-01  -4.1 6.17e-02    -  1.00e+00 1.00e+00h  1
iter    objective    inf_pr   inf_du lg(mu)  ||d||  lg(rg) alpha_du alpha_pr  ls
 670  5.0001836e-03 2.35e-04 4.01e-02  -4.0 4.95e-02    -  1.00e+00 1.00e+00h  1
 671  5.0082068e-03 1.22e-04 3.51e-02  -4.0 3.72e-02    -  1.00e+00 1.00e+00h  1
 672  4.9978346e-03 8.97e-05 4.19e-02  -4.1 3.46e-02    -  1.00e+00 1.00e+00h  1
 673  4.9975815e-03 1.29e-04 7.10e-02  -4.0 4.17e-02    -  1.00e+00 1.00e+00h  1
 674  4.9992417e-03 3.75e-05 1.34e-02  -4.1 1.54e-02    -  1.00e+00 1.00e+00h  1
 675  5.0003230e-03 1.47e-05 2.06e-02  -4.0 1.20e-02    -  1.00e+00 1.00e+00h  1
 676  5.0038835e-03 1.19e-05 1.30e-02  -4.0 1.93e-02    -  1.00e+00 1.00e+00h  1
 677  5.0286901e-03 1.53e-03 1.88e-01  -4.1 2.66e-01    -  1.00e+00 1.00e+00h  1
 678  4.9771030e-03 2.65e-03 1.97e-01  -4.1 1.71e-01    -  1.00e+00 1.00e+00h  1
 679  4.9582603e-03 1.22e-03 7.56e-02  -4.0 1.08e-01    -  1.00e+00 1.00e+00h  1
iter    objective    inf_pr   inf_du lg(mu)  ||d||  lg(rg) alpha_du alpha_pr  ls
 680  4.9785280e-03 8.14e-04 1.71e-01  -4.0 1.58e-01    -  1.00e+00 5.00e-01h  2
 681  5.0241947e-03 2.95e-04 1.04e-01  -4.0 9.45e-02    -  1.00e+00 1.00e+00H  1
 682  4.9821981e-03 5.51e-04 8.54e-02  -4.1 7.56e-02    -  1.00e+00 1.00e+00h  1
 683  4.9787276e-03 1.01e-03 2.22e-01  -4.0 1.21e-01    -  1.00e+00 1.00e+00h  1
 684  4.9815888e-03 5.44e-04 3.48e-02  -4.0 8.44e-02    -  1.00e+00 1.00e+00h  1
 685  4.9984961e-03 9.78e-05 8.89e-02  -4.0 4.18e-02    -  1.00e+00 1.00e+00h  1
 686  4.9944035e-03 3.58e-05 5.57e-02  -4.1 2.08e-02    -  1.00e+00 1.00e+00h  1
 687  4.9973539e-03 1.61e-05 2.84e-02  -4.0 1.52e-02    -  1.00e+00 1.00e+00h  1
 688  4.9960247e-03 8.99e-06 2.19e-02  -4.0 1.64e-02    -  1.00e+00 1.00e+00h  1
 689  4.9960740e-03 8.71e-05 4.99e-02  -4.0 4.77e-02    -  1.00e+00 1.00e+00h  1
iter    objective    inf_pr   inf_du lg(mu)  ||d||  lg(rg) alpha_du alpha_pr  ls
 690  4.9834288e-03 7.66e-05 4.45e-02  -4.1 2.48e-02    -  1.00e+00 1.00e+00h  1
 691  4.9830101e-03 1.76e-04 8.71e-02  -4.0 7.82e-02    -  1.00e+00 1.00e+00h  1
 692  4.9816638e-03 6.34e-05 1.77e-02  -4.1 3.42e-02    -  1.00e+00 1.00e+00h  1
 693  4.9842306e-03 1.30e-05 2.28e-02  -4.0 1.80e-02    -  1.00e+00 1.00e+00h  1
 694  4.9887571e-03 7.44e-05 5.98e-02  -4.0 2.34e-02    -  1.00e+00 1.00e+00h  1
 695  4.9858488e-03 7.15e-05 3.22e-02  -4.1 3.60e-02    -  1.00e+00 1.00e+00h  1
 696  4.9606974e-03 6.05e-04 8.59e-02  -4.1 7.91e-02    -  1.00e+00 1.00e+00h  1
 697  4.9882731e-03 6.56e-04 9.35e-02  -4.0 8.62e-02    -  1.00e+00 1.00e+00h  1
 698  4.9773607e-03 1.21e-04 3.41e-02  -4.1 7.01e-02    -  1.00e+00 1.00e+00h  1
 699  4.9776781e-03 9.72e-05 1.69e-01  -4.0 6.49e-02    -  1.00e+00 5.00e-01h  2
iter    objective    inf_pr   inf_du lg(mu)  ||d||  lg(rg) alpha_du alpha_pr  ls
 700  4.9813527e-03 4.11e-05 2.82e-02  -4.0 2.28e-02    -  1.00e+00 1.00e+00h  1
 701  4.9891039e-03 3.07e-05 6.75e-02  -4.0 3.53e-02    -  1.00e+00 1.00e+00H  1
 702  4.9741762e-03 5.71e-05 1.57e-02  -4.1 3.45e-02    -  1.00e+00 1.00e+00h  1
 703  4.9788438e-03 3.69e-04 1.07e-01  -4.0 6.50e-02    -  1.00e+00 1.00e+00h  1
 704  4.9680377e-03 2.07e-04 2.16e-02  -4.1 3.88e-02    -  1.00e+00 1.00e+00h  1
 705  4.9710478e-03 8.84e-05 6.41e-02  -4.0 2.98e-02    -  1.00e+00 1.00e+00h  1
 706  4.9753643e-03 3.55e-05 2.52e-02  -4.0 1.89e-02    -  1.00e+00 1.00e+00h  1
 707  4.9806316e-03 6.09e-05 9.13e-02  -4.0 3.39e-02    -  1.00e+00 1.00e+00h  1
 708  4.9659827e-03 7.83e-05 2.68e-02  -4.1 3.10e-02    -  1.00e+00 1.00e+00h  1
 709  4.9652881e-03 1.77e-04 5.91e-02  -4.0 4.77e-02    -  1.00e+00 1.00e+00h  1
iter    objective    inf_pr   inf_du lg(mu)  ||d||  lg(rg) alpha_du alpha_pr  ls
 710  4.9753952e-03 3.40e-04 1.21e-01  -4.0 7.17e-02    -  1.00e+00 1.00e+00h  1
 711  4.9615979e-03 2.36e-04 3.71e-02  -4.1 5.44e-02    -  1.00e+00 1.00e+00h  1
 712  4.9664282e-03 5.84e-05 4.51e-02  -4.0 3.67e-02    -  1.00e+00 1.00e+00h  1
 713  4.9702521e-03 1.36e-05 5.38e-02  -4.0 3.47e-02    -  1.00e+00 1.00e+00H  1
 714  4.9647837e-03 2.43e-04 9.63e-02  -4.0 1.19e-01    -  1.00e+00 1.00e+00h  1
 715  4.9476095e-03 1.31e-03 2.22e-01  -4.1 3.84e-01    -  1.00e+00 5.00e-01h  2
 716  4.9587838e-03 1.16e-03 1.28e-01  -4.0 1.37e-01    -  1.00e+00 1.00e+00h  1
 717  4.9541381e-03 3.92e-04 6.40e-02  -4.0 7.41e-02    -  1.00e+00 1.00e+00h  1
 718  4.9642336e-03 6.83e-05 5.94e-02  -4.0 6.78e-02    -  1.00e+00 1.00e+00H  1
 719  4.9648916e-03 9.01e-04 2.04e-01  -4.0 2.25e-01    -  1.00e+00 1.00e+00h  1
iter    objective    inf_pr   inf_du lg(mu)  ||d||  lg(rg) alpha_du alpha_pr  ls
 720  4.9459773e-03 2.28e-03 2.18e-01  -4.1 3.60e-01    -  1.00e+00 1.00e+00h  1
 721  4.9549720e-03 3.76e-03 9.58e-01  -4.1 1.41e+00    -  1.00e+00 2.50e-01h  3
 722  4.9929497e-03 7.08e-03 2.38e-01  -4.1 3.22e-01    -  1.00e+00 1.00e+00h  1
 723  4.9353839e-03 4.75e-03 6.19e-02  -4.1 3.48e-01    -  1.00e+00 1.00e+00h  1
 724  4.9712521e-03 5.97e-03 7.86e-02  -4.0 6.17e-01    -  1.00e+00 5.00e-01h  2
 725  4.8926271e-03 2.80e-03 3.61e-02  -4.1 2.18e-01    -  1.00e+00 1.00e+00h  1
 726  4.8923358e-03 2.45e-03 3.61e-01  -4.0 6.65e-01    -  1.00e+00 1.25e-01h  4
 727  4.8951505e-03 2.14e-03 4.78e-01  -4.0 8.02e-01    -  1.00e+00 1.25e-01h  4
 728  4.9439542e-03 5.46e-03 2.86e-01  -4.0 2.39e+00    -  1.00e+00 2.50e-01h  3
 729  5.0279150e-03 2.72e-02 3.48e-01  -4.1 2.64e+00    -  1.00e+00 5.00e-01h  2
iter    objective    inf_pr   inf_du lg(mu)  ||d||  lg(rg) alpha_du alpha_pr  ls
 730  4.9789043e-03 3.29e-02 4.52e-01  -4.1 3.45e+00    -  1.00e+00 2.50e-01h  3
 731  5.1726704e-03 4.90e-02 2.56e-01  -4.1 6.68e-01    -  1.00e+00 1.00e+00h  1
 732  4.8519785e-03 1.62e-02 4.52e-02  -4.1 5.77e-01    -  1.00e+00 1.00e+00h  1
 733  4.9454133e-03 1.19e-02 1.97e-01  -4.0 8.76e-01    -  1.00e+00 4.40e-01H  1
 734  4.9290354e-03 9.14e-03 6.06e-02  -4.1 4.56e-01    -  1.00e+00 1.00e+00h  1
 735  5.0000159e-03 2.86e-02 1.76e-01  -4.1 6.75e-01    -  1.00e+00 1.00e+00h  1
 736  4.8254660e-03 1.04e-02 3.52e-02  -4.1 4.26e-01    -  1.00e+00 1.00e+00h  1
 737  4.8361953e-03 6.17e-03 1.06e-01  -4.0 3.26e-01    -  1.00e+00 1.00e+00h  1
 738  4.8109438e-03 4.15e-03 1.52e-01  -4.0 2.00e-01    -  1.00e+00 1.00e+00h  1
 739  4.8823681e-03 2.00e-03 1.32e-01  -4.0 1.31e-01    -  1.00e+00 1.00e+00h  1
iter    objective    inf_pr   inf_du lg(mu)  ||d||  lg(rg) alpha_du alpha_pr  ls
 740  4.8995658e-03 1.19e-03 1.66e-01  -4.0 1.05e-01    -  1.00e+00 1.00e+00h  1
 741  4.9475705e-03 8.98e-04 2.70e-01  -4.0 8.47e-02    -  1.00e+00 1.00e+00h  1
 742  4.9340129e-03 5.67e-04 3.01e-01  -4.0 1.06e-01    -  1.00e+00 1.00e+00h  1
 743  4.9262317e-03 3.74e-04 1.26e-01  -4.0 7.06e-02    -  1.00e+00 1.00e+00h  1
 744  4.9383059e-03 1.06e-04 1.13e-01  -4.0 2.86e-02    -  1.00e+00 1.00e+00h  1
 745  4.9364311e-03 5.29e-05 7.91e-02  -4.0 2.67e-02    -  1.00e+00 1.00e+00h  1
 746  4.9253823e-03 8.77e-05 4.05e-02  -4.0 3.46e-02    -  1.00e+00 1.00e+00h  1
 747  4.8720790e-03 1.19e-03 1.86e-01  -4.0 1.60e-01    -  1.00e+00 1.00e+00h  1
 748  4.8935652e-03 1.02e-03 2.44e-01  -4.0 1.35e-01    -  1.00e+00 1.00e+00h  1
 749  4.8661716e-03 7.85e-04 9.01e-02  -4.0 1.26e-01    -  1.00e+00 1.00e+00h  1
iter    objective    inf_pr   inf_du lg(mu)  ||d||  lg(rg) alpha_du alpha_pr  ls
 750  4.8770257e-03 2.68e-03 4.11e-01  -4.0 1.53e-01    -  1.00e+00 1.00e+00h  1
 751  4.8563371e-03 1.02e-03 7.58e-02  -4.1 1.10e-01    -  1.00e+00 1.00e+00h  1
 752  4.8674082e-03 4.07e-04 1.18e-01  -4.0 6.45e-02    -  1.00e+00 1.00e+00h  1
 753  4.8593132e-03 3.56e-04 4.24e-02  -4.0 4.94e-02    -  1.00e+00 1.00e+00h  1
 754  4.8670458e-03 3.94e-05 5.48e-02  -4.0 1.84e-02    -  1.00e+00 1.00e+00h  1
 755  4.8687690e-03 3.23e-05 2.77e-02  -4.0 1.31e-02    -  1.00e+00 1.00e+00h  1
 756  4.8698075e-03 2.16e-05 3.07e-02  -4.0 1.51e-02    -  1.00e+00 1.00e+00h  1
 757  4.8643279e-03 6.49e-05 6.58e-02  -4.1 3.80e-02    -  1.00e+00 1.00e+00h  1
 758  4.8616817e-03 4.62e-05 3.95e-02  -4.0 4.22e-02    -  1.00e+00 1.00e+00h  1
 759  4.8630661e-03 5.00e-05 4.80e-02  -4.0 2.69e-02    -  1.00e+00 1.00e+00h  1
iter    objective    inf_pr   inf_du lg(mu)  ||d||  lg(rg) alpha_du alpha_pr  ls
 760  4.8601758e-03 1.27e-05 1.54e-02  -4.0 1.35e-02    -  1.00e+00 1.00e+00h  1
 761  4.8580467e-03 4.18e-05 2.14e-02  -4.0 3.09e-02    -  1.00e+00 1.00e+00h  1
 762  4.8750709e-03 1.54e-03 2.01e-01  -4.0 4.22e-01    -  1.00e+00 5.00e-01h  2
 763  4.8342992e-03 7.86e-04 9.15e-02  -4.1 1.36e-01    -  1.00e+00 1.00e+00h  1
 764  4.8953351e-03 3.45e-03 1.42e-01  -4.0 3.20e-01    -  1.00e+00 1.00e+00h  1
 765  4.8275181e-03 1.97e-03 3.66e-02  -4.1 2.42e-01    -  1.00e+00 1.00e+00h  1
 766  4.8296785e-03 1.45e-03 1.50e-01  -4.1 2.57e-01    -  1.00e+00 5.00e-01h  2
 767  4.8240753e-03 8.73e-04 4.51e-02  -4.0 9.11e-02    -  1.00e+00 1.00e+00h  1
 768  4.8316889e-03 1.90e-04 1.16e-01  -4.0 4.64e-02    -  1.00e+00 1.00e+00h  1
 769  4.8427349e-03 1.03e-04 6.99e-02  -4.0 3.30e-02    -  1.00e+00 1.00e+00h  1
iter    objective    inf_pr   inf_du lg(mu)  ||d||  lg(rg) alpha_du alpha_pr  ls
 770  4.8454179e-03 9.38e-05 7.42e-02  -4.0 3.55e-02    -  1.00e+00 1.00e+00h  1
 771  4.8428973e-03 2.01e-05 3.41e-02  -4.0 2.02e-02    -  1.00e+00 1.00e+00h  1
 772  4.8442251e-03 4.78e-06 3.00e-02  -4.0 8.02e-03    -  1.00e+00 1.00e+00h  1
 773  4.8447962e-03 1.79e-06 7.95e-03  -4.0 4.84e-03    -  1.00e+00 1.00e+00h  1
 774  4.8478547e-03 3.98e-05 3.07e-02  -4.0 2.71e-02    -  1.00e+00 1.00e+00h  1
 775  4.8422807e-03 3.30e-05 2.09e-02  -4.1 2.04e-02    -  1.00e+00 1.00e+00h  1
 776  4.8445853e-03 2.30e-05 2.69e-02  -4.0 1.98e-02    -  1.00e+00 1.00e+00h  1
 777  4.8426218e-03 6.36e-06 2.63e-02  -4.1 9.11e-03    -  1.00e+00 1.00e+00h  1
 778  4.8435863e-03 2.65e-07 1.17e-02  -4.0 6.53e-03    -  1.00e+00 1.00e+00H  1
 779  4.8468152e-03 2.92e-05 4.54e-02  -4.0 2.09e-02    -  1.00e+00 1.00e+00h  1
iter    objective    inf_pr   inf_du lg(mu)  ||d||  lg(rg) alpha_du alpha_pr  ls
 780  4.8377687e-03 3.47e-05 2.49e-02  -4.1 2.52e-02    -  1.00e+00 1.00e+00h  1
 781  4.8467459e-03 4.86e-04 1.29e-01  -4.0 1.43e-01    -  1.00e+00 1.00e+00h  1
 782  4.8322070e-03 4.33e-04 6.81e-02  -4.1 1.14e-01    -  1.00e+00 1.00e+00h  1
 783  4.8216075e-03 2.88e-04 6.25e-02  -4.1 5.45e-02    -  1.00e+00 1.00e+00h  1
 784  4.8383391e-03 5.22e-05 9.02e-02  -4.0 5.95e-02    -  1.00e+00 1.00e+00H  1
 785  4.8375043e-03 1.22e-04 3.91e-02  -4.0 3.96e-02    -  1.00e+00 1.00e+00h  1
 786  4.8236724e-03 7.45e-05 4.69e-02  -4.1 5.91e-02    -  1.00e+00 1.00e+00H  1
 787  4.8245348e-03 1.94e-04 1.19e-01  -4.0 4.95e-02    -  1.00e+00 1.00e+00h  1
 788  4.8342331e-03 1.47e-04 4.12e-02  -4.1 5.98e-02    -  1.00e+00 1.00e+00h  1
 789  4.8276343e-03 5.16e-05 2.68e-02  -4.1 2.21e-02    -  1.00e+00 1.00e+00h  1
iter    objective    inf_pr   inf_du lg(mu)  ||d||  lg(rg) alpha_du alpha_pr  ls
 790  4.8281695e-03 1.15e-05 4.89e-02  -4.0 2.38e-02    -  1.00e+00 1.00e+00H  1
 791  4.8306325e-03 2.34e-05 1.43e-02  -4.0 1.98e-02    -  1.00e+00 1.00e+00h  1
 792  4.8277311e-03 6.24e-06 9.88e-03  -4.1 9.82e-03    -  1.00e+00 1.00e+00h  1
 793  4.8236077e-03 7.18e-05 4.45e-02  -4.0 6.15e-02    -  1.00e+00 1.00e+00h  1
 794  4.8237058e-03 9.66e-04 1.47e-01  -4.1 2.35e-01    -  1.00e+00 1.00e+00h  1
 795  4.8599550e-03 3.40e-03 6.49e-01  -4.1 1.51e+00    -  1.00e+00 2.50e-01h  3
 796  4.8281421e-03 2.74e-03 2.58e-01  -4.1 2.64e-01    -  1.00e+00 1.00e+00h  1
 797  4.7966249e-03 2.75e-03 1.88e-01  -4.1 7.10e-01    -  1.00e+00 5.00e-01h  2
 798  4.8342765e-03 2.61e-03 5.50e-01  -4.0 1.04e+00    -  1.00e+00 2.50e-01h  3
 799  4.8510491e-03 2.10e-03 6.80e-02  -4.1 2.53e-01    -  1.00e+00 1.00e+00h  1
iter    objective    inf_pr   inf_du lg(mu)  ||d||  lg(rg) alpha_du alpha_pr  ls
 800  4.8012714e-03 3.03e-03 1.44e-01  -4.1 1.98e-01    -  1.00e+00 1.00e+00h  1
 801  4.7836848e-03 2.57e-03 8.59e-02  -4.0 1.37e-01    -  1.00e+00 1.00e+00h  1
 802  4.7967076e-03 1.48e-03 9.33e-02  -4.0 1.34e-01    -  1.00e+00 1.00e+00h  1
 803  4.7926998e-03 7.92e-04 9.32e-02  -4.0 1.10e-01    -  1.00e+00 1.00e+00h  1
 804  4.8038003e-03 5.67e-04 1.74e-01  -4.0 1.14e-01    -  1.00e+00 1.00e+00h  1
 805  4.7946576e-03 3.99e-04 2.31e-02  -4.0 8.30e-02    -  1.00e+00 1.00e+00h  1
 806  4.8003932e-03 1.42e-04 8.00e-02  -4.0 5.18e-02    -  1.00e+00 1.00e+00h  1
 807  4.8022378e-03 7.41e-05 2.10e-02  -4.0 2.66e-02    -  1.00e+00 1.00e+00h  1
 808  4.8028226e-03 1.72e-05 2.34e-02  -4.0 1.79e-02    -  1.00e+00 1.00e+00h  1
 809  4.8057020e-03 8.87e-05 6.60e-02  -4.0 4.22e-02    -  1.00e+00 1.00e+00h  1
iter    objective    inf_pr   inf_du lg(mu)  ||d||  lg(rg) alpha_du alpha_pr  ls
 810  4.8007383e-03 6.66e-05 2.17e-02  -4.1 3.01e-02    -  1.00e+00 1.00e+00h  1
 811  4.8006202e-03 4.15e-05 4.44e-02  -4.0 2.58e-02    -  1.00e+00 1.00e+00h  1
 812  4.8026826e-03 1.67e-05 1.81e-02  -4.0 2.03e-02    -  1.00e+00 1.00e+00h  1
 813  4.8016289e-03 2.27e-06 8.63e-03  -4.1 6.49e-03    -  1.00e+00 1.00e+00h  1
 814  4.8026479e-03 9.87e-06 9.22e-03  -4.0 1.16e-02    -  1.00e+00 1.00e+00h  1
 815  4.8033660e-03 1.64e-04 2.60e-02  -4.1 4.38e-02    -  1.00e+00 1.00e+00h  1
 816  4.8104158e-03 6.36e-04 1.22e-01  -4.1 8.46e-02    -  1.00e+00 1.00e+00h  1
 817  4.7921014e-03 3.93e-04 6.01e-02  -4.1 7.62e-02    -  1.00e+00 1.00e+00h  1
 818  4.7947276e-03 5.86e-04 1.04e-01  -4.0 9.38e-02    -  1.00e+00 1.00e+00h  1
 819  4.8063114e-03 5.01e-04 3.03e-02  -4.1 5.66e-02    -  1.00e+00 1.00e+00h  1
iter    objective    inf_pr   inf_du lg(mu)  ||d||  lg(rg) alpha_du alpha_pr  ls
 820  4.7930183e-03 2.48e-04 4.43e-02  -4.1 5.33e-02    -  1.00e+00 1.00e+00h  1
 821  4.8058831e-03 1.29e-04 1.07e-01  -4.0 4.68e-02    -  1.00e+00 1.00e+00h  1
 822  4.7981128e-03 5.29e-05 7.84e-03  -4.1 2.89e-02    -  1.00e+00 1.00e+00h  1
 823  4.7989822e-03 4.97e-06 1.45e-02  -4.0 7.28e-03    -  1.00e+00 1.00e+00h  1
 824  4.8010570e-03 1.28e-05 2.04e-02  -4.0 1.32e-02    -  1.00e+00 1.00e+00h  1
 825  4.7981737e-03 4.12e-05 1.32e-02  -4.1 2.09e-02    -  1.00e+00 1.00e+00h  1
 826  4.7902622e-03 7.01e-05 5.12e-02  -4.1 2.89e-02    -  1.00e+00 1.00e+00h  1
 827  4.8024581e-03 1.09e-04 2.38e-02  -4.0 4.93e-02    -  1.00e+00 1.00e+00h  1
 828  4.8003386e-03 1.60e-05 1.91e-02  -4.1 1.53e-02    -  1.00e+00 1.00e+00h  1
 829  4.7878660e-03 3.55e-06 5.19e-02  -4.1 4.66e-02    -  1.00e+00 1.00e+00H  1
iter    objective    inf_pr   inf_du lg(mu)  ||d||  lg(rg) alpha_du alpha_pr  ls
 830  4.8048844e-03 2.06e-04 3.94e-02  -4.0 5.29e-02    -  1.00e+00 1.00e+00h  1
 831  4.8002947e-03 8.52e-05 3.12e-02  -4.1 2.85e-02    -  1.00e+00 1.00e+00h  1
 832  4.7904171e-03 2.01e-05 3.84e-02  -4.1 3.28e-02    -  1.00e+00 1.00e+00H  1
 833  4.7803072e-03 2.19e-04 1.55e-01  -4.1 5.59e-02    -  1.00e+00 1.00e+00h  1
 834  4.8053299e-03 5.91e-04 5.11e-02  -4.0 5.49e-02    -  1.00e+00 1.00e+00h  1
 835  4.7870299e-03 5.95e-04 3.07e-02  -4.1 5.71e-02    -  1.00e+00 1.00e+00h  1
 836  4.7938133e-03 1.25e-04 1.37e-01  -4.0 4.67e-02    -  1.00e+00 1.00e+00h  1
 837  4.7840871e-03 6.63e-05 2.85e-02  -4.1 3.70e-02    -  1.00e+00 1.00e+00h  1
 838  4.7780307e-03 1.46e-04 7.07e-02  -4.0 5.35e-02    -  1.00e+00 1.00e+00h  1
 839  4.7868261e-03 1.03e-04 4.34e-02  -4.0 3.56e-02    -  1.00e+00 1.00e+00h  1
iter    objective    inf_pr   inf_du lg(mu)  ||d||  lg(rg) alpha_du alpha_pr  ls
 840  4.7885900e-03 7.68e-05 8.28e-02  -4.0 2.15e-02    -  1.00e+00 1.00e+00h  1
 841  4.7836640e-03 2.83e-05 5.79e-03  -4.1 1.35e-02    -  1.00e+00 1.00e+00h  1
 842  4.7878634e-03 1.54e-05 3.91e-02  -4.0 2.77e-02    -  1.00e+00 1.00e+00h  1
 843  4.7908512e-03 8.86e-04 1.22e-01  -4.1 2.18e-01    -  1.00e+00 1.00e+00h  1
 844  4.7559154e-03 1.01e-03 1.61e-01  -4.1 1.70e-01    -  1.00e+00 1.00e+00h  1
 845  4.9258280e-03 6.40e-03 2.56e-01  -4.0 4.18e-01    -  1.00e+00 1.00e+00h  1
 846  4.7818605e-03 2.56e-03 4.08e-02  -4.1 2.81e-01    -  1.00e+00 1.00e+00h  1
 847  4.7562065e-03 1.09e-03 4.19e-02  -4.1 1.40e-01    -  1.00e+00 1.00e+00h  1
 848  4.8231995e-03 1.08e-03 2.66e-01  -4.0 1.34e-01    -  1.00e+00 1.00e+00H  1
 849  4.7735087e-03 3.74e-04 5.66e-02  -4.1 1.14e-01    -  1.00e+00 1.00e+00h  1
iter    objective    inf_pr   inf_du lg(mu)  ||d||  lg(rg) alpha_du alpha_pr  ls
 850  4.7511443e-03 1.31e-03 9.79e-02  -4.0 1.32e-01    -  1.00e+00 1.00e+00h  1
 851  4.7601234e-03 1.53e-03 1.52e-01  -4.0 1.29e-01    -  1.00e+00 1.00e+00h  1
 852  4.7528964e-03 5.69e-04 6.87e-02  -4.0 9.97e-02    -  1.00e+00 1.00e+00h  1
 853  4.7649766e-03 4.50e-04 9.34e-02  -4.0 7.40e-02    -  1.00e+00 1.00e+00h  1
 854  4.7603312e-03 2.62e-04 8.29e-02  -4.0 5.80e-02    -  1.00e+00 1.00e+00h  1
 855  4.7662634e-03 7.40e-05 6.51e-02  -4.0 1.85e-02    -  1.00e+00 1.00e+00h  1
 856  4.7659942e-03 9.74e-06 1.77e-02  -4.0 1.20e-02    -  1.00e+00 1.00e+00h  1
 857  4.7639878e-03 1.85e-05 2.51e-02  -4.0 2.23e-02    -  1.00e+00 1.00e+00h  1
 858  4.7655923e-03 1.38e-04 9.89e-02  -4.0 5.57e-02    -  1.00e+00 1.00e+00h  1
 859  4.7593899e-03 6.43e-05 3.13e-02  -4.1 3.35e-02    -  1.00e+00 1.00e+00h  1
iter    objective    inf_pr   inf_du lg(mu)  ||d||  lg(rg) alpha_du alpha_pr  ls
 860  4.7627847e-03 8.08e-05 4.71e-02  -4.0 3.08e-02    -  1.00e+00 1.00e+00h  1
 861  4.7614912e-03 1.40e-05 8.80e-03  -4.1 1.12e-02    -  1.00e+00 1.00e+00h  1
 862  4.7630248e-03 1.37e-06 2.57e-02  -4.0 1.53e-02    -  1.00e+00 1.00e+00H  1
 863  4.7649138e-03 1.71e-05 1.49e-02  -4.0 1.47e-02    -  1.00e+00 1.00e+00h  1
 864  4.7647066e-03 1.28e-05 1.71e-02  -4.1 1.46e-02    -  1.00e+00 1.00e+00h  1
 865  4.7618190e-03 1.62e-05 2.17e-02  -4.1 1.79e-02    -  1.00e+00 1.00e+00h  1
 866  4.7513219e-03 2.35e-04 8.12e-02  -4.1 8.69e-02    -  1.00e+00 1.00e+00h  1
 867  4.7954976e-03 1.54e-03 1.46e-01  -4.0 2.22e-01    -  1.00e+00 1.00e+00h  1
 868  4.7569486e-03 2.43e-03 1.88e-01  -4.1 2.66e-01    -  1.00e+00 1.00e+00h  1
 869  4.7695376e-03 1.98e-03 6.90e-02  -4.1 2.18e-01    -  1.00e+00 1.00e+00h  1
iter    objective    inf_pr   inf_du lg(mu)  ||d||  lg(rg) alpha_du alpha_pr  ls
 870  4.7499633e-03 2.58e-03 1.17e-01  -4.1 4.63e-01    -  1.00e+00 5.00e-01h  2
 871  4.7381372e-03 2.13e-03 8.51e-02  -4.0 1.72e-01    -  1.00e+00 1.00e+00h  1
 872  4.7846327e-03 1.98e-03 1.31e-01  -4.0 3.13e-01    -  1.00e+00 5.00e-01h  2
 873  4.7439675e-03 1.07e-03 4.08e-02  -4.1 1.42e-01    -  1.00e+00 1.00e+00h  1
 874  4.7382936e-03 7.08e-04 4.32e-01  -4.0 1.91e-01    -  1.00e+00 5.00e-01h  2
 875  4.7517306e-03 4.89e-04 5.19e-02  -4.0 1.07e-01    -  1.00e+00 1.00e+00h  1
 876  4.7485389e-03 1.62e-04 9.56e-02  -4.0 4.76e-02    -  1.00e+00 1.00e+00h  1
 877  4.7492243e-03 9.39e-05 4.06e-02  -4.0 2.12e-02    -  1.00e+00 1.00e+00h  1
 878  4.7535093e-03 1.66e-05 2.29e-02  -4.0 1.78e-02    -  1.00e+00 1.00e+00h  1
 879  4.7658358e-03 6.24e-05 3.22e-02  -4.0 5.00e-02    -  1.00e+00 1.00e+00h  1
iter    objective    inf_pr   inf_du lg(mu)  ||d||  lg(rg) alpha_du alpha_pr  ls
 880  4.7629426e-03 2.62e-04 5.65e-02  -4.1 7.37e-02    -  1.00e+00 1.00e+00h  1
 881  4.7518912e-03 4.33e-04 9.13e-02  -4.1 1.34e-01    -  1.00e+00 1.00e+00h  1
 882  4.7468798e-03 2.23e-04 1.52e-02  -4.1 9.29e-02    -  1.00e+00 1.00e+00h  1
 883  4.7648189e-03 2.29e-04 3.62e-01  -4.0 8.18e-02    -  1.00e+00 5.00e-01h  2
 884  4.7633198e-03 1.11e-04 5.38e-02  -4.1 3.71e-02    -  1.00e+00 1.00e+00h  1
 885  4.7508900e-03 1.21e-04 4.06e-02  -4.1 7.55e-02    -  1.00e+00 5.00e-01h  2
 886  4.7493010e-03 7.74e-05 6.80e-02  -4.1 3.06e-02    -  1.00e+00 1.00e+00h  1
 887  4.7581736e-03 1.67e-04 4.37e-02  -4.1 4.32e-02    -  1.00e+00 1.00e+00h  1
 888  4.7580162e-03 1.23e-04 4.79e-02  -4.1 4.30e-02    -  1.00e+00 1.00e+00h  1
 889  4.7485539e-03 9.90e-05 4.95e-02  -4.1 3.71e-02    -  1.00e+00 1.00e+00h  1
iter    objective    inf_pr   inf_du lg(mu)  ||d||  lg(rg) alpha_du alpha_pr  ls
 890  4.7558974e-03 8.51e-05 4.97e-02  -4.0 3.36e-02    -  1.00e+00 1.00e+00h  1
 891  4.7510432e-03 1.66e-05 1.84e-02  -4.1 2.01e-02    -  1.00e+00 1.00e+00h  1
 892  4.7521625e-03 3.51e-05 5.33e-02  -4.0 3.00e-02    -  1.00e+00 1.00e+00h  1
 893  4.7534065e-03 1.41e-04 5.29e-02  -4.1 7.10e-02    -  1.00e+00 1.00e+00h  1
 894  4.7463715e-03 3.81e-04 1.36e-01  -4.1 7.20e-02    -  1.00e+00 1.00e+00h  1
 895  4.7249298e-03 6.40e-04 1.32e-01  -4.1 1.06e-01    -  1.00e+00 1.00e+00h  1
 896  4.7377158e-03 6.53e-04 4.32e-02  -4.0 7.12e-02    -  1.00e+00 1.00e+00h  1
 897  4.7377587e-03 1.05e-04 6.14e-02  -4.0 4.40e-02    -  1.00e+00 1.00e+00h  1
 898  4.7413282e-03 1.82e-04 6.26e-02  -4.0 1.05e-01    -  1.00e+00 1.00e+00h  1
 899  4.7511817e-03 1.50e-03 2.20e-01  -4.1 5.70e-01    -  1.00e+00 5.00e-01h  2
iter    objective    inf_pr   inf_du lg(mu)  ||d||  lg(rg) alpha_du alpha_pr  ls
 900  4.7083250e-03 2.10e-03 2.76e-01  -4.1 3.33e-01    -  1.00e+00 1.00e+00h  1
 901  4.7998216e-03 5.83e-03 1.61e-01  -4.0 3.24e-01    -  1.00e+00 1.00e+00h  1
 902  4.6967419e-03 2.75e-03 4.50e-02  -4.1 2.78e-01    -  1.00e+00 1.00e+00h  1
 903  4.7268110e-03 3.53e-03 2.74e-01  -4.0 1.68e-01    -  1.00e+00 1.00e+00h  1
 904  4.6950920e-03 1.39e-03 3.40e-02  -4.1 1.12e-01    -  1.00e+00 1.00e+00h  1
 905  4.6987905e-03 8.92e-04 2.47e-01  -4.0 1.80e-01    -  1.00e+00 5.00e-01h  2
 906  4.7010639e-03 5.86e-04 2.95e-01  -4.0 1.99e-01    -  1.00e+00 2.50e-01h  3
 907  4.7171586e-03 3.71e-04 3.86e-01  -4.0 1.56e-01    -  1.00e+00 5.00e-01h  2
 908  4.7252980e-03 4.28e-04 1.25e-01  -4.0 7.89e-02    -  1.00e+00 1.00e+00h  1
 909  4.7203244e-03 4.34e-04 1.13e-01  -4.0 6.20e-02    -  1.00e+00 1.00e+00h  1
iter    objective    inf_pr   inf_du lg(mu)  ||d||  lg(rg) alpha_du alpha_pr  ls
 910  4.7251815e-03 4.35e-04 1.09e-01  -4.0 6.13e-02    -  1.00e+00 1.00e+00h  1
 911  4.7237545e-03 8.86e-05 4.63e-02  -4.1 3.26e-02    -  1.00e+00 1.00e+00h  1
 912  4.7273304e-03 1.81e-04 6.45e-02  -4.0 7.67e-02    -  1.00e+00 1.00e+00h  1
 913  4.7224127e-03 7.46e-05 1.45e-02  -4.1 4.98e-02    -  1.00e+00 1.00e+00h  1
 914  4.7268368e-03 6.73e-05 6.37e-02  -4.0 2.15e-02    -  1.00e+00 1.00e+00h  1
 915  4.7258993e-03 1.65e-05 1.70e-02  -4.0 1.42e-02    -  1.00e+00 1.00e+00h  1
 916  4.7263248e-03 1.13e-05 3.89e-02  -4.0 1.68e-02    -  1.00e+00 1.00e+00h  1
 917  4.7272771e-03 1.62e-05 3.39e-02  -4.0 1.45e-02    -  1.00e+00 1.00e+00h  1
 918  4.7251597e-03 5.64e-05 3.27e-02  -4.1 2.18e-02    -  1.00e+00 1.00e+00h  1
 919  4.7235210e-03 2.13e-04 7.61e-02  -4.0 6.61e-02    -  1.00e+00 1.00e+00h  1
iter    objective    inf_pr   inf_du lg(mu)  ||d||  lg(rg) alpha_du alpha_pr  ls
 920  4.7178890e-03 1.32e-04 4.73e-02  -4.1 4.59e-02    -  1.00e+00 1.00e+00h  1
 921  4.7230442e-03 1.40e-04 7.82e-02  -4.0 3.95e-02    -  1.00e+00 1.00e+00h  1
 922  4.7192179e-03 5.59e-05 1.54e-02  -4.1 2.11e-02    -  1.00e+00 1.00e+00h  1
 923  4.7265279e-03 1.14e-05 5.23e-02  -4.0 2.65e-02    -  1.00e+00 1.00e+00H  1
 924  4.7185324e-03 3.86e-05 3.60e-02  -4.1 2.41e-02    -  1.00e+00 1.00e+00h  1
 925  4.7160362e-03 6.03e-05 5.35e-02  -4.0 2.56e-02    -  1.00e+00 1.00e+00h  1
 926  4.7200075e-03 2.03e-05 2.06e-02  -4.0 1.04e-02    -  1.00e+00 1.00e+00h  1
 927  4.7213683e-03 5.44e-06 2.02e-02  -4.0 7.99e-03    -  1.00e+00 1.00e+00h  1
 928  4.7221909e-03 7.95e-06 1.02e-02  -4.0 1.12e-02    -  1.00e+00 1.00e+00h  1
 929  4.7214230e-03 3.28e-04 5.31e-02  -4.1 6.97e-02    -  1.00e+00 1.00e+00h  1
iter    objective    inf_pr   inf_du lg(mu)  ||d||  lg(rg) alpha_du alpha_pr  ls
 930  4.7090827e-03 1.63e-04 3.24e-02  -4.1 5.01e-02    -  1.00e+00 1.00e+00h  1
 931  4.7154180e-03 1.07e-04 5.25e-02  -4.0 4.12e-02    -  1.00e+00 1.00e+00h  1
 932  4.7261662e-03 8.93e-05 7.55e-02  -4.0 3.58e-02    -  1.00e+00 1.00e+00h  1
 933  4.7170076e-03 1.61e-04 6.54e-02  -4.1 3.65e-02    -  1.00e+00 1.00e+00h  1
 934  4.7150954e-03 6.75e-05 3.40e-02  -4.1 2.76e-02    -  1.00e+00 1.00e+00h  1
 935  4.7227109e-03 1.06e-05 4.43e-02  -4.0 2.23e-02    -  1.00e+00 1.00e+00H  1
 936  4.7191037e-03 1.04e-05 1.12e-02  -4.1 8.71e-03    -  1.00e+00 1.00e+00h  1
 937  4.7194768e-03 1.56e-05 1.59e-02  -4.0 1.08e-02    -  1.00e+00 1.00e+00h  1
 938  4.7152738e-03 2.35e-05 2.68e-02  -4.1 1.00e-02    -  1.00e+00 1.00e+00h  1
 939  4.7213020e-03 3.04e-05 1.90e-02  -4.0 1.68e-02    -  1.00e+00 1.00e+00h  1
iter    objective    inf_pr   inf_du lg(mu)  ||d||  lg(rg) alpha_du alpha_pr  ls
 940  4.7153119e-03 1.29e-05 1.34e-02  -4.1 1.32e-02    -  1.00e+00 1.00e+00h  1
 941  4.6910891e-03 1.75e-04 6.12e-02  -4.1 5.87e-02    -  1.00e+00 1.00e+00h  1
 942  4.7108501e-03 2.23e-04 7.21e-02  -4.0 8.83e-02    -  1.00e+00 1.00e+00h  1
 943  4.7140646e-03 8.71e-05 3.64e-02  -4.1 6.44e-02    -  1.00e+00 1.00e+00h  1
 944  4.7097997e-03 1.41e-04 1.00e-01  -4.0 4.89e-02    -  1.00e+00 1.00e+00h  1
 945  4.7106100e-03 5.64e-05 1.10e-02  -4.0 3.40e-02    -  1.00e+00 1.00e+00h  1
 946  4.7183230e-03 4.09e-05 3.66e-02  -4.0 2.13e-02    -  1.00e+00 1.00e+00h  1
 947  4.7034600e-03 4.84e-05 2.42e-02  -4.1 2.62e-02    -  1.00e+00 1.00e+00h  1
 948  4.7222428e-03 1.60e-04 1.30e-01  -4.0 3.54e-02    -  1.00e+00 1.00e+00h  1
 949  4.7056757e-03 7.18e-05 4.17e-02  -4.1 3.00e-02    -  1.00e+00 1.00e+00h  1
iter    objective    inf_pr   inf_du lg(mu)  ||d||  lg(rg) alpha_du alpha_pr  ls
 950  4.6922583e-03 1.06e-04 5.93e-02  -4.1 3.68e-02    -  1.00e+00 1.00e+00h  1
 951  4.7136210e-03 1.52e-04 2.03e-02  -4.0 3.22e-02    -  1.00e+00 1.00e+00h  1
 952  4.7038780e-03 6.51e-05 2.66e-02  -4.1 2.19e-02    -  1.00e+00 1.00e+00h  1
 953  4.7135435e-03 4.36e-05 1.97e-02  -4.0 1.74e-02    -  1.00e+00 1.00e+00h  1
 954  4.7181615e-03 4.13e-05 4.00e-02  -4.0 1.92e-02    -  1.00e+00 1.00e+00h  1
 955  4.7080612e-03 2.02e-05 6.24e-03  -4.1 1.68e-02    -  1.00e+00 1.00e+00h  1
 956  4.7225405e-03 3.03e-06 3.28e-02  -4.0 1.94e-02    -  1.00e+00 1.00e+00H  1
 957  4.7371894e-03 6.42e-05 6.27e-02  -4.0 2.73e-02    -  1.00e+00 1.00e+00h  1
 958  4.7107724e-03 1.46e-04 3.11e-02  -4.1 4.81e-02    -  1.00e+00 1.00e+00h  1
 959  4.6956181e-03 1.39e-04 7.53e-02  -4.1 4.43e-02    -  1.00e+00 1.00e+00h  1
iter    objective    inf_pr   inf_du lg(mu)  ||d||  lg(rg) alpha_du alpha_pr  ls
 960  4.7016367e-03 1.10e-04 3.24e-02  -4.1 2.99e-02    -  1.00e+00 1.00e+00h  1
 961  4.7228921e-03 1.07e-05 5.04e-02  -4.0 3.08e-02    -  1.00e+00 1.00e+00H  1
 962  4.7133817e-03 7.22e-05 3.95e-02  -4.1 2.95e-02    -  1.00e+00 1.00e+00h  1
 963  4.7061953e-03 6.68e-05 9.03e-03  -4.1 2.42e-02    -  1.00e+00 1.00e+00h  1
 964  4.7324169e-03 7.14e-06 4.16e-02  -4.0 2.79e-02    -  1.00e+00 1.00e+00H  1
 965  4.7004156e-03 1.34e-04 6.18e-02  -4.1 3.78e-02    -  1.00e+00 1.00e+00h  1
 966  4.6579278e-03 5.08e-04 1.03e-01  -4.1 6.49e-02    -  1.00e+00 1.00e+00h  1
 967  4.7360741e-03 1.19e-03 7.40e-02  -4.0 1.24e-01    -  1.00e+00 1.00e+00h  1
 968  4.7269581e-03 1.46e-03 1.79e-01  -4.1 1.84e-01    -  1.00e+00 1.00e+00h  1
 969  4.7002805e-03 6.91e-04 4.05e-02  -4.1 1.33e-01    -  1.00e+00 1.00e+00h  1
iter    objective    inf_pr   inf_du lg(mu)  ||d||  lg(rg) alpha_du alpha_pr  ls
 970  4.6912906e-03 2.23e-04 8.82e-02  -4.1 5.70e-02    -  1.00e+00 1.00e+00h  1
 971  4.7290061e-03 1.14e-04 7.11e-02  -4.0 4.36e-02    -  1.00e+00 1.00e+00H  1
 972  4.7036508e-03 1.11e-04 4.17e-02  -4.1 3.21e-02    -  1.00e+00 1.00e+00h  1
 973  4.6802793e-03 2.39e-04 7.16e-02  -4.1 5.69e-02    -  1.00e+00 1.00e+00h  1
 974  4.7227114e-03 3.19e-04 3.06e-02  -4.0 5.80e-02    -  1.00e+00 1.00e+00h  1
 975  4.7079681e-03 1.29e-04 6.10e-02  -4.1 6.53e-02    -  1.00e+00 1.00e+00h  1
 976  4.6949971e-03 1.23e-04 3.01e-02  -4.1 4.53e-02    -  1.00e+00 1.00e+00h  1
 977  4.7369520e-03 3.89e-05 6.64e-02  -4.0 5.44e-02    -  1.00e+00 1.00e+00H  1
 978  4.6898326e-03 3.26e-04 6.92e-02  -4.1 6.44e-02    -  1.00e+00 1.00e+00h  1
 979  4.6454573e-03 9.96e-04 1.23e-01  -4.1 1.07e-01    -  1.00e+00 1.00e+00h  1
iter    objective    inf_pr   inf_du lg(mu)  ||d||  lg(rg) alpha_du alpha_pr  ls
 980  4.7423583e-03 2.05e-03 8.29e-02  -4.0 1.37e-01    -  1.00e+00 1.00e+00h  1
 981  4.7088752e-03 1.28e-03 1.10e-01  -4.1 1.52e-01    -  1.00e+00 1.00e+00h  1
 982  4.6861841e-03 5.36e-04 3.54e-02  -4.1 8.85e-02    -  1.00e+00 1.00e+00h  1
 983  4.6932043e-03 7.66e-05 4.07e-02  -4.1 4.23e-02    -  1.00e+00 1.00e+00h  1
 984  4.7255572e-03 1.62e-04 7.03e-02  -4.0 3.87e-02    -  1.00e+00 1.00e+00h  1
 985  4.7035863e-03 1.33e-04 5.02e-02  -4.1 3.66e-02    -  1.00e+00 1.00e+00h  1
 986  4.6688762e-03 2.80e-04 6.67e-02  -4.1 4.77e-02    -  1.00e+00 1.00e+00h  1
 987  4.7275615e-03 6.95e-04 7.30e-02  -4.0 8.63e-02    -  1.00e+00 1.00e+00h  1
 988  4.7087837e-03 2.07e-04 4.67e-02  -4.1 5.57e-02    -  1.00e+00 1.00e+00h  1
 989  4.6670927e-03 3.31e-04 1.06e-01  -4.1 6.46e-02    -  1.00e+00 1.00e+00h  1
iter    objective    inf_pr   inf_du lg(mu)  ||d||  lg(rg) alpha_du alpha_pr  ls
 990  4.7272463e-03 5.97e-04 7.40e-02  -4.0 9.50e-02    -  1.00e+00 1.00e+00h  1
 991  4.6977112e-03 5.90e-04 7.67e-02  -4.1 6.84e-02    -  1.00e+00 1.00e+00h  1
 992  4.6708598e-03 1.94e-04 4.56e-02  -4.1 4.30e-02    -  1.00e+00 1.00e+00h  1
 993  4.7463669e-03 9.87e-05 1.25e-01  -4.0 9.24e-02    -  1.00e+00 1.00e+00H  1
 994  4.6852616e-03 6.32e-04 4.27e-02  -4.1 8.27e-02    -  1.00e+00 1.00e+00h  1
 995  4.6518224e-03 1.25e-03 1.03e-01  -4.1 1.15e-01    -  1.00e+00 1.00e+00h  1
 996  4.7279364e-03 1.50e-03 7.60e-02  -4.0 1.29e-01    -  1.00e+00 1.00e+00h  1
 997  4.7224089e-03 1.79e-03 1.41e-01  -4.1 1.27e-01    -  1.00e+00 1.00e+00h  1
 998  4.6834791e-03 1.09e-03 2.44e-02  -4.1 1.04e-01    -  1.00e+00 1.00e+00h  1
 999  4.7031654e-03 3.99e-04 5.40e-02  -4.1 5.97e-02    -  1.00e+00 1.00e+00h  1
iter    objective    inf_pr   inf_du lg(mu)  ||d||  lg(rg) alpha_du alpha_pr  ls
1000  4.6911413e-03 1.95e-04 8.67e-02  -4.1 4.32e-02    -  1.00e+00 1.00e+00h  1

Number of Iterations....: 1000

                                   (scaled)                 (unscaled)
Objective...............:   4.6911413314777526e-03    4.6911413314777526e-03
Dual infeasibility......:   8.6743802014338456e-02    8.6743802014338456e-02
Constraint violation....:   1.9547945006900824e-04    1.9547945006900824e-04
Variable bound violation:   0.0000000000000000e+00    0.0000000000000000e+00
Complementarity.........:   8.0002738592346067e-05    8.0002738592346067e-05
Overall NLP error.......:   8.6743802014338456e-02    8.6743802014338456e-02


Number of objective function evaluations             = 1328
Number of objective gradient evaluations             = 1001
Number of equality constraint evaluations            = 1328
Number of inequality constraint evaluations          = 1328
Number of equality constraint Jacobian evaluations   = 1001
Number of inequality constraint Jacobian evaluations = 1001
Number of Lagrangian Hessian evaluations             = 0
Total seconds in IPOPT                               = 2292.380

EXIT: Maximum Number of Iterations Exceeded.
