
******************************************************************************
This program contains Ipopt, a library for large-scale nonlinear optimization.
 Ipopt is released as open source code under the Eclipse Public License (EPL).
         For more information visit https://github.com/coin-or/Ipopt
******************************************************************************

This is Ipopt version 3.14.19, running with linear solver MUMPS 5.8.2.

Number of nonzeros in equality constraint Jacobian...:  1215565
Number of nonzeros in inequality constraint Jacobian.:     5312
Number of nonzeros in Lagrangian Hessian.............:        0

Total number of variables............................:     3879
                     variables with only lower bounds:        0
                variables with lower and upper bounds:      824
                     variables with only upper bounds:        0
Total number of equality constraints.................:     3726
Total number of inequality constraints...............:      553
        inequality constraints with only lower bounds:        0
   inequality constraints with lower and upper bounds:        0
        inequality constraints with only upper bounds:      553

iter    objective    inf_pr   inf_du lg(mu)  ||d||  lg(rg) alpha_du alpha_pr  ls
   0  1.5116338e-03 4.97e+00 1.00e+00   0.0 0.00e+00    -  0.00e+00 0.00e+00   0
   1  1.7576400e-03 4.94e+00 2.78e+01  -0.3 1.94e+01    -  2.16e-02 5.35e-03h  1
   2  7.4442311e-03 4.83e+00 5.58e+01  -0.3 3.48e+01    -  2.25e-01 2.18e-02f  1
   3  1.6074749e+00 3.70e+00 1.43e+02  -0.8 7.80e+01    -  1.83e-01 2.34e-01h  1
   4  6.0185384e+00 3.56e+00 2.33e+02  -0.7 5.73e+01    -  1.93e-01 3.46e-01h  1
   5  1.4314637e+01 4.30e+00 1.56e+02  -0.7 3.57e+01    -  4.81e-01 5.15e-01h  1
   6  1.4339090e+01 4.24e+00 7.47e+03   0.3 1.12e+01    -  1.00e+00 1.37e-02h  1
   7  1.4843212e+01 3.66e+00 1.18e+04   1.1 1.63e+01    -  1.00e+00 1.52e-01h  1
   8  1.7909790e+01 2.37e+00 3.13e+03   0.9 1.84e+01    -  8.15e-01 6.61e-01h  1
   9  1.8717335e+01 9.63e-01 2.83e+03  -4.0 1.78e+01    -  3.74e-01 5.97e-01h  1
iter    objective    inf_pr   inf_du lg(mu)  ||d||  lg(rg) alpha_du alpha_pr  ls
  10  2.1787641e+01 1.05e+00 6.84e+03   1.5 4.93e+01    -  7.51e-01 2.49e-01f  1
  11  2.3268625e+01 1.04e+00 7.59e+03   1.3 1.90e+01    -  7.93e-01 8.14e-01f  1
  12  2.2515940e+01 5.04e-01 4.65e+03   1.0 7.74e+00    -  1.00e+00 1.00e+00h  1
  13  2.2080728e+01 2.37e-01 4.87e+03   0.6 6.02e+00    -  1.00e+00 1.00e+00h  1
  14  2.2047526e+01 2.34e-01 4.73e+03   0.2 5.70e+00    -  1.00e+00 1.00e+00h  1
  15  2.1647924e+01 8.05e-02 1.53e+03  -0.4 3.71e+00    -  1.00e+00 8.59e-01h  1
  16  2.1245035e+01 2.06e-02 3.26e+02  -0.9 1.57e+00    -  1.00e+00 1.00e+00h  1
  17  2.1054048e+01 1.51e-02 1.65e+02  -1.9 1.20e+00    -  1.00e+00 1.00e+00h  1
  18  2.0768171e+01 8.86e-03 5.93e+01  -2.3 6.93e-01    -  1.00e+00 1.00e+00h  1
  19  1.9839814e+01 5.19e-02 1.71e+02  -2.0 4.00e+00    -  1.00e+00 5.20e-01h  1
iter    objective    inf_pr   inf_du lg(mu)  ||d||  lg(rg) alpha_du alpha_pr  ls
  20  1.6320688e+01 9.87e-01 5.62e+02  -1.5 2.79e+01    -  1.00e+00 3.61e-01f  1
  21  1.3615199e+01 7.07e-01 4.31e+02  -1.7 1.01e+01    -  1.00e+00 1.00e+00h  1
  22  1.3305046e+01 8.95e-01 8.44e+01  -1.4 9.34e+00    -  1.00e+00 8.81e-01h  1
  23  1.2189383e+01 7.19e-01 8.84e+01  -1.6 1.62e+01    -  1.00e+00 3.42e-01h  1
  24  9.8049948e+00 1.15e+00 1.23e+02  -1.6 3.68e+01    -  1.00e+00 3.52e-01h  1
  25  7.2290801e+00 3.05e+00 8.80e+01  -1.6 1.91e+01    -  7.66e-01 9.90e-01h  1
  26  8.5496922e+00 2.17e+00 1.17e+02  -1.3 2.30e+01    -  8.33e-01 6.08e-01h  1
  27  6.3596485e+00 6.34e-01 6.39e+01  -1.8 8.61e+00    -  1.00e+00 1.00e+00h  1
  28  6.2769810e+00 6.94e-01 5.17e+01  -1.4 8.23e+00    -  1.00e+00 9.51e-01h  1
  29  5.6041467e+00 2.39e-01 4.01e+01  -1.6 5.64e+00    -  1.00e+00 1.00e+00h  1
iter    objective    inf_pr   inf_du lg(mu)  ||d||  lg(rg) alpha_du alpha_pr  ls
  30  4.4404249e+00 3.87e-01 2.97e+01  -2.1 7.62e+00    -  1.00e+00 8.62e-01h  1
  31  5.0118270e+00 1.44e+00 7.83e+01  -1.6 1.22e+01    -  1.00e+00 1.00e+00h  1
  32  4.2082393e+00 4.86e-01 2.94e+01  -1.7 6.47e+00    -  1.00e+00 1.00e+00h  1
  33  3.7831428e+00 2.71e-01 1.29e+01  -1.9 3.86e+00    -  1.00e+00 1.00e+00h  1
  34  4.1086517e+00 2.63e-01 1.39e+01  -1.6 4.34e+00    -  1.00e+00 1.00e+00h  1
  35  4.9682478e+00 4.82e-01 2.93e+01  -1.4 4.41e+00    -  1.00e+00 1.00e+00h  1
  36  4.8399820e+00 9.40e-02 2.09e+01  -1.5 2.90e+00    -  1.00e+00 1.00e+00h  1
  37  4.0336907e+00 2.69e-01 1.72e+01  -2.0 5.27e+00    -  1.00e+00 1.00e+00h  1
  38  3.7214432e+00 1.63e-01 1.96e+01  -2.1 5.19e+00    -  7.27e-01 4.26e-01h  1
  39  3.4277967e+00 1.41e-01 2.06e+01  -2.1 3.79e+00    -  1.00e+00 7.36e-01h  1
iter    objective    inf_pr   inf_du lg(mu)  ||d||  lg(rg) alpha_du alpha_pr  ls
  40  3.2895005e+00 9.04e-02 2.14e+01  -2.2 2.10e+00    -  1.00e+00 9.51e-01h  1
  41  3.4331060e+00 5.56e-02 1.37e+01  -1.9 2.57e+00    -  1.00e+00 4.90e-01h  1
  42  3.4740944e+00 4.56e-02 2.38e+01  -2.2 2.09e+00    -  8.72e-01 8.00e-01H  1
  43  3.2184834e+00 4.76e-02 2.17e+01  -2.8 3.33e+00    -  1.00e+00 5.28e-01h  1
  44  2.8876834e+00 3.97e-01 1.93e+01  -2.3 1.02e+01    -  1.00e+00 4.26e-01h  1
  45  2.8319476e+00 1.55e-01 9.85e+00  -2.3 2.52e+00    -  1.00e+00 1.00e+00h  1
  46  2.6155946e+00 1.23e-01 8.42e+00  -2.8 2.61e+00    -  1.00e+00 1.00e+00h  1
  47  2.4279482e+00 1.29e-01 2.27e+01  -2.5 2.57e+00    -  1.00e+00 1.00e+00h  1
  48  2.2972623e+00 6.61e-02 1.11e+01  -2.7 2.26e+00    -  1.00e+00 1.00e+00h  1
  49  2.2565461e+00 4.82e-02 1.46e+01  -2.8 3.11e+00    -  1.00e+00 3.09e-01h  1
iter    objective    inf_pr   inf_du lg(mu)  ||d||  lg(rg) alpha_du alpha_pr  ls
  50  2.3215251e+00 3.74e-02 2.64e+01  -2.5 1.67e+00    -  1.00e+00 7.52e-01H  1
  51  2.2142919e+00 1.85e-02 2.34e+01  -3.2 2.62e+00    -  6.42e-01 4.90e-01h  1
  52  1.9304300e+00 2.27e-01 3.87e+01  -3.0 1.14e+01    -  2.27e-01 3.93e-01h  1
  53  1.8801031e+00 1.28e-01 2.45e+01  -2.9 2.93e+00    -  1.00e+00 4.45e-01h  1
  54  1.9971835e+00 6.92e-02 9.83e+00  -2.5 1.82e+00    -  1.00e+00 8.35e-01h  1
  55  1.9438042e+00 1.11e-01 5.54e+00  -3.1 1.73e+00    -  1.00e+00 9.24e-01h  1
  56  1.8662304e+00 4.14e-02 1.43e+01  -2.8 2.21e+00    -  9.39e-01 7.60e-01h  1
  57  1.9670074e+00 1.90e-01 1.40e+01  -2.4 4.59e+00    -  7.80e-01 4.67e-01h  1
  58  1.9296776e+00 3.33e-02 9.16e+00  -2.6 1.05e+00    -  4.73e-01 1.00e+00h  1
  59  1.8441430e+00 4.07e-02 4.96e+00  -3.1 1.65e+00    -  6.25e-01 6.58e-01h  1
iter    objective    inf_pr   inf_du lg(mu)  ||d||  lg(rg) alpha_du alpha_pr  ls
  60  1.9690065e+00 1.87e-01 2.55e+01  -2.5 3.45e+00    -  1.00e+00 7.81e-01h  1
  61  1.9634546e+00 5.98e-01 5.51e+01  -2.6 5.46e+00    -  9.73e-01 1.00e+00h  1
  62  1.8386185e+00 1.23e-01 2.19e+01  -2.6 2.38e+00    -  1.00e+00 1.00e+00h  1
  63  1.6893584e+00 7.35e-02 4.20e+00  -2.8 1.93e+00    -  1.00e+00 9.50e-01h  1
  64  1.5675469e+00 1.53e-01 9.35e+00  -2.9 2.29e+00    -  1.00e+00 9.14e-01h  1
  65  1.7533208e+00 1.31e-01 7.59e+00  -2.4 7.08e+00    -  6.60e-01 4.68e-01h  1
  66  1.6725804e+00 2.22e-01 7.05e+00  -2.6 6.50e+00    -  7.79e-01 5.05e-01h  1
  67  1.6560718e+00 1.53e-01 3.31e+00  -2.6 2.28e+00    -  8.46e-01 1.00e+00h  1
  68  1.5516859e+00 1.15e-01 7.19e+00  -2.9 2.14e+00    -  1.00e+00 1.00e+00h  1
  69  1.8770710e+00 2.28e-01 5.97e+00  -2.0 1.92e+01    -  4.50e-01 2.03e-01h  1
iter    objective    inf_pr   inf_du lg(mu)  ||d||  lg(rg) alpha_du alpha_pr  ls
  70  1.8383851e+00 1.52e-01 1.06e+01  -2.4 5.15e+00    -  5.07e-01 4.79e-01h  1
  71  1.7391427e+00 1.02e-01 7.17e+00  -2.4 1.97e+00    -  1.00e+00 1.00e+00h  1
  72  1.7157890e+00 6.69e-02 3.62e+00  -2.5 2.23e+00    -  1.00e+00 5.00e-01h  2
  73  2.0026317e+00 1.44e-01 8.43e+00  -2.1 4.95e+00    -  1.00e+00 6.29e-01h  1
  74  2.0330704e+00 6.87e-02 9.36e+00  -2.2 1.71e+00    -  1.00e+00 1.00e+00h  1
  75  2.0404311e+00 8.30e-02 1.28e+01  -2.2 1.72e+00    -  1.00e+00 1.00e+00h  1
  76  1.9708256e+00 5.40e-02 6.14e+00  -2.2 1.29e+00    -  1.00e+00 1.00e+00h  1
  77  2.0597166e+00 4.00e-02 2.06e+01  -2.2 1.66e+00    -  9.31e-01 5.43e-01H  1
  78  2.0508648e+00 3.12e-02 1.35e+01  -2.2 1.06e+00    -  1.00e+00 1.00e+00h  1
  79  1.9784933e+00 1.89e-02 3.26e+00  -2.3 8.64e-01    -  1.00e+00 8.45e-01h  1
iter    objective    inf_pr   inf_du lg(mu)  ||d||  lg(rg) alpha_du alpha_pr  ls
  80  1.9364130e+00 1.50e-02 1.21e+01  -2.4 1.26e+00    -  1.00e+00 5.33e-01h  1
  81  1.9189399e+00 1.09e-02 9.89e+00  -2.5 1.04e+00    -  1.00e+00 5.00e-01h  2
  82  1.8137072e+00 1.50e-02 8.08e+00  -2.9 1.27e+00    -  1.00e+00 6.59e-01h  1
  83  1.7001579e+00 2.25e-02 1.42e+01  -2.6 2.47e+00    -  1.00e+00 4.99e-01h  1
  84  1.7162045e+00 1.00e-01 2.35e+01  -2.4 2.03e+00    -  1.00e+00 1.00e+00h  1
  85  1.7117755e+00 2.83e-02 6.18e+00  -2.5 9.18e-01    -  1.00e+00 1.00e+00h  1
  86  1.6100690e+00 2.53e-02 2.27e+00  -2.7 1.51e+00    -  1.00e+00 6.57e-01h  1
  87  1.3381954e+00 2.36e-01 1.78e+01  -3.0 3.66e+00    -  9.99e-01 9.85e-01h  1
  88  1.3397334e+00 1.21e-01 1.97e+01  -2.8 2.53e+00    -  1.00e+00 5.37e-01h  1
  89  1.3902359e+00 1.26e-01 1.69e+01  -2.4 5.34e+00    -  8.30e-01 3.03e-01h  1
iter    objective    inf_pr   inf_du lg(mu)  ||d||  lg(rg) alpha_du alpha_pr  ls
  90  1.5445574e+00 9.78e-02 5.93e+00  -2.5 3.38e+00    -  1.00e+00 7.81e-01h  1
  91  1.3961348e+00 1.43e-01 1.17e+01  -2.7 2.56e+00    -  1.00e+00 9.84e-01h  1
  92  1.2359509e+00 1.87e-01 1.42e+01  -2.8 3.32e+00    -  9.37e-01 8.93e-01h  1
  93  1.1791800e+00 1.11e-01 1.28e+01  -2.8 2.83e+00    -  5.99e-01 5.21e-01h  1
  94  1.3928619e+00 5.98e-01 1.48e+01  -2.5 6.81e+00    -  7.07e-01 1.00e+00h  1
  95  1.2202636e+00 3.02e-01 1.18e+01  -2.7 7.20e+00    -  8.12e-01 5.01e-01h  1
  96  1.0962778e+00 2.96e-01 3.75e+00  -2.7 3.86e+00    -  6.20e-01 1.00e+00h  1
  97  1.0587931e+00 1.85e-01 5.38e+00  -2.7 3.99e+00    -  9.81e-01 3.88e-01h  1
  98  9.9779605e-01 4.74e-02 3.05e+00  -3.0 1.25e+00    -  1.00e+00 9.96e-01h  1
  99  1.0270693e+00 5.29e-02 7.30e+00  -2.6 2.85e+00    -  1.00e+00 3.67e-01h  2
iter    objective    inf_pr   inf_du lg(mu)  ||d||  lg(rg) alpha_du alpha_pr  ls
 100  1.0000718e+00 2.21e-02 3.80e+00  -3.0 1.01e+00    -  1.00e+00 7.84e-01h  1
 101  9.3861240e-01 3.36e-02 5.51e+00  -3.4 2.23e+00    -  7.63e-01 4.84e-01h  1
 102  9.3876774e-01 9.70e-02 9.95e+00  -2.9 3.55e+00    -  1.00e+00 5.14e-01h  1
 103  8.9644327e-01 8.22e-02 1.15e+01  -3.0 1.87e+00    -  7.34e-01 1.00e+00h  1
 104  9.8511261e-01 1.61e-01 1.76e+01  -2.7 2.74e+00    -  1.00e+00 1.00e+00h  1
 105  9.1439594e-01 3.54e-02 4.96e+00  -2.8 1.17e+00    -  1.00e+00 1.00e+00h  1
 106  8.9090747e-01 4.35e-02 1.79e+00  -2.9 1.67e+00    -  1.00e+00 8.24e-01h  1
 107  9.6972663e-01 1.01e-01 8.74e+00  -2.7 1.52e+00    -  1.00e+00 1.00e+00h  1
 108  9.3446360e-01 4.56e-02 4.22e+00  -2.7 8.96e-01    -  1.00e+00 9.39e-01h  1
 109  9.0934925e-01 2.99e-02 5.00e+00  -2.8 1.45e+00    -  1.00e+00 9.00e-01h  1
iter    objective    inf_pr   inf_du lg(mu)  ||d||  lg(rg) alpha_du alpha_pr  ls
 110  9.8117500e-01 5.11e-02 7.14e+00  -2.6 1.41e+00    -  1.00e+00 1.00e+00h  1
 111  9.8821322e-01 1.86e-02 5.60e+00  -2.6 7.04e-01    -  1.00e+00 8.99e-01h  1
 112  9.4318625e-01 1.36e-02 3.40e+00  -3.1 7.95e-01    -  1.00e+00 1.00e+00h  1
 113  1.0022766e+00 3.37e-02 6.85e+00  -2.6 8.96e-01    -  1.00e+00 1.00e+00h  1
 114  1.0078908e+00 1.36e-02 4.23e+00  -2.7 5.79e-01    -  1.00e+00 1.00e+00h  1
 115  9.3897156e-01 3.02e-02 1.66e+00  -3.2 8.79e-01    -  1.00e+00 1.00e+00h  1
 116  8.8943989e-01 1.98e-02 9.73e+00  -3.3 1.44e+00    -  6.12e-01 5.96e-01h  1
 117  8.3965950e-01 6.49e-02 9.25e+00  -3.3 1.36e+00    -  1.00e+00 1.00e+00h  1
 118  8.0816493e-01 2.51e-02 5.52e+00  -3.4 6.73e-01    -  1.00e+00 8.36e-01h  1
 119  9.1371087e-01 9.93e-02 3.33e+00  -2.9 1.39e+00    -  7.77e-01 1.00e+00h  1
iter    objective    inf_pr   inf_du lg(mu)  ||d||  lg(rg) alpha_du alpha_pr  ls
 120  8.8660813e-01 8.75e-02 4.18e+00  -3.0 4.39e+00    -  5.36e-01 1.40e-01h  1
 121  8.4842113e-01 4.86e-02 4.70e+00  -3.0 1.01e+00    -  1.00e+00 1.00e+00h  1
 122  8.3978662e-01 4.26e-02 6.71e+00  -3.0 1.01e+00    -  8.55e-01 9.10e-01h  1
 123  8.3640390e-01 1.83e-02 2.91e+00  -3.0 4.67e-01    -  1.00e+00 7.14e-01h  1
 124  8.3007388e-01 1.34e-02 9.74e+00  -3.2 5.33e-01    -  1.00e+00 3.13e-01h  1
 125  8.0393758e-01 1.57e-02 4.61e+00  -3.5 8.12e-01    -  1.00e+00 7.07e-01h  1
 126  8.1038352e-01 2.89e-02 3.99e+00  -3.3 7.91e-01    -  1.00e+00 1.00e+00h  1
 127  7.9365349e-01 1.62e-02 1.26e+00  -3.5 5.27e-01    -  1.00e+00 1.00e+00h  1
 128  7.9876149e-01 1.42e-02 9.86e+00  -3.2 6.38e-01    -  1.00e+00 2.02e-01h  1
 129  8.0791668e-01 6.39e-03 5.85e+00  -3.4 4.55e-01    -  9.86e-01 7.28e-01h  1
iter    objective    inf_pr   inf_du lg(mu)  ||d||  lg(rg) alpha_du alpha_pr  ls
 130  8.2049479e-01 5.30e-03 3.89e+01  -2.9 1.03e+00    -  1.00e+00 1.82e-01h  1
 131  8.5698434e-01 1.31e-02 4.71e+00  -3.0 5.62e-01    -  1.00e+00 1.00e+00h  1
 132  8.6673419e-01 1.31e-02 5.06e+00  -3.0 5.33e-01    -  1.00e+00 1.00e+00h  1
 133  8.9752603e-01 1.32e-02 6.96e+00  -2.7 5.22e-01    -  1.00e+00 1.00e+00h  1
 134  9.0698510e-01 4.40e-03 3.31e+00  -2.8 3.35e-01    -  1.00e+00 1.00e+00h  1
 135  8.6092886e-01 6.54e-03 5.17e+00  -3.5 7.51e-01    -  1.00e+00 7.18e-01h  1
 136  7.6298263e-01 7.61e-02 1.18e+01  -3.5 2.79e+00    -  4.28e-01 4.88e-01h  1
 137  7.3652977e-01 6.17e-02 9.52e+00  -3.5 1.24e+00    -  1.00e+00 1.00e+00h  1
 138  7.4105256e-01 4.15e-02 7.78e+00  -3.5 6.19e-01    -  1.00e+00 3.36e-01h  1
 139  7.9419545e-01 4.04e-02 1.10e+01  -3.0 1.58e+00    -  1.00e+00 5.33e-01h  1
iter    objective    inf_pr   inf_du lg(mu)  ||d||  lg(rg) alpha_du alpha_pr  ls
 140  7.8585218e-01 2.77e-02 3.67e+00  -3.1 1.22e+00    -  6.57e-01 7.21e-01h  1
 141  7.9113776e-01 2.11e-02 7.08e+00  -3.1 7.13e-01    -  1.00e+00 2.98e-01h  1
 142  7.6890846e-01 2.05e-02 3.57e+00  -3.5 1.10e+00    -  9.33e-01 8.27e-01h  1
 143  7.5825206e-01 1.56e-02 4.00e+00  -3.6 1.03e+00    -  4.42e-01 2.70e-01h  1
 144  7.6660445e-01 1.09e-02 3.92e+00  -3.6 6.74e-01    -  5.68e-01 3.53e-01h  1
 145  7.6296364e-01 5.61e-03 3.64e+00  -3.8 6.37e-01    -  8.34e-01 5.27e-01h  1
 146  7.9600615e-01 1.94e-02 5.93e+00  -3.1 1.27e+00    -  1.00e+00 4.89e-01h  1
 147  8.0150000e-01 1.51e-02 4.97e+00  -3.2 7.54e-01    -  1.00e+00 7.54e-01h  1
 148  7.8968814e-01 1.58e-02 1.49e+00  -3.2 6.15e-01    -  1.00e+00 8.51e-01h  1
 149  7.8635119e-01 1.13e-02 5.69e+00  -3.2 5.80e-01    -  4.08e-01 2.81e-01H  1
iter    objective    inf_pr   inf_du lg(mu)  ||d||  lg(rg) alpha_du alpha_pr  ls
 150  9.0237903e-01 8.58e-02 1.00e+01  -2.9 1.73e+00    -  9.21e-01 1.00e+00f  1
 151  8.5697275e-01 5.11e-02 4.98e+00  -3.0 6.87e-01    -  1.00e+00 1.00e+00h  1
 152  8.0641363e-01 2.84e-02 4.13e+00  -3.0 9.74e-01    -  1.00e+00 1.00e+00h  1
 153  8.2255916e-01 9.12e-03 3.63e+00  -3.0 6.32e-01    -  1.00e+00 1.00e+00h  1
 154  8.4090602e-01 9.33e-03 2.00e+00  -3.0 5.03e-01    -  6.04e-01 8.09e-01h  1
 155  8.4800572e-01 8.05e-03 2.18e+00  -3.0 3.93e-01    -  7.26e-01 6.74e-01h  1
 156  8.2648636e-01 7.74e-03 5.09e+00  -3.3 8.08e-01    -  1.00e+00 5.44e-01h  1
 157  8.0411565e-01 8.71e-03 4.75e+00  -3.4 1.31e+00    -  1.00e+00 3.30e-01h  1
 158  7.9660653e-01 2.84e-02 7.60e+00  -3.4 5.91e-01    -  1.00e+00 1.00e+00h  1
 159  7.8995614e-01 8.53e-03 1.56e+00  -3.4 3.63e-01    -  1.00e+00 1.00e+00h  1
iter    objective    inf_pr   inf_du lg(mu)  ||d||  lg(rg) alpha_du alpha_pr  ls
 160  7.8799524e-01 5.64e-03 2.54e+00  -3.5 2.56e-01    -  1.00e+00 6.89e-01h  1
 161  7.9274403e-01 3.93e-03 6.73e+01  -3.8 4.55e-01    -  1.00e+00 3.04e-01h  1
 162  7.8868915e-01 2.72e-03 6.81e+00  -3.8 3.79e-01    -  1.00e+00 5.00e-01h  2
 163  7.6126677e-01 7.30e-03 1.09e+01  -3.9 6.70e-01    -  1.00e+00 6.01e-01h  1
 164  7.9543336e-01 1.77e-02 3.69e+00  -3.3 7.34e-01    -  1.00e+00 8.25e-01f  1
 165  7.7595263e-01 1.31e-02 8.51e+00  -3.4 5.70e-01    -  4.64e-01 9.13e-01h  1
 166  7.5869338e-01 1.00e-02 7.56e+00  -4.0 6.27e-01    -  7.31e-01 3.46e-01h  1
 167  8.4087900e-01 9.47e-02 1.15e+01  -3.1 1.14e+00    -  6.77e-01 8.68e-01h  1
 168  7.9880915e-01 5.56e-02 7.81e+00  -3.3 9.41e-01    -  8.23e-01 5.50e-01h  1
 169  7.8203445e-01 4.71e-02 9.50e+00  -3.3 2.07e+00    -  6.25e-01 1.84e-01h  1
iter    objective    inf_pr   inf_du lg(mu)  ||d||  lg(rg) alpha_du alpha_pr  ls
 170  7.6830940e-01 2.16e-02 3.98e+00  -3.3 7.69e-01    -  1.00e+00 5.49e-01h  1
 171  7.7195899e-01 1.40e-02 3.09e+00  -3.3 4.31e-01    -  6.26e-01 1.00e+00h  1
 172  7.8107902e-01 8.69e-03 4.17e+00  -3.3 3.14e-01    -  1.00e+00 9.93e-01h  1
 173  7.5702267e-01 8.03e-03 2.17e+00  -3.6 3.32e-01    -  1.00e+00 1.00e+00h  1
 174  7.5586450e-01 3.08e-03 4.04e+00  -4.0 4.83e-01    -  1.00e+00 6.46e-01h  1
 175  7.6423206e-01 2.03e-03 3.18e+00  -3.5 2.89e-01    -  1.00e+00 5.00e-01h  2
 176  7.5182406e-01 4.05e-03 2.89e+00  -4.0 3.14e-01    -  1.00e+00 9.91e-01h  1
 177  7.5530637e-01 1.75e-02 6.20e+00  -3.5 4.72e-01    -  7.71e-01 1.00e+00h  1
 178  7.4743938e-01 6.00e-03 1.85e+00  -3.7 3.40e-01    -  1.00e+00 9.12e-01h  1
 179  7.5622011e-01 5.08e-03 7.48e+00  -3.2 6.78e-01    -  7.34e-01 2.15e-01f  1
iter    objective    inf_pr   inf_du lg(mu)  ||d||  lg(rg) alpha_du alpha_pr  ls
 180  7.6032517e-01 4.22e-03 7.66e+00  -3.4 4.74e-01    -  6.74e-01 2.88e-01h  1
 181  7.6172878e-01 1.86e-03 5.99e+00  -3.5 2.89e-01    -  9.55e-01 5.00e-01h  2
 182  7.8615377e-01 1.16e-02 7.69e+01  -2.6 3.96e+00    -  9.64e-01 1.03e-01f  1
 183  8.9561904e-01 4.71e-02 1.59e+01  -2.8 1.20e+00    -  9.68e-01 1.00e+00h  1
 184  9.1481576e-01 2.68e-02 1.14e+01  -2.8 1.09e+00    -  1.00e+00 1.00e+00h  1
 185  8.9501186e-01 2.75e-02 4.73e+00  -2.8 7.54e-01    -  1.00e+00 1.00e+00h  1
 186  9.0403590e-01 1.40e-02 4.14e+00  -2.8 6.64e-01    -  1.00e+00 9.31e-01h  1
 187  9.1237349e-01 1.59e-02 3.36e+00  -2.8 5.59e-01    -  8.25e-01 1.00e+00h  1
 188  9.1693574e-01 7.47e-03 2.35e+00  -2.8 4.18e-01    -  1.00e+00 7.41e-01h  1
 189  9.1662180e-01 4.41e-03 1.71e+01  -2.8 3.35e-01    -  1.00e+00 5.00e-01h  2
iter    objective    inf_pr   inf_du lg(mu)  ||d||  lg(rg) alpha_du alpha_pr  ls
 190  9.1528031e-01 3.84e-03 1.61e+01  -3.3 5.06e-01    -  1.00e+00 1.25e-01h  4
 191  8.2047805e-01 4.07e-02 5.22e+00  -3.5 9.57e-01    -  1.00e+00 1.00e+00h  1
 192  7.7383123e-01 4.08e-02 6.12e+00  -3.5 2.46e+00    -  5.10e-01 3.00e-01h  1
 193  7.4284564e-01 5.19e-02 6.25e+00  -3.5 1.81e+00    -  5.59e-01 5.68e-01h  1
 194  7.4214246e-01 1.52e-02 3.53e+00  -3.5 4.99e-01    -  1.00e+00 8.35e-01h  1
 195  7.7585751e-01 1.97e-02 2.77e+00  -3.3 5.82e-01    -  1.00e+00 1.00e+00f  1
 196  7.4649281e-01 1.50e-02 3.34e+00  -3.4 6.37e-01    -  1.00e+00 1.00e+00h  1
 197  7.6722047e-01 1.01e-02 3.59e+00  -3.1 7.06e-01    -  1.00e+00 4.13e-01h  1
 198  7.7182207e-01 7.86e-03 3.59e+00  -3.2 8.14e-01    -  6.69e-01 3.77e-01h  1
 199  7.7983716e-01 6.28e-03 3.75e+00  -3.2 4.70e-01    -  1.00e+00 7.03e-01h  1
iter    objective    inf_pr   inf_du lg(mu)  ||d||  lg(rg) alpha_du alpha_pr  ls
 200  7.9141730e-01 5.47e-03 1.09e+01  -3.2 4.35e-01    -  1.00e+00 7.89e-01h  1
 201  8.0078956e-01 3.50e-03 1.08e+01  -3.2 2.43e-01    -  6.57e-01 1.00e+00h  1
 202  7.9713035e-01 4.35e-03 3.17e+00  -3.2 2.25e-01    -  1.00e+00 9.81e-01h  1
 203  7.9886649e-01 3.23e-03 1.69e+01  -3.2 1.73e-01    -  3.47e-01 1.00e+00f  1
 204  8.0330248e-01 1.52e-03 3.92e+00  -3.5 2.02e-01    -  1.00e+00 8.74e-01h  1
 205  7.9796928e-01 9.44e-04 3.25e+00  -4.0 1.44e-01    -  1.00e+00 1.00e+00h  1
 206  7.7692697e-01 7.80e-03 9.57e+00  -3.7 7.99e-01    -  1.00e+00 4.08e-01h  1
 207  7.5299961e-01 6.60e-03 8.49e+00  -3.8 4.36e-01    -  8.26e-01 1.00e+00h  1
 208  7.5325090e-01 3.44e-03 3.97e+00  -3.8 2.66e-01    -  4.51e-01 8.25e-01h  1
 209  7.5534082e-01 1.21e-03 2.31e+01  -3.8 1.83e-01    -  2.91e-01 1.00e+00h  1
iter    objective    inf_pr   inf_du lg(mu)  ||d||  lg(rg) alpha_du alpha_pr  ls
 210  7.5399845e-01 1.02e-03 2.48e+01  -4.0 2.09e-01    -  1.00e+00 2.50e-01h  3
 211  7.6682619e-01 7.22e-03 4.85e+00  -3.5 2.89e-01    -  1.00e+00 1.00e+00h  1
 212  7.6063012e-01 3.37e-03 2.89e+00  -3.6 2.56e-01    -  6.31e-01 8.31e-01h  1
 213  7.5670643e-01 3.90e-03 2.43e+00  -3.6 2.51e-01    -  1.00e+00 1.00e+00f  1
 214  7.5690675e-01 2.07e-03 1.45e+00  -3.6 1.50e-01    -  1.00e+00 1.00e+00h  1
 215  7.6231999e-01 8.14e-04 7.54e+00  -3.6 1.52e-01    -  1.00e+00 1.00e+00H  1
 216  7.6209489e-01 1.25e-03 1.87e+00  -3.6 7.90e-02    -  1.00e+00 1.00e+00h  1
 217  7.5102532e-01 4.14e-03 3.72e+00  -4.0 2.20e-01    -  1.00e+00 1.00e+00h  1
 218  7.5977380e-01 3.56e-03 6.03e+00  -3.5 4.05e-01    -  1.00e+00 1.00e+00h  1
 219  7.5984720e-01 3.02e-03 2.98e+00  -3.6 1.67e-01    -  9.95e-01 1.00e+00h  1
iter    objective    inf_pr   inf_du lg(mu)  ||d||  lg(rg) alpha_du alpha_pr  ls
 220  7.5691505e-01 1.38e-03 1.13e+00  -3.6 1.90e-01    -  6.10e-01 6.57e-01H  1
 221  7.5461368e-01 9.55e-04 2.56e+00  -3.7 1.89e-01    -  1.00e+00 5.00e-01f  2
 222  7.5326581e-01 5.88e-04 5.08e+00  -3.8 1.12e-01    -  1.00e+00 9.43e-01H  1
 223  7.4442430e-01 1.29e-03 2.06e+00  -4.0 1.52e-01    -  1.00e+00 1.00e+00h  1
 224  7.5114075e-01 2.20e-03 5.74e+00  -3.5 3.37e-01    -  1.00e+00 6.51e-01h  1
 225  7.4840274e-01 1.68e-03 2.23e+01  -3.6 1.66e-01    -  2.13e-01 1.00e+00h  1
 226  7.4022662e-01 1.05e-03 1.10e+00  -4.0 1.69e-01    -  1.00e+00 1.00e+00h  1
 227  7.2997046e-01 2.10e-03 4.93e+00  -4.0 3.40e-01    -  1.00e+00 6.74e-01h  1
 228  7.2761616e-01 1.93e-03 1.99e+00  -4.0 1.80e-01    -  8.34e-01 1.00e+00h  1
 229  7.2848048e-01 1.40e-03 2.34e+01  -4.0 1.41e-01    -  1.00e+00 2.70e-01h  1
iter    objective    inf_pr   inf_du lg(mu)  ||d||  lg(rg) alpha_du alpha_pr  ls
 230  7.3355097e-01 7.91e-04 1.15e+01  -3.7 1.74e-01    -  1.00e+00 5.00e-01h  2
 231  7.3408579e-01 3.84e-04 2.34e+00  -4.0 1.27e-01    -  1.00e+00 1.00e+00H  1
 232  7.2771609e-01 6.37e-04 3.29e+00  -4.0 1.18e-01    -  1.00e+00 1.00e+00h  1
 233  7.1726176e-01 3.10e-03 7.15e+00  -4.1 7.36e-01    -  5.92e-01 4.03e-01h  1
 234  7.1407709e-01 1.70e-03 2.44e+00  -4.0 1.45e-01    -  1.00e+00 1.00e+00h  1
 235  7.1377345e-01 1.73e-03 3.61e+00  -4.0 1.65e-01    -  4.93e-01 1.00e+00h  1
 236  7.1512382e-01 9.70e-04 2.47e+00  -4.0 1.07e-01    -  1.00e+00 7.08e-01h  1
 237  7.2021859e-01 4.83e-04 2.41e+00  -4.0 1.31e-01    -  1.00e+00 1.00e+00H  1
 238  7.1822679e-01 9.82e-04 3.67e+00  -4.0 1.47e-01    -  1.00e+00 1.00e+00h  1
 239  7.1479391e-01 7.42e-04 2.04e+00  -4.1 9.92e-02    -  1.00e+00 1.00e+00h  1
iter    objective    inf_pr   inf_du lg(mu)  ||d||  lg(rg) alpha_du alpha_pr  ls
 240  7.1556660e-01 4.90e-04 3.38e+00  -4.0 1.07e-01    -  1.00e+00 1.00e+00h  1
 241  7.1595166e-01 2.39e-04 7.61e-01  -4.0 5.46e-02    -  1.00e+00 1.00e+00h  1
 242  7.1777599e-01 3.12e-05 8.67e-01  -4.0 4.33e-02    -  1.00e+00 1.00e+00H  1
 243  7.1773804e-01 2.82e-04 1.97e+00  -4.0 9.84e-02    -  1.00e+00 1.00e+00h  1
 244  7.1396376e-01 2.94e-03 8.08e+00  -4.1 3.08e-01    -  1.00e+00 1.00e+00h  1
 245  7.0612974e-01 5.02e-03 1.38e+01  -4.1 7.83e-01    -  7.60e-01 4.41e-01h  1
 246  7.0919587e-01 4.21e-03 4.21e+00  -3.8 2.88e-01    -  1.00e+00 1.00e+00f  1
 247  7.1415537e-01 3.70e-03 1.77e+01  -3.8 2.15e-01    -  5.06e-01 1.00e+00h  1
 248  7.0854720e-01 2.33e-03 6.81e-01  -3.9 2.20e-01    -  1.00e+00 1.00e+00h  1
 249  7.0898068e-01 1.53e-03 5.26e+00  -4.0 2.25e-01    -  1.00e+00 5.54e-01h  1
iter    objective    inf_pr   inf_du lg(mu)  ||d||  lg(rg) alpha_du alpha_pr  ls
 250  7.1612751e-01 2.48e-03 2.58e+00  -3.6 1.86e-01    -  1.00e+00 1.00e+00h  1
 251  7.1227940e-01 5.27e-03 3.07e+00  -3.7 2.46e-01    -  9.76e-01 1.00e+00h  1
 252  7.0979644e-01 2.07e-03 1.20e+01  -3.7 1.87e-01    -  2.57e-01 1.00e+00h  1
 253  7.1111312e-01 1.66e-03 3.78e+00  -4.0 2.55e-01    -  7.41e-01 8.88e-01h  1
 254  7.1090060e-01 1.20e-03 3.25e+01  -4.0 2.10e-01    -  1.00e+00 3.15e-01h  1
 255  7.0801170e-01 2.34e-03 7.60e+00  -4.0 3.46e-01    -  1.00e+00 5.00e-01h  2
 256  7.0731528e-01 9.48e-04 2.59e+00  -4.0 1.38e-01    -  1.00e+00 1.00e+00h  1
 257  7.0792018e-01 5.16e-04 3.78e+00  -4.0 1.24e-01    -  1.00e+00 7.11e-01h  1
 258  7.0883461e-01 3.64e-04 1.29e+01  -4.0 1.07e-01    -  1.00e+00 5.00e-01h  2
 259  7.1018555e-01 1.47e-04 2.96e+00  -4.0 9.66e-02    -  1.00e+00 1.00e+00H  1
iter    objective    inf_pr   inf_du lg(mu)  ||d||  lg(rg) alpha_du alpha_pr  ls
 260  7.0855670e-01 5.33e-04 1.65e+00  -4.0 8.71e-02    -  1.00e+00 1.00e+00h  1
 261  7.0770737e-01 6.47e-04 1.18e+00  -4.0 8.68e-02    -  1.00e+00 1.00e+00h  1
 262  7.0823235e-01 3.49e-04 1.86e+00  -4.0 8.09e-02    -  1.00e+00 5.00e-01h  2
 263  7.0995260e-01 1.15e-04 2.30e+00  -4.0 1.05e-01    -  1.00e+00 1.00e+00H  1
 264  7.0779628e-01 7.62e-04 2.29e+00  -4.0 1.36e-01    -  1.00e+00 1.00e+00h  1
 265  7.0673331e-01 4.90e-04 6.85e-01  -4.1 8.95e-02    -  1.00e+00 1.00e+00h  1
 266  7.0805501e-01 1.89e-04 1.15e+00  -4.0 6.17e-02    -  1.00e+00 1.00e+00h  1
 267  7.0807853e-01 9.82e-05 1.03e+00  -4.0 4.79e-02    -  1.00e+00 1.00e+00h  1
 268  7.0755081e-01 3.37e-04 2.41e+00  -4.0 1.15e-01    -  1.00e+00 1.00e+00h  1
 269  7.0566647e-01 2.37e-04 2.10e+00  -4.1 7.64e-02    -  1.00e+00 1.00e+00h  1
iter    objective    inf_pr   inf_du lg(mu)  ||d||  lg(rg) alpha_du alpha_pr  ls
 270  7.0198976e-01 9.53e-04 5.21e+00  -4.0 2.33e-01    -  1.00e+00 7.88e-01h  1
 271  7.0273933e-01 3.15e-04 1.81e+00  -4.0 7.06e-02    -  1.00e+00 1.00e+00h  1
 272  7.0594861e-01 1.26e-04 1.12e+01  -4.0 1.54e-01    -  7.37e-01 9.03e-01H  1
 273  7.0381616e-01 3.88e-04 2.28e+00  -4.0 7.09e-02    -  1.00e+00 1.00e+00h  1
 274  6.9942640e-01 6.61e-04 3.99e+00  -4.1 2.59e-01    -  1.00e+00 4.48e-01h  1
 275  7.1215665e-01 5.44e-03 8.21e+00  -3.6 5.52e-01    -  1.00e+00 6.78e-01f  1
 276  7.0728428e-01 1.35e-03 1.34e+01  -3.7 1.76e-01    -  5.55e-01 1.00e+00h  1
 277  7.0510101e-01 1.60e-03 3.59e+00  -3.7 1.54e-01    -  4.85e-01 1.00e+00h  1
 278  7.0648815e-01 1.21e-03 2.12e+00  -3.7 1.72e-01    -  1.00e+00 3.65e-01h  1
 279  7.0944347e-01 6.63e-04 2.00e+00  -3.7 1.42e-01    -  1.00e+00 5.00e-01f  2
iter    objective    inf_pr   inf_du lg(mu)  ||d||  lg(rg) alpha_du alpha_pr  ls
 280  7.1543626e-01 5.56e-04 2.21e+00  -3.7 1.10e-01    -  1.00e+00 1.00e+00h  1
 281  7.1683754e-01 2.18e-04 1.12e+00  -3.7 7.11e-02    -  1.00e+00 1.00e+00h  1
 282  7.1758923e-01 2.10e-04 1.92e+00  -3.7 8.47e-02    -  1.00e+00 1.00e+00h  1
 283  7.1814518e-01 1.39e-04 5.12e+00  -3.7 6.76e-02    -  1.00e+00 5.00e-01h  2
 284  7.1836963e-01 1.92e-04 1.27e+00  -3.7 6.98e-02    -  1.00e+00 1.00e+00h  1
 285  7.1937856e-01 1.59e-04 1.52e+00  -3.7 6.08e-02    -  1.00e+00 1.00e+00h  1
 286  7.1958237e-01 2.19e-04 1.15e+00  -3.7 6.34e-02    -  1.00e+00 1.00e+00h  1
 287  7.1943014e-01 1.80e-04 8.30e+00  -3.7 1.71e-01    -  1.00e+00 2.50e-01h  3
 288  7.2209540e-01 1.10e-04 3.63e+00  -3.7 1.19e-01    -  1.00e+00 8.76e-01H  1
 289  7.2135949e-01 8.53e-05 2.10e+01  -3.7 1.42e-01    -  1.00e+00 2.50e-01f  3
iter    objective    inf_pr   inf_du lg(mu)  ||d||  lg(rg) alpha_du alpha_pr  ls
 290  7.1410171e-01 6.43e-03 5.46e+00  -3.7 3.41e-01    -  8.82e-01 1.00e+00h  1
 291  7.1199588e-01 1.92e-03 1.26e+00  -3.7 2.00e-01    -  1.00e+00 1.00e+00h  1
 292  7.1662791e-01 6.93e-04 2.04e+00  -3.7 1.43e-01    -  1.00e+00 1.00e+00h  1
 293  7.1676748e-01 1.51e-03 1.86e+00  -3.7 1.65e-01    -  1.00e+00 1.00e+00h  1
 294  7.1553744e-01 7.24e-04 1.42e+00  -3.7 1.29e-01    -  1.00e+00 1.00e+00h  1
 295  7.1727526e-01 4.24e-04 6.02e+00  -3.7 9.81e-02    -  1.00e+00 5.00e-01h  2
 296  7.1857873e-01 2.88e-04 1.40e+00  -3.7 7.96e-02    -  1.00e+00 5.00e-01h  2
 297  7.2145691e-01 1.54e-04 1.37e+00  -3.7 6.99e-02    -  1.00e+00 1.00e+00H  1
 298  7.2152372e-01 2.06e-05 2.23e+00  -3.7 6.59e-02    -  1.00e+00 1.00e+00H  1
 299  7.1674097e-01 4.22e-04 1.88e+00  -4.0 8.59e-02    -  1.00e+00 1.00e+00h  1
iter    objective    inf_pr   inf_du lg(mu)  ||d||  lg(rg) alpha_du alpha_pr  ls
 300  7.1441605e-01 3.13e-04 8.53e-01  -4.1 7.60e-02    -  8.60e-01 1.00e+00h  1
 301  7.1278364e-01 2.29e-04 1.93e+00  -4.1 7.32e-02    -  1.00e+00 6.12e-01h  1
 302  7.0426434e-01 8.80e-04 3.27e+00  -4.1 1.81e-01    -  1.00e+00 6.98e-01f  1
 303  6.9379165e-01 3.59e-03 8.16e+00  -4.1 2.97e-01    -  1.00e+00 1.00e+00h  1
 304  6.8896990e-01 2.71e-03 8.77e+00  -4.1 3.85e-01    -  1.00e+00 5.39e-01h  1
 305  7.0387622e-01 1.01e-02 7.71e+00  -3.7 4.41e-01    -  6.97e-01 1.00e+00h  1
 306  6.9286716e-01 4.34e-03 2.10e+00  -3.9 2.08e-01    -  1.00e+00 1.00e+00h  1
 307  6.8765780e-01 2.18e-03 1.98e+00  -4.0 2.24e-01    -  8.60e-01 1.00e+00h  1
 308  6.8794602e-01 1.48e-03 7.95e+00  -4.0 2.19e-01    -  1.00e+00 5.17e-01h  1
 309  6.9057482e-01 7.31e-04 2.37e+01  -4.0 2.02e-01    -  1.00e+00 4.58e-01h  2
iter    objective    inf_pr   inf_du lg(mu)  ||d||  lg(rg) alpha_du alpha_pr  ls
 310  6.9334364e-01 5.20e-04 1.37e+00  -4.0 1.31e-01    -  1.00e+00 5.00e-01h  2
 311  6.9570482e-01 3.51e-04 1.92e+00  -4.0 8.18e-02    -  1.00e+00 1.00e+00h  1
 312  6.9639388e-01 1.65e-04 9.76e-01  -4.0 5.64e-02    -  1.00e+00 1.00e+00h  1
 313  6.9820680e-01 3.30e-05 4.74e-01  -4.0 3.32e-02    -  1.00e+00 1.00e+00h  1
 314  6.9794090e-01 2.06e-04 1.77e+00  -4.0 7.61e-02    -  1.00e+00 1.00e+00h  1
 315  6.9456176e-01 6.53e-04 4.18e+00  -4.1 1.95e-01    -  1.00e+00 8.96e-01h  1
 316  6.8954998e-01 5.57e-04 6.75e+00  -4.1 1.55e-01    -  1.00e+00 1.00e+00h  1
 317  6.8748492e-01 1.49e-03 5.67e+00  -4.1 1.54e-01    -  8.22e-01 1.00e+00h  1
 318  6.8842800e-01 5.69e-04 6.26e-01  -4.0 1.19e-01    -  1.00e+00 1.00e+00h  1
 319  6.9378641e-01 3.69e-04 1.42e+00  -4.0 1.02e-01    -  1.00e+00 1.00e+00h  1
iter    objective    inf_pr   inf_du lg(mu)  ||d||  lg(rg) alpha_du alpha_pr  ls
 320  6.9314780e-01 6.48e-04 1.75e+00  -4.0 1.03e-01    -  1.00e+00 1.00e+00h  1
 321  6.9097782e-01 5.54e-04 7.82e-01  -4.0 9.08e-02    -  1.00e+00 1.00e+00h  1
 322  6.9438065e-01 1.54e-04 4.75e-01  -4.0 6.92e-02    -  1.00e+00 1.00e+00h  1
 323  6.9498860e-01 1.36e-04 8.42e-01  -4.0 3.54e-02    -  1.00e+00 1.00e+00h  1
 324  6.9399262e-01 4.42e-04 1.67e+00  -4.0 7.74e-02    -  1.00e+00 1.00e+00h  1
 325  6.9204926e-01 4.34e-04 2.17e+00  -4.1 8.86e-02    -  1.00e+00 1.00e+00h  1
 326  6.9229085e-01 2.78e-04 3.63e-01  -4.0 6.00e-02    -  1.00e+00 1.00e+00h  1
 327  6.9416921e-01 8.89e-05 7.09e-01  -4.0 4.34e-02    -  1.00e+00 1.00e+00h  1
 328  6.9416311e-01 1.46e-04 5.97e-01  -4.0 6.07e-02    -  1.00e+00 1.00e+00h  1
 329  6.9386032e-01 7.26e-05 4.08e-01  -4.0 3.88e-02    -  1.00e+00 1.00e+00h  1
iter    objective    inf_pr   inf_du lg(mu)  ||d||  lg(rg) alpha_du alpha_pr  ls
 330  6.9444081e-01 1.52e-05 3.02e-01  -4.0 1.85e-02    -  1.00e+00 1.00e+00h  1
 331  6.9420564e-01 2.38e-04 1.90e+00  -4.0 1.04e-01    -  1.00e+00 1.00e+00h  1
 332  6.8971781e-01 5.01e-03 1.12e+01  -4.1 7.34e-01    -  1.00e+00 7.16e-01h  1
 333  6.7783341e-01 6.70e-03 1.25e+01  -4.1 3.60e-01    -  5.52e-01 1.00e+00h  1
 334  6.8448072e-01 5.03e-03 2.27e+00  -3.8 3.96e-01    -  1.00e+00 1.00e+00h  1
 335  6.7156772e-01 1.27e-02 2.86e+00  -3.9 8.56e-01    -  6.51e-01 6.47e-01h  1
 336  6.6842678e-01 7.94e-03 3.42e+00  -3.9 4.83e-01    -  1.00e+00 9.86e-01h  1
 337  6.9556000e-01 2.02e-02 5.13e+00  -3.6 7.91e-01    -  4.27e-01 8.80e-01h  1
 338  6.7466105e-01 1.84e-02 5.71e+00  -3.8 8.57e-01    -  2.00e-01 8.29e-01h  1
 339  6.5553734e-01 2.02e-02 4.39e+00  -3.8 2.52e+00    -  6.05e-01 3.32e-01h  1
iter    objective    inf_pr   inf_du lg(mu)  ||d||  lg(rg) alpha_du alpha_pr  ls
 340  6.6856363e-01 4.92e-02 3.37e+00  -3.5 1.18e+00    -  1.00e+00 8.25e-01f  1
 341  6.7196220e-01 1.83e-02 8.36e-01  -3.6 6.00e-01    -  1.99e-01 1.00e+00h  1
 342  6.9004846e-01 6.53e-03 1.86e+00  -3.7 5.88e-01    -  7.91e-01 6.98e-01H  1
 343  6.8915995e-01 1.06e-02 3.34e+00  -3.7 3.79e-01    -  8.58e-01 1.00e+00h  1
 344  6.8019899e-01 7.72e-03 5.96e-01  -3.7 3.96e-01    -  1.00e+00 1.00e+00h  1
 345  6.9383472e-01 2.52e-03 2.97e+00  -4.0 5.25e-01    -  1.00e+00 8.05e-01H  1
 346  6.7979384e-01 1.16e-02 3.82e+00  -4.1 3.60e-01    -  7.43e-01 8.88e-01h  1
 347  6.6600853e-01 1.90e-02 6.45e+00  -4.1 7.14e-01    -  9.89e-01 1.00e+00h  1
 348  6.6856385e-01 5.45e-03 2.38e+00  -4.0 3.35e-01    -  1.00e+00 1.00e+00h  1
 349  6.8555128e-01 3.65e-03 3.21e+00  -3.7 3.95e-01    -  1.00e+00 7.14e-01H  1
iter    objective    inf_pr   inf_du lg(mu)  ||d||  lg(rg) alpha_du alpha_pr  ls
 350  6.8308439e-01 2.29e-03 6.87e+00  -4.0 1.89e-01    -  1.00e+00 3.39e-01h  1
 351  6.8411541e-01 2.75e-03 1.61e+00  -4.0 2.22e-01    -  1.00e+00 9.49e-01h  1
 352  6.8180549e-01 2.55e-03 3.22e+00  -4.0 1.78e-01    -  1.00e+00 1.00e+00h  1
 353  6.8319614e-01 1.23e-03 7.40e-01  -4.0 1.49e-01    -  1.00e+00 1.00e+00h  1
 354  6.9442625e-01 2.11e-04 3.32e+00  -4.0 2.21e-01    -  1.00e+00 1.00e+00H  1
 355  6.8713642e-01 1.22e-03 2.73e+00  -4.1 1.82e-01    -  1.00e+00 1.00e+00h  1
 356  6.6711797e-01 2.88e-02 1.13e+01  -4.1 7.10e-01    -  1.00e+00 9.97e-01h  1
 357  6.7136512e-01 6.98e-03 5.69e+00  -4.1 3.82e-01    -  7.45e-01 1.00e+00h  1
 358  6.7431299e-01 3.82e-03 3.51e+00  -4.1 2.47e-01    -  1.00e+00 6.31e-01h  1
 359  6.7498087e-01 3.98e-03 3.70e+00  -4.1 2.48e-01    -  1.00e+00 1.00e+00h  1
iter    objective    inf_pr   inf_du lg(mu)  ||d||  lg(rg) alpha_du alpha_pr  ls
 360  6.8215260e-01 2.80e-03 1.50e+00  -3.7 1.99e-01    -  1.00e+00 1.00e+00h  1
 361  6.8351705e-01 1.67e-03 1.23e+01  -3.8 2.30e-01    -  1.00e+00 3.50e-01h  1
 362  6.8812765e-01 8.20e-04 1.65e+01  -3.8 2.54e-01    -  1.00e+00 5.00e-01h  2
 363  6.8875641e-01 6.75e-04 8.65e+00  -3.8 2.37e-01    -  1.00e+00 2.50e-01h  3
 364  6.9411668e-01 5.07e-04 1.90e+00  -3.8 1.34e-01    -  1.00e+00 1.00e+00h  1
 365  6.9355833e-01 4.02e-04 2.81e+00  -3.8 2.01e-01    -  1.00e+00 2.50e-01h  3
 366  6.9569489e-01 3.49e-04 1.14e+00  -3.8 7.56e-02    -  1.00e+00 1.00e+00h  1
 367  6.9733085e-01 1.34e-04 7.82e-01  -3.8 4.20e-02    -  1.00e+00 1.00e+00h  1
 368  6.9878585e-01 4.25e-05 1.43e+00  -3.8 5.94e-02    -  1.00e+00 1.00e+00H  1
 369  6.9791167e-01 5.85e-05 7.18e-01  -3.8 4.07e-02    -  1.00e+00 1.00e+00h  1
iter    objective    inf_pr   inf_du lg(mu)  ||d||  lg(rg) alpha_du alpha_pr  ls
 370  6.9785756e-01 2.25e-04 1.35e+00  -3.8 5.24e-02    -  1.00e+00 1.00e+00h  1
 371  6.9775920e-01 7.83e-05 4.45e-01  -3.8 4.05e-02    -  1.00e+00 1.00e+00h  1
 372  6.9822015e-01 3.16e-05 5.44e-01  -3.8 3.10e-02    -  1.00e+00 1.00e+00h  1
 373  6.9835788e-01 1.81e-05 3.67e-01  -3.8 1.89e-02    -  1.00e+00 1.00e+00h  1
 374  6.9773139e-01 2.72e-05 3.72e-01  -4.0 1.86e-02    -  1.00e+00 1.00e+00h  1
 375  6.9681850e-01 1.40e-05 3.37e-01  -4.0 1.35e-02    -  1.00e+00 1.00e+00h  1
 376  6.9250877e-01 2.10e-04 1.64e+00  -4.0 6.47e-02    -  1.00e+00 1.00e+00h  1
 377  6.8654014e-01 9.11e-04 3.31e+00  -4.1 8.85e-02    -  1.00e+00 1.00e+00h  1
 378  6.8238883e-01 2.76e-03 3.72e+00  -4.1 2.42e-01    -  9.49e-01 9.85e-01h  1
 379  6.8314830e-01 8.43e-04 9.12e-01  -4.1 1.07e-01    -  1.00e+00 1.00e+00f  1
iter    objective    inf_pr   inf_du lg(mu)  ||d||  lg(rg) alpha_du alpha_pr  ls
 380  6.8498416e-01 5.37e-04 7.39e+00  -4.0 1.31e-01    -  1.00e+00 5.00e-01h  2
 381  6.8684217e-01 4.13e-04 1.46e+01  -4.0 8.45e-02    -  1.00e+00 5.43e-01h  1
 382  6.8969115e-01 1.39e-04 8.66e-01  -4.0 5.33e-02    -  1.00e+00 1.00e+00h  1
 383  6.8955158e-01 2.12e-04 1.31e+00  -4.0 5.96e-02    -  1.00e+00 1.00e+00h  1
 384  6.8782181e-01 1.97e-04 1.16e-01  -4.0 6.10e-02    -  1.00e+00 1.00e+00h  1
 385  6.9009332e-01 4.19e-05 4.43e-01  -4.0 3.92e-02    -  1.00e+00 1.00e+00h  1
 386  6.8978958e-01 7.43e-05 5.59e-01  -4.0 3.02e-02    -  1.00e+00 1.00e+00h  1
 387  6.8953833e-01 2.64e-05 2.88e-01  -4.0 1.98e-02    -  1.00e+00 1.00e+00h  1
 388  6.9011205e-01 9.24e-06 8.70e-02  -4.0 1.21e-02    -  1.00e+00 1.00e+00h  1
 389  6.9008312e-01 7.39e-06 3.13e-01  -4.0 1.54e-02    -  1.00e+00 1.00e+00h  1
iter    objective    inf_pr   inf_du lg(mu)  ||d||  lg(rg) alpha_du alpha_pr  ls
 390  6.8719686e-01 4.59e-04 2.60e+00  -4.1 1.13e-01    -  1.00e+00 1.00e+00h  1
 391  6.8334186e-01 1.81e-03 6.26e+00  -4.1 2.04e-01    -  1.00e+00 1.00e+00h  1
 392  6.7892642e-01 6.48e-03 7.42e+00  -4.1 3.35e-01    -  8.68e-01 1.00e+00h  1
 393  6.7900173e-01 2.17e-03 1.82e+00  -4.1 2.03e-01    -  1.00e+00 1.00e+00h  1
 394  6.9695636e-01 1.00e-02 4.53e+00  -3.3 1.86e+00    -  6.98e-01 2.81e-01h  1
 395  6.8742942e-01 8.57e-02 1.40e+01  -3.5 2.29e+00    -  1.64e-01 8.13e-01h  1
 396  6.8719733e-01 4.18e-02 8.48e+00  -3.5 7.93e-01    -  7.48e-01 6.04e-01h  1
 397  6.8502887e-01 3.82e-02 2.05e+00  -3.5 9.01e-01    -  1.00e+00 9.98e-01h  1
 398  6.7337091e-01 2.04e-02 1.17e+00  -3.5 5.87e-01    -  5.67e-01 1.00e+00h  1
 399  6.8012463e-01 1.57e-02 1.27e+00  -3.5 5.38e-01    -  4.12e-01 5.13e-01h  1
iter    objective    inf_pr   inf_du lg(mu)  ||d||  lg(rg) alpha_du alpha_pr  ls
 400  7.0019761e-01 9.08e-03 3.49e+00  -3.5 1.00e+00    -  1.00e+00 6.60e-01H  1
 401  6.9893604e-01 5.53e-03 2.69e+00  -3.5 6.43e-01    -  3.73e-01 5.00e-01h  2
 402  6.9759931e-01 4.45e-03 4.21e+00  -3.5 5.42e-01    -  1.00e+00 3.27e-01h  1
 403  7.0214074e-01 2.99e-03 8.39e+00  -3.5 4.20e-01    -  1.00e+00 5.00e-01h  2
 404  7.0767727e-01 2.52e-03 3.28e+00  -3.5 4.37e-01    -  1.00e+00 5.00e-01h  2
 405  7.1611696e-01 2.96e-03 2.37e+00  -3.5 2.73e-01    -  1.00e+00 1.00e+00h  1
 406  7.1345898e-01 1.69e-03 3.23e+00  -3.5 2.04e-01    -  7.14e-01 1.00e+00h  1
 407  7.1264152e-01 2.30e-03 3.97e+00  -3.5 2.03e-01    -  5.64e-01 1.00e+00h  1
 408  7.1660456e-01 2.14e-03 7.19e-01  -3.5 1.54e-01    -  1.00e+00 1.00e+00h  1
 409  7.2023797e-01 8.59e-04 6.13e+00  -3.5 2.54e-01    -  1.00e+00 5.00e-01h  2
iter    objective    inf_pr   inf_du lg(mu)  ||d||  lg(rg) alpha_du alpha_pr  ls
 410  7.2249468e-01 5.37e-04 1.58e+00  -3.5 1.25e-01    -  1.00e+00 5.00e-01h  2
 411  7.2402587e-01 2.94e-04 1.48e+00  -3.5 1.04e-01    -  1.00e+00 5.00e-01h  2
 412  7.2686036e-01 3.19e-04 1.18e+00  -3.5 7.41e-02    -  1.00e+00 1.00e+00h  1
 413  7.2626881e-01 2.65e-04 1.11e+00  -3.5 6.29e-02    -  1.00e+00 1.00e+00h  1
 414  7.2785938e-01 1.08e-04 6.44e-01  -3.5 5.64e-02    -  1.00e+00 1.00e+00H  1
 415  7.2801571e-01 8.51e-06 3.33e-01  -3.5 1.16e-02    -  1.00e+00 1.00e+00h  1
 416  7.2781637e-01 5.04e-05 3.14e+00  -3.5 5.25e-02    -  1.00e+00 5.00e-01h  2
 417  7.2807266e-01 4.38e-05 8.93e-01  -3.5 2.63e-02    -  1.00e+00 1.00e+00h  1
 418  7.2828990e-01 8.34e-05 4.69e-01  -3.5 3.34e-02    -  1.00e+00 1.00e+00h  1
 419  7.2843250e-01 2.22e-05 2.62e-01  -3.5 1.55e-02    -  1.00e+00 1.00e+00h  1
iter    objective    inf_pr   inf_du lg(mu)  ||d||  lg(rg) alpha_du alpha_pr  ls
 420  7.2909679e-01 9.40e-06 9.11e-01  -3.5 4.55e-02    -  1.00e+00 1.00e+00H  1
 421  7.2919263e-01 2.19e-05 2.71e+00  -3.5 1.49e-01    -  1.00e+00 1.25e-01h  4
 422  7.2919624e-01 3.07e-05 3.80e+00  -3.5 3.37e-01    -  1.00e+00 6.25e-02h  5
 423  7.2915906e-01 4.32e-05 9.31e+00  -3.5 3.28e-01    -  1.00e+00 6.25e-02h  5
 424  7.2917325e-01 4.77e-05 3.32e+00  -3.5 1.71e-01    -  1.00e+00 1.25e-01h  4
 425  7.3099708e-01 1.86e-03 3.46e+00  -3.5 2.20e-01    -  1.00e+00 1.00e+00h  1
 426  7.3085340e-01 2.45e-02 1.34e+01  -3.5 1.60e+00    -  1.00e+00 5.00e-01h  2
 427  7.2828310e-01 4.11e-03 4.83e+00  -3.5 3.39e-01    -  1.00e+00 1.00e+00h  1
 428  7.2549672e-01 2.11e-03 1.03e+00  -3.5 1.95e-01    -  1.00e+00 1.00e+00h  1
 429  7.2376229e-01 1.28e-03 1.23e+00  -3.5 2.25e-01    -  1.00e+00 5.57e-01h  1
iter    objective    inf_pr   inf_du lg(mu)  ||d||  lg(rg) alpha_du alpha_pr  ls
 430  7.2494910e-01 8.89e-04 1.47e+01  -3.5 1.70e-01    -  1.00e+00 5.00e-01h  2
 431  7.2593721e-01 6.75e-04 2.99e+01  -3.5 1.86e-01    -  1.00e+00 2.50e-01h  3
 432  7.2789435e-01 3.62e-04 7.66e+00  -3.5 2.34e-01    -  1.00e+00 5.00e-01h  2
 433  7.2879809e-01 2.23e-04 3.10e+00  -3.5 7.64e-02    -  1.00e+00 5.00e-01h  2
 434  7.2887266e-01 3.41e-04 3.51e+00  -3.5 1.15e-01    -  1.00e+00 5.00e-01h  2
 435  7.3074071e-01 1.54e-04 6.38e-01  -3.5 5.90e-02    -  1.00e+00 1.00e+00h  1
 436  7.3166147e-01 8.41e-05 1.07e+00  -3.5 4.33e-02    -  1.00e+00 1.00e+00h  1
 437  7.3319290e-01 8.11e-05 2.39e+00  -3.5 8.36e-02    -  1.00e+00 1.00e+00H  1
 438  7.3304394e-01 3.11e-05 1.39e+00  -3.5 9.39e-02    -  1.00e+00 1.00e+00H  1
 439  7.3189756e-01 2.70e-05 7.47e-01  -3.5 8.27e-02    -  1.00e+00 1.00e+00H  1
iter    objective    inf_pr   inf_du lg(mu)  ||d||  lg(rg) alpha_du alpha_pr  ls
 440  7.3149718e-01 1.43e-04 1.13e+00  -3.5 5.21e-02    -  1.00e+00 1.00e+00h  1
 441  7.3157136e-01 4.81e-05 6.86e-01  -3.5 3.27e-02    -  1.00e+00 1.00e+00h  1
 442  7.3170913e-01 3.06e-05 2.37e-01  -3.5 1.90e-02    -  1.00e+00 1.00e+00h  1
 443  7.3190478e-01 6.63e-06 1.99e-01  -3.5 1.16e-02    -  1.00e+00 1.00e+00h  1
 444  7.3189644e-01 3.23e-06 1.56e-01  -3.5 6.49e-03    -  1.00e+00 1.00e+00h  1
 445  7.2829761e-01 1.39e-04 8.20e-01  -4.0 4.48e-02    -  1.00e+00 1.00e+00h  1
 446  7.1095023e-01 2.72e-03 4.80e+00  -4.1 7.20e-01    -  7.72e-01 2.87e-01h  1
 447  6.9297296e-01 5.14e-03 7.72e+00  -4.1 4.02e-01    -  7.09e-01 6.22e-01h  1
 448  6.8129437e-01 4.03e-03 9.46e+00  -4.1 5.19e-01    -  9.24e-01 5.61e-01h  1
 449  6.8038683e-01 5.01e-03 6.63e+00  -4.1 2.24e-01    -  3.44e-01 9.38e-01h  1
iter    objective    inf_pr   inf_du lg(mu)  ||d||  lg(rg) alpha_du alpha_pr  ls
 450  6.8099484e-01 4.35e-03 6.79e+00  -4.1 1.17e-01    -  1.00e+00 1.32e-01f  3
 451  6.8791197e-01 1.21e-03 8.34e-01  -4.0 1.20e-01    -  1.00e+00 1.00e+00h  1
 452  6.9263476e-01 4.64e-04 3.17e+00  -4.1 1.52e-01    -  8.13e-01 8.40e-01h  1
 453  6.9133802e-01 1.45e-03 2.16e+00  -4.1 9.65e-02    -  1.00e+00 1.00e+00f  1
 454  6.8753078e-01 5.71e-04 2.60e+00  -4.1 1.22e-01    -  1.00e+00 1.00e+00h  1
 455  6.8493758e-01 7.41e-04 2.28e+00  -4.1 1.25e-01    -  1.00e+00 1.00e+00h  1
 456  6.8874624e-01 4.06e-04 6.15e-01  -4.1 8.80e-02    -  1.00e+00 1.00e+00h  1
 457  6.8853711e-01 5.68e-04 2.07e+00  -4.1 1.17e-01    -  1.00e+00 1.00e+00h  1
 458  6.8748443e-01 3.14e-04 3.50e-01  -4.1 8.01e-02    -  1.00e+00 1.00e+00h  1
 459  6.9069023e-01 6.39e-05 8.18e-01  -4.0 5.65e-02    -  1.00e+00 1.00e+00h  1
iter    objective    inf_pr   inf_du lg(mu)  ||d||  lg(rg) alpha_du alpha_pr  ls
 460  6.8956736e-01 1.19e-04 9.23e-01  -4.1 5.79e-02    -  1.00e+00 1.00e+00h  1
 461  6.8621630e-01 8.18e-04 4.16e+00  -4.1 1.76e-01    -  1.00e+00 1.00e+00h  1
 462  6.8433233e-01 1.51e-03 4.16e+00  -4.1 1.69e-01    -  1.00e+00 1.00e+00h  1
 463  6.8243639e-01 6.90e-04 1.81e+00  -4.1 1.26e-01    -  8.94e-01 1.00e+00h  1
 464  6.8410835e-01 3.77e-04 2.98e+00  -4.0 9.89e-02    -  1.00e+00 4.02e-01h  1
 465  6.8558170e-01 2.77e-04 6.14e+00  -4.1 1.19e-01    -  1.00e+00 5.00e-01h  2
 466  6.8822619e-01 2.37e-04 7.28e-01  -4.0 6.84e-02    -  1.00e+00 1.00e+00h  1
 467  6.8782782e-01 1.65e-04 4.93e+00  -4.1 1.05e-01    -  1.00e+00 5.00e-01h  2
 468  6.8587740e-01 7.17e-04 2.89e+00  -4.1 1.16e-01    -  1.00e+00 1.00e+00h  1
 469  6.8434425e-01 4.93e-04 2.39e+00  -4.1 9.50e-02    -  1.00e+00 1.00e+00h  1
iter    objective    inf_pr   inf_du lg(mu)  ||d||  lg(rg) alpha_du alpha_pr  ls
 470  6.8575131e-01 2.60e-04 1.84e+00  -4.1 6.80e-02    -  1.00e+00 1.00e+00h  1
 471  6.8692015e-01 1.40e-04 4.88e-01  -4.0 4.34e-02    -  1.00e+00 1.00e+00h  1
 472  6.8864616e-01 4.22e-05 8.20e-01  -4.0 4.33e-02    -  1.00e+00 1.00e+00H  1
 473  6.8872223e-01 1.64e-04 4.62e-01  -4.0 3.18e-02    -  1.00e+00 1.00e+00h  1
 474  6.8765046e-01 5.32e-05 8.39e-01  -4.1 3.74e-02    -  1.00e+00 1.00e+00h  1
 475  6.8321865e-01 3.32e-03 6.00e+00  -4.1 2.42e-01    -  1.00e+00 1.00e+00h  1
 476  6.8162827e-01 1.20e-03 1.22e+00  -4.1 1.48e-01    -  1.00e+00 1.00e+00h  1
 477  6.8877519e-01 1.99e-03 1.08e+00  -3.8 2.44e-01    -  1.00e+00 1.00e+00h  1
 478  6.8716025e-01 1.83e-03 3.29e+00  -3.9 1.88e-01    -  1.00e+00 1.00e+00h  1
 479  6.8534176e-01 5.72e-04 1.25e+00  -3.9 1.05e-01    -  1.00e+00 9.53e-01h  1
iter    objective    inf_pr   inf_du lg(mu)  ||d||  lg(rg) alpha_du alpha_pr  ls
 480  6.8604506e-01 4.40e-04 1.20e+01  -3.9 2.02e-01    -  1.00e+00 2.50e-01h  3
 481  6.8812407e-01 5.76e-04 2.16e+00  -3.9 8.52e-02    -  1.00e+00 1.00e+00h  1
 482  6.8931923e-01 2.24e-04 1.44e+00  -3.9 4.81e-02    -  1.00e+00 1.00e+00h  1
 483  6.9141843e-01 1.48e-04 1.10e+00  -3.9 4.24e-02    -  1.00e+00 1.00e+00h  1
 484  6.9164044e-01 4.12e-05 4.81e-01  -3.9 2.98e-02    -  1.00e+00 1.00e+00h  1
 485  6.9181638e-01 1.74e-05 4.74e-01  -3.9 1.58e-02    -  1.00e+00 1.00e+00h  1
 486  6.9191919e-01 3.21e-06 1.59e-01  -3.9 7.62e-03    -  1.00e+00 1.00e+00h  1
 487  6.9165029e-01 2.69e-06 9.82e-02  -4.0 5.68e-03    -  1.00e+00 1.00e+00h  1
 488  6.9012374e-01 4.37e-05 6.87e-01  -4.0 3.01e-02    -  1.00e+00 1.00e+00h  1
 489  6.8492035e-01 6.26e-04 3.48e+00  -4.1 1.38e-01    -  1.00e+00 1.00e+00h  1
iter    objective    inf_pr   inf_du lg(mu)  ||d||  lg(rg) alpha_du alpha_pr  ls
 490  6.8328300e-01 5.25e-04 3.14e+00  -4.1 9.39e-02    -  1.00e+00 1.00e+00h  1
 491  6.8318452e-01 4.12e-04 1.44e+00  -4.1 8.19e-02    -  1.00e+00 1.00e+00h  1
 492  6.8525228e-01 7.12e-04 6.91e-01  -4.0 6.99e-02    -  1.00e+00 1.00e+00h  1
 493  6.8435490e-01 4.77e-04 3.95e+00  -4.1 1.41e-01    -  1.00e+00 5.00e-01h  2
 494  6.8340787e-01 1.44e-04 2.00e+00  -4.1 7.07e-02    -  1.00e+00 1.00e+00h  1
 495  6.8288603e-01 1.32e-04 1.21e+00  -4.1 4.64e-02    -  1.00e+00 1.00e+00h  1
 496  6.8506819e-01 3.36e-04 1.09e+00  -4.0 8.48e-02    -  1.00e+00 1.00e+00h  1
 497  6.8409367e-01 2.09e-04 1.16e+00  -4.1 7.14e-02    -  1.00e+00 1.00e+00h  1
 498  6.8282788e-01 2.55e-04 6.40e-01  -4.1 5.59e-02    -  1.00e+00 1.00e+00h  1
 499  6.8392311e-01 6.42e-04 2.33e+00  -4.0 1.27e-01    -  1.00e+00 1.00e+00h  1
iter    objective    inf_pr   inf_du lg(mu)  ||d||  lg(rg) alpha_du alpha_pr  ls
 500  6.8303478e-01 2.45e-04 3.65e-01  -4.1 7.95e-02    -  1.00e+00 1.00e+00h  1
 501  6.8300248e-01 2.07e-04 1.67e+00  -4.1 7.61e-02    -  1.00e+00 1.00e+00h  1
 502  6.8281584e-01 1.21e-04 4.71e-01  -4.1 4.96e-02    -  1.00e+00 1.00e+00h  1
 503  6.8501959e-01 5.51e-05 2.63e+00  -4.0 4.20e-02    -  1.00e+00 1.00e+00H  1
 504  6.8527596e-01 2.90e-05 6.94e-01  -4.0 2.11e-02    -  1.00e+00 1.00e+00h  1
 505  6.8544044e-01 2.33e-05 4.21e-01  -4.0 2.01e-02    -  1.00e+00 1.00e+00h  1
 506  6.8570166e-01 7.34e-06 3.58e-01  -4.0 1.12e-02    -  1.00e+00 1.00e+00h  1
 507  6.8607822e-01 2.94e-06 1.35e-01  -4.0 5.12e-03    -  1.00e+00 1.00e+00h  1
 508  6.8714753e-01 5.55e-05 5.45e-01  -4.0 2.63e-02    -  1.00e+00 1.00e+00h  1
 509  6.8469768e-01 9.96e-05 7.45e-01  -4.1 3.93e-02    -  1.00e+00 1.00e+00h  1
iter    objective    inf_pr   inf_du lg(mu)  ||d||  lg(rg) alpha_du alpha_pr  ls
 510  6.8280526e-01 3.48e-04 1.94e+00  -4.1 8.88e-02    -  1.00e+00 1.00e+00h  1
 511  6.8513530e-01 4.02e-04 1.08e+00  -4.0 7.97e-02    -  1.00e+00 1.00e+00h  1
 512  6.8204226e-01 1.78e-03 2.95e+00  -4.1 1.39e-01    -  1.00e+00 1.00e+00h  1
 513  6.8273836e-01 6.62e-04 5.00e-01  -4.0 8.02e-02    -  1.00e+00 1.00e+00h  1
 514  6.8236012e-01 5.15e-04 1.48e+01  -4.1 1.18e-01    -  1.00e+00 2.94e-01h  1
 515  6.8335122e-01 3.86e-04 2.14e+01  -4.0 8.15e-02    -  1.00e+00 2.50e-01f  3
 516  6.8338074e-01 3.34e-04 5.39e+00  -4.1 1.41e-01    -  1.00e+00 5.00e-01h  2
 517  6.8328283e-01 1.22e-04 9.28e-01  -4.1 4.35e-02    -  1.00e+00 1.00e+00h  1
 518  6.8402274e-01 2.81e-05 6.21e-01  -4.1 2.23e-02    -  1.00e+00 1.00e+00h  1
 519  6.8573439e-01 2.83e-05 4.74e-01  -4.0 2.65e-02    -  1.00e+00 1.00e+00h  1
iter    objective    inf_pr   inf_du lg(mu)  ||d||  lg(rg) alpha_du alpha_pr  ls
 520  6.8398377e-01 5.15e-05 8.87e-01  -4.1 4.49e-02    -  1.00e+00 1.00e+00h  1
 521  6.8201627e-01 9.73e-04 1.91e+00  -4.1 1.55e-01    -  1.00e+00 1.00e+00h  1
 522  6.8361790e-01 8.04e-04 7.62e-01  -4.0 1.30e-01    -  1.00e+00 1.00e+00h  1
 523  6.8187210e-01 9.48e-04 2.30e+00  -4.1 1.04e-01    -  8.80e-01 1.00e+00h  1
 524  6.8365837e-01 3.50e-04 7.03e-01  -4.0 1.02e-01    -  1.00e+00 1.00e+00h  1
 525  6.8466902e-01 2.16e-04 3.54e+00  -4.1 1.11e-01    -  1.00e+00 9.77e-01H  1
 526  6.8168427e-01 4.06e-04 2.08e+00  -4.1 8.26e-02    -  1.00e+00 1.00e+00f  1
 527  6.8116173e-01 2.93e-04 3.10e+00  -4.0 1.11e-01    -  1.00e+00 4.29e-01h  1
 528  6.8223791e-01 1.58e-03 3.73e+00  -4.0 1.64e-01    -  1.00e+00 1.00e+00h  1
 529  6.7994720e-01 6.78e-04 8.36e-01  -4.1 1.13e-01    -  1.00e+00 1.00e+00h  1
iter    objective    inf_pr   inf_du lg(mu)  ||d||  lg(rg) alpha_du alpha_pr  ls
 530  6.8214861e-01 6.28e-04 2.28e+00  -4.0 1.20e-01    -  1.00e+00 1.00e+00h  1
 531  6.8101193e-01 3.35e-04 3.82e-01  -4.0 8.40e-02    -  1.00e+00 1.00e+00h  1
 532  6.8337005e-01 1.01e-04 8.24e-01  -4.0 5.66e-02    -  1.00e+00 1.00e+00h  1
 533  6.8279420e-01 1.16e-04 6.71e-01  -4.1 3.85e-02    -  1.00e+00 1.00e+00h  1
 534  6.8355820e-01 8.60e-05 9.62e-01  -4.0 3.92e-02    -  1.00e+00 1.00e+00h  1
 535  6.8298660e-01 7.71e-05 4.15e-01  -4.1 3.91e-02    -  1.00e+00 1.00e+00h  1
 536  6.8409791e-01 1.66e-05 2.99e-01  -4.0 1.56e-02    -  1.00e+00 1.00e+00h  1
 537  6.8493342e-01 3.07e-05 5.53e-01  -4.0 2.50e-02    -  1.00e+00 1.00e+00h  1
 538  6.8309765e-01 3.25e-05 2.27e-01  -4.1 3.09e-02    -  1.00e+00 1.00e+00h  1
 539  6.8297757e-01 6.93e-05 6.66e-01  -4.1 3.34e-02    -  1.00e+00 1.00e+00h  1
iter    objective    inf_pr   inf_du lg(mu)  ||d||  lg(rg) alpha_du alpha_pr  ls
 540  6.8416818e-01 6.74e-05 2.35e-01  -4.0 3.20e-02    -  1.00e+00 1.00e+00h  1
 541  6.8298375e-01 3.23e-05 4.90e-01  -4.1 2.83e-02    -  1.00e+00 1.00e+00h  1
 542  6.8308104e-01 2.17e-05 2.46e-01  -4.1 1.89e-02    -  1.00e+00 1.00e+00h  1
 543  6.8506708e-01 2.77e-05 2.91e-01  -4.0 2.76e-02    -  1.00e+00 1.00e+00h  1
 544  6.8279330e-01 1.53e-04 1.17e+00  -4.1 5.48e-02    -  1.00e+00 1.00e+00h  1
 545  6.8218960e-01 6.50e-05 3.15e-01  -4.1 4.15e-02    -  1.00e+00 1.00e+00h  1
 546  6.8550780e-01 1.05e-05 6.75e-01  -4.0 3.61e-02    -  1.00e+00 1.00e+00H  1
 547  6.8266465e-01 1.65e-04 6.53e-01  -4.1 4.20e-02    -  1.00e+00 1.00e+00h  1
 548  6.8199976e-01 3.37e-04 1.11e+00  -4.1 4.80e-02    -  1.00e+00 1.00e+00h  1
 549  6.8224892e-01 7.18e-05 2.96e-01  -4.1 3.56e-02    -  1.00e+00 1.00e+00h  1
iter    objective    inf_pr   inf_du lg(mu)  ||d||  lg(rg) alpha_du alpha_pr  ls
 550  6.8267074e-01 4.33e-05 6.61e-01  -4.1 2.86e-02    -  1.00e+00 1.00e+00h  1
 551  6.8539457e-01 1.11e-04 3.33e-01  -4.0 3.69e-02    -  1.00e+00 1.00e+00h  1
 552  6.8194009e-01 7.90e-04 1.80e+00  -4.1 1.39e-01    -  1.00e+00 1.00e+00h  1
 553  6.8108678e-01 3.19e-04 3.96e-01  -4.1 7.14e-02    -  1.00e+00 1.00e+00h  1
 554  6.8172029e-01 1.66e-04 1.57e+01  -4.1 6.33e-02    -  1.00e+00 5.83e-01H  1
 555  6.8475405e-01 1.59e-04 1.22e+00  -4.0 3.99e-02    -  1.00e+00 1.00e+00f  1
 556  6.8294189e-01 1.83e-04 9.97e-01  -4.1 3.78e-02    -  1.00e+00 1.00e+00h  1
 557  6.8152557e-01 2.26e-04 1.26e+00  -4.1 6.20e-02    -  1.00e+00 1.00e+00h  1
 558  6.8409300e-01 2.25e-04 3.22e-01  -4.0 5.03e-02    -  1.00e+00 1.00e+00h  1
 559  6.8251878e-01 1.02e-04 8.38e-01  -4.1 3.91e-02    -  1.00e+00 1.00e+00h  1
iter    objective    inf_pr   inf_du lg(mu)  ||d||  lg(rg) alpha_du alpha_pr  ls
 560  6.8217130e-01 6.19e-05 5.33e-01  -4.1 3.55e-02    -  1.00e+00 1.00e+00h  1
 561  6.8520644e-01 1.78e-04 4.81e-01  -4.0 3.82e-02    -  1.00e+00 1.00e+00h  1
 562  6.8272834e-01 1.18e-04 1.03e+00  -4.1 4.26e-02    -  1.00e+00 1.00e+00h  1
 563  6.8173515e-01 1.21e-04 7.82e-01  -4.1 4.71e-02    -  1.00e+00 1.00e+00h  1
 564  6.8461877e-01 2.24e-04 4.16e-01  -4.0 5.10e-02    -  1.00e+00 1.00e+00h  1
 565  6.8232956e-01 1.81e-04 6.89e-01  -4.1 4.90e-02    -  1.00e+00 1.00e+00h  1
 566  6.8189740e-01 1.66e-04 9.49e-01  -4.1 4.09e-02    -  1.00e+00 1.00e+00h  1
 567  6.8210303e-01 1.47e-04 4.32e-01  -4.1 3.18e-02    -  1.00e+00 1.00e+00h  1
 568  6.8447583e-01 1.38e-04 8.75e-01  -4.0 3.56e-02    -  1.00e+00 1.00e+00h  1
 569  6.8216103e-01 1.25e-04 4.59e-01  -4.1 3.83e-02    -  1.00e+00 1.00e+00h  1
iter    objective    inf_pr   inf_du lg(mu)  ||d||  lg(rg) alpha_du alpha_pr  ls
 570  6.8049819e-01 4.77e-04 2.14e+00  -4.1 1.09e-01    -  1.00e+00 1.00e+00h  1
 571  6.8338277e-01 2.57e-04 4.12e-01  -4.0 7.03e-02    -  1.00e+00 1.00e+00h  1
 572  6.8220835e-01 2.05e-04 4.70e+00  -4.1 9.00e-02    -  1.00e+00 5.00e-01h  2
 573  6.8162927e-01 1.91e-04 1.03e+00  -4.1 5.32e-02    -  1.00e+00 1.00e+00h  1
 574  6.8482832e-01 5.12e-05 1.55e+00  -4.0 4.43e-02    -  1.00e+00 1.00e+00H  1
 575  6.8302625e-01 8.22e-05 5.53e-01  -4.1 3.40e-02    -  1.00e+00 1.00e+00h  1
 576  6.8057509e-01 3.21e-04 1.45e+00  -4.1 6.32e-02    -  1.00e+00 1.00e+00h  1
 577  6.8335773e-01 2.72e-04 4.58e-01  -4.0 5.95e-02    -  1.00e+00 1.00e+00h  1
 578  6.8265758e-01 2.81e-04 1.46e+00  -4.1 6.47e-02    -  1.00e+00 1.00e+00h  1
 579  6.8167458e-01 1.37e-04 3.72e-01  -4.1 4.97e-02    -  1.00e+00 1.00e+00h  1
iter    objective    inf_pr   inf_du lg(mu)  ||d||  lg(rg) alpha_du alpha_pr  ls
 580  6.8143878e-01 1.21e-04 1.48e+00  -4.1 5.11e-02    -  1.00e+00 1.00e+00h  1
 581  6.8423607e-01 1.33e-04 4.60e-01  -4.0 4.94e-02    -  1.00e+00 1.00e+00h  1
 582  6.8181578e-01 5.09e-04 1.88e+00  -4.1 9.96e-02    -  1.00e+00 1.00e+00h  1
 583  6.8166614e-01 2.36e-04 2.62e-01  -4.1 5.93e-02    -  1.00e+00 1.00e+00h  1
 584  6.8175035e-01 6.76e-05 7.12e-01  -4.1 3.45e-02    -  1.00e+00 1.00e+00h  1
 585  6.8435271e-01 1.10e-04 8.64e-01  -4.0 4.57e-02    -  1.00e+00 1.00e+00h  1
 586  6.8210038e-01 5.96e-05 2.01e-01  -4.1 4.16e-02    -  1.00e+00 1.00e+00h  1
 587  6.8179309e-01 4.63e-05 5.50e-01  -4.1 2.29e-02    -  1.00e+00 1.00e+00h  1
 588  6.8476579e-01 1.10e-04 7.59e-01  -4.0 4.32e-02    -  1.00e+00 1.00e+00h  1
 589  6.8231099e-01 2.93e-04 1.08e+00  -4.1 5.24e-02    -  1.00e+00 1.00e+00h  1
iter    objective    inf_pr   inf_du lg(mu)  ||d||  lg(rg) alpha_du alpha_pr  ls
 590  6.8053835e-01 2.61e-04 1.07e+00  -4.1 7.32e-02    -  1.00e+00 1.00e+00h  1
 591  6.8431072e-01 8.46e-05 4.89e-01  -4.0 4.76e-02    -  1.00e+00 1.00e+00H  1
 592  6.8201092e-01 1.21e-05 7.12e-01  -4.1 4.48e-02    -  1.00e+00 1.00e+00H  1
 593  6.8400077e-01 9.79e-04 3.98e+00  -4.0 1.70e-01    -  1.00e+00 1.00e+00h  1
 594  6.8107290e-01 3.54e-04 8.68e-01  -4.1 8.57e-02    -  1.00e+00 1.00e+00h  1
 595  6.7963349e-01 2.85e-04 7.06e-01  -4.1 6.89e-02    -  1.00e+00 1.00e+00h  1
 596  6.8138227e-01 1.92e-04 6.96e+00  -4.0 8.12e-02    -  1.00e+00 5.00e-01h  2
 597  6.8177513e-01 9.94e-05 1.73e+00  -4.1 6.69e-02    -  1.00e+00 1.00e+00H  1
 598  6.8103073e-01 2.24e-04 1.25e+00  -4.1 5.51e-02    -  1.00e+00 1.00e+00h  1
 599  6.8061125e-01 1.77e-04 6.61e-01  -4.1 6.79e-02    -  1.00e+00 1.00e+00h  1
iter    objective    inf_pr   inf_du lg(mu)  ||d||  lg(rg) alpha_du alpha_pr  ls
 600  6.8173839e-01 5.33e-05 6.71e-01  -4.1 3.47e-02    -  1.00e+00 1.00e+00h  1
 601  6.8178726e-01 2.58e-05 6.19e-01  -4.1 2.95e-02    -  1.00e+00 1.00e+00h  1
 602  6.8325185e-01 4.33e-05 3.23e-01  -4.0 2.73e-02    -  1.00e+00 1.00e+00h  1
 603  6.8249933e-01 3.19e-05 5.76e-01  -4.1 2.78e-02    -  1.00e+00 1.00e+00h  1
 604  6.8227355e-01 2.60e-05 2.32e-01  -4.1 2.71e-02    -  1.00e+00 1.00e+00h  1
 605  6.8406823e-01 1.94e-06 2.47e-01  -4.0 2.11e-02    -  1.00e+00 1.00e+00H  1
 606  6.8506036e-01 2.18e-05 5.24e-01  -4.0 2.42e-02    -  1.00e+00 1.00e+00h  1
 607  6.8197293e-01 1.89e-04 1.26e+00  -4.1 6.22e-02    -  1.00e+00 1.00e+00h  1
 608  6.8105261e-01 1.05e-04 7.53e-01  -4.1 4.54e-02    -  1.00e+00 1.00e+00h  1
 609  6.8542535e-01 1.76e-05 2.81e-01  -4.0 5.04e-02    -  1.00e+00 1.00e+00H  1
iter    objective    inf_pr   inf_du lg(mu)  ||d||  lg(rg) alpha_du alpha_pr  ls
 610  6.8167785e-01 1.70e-04 1.11e+00  -4.1 5.68e-02    -  1.00e+00 1.00e+00h  1
 611  6.8130167e-01 1.35e-04 1.69e+00  -4.1 5.70e-02    -  1.00e+00 1.00e+00h  1
 612  6.7992298e-01 4.14e-04 1.40e+00  -4.1 7.06e-02    -  1.00e+00 1.00e+00h  1
 613  6.8075367e-01 1.62e-04 3.04e-01  -4.1 5.49e-02    -  1.00e+00 1.00e+00h  1
 614  6.8182733e-01 8.50e-05 7.72e-01  -4.1 3.51e-02    -  1.00e+00 1.00e+00h  1
 615  6.8191416e-01 4.60e-05 2.78e-01  -4.1 2.86e-02    -  1.00e+00 1.00e+00h  1
 616  6.8461699e-01 2.86e-06 4.40e-01  -4.0 3.25e-02    -  1.00e+00 1.00e+00H  1
 617  6.8190827e-01 3.21e-04 1.72e+00  -4.1 1.01e-01    -  1.00e+00 1.00e+00h  1
 618  6.8064825e-01 4.36e-04 3.14e+00  -4.1 1.19e-01    -  1.00e+00 1.00e+00h  1
 619  6.7652007e-01 1.72e-03 5.10e+00  -4.1 1.67e-01    -  1.00e+00 1.00e+00h  1
iter    objective    inf_pr   inf_du lg(mu)  ||d||  lg(rg) alpha_du alpha_pr  ls
 620  6.8022779e-01 7.78e-04 8.58e-01  -4.0 1.54e-01    -  1.00e+00 1.00e+00h  1
 621  6.7637530e-01 2.83e-03 2.85e+00  -4.1 2.81e-01    -  1.00e+00 7.53e-01h  1
 622  6.7866854e-01 9.92e-04 8.19e-01  -4.0 1.26e-01    -  1.00e+00 1.00e+00f  1
 623  6.7983744e-01 8.55e-04 1.50e+00  -4.0 1.47e-01    -  1.00e+00 1.00e+00h  1
 624  6.7978769e-01 6.51e-04 1.28e+00  -4.1 1.17e-01    -  1.00e+00 1.00e+00h  1
 625  6.8139149e-01 3.50e-04 2.05e+00  -4.1 8.83e-02    -  1.00e+00 1.00e+00h  1
 626  6.8153140e-01 9.34e-05 8.28e-01  -4.1 4.29e-02    -  1.00e+00 1.00e+00h  1
 627  6.8186296e-01 6.70e-05 9.54e-01  -4.1 3.87e-02    -  1.00e+00 1.00e+00h  1
 628  6.8164824e-01 3.49e-05 3.03e-01  -4.1 2.60e-02    -  1.00e+00 1.00e+00h  1
 629  6.8222574e-01 9.91e-06 1.38e-01  -4.0 1.76e-02    -  1.00e+00 1.00e+00h  1
iter    objective    inf_pr   inf_du lg(mu)  ||d||  lg(rg) alpha_du alpha_pr  ls
 630  6.8284623e-01 7.54e-06 2.65e-01  -4.0 1.47e-02    -  1.00e+00 1.00e+00h  1
 631  6.8219330e-01 3.66e-05 2.87e-01  -4.1 1.88e-02    -  1.00e+00 1.00e+00h  1
 632  6.8182075e-01 1.82e-05 5.88e-01  -4.1 2.38e-02    -  1.00e+00 1.00e+00h  1
 633  6.8159250e-01 3.38e-05 4.58e-01  -4.1 2.28e-02    -  1.00e+00 1.00e+00h  1
 634  6.8349503e-01 5.87e-05 5.50e-01  -4.0 2.84e-02    -  1.00e+00 1.00e+00h  1
 635  6.8197949e-01 2.36e-04 8.66e-01  -4.1 5.44e-02    -  1.00e+00 1.00e+00h  1
 636  6.8096018e-01 7.48e-05 2.65e-01  -4.1 3.59e-02    -  1.00e+00 1.00e+00h  1
 637  6.8391689e-01 1.54e-05 6.71e-01  -4.0 4.01e-02    -  1.00e+00 1.00e+00H  1
 638  6.8128042e-01 1.29e-04 1.34e+00  -4.1 6.15e-02    -  1.00e+00 1.00e+00h  1
 639  6.7899078e-01 3.37e-03 6.24e+00  -4.1 3.69e-01    -  1.00e+00 1.00e+00h  1
iter    objective    inf_pr   inf_du lg(mu)  ||d||  lg(rg) alpha_du alpha_pr  ls
 640  6.7422261e-01 6.69e-03 8.15e+00  -4.1 3.64e-01    -  1.00e+00 1.00e+00h  1
 641  6.7060527e-01 8.78e-03 8.97e+00  -4.1 5.55e-01    -  4.77e-01 1.00e+00h  1
 642  6.6571618e-01 5.25e-03 1.76e+00  -4.1 7.20e-01    -  6.95e-01 4.58e-01h  1
 643  6.7709256e-01 4.22e-03 2.38e+00  -3.8 2.58e-01    -  1.00e+00 1.00e+00f  1
 644  6.7398320e-01 5.75e-03 3.42e+00  -3.9 4.45e-01    -  7.16e-01 1.00e+00h  1
 645  6.6287629e-01 1.90e-02 6.76e+00  -3.9 5.77e-01    -  5.08e-01 1.00e+00h  1
 646  6.7383146e-01 1.13e-02 7.56e-01  -3.7 4.26e-01    -  1.00e+00 1.00e+00h  1
 647  6.8298201e-01 3.71e-03 1.96e+00  -3.8 3.18e-01    -  1.00e+00 1.00e+00h  1
 648  6.8026034e-01 6.89e-03 1.94e+00  -3.8 4.18e-01    -  1.00e+00 9.70e-01h  1
 649  6.7734435e-01 4.09e-03 9.89e-01  -3.8 2.82e-01    -  7.90e-01 1.00e+00h  1
iter    objective    inf_pr   inf_du lg(mu)  ||d||  lg(rg) alpha_du alpha_pr  ls
 650  6.8127423e-01 2.52e-03 5.32e+00  -3.8 2.75e-01    -  9.50e-01 5.00e-01h  2
 651  6.8220066e-01 2.03e-03 1.67e+00  -3.8 1.63e-01    -  5.67e-01 1.92e-01h  1
 652  6.8380516e-01 1.57e-03 1.14e+01  -3.8 1.91e-01    -  1.00e+00 2.50e-01f  3
 653  6.8767267e-01 8.35e-04 7.72e+00  -3.8 1.76e-01    -  8.08e-01 5.00e-01h  2
 654  6.9079289e-01 6.05e-04 2.01e+00  -3.8 1.65e-01    -  1.00e+00 5.00e-01h  2
 655  6.9483950e-01 3.91e-04 1.63e+00  -3.8 1.06e-01    -  1.00e+00 1.00e+00h  1
 656  6.9405765e-01 7.77e-04 3.39e+00  -3.8 9.06e-02    -  1.00e+00 1.00e+00h  1
 657  6.9321526e-01 3.93e-04 5.08e-01  -3.8 8.99e-02    -  1.00e+00 9.01e-01h  1
 658  6.9409630e-01 2.94e-04 5.98e+00  -3.8 7.51e-02    -  1.00e+00 2.50e-01f  3
 659  6.9783716e-01 8.23e-05 1.47e+00  -3.8 8.52e-02    -  1.00e+00 1.00e+00H  1
iter    objective    inf_pr   inf_du lg(mu)  ||d||  lg(rg) alpha_du alpha_pr  ls
 660  6.9760643e-01 6.98e-05 1.89e+00  -3.8 3.30e-01    -  1.00e+00 1.25e-01h  4
 661  6.9682638e-01 1.12e-04 8.60e-01  -3.8 5.52e-02    -  1.00e+00 1.00e+00h  1
 662  6.9697227e-01 5.85e-05 7.37e-01  -3.8 3.63e-02    -  1.00e+00 1.00e+00h  1
 663  6.9718196e-01 6.57e-05 4.47e-01  -3.8 3.22e-02    -  1.00e+00 1.00e+00h  1
 664  6.9736072e-01 2.56e-05 2.35e-01  -3.8 2.48e-02    -  1.00e+00 1.00e+00h  1
 665  6.9760394e-01 1.09e-05 5.44e-01  -3.8 2.29e-02    -  1.00e+00 1.00e+00H  1
 666  6.9734660e-01 3.30e-05 1.32e-01  -3.8 1.86e-02    -  1.00e+00 1.00e+00h  1
 667  6.9746731e-01 1.67e-06 1.40e-01  -3.8 4.83e-03    -  1.00e+00 1.00e+00h  1
 668  6.9760162e-01 8.55e-07 4.17e-01  -3.8 2.35e-02    -  1.00e+00 1.00e+00H  1
 669  6.9053457e-01 5.47e-04 1.96e+00  -4.0 1.00e-01    -  1.00e+00 1.00e+00h  1
iter    objective    inf_pr   inf_du lg(mu)  ||d||  lg(rg) alpha_du alpha_pr  ls
 670  6.7868761e-01 2.58e-03 5.06e+00  -4.1 1.68e-01    -  1.00e+00 1.00e+00h  1
 671  6.7434020e-01 2.66e-03 4.34e+00  -4.1 2.10e-01    -  1.00e+00 9.32e-01h  1
 672  6.8682028e-01 6.30e-03 1.10e+00  -3.8 2.31e-01    -  1.00e+00 1.00e+00f  1
 673  6.8010414e-01 4.97e-03 8.44e+00  -3.9 5.12e-01    -  4.47e-01 7.17e-01h  1
 674  6.7639642e-01 2.46e-03 1.29e+00  -3.9 2.14e-01    -  1.00e+00 1.00e+00h  1
 675  6.7878296e-01 1.23e-03 8.92e+00  -4.0 1.65e-01    -  6.09e-01 1.00e+00h  1
 676  6.7627847e-01 1.55e-03 2.35e+00  -4.1 1.62e-01    -  1.00e+00 1.00e+00h  1
 677  6.7844469e-01 9.99e-04 1.72e+00  -4.0 1.20e-01    -  1.00e+00 1.00e+00h  1
 678  6.8187337e-01 3.93e-04 6.46e+00  -4.0 1.25e-01    -  1.00e+00 8.02e-01h  1
 679  6.8246138e-01 2.00e-04 3.44e+00  -4.1 1.06e-01    -  6.92e-01 5.00e-01h  2
iter    objective    inf_pr   inf_du lg(mu)  ||d||  lg(rg) alpha_du alpha_pr  ls
 680  6.8233943e-01 2.25e-04 1.04e+01  -4.1 1.13e-01    -  1.00e+00 5.00e-01h  2
 681  6.8262965e-01 1.51e-04 1.15e+00  -4.1 5.33e-02    -  1.00e+00 1.00e+00h  1
 682  6.8369629e-01 6.42e-05 5.81e-01  -4.1 3.12e-02    -  1.00e+00 1.00e+00h  1
 683  6.8383924e-01 1.93e-05 2.99e-01  -4.1 1.82e-02    -  1.00e+00 1.00e+00h  1
 684  6.8273453e-01 7.84e-06 6.77e-01  -4.1 2.87e-02    -  1.00e+00 1.00e+00H  1
 685  6.8213647e-01 2.79e-06 2.43e+00  -4.1 1.04e-01    -  1.00e+00 1.00e+00H  1
 686  6.8296512e-01 3.27e-04 1.74e+00  -4.0 7.76e-02    -  1.00e+00 1.00e+00h  1
 687  6.8183669e-01 3.82e-04 1.77e+00  -4.1 7.22e-02    -  1.00e+00 1.00e+00h  1
 688  6.8022269e-01 1.59e-04 7.44e-01  -4.1 6.97e-02    -  1.00e+00 1.00e+00h  1
 689  6.8029288e-01 4.23e-04 1.23e+00  -4.1 6.72e-02    -  1.00e+00 1.00e+00h  1
iter    objective    inf_pr   inf_du lg(mu)  ||d||  lg(rg) alpha_du alpha_pr  ls
 690  6.8045826e-01 1.35e-04 3.58e-01  -4.1 3.48e-02    -  1.00e+00 1.00e+00h  1
 691  6.8135328e-01 3.23e-05 5.82e-01  -4.0 3.03e-02    -  1.00e+00 1.00e+00h  1
 692  6.8107386e-01 4.43e-05 5.66e-01  -4.1 2.29e-02    -  1.00e+00 1.00e+00h  1
 693  6.8210733e-01 9.79e-05 4.37e-01  -4.0 2.40e-02    -  1.00e+00 1.00e+00h  1
 694  6.8131145e-01 1.47e-05 2.37e-01  -4.1 1.80e-02    -  1.00e+00 1.00e+00h  1
 695  6.8280802e-01 2.65e-05 5.15e-01  -4.0 1.93e-02    -  1.00e+00 1.00e+00h  1
 696  6.8070583e-01 2.96e-04 7.55e-01  -4.1 4.72e-02    -  1.00e+00 1.00e+00h  1
 697  6.8068126e-01 9.48e-05 9.44e-01  -4.1 3.71e-02    -  1.00e+00 1.00e+00h  1
 698  6.8299768e-01 1.75e-04 2.80e-01  -4.0 3.90e-02    -  1.00e+00 1.00e+00h  1
 699  6.8052106e-01 3.55e-04 1.75e+00  -4.1 7.72e-02    -  1.00e+00 1.00e+00h  1
iter    objective    inf_pr   inf_du lg(mu)  ||d||  lg(rg) alpha_du alpha_pr  ls
 700  6.7949588e-01 1.39e-04 3.38e-01  -4.1 5.11e-02    -  1.00e+00 1.00e+00h  1
 701  6.8277414e-01 2.11e-04 1.07e+00  -4.0 5.58e-02    -  1.00e+00 1.00e+00h  1
 702  6.8036873e-01 8.19e-05 1.43e+00  -4.1 6.26e-02    -  1.00e+00 1.00e+00h  1
 703  6.7955340e-01 8.01e-05 6.71e-01  -4.1 3.94e-02    -  1.00e+00 1.00e+00h  1
 704  6.8308598e-01 1.55e-04 5.09e-01  -4.0 4.67e-02    -  1.00e+00 1.00e+00h  1
 705  6.8076145e-01 1.89e-04 1.69e+00  -4.1 5.22e-02    -  1.00e+00 1.00e+00h  1
 706  6.7962073e-01 9.65e-05 3.47e-01  -4.1 3.59e-02    -  1.00e+00 1.00e+00h  1
 707  6.8068456e-01 3.91e-05 4.64e-01  -4.1 2.09e-02    -  1.00e+00 1.00e+00h  1
 708  6.8357016e-01 1.14e-04 8.63e-01  -4.0 3.91e-02    -  1.00e+00 1.00e+00h  1
 709  6.8042362e-01 3.15e-04 4.47e-01  -4.1 5.18e-02    -  1.00e+00 1.00e+00h  1
iter    objective    inf_pr   inf_du lg(mu)  ||d||  lg(rg) alpha_du alpha_pr  ls
 710  6.7892988e-01 6.62e-04 3.14e+00  -4.1 1.06e-01    -  1.00e+00 1.00e+00h  1
 711  6.8141819e-01 2.20e-04 7.09e-01  -4.0 8.50e-02    -  1.00e+00 1.00e+00h  1
 712  6.7687259e-01 1.45e-03 1.84e+00  -4.1 2.07e-01    -  1.00e+00 1.00e+00h  1
 713  6.7951489e-01 6.05e-04 6.24e-01  -4.0 1.34e-01    -  1.00e+00 1.00e+00h  1
 714  6.7875957e-01 3.27e-04 1.04e+01  -4.1 8.45e-02    -  1.00e+00 7.50e-01h  1
 715  6.8069948e-01 2.10e-04 1.52e+00  -4.0 7.02e-02    -  1.00e+00 5.00e-01f  2
 716  6.8060159e-01 1.15e-04 7.71e-01  -4.1 4.47e-02    -  1.00e+00 1.00e+00h  1
 717  6.8018798e-01 7.06e-05 7.58e-01  -4.1 3.82e-02    -  1.00e+00 1.00e+00h  1
 718  6.8241864e-01 1.10e-04 5.01e-01  -4.0 3.31e-02    -  1.00e+00 1.00e+00h  1
 719  6.8079232e-01 4.35e-05 6.19e-01  -4.1 3.20e-02    -  1.00e+00 1.00e+00h  1
iter    objective    inf_pr   inf_du lg(mu)  ||d||  lg(rg) alpha_du alpha_pr  ls
 720  6.8019479e-01 4.43e-05 5.56e-01  -4.1 2.70e-02    -  1.00e+00 1.00e+00h  1
 721  6.8251283e-01 1.03e-04 3.54e-01  -4.0 3.17e-02    -  1.00e+00 1.00e+00h  1
 722  6.8061860e-01 7.03e-05 4.03e-01  -4.1 3.02e-02    -  1.00e+00 1.00e+00h  1
 723  6.7957988e-01 1.43e-04 1.35e+00  -4.1 5.75e-02    -  1.00e+00 1.00e+00h  1
 724  6.7957180e-01 7.06e-05 3.55e-01  -4.1 3.31e-02    -  1.00e+00 1.00e+00h  1
 725  6.8292170e-01 2.72e-04 1.15e+00  -4.0 5.86e-02    -  1.00e+00 1.00e+00h  1
 726  6.8019405e-01 1.57e-04 4.30e-01  -4.1 4.57e-02    -  1.00e+00 1.00e+00h  1
 727  6.7829130e-01 9.10e-04 1.16e+00  -4.1 9.23e-02    -  1.00e+00 1.00e+00h  1
 728  6.7873511e-01 2.86e-04 6.23e-01  -4.1 7.36e-02    -  1.00e+00 1.00e+00h  1
 729  6.8197327e-01 1.14e-03 1.09e+00  -4.0 9.74e-02    -  1.00e+00 1.00e+00h  1
iter    objective    inf_pr   inf_du lg(mu)  ||d||  lg(rg) alpha_du alpha_pr  ls
 730  6.7814932e-01 5.03e-04 1.26e+00  -4.1 7.46e-02    -  1.00e+00 1.00e+00h  1
 731  6.8785491e-01 8.89e-04 2.55e+00  -3.8 1.38e-01    -  1.00e+00 1.00e+00h  1
 732  6.8479905e-01 9.46e-04 3.59e+00  -3.9 1.93e-01    -  1.00e+00 1.00e+00h  1
 733  6.8369356e-01 3.18e-04 3.97e-01  -3.9 8.28e-02    -  1.00e+00 1.00e+00h  1
 734  6.8458613e-01 3.07e-04 1.79e+01  -3.9 1.30e-01    -  1.00e+00 6.98e-01h  1
 735  6.8508194e-01 1.51e-04 1.43e+01  -3.9 4.38e-02    -  1.00e+00 5.00e-01f  2
 736  6.8621485e-01 9.65e-05 7.75e-01  -3.9 3.23e-02    -  1.00e+00 1.00e+00h  1
 737  6.8658392e-01 4.81e-05 5.30e-01  -3.9 2.49e-02    -  1.00e+00 1.00e+00h  1
 738  6.8657138e-01 1.20e-05 2.00e-01  -3.9 1.34e-02    -  1.00e+00 1.00e+00h  1
 739  6.8672934e-01 7.61e-07 5.12e-02  -3.9 3.51e-03    -  1.00e+00 1.00e+00h  1
iter    objective    inf_pr   inf_du lg(mu)  ||d||  lg(rg) alpha_du alpha_pr  ls
 740  6.8621359e-01 3.04e-06 1.46e-01  -4.0 8.10e-03    -  1.00e+00 1.00e+00h  1
 741  6.8291396e-01 9.43e-05 9.21e-01  -4.1 4.36e-02    -  1.00e+00 1.00e+00h  1
 742  6.8039491e-01 1.94e-04 1.75e+00  -4.1 6.00e-02    -  1.00e+00 1.00e+00h  1
 743  6.8046250e-01 2.11e-04 1.04e+00  -4.1 6.66e-02    -  1.00e+00 1.00e+00h  1
 744  6.8068095e-01 9.30e-05 4.13e-01  -4.1 5.29e-02    -  1.00e+00 1.00e+00h  1
 745  6.8121016e-01 1.15e-05 1.63e-01  -4.1 1.49e-02    -  1.00e+00 1.00e+00h  1
 746  6.8421341e-01 1.10e-04 6.88e-01  -4.0 4.03e-02    -  1.00e+00 1.00e+00h  1
 747  6.8068578e-01 2.42e-04 1.29e+00  -4.1 6.98e-02    -  1.00e+00 1.00e+00h  1
 748  6.7914598e-01 1.51e-04 6.49e-01  -4.1 5.32e-02    -  1.00e+00 1.00e+00h  1
 749  6.8399095e-01 3.27e-05 1.35e+00  -4.0 5.69e-02    -  1.00e+00 1.00e+00H  1
iter    objective    inf_pr   inf_du lg(mu)  ||d||  lg(rg) alpha_du alpha_pr  ls
 750  6.8095695e-01 1.83e-04 1.07e+00  -4.1 6.20e-02    -  1.00e+00 7.02e-01h  1
 751  6.7892482e-01 2.60e-04 5.58e-01  -4.1 7.10e-02    -  1.00e+00 1.00e+00f  1
 752  6.8421235e-01 4.81e-05 7.73e-01  -4.0 5.72e-02    -  1.00e+00 1.00e+00H  1
 753  6.7987103e-01 2.46e-04 1.23e+00  -4.1 6.02e-02    -  1.00e+00 1.00e+00h  1
 754  6.7828085e-01 4.53e-04 1.71e+00  -4.1 1.15e-01    -  1.00e+00 1.00e+00h  1
 755  6.8059587e-01 5.14e-04 1.19e+00  -4.0 6.25e-02    -  1.00e+00 1.00e+00h  1
 756  6.7777588e-01 3.92e-04 7.31e-01  -4.1 7.91e-02    -  1.00e+00 1.00e+00h  1
 757  6.8386834e-01 3.83e-05 9.87e-01  -4.0 7.73e-02    -  1.00e+00 1.00e+00H  1
 758  6.7871619e-01 1.01e-03 2.69e+00  -4.1 1.20e-01    -  1.00e+00 1.00e+00h  1
 759  6.7566231e-01 5.43e-04 5.25e-01  -4.1 1.14e-01    -  1.00e+00 1.00e+00h  1
iter    objective    inf_pr   inf_du lg(mu)  ||d||  lg(rg) alpha_du alpha_pr  ls
 760  6.8136630e-01 1.58e-04 5.18e+00  -4.0 6.66e-02    -  1.00e+00 7.92e-01H  1
 761  6.7908341e-01 5.97e-04 3.14e+00  -4.1 1.08e-01    -  1.00e+00 1.00e+00h  1
 762  6.7681014e-01 3.80e-04 5.54e-01  -4.1 9.46e-02    -  1.00e+00 1.00e+00h  1
 763  6.8348636e-01 5.78e-05 1.02e+00  -4.0 7.32e-02    -  1.00e+00 1.00e+00H  1
 764  6.8009991e-01 2.83e-04 1.45e+00  -4.1 6.89e-02    -  1.00e+00 1.00e+00h  1
 765  6.7881012e-01 2.83e-04 1.22e+00  -4.1 6.52e-02    -  1.00e+00 1.00e+00h  1
 766  6.8318770e-01 2.56e-05 9.16e-01  -4.0 5.29e-02    -  1.00e+00 1.00e+00H  1
 767  6.8092863e-01 8.38e-05 3.61e-01  -4.1 3.71e-02    -  1.00e+00 1.00e+00h  1
 768  6.8012232e-01 1.36e-04 1.44e+00  -4.1 5.45e-02    -  1.00e+00 1.00e+00h  1
 769  6.7960194e-01 8.05e-05 2.37e-01  -4.1 4.08e-02    -  1.00e+00 1.00e+00h  1
iter    objective    inf_pr   inf_du lg(mu)  ||d||  lg(rg) alpha_du alpha_pr  ls
 770  6.8300363e-01 9.69e-06 5.65e-01  -4.0 3.52e-02    -  1.00e+00 1.00e+00H  1
 771  6.8050414e-01 6.37e-05 6.25e-01  -4.1 4.05e-02    -  1.00e+00 1.00e+00h  1
 772  6.7902747e-01 1.16e-04 1.56e+00  -4.1 4.40e-02    -  1.00e+00 1.00e+00h  1
 773  6.7891628e-01 8.56e-05 4.61e-01  -4.1 3.92e-02    -  1.00e+00 1.00e+00h  1
 774  6.8333940e-01 8.62e-06 8.63e-01  -4.0 5.00e-02    -  1.00e+00 1.00e+00H  1
 775  6.7992358e-01 1.46e-04 6.14e-01  -4.1 5.80e-02    -  1.00e+00 1.00e+00h  1
 776  6.7886497e-01 9.62e-04 3.57e+00  -4.1 1.15e-01    -  1.00e+00 1.00e+00h  1
 777  6.7690036e-01 6.67e-04 5.04e-01  -4.1 1.11e-01    -  1.00e+00 1.00e+00h  1
 778  6.7581628e-01 2.53e-03 3.22e+00  -4.1 1.88e-01    -  1.00e+00 1.00e+00h  1
 779  6.7456530e-01 8.36e-04 7.06e-01  -4.1 1.04e-01    -  1.00e+00 1.00e+00h  1
iter    objective    inf_pr   inf_du lg(mu)  ||d||  lg(rg) alpha_du alpha_pr  ls
 780  6.8042694e-01 3.49e-04 2.14e+01  -4.0 1.01e-01    -  1.00e+00 6.45e-01H  1
 781  6.7926696e-01 1.57e-04 1.14e+00  -4.1 5.16e-02    -  1.00e+00 1.00e+00h  1
 782  6.7859900e-01 2.76e-04 9.01e-01  -4.1 5.46e-02    -  1.00e+00 1.00e+00h  1
 783  6.8016858e-01 1.89e-04 1.84e-01  -4.0 3.99e-02    -  1.00e+00 1.00e+00h  1
 784  6.8082264e-01 1.42e-05 2.83e-01  -4.1 2.48e-02    -  1.00e+00 1.00e+00h  1
 785  6.8222736e-01 5.85e-05 4.76e-01  -4.0 2.00e-02    -  1.00e+00 1.00e+00h  1
 786  6.8057835e-01 5.17e-05 3.33e-01  -4.1 2.21e-02    -  1.00e+00 1.00e+00h  1
 787  6.7966683e-01 5.86e-05 6.53e-01  -4.1 2.84e-02    -  1.00e+00 1.00e+00h  1
 788  6.8033386e-01 1.68e-05 1.94e-01  -4.1 1.74e-02    -  1.00e+00 1.00e+00h  1
 789  6.8292159e-01 1.17e-04 7.61e-01  -4.0 3.39e-02    -  1.00e+00 1.00e+00h  1
iter    objective    inf_pr   inf_du lg(mu)  ||d||  lg(rg) alpha_du alpha_pr  ls
 790  6.8007371e-01 1.32e-04 3.26e-01  -4.1 3.94e-02    -  1.00e+00 1.00e+00h  1
 791  6.7994159e-01 2.98e-04 1.69e+00  -4.1 7.18e-02    -  1.00e+00 1.00e+00h  1
 792  6.7923635e-01 1.26e-04 3.48e-01  -4.1 4.05e-02    -  1.00e+00 1.00e+00h  1
 793  6.7988538e-01 4.83e-05 2.76e-01  -4.1 3.42e-02    -  1.00e+00 1.00e+00h  1
 794  6.8312802e-01 1.09e-04 4.40e-01  -4.0 4.09e-02    -  1.00e+00 1.00e+00h  1
 795  6.7969185e-01 1.13e-03 2.63e+00  -4.1 1.42e-01    -  1.00e+00 1.00e+00h  1
 796  6.7806219e-01 2.72e-04 6.51e-01  -4.1 6.97e-02    -  1.00e+00 1.00e+00h  1
 797  6.8134059e-01 6.44e-04 1.37e+00  -4.0 1.02e-01    -  1.00e+00 1.00e+00h  1
 798  6.7637176e-01 8.37e-04 2.64e+00  -4.1 1.14e-01    -  1.00e+00 1.00e+00h  1
 799  6.7715196e-01 2.79e-04 3.57e-01  -4.1 7.08e-02    -  1.00e+00 1.00e+00h  1
iter    objective    inf_pr   inf_du lg(mu)  ||d||  lg(rg) alpha_du alpha_pr  ls
 800  6.8311176e-01 1.36e-04 1.26e+01  -4.0 7.65e-02    -  1.00e+00 8.22e-01H  1
 801  6.8018886e-01 1.18e-04 1.15e+00  -4.1 4.67e-02    -  1.00e+00 1.00e+00h  1
 802  6.7701852e-01 4.20e-04 2.09e+00  -4.1 1.07e-01    -  1.00e+00 1.00e+00h  1
 803  6.7816704e-01 1.62e-04 7.08e-01  -4.1 5.89e-02    -  1.00e+00 1.00e+00h  1
 804  6.8314546e-01 7.94e-05 1.82e+00  -4.0 5.56e-02    -  1.00e+00 1.00e+00H  1
 805  6.7971599e-01 1.15e-04 6.98e-01  -4.1 4.78e-02    -  1.00e+00 1.00e+00h  1
 806  6.7715360e-01 6.89e-04 3.63e+00  -4.1 1.29e-01    -  1.00e+00 1.00e+00h  1
 807  6.7805435e-01 1.87e-04 3.78e-01  -4.1 7.49e-02    -  1.00e+00 1.00e+00h  1
 808  6.7996274e-01 1.16e-04 7.05e-01  -4.1 5.28e-02    -  1.00e+00 1.00e+00h  1
 809  6.8003167e-01 8.81e-05 1.08e+00  -4.1 4.68e-02    -  1.00e+00 1.00e+00h  1
iter    objective    inf_pr   inf_du lg(mu)  ||d||  lg(rg) alpha_du alpha_pr  ls
 810  6.8010399e-01 6.50e-05 2.28e-01  -4.1 3.99e-02    -  1.00e+00 1.00e+00h  1
 811  6.8184901e-01 9.66e-07 2.32e-01  -4.0 2.04e-02    -  1.00e+00 1.00e+00H  1
 812  6.8238153e-01 9.92e-04 4.20e+00  -4.0 1.64e-01    -  1.00e+00 1.00e+00h  1
 813  6.7701799e-01 5.97e-04 9.21e-01  -4.1 9.88e-02    -  1.00e+00 1.00e+00h  1
 814  6.7756857e-01 2.11e-04 5.24e-01  -4.1 7.46e-02    -  1.00e+00 1.00e+00h  1
 815  6.8334016e-01 6.10e-05 5.54e-01  -4.0 6.42e-02    -  1.00e+00 1.00e+00H  1
 816  6.8012641e-01 1.82e-04 1.12e+00  -4.1 5.29e-02    -  1.00e+00 1.00e+00h  1
 817  6.7961605e-01 8.46e-05 7.73e-01  -4.1 3.45e-02    -  1.00e+00 1.00e+00h  1
 818  6.7998376e-01 8.62e-05 7.39e-01  -4.1 4.21e-02    -  1.00e+00 1.00e+00h  1
 819  6.8235118e-01 9.48e-06 2.94e-01  -4.0 2.74e-02    -  1.00e+00 1.00e+00H  1
iter    objective    inf_pr   inf_du lg(mu)  ||d||  lg(rg) alpha_du alpha_pr  ls
 820  6.8039215e-01 1.32e-04 8.42e-01  -4.1 4.91e-02    -  1.00e+00 1.00e+00h  1
 821  6.7946532e-01 7.53e-05 4.50e-01  -4.1 3.70e-02    -  1.00e+00 1.00e+00h  1
 822  6.8303764e-01 5.81e-06 4.69e-01  -4.0 4.19e-02    -  1.00e+00 1.00e+00H  1
 823  6.7997750e-01 7.60e-05 6.04e-01  -4.1 4.45e-02    -  1.00e+00 1.00e+00h  1
 824  6.7933894e-01 2.63e-04 1.43e+00  -4.1 5.23e-02    -  1.00e+00 1.00e+00h  1
 825  6.7835574e-01 1.98e-04 3.39e-01  -4.1 5.06e-02    -  1.00e+00 1.00e+00h  1
 826  6.7850512e-01 2.18e-04 1.39e+00  -4.1 7.75e-02    -  1.00e+00 5.00e-01h  2
 827  6.7980597e-01 4.81e-05 3.60e-01  -4.1 3.58e-02    -  1.00e+00 1.00e+00h  1
 828  6.7991862e-01 9.31e-05 5.27e-01  -4.1 3.60e-02    -  1.00e+00 1.00e+00h  1
 829  6.7953529e-01 7.09e-05 1.38e-01  -4.1 2.79e-02    -  1.00e+00 1.00e+00h  1
iter    objective    inf_pr   inf_du lg(mu)  ||d||  lg(rg) alpha_du alpha_pr  ls
 830  6.7995939e-01 3.28e-06 1.29e-01  -4.1 1.09e-02    -  1.00e+00 1.00e+00h  1
 831  6.8188423e-01 2.84e-05 4.31e-01  -4.0 2.40e-02    -  1.00e+00 1.00e+00h  1
 832  6.8004039e-01 9.24e-05 6.72e-01  -4.1 3.56e-02    -  1.00e+00 1.00e+00h  1
 833  6.7917689e-01 7.66e-05 1.66e-01  -4.1 3.30e-02    -  1.00e+00 1.00e+00h  1
 834  6.8295541e-01 5.62e-06 4.23e-01  -4.0 4.73e-02    -  1.00e+00 1.00e+00H  1
 835  6.7974507e-01 1.61e-04 1.17e+00  -4.1 5.89e-02    -  1.00e+00 1.00e+00h  1
 836  6.7902558e-01 6.94e-05 2.42e-01  -4.1 4.29e-02    -  1.00e+00 1.00e+00h  1
 837  6.8014322e-01 4.21e-05 4.00e-01  -4.1 2.37e-02    -  1.00e+00 1.00e+00h  1
 838  6.7995990e-01 3.00e-05 5.42e-01  -4.1 1.85e-02    -  1.00e+00 1.00e+00h  1
 839  6.8029540e-01 7.75e-06 2.47e-01  -4.1 1.07e-02    -  1.00e+00 1.00e+00h  1
iter    objective    inf_pr   inf_du lg(mu)  ||d||  lg(rg) alpha_du alpha_pr  ls
 840  6.8271518e-01 5.59e-05 2.81e-01  -4.0 3.18e-02    -  1.00e+00 1.00e+00h  1
 841  6.7992160e-01 2.14e-04 1.07e+00  -4.1 6.46e-02    -  1.00e+00 1.00e+00h  1
 842  6.7885932e-01 1.43e-04 3.52e-01  -4.1 4.58e-02    -  1.00e+00 1.00e+00h  1
 843  6.8356462e-01 3.98e-05 8.10e-01  -4.0 5.20e-02    -  1.00e+00 1.00e+00H  1
 844  6.7974290e-01 2.57e-04 1.26e+00  -4.1 5.69e-02    -  1.00e+00 1.00e+00h  1
 845  6.7830778e-01 2.01e-04 1.05e+00  -4.1 7.58e-02    -  1.00e+00 1.00e+00h  1
 846  6.7955945e-01 7.67e-05 2.78e-01  -4.1 4.83e-02    -  1.00e+00 1.00e+00h  1
 847  6.8017596e-01 4.92e-05 7.50e-01  -4.1 2.65e-02    -  1.00e+00 1.00e+00h  1
 848  6.7975951e-01 2.98e-05 7.06e-02  -4.1 1.94e-02    -  1.00e+00 1.00e+00h  1
 849  6.8265171e-01 8.91e-05 4.41e-01  -4.0 3.53e-02    -  1.00e+00 1.00e+00h  1
iter    objective    inf_pr   inf_du lg(mu)  ||d||  lg(rg) alpha_du alpha_pr  ls
 850  6.8008497e-01 3.78e-04 1.14e+00  -4.1 6.83e-02    -  1.00e+00 1.00e+00h  1
 851  6.7908690e-01 1.03e-04 2.24e-01  -4.1 4.41e-02    -  1.00e+00 1.00e+00h  1
 852  6.7982895e-01 3.87e-05 7.45e-01  -4.1 2.54e-02    -  1.00e+00 1.00e+00h  1
 853  6.8008492e-01 2.42e-05 1.16e-01  -4.1 1.89e-02    -  1.00e+00 1.00e+00h  1
 854  6.8030940e-01 1.29e-06 9.79e-02  -4.1 5.17e-03    -  1.00e+00 1.00e+00h  1
 855  6.8335719e-01 8.39e-05 6.29e-01  -4.0 3.98e-02    -  1.00e+00 1.00e+00h  1
 856  6.7969521e-01 5.94e-04 2.19e+00  -4.1 9.49e-02    -  1.00e+00 1.00e+00h  1
 857  6.7708912e-01 3.14e-04 5.52e-01  -4.1 7.49e-02    -  1.00e+00 1.00e+00h  1
 858  6.7929736e-01 1.36e-04 9.71e-01  -4.1 5.10e-02    -  1.00e+00 1.00e+00h  1
 859  6.7930362e-01 8.02e-05 8.30e-01  -4.1 4.24e-02    -  1.00e+00 1.00e+00h  1
iter    objective    inf_pr   inf_du lg(mu)  ||d||  lg(rg) alpha_du alpha_pr  ls
 860  6.7976994e-01 2.83e-05 4.51e-01  -4.1 2.90e-02    -  1.00e+00 1.00e+00h  1
 861  6.8001525e-01 6.27e-06 2.64e-01  -4.1 9.75e-03    -  1.00e+00 1.00e+00h  1
 862  6.8112333e-01 1.31e-05 2.72e-01  -4.0 1.82e-02    -  1.00e+00 1.00e+00h  1
 863  6.8028897e-01 1.74e-05 2.33e-01  -4.1 2.05e-02    -  1.00e+00 1.00e+00h  1
 864  6.7975894e-01 1.44e-05 4.72e-01  -4.1 1.39e-02    -  1.00e+00 1.00e+00h  1
 865  6.8252865e-01 1.11e-04 4.77e-01  -4.0 3.94e-02    -  1.00e+00 1.00e+00h  1
 866  6.7998424e-01 1.43e-04 6.82e-01  -4.1 3.91e-02    -  1.00e+00 1.00e+00h  1
 867  6.7888882e-01 6.10e-05 5.79e-01  -4.1 3.34e-02    -  1.00e+00 1.00e+00h  1
 868  6.8303613e-01 1.78e-04 1.09e+00  -4.0 6.02e-02    -  1.00e+00 1.00e+00h  1
 869  6.7957240e-01 1.98e-04 1.43e+00  -4.1 6.92e-02    -  1.00e+00 1.00e+00h  1
iter    objective    inf_pr   inf_du lg(mu)  ||d||  lg(rg) alpha_du alpha_pr  ls
 870  6.7833206e-01 1.25e-04 6.78e-01  -4.1 5.11e-02    -  1.00e+00 1.00e+00h  1
 871  6.8302584e-01 5.36e-05 5.43e-01  -4.0 5.68e-02    -  1.00e+00 1.00e+00H  1
 872  6.7950035e-01 2.99e-04 9.84e-01  -4.1 5.75e-02    -  1.00e+00 1.00e+00h  1
 873  6.7860869e-01 1.06e-04 9.82e-01  -4.1 5.13e-02    -  1.00e+00 1.00e+00h  1
 874  6.8243940e-01 1.83e-04 4.58e-01  -4.0 5.42e-02    -  1.00e+00 1.00e+00h  1
 875  6.7996801e-01 2.41e-04 2.19e+00  -4.1 6.57e-02    -  1.00e+00 1.00e+00h  1
 876  6.7875738e-01 1.55e-04 2.79e-01  -4.1 5.63e-02    -  1.00e+00 1.00e+00h  1
 877  6.8014603e-01 5.68e-05 7.53e-01  -4.1 2.79e-02    -  1.00e+00 1.00e+00h  1
 878  6.8037378e-01 2.47e-05 6.36e-01  -4.1 2.29e-02    -  1.00e+00 1.00e+00h  1
 879  6.8035088e-01 9.28e-06 1.49e-01  -4.1 1.35e-02    -  1.00e+00 1.00e+00h  1
iter    objective    inf_pr   inf_du lg(mu)  ||d||  lg(rg) alpha_du alpha_pr  ls
 880  6.8043404e-01 1.80e-06 1.35e-01  -4.1 5.27e-03    -  1.00e+00 1.00e+00h  1
 881  6.8130070e-01 8.02e-06 1.95e-01  -4.0 1.20e-02    -  1.00e+00 1.00e+00h  1
 882  6.8017177e-01 6.07e-05 4.47e-01  -4.1 2.60e-02    -  1.00e+00 1.00e+00h  1
 883  6.7992097e-01 2.53e-05 1.87e-01  -4.1 2.06e-02    -  1.00e+00 1.00e+00h  1
 884  6.8009538e-01 1.07e-06 1.15e-01  -4.1 4.18e-03    -  1.00e+00 1.00e+00h  1
 885  6.8252931e-01 5.29e-05 4.40e-01  -4.0 3.30e-02    -  1.00e+00 1.00e+00h  1
 886  6.7991840e-01 7.27e-05 4.07e-01  -4.1 3.53e-02    -  1.00e+00 1.00e+00h  1
 887  6.7875092e-01 3.05e-04 2.17e+00  -4.1 7.06e-02    -  1.00e+00 1.00e+00h  1
 888  6.7884353e-01 1.06e-04 2.78e-01  -4.1 4.45e-02    -  1.00e+00 1.00e+00h  1
 889  6.7966763e-01 9.12e-05 8.07e-01  -4.1 3.47e-02    -  1.00e+00 1.00e+00h  1
iter    objective    inf_pr   inf_du lg(mu)  ||d||  lg(rg) alpha_du alpha_pr  ls
 890  6.7967285e-01 2.06e-05 2.16e-01  -4.1 1.98e-02    -  1.00e+00 1.00e+00h  1
 891  6.8238921e-01 4.98e-05 4.07e-01  -4.0 3.39e-02    -  1.00e+00 1.00e+00h  1
 892  6.7935540e-01 1.97e-03 2.35e+00  -4.1 1.46e-01    -  1.00e+00 1.00e+00h  1
 893  6.7790817e-01 8.10e-04 5.01e-01  -4.1 9.35e-02    -  1.00e+00 1.00e+00h  1
 894  6.7806379e-01 5.88e-04 6.09e-01  -4.1 7.67e-02    -  1.00e+00 1.00e+00h  1
 895  6.7966517e-01 1.14e-04 5.08e-01  -4.1 3.92e-02    -  1.00e+00 1.00e+00h  1
 896  6.7997253e-01 7.54e-05 9.00e-01  -4.1 3.16e-02    -  1.00e+00 1.00e+00h  1
 897  6.7958966e-01 4.34e-05 1.02e-01  -4.1 2.52e-02    -  1.00e+00 1.00e+00h  1
 898  6.8066714e-01 3.44e-06 1.44e-01  -4.0 1.63e-02    -  1.00e+00 1.00e+00h  1
 899  6.8000944e-01 1.31e-05 3.08e-01  -4.1 1.59e-02    -  1.00e+00 1.00e+00h  1
iter    objective    inf_pr   inf_du lg(mu)  ||d||  lg(rg) alpha_du alpha_pr  ls
 900  6.7972045e-01 3.68e-05 5.26e-01  -4.1 2.71e-02    -  1.00e+00 1.00e+00h  1
 901  6.7977428e-01 1.52e-05 7.52e-02  -4.1 1.74e-02    -  1.00e+00 1.00e+00h  1
 902  6.8012378e-01 1.32e-06 4.54e-02  -4.1 6.29e-03    -  1.00e+00 1.00e+00h  1
 903  6.7988864e-01 2.09e-06 1.45e-01  -4.1 6.78e-03    -  1.00e+00 1.00e+00h  1
 904  6.8319578e-01 1.07e-04 1.04e+00  -4.0 4.85e-02    -  1.00e+00 1.00e+00h  1
 905  6.7985806e-01 4.76e-04 1.17e+00  -4.1 9.92e-02    -  1.00e+00 1.00e+00h  1
 906  6.7807592e-01 8.22e-04 3.56e+00  -4.1 1.07e-01    -  1.00e+00 1.00e+00h  1
 907  6.7700655e-01 2.55e-04 5.02e-01  -4.1 7.60e-02    -  1.00e+00 1.00e+00h  1
 908  6.7919957e-01 1.60e-04 1.12e+00  -4.1 7.54e-02    -  1.00e+00 1.00e+00h  1
 909  6.7906428e-01 6.13e-05 5.56e-01  -4.1 4.14e-02    -  1.00e+00 1.00e+00h  1
iter    objective    inf_pr   inf_du lg(mu)  ||d||  lg(rg) alpha_du alpha_pr  ls
 910  6.7955169e-01 2.42e-05 3.68e-01  -4.1 2.28e-02    -  1.00e+00 1.00e+00h  1
 911  6.8191827e-01 2.13e-04 9.43e-01  -4.0 6.21e-02    -  1.00e+00 1.00e+00h  1
 912  6.7972918e-01 2.25e-04 9.98e-01  -4.1 8.14e-02    -  1.00e+00 1.00e+00h  1
 913  6.7777658e-01 9.92e-04 2.07e+00  -4.1 1.17e-01    -  1.00e+00 1.00e+00h  1
 914  6.7735955e-01 5.73e-04 8.49e-01  -4.1 9.50e-02    -  1.00e+00 1.00e+00h  1
 915  6.7748937e-01 3.50e-04 3.36e+00  -4.1 9.61e-02    -  1.00e+00 6.92e-01h  1
 916  6.7785223e-01 2.58e-04 5.50e+00  -4.1 4.69e-02    -  1.00e+00 2.50e-01f  3
 917  6.7942045e-01 8.84e-05 6.81e-01  -4.1 3.50e-02    -  1.00e+00 1.00e+00h  1
 918  6.7968850e-01 3.23e-05 8.83e-01  -4.1 2.73e-02    -  1.00e+00 1.00e+00h  1
 919  6.7969761e-01 8.47e-06 2.04e-01  -4.1 1.35e-02    -  1.00e+00 1.00e+00h  1
iter    objective    inf_pr   inf_du lg(mu)  ||d||  lg(rg) alpha_du alpha_pr  ls
 920  6.8013343e-01 1.09e-05 2.60e-01  -4.0 1.42e-02    -  1.00e+00 1.00e+00h  1
 921  6.8000622e-01 1.94e-06 8.20e-02  -4.1 7.04e-03    -  1.00e+00 1.00e+00h  1
 922  6.8065137e-01 4.03e-06 1.97e-01  -4.0 8.72e-03    -  1.00e+00 1.00e+00h  1
 923  6.7994575e-01 3.91e-05 4.63e-01  -4.1 2.87e-02    -  1.00e+00 1.00e+00h  1
 924  6.7971223e-01 4.14e-05 9.18e-02  -4.1 2.87e-02    -  1.00e+00 1.00e+00h  1
 925  6.7993306e-01 2.74e-06 1.63e-01  -4.1 5.46e-03    -  1.00e+00 1.00e+00h  1
 926  6.8193981e-01 3.80e-05 4.29e-01  -4.0 2.86e-02    -  1.00e+00 1.00e+00h  1
 927  6.7989771e-01 1.90e-04 2.37e+00  -4.1 4.93e-02    -  1.00e+00 1.00e+00h  1
 928  6.7893008e-01 1.13e-04 3.04e-01  -4.1 4.69e-02    -  1.00e+00 1.00e+00h  1
 929  6.7964654e-01 3.12e-05 4.86e-01  -4.1 2.24e-02    -  1.00e+00 1.00e+00h  1
iter    objective    inf_pr   inf_du lg(mu)  ||d||  lg(rg) alpha_du alpha_pr  ls
 930  6.7994345e-01 8.12e-06 2.35e-01  -4.1 1.26e-02    -  1.00e+00 1.00e+00h  1
 931  6.7992944e-01 2.12e-06 1.44e-01  -4.1 5.52e-03    -  1.00e+00 1.00e+00h  1
 932  6.8241267e-01 6.11e-05 3.97e-01  -4.0 3.55e-02    -  1.00e+00 1.00e+00h  1
 933  6.7957181e-01 1.10e-03 3.78e+00  -4.1 1.42e-01    -  1.00e+00 1.00e+00h  1
 934  6.7720747e-01 4.06e-04 1.02e+00  -4.1 8.66e-02    -  1.00e+00 1.00e+00h  1
 935  6.7602807e-01 4.60e-04 1.32e+00  -4.1 1.12e-01    -  1.00e+00 1.00e+00h  1
 936  6.7626843e-01 9.79e-04 1.70e+00  -4.1 1.23e-01    -  1.00e+00 1.00e+00h  1
 937  6.7912494e-01 4.63e-04 3.35e-01  -4.0 6.35e-02    -  1.00e+00 1.00e+00h  1
 938  6.7943033e-01 1.75e-04 1.85e+01  -4.1 6.65e-02    -  1.00e+00 7.04e-01h  1
 939  6.7946654e-01 7.51e-05 1.65e+01  -4.1 4.89e-02    -  1.00e+00 5.00e-01f  2
iter    objective    inf_pr   inf_du lg(mu)  ||d||  lg(rg) alpha_du alpha_pr  ls
 940  6.7983419e-01 2.75e-05 5.28e-01  -4.1 2.56e-02    -  1.00e+00 1.00e+00h  1
 941  6.7998321e-01 1.14e-05 1.70e-01  -4.1 1.69e-02    -  1.00e+00 1.00e+00h  1
 942  6.7995103e-01 1.59e-05 4.34e-01  -4.1 1.85e-02    -  1.00e+00 1.00e+00h  1
 943  6.7998756e-01 1.03e-05 6.47e-02  -4.1 1.36e-02    -  1.00e+00 1.00e+00h  1
 944  6.8003140e-01 6.71e-07 6.00e-02  -4.1 3.13e-03    -  1.00e+00 1.00e+00h  1
 945  6.8177555e-01 3.75e-05 6.49e-01  -4.0 2.61e-02    -  1.00e+00 1.00e+00h  1
 946  6.8011250e-01 3.67e-05 2.89e-01  -4.1 2.55e-02    -  1.00e+00 1.00e+00h  1
 947  6.7936651e-01 4.81e-05 9.00e-01  -4.1 3.06e-02    -  1.00e+00 1.00e+00h  1
 948  6.8221711e-01 7.22e-05 4.29e-01  -4.0 4.87e-02    -  1.00e+00 1.00e+00h  1
 949  6.7976651e-01 1.31e-04 7.17e-01  -4.1 4.78e-02    -  1.00e+00 1.00e+00h  1
iter    objective    inf_pr   inf_du lg(mu)  ||d||  lg(rg) alpha_du alpha_pr  ls
 950  6.7904572e-01 1.11e-04 5.84e-01  -4.1 4.47e-02    -  1.00e+00 1.00e+00h  1
 951  6.7993023e-01 3.06e-05 3.66e-01  -4.1 2.11e-02    -  1.00e+00 1.00e+00h  1
 952  6.7991006e-01 1.04e-05 4.39e-01  -4.1 1.40e-02    -  1.00e+00 1.00e+00h  1
 953  6.7985706e-01 4.66e-06 1.35e-01  -4.1 1.04e-02    -  1.00e+00 1.00e+00h  1
 954  6.8202520e-01 2.78e-05 4.13e-01  -4.0 2.82e-02    -  1.00e+00 1.00e+00h  1
 955  6.8004802e-01 2.73e-05 5.27e-01  -4.1 3.08e-02    -  1.00e+00 1.00e+00h  1
 956  6.7953801e-01 1.43e-04 1.25e+00  -4.1 5.82e-02    -  1.00e+00 1.00e+00h  1
 957  6.7949234e-01 5.05e-05 1.66e-01  -4.1 3.21e-02    -  1.00e+00 1.00e+00h  1
 958  6.8283075e-01 1.19e-04 8.64e-01  -4.0 4.40e-02    -  1.00e+00 1.00e+00h  1
 959  6.7971602e-01 1.32e-04 4.94e-01  -4.1 4.70e-02    -  1.00e+00 1.00e+00h  1
iter    objective    inf_pr   inf_du lg(mu)  ||d||  lg(rg) alpha_du alpha_pr  ls
 960  6.7752963e-01 1.54e-03 4.36e+00  -4.1 2.12e-01    -  1.00e+00 1.00e+00h  1
 961  6.7812458e-01 4.41e-04 9.49e-01  -4.1 1.13e-01    -  1.00e+00 1.00e+00h  1
 962  6.7706717e-01 2.35e-04 2.02e-01  -4.1 8.22e-02    -  1.00e+00 1.00e+00h  1
 963  6.8196369e-01 1.68e-04 1.14e+01  -4.0 6.52e-02    -  1.00e+00 7.82e-01H  1
 964  6.7874295e-01 1.30e-04 7.87e-01  -4.1 4.68e-02    -  1.00e+00 1.00e+00h  1
 965  6.7870636e-01 3.07e-04 3.22e+00  -4.1 1.10e-01    -  1.00e+00 1.00e+00h  1
 966  6.7880119e-01 1.15e-04 2.84e-01  -4.1 6.43e-02    -  1.00e+00 1.00e+00h  1
 967  6.8009363e-01 3.91e-05 5.58e-01  -4.1 2.97e-02    -  1.00e+00 1.00e+00h  1
 968  6.8018991e-01 1.12e-05 2.49e-01  -4.1 1.79e-02    -  1.00e+00 1.00e+00h  1
 969  6.8017855e-01 4.54e-06 2.33e-01  -4.1 9.16e-03    -  1.00e+00 1.00e+00h  1
iter    objective    inf_pr   inf_du lg(mu)  ||d||  lg(rg) alpha_du alpha_pr  ls
 970  6.8018264e-01 1.18e-06 6.93e-02  -4.1 4.90e-03    -  1.00e+00 1.00e+00h  1
 971  6.8065647e-01 1.93e-06 1.14e-01  -4.0 6.10e-03    -  1.00e+00 1.00e+00h  1
 972  6.8011395e-01 9.49e-06 2.91e-01  -4.1 1.25e-02    -  1.00e+00 1.00e+00h  1
 973  6.7985630e-01 1.25e-05 2.24e-01  -4.1 1.57e-02    -  1.00e+00 1.00e+00h  1
 974  6.8002356e-01 5.35e-06 5.76e-02  -4.1 9.90e-03    -  1.00e+00 1.00e+00h  1
 975  6.8004098e-01 1.46e-07 2.66e-02  -4.1 1.58e-03    -  1.00e+00 1.00e+00h  1
 976  6.8232475e-01 4.58e-05 5.85e-01  -4.0 2.99e-02    -  1.00e+00 1.00e+00h  1
 977  6.7996749e-01 6.76e-05 4.11e-01  -4.1 3.83e-02    -  1.00e+00 1.00e+00h  1
 978  6.7944002e-01 2.54e-04 1.44e+00  -4.1 8.03e-02    -  1.00e+00 1.00e+00h  1
 979  6.7877274e-01 1.51e-04 3.42e-01  -4.1 6.62e-02    -  1.00e+00 1.00e+00h  1
iter    objective    inf_pr   inf_du lg(mu)  ||d||  lg(rg) alpha_du alpha_pr  ls
 980  6.7904962e-01 9.71e-05 6.48e+00  -4.1 6.80e-02    -  1.00e+00 5.00e-01h  2
 981  6.7951380e-01 5.31e-05 7.33e-01  -4.1 3.25e-02    -  1.00e+00 1.00e+00h  1
 982  6.7947717e-01 5.98e-05 6.17e-01  -4.1 2.79e-02    -  1.00e+00 1.00e+00h  1
 983  6.7985579e-01 6.07e-06 1.94e-01  -4.1 1.48e-02    -  1.00e+00 1.00e+00h  1
 984  6.7991812e-01 2.39e-06 2.27e-01  -4.1 7.35e-03    -  1.00e+00 1.00e+00h  1
 985  6.7989645e-01 1.34e-05 2.65e-01  -4.1 1.12e-02    -  1.00e+00 1.00e+00h  1
 986  6.7986843e-01 4.94e-06 9.83e-02  -4.1 9.33e-03    -  1.00e+00 1.00e+00h  1
 987  6.7992442e-01 2.26e-06 7.99e-02  -4.1 5.67e-03    -  1.00e+00 1.00e+00h  1
 988  6.8048666e-01 4.82e-06 1.74e-01  -4.0 7.32e-03    -  1.00e+00 1.00e+00h  1
 989  6.8002799e-01 3.61e-06 1.32e-01  -4.1 9.84e-03    -  1.00e+00 1.00e+00h  1
iter    objective    inf_pr   inf_du lg(mu)  ||d||  lg(rg) alpha_du alpha_pr  ls
 990  6.7985003e-01 5.28e-06 2.16e-01  -4.1 9.92e-03    -  1.00e+00 1.00e+00h  1
 991  6.7977747e-01 5.50e-06 1.58e-01  -4.1 9.05e-03    -  1.00e+00 1.00e+00h  1
 992  6.8207374e-01 5.65e-05 5.49e-01  -4.0 3.33e-02    -  1.00e+00 1.00e+00h  1
 993  6.7992939e-01 9.10e-05 6.36e-01  -4.1 3.81e-02    -  1.00e+00 1.00e+00h  1
 994  6.7932896e-01 4.79e-05 5.74e-01  -4.1 2.95e-02    -  1.00e+00 1.00e+00h  1
 995  6.8219045e-01 9.33e-05 4.19e-01  -4.0 4.37e-02    -  1.00e+00 1.00e+00h  1
 996  6.7980217e-01 9.69e-05 5.03e-01  -4.1 4.32e-02    -  1.00e+00 1.00e+00h  1
 997  6.7919737e-01 2.34e-04 2.02e+00  -4.1 5.40e-02    -  1.00e+00 1.00e+00h  1
 998  6.7892635e-01 9.12e-05 6.20e-01  -4.1 4.04e-02    -  1.00e+00 1.00e+00h  1
 999  6.7991246e-01 4.96e-05 1.13e+00  -4.1 3.99e-02    -  1.00e+00 1.00e+00H  1
iter    objective    inf_pr   inf_du lg(mu)  ||d||  lg(rg) alpha_du alpha_pr  ls
1000  6.7956709e-01 5.21e-05 3.44e-01  -4.1 3.46e-02    -  1.00e+00 1.00e+00h  1

Number of Iterations....: 1000

                                   (scaled)                 (unscaled)
Objective...............:   6.7956708962085732e-01    6.7956708962085732e-01
Dual infeasibility......:   3.4421292770695050e-01    3.4421292770695050e-01
Constraint violation....:   5.2143218619349341e-05    5.2143218619349341e-05
Variable bound violation:   0.0000000000000000e+00    0.0000000000000000e+00
Complementarity.........:   8.0010007259915096e-05    8.0010007259915096e-05
Overall NLP error.......:   3.4421292770695050e-01    3.4421292770695050e-01


Number of objective function evaluations             = 1276
Number of objective gradient evaluations             = 1001
Number of equality constraint evaluations            = 1276
Number of inequality constraint evaluations          = 1276
Number of equality constraint Jacobian evaluations   = 1001
Number of inequality constraint Jacobian evaluations = 1001
Number of Lagrangian Hessian evaluations             = 0
Total seconds in IPOPT                               = 1914.043

EXIT: Maximum Number of Iterations Exceeded.
