
******************************************************************************
This program contains Ipopt, a library for large-scale nonlinear optimization.
 Ipopt is released as open source code under the Eclipse Public License (EPL).
         For more information visit https://github.com/coin-or/Ipopt
******************************************************************************

This is Ipopt version 3.14.19, running with linear solver MUMPS 5.8.2.

Number of nonzeros in equality constraint Jacobian...:  1215565
Number of nonzeros in inequality constraint Jacobian.:     5312
Number of nonzeros in Lagrangian Hessian.............:        0

Total number of variables............................:     3879
                     variables with only lower bounds:        0
                variables with lower and upper bounds:      824
                     variables with only upper bounds:        0
Total number of equality constraints.................:     3726
Total number of inequality constraints...............:      553
        inequality constraints with only lower bounds:        0
   inequality constraints with lower and upper bounds:        0
        inequality constraints with only upper bounds:      553

iter    objective    inf_pr   inf_du lg(mu)  ||d||  lg(rg) alpha_du alpha_pr  ls
   0  6.0432155e-03 9.86e+00 1.00e+00   0.0 0.00e+00    -  0.00e+00 0.00e+00   0
   1  6.1825457e-03 9.76e+00 8.38e+01  -0.2 1.70e+02    -  6.08e-02 1.07e-02f  1
   2  1.4486943e-02 9.35e+00 1.94e+03   0.3 1.68e+02    -  5.48e-01 4.48e-02f  1
   3  7.8797560e-02 8.72e+00 1.06e+04   1.5 1.61e+02    -  6.97e-01 7.08e-02f  1
   4  3.9618212e-01 7.93e+00 1.00e+04   2.4 1.49e+02    -  1.41e-01 8.24e-02f  1
   5  1.1665934e+00 6.91e+00 6.66e+04   2.3 1.37e+02    -  8.63e-01 1.36e-01f  1
   6  7.0174739e+00 6.99e+00 1.09e+05   2.8 1.18e+02    -  7.00e-01 2.82e-01f  1
   7  1.3145398e+01 5.81e+00 2.22e+05   2.8 8.50e+01    -  4.81e-01 2.14e-01f  1
   8  3.4314032e+01 8.65e+00 6.05e+05   2.8 6.68e+01    -  4.27e-01 3.80e-01H  1
   9  8.3793401e+01 7.63e+00 8.30e+05   2.8 8.15e+01    -  4.87e-01 3.37e-01h  1
iter    objective    inf_pr   inf_du lg(mu)  ||d||  lg(rg) alpha_du alpha_pr  ls
  10  1.3039233e+02 7.46e+00 5.10e+05   2.8 7.04e+01    -  3.71e-01 3.96e-01h  1
  11  1.6722623e+02 7.97e+00 6.21e+05   2.8 8.72e+01    -  7.21e-01 3.50e-01h  1
  12  2.1690397e+02 6.51e+00 1.04e+06   2.8 7.49e+01    -  9.99e-01 5.10e-01h  1
  13  2.6462166e+02 5.64e+00 6.37e+05   2.8 4.65e+01    -  7.01e-01 8.88e-01f  1
  14  2.3651404e+02 3.95e+00 3.24e+05   2.7 4.01e+01    -  1.00e+00 1.00e+00f  1
  15  2.1177975e+02 1.13e+00 8.78e+04   2.2 1.78e+01    -  1.00e+00 1.00e+00h  1
  16  2.1700946e+02 3.94e+00 1.53e+05   2.6 2.48e+01    -  9.94e-01 1.00e+00f  1
  17  2.1244151e+02 9.21e-01 1.19e+05   2.5 1.11e+01    -  1.00e+00 1.00e+00f  1
  18  2.0850401e+02 1.21e-01 2.71e+04   1.5 4.13e+00    -  9.99e-01 1.00e+00h  1
  19  2.1102616e+02 1.57e-01 3.25e+04   1.2 5.33e+00    -  1.00e+00 1.00e+00f  1
iter    objective    inf_pr   inf_du lg(mu)  ||d||  lg(rg) alpha_du alpha_pr  ls
  20  2.1095835e+02 1.06e-01 2.34e+04   1.1 3.74e+00    -  1.00e+00 1.00e+00h  1
  21  2.1122325e+02 3.36e-02 1.26e+04   0.7 1.81e+00    -  1.00e+00 1.00e+00h  1
  22  2.1144989e+02 2.76e-03 9.60e+03  -0.0 2.46e+00    -  1.00e+00 1.00e+00H  1
  23  2.1152521e+02 1.95e-04 5.39e+03  -0.5 1.39e+00    -  1.00e+00 1.00e+00H  1
  24  2.1122865e+02 9.89e-03 3.02e+03  -1.6 8.43e-01    -  1.00e+00 1.00e+00f  1
  25  2.1109601e+02 7.81e-04 1.21e+03  -2.7 1.56e-01    -  1.00e+00 1.00e+00h  1
  26  2.1062432e+02 2.60e-03 9.40e+02  -3.9 3.21e-01    -  1.00e+00 1.00e+00f  1
  27  2.0733147e+02 8.53e-02 9.94e+03  -4.0 1.73e+00    -  1.00e+00 1.00e+00f  1
  28  2.0566742e+02 1.06e-02 9.52e+03  -4.0 9.16e-01    -  1.00e+00 1.00e+00h  1
  29  2.0460646e+02 1.44e-02 9.73e+03  -4.0 1.62e+00    -  1.00e+00 2.80e-01f  1
iter    objective    inf_pr   inf_du lg(mu)  ||d||  lg(rg) alpha_du alpha_pr  ls
  30  2.0456805e+02 1.44e-02 1.82e+04  -3.7 8.51e+00    -  1.00e+00 1.87e-03h  1
  31  2.0310065e+02 2.84e-02 1.53e+04  -4.0 8.08e+00    -  1.00e+00 7.78e-02f  1
  32  2.0074435e+02 5.68e-02 1.34e+04  -3.2 6.27e+00    -  1.00e+00 1.57e-01f  1
  33  2.0057106e+02 4.59e-04 5.39e+02  -2.2 1.68e-01    -  1.00e+00 1.00e+00h  1
  34  2.0052403e+02 4.20e-04 2.67e+03  -4.0 3.98e-01    -  8.69e-01 8.71e-02h  1
  35  1.9961394e+02 1.95e-03 4.41e+03  -3.7 9.97e-01    -  1.00e+00 5.24e-01f  1
  36  1.9514027e+02 5.75e-02 5.27e+03  -1.7 5.20e+00    -  1.00e+00 4.33e-01f  1
  37  1.8847857e+02 1.25e-01 6.22e+03  -1.4 1.11e+01    -  8.81e-01 3.28e-01f  1
  38  1.8322629e+02 5.15e-01 1.07e+04  -0.6 6.41e+00    -  5.91e-01 6.18e-01f  1
  39  1.6373732e+02 8.99e-01 1.37e+04  -0.5 3.20e+01    -  8.05e-01 4.46e-01f  1
iter    objective    inf_pr   inf_du lg(mu)  ||d||  lg(rg) alpha_du alpha_pr  ls
  40  1.4673322e+02 1.88e+00 2.01e+04  -0.2 2.90e+01    -  6.48e-01 4.61e-01f  1
  41  1.3924817e+02 2.76e+00 1.92e+04   0.2 1.25e+02    -  8.58e-01 2.03e-01f  2
  42  1.2818261e+02 6.79e-01 1.01e+04  -0.4 1.09e+01    -  1.00e+00 1.00e+00h  1
  43  1.1939996e+02 4.90e-01 5.28e+03  -0.9 1.76e+01    -  1.00e+00 5.02e-01f  1
  44  9.9278220e+01 1.88e+00 3.84e+03  -0.6 4.59e+01    -  1.00e+00 4.55e-01f  1
  45  8.1566043e+01 1.26e+01 1.26e+03  -0.4 5.02e+01    -  1.00e+00 7.78e-01f  1
  46  5.8338638e+01 3.61e+00 6.29e+02  -0.5 2.41e+01    -  9.59e-01 1.00e+00f  1
  47  4.3584359e+01 3.88e+00 1.59e+02  -0.7 2.22e+01    -  1.00e+00 1.00e+00h  1
  48  2.8193989e+01 2.62e+00 1.19e+02  -0.8 2.58e+01    -  1.00e+00 1.00e+00h  1
  49  3.1035951e+01 1.87e+00 1.15e+02  -0.5 1.25e+01    -  1.00e+00 1.00e+00h  1
iter    objective    inf_pr   inf_du lg(mu)  ||d||  lg(rg) alpha_du alpha_pr  ls
  50  2.6517336e+01 1.85e+00 1.37e+02  -0.7 1.43e+01    -  9.96e-01 1.00e+00h  1
  51  1.7697427e+01 1.08e+00 6.80e+01  -1.1 1.00e+01    -  9.99e-01 1.00e+00h  1
  52  2.0187179e+01 1.97e+00 1.62e+02  -0.6 1.37e+01    -  1.00e+00 1.00e+00f  1
  53  1.8841614e+01 9.37e-01 9.08e+01  -0.7 6.94e+00    -  1.00e+00 1.00e+00h  1
  54  1.2628874e+01 8.09e-01 8.32e+01  -1.1 8.09e+00    -  1.00e+00 1.00e+00h  1
  55  8.6777908e+00 4.42e+00 1.10e+02  -1.3 1.65e+01    -  1.00e+00 9.93e-01h  1
  56  8.6980471e+00 2.90e+00 6.58e+01  -1.0 1.33e+01    -  1.00e+00 1.00e+00f  1
  57  6.8013293e+00 7.62e-01 3.17e+01  -1.0 6.81e+00    -  1.00e+00 1.00e+00h  1
  58  6.0857045e+00 7.72e-01 1.05e+02  -1.1 4.77e+00    -  9.98e-01 1.00e+00h  1
  59  5.1322955e+00 3.76e-01 2.03e+01  -1.3 3.03e+00    -  1.00e+00 1.00e+00h  1
iter    objective    inf_pr   inf_du lg(mu)  ||d||  lg(rg) alpha_du alpha_pr  ls
  60  3.5673574e+00 9.32e-01 5.18e+01  -1.6 6.26e+00    -  1.00e+00 9.33e-01h  1
  61  4.6887059e+00 1.42e+00 5.06e+01  -1.1 7.51e+00    -  1.00e+00 1.00e+00f  1
  62  3.7396086e+00 4.98e-01 2.55e+01  -1.2 4.69e+00    -  1.00e+00 1.00e+00h  1
  63  3.0017186e+00 3.90e-01 3.95e+01  -1.6 2.99e+00    -  1.00e+00 1.00e+00h  1
  64  2.7807572e+00 5.13e-01 4.09e+01  -1.2 4.14e+00    -  1.00e+00 9.98e-01h  1
  65  2.2386948e+00 3.97e-01 2.86e+01  -1.6 2.78e+00    -  1.00e+00 1.00e+00h  1
  66  1.6422731e+00 3.35e-01 1.85e+01  -2.0 2.38e+00    -  1.00e+00 1.00e+00h  1
  67  1.3949278e+00 8.48e-01 4.46e+01  -1.6 4.76e+00    -  9.57e-01 1.00e+00h  1
  68  1.1537853e+00 2.26e-01 1.75e+01  -1.9 2.71e+00    -  1.00e+00 1.00e+00h  1
  69  1.2507677e+00 2.25e-01 2.82e+01  -1.6 2.61e+00    -  1.00e+00 7.06e-01h  1
iter    objective    inf_pr   inf_du lg(mu)  ||d||  lg(rg) alpha_du alpha_pr  ls
  70  1.2395687e+00 6.56e-02 1.46e+01  -1.7 1.48e+00    -  1.00e+00 1.00e+00h  1
  71  1.2154810e+00 4.44e-02 2.59e+01  -1.9 1.15e+00    -  1.00e+00 3.68e-01h  2
  72  1.1223834e+00 9.31e-02 4.82e+01  -2.8 2.26e+00    -  1.00e+00 1.00e+00h  1
  73  9.8583987e-01 4.99e-02 3.58e+01  -2.2 1.87e+00    -  1.00e+00 6.23e-01h  1
  74  1.0678524e+00 3.41e-01 5.59e+01  -2.0 2.84e+00    -  1.00e+00 1.00e+00h  1
  75  9.4798856e-01 1.30e-01 2.81e+01  -2.1 1.24e+00    -  9.28e-01 8.43e-01h  1
  76  8.3703064e-01 1.27e-01 2.55e+01  -2.4 1.78e+00    -  1.00e+00 1.00e+00h  1
  77  8.1122189e-01 7.21e-02 1.15e+01  -2.5 1.20e+00    -  1.00e+00 3.86e-01h  1
  78  7.9528598e-01 4.69e-02 2.77e+01  -2.3 2.87e+00    -  1.00e+00 5.00e-01h  2
  79  7.3947817e-01 2.54e-01 2.18e+01  -2.3 2.01e+00    -  1.00e+00 1.00e+00h  1
iter    objective    inf_pr   inf_du lg(mu)  ||d||  lg(rg) alpha_du alpha_pr  ls
  80  7.8863171e-01 6.31e-01 3.85e+01  -2.1 4.65e+00    -  1.00e+00 6.65e-01h  1
  81  6.5247144e-01 1.88e-01 1.09e+01  -2.2 2.36e+00    -  1.00e+00 1.00e+00h  1
  82  8.1818260e-01 1.70e-01 2.04e+01  -1.9 2.07e+00    -  1.00e+00 8.12e-01h  1
  83  7.6490532e-01 6.03e-02 6.46e+00  -2.0 9.70e-01    -  1.00e+00 9.02e-01h  1
  84  7.8556453e-01 3.01e-02 2.49e+01  -2.2 9.53e-01    -  6.39e-01 6.49e-01H  1
  85  6.1327171e-01 3.06e-01 3.86e+01  -2.6 2.48e+00    -  1.00e+00 1.00e+00h  1
  86  5.5312774e-01 2.71e-01 1.96e+01  -2.4 1.96e+00    -  1.00e+00 1.00e+00h  1
  87  6.5472740e-01 1.86e-01 9.00e+00  -2.1 2.83e+00    -  1.00e+00 1.00e+00h  1
  88  6.5738705e-01 1.04e-01 5.60e+00  -2.2 1.72e+00    -  1.00e+00 1.00e+00h  1
  89  5.4850670e-01 9.69e-02 1.20e+01  -2.4 2.69e+00    -  1.00e+00 6.14e-01h  1
iter    objective    inf_pr   inf_du lg(mu)  ||d||  lg(rg) alpha_du alpha_pr  ls
  90  1.4038318e+00 1.11e+00 5.26e+01  -1.7 5.45e+00    -  1.00e+00 1.00e+00f  1
  91  1.1582687e+00 5.08e-01 4.34e+01  -1.8 6.05e+00    -  9.93e-01 5.60e-01h  1
  92  8.6976793e-01 2.63e-01 9.36e+00  -1.8 2.42e+00    -  9.79e-01 1.00e+00h  1
  93  8.1213689e-01 2.91e-01 2.27e+01  -1.8 2.63e+00    -  1.00e+00 1.00e+00h  1
  94  8.2018940e-01 1.37e-01 8.56e+00  -1.8 1.73e+00    -  1.00e+00 1.00e+00h  1
  95  8.1433130e-01 8.79e-02 2.55e+01  -1.8 1.50e+00    -  1.00e+00 7.06e-01h  1
  96  8.2602259e-01 5.08e-02 1.60e+01  -1.8 1.04e+00    -  1.00e+00 1.00e+00h  1
  97  8.5377236e-01 1.79e-02 3.43e+01  -2.4 1.19e+00    -  9.66e-01 6.62e-01H  1
  98  7.7803544e-01 3.46e-02 3.45e+01  -2.4 9.76e-01    -  1.00e+00 8.20e-01h  1
  99  6.0188427e-01 1.81e-01 4.33e+01  -2.5 3.44e+00    -  3.54e-01 6.45e-01h  1
iter    objective    inf_pr   inf_du lg(mu)  ||d||  lg(rg) alpha_du alpha_pr  ls
 100  5.8951082e-01 1.08e-01 2.69e+01  -2.5 1.40e+00    -  1.00e+00 9.66e-01h  1
 101  6.1580297e-01 5.06e-02 1.12e+01  -2.7 1.00e+00    -  1.00e+00 5.69e-01h  1
 102  8.0457031e-01 9.09e-02 1.47e+01  -1.7 3.25e+00    -  9.90e-01 5.85e-01f  1
 103  9.6004678e-01 1.82e-01 3.11e+01  -1.8 2.45e+00    -  1.00e+00 1.00e+00h  1
 104  8.3043170e-01 9.10e-02 2.61e+01  -1.8 1.95e+00    -  1.00e+00 1.00e+00h  1
 105  7.6834293e-01 1.28e-01 2.17e+01  -1.8 1.35e+00    -  1.00e+00 1.00e+00h  1
 106  8.2978866e-01 6.80e-02 2.28e+01  -1.8 9.35e-01    -  1.00e+00 1.00e+00h  1
 107  8.5410447e-01 3.79e-02 3.29e+01  -1.8 7.65e-01    -  1.00e+00 1.00e+00h  1
 108  8.3691040e-01 2.03e-02 1.87e+01  -1.8 7.98e-01    -  1.00e+00 5.00e-01h  2
 109  8.2498967e-01 1.24e-02 1.90e+01  -2.5 6.98e-01    -  1.00e+00 5.00e-01h  2
iter    objective    inf_pr   inf_du lg(mu)  ||d||  lg(rg) alpha_du alpha_pr  ls
 110  8.0459978e-01 1.82e-02 2.09e+01  -3.4 9.67e-01    -  1.00e+00 7.28e-01h  1
 111  7.1608031e-01 6.57e-02 1.73e+01  -3.5 1.15e+00    -  1.00e+00 9.54e-01h  1
 112  5.9292238e-01 5.79e-02 1.86e+01  -3.5 3.57e+00    -  3.00e-01 4.31e-01h  1
 113  5.8182316e-01 5.31e-02 1.70e+01  -3.5 1.25e+00    -  2.25e-01 8.47e-02h  1
 114  5.1293625e-01 5.10e-02 1.26e+01  -4.0 1.43e+00    -  5.56e-02 4.50e-01h  1
 115  6.0861008e-01 1.40e-01 3.40e+01  -2.4 4.65e+00    -  6.91e-01 3.27e-01f  1
 116  5.4809214e-01 7.45e-02 2.37e+01  -2.6 1.16e+00    -  1.00e+00 1.00e+00h  1
 117  4.8956761e-01 5.05e-02 8.96e+00  -2.8 1.12e+00    -  1.00e+00 6.86e-01h  1
 118  5.1603891e-01 4.11e-02 1.92e+01  -2.5 7.12e-01    -  1.00e+00 1.00e+00h  1
 119  4.7696998e-01 2.85e-02 8.90e+00  -3.0 6.07e-01    -  1.00e+00 1.00e+00h  1
iter    objective    inf_pr   inf_du lg(mu)  ||d||  lg(rg) alpha_du alpha_pr  ls
 120  4.7624673e-01 1.29e-02 1.41e+01  -3.1 4.77e-01    -  1.00e+00 7.39e-01h  1
 121  4.7987264e-01 7.28e-03 1.18e+01  -3.4 4.59e-01    -  6.71e-01 5.52e-01h  1
 122  4.8006401e-01 5.23e-03 6.79e+00  -3.7 5.56e-01    -  1.00e+00 3.27e-01h  1
 123  5.0297841e-01 3.09e-03 2.17e+01  -3.4 4.62e-01    -  1.00e+00 6.99e-01H  1
 124  4.8622511e-01 4.95e-03 1.11e+01  -3.5 4.05e-01    -  9.03e-01 7.72e-01h  1
 125  4.8056242e-01 3.11e-03 1.14e+01  -3.6 4.64e-01    -  1.00e+00 5.60e-01h  1
 126  4.7927244e-01 2.45e-03 5.56e+00  -3.7 2.22e-01    -  1.00e+00 7.60e-01h  1
 127  4.8037226e-01 1.70e-03 1.30e+01  -4.0 2.17e-01    -  1.00e+00 3.62e-01h  1
 128  4.7430171e-01 8.14e-02 5.25e+01  -2.7 2.17e+00    -  4.03e-01 5.10e-01f  1
 129  4.4432602e-01 2.59e-02 2.11e+01  -3.6 5.08e-01    -  9.72e-01 1.00e+00h  1
iter    objective    inf_pr   inf_du lg(mu)  ||d||  lg(rg) alpha_du alpha_pr  ls
 130  4.1846743e-01 1.57e-02 1.53e+01  -3.3 5.05e-01    -  1.00e+00 9.47e-01h  1
 131  3.9630689e-01 8.78e-03 4.01e+00  -3.8 5.52e-01    -  1.00e+00 1.00e+00h  1
 132  3.8223711e-01 8.88e-03 8.03e+00  -3.8 8.67e-01    -  1.00e+00 3.39e-01h  1
 133  3.5813310e-01 2.24e-02 1.41e+01  -3.0 1.69e+00    -  7.34e-01 2.92e-01h  1
 134  3.5366938e-01 9.71e-02 2.78e+01  -3.2 1.18e+00    -  1.00e+00 1.00e+00h  1
 135  3.2454826e-01 2.60e-02 5.42e+00  -3.3 3.84e-01    -  1.00e+00 9.85e-01h  1
 136  3.0973788e-01 1.66e-02 3.25e+00  -3.6 7.37e-01    -  1.00e+00 3.65e-01h  1
 137  2.8324805e-01 2.12e-02 6.09e+00  -3.4 1.79e+00    -  9.18e-01 3.28e-01h  1
 138  3.2406513e-01 4.66e-02 9.48e+00  -3.0 8.84e-01    -  1.00e+00 1.00e+00h  1
 139  2.9541114e-01 8.67e-02 1.65e+01  -3.1 1.22e+00    -  7.85e-01 9.02e-01h  1
iter    objective    inf_pr   inf_du lg(mu)  ||d||  lg(rg) alpha_du alpha_pr  ls
 140  2.3712761e-01 8.27e-02 6.70e+00  -3.1 1.25e+00    -  1.00e+00 9.94e-01h  1
 141  2.8200147e-01 4.96e-02 6.25e+00  -2.8 9.41e-01    -  1.00e+00 6.82e-01h  1
 142  2.6619268e-01 6.92e-02 4.42e+00  -3.0 7.77e-01    -  1.00e+00 1.00e+00h  1
 143  2.3828893e-01 5.60e-02 1.45e+01  -3.0 8.53e-01    -  1.00e+00 9.54e-01h  1
 144  2.2214172e-01 3.14e-02 4.75e+00  -3.2 8.48e-01    -  1.00e+00 9.98e-01h  1
 145  2.6180448e-01 2.03e-02 2.01e+01  -2.8 9.73e-01    -  1.00e+00 3.35e-01H  1
 146  2.5163292e-01 1.82e-02 5.51e+00  -3.3 4.38e-01    -  1.00e+00 1.00e+00h  1
 147  2.3955977e-01 1.04e-02 7.52e+00  -3.4 6.84e-01    -  1.00e+00 5.08e-01h  1
 148  2.6620667e-01 1.75e-02 1.25e+01  -3.0 3.90e-01    -  1.00e+00 1.00e+00h  1
 149  2.5051534e-01 8.01e-03 5.76e+00  -3.6 3.25e-01    -  1.00e+00 8.61e-01h  1
iter    objective    inf_pr   inf_du lg(mu)  ||d||  lg(rg) alpha_du alpha_pr  ls
 150  2.4822528e-01 4.87e-03 1.39e+01  -4.0 4.67e-01    -  1.00e+00 2.87e-01h  1
 151  2.5192970e-01 3.21e-03 7.97e+00  -4.0 3.87e-01    -  1.00e+00 5.44e-01H  1
 152  2.8272099e-01 1.14e-02 1.35e+01  -2.8 9.58e-01    -  1.00e+00 5.68e-01h  1
 153  2.6591800e-01 1.35e-02 8.80e+00  -2.9 5.04e-01    -  1.00e+00 1.00e+00h  1
 154  2.4007001e-01 2.07e-02 1.22e+01  -2.9 1.00e+00    -  1.00e+00 6.63e-01h  1
 155  2.5236285e-01 1.20e-02 2.28e+00  -2.9 5.22e-01    -  1.00e+00 1.00e+00h  1
 156  2.6793823e-01 6.38e-03 8.98e+00  -2.9 3.06e-01    -  1.00e+00 1.00e+00h  1
 157  2.5969456e-01 3.35e-03 4.54e+00  -2.9 2.32e-01    -  1.00e+00 1.00e+00h  1
 158  2.5819625e-01 8.26e-03 2.01e+01  -2.9 3.47e-01    -  1.00e+00 1.00e+00h  1
 159  2.5451147e-01 3.60e-03 3.85e+00  -2.9 1.71e-01    -  1.00e+00 1.00e+00h  1
iter    objective    inf_pr   inf_du lg(mu)  ||d||  lg(rg) alpha_du alpha_pr  ls
 160  2.7099942e-01 1.40e-03 2.82e+01  -3.2 2.16e-01    -  1.00e+00 7.82e-01H  1
 161  2.5424782e-01 9.36e-03 5.62e+00  -2.9 3.07e-01    -  1.00e+00 1.00e+00h  1
 162  2.3387762e-01 3.46e-02 1.52e+01  -3.0 6.70e-01    -  1.00e+00 1.00e+00h  1
 163  2.3628497e-01 9.76e-03 2.13e+00  -3.0 2.99e-01    -  1.00e+00 1.00e+00h  1
 164  2.3946925e-01 3.94e-03 4.56e+00  -3.8 2.61e-01    -  1.00e+00 1.00e+00h  1
 165  2.3781983e-01 2.06e-03 5.42e+00  -3.2 2.08e-01    -  1.00e+00 6.11e-01h  1
 166  2.3730967e-01 1.08e-03 3.77e+00  -3.4 1.09e-01    -  1.00e+00 1.00e+00h  1
 167  2.4048969e-01 2.31e-04 3.51e+00  -4.0 1.36e-01    -  9.37e-01 9.04e-01H  1
 168  2.2825266e-01 2.57e-03 8.69e+00  -4.0 3.86e-01    -  1.00e+00 5.89e-01h  1
 169  2.1528007e-01 6.65e-03 2.44e+01  -3.3 6.00e-01    -  1.00e+00 4.48e-01h  1
iter    objective    inf_pr   inf_du lg(mu)  ||d||  lg(rg) alpha_du alpha_pr  ls
 170  2.0374528e-01 3.27e-03 1.24e+01  -3.9 3.56e-01    -  1.00e+00 4.89e-01h  1
 171  2.1400224e-01 2.31e-02 9.26e+00  -3.1 6.75e-01    -  9.37e-01 9.89e-01h  1
 172  1.9680276e-01 1.28e-02 6.55e+00  -3.2 4.39e-01    -  1.00e+00 8.04e-01h  1
 173  1.7293032e-01 2.02e-02 7.32e+00  -3.6 7.22e-01    -  1.00e+00 8.74e-01h  1
 174  1.7134573e-01 3.03e-02 1.20e+01  -3.4 7.60e-01    -  1.00e+00 1.00e+00h  1
 175  1.4367031e-01 2.79e-02 5.93e+00  -3.8 6.21e-01    -  1.00e+00 1.00e+00h  1
 176  1.4783821e-01 7.72e-02 6.42e+00  -3.2 1.00e+00    -  7.76e-01 7.85e-01h  1
 177  1.4031702e-01 2.18e-02 2.21e+00  -3.4 4.64e-01    -  1.00e+00 7.81e-01h  1
 178  1.3371843e-01 1.22e-02 4.95e+00  -3.4 5.09e-01    -  1.00e+00 5.21e-01h  1
 179  1.2818553e-01 1.51e-02 3.74e+00  -4.0 6.55e-01    -  7.64e-01 6.30e-01h  1
iter    objective    inf_pr   inf_du lg(mu)  ||d||  lg(rg) alpha_du alpha_pr  ls
 180  1.3941418e-01 5.70e-02 1.31e+01  -3.3 8.58e-01    -  1.00e+00 8.81e-01h  1
 181  1.1668903e-01 3.67e-02 5.00e+00  -3.4 7.13e-01    -  5.98e-01 1.00e+00h  1
 182  4.5661512e-01 6.37e-01 3.86e+01  -1.9 1.28e+01    -  9.93e-01 2.19e-01f  1
 183  4.2752873e-01 5.72e-01 2.53e+01  -2.0 3.79e+00    -  4.93e-01 1.00e+00h  1
 184  3.9491350e-01 1.56e-01 9.21e+00  -2.0 1.64e+00    -  1.00e+00 1.00e+00h  1
 185  5.2346445e-01 1.96e-01 5.69e+00  -2.0 2.14e+00    -  9.75e-01 1.00e+00h  1
 186  4.4068190e-01 1.10e-01 2.42e+00  -2.0 1.37e+00    -  1.00e+00 1.00e+00h  1
 187  4.8083946e-01 1.45e-01 1.69e+01  -2.0 1.65e+00    -  1.00e+00 6.83e-01H  1
 188  4.5118432e-01 6.68e-02 3.94e+00  -2.0 1.00e+00    -  1.00e+00 1.00e+00h  1
 189  5.0046902e-01 5.67e-02 1.48e+01  -2.0 9.25e-01    -  1.00e+00 1.00e+00h  1
iter    objective    inf_pr   inf_du lg(mu)  ||d||  lg(rg) alpha_du alpha_pr  ls
 190  5.1875360e-01 3.25e-02 1.82e+01  -2.0 6.59e-01    -  1.00e+00 1.00e+00h  1
 191  4.6749885e-01 5.27e-02 2.70e+01  -2.0 9.61e-01    -  1.00e+00 1.00e+00h  1
 192  4.7478214e-01 1.70e-02 1.07e+01  -2.0 5.62e-01    -  1.00e+00 1.00e+00h  1
 193  4.9566139e-01 1.10e-02 1.19e+01  -2.0 5.78e-01    -  1.00e+00 5.00e-01h  2
 194  5.0351824e-01 8.31e-03 3.31e+01  -2.0 5.33e-01    -  1.00e+00 2.50e-01h  3
 195  5.0465902e-01 7.29e-03 3.90e+01  -2.0 9.53e-01    -  1.00e+00 1.25e-01h  4
 196  5.0455247e-01 6.87e-03 1.32e+01  -2.0 2.09e+00    -  1.00e+00 6.25e-02h  5
 197  5.0390671e-01 6.73e-03 1.43e+01  -2.0 4.10e+00    -  1.00e+00 1.56e-02h  7
 198  5.0339275e-01 6.70e-03 1.69e+01  -2.0 5.72e+00    -  1.00e+00 3.91e-03h  9
 199  5.0237660e-01 6.68e-03 2.39e+01  -2.0 7.51e+00    -  1.00e+00 3.30e-03h  9
iter    objective    inf_pr   inf_du lg(mu)  ||d||  lg(rg) alpha_du alpha_pr  ls
 200  5.0206216e-01 6.67e-03 4.06e+01  -2.0 7.17e+00    -  1.00e+00 1.95e-03h 10
 201  5.3643846e-01 1.22e-01 5.84e+01  -2.0 8.61e+00    -  9.79e-01 2.50e-01h  3
 202  5.1458400e-01 1.14e-01 3.31e+01  -2.0 2.00e+00    -  1.00e+00 1.00e+00h  1
 203  4.7932606e-01 3.03e-01 1.37e+01  -2.0 3.25e+00    -  1.00e+00 9.39e-01h  1
 204  4.8528937e-01 1.40e-01 8.44e+00  -2.0 2.07e+00    -  6.49e-01 1.00e+00h  1
 205  4.7121060e-01 1.41e-01 1.28e+01  -2.0 1.41e+00    -  1.00e+00 1.00e+00h  1
 206  4.4930844e-01 7.73e-02 2.37e+00  -2.0 1.38e+00    -  1.00e+00 1.00e+00h  1
 207  4.5898376e-01 5.80e-02 4.81e+00  -2.0 1.76e+00    -  1.00e+00 5.00e-01h  2
 208  4.7551177e-01 5.53e-02 1.75e+01  -2.0 1.15e+00    -  1.00e+00 5.52e-01H  1
 209  4.5389349e-01 7.48e-02 1.83e+01  -2.0 9.17e-01    -  1.00e+00 1.00e+00h  1
iter    objective    inf_pr   inf_du lg(mu)  ||d||  lg(rg) alpha_du alpha_pr  ls
 210  4.7353802e-01 3.13e-02 2.49e+01  -2.0 7.18e-01    -  1.00e+00 1.00e+00h  1
 211  4.8012857e-01 1.98e-02 6.82e+00  -2.0 6.26e-01    -  1.00e+00 1.00e+00h  1
 212  4.8895708e-01 9.96e-03 1.37e+01  -2.0 5.94e-01    -  1.00e+00 5.00e-01h  2
 213  5.0433279e-01 5.09e-03 1.60e+01  -2.0 5.07e-01    -  1.00e+00 5.00e-01h  2
 214  5.1729274e-01 3.20e-03 2.70e+01  -2.0 4.44e-01    -  1.00e+00 4.98e-01h  2
 215  5.2270172e-01 3.61e-03 1.47e+01  -2.0 4.02e-01    -  1.00e+00 5.00e-01h  2
 216  5.3084581e-01 2.56e-03 2.58e+01  -2.0 2.35e-01    -  1.00e+00 5.00e-01h  2
 217  5.3431968e-01 1.20e-03 3.10e+01  -2.0 2.38e-01    -  1.00e+00 5.00e-01h  2
 218  5.4211825e-01 2.15e-03 1.29e+01  -2.0 1.07e-01    -  1.00e+00 1.00e+00h  1
 219  5.4865990e-01 8.25e-04 1.06e+01  -2.0 1.56e-01    -  1.00e+00 1.00e+00h  1
iter    objective    inf_pr   inf_du lg(mu)  ||d||  lg(rg) alpha_du alpha_pr  ls
 220  5.4636425e-01 8.73e-04 1.49e+01  -2.0 1.56e-01    -  1.00e+00 5.00e-01h  2
 221  5.4399341e-01 4.81e-04 2.47e+01  -2.0 8.09e-02    -  1.00e+00 1.00e+00h  1
 222  5.4644593e-01 2.90e-04 1.01e+01  -2.0 6.49e-02    -  1.00e+00 1.00e+00h  1
 223  5.4668708e-01 1.15e-04 3.68e+00  -3.5 5.34e-02    -  1.00e+00 1.00e+00h  1
 224  4.8948513e-01 2.35e-02 3.27e+01  -3.7 1.06e+00    -  1.00e+00 6.72e-01h  1
 225  4.3962813e-01 2.06e-02 3.75e+01  -3.8 1.23e+00    -  8.88e-01 3.51e-01h  1
 226  3.8658380e-01 2.65e-02 5.11e+01  -3.8 1.27e+00    -  1.00e+00 4.72e-01h  1
 227  4.0198509e-01 1.00e-02 2.88e+01  -3.8 3.76e-01    -  1.68e-01 1.00e+00h  1
 228  3.8130614e-01 8.69e-03 1.79e+01  -3.8 2.23e-01    -  3.16e-01 1.00e+00h  1
 229  3.7074368e-01 7.49e-03 1.61e+01  -3.8 6.83e-01    -  8.27e-01 1.67e-01h  1
iter    objective    inf_pr   inf_du lg(mu)  ||d||  lg(rg) alpha_du alpha_pr  ls
 230  3.4149045e-01 1.19e-02 1.96e+01  -3.8 5.99e-01    -  9.91e-01 5.69e-01h  1
 231  3.2726135e-01 1.19e-02 1.85e+01  -3.8 2.53e+00    -  1.98e-01 7.40e-02h  1
 232  3.1596020e-01 7.82e-03 1.65e+01  -3.8 5.42e-01    -  5.49e-01 3.66e-01f  1
 233  3.0178580e-01 7.37e-03 1.73e+01  -3.8 1.07e+00    -  1.77e-01 2.30e-01h  1
 234  2.7015198e-01 2.01e-02 2.71e+01  -3.8 4.47e+00    -  3.35e-01 1.27e-01h  1
 235  2.1645736e-01 6.97e-02 3.29e+01  -3.8 7.99e+00    -  8.83e-02 1.28e-01h  1
 236  1.9189803e-01 6.48e-02 3.55e+01  -3.8 2.98e+00    -  4.77e-01 1.51e-01h  1
 237  1.6184282e-01 6.25e-02 3.84e+01  -3.8 8.75e+00    -  3.25e-01 1.09e-01h  1
 238  1.4964281e-01 5.25e-02 3.67e+01  -3.8 2.05e+00    -  3.72e-01 2.08e-01h  1
 239  1.3974988e-01 4.74e-02 3.23e+01  -3.8 2.66e+00    -  8.66e-02 9.47e-02h  1
iter    objective    inf_pr   inf_du lg(mu)  ||d||  lg(rg) alpha_du alpha_pr  ls
 240  1.3482184e-01 4.61e-02 3.08e+01  -3.8 6.18e+00    -  3.12e-01 2.32e-02h  1
 241  1.2878605e-01 5.57e-02 2.91e+01  -3.8 3.23e+00    -  2.26e-01 1.61e-01h  1
 242  1.3406361e-01 5.39e-02 2.13e+01  -3.8 2.04e+00    -  1.79e-01 4.10e-01h  1
 243  1.1970040e-01 3.76e-02 1.14e+01  -3.8 8.87e-01    -  2.18e-01 5.32e-01h  1
 244  1.1004644e-01 2.73e-02 5.23e+00  -3.8 5.66e-01    -  8.42e-01 8.13e-01f  1
 245  1.1057373e-01 1.68e-02 6.60e+00  -3.5 5.74e-01    -  1.00e+00 8.18e-01f  1
 246  1.0936091e-01 1.49e-02 5.51e+00  -3.9 3.58e-01    -  1.00e+00 9.78e-01h  1
 247  1.1430344e-01 6.32e-03 4.77e+00  -3.7 3.53e-01    -  1.00e+00 6.47e-01h  1
 248  1.1649013e-01 3.10e-03 9.82e+00  -3.4 2.34e-01    -  1.00e+00 5.36e-01h  1
 249  1.2321072e-01 3.26e-03 1.27e+01  -3.7 2.97e-01    -  7.62e-01 5.62e-01H  1
iter    objective    inf_pr   inf_du lg(mu)  ||d||  lg(rg) alpha_du alpha_pr  ls
 250  1.3561847e-01 1.99e-03 1.50e+01  -3.6 3.18e-01    -  9.40e-01 1.00e+00H  1
 251  1.2370279e-01 3.65e-03 6.40e+00  -4.0 2.30e-01    -  1.00e+00 1.00e+00h  1
 252  1.2011294e-01 2.02e-03 2.79e+00  -4.1 2.67e-01    -  2.87e-01 3.67e-01h  1
 253  1.1713816e-01 8.18e-03 6.62e+00  -3.8 3.64e-01    -  1.00e+00 8.25e-01f  1
 254  1.1895342e-01 2.04e-03 8.15e+00  -3.9 2.40e-01    -  1.00e+00 1.00e+00h  1
 255  1.1586064e-01 2.70e-03 3.77e+00  -4.0 2.20e-01    -  1.00e+00 1.00e+00h  1
 256  1.1652685e-01 1.61e-02 2.25e+01  -3.4 4.42e-01    -  1.00e+00 1.00e+00h  1
 257  1.1024019e-01 4.69e-03 6.79e+00  -3.5 2.64e-01    -  1.00e+00 1.00e+00h  1
 258  1.1392047e-01 7.34e-03 5.98e+00  -3.2 3.01e-01    -  1.00e+00 1.00e+00h  1
 259  1.1464940e-01 1.87e-03 3.36e+00  -3.3 1.70e-01    -  1.00e+00 1.00e+00h  1
iter    objective    inf_pr   inf_du lg(mu)  ||d||  lg(rg) alpha_du alpha_pr  ls
 260  1.1297011e-01 6.41e-03 9.16e+00  -3.5 2.66e-01    -  1.00e+00 1.00e+00h  1
 261  1.0946204e-01 3.55e-03 1.96e+00  -3.6 1.35e-01    -  1.00e+00 9.95e-01h  1
 262  1.1191748e-01 4.82e-03 3.93e+00  -3.4 2.29e-01    -  1.00e+00 1.00e+00f  1
 263  1.0993150e-01 4.80e-03 4.30e+00  -3.5 2.26e-01    -  1.00e+00 1.00e+00h  1
 264  1.0531160e-01 6.28e-03 4.69e+00  -3.5 4.02e-01    -  1.00e+00 1.00e+00h  1
 265  1.2605949e-01 1.05e-01 1.00e+01  -3.0 1.29e+00    -  1.00e+00 1.00e+00h  1
 266  1.1577360e-01 5.27e-02 4.58e+00  -3.1 1.24e+00    -  1.00e+00 1.00e+00h  1
 267  1.0270781e-01 3.84e-02 2.85e+00  -3.1 1.10e+00    -  1.00e+00 7.89e-01h  1
 268  1.0101075e-01 3.33e-02 1.10e+00  -3.1 6.83e-01    -  1.00e+00 8.50e-01h  1
 269  9.3323342e-02 4.24e-02 2.99e+00  -3.5 7.05e-01    -  1.00e+00 1.00e+00h  1
iter    objective    inf_pr   inf_du lg(mu)  ||d||  lg(rg) alpha_du alpha_pr  ls
 270  8.2052459e-02 5.73e-02 3.80e+00  -3.5 1.36e+00    -  1.00e+00 9.27e-01h  1
 271  8.2352578e-02 4.41e-02 4.29e+00  -3.3 2.43e+00    -  5.27e-01 1.93e-01H  1
 272  7.1968220e-02 2.06e-02 1.21e+00  -4.0 4.87e-01    -  1.00e+00 1.00e+00h  1
 273  1.3571654e-01 1.74e-01 9.29e+00  -2.8 1.99e+00    -  4.37e-01 8.14e-01h  1
 274  9.0958280e-02 5.97e-02 4.47e+00  -3.2 1.30e+00    -  1.00e+00 9.05e-01h  1
 275  7.4050082e-02 7.54e-02 1.79e+00  -3.2 1.11e+00    -  9.34e-01 6.54e-01h  1
 276  7.3493408e-02 4.97e-02 4.31e+00  -3.2 1.42e+00    -  1.00e+00 3.40e-01h  1
 277  7.3704111e-02 1.79e-02 1.71e+00  -3.2 7.22e-01    -  9.51e-01 1.00e+00h  1
 278  6.3575738e-02 1.61e-02 8.32e-01  -3.6 4.34e-01    -  1.00e+00 1.00e+00h  1
 279  5.8372999e-02 1.31e-02 1.67e+00  -3.9 5.00e-01    -  1.00e+00 8.61e-01h  1
iter    objective    inf_pr   inf_du lg(mu)  ||d||  lg(rg) alpha_du alpha_pr  ls
 280  5.9650178e-02 1.21e-02 4.02e+00  -3.6 9.15e-01    -  4.76e-01 1.03e-01H  1
 281  5.5222542e-02 6.26e-03 2.63e+00  -4.0 2.12e-01    -  6.57e-01 1.00e+00h  1
 282  4.9991698e-02 8.56e-03 3.86e+00  -3.9 5.99e-01    -  1.00e+00 4.89e-01h  1
 283  5.5986676e-02 8.96e-03 3.47e+00  -3.6 3.23e-01    -  9.85e-01 1.00e+00h  1
 284  5.4025142e-02 4.56e-03 7.83e-01  -3.7 2.70e-01    -  1.00e+00 1.00e+00h  1
 285  4.7097236e-02 7.18e-03 1.58e+00  -4.0 2.95e-01    -  1.00e+00 1.00e+00h  1
 286  4.5760436e-02 9.65e-03 1.80e+00  -3.7 3.38e-01    -  1.00e+00 1.00e+00h  1
 287  4.2960816e-02 5.82e-03 1.72e+00  -4.0 2.19e-01    -  1.00e+00 1.00e+00h  1
 288  6.0515998e-02 2.37e-02 2.48e+00  -3.4 5.74e-01    -  1.00e+00 1.00e+00h  1
 289  5.5737290e-02 1.53e-02 1.78e+00  -3.5 5.06e-01    -  1.00e+00 1.00e+00h  1
iter    objective    inf_pr   inf_du lg(mu)  ||d||  lg(rg) alpha_du alpha_pr  ls
 290  5.2174283e-02 1.66e-02 1.49e+00  -3.5 7.56e-01    -  1.00e+00 1.00e+00h  1
 291  4.9014681e-02 1.05e-02 7.38e-01  -3.5 5.10e-01    -  1.00e+00 1.00e+00h  1
 292  5.2956019e-02 4.86e-03 4.88e+00  -3.6 2.39e-01    -  6.32e-01 6.55e-01H  1
 293  4.4454082e-02 6.10e-03 2.00e+00  -4.0 3.53e-01    -  1.00e+00 8.81e-01h  1
 294  4.0516529e-02 2.16e-02 4.55e+00  -4.1 7.69e-01    -  3.34e-01 5.03e-01h  1
 295  3.9072318e-02 7.10e-03 1.30e+00  -4.0 2.48e-01    -  1.00e+00 1.00e+00h  1
 296  4.0239801e-02 4.00e-03 2.65e+00  -4.0 2.13e-01    -  1.00e+00 1.00e+00h  1
 297  3.9720011e-02 1.74e-03 1.18e+00  -4.0 1.63e-01    -  1.00e+00 1.00e+00h  1
 298  4.1474315e-02 6.76e-04 8.12e+00  -4.0 1.51e-01    -  1.00e+00 5.46e-01H  1
 299  4.1624231e-02 4.97e-04 9.61e+00  -4.0 1.40e-01    -  1.00e+00 2.50e-01h  3
iter    objective    inf_pr   inf_du lg(mu)  ||d||  lg(rg) alpha_du alpha_pr  ls
 300  4.0971827e-02 6.79e-04 3.47e+00  -4.0 2.01e-01    -  1.00e+00 5.00e-01h  2
 301  3.8936220e-02 3.89e-03 1.93e+00  -4.1 4.37e-01    -  1.00e+00 7.30e-01h  1
 302  3.8591439e-02 5.26e-03 2.57e+00  -4.0 1.90e-01    -  1.00e+00 1.00e+00h  1
 303  3.8699816e-02 3.12e-03 1.69e+00  -4.0 2.68e-01    -  1.00e+00 1.00e+00h  1
 304  3.8024283e-02 2.57e-03 5.61e+00  -4.0 2.01e-01    -  4.34e-01 1.00e+00h  1
 305  3.7404609e-02 6.90e-04 7.76e-01  -4.0 2.05e-01    -  1.00e+00 1.00e+00H  1
 306  3.7541167e-02 1.02e-02 6.21e+00  -4.0 4.02e-01    -  1.00e+00 1.00e+00h  1
 307  3.4628839e-02 3.19e-03 1.86e+00  -4.1 3.48e-01    -  1.00e+00 9.97e-01h  1
 308  3.4515153e-02 2.95e-03 5.84e-01  -4.0 2.04e-01    -  8.66e-01 1.00e+00h  1
 309  3.7370853e-02 1.42e-02 1.21e+00  -3.8 2.78e-01    -  1.00e+00 1.00e+00h  1
iter    objective    inf_pr   inf_du lg(mu)  ||d||  lg(rg) alpha_du alpha_pr  ls
 310  3.6087018e-02 6.23e-03 1.17e+00  -3.9 3.65e-01    -  1.00e+00 1.00e+00h  1
 311  3.3307575e-02 1.14e-02 3.79e-01  -3.9 2.92e-01    -  1.00e+00 1.00e+00h  1
 312  3.2271906e-02 6.53e-03 3.75e-01  -4.0 3.38e-01    -  1.00e+00 1.00e+00h  1
 313  3.1916234e-02 6.85e-03 1.26e+00  -4.0 4.93e-01    -  1.88e-01 1.76e-01H  1
 314  3.0335546e-02 5.35e-03 2.21e+00  -4.0 1.86e-01    -  6.33e-01 1.00e+00h  1
 315  3.0155563e-02 3.00e-03 4.25e+00  -4.0 2.31e-01    -  1.00e+00 4.66e-01H  1
 316  2.9573861e-02 1.63e-03 8.60e-01  -4.0 1.38e-01    -  1.00e+00 1.00e+00h  1
 317  2.9282260e-02 6.17e-03 3.22e+00  -4.0 2.71e-01    -  1.00e+00 1.00e+00h  1
 318  2.8944373e-02 2.61e-03 1.36e+00  -4.0 2.59e-01    -  1.00e+00 1.00e+00h  1
 319  2.7915001e-02 7.63e-03 3.59e-01  -4.0 4.12e-01    -  1.00e+00 1.00e+00h  1
iter    objective    inf_pr   inf_du lg(mu)  ||d||  lg(rg) alpha_du alpha_pr  ls
 320  3.2510662e-02 1.70e-02 1.39e+00  -3.6 4.72e-01    -  9.29e-01 1.00e+00h  1
 321  2.8708996e-02 6.45e-03 3.30e-01  -3.8 3.67e-01    -  1.00e+00 1.00e+00h  1
 322  2.6540602e-02 6.55e-03 7.42e-01  -4.0 4.18e-01    -  1.00e+00 1.00e+00h  1
 323  2.8617504e-02 1.99e-02 7.71e-01  -3.7 9.49e-01    -  1.00e+00 1.00e+00h  1
 324  2.6010030e-02 1.65e-02 8.02e-01  -3.8 1.12e+00    -  9.23e-01 5.00e-01h  2
 325  2.5245315e-02 8.95e-03 8.31e-01  -4.0 7.55e-01    -  1.00e+00 5.63e-01h  1
 326  2.2084513e-02 4.71e-03 3.21e-01  -4.0 3.69e-01    -  1.00e+00 1.00e+00h  1
 327  2.1740181e-02 3.57e-03 2.34e+00  -4.0 3.14e-01    -  1.00e+00 4.23e-01h  1
 328  2.2275619e-02 1.96e-03 1.62e+00  -4.0 2.59e-01    -  1.00e+00 5.00e-01h  2
 329  2.2196539e-02 1.58e-03 1.22e+00  -4.0 5.78e-01    -  1.00e+00 2.84e-01h  2
iter    objective    inf_pr   inf_du lg(mu)  ||d||  lg(rg) alpha_du alpha_pr  ls
 330  2.0775882e-02 1.17e-02 1.93e+00  -4.1 1.24e+00    -  1.00e+00 6.52e-01h  1
 331  3.2024122e-02 4.25e-02 4.37e+00  -3.5 3.00e+00    -  1.00e+00 4.39e-01f  2
 332  3.9818418e-02 4.34e-02 2.47e+00  -3.6 8.60e-01    -  1.00e+00 1.00e+00h  1
 333  2.7095492e-02 1.65e-02 6.86e-01  -3.6 6.56e-01    -  1.00e+00 1.00e+00h  1
 334  2.7899837e-02 5.65e-03 1.21e+00  -3.6 4.64e-01    -  1.00e+00 9.80e-01H  1
 335  2.6163925e-02 2.48e-03 8.75e-01  -3.6 5.44e-01    -  1.00e+00 5.00e-01h  2
 336  2.7620769e-02 1.23e-02 1.29e+00  -3.6 3.56e-01    -  1.00e+00 1.00e+00h  1
 337  2.6680981e-02 4.42e-03 1.54e+00  -3.6 2.76e-01    -  1.00e+00 1.00e+00h  1
 338  2.6035967e-02 5.87e-03 5.80e-01  -3.6 2.12e-01    -  1.00e+00 1.00e+00h  1
 339  2.6788715e-02 1.80e-03 2.84e+00  -3.6 1.55e-01    -  1.00e+00 6.90e-01h  1
iter    objective    inf_pr   inf_du lg(mu)  ||d||  lg(rg) alpha_du alpha_pr  ls
 340  2.7029897e-02 9.82e-04 1.32e+00  -3.6 2.14e-01    -  1.00e+00 5.00e-01h  2
 341  2.6973498e-02 8.44e-04 2.49e+00  -3.6 3.78e-01    -  1.00e+00 1.25e-01h  4
 342  2.6844242e-02 7.86e-04 6.45e+00  -3.6 7.67e-01    -  1.00e+00 6.08e-02h  5
 343  2.6675178e-02 8.07e-04 1.27e+00  -3.6 9.60e-01    -  1.00e+00 6.25e-02h  5
 344  2.6123133e-02 9.38e-03 3.08e+00  -3.6 2.19e+00    -  1.00e+00 2.50e-01h  3
 345  2.6043774e-02 2.72e-02 5.03e+00  -3.6 1.80e+00    -  1.00e+00 5.00e-01h  2
 346  2.6914522e-02 3.97e-02 6.25e+00  -3.6 1.79e+00    -  1.00e+00 5.00e-01h  2
 347  2.7018489e-02 3.27e-02 5.88e+00  -3.6 1.37e+00    -  1.00e+00 2.50e-01h  3
 348  2.6894161e-02 1.49e-02 1.76e+00  -3.6 4.00e-01    -  1.00e+00 1.00e+00h  1
 349  2.4583287e-02 8.72e-03 5.47e-01  -3.6 2.98e-01    -  1.00e+00 1.00e+00h  1
iter    objective    inf_pr   inf_du lg(mu)  ||d||  lg(rg) alpha_du alpha_pr  ls
 350  2.4173551e-02 5.26e-03 1.34e+00  -3.6 7.63e-01    -  1.00e+00 5.00e-01h  2
 351  2.4242748e-02 1.31e-02 1.01e+00  -3.6 1.21e+00    -  1.00e+00 5.00e-01h  2
 352  2.4622983e-02 2.25e-02 1.51e+00  -3.6 1.30e+00    -  1.00e+00 5.00e-01h  2
 353  2.5434749e-02 2.58e-02 1.79e+00  -3.6 1.20e+00    -  8.10e-01 5.00e-01h  2
 354  2.5069966e-02 2.26e-02 7.17e-01  -3.6 6.12e-01    -  1.00e+00 1.00e+00h  1
 355  2.1498601e-02 9.11e-03 5.32e-01  -3.6 6.15e-01    -  1.00e+00 8.03e-01h  1
 356  2.0731388e-02 1.37e-02 5.59e-01  -3.9 5.77e-01    -  1.00e+00 1.00e+00h  1
 357  2.0403471e-02 1.18e-02 4.73e+00  -4.0 1.85e+00    -  1.00e+00 1.60e-01H  1
 358  1.7416344e-02 1.35e-02 9.57e-01  -4.0 6.31e-01    -  1.00e+00 1.00e+00h  1
 359  2.0310967e-02 1.26e-02 1.68e+00  -3.6 1.12e+00    -  1.00e+00 5.00e-01h  2
iter    objective    inf_pr   inf_du lg(mu)  ||d||  lg(rg) alpha_du alpha_pr  ls
 360  1.6452259e-02 5.56e-03 9.65e-01  -4.0 3.04e-01    -  1.00e+00 1.00e+00h  1
 361  1.5863529e-02 2.83e-03 1.19e+00  -4.0 3.54e-01    -  1.00e+00 6.18e-01H  1
 362  1.5863197e-02 1.28e-03 5.95e-01  -4.0 2.15e-01    -  1.00e+00 5.00e-01h  2
 363  1.6398358e-02 1.58e-02 1.98e+00  -3.7 3.66e-01    -  1.00e+00 1.00e+00h  1
 364  1.5963189e-02 1.98e-03 1.05e+00  -3.8 1.68e-01    -  1.00e+00 1.00e+00h  1
 365  1.5308739e-02 3.96e-03 1.33e+00  -4.0 2.59e-01    -  1.00e+00 1.00e+00h  1
 366  1.5413113e-02 1.08e-03 1.06e+00  -4.0 1.21e-01    -  1.00e+00 1.00e+00h  1
 367  1.6039454e-02 1.15e-03 1.22e+00  -3.7 3.14e-01    -  4.81e-01 5.26e-01H  1
 368  1.5364653e-02 1.22e-03 3.80e-01  -4.0 1.08e-01    -  1.00e+00 1.00e+00h  1
 369  1.5191190e-02 6.46e-04 9.82e-01  -4.0 1.27e-01    -  1.00e+00 5.00e-01h  2
iter    objective    inf_pr   inf_du lg(mu)  ||d||  lg(rg) alpha_du alpha_pr  ls
 370  1.4217839e-02 2.40e-03 1.30e+00  -4.0 3.03e-01    -  1.00e+00 1.00e+00h  1
 371  2.4899399e-02 2.67e-02 4.13e+00  -3.4 1.14e+00    -  1.00e+00 5.55e-01h  1
 372  2.0933405e-02 1.15e-02 2.23e+00  -3.5 5.09e-01    -  1.00e+00 6.14e-01h  1
 373  1.9351683e-02 1.07e-02 1.03e+00  -3.5 4.24e-01    -  1.00e+00 1.00e+00h  1
 374  1.9357661e-02 9.66e-03 1.48e+00  -3.5 3.77e-01    -  1.00e+00 1.00e+00h  1
 375  1.8652917e-02 4.90e-03 7.73e-01  -3.5 2.65e-01    -  1.00e+00 7.63e-01h  1
 376  2.0383467e-02 5.69e-03 3.85e-01  -3.5 3.22e-01    -  1.00e+00 1.00e+00h  1
 377  1.9441080e-02 4.45e-03 1.68e+00  -3.5 3.35e-01    -  1.00e+00 9.29e-01h  1
 378  1.8734203e-02 1.77e-03 3.18e-01  -3.5 1.77e-01    -  1.00e+00 1.00e+00h  1
 379  1.8929698e-02 8.17e-04 2.85e+00  -4.0 9.90e-02    -  1.00e+00 6.47e-01H  1
iter    objective    inf_pr   inf_du lg(mu)  ||d||  lg(rg) alpha_du alpha_pr  ls
 380  1.8212333e-02 9.21e-04 8.64e-01  -4.0 9.36e-02    -  1.00e+00 1.00e+00h  1
 381  1.8039409e-02 6.34e-04 5.52e+00  -4.0 1.90e-01    -  1.00e+00 2.50e-01h  3
 382  1.6215353e-02 2.36e-03 8.51e-01  -4.0 2.65e-01    -  1.00e+00 1.00e+00h  1
 383  1.5491965e-02 2.55e-03 1.42e+00  -4.1 1.02e+00    -  6.55e-01 2.06e-01h  3
 384  1.4569466e-02 1.69e-03 2.51e-01  -4.1 1.55e-01    -  1.00e+00 1.00e+00h  1
 385  1.4407947e-02 5.29e-04 4.16e-01  -4.0 9.75e-02    -  1.00e+00 1.00e+00h  1
 386  1.4335728e-02 3.66e-04 1.04e+00  -4.0 1.31e-01    -  1.00e+00 5.00e-01h  2
 387  1.3781779e-02 8.68e-04 4.47e-01  -4.0 1.16e-01    -  1.00e+00 1.00e+00h  1
 388  1.3040613e-02 5.12e-03 8.22e-01  -4.0 1.97e-01    -  1.00e+00 1.00e+00h  1
 389  1.2980932e-02 2.58e-03 9.37e-01  -4.0 1.48e-01    -  1.00e+00 1.00e+00h  1
iter    objective    inf_pr   inf_du lg(mu)  ||d||  lg(rg) alpha_du alpha_pr  ls
 390  1.2846763e-02 7.37e-04 1.55e-01  -4.0 1.04e-01    -  1.00e+00 1.00e+00h  1
 391  1.2908404e-02 3.40e-04 3.43e-01  -4.0 5.50e-02    -  1.00e+00 1.00e+00h  1
 392  1.2797311e-02 2.67e-04 7.14e-01  -4.0 4.67e-02    -  1.00e+00 1.00e+00h  1
 393  1.2616150e-02 2.76e-04 2.74e-01  -4.0 5.60e-02    -  1.00e+00 1.00e+00h  1
 394  1.2683868e-02 1.66e-04 6.97e-02  -4.0 3.69e-02    -  1.00e+00 1.00e+00h  1
 395  1.2686440e-02 2.95e-05 2.25e-01  -4.0 2.76e-02    -  1.00e+00 1.00e+00h  1
 396  1.2585164e-02 5.70e-04 4.63e-01  -4.0 1.44e-01    -  1.00e+00 1.00e+00h  1
 397  1.2518186e-02 1.13e-03 8.83e-01  -4.0 3.87e-01    -  1.00e+00 5.00e-01h  2
 398  1.2400219e-02 2.12e-03 1.35e+00  -4.0 5.26e-01    -  1.00e+00 5.00e-01h  2
 399  1.2162593e-02 2.42e-03 1.57e+00  -4.0 7.74e-01    -  1.00e+00 2.50e-01h  3
iter    objective    inf_pr   inf_du lg(mu)  ||d||  lg(rg) alpha_du alpha_pr  ls
 400  1.3034794e-02 9.20e-03 1.64e+00  -4.0 3.01e-01    -  1.00e+00 1.00e+00h  1
 401  1.2110038e-02 5.23e-03 1.53e+00  -4.1 2.61e-01    -  1.00e+00 1.00e+00h  1
 402  1.2494978e-02 5.79e-03 2.50e-01  -4.0 2.72e-01    -  1.00e+00 1.00e+00h  1
 403  1.1487523e-02 2.08e-03 2.71e-01  -4.0 2.53e-01    -  1.00e+00 1.00e+00h  1
 404  1.1681263e-02 4.28e-03 1.63e+00  -4.0 3.92e-01    -  1.00e+00 5.35e-01H  1
 405  1.3285448e-02 6.33e-03 9.45e-01  -3.7 2.57e-01    -  1.00e+00 1.00e+00h  1
 406  1.2299946e-02 2.77e-03 3.14e-01  -3.8 2.97e-01    -  1.00e+00 1.00e+00h  1
 407  1.1515480e-02 2.30e-03 6.61e-01  -4.0 1.56e-01    -  1.00e+00 1.00e+00h  1
 408  1.1459593e-02 1.81e-03 4.82e-01  -4.0 1.45e-01    -  1.00e+00 1.00e+00h  1
 409  1.1625186e-02 9.59e-04 7.13e-01  -4.0 9.41e-02    -  1.00e+00 1.00e+00h  1
iter    objective    inf_pr   inf_du lg(mu)  ||d||  lg(rg) alpha_du alpha_pr  ls
 410  1.1434748e-02 5.16e-04 3.62e-01  -4.0 8.92e-02    -  1.00e+00 1.00e+00h  1
 411  1.1438016e-02 6.65e-04 6.55e-01  -4.0 7.88e-02    -  1.00e+00 1.00e+00h  1
 412  1.1529767e-02 1.39e-04 3.49e-01  -4.0 3.21e-02    -  1.00e+00 1.00e+00h  1
 413  1.1539008e-02 6.27e-05 2.83e-01  -4.0 2.13e-02    -  1.00e+00 1.00e+00h  1
 414  1.1495235e-02 1.11e-04 2.49e-01  -4.0 3.01e-02    -  1.00e+00 1.00e+00h  1
 415  1.1473831e-02 9.15e-05 1.19e-01  -4.0 2.89e-02    -  1.00e+00 1.00e+00h  1
 416  1.1456886e-02 5.13e-05 2.75e-01  -4.0 2.55e-02    -  1.00e+00 1.00e+00h  1
 417  1.1431419e-02 5.25e-05 7.07e-02  -4.0 2.26e-02    -  1.00e+00 1.00e+00h  1
 418  1.1403380e-02 3.00e-05 6.79e-02  -4.0 2.90e-02    -  1.00e+00 1.00e+00h  1
 419  1.1412337e-02 4.27e-04 4.38e-01  -4.0 1.91e-01    -  1.00e+00 5.00e-01h  2
iter    objective    inf_pr   inf_du lg(mu)  ||d||  lg(rg) alpha_du alpha_pr  ls
 420  1.1321207e-02 1.08e-03 1.28e+00  -4.1 2.35e-01    -  1.00e+00 5.00e-01h  2
 421  1.1292374e-02 1.05e-03 1.45e+00  -4.0 3.06e-01    -  1.00e+00 2.50e-01h  3
 422  1.1489997e-02 9.51e-04 4.05e-01  -4.0 1.19e-01    -  1.00e+00 1.00e+00h  1
 423  1.1366424e-02 1.15e-03 4.07e-01  -4.1 1.26e-01    -  1.00e+00 1.00e+00h  1
 424  1.1213462e-02 4.93e-04 1.07e-01  -4.0 8.56e-02    -  1.00e+00 1.00e+00h  1
 425  1.1315827e-02 3.98e-04 3.30e-01  -4.0 1.52e-01    -  1.00e+00 5.00e-01h  2
 426  1.1262619e-02 2.29e-04 2.33e-01  -4.0 5.90e-02    -  1.00e+00 1.00e+00h  1
 427  1.1357590e-02 4.47e-05 5.48e-01  -4.0 3.39e-02    -  1.00e+00 1.00e+00H  1
 428  1.1376490e-02 1.04e-04 4.31e-01  -4.0 3.14e-02    -  1.00e+00 1.00e+00h  1
 429  1.1294154e-02 7.48e-05 5.50e-02  -4.1 3.06e-02    -  1.00e+00 1.00e+00h  1
iter    objective    inf_pr   inf_du lg(mu)  ||d||  lg(rg) alpha_du alpha_pr  ls
 430  1.1360559e-02 2.20e-05 1.12e-01  -4.0 1.46e-02    -  1.00e+00 1.00e+00h  1
 431  1.1414469e-02 6.43e-05 2.26e-01  -4.0 3.33e-02    -  1.00e+00 1.00e+00h  1
 432  1.1298965e-02 4.10e-04 5.08e-01  -4.1 1.06e-01    -  1.00e+00 1.00e+00h  1
 433  1.1107295e-02 5.49e-04 6.50e-01  -4.1 4.36e-01    -  1.00e+00 2.50e-01h  3
 434  1.1603744e-02 1.45e-03 8.29e-01  -4.0 1.46e-01    -  1.00e+00 1.00e+00h  1
 435  1.1979492e-02 1.97e-03 4.18e-01  -4.1 2.14e-01    -  1.00e+00 1.00e+00h  1
 436  1.1080200e-02 1.26e-03 2.23e-01  -4.1 1.61e-01    -  1.00e+00 1.00e+00h  1
 437  1.1075719e-02 7.54e-04 3.24e-01  -4.0 2.23e-01    -  1.00e+00 5.00e-01h  2
 438  1.1229679e-02 9.37e-04 6.74e-01  -4.0 5.11e-01    -  1.00e+00 2.50e-01h  3
 439  1.1166437e-02 1.08e-03 6.14e-01  -4.1 1.00e+00    -  1.00e+00 1.25e-01h  4
iter    objective    inf_pr   inf_du lg(mu)  ||d||  lg(rg) alpha_du alpha_pr  ls
 440  1.1063194e-02 1.17e-03 4.26e-01  -4.1 3.72e-01    -  1.00e+00 5.00e-01h  2
 441  1.1059773e-02 2.38e-03 6.93e-01  -4.0 9.57e-01    -  1.00e+00 2.50e-01h  3
 442  1.1358401e-02 2.03e-03 6.68e-01  -4.1 3.71e-01    -  1.00e+00 5.00e-01h  2
 443  1.2770206e-02 4.50e-03 1.26e+00  -4.1 2.40e-01    -  1.00e+00 1.00e+00H  1
 444  1.0885316e-02 4.59e-03 3.69e-01  -4.1 2.77e-01    -  1.00e+00 1.00e+00h  1
 445  1.0942558e-02 3.47e-03 2.87e-01  -4.0 3.91e-01    -  1.00e+00 1.00e+00h  1
 446  1.0791179e-02 3.18e-03 1.14e+00  -4.1 9.44e-01    -  1.00e+00 2.50e-01h  3
 447  1.1810360e-02 6.25e-03 1.02e+00  -3.8 2.59e+00    -  2.20e-02 2.58e-02H  1
 448  1.0591478e-02 8.06e-03 1.28e+00  -4.2 2.38e-01    -  1.00e+00 1.00e+00h  1
 449  1.0670158e-02 3.34e-03 3.83e-01  -4.0 1.80e-01    -  1.00e+00 1.00e+00h  1
iter    objective    inf_pr   inf_du lg(mu)  ||d||  lg(rg) alpha_du alpha_pr  ls
 450  1.0582608e-02 3.30e-03 4.67e-01  -4.0 1.25e-01    -  1.00e+00 1.00e+00h  1
 451  1.0827958e-02 1.56e-03 6.40e-01  -4.0 9.46e-02    -  1.00e+00 1.00e+00h  1
 452  1.0681606e-02 8.61e-04 4.05e-01  -4.0 8.59e-02    -  1.00e+00 1.00e+00h  1
 453  1.1012211e-02 4.65e-04 4.27e-01  -4.0 9.21e-02    -  1.00e+00 1.00e+00h  1
 454  1.1000142e-02 3.48e-04 6.45e-01  -4.0 8.55e-02    -  1.00e+00 1.00e+00h  1
 455  1.0823431e-02 3.91e-04 1.84e-01  -4.0 5.80e-02    -  1.00e+00 1.00e+00h  1
 456  1.0986294e-02 9.78e-05 1.57e-01  -4.0 4.15e-02    -  1.00e+00 1.00e+00h  1
 457  1.0950665e-02 2.13e-04 4.54e-01  -4.0 5.56e-02    -  1.00e+00 1.00e+00h  1
 458  1.0800294e-02 5.73e-04 3.07e-01  -4.1 7.06e-02    -  1.00e+00 1.00e+00h  1
 459  1.0830279e-02 3.90e-04 2.37e-01  -4.0 6.09e-02    -  1.00e+00 1.00e+00h  1
iter    objective    inf_pr   inf_du lg(mu)  ||d||  lg(rg) alpha_du alpha_pr  ls
 460  1.0831723e-02 1.36e-04 1.19e-01  -4.0 3.70e-02    -  1.00e+00 1.00e+00h  1
 461  1.0880852e-02 2.50e-05 6.89e-02  -4.0 2.16e-02    -  1.00e+00 1.00e+00h  1
 462  1.1207427e-02 6.98e-06 2.58e-01  -4.0 8.95e-02    -  1.00e+00 1.00e+00H  1
 463  1.1062301e-02 5.58e-04 4.27e-01  -4.0 8.66e-02    -  1.00e+00 1.00e+00h  1
 464  1.0725410e-02 2.05e-03 3.05e-01  -4.1 1.25e-01    -  1.00e+00 1.00e+00h  1
 465  1.0761802e-02 1.56e-03 3.18e-01  -4.1 1.07e-01    -  1.00e+00 1.00e+00h  1
 466  1.0713486e-02 6.61e-04 1.18e-01  -4.1 8.30e-02    -  1.00e+00 1.00e+00h  1
 467  1.0742320e-02 4.98e-04 4.91e-01  -4.1 1.26e-01    -  1.00e+00 5.00e-01h  2
 468  1.0706943e-02 1.69e-04 2.19e-01  -4.1 5.43e-02    -  1.00e+00 1.00e+00h  1
 469  1.0724974e-02 3.13e-04 2.11e-01  -4.0 6.12e-02    -  1.00e+00 1.00e+00h  1
iter    objective    inf_pr   inf_du lg(mu)  ||d||  lg(rg) alpha_du alpha_pr  ls
 470  1.0735611e-02 8.10e-05 1.24e-01  -4.1 3.01e-02    -  1.00e+00 1.00e+00h  1
 471  1.0813798e-02 4.67e-05 2.86e-01  -4.0 2.86e-02    -  1.00e+00 1.00e+00H  1
 472  1.0820220e-02 6.98e-05 8.10e-02  -4.0 2.67e-02    -  1.00e+00 1.00e+00h  1
 473  1.0848290e-02 1.77e-05 1.10e-01  -4.0 1.30e-02    -  1.00e+00 1.00e+00h  1
 474  1.0860614e-02 1.55e-05 7.69e-02  -4.0 1.26e-02    -  1.00e+00 1.00e+00h  1
 475  1.0773418e-02 1.03e-04 3.52e-01  -4.1 6.23e-02    -  1.00e+00 5.00e-01h  2
 476  1.0685111e-02 5.20e-05 4.89e-02  -4.1 2.76e-02    -  1.00e+00 1.00e+00h  1
 477  1.0792278e-02 4.68e-05 4.29e-02  -4.0 2.28e-02    -  1.00e+00 1.00e+00h  1
 478  1.0679957e-02 1.12e-05 6.05e-02  -4.1 1.63e-02    -  1.00e+00 1.00e+00h  1
 479  1.1009342e-02 5.15e-04 3.53e-01  -4.0 8.07e-02    -  1.00e+00 1.00e+00h  1
iter    objective    inf_pr   inf_du lg(mu)  ||d||  lg(rg) alpha_du alpha_pr  ls
 480  1.0752505e-02 6.60e-04 5.97e-01  -4.1 1.56e-01    -  1.00e+00 5.00e-01h  2
 481  1.0466772e-02 5.16e-04 2.56e-01  -4.1 1.11e-01    -  1.00e+00 1.00e+00h  1
 482  1.0865987e-02 8.11e-04 3.00e-01  -4.0 1.00e-01    -  1.00e+00 1.00e+00h  1
 483  1.0640037e-02 2.89e-04 1.09e-01  -4.1 7.16e-02    -  1.00e+00 1.00e+00h  1
 484  1.0702575e-02 3.69e-04 1.70e-01  -4.0 7.76e-02    -  1.00e+00 1.00e+00h  1
 485  1.0548791e-02 3.75e-04 5.93e-01  -4.1 2.13e-01    -  1.00e+00 2.50e-01h  3
 486  1.0445592e-02 3.28e-04 2.84e-01  -4.1 6.51e-02    -  1.00e+00 1.00e+00h  1
 487  1.0674698e-02 3.85e-04 1.13e-01  -4.0 6.69e-02    -  1.00e+00 1.00e+00h  1
 488  1.0407651e-02 3.46e-04 2.39e-01  -4.1 6.63e-02    -  1.00e+00 1.00e+00h  1
 489  1.0673709e-02 2.90e-04 2.57e-01  -4.0 5.27e-02    -  1.00e+00 1.00e+00h  1
iter    objective    inf_pr   inf_du lg(mu)  ||d||  lg(rg) alpha_du alpha_pr  ls
 490  1.0596877e-02 5.65e-04 5.75e-01  -4.1 1.85e-01    -  1.00e+00 5.00e-01h  2
 491  1.0390092e-02 4.03e-04 3.97e-01  -4.1 1.28e-01    -  1.00e+00 5.00e-01h  2
 492  1.0572099e-02 3.92e-04 8.21e-01  -4.0 9.73e-02    -  1.00e+00 5.00e-01h  2
 493  1.0193181e-02 5.11e-04 1.52e-01  -4.1 7.73e-02    -  1.00e+00 1.00e+00h  1
 494  1.1053644e-02 5.02e-04 4.34e-01  -4.0 1.15e-01    -  1.00e+00 1.00e+00H  1
 495  1.0290727e-02 1.08e-03 3.11e-01  -4.1 1.14e-01    -  1.00e+00 1.00e+00h  1
 496  1.0352412e-02 1.07e-03 7.99e-01  -4.1 2.92e-01    -  9.00e-01 2.50e-01h  3
 497  1.0366847e-02 4.54e-04 3.76e-01  -4.1 6.54e-02    -  1.00e+00 1.00e+00h  1
 498  1.0479939e-02 1.91e-04 2.32e-01  -4.0 4.16e-02    -  1.00e+00 1.00e+00h  1
 499  1.0583869e-02 4.58e-05 1.55e-01  -4.0 2.42e-02    -  1.00e+00 1.00e+00h  1
iter    objective    inf_pr   inf_du lg(mu)  ||d||  lg(rg) alpha_du alpha_pr  ls
 500  1.0659672e-02 4.35e-05 2.14e-01  -4.0 2.83e-02    -  1.00e+00 1.00e+00h  1
 501  1.0318360e-02 3.98e-04 2.75e-01  -4.1 9.30e-02    -  1.00e+00 1.00e+00h  1
 502  1.0162190e-02 3.05e-04 3.58e-01  -4.1 1.55e-01    -  1.00e+00 5.00e-01h  2
 503  1.0648315e-02 5.38e-04 2.51e-01  -4.0 9.69e-02    -  1.00e+00 1.00e+00h  1
 504  1.0468531e-02 3.58e-04 3.19e-01  -4.1 1.23e-01    -  1.00e+00 5.00e-01h  2
 505  1.0236993e-02 4.29e-04 1.80e-01  -4.1 8.97e-02    -  1.00e+00 1.00e+00h  1
 506  1.0267000e-02 6.39e-04 3.93e-01  -4.1 2.07e-01    -  1.00e+00 5.00e-01h  2
 507  1.0388770e-02 1.12e-03 3.66e-01  -4.1 1.20e-01    -  1.00e+00 1.00e+00h  1
 508  1.0259528e-02 1.55e-03 2.30e-01  -4.1 1.24e-01    -  1.00e+00 1.00e+00h  1
 509  1.0188134e-02 1.02e-03 4.96e-01  -4.1 9.26e-02    -  1.00e+00 1.00e+00h  1
iter    objective    inf_pr   inf_du lg(mu)  ||d||  lg(rg) alpha_du alpha_pr  ls
 510  1.0336565e-02 5.76e-04 2.36e-01  -4.0 6.70e-02    -  1.00e+00 1.00e+00h  1
 511  1.0316415e-02 2.24e-04 5.38e-01  -4.0 6.13e-02    -  1.00e+00 1.00e+00h  1
 512  1.0369062e-02 4.51e-04 2.14e-01  -4.0 7.30e-02    -  1.00e+00 1.00e+00h  1
 513  1.0300731e-02 4.61e-04 3.86e-01  -4.1 5.97e-02    -  1.00e+00 1.00e+00h  1
 514  1.0346284e-02 1.17e-03 2.06e-01  -4.0 7.09e-02    -  1.00e+00 1.00e+00h  1
 515  1.0325978e-02 3.17e-04 2.40e-01  -4.1 4.83e-02    -  1.00e+00 1.00e+00h  1
 516  1.0561971e-02 1.73e-04 1.03e+00  -4.0 5.82e-02    -  1.00e+00 1.00e+00H  1
 517  1.0356063e-02 3.50e-04 3.58e-01  -4.1 7.00e-02    -  1.00e+00 1.00e+00h  1
 518  1.0378841e-02 1.01e-04 2.24e-01  -4.0 3.60e-02    -  1.00e+00 1.00e+00h  1
 519  1.0460172e-02 2.36e-04 3.83e-01  -4.0 7.75e-02    -  1.00e+00 1.00e+00h  1
iter    objective    inf_pr   inf_du lg(mu)  ||d||  lg(rg) alpha_du alpha_pr  ls
 520  1.0348949e-02 2.69e-04 2.78e-01  -4.1 9.69e-02    -  1.00e+00 1.00e+00h  1
 521  1.0276758e-02 2.20e-04 9.14e-02  -4.1 4.47e-02    -  1.00e+00 1.00e+00h  1
 522  1.0400921e-02 4.17e-05 2.39e-01  -4.0 3.80e-02    -  1.00e+00 1.00e+00H  1
 523  1.0579259e-02 7.00e-04 5.94e-01  -4.0 1.60e-01    -  1.00e+00 1.00e+00h  1
 524  1.0585254e-02 9.87e-04 1.66e+00  -4.1 5.39e-01    -  1.00e+00 2.50e-01h  3
 525  1.0507321e-02 5.52e-03 1.54e+00  -4.1 8.02e-01    -  1.00e+00 5.00e-01h  2
 526  1.0344642e-02 6.30e-03 1.69e+00  -4.1 1.76e+00    -  1.00e+00 1.25e-01h  4
 527  1.0206021e-02 6.47e-03 1.83e+00  -4.1 1.03e+00    -  1.00e+00 2.50e-01h  3
 528  1.0626775e-02 3.48e-03 1.13e+00  -4.1 4.84e-01    -  1.00e+00 5.00e-01h  2
 529  1.0537950e-02 2.19e-02 1.60e+00  -4.1 1.78e+00    -  1.00e+00 5.00e-01h  2
iter    objective    inf_pr   inf_du lg(mu)  ||d||  lg(rg) alpha_du alpha_pr  ls
 530  1.0392917e-02 2.20e-02 1.74e+00  -4.1 4.93e+00    -  3.82e-01 4.30e-02h  5
 531  1.0333064e-02 6.17e-03 2.23e-01  -4.1 5.69e-01    -  1.00e+00 1.00e+00h  1
 532  1.0433703e-02 5.62e-03 6.57e-01  -4.1 1.65e+00    -  5.37e-01 1.25e-01h  4
 533  9.8809330e-03 3.11e-03 1.78e-01  -4.1 2.21e-01    -  1.00e+00 1.00e+00h  1
 534  9.8431977e-03 2.09e-03 3.22e-01  -4.0 5.28e-01    -  1.00e+00 5.00e-01h  2
 535  9.8956597e-03 2.65e-03 5.65e-01  -4.0 1.08e+00    -  1.00e+00 2.50e-01h  3
 536  9.8389611e-03 4.42e-03 2.43e-01  -4.1 1.40e+00    -  1.00e+00 2.50e-01h  3
 537  1.0046524e-02 7.83e-03 6.17e-01  -4.0 1.92e+00    -  1.00e+00 2.50e-01h  3
 538  1.3307340e-02 1.29e-02 3.77e-01  -4.1 5.43e-01    -  1.00e+00 1.00e+00h  1
 539  9.8264760e-03 8.71e-03 1.52e-01  -4.1 4.38e-01    -  1.00e+00 1.00e+00h  1
iter    objective    inf_pr   inf_du lg(mu)  ||d||  lg(rg) alpha_du alpha_pr  ls
 540  1.0091688e-02 6.08e-03 5.94e-01  -4.0 6.35e-01    -  4.95e-01 2.50e-01H  1
 541  9.6070369e-03 1.68e-03 2.34e-01  -4.1 1.79e-01    -  1.00e+00 1.00e+00h  1
 542  1.0326307e-02 2.28e-03 1.33e+00  -4.0 1.73e-01    -  1.00e+00 8.82e-01h  1
 543  9.6838702e-03 1.05e-03 2.31e-01  -4.1 1.23e-01    -  1.00e+00 1.00e+00h  1
 544  9.9755619e-03 5.67e-04 5.90e+00  -4.0 1.07e-01    -  1.00e+00 4.67e-01H  1
 545  1.0230186e-02 5.67e-04 1.19e+00  -4.0 8.45e-02    -  1.00e+00 1.00e+00h  1
 546  1.0135217e-02 6.95e-04 2.21e-01  -4.1 6.63e-02    -  1.00e+00 1.00e+00h  1
 547  1.0164623e-02 2.69e-04 4.74e-01  -4.0 4.43e-02    -  1.00e+00 1.00e+00h  1
 548  1.0059457e-02 2.19e-04 3.95e-01  -4.0 4.24e-02    -  1.00e+00 1.00e+00h  1
 549  1.0044485e-02 8.44e-05 2.57e-01  -4.0 2.86e-02    -  1.00e+00 1.00e+00h  1
iter    objective    inf_pr   inf_du lg(mu)  ||d||  lg(rg) alpha_du alpha_pr  ls
 550  9.9984969e-03 4.02e-04 5.72e-01  -4.0 8.50e-02    -  1.00e+00 1.00e+00h  1
 551  9.8184973e-03 3.91e-04 3.37e-01  -4.1 6.75e-02    -  1.00e+00 1.00e+00h  1
 552  9.8889564e-03 2.36e-04 2.11e-01  -4.0 5.59e-02    -  1.00e+00 1.00e+00h  1
 553  9.9020541e-03 4.55e-05 9.35e-02  -4.0 2.49e-02    -  1.00e+00 1.00e+00h  1
 554  9.9304081e-03 1.08e-04 1.61e-01  -4.0 3.70e-02    -  1.00e+00 1.00e+00h  1
 555  9.8474386e-03 1.05e-04 1.54e-01  -4.1 3.45e-02    -  1.00e+00 1.00e+00h  1
 556  9.9098498e-03 2.47e-04 3.16e-01  -4.0 4.39e-02    -  1.00e+00 1.00e+00h  1
 557  9.8213987e-03 1.16e-04 5.97e-02  -4.1 2.94e-02    -  1.00e+00 1.00e+00h  1
 558  9.8572552e-03 1.24e-05 7.83e-02  -4.0 1.63e-02    -  1.00e+00 1.00e+00h  1
 559  9.9012483e-03 1.16e-04 8.55e-02  -4.0 5.35e-02    -  1.00e+00 1.00e+00h  1
iter    objective    inf_pr   inf_du lg(mu)  ||d||  lg(rg) alpha_du alpha_pr  ls
 560  9.8706378e-03 3.78e-04 4.80e-01  -4.1 1.55e-01    -  1.00e+00 5.00e-01h  2
 561  9.7721901e-03 6.59e-04 1.48e-01  -4.1 7.87e-02    -  1.00e+00 1.00e+00h  1
 562  9.6696468e-03 9.09e-04 3.78e-01  -4.1 1.08e-01    -  1.00e+00 1.00e+00h  1
 563  9.7160646e-03 4.20e-04 2.13e-01  -4.0 6.81e-02    -  1.00e+00 1.00e+00h  1
 564  9.7981200e-03 3.87e-04 5.90e-02  -4.0 7.83e-02    -  1.00e+00 1.00e+00h  1
 565  9.6282576e-03 4.01e-04 1.85e-01  -4.1 6.88e-02    -  1.00e+00 1.00e+00h  1
 566  9.7171476e-03 2.00e-04 1.19e-01  -4.0 5.46e-02    -  1.00e+00 1.00e+00h  1
 567  9.8209991e-03 4.19e-04 2.54e-01  -4.0 5.61e-02    -  1.00e+00 1.00e+00h  1
 568  9.5719414e-03 3.35e-04 4.46e-02  -4.1 5.73e-02    -  1.00e+00 1.00e+00h  1
 569  9.8586192e-03 7.48e-05 1.77e-01  -4.0 8.32e-02    -  1.00e+00 1.00e+00H  1
iter    objective    inf_pr   inf_du lg(mu)  ||d||  lg(rg) alpha_du alpha_pr  ls
 570  9.6364910e-03 1.60e-04 1.33e-01  -4.1 6.30e-02    -  1.00e+00 1.00e+00h  1
 571  9.5689792e-03 2.00e-04 2.40e-01  -4.0 1.02e-01    -  1.00e+00 5.00e-01h  2
 572  9.6469773e-03 1.67e-04 1.30e-01  -4.0 4.73e-02    -  1.00e+00 1.00e+00h  1
 573  9.8100096e-03 3.16e-05 2.05e-01  -4.0 4.86e-02    -  1.00e+00 1.00e+00H  1
 574  9.7091514e-03 2.63e-04 2.01e-01  -4.0 6.65e-02    -  1.00e+00 1.00e+00h  1
 575  9.5079178e-03 5.40e-04 3.26e-01  -4.1 1.59e-01    -  1.00e+00 5.00e-01h  2
 576  9.5643680e-03 7.23e-04 1.59e-01  -4.0 5.93e-02    -  1.00e+00 1.00e+00h  1
 577  9.7246387e-03 2.48e-04 1.16e-01  -4.0 4.72e-02    -  1.00e+00 1.00e+00h  1
 578  9.5312461e-03 5.24e-04 2.98e-01  -4.1 7.12e-02    -  1.00e+00 1.00e+00h  1
 579  9.6149977e-03 3.07e-04 1.26e-01  -4.0 6.56e-02    -  1.00e+00 1.00e+00h  1
iter    objective    inf_pr   inf_du lg(mu)  ||d||  lg(rg) alpha_du alpha_pr  ls
 580  9.5958964e-03 1.87e-04 4.02e-01  -4.1 1.21e-01    -  1.00e+00 5.00e-01h  2
 581  9.4546630e-03 1.99e-04 1.14e-01  -4.1 6.02e-02    -  1.00e+00 1.00e+00h  1
 582  9.9297581e-03 2.80e-05 1.87e-01  -4.0 1.00e-01    -  1.00e+00 1.00e+00H  1
 583  9.5999673e-03 3.86e-04 3.52e-01  -4.1 8.68e-02    -  1.00e+00 1.00e+00h  1
 584  9.2612822e-03 1.23e-03 9.04e-02  -4.1 1.31e-01    -  1.00e+00 1.00e+00h  1
 585  9.8045998e-03 2.59e-03 4.17e-01  -4.0 1.94e-01    -  1.00e+00 1.00e+00h  1
 586  9.7297544e-03 1.52e-03 2.37e-01  -4.1 1.69e-01    -  1.00e+00 1.00e+00h  1
 587  9.3201466e-03 4.73e-04 4.19e-02  -4.1 1.21e-01    -  1.00e+00 1.00e+00h  1
 588  9.6302940e-03 1.21e-04 6.56e-01  -4.0 6.55e-02    -  1.00e+00 8.05e-01H  1
 589  9.6535721e-03 9.34e-04 2.53e-01  -4.0 1.08e-01    -  1.00e+00 1.00e+00h  1
iter    objective    inf_pr   inf_du lg(mu)  ||d||  lg(rg) alpha_du alpha_pr  ls
 590  9.3819903e-03 1.12e-03 4.09e-01  -4.1 9.22e-02    -  1.00e+00 1.00e+00h  1
 591  9.4037638e-03 9.98e-04 3.04e-01  -4.1 9.03e-02    -  1.00e+00 1.00e+00h  1
 592  9.3581564e-03 1.02e-03 3.06e-01  -4.1 7.79e-02    -  1.00e+00 1.00e+00h  1
 593  9.3135099e-03 5.36e-04 1.70e-01  -4.1 6.82e-02    -  1.00e+00 1.00e+00h  1
 594  9.5022322e-03 2.29e-04 2.79e-01  -4.0 4.90e-02    -  1.00e+00 1.00e+00H  1
 595  9.4969896e-03 1.42e-04 1.53e-01  -4.0 4.67e-02    -  1.00e+00 1.00e+00h  1
 596  9.5130746e-03 8.77e-04 5.20e-01  -4.0 1.38e-01    -  1.00e+00 1.00e+00h  1
 597  9.4469088e-03 1.57e-03 3.00e-01  -4.1 1.45e-01    -  1.00e+00 1.00e+00h  1
 598  9.3492934e-03 6.25e-04 1.03e-01  -4.1 9.60e-02    -  1.00e+00 1.00e+00h  1
 599  9.4447821e-03 4.51e-04 2.30e-01  -4.1 5.72e-02    -  1.00e+00 1.00e+00h  1
iter    objective    inf_pr   inf_du lg(mu)  ||d||  lg(rg) alpha_du alpha_pr  ls
 600  9.3587390e-03 2.46e-04 9.02e-02  -4.1 4.02e-02    -  1.00e+00 1.00e+00h  1
 601  9.4146643e-03 2.21e-05 2.21e-01  -4.0 7.03e-02    -  1.00e+00 1.00e+00H  1
 602  9.5749073e-03 9.86e-03 1.56e+00  -4.0 9.44e-01    -  1.00e+00 5.00e-01h  2
 603  9.5141218e-03 1.56e-02 2.03e+00  -4.1 1.80e+00    -  1.00e+00 2.50e-01h  3
 604  9.5302132e-03 1.81e-02 2.55e+00  -4.1 2.68e+00    -  1.00e+00 1.25e-01h  4
 605  9.3534304e-03 1.75e-02 2.76e+00  -4.1 1.70e+00    -  1.00e+00 1.25e-01h  4
 606  9.7611083e-03 7.32e-03 3.89e+00  -4.1 1.63e+00    -  1.00e+00 4.66e-01H  1
 607  9.6742079e-03 9.33e-03 4.29e+00  -4.1 3.54e+00    -  4.49e-01 1.43e-01h  3
 608  9.8048380e-03 1.16e-02 1.03e+00  -4.1 3.87e-01    -  1.00e+00 1.00e+00h  1
 609  8.6929832e-03 7.77e-03 2.41e-01  -4.1 2.56e-01    -  1.00e+00 1.00e+00h  1
iter    objective    inf_pr   inf_du lg(mu)  ||d||  lg(rg) alpha_du alpha_pr  ls
 610  9.6910442e-03 2.62e-03 3.01e-01  -4.0 3.27e-01    -  1.00e+00 1.00e+00H  1
 611  8.7531480e-03 3.01e-03 1.96e-01  -4.1 2.59e-01    -  1.00e+00 1.00e+00h  1
 612  8.7600078e-03 2.87e-03 1.39e-01  -4.0 2.78e-01    -  1.00e+00 1.00e+00h  1
 613  9.1938459e-03 2.47e-03 3.73e-01  -4.1 3.76e-01    -  1.00e+00 5.00e-01h  2
 614  8.5425424e-03 1.47e-03 7.10e-02  -4.1 1.48e-01    -  1.00e+00 1.00e+00h  1
 615  8.6091785e-03 1.05e-03 2.23e-01  -4.0 9.48e-02    -  1.00e+00 1.00e+00h  1
 616  8.5536920e-03 3.14e-04 1.12e-01  -4.0 7.23e-02    -  1.00e+00 1.00e+00h  1
 617  8.5568779e-03 2.72e-04 5.07e-01  -4.0 1.05e-01    -  1.00e+00 5.00e-01h  2
 618  8.6441981e-03 6.15e-04 3.38e-01  -4.0 2.58e-01    -  1.00e+00 5.00e-01h  2
 619  8.7217055e-03 1.75e-03 4.28e-01  -4.1 4.09e-01    -  1.00e+00 5.00e-01h  2
iter    objective    inf_pr   inf_du lg(mu)  ||d||  lg(rg) alpha_du alpha_pr  ls
 620  8.7224844e-03 1.44e-03 5.17e-01  -4.1 2.78e-01    -  1.00e+00 2.50e-01h  3
 621  8.8283826e-03 2.66e-03 1.33e-01  -4.1 1.75e-01    -  1.00e+00 1.00e+00h  1
 622  8.6570651e-03 1.69e-03 2.11e-01  -4.1 1.26e-01    -  1.00e+00 1.00e+00h  1
 623  8.7347564e-03 1.22e-03 3.23e-01  -4.1 1.02e-01    -  1.00e+00 1.00e+00h  1
 624  8.5781496e-03 5.21e-04 9.78e-02  -4.1 8.29e-02    -  1.00e+00 1.00e+00h  1
 625  8.6726033e-03 2.12e-04 2.48e-01  -4.0 5.37e-02    -  1.00e+00 1.00e+00h  1
 626  8.6963399e-03 2.50e-04 2.59e-01  -4.0 5.63e-02    -  1.00e+00 1.00e+00h  1
 627  8.5973440e-03 4.11e-04 1.30e-01  -4.1 4.37e-02    -  1.00e+00 1.00e+00h  1
 628  8.6193253e-03 1.62e-04 2.15e-01  -4.0 3.23e-02    -  1.00e+00 1.00e+00h  1
 629  8.6511326e-03 7.94e-05 5.43e-02  -4.0 3.64e-02    -  1.00e+00 1.00e+00h  1
iter    objective    inf_pr   inf_du lg(mu)  ||d||  lg(rg) alpha_du alpha_pr  ls
 630  8.5908914e-03 1.06e-04 1.34e-01  -4.1 4.14e-02    -  1.00e+00 1.00e+00h  1
 631  8.5777100e-03 3.16e-04 4.86e-01  -4.0 2.99e-01    -  1.00e+00 2.50e-01h  3
 632  8.6093462e-03 1.20e-03 2.31e-01  -4.1 1.51e-01    -  1.00e+00 1.00e+00h  1
 633  8.6532692e-03 1.98e-03 7.40e-01  -4.1 5.94e-01    -  1.00e+00 2.50e-01h  3
 634  8.6140818e-03 1.58e-03 3.33e-01  -4.1 2.63e-01    -  1.00e+00 2.50e-01h  3
 635  8.5309168e-03 1.13e-03 2.72e-01  -4.1 1.88e-01    -  1.00e+00 5.00e-01h  2
 636  8.5697058e-03 1.42e-03 4.68e-01  -4.0 1.79e-01    -  1.00e+00 5.00e-01h  2
 637  8.6364830e-03 8.57e-04 1.38e-01  -4.1 8.76e-02    -  1.00e+00 1.00e+00h  1
 638  8.4608107e-03 6.17e-04 1.06e-01  -4.1 6.90e-02    -  1.00e+00 1.00e+00h  1
 639  8.5750046e-03 3.50e-04 2.72e-01  -4.0 1.44e-01    -  1.00e+00 1.00e+00H  1
iter    objective    inf_pr   inf_du lg(mu)  ||d||  lg(rg) alpha_du alpha_pr  ls
 640  8.5968812e-03 6.81e-04 1.51e+00  -4.1 3.32e-01    -  1.00e+00 2.50e-01h  3
 641  8.5254961e-03 5.98e-04 4.08e-01  -4.1 1.35e-01    -  1.00e+00 5.00e-01h  2
 642  8.5516940e-03 5.05e-04 1.09e-01  -4.0 5.68e-02    -  1.00e+00 1.00e+00h  1
 643  8.5490338e-03 3.93e-04 1.46e-01  -4.0 5.08e-02    -  1.00e+00 1.00e+00h  1
 644  8.5247385e-03 2.05e-04 1.97e-01  -4.0 4.62e-02    -  1.00e+00 1.00e+00h  1
 645  8.5799035e-03 9.66e-05 3.01e-01  -4.0 3.79e-02    -  1.00e+00 1.00e+00H  1
 646  8.5666398e-03 2.13e-04 1.74e-01  -4.0 3.43e-02    -  1.00e+00 1.00e+00h  1
 647  8.5545787e-03 1.20e-04 7.19e-02  -4.1 4.60e-02    -  1.00e+00 1.00e+00h  1
 648  8.5524766e-03 7.26e-05 3.41e-02  -4.0 2.84e-02    -  1.00e+00 1.00e+00h  1
 649  8.5655048e-03 1.73e-05 5.04e-02  -4.0 2.06e-02    -  1.00e+00 1.00e+00h  1
iter    objective    inf_pr   inf_du lg(mu)  ||d||  lg(rg) alpha_du alpha_pr  ls
 650  8.7660836e-03 2.14e-03 3.33e-01  -4.0 2.55e-01    -  1.00e+00 1.00e+00h  1
 651  8.8152108e-03 2.01e-03 6.85e-01  -4.1 6.83e-01    -  1.00e+00 1.25e-01h  4
 652  8.5222774e-03 8.47e-04 1.51e-01  -4.1 1.29e-01    -  1.00e+00 1.00e+00h  1
 653  8.7777218e-03 8.31e-04 2.21e-01  -4.1 2.42e-01    -  1.00e+00 5.00e-01h  2
 654  8.5344805e-03 2.66e-04 7.74e-02  -4.1 1.08e-01    -  1.00e+00 1.00e+00h  1
 655  8.5711190e-03 5.90e-05 1.18e-01  -4.1 7.37e-02    -  1.00e+00 1.00e+00H  1
 656  8.5549866e-03 7.28e-05 5.95e-01  -4.1 2.98e-01    -  1.00e+00 6.25e-02h  5
 657  8.5487474e-03 6.92e-05 3.51e-01  -4.1 2.24e-01    -  1.00e+00 6.25e-02h  5
 658  8.5438357e-03 6.71e-05 2.51e-01  -4.1 6.69e-01    -  1.00e+00 1.56e-02h  7
 659  8.5168406e-03 1.14e-03 2.37e-01  -4.1 1.26e+00    -  1.00e+00 1.25e-01h  4
iter    objective    inf_pr   inf_du lg(mu)  ||d||  lg(rg) alpha_du alpha_pr  ls
 660  8.5298688e-03 3.51e-03 4.91e-01  -4.1 1.97e+00    -  1.00e+00 1.25e-01h  4
 661  8.5319073e-03 4.46e-03 6.77e-01  -4.1 1.54e+00    -  1.00e+00 1.25e-01h  4
 662  8.4955270e-03 6.23e-03 8.96e-01  -4.1 1.16e+00    -  1.00e+00 2.50e-01h  3
 663  8.4803449e-03 8.28e-03 1.13e+00  -4.1 2.32e+00    -  1.00e+00 1.25e-01h  4
 664  8.5353235e-03 7.42e-03 1.11e+00  -4.1 7.28e-01    -  1.00e+00 1.25e-01h  4
 665  8.4865040e-03 2.73e-03 4.51e-01  -4.1 1.88e-01    -  1.00e+00 1.00e+00h  1
 666  8.4178155e-03 1.71e-03 2.65e-01  -4.1 2.36e-01    -  1.00e+00 5.00e-01h  2
 667  8.4206696e-03 2.70e-03 3.12e-01  -4.0 4.38e-01    -  1.00e+00 5.00e-01h  2
 668  8.7421603e-03 4.88e-03 5.44e-01  -4.1 3.97e-01    -  1.00e+00 5.00e-01h  2
 669  8.3515952e-03 3.66e-03 1.50e-01  -4.1 2.08e-01    -  1.00e+00 1.00e+00h  1
iter    objective    inf_pr   inf_du lg(mu)  ||d||  lg(rg) alpha_du alpha_pr  ls
 670  8.4697722e-03 1.87e-03 7.84e-02  -4.0 1.25e-01    -  1.00e+00 1.00e+00h  1
 671  8.3286972e-03 1.21e-03 2.15e-01  -4.1 1.05e-01    -  1.00e+00 1.00e+00h  1
 672  8.3167782e-03 7.64e-04 2.54e-01  -4.0 6.53e-02    -  1.00e+00 1.00e+00h  1
 673  8.4122273e-03 2.84e-04 4.78e-01  -4.0 4.22e-02    -  1.00e+00 1.00e+00h  1
 674  8.3931468e-03 2.49e-04 3.83e-01  -4.0 5.37e-02    -  1.00e+00 1.00e+00h  1
 675  8.4020865e-03 1.12e-04 1.28e-01  -4.0 3.42e-02    -  1.00e+00 1.00e+00h  1
 676  8.4171353e-03 8.00e-05 1.76e-01  -4.0 3.03e-02    -  1.00e+00 1.00e+00h  1
 677  8.4109174e-03 2.21e-05 5.94e-02  -4.0 1.71e-02    -  1.00e+00 1.00e+00h  1
 678  8.4174849e-03 6.32e-05 4.34e-02  -4.0 2.71e-02    -  1.00e+00 1.00e+00h  1
 679  8.3920707e-03 4.47e-05 8.57e-02  -4.1 1.77e-02    -  1.00e+00 1.00e+00h  1
iter    objective    inf_pr   inf_du lg(mu)  ||d||  lg(rg) alpha_du alpha_pr  ls
 680  8.3898661e-03 5.12e-05 2.22e-01  -4.0 5.35e-02    -  1.00e+00 5.00e-01h  2
 681  8.3837622e-03 2.85e-05 2.03e-02  -4.1 2.32e-02    -  1.00e+00 1.00e+00h  1
 682  8.4083703e-03 1.05e-05 3.19e-02  -4.0 1.30e-02    -  1.00e+00 1.00e+00h  1
 683  8.5361467e-03 2.86e-04 1.97e-01  -4.0 6.24e-02    -  1.00e+00 1.00e+00h  1
 684  8.4423183e-03 2.08e-04 1.12e-01  -4.1 5.97e-02    -  1.00e+00 1.00e+00h  1
 685  8.3393985e-03 1.14e-04 4.41e-02  -4.1 5.62e-02    -  1.00e+00 1.00e+00h  1
 686  8.7027109e-03 9.47e-05 2.48e-01  -4.0 9.25e-02    -  1.00e+00 1.00e+00H  1
 687  8.4743481e-03 2.47e-04 9.40e-02  -4.1 8.81e-02    -  1.00e+00 1.00e+00h  1
 688  8.2941767e-03 5.29e-04 7.42e-02  -4.1 7.76e-02    -  1.00e+00 1.00e+00h  1
 689  8.6121111e-03 4.49e-04 3.99e-01  -4.0 1.06e-01    -  1.00e+00 1.00e+00H  1
iter    objective    inf_pr   inf_du lg(mu)  ||d||  lg(rg) alpha_du alpha_pr  ls
 690  8.6496541e-03 6.07e-04 2.17e-01  -4.1 1.49e-01    -  1.00e+00 1.00e+00h  1
 691  8.3763814e-03 4.77e-04 7.02e-02  -4.1 9.60e-02    -  1.00e+00 1.00e+00h  1
 692  8.3932937e-03 1.61e-04 8.76e-02  -4.1 4.05e-02    -  1.00e+00 1.00e+00h  1
 693  8.3722902e-03 4.01e-05 6.53e-02  -4.1 3.53e-02    -  1.00e+00 1.00e+00h  1
 694  8.4426375e-03 2.06e-06 7.40e-02  -4.0 2.47e-02    -  1.00e+00 1.00e+00H  1
 695  8.5321403e-03 1.09e-04 4.40e-01  -4.0 8.41e-02    -  1.00e+00 5.00e-01h  2
 696  8.3942654e-03 2.18e-04 1.35e-01  -4.1 5.62e-02    -  1.00e+00 1.00e+00h  1
 697  8.3199096e-03 3.42e-04 7.09e-02  -4.1 6.39e-02    -  1.00e+00 1.00e+00h  1
 698  8.4820441e-03 2.55e-04 7.43e-02  -4.0 7.69e-02    -  1.00e+00 1.00e+00h  1
 699  8.4281325e-03 2.47e-04 8.09e-01  -4.1 1.42e-01    -  1.00e+00 2.50e-01h  3
iter    objective    inf_pr   inf_du lg(mu)  ||d||  lg(rg) alpha_du alpha_pr  ls
 700  8.3767195e-03 8.51e-05 3.96e-02  -4.1 3.31e-02    -  1.00e+00 1.00e+00h  1
 701  8.3891816e-03 2.94e-05 7.04e-02  -4.1 1.53e-02    -  1.00e+00 1.00e+00h  1
 702  8.4683811e-03 2.36e-05 2.34e-02  -4.0 2.74e-02    -  1.00e+00 1.00e+00h  1
 703  8.4011151e-03 4.84e-05 1.46e-01  -4.1 5.14e-02    -  1.00e+00 1.00e+00H  1
 704  8.3457807e-03 7.80e-05 5.25e-02  -4.1 3.79e-02    -  1.00e+00 1.00e+00h  1
 705  8.5338809e-03 4.26e-05 1.21e-01  -4.0 7.01e-02    -  1.00e+00 1.00e+00H  1
 706  8.3637924e-03 2.43e-04 1.80e-01  -4.1 4.96e-02    -  1.00e+00 1.00e+00h  1
 707  8.2708403e-03 1.99e-04 3.15e-01  -4.1 8.78e-02    -  1.00e+00 5.00e-01h  2
 708  8.4567121e-03 2.71e-04 7.28e-02  -4.0 7.15e-02    -  1.00e+00 1.00e+00h  1
 709  8.3746254e-03 3.63e-04 2.07e-01  -4.1 1.25e-01    -  1.00e+00 5.00e-01h  2
iter    objective    inf_pr   inf_du lg(mu)  ||d||  lg(rg) alpha_du alpha_pr  ls
 710  8.3089374e-03 1.24e-04 5.21e-02  -4.1 4.80e-02    -  1.00e+00 1.00e+00h  1
 711  8.4895474e-03 6.49e-05 1.76e-01  -4.0 5.03e-02    -  1.00e+00 1.00e+00H  1
 712  8.3222640e-03 1.57e-04 1.16e-01  -4.1 5.22e-02    -  1.00e+00 1.00e+00h  1
 713  8.3490430e-03 1.43e-04 1.21e-01  -4.1 1.61e-01    -  1.00e+00 2.50e-01h  3
 714  8.3361056e-03 4.80e-05 2.41e-02  -4.1 2.96e-02    -  1.00e+00 1.00e+00h  1
 715  8.4431363e-03 4.04e-07 2.73e-02  -4.0 3.33e-02    -  1.00e+00 1.00e+00H  1
 716  8.5120121e-03 4.11e-05 6.92e-02  -4.0 5.87e-02    -  1.00e+00 5.00e-01h  2
 717  8.3568553e-03 1.34e-04 6.12e-02  -4.1 4.56e-02    -  1.00e+00 1.00e+00h  1
 718  8.2917769e-03 3.57e-05 1.55e-01  -4.1 7.80e-02    -  1.00e+00 1.00e+00H  1
 719  8.4802499e-03 3.69e-04 1.13e-01  -4.0 9.39e-02    -  1.00e+00 1.00e+00h  1
iter    objective    inf_pr   inf_du lg(mu)  ||d||  lg(rg) alpha_du alpha_pr  ls
 720  8.5463933e-03 8.48e-04 7.30e-01  -4.1 2.19e-01    -  1.00e+00 5.00e-01h  2
 721  8.2870164e-03 2.90e-04 7.04e-02  -4.1 8.51e-02    -  1.00e+00 1.00e+00h  1
 722  8.4766902e-03 1.52e-04 1.35e-01  -4.0 5.67e-02    -  1.00e+00 1.00e+00H  1
 723  8.3063048e-03 1.98e-04 3.82e-02  -4.1 4.48e-02    -  1.00e+00 1.00e+00h  1
 724  8.3129390e-03 1.22e-04 2.15e-01  -4.1 7.53e-02    -  1.00e+00 5.00e-01h  2
 725  8.3134515e-03 6.71e-05 2.69e-02  -4.1 2.93e-02    -  1.00e+00 1.00e+00h  1
 726  8.3967738e-03 7.44e-07 3.67e-02  -4.0 2.65e-02    -  1.00e+00 1.00e+00H  1
 727  8.4742263e-03 1.28e-04 1.92e-01  -4.0 1.13e-01    -  1.00e+00 2.50e-01h  3
 728  8.3686120e-03 5.10e-05 5.09e-02  -4.1 3.00e-02    -  1.00e+00 1.00e+00h  1
 729  8.3093707e-03 5.49e-05 1.15e-01  -4.1 6.56e-02    -  1.00e+00 1.00e+00H  1
iter    objective    inf_pr   inf_du lg(mu)  ||d||  lg(rg) alpha_du alpha_pr  ls
 730  8.2805645e-03 1.22e-04 9.86e-02  -4.1 5.76e-02    -  1.00e+00 1.00e+00h  1
 731  8.4834770e-03 3.18e-04 8.88e-02  -4.0 6.77e-02    -  1.00e+00 1.00e+00h  1
 732  8.5034949e-03 4.20e-04 1.96e-01  -4.1 7.16e-02    -  1.00e+00 1.00e+00H  1
 733  8.2563205e-03 1.94e-04 1.14e-01  -4.1 9.93e-02    -  1.00e+00 1.00e+00h  1
 734  8.4770251e-03 3.05e-04 4.48e-02  -4.0 6.58e-02    -  1.00e+00 1.00e+00h  1
 735  8.4112108e-03 2.49e-04 3.37e-01  -4.1 1.04e-01    -  1.00e+00 5.00e-01h  2
 736  8.2792700e-03 1.82e-04 7.95e-02  -4.1 4.15e-02    -  1.00e+00 1.00e+00h  1
 737  8.3077323e-03 2.41e-04 7.96e-02  -4.1 5.47e-02    -  1.00e+00 1.00e+00h  1
 738  8.3166613e-03 1.42e-04 5.85e-02  -4.1 2.87e-02    -  1.00e+00 1.00e+00h  1
 739  8.3167362e-03 2.37e-05 5.04e-02  -4.1 1.49e-02    -  1.00e+00 1.00e+00h  1
iter    objective    inf_pr   inf_du lg(mu)  ||d||  lg(rg) alpha_du alpha_pr  ls
 740  8.4481115e-03 1.09e-04 6.00e-02  -4.0 3.97e-02    -  1.00e+00 1.00e+00h  1
 741  8.3256744e-03 2.49e-04 9.68e-02  -4.1 5.18e-02    -  1.00e+00 1.00e+00h  1
 742  8.2717637e-03 1.23e-04 9.74e-02  -4.1 3.91e-02    -  1.00e+00 1.00e+00h  1
 743  8.4219208e-03 3.77e-04 5.99e-02  -4.0 5.17e-02    -  1.00e+00 1.00e+00h  1
 744  8.3531034e-03 2.33e-04 6.90e-02  -4.1 3.86e-02    -  1.00e+00 1.00e+00h  1
 745  8.2179721e-03 1.82e-04 5.57e-02  -4.1 5.00e-02    -  1.00e+00 1.00e+00h  1
 746  8.5078373e-03 3.73e-04 8.96e-02  -4.0 8.47e-02    -  1.00e+00 1.00e+00h  1
 747  8.4852591e-03 5.00e-04 2.97e-01  -4.1 1.56e-01    -  1.00e+00 5.00e-01h  2
 748  8.2811207e-03 3.96e-04 5.30e-02  -4.1 5.99e-02    -  1.00e+00 1.00e+00h  1
 749  8.2800351e-03 6.98e-05 7.20e-02  -4.1 2.30e-02    -  1.00e+00 1.00e+00h  1
iter    objective    inf_pr   inf_du lg(mu)  ||d||  lg(rg) alpha_du alpha_pr  ls
 750  8.4275109e-03 1.39e-04 6.69e-02  -4.0 4.63e-02    -  1.00e+00 1.00e+00h  1
 751  8.2728909e-03 2.44e-04 3.34e-01  -4.1 6.53e-02    -  1.00e+00 1.00e+00H  1
 752  8.2771208e-03 2.79e-04 1.62e-01  -4.1 5.07e-02    -  1.00e+00 1.00e+00h  1
 753  8.3121998e-03 1.25e-04 4.60e-02  -4.1 4.53e-02    -  1.00e+00 1.00e+00h  1
 754  8.2682985e-03 7.07e-05 4.88e-02  -4.1 2.49e-02    -  1.00e+00 1.00e+00h  1
 755  8.3885024e-03 9.29e-05 4.23e-02  -4.0 3.36e-02    -  1.00e+00 1.00e+00h  1
 756  8.2894720e-03 1.62e-04 2.85e-01  -4.1 6.81e-02    -  1.00e+00 1.00e+00H  1
 757  8.2209239e-03 2.18e-04 1.02e-01  -4.1 5.05e-02    -  1.00e+00 1.00e+00h  1
 758  8.5028134e-03 3.56e-04 1.04e-01  -4.0 8.06e-02    -  1.00e+00 1.00e+00h  1
 759  8.4897741e-03 1.15e-03 3.16e-01  -4.1 1.52e-01    -  1.00e+00 1.00e+00h  1
iter    objective    inf_pr   inf_du lg(mu)  ||d||  lg(rg) alpha_du alpha_pr  ls
 760  8.2391450e-03 3.70e-04 1.04e-01  -4.1 1.02e-01    -  1.00e+00 1.00e+00h  1
 761  8.3005234e-03 1.89e-04 1.20e-01  -4.1 4.00e-02    -  1.00e+00 1.00e+00h  1
 762  8.2629001e-03 5.62e-05 1.06e-02  -4.1 3.03e-02    -  1.00e+00 1.00e+00h  1
 763  8.3746521e-03 6.85e-07 3.69e-02  -4.0 3.06e-02    -  1.00e+00 1.00e+00H  1
 764  8.4448186e-03 6.74e-05 1.17e-01  -4.0 1.05e-01    -  1.00e+00 2.50e-01h  3
 765  8.2572918e-03 1.52e-04 8.24e-02  -4.1 5.29e-02    -  1.00e+00 1.00e+00h  1
 766  8.2167565e-03 3.03e-04 4.23e-01  -4.1 2.48e-01    -  1.00e+00 2.50e-01h  3
 767  8.2532565e-03 1.21e-04 4.76e-02  -4.1 4.17e-02    -  1.00e+00 1.00e+00h  1
 768  8.4245839e-03 2.44e-05 7.97e-02  -4.0 4.40e-02    -  1.00e+00 1.00e+00H  1
 769  8.2170267e-03 2.20e-04 9.17e-02  -4.1 5.89e-02    -  1.00e+00 1.00e+00h  1
iter    objective    inf_pr   inf_du lg(mu)  ||d||  lg(rg) alpha_du alpha_pr  ls
 770  8.3985031e-03 3.53e-04 1.90e-01  -4.0 1.40e-01    -  1.00e+00 5.00e-01h  2
 771  8.2128273e-03 1.90e-04 6.64e-02  -4.1 6.70e-02    -  1.00e+00 1.00e+00h  1
 772  8.4086897e-03 1.92e-04 2.65e-01  -4.0 1.02e-01    -  1.00e+00 5.00e-01h  2
 773  8.2947873e-03 2.06e-04 6.06e-02  -4.1 5.83e-02    -  1.00e+00 1.00e+00h  1
 774  8.2122124e-03 1.68e-04 2.84e-01  -4.1 9.48e-02    -  1.00e+00 5.00e-01h  2
 775  8.4653805e-03 4.36e-04 1.08e-01  -4.0 7.44e-02    -  1.00e+00 1.00e+00h  1
 776  8.3492914e-03 3.89e-04 6.79e-01  -4.1 1.55e-01    -  1.00e+00 2.50e-01h  3
 777  8.1996098e-03 2.84e-04 2.32e-01  -4.1 7.77e-02    -  1.00e+00 1.00e+00H  1
 778  8.6031748e-03 7.16e-04 2.27e-01  -4.0 1.22e-01    -  1.00e+00 1.00e+00h  1
 779  8.9165238e-03 2.57e-03 1.06e-01  -4.1 1.66e-01    -  1.00e+00 1.00e+00h  1
iter    objective    inf_pr   inf_du lg(mu)  ||d||  lg(rg) alpha_du alpha_pr  ls
 780  8.2367500e-03 1.15e-03 7.17e-02  -4.1 1.54e-01    -  1.00e+00 1.00e+00h  1
 781  8.2495621e-03 4.85e-04 1.19e-01  -4.1 6.80e-02    -  1.00e+00 1.00e+00h  1
 782  8.3009533e-03 2.07e-04 1.46e-01  -4.1 5.15e-02    -  1.00e+00 1.00e+00h  1
 783  8.2405434e-03 1.81e-04 8.59e-02  -4.1 3.36e-02    -  1.00e+00 1.00e+00h  1
 784  8.3729603e-03 2.05e-05 1.14e-01  -4.0 3.33e-02    -  1.00e+00 1.00e+00H  1
 785  8.2909253e-03 1.10e-04 1.22e-01  -4.1 3.27e-02    -  1.00e+00 1.00e+00h  1
 786  8.2492935e-03 9.91e-05 5.54e-02  -4.1 3.16e-02    -  1.00e+00 1.00e+00h  1
 787  8.4219498e-03 1.15e-04 6.66e-02  -4.0 4.98e-02    -  1.00e+00 1.00e+00h  1
 788  8.2467770e-03 1.37e-04 2.35e-01  -4.1 6.60e-02    -  1.00e+00 1.00e+00H  1
 789  8.1913657e-03 2.12e-04 9.46e-02  -4.1 6.08e-02    -  1.00e+00 1.00e+00h  1
iter    objective    inf_pr   inf_du lg(mu)  ||d||  lg(rg) alpha_du alpha_pr  ls
 790  8.4312770e-03 3.74e-04 5.61e-02  -4.0 7.83e-02    -  1.00e+00 1.00e+00h  1
 791  8.4565885e-03 7.09e-04 2.75e-01  -4.1 1.20e-01    -  1.00e+00 1.00e+00h  1
 792  8.2212423e-03 1.61e-04 1.36e-01  -4.1 9.69e-02    -  1.00e+00 1.00e+00h  1
 793  8.4703014e-03 9.50e-05 1.50e-01  -4.0 5.41e-02    -  1.00e+00 1.00e+00H  1
 794  8.2486358e-03 4.29e-04 1.90e-01  -4.1 6.88e-02    -  1.00e+00 1.00e+00h  1
 795  8.2230749e-03 2.15e-04 1.47e-01  -4.1 8.05e-02    -  1.00e+00 5.00e-01h  2
 796  8.2639558e-03 1.25e-04 4.23e-02  -4.1 3.79e-02    -  1.00e+00 1.00e+00h  1
 797  8.2868111e-03 2.75e-05 6.83e-02  -4.1 2.31e-02    -  1.00e+00 1.00e+00h  1
 798  8.3620519e-03 5.02e-05 4.93e-02  -4.0 2.37e-02    -  1.00e+00 1.00e+00h  1
 799  8.2402558e-03 2.35e-05 1.30e-01  -4.1 3.97e-02    -  1.00e+00 1.00e+00H  1
iter    objective    inf_pr   inf_du lg(mu)  ||d||  lg(rg) alpha_du alpha_pr  ls
 800  8.5111725e-03 5.79e-04 2.59e-01  -4.0 7.53e-02    -  1.00e+00 1.00e+00h  1
 801  8.3316939e-03 2.25e-04 1.61e-01  -4.1 8.99e-02    -  1.00e+00 1.00e+00h  1
 802  8.2576332e-03 4.73e-04 6.57e-02  -4.1 9.72e-02    -  1.00e+00 1.00e+00h  1
 803  8.2340033e-03 1.69e-04 5.20e-02  -4.1 4.97e-02    -  1.00e+00 1.00e+00h  1
 804  8.5132528e-03 2.59e-04 7.07e-02  -4.0 7.72e-02    -  1.00e+00 1.00e+00h  1
 805  8.2926150e-03 5.78e-04 7.15e-02  -4.1 6.79e-02    -  1.00e+00 1.00e+00h  1
 806  8.1327644e-03 4.47e-04 6.09e-01  -4.1 1.09e-01    -  1.00e+00 1.00e+00H  1
 807  8.5429724e-03 1.55e-03 1.43e-01  -4.0 1.70e-01    -  1.00e+00 1.00e+00h  1
 808  9.0500859e-03 2.21e-03 7.24e-01  -4.1 4.85e-01    -  1.00e+00 5.00e-01h  2
 809  8.2549610e-03 5.17e-04 1.43e-01  -4.1 1.61e-01    -  1.00e+00 1.00e+00h  1
iter    objective    inf_pr   inf_du lg(mu)  ||d||  lg(rg) alpha_du alpha_pr  ls
 810  8.2692069e-03 2.67e-04 5.79e-02  -4.1 6.51e-02    -  1.00e+00 1.00e+00h  1
 811  8.2217732e-03 6.46e-05 1.13e-01  -4.1 2.65e-02    -  1.00e+00 1.00e+00h  1
 812  8.3639615e-03 1.27e-04 1.14e-01  -4.0 3.67e-02    -  1.00e+00 1.00e+00h  1
 813  8.3214165e-03 1.33e-04 9.16e-01  -4.1 1.10e-01    -  1.00e+00 2.50e-01h  3
 814  8.2665775e-03 3.81e-05 2.57e-02  -4.1 2.13e-02    -  1.00e+00 1.00e+00h  1
 815  8.2526789e-03 5.78e-06 9.60e-03  -4.1 6.65e-03    -  1.00e+00 1.00e+00h  1
 816  8.4362492e-03 1.07e-04 8.02e-02  -4.0 4.79e-02    -  1.00e+00 1.00e+00h  1
 817  8.2508800e-03 1.64e-04 4.29e-02  -4.1 4.61e-02    -  1.00e+00 1.00e+00h  1
 818  8.2178398e-03 1.89e-04 2.76e-01  -4.1 1.39e-01    -  1.00e+00 2.50e-01h  3
 819  8.2283711e-03 5.01e-05 1.27e-02  -4.1 3.12e-02    -  1.00e+00 1.00e+00h  1
iter    objective    inf_pr   inf_du lg(mu)  ||d||  lg(rg) alpha_du alpha_pr  ls
 820  8.5098687e-03 6.11e-06 1.83e-01  -4.0 6.73e-02    -  1.00e+00 1.00e+00H  1
 821  8.1986725e-03 4.65e-04 1.48e-01  -4.1 8.53e-02    -  1.00e+00 1.00e+00h  1
 822  8.1665545e-03 4.13e-04 9.58e-01  -4.1 3.86e-01    -  1.00e+00 1.25e-01h  4
 823  8.2268005e-03 5.88e-05 4.14e-02  -4.1 3.77e-02    -  1.00e+00 1.00e+00h  1
 824  8.3438737e-03 5.56e-05 1.60e-01  -4.1 4.39e-02    -  1.00e+00 1.00e+00H  1
 825  8.2439936e-03 6.51e-05 6.22e-02  -4.1 3.06e-02    -  1.00e+00 1.00e+00h  1
 826  8.1936839e-03 4.71e-05 3.48e-02  -4.1 5.34e-02    -  1.00e+00 5.00e-01h  2
 827  8.3871855e-03 1.98e-04 4.74e-02  -4.0 5.81e-02    -  1.00e+00 1.00e+00h  1
 828  8.2927780e-03 1.26e-04 2.06e-01  -4.1 5.60e-02    -  1.00e+00 1.00e+00H  1
 829  8.1749757e-03 1.85e-04 5.83e-02  -4.1 6.64e-02    -  1.00e+00 1.00e+00h  1
iter    objective    inf_pr   inf_du lg(mu)  ||d||  lg(rg) alpha_du alpha_pr  ls
 830  8.6077814e-03 1.97e-04 3.85e-01  -4.0 8.76e-02    -  1.00e+00 1.00e+00H  1
 831  8.2628792e-03 2.84e-04 1.71e-01  -4.1 9.51e-02    -  1.00e+00 1.00e+00h  1
 832  8.1834328e-03 2.65e-04 5.59e-01  -4.1 9.00e-02    -  1.00e+00 5.00e-01h  2
 833  8.2674976e-03 2.87e-04 1.06e-01  -4.1 4.83e-02    -  1.00e+00 1.00e+00h  1
 834  8.2583741e-03 1.27e-04 8.54e-02  -4.1 4.45e-02    -  1.00e+00 1.00e+00h  1
 835  8.2377684e-03 8.09e-05 4.70e-02  -4.1 2.39e-02    -  1.00e+00 1.00e+00h  1
 836  8.2377230e-03 1.01e-05 3.50e-02  -4.1 8.01e-03    -  1.00e+00 1.00e+00h  1
 837  8.3208592e-03 3.88e-05 3.51e-02  -4.0 2.29e-02    -  1.00e+00 1.00e+00h  1
 838  8.2230269e-03 5.17e-05 1.07e-01  -4.1 3.80e-02    -  1.00e+00 1.00e+00H  1
 839  8.4613381e-03 4.51e-04 2.51e-01  -4.0 6.53e-02    -  1.00e+00 1.00e+00h  1
iter    objective    inf_pr   inf_du lg(mu)  ||d||  lg(rg) alpha_du alpha_pr  ls
 840  8.4474937e-03 5.21e-04 1.06e-01  -4.1 9.66e-02    -  1.00e+00 1.00e+00h  1
 841  8.1749005e-03 4.36e-04 6.35e-02  -4.1 7.52e-02    -  1.00e+00 1.00e+00h  1
 842  8.2656512e-03 2.57e-04 9.17e-02  -4.1 1.03e-01    -  1.00e+00 5.00e-01h  2
 843  8.2310374e-03 9.54e-05 5.63e-02  -4.1 3.88e-02    -  1.00e+00 1.00e+00h  1
 844  8.2206432e-03 9.21e-05 6.08e-02  -4.1 3.05e-02    -  1.00e+00 1.00e+00h  1
 845  8.3178029e-03 7.61e-05 4.49e-02  -4.0 2.79e-02    -  1.00e+00 1.00e+00h  1
 846  8.2649545e-03 1.48e-05 1.84e-01  -4.1 5.14e-02    -  1.00e+00 1.00e+00H  1
 847  8.2267195e-03 1.07e-04 7.18e-02  -4.1 4.51e-02    -  1.00e+00 1.00e+00h  1
 848  8.2204438e-03 3.34e-05 5.89e-02  -4.1 1.64e-02    -  1.00e+00 1.00e+00h  1
 849  8.3502968e-03 1.62e-04 1.54e-01  -4.0 3.48e-02    -  1.00e+00 1.00e+00h  1
iter    objective    inf_pr   inf_du lg(mu)  ||d||  lg(rg) alpha_du alpha_pr  ls
 850  8.2264266e-03 8.91e-05 7.58e-02  -4.1 3.15e-02    -  1.00e+00 1.00e+00h  1
 851  8.1799474e-03 8.34e-05 2.68e-01  -4.1 1.01e-01    -  1.00e+00 2.50e-01h  3
 852  8.2142331e-03 2.61e-05 4.51e-02  -4.1 1.67e-02    -  1.00e+00 1.00e+00h  1
 853  8.5047288e-03 1.48e-05 1.45e-01  -4.0 6.90e-02    -  1.00e+00 1.00e+00H  1
 854  8.2404002e-03 3.40e-04 1.47e-01  -4.1 7.09e-02    -  1.00e+00 1.00e+00h  1
 855  8.1267333e-03 2.29e-04 5.24e-01  -4.1 1.65e-01    -  1.00e+00 5.00e-01h  2
 856  8.3965519e-03 5.04e-04 6.61e-02  -4.0 9.45e-02    -  1.00e+00 1.00e+00h  1
 857  8.4343974e-03 1.31e-03 3.48e-01  -4.1 1.25e-01    -  1.00e+00 1.00e+00H  1
 858  8.1941681e-03 1.48e-03 1.86e-01  -4.1 1.10e-01    -  1.00e+00 1.00e+00h  1
 859  8.3279975e-03 2.93e-04 1.60e-01  -4.1 5.10e-02    -  1.00e+00 1.00e+00h  1
iter    objective    inf_pr   inf_du lg(mu)  ||d||  lg(rg) alpha_du alpha_pr  ls
 860  8.2327209e-03 1.47e-04 7.27e-02  -4.1 4.12e-02    -  1.00e+00 1.00e+00h  1
 861  8.2107813e-03 5.74e-05 9.20e-02  -4.1 2.60e-02    -  1.00e+00 1.00e+00h  1
 862  8.3849950e-03 1.10e-04 6.05e-02  -4.0 4.31e-02    -  1.00e+00 1.00e+00h  1
 863  8.3351181e-03 1.27e-04 2.49e-01  -4.1 9.75e-02    -  1.00e+00 5.00e-01h  2
 864  8.2012008e-03 1.36e-04 1.64e-02  -4.1 4.03e-02    -  1.00e+00 1.00e+00h  1
 865  8.2302575e-03 1.74e-05 3.38e-02  -4.1 1.68e-02    -  1.00e+00 1.00e+00h  1
 866  8.4263004e-03 1.91e-04 1.08e-01  -4.0 5.10e-02    -  1.00e+00 1.00e+00h  1
 867  8.2374085e-03 1.98e-04 1.14e-01  -4.1 5.64e-02    -  1.00e+00 1.00e+00h  1
 868  8.1598074e-03 1.63e-04 4.51e-01  -4.1 1.34e-01    -  1.00e+00 2.50e-01h  3
 869  8.1944410e-03 1.04e-04 6.66e-02  -4.1 3.70e-02    -  1.00e+00 1.00e+00h  1
iter    objective    inf_pr   inf_du lg(mu)  ||d||  lg(rg) alpha_du alpha_pr  ls
 870  8.4337869e-03 2.35e-04 4.19e-02  -4.0 6.35e-02    -  1.00e+00 1.00e+00h  1
 871  8.2036922e-03 3.23e-04 1.83e-01  -4.1 6.11e-02    -  1.00e+00 1.00e+00h  1
 872  8.1608076e-03 2.20e-04 3.12e-01  -4.1 9.31e-02    -  1.00e+00 5.00e-01h  2
 873  8.1871975e-03 2.50e-04 7.22e-02  -4.1 7.27e-02    -  1.00e+00 1.00e+00h  1
 874  8.2791480e-03 8.82e-05 6.65e-02  -4.1 4.08e-02    -  1.00e+00 1.00e+00h  1
 875  8.2073881e-03 9.87e-05 1.06e-01  -4.1 4.83e-02    -  1.00e+00 1.00e+00H  1
 876  8.1924788e-03 1.93e-04 3.89e-02  -4.1 4.45e-02    -  1.00e+00 1.00e+00h  1
 877  8.3212553e-03 8.11e-05 7.22e-02  -4.0 3.66e-02    -  1.00e+00 1.00e+00h  1
 878  8.1915063e-03 1.55e-04 1.00e-01  -4.1 4.29e-02    -  1.00e+00 1.00e+00h  1
 879  8.1587779e-03 1.14e-04 3.39e-01  -4.1 1.08e-01    -  1.00e+00 2.50e-01h  3
iter    objective    inf_pr   inf_du lg(mu)  ||d||  lg(rg) alpha_du alpha_pr  ls
 880  8.3976524e-03 2.42e-04 6.23e-02  -4.0 6.27e-02    -  1.00e+00 1.00e+00h  1
 881  8.4449572e-03 4.56e-04 4.20e-01  -4.1 1.62e-01    -  1.00e+00 5.00e-01h  2
 882  8.2051110e-03 4.49e-04 3.65e-02  -4.1 9.59e-02    -  1.00e+00 1.00e+00h  1
 883  8.1932599e-03 5.63e-05 7.25e-02  -4.1 2.52e-02    -  1.00e+00 1.00e+00h  1
 884  8.3559387e-03 1.76e-04 6.00e-02  -4.0 5.05e-02    -  1.00e+00 1.00e+00h  1
 885  8.2893038e-03 1.54e-04 2.23e-01  -4.1 1.02e-01    -  1.00e+00 2.50e-01h  3
 886  8.1722423e-03 1.07e-04 2.56e-02  -4.1 3.65e-02    -  1.00e+00 1.00e+00h  1
 887  8.1726269e-03 1.20e-04 1.54e-01  -4.1 1.35e-01    -  1.00e+00 2.50e-01h  3
 888  8.3242372e-03 2.26e-04 1.40e-02  -4.0 5.45e-02    -  1.00e+00 1.00e+00h  1
 889  8.2671531e-03 3.18e-04 1.20e-01  -4.1 6.50e-02    -  1.00e+00 1.00e+00h  1
iter    objective    inf_pr   inf_du lg(mu)  ||d||  lg(rg) alpha_du alpha_pr  ls
 890  8.1277552e-03 2.52e-04 6.81e-02  -4.1 6.88e-02    -  1.00e+00 1.00e+00h  1
 891  8.3521309e-03 2.85e-04 9.98e-02  -4.0 6.11e-02    -  1.00e+00 1.00e+00h  1
 892  8.1907066e-03 6.66e-06 8.30e-02  -4.1 6.67e-02    -  1.00e+00 1.00e+00H  1
 893  8.3054254e-03 1.08e-04 3.56e-01  -4.0 1.43e-01    -  1.00e+00 2.50e-01h  3
 894  8.1232913e-03 3.62e-04 1.18e-01  -4.1 6.89e-02    -  1.00e+00 1.00e+00h  1
 895  8.3462334e-03 6.49e-04 2.68e-01  -4.0 1.37e-01    -  1.00e+00 5.00e-01h  2
 896  8.2539420e-03 1.27e-03 1.47e-01  -4.1 1.15e-01    -  1.00e+00 1.00e+00h  1
 897  8.2994822e-03 1.08e-03 1.79e-01  -4.1 1.07e-01    -  1.00e+00 1.00e+00h  1
 898  8.1844414e-03 7.17e-04 5.26e-02  -4.1 7.93e-02    -  1.00e+00 1.00e+00h  1
 899  8.1856050e-03 9.81e-05 1.08e-01  -4.1 3.84e-02    -  1.00e+00 1.00e+00h  1
iter    objective    inf_pr   inf_du lg(mu)  ||d||  lg(rg) alpha_du alpha_pr  ls
 900  8.2887105e-03 1.10e-04 7.25e-02  -4.0 3.65e-02    -  1.00e+00 1.00e+00h  1
 901  8.1370648e-03 7.96e-05 2.09e-01  -4.1 6.23e-02    -  1.00e+00 1.00e+00H  1
 902  8.4596900e-03 8.10e-04 3.48e-01  -4.0 8.94e-02    -  1.00e+00 1.00e+00h  1
 903  8.3157845e-03 4.87e-04 2.01e-01  -4.1 1.05e-01    -  1.00e+00 1.00e+00h  1
 904  8.2947374e-03 6.81e-04 8.21e-02  -4.1 1.11e-01    -  1.00e+00 1.00e+00h  1
 905  8.1603968e-03 3.78e-04 1.24e-01  -4.1 6.01e-02    -  1.00e+00 1.00e+00h  1
 906  8.3365158e-03 4.31e-04 1.12e-01  -4.1 6.33e-02    -  1.00e+00 1.00e+00h  1
 907  8.2184154e-03 2.09e-04 4.49e-02  -4.1 5.48e-02    -  1.00e+00 1.00e+00h  1
 908  8.1671513e-03 1.95e-04 9.29e-02  -4.1 3.46e-02    -  1.00e+00 1.00e+00h  1
 909  8.1857771e-03 6.77e-05 1.59e-02  -4.1 2.21e-02    -  1.00e+00 1.00e+00h  1
iter    objective    inf_pr   inf_du lg(mu)  ||d||  lg(rg) alpha_du alpha_pr  ls
 910  8.2141299e-03 1.88e-05 2.71e-02  -4.1 1.64e-02    -  1.00e+00 1.00e+00h  1
 911  8.1932719e-03 7.63e-06 9.65e-03  -4.1 9.98e-03    -  1.00e+00 1.00e+00h  1
 912  8.2475653e-03 1.51e-05 3.09e-02  -4.0 1.51e-02    -  1.00e+00 1.00e+00h  1
 913  8.2280635e-03 6.93e-05 1.01e-01  -4.1 2.45e-02    -  1.00e+00 1.00e+00h  1
 914  8.1684992e-03 3.25e-05 2.20e-02  -4.1 2.92e-02    -  1.00e+00 1.00e+00h  1
 915  8.3399428e-03 1.53e-04 6.07e-02  -4.0 4.37e-02    -  1.00e+00 1.00e+00h  1
 916  8.2636775e-03 2.61e-04 1.28e-01  -4.1 6.15e-02    -  1.00e+00 1.00e+00h  1
 917  8.1591875e-03 2.37e-04 3.33e-02  -4.1 4.60e-02    -  1.00e+00 1.00e+00h  1
 918  8.2035692e-03 2.75e-05 4.60e-02  -4.1 2.14e-02    -  1.00e+00 1.00e+00h  1
 919  8.2226299e-03 1.40e-05 1.85e-02  -4.1 1.29e-02    -  1.00e+00 1.00e+00h  1
iter    objective    inf_pr   inf_du lg(mu)  ||d||  lg(rg) alpha_du alpha_pr  ls
 920  8.1985055e-03 9.39e-06 2.65e-02  -4.1 9.41e-03    -  1.00e+00 1.00e+00h  1
 921  8.1709063e-03 7.33e-06 7.24e-02  -4.1 1.76e-02    -  1.00e+00 1.00e+00H  1
 922  8.3357529e-03 1.43e-04 5.52e-02  -4.0 4.34e-02    -  1.00e+00 1.00e+00h  1
 923  8.3526141e-03 3.45e-04 1.48e-01  -4.1 7.46e-02    -  1.00e+00 1.00e+00h  1
 924  8.2172280e-03 1.30e-04 6.70e-02  -4.1 6.29e-02    -  1.00e+00 1.00e+00h  1
 925  8.1904641e-03 5.34e-05 4.47e-02  -4.1 1.85e-02    -  1.00e+00 1.00e+00h  1
 926  8.1890115e-03 1.26e-05 3.97e-02  -4.1 1.41e-02    -  1.00e+00 1.00e+00h  1
 927  8.1946593e-03 4.65e-06 1.14e-02  -4.1 1.12e-02    -  1.00e+00 1.00e+00h  1
 928  8.3085591e-03 5.34e-05 2.43e-02  -4.0 2.84e-02    -  1.00e+00 1.00e+00h  1
 929  8.2663106e-03 6.37e-05 2.33e-01  -4.1 6.20e-02    -  1.00e+00 5.00e-01h  2
iter    objective    inf_pr   inf_du lg(mu)  ||d||  lg(rg) alpha_du alpha_pr  ls
 930  8.1709815e-03 5.70e-05 3.56e-02  -4.1 3.72e-02    -  1.00e+00 1.00e+00h  1
 931  8.1754412e-03 7.57e-05 5.55e-02  -4.1 2.46e-02    -  1.00e+00 1.00e+00h  1
 932  8.1858539e-03 5.14e-05 9.57e-03  -4.1 1.85e-02    -  1.00e+00 1.00e+00h  1
 933  8.1814738e-03 9.46e-06 1.32e-02  -4.1 3.85e-03    -  1.00e+00 1.00e+00h  1
 934  8.4727433e-03 2.65e-04 7.85e-02  -4.0 7.34e-02    -  1.00e+00 1.00e+00h  1
 935  8.2466790e-03 4.16e-04 1.69e-01  -4.1 8.20e-02    -  1.00e+00 1.00e+00h  1
 936  8.0744235e-03 4.58e-04 5.07e-01  -4.1 1.53e-01    -  1.00e+00 5.00e-01h  2
 937  8.2454376e-03 5.23e-04 1.75e-01  -4.0 1.30e-01    -  1.00e+00 5.00e-01h  2
 938  8.3587674e-03 6.40e-04 1.04e-01  -4.1 1.46e-01    -  1.00e+00 5.00e-01h  2
 939  8.3344356e-03 3.77e-04 6.77e-02  -4.1 6.69e-02    -  1.00e+00 1.00e+00h  1
iter    objective    inf_pr   inf_du lg(mu)  ||d||  lg(rg) alpha_du alpha_pr  ls
 940  8.0987362e-03 4.85e-04 6.78e-02  -4.1 6.66e-02    -  1.00e+00 1.00e+00h  1
 941  8.5171974e-03 1.01e-04 1.41e-01  -4.0 1.23e-01    -  1.00e+00 1.00e+00H  1
 942  8.4882729e-03 2.01e-04 6.11e-01  -4.1 2.50e-01    -  1.00e+00 2.50e-01h  3
 943  8.1759010e-03 4.60e-04 3.20e-02  -4.1 8.14e-02    -  1.00e+00 1.00e+00h  1
 944  8.2261313e-03 2.65e-04 1.03e-01  -4.1 9.37e-02    -  1.00e+00 5.00e-01h  2
 945  8.1669825e-03 6.49e-05 2.23e-02  -4.1 3.98e-02    -  1.00e+00 1.00e+00h  1
 946  8.3061771e-03 6.98e-06 8.60e-02  -4.0 3.96e-02    -  1.00e+00 1.00e+00H  1
 947  8.1151918e-03 3.75e-04 1.23e-01  -4.1 8.30e-02    -  1.00e+00 1.00e+00h  1
 948  8.0946792e-03 3.09e-04 3.34e-01  -4.1 1.50e-01    -  1.00e+00 2.50e-01h  3
 949  8.3308877e-03 1.02e-03 2.45e-01  -4.0 7.71e-02    -  1.00e+00 1.00e+00h  1
iter    objective    inf_pr   inf_du lg(mu)  ||d||  lg(rg) alpha_du alpha_pr  ls
 950  8.3169590e-03 6.85e-04 1.50e-01  -4.1 8.80e-02    -  1.00e+00 1.00e+00h  1
 951  8.1304865e-03 5.32e-04 8.09e-02  -4.1 6.75e-02    -  1.00e+00 1.00e+00h  1
 952  8.1691984e-03 4.60e-04 1.98e-01  -4.1 6.22e-02    -  1.00e+00 1.00e+00h  1
 953  8.1416494e-03 1.95e-04 4.33e-02  -4.1 4.58e-02    -  1.00e+00 1.00e+00h  1
 954  8.1478258e-03 3.90e-05 7.98e-02  -4.1 2.11e-02    -  1.00e+00 1.00e+00h  1
 955  8.1927173e-03 3.06e-05 3.58e-02  -4.0 1.73e-02    -  1.00e+00 1.00e+00h  1
 956  8.1754323e-03 3.11e-05 4.64e-02  -4.1 1.73e-02    -  1.00e+00 1.00e+00h  1
 957  8.1605568e-03 1.76e-05 2.08e-02  -4.1 1.47e-02    -  1.00e+00 1.00e+00h  1
 958  8.2159591e-03 1.16e-05 2.42e-02  -4.0 1.45e-02    -  1.00e+00 1.00e+00h  1
 959  8.1625926e-03 2.15e-05 3.78e-02  -4.1 1.58e-02    -  1.00e+00 1.00e+00h  1
iter    objective    inf_pr   inf_du lg(mu)  ||d||  lg(rg) alpha_du alpha_pr  ls
 960  8.1523037e-03 2.91e-05 2.34e-01  -4.1 3.56e-02    -  1.00e+00 5.00e-01h  2
 961  8.1491630e-03 1.72e-05 1.87e-02  -4.1 2.01e-02    -  1.00e+00 1.00e+00h  1
 962  8.2618337e-03 7.03e-05 7.48e-02  -4.0 2.99e-02    -  1.00e+00 1.00e+00h  1
 963  8.1910257e-03 5.52e-05 2.30e-01  -4.1 6.68e-02    -  1.00e+00 1.00e+00H  1
 964  8.1425846e-03 3.24e-04 1.09e-01  -4.1 5.84e-02    -  1.00e+00 1.00e+00h  1
 965  8.1931293e-03 1.87e-04 6.55e-02  -4.1 4.59e-02    -  1.00e+00 1.00e+00h  1
 966  8.1588105e-03 9.51e-05 2.88e-02  -4.1 3.19e-02    -  1.00e+00 1.00e+00h  1
 967  8.1592994e-03 1.09e-05 2.72e-02  -4.1 9.98e-03    -  1.00e+00 1.00e+00h  1
 968  8.3813691e-03 3.75e-06 6.33e-02  -4.0 5.10e-02    -  1.00e+00 1.00e+00H  1
 969  8.2369962e-03 1.81e-04 1.30e-01  -4.1 7.21e-02    -  1.00e+00 1.00e+00h  1
iter    objective    inf_pr   inf_du lg(mu)  ||d||  lg(rg) alpha_du alpha_pr  ls
 970  8.1150295e-03 3.93e-04 6.65e-02  -4.1 5.53e-02    -  1.00e+00 1.00e+00h  1
 971  8.3423423e-03 4.89e-04 9.99e-02  -4.0 7.46e-02    -  1.00e+00 1.00e+00h  1
 972  8.1812583e-03 5.31e-04 1.28e-01  -4.1 8.56e-02    -  1.00e+00 1.00e+00h  1
 973  8.1189611e-03 5.33e-04 8.07e-02  -4.1 7.62e-02    -  1.00e+00 1.00e+00h  1
 974  8.3358308e-03 4.95e-04 1.38e-01  -4.0 7.86e-02    -  1.00e+00 1.00e+00h  1
 975  8.1173149e-03 5.59e-04 9.53e-02  -4.1 8.05e-02    -  1.00e+00 1.00e+00h  1
 976  8.3791320e-03 1.44e-03 1.83e-01  -4.1 1.14e-01    -  1.00e+00 1.00e+00h  1
 977  8.1677755e-03 5.10e-04 6.67e-02  -4.1 8.01e-02    -  1.00e+00 1.00e+00h  1
 978  8.1902151e-03 1.02e-04 8.51e-02  -4.1 2.88e-02    -  1.00e+00 1.00e+00h  1
 979  8.1557088e-03 3.51e-05 1.66e-01  -4.1 2.32e-02    -  1.00e+00 1.00e+00H  1
iter    objective    inf_pr   inf_du lg(mu)  ||d||  lg(rg) alpha_du alpha_pr  ls
 980  8.1545014e-03 1.91e-05 4.36e-02  -4.1 1.42e-02    -  1.00e+00 1.00e+00h  1
 981  8.1706577e-03 8.76e-06 2.36e-02  -4.1 8.72e-03    -  1.00e+00 1.00e+00h  1
 982  8.2208282e-03 3.11e-05 5.09e-02  -4.0 2.19e-02    -  1.00e+00 1.00e+00h  1
 983  8.2146410e-03 4.32e-05 5.13e-02  -4.1 1.88e-02    -  1.00e+00 1.00e+00h  1
 984  8.1743814e-03 3.21e-05 1.46e-02  -4.1 1.67e-02    -  1.00e+00 1.00e+00h  1
 985  8.1780078e-03 2.01e-06 1.15e-02  -4.1 6.04e-03    -  1.00e+00 1.00e+00h  1
 986  8.3326017e-03 1.85e-04 4.79e-02  -4.0 4.27e-02    -  1.00e+00 1.00e+00h  1
 987  8.1892373e-03 1.19e-04 4.84e-02  -4.1 3.93e-02    -  1.00e+00 1.00e+00h  1
 988  8.1522273e-03 1.16e-04 4.32e-01  -4.1 8.40e-02    -  1.00e+00 2.50e-01h  3
 989  8.1704844e-03 3.30e-05 2.40e-02  -4.1 1.57e-02    -  1.00e+00 1.00e+00h  1
iter    objective    inf_pr   inf_du lg(mu)  ||d||  lg(rg) alpha_du alpha_pr  ls
 990  8.2212791e-03 2.56e-05 1.00e-01  -4.1 2.71e-02    -  1.00e+00 1.00e+00H  1
 991  8.1875115e-03 2.87e-05 3.24e-02  -4.1 1.63e-02    -  1.00e+00 1.00e+00h  1
 992  8.1651470e-03 1.91e-05 3.62e-02  -4.1 1.21e-02    -  1.00e+00 1.00e+00h  1
 993  8.1605046e-03 6.47e-06 2.28e-02  -4.1 7.75e-03    -  1.00e+00 1.00e+00h  1
 994  8.2452813e-03 8.51e-05 8.55e-02  -4.0 2.89e-02    -  1.00e+00 1.00e+00h  1
 995  8.1624920e-03 6.01e-05 1.64e-02  -4.1 2.14e-02    -  1.00e+00 1.00e+00h  1
 996  8.1958065e-03 3.14e-05 3.09e-02  -4.1 2.82e-02    -  1.00e+00 1.00e+00h  1
 997  8.1614445e-03 2.09e-05 1.83e-02  -4.1 2.16e-02    -  1.00e+00 1.00e+00h  1
 998  8.1591961e-03 2.64e-06 1.25e-02  -4.1 5.67e-03    -  1.00e+00 1.00e+00h  1
 999  8.2815421e-03 6.86e-05 4.13e-02  -4.0 4.63e-02    -  1.00e+00 1.00e+00h  1
iter    objective    inf_pr   inf_du lg(mu)  ||d||  lg(rg) alpha_du alpha_pr  ls
1000  8.2799351e-03 1.20e-04 2.00e-01  -4.1 9.54e-02    -  1.00e+00 5.00e-01h  2

Number of Iterations....: 1000

                                   (scaled)                 (unscaled)
Objective...............:   8.2799351011712020e-03    8.2799351011712020e-03
Dual infeasibility......:   2.0009071506955856e-01    2.0009071506955856e-01
Constraint violation....:   1.2013654892256698e-04    1.2013654892256698e-04
Variable bound violation:   0.0000000000000000e+00    0.0000000000000000e+00
Complementarity.........:   8.4593713382699438e-05    8.4593713382699438e-05
Overall NLP error.......:   2.0009071506955856e-01    2.0009071506955856e-01


Number of objective function evaluations             = 1702
Number of objective gradient evaluations             = 1001
Number of equality constraint evaluations            = 1702
Number of inequality constraint evaluations          = 1702
Number of equality constraint Jacobian evaluations   = 1001
Number of inequality constraint Jacobian evaluations = 1001
Number of Lagrangian Hessian evaluations             = 0
Total seconds in IPOPT                               = 2252.603

EXIT: Maximum Number of Iterations Exceeded.
