This is Ipopt version 3.14.19, running with linear solver MUMPS 5.8.2.

Number of nonzeros in equality constraint Jacobian...:   350253
Number of nonzeros in inequality constraint Jacobian.:     1472
Number of nonzeros in Lagrangian Hessian.............:        0

Total number of variables............................:     1175
                     variables with only lower bounds:        0
                variables with lower and upper bounds:      248
                     variables with only upper bounds:        0
Total number of equality constraints.................:     1134
Total number of inequality constraints...............:      169
        inequality constraints with only lower bounds:        0
   inequality constraints with lower and upper bounds:        0
        inequality constraints with only upper bounds:      169

iter    objective    inf_pr   inf_du lg(mu)  ||d||  lg(rg) alpha_du alpha_pr  ls
   0  8.4183716e-02 6.98e+00 1.00e+00   0.0 0.00e+00    -  0.00e+00 0.00e+00   0
   1  8.4045519e-02 6.92e+00 1.71e+01  -1.5 1.25e+01    -  1.43e-01 8.44e-03h  1
   2  8.3973439e-02 6.91e+00 1.59e+02  -4.0 2.03e+01    -  1.38e-02 1.54e-03h  1
   3  8.4670487e-02 6.89e+00 4.45e+02   1.8 1.50e+02    -  1.53e-02 2.44e-03f  1
   4  9.7191230e-02 6.83e+00 4.14e+03   1.9 1.26e+02    -  5.48e-02 8.85e-03h  1
   5  1.9638482e-01 6.72e+00 3.97e+04   2.6 2.02e+02    -  1.63e-01 1.29e-02f  1
   6  3.2553822e-01 6.60e+00 4.88e+04   2.9 1.26e+02    -  3.12e-02 1.66e-02h  1
   7  4.6616432e-01 6.47e+00 1.14e+05   2.8 9.86e+01    -  1.15e-01 1.77e-02h  1
   8  5.1656257e-01 6.38e+00 1.68e+05   2.9 1.27e+02    -  3.05e-02 1.13e-02h  1
   9  6.3056695e-01 6.20e+00 1.79e+05   2.9 1.43e+02    -  2.20e-02 1.74e-02h  1
iter    objective    inf_pr   inf_du lg(mu)  ||d||  lg(rg) alpha_du alpha_pr  ls
  10  7.0794028e-01 6.12e+00 2.22e+05  -3.8 1.09e+02    -  2.44e-02 1.06e-02h  1
  11  8.2141362e-01 6.02e+00 2.49e+05   2.9 1.20e+02    -  1.60e-02 1.22e-02h  1
  12  9.2859886e-01 5.91e+00 5.92e+05   2.9 1.05e+02    -  8.69e-02 1.56e-02h  1
  13  1.0759124e+00 5.76e+00 5.56e+05   2.9 1.13e+02    -  1.61e-02 2.06e-02h  1
  14  1.1466118e+00 5.69e+00 6.84e+05   1.5 1.07e+02    -  3.81e-02 1.17e-02h  1
  15  1.1773803e+00 5.63e+00 7.19e+05   2.4 8.49e+01    -  1.29e-02 9.96e-03h  1
  16  1.2557930e+00 5.52e+00 6.72e+05   2.9 8.40e+01    -  1.41e-02 1.77e-02h  1
  17  1.3633860e+00 5.41e+00 7.58e+05   2.5 7.84e+01    -  3.38e-02 1.83e-02h  1
  18  1.4445857e+00 5.35e+00 9.30e+05   1.8 8.40e+01    -  1.33e-02 1.03e-02h  1
  19  1.5861127e+00 5.26e+00 1.25e+06   2.9 1.26e+02    -  2.35e-03 1.67e-02h  1
iter    objective    inf_pr   inf_du lg(mu)  ||d||  lg(rg) alpha_du alpha_pr  ls
  20  1.8578909e+00 5.10e+00 1.79e+06   2.9 1.28e+02    -  1.91e-02 2.62e-02h  1
  21  1.9163342e+00 5.07e+00 1.89e+06   2.9 1.01e+02    -  2.94e-02 5.56e-03h  1
  22  1.9503140e+00 5.04e+00 1.96e+06   2.2 9.97e+01    -  2.09e-02 5.88e-03h  1
  23  2.0190989e+00 4.98e+00 2.11e+06   2.9 1.20e+02    -  2.45e-03 1.14e-02f  1
  24  2.0853421e+00 4.94e+00 2.21e+06   2.9 1.48e+02    -  1.25e-02 7.91e-03h  1
  25  2.2309619e+00 4.86e+00 2.43e+06   2.9 1.46e+02    -  1.45e-02 1.61e-02f  1
  26  2.3114311e+00 4.83e+00 2.64e+06   2.0 1.63e+02    -  1.27e-02 6.45e-03h  1
  27  2.5829611e+00 4.75e+00 3.24e+06   2.9 1.95e+02    -  5.13e-03 1.52e-02f  1
  28  2.7675006e+00 4.66e+00 3.66e+06   2.9 1.44e+02    -  3.72e-03 1.64e-02h  1
  29  2.8593092e+00 4.59e+00 3.72e+06   2.9 1.60e+02    -  1.45e-02 1.29e-02h  1
iter    objective    inf_pr   inf_du lg(mu)  ||d||  lg(rg) alpha_du alpha_pr  ls
  30  2.8890054e+00 4.57e+00 3.73e+06   2.9 1.30e+02    -  1.79e-02 6.13e-03h  1
  31  2.9944383e+00 4.46e+00 3.51e+06   2.9 1.27e+02    -  6.79e-03 2.25e-02h  1
  32  3.1151383e+00 4.35e+00 3.13e+06   2.9 1.17e+02    -  1.55e-02 2.57e-02h  1
  33  3.1437625e+00 4.32e+00 3.02e+06  -3.6 1.20e+02    -  1.71e-02 6.88e-03h  1
  34  3.1628116e+00 4.31e+00 3.03e+06   2.6 2.56e+02    -  1.52e-03 1.50e-03h  1
  35  3.2045220e+00 4.23e+00 2.91e+06   2.9 1.16e+02    -  3.55e-03 1.76e-02f  1
  36  3.2048170e+00 4.20e+00 2.88e+06  -3.6 9.15e+01    -  8.01e-03 8.04e-03h  1
  37  3.1924757e+00 4.19e+00 2.83e+06   2.9 2.53e+02    -  2.77e-03 1.03e-03h  1
  38  3.1325070e+00 4.16e+00 2.76e+06   2.9 1.70e+02    -  2.54e-03 7.65e-03f  1
  39  3.0774074e+00 4.12e+00 2.67e+06   2.9 1.32e+02    -  1.67e-02 9.52e-03f  1
iter    objective    inf_pr   inf_du lg(mu)  ||d||  lg(rg) alpha_du alpha_pr  ls
  40  3.0449812e+00 4.10e+00 2.63e+06  -3.6 9.80e+01    -  9.42e-03 5.03e-03h  1
  41  3.0359388e+00 4.09e+00 2.60e+06   2.9 2.54e+02    -  1.10e-03 1.51e-03h  1
  42  3.0715561e+00 4.05e+00 2.76e+06   2.9 2.29e+02    -  1.05e-02 9.74e-03f  1
  43  3.2223070e+00 4.00e+00 3.12e+06   2.9 2.35e+02    -  1.31e-02 1.39e-02h  1
  44  3.2372989e+00 3.98e+00 3.15e+06   2.9 1.25e+02    -  2.14e-03 3.91e-03h  1
  45  3.2788071e+00 3.94e+00 3.20e+06   2.9 1.38e+02    -  3.51e-02 1.12e-02h  1
  46  3.3110956e+00 3.88e+00 3.45e+06   2.9 2.14e+02    -  1.09e-02 1.32e-02h  1
  47  3.3546529e+00 3.81e+00 3.85e+06   2.9 1.20e+02    -  5.19e-02 1.90e-02h  1
  48  3.3542247e+00 3.78e+00 4.12e+06   2.1 6.57e+01    -  1.46e-02 6.95e-03h  1
  49  3.3931016e+00 3.70e+00 5.31e+06   2.9 9.88e+01    -  7.10e-03 2.25e-02f  1
iter    objective    inf_pr   inf_du lg(mu)  ||d||  lg(rg) alpha_du alpha_pr  ls
  50  3.3992843e+00 3.60e+00 6.78e+06   2.9 6.77e+01    -  1.45e-02 2.70e-02h  1
  51  3.4039113e+00 3.55e+00 7.60e+06   2.9 7.44e+01    -  1.97e-02 1.37e-02h  1
  52  3.3690820e+00 3.46e+00 9.00e+06   2.9 5.91e+01    -  3.40e-02 2.53e-02h  1
  53  3.3189362e+00 3.41e+00 9.89e+06   2.9 5.69e+01    -  3.22e-02 1.60e-02h  1
  54  3.2319839e+00 3.32e+00 1.14e+07   2.8 5.25e+01    -  1.50e-01 2.59e-02h  1
  55  3.2248214e+00 3.31e+00 1.14e+07   2.9 1.41e+02    -  3.23e-02 1.80e-03h  1
  56  3.2926063e+00 3.17e+00 1.21e+07   2.5 1.34e+02    -  6.07e-02 4.45e-02h  1
  57  3.1291142e+00 3.09e+00 1.24e+07   2.9 7.80e+01    -  6.09e-02 2.66e-02h  1
  58  3.0893180e+00 3.01e+00 1.27e+07   2.9 8.18e+01    -  3.36e-02 2.63e-02f  2
  59  3.0487587e+00 2.96e+00 1.28e+07   2.9 1.08e+02    -  1.29e-02 1.62e-02h  1
iter    objective    inf_pr   inf_du lg(mu)  ||d||  lg(rg) alpha_du alpha_pr  ls
  60  3.0430476e+00 2.96e+00 1.28e+07   1.0 1.04e+02    -  5.39e-02 1.61e-03h  1
  61  3.0072750e+00 2.89e+00 1.29e+07   2.9 9.45e+01    -  1.48e-02 2.34e-02h  1
  62  2.9409562e+00 2.76e+00 1.32e+07   2.9 1.15e+02    -  4.52e-02 4.33e-02h  1
  63  2.8976223e+00 2.64e+00 1.36e+07   2.9 8.30e+01    -  6.07e-03 4.30e-02h  1
  64  2.8817616e+00 2.61e+00 1.38e+07   2.9 1.01e+02    -  7.51e-03 1.23e-02h  1
  65  2.9166947e+00 2.52e+00 1.42e+07   2.9 1.01e+02    -  3.75e-02 2.90e-02h  1
  66  2.9097728e+00 2.51e+00 1.42e+07   2.9 1.02e+02    -  3.66e-02 5.10e-03h  1
  67  2.9174374e+00 2.41e+00 1.45e+07   2.9 1.04e+02    -  1.95e-02 3.19e-02h  1
  68  2.9031237e+00 2.40e+00 1.46e+07   2.9 1.01e+02    -  1.81e-02 6.89e-03h  1
  69  2.8791066e+00 2.32e+00 1.54e+07   2.9 1.04e+02    -  1.35e-02 2.93e-02f  1
iter    objective    inf_pr   inf_du lg(mu)  ||d||  lg(rg) alpha_du alpha_pr  ls
  70  2.8789744e+00 2.31e+00 1.57e+07   2.9 1.05e+02    -  8.15e-03 5.72e-03h  1
  71  2.8778760e+00 2.29e+00 1.62e+07   2.9 1.22e+02    -  3.19e-03 8.15e-03f  1
  72  2.8610518e+00 2.28e+00 1.64e+07   2.9 1.39e+02    -  1.14e-02 4.35e-03h  1
  73  2.8294559e+00 2.25e+00 1.69e+07   2.9 1.31e+02    -  1.87e-02 1.22e-02f  1
  74  2.8113716e+00 2.19e+00 1.79e+07   2.9 1.33e+02    -  3.82e-03 2.30e-02f  2
  75  2.8893983e+00 2.28e+00 2.13e+07   2.9 1.56e+02    -  9.04e-03 2.77e-02h  1
  76  2.8932003e+00 2.27e+00 2.17e+07  -3.3 1.18e+02    -  1.34e-02 5.17e-03h  1
  77  2.9016943e+00 2.26e+00 2.20e+07   2.9 1.16e+02    -  2.84e-03 5.56e-03h  1
  78  2.9413578e+00 2.31e+00 2.23e+07   2.9 1.14e+02    -  2.69e-03 1.99e-02f  1
  79  2.9428646e+00 2.31e+00 2.23e+07   1.1 1.41e+02    -  1.89e-02 1.39e-03h  1
iter    objective    inf_pr   inf_du lg(mu)  ||d||  lg(rg) alpha_du alpha_pr  ls
  80  2.9548364e+00 2.28e+00 2.20e+07   2.9 1.28e+02    -  1.06e-02 1.15e-02h  1
  81  2.9633811e+00 2.25e+00 2.19e+07   2.6 1.05e+02    -  4.54e-02 1.11e-02h  1
  82  3.0250287e+00 2.20e+00 2.28e+07   2.9 9.66e+01    -  3.64e-03 3.84e-02f  1
  83  3.0853428e+00 2.16e+00 2.38e+07   2.8 1.12e+02    -  8.58e-02 2.91e-02h  1
  84  3.1535598e+00 2.20e+00 2.44e+07   2.9 1.40e+02    -  2.60e-03 1.58e-02f  1
  85  3.1622973e+00 2.19e+00 2.47e+07   2.9 1.33e+02    -  2.64e-02 6.24e-03h  1
  86  3.1638425e+00 2.19e+00 2.48e+07  -3.3 1.03e+02    -  8.20e-03 3.46e-03h  1
  87  3.1624705e+00 2.18e+00 2.48e+07   2.9 9.68e+01    -  2.73e-03 3.50e-03h  1
  88  3.2103743e+00 2.19e+00 2.61e+07   2.9 1.11e+02    -  1.68e-03 2.81e-02f  1
  89  3.1857688e+00 2.01e+00 2.80e+07   2.9 9.46e+01    -  3.06e-02 5.57e-02H  1
iter    objective    inf_pr   inf_du lg(mu)  ||d||  lg(rg) alpha_du alpha_pr  ls
  90  3.0131999e+00 1.96e+00 2.97e+07  -3.4 8.80e+01    -  2.48e-02 2.66e-02h  1
  91  2.9997258e+00 1.96e+00 3.00e+07   2.9 8.74e+01    -  1.32e-03 8.74e-03h  1
  92  2.9614267e+00 1.95e+00 3.06e+07   2.9 1.04e+02    -  1.05e-02 1.00e-02f  1
  93  2.9441609e+00 1.94e+00 3.07e+07   2.9 1.03e+02    -  1.59e-02 3.52e-03h  1
  94  2.9009937e+00 1.89e+00 3.09e+07   2.9 1.19e+02    -  2.58e-02 2.04e-02f  1
  95  2.8654118e+00 1.86e+00 3.10e+07   2.9 1.28e+02    -  9.07e-03 1.40e-02f  1
  96  2.8180554e+00 1.82e+00 3.10e+07   2.9 1.57e+02    -  4.41e-02 1.37e-02f  1
  97  2.7839354e+00 1.83e+00 3.11e+07   2.9 1.20e+02    -  1.90e-03 2.22e-02f  1
  98  2.8204518e+00 1.84e+00 3.17e+07   2.9 1.24e+02    -  3.04e-02 1.73e-02f  1
  99  2.9056638e+00 1.88e+00 3.26e+07   2.9 1.22e+02    -  1.67e-02 1.39e-02f  1
iter    objective    inf_pr   inf_du lg(mu)  ||d||  lg(rg) alpha_du alpha_pr  ls
 100  2.9756142e+00 1.91e+00 3.35e+07   2.9 1.29e+02    -  8.15e-03 1.15e-02f  1
 101  4.1658440e+00 4.99e+00 4.20e+07   2.9 1.27e+02    -  1.37e-02 8.25e-02f  1
 102  4.1731752e+00 4.93e+00 4.31e+07   2.6 1.02e+02    -  9.57e-03 9.22e-03h  1
 103  4.2014408e+00 4.78e+00 4.55e+07   2.6 8.94e+01    -  2.10e-02 2.20e-02h  1
 104  4.2533275e+00 4.67e+00 4.82e+07   2.6 9.25e+01    -  8.88e-03 1.78e-02h  1
 105  4.5831515e+00 4.18e+00 5.57e+07   2.6 1.03e+02    -  6.34e-02 5.51e-02f  1
 106  5.0521824e+00 4.01e+00 6.19e+07   2.6 1.21e+02    -  1.85e-02 3.23e-02f  2
 107  5.3241864e+00 3.89e+00 6.48e+07   2.6 8.94e+01    -  8.91e-03 2.43e-02f  1
 108  5.6001864e+00 3.78e+00 6.75e+07   2.6 8.05e+01    -  1.22e-02 2.51e-02f  1
 109  5.6385365e+00 3.77e+00 6.77e+07   2.6 6.27e+01    -  6.93e-03 3.84e-03h  1
iter    objective    inf_pr   inf_du lg(mu)  ||d||  lg(rg) alpha_du alpha_pr  ls
 110  6.2594214e+00 3.68e+00 7.02e+07   2.6 9.03e+01    -  2.42e-02 3.98e-02f  1
 111  6.2815666e+00 3.67e+00 7.04e+07   2.6 8.33e+01    -  3.03e-02 1.94e-03h  1
 112  6.9295710e+00 3.74e+00 7.33e+07   2.6 9.54e+01    -  9.21e-03 4.50e-02f  1
 113  7.0693852e+00 3.69e+00 7.34e+07   2.6 8.05e+01    -  1.17e-02 1.58e-02h  1
 114  7.1025703e+00 3.67e+00 7.36e+07   2.6 9.16e+01    -  1.74e-02 4.22e-03h  1
 115  7.3604400e+00 3.60e+00 7.51e+07   2.6 9.37e+01    -  7.80e-03 3.10e-02f  1
 116  8.2856664e+00 3.56e+00 7.96e+07   2.6 9.77e+01    -  1.90e-02 9.65e-02f  1
 117  8.7275612e+00 3.48e+00 8.09e+07   2.6 1.74e+02    -  1.20e-02 3.26e-02h  1
 118  8.9241703e+00 3.44e+00 8.13e+07   2.6 1.30e+02    -  3.56e-02 1.14e-02h  1
 119  9.6084228e+00 3.36e+00 8.04e+07   2.6 1.27e+02    -  4.40e-02 3.71e-02h  1
iter    objective    inf_pr   inf_du lg(mu)  ||d||  lg(rg) alpha_du alpha_pr  ls
 120  9.8038031e+00 3.28e+00 7.88e+07   2.6 1.11e+02    -  2.50e-02 2.38e-02f  1
 121  1.0377158e+01 3.06e+00 7.66e+07   2.6 1.03e+02    -  1.61e-02 4.58e-02f  1
 122  1.0384330e+01 3.04e+00 7.60e+07   2.6 8.73e+01    -  3.81e-02 5.99e-03h  1
 123  1.0412981e+01 2.91e+00 7.09e+07   2.6 9.95e+01    -  1.51e-02 3.19e-02f  1
 124  1.0447386e+01 2.84e+00 6.83e+07   2.6 8.62e+01    -  3.66e-02 1.82e-02f  1
 125  1.0493294e+01 2.73e+00 6.37e+07   2.6 9.27e+01    -  2.59e-02 3.05e-02f  1
 126  1.0969045e+01 2.82e+00 5.67e+07   2.6 1.24e+02    -  2.06e-02 4.54e-02f  1
 127  1.1825320e+01 3.42e+00 5.44e+07   2.6 8.02e+01    -  5.98e-03 1.20e-01f  1
 128  1.1836683e+01 3.40e+00 5.48e+07   2.6 1.17e+02    -  4.56e-02 7.05e-03h  1
 129  1.2251599e+01 3.29e+00 5.57e+07   2.6 1.07e+02    -  3.71e-02 3.65e-02f  1
iter    objective    inf_pr   inf_du lg(mu)  ||d||  lg(rg) alpha_du alpha_pr  ls
 130  1.2375155e+01 3.20e+00 5.57e+07   2.6 7.47e+01    -  1.36e-02 2.76e-02f  1
 131  1.2148882e+01 3.16e+00 5.45e+07   2.6 1.07e+02    -  8.22e-03 6.26e-02f  1
 132  1.2395011e+01 3.29e+00 5.38e+07   2.6 1.42e+02    -  2.43e-02 7.21e-02f  1
 133  1.2230569e+01 3.24e+00 5.22e+07   2.6 1.00e+02    -  2.07e-02 5.14e-02f  1
 134  1.2048821e+01 3.03e+00 5.21e+07   2.6 7.65e+01    -  1.89e-02 5.86e-02h  1
 135  1.1899163e+01 2.88e+00 5.18e+07   2.6 5.87e+01    -  4.46e-02 4.43e-02f  1
 136  1.1753703e+01 2.79e+00 4.98e+07   2.6 5.15e+01    -  8.86e-02 1.34e-01f  1
 137  1.2135689e+01 2.75e+00 4.94e+07   2.6 1.29e+02    -  4.78e-02 2.13e-02f  1
 138  1.2532134e+01 2.54e+00 4.67e+07   2.6 4.14e+01    -  3.67e-02 7.96e-02f  1
 139  1.2590452e+01 2.47e+00 4.58e+07   2.6 3.26e+01    -  1.18e-01 2.67e-02f  1
iter    objective    inf_pr   inf_du lg(mu)  ||d||  lg(rg) alpha_du alpha_pr  ls
 140  1.3217864e+01 2.11e+00 3.95e+07   2.6 2.90e+01    -  1.71e-01 2.24e-01f  1
 141  1.2893211e+01 2.20e+00 3.82e+07   2.9 1.17e+02    -  6.70e-02 2.59e-02h  1
 142  1.2633382e+01 2.26e+00 3.67e+07   2.9 1.26e+02    -  7.26e-02 1.75e-02f  2
 143  1.2220891e+01 2.61e+00 3.22e+07   2.9 1.18e+02    -  8.07e-02 5.02e-02f  1
 144  1.1637868e+01 2.98e+00 2.68e+07   2.9 7.39e+01    -  3.37e-02 1.17e-01f  1
 145  1.1373061e+01 3.15e+00 2.12e+07   2.5 5.92e+01    -  3.74e-02 1.21e-01h  1
 146  1.1133635e+01 2.78e+00 1.90e+07   2.9 1.07e+01    -  9.54e-02 1.21e-01f  1
 147  1.0908366e+01 2.63e+00 1.93e+07   2.9 2.53e+01    -  9.23e-02 5.65e-02f  1
 148  1.0456145e+01 2.11e+00 2.00e+07   2.9 1.83e+01    -  3.15e-02 2.12e-01f  1
 149  1.0216426e+01 1.88e+00 1.54e+07   2.9 1.99e+01    -  1.25e-01 1.28e-01f  1
iter    objective    inf_pr   inf_du lg(mu)  ||d||  lg(rg) alpha_du alpha_pr  ls
 150  1.0578298e+01 1.86e+00 1.81e+07   2.9 6.64e+01    -  4.25e-02 9.15e-02f  1
 151  1.0540576e+01 1.78e+00 1.94e+07   2.6 2.32e+01    -  1.27e-01 1.98e-01f  1
 152  1.0303746e+01 1.36e+00 1.98e+07   2.6 1.10e+01    -  1.05e-01 2.51e-01f  1
 153  1.0305368e+01 1.21e+00 1.93e+07   2.9 1.59e+01    -  8.31e-02 1.57e-01f  1
 154  1.0722371e+01 1.14e+00 1.95e+07   2.9 1.06e+02    -  1.24e-01 6.03e-02f  1
 155  1.0485388e+01 8.56e-01 1.39e+07   2.6 7.50e+00    -  1.08e-01 4.32e-01f  1
 156  1.0173166e+01 4.12e-01 8.62e+06   2.9 6.21e+00    -  1.47e-01 6.63e-01f  1
 157  1.0064822e+01 2.87e-01 5.97e+06   2.9 3.84e+00    -  2.33e-01 5.14e-01f  1
 158  1.1089716e+01 6.57e-01 1.30e+07   2.9 8.17e+01    -  1.82e-01 9.64e-02f  2
 159  1.0870480e+01 5.01e-01 1.17e+07   2.7 1.00e+01    -  1.74e-01 3.71e-01f  1
iter    objective    inf_pr   inf_du lg(mu)  ||d||  lg(rg) alpha_du alpha_pr  ls
 160  1.0817652e+01 4.35e-01 9.90e+06   2.7 1.70e+01    -  2.70e-01 1.77e-01f  1
 161  1.1125321e+01 1.25e+00 1.18e+07   2.7 1.90e+01    -  1.22e-01 4.77e-01f  1
 162  1.0324286e+01 8.59e-01 9.17e+06   2.7 6.33e+00    -  2.88e-01 1.00e+00f  1
 163  1.0226383e+01 5.56e-01 7.50e+06   2.7 7.20e+00    -  1.80e-01 8.75e-01f  1
 164  1.0400314e+01 1.12e+00 7.06e+06   2.7 8.75e+00    -  4.58e-01 1.00e+00f  1
 165  1.0023519e+01 2.70e-01 4.49e+06   2.7 3.45e+00    -  2.71e-01 1.00e+00f  1
 166  9.7168771e+00 1.98e-01 3.41e+06   2.9 3.06e+00    -  7.32e-01 1.00e+00f  1
 167  9.6900754e+00 1.53e-01 4.08e+06   2.6 7.25e+00    -  9.29e-01 6.48e-01H  1
 168  9.7526681e+00 1.52e-01 1.13e+06   2.4 2.63e+00    -  1.00e+00 1.00e+00h  1
 169  9.7594684e+00 1.23e-02 6.85e+05   2.0 7.64e-01    -  1.00e+00 1.00e+00h  1
iter    objective    inf_pr   inf_du lg(mu)  ||d||  lg(rg) alpha_du alpha_pr  ls
 170  1.0024129e+01 2.34e-01 4.69e+06   2.7 5.21e+00    -  1.00e+00 6.02e-01f  1
 171  9.9450734e+00 6.10e-02 2.52e+06   2.6 2.46e+00    -  1.00e+00 1.00e+00f  1
 172  9.9255102e+00 1.00e-02 5.61e+05   2.6 6.32e-01    -  1.00e+00 1.00e+00f  1
 173  9.9445088e+00 4.20e-03 6.44e+05   2.0 3.55e-01    -  1.00e+00 1.00e+00h  1
 174  9.9372095e+00 5.40e-03 9.96e+05   2.0 6.48e-01    -  1.00e+00 1.00e+00f  1
 175  1.0086676e+01 7.98e-03 3.12e+06   1.9 2.36e+00    -  7.92e-01 1.00e+00H  1
 176  1.0080934e+01 6.54e-03 2.10e+06   1.7 1.46e+00    -  9.52e-01 1.00e+00H  1
 177  1.0041846e+01 2.81e-03 5.01e+05   1.1 5.29e-01    -  7.45e-01 1.00e+00H  1
 178  1.0047487e+01 1.26e-03 2.18e+05   0.5 2.73e-01    -  1.00e+00 1.00e+00h  1
 179  1.0050635e+01 5.32e-04 1.93e+05   1.0 1.33e-01    -  1.00e+00 1.00e+00f  1
iter    objective    inf_pr   inf_du lg(mu)  ||d||  lg(rg) alpha_du alpha_pr  ls
 180  1.0051648e+01 5.36e-04 2.22e+05   0.4 4.49e-01    -  1.00e+00 5.26e-02h  5
 181  1.0051843e+01 5.35e-04 2.35e+05   0.8 1.48e+00    -  1.00e+00 7.81e-03h  8
 182  1.0019241e+01 1.95e-04 1.90e+06   0.8 1.89e+00    -  1.00e+00 9.98e-01H  1
 183  1.0018181e+01 1.91e-04 1.92e+06   0.4 1.50e+00    -  1.00e+00 1.07e-02f  7
 184  1.0050472e+01 9.85e-02 8.62e+05   2.1 2.77e+00    -  1.00e+00 5.15e-01f  1
 185  9.9700336e+00 8.01e-02 3.00e+06   2.0 1.68e+00    -  9.57e-01 1.00e+00f  1
 186  1.0031818e+01 5.51e-02 4.07e+05   2.0 1.33e+00    -  1.00e+00 1.00e+00h  1
 187  1.0031774e+01 8.96e-04 2.01e+05   2.0 2.67e-01    -  1.00e+00 1.00e+00f  1
 188  1.0030662e+01 7.58e-04 4.37e+05   1.3 4.31e-01    -  9.87e-01 1.00e+00H  1
 189  1.0014452e+01 1.27e-04 1.80e+06   1.3 1.40e+00    -  1.00e+00 1.00e+00H  1
iter    objective    inf_pr   inf_du lg(mu)  ||d||  lg(rg) alpha_du alpha_pr  ls
 190  1.0031986e+01 5.55e-05 1.09e+06   0.9 7.14e-01    -  9.91e-01 1.00e+00H  1
 191  1.0015282e+01 2.02e-05 4.25e+05   0.5 3.62e-01    -  9.11e-01 1.00e+00H  1
 192  1.0016886e+01 5.26e-05 4.24e+05   0.0 2.76e-01    -  1.00e+00 1.25e-01f  4
 193  1.0028857e+01 1.10e-05 7.79e+04  -0.1 1.33e-01    -  1.00e+00 1.00e+00H  1
 194  1.0023606e+01 1.16e-05 3.12e+04  -0.8 7.19e-02    -  9.89e-01 1.00e+00H  1
 195  1.0023605e+01 1.17e-05 9.40e+03  -2.4 1.20e-02    -  1.00e+00 1.00e+00H  1
 196  1.0023546e+01 1.17e-05 3.24e+03  -4.0 4.83e-03    -  1.00e+00 1.00e+00H  1
 197  1.0023108e+01 6.30e-05 4.25e+04  -4.0 3.49e-02    -  1.00e+00 1.00e+00h  1
 198  1.0024343e+01 2.44e-05 1.28e+05  -4.1 1.08e-01    -  1.00e+00 9.78e-01H  1
 199  1.0022721e+01 1.38e-04 6.60e+04  -4.1 7.88e-02    -  1.00e+00 1.00e+00f  1
iter    objective    inf_pr   inf_du lg(mu)  ||d||  lg(rg) alpha_du alpha_pr  ls
 200  1.0023636e+01 3.29e-05 2.86e+04  -4.1 2.56e-02    -  1.00e+00 1.00e+00h  1
 201  1.0023047e+01 2.28e-05 2.24e+04  -4.1 1.49e-02    -  1.00e+00 1.00e+00h  1
 202  1.0022916e+01 2.13e-05 2.36e+04  -4.0 2.25e-02    -  1.00e+00 1.11e-01h  1
 203  1.0022729e+01 2.84e-05 3.51e+04  -4.0 4.38e-02    -  1.00e+00 2.25e-01h  2
 204  1.0022441e+01 5.27e-05 6.15e+04  -3.4 9.37e-01    -  1.00e+00 1.64e-02h  2
 205  1.0022139e+01 6.40e-05 8.40e+04  -3.5 2.25e+00    -  1.98e-01 5.35e-03h  2
 206  1.0011746e+01 7.36e-03 6.81e+05  -3.5 9.66e+00    -  9.03e-02 3.92e-02h  1
 207  9.9865305e+00 1.94e-02 7.21e+05  -1.6 2.86e+00    -  1.00e+00 2.11e-01f  1
 208  9.9907736e+00 1.64e-02 6.89e+05  -1.5 5.83e-01    -  1.00e+00 1.89e-01f  1
 209  9.9909278e+00 1.60e-02 8.33e+05  -1.5 1.10e+00    -  1.08e-01 3.03e-01H  1
iter    objective    inf_pr   inf_du lg(mu)  ||d||  lg(rg) alpha_du alpha_pr  ls
 210  9.9907255e+00 1.47e-02 8.29e+05  -1.5 6.74e-01    -  2.41e-01 1.10e-01h  1
 211  9.9876248e+00 1.40e-02 8.15e+05  -1.5 1.12e+00    -  1.68e-01 8.62e-02h  1
 212  9.9865544e+00 1.36e-02 8.03e+05  -1.5 9.18e-01    -  1.00e+00 3.11e-02h  1
 213  9.9838662e+00 1.17e-02 7.46e+05  -1.5 7.30e-01    -  2.35e-01 2.53e-01h  1
 214  9.9839054e+00 1.16e-02 7.40e+05  -1.5 4.39e-01    -  6.38e-01 9.15e-03h  1
 215  9.9841292e+00 3.85e-03 1.57e+05  -1.5 1.74e-01    -  4.33e-01 6.75e-01f  1
 216  9.9859466e+00 1.37e-03 7.09e+04  -0.9 1.33e-01    -  8.01e-01 7.45e-01f  1
 217  9.9859183e+00 1.27e-03 6.96e+04  -4.0 8.79e-02    -  8.85e-01 6.96e-02h  1
 218  9.9858198e+00 1.07e-03 5.84e+04  -3.2 2.87e-02    -  1.00e+00 1.58e-01h  1
 219  9.9856898e+00 4.32e-04 2.78e+04  -4.0 2.59e-02    -  1.00e+00 5.90e-01h  1
iter    objective    inf_pr   inf_du lg(mu)  ||d||  lg(rg) alpha_du alpha_pr  ls
 220  9.9855832e+00 2.15e-04 1.87e+04  -3.2 1.54e-02    -  1.00e+00 5.11e-01h  1
 221  9.9855985e+00 5.13e-05 2.06e+04  -4.0 2.37e-02    -  1.00e+00 7.82e-01h  1
 222  9.9856496e+00 6.18e-05 4.49e+04  -4.0 1.02e-01    -  1.00e+00 2.18e-01H  1
 223  9.9855608e+00 5.19e-05 5.89e+04  -4.0 5.64e-02    -  1.00e+00 3.80e-01h  1
 224  9.9856019e+00 5.16e-05 6.04e+04  -4.0 2.63e-01    -  8.68e-01 4.14e-03h  1
 225r 9.9856019e+00 5.16e-05 1.00e+03  -4.0 0.00e+00    -  0.00e+00 4.15e-07R 18
 226r 9.9855990e+00 1.41e-05 9.98e+02  -2.4 3.19e-02    -  2.04e-01 1.86e-03f  1
 227  9.3173304e+00 1.75e-01 3.57e+03  -4.0 6.76e+00    -  1.27e-01 4.11e-01f  1
 228  9.2016962e+00 1.63e-01 3.44e+03  -4.0 6.14e+00    -  1.18e-01 9.75e-02h  1
 229  8.9582373e+00 1.45e-01 3.49e+03  -4.0 5.84e+00    -  3.17e-02 2.58e-01h  1
iter    objective    inf_pr   inf_du lg(mu)  ||d||  lg(rg) alpha_du alpha_pr  ls
 230  8.9642474e+00 1.36e-01 3.40e+03  -2.0 8.82e-01    -  9.65e-01 5.67e-02f  1
 231  8.9800421e+00 1.07e-01 3.68e+03  -1.9 7.50e-01    -  5.40e-01 2.16e-01h  1
 232  9.0541519e+00 1.13e-02 2.96e+02  -1.9 1.07e+00    -  9.40e-01 1.00e+00h  1
 233  9.0776694e+00 4.40e-03 1.22e+02  -2.6 5.77e-01    -  8.89e-01 1.00e+00h  1
 234  9.2287119e+00 9.37e-02 5.28e+02  -1.3 2.11e+00    -  1.00e+00 5.41e-01f  1
 235  9.1582055e+00 1.33e-02 3.20e+02  -1.4 7.63e-01    -  1.00e+00 1.00e+00f  1
 236  9.1742134e+00 7.58e-03 1.82e+02  -1.4 6.27e-01    -  1.00e+00 1.00e+00h  1
 237  9.1330845e+00 3.94e-03 2.56e+02  -2.1 3.75e-01    -  1.00e+00 1.00e+00h  1
 238  9.1012634e+00 3.35e-03 2.27e+02  -2.6 4.09e-01    -  1.00e+00 1.00e+00h  1
 239  9.0557632e+00 4.29e-03 1.42e+02  -3.5 3.68e-01    -  1.00e+00 9.22e-01h  1
iter    objective    inf_pr   inf_du lg(mu)  ||d||  lg(rg) alpha_du alpha_pr  ls
 240  8.9219471e+00 3.00e-02 1.91e+02  -2.7 9.40e-01    -  1.00e+00 6.54e-01h  1
 241  9.2841048e+00 2.77e-01 3.11e+02  -1.6 7.40e+00    -  5.84e-01 3.49e-01f  1
 242  8.7998544e+00 2.68e-01 3.46e+02  -1.9 2.66e+00    -  1.00e+00 9.00e-01h  1
 243  8.5520085e+00 9.71e-02 2.55e+02  -2.0 2.10e+00    -  6.99e-01 6.36e-01h  1
 244  8.2099297e+00 1.01e-01 5.36e+02  -2.4 2.25e+00    -  1.00e+00 8.42e-01h  1
 245  8.1362719e+00 6.99e-01 4.66e+02  -1.7 4.80e+00    -  1.00e+00 1.00e+00f  1
 246  7.8888185e+00 1.03e-01 1.57e+02  -2.2 1.66e+00    -  1.00e+00 1.00e+00h  1
 247  7.7364180e+00 7.67e-02 1.02e+02  -2.6 2.03e+00    -  1.00e+00 4.67e-01h  1
 248  7.6047828e+00 7.32e-02 1.29e+02  -2.3 3.43e+00    -  1.00e+00 5.99e-01h  1
 249  7.5381119e+00 5.06e-02 1.38e+02  -2.8 1.87e+00    -  1.00e+00 5.57e-01h  1
iter    objective    inf_pr   inf_du lg(mu)  ||d||  lg(rg) alpha_du alpha_pr  ls
 250  7.5029906e+00 7.04e-02 1.65e+02  -2.5 2.12e+00    -  1.00e+00 8.38e-01h  1
 251  7.5444521e+00 2.93e-02 1.20e+02  -2.3 1.24e+00    -  1.00e+00 1.00e+00h  1
 252  7.4920124e+00 1.04e-02 7.52e+01  -2.9 1.00e+00    -  1.00e+00 7.05e-01h  1
 253  7.4733905e+00 7.43e-03 8.61e+01  -3.1 8.14e-01    -  8.21e-01 4.88e-01h  1
 254  7.5225388e+00 7.54e-03 3.05e+02  -2.4 9.59e-01    -  1.00e+00 4.11e-01h  1
 255  7.6664243e+00 5.85e-02 6.29e+02  -2.2 1.52e+00    -  1.00e+00 1.00e+00f  1
 256  7.6590516e+00 1.92e-02 5.14e+02  -2.3 8.58e-01    -  9.89e-01 1.00e+00h  1
 257  7.6270642e+00 7.19e-03 2.52e+02  -2.3 5.43e-01    -  1.00e+00 9.37e-01h  1
 258  7.6327398e+00 5.40e-03 1.07e+02  -2.3 4.38e-01    -  1.00e+00 1.00e+00h  1
 259  7.6267456e+00 1.34e-03 5.14e+01  -2.6 3.26e-01    -  1.00e+00 1.00e+00h  1
iter    objective    inf_pr   inf_du lg(mu)  ||d||  lg(rg) alpha_du alpha_pr  ls
 260  7.6284598e+00 1.11e-03 5.71e+01  -2.7 2.56e-01    -  1.00e+00 7.52e-01h  1
 261  7.5919468e+00 3.46e-03 1.02e+02  -3.3 4.56e-01    -  1.00e+00 9.49e-01h  1
 262  7.5682977e+00 4.11e-03 2.31e+02  -3.7 4.85e-01    -  1.00e+00 7.50e-01h  1
 263  7.5485066e+00 5.36e-03 2.58e+02  -3.5 1.20e+00    -  1.00e+00 3.04e-01h  1
 264  7.5622562e+00 4.47e-03 2.64e+02  -2.9 4.35e-01    -  1.00e+00 1.00e+00h  1
 265  7.5729164e+00 2.52e-03 8.40e+01  -2.6 3.12e-01    -  1.00e+00 1.00e+00h  1
 266  7.5548857e+00 1.61e-03 8.45e+01  -3.5 3.84e-01    -  1.00e+00 7.42e-01h  1
 267  7.5382148e+00 5.93e-03 2.77e+02  -4.0 6.94e-01    -  1.00e+00 7.44e-01h  1
 268  7.5122266e+00 1.59e-01 1.24e+03  -2.8 5.93e+00    -  1.00e+00 4.44e-01h  1
 269  7.4180086e+00 1.27e-01 1.46e+03  -2.9 2.47e+00    -  7.89e-01 5.78e-01h  1
iter    objective    inf_pr   inf_du lg(mu)  ||d||  lg(rg) alpha_du alpha_pr  ls
 270  7.3674266e+00 3.11e-02 2.90e+02  -2.7 1.25e+00    -  7.57e-01 1.00e+00h  1
 271  7.3513019e+00 6.90e-03 1.21e+02  -2.9 6.29e-01    -  1.00e+00 8.65e-01h  1
 272  7.3463723e+00 6.26e-03 8.10e+01  -3.2 7.09e-01    -  1.00e+00 5.94e-01h  1
 273  7.4072290e+00 1.06e-02 1.55e+02  -2.4 9.77e-01    -  1.00e+00 7.64e-01f  1
 274  7.3787874e+00 5.94e-03 7.13e+01  -2.5 5.01e-01    -  7.71e-01 1.00e+00h  1
 275  7.6453420e+00 1.36e-01 8.79e+02  -1.8 1.90e+00    -  9.68e-01 1.00e+00f  1
 276  7.6308832e+00 7.05e-03 4.78e+02  -1.9 4.50e-01    -  1.00e+00 1.00e+00h  1
 277  7.5598176e+00 1.08e-02 1.54e+02  -1.9 6.86e-01    -  6.95e-01 1.00e+00h  1
 278  7.5533732e+00 5.07e-03 2.44e+02  -1.9 4.07e-01    -  1.00e+00 1.00e+00h  1
 279  7.5470293e+00 2.17e-03 1.57e+02  -2.6 2.92e-01    -  1.00e+00 9.00e-01h  1
iter    objective    inf_pr   inf_du lg(mu)  ||d||  lg(rg) alpha_du alpha_pr  ls
 280  7.5169757e+00 1.31e-03 2.02e+02  -3.4 4.22e-01    -  1.00e+00 4.82e-01h  1
 281  7.4485613e+00 8.03e-03 4.08e+02  -3.1 1.22e+00    -  1.00e+00 4.58e-01h  1
 282  7.4217359e+00 8.13e-03 5.27e+02  -3.7 9.54e-01    -  1.00e+00 3.52e-01h  1
 283  7.4052177e+00 5.62e-03 4.59e+02  -3.7 5.14e-01    -  8.64e-01 8.14e-01h  1
 284  7.4049348e+00 3.05e-03 3.37e+02  -3.7 1.93e-01    -  1.00e+00 4.90e-01h  1
 285  7.3995423e+00 1.83e-03 1.44e+02  -3.9 2.60e-01    -  1.00e+00 6.07e-01h  1
 286  7.3973962e+00 1.77e-03 1.46e+02  -4.0 6.92e-01    -  1.00e+00 9.70e-02h  1
 287  7.3719420e+00 1.04e-02 3.08e+02  -4.0 4.25e+00    -  1.00e+00 1.37e-01h  1
 288  7.3613992e+00 1.08e-02 3.19e+02  -4.1 1.55e+00    -  5.09e-01 1.97e-01h  1
 289  7.3310481e+00 2.10e-02 4.93e+02  -4.1 2.58e+00    -  3.02e-01 2.74e-01h  1
iter    objective    inf_pr   inf_du lg(mu)  ||d||  lg(rg) alpha_du alpha_pr  ls
 290  7.3275330e+00 2.02e-02 5.16e+02  -3.3 1.99e+00    -  1.00e+00 5.20e-02f  1
 291  7.2527228e+00 5.94e-02 7.66e+02  -3.6 2.75e+00    -  2.80e-01 5.67e-01h  1
 292  7.2077211e+00 8.78e-02 1.04e+03  -2.7 2.66e+00    -  3.76e-01 5.95e-01h  1
 293  7.1958817e+00 4.59e-02 6.70e+02  -2.9 6.35e-01    -  1.00e+00 5.25e-01h  1
 294  7.1940030e+00 6.44e-03 1.62e+02  -2.6 5.40e-01    -  1.00e+00 9.06e-01h  1
 295  7.2002516e+00 3.45e-03 1.96e+02  -3.0 4.29e-01    -  1.00e+00 7.03e-01h  1
 296  7.2749646e+00 1.20e-02 3.00e+02  -2.3 6.96e-01    -  9.28e-01 1.00e+00f  1
 297  7.2764786e+00 2.47e-03 1.52e+02  -2.4 2.96e-01    -  1.00e+00 1.00e+00h  1
 298  7.2668769e+00 1.51e-03 1.09e+02  -2.9 2.51e-01    -  1.00e+00 8.79e-01h  1
 299  7.2936083e+00 9.98e-04 2.51e+02  -2.7 1.99e-01    -  8.77e-01 8.76e-01H  1
iter    objective    inf_pr   inf_du lg(mu)  ||d||  lg(rg) alpha_du alpha_pr  ls
 300  7.2779334e+00 6.23e-04 1.02e+02  -3.9 1.47e-01    -  1.00e+00 9.12e-01h  1
 301  7.2668543e+00 3.36e-04 8.03e+01  -3.4 1.97e-01    -  1.00e+00 6.86e-01h  1
 302  7.2483794e+00 2.09e-03 1.67e+02  -2.9 6.93e-01    -  1.00e+00 3.69e-01h  1
 303  7.2407358e+00 1.56e-03 1.82e+02  -3.5 3.20e-01    -  1.00e+00 3.74e-01h  1
 304  7.2200549e+00 2.19e-03 2.05e+02  -3.5 4.15e-01    -  1.00e+00 6.83e-01h  1
 305  7.2142286e+00 1.98e-03 2.30e+02  -3.6 7.78e-01    -  1.00e+00 1.84e-01h  1
 306  7.2073728e+00 3.25e-03 2.17e+02  -3.3 5.10e-01    -  7.23e-01 7.31e-01h  1
 307  7.2057714e+00 2.02e-03 2.13e+02  -3.1 2.63e-01    -  1.00e+00 5.89e-01h  1
 308  7.2290554e+00 1.90e-03 7.99e+01  -2.8 3.52e-01    -  1.00e+00 1.00e+00h  1
 309  7.2119152e+00 8.70e-04 8.43e+01  -3.4 2.75e-01    -  1.00e+00 9.76e-01h  1
iter    objective    inf_pr   inf_du lg(mu)  ||d||  lg(rg) alpha_du alpha_pr  ls
 310  7.2040119e+00 7.01e-04 7.76e+01  -3.9 2.70e-01    -  1.00e+00 3.85e-01h  1
 311  7.1995548e+00 6.70e-04 5.35e+01  -4.0 1.17e-01    -  1.00e+00 1.00e+00h  1
 312  7.1959888e+00 1.38e-03 1.13e+02  -4.0 2.18e-01    -  1.00e+00 8.67e-01h  1
 313  7.1885474e+00 6.18e-03 2.32e+02  -3.7 2.75e-01    -  1.00e+00 1.00e+00h  1
 314  7.1876957e+00 7.72e-04 9.85e+01  -3.8 1.17e-01    -  1.00e+00 9.19e-01h  1
 315  7.1870531e+00 9.96e-05 3.43e+01  -4.0 8.46e-02    -  1.00e+00 9.89e-01h  1
 316  7.1900612e+00 1.14e-04 4.78e+01  -4.0 6.45e-02    -  1.00e+00 1.00e+00h  1
 317  7.1932231e+00 6.39e-05 3.82e+01  -4.0 4.93e-02    -  1.00e+00 1.00e+00h  1
 318  7.1920989e+00 6.74e-04 5.68e+01  -4.0 1.47e-01    -  1.00e+00 1.00e+00h  1
 319  7.1894858e+00 9.28e-04 1.18e+02  -4.1 7.01e-01    -  1.00e+00 1.87e-01h  1
iter    objective    inf_pr   inf_du lg(mu)  ||d||  lg(rg) alpha_du alpha_pr  ls
 320  7.1738865e+00 1.36e-02 4.40e+02  -4.1 1.26e+00    -  4.97e-01 6.45e-01h  1
 321  7.1693706e+00 6.76e-03 3.52e+02  -3.6 4.14e-01    -  1.00e+00 5.86e-01f  1
 322  7.1749515e+00 3.47e-03 6.61e+01  -3.2 4.89e-01    -  5.00e-01 1.00e+00h  1
 323  7.1708292e+00 3.60e-03 9.17e+01  -3.9 5.54e-01    -  1.00e+00 5.52e-01h  1
 324  7.1635570e+00 2.22e-03 6.44e+01  -3.6 3.85e-01    -  1.00e+00 6.50e-01h  1
 325  7.1555063e+00 8.31e-04 2.89e+01  -4.0 2.33e-01    -  1.00e+00 1.00e+00h  1
 326  7.1629393e+00 2.49e-04 1.09e+02  -4.0 1.28e-01    -  1.00e+00 6.03e-01h  1
 327  7.1658811e+00 2.00e-04 1.29e+02  -4.0 1.10e-01    -  1.00e+00 3.50e-01h  1
 328  7.1777884e+00 1.99e-04 4.49e+01  -4.0 8.85e-02    -  1.00e+00 1.00e+00H  1
 329  7.1768053e+00 9.05e-05 4.25e+01  -4.0 6.54e-02    -  1.00e+00 1.00e+00h  1
iter    objective    inf_pr   inf_du lg(mu)  ||d||  lg(rg) alpha_du alpha_pr  ls
 330  7.1766255e+00 3.55e-05 1.52e+01  -4.0 4.19e-02    -  1.00e+00 1.00e+00h  1
 331  7.1775076e+00 2.90e-05 5.48e+00  -4.0 1.47e-02    -  1.00e+00 1.00e+00h  1
 332  7.1770981e+00 4.82e-05 1.52e+01  -4.0 4.40e-02    -  1.00e+00 1.00e+00h  1
 333  7.1754083e+00 6.38e-04 8.43e+01  -4.1 1.57e-01    -  1.00e+00 1.00e+00h  1
 334  7.1742080e+00 3.56e-04 1.32e+01  -4.1 1.24e-01    -  1.00e+00 1.00e+00h  1
 335  7.1691047e+00 2.16e-03 1.07e+02  -4.1 3.16e-01    -  1.00e+00 1.00e+00h  1
 336  7.1613400e+00 1.05e-03 3.03e+01  -4.1 1.78e-01    -  1.00e+00 1.00e+00h  1
 337  7.1662019e+00 3.62e-04 4.16e+01  -4.1 1.38e-01    -  1.00e+00 7.75e-01h  1
 338  7.1669017e+00 3.27e-04 1.28e+02  -4.1 8.06e-02    -  1.00e+00 9.77e-02h  4
 339  7.1748566e+00 3.33e-04 2.11e+01  -4.1 9.34e-02    -  1.00e+00 1.00e+00h  1
iter    objective    inf_pr   inf_du lg(mu)  ||d||  lg(rg) alpha_du alpha_pr  ls
 340  7.1760210e+00 1.97e-05 1.68e+01  -4.1 3.98e-02    -  1.00e+00 1.00e+00h  1
 341  7.1766981e+00 8.44e-06 6.53e+00  -4.0 2.39e-02    -  1.00e+00 1.00e+00h  1
 342  7.1770177e+00 4.18e-06 4.80e+00  -4.0 1.44e-02    -  1.00e+00 1.00e+00h  1
 343  7.1771774e+00 2.64e-06 2.38e+00  -4.0 6.89e-03    -  1.00e+00 1.00e+00h  1
 344  7.1771816e+00 2.48e-06 1.98e+00  -4.0 5.63e-03    -  1.00e+00 1.00e+00h  1
 345  7.1771691e+00 4.81e-06 5.20e+00  -4.0 9.15e-03    -  1.00e+00 1.00e+00h  1
 346  7.1765359e+00 1.84e-06 4.10e+00  -4.1 8.20e-03    -  1.00e+00 1.00e+00h  1
 347  7.1771234e+00 1.05e-06 1.91e+00  -4.0 5.78e-03    -  1.00e+00 1.00e+00h  1
 348  7.1771317e+00 1.38e-06 1.25e+00  -4.0 3.29e-03    -  1.00e+00 1.00e+00h  1
 349  7.1765704e+00 1.74e-06 5.18e+00  -4.1 7.08e-03    -  1.00e+00 1.00e+00h  1
iter    objective    inf_pr   inf_du lg(mu)  ||d||  lg(rg) alpha_du alpha_pr  ls
 350  7.1764745e+00 5.58e-06 1.55e+01  -4.1 1.17e-02    -  1.00e+00 1.00e+00h  1
 351  7.1771186e+00 7.73e-05 5.32e+01  -4.0 4.28e-02    -  1.00e+00 1.00e+00h  1
 352  7.1764059e+00 6.20e-06 4.27e+01  -4.1 1.66e-02    -  1.00e+00 1.00e+00h  1
 353  7.1770013e+00 1.68e-05 2.16e+01  -4.0 1.90e-02    -  1.00e+00 1.00e+00h  1
 354  7.1762011e+00 2.87e-05 3.06e+01  -4.1 2.62e-02    -  1.00e+00 1.00e+00h  1
 355  7.1762727e+00 6.60e-04 1.35e+02  -4.1 1.31e-01    -  1.00e+00 1.00e+00h  1
 356  7.1677050e+00 2.01e-02 1.27e+03  -4.1 2.37e+00    -  3.35e-01 5.20e-01H  1
 357  7.0891950e+00 4.06e-02 5.16e+02  -4.1 2.19e+00    -  2.98e-01 4.45e-01h  1
 358  7.0896554e+00 3.78e-02 4.84e+02  -4.0 1.40e+00    -  2.37e-01 6.81e-02h  1
 359  7.0711435e+00 3.44e-02 5.83e+02  -3.0 3.06e+00    -  5.47e-01 9.03e-02h  1
iter    objective    inf_pr   inf_du lg(mu)  ||d||  lg(rg) alpha_du alpha_pr  ls
 360  7.1104778e+00 4.38e-02 3.86e+02  -3.3 8.68e-01    -  8.85e-01 9.85e-01h  1
 361  7.3818000e+00 1.43e-01 7.82e+02  -2.1 2.58e+00    -  9.99e-01 9.46e-01f  1
 362  7.2506970e+00 1.27e-01 4.64e+02  -2.1 1.72e+00    -  3.61e-01 1.00e+00h  1
 363  7.0434964e+00 1.99e-01 5.05e+02  -2.1 2.30e+00    -  7.43e-01 1.00e+00h  1
 364  7.0568659e+00 9.21e-02 2.29e+02  -1.8 2.29e+00    -  7.04e-01 1.00e+00h  1
 365  6.9981144e+00 5.81e-02 7.43e+01  -4.0 2.08e+00    -  4.30e-01 6.01e-01h  1
 366  7.0190452e+00 2.69e-02 9.77e+01  -2.3 1.31e+00    -  1.00e+00 8.00e-01h  1
 367  7.0026796e+00 1.57e-02 6.47e+01  -2.9 9.05e-01    -  1.00e+00 4.95e-01h  1
 368  6.9992394e+00 1.10e-02 3.82e+01  -3.6 7.12e-01    -  1.00e+00 4.08e-01h  2
 369  7.0076882e+00 8.98e-03 5.95e+01  -4.0 1.11e+00    -  1.00e+00 3.28e-01h  1
iter    objective    inf_pr   inf_du lg(mu)  ||d||  lg(rg) alpha_du alpha_pr  ls
 370  7.2329676e+00 1.09e-01 2.07e+02  -2.2 2.06e+00    -  1.00e+00 1.00e+00f  1
 371  7.1257690e+00 5.41e-02 8.17e+01  -2.3 1.31e+00    -  1.00e+00 8.04e-01h  1
 372  7.1224791e+00 8.06e-03 7.76e+01  -2.3 6.21e-01    -  1.00e+00 9.01e-01h  1
 373  7.0961321e+00 6.97e-03 1.17e+02  -2.9 6.63e-01    -  1.00e+00 8.99e-01h  1
 374  7.1064106e+00 3.47e-03 7.85e+01  -2.4 4.50e-01    -  7.54e-01 6.65e-01h  1
 375  7.1228477e+00 3.53e-03 1.90e+02  -2.9 6.32e-01    -  1.00e+00 4.00e-01h  1
 376  7.1293280e+00 2.20e-03 1.26e+02  -3.2 3.83e-01    -  1.00e+00 3.72e-01h  2
 377  7.1387499e+00 2.35e-03 2.53e+02  -3.5 6.22e-01    -  1.00e+00 2.64e-01h  1
 378  7.1563832e+00 2.67e-03 1.46e+02  -3.6 5.78e-01    -  1.00e+00 4.75e-01h  2
 379  7.1543874e+00 2.18e-03 1.49e+02  -3.6 6.43e-01    -  1.00e+00 4.06e-01h  1
iter    objective    inf_pr   inf_du lg(mu)  ||d||  lg(rg) alpha_du alpha_pr  ls
 380  7.1540934e+00 2.49e-03 1.53e+02  -4.0 5.80e-01    -  1.00e+00 4.91e-01h  1
 381  7.1547139e+00 2.24e-03 1.58e+02  -4.0 3.80e-01    -  1.00e+00 1.25e-01h  1
 382  7.1518513e+00 1.80e-03 1.72e+02  -4.0 4.47e-01    -  1.00e+00 3.10e-01h  1
 383  7.1693195e+00 1.64e-03 2.07e+02  -4.0 3.24e-01    -  1.00e+00 9.40e-01H  1
 384  7.1624758e+00 1.15e-03 1.81e+02  -4.1 3.20e-01    -  6.06e-01 2.84e-01h  1
 385  7.1574510e+00 3.08e-04 9.29e+01  -4.1 1.48e-01    -  1.00e+00 8.77e-01f  1
 386  7.1579810e+00 2.55e-04 7.95e+01  -4.0 1.27e-01    -  1.00e+00 3.14e-01f  2
 387  7.1549087e+00 1.05e-03 1.30e+02  -4.0 3.59e-01    -  1.00e+00 6.04e-01h  1
 388  7.1528203e+00 2.11e-04 1.14e+02  -4.0 1.06e-01    -  1.00e+00 1.00e+00h  1
 389  7.1547730e+00 7.11e-05 2.50e+01  -4.0 6.47e-02    -  1.00e+00 1.00e+00h  1
iter    objective    inf_pr   inf_du lg(mu)  ||d||  lg(rg) alpha_du alpha_pr  ls
 390  7.1555964e+00 2.59e-05 1.20e+01  -4.0 4.37e-02    -  1.00e+00 1.00e+00h  1
 391  7.1575418e+00 1.63e-05 1.75e+01  -4.0 3.03e-02    -  1.00e+00 1.00e+00h  1
 392  7.1580424e+00 4.56e-06 1.85e+01  -4.0 3.89e-02    -  1.00e+00 1.00e+00H  1
 393  7.1557025e+00 4.89e-04 9.11e+01  -4.0 1.17e-01    -  1.00e+00 1.00e+00h  1
 394  7.1544574e+00 4.97e-04 1.27e+02  -4.1 2.79e-01    -  1.00e+00 2.00e-01h  1
 395  7.1492131e+00 1.01e-03 1.61e+02  -4.1 2.55e-01    -  1.00e+00 1.00e+00f  1
 396  7.1435242e+00 3.77e-04 5.92e+01  -3.7 2.08e-01    -  1.00e+00 1.00e+00h  1
 397  7.1471196e+00 2.28e-04 2.94e+01  -4.0 2.36e-01    -  1.00e+00 6.51e-01h  1
 398  7.1492662e+00 8.31e-05 2.69e+01  -4.0 1.02e-01    -  1.00e+00 6.41e-01h  1
 399  7.1511182e+00 6.79e-05 3.50e+01  -4.0 4.84e-02    -  1.00e+00 1.00e+00h  1
iter    objective    inf_pr   inf_du lg(mu)  ||d||  lg(rg) alpha_du alpha_pr  ls
 400  7.1540658e+00 3.29e-05 1.78e+01  -4.0 4.19e-02    -  1.00e+00 1.00e+00h  1
 401  7.1542203e+00 2.61e-05 2.25e+01  -4.0 3.08e-02    -  1.00e+00 1.00e+00h  1
 402  7.1537211e+00 9.77e-06 1.43e+01  -4.0 1.88e-02    -  1.00e+00 1.00e+00h  1
 403  7.1537993e+00 2.42e-07 1.03e+01  -4.0 1.73e-02    -  1.00e+00 1.00e+00H  1
 404  7.1524403e+00 4.79e-04 8.50e+01  -4.0 1.33e-01    -  1.00e+00 1.00e+00h  1
 405  7.1503708e+00 1.20e-03 2.10e+02  -4.1 9.58e-01    -  1.00e+00 2.34e-01h  1
 406  7.1476254e+00 5.45e-04 1.92e+02  -4.1 1.66e-01    -  9.36e-01 1.00e+00h  1
 407  7.1455200e+00 9.77e-05 9.00e+01  -4.1 1.03e-01    -  1.00e+00 1.00e+00h  1
 408  7.1464273e+00 6.20e-05 2.20e+01  -4.0 5.91e-02    -  1.00e+00 1.00e+00h  1
 409  7.1482704e+00 2.52e-05 4.79e+01  -4.0 2.89e-02    -  1.00e+00 1.00e+00h  1
iter    objective    inf_pr   inf_du lg(mu)  ||d||  lg(rg) alpha_du alpha_pr  ls
 410  7.1492277e+00 7.82e-06 8.41e+00  -4.0 1.64e-02    -  1.00e+00 1.00e+00h  1
 411  7.1497078e+00 3.29e-06 7.82e+00  -4.0 8.97e-03    -  1.00e+00 1.00e+00h  1
 412  7.1496112e+00 1.10e-05 8.34e+00  -4.0 2.38e-02    -  1.00e+00 1.00e+00h  1
 413  7.1489876e+00 2.52e-06 2.94e+00  -4.1 1.25e-02    -  1.00e+00 1.00e+00h  1
 414  7.1495515e+00 2.64e-06 2.10e+00  -4.0 9.10e-03    -  1.00e+00 1.00e+00h  1
 415  7.1490725e+00 1.60e-06 3.56e+00  -4.1 7.39e-03    -  1.00e+00 1.00e+00h  1
 416  7.1492795e+00 4.16e-04 5.06e+01  -4.0 1.23e-01    -  1.00e+00 1.00e+00h  1
 417  7.1485360e+00 1.88e-04 8.35e+01  -4.1 9.64e-02    -  1.00e+00 1.00e+00h  1
 418  7.1478351e+00 9.23e-05 7.12e+01  -4.1 8.37e-02    -  1.00e+00 1.00e+00h  1
 419  7.1469786e+00 5.18e-05 2.20e+01  -4.1 5.00e-02    -  1.00e+00 1.00e+00h  1
iter    objective    inf_pr   inf_du lg(mu)  ||d||  lg(rg) alpha_du alpha_pr  ls
 420  7.1491266e+00 1.75e-05 2.68e+01  -4.0 6.46e-02    -  1.00e+00 1.00e+00H  1
 421  7.1479479e+00 3.89e-05 2.44e+01  -4.1 5.02e-02    -  1.00e+00 1.00e+00h  1
 422  7.1479931e+00 4.77e-05 3.64e+00  -4.0 3.62e-02    -  1.00e+00 1.00e+00h  1
 423  7.1483586e+00 8.52e-06 4.76e+00  -4.1 1.34e-02    -  1.00e+00 1.00e+00h  1
 424  7.1485391e+00 5.28e-04 6.23e+01  -4.0 1.29e-01    -  1.00e+00 1.00e+00h  1
 425  7.1463117e+00 3.09e-04 1.83e+01  -4.1 9.41e-02    -  1.00e+00 1.00e+00h  1
 426  7.1472881e+00 5.26e-05 2.89e+01  -4.1 5.55e-02    -  1.00e+00 1.00e+00h  1
 427  7.1471203e+00 4.03e-05 3.71e+00  -4.1 5.42e-02    -  1.00e+00 1.00e+00h  1
 428  7.1478075e+00 1.73e-05 1.29e+01  -4.1 2.62e-02    -  1.00e+00 1.00e+00h  1
 429  7.1483996e+00 6.69e-06 3.36e+00  -4.0 2.47e-02    -  1.00e+00 1.00e+00h  1
iter    objective    inf_pr   inf_du lg(mu)  ||d||  lg(rg) alpha_du alpha_pr  ls
 430  7.1483440e+00 2.12e-06 1.76e+00  -4.1 6.42e-03    -  1.00e+00 1.00e+00h  1
 431  7.1489653e+00 5.40e-06 3.60e+00  -4.0 5.01e-03    -  1.00e+00 1.00e+00h  1
 432  7.1483911e+00 7.64e-06 3.39e+00  -4.1 7.36e-03    -  1.00e+00 1.00e+00h  1
 433  7.1483232e+00 2.65e-06 2.23e+00  -4.1 3.30e-03    -  1.00e+00 1.00e+00h  1
 434  7.1489539e+00 5.28e-06 9.51e-01  -4.0 4.19e-03    -  1.00e+00 1.00e+00h  1
 435  7.1483174e+00 4.37e-06 2.27e+00  -4.1 4.37e-03    -  1.00e+00 1.00e+00h  1
 436  7.1482964e+00 1.43e-06 1.41e+00  -4.1 3.04e-03    -  1.00e+00 1.00e+00h  1
 437  7.1489657e+00 3.74e-06 7.42e-01  -4.0 4.20e-03    -  1.00e+00 1.00e+00h  1
 438  7.1483156e+00 4.26e-06 7.61e-01  -4.1 4.24e-03    -  1.00e+00 1.00e+00h  1
 439  7.1483046e+00 6.76e-06 3.86e+00  -4.1 6.65e-03    -  1.00e+00 1.00e+00h  1
iter    objective    inf_pr   inf_du lg(mu)  ||d||  lg(rg) alpha_du alpha_pr  ls
 440  7.1483047e+00 6.63e-06 5.84e-01  -4.1 5.09e-03    -  1.00e+00 1.00e+00h  1
 441  7.1483051e+00 5.43e-07 2.41e-01  -4.1 5.98e-04    -  1.00e+00 1.00e+00h  1
 442  7.1489652e+00 4.83e-06 1.44e+00  -4.0 4.56e-03    -  1.00e+00 1.00e+00h  1
 443  7.1483330e+00 6.09e-06 2.38e+00  -4.1 7.94e-03    -  1.00e+00 1.00e+00h  1
 444  7.1483008e+00 2.27e-05 1.42e+01  -4.1 2.94e-02    -  1.00e+00 1.00e+00h  1
 445  7.1479893e+00 2.50e-05 2.53e+00  -4.1 2.99e-02    -  1.00e+00 1.00e+00h  1
 446  7.1482761e+00 3.54e-06 4.09e+00  -4.1 4.62e-03    -  1.00e+00 1.00e+00h  1
 447  7.1489911e+00 3.44e-06 2.30e+00  -4.0 5.04e-03    -  1.00e+00 1.00e+00h  1
 448  7.1483100e+00 5.78e-06 1.83e+00  -4.1 5.68e-03    -  1.00e+00 1.00e+00h  1
 449  7.1483163e+00 4.72e-06 1.63e+00  -4.1 3.89e-03    -  1.00e+00 1.00e+00h  1
iter    objective    inf_pr   inf_du lg(mu)  ||d||  lg(rg) alpha_du alpha_pr  ls
 450  7.1483143e+00 3.42e-06 2.67e-01  -4.1 3.65e-03    -  1.00e+00 1.00e+00h  1
 451  7.1483133e+00 1.14e-07 1.28e-01  -4.1 2.91e-04    -  1.00e+00 1.00e+00h  1
 452  7.1489696e+00 4.65e-06 1.16e+00  -4.0 4.53e-03    -  1.00e+00 1.00e+00h  1
 453  7.1483317e+00 2.65e-06 1.23e+00  -4.1 5.11e-03    -  1.00e+00 1.00e+00h  1
 454  7.1482889e+00 1.60e-06 8.53e-01  -4.1 3.30e-03    -  1.00e+00 1.00e+00h  1
 455  7.1489880e+00 3.70e-06 7.11e-01  -4.0 4.30e-03    -  1.00e+00 1.00e+00h  1
 456  7.1483124e+00 6.63e-06 2.86e+00  -4.1 5.72e-03    -  1.00e+00 1.00e+00h  1
 457  7.1483087e+00 2.14e-06 1.31e+00  -4.1 2.48e-03    -  1.00e+00 1.00e+00h  1
 458  7.1483088e+00 5.13e-07 3.13e-01  -4.1 9.61e-04    -  1.00e+00 1.00e+00h  1
 459  7.1489798e+00 3.95e-06 8.26e-01  -4.0 4.80e-03    -  1.00e+00 1.00e+00h  1
iter    objective    inf_pr   inf_du lg(mu)  ||d||  lg(rg) alpha_du alpha_pr  ls
 460  7.1483248e+00 4.18e-06 1.76e+00  -4.1 4.55e-03    -  1.00e+00 1.00e+00h  1
 461  7.1483190e+00 6.05e-06 4.09e-01  -4.1 3.50e-03    -  1.00e+00 1.00e+00h  1
 462  7.1483197e+00 4.63e-07 7.50e-01  -4.1 1.24e-03    -  1.00e+00 1.00e+00h  1
 463  7.1483107e+00 3.54e-07 5.06e-02  -4.1 8.84e-04    -  1.00e+00 1.00e+00h  1
 464  7.1489807e+00 3.91e-06 1.79e-01  -4.0 4.92e-03    -  1.00e+00 1.00e+00h  1
 465  7.1483220e+00 3.57e-06 3.39e-01  -4.1 4.90e-03    -  1.00e+00 1.00e+00h  1
 466  7.1483070e+00 1.00e-06 1.57e+00  -4.1 4.79e-03    -  1.00e+00 1.00e+00h  1
 467  7.1483139e+00 7.32e-09 4.81e-01  -4.1 3.81e-03    -  1.00e+00 1.00e+00H  1
 468  7.1489821e+00 4.21e-06 8.14e-01  -4.0 5.08e-03    -  1.00e+00 1.00e+00h  1
 469  7.1483248e+00 4.76e-06 1.78e+00  -4.1 5.86e-03    -  1.00e+00 1.00e+00h  1
iter    objective    inf_pr   inf_du lg(mu)  ||d||  lg(rg) alpha_du alpha_pr  ls
 470  7.1483031e+00 9.23e-07 1.42e+00  -4.1 2.31e-03    -  1.00e+00 1.00e+00h  1
 471  7.1483180e+00 4.31e-07 3.94e-01  -4.1 6.45e-04    -  1.00e+00 1.00e+00h  1
 472  7.1483208e+00 2.41e-07 1.48e-01  -4.1 5.41e-04    -  1.00e+00 1.00e+00h  1
 473  7.1483132e+00 4.58e-08 6.80e-02  -4.1 1.66e-04    -  1.00e+00 1.00e+00h  1
 474  7.1489817e+00 4.16e-06 4.45e-01  -4.0 5.17e-03    -  1.00e+00 1.00e+00h  1
 475  7.1483261e+00 3.14e-06 1.38e+00  -4.1 5.20e-03    -  1.00e+00 1.00e+00h  1
 476  7.1483075e+00 2.41e-06 1.76e+00  -4.1 3.34e-03    -  1.00e+00 1.00e+00h  1
 477  7.1483110e+00 1.21e-06 2.40e-01  -4.1 2.49e-03    -  1.00e+00 1.00e+00h  1
 478  7.1483126e+00 3.89e-07 1.09e-01  -4.1 2.89e-04    -  1.00e+00 1.00e+00h  1
 479  7.1483144e+00 6.64e-08 9.07e-02  -4.1 2.06e-04    -  1.00e+00 1.00e+00h  1
iter    objective    inf_pr   inf_du lg(mu)  ||d||  lg(rg) alpha_du alpha_pr  ls
 480  7.1483140e+00 1.45e-07 1.73e-01  -4.1 2.76e-04    -  1.00e+00 1.00e+00h  1
 481  7.1483144e+00 2.44e-08 6.30e-02  -4.1 1.63e-04    -  1.00e+00 1.00e+00h  1
 482  7.1483143e+00 6.37e-09 9.29e-03  -4.1 3.14e-05    -  1.00e+00 1.00e+00h  1
 483  7.1488738e+00 2.79e-06 2.10e+00  -4.0 3.03e-03    -  1.00e+00 1.00e+00h  1
 484  7.1483840e+00 2.21e-06 3.68e-01  -4.1 2.94e-03    -  1.00e+00 1.00e+00h  1
 485  7.1483149e+00 7.06e-07 6.66e-01  -4.1 1.42e-03    -  1.00e+00 1.00e+00h  1
 486  7.1483200e+00 4.31e-07 1.66e-01  -4.1 9.60e-04    -  1.00e+00 1.00e+00h  1
 487  7.1483124e+00 5.28e-08 4.27e-02  -4.1 8.20e-05    -  1.00e+00 1.00e+00h  1
 488  7.1489688e+00 4.39e-06 1.89e+00  -4.0 3.98e-03    -  1.00e+00 1.00e+00h  1
 489  7.1483290e+00 4.27e-06 3.16e-01  -4.1 3.80e-03    -  1.00e+00 1.00e+00h  1
iter    objective    inf_pr   inf_du lg(mu)  ||d||  lg(rg) alpha_du alpha_pr  ls
 490  7.1482954e+00 5.66e-06 3.46e+00  -4.1 6.79e-03    -  1.00e+00 1.00e+00h  1
 491  7.1482902e+00 5.42e-06 8.96e-02  -4.1 6.58e-03    -  1.00e+00 1.00e+00h  1
 492  7.1483090e+00 1.28e-07 3.62e-02  -4.1 1.79e-04    -  1.00e+00 1.00e+00h  1
 493  7.1489874e+00 3.58e-06 1.29e+00  -4.0 4.44e-03    -  1.00e+00 1.00e+00h  1
 494  7.1483267e+00 4.04e-06 5.93e-01  -4.1 4.78e-03    -  1.00e+00 1.00e+00h  1
 495  7.1483028e+00 6.96e-06 2.43e+00  -4.1 5.73e-03    -  1.00e+00 1.00e+00h  1
 496  7.1482696e+00 6.76e-06 2.10e-01  -4.1 5.03e-03    -  1.00e+00 1.00e+00h  1
 497  7.1489774e+00 3.65e-06 7.03e-01  -4.0 4.58e-03    -  1.00e+00 1.00e+00h  1
 498  7.1483261e+00 5.60e-06 1.43e+00  -4.1 5.62e-03    -  1.00e+00 1.00e+00h  1
 499  7.1483008e+00 1.01e-06 1.19e+00  -4.1 2.82e-03    -  1.00e+00 1.00e+00h  1
iter    objective    inf_pr   inf_du lg(mu)  ||d||  lg(rg) alpha_du alpha_pr  ls
 500  7.1483176e+00 1.37e-09 4.24e-01  -4.1 9.14e-04    -  1.00e+00 1.00e+00H  1
 501  7.1483164e+00 8.24e-10 2.08e-01  -4.1 3.72e-04    -  1.00e+00 1.00e+00H  1
 502  7.1483160e+00 2.67e-07 7.80e-02  -4.1 2.22e-04    -  1.00e+00 1.00e+00h  1
 503  7.1483129e+00 2.60e-08 3.12e-01  -4.1 6.26e-04    -  1.00e+00 1.00e+00H  1
 504  7.1483128e+00 1.22e-07 3.79e-01  -4.1 4.34e-04    -  1.00e+00 1.00e+00h  1
 505  7.1483129e+00 2.45e-09 3.58e-02  -4.1 4.22e-04    -  1.00e+00 1.00e+00H  1
 506  7.1489020e+00 2.53e-06 2.26e+00  -4.0 3.62e-03    -  1.00e+00 1.00e+00h  1
 507  7.1483632e+00 2.08e-06 1.74e-01  -4.1 3.57e-03    -  1.00e+00 1.00e+00h  1
 508  7.1483102e+00 5.12e-07 7.01e-01  -4.1 1.75e-03    -  1.00e+00 1.00e+00h  1
 509  7.1483235e+00 5.75e-07 6.30e-02  -4.1 1.46e-03    -  1.00e+00 1.00e+00h  1
iter    objective    inf_pr   inf_du lg(mu)  ||d||  lg(rg) alpha_du alpha_pr  ls
 510  7.1483119e+00 7.05e-08 4.26e-02  -4.1 1.11e-04    -  1.00e+00 1.00e+00h  1
 511  7.1489794e+00 2.99e-06 2.41e+00  -4.0 5.22e-03    -  1.00e+00 1.00e+00h  1
 512  7.1483231e+00 2.76e-06 3.89e-01  -4.1 4.80e-03    -  1.00e+00 1.00e+00h  1
 513  7.1482976e+00 3.00e-06 2.19e+00  -4.1 4.96e-03    -  1.00e+00 1.00e+00h  1
 514  7.1483056e+00 2.89e-06 6.26e-01  -4.1 4.40e-03    -  1.00e+00 1.00e+00h  1
 515  7.1483178e+00 4.84e-07 2.13e-01  -4.1 4.53e-04    -  1.00e+00 1.00e+00h  1
 516  7.1483120e+00 1.50e-07 3.44e-02  -4.1 1.75e-04    -  1.00e+00 1.00e+00h  1
 517  7.1483130e+00 1.68e-08 9.60e-03  -4.1 3.23e-05    -  1.00e+00 1.00e+00h  1
 518  7.1483128e+00 1.35e-09 6.17e-02  -4.1 1.36e-04    -  1.00e+00 1.00e+00H  1
 519  7.1483128e+00 2.26e-10 1.02e-01  -4.1 1.37e-04    -  1.00e+00 1.00e+00H  1
iter    objective    inf_pr   inf_du lg(mu)  ||d||  lg(rg) alpha_du alpha_pr  ls
 520  7.1483127e+00 7.03e-08 1.96e-02  -4.1 1.28e-04    -  1.00e+00 1.00e+00h  1
 521  7.1483127e+00 1.99e-08 9.30e-03  -4.1 2.82e-05    -  1.00e+00 1.00e+00h  1
 522  7.1487769e+00 1.02e-06 1.69e+00  -4.0 2.83e-03    -  1.00e+00 1.00e+00h  1
 523  7.1484167e+00 6.67e-07 3.28e-01  -4.1 2.82e-03    -  1.00e+00 1.00e+00h  1
 524  7.1483186e+00 1.99e-08 5.37e-01  -4.1 1.27e-03    -  1.00e+00 1.00e+00H  1
 525  7.1483183e+00 3.24e-08 1.69e-01  -4.1 7.14e-04    -  1.00e+00 1.00e+00H  1
 526  7.1483124e+00 1.80e-07 6.06e-02  -4.1 1.96e-04    -  1.00e+00 1.00e+00h  1
 527  7.1483101e+00 6.93e-08 6.02e-02  -4.1 9.46e-05    -  1.00e+00 1.00e+00h  1
 528  7.1489457e+00 2.93e-06 1.72e+00  -4.0 4.62e-03    -  1.00e+00 1.00e+00h  1
 529  7.1483479e+00 2.74e-06 3.87e-01  -4.1 3.83e-03    -  1.00e+00 1.00e+00h  1
iter    objective    inf_pr   inf_du lg(mu)  ||d||  lg(rg) alpha_du alpha_pr  ls
 530  7.1482971e+00 5.10e-06 3.19e+00  -4.1 9.96e-03    -  1.00e+00 1.00e+00h  1
 531  7.1482612e+00 2.90e-06 5.03e-01  -4.1 9.43e-03    -  1.00e+00 1.00e+00h  1
 532  7.1489749e+00 3.53e-06 1.16e+00  -4.0 5.39e-03    -  1.00e+00 1.00e+00h  1
 533  7.1483257e+00 4.88e-06 1.87e+00  -4.1 5.77e-03    -  1.00e+00 1.00e+00h  1
 534  7.1482981e+00 1.31e-06 4.90e-01  -4.1 3.47e-03    -  1.00e+00 1.00e+00h  1
 535  7.1483116e+00 6.37e-08 5.89e-02  -4.1 1.62e-04    -  1.00e+00 1.00e+00h  1
 536  7.1483151e+00 8.19e-09 1.59e-01  -4.1 2.64e-04    -  1.00e+00 1.00e+00H  1
 537  7.1483136e+00 2.94e-09 7.34e-02  -4.1 1.91e-04    -  1.00e+00 1.00e+00H  1
 538  7.1483132e+00 1.63e-08 4.15e-02  -4.1 9.72e-05    -  1.00e+00 1.00e+00h  1
 539  7.1483135e+00 1.94e-10 1.81e-02  -4.1 4.58e-05    -  1.00e+00 1.00e+00H  1
iter    objective    inf_pr   inf_du lg(mu)  ||d||  lg(rg) alpha_du alpha_pr  ls
 540  7.1483136e+00 1.29e-09 2.17e-02  -4.1 4.28e-05    -  1.00e+00 1.00e+00H  1
 541  7.1483130e+00 1.87e-09 4.63e-02  -4.1 1.16e-04    -  1.00e+00 1.00e+00H  1
 542  7.1483131e+00 7.05e-11 8.72e-02  -4.1 1.32e-04    -  1.00e+00 1.00e+00H  1
 543  7.1483128e+00 6.72e-08 1.07e-01  -4.1 1.06e-04    -  1.00e+00 1.00e+00h  1
 544  7.1483129e+00 1.23e-09 1.27e-02  -4.1 1.12e-04    -  1.00e+00 1.00e+00H  1
 545  7.1483123e+00 2.18e-08 2.45e-02  -4.1 8.51e-05    -  1.00e+00 1.00e+00h  1
 546  7.1487521e+00 4.80e-06 1.80e+00  -4.0 4.21e-03    -  1.00e+00 1.00e+00h  1
 547  7.1483379e+00 5.68e-07 1.75e-01  -4.1 4.10e-03    -  1.00e+00 1.00e+00H  1
 548  7.1483122e+00 3.25e-06 8.23e-01  -4.1 2.14e-03    -  1.00e+00 1.00e+00h  1
 549  7.1483095e+00 2.55e-06 7.15e-02  -4.1 1.66e-03    -  1.00e+00 1.00e+00h  1
iter    objective    inf_pr   inf_du lg(mu)  ||d||  lg(rg) alpha_du alpha_pr  ls
 550  7.1483131e+00 6.61e-08 6.00e-02  -4.1 1.24e-04    -  1.00e+00 1.00e+00h  1
 551  7.1483133e+00 4.58e-08 2.43e-02  -4.1 5.04e-05    -  1.00e+00 1.00e+00h  1
 552  7.1483133e+00 1.70e-08 8.36e-03  -4.1 3.45e-05    -  1.00e+00 1.00e+00h  1
 553  7.1483136e+00 9.33e-10 2.26e-02  -4.1 4.66e-05    -  1.00e+00 1.00e+00H  1
 554  7.1483136e+00 2.16e-10 6.11e-03  -4.1 2.31e-05    -  1.00e+00 1.00e+00H  1
 555  7.1488060e+00 2.09e-06 1.24e+00  -4.0 2.98e-03    -  1.00e+00 1.00e+00f  1
 556  7.1484126e+00 1.77e-06 2.79e-01  -4.1 2.83e-03    -  1.00e+00 1.00e+00h  1
 557  7.1483210e+00 1.71e-06 3.90e-01  -4.1 1.20e-03    -  1.00e+00 1.00e+00h  1
 558  7.1483151e+00 9.45e-07 2.15e-01  -4.1 6.49e-04    -  1.00e+00 1.00e+00h  1
 559  7.1483150e+00 6.88e-08 8.53e-02  -4.1 2.21e-04    -  1.00e+00 1.00e+00h  1
iter    objective    inf_pr   inf_du lg(mu)  ||d||  lg(rg) alpha_du alpha_pr  ls
 560  7.1483127e+00 3.44e-08 3.74e-02  -4.1 9.28e-05    -  1.00e+00 1.00e+00h  1
 561  7.1483107e+00 7.95e-08 2.70e-02  -4.1 8.83e-05    -  1.00e+00 1.00e+00h  1
 562  7.1483134e+00 1.48e-08 1.02e-01  -4.1 2.37e-04    -  1.00e+00 1.00e+00H  1
 563  7.1483135e+00 2.01e-09 4.20e-02  -4.1 1.76e-04    -  1.00e+00 1.00e+00H  1
 564  7.1483132e+00 5.57e-08 1.10e-02  -4.1 3.66e-05    -  1.00e+00 1.00e+00h  1
 565  7.1483132e+00 7.69e-09 7.85e-03  -4.1 1.37e-05    -  1.00e+00 1.00e+00h  1
 566  7.1483134e+00 5.46e-10 1.52e-02  -4.1 4.21e-05    -  1.00e+00 1.00e+00H  1
 567  7.1483134e+00 4.92e-11 1.63e-02  -4.1 2.66e-05    -  1.00e+00 1.00e+00H  1
 568  7.1483134e+00 2.95e-11 5.38e-03  -4.1 2.29e-05    -  1.00e+00 1.00e+00H  1
 569  7.1488055e+00 2.61e-06 1.44e+00  -4.0 3.13e-03    -  1.00e+00 1.00e+00f  1
iter    objective    inf_pr   inf_du lg(mu)  ||d||  lg(rg) alpha_du alpha_pr  ls
 570  7.1484066e+00 2.06e-06 2.68e-01  -4.1 3.11e-03    -  1.00e+00 1.00e+00h  1
 571  7.1483190e+00 5.32e-07 6.19e-01  -4.1 1.80e-03    -  1.00e+00 1.00e+00h  1
 572  7.1483201e+00 1.61e-07 1.78e-01  -4.1 1.11e-03    -  1.00e+00 1.00e+00h  1
 573  7.1483149e+00 7.42e-08 9.67e-02  -4.1 1.81e-04    -  1.00e+00 1.00e+00h  1
 574  7.1483088e+00 5.86e-08 4.52e-02  -4.1 8.61e-05    -  1.00e+00 1.00e+00h  1
 575  7.1489761e+00 4.04e-06 2.26e+00  -4.0 5.97e-03    -  1.00e+00 1.00e+00h  1
 576  7.1483241e+00 4.30e-06 1.65e-01  -4.1 5.73e-03    -  1.00e+00 1.00e+00h  1
 577  7.1483091e+00 3.75e-06 1.18e+00  -4.1 3.17e-03    -  1.00e+00 1.00e+00h  1
 578  7.1483008e+00 3.42e-06 6.94e-02  -4.1 2.88e-03    -  1.00e+00 1.00e+00h  1
 579  7.1483115e+00 9.09e-08 5.04e-02  -4.1 8.51e-05    -  1.00e+00 1.00e+00h  1
iter    objective    inf_pr   inf_du lg(mu)  ||d||  lg(rg) alpha_du alpha_pr  ls
 580  7.1483127e+00 1.12e-08 8.69e-02  -4.1 1.44e-04    -  1.00e+00 1.00e+00H  1
 581  7.1483128e+00 8.78e-08 2.87e-02  -4.1 8.07e-05    -  1.00e+00 1.00e+00h  1
 582  7.1483132e+00 1.10e-08 7.30e-03  -4.1 1.56e-05    -  1.00e+00 1.00e+00h  1
 583  7.1483130e+00 1.82e-09 1.10e-02  -4.1 2.14e-05    -  1.00e+00 1.00e+00H  1
 584  7.1483129e+00 4.38e-10 1.39e-02  -4.1 4.57e-05    -  1.00e+00 1.00e+00H  1
 585  7.1483128e+00 6.56e-09 5.48e-03  -4.1 1.65e-05    -  1.00e+00 1.00e+00h  1
 586  7.1488542e+00 3.04e-06 1.59e+00  -4.0 3.16e-03    -  1.00e+00 1.00e+00h  1
 587  7.1483874e+00 2.80e-06 2.23e-01  -4.1 2.94e-03    -  1.00e+00 1.00e+00h  1
 588  7.1483156e+00 8.22e-07 4.08e-01  -4.1 8.75e-04    -  1.00e+00 1.00e+00h  1
 589  7.1483194e+00 4.21e-07 1.27e-01  -4.1 6.81e-04    -  1.00e+00 1.00e+00h  1
iter    objective    inf_pr   inf_du lg(mu)  ||d||  lg(rg) alpha_du alpha_pr  ls
 590  7.1483149e+00 9.29e-08 6.24e-02  -4.1 1.56e-04    -  1.00e+00 1.00e+00h  1
 591  7.1483095e+00 6.26e-08 2.99e-02  -4.1 5.71e-05    -  1.00e+00 1.00e+00h  1
 592  7.1489847e+00 3.38e-06 2.23e+00  -4.0 5.19e-03    -  1.00e+00 1.00e+00h  1
 593  7.1483185e+00 3.25e-06 1.57e-01  -4.1 5.07e-03    -  1.00e+00 1.00e+00h  1
 594  7.1483107e+00 1.52e-06 6.09e-01  -4.1 1.87e-03    -  1.00e+00 1.00e+00h  1
 595  7.1483072e+00 1.28e-06 4.94e-02  -4.1 1.55e-03    -  1.00e+00 1.00e+00h  1
 596  7.1483131e+00 5.28e-08 2.23e-02  -4.1 5.10e-05    -  1.00e+00 1.00e+00h  1
 597  7.1483128e+00 9.38e-09 1.40e-02  -4.1 3.77e-05    -  1.00e+00 1.00e+00h  1
 598  7.1483127e+00 8.19e-09 3.47e-03  -4.1 1.75e-05    -  1.00e+00 1.00e+00h  1
 599  7.1489638e+00 2.94e-06 7.00e-01  -4.0 4.41e-03    -  1.00e+00 1.00e+00h  1
iter    objective    inf_pr   inf_du lg(mu)  ||d||  lg(rg) alpha_du alpha_pr  ls
 600  7.1483294e+00 2.95e-06 5.58e-02  -4.1 4.29e-03    -  1.00e+00 1.00e+00h  1
 601  7.1483125e+00 6.63e-07 1.51e-01  -4.1 3.53e-04    -  1.00e+00 1.00e+00h  1
 602  7.1483125e+00 5.06e-07 3.24e-02  -4.1 2.72e-04    -  1.00e+00 1.00e+00h  1
 603  7.1483131e+00 7.15e-08 2.14e-02  -4.1 3.36e-05    -  1.00e+00 1.00e+00h  1
 604  7.1483127e+00 4.34e-09 4.80e-03  -4.1 1.33e-05    -  1.00e+00 1.00e+00h  1
 605  7.1489739e+00 2.89e-06 5.48e-01  -4.0 4.69e-03    -  1.00e+00 1.00e+00h  1
 606  7.1483287e+00 2.88e-06 6.50e-02  -4.1 4.49e-03    -  1.00e+00 1.00e+00h  1
 607  7.1483042e+00 1.63e-06 3.24e+00  -4.1 6.12e-03    -  1.00e+00 1.00e+00h  1
 608  7.1482904e+00 1.48e-06 7.60e-02  -4.1 5.99e-03    -  1.00e+00 1.00e+00h  1
 609  7.1483014e+00 4.71e-08 3.54e-02  -4.1 9.44e-05    -  1.00e+00 1.00e+00h  1
iter    objective    inf_pr   inf_du lg(mu)  ||d||  lg(rg) alpha_du alpha_pr  ls
 610  7.1489794e+00 3.13e-06 6.62e-01  -4.0 5.03e-03    -  1.00e+00 1.00e+00h  1
 611  7.1483296e+00 3.00e-06 2.11e-01  -4.1 5.01e-03    -  1.00e+00 1.00e+00h  1
 612  7.1483041e+00 3.64e-06 2.93e+00  -4.1 5.94e-03    -  1.00e+00 1.00e+00h  1
 613  7.1483023e+00 2.50e-06 9.48e-02  -4.1 5.54e-03    -  1.00e+00 1.00e+00h  1
 614  7.1483091e+00 4.83e-08 4.79e-02  -4.1 1.17e-04    -  1.00e+00 1.00e+00h  1
 615  7.1483126e+00 6.72e-08 2.37e-02  -4.1 6.93e-05    -  1.00e+00 1.00e+00h  1
 616  7.1483132e+00 3.94e-08 2.41e-02  -4.1 4.82e-05    -  1.00e+00 1.00e+00h  1
 617  7.1483134e+00 1.22e-08 1.41e-02  -4.1 2.30e-05    -  1.00e+00 1.00e+00h  1
 618  7.1483134e+00 7.90e-10 1.35e-02  -4.1 4.27e-05    -  1.00e+00 1.00e+00H  1
 619  7.1483131e+00 5.75e-10 3.92e-02  -4.1 1.03e-04    -  1.00e+00 1.00e+00H  1
iter    objective    inf_pr   inf_du lg(mu)  ||d||  lg(rg) alpha_du alpha_pr  ls
 620  7.1483129e+00 1.12e-10 1.45e-01  -4.1 2.31e-04    -  1.00e+00 1.00e+00H  1
 621  7.1483130e+00 5.18e-11 3.10e-02  -4.1 1.88e-04    -  1.00e+00 1.00e+00H  1
 622  7.1483129e+00 7.39e-10 5.73e-02  -4.1 1.01e-04    -  1.00e+00 1.00e+00H  1
 623  7.1483126e+00 3.93e-08 5.62e-03  -4.1 7.82e-05    -  1.00e+00 1.00e+00h  1
 624  7.1483125e+00 1.14e-08 1.69e-02  -4.1 2.67e-05    -  1.00e+00 1.00e+00h  1
 625  7.1487401e+00 6.12e-07 1.67e+00  -4.0 3.81e-03    -  1.00e+00 1.00e+00h  1
 626  7.1484410e+00 7.13e-07 6.16e-01  -4.1 3.01e-03    -  1.00e+00 1.00e+00h  1
 627  7.1483159e+00 5.06e-07 1.18e+00  -4.1 2.68e-03    -  1.00e+00 1.00e+00h  1
 628  7.1483170e+00 3.12e-07 3.64e-01  -4.1 1.25e-03    -  1.00e+00 1.00e+00h  1
 629  7.1483167e+00 5.35e-09 4.68e-01  -4.1 8.91e-04    -  1.00e+00 1.00e+00H  1
iter    objective    inf_pr   inf_du lg(mu)  ||d||  lg(rg) alpha_du alpha_pr  ls
 630  7.1483093e+00 1.79e-07 6.95e-02  -4.1 5.88e-04    -  1.00e+00 1.00e+00h  1
 631  7.1483131e+00 5.15e-09 5.07e-02  -4.1 1.61e-04    -  1.00e+00 1.00e+00H  1
 632  7.1483132e+00 5.89e-11 1.30e-02  -4.1 1.06e-04    -  1.00e+00 1.00e+00H  1
 633  7.1488548e+00 1.44e-06 1.08e+00  -4.0 3.68e-03    -  1.00e+00 1.00e+00f  1
 634  7.1483710e+00 1.23e-06 2.60e-01  -4.1 3.31e-03    -  1.00e+00 1.00e+00h  1
 635  7.1483141e+00 4.39e-07 7.40e-01  -4.1 1.50e-03    -  1.00e+00 1.00e+00h  1
 636  7.1483141e+00 2.43e-07 1.94e-01  -4.1 1.24e-03    -  1.00e+00 1.00e+00h  1
 637  7.1483141e+00 1.48e-08 2.52e-02  -4.1 8.81e-05    -  1.00e+00 1.00e+00h  1
 638  7.1483121e+00 2.27e-08 2.14e-02  -4.1 6.22e-05    -  1.00e+00 1.00e+00h  1
 639  7.1483133e+00 4.68e-09 4.68e-02  -4.1 1.18e-04    -  1.00e+00 1.00e+00H  1
iter    objective    inf_pr   inf_du lg(mu)  ||d||  lg(rg) alpha_du alpha_pr  ls
 640  7.1483136e+00 2.16e-09 3.13e-02  -4.1 7.63e-05    -  1.00e+00 1.00e+00H  1
 641  7.1483135e+00 1.08e-10 6.57e-03  -4.1 4.79e-05    -  1.00e+00 1.00e+00H  1
 642  7.1483134e+00 8.80e-11 3.43e-03  -4.1 7.12e-06    -  1.00e+00 1.00e+00H  1
 643  7.1483134e+00 1.47e-10 3.03e-03  -4.1 5.72e-06    -  1.00e+00 1.00e+00H  1
 644  7.1483135e+00 5.16e-12 2.36e-02  -4.1 7.14e-05    -  1.00e+00 1.00e+00H  1
 645  7.1483134e+00 6.15e-11 1.56e-02  -4.1 4.00e-05    -  1.00e+00 1.00e+00H  1
 646  7.1483134e+00 7.34e-11 3.33e-03  -4.1 1.20e-05    -  1.00e+00 1.00e+00H  1
 647  7.1483134e+00 3.64e-11 1.15e-03  -4.1 3.88e-06    -  1.00e+00 1.00e+00H  1
 648  7.1483134e+00 3.38e-11 2.05e-03  -4.1 6.19e-06    -  1.00e+00 1.00e+00H  1
 649  7.1483135e+00 1.66e-11 2.68e-02  -4.1 7.85e-05    -  1.00e+00 1.00e+00H  1
iter    objective    inf_pr   inf_du lg(mu)  ||d||  lg(rg) alpha_du alpha_pr  ls
 650  7.1483134e+00 1.23e-11 2.97e-02  -4.1 3.03e-05    -  1.00e+00 1.00e+00H  1
 651  7.1483134e+00 6.15e-11 2.96e-02  -4.1 7.39e-05    -  1.00e+00 1.95e-03h 10
 652  7.1483134e+00 1.54e-11 1.32e-02  -4.1 5.24e-05    -  1.00e+00 1.00e+00H  1
 653  7.1483134e+00 1.18e-11 1.73e-02  -4.1 4.02e-05    -  1.00e+00 1.00e+00H  1
 654  7.1483134e+00 5.76e-12 3.07e-02  -4.1 3.55e-05    -  1.00e+00 3.05e-05h 16
 655  7.1483134e+00 5.97e-12 7.13e-02  -4.1 3.19e-03    -  1.00e+00 5.96e-08h 25
 656  7.1483134e+00 6.23e-12 7.12e-02  -4.1 3.19e-03    -  1.00e+00 2.98e-08h 26
 657r 7.1483134e+00 6.23e-12 6.85e+02  -4.1 0.00e+00    -  0.00e+00 4.77e-07R 22
 658r 7.1494624e+00 3.39e-06 8.67e-01  -4.0 5.05e-03    -  1.00e+00 1.00e+00f  1
 659r 7.1539360e+00 3.43e-05 3.85e+01  -4.1 2.10e-02    -  8.72e-01 1.00e+00h  1
iter    objective    inf_pr   inf_du lg(mu)  ||d||  lg(rg) alpha_du alpha_pr  ls
 660r 7.1894132e+00 1.25e-03 3.97e+01  -4.0 1.91e-01    -  3.72e-01 1.00e+00h  1
 661r 7.1972385e+00 1.67e-04 1.23e+00  -4.1 8.30e-02    -  1.00e+00 1.00e+00h  1
 662r 7.2050553e+00 1.18e-04 1.90e+00  -4.0 6.70e-02    -  1.00e+00 1.00e+00h  1
 663r 7.1978391e+00 2.32e-05 9.43e-01  -4.1 3.63e-02    -  1.00e+00 1.00e+00h  1
 664r 7.2002331e+00 8.61e-06 6.04e-01  -4.1 1.38e-02    -  1.00e+00 1.00e+00h  1
 665r 7.2009419e+00 7.71e-06 3.01e-01  -4.1 1.63e-02    -  1.00e+00 1.00e+00h  1
 666r 7.2014432e+00 3.39e-06 2.82e-01  -4.1 9.20e-03    -  1.00e+00 1.00e+00h  1
 667r 7.2015219e+00 6.31e-08 1.02e-01  -4.1 4.47e-03    -  1.00e+00 1.00e+00H  1
 668r 7.2014070e+00 6.22e-07 6.73e-02  -4.1 4.49e-03    -  1.00e+00 1.00e+00h  1
 669r 7.2013259e+00 1.81e-06 6.61e-02  -4.1 4.12e-03    -  1.00e+00 1.00e+00h  1
iter    objective    inf_pr   inf_du lg(mu)  ||d||  lg(rg) alpha_du alpha_pr  ls
 670r 7.2013547e+00 2.73e-06 8.64e-02  -4.1 5.68e-03    -  1.00e+00 1.00e+00h  1
 671r 7.2012542e+00 2.92e-06 4.49e-02  -4.1 2.20e-03    -  1.00e+00 1.00e+00h  1
 672r 7.2012317e+00 1.77e-06 1.83e-02  -4.1 1.43e-03    -  1.00e+00 1.00e+00h  1
 673r 7.2012364e+00 5.99e-07 1.34e-02  -4.1 4.19e-04    -  1.00e+00 1.00e+00h  1
 674r 7.2012121e+00 1.63e-06 9.23e-03  -4.1 4.11e-04    -  1.00e+00 1.00e+00h  1
 675r 7.2011975e+00 3.21e-07 1.14e-02  -4.1 4.11e-04    -  1.00e+00 1.00e+00h  1
 676r 7.2012004e+00 3.02e-07 7.99e-03  -4.1 2.34e-04    -  1.00e+00 1.00e+00h  1
 677r 7.2011996e+00 1.29e-07 1.95e-03  -4.1 1.12e-04    -  1.00e+00 1.00e+00h  1
 678r 7.1950002e+00 4.55e-05 1.21e+00  -6.1 4.50e-02    -  9.38e-01 9.70e-01f  1
 679r 7.3652384e+00 1.24e-02 1.65e+01  -4.0 8.04e-01    -  1.00e+00 1.00e+00f  1
iter    objective    inf_pr   inf_du lg(mu)  ||d||  lg(rg) alpha_du alpha_pr  ls
 680r 7.2793403e+00 9.04e-03 8.34e+00  -4.1 6.09e-01    -  8.69e-01 1.00e+00h  1
 681r 7.2602009e+00 4.10e-03 3.92e+00  -4.1 2.88e-01    -  6.65e-01 1.00e+00h  1
 682r 7.2270612e+00 1.11e-03 1.66e+00  -4.1 2.12e-01    -  1.00e+00 1.00e+00h  1
 683r 7.2031164e+00 7.51e-04 2.40e+00  -4.1 2.38e-01    -  1.00e+00 1.00e+00h  1
 684r 7.1948275e+00 4.89e-04 1.52e+00  -4.1 1.44e-01    -  1.00e+00 1.00e+00h  1
 685r 7.2000824e+00 1.07e-04 1.52e+00  -4.1 8.50e-02    -  1.00e+00 1.00e+00h  1
 686r 7.1993852e+00 2.77e-05 9.27e-01  -4.1 3.49e-02    -  1.00e+00 1.00e+00h  1
 687r 7.2002212e+00 1.17e-05 6.54e-01  -4.1 1.70e-02    -  1.00e+00 1.00e+00h  1
 688r 7.2011346e+00 3.62e-06 4.56e-01  -4.1 1.08e-02    -  1.00e+00 1.00e+00h  1
 689r 7.2013318e+00 3.27e-06 1.89e-01  -4.1 1.21e-02    -  1.00e+00 1.00e+00h  1
iter    objective    inf_pr   inf_du lg(mu)  ||d||  lg(rg) alpha_du alpha_pr  ls
 690r 7.2012608e+00 1.37e-06 9.40e-02  -4.1 4.12e-03    -  1.00e+00 1.00e+00h  1
 691r 7.2014327e+00 2.94e-06 5.84e-02  -4.1 3.76e-03    -  1.00e+00 1.00e+00h  1
 692r 7.2014523e+00 6.06e-07 4.79e-02  -4.1 1.61e-03    -  1.00e+00 1.00e+00h  1
 693r 7.2013831e+00 3.45e-09 1.57e-02  -4.1 1.24e-03    -  1.00e+00 1.00e+00H  1
 694r 7.2013896e+00 4.35e-07 4.83e-03  -4.1 2.03e-04    -  1.00e+00 1.00e+00h  1
 695r 7.2013821e+00 3.45e-09 4.70e-03  -4.1 3.06e-04    -  1.00e+00 1.00e+00H  1
 696r 7.2013681e+00 1.96e-07 7.84e-03  -4.1 2.92e-04    -  1.00e+00 1.00e+00h  1
 697r 7.2013654e+00 5.26e-08 4.99e-03  -4.1 1.12e-04    -  1.00e+00 1.00e+00h  1
 698r 7.2013647e+00 4.14e-09 1.29e-03  -4.1 5.28e-05    -  1.00e+00 1.00e+00h  1
 699r 7.1919622e+00 5.07e-05 7.90e-01  -6.1 6.04e-02    -  9.73e-01 9.72e-01f  1
iter    objective    inf_pr   inf_du lg(mu)  ||d||  lg(rg) alpha_du alpha_pr  ls
 700r 7.3454114e+00 1.10e-02 1.24e+01  -4.0 8.12e-01    -  1.00e+00 8.59e-01f  1
 701r 7.2798245e+00 3.57e-03 7.08e+00  -4.1 5.17e-01    -  1.00e+00 9.30e-01h  1
 702r 7.2570290e+00 9.32e-04 1.56e+00  -4.1 1.70e-01    -  8.89e-01 1.00e+00h  1
 703r 7.2139914e+00 1.69e-03 1.56e+00  -4.1 2.38e-01    -  1.00e+00 8.64e-01h  1
 704r 7.1852042e+00 1.07e-03 3.04e+00  -4.1 1.99e-01    -  1.00e+00 1.00e+00f  1
 705r 7.1927367e+00 3.77e-04 1.48e+00  -4.1 1.06e-01    -  1.00e+00 1.00e+00h  1
 706r 7.2041598e+00 1.64e-04 2.09e+00  -4.1 8.50e-02    -  1.00e+00 1.00e+00h  1
 707r 7.2021800e+00 3.21e-05 6.04e-01  -4.1 2.44e-02    -  1.00e+00 1.00e+00h  1
 708r 7.2060918e+00 1.33e-05 8.30e-01  -4.0 2.20e-02    -  1.00e+00 1.00e+00h  1
 709r 7.1986552e+00 5.19e-05 1.13e+00  -4.1 4.00e-02    -  1.00e+00 1.00e+00h  1
iter    objective    inf_pr   inf_du lg(mu)  ||d||  lg(rg) alpha_du alpha_pr  ls
 710r 7.1999568e+00 1.66e-05 5.56e-01  -4.1 1.77e-02    -  1.00e+00 1.00e+00h  1
 711r 7.2008988e+00 6.82e-06 2.52e-01  -4.1 8.40e-03    -  1.00e+00 1.00e+00h  1
 712r 7.2012767e+00 1.43e-06 1.22e-01  -4.1 4.32e-03    -  1.00e+00 1.00e+00h  1
 713r 7.2013536e+00 3.15e-07 5.79e-02  -4.1 1.87e-03    -  1.00e+00 1.00e+00h  1
 714r 7.2013331e+00 7.04e-07 3.22e-02  -4.1 1.39e-03    -  1.00e+00 1.00e+00h  1
 715r 7.2013927e+00 2.26e-06 6.39e-02  -4.1 2.89e-03    -  1.00e+00 1.00e+00h  1
 716r 7.2013737e+00 1.86e-08 4.57e-02  -4.1 2.10e-03    -  1.00e+00 1.00e+00H  1
 717r 7.2012257e+00 6.23e-09 2.27e-02  -4.1 1.17e-03    -  1.00e+00 1.00e+00H  1
 718r 7.2012407e+00 3.37e-09 6.79e-03  -4.1 5.60e-04    -  1.00e+00 1.00e+00H  1
 719r 7.2012279e+00 3.37e-09 1.11e-02  -4.1 4.47e-04    -  1.00e+00 1.00e+00H  1
iter    objective    inf_pr   inf_du lg(mu)  ||d||  lg(rg) alpha_du alpha_pr  ls
 720r 7.2012270e+00 3.37e-09 1.08e-02  -4.1 5.94e-04    -  1.00e+00 1.00e+00H  1
 721r 7.2012270e+00 3.37e-09 1.08e-02  -4.1 2.65e-04    -  1.00e+00 6.10e-05h 15
 722r 7.2012088e+00 3.37e-09 3.37e-03  -4.1 3.33e-04    -  1.00e+00 1.00e+00H  1
 723r 7.1884992e+00 7.91e-05 1.08e+00  -6.1 5.52e-02    -  9.42e-01 9.73e-01f  1
 724r 7.3444225e+00 1.33e-02 1.06e+01  -4.0 7.71e-01    -  1.00e+00 1.00e+00f  1
 725r 7.2641119e+00 3.15e-03 2.29e+00  -4.1 3.82e-01    -  1.00e+00 1.00e+00h  1
 726r 7.2308670e+00 1.15e-03 9.96e-01  -4.1 2.25e-01    -  1.00e+00 1.00e+00h  1
 727r 7.1805092e+00 1.28e-03 2.80e+00  -4.1 2.99e-01    -  1.00e+00 1.00e+00h  1
 728r 7.1907409e+00 3.63e-04 8.71e-01  -4.1 1.26e-01    -  1.00e+00 1.00e+00h  1
 729r 7.1973143e+00 1.04e-04 2.90e+00  -4.1 6.37e-02    -  1.00e+00 8.86e-01h  1
iter    objective    inf_pr   inf_du lg(mu)  ||d||  lg(rg) alpha_du alpha_pr  ls
 730r 7.2035080e+00 6.76e-05 1.43e+00  -4.1 4.58e-02    -  1.00e+00 1.00e+00f  1
 731r 7.2017719e+00 1.13e-05 5.09e-01  -4.1 2.28e-02    -  1.00e+00 1.00e+00h  1
 732r 7.2007589e+00 4.96e-06 5.24e-01  -4.1 1.56e-02    -  1.00e+00 1.00e+00h  1
 733r 7.2007817e+00 6.88e-07 1.65e-01  -4.1 5.40e-03    -  1.00e+00 1.00e+00h  1
 734r 7.2011400e+00 1.96e-06 1.26e-01  -4.1 7.25e-03    -  1.00e+00 1.00e+00h  1
 735r 7.2011119e+00 1.49e-06 7.78e-02  -4.1 3.76e-03    -  1.00e+00 1.00e+00h  1
 736r 7.2011861e+00 1.06e-06 6.64e-02  -4.1 2.75e-03    -  1.00e+00 1.00e+00h  1
 737r 7.2012448e+00 4.55e-07 4.56e-02  -4.1 1.39e-03    -  1.00e+00 1.00e+00h  1
 738r 7.2012615e+00 3.41e-09 1.26e-02  -4.1 1.09e-03    -  1.00e+00 1.00e+00H  1
 739r 7.2012781e+00 3.41e-09 9.69e-03  -4.1 6.79e-04    -  1.00e+00 1.00e+00H  1
iter    objective    inf_pr   inf_du lg(mu)  ||d||  lg(rg) alpha_du alpha_pr  ls
 740r 7.2012964e+00 5.36e-07 8.69e-03  -4.1 4.05e-04    -  1.00e+00 1.00e+00h  1
 741r 7.2012975e+00 1.13e-07 5.15e-03  -4.1 2.67e-04    -  1.00e+00 1.00e+00h  1
 742r 7.2012962e+00 9.62e-08 4.29e-03  -4.1 2.37e-04    -  1.00e+00 5.00e-01h  2
 743r 7.1896315e+00 1.12e-04 1.84e+00  -6.1 5.94e-02    -  9.21e-01 9.72e-01f  1
 744r 7.3338863e+00 1.36e-02 1.25e+01  -4.0 6.89e-01    -  1.00e+00 1.00e+00f  1
 745r 7.2645102e+00 7.80e-03 5.28e+00  -4.1 5.60e-01    -  1.00e+00 8.49e-01h  1
 746r 7.2454641e+00 1.03e-03 1.71e+00  -4.1 2.60e-01    -  1.00e+00 1.00e+00h  1
 747r 7.2192726e+00 5.33e-04 3.50e+00  -4.1 2.43e-01    -  1.00e+00 6.70e-01h  1
 748r 7.1929827e+00 1.15e-03 2.09e+00  -4.1 2.22e-01    -  1.00e+00 1.00e+00f  1
 749r 7.1888563e+00 5.42e-04 1.30e+00  -4.1 1.59e-01    -  1.00e+00 1.00e+00h  1
iter    objective    inf_pr   inf_du lg(mu)  ||d||  lg(rg) alpha_du alpha_pr  ls
 750r 7.1984843e+00 1.80e-04 2.68e+00  -4.1 8.13e-02    -  1.00e+00 1.00e+00h  1
 751r 7.2025458e+00 6.76e-05 9.63e-01  -4.1 4.19e-02    -  1.00e+00 1.00e+00h  1
 752r 7.2012520e+00 2.11e-05 5.54e-01  -4.1 2.34e-02    -  1.00e+00 1.00e+00h  1
 753r 7.2004320e+00 2.98e-06 4.08e-01  -4.1 1.05e-02    -  1.00e+00 1.00e+00h  1
 754r 7.2008180e+00 1.96e-06 1.24e-01  -4.1 5.48e-03    -  1.00e+00 1.00e+00h  1
 755r 7.2010842e+00 1.05e-07 1.76e-01  -4.1 8.00e-03    -  1.00e+00 1.00e+00H  1
 756r 7.2012505e+00 6.69e-08 1.27e-01  -4.1 3.37e-03    -  1.00e+00 1.00e+00H  1
 757r 7.2012527e+00 3.77e-09 3.56e-02  -4.1 3.06e-03    -  1.00e+00 1.00e+00H  1
 758r 7.2012991e+00 8.60e-07 2.60e-02  -4.1 9.59e-04    -  1.00e+00 1.00e+00h  1
 759r 7.2013008e+00 5.79e-07 1.70e-02  -4.1 4.78e-04    -  1.00e+00 5.00e-01h  2
iter    objective    inf_pr   inf_du lg(mu)  ||d||  lg(rg) alpha_du alpha_pr  ls
 760r 7.2013059e+00 3.41e-09 1.03e-02  -4.1 3.44e-04    -  1.00e+00 1.00e+00H  1
 761r 7.2013180e+00 3.41e-09 1.10e-02  -4.1 6.53e-04    -  1.00e+00 1.00e+00H  1
 762r 7.2013024e+00 3.41e-09 7.30e-03  -4.1 3.64e-04    -  1.00e+00 1.00e+00H  1
 763r 7.2012946e+00 3.41e-09 3.60e-03  -4.1 3.39e-04    -  1.00e+00 1.00e+00H  1
 764r 7.1890285e+00 8.99e-05 1.03e+00  -6.1 5.47e-02    -  9.44e-01 9.74e-01f  1
 765r 7.3534834e+00 1.47e-02 1.17e+01  -4.0 7.96e-01    -  1.00e+00 1.00e+00f  1
 766r 7.2776279e+00 4.72e-03 4.28e+00  -4.1 4.61e-01    -  1.00e+00 8.25e-01h  1
 767r 7.2447423e+00 1.30e-03 2.66e+00  -4.1 2.36e-01    -  8.76e-01 1.00e+00h  1
 768r 7.1964816e+00 1.98e-03 2.61e+00  -4.1 3.21e-01    -  1.00e+00 8.52e-01h  1
 769r 7.1964976e+00 4.47e-04 1.86e+00  -4.1 1.46e-01    -  1.00e+00 1.00e+00f  1
iter    objective    inf_pr   inf_du lg(mu)  ||d||  lg(rg) alpha_du alpha_pr  ls
 770r 7.2043934e+00 2.43e-04 1.51e+00  -4.1 7.32e-02    -  1.00e+00 1.00e+00h  1
 771r 7.2017672e+00 4.25e-05 6.16e-01  -4.1 6.24e-02    -  1.00e+00 1.00e+00h  1
 772r 7.2026073e+00 5.15e-06 3.43e-01  -4.1 1.36e-02    -  1.00e+00 1.00e+00h  1
 773r 7.2011985e+00 9.93e-06 5.63e-01  -4.1 2.45e-02    -  1.00e+00 1.00e+00h  1
 774r 7.2009407e+00 4.01e-05 8.16e-01  -4.1 3.22e-02    -  1.00e+00 1.00e+00h  1
 775r 7.2011034e+00 1.11e-05 5.86e-01  -4.1 2.13e-02    -  1.00e+00 1.00e+00h  1
 776r 7.2015344e+00 5.66e-06 1.92e-01  -4.1 1.00e-02    -  1.00e+00 1.00e+00h  1
 777r 7.2013207e+00 8.04e-07 4.22e-02  -4.1 2.60e-03    -  1.00e+00 1.00e+00h  1
 778r 7.2012721e+00 2.21e-08 2.50e-02  -4.1 1.34e-03    -  1.00e+00 1.00e+00H  1
 779r 7.2012641e+00 5.21e-07 1.78e-02  -4.1 5.96e-04    -  1.00e+00 1.00e+00h  1
iter    objective    inf_pr   inf_du lg(mu)  ||d||  lg(rg) alpha_du alpha_pr  ls
 780r 7.2012434e+00 3.41e-09 2.95e-02  -4.1 9.48e-04    -  1.00e+00 1.00e+00H  1
 781r 7.2012670e+00 3.41e-09 1.69e-02  -4.1 6.56e-04    -  1.00e+00 1.00e+00H  1
 782r 7.2012799e+00 5.99e-09 6.35e-03  -4.1 4.08e-04    -  1.00e+00 1.00e+00H  1
 783r 7.2012746e+00 3.41e-09 2.91e-03  -4.1 1.68e-04    -  1.00e+00 1.00e+00H  1
 784r 7.1913044e+00 7.92e-05 5.48e-01  -6.1 7.08e-02    -  9.78e-01 9.70e-01f  1
 785r 7.1818559e+00 4.35e-05 2.95e-02  -6.1 4.97e-02    -  1.00e+00 1.00e+00h  1
 786r 7.3634826e+00 1.58e-02 3.58e+01  -4.0 2.41e+00    -  1.00e+00 3.45e-01f  1
 787r 7.2862879e+00 4.53e-03 4.19e+00  -4.4 4.00e-01    -  1.00e+00 1.00e+00h  1
 788r 7.2470280e+00 1.38e-03 3.28e+00  -4.4 2.28e-01    -  6.39e-01 1.00e+00h  1
 789r 7.2101644e+00 1.54e-03 9.46e-01  -4.4 2.29e-01    -  1.00e+00 1.00e+00h  1
iter    objective    inf_pr   inf_du lg(mu)  ||d||  lg(rg) alpha_du alpha_pr  ls
 790r 7.1880864e+00 5.24e-04 5.68e-01  -4.4 1.70e-01    -  1.00e+00 1.00e+00h  1
 791r 7.1913134e+00 2.14e-04 1.85e+00  -4.4 6.71e-02    -  1.00e+00 8.05e-01h  1
 792r 7.1969159e+00 1.09e-04 1.14e+00  -4.4 5.77e-02    -  1.00e+00 1.00e+00f  1
 793r 7.1946288e+00 1.85e-05 4.97e-01  -4.4 1.92e-02    -  1.00e+00 1.00e+00h  1
 794r 7.2255576e+00 4.33e-04 4.03e+00  -4.0 1.41e-01    -  1.00e+00 1.00e+00f  1
 795r 7.2074522e+00 2.43e-04 7.27e-01  -4.1 8.76e-02    -  1.00e+00 1.00e+00h  1
 796r 7.1984669e+00 1.31e-04 1.28e+00  -4.1 8.30e-02    -  1.00e+00 1.00e+00h  1
 797r 7.2011434e+00 7.17e-05 9.23e-01  -4.1 5.10e-02    -  1.00e+00 1.00e+00h  1
 798r 7.2025260e+00 9.35e-06 5.04e-01  -4.1 1.46e-02    -  1.00e+00 1.00e+00h  1
 799r 7.2015025e+00 6.16e-07 1.27e-01  -4.1 5.53e-03    -  1.00e+00 1.00e+00h  1
iter    objective    inf_pr   inf_du lg(mu)  ||d||  lg(rg) alpha_du alpha_pr  ls
 800r 7.2011205e+00 2.37e-06 1.04e-01  -4.1 4.06e-03    -  1.00e+00 1.00e+00h  1
 801r 7.2012215e+00 1.49e-06 1.25e-01  -4.1 3.07e-03    -  1.00e+00 1.00e+00h  1
 802r 7.2011765e+00 4.04e-07 1.60e-02  -4.1 8.69e-04    -  1.00e+00 1.00e+00h  1
 803r 7.2011861e+00 6.00e-09 1.93e-02  -4.1 1.08e-03    -  1.00e+00 1.00e+00H  1
 804r 7.2012454e+00 3.38e-09 3.60e-02  -4.1 1.29e-03    -  1.00e+00 1.00e+00H  1
 805r 7.2012226e+00 3.38e-09 1.82e-02  -4.1 1.09e-03    -  1.00e+00 1.00e+00H  1
 806r 7.2012363e+00 3.38e-09 7.73e-03  -4.1 5.46e-04    -  1.00e+00 1.00e+00H  1
 807r 7.2012329e+00 3.38e-09 5.30e-03  -4.1 3.51e-04    -  1.00e+00 1.00e+00H  1
 808r 7.2012302e+00 3.38e-09 8.73e-03  -4.1 3.65e-04    -  1.00e+00 1.00e+00H  1
 809r 7.2012305e+00 3.38e-09 1.72e-03  -4.1 1.93e-04    -  1.00e+00 1.00e+00H  1
iter    objective    inf_pr   inf_du lg(mu)  ||d||  lg(rg) alpha_du alpha_pr  ls
 810r 7.1967094e+00 1.58e-05 1.20e+00  -6.1 2.71e-02    -  9.38e-01 9.67e-01f  1
 811r 7.3781901e+00 1.65e-02 2.05e+01  -4.0 9.35e-01    -  1.00e+00 9.26e-01f  1
 812r 7.2985896e+00 4.59e-03 8.29e+00  -4.1 4.83e-01    -  1.00e+00 1.00e+00h  1
 813r 7.2659303e+00 1.83e-03 3.42e+00  -4.1 3.10e-01    -  7.33e-01 1.00e+00h  1
 814r 7.2356382e+00 8.31e-04 2.40e+00  -4.1 2.62e-01    -  1.00e+00 6.21e-01h  1
 815r 7.2218705e+00 4.35e-04 5.92e+00  -4.1 1.23e-01    -  1.00e+00 6.40e-01f  1
 816r 7.1923507e+00 4.21e-04 1.81e+00  -4.1 1.48e-01    -  1.00e+00 1.00e+00f  1
 817r 7.1916035e+00 1.04e-04 1.09e+00  -4.1 1.02e-01    -  1.00e+00 1.00e+00h  1
 818r 7.2051511e+00 2.32e-05 1.95e+00  -4.1 7.13e-02    -  1.00e+00 1.00e+00H  1
 819r 7.2016156e+00 1.70e-05 5.52e-01  -4.1 2.62e-02    -  1.00e+00 1.00e+00h  1
iter    objective    inf_pr   inf_du lg(mu)  ||d||  lg(rg) alpha_du alpha_pr  ls
 820r 7.1988888e+00 7.82e-06 4.42e-01  -4.1 1.40e-02    -  1.00e+00 1.00e+00h  1
 821r 7.2072519e+00 2.91e-05 7.88e-01  -4.0 4.42e-02    -  1.00e+00 1.00e+00h  1
 822r 7.2010135e+00 2.33e-05 2.88e-01  -4.1 2.89e-02    -  1.00e+00 1.00e+00h  1
 823r 7.2014260e+00 7.35e-06 6.46e-01  -4.1 2.00e-02    -  1.00e+00 1.00e+00h  1
 824r 7.2007916e+00 6.60e-06 1.09e-01  -4.1 8.06e-03    -  1.00e+00 1.00e+00h  1
 825r 7.2011439e+00 2.41e-06 3.20e-02  -4.1 2.33e-03    -  1.00e+00 1.00e+00h  1
 826r 7.2012064e+00 1.36e-06 4.03e-02  -4.1 1.62e-03    -  1.00e+00 1.00e+00h  1
 827r 7.2011735e+00 5.68e-07 2.59e-02  -4.1 1.48e-03    -  1.00e+00 1.00e+00h  1
 828r 7.2011389e+00 3.44e-06 2.50e-02  -4.1 1.45e-03    -  1.00e+00 1.00e+00h  1
 829r 7.2012173e+00 5.63e-07 2.06e-02  -4.1 7.06e-04    -  1.00e+00 1.00e+00h  1
iter    objective    inf_pr   inf_du lg(mu)  ||d||  lg(rg) alpha_du alpha_pr  ls
 830r 7.2012143e+00 4.94e-07 5.26e-03  -4.1 4.59e-04    -  1.00e+00 1.00e+00h  1
 831r 7.2012059e+00 2.69e-07 1.92e-03  -4.1 1.19e-04    -  1.00e+00 1.00e+00h  1
 832r 7.1917492e+00 8.63e-05 7.78e-01  -6.1 5.70e-02    -  9.71e-01 9.73e-01f  1
 833r 7.1832377e+00 5.19e-05 3.32e-02  -6.1 4.82e-02    -  1.00e+00 1.00e+00h  1
 834r 7.3706824e+00 1.82e-02 3.57e+01  -4.0 2.41e+00    -  1.00e+00 3.36e-01f  1
 835r 7.2810208e+00 5.01e-03 4.04e+00  -4.4 4.24e-01    -  1.00e+00 1.00e+00h  1
 836r 7.2321064e+00 1.79e-03 5.61e-01  -4.4 2.79e-01    -  1.00e+00 1.00e+00h  1
 837r 7.2040908e+00 7.15e-04 9.44e-01  -4.4 1.72e-01    -  1.00e+00 1.00e+00h  1
 838r 7.1908089e+00 3.40e-04 1.09e+00  -4.4 1.13e-01    -  1.00e+00 1.00e+00h  1
 839r 7.1808512e+00 1.69e-04 1.39e+00  -4.4 1.20e-01    -  1.00e+00 1.00e+00h  1
iter    objective    inf_pr   inf_du lg(mu)  ||d||  lg(rg) alpha_du alpha_pr  ls
 840r 7.1951806e+00 1.75e-04 1.14e+00  -4.4 9.37e-02    -  1.00e+00 1.00e+00h  1
 841r 7.1926048e+00 2.47e-05 3.88e-01  -4.4 3.75e-02    -  1.00e+00 1.00e+00h  1
 842r 7.1927791e+00 4.48e-06 1.29e-01  -4.4 8.57e-03    -  1.00e+00 1.00e+00h  1
 843r 7.2265535e+00 5.45e-04 5.07e+00  -4.0 1.65e-01    -  1.00e+00 1.00e+00f  1
 844r 7.2103685e+00 1.86e-04 9.83e-01  -4.1 8.80e-02    -  1.00e+00 1.00e+00h  1
 845r 7.2020763e+00 1.34e-04 1.98e+00  -4.1 8.21e-02    -  1.00e+00 1.00e+00h  1
 846r 7.2024399e+00 8.91e-05 8.72e-01  -4.1 5.24e-02    -  1.00e+00 1.00e+00h  1
 847r 7.2018773e+00 8.84e-06 2.85e-01  -4.1 1.49e-02    -  1.00e+00 1.00e+00h  1
 848r 7.2012998e+00 3.46e-06 1.23e-01  -4.1 4.65e-03    -  1.00e+00 1.00e+00h  1
 849r 7.2011143e+00 7.71e-07 4.88e-02  -4.1 2.27e-03    -  1.00e+00 1.00e+00h  1
iter    objective    inf_pr   inf_du lg(mu)  ||d||  lg(rg) alpha_du alpha_pr  ls
 850r 7.2012159e+00 6.15e-07 2.75e-02  -4.1 1.12e-03    -  1.00e+00 1.00e+00h  1
 851r 7.2011975e+00 7.12e-07 2.50e-02  -4.1 1.15e-03    -  1.00e+00 1.00e+00h  1
 852r 7.2012040e+00 2.84e-06 2.05e-02  -4.1 1.00e-03    -  1.00e+00 1.00e+00h  1
 853r 7.2012095e+00 7.89e-08 1.34e-02  -4.1 5.20e-04    -  1.00e+00 1.00e+00h  1
 854r 7.2012165e+00 3.38e-09 5.52e-03  -4.1 2.93e-04    -  1.00e+00 1.00e+00H  1
 855r 7.2012263e+00 3.38e-09 6.87e-03  -4.1 2.89e-04    -  1.00e+00 1.00e+00H  1
 856r 7.2012285e+00 6.53e-08 4.25e-03  -4.1 1.75e-04    -  1.00e+00 1.00e+00h  1
 857r 7.1953399e+00 5.03e-05 1.73e+00  -6.1 4.93e-02    -  9.25e-01 9.68e-01f  1
 858r 7.3798561e+00 1.56e-02 1.89e+01  -4.0 9.23e-01    -  1.00e+00 9.48e-01f  1
 859r 7.3154104e+00 6.92e-03 7.81e+00  -4.1 4.94e-01    -  1.00e+00 7.94e-01h  1
iter    objective    inf_pr   inf_du lg(mu)  ||d||  lg(rg) alpha_du alpha_pr  ls
 860r 7.2785514e+00 1.97e-03 2.52e+00  -4.1 2.08e-01    -  8.77e-01 1.00e+00h  1
 861r 7.2443578e+00 1.29e-03 2.36e+00  -4.1 2.48e-01    -  1.00e+00 7.31e-01h  1
 862r 7.2117595e+00 8.85e-04 2.75e+00  -4.1 2.14e-01    -  1.00e+00 8.47e-01f  1
 863r 7.1918775e+00 4.71e-04 1.95e+00  -4.1 1.76e-01    -  1.00e+00 1.00e+00f  1
 864r 7.1981784e+00 1.45e-04 1.63e+00  -4.1 7.23e-02    -  1.00e+00 1.00e+00h  1
 865r 7.2039048e+00 6.76e-05 1.39e+00  -4.1 4.51e-02    -  1.00e+00 1.00e+00h  1
 866r 7.2008147e+00 1.62e-05 8.22e-01  -4.1 1.89e-02    -  1.00e+00 1.00e+00h  1
 867r 7.2005451e+00 8.80e-06 4.59e-01  -4.1 1.66e-02    -  1.00e+00 1.00e+00h  1
 868r 7.2010182e+00 1.20e-05 3.90e-01  -4.1 1.80e-02    -  1.00e+00 1.00e+00h  1
 869r 7.2007433e+00 2.47e-06 1.96e-01  -4.1 6.05e-03    -  1.00e+00 1.00e+00h  1
iter    objective    inf_pr   inf_du lg(mu)  ||d||  lg(rg) alpha_du alpha_pr  ls
 870r 7.2059896e+00 1.83e-05 5.44e-01  -4.0 2.60e-02    -  1.00e+00 1.00e+00f  1
 871r 7.2014013e+00 1.19e-05 2.11e-01  -4.1 2.32e-02    -  1.00e+00 1.00e+00h  1
 872r 7.2005661e+00 6.62e-06 3.81e-01  -4.1 1.24e-02    -  1.00e+00 1.00e+00h  1
 873r 7.2013067e+00 2.39e-06 1.01e-01  -4.1 6.59e-03    -  1.00e+00 1.00e+00h  1
 874r 7.2012581e+00 1.32e-06 6.72e-02  -4.1 2.49e-03    -  1.00e+00 1.00e+00h  1
 875r 7.2011733e+00 3.77e-07 1.57e-02  -4.1 8.72e-04    -  1.00e+00 1.00e+00h  1
 876r 7.2012078e+00 1.03e-07 4.12e-03  -4.1 2.73e-04    -  1.00e+00 1.00e+00h  1
 877r 7.1778276e+00 3.24e-04 3.01e+00  -6.1 1.26e-01    -  8.66e-01 9.82e-01f  1
 878r 7.1758768e+00 7.22e-06 1.01e-01  -6.1 1.97e-02    -  1.00e+00 1.00e+00h  1
 879r 7.3008333e+00 9.96e-03 5.00e+01  -4.0 2.43e+00    -  1.00e+00 2.43e-01f  1
iter    objective    inf_pr   inf_du lg(mu)  ||d||  lg(rg) alpha_du alpha_pr  ls
 880r 7.2391881e+00 2.75e-03 1.90e+00  -4.5 2.95e-01    -  9.74e-01 1.00e+00h  1
 881r 7.2201569e+00 4.86e-04 2.20e+00  -4.5 1.31e-01    -  1.00e+00 1.00e+00h  1
 882r 7.1957315e+00 6.41e-04 9.28e-01  -4.5 1.56e-01    -  1.00e+00 9.91e-01h  1
 883r 7.1868313e+00 2.78e-04 1.57e+00  -4.5 1.37e-01    -  1.00e+00 1.00e+00f  1
 884r 7.1870791e+00 1.17e-04 6.12e-01  -4.5 7.39e-02    -  1.00e+00 1.00e+00h  1
 885r 7.1916862e+00 4.04e-05 4.15e-01  -4.5 3.64e-02    -  1.00e+00 1.00e+00h  1
 886r 7.1919158e+00 5.93e-06 2.97e-01  -4.5 1.12e-02    -  1.00e+00 1.00e+00h  1
 887r 7.2276067e+00 7.48e-04 4.87e+00  -4.0 1.88e-01    -  1.00e+00 1.00e+00f  1
 888r 7.2106538e+00 2.37e-04 1.02e+00  -4.1 8.97e-02    -  1.00e+00 1.00e+00h  1
 889r 7.1988165e+00 1.50e-04 1.98e+00  -4.1 6.67e-02    -  1.00e+00 1.00e+00h  1
iter    objective    inf_pr   inf_du lg(mu)  ||d||  lg(rg) alpha_du alpha_pr  ls
 890r 7.2026694e+00 6.11e-05 6.90e-01  -4.1 3.98e-02    -  1.00e+00 1.00e+00h  1
 891r 7.2013214e+00 6.16e-06 3.85e-01  -4.1 1.30e-02    -  1.00e+00 1.00e+00h  1
 892r 7.2013539e+00 2.12e-06 9.29e-02  -4.1 5.79e-03    -  1.00e+00 1.00e+00h  1
 893r 7.2012142e+00 5.50e-07 8.05e-02  -4.1 3.62e-03    -  1.00e+00 1.00e+00h  1
 894r 7.2011502e+00 1.43e-06 1.31e-01  -4.1 6.18e-03    -  1.00e+00 1.00e+00h  1
 895r 7.2011626e+00 1.14e-06 1.26e-01  -4.1 3.49e-03    -  1.00e+00 1.00e+00h  1
 896r 7.2011810e+00 1.07e-06 2.62e-02  -4.1 1.87e-03    -  1.00e+00 1.00e+00h  1
 897r 7.2011968e+00 4.30e-07 1.41e-02  -4.1 8.67e-04    -  1.00e+00 1.00e+00h  1
 898r 7.2012297e+00 3.89e-07 1.17e-02  -4.1 4.91e-04    -  1.00e+00 1.00e+00h  1
 899r 7.2012470e+00 3.39e-09 1.21e-02  -4.1 6.26e-04    -  1.00e+00 1.00e+00H  1
iter    objective    inf_pr   inf_du lg(mu)  ||d||  lg(rg) alpha_du alpha_pr  ls
 900r 7.2012457e+00 3.39e-09 1.14e-02  -4.1 4.76e-04    -  1.00e+00 1.00e+00H  1
 901r 7.2012403e+00 3.39e-09 4.43e-03  -4.1 3.17e-04    -  1.00e+00 1.00e+00H  1
 902r 7.1913469e+00 4.42e-05 7.11e-01  -6.1 4.68e-02    -  9.52e-01 9.71e-01f  1
 903r 7.1835926e+00 3.25e-05 7.43e-02  -6.1 4.29e-02    -  1.00e+00 1.00e+00h  1
 904r 7.1700183e+00 7.43e-05 3.93e-02  -6.1 6.17e-02    -  1.00e+00 1.00e+00h  1
 905r 7.3389885e+00 1.30e-02 5.93e+01  -4.0 2.86e+00    -  1.00e+00 2.30e-01f  1
 906r 7.2634640e+00 3.01e-03 3.15e+00  -4.5 3.43e-01    -  1.00e+00 1.00e+00h  1
 907r 7.2196422e+00 1.16e-03 2.30e+00  -4.5 2.17e-01    -  1.00e+00 1.00e+00h  1
 908r 7.1877059e+00 5.61e-04 1.19e+00  -4.5 1.63e-01    -  1.00e+00 1.00e+00h  1
 909r 7.1875871e+00 2.62e-04 1.12e+00  -4.5 8.76e-02    -  1.00e+00 1.00e+00h  1
iter    objective    inf_pr   inf_du lg(mu)  ||d||  lg(rg) alpha_du alpha_pr  ls
 910r 7.1923646e+00 9.16e-05 7.37e-01  -4.5 6.70e-02    -  1.00e+00 1.00e+00h  1
 911r 7.1930221e+00 2.23e-05 3.74e-01  -4.5 2.20e-02    -  1.00e+00 1.00e+00h  1
 912r 7.1929330e+00 1.58e-05 1.42e-01  -4.5 1.09e-02    -  1.00e+00 1.00e+00h  1
 913r 7.1926147e+00 4.00e-06 1.91e-01  -4.5 1.40e-02    -  1.00e+00 1.00e+00h  1
 914r 7.2268379e+00 5.97e-04 4.39e+00  -4.0 1.77e-01    -  1.00e+00 1.00e+00f  1
 915r 7.2123202e+00 1.82e-04 1.08e+00  -4.1 1.15e-01    -  1.00e+00 1.00e+00h  1
 916r 7.2072940e+00 3.58e-05 1.03e+00  -4.1 5.00e-02    -  1.00e+00 1.00e+00h  1
 917r 7.2030483e+00 1.32e-05 6.52e-01  -4.1 2.42e-02    -  1.00e+00 1.00e+00h  1
 918r 7.2008056e+00 7.88e-06 5.13e-01  -4.1 1.57e-02    -  1.00e+00 1.00e+00h  1
 919r 7.2010478e+00 2.74e-06 2.09e-01  -4.1 9.96e-03    -  1.00e+00 1.00e+00h  1
iter    objective    inf_pr   inf_du lg(mu)  ||d||  lg(rg) alpha_du alpha_pr  ls
 920r 7.2016839e+00 9.28e-07 8.25e-02  -4.1 4.02e-03    -  1.00e+00 1.00e+00h  1
 921r 7.2013637e+00 1.81e-07 4.46e-02  -4.1 2.30e-03    -  1.00e+00 1.00e+00h  1
 922r 7.2011865e+00 3.59e-07 5.09e-02  -4.1 2.70e-03    -  1.00e+00 1.00e+00h  1
 923r 7.2011639e+00 1.10e-06 4.59e-02  -4.1 1.69e-03    -  1.00e+00 1.00e+00h  1
 924r 7.2011640e+00 1.10e-06 6.09e-02  -4.1 6.33e-04    -  1.00e+00 3.91e-03h  9
 925r 7.2011640e+00 1.10e-06 4.57e-02  -4.1 4.14e-04    -  1.00e+00 2.44e-04h 13
 926r 7.2011640e+00 1.10e-06 4.57e-02  -4.1 4.32e-04    -  1.00e+00 6.10e-05h 15
 927r 7.2011947e+00 4.61e-09 6.14e-03  -4.1 4.01e-04    -  1.00e+00 1.00e+00H  1
 928r 7.2012170e+00 1.92e-07 1.24e-02  -4.1 3.10e-04    -  1.00e+00 1.00e+00h  1
 929r 7.2012176e+00 1.59e-07 8.88e-03  -4.1 2.05e-04    -  1.00e+00 2.50e-01h  3
iter    objective    inf_pr   inf_du lg(mu)  ||d||  lg(rg) alpha_du alpha_pr  ls
 930r 7.2012181e+00 1.60e-07 8.36e-03  -4.1 2.41e-04    -  1.00e+00 6.25e-02h  5
 931r 7.2012294e+00 3.39e-09 1.93e-03  -4.1 2.01e-04    -  1.00e+00 1.00e+00H  1
 932r 7.1948221e+00 2.34e-05 8.88e-01  -6.1 2.91e-02    -  9.46e-01 9.69e-01f  1
 933r 7.1842599e+00 6.97e-05 4.43e-02  -6.1 5.75e-02    -  1.00e+00 1.00e+00h  1
 934r 7.1695023e+00 1.24e-04 3.23e-02  -6.1 6.28e-02    -  1.00e+00 1.00e+00h  1
 935r 7.1668777e+00 1.80e-05 3.60e-02  -6.1 3.19e-02    -  1.00e+00 1.00e+00h  1
 936r 7.3285911e+00 1.27e-02 6.95e+01  -4.0 4.33e+00    -  1.00e+00 1.52e-01f  1
 937r 7.2530662e+00 3.02e-03 2.28e+01  -4.5 3.55e-01    -  6.67e-01 1.00e+00h  1
 938r 7.2205801e+00 1.13e-03 1.97e+00  -4.5 2.25e-01    -  9.43e-01 1.00e+00h  1
 939r 7.1897602e+00 7.34e-04 9.09e-01  -4.5 1.62e-01    -  1.00e+00 9.47e-01h  1
iter    objective    inf_pr   inf_du lg(mu)  ||d||  lg(rg) alpha_du alpha_pr  ls
 940r 7.1738320e+00 3.60e-04 1.36e+00  -4.5 1.37e-01    -  1.00e+00 1.00e+00f  1
 941r 7.1810178e+00 1.52e-04 4.69e-01  -4.5 1.08e-01    -  1.00e+00 1.00e+00h  1
 942r 7.1906298e+00 8.68e-06 1.14e+00  -4.5 5.88e-02    -  1.00e+00 1.00e+00H  1
 943r 7.1918027e+00 2.10e-05 5.14e-01  -4.5 3.05e-02    -  1.00e+00 1.00e+00h  1
 944r 7.1899537e+00 1.42e-05 2.69e-01  -4.5 2.10e-02    -  1.00e+00 1.00e+00h  1
 945r 7.1906170e+00 7.32e-06 9.12e-02  -4.5 9.94e-03    -  1.00e+00 1.00e+00h  1
 946r 7.2378071e+00 1.06e-03 6.51e+00  -4.0 2.26e-01    -  1.00e+00 1.00e+00f  1
 947r 7.2138926e+00 3.27e-04 2.03e+00  -4.1 1.22e-01    -  1.00e+00 1.00e+00h  1
 948r 7.1987174e+00 3.07e-04 3.69e+00  -4.1 1.05e-01    -  1.00e+00 1.00e+00h  1
 949r 7.1981757e+00 7.48e-05 7.36e-01  -4.1 5.03e-02    -  1.00e+00 1.00e+00h  1
iter    objective    inf_pr   inf_du lg(mu)  ||d||  lg(rg) alpha_du alpha_pr  ls
 950r 7.2001964e+00 3.04e-05 7.23e-01  -4.1 3.16e-02    -  1.00e+00 1.00e+00h  1
 951r 7.2015850e+00 5.79e-06 4.37e-01  -4.1 1.37e-02    -  1.00e+00 1.00e+00h  1
 952r 7.2009985e+00 4.28e-06 1.78e-01  -4.1 6.81e-03    -  1.00e+00 1.00e+00h  1
 953r 7.2010734e+00 1.36e-06 8.17e-02  -4.1 3.23e-03    -  1.00e+00 1.00e+00h  1
 954r 7.2010506e+00 4.66e-06 9.81e-02  -4.1 4.14e-03    -  1.00e+00 1.00e+00h  1
 955r 7.2011849e+00 4.60e-06 4.30e-02  -4.1 1.63e-03    -  1.00e+00 1.00e+00h  1
 956r 7.2011993e+00 3.20e-07 1.75e-02  -4.1 8.95e-04    -  1.00e+00 1.00e+00h  1
 957r 7.2012046e+00 9.66e-07 9.83e-03  -4.1 5.35e-04    -  1.00e+00 1.00e+00h  1
 958r 7.2012092e+00 2.94e-06 2.16e-02  -4.1 8.96e-04    -  1.00e+00 1.00e+00h  1
 959r 7.2012455e+00 6.43e-07 1.91e-02  -4.1 4.66e-04    -  1.00e+00 1.00e+00h  1
iter    objective    inf_pr   inf_du lg(mu)  ||d||  lg(rg) alpha_du alpha_pr  ls
 960r 7.2012371e+00 6.89e-08 6.30e-03  -4.1 3.49e-04    -  1.00e+00 1.00e+00h  1
 961r 7.2012408e+00 2.87e-07 2.08e-03  -4.1 1.14e-04    -  1.00e+00 1.00e+00h  1
 962r 7.1903056e+00 6.19e-05 4.72e-01  -6.1 4.82e-02    -  9.59e-01 9.72e-01f  1
 963r 7.1829109e+00 3.88e-05 3.57e-02  -6.1 4.16e-02    -  1.00e+00 1.00e+00h  1
 964r 7.1701798e+00 9.43e-05 4.20e-02  -6.1 6.41e-02    -  1.00e+00 1.00e+00h  1
 965r 7.1676897e+00 6.98e-06 3.16e-02  -6.1 1.62e-02    -  1.00e+00 1.00e+00h  1
 966r 7.3579550e+00 1.72e-02 6.86e+01  -4.0 4.33e+00    -  1.00e+00 1.82e-01f  1
 967r 7.2744357e+00 3.60e-03 9.78e+00  -4.5 3.54e-01    -  8.59e-01 1.00e+00h  1
 968r 7.2308973e+00 1.63e-03 1.10e+00  -4.5 2.75e-01    -  9.36e-01 1.00e+00h  1
 969r 7.2090650e+00 9.79e-04 1.42e+00  -4.5 2.77e-01    -  1.00e+00 4.72e-01h  1
iter    objective    inf_pr   inf_du lg(mu)  ||d||  lg(rg) alpha_du alpha_pr  ls
 970r 7.1932336e+00 5.63e-04 3.55e+00  -4.5 1.85e-01    -  1.00e+00 5.71e-01f  1
 971r 7.1883203e+00 1.23e-04 8.98e-01  -4.5 6.50e-02    -  1.00e+00 1.00e+00f  1
 972r 7.1894686e+00 6.20e-05 6.13e-01  -4.5 5.14e-02    -  1.00e+00 1.00e+00h  1
 973r 7.1905475e+00 1.28e-05 2.58e-01  -4.5 2.04e-02    -  1.00e+00 1.00e+00h  1
 974r 7.1907640e+00 1.07e-05 1.47e-01  -4.5 2.41e-02    -  1.00e+00 1.00e+00h  1
 975r 7.1904890e+00 6.88e-06 2.07e-01  -4.5 1.45e-02    -  1.00e+00 1.00e+00h  1
 976r 7.1909887e+00 2.10e-06 8.07e-02  -4.5 4.87e-03    -  1.00e+00 1.00e+00h  1
 977r 7.2081958e+00 1.44e-04 3.05e+00  -4.0 7.77e-02    -  1.00e+00 1.00e+00f  1
 978r 7.2025252e+00 2.31e-05 5.65e-01  -4.1 3.26e-02    -  1.00e+00 1.00e+00h  1
 979r 7.2017609e+00 8.90e-06 3.94e-01  -4.1 1.78e-02    -  1.00e+00 1.00e+00h  1
iter    objective    inf_pr   inf_du lg(mu)  ||d||  lg(rg) alpha_du alpha_pr  ls
 980r 7.2012414e+00 2.92e-06 1.91e-01  -4.1 1.01e-02    -  1.00e+00 1.00e+00h  1
 981r 7.2013036e+00 1.54e-06 9.30e-02  -4.1 6.04e-03    -  1.00e+00 1.00e+00h  1
 982r 7.2012643e+00 1.18e-06 4.97e-02  -4.1 1.81e-03    -  1.00e+00 1.00e+00h  1
 983r 7.2012575e+00 6.59e-07 1.62e-02  -4.1 6.32e-04    -  1.00e+00 1.00e+00h  1
 984r 7.2012551e+00 4.61e-07 1.80e-02  -4.1 6.98e-04    -  1.00e+00 1.00e+00h  1
 985r 7.2012233e+00 5.97e-07 1.10e-02  -4.1 5.41e-04    -  1.00e+00 1.00e+00h  1
 986r 7.2012266e+00 3.27e-07 7.60e-03  -4.1 2.54e-04    -  1.00e+00 1.00e+00h  1
 987r 7.2012192e+00 2.90e-07 5.60e-03  -4.1 3.14e-04    -  1.00e+00 1.00e+00h  1
 988r 7.2012265e+00 1.11e-08 2.30e-03  -4.1 1.32e-04    -  1.00e+00 1.00e+00h  1
 989r 7.1940021e+00 3.67e-05 3.30e-01  -6.1 4.32e-02    -  9.60e-01 9.69e-01f  1
iter    objective    inf_pr   inf_du lg(mu)  ||d||  lg(rg) alpha_du alpha_pr  ls
 990r 7.1835880e+00 8.00e-05 3.83e-02  -6.1 6.33e-02    -  1.00e+00 1.00e+00h  1
 991r 7.1626331e+00 2.37e-04 5.73e-02  -6.1 1.14e-01    -  1.00e+00 1.00e+00h  1
 992r 7.3608772e+00 1.62e-02 5.31e+01  -4.0 3.80e+00    -  1.00e+00 2.48e-01f  1
 993r 7.2888605e+00 3.96e-03 3.80e+00  -4.4 5.38e-01    -  1.00e+00 1.00e+00h  1
 994r 7.2495032e+00 9.02e-04 2.00e+00  -4.4 2.10e-01    -  1.00e+00 1.00e+00h  1
 995r 7.2168193e+00 6.85e-04 4.70e-01  -4.4 1.78e-01    -  1.00e+00 9.63e-01h  1
 996r 7.2026533e+00 4.06e-04 8.19e-01  -4.4 1.12e-01    -  1.00e+00 1.00e+00f  1
 997r 7.1884400e+00 1.69e-04 9.83e-01  -4.4 1.12e-01    -  1.00e+00 1.00e+00h  1
 998r 7.1904465e+00 3.90e-05 5.28e-01  -4.4 3.52e-02    -  1.00e+00 1.00e+00h  1
 999r 7.1937740e+00 1.41e-05 1.93e-01  -4.4 2.85e-02    -  1.00e+00 1.00e+00h  1
iter    objective    inf_pr   inf_du lg(mu)  ||d||  lg(rg) alpha_du alpha_pr  ls
1000r 7.1928738e+00 6.27e-06 1.44e-01  -4.4 1.15e-02    -  1.00e+00 1.00e+00h  1

Number of Iterations....: 1000

                                   (scaled)                 (unscaled)
Objective...............:   7.1928737935496354e+00    7.1928737935496354e+00
Dual infeasibility......:   1.4586260549990762e-01    1.4586260549990762e-01
Constraint violation....:   6.2703134835473406e-06    6.2703134835473406e-06
Variable bound violation:   0.0000000000000000e+00    0.0000000000000000e+00
Complementarity.........:   3.7084017348894381e-05    3.7084017348894381e-05
Overall NLP error.......:   1.4586260549990762e-01    1.4586260549990762e-01


Number of objective function evaluations             = 1411
Number of objective gradient evaluations             = 659
Number of equality constraint evaluations            = 1411
Number of inequality constraint evaluations          = 1411
Number of equality constraint Jacobian evaluations   = 1003
Number of inequality constraint Jacobian evaluations = 1003
Number of Lagrangian Hessian evaluations             = 0
Total seconds in IPOPT                               = 1831.478

EXIT: Maximum Number of Iterations Exceeded.
