This is Ipopt version 3.14.19, running with linear solver MUMPS 5.8.2.

Number of nonzeros in equality constraint Jacobian...:   133925
Number of nonzeros in inequality constraint Jacobian.:      512
Number of nonzeros in Lagrangian Hessian.............:        0

Total number of variables............................:      499
                     variables with only lower bounds:        0
                variables with lower and upper bounds:      104
                     variables with only upper bounds:        0
Total number of equality constraints.................:      486
Total number of inequality constraints...............:       73
        inequality constraints with only lower bounds:        0
   inequality constraints with lower and upper bounds:        0
        inequality constraints with only upper bounds:       73

iter    objective    inf_pr   inf_du lg(mu)  ||d||  lg(rg) alpha_du alpha_pr  ls
   0  9.5688974e-02 8.33e+00 1.00e+00   0.0 0.00e+00    -  0.00e+00 0.00e+00   0
   1  9.5700948e-02 8.26e+00 7.36e+01  -0.3 2.50e+01    -  4.25e-01 8.26e-03h  1
   2  9.5837598e-02 8.25e+00 9.96e+03   1.4 7.57e+01    -  1.23e-01 2.22e-03h  1
   3  1.3737458e-01 8.18e+00 3.52e+04   2.6 3.85e+02    -  5.41e-02 7.70e-03f  1
   4  1.6915711e-01 8.15e+00 1.17e+05   2.9 2.49e+02    -  4.97e-02 3.54e-03h  1
   5  1.8632069e-01 8.13e+00 1.39e+05   2.6 2.25e+02    -  5.87e-03 3.14e-03h  1
   6  2.0774795e-01 8.11e+00 1.58e+05   2.5 3.82e+02    -  5.14e-03 2.55e-03h  1
   7  2.2049548e-01 8.09e+00 2.19e+05  -4.0 2.52e+02    -  6.78e-03 1.65e-03h  1
   8  2.3566301e-01 8.09e+00 2.48e+05   2.1 8.97e+02    -  1.06e-03 7.28e-04h  1
   9  3.6661761e-01 8.05e+00 2.67e+05   2.9 5.59e+02    -  3.56e-04 4.52e-03h  1
iter    objective    inf_pr   inf_du lg(mu)  ||d||  lg(rg) alpha_du alpha_pr  ls
  10  4.3757724e-01 8.03e+00 4.17e+05   2.9 4.12e+02    -  3.95e-03 2.62e-03h  1
  11  4.8538500e-01 8.01e+00 5.47e+05   2.9 3.11e+02    -  1.36e-02 2.34e-03h  1
  12  4.9662848e-01 7.97e+00 6.00e+05   2.9 1.36e+02    -  1.43e-02 5.38e-03h  1
  13  5.2964079e-01 7.86e+00 7.03e+05   2.9 1.14e+02    -  3.06e-02 1.40e-02h  1
  14  5.4715441e-01 7.76e+00 1.04e+06   2.9 1.25e+02    -  3.16e-02 1.22e-02h  1
  15  5.4989004e-01 7.73e+00 1.79e+06  -3.9 6.48e+01    -  5.37e-02 3.62e-03h  1
  16  5.6109869e-01 7.72e+00 1.23e+06   2.9 4.81e+02    -  1.44e-04 2.02e-03h  1
  17  6.0685368e-01 7.62e+00 2.01e+06   2.9 1.27e+02    -  2.11e-02 1.21e-02h  1
  18  6.8319748e-01 7.53e+00 2.90e+06   2.9 1.40e+02    -  1.73e-02 1.22e-02h  1
  19  8.8485481e-01 7.41e+00 5.10e+06   2.9 2.16e+02    -  1.84e-02 1.56e-02f  2
iter    objective    inf_pr   inf_du lg(mu)  ||d||  lg(rg) alpha_du alpha_pr  ls
  20  9.3079567e-01 7.39e+00 6.17e+06   2.1 3.18e+02    -  1.16e-02 3.01e-03h  3
  21  9.6501860e-01 7.37e+00 7.13e+06   2.1 2.95e+02    -  8.19e-03 3.14e-03h  2
  22  9.8469059e-01 7.34e+00 7.97e+06   2.1 2.58e+02    -  1.23e-02 3.50e-03h  1
  23  9.9246979e-01 7.30e+00 9.19e+06   2.9 1.83e+02    -  1.30e-02 5.65e-03h  1
  24  9.9005219e-01 7.27e+00 9.54e+06   2.6 8.42e+01    -  6.61e-02 4.28e-03h  1
  25  9.8362030e-01 6.96e+00 1.44e+07   2.9 7.26e+01    -  3.73e-01 4.32e-02h  1
  26  9.9183657e-01 6.84e+00 1.49e+07   2.9 2.23e+01    -  7.60e-02 1.64e-02h  1
  27  1.0098974e+00 6.60e+00 1.58e+07   2.9 2.05e+01    -  1.25e-01 3.56e-02h  1
  28  1.0388560e+00 6.12e+00 1.95e+07   2.9 2.00e+01    -  1.21e-01 7.27e-02h  1
  29  1.0636431e+00 5.75e+00 2.43e+07   2.9 2.57e+01    -  1.28e-02 6.05e-02h  1
iter    objective    inf_pr   inf_du lg(mu)  ||d||  lg(rg) alpha_du alpha_pr  ls
  30  1.0599470e+00 5.66e+00 2.58e+07   1.1 1.84e+01    -  1.63e-01 1.53e-02h  1
  31  1.0600527e+00 5.45e+00 3.08e+07   2.9 2.48e+01    -  7.98e-03 3.75e-02h  1
  32  1.0626575e+00 4.88e+00 5.09e+07   2.9 1.78e+01    -  1.84e-01 1.05e-01h  1
  33  1.0790440e+00 4.55e+00 7.03e+07   2.9 2.49e+01    -  9.18e-02 6.67e-02h  1
  34  1.0872345e+00 4.48e+00 8.11e+07   2.9 4.89e+01    -  9.49e-02 1.57e-02h  1
  35  1.1092851e+00 4.43e+00 9.98e+07   2.3 8.06e+01    -  2.80e-02 1.19e-02h  2
  36  1.2004338e+00 4.07e+00 1.17e+08   2.9 3.79e+01    -  4.11e-03 8.07e-02h  1
  37  1.2862516e+00 3.59e+00 1.21e+08   2.9 2.11e+01    -  5.47e-02 1.18e-01h  1
  38  1.2875797e+00 3.58e+00 1.21e+08   2.9 2.57e+01    -  1.20e-01 1.94e-03h  1
  39  1.3329511e+00 3.29e+00 1.44e+08   2.9 1.98e+01    -  1.30e-01 8.22e-02h  1
iter    objective    inf_pr   inf_du lg(mu)  ||d||  lg(rg) alpha_du alpha_pr  ls
  40  1.3538841e+00 3.23e+00 1.52e+08   2.9 2.68e+01    -  6.48e-03 1.94e-02h  1
  41  1.6471451e+00 2.81e+00 1.98e+08   2.9 2.96e+01    -  6.78e-02 1.29e-01f  1
  42  1.8383520e+00 2.58e+00 2.39e+08  -3.2 2.59e+01    -  2.22e-02 8.21e-02h  1
  43  1.8439146e+00 2.57e+00 2.40e+08   2.9 4.59e+01    -  2.48e-03 4.10e-03h  1
  44  2.2596333e+00 4.64e+00 2.87e+08   2.9 5.32e+01    -  2.95e-03 1.41e-01f  1
  45  2.2535645e+00 4.61e+00 2.88e+08   2.7 2.03e+01    -  2.30e-02 7.49e-03h  1
  46  2.1429781e+00 3.86e+00 2.66e+08   2.7 2.23e+01    -  1.41e-02 1.13e-01h  1
  47  2.1178831e+00 3.80e+00 2.63e+08   2.7 2.03e+01    -  3.03e-02 1.57e-02h  1
  48  2.1146269e+00 3.79e+00 2.58e+08   2.7 8.54e+01    -  2.59e-03 3.29e-03h  1
  49  2.0968777e+00 3.73e+00 2.53e+08   2.7 2.04e+01    -  1.01e-01 1.50e-02f  1
iter    objective    inf_pr   inf_du lg(mu)  ||d||  lg(rg) alpha_du alpha_pr  ls
  50  2.0835753e+00 3.69e+00 2.50e+08   2.7 1.75e+01    -  3.95e-02 1.07e-02h  1
  51  1.8051713e+00 3.46e+00 2.10e+08   2.7 4.93e+01    -  2.08e-02 9.46e-02f  1
  52  1.8018196e+00 3.46e+00 2.09e+08   2.7 3.22e+01    -  7.06e-03 1.19e-03h  1
  53  1.7920881e+00 3.44e+00 2.06e+08   2.7 1.82e+01    -  2.11e-02 5.06e-03h  1
  54  1.7146391e+00 3.32e+00 1.86e+08   2.7 1.77e+01    -  2.42e-02 3.79e-02f  1
  55  1.6018245e+00 3.21e+00 1.84e+08   2.7 6.77e+01    -  8.05e-04 1.93e-02f  1
  56  1.5829897e+00 3.19e+00 1.82e+08   2.7 4.19e+01    -  1.01e-02 4.29e-03h  1
  57  1.4239439e+00 3.18e+00 1.65e+08   2.7 5.97e+01    -  2.25e-03 3.23e-02f  1
  58  1.4034119e+00 3.16e+00 1.66e+08   2.7 5.20e+01    -  2.29e-02 5.24e-03h  1
  59  1.3183376e+00 3.32e+00 1.65e+08   2.7 1.02e+02    -  2.34e-02 2.15e-02f  2
iter    objective    inf_pr   inf_du lg(mu)  ||d||  lg(rg) alpha_du alpha_pr  ls
  60  1.2566358e+00 3.37e+00 1.65e+08   2.7 1.60e+02    -  1.30e-02 9.29e-03f  2
  61  1.2217581e+00 3.39e+00 1.66e+08   2.7 1.96e+02    -  4.48e-03 4.52e-03f  2
  62  1.1922133e+00 3.40e+00 1.69e+08   2.7 1.99e+02    -  8.89e-03 4.78e-03h  1
  63  1.1918873e+00 3.40e+00 1.70e+08   2.7 9.96e+01    -  5.27e-03 2.32e-04h  3
  64  1.1912784e+00 3.40e+00 1.72e+08   2.7 9.32e+01    -  4.60e-02 1.35e-03h  3
  65  1.2312500e+00 3.35e+00 1.99e+08   2.7 9.03e+01    -  1.50e-03 2.26e-02h  1
  66  1.2717450e+00 3.32e+00 1.95e+08   2.7 1.39e+02    -  1.17e-02 1.79e-02f  1
  67  1.3303156e+00 3.58e+00 1.60e+08   2.7 1.39e+02    -  1.04e-02 2.75e-02f  1
  68  1.3231648e+00 3.60e+00 1.67e+08   2.7 1.06e+02    -  2.91e-02 1.27e-02h  1
  69  1.4112060e+00 4.16e+00 1.62e+08   2.7 7.80e+01    -  4.05e-04 6.34e-02f  1
iter    objective    inf_pr   inf_du lg(mu)  ||d||  lg(rg) alpha_du alpha_pr  ls
  70  1.7045680e+00 4.69e+00 1.77e+08   2.7 1.48e+02    -  4.46e-03 7.38e-02f  1
  71  1.6558241e+00 4.64e+00 1.79e+08   2.7 2.60e+02    -  4.28e-04 6.78e-03f  2
  72  1.4893403e+00 4.58e+00 1.75e+08   2.7 2.74e+02    -  2.56e-02 9.65e-03h  1
  73  1.4818968e+00 4.57e+00 1.74e+08   2.7 8.94e+01    -  1.06e-02 1.02e-03h  2
  74  1.4834402e+00 4.51e+00 1.70e+08   2.7 1.40e+02    -  2.36e-04 7.83e-03h  1
  75  1.4905693e+00 4.50e+00 1.69e+08   2.7 2.30e+02    -  2.29e-02 1.78e-03f  2
  76  1.5149827e+00 4.46e+00 1.68e+08   2.7 2.30e+02    -  4.80e-03 3.63e-03f  2
  77  1.5766364e+00 4.28e+00 2.56e+08   2.7 2.26e+02    -  4.69e-03 9.46e-03f  1
  78  1.6001354e+00 4.00e+00 3.38e+08   2.7 1.82e+02    -  2.36e-02 1.23e-02f  2
  79  1.5695373e+00 3.78e+00 3.92e+08   2.7 2.07e+02    -  1.13e-02 1.84e-02h  1
iter    objective    inf_pr   inf_du lg(mu)  ||d||  lg(rg) alpha_du alpha_pr  ls
  80  1.5635937e+00 3.78e+00 3.90e+08   2.7 1.43e+02    -  2.03e-04 5.42e-04h  1
  81  1.3418419e+00 3.37e+00 3.44e+08   2.7 6.99e+01    -  6.16e-03 5.16e-02f  1
  82  1.3247006e+00 3.35e+00 3.40e+08   2.7 4.53e+01    -  6.82e-03 5.34e-03h  1
  83  1.2111503e+00 3.14e+00 3.26e+08   2.7 4.06e+01    -  2.82e-03 4.69e-02f  1
  84  1.2240359e+00 3.12e+00 3.22e+08   2.7 3.01e+02    -  1.13e-02 2.10e-03h  1
  85  1.2182098e+00 2.97e+00 3.00e+08   2.7 2.52e+01    -  8.42e-02 5.48e-02h  1
  86  1.2166608e+00 2.96e+00 2.99e+08   2.7 2.01e+01    -  4.73e-03 2.53e-03h  1
  87  1.1249350e+00 2.71e+00 3.21e+08   2.7 1.93e+01    -  2.14e-01 2.14e-01f  1
  88  1.1231909e+00 2.71e+00 3.21e+08   2.7 1.09e+02    -  1.17e-03 6.15e-04h  1
  89  9.6149876e-01 2.57e+00 2.25e+08   2.7 4.26e+01    -  7.39e-02 1.44e-01F  1
iter    objective    inf_pr   inf_du lg(mu)  ||d||  lg(rg) alpha_du alpha_pr  ls
  90  8.3064417e-01 2.43e+00 2.65e+08   2.9 5.64e+01    -  6.13e-03 3.76e-02f  1
  91  7.8937106e-01 2.39e+00 2.80e+08   2.9 4.08e+01    -  5.28e-02 2.26e-02h  1
  92  7.2005631e-01 3.63e+00 3.76e+08   2.9 3.50e+01    -  6.96e-02 1.92e-01f  1
  93  7.0943437e-01 3.58e+00 3.85e+08   2.6 2.50e+01    -  5.41e-02 1.63e-02h  1
  94  7.0148255e-01 3.56e+00 4.37e+08   2.9 5.63e+01    -  5.45e-04 4.10e-02f  1
  95  7.0144737e-01 3.56e+00 4.37e+08  -3.3 5.23e+01    -  5.25e-03 2.19e-04h  1
  96  7.0826515e-01 3.51e+00 4.69e+08   2.9 5.96e+01    -  1.54e-04 1.49e-02f  1
  97  7.4023790e-01 3.49e+00 5.36e+08   1.8 8.13e+01    -  1.43e-02 3.45e-02f  2
  98  7.5257190e-01 3.54e+00 5.56e+08   2.9 3.27e+02    -  2.61e-03 4.42e-03f  1
  99  7.5184016e-01 3.54e+00 5.58e+08   2.6 3.66e+02    -  5.09e-03 1.47e-04h  1
iter    objective    inf_pr   inf_du lg(mu)  ||d||  lg(rg) alpha_du alpha_pr  ls
 100  7.4165959e-01 3.60e+00 6.59e+08   2.6 3.11e+02    -  8.09e-03 7.18e-03f  2
 101  6.6202238e-01 3.57e+00 6.80e+08   2.6 5.44e+02    -  8.33e-03 5.17e-03f  2
 102  6.0708077e-01 3.74e+00 7.22e+08   2.9 6.15e+02    -  1.45e-02 5.66e-03f  2
 103  5.9861352e-01 3.77e+00 7.42e+08   2.9 4.65e+02    -  6.61e-03 2.98e-03f  3
 104  5.9866949e-01 3.77e+00 7.47e+08   2.9 3.52e+02    -  1.15e-02 1.55e-03f  4
 105  6.0090806e-01 3.77e+00 7.49e+08   2.9 3.19e+02    -  2.13e-02 1.70e-03h  4
 106  6.0500300e-01 3.77e+00 7.47e+08   2.9 2.79e+02    -  4.71e-02 2.09e-03h  4
 107  6.0940566e-01 3.77e+00 7.40e+08   2.9 2.21e+02    -  5.64e-02 2.70e-03f  4
 108  6.4515836e-01 3.85e+00 6.85e+08   2.9 1.63e+02    -  1.93e-02 1.44e-02f  2
 109  6.6076356e-01 3.83e+00 6.28e+08   2.9 1.15e+02    -  3.00e-04 1.44e-02f  2
iter    objective    inf_pr   inf_du lg(mu)  ||d||  lg(rg) alpha_du alpha_pr  ls
 110  6.7222591e-01 3.79e+00 5.99e+08   2.9 9.69e+01    -  8.69e-02 9.69e-03h  2
 111  7.0315842e-01 3.59e+00 5.75e+08   2.9 6.58e+01    -  3.84e-02 3.53e-02H  1
 112  7.5253959e-01 3.39e+00 5.52e+08   2.9 8.79e+01    -  4.52e-02 2.90e-02f  3
 113  8.1638442e-01 3.27e+00 5.40e+08   2.9 1.68e+02    -  3.69e-02 1.61e-02f  3
 114  8.7818622e-01 3.31e+00 4.92e+08   2.9 9.84e+01    -  1.29e-02 4.40e-02f  2
 115  8.9967609e-01 3.46e+00 4.45e+08   2.9 6.32e+01    -  1.78e-02 6.22e-02h  1
 116  8.9029416e-01 3.45e+00 4.36e+08   2.9 1.57e+02    -  2.32e-03 3.81e-03h  1
 117  8.6913455e-01 3.92e+00 3.74e+08   2.9 2.68e+02    -  5.44e-03 1.32e-02f  2
 118  8.5560524e-01 3.93e+00 3.68e+08   2.9 3.15e+02    -  2.50e-02 1.51e-03h  2
 119  8.4745767e-01 3.93e+00 3.63e+08   2.9 3.42e+02    -  3.02e-02 1.09e-03f  5
iter    objective    inf_pr   inf_du lg(mu)  ||d||  lg(rg) alpha_du alpha_pr  ls
 120  8.3980337e-01 3.93e+00 3.61e+08   2.9 4.51e+02    -  6.95e-03 7.43e-04f  5
 121  8.0452907e-01 4.21e+00 3.62e+08   2.9 5.04e+02    -  1.89e-04 5.83e-03f  2
 122  8.1387734e-01 4.61e+00 4.30e+08   2.9 3.95e+02    -  1.90e-02 1.26e-02f  2
 123  7.9499626e-01 4.32e+00 4.53e+08   2.9 1.18e+02    -  5.57e-02 3.71e-02h  1
 124  7.9447796e-01 4.32e+00 4.53e+08   2.9 4.41e+01    -  5.17e-02 3.58e-04h  2
 125  7.5453049e-01 4.30e+00 4.65e+08   2.9 2.46e+02    -  9.53e-03 7.09e-03f  2
 126  6.9134913e-01 4.16e+00 4.49e+08   2.9 5.68e+01    -  8.46e-03 3.04e-02f  2
 127  6.5444095e-01 3.92e+00 4.15e+08   2.9 2.79e+01    -  1.01e-01 4.91e-02h  1
 128  6.5374468e-01 3.92e+00 4.14e+08   2.9 1.47e+01    -  5.63e-03 1.39e-03h  2
 129  6.1033504e-01 3.84e+00 3.94e+08   2.9 3.05e+02    -  2.69e-03 1.55e-02f  2
iter    objective    inf_pr   inf_du lg(mu)  ||d||  lg(rg) alpha_du alpha_pr  ls
 130  6.0888394e-01 3.83e+00 3.91e+08   2.9 1.89e+01    -  2.81e-01 3.94e-03h  2
 131  5.9942012e-01 3.15e+00 3.51e+08   2.9 1.86e+01    -  7.34e-03 1.71e-01h  1
 132  6.0310897e-01 3.01e+00 3.37e+08   2.9 2.01e+01    -  1.45e-02 4.54e-02h  1
 133  6.1132193e-01 3.00e+00 3.26e+08   2.9 6.80e+02    -  4.34e-04 7.70e-04h  1
 134  6.1385941e-01 3.00e+00 3.23e+08  -3.2 5.36e+02    -  3.78e-03 2.57e-04h  1
 135  6.4569309e-01 2.97e+00 3.13e+08   2.9 1.08e+02    -  6.70e-02 8.31e-03f  1
 136  7.8898259e-01 3.05e+00 3.77e+08   2.9 4.44e+02    -  4.99e-03 6.07e-03f  3
 137  8.1408936e-01 3.06e+00 3.92e+08   2.7 3.51e+02    -  3.20e-02 1.18e-03h  5
 138  8.4563436e-01 3.07e+00 4.10e+08   2.7 3.38e+02    -  3.06e-02 1.45e-03h  5
 139  9.8343285e-01 3.26e+00 4.79e+08   2.7 3.20e+02    -  1.10e-02 5.70e-03f  3
iter    objective    inf_pr   inf_du lg(mu)  ||d||  lg(rg) alpha_du alpha_pr  ls
 140  1.0078395e+00 3.26e+00 4.92e+08   2.7 3.11e+02    -  3.83e-02 1.15e-03h  5
 141  1.0312591e+00 3.26e+00 5.06e+08   2.7 2.93e+02    -  1.44e-02 1.28e-03h  5
 142  1.0538548e+00 3.27e+00 5.21e+08   2.7 2.79e+02    -  8.37e-02 1.41e-03h  5
 143  1.2806406e+00 3.70e+00 6.44e+08   2.7 2.15e+02    -  2.02e-03 1.85e-02f  2
 144  1.2961525e+00 3.69e+00 6.79e+08   2.7 2.06e+02    -  2.24e-02 6.17e-03f  3
 145  1.3032267e+00 3.66e+00 7.03e+08   2.7 1.96e+02    -  3.22e-04 7.37e-03f  3
 146  1.3040955e+00 3.63e+00 7.22e+08   2.7 2.24e+02    -  3.59e-02 5.77e-03h  2
 147  1.2975309e+00 3.59e+00 7.29e+08   2.7 2.18e+02    -  1.52e-02 5.44e-03h  3
 148  1.2931837e+00 3.58e+00 7.33e+08   2.7 2.28e+02    -  5.29e-02 1.99e-03h  4
 149  1.2917982e+00 3.58e+00 7.33e+08   2.7 2.06e+02    -  3.27e-02 5.57e-04h  5
iter    objective    inf_pr   inf_du lg(mu)  ||d||  lg(rg) alpha_du alpha_pr  ls
 150  1.2914291e+00 3.58e+00 7.33e+08   2.7 1.87e+02    -  8.62e-02 1.66e-04h  7
 151  1.3067761e+00 3.51e+00 7.47e+08   2.7 1.47e+02    -  5.54e-02 1.79e-02h  2
 152  1.2932030e+00 3.52e+00 7.59e+08   2.7 1.71e+02    -  9.85e-02 1.02e-02h  3
 153  1.2410707e+00 3.51e+00 7.58e+08   2.7 1.05e+02    -  1.11e-03 1.41e-02f  3
 154  1.2027218e+00 3.43e+00 7.57e+08   2.7 1.31e+02    -  6.91e-02 2.11e-02f  2
 155  1.3084525e+00 3.59e+00 7.57e+08   2.7 1.27e+02    -  7.36e-02 3.60e-02h  2
 156  1.5756324e+00 4.19e+00 7.22e+08   2.7 1.00e+02    -  8.78e-02 6.01e-02h  1
 157  1.5759094e+00 4.19e+00 7.21e+08   2.7 5.28e+01    -  8.35e-02 1.02e-03h  1
 158  1.6251745e+00 4.24e+00 6.80e+08   2.7 8.78e+01    -  1.05e-03 3.34e-02h  1
 159  1.6398999e+00 3.93e+00 6.50e+08   2.7 8.41e+01    -  6.51e-02 3.03e-02h  2
iter    objective    inf_pr   inf_du lg(mu)  ||d||  lg(rg) alpha_du alpha_pr  ls
 160  1.6489550e+00 3.79e+00 6.39e+08   2.7 1.05e+02    -  4.16e-02 1.82e-02h  2
 161  1.6609753e+00 3.73e+00 6.37e+08   2.7 2.48e+02    -  3.04e-04 4.84e-03f  2
 162  1.6639883e+00 3.58e+00 6.38e+08   2.7 1.80e+02    -  2.45e-02 7.77e-03h  1
 163  1.6563361e+00 3.31e+00 6.42e+08   2.7 1.41e+02    -  9.69e-03 1.23e-02h  1
 164  1.6299163e+00 3.48e+00 6.52e+08   2.7 1.06e+02    -  2.72e-02 3.27e-02h  1
 165  1.6109978e+00 3.73e+00 6.59e+08   2.7 1.93e+02    -  8.37e-05 1.57e-02f  2
 166  1.5857016e+00 3.72e+00 6.68e+08   2.7 2.77e+02    -  2.29e-02 5.15e-03f  2
 167  1.5953535e+00 3.55e+00 6.95e+08   2.7 2.89e+02    -  8.67e-03 1.48e-02f  2
 168  1.9607783e+00 3.35e+00 7.00e+08   2.7 2.30e+02    -  3.14e-02 2.04e-02h  2
 169  2.1038760e+00 3.10e+00 6.51e+08   2.7 3.86e+01    -  1.33e-01 7.43e-02h  1
iter    objective    inf_pr   inf_du lg(mu)  ||d||  lg(rg) alpha_du alpha_pr  ls
 170  2.1223851e+00 3.12e+00 6.40e+08   2.7 3.19e+01    -  5.36e-02 2.11e-02h  1
 171  2.1204931e+00 3.09e+00 6.49e+08   2.7 3.10e+01    -  7.57e-03 2.11e-02h  1
 172  2.1260702e+00 3.08e+00 6.61e+08   2.7 9.62e+01    -  1.82e-02 1.29e-02f  4
 173  2.1312286e+00 3.08e+00 7.09e+08   2.7 1.07e+02    -  5.24e-02 2.30e-02f  3
 174  2.1099477e+00 3.10e+00 6.94e+08   2.7 9.30e+01    -  4.42e-03 1.02e-02f  4
 175  2.0810178e+00 3.22e+00 7.52e+08   2.7 5.78e+01    -  9.16e-02 3.52e-02f  3
 176  2.0598638e+00 3.23e+00 7.48e+08   2.7 6.90e+01    -  6.21e-02 1.38e-02h  4
 177  2.0332823e+00 3.31e+00 7.17e+08   2.7 9.06e+01    -  6.89e-02 1.78e-02f  3
 178  2.0216758e+00 3.33e+00 7.31e+08   2.7 9.56e+01    -  3.37e-02 1.40e-02h  2
 179  2.0248100e+00 3.32e+00 7.41e+08   2.7 1.60e+02    -  4.33e-02 7.94e-03h  1
iter    objective    inf_pr   inf_du lg(mu)  ||d||  lg(rg) alpha_du alpha_pr  ls
 180  2.0351341e+00 3.33e+00 7.39e+08   2.7 1.23e+02    -  2.86e-02 1.11e-02f  3
 181  2.1341699e+00 3.41e+00 7.55e+08   2.7 1.50e+02    -  7.94e-03 2.40e-02h  1
 182  2.1811987e+00 3.48e+00 7.52e+08   2.7 1.63e+02    -  4.59e-02 1.36e-02f  2
 183  2.2550284e+00 3.44e+00 7.71e+08   2.7 1.16e+02    -  1.35e-02 2.45e-02f  2
 184  2.2402642e+00 3.41e+00 7.73e+08   2.7 1.14e+02    -  2.46e-02 9.78e-03f  2
 185  2.2044213e+00 3.38e+00 7.80e+08   2.7 1.69e+02    -  7.97e-04 1.27e-02f  2
 186  2.1612444e+00 3.36e+00 7.64e+08   2.7 9.41e+01    -  2.64e-02 1.07e-02h  2
 187  2.0944508e+00 3.32e+00 7.47e+08   2.7 1.13e+02    -  4.04e-02 1.27e-02h  1
 188  2.0745508e+00 3.31e+00 7.39e+08   2.7 1.27e+02    -  1.15e-02 4.42e-03h  1
 189  2.0224221e+00 3.28e+00 7.04e+08   2.7 1.17e+02    -  3.45e-02 1.85e-02h  1
iter    objective    inf_pr   inf_du lg(mu)  ||d||  lg(rg) alpha_du alpha_pr  ls
 190  1.9900603e+00 3.26e+00 6.74e+08   2.7 5.61e+02    -  2.13e-02 6.49e-03h  1
 191  1.9881403e+00 3.24e+00 6.48e+08   2.7 2.36e+01    -  6.49e-03 1.69e-02f  3
 192  1.9639988e+00 3.15e+00 5.62e+08   2.7 9.25e+00    -  2.67e-03 1.14e-01H  1
 193  1.9635823e+00 3.15e+00 5.59e+08   2.7 2.35e+01    -  1.14e-01 1.67e-03h  1
 194  1.9443611e+00 3.12e+00 5.38e+08   2.7 3.38e+01    -  9.90e-03 1.26e-02f  2
 195  1.9187923e+00 3.08e+00 5.09e+08   2.7 3.21e+01    -  6.09e-02 1.87e-02h  1
 196  1.8900940e+00 3.03e+00 4.76e+08   2.7 2.82e+01    -  5.41e-02 2.45e-02h  1
 197  1.8349905e+00 3.03e+00 4.59e+08   2.7 2.91e+02    -  1.65e-02 4.92e-03f  3
 198  1.7781855e+00 2.97e+00 4.14e+08   2.7 3.53e+01    -  4.81e-02 2.98e-02h  2
 199  1.7410714e+00 2.92e+00 3.87e+08   2.7 3.72e+01    -  1.53e-03 1.95e-02f  2
iter    objective    inf_pr   inf_du lg(mu)  ||d||  lg(rg) alpha_du alpha_pr  ls
 200  1.6974642e+00 2.85e+00 3.55e+08   2.7 3.71e+01    -  1.48e-01 2.54e-02h  1
 201  1.6416445e+00 2.84e+00 3.83e+08   2.7 3.10e+02    -  2.95e-03 5.99e-03f  2
 202  1.6143075e+00 2.69e+00 3.65e+08   2.7 2.18e+01    -  3.09e-01 5.22e-02H  1
 203  1.5973176e+00 2.64e+00 3.43e+08   2.7 1.88e+01    -  2.11e-01 5.49e-02h  1
 204  1.5924284e+00 2.58e+00 3.37e+08   2.7 1.67e+01    -  7.78e-02 3.81e-02h  3
 205  1.5802342e+00 2.53e+00 3.41e+08   2.9 3.30e+02    -  2.05e-02 8.58e-03h  2
 206  1.5747260e+00 2.48e+00 3.07e+08   2.9 9.45e+01    -  1.18e-01 2.95e-02f  2
 207  1.6168046e+00 3.15e+00 3.67e+08   2.9 7.64e+01    -  2.35e-01 6.00e-02f  2
 208  1.6300524e+00 3.32e+00 4.12e+08   2.9 5.16e+01    -  3.88e-03 4.19e-02f  2
 209  1.6214567e+00 3.32e+00 4.03e+08   2.9 2.86e+02    -  1.65e-02 9.21e-04h  1
iter    objective    inf_pr   inf_du lg(mu)  ||d||  lg(rg) alpha_du alpha_pr  ls
 210  1.6209125e+00 3.31e+00 4.03e+08   2.9 6.98e+01    -  4.89e-02 1.97e-04h  1
 211  1.5938715e+00 3.35e+00 4.20e+08   2.9 6.11e+01    -  8.16e-02 1.36e-02f  3
 212  1.5691368e+00 3.39e+00 4.37e+08   2.9 5.92e+01    -  4.72e-02 1.50e-02f  3
 213  1.6441036e+00 3.39e+00 4.59e+08   2.9 3.56e+02    -  7.94e-04 9.83e-03f  2
 214  1.6446074e+00 3.40e+00 4.56e+08   2.9 3.46e+02    -  5.18e-02 2.83e-03f  4
 215  1.6444700e+00 3.40e+00 4.55e+08   2.9 3.17e+02    -  4.95e-03 2.44e-03f  4
 216  1.6446070e+00 3.40e+00 4.56e+08   2.9 2.94e+02    -  7.54e-02 2.13e-03h  4
 217  1.6456656e+00 3.40e+00 4.58e+08   2.9 2.39e+02    -  9.42e-03 2.51e-03f  4
 218  1.6481826e+00 3.40e+00 4.62e+08   2.9 2.15e+02    -  1.01e-02 2.62e-03f  4
 219  1.6539198e+00 3.40e+00 4.67e+08   2.9 1.91e+02    -  2.67e-04 2.76e-03f  4
iter    objective    inf_pr   inf_du lg(mu)  ||d||  lg(rg) alpha_du alpha_pr  ls
 220  1.6725880e+00 3.40e+00 4.78e+08   2.9 1.76e+02    -  9.41e-02 5.03e-03f  3
 221  1.7815889e+00 3.44e+00 5.55e+08   2.9 2.51e+02    -  4.43e-03 1.12e-02f  3
 222  1.8052019e+00 3.44e+00 5.97e+08   2.9 2.47e+02    -  1.10e-02 4.92e-03f  4
 223  1.8099258e+00 3.44e+00 6.11e+08   2.9 2.30e+02    -  6.10e-02 2.43e-03h  5
 224  1.8119813e+00 3.44e+00 6.16e+08   2.9 1.85e+02    -  2.70e-02 3.13e-03f  5
 225  1.8108172e+00 3.43e+00 6.13e+08   2.9 1.64e+02    -  1.02e-01 3.52e-03f  5
 226  1.8003646e+00 3.46e+00 5.60e+08   2.9 1.32e+02    -  4.27e-02 1.02e-02f  4
 227  1.7818566e+00 3.49e+00 5.63e+08   2.9 1.21e+02    -  5.53e-02 1.31e-02f  4
 228  1.8067603e+00 5.46e+00 4.15e+08   2.9 5.46e+01    -  1.83e-03 7.27e-02f  2
 229  1.7710606e+00 5.19e+00 3.48e+08   2.9 1.53e+01    -  2.21e-01 1.07e-01h  2
iter    objective    inf_pr   inf_du lg(mu)  ||d||  lg(rg) alpha_du alpha_pr  ls
 230  1.7139661e+00 4.27e+00 4.41e+08   2.9 6.76e+00    -  1.79e-01 1.93e-01f  2
 231  1.6438219e+00 3.99e+00 5.20e+08   2.9 1.99e+01    -  9.43e-02 8.13e-02h  2
 232  1.5713477e+00 3.83e+00 5.55e+08   2.9 2.57e+01    -  2.36e-03 5.03e-02f  2
 233  1.5286992e+00 3.77e+00 5.80e+08   2.9 6.69e+01    -  1.12e-01 1.46e-02f  2
 234  1.4841877e+00 3.69e+00 5.96e+08   2.9 5.11e+01    -  3.84e-02 1.91e-02h  1
 235  1.4667689e+00 3.66e+00 5.71e+08   2.9 7.00e+01    -  4.84e-03 2.32e-02h  1
 236  1.4360622e+00 3.59e+00 5.89e+08   2.9 4.40e+01    -  1.12e-01 1.92e-02h  1
 237  1.4309911e+00 3.62e+00 5.40e+08   2.9 2.33e+02    -  7.18e-03 9.80e-03f  3
 238  1.3811049e+00 3.68e+00 5.54e+08   2.9 7.57e+01    -  4.84e-02 4.35e-02f  2
 239  1.3328013e+00 4.02e+00 5.78e+08   2.9 3.24e+01    -  1.03e-01 1.35e-01h  1
iter    objective    inf_pr   inf_du lg(mu)  ||d||  lg(rg) alpha_du alpha_pr  ls
 240  1.3299655e+00 3.67e+00 5.52e+08   2.9 1.25e+01    -  2.08e-03 1.37e-01f  1
 241  1.3514318e+00 3.69e+00 4.91e+08   2.9 1.65e+02    -  3.09e-02 4.43e-03h  2
 242  1.3599950e+00 3.59e+00 4.59e+08  -2.7 1.05e+01    -  2.64e-02 4.35e-02h  1
 243  1.3600873e+00 3.59e+00 4.59e+08  -2.7 3.02e+01    -  2.31e-02 4.74e-05h  1
 244  1.3915422e+00 3.52e+00 4.62e+08   2.9 3.63e+01    -  7.56e-03 2.00e-02f  1
 245  1.4293967e+00 3.58e+00 4.17e+08   2.9 2.53e+01    -  5.75e-04 5.39e-02f  1
 246  1.4329229e+00 3.54e+00 4.11e+08   2.9 2.26e+01    -  1.03e-01 1.64e-02h  1
 247  1.5045919e+00 3.80e+00 3.48e+08   2.9 2.12e+01    -  7.25e-02 1.59e-01F  1
 248  1.5065292e+00 3.81e+00 3.41e+08   2.9 2.70e+02    -  4.43e-02 2.64e-03h  1
 249  1.4996945e+00 3.52e+00 2.94e+08   2.9 5.75e+00    -  1.61e-01 9.51e-02h  1
iter    objective    inf_pr   inf_du lg(mu)  ||d||  lg(rg) alpha_du alpha_pr  ls
 250  1.5331808e+00 3.27e+00 2.38e+08   2.9 1.07e+01    -  4.80e-02 1.23e-01h  1
 251  1.5434182e+00 2.84e+00 1.99e+08   2.9 7.19e+00    -  1.28e-01 1.66e-01f  1
 252  1.6032750e+00 1.60e+00 2.39e+08   2.9 5.34e+00    -  1.84e-02 7.14e-01h  1
 253  1.5914576e+00 1.69e+00 2.40e+08   2.9 1.95e+02    -  2.56e-02 9.90e-03h  3
 254  1.5748319e+00 1.37e+00 2.22e+08   2.9 3.93e+00    -  2.58e-01 1.95e-01h  1
 255  1.5664116e+00 1.17e+00 1.99e+08   2.9 4.99e+00    -  2.09e-02 1.64e-01f  1
 256  1.5706544e+00 1.16e+00 2.00e+08   2.9 2.13e+01    -  1.71e-01 1.67e-02h  1
 257  1.5798882e+00 1.14e+00 2.76e+08   2.9 8.49e+01    -  3.74e-02 1.82e-02f  2
 258  1.5425290e+00 1.42e+00 3.95e+08   2.8 7.36e+01    -  2.50e-02 3.96e-02f  2
 259  1.5321709e+00 1.42e+00 4.11e+08   2.9 1.57e+02    -  9.94e-02 3.62e-03f  4
iter    objective    inf_pr   inf_du lg(mu)  ||d||  lg(rg) alpha_du alpha_pr  ls
 260  1.5166342e+00 2.19e+00 4.74e+08   2.9 1.53e+02    -  5.64e-03 3.28e-02f  2
 261  1.4780796e+00 2.19e+00 4.87e+08   2.9 1.78e+02    -  5.23e-02 4.73e-03h  3
 262  1.3799361e+00 2.09e+00 4.11e+08   2.9 1.93e+01    -  6.00e-02 1.32e-01h  1
 263  1.3287236e+00 1.89e+00 3.82e+08   2.9 1.86e+01    -  1.85e-01 1.19e-01h  1
 264  1.3255220e+00 1.86e+00 3.80e+08   2.9 1.02e+01    -  7.76e-02 1.23e-02h  1
 265  1.3418665e+00 1.84e+00 4.56e+08   2.9 2.01e+02    -  3.19e-02 1.47e-02f  2
 266  1.4190703e+00 2.36e+00 3.89e+08   2.8 1.49e+01    -  2.82e-02 2.24e-01f  1
 267  1.4852786e+00 2.11e+00 2.54e+08   2.8 7.58e+00    -  2.53e-01 2.91e-01h  1
 268  1.5126067e+00 1.85e+00 2.43e+08   2.9 7.50e+00    -  8.96e-02 1.33e-01f  1
 269  1.5636736e+00 1.83e+00 3.17e+08   2.9 3.40e+02    -  2.18e-02 6.20e-03h  1
iter    objective    inf_pr   inf_du lg(mu)  ||d||  lg(rg) alpha_du alpha_pr  ls
 270  2.7245828e+00 4.26e+00 7.56e+08   2.9 1.73e+02    -  3.04e-02 8.53e-02f  1
 271  2.7187094e+00 4.23e+00 7.47e+08   2.7 2.35e+01    -  7.75e-03 8.21e-03h  1
 272  2.6919301e+00 4.00e+00 6.88e+08   2.7 2.25e+01    -  6.62e-02 5.53e-02f  1
 273  2.6543032e+00 3.73e+00 6.14e+08   2.7 2.27e+01    -  3.78e-03 7.31e-02f  1
 274  2.6291445e+00 3.58e+00 5.77e+08   2.7 2.04e+01    -  1.51e-01 4.07e-02h  1
 275  2.5074624e+00 3.22e+00 5.06e+08   2.7 1.19e+02    -  2.11e-02 5.03e-02f  2
 276  2.4631877e+00 2.42e+00 3.69e+08   2.7 7.07e+00    -  6.43e-02 8.28e-01h  1
 277  2.4543803e+00 2.29e+00 3.35e+08   2.9 1.99e+01    -  4.18e-02 6.61e-02h  1
 278  2.3485425e+00 1.56e+00 3.11e+08   2.9 6.02e+00    -  8.23e-02 2.40e-01f  1
 279  2.3236099e+00 1.41e+00 3.03e+08   2.9 2.14e+01    -  1.44e-01 4.12e-02h  1
iter    objective    inf_pr   inf_du lg(mu)  ||d||  lg(rg) alpha_du alpha_pr  ls
 280  2.3119686e+00 1.22e+00 2.88e+08   2.9 1.77e+01    -  1.23e-02 7.55e-02f  1
 281  2.3104633e+00 1.22e+00 2.86e+08   2.9 3.12e+01    -  1.19e-01 3.58e-03h  1
 282  2.5137849e+00 2.29e+00 4.27e+08   2.9 2.41e+01    -  2.00e-01 3.14e-01f  1
 283  2.3783017e+00 1.37e+00 5.64e+08   2.7 6.60e+00    -  1.71e-02 1.00e+00f  1
 284  2.3458657e+00 1.28e+00 2.51e+08   2.7 1.15e+01    -  8.93e-02 1.88e-01f  1
 285  2.4003972e+00 2.96e+00 5.76e+08   2.7 3.60e+02    -  1.58e-02 2.67e-02f  2
 286  2.1965193e+00 8.59e-01 5.46e+08   2.7 5.53e+00    -  8.76e-02 8.60e-01f  1
 287  2.1941613e+00 8.51e-01 5.45e+08   2.9 1.03e+01    -  4.21e-02 8.82e-03h  1
 288  2.2422719e+00 6.40e-01 4.58e+08   2.9 1.20e+01    -  1.25e-02 3.01e-01f  1
 289  2.4853679e+00 8.41e-01 7.63e+08   2.8 2.53e+02    -  1.75e-02 1.39e-02f  2
iter    objective    inf_pr   inf_du lg(mu)  ||d||  lg(rg) alpha_du alpha_pr  ls
 290  2.5250483e+00 8.21e-01 7.75e+08   2.8 1.96e+01    -  1.06e-01 3.96e-02h  1
 291  2.7431320e+00 1.10e+00 7.63e+08   2.8 1.70e+01    -  2.32e-02 1.74e-01f  1
 292  2.7501077e+00 1.08e+00 7.63e+08   2.8 1.30e+01    -  7.43e-03 1.16e-02f  2
 293  2.7482367e+00 1.09e+00 7.56e+08   2.8 2.51e+02    -  3.12e-03 4.74e-03f  2
 294  2.7591431e+00 1.07e+00 7.15e+08   2.8 5.96e+01    -  4.28e-02 1.45e-02h  2
 295  2.7687517e+00 1.06e+00 6.83e+08   2.8 5.46e+01    -  4.33e-02 1.25e-02f  2
 296  2.7796488e+00 1.04e+00 6.44e+08   2.8 4.86e+01    -  1.49e-02 1.55e-02h  1
 297  2.7657559e+00 1.04e+00 6.48e+08   2.8 1.89e+02    -  5.33e-02 2.23e-03h  3
 298  2.7300676e+00 9.49e-01 4.99e+08   2.8 2.68e+01    -  2.28e-03 7.01e-02f  1
 299  2.8504913e+00 1.29e+00 6.11e+08   2.8 2.82e+01    -  3.33e-02 2.02e-01f  1
iter    objective    inf_pr   inf_du lg(mu)  ||d||  lg(rg) alpha_du alpha_pr  ls
 300  2.8798430e+00 1.23e+00 5.79e+08   2.8 1.78e+01    -  9.03e-02 7.44e-02h  1
 301  3.1511799e+00 1.27e+00 5.67e+08   2.8 4.54e+02    -  6.22e-03 3.73e-03f  3
 302  4.3826741e+00 2.45e+00 5.71e+08   2.8 6.31e+01    -  7.79e-02 1.29e-01F  1
 303  4.3835984e+00 2.45e+00 5.71e+08   2.8 2.76e+01    -  2.39e-03 3.47e-03f  2
 304  4.3845003e+00 2.44e+00 5.70e+08   2.8 3.04e+01    -  7.81e-02 2.21e-03h  2
 305  4.5390934e+00 2.52e+00 6.21e+08   2.8 6.10e+02    -  9.85e-04 8.83e-03f  1
 306  4.5394276e+00 2.52e+00 6.21e+08   2.8 1.12e+02    -  2.02e-03 1.15e-03f  2
 307  4.5415634e+00 2.51e+00 6.19e+08   2.8 1.19e+02    -  1.27e-02 2.64e-03f  2
 308  4.9778847e+00 3.13e+00 4.99e+08   2.8 1.15e+02    -  5.63e-03 9.77e-02f  1
 309  5.0019614e+00 3.13e+00 5.02e+08   2.8 7.09e+02    -  1.16e-02 5.77e-04h  1
iter    objective    inf_pr   inf_du lg(mu)  ||d||  lg(rg) alpha_du alpha_pr  ls
 310  5.7236788e+00 5.66e+00 6.96e+08   2.8 8.18e+01    -  8.73e-02 1.19e-01f  1
 311  5.7232069e+00 5.65e+00 6.96e+08   2.8 1.94e+01    -  1.84e-01 6.39e-04h  4
 312  5.7048417e+00 5.55e+00 7.00e+08   2.8 1.72e+01    -  4.05e-02 1.88e-02f  2
 313  5.6946327e+00 5.55e+00 6.93e+08   2.8 2.27e+02    -  2.94e-04 1.40e-03f  2
 314  5.6839647e+00 5.54e+00 6.88e+08   2.8 2.29e+02    -  1.96e-02 1.05e-03f  2
 315  5.6229846e+00 5.55e+00 6.49e+08   2.8 2.11e+02    -  2.31e-03 6.96e-03f  2
 316  5.5842955e+00 5.53e+00 6.22e+08   2.8 1.79e+02    -  7.47e-02 4.93e-03f  3
 317  5.5997251e+00 5.64e+00 6.75e+08   2.8 4.14e+02    -  5.71e-03 1.17e-02f  2
 318  5.5322599e+00 5.45e+00 6.97e+08   2.8 9.29e+01    -  1.78e-01 3.43e-02h  2
 319  5.4354920e+00 5.13e+00 7.85e+08   2.8 6.23e+01    -  1.14e-02 5.30e-02h  1
iter    objective    inf_pr   inf_du lg(mu)  ||d||  lg(rg) alpha_du alpha_pr  ls
 320  5.4311018e+00 5.12e+00 7.87e+08   2.8 4.03e+01    -  2.92e-01 1.89e-03h  2
 321  5.3128621e+00 5.06e+00 7.20e+08   2.8 2.75e+02    -  1.17e-02 6.50e-03h  3
 322  5.1574566e+00 4.83e+00 7.18e+08   2.8 2.02e+02    -  9.02e-03 1.44e-02f  2
 323  5.1788345e+00 4.49e+00 6.96e+08   2.8 1.71e+02    -  1.11e-04 1.76e-02f  2
 324  5.3292790e+00 4.39e+00 6.91e+08   2.8 4.54e+02    -  2.79e-02 7.35e-03f  3
 325  5.3606475e+00 4.36e+00 6.81e+08   2.8 4.12e+02    -  1.47e-02 3.95e-03f  4
 326  5.4173717e+00 4.28e+00 6.70e+08   2.8 3.51e+02    -  6.41e-02 6.93e-03h  3
 327  5.4581941e+00 4.22e+00 6.74e+08   2.8 2.61e+02    -  3.44e-02 5.63e-03h  3
 328  5.5432281e+00 4.13e+00 7.58e+08   2.8 2.57e+02    -  7.22e-02 9.10e-03h  2
 329  5.5685419e+00 4.11e+00 8.01e+08   2.8 1.82e+02    -  1.70e-01 3.76e-03h  3
iter    objective    inf_pr   inf_du lg(mu)  ||d||  lg(rg) alpha_du alpha_pr  ls
 330  5.6992301e+00 4.04e+00 8.72e+08   2.8 1.34e+02    -  7.98e-02 1.75e-02h  3
 331  6.2829268e+00 4.30e+00 7.91e+08   2.8 9.66e+01    -  3.79e-02 4.60e-02f  2
 332  7.1620241e+00 4.45e+00 5.27e+08   2.8 1.16e+02    -  6.16e-04 3.60e-02f  2
 333  7.6882610e+00 4.40e+00 5.34e+08   2.8 1.88e+02    -  3.78e-02 2.87e-02h  1
 334  7.7393373e+00 4.34e+00 5.57e+08   2.8 1.78e+02    -  5.76e-02 1.62e-02f  2
 335  7.8281925e+00 4.31e+00 5.99e+08   2.8 2.65e+02    -  2.62e-02 1.82e-02f  2
 336  7.8602141e+00 4.29e+00 6.44e+08   2.8 3.50e+02    -  1.36e-02 5.70e-03f  3
 337  7.8886148e+00 4.28e+00 6.61e+08   2.8 3.68e+02    -  2.24e-02 4.38e-03f  3
 338  7.9055453e+00 4.26e+00 6.67e+08   2.8 3.10e+02    -  5.22e-02 4.25e-03f  3
 339  8.0165032e+00 4.02e+00 7.41e+08   2.8 2.63e+02    -  6.88e-04 3.21e-02f  1
iter    objective    inf_pr   inf_du lg(mu)  ||d||  lg(rg) alpha_du alpha_pr  ls
 340  7.9272253e+00 3.99e+00 7.42e+08   2.8 1.64e+02    -  1.40e-02 1.13e-02f  2
 341  7.8483025e+00 3.96e+00 8.02e+08   2.8 2.22e+02    -  1.67e-02 9.53e-03f  3
 342  7.8010863e+00 3.91e+00 8.58e+08   2.8 2.08e+02    -  1.70e-02 1.33e-02f  3
 343  7.7912936e+00 3.90e+00 8.70e+08   2.8 2.91e+02    -  4.08e-03 2.83e-03f  5
 344  7.7801753e+00 3.89e+00 8.82e+08   2.8 2.78e+02    -  6.68e-02 5.18e-03f  4
 345  7.7733812e+00 3.88e+00 8.81e+08   2.8 2.93e+02    -  1.30e-02 4.78e-03f  4
 346  7.7741109e+00 3.87e+00 8.55e+08   2.8 2.74e+02    -  9.50e-02 9.50e-03f  3
 347  7.8445975e+00 3.92e+00 7.41e+08   2.8 2.51e+02    -  5.30e-02 1.14e-02f  3
 348  7.8411894e+00 3.92e+00 7.69e+08   2.8 2.15e+02    -  7.01e-02 7.32e-03f  4
 349  7.8556034e+00 4.27e+00 8.09e+08   2.8 1.71e+02    -  3.16e-02 2.65e-02f  3
iter    objective    inf_pr   inf_du lg(mu)  ||d||  lg(rg) alpha_du alpha_pr  ls
 350  7.6952486e+00 4.41e+00 7.49e+08   2.8 1.30e+02    -  3.50e-02 1.57e-02f  2
 351  7.4639165e+00 4.72e+00 6.51e+08   2.8 8.91e+01    -  5.44e-02 3.26e-02f  2
 352  7.0471067e+00 5.94e+00 5.23e+08   2.8 4.73e+01    -  5.89e-02 1.25e-01f  2
 353  6.6905838e+00 5.63e+00 4.26e+08   2.8 7.01e+01    -  2.03e-03 6.34e-02f  2
 354  6.3632138e+00 5.09e+00 2.92e+08   2.8 5.29e+01    -  1.93e-01 8.81e-02h  1
 355  6.3573612e+00 5.08e+00 2.89e+08   2.8 3.61e+01    -  2.12e-01 1.99e-03h  2
 356  6.3085892e+00 5.00e+00 3.16e+08   2.8 3.07e+02    -  6.39e-02 7.22e-03h  3
 357  6.2356248e+00 4.05e+00 3.74e+08   2.8 7.99e+01    -  9.75e-02 1.05e-01f  2
 358  5.9904871e+00 2.22e+00 3.72e+08   2.8 1.28e+01    -  1.30e-01 4.09e-01f  1
 359  5.5547740e+00 1.64e+00 2.48e+08   2.8 1.19e+01    -  1.98e-01 3.14e-01f  1
iter    objective    inf_pr   inf_du lg(mu)  ||d||  lg(rg) alpha_du alpha_pr  ls
 360  5.2452715e+00 1.65e+00 2.19e+08   2.8 1.48e+02    -  3.13e-02 1.36e-02f  3
 361  5.0320119e+00 1.66e+00 2.16e+08   2.8 1.32e+02    -  5.09e-02 1.14e-02f  3
 362  4.8232829e+00 1.67e+00 2.07e+08   2.8 1.09e+02    -  5.79e-02 1.42e-02f  4
 363  4.2952997e+00 2.12e+00 1.95e+08   2.8 8.42e+01    -  8.73e-02 5.51e-02f  2
 364  4.4001371e+00 2.06e+00 2.08e+08   2.8 6.59e+01    -  4.82e-02 2.72e-02f  2
 365  4.3990142e+00 1.61e+00 1.54e+08   2.8 9.10e+00    -  1.87e-01 2.17e-01h  1
 366  4.3944937e+00 1.50e+00 1.54e+08   2.8 1.19e+01    -  1.58e-02 9.25e-02f  1
 367  4.4037109e+00 1.46e+00 1.49e+08   2.8 1.61e+01    -  1.28e-01 4.85e-02h  1
 368  4.4341966e+00 1.39e+00 1.39e+08   2.8 1.34e+01    -  4.77e-02 9.91e-02f  1
 369  4.5962281e+00 1.32e+00 1.11e+08   2.8 1.14e+01    -  2.45e-01 2.61e-01f  1
iter    objective    inf_pr   inf_du lg(mu)  ||d||  lg(rg) alpha_du alpha_pr  ls
 370  4.9921077e+00 1.30e+00 1.29e+08   2.8 2.96e+02    -  3.60e-02 1.90e-02h  1
 371  4.8504510e+00 4.41e-01 1.02e+08   2.8 3.54e+00    -  6.97e-02 7.77e-01f  1
 372  4.9394485e+00 2.59e-01 6.67e+07   2.9 2.62e+00    -  3.06e-01 5.55e-01f  1
 373  5.1915527e+00 2.15e-01 9.45e+07   2.9 4.59e+00    -  6.25e-02 5.15e-01f  1
 374  5.8572164e+00 9.47e-01 2.02e+08   2.8 1.08e+02    -  4.78e-03 5.97e-02f  2
 375  5.8945507e+00 9.42e-01 2.11e+08   2.8 4.12e+01    -  1.38e-01 1.14e-02h  1
 376  5.9484094e+00 9.39e-01 2.25e+08   2.8 4.35e+01    -  7.45e-02 2.06e-02f  4
 377  6.0341756e+00 9.49e-01 2.51e+08   2.8 3.79e+01    -  2.17e-01 4.14e-02f  3
 378  6.2119241e+00 8.97e-01 2.65e+08   2.8 2.54e+02    -  1.16e-02 1.60e-02f  2
 379  6.2743696e+00 7.36e-01 2.30e+08   2.8 8.32e+00    -  1.31e-02 2.80e-01f  1
iter    objective    inf_pr   inf_du lg(mu)  ||d||  lg(rg) alpha_du alpha_pr  ls
 380  6.2790209e+00 7.33e-01 2.33e+08   2.8 2.80e+01    -  1.32e-01 4.98e-03h  1
 381  6.3539125e+00 7.28e-01 2.60e+08   2.8 4.31e+01    -  1.37e-01 3.52e-02f  3
 382  6.4727786e+00 7.36e-01 2.97e+08   2.8 3.75e+01    -  9.34e-03 6.47e-02f  2
 383  6.5802898e+00 7.52e-01 3.28e+08   2.8 2.82e+01    -  6.22e-02 9.46e-02h  1
 384  6.8107088e+00 1.73e+00 3.24e+08   2.8 2.36e+02    -  2.73e-02 2.66e-02f  2
 385  6.7951765e+00 1.68e+00 3.16e+08   2.8 4.23e+00    -  1.06e-01 2.65e-02f  2
 386  6.4727465e+00 7.43e-01 1.47e+08   2.8 4.22e+00    -  2.06e-01 5.83e-01f  1
 387  6.1382834e+00 4.72e-01 1.34e+08   2.8 4.92e+00    -  9.90e-03 7.55e-01f  1
 388  6.3895700e+00 2.77e+00 4.48e+08   2.8 1.73e+02    -  9.81e-02 6.01e-02f  2
 389  6.2483347e+00 1.17e+00 3.43e+08   2.8 7.03e+00    -  1.34e-01 9.29e-01f  1
iter    objective    inf_pr   inf_du lg(mu)  ||d||  lg(rg) alpha_du alpha_pr  ls
 390  6.1741929e+00 1.37e+00 4.08e+08   2.8 1.55e+01    -  1.52e-01 6.64e-01f  1
 391  6.0271689e+00 8.24e-01 1.87e+08   2.8 6.11e+00    -  8.17e-02 5.64e-01f  1
 392  5.9806749e+00 7.12e-01 1.02e+08   2.8 6.10e+00    -  9.92e-02 4.81e-01f  1
 393  5.9581939e+00 7.18e-01 1.04e+08   2.8 1.98e+01    -  9.66e-02 5.04e-02h  1
 394  5.9482407e+00 7.15e-01 1.06e+08   2.8 2.95e+01    -  3.74e-02 4.40e-03h  1
 395  5.7128923e+00 9.87e-01 1.76e+08   2.8 1.23e+02    -  4.50e-02 3.58e-02f  2
 396  5.5450325e+00 1.16e+00 2.53e+08   2.8 7.44e+01    -  1.02e-01 4.02e-02f  2
 397  5.4067759e+00 1.21e+00 2.97e+08   2.8 4.65e+01    -  8.49e-02 5.08e-02f  2
 398  5.4221499e+00 1.21e+00 3.30e+08   2.8 5.37e+02    -  1.58e-02 2.84e-03h  3
 399  5.3465224e+00 9.24e-01 2.34e+08   2.8 9.69e+00    -  2.77e-02 2.45e-01f  1
iter    objective    inf_pr   inf_du lg(mu)  ||d||  lg(rg) alpha_du alpha_pr  ls
 400  5.2843700e+00 9.15e-01 2.89e+08   2.8 4.38e+01    -  2.96e-01 4.71e-02f  2
 401  5.2634365e+00 1.28e+00 2.87e+08   2.8 1.84e+01    -  2.15e-01 3.68e-01f  1
 402  4.9479551e+00 8.43e-01 3.09e+08   2.8 6.41e+00    -  5.13e-03 1.00e+00f  1
 403  4.9939703e+00 1.14e+00 2.44e+08   2.8 5.63e+00    -  1.73e-01 1.00e+00f  1
 404  5.1770310e+00 1.20e+00 2.66e+08   2.8 2.33e+01    -  5.24e-02 1.30e-01f  2
 405  5.4041027e+00 1.22e+00 3.65e+08   2.8 2.07e+01    -  5.62e-02 1.44e-01f  2
 406  5.6869047e+00 8.27e-01 5.00e+08   2.8 1.90e+01    -  5.38e-02 4.10e-01H  1
 407  5.7380162e+00 8.25e-01 4.88e+08   2.8 8.57e+02    -  3.62e-02 1.02e-03h  5
 408  6.2321583e+00 9.19e-01 4.40e+08   2.8 1.06e+02    -  1.31e-01 5.00e-02f  2
 409  6.4701348e+00 9.52e-01 4.10e+08   2.8 5.36e+01    -  9.23e-02 4.34e-02f  3
iter    objective    inf_pr   inf_du lg(mu)  ||d||  lg(rg) alpha_du alpha_pr  ls
 410  6.7527351e+00 9.95e-01 3.65e+08   2.8 3.26e+01    -  3.57e-01 7.28e-02f  3
 411  7.5564305e+00 1.10e+00 4.32e+08   2.8 3.70e+02    -  4.35e-03 1.57e-02f  2
 412  7.7767425e+00 1.21e+00 4.12e+08   2.8 4.22e+02    -  2.81e-03 9.12e-03f  2
 413  7.8070847e+00 1.20e+00 4.07e+08   2.8 7.34e+02    -  2.90e-02 1.04e-03h  5
 414  7.8777885e+00 1.20e+00 4.09e+08   2.8 6.97e+02    -  4.00e-02 3.22e-03f  4
 415  8.1027852e+00 1.33e+00 4.62e+08   2.8 5.07e+02    -  2.95e-03 1.44e-02f  2
 416  8.2169645e+00 1.35e+00 3.93e+08   2.8 5.02e+02    -  2.58e-02 6.61e-03f  4
 417  8.9205629e+00 3.11e+00 5.41e+08   2.8 5.47e+02    -  2.43e-02 2.30e-02f  2
 418  8.8665430e+00 2.78e+00 4.20e+08   2.8 2.12e+01    -  1.90e-01 1.44e-01f  2
 419  9.0722050e+00 2.58e+00 4.32e+08   2.8 6.09e+01    -  1.84e-01 1.01e-01f  2
iter    objective    inf_pr   inf_du lg(mu)  ||d||  lg(rg) alpha_du alpha_pr  ls
 420  9.2606311e+00 2.75e+00 4.88e+08   2.8 1.95e+02    -  3.76e-02 2.30e-02f  3
 421  9.3883160e+00 2.33e+00 6.91e+08   2.8 2.63e+01    -  9.22e-02 2.15e-01F  1
 422  9.6098029e+00 2.54e+00 7.24e+08   2.8 4.25e+02    -  2.37e-02 8.00e-03f  3
 423  9.9650649e+00 3.03e+00 7.91e+08   2.8 3.70e+02    -  3.45e-03 1.30e-02f  2
 424  1.0118997e+01 3.13e+00 8.31e+08   2.8 6.78e+02    -  2.46e-02 7.25e-03f  2
 425  1.0253128e+01 3.13e+00 8.77e+08   2.8 6.03e+02    -  2.40e-02 7.61e-03f  3
 426  1.0586570e+01 3.08e+00 9.25e+08   2.8 2.12e+02    -  7.26e-02 3.94e-02f  2
 427  1.0662649e+01 2.84e+00 8.67e+08   2.8 7.07e+01    -  8.04e-03 1.00e-01f  1
 428  1.0469238e+01 2.56e+00 7.68e+08   2.8 2.70e+01    -  1.21e-01 1.23e-01h  1
 429  1.0721215e+01 2.69e+00 7.42e+08   2.8 6.04e+02    -  6.37e-03 9.92e-03f  3
iter    objective    inf_pr   inf_du lg(mu)  ||d||  lg(rg) alpha_du alpha_pr  ls
 430  1.1393252e+01 3.52e+00 7.02e+08   2.8 5.24e+02    -  1.46e-03 1.91e-02f  2
 431  1.1507917e+01 3.61e+00 6.52e+08   2.8 1.67e+02    -  5.86e-02 2.08e-02f  3
 432  1.1207163e+01 2.08e+00 2.22e+08   2.8 1.19e+01    -  1.00e+00 5.70e-01h  1
 433  1.1212801e+01 2.05e+00 2.16e+08   2.8 1.84e+01    -  4.05e-01 1.34e-02h  1
 434  1.1279223e+01 1.99e+00 2.00e+08   2.8 3.35e+01    -  1.43e-01 3.07e-02f  2
 435  1.1369543e+01 1.98e+00 1.95e+08   2.8 1.13e+02    -  9.61e-02 6.79e-03f  2
 436  1.1834233e+01 2.03e+00 1.94e+08   2.8 9.79e+01    -  1.02e-03 3.61e-02f  2
 437  1.2215897e+01 2.39e+00 2.19e+08   2.8 8.74e+01    -  1.22e-01 6.16e-02f  2
 438  1.2459097e+01 2.47e+00 2.29e+08   2.8 4.09e+02    -  2.65e-02 1.17e-02f  2
 439  1.2718981e+01 2.63e+00 2.06e+08   2.8 4.34e+02    -  2.89e-02 1.41e-02f  2
iter    objective    inf_pr   inf_du lg(mu)  ||d||  lg(rg) alpha_du alpha_pr  ls
 440  1.2847653e+01 2.97e+00 2.07e+08   2.8 4.06e+02    -  1.47e-02 1.51e-02f  3
 441  1.2544893e+01 3.15e+00 1.94e+08   2.8 2.85e+02    -  2.69e-02 2.27e-02f  3
 442  1.2028767e+01 3.08e+00 1.88e+08   2.8 6.75e+01    -  9.82e-02 8.68e-02f  2
 443  1.2139044e+01 2.71e+00 1.72e+08   2.8 1.98e+01    -  1.33e-01 3.37e-01F  1
 444  1.1873996e+01 5.20e+00 2.91e+08   2.8 7.58e+01    -  3.19e-01 1.21e-01f  2
 445  1.1419372e+01 2.04e+00 1.06e+08   2.8 1.01e+01    -  1.20e-01 9.36e-01f  1
 446  1.2270524e+01 1.17e+00 1.00e+08   2.8 9.40e+00    -  7.58e-02 9.32e-01f  1
 447  1.3004164e+01 2.03e+00 2.83e+08   2.8 8.91e+00    -  1.42e-01 1.00e+00f  1
 448  1.3039178e+01 1.92e+00 3.18e+08   2.8 4.70e+01    -  3.97e-01 5.13e-02f  2
 449  1.3241715e+01 1.63e+00 3.12e+08   2.8 2.45e+01    -  1.84e-01 1.20e-01h  1
iter    objective    inf_pr   inf_du lg(mu)  ||d||  lg(rg) alpha_du alpha_pr  ls
 450  1.3294603e+01 1.71e+00 3.03e+08   2.8 6.02e+01    -  1.11e-01 9.53e-02f  3
 451  1.1625971e+01 1.38e+01 4.01e+08   2.8 1.95e+01    -  5.37e-01 1.00e+00F  1
 452  1.2712911e+01 5.69e+00 5.90e+08   2.8 1.74e+01    -  1.97e-01 1.00e+00f  1
 453  1.2194277e+01 2.29e+00 1.45e+08   2.8 8.51e+00    -  5.32e-02 1.00e+00f  1
 454  1.1630204e+01 1.17e+00 1.05e+08   2.8 7.28e+00    -  4.13e-01 1.00e+00f  1
 455  1.1850903e+01 2.09e+00 2.29e+08   2.8 1.17e+01    -  1.49e-01 1.00e+00f  1
 456  1.2345164e+01 2.30e+00 2.51e+08   2.8 9.87e+00    -  3.06e-01 1.00e+00f  1
 457  1.1885695e+01 1.88e+00 3.05e+08   2.8 1.01e+01    -  1.14e-01 1.00e+00f  1
 458  1.1576244e+01 9.82e-01 1.53e+08   2.8 7.95e+00    -  6.25e-02 1.00e+00f  1
 459  1.1446256e+01 4.60e-01 8.73e+07   2.8 4.02e+00    -  7.02e-01 1.00e+00h  1
iter    objective    inf_pr   inf_du lg(mu)  ||d||  lg(rg) alpha_du alpha_pr  ls
 460  1.1503086e+01 1.77e+00 1.02e+08   2.9 8.35e+00    -  8.37e-01 1.00e+00f  1
 461  1.1304601e+01 3.12e+00 3.94e+08   2.8 1.22e+01    -  1.89e-02 1.00e+00f  1
 462  1.1223782e+01 1.47e+00 9.09e+07   2.8 1.08e+01    -  4.15e-01 1.00e+00f  1
 463  1.0856228e+01 2.69e-01 8.08e+07   2.8 4.58e+00    -  1.00e+00 1.00e+00f  1
 464  1.0385174e+01 2.05e-01 1.23e+08   2.9 2.91e+00    -  9.98e-01 1.00e+00f  1
 465  1.0371221e+01 1.26e-01 5.34e+07   2.9 2.82e+00    -  5.16e-01 1.00e+00f  1
 466  1.0855423e+01 9.88e-01 2.16e+08   2.9 8.78e+01    -  2.54e-01 9.89e-02f  3
 467  1.0875911e+01 9.52e-01 2.48e+08   2.8 6.03e+00    -  5.60e-01 1.00e+00f  1
 468  1.0996806e+01 9.54e-01 2.24e+08   2.8 1.00e+02    -  3.23e-01 2.03e-02h  3
 469  1.1168167e+01 9.32e-01 2.24e+08   2.8 8.66e+00    -  3.14e-01 2.65e-01h  1
iter    objective    inf_pr   inf_du lg(mu)  ||d||  lg(rg) alpha_du alpha_pr  ls
 470  1.2227529e+01 2.10e+00 3.27e+08   2.8 9.83e+00    -  4.91e-01 1.00e+00f  1
 471  1.1665629e+01 9.68e-01 1.98e+08   2.8 6.76e+00    -  6.43e-01 7.66e-01h  1
 472  1.1553681e+01 4.25e-01 7.60e+07   2.8 5.68e+00    -  1.00e+00 1.00e+00f  1
 473  1.0988877e+01 1.66e-01 9.72e+07   2.8 9.57e+00    -  3.74e-01 6.61e-01H  1
 474  1.0810629e+01 7.24e-02 8.33e+07   2.8 2.93e+00    -  1.00e+00 1.00e+00f  1
 475  1.0626439e+01 5.16e-02 7.29e+07   2.1 2.45e+00    -  8.66e-01 1.00e+00H  1
 476  1.0670549e+01 2.53e-02 5.95e+07   1.1 1.62e+00    -  1.00e+00 9.89e-01H  1
 477  1.0713034e+01 1.39e-02 6.42e+07  -0.0 9.20e-01    -  8.57e-01 1.00e+00H  1
 478  1.0848945e+01 1.21e-01 5.51e+07   2.4 1.31e+00    -  1.13e-01 1.00e+00f  1
 479  1.0855271e+01 1.18e-01 5.99e+07   1.6 6.18e+00    -  1.00e+00 5.15e-02h  3
iter    objective    inf_pr   inf_du lg(mu)  ||d||  lg(rg) alpha_du alpha_pr  ls
 480  1.0933053e+01 9.22e-02 8.05e+07   1.6 2.48e+00    -  3.60e-01 3.67e-01H  1
 481  1.0977549e+01 9.17e-02 7.91e+07   1.6 9.74e+00    -  3.26e-01 9.21e-02f  4
 482  1.1000102e+01 2.43e-02 4.94e+07   1.6 8.96e-01    -  1.00e+00 7.25e-01h  1
 483  1.1002904e+01 1.37e-02 4.49e+07   1.6 7.33e-01    -  1.00e+00 1.00e+00h  1
 484  1.0965714e+01 1.24e-02 8.40e+07   1.6 1.87e+00    -  1.00e+00 1.00e+00F  1
 485  1.0845596e+01 3.76e-02 6.35e+07   1.6 1.20e+00    -  1.31e-01 1.00e+00F  1
 486  1.0823272e+01 1.41e-02 4.56e+07   1.6 1.62e+00    -  5.45e-01 1.00e+00F  1
 487  1.0798095e+01 1.62e-02 4.78e+07   2.6 6.57e-01    -  1.00e+00 1.00e+00f  1
 488  1.0774963e+01 1.56e-02 3.77e+07   2.5 4.33e+00    -  1.00e+00 8.94e-01H  1
 489  1.0781954e+01 1.55e-02 2.88e+07   1.7 1.79e+00    -  1.00e+00 1.00e+00H  1
iter    objective    inf_pr   inf_du lg(mu)  ||d||  lg(rg) alpha_du alpha_pr  ls
 490  1.0850310e+01 3.50e-02 8.62e+07   1.9 1.01e+00    -  1.00e+00 1.00e+00f  1
 491  1.1178721e+01 4.02e-01 3.01e+08   1.8 3.93e+00    -  1.00e+00 1.00e+00f  1
 492  1.0817876e+01 5.03e-01 2.68e+08   1.8 7.08e+00    -  5.29e-01 1.00e+00H  1
 493  1.0868343e+01 5.04e-01 2.55e+08   1.8 1.59e+03    -  6.28e-03 1.18e-03h  5
 494  1.0868392e+01 5.51e-02 1.06e+08   1.8 1.37e+00    -  1.00e+00 8.83e-01h  1
 495  1.0865366e+01 1.17e-01 1.33e+08   1.8 2.22e+00    -  5.83e-01 1.00e+00f  1
 496  1.0863530e+01 7.77e-02 9.17e+07   1.8 1.90e+00    -  1.00e+00 3.67e-01h  1
 497  1.0888057e+01 1.05e-01 4.72e+07   1.8 1.81e+00    -  1.00e+00 1.00e+00f  1
 498  1.0836892e+01 4.22e-02 8.70e+07   1.8 1.30e+00    -  1.00e+00 9.34e-01H  1
 499  1.0823680e+01 1.57e-02 5.38e+07   1.8 6.17e-01    -  1.00e+00 1.00e+00f  1
iter    objective    inf_pr   inf_du lg(mu)  ||d||  lg(rg) alpha_du alpha_pr  ls
 500  1.0702784e+01 1.73e-02 2.42e+08   1.8 3.35e+00    -  5.52e-01 1.00e+00F  1
 501  1.0732517e+01 1.64e-02 1.90e+08   0.6 1.25e+00    -  1.00e+00 4.79e-01h  2
 502  1.0790527e+01 1.58e-02 2.53e+07   0.6 7.52e-01    -  8.82e-01 8.45e-01H  1
 503  1.0835172e+01 1.52e-02 7.65e+07   0.6 9.55e-01    -  1.00e+00 1.00e+00H  1
 504  1.0887607e+01 1.49e-02 1.17e+08  -0.2 9.38e-01    -  1.00e+00 1.00e+00H  1
 505  1.0879729e+01 1.49e-02 9.90e+07  -0.7 6.64e-01    -  1.00e+00 2.50e-01h  3
 506  1.0862115e+01 1.47e-02 6.99e+07  -1.6 7.37e-01    -  1.00e+00 9.55e-01H  1
 507  1.0869494e+01 1.45e-02 4.47e+07  -2.9 1.95e-01    -  9.92e-01 8.98e-01H  1
 508  1.0873900e+01 1.45e-02 5.33e+07  -3.4 1.20e+00    -  1.00e+00 6.25e-02h  5
 509  1.0874325e+01 1.44e-02 5.40e+07  -4.0 1.04e+00    -  1.00e+00 7.81e-03h  8
iter    objective    inf_pr   inf_du lg(mu)  ||d||  lg(rg) alpha_du alpha_pr  ls
 510  1.0874665e+01 1.44e-02 5.46e+07  -4.0 9.47e-01    -  1.00e+00 7.81e-03h  8
 511  1.0874261e+01 1.44e-02 5.52e+07  -2.1 8.22e+02    -  1.00e+00 1.50e-04h  7
 512  1.0879404e+01 1.43e-02 1.25e+07  -2.2 1.07e-01    -  1.00e+00 1.00e+00f  1
 513  1.0884222e+01 1.42e-02 3.48e+07  -2.2 1.49e-01    -  1.00e+00 1.00e+00H  1
 514  1.0884527e+01 1.41e-02 3.53e+07  -2.8 8.60e-01    -  1.00e+00 7.81e-03h  8
 515  1.0884793e+01 1.41e-02 3.56e+07  -2.9 7.39e-01    -  1.00e+00 7.81e-03h  8
 516  1.0885058e+01 1.41e-02 3.59e+07  -3.6 7.37e-01    -  1.00e+00 7.81e-03h  8
 517  1.0760261e+01 5.49e-02 3.08e+08  -1.9 3.48e+02    -  1.00e+00 6.71e-03f  1
 518  1.0912289e+01 1.38e-02 4.63e+07  -2.1 2.39e+00    -  1.38e-02 1.00e+00H  1
 519  1.0899085e+01 1.38e-02 2.71e+07  -2.1 2.21e-01    -  1.00e+00 1.00e+00h  1
iter    objective    inf_pr   inf_du lg(mu)  ||d||  lg(rg) alpha_du alpha_pr  ls
 520  1.0889791e+01 1.32e-02 1.29e+08  -2.1 8.21e-01    -  1.00e+00 1.00e+00H  1
 521  1.0890670e+01 1.31e-02 9.69e+07  -2.1 5.30e-01    -  1.00e+00 1.00e+00h  1
 522  1.0893877e+01 1.32e-02 4.98e+07  -2.1 2.42e-01    -  1.00e+00 5.00e-01h  2
 523  1.0902644e+01 1.32e-02 2.95e+07  -2.1 1.93e-01    -  1.00e+00 1.00e+00h  1
 524  1.0907028e+01 1.33e-02 5.41e+06  -2.1 6.62e-02    -  1.00e+00 1.00e+00h  1
 525  1.0905883e+01 1.33e-02 1.09e+07  -2.1 1.20e-01    -  1.00e+00 5.00e-01h  2
 526  1.0904562e+01 1.34e-02 1.60e+07  -2.1 2.29e-01    -  1.00e+00 2.50e-01h  3
 527  1.0903650e+01 1.34e-02 2.03e+07  -2.1 2.85e-01    -  1.00e+00 1.25e-01h  4
 528  1.0903842e+01 1.34e-02 2.04e+07  -2.1 1.18e+03    -  8.17e-03 4.78e-06h 12
 529  1.0903905e+01 1.34e-02 1.86e+07  -2.1 9.05e-02    -  1.00e+00 1.25e-01h  4
iter    objective    inf_pr   inf_du lg(mu)  ||d||  lg(rg) alpha_du alpha_pr  ls
 530  1.0903899e+01 1.34e-02 1.84e+07  -2.1 8.06e-02    -  1.00e+00 3.12e-02h  6
 531  1.0903590e+01 1.35e-02 1.09e+07  -2.1 7.84e-02    -  1.00e+00 1.00e+00h  1
 532  1.0903987e+01 1.35e-02 1.15e+07  -2.1 1.08e+03    -  1.70e-02 2.49e-05h 11
 533  1.0897725e+01 1.36e-02 4.51e+07  -2.1 8.23e-02    -  1.00e+00 1.00e+00H  1
 534  1.0870762e+01 1.41e-02 9.30e+07  -3.3 3.93e-01    -  1.00e+00 9.45e-01h  1
 535  1.0850234e+01 1.44e-02 7.02e+07  -3.4 3.19e-01    -  1.00e+00 1.00e+00h  1
 536  1.0767598e+01 1.72e-01 6.86e+08  -3.4 2.96e+00    -  1.00e+00 7.58e-01h  1
 537  1.0808341e+01 1.10e-01 4.19e+08  -3.4 1.68e+00    -  1.29e-03 5.00e-01h  2
 538  1.0829323e+01 7.14e-02 9.13e+08  -3.4 2.42e+00    -  2.94e-01 1.00e+00H  1
 539  1.0840166e+01 5.87e-02 7.25e+08  -3.4 1.55e+00    -  1.00e+00 2.50e-01h  3
iter    objective    inf_pr   inf_du lg(mu)  ||d||  lg(rg) alpha_du alpha_pr  ls
 540  1.0847027e+01 5.20e-02 6.44e+08  -3.4 1.24e+00    -  1.00e+00 1.25e-01h  4
 541  1.0849666e+01 5.04e-02 6.31e+08  -3.4 1.28e+00    -  1.00e+00 3.12e-02h  6
 542  1.0849794e+01 5.04e-02 6.31e+08  -3.4 2.68e+00    -  1.00e+00 4.88e-04h 12
 543  1.0636807e+01 8.58e-01 8.38e+08  -3.4 5.75e+00    -  9.66e-01 1.00e+00H  1
 544  1.0762463e+01 4.27e-01 4.93e+08  -3.4 3.06e+00    -  1.00e+00 5.00e-01h  2
 545  1.0770741e+01 3.64e-01 4.58e+08  -3.4 1.89e+00    -  1.00e+00 1.47e-01h  3
 546  1.0768981e+01 1.55e-01 9.37e+08  -3.4 2.20e+00    -  1.00e+00 4.93e-01h  1
 547  1.0725100e+01 6.58e-02 1.74e+09  -3.4 2.34e+00    -  1.00e+00 1.00e+00h  1
 548  1.0694714e+01 1.66e-02 1.75e+09  -3.4 1.19e+00    -  1.00e+00 1.00e+00h  1
 549  1.0690072e+01 1.69e-02 8.83e+08  -3.7 5.88e-01    -  1.00e+00 9.80e-01h  1
iter    objective    inf_pr   inf_du lg(mu)  ||d||  lg(rg) alpha_du alpha_pr  ls
 550  1.0667006e+01 1.72e-02 9.79e+08  -4.0 1.33e+00    -  1.00e+00 2.72e-01h  1
 551  1.0666786e+01 1.72e-02 9.80e+08  -4.0 1.16e+00    -  1.00e+00 3.13e-03h  1
 552  1.0675381e+01 3.64e-02 9.14e+08  -2.0 1.61e+03    -  5.23e-04 9.50e-04f  6
 553  1.0675363e+01 3.64e-02 9.13e+08  -4.1 8.97e-01    -  1.00e+00 8.84e-04h  1
 554  1.0668941e+01 6.55e-02 6.30e+08  -4.1 1.80e+00    -  1.00e+00 1.00e+00h  1
 555  1.0665982e+01 6.35e-02 7.04e+08  -4.1 4.63e+00    -  1.00e+00 4.60e-02h  1
 556r 1.0665982e+01 6.35e-02 1.00e+03  -1.4 0.00e+00    -  0.00e+00 2.73e-07R  4
 557r 1.0669034e+01 3.41e-02 1.26e+03  -0.1 6.90e+01    -  5.13e-03 1.13e-03f  1
 558  1.0669159e+01 3.41e-02 9.42e+02  -4.1 9.40e+01  -2.5 1.23e-01 1.32e-04h  1
 559  1.0578759e+01 7.62e-01 9.95e+03  -4.1 1.50e+02  -2.5 1.16e-02 1.60e-02H  1
iter    objective    inf_pr   inf_du lg(mu)  ||d||  lg(rg) alpha_du alpha_pr  ls
 560  1.0580205e+01 7.61e-01 9.93e+03  -4.1 1.08e+01    -  2.94e-01 1.97e-03h  1
 561  1.0567298e+01 7.96e-01 1.27e+04  -4.1 1.47e+01    -  8.76e-02 3.74e-01h  1
 562  1.0587157e+01 7.89e-01 1.22e+04  -4.1 2.76e+01    -  3.74e-01 8.35e-03h  1
 563  1.0587214e+01 7.89e-01 1.22e+04  -4.1 3.07e+01    -  6.78e-03 3.32e-05h  1
 564  1.0641535e+01 7.74e-01 1.18e+04  -4.1 2.64e+01    -  2.00e-01 2.14e-02h  2
 565  1.0658926e+01 7.70e-01 1.16e+04  -4.1 3.40e+01    -  2.12e-02 7.05e-03h  6
 566  1.0666715e+01 7.68e-01 1.16e+04  -4.1 3.24e+01    -  4.71e-01 2.62e-03h  7
 567  1.0666893e+01 7.68e-01 1.16e+04  -4.1 3.85e+01    -  3.27e-02 6.23e-05h 13
 568  1.1260583e+01 8.37e-01 4.02e+03  -4.1 3.27e+01    -  1.56e-01 1.56e-01s 20
 569r 1.1260583e+01 8.37e-01 1.00e+03  -0.1 0.00e+00    -  0.00e+00 0.00e+00R  1
iter    objective    inf_pr   inf_du lg(mu)  ||d||  lg(rg) alpha_du alpha_pr  ls
 570r 1.1149536e+01 4.77e-01 1.96e+03   1.8 4.30e+02    -  1.71e-02 1.73e-03f  1
 571r 1.1069318e+01 1.60e-01 8.24e+03   0.4 2.42e+01    -  2.03e-01 1.27e-02f  1
 572r 1.0995996e+01 1.08e-01 6.34e+03   0.6 3.32e+00    -  3.76e-01 6.23e-02f  1
 573r 1.0938271e+01 7.81e-02 4.05e+03   0.1 1.49e+00    -  3.11e-01 1.36e-01f  1
 574r 1.0786235e+01 6.36e-02 4.88e+02   0.0 8.64e-01    -  1.00e+00 6.63e-01f  1
 575  1.0783828e+01 6.32e-02 3.25e+01  -4.1 6.68e+00    -  6.18e-01 1.87e-02h  1
 576  1.0764065e+01 6.16e-02 6.89e+01  -4.1 1.74e+01    -  2.53e-01 2.52e-02h  2
 577  1.0724106e+01 6.07e-02 3.56e+02  -4.1 3.80e+01    -  2.75e-01 1.49e-02h  2
 578  1.0565646e+01 1.22e-01 1.84e+03  -4.1 1.02e+02    -  5.75e-02 2.39e-02f  1
 579  1.2233564e+01 5.53e+00 6.60e+04  -0.6 2.94e+01    -  1.00e+00 6.46e-01f  1
iter    objective    inf_pr   inf_du lg(mu)  ||d||  lg(rg) alpha_du alpha_pr  ls
 580  1.1715604e+01 3.07e+00 4.06e+04  -0.7 8.87e+00    -  1.00e+00 5.44e-01h  1
 581  1.1644063e+01 2.64e+00 3.18e+04  -0.7 1.18e+01    -  5.35e-01 1.55e-01h  1
 582  1.1544050e+01 2.22e+00 3.29e+04  -0.7 9.79e+00    -  8.10e-01 2.25e-01h  1
 583  1.1486902e+01 2.09e+00 2.27e+04  -0.7 1.81e+01    -  6.32e-02 9.24e-02h  1
 584  1.1492384e+01 1.96e+00 1.60e+05  -0.7 2.12e+01    -  1.00e+00 7.94e-02h  1
 585  1.1414919e+01 1.74e+00 2.49e+05  -0.7 1.98e+01    -  1.44e-01 1.48e-01h  1
 586  1.1379477e+01 1.70e+00 2.41e+05  -0.7 2.55e+01    -  6.37e-01 2.47e-02h  1
 587  1.1326963e+01 1.63e+00 2.95e+05  -0.7 3.01e+01    -  3.04e-01 8.12e-02h  1
 588  1.1320727e+01 1.60e+00 3.13e+05  -0.7 3.82e+01    -  1.38e-01 4.54e-02h  1
 589  1.1323111e+01 1.57e+00 4.58e+05  -0.7 3.81e+01    -  1.33e-01 7.10e-02h  1
iter    objective    inf_pr   inf_du lg(mu)  ||d||  lg(rg) alpha_du alpha_pr  ls
 590  1.1342138e+01 1.54e+00 9.26e+05  -0.7 2.46e+01    -  1.00e+00 1.37e-01h  1
 591  1.1443188e+01 1.41e+00 1.65e+06  -0.7 2.10e+01    -  2.73e-02 1.70e-01f  2
 592  1.1449759e+01 1.31e+00 1.34e+06  -0.7 1.46e+01    -  7.55e-01 8.60e-02h  1
 593  1.1445129e+01 1.30e+00 1.32e+06  -0.7 1.52e+01    -  9.60e-02 9.48e-03h  1
 594  1.1413376e+01 1.18e+00 1.79e+06  -0.7 1.22e+01    -  1.03e-03 8.99e-02f  1
 595  1.1121777e+01 6.45e-01 8.36e+06  -0.7 5.94e+00    -  8.81e-03 4.45e-01f  1
 596  1.1110534e+01 6.19e-01 8.38e+06  -0.7 3.92e+00    -  3.36e-01 4.06e-02h  1
 597  1.1106588e+01 6.07e-01 8.28e+06  -0.7 4.92e+00    -  5.26e-03 2.07e-02h  1
 598  1.1055026e+01 3.86e-01 6.52e+06  -0.7 4.97e+00    -  1.00e+00 4.53e-01f  1
 599  1.0952331e+01 2.50e-01 2.78e+07  -0.7 3.57e+00    -  2.96e-01 9.01e-01f  1
iter    objective    inf_pr   inf_du lg(mu)  ||d||  lg(rg) alpha_du alpha_pr  ls
 600  1.0913627e+01 1.05e-01 1.90e+07  -0.7 3.77e+00    -  5.31e-01 7.70e-01H  1
 601  1.0944539e+01 5.90e-02 1.55e+07  -0.7 1.85e+00    -  2.31e-02 1.00e+00f  1
 602  1.0906021e+01 3.45e-02 2.85e+07  -0.7 1.58e+00    -  1.00e+00 1.00e+00h  1
 603  1.0915837e+01 1.99e-02 1.19e+07  -0.7 1.08e+00    -  1.00e+00 1.00e+00f  1
 604  1.0910214e+01 1.40e-02 8.44e+06  -0.7 7.03e-01    -  1.00e+00 1.00e+00h  1
 605  1.0910235e+01 1.39e-02 4.15e+06  -0.7 5.08e-01    -  1.00e+00 1.00e+00h  1
 606  1.0908021e+01 1.40e-02 2.20e+06  -0.7 7.34e-02    -  1.00e+00 1.00e+00h  1
 607  1.0907690e+01 1.40e-02 1.20e+06  -0.7 5.62e-02    -  1.00e+00 1.00e+00h  1
 608  1.0905762e+01 1.40e-02 3.48e+06  -2.2 4.78e-02    -  9.99e-01 8.52e-01H  1
 609  1.0903192e+01 1.40e-02 5.36e+06  -3.6 1.05e-01    -  1.00e+00 4.43e-01h  2
iter    objective    inf_pr   inf_du lg(mu)  ||d||  lg(rg) alpha_du alpha_pr  ls
 610  1.0903283e+01 1.40e-02 1.03e+07  -3.6 1.84e-01    -  1.00e+00 1.04e-01h  4
 611  1.0903181e+01 1.40e-02 1.08e+07  -3.6 2.16e-01    -  1.00e+00 6.25e-02h  5
 612  1.0904520e+01 1.40e-02 8.69e+06  -3.6 1.37e-01    -  1.00e+00 7.13e-01H  1
 613  1.0903180e+01 1.40e-02 7.62e+06  -4.0 5.14e-02    -  1.00e+00 1.00e+00h  1
 614  1.0903428e+01 1.40e-02 1.05e+07  -4.0 7.64e-02    -  1.00e+00 2.50e-01h  3
 615  1.0905200e+01 1.40e-02 2.31e+06  -4.0 3.18e-02    -  1.00e+00 1.00e+00h  1
 616  1.0904635e+01 1.40e-02 3.84e+06  -4.0 3.28e-02    -  1.00e+00 1.00e+00h  1
 617  1.0904881e+01 1.40e-02 3.55e+06  -4.0 2.23e-02    -  1.00e+00 1.00e+00h  1
 618  1.0905032e+01 1.40e-02 3.75e+06  -4.0 1.97e-02    -  1.00e+00 1.00e+00H  1
 619  1.0904901e+01 1.40e-02 2.06e+06  -4.0 1.66e-02    -  1.00e+00 1.00e+00h  1
iter    objective    inf_pr   inf_du lg(mu)  ||d||  lg(rg) alpha_du alpha_pr  ls
 620  1.0904891e+01 1.40e-02 2.34e+06  -4.1 1.10e-02    -  1.00e+00 1.00e+00h  1
 621  1.0904993e+01 1.40e-02 2.89e+06  -4.0 1.16e-02    -  1.00e+00 1.00e+00h  1
 622  1.0904843e+01 1.40e-02 2.63e+06  -4.1 7.51e-03    -  1.00e+00 1.00e+00h  1
 623r 1.0904843e+01 1.40e-02 1.00e+03  -1.9 0.00e+00    -  0.00e+00 4.77e-07R 22
 624r 1.0904708e+01 4.33e-02 9.95e+02   0.1 5.22e+00    -  3.38e-03 5.65e-03f  1
 625r 1.0904547e+01 5.17e-02 9.82e+02  -0.8 1.11e+00    -  1.00e+00 7.55e-03f  1
 626r 1.0881977e+01 5.62e-02 7.78e+02  -1.8 2.56e-01    -  1.00e+00 1.00e+00f  1
 627r 1.0863029e+01 5.73e-02 7.67e+02  -2.9 2.28e-01    -  1.00e+00 1.00e+00f  1
 628r 1.0845961e+01 5.85e-02 1.53e+03  -2.3 3.58e+01    -  1.00e+00 8.04e-03f  1
 629r 1.0755752e+01 1.23e-01 5.02e+03  -2.1 2.80e+01    -  1.00e+00 6.22e-02f  1
iter    objective    inf_pr   inf_du lg(mu)  ||d||  lg(rg) alpha_du alpha_pr  ls
 630r 1.0739867e+01 6.56e-02 1.98e+03  -0.7 8.29e-01    -  1.00e+00 1.00e+00f  1
 631r 1.0736158e+01 6.58e-02 7.65e+02  -0.8 5.87e-01    -  9.96e-01 5.65e-01f  1
 632r 1.0734170e+01 6.55e-02 1.62e+03  -0.8 4.05e-01    -  1.00e+00 1.00e+00f  1
 633r 1.0696794e+01 6.72e-02 3.57e+02  -0.8 3.53e-01    -  1.00e+00 1.00e+00h  1
 634r 1.0664518e+01 6.78e-02 2.42e+02  -0.8 2.72e-01    -  1.00e+00 1.00e+00h  1
 635r 1.0639401e+01 6.82e-02 2.92e+02  -0.8 2.16e-01    -  1.00e+00 1.00e+00h  1
 636r 1.0628414e+01 6.84e-02 1.29e+02  -0.8 8.01e-02    -  1.00e+00 1.00e+00h  1
 637r 1.0621752e+01 6.85e-02 1.15e+02  -0.8 4.98e-02    -  1.00e+00 1.00e+00h  1
 638r 1.0625008e+01 6.85e-02 4.43e+01  -0.8 3.93e-02    -  1.00e+00 1.00e+00h  1
 639r 1.0620542e+01 6.86e-02 3.38e+01  -0.8 3.94e-02    -  1.00e+00 1.00e+00h  1
iter    objective    inf_pr   inf_du lg(mu)  ||d||  lg(rg) alpha_du alpha_pr  ls
 640r 1.0619878e+01 6.86e-02 1.90e+01  -0.8 8.34e-03    -  1.00e+00 1.00e+00h  1
 641r 1.0619370e+01 6.86e-02 8.83e+00  -0.8 4.77e-03    -  1.00e+00 1.00e+00h  1
 642r 1.0606872e+01 6.98e-02 3.94e+02  -1.5 1.66e-01    -  1.00e+00 1.00e+00f  1
 643r 1.0608677e+01 7.03e-02 5.98e+02  -2.1 1.09e+00    -  1.00e+00 2.77e-01f  1
 644r 1.0705949e+01 1.49e-01 4.98e+03  -1.8 1.79e+00    -  1.00e+00 9.84e-01f  1
 645r 1.0707399e+01 6.67e-02 1.20e+03  -1.8 1.52e+00    -  7.80e-01 1.00e+00f  1
 646r 1.0724266e+01 6.78e-02 5.11e+02  -1.8 2.87e-01    -  1.00e+00 1.00e+00h  1
 647r 1.0725508e+01 6.78e-02 2.17e+02  -1.8 6.11e-02    -  1.00e+00 1.00e+00h  1
 648r 1.0728549e+01 6.74e-02 1.45e+02  -2.8 1.54e-01    -  1.00e+00 1.00e+00f  1
 649r 1.0735272e+01 6.78e-02 1.92e+03  -4.0 1.66e+00    -  1.00e+00 4.05e-01f  1
iter    objective    inf_pr   inf_du lg(mu)  ||d||  lg(rg) alpha_du alpha_pr  ls
 650r 1.0668081e+01 7.22e-02 1.63e+03  -1.1 2.39e+00    -  4.86e-01 4.85e-01f  1
 651r 1.0641764e+01 7.78e-02 1.87e+03  -1.5 2.67e+00    -  5.19e-02 5.71e-01f  1
 652r 1.0632603e+01 7.13e-02 1.80e+03  -1.5 2.41e+00    -  3.61e-01 2.23e-01h  1
 653r 1.0669940e+01 6.89e-02 9.33e+02  -1.5 5.53e-01    -  1.00e+00 1.00e+00f  1
 654r 1.0686530e+01 6.81e-02 9.55e+02  -1.5 2.24e-01    -  1.00e+00 1.00e+00h  1
 655r 1.0694143e+01 6.81e-02 2.84e+02  -1.5 1.50e-01    -  1.00e+00 1.00e+00h  1
 656r 1.0692742e+01 6.82e-02 1.03e+02  -1.5 6.21e-02    -  1.00e+00 1.00e+00h  1
 657r 1.0696995e+01 6.81e-02 8.43e+01  -3.0 8.55e-02    -  1.00e+00 9.73e-01f  1
 658r 1.0740910e+01 6.72e-02 9.18e+02  -4.0 1.39e+00    -  1.00e+00 3.34e-01f  1
 659r 1.0664245e+01 7.31e-02 1.92e+03  -1.0 2.62e+00    -  5.91e-01 4.45e-01f  1
iter    objective    inf_pr   inf_du lg(mu)  ||d||  lg(rg) alpha_du alpha_pr  ls
 660r 1.0660110e+01 7.31e-02 2.00e+03  -1.4 4.25e+00    -  3.88e-02 1.67e-01f  1
 661r 1.0654503e+01 7.32e-02 1.86e+03  -1.4 2.71e+00    -  4.62e-01 1.10e-01h  1
 662r 1.0639647e+01 7.11e-02 8.62e+02  -1.4 8.03e-01    -  2.62e-01 8.25e-01f  1
 663r 1.0666358e+01 6.89e-02 5.27e+02  -1.4 4.67e-01    -  1.00e+00 1.00e+00f  1
 664r 1.0678115e+01 6.87e-02 3.91e+02  -1.4 2.58e-01    -  1.00e+00 1.00e+00h  1
 665r 1.0678179e+01 6.88e-02 7.47e+01  -1.4 7.48e-02    -  1.00e+00 1.00e+00h  1
 666r 1.0680543e+01 6.88e-02 4.60e+01  -1.4 2.21e-02    -  1.00e+00 1.00e+00h  1
 667r 1.0683848e+01 6.84e-02 1.79e+02  -2.4 1.69e-01    -  1.00e+00 1.00e+00f  1
 668r 1.0749528e+01 6.75e-02 2.25e+03  -2.5 1.01e+00    -  1.00e+00 8.78e-01f  1
 669r 1.0760438e+01 6.82e-02 1.44e+03  -2.5 7.51e-01    -  1.00e+00 1.00e+00h  1
iter    objective    inf_pr   inf_du lg(mu)  ||d||  lg(rg) alpha_du alpha_pr  ls
 670r 1.0752145e+01 6.79e-02 8.92e+02  -2.5 5.76e-01    -  1.00e+00 6.17e-01h  1
 671r 1.0745198e+01 6.81e-02 2.91e+02  -2.5 2.06e-01    -  1.00e+00 1.00e+00h  1
 672r 1.0745603e+01 6.82e-02 4.83e+01  -2.5 5.67e-02    -  1.00e+00 1.00e+00h  1
 673r 1.0744750e+01 6.81e-02 1.01e+02  -4.0 5.19e-02    -  1.00e+00 1.00e+00f  1
 674r 1.0719614e+01 7.05e-02 1.08e+03  -2.0 9.97e-01    -  2.66e-01 1.00e+00f  1
 675r 1.0731702e+01 6.91e-02 6.41e+02  -2.2 2.02e+00    -  1.00e+00 2.41e-01f  1
 676r 1.0769338e+01 6.72e-02 2.44e+03  -2.2 1.42e+00    -  1.00e+00 1.00e+00f  1
 677r 1.0744577e+01 6.71e-02 6.64e+02  -2.2 1.02e+00    -  1.00e+00 9.23e-01h  1
 678r 1.0735498e+01 6.77e-02 2.12e+02  -2.2 2.48e-01    -  1.00e+00 1.00e+00h  1
 679r 1.0732678e+01 6.78e-02 8.23e+01  -2.2 8.19e-02    -  1.00e+00 1.00e+00h  1
iter    objective    inf_pr   inf_du lg(mu)  ||d||  lg(rg) alpha_du alpha_pr  ls
 680r 1.0733302e+01 6.77e-02 7.25e+01  -2.2 4.27e-02    -  1.00e+00 1.00e+00h  1
 681r 1.0737085e+01 6.75e-02 9.61e+01  -3.4 7.18e-02    -  1.00e+00 1.00e+00f  1
 682r 1.0731626e+01 6.87e-02 2.01e+03  -3.5 1.47e+00    -  8.27e-01 6.08e-01f  1
 683r 1.0716074e+01 7.03e-02 1.51e+03  -3.5 8.70e-01    -  2.01e-02 7.60e-01h  1
 684r 1.0696008e+01 7.20e-02 2.08e+03  -2.2 5.26e+00    -  6.00e-01 8.75e-02f  1
 685r 1.0685356e+01 7.50e-02 3.72e+03  -3.0 2.27e+00    -  3.00e-02 1.00e+00H  1
 686r 1.0684813e+01 7.37e-02 2.68e+03  -3.0 2.34e+00    -  1.00e+00 3.13e-01f  1
 687r 1.0694400e+01 7.22e-02 1.21e+03  -3.0 1.45e+00    -  1.00e+00 4.22e-01f  1
 688r 1.0686348e+01 7.17e-02 8.60e+02  -3.0 1.02e+00    -  1.00e+00 7.32e-01f  1
 689r 1.0684168e+01 7.19e-02 4.43e+02  -3.0 3.44e-01    -  1.00e+00 1.00e+00h  1
iter    objective    inf_pr   inf_du lg(mu)  ||d||  lg(rg) alpha_du alpha_pr  ls
 690r 1.0680952e+01 7.21e-02 2.29e+02  -3.0 8.25e-02    -  1.00e+00 5.50e-01h  1
 691r 1.0678208e+01 7.21e-02 1.03e+02  -3.0 5.71e-02    -  1.00e+00 1.00e+00h  1
 692r 1.0676350e+01 7.21e-02 5.22e+01  -4.0 2.29e-02    -  1.00e+00 9.97e-01f  1
 693r 1.0681109e+01 7.21e-02 5.98e+02  -4.0 2.83e-01    -  1.00e+00 6.19e-01f  1
 694r 1.0674598e+01 7.21e-02 1.75e+02  -4.0 1.45e-01    -  1.00e+00 1.00e+00h  1
 695r 1.0674549e+01 7.21e-02 6.17e+01  -4.0 7.48e-02    -  1.00e+00 1.00e+00h  1
 696r 1.0673239e+01 7.21e-02 4.03e+01  -4.0 1.61e-02    -  1.00e+00 1.00e+00h  1
 697r 1.0669535e+01 7.21e-02 9.42e+01  -4.0 4.69e-02    -  1.00e+00 1.00e+00h  1
 698r 1.0658048e+01 7.21e-02 4.58e+02  -4.1 2.03e-01    -  1.00e+00 1.00e+00h  1
 699r 1.0664164e+01 7.21e-02 9.52e+01  -4.0 9.91e-02    -  1.00e+00 1.00e+00h  1
iter    objective    inf_pr   inf_du lg(mu)  ||d||  lg(rg) alpha_du alpha_pr  ls
 700r 1.0671444e+01 7.21e-02 2.08e+02  -4.0 8.48e-02    -  1.00e+00 1.00e+00h  1
 701r 1.0663249e+01 7.21e-02 6.03e+01  -4.0 9.25e-02    -  1.00e+00 1.00e+00h  1
 702r 1.0665120e+01 7.21e-02 2.86e+01  -4.0 2.65e-02    -  1.00e+00 1.00e+00h  1
 703r 1.0666258e+01 7.21e-02 3.80e+01  -4.0 1.95e-02    -  1.00e+00 1.00e+00h  1
 704r 1.0664953e+01 7.21e-02 1.84e+01  -4.0 2.04e-02    -  1.00e+00 1.00e+00H  1
 705r 1.0664449e+01 7.21e-02 3.04e+01  -4.0 8.48e-03    -  1.00e+00 1.00e+00h  1
 706r 1.0665356e+01 7.21e-02 6.54e+00  -4.0 1.19e-02    -  1.00e+00 1.00e+00h  1
 707r 1.0665169e+01 7.21e-02 3.21e+00  -4.0 3.09e-03    -  1.00e+00 1.00e+00h  1
 708r 1.0665131e+01 7.21e-02 3.06e+00  -4.1 1.78e-03    -  1.00e+00 1.00e+00h  1
 709r 1.0664736e+01 7.21e-02 1.70e+01  -4.0 9.30e-03    -  1.00e+00 1.00e+00f  1
iter    objective    inf_pr   inf_du lg(mu)  ||d||  lg(rg) alpha_du alpha_pr  ls
 710r 1.0665130e+01 7.21e-02 3.57e+00  -4.1 9.33e-03    -  1.00e+00 1.00e+00h  1
 711r 1.0664320e+01 7.21e-02 4.79e+01  -4.0 2.45e-02    -  1.00e+00 1.00e+00h  1
 712r 1.0665309e+01 7.21e-02 1.10e+01  -4.1 2.48e-02    -  1.00e+00 1.00e+00h  1
 713r 1.0664371e+01 7.21e-02 2.53e+01  -4.0 2.42e-02    -  1.00e+00 1.00e+00h  1
 714r 1.0665003e+01 7.21e-02 1.46e+01  -4.1 2.15e-02    -  1.00e+00 1.00e+00h  1
 715r 1.0664793e+01 7.21e-02 1.51e+01  -4.1 1.52e-02    -  1.00e+00 1.00e+00h  1
 716r 1.0664518e+01 7.21e-02 1.47e+01  -4.0 9.15e-03    -  1.00e+00 1.00e+00h  1
 717r 1.0665398e+01 7.21e-02 2.47e+01  -4.1 2.62e-02    -  1.00e+00 1.00e+00h  1
 718r 1.0664574e+01 7.21e-02 2.88e+00  -4.1 2.10e-02    -  1.00e+00 1.00e+00h  1
 719r 1.0664672e+01 7.21e-02 1.63e+01  -4.1 9.43e-03    -  1.00e+00 1.00e+00h  1
iter    objective    inf_pr   inf_du lg(mu)  ||d||  lg(rg) alpha_du alpha_pr  ls
 720r 1.0664627e+01 7.21e-02 2.25e+00  -4.0 7.53e-03    -  1.00e+00 1.00e+00h  1
 721r 1.0665169e+01 7.21e-02 4.33e+00  -4.1 1.67e-02    -  1.00e+00 1.00e+00h  1
 722r 1.0664606e+01 7.21e-02 1.61e+00  -4.1 1.60e-02    -  1.00e+00 1.00e+00h  1
 723r 1.0664520e+01 7.21e-02 5.79e+00  -4.1 4.29e-03    -  1.00e+00 1.00e+00h  1
 724r 1.0664616e+01 7.21e-02 8.08e-01  -4.0 2.94e-03    -  1.00e+00 1.00e+00f  1
 725r 1.0665126e+01 7.21e-02 2.65e+00  -4.1 1.62e-02    -  1.00e+00 1.00e+00f  1
 726r 1.0664605e+01 7.21e-02 7.72e-01  -4.1 1.52e-02    -  1.00e+00 1.00e+00h  1
 727r 1.0664401e+01 7.21e-02 3.58e+00  -4.1 3.75e-03    -  1.00e+00 1.00e+00h  1
 728r 1.0664554e+01 7.21e-02 5.26e-01  -4.1 3.07e-03    -  1.00e+00 1.00e+00h  1
 729r 1.0664610e+01 7.21e-02 9.03e-01  -4.0 1.10e-03    -  1.00e+00 1.00e+00f  1
iter    objective    inf_pr   inf_du lg(mu)  ||d||  lg(rg) alpha_du alpha_pr  ls
 730r 1.0665307e+01 7.21e-02 6.95e+00  -4.1 1.88e-02    -  1.00e+00 1.00e+00f  1
 731r 1.0664641e+01 7.21e-02 2.04e+00  -4.1 1.73e-02    -  1.00e+00 1.00e+00h  1
 732r 1.0664604e+01 7.21e-02 2.14e+00  -4.1 2.01e-03    -  1.00e+00 1.00e+00h  1
 733r 1.0664665e+01 7.21e-02 1.30e+00  -4.0 1.61e-03    -  1.00e+00 1.00e+00f  1
 734r 1.0665254e+01 7.21e-02 1.24e+01  -4.1 1.98e-02    -  1.00e+00 1.00e+00f  1
 735r 1.0664660e+01 7.21e-02 2.37e+00  -4.1 1.83e-02    -  1.00e+00 1.00e+00h  1
 736r 1.0664525e+01 7.21e-02 7.44e+00  -4.1 5.05e-03    -  1.00e+00 1.00e+00h  1
 737r 1.0664619e+01 7.21e-02 2.24e-01  -4.1 4.09e-03    -  1.00e+00 1.00e+00h  1
 738r 1.0664669e+01 7.21e-02 7.00e-01  -4.0 1.26e-03    -  1.00e+00 1.00e+00f  1
 739r 1.0665306e+01 7.21e-02 2.33e+01  -4.1 2.10e-02    -  1.00e+00 1.00e+00f  1
iter    objective    inf_pr   inf_du lg(mu)  ||d||  lg(rg) alpha_du alpha_pr  ls
 740r 1.0664650e+01 7.21e-02 1.01e+00  -4.1 1.95e-02    -  1.00e+00 1.00e+00h  1
 741r 1.0664711e+01 7.21e-02 4.50e+00  -4.1 2.45e-03    -  1.00e+00 1.00e+00h  1
 742r 1.0664641e+01 7.21e-02 4.70e-01  -4.1 1.65e-03    -  1.00e+00 1.00e+00h  1
 743r 1.0664688e+01 7.21e-02 6.41e-01  -4.0 1.35e-03    -  1.00e+00 1.00e+00f  1
 744r 1.0665420e+01 7.21e-02 3.30e+02  -4.1 1.14e-01    -  1.00e+00 1.00e+00f  1
 745r 1.0664806e+01 7.21e-02 2.26e+01  -4.1 1.10e-01    -  1.00e+00 1.00e+00h  1
 746r 1.0664833e+01 7.21e-02 8.23e+00  -4.0 6.31e-03    -  1.00e+00 1.00e+00h  1
 747r 1.0665041e+01 7.21e-02 1.41e+01  -4.1 1.42e-02    -  1.00e+00 1.00e+00h  1
 748r 1.0664850e+01 7.21e-02 7.93e+00  -4.1 1.41e-02    -  1.00e+00 1.00e+00h  1
 749r 1.0664643e+01 7.21e-02 1.08e+01  -4.0 9.58e-03    -  1.00e+00 1.00e+00h  1
iter    objective    inf_pr   inf_du lg(mu)  ||d||  lg(rg) alpha_du alpha_pr  ls
 750r 1.0665074e+01 7.21e-02 2.48e+00  -4.1 1.75e-02    -  1.00e+00 1.00e+00h  1
 751r 1.0664721e+01 7.21e-02 4.85e+00  -4.1 1.54e-02    -  1.00e+00 1.00e+00h  1
 752r 1.0664489e+01 7.21e-02 2.53e+01  -4.1 1.58e-02    -  1.00e+00 1.00e+00h  1
 753r 1.0664757e+01 7.21e-02 1.23e+00  -4.0 1.24e-02    -  1.00e+00 1.00e+00h  1
 754r 1.0665103e+01 7.21e-02 1.09e+00  -4.1 1.53e-02    -  1.00e+00 1.00e+00h  1
 755r 1.0664695e+01 7.21e-02 2.21e+00  -4.1 1.48e-02    -  1.00e+00 1.00e+00h  1
 756r 1.0664578e+01 7.21e-02 4.72e+00  -4.1 5.03e-03    -  1.00e+00 1.00e+00h  1
 757r 1.0664650e+01 7.21e-02 4.41e-01  -4.1 3.59e-03    -  1.00e+00 1.00e+00h  1
 758r 1.0664641e+01 7.21e-02 2.44e-01  -4.1 1.32e-04    -  1.00e+00 1.00e+00h  1
 759r 1.0664644e+01 7.21e-02 1.96e+00  -4.0 1.59e-03    -  1.00e+00 1.00e+00f  1
iter    objective    inf_pr   inf_du lg(mu)  ||d||  lg(rg) alpha_du alpha_pr  ls
 760r 1.0669599e+01 7.21e-02 2.85e+02  -4.1 1.20e-01    -  1.00e+00 1.00e+00f  1
 761r 1.0664117e+01 7.21e-02 6.37e+01  -4.1 1.35e-01    -  1.00e+00 1.00e+00h  1
 762r 1.0665657e+01 7.21e-02 2.83e+01  -4.0 2.18e-02    -  1.00e+00 1.00e+00h  1
 763r 1.0666235e+01 7.21e-02 4.19e+01  -4.1 2.29e-02    -  1.00e+00 1.00e+00h  1
 764r 1.0665154e+01 7.21e-02 1.78e+01  -4.1 2.52e-02    -  1.00e+00 1.00e+00h  1
 765r 1.0664860e+01 7.21e-02 1.14e+01  -4.1 7.36e-03    -  1.00e+00 1.00e+00h  1
 766r 1.0664870e+01 7.21e-02 6.04e+00  -4.1 4.69e-03    -  1.00e+00 1.00e+00h  1
 767r 1.0664792e+01 7.21e-02 1.18e+00  -4.1 1.58e-03    -  1.00e+00 1.00e+00h  1
 768r 1.0664399e+01 7.21e-02 1.19e+01  -4.1 6.08e-03    -  1.00e+00 1.00e+00h  1
 769r 1.0664324e+01 7.21e-02 1.55e+01  -4.1 4.19e-03    -  1.00e+00 1.00e+00h  1
iter    objective    inf_pr   inf_du lg(mu)  ||d||  lg(rg) alpha_du alpha_pr  ls
 770r 1.0664692e+01 7.21e-02 5.62e+00  -4.1 7.91e-03    -  1.00e+00 1.00e+00h  1
 771r 1.0664530e+01 7.21e-02 1.69e+00  -4.1 2.75e-03    -  1.00e+00 1.00e+00h  1
 772r 1.0664519e+01 7.21e-02 1.10e+00  -4.1 6.38e-04    -  1.00e+00 1.00e+00h  1
 773r 1.0664565e+01 7.21e-02 3.67e-01  -4.1 7.88e-04    -  1.00e+00 1.00e+00h  1
 774r 1.0664551e+01 7.21e-02 4.22e-01  -4.1 2.57e-04    -  1.00e+00 1.00e+00h  1
 775r 1.0664550e+01 7.21e-02 3.80e-01  -4.1 1.79e-04    -  1.00e+00 1.00e+00h  1
 776r 1.0664563e+01 7.21e-02 2.27e-01  -4.1 2.77e-04    -  1.00e+00 1.00e+00h  1
 777r 1.0664572e+01 7.21e-02 2.05e+00  -4.0 1.27e-03    -  1.00e+00 1.00e+00f  1
 778r 1.0663902e+01 7.21e-02 1.49e+02  -4.1 4.86e-02    -  1.00e+00 1.00e+00f  1
 779r 1.0664393e+01 7.21e-02 1.11e+01  -4.1 4.77e-02    -  1.00e+00 1.00e+00h  1
iter    objective    inf_pr   inf_du lg(mu)  ||d||  lg(rg) alpha_du alpha_pr  ls
 780r 1.0664458e+01 7.21e-02 5.70e+00  -4.0 2.95e-03    -  1.00e+00 1.00e+00h  1
 781r 1.0664530e+01 7.21e-02 1.49e+01  -4.1 1.49e-02    -  1.00e+00 1.00e+00f  1
 782r 1.0664795e+01 7.21e-02 7.47e+00  -4.1 1.24e-02    -  1.00e+00 1.00e+00h  1
 783r 1.0664722e+01 7.21e-02 7.26e+00  -4.0 3.26e-03    -  1.00e+00 1.00e+00h  1
 784r 1.0664737e+01 7.21e-02 7.86e+00  -4.1 1.48e-02    -  1.00e+00 1.00e+00h  1
 785r 1.0664639e+01 7.21e-02 4.98e+00  -4.1 1.35e-02    -  1.00e+00 1.00e+00h  1
 786r 1.0664715e+01 7.21e-02 4.60e+00  -4.1 4.11e-03    -  1.00e+00 1.00e+00h  1
 787r 1.0664651e+01 7.21e-02 8.07e-01  -4.1 2.68e-03    -  1.00e+00 1.00e+00h  1
 788r 1.0664635e+01 7.21e-02 4.01e-01  -4.1 1.40e-04    -  1.00e+00 1.00e+00h  1
 789r 1.0664617e+01 7.21e-02 1.66e+00  -4.0 1.38e-03    -  1.00e+00 1.00e+00f  1
iter    objective    inf_pr   inf_du lg(mu)  ||d||  lg(rg) alpha_du alpha_pr  ls
 790r 1.0670024e+01 7.21e-02 1.56e+02  -4.1 6.48e-02    -  1.00e+00 1.00e+00f  1
 791r 1.0664944e+01 7.21e-02 7.59e+00  -4.1 5.63e-02    -  1.00e+00 1.00e+00h  1
 792r 1.0665104e+01 7.21e-02 5.42e+01  -4.1 1.89e-02    -  1.00e+00 1.00e+00h  1
 793r 1.0665027e+01 7.21e-02 7.23e+00  -4.1 1.47e-02    -  1.00e+00 1.00e+00h  1
 794r 1.0664848e+01 7.21e-02 6.61e+00  -4.0 3.42e-03    -  1.00e+00 1.00e+00h  1
 795r 1.0664503e+01 7.21e-02 3.92e+02  -4.1 1.28e-01    -  1.00e+00 1.00e+00h  1
 796r 1.0663417e+01 7.21e-02 7.16e+01  -4.1 1.27e-01    -  1.00e+00 1.00e+00h  1
 797r 1.0664061e+01 7.21e-02 2.48e+01  -4.0 1.02e-02    -  1.00e+00 1.00e+00h  1
 798r 1.0666270e+01 7.21e-02 2.72e+01  -4.1 2.44e-02    -  1.00e+00 1.00e+00h  1
 799r 1.0664952e+01 7.21e-02 2.25e+01  -4.1 2.76e-02    -  1.00e+00 1.00e+00h  1
iter    objective    inf_pr   inf_du lg(mu)  ||d||  lg(rg) alpha_du alpha_pr  ls
 800r 1.0663794e+01 7.21e-02 3.32e+01  -4.1 1.79e-02    -  1.00e+00 1.00e+00h  1
 801r 1.0664686e+01 7.21e-02 2.98e+00  -4.0 1.28e-02    -  1.00e+00 1.00e+00h  1
 802r 1.0665062e+01 7.21e-02 6.08e+00  -4.1 1.60e-02    -  1.00e+00 1.00e+00h  1
 803r 1.0664518e+01 7.21e-02 4.27e+00  -4.1 1.60e-02    -  1.00e+00 1.00e+00h  1
 804r 1.0664373e+01 7.21e-02 1.17e+01  -4.1 7.31e-03    -  1.00e+00 1.00e+00h  1
 805r 1.0664515e+01 7.21e-02 8.81e-01  -4.1 6.10e-03    -  1.00e+00 1.00e+00h  1
 806r 1.0664578e+01 7.21e-02 1.24e+00  -4.0 1.14e-03    -  1.00e+00 1.00e+00h  1
 807r 1.0666125e+01 7.21e-02 3.20e+01  -4.1 2.47e-02    -  1.00e+00 1.00e+00f  1
 808r 1.0664827e+01 7.21e-02 6.11e+00  -4.1 2.23e-02    -  1.00e+00 1.00e+00h  1
 809r 1.0664572e+01 7.21e-02 4.55e+00  -4.1 2.68e-03    -  1.00e+00 1.00e+00h  1
iter    objective    inf_pr   inf_du lg(mu)  ||d||  lg(rg) alpha_du alpha_pr  ls
 810r 1.0664639e+01 7.21e-02 3.27e+00  -4.1 1.81e-03    -  1.00e+00 1.00e+00h  1
 811r 1.0664640e+01 7.21e-02 6.99e-01  -4.1 5.28e-04    -  1.00e+00 1.00e+00h  1
 812r 1.0664631e+01 7.21e-02 1.69e-01  -4.1 1.56e-04    -  1.00e+00 1.00e+00h  1
 813r 1.0664541e+01 7.21e-02 3.02e+00  -4.1 1.40e-03    -  1.00e+00 1.00e+00h  1
 814r 1.0664541e+01 7.21e-02 2.39e+00  -4.1 6.47e-04    -  1.00e+00 1.00e+00h  1
 815r 1.0664572e+01 7.21e-02 3.87e-01  -4.1 5.79e-04    -  1.00e+00 1.00e+00h  1
 816r 1.0664566e+01 7.21e-02 1.91e+00  -4.0 1.43e-03    -  1.00e+00 1.00e+00f  1
 817r 1.0665513e+01 7.21e-02 2.43e+02  -4.1 7.29e-02    -  1.00e+00 1.00e+00f  1
 818r 1.0666033e+01 7.21e-02 6.39e+01  -4.1 8.44e-02    -  1.00e+00 1.00e+00h  1
 819r 1.0663829e+01 7.21e-02 3.62e+01  -4.1 2.96e-02    -  1.00e+00 1.00e+00h  1
iter    objective    inf_pr   inf_du lg(mu)  ||d||  lg(rg) alpha_du alpha_pr  ls
 820r 1.0663246e+01 7.21e-02 4.50e+01  -4.1 1.45e-02    -  1.00e+00 1.00e+00h  1
 821r 1.0664514e+01 7.21e-02 1.90e+01  -4.0 1.84e-02    -  1.00e+00 1.00e+00h  1
 822r 1.0664316e+01 7.21e-02 6.88e+01  -4.1 2.14e-02    -  1.00e+00 1.00e+00h  1
 823r 1.0664538e+01 7.21e-02 6.40e+00  -4.1 1.81e-02    -  1.00e+00 1.00e+00h  1
 824r 1.0664517e+01 7.21e-02 5.54e+00  -4.0 2.67e-03    -  1.00e+00 1.00e+00h  1
 825r 1.0665274e+01 7.21e-02 3.32e+01  -4.1 2.04e-02    -  1.00e+00 1.00e+00h  1
 826r 1.0664589e+01 7.21e-02 4.42e+00  -4.1 1.85e-02    -  1.00e+00 1.00e+00h  1
 827r 1.0664318e+01 7.21e-02 8.48e+00  -4.1 7.32e-03    -  1.00e+00 1.00e+00h  1
 828r 1.0664515e+01 7.21e-02 1.50e+00  -4.1 5.07e-03    -  1.00e+00 1.00e+00h  1
 829r 1.0664519e+01 7.21e-02 3.79e-01  -4.1 2.28e-04    -  1.00e+00 1.00e+00h  1
iter    objective    inf_pr   inf_du lg(mu)  ||d||  lg(rg) alpha_du alpha_pr  ls
 830r 1.0664578e+01 7.21e-02 1.14e+00  -4.0 1.21e-03    -  1.00e+00 1.00e+00f  1
 831r 1.0664436e+01 7.21e-02 5.63e+01  -4.1 3.40e-02    -  1.00e+00 1.00e+00f  1
 832r 1.0664516e+01 7.21e-02 4.59e+00  -4.1 3.34e-02    -  1.00e+00 1.00e+00h  1
 833r 1.0664634e+01 7.21e-02 3.64e+00  -4.0 2.11e-03    -  1.00e+00 1.00e+00h  1
 834r 1.0664738e+01 7.21e-02 2.45e+01  -4.1 1.47e-02    -  1.00e+00 1.00e+00f  1
 835r 1.0664598e+01 7.21e-02 2.64e+00  -4.1 1.40e-02    -  1.00e+00 1.00e+00h  1
 836r 1.0664518e+01 7.21e-02 4.86e+00  -4.1 4.46e-03    -  1.00e+00 1.00e+00h  1
 837r 1.0664572e+01 7.21e-02 2.63e-01  -4.1 2.98e-03    -  1.00e+00 1.00e+00h  1
 838r 1.0664572e+01 7.21e-02 7.01e-02  -4.1 5.96e-05    -  1.00e+00 1.00e+00h  1
 839r 1.0664647e+01 7.21e-02 1.28e+00  -4.0 1.12e-03    -  1.00e+00 1.00e+00f  1
iter    objective    inf_pr   inf_du lg(mu)  ||d||  lg(rg) alpha_du alpha_pr  ls
 840r 1.0665133e+01 7.21e-02 3.00e+01  -4.1 2.12e-02    -  1.00e+00 1.00e+00f  1
 841r 1.0664628e+01 7.21e-02 1.84e+00  -4.1 2.04e-02    -  1.00e+00 1.00e+00h  1
 842r 1.0664578e+01 7.21e-02 1.80e+00  -4.1 1.05e-03    -  1.00e+00 1.00e+00h  1
 843r 1.0664590e+01 7.21e-02 3.46e-01  -4.1 6.34e-04    -  1.00e+00 1.00e+00h  1
 844r 1.0664587e+01 7.21e-02 9.28e-02  -4.1 4.14e-05    -  1.00e+00 1.00e+00h  1
 845r 1.0664581e+01 7.21e-02 1.10e-01  -4.1 5.50e-05    -  1.00e+00 1.00e+00h  1
 846r 1.0664557e+01 7.21e-02 5.81e-01  -4.1 2.68e-04    -  1.00e+00 1.00e+00H  1
 847r 1.0664559e+01 7.21e-02 4.78e-01  -4.1 1.21e-04    -  1.00e+00 1.00e+00h  1
 848r 1.0664566e+01 7.21e-02 1.06e-01  -4.1 1.35e-04    -  1.00e+00 1.00e+00h  1
 849r 1.0664563e+01 7.21e-02 5.90e-02  -4.1 3.43e-05    -  1.00e+00 1.00e+00h  1
iter    objective    inf_pr   inf_du lg(mu)  ||d||  lg(rg) alpha_du alpha_pr  ls
 850r 1.0664562e+01 7.21e-02 9.58e-02  -4.1 3.45e-05    -  1.00e+00 1.00e+00h  1
 851r 1.0664558e+01 7.21e-02 1.54e-01  -4.1 4.82e-05    -  1.00e+00 1.00e+00h  1
 852r 1.0664563e+01 7.21e-02 3.31e-02  -4.1 6.38e-05    -  1.00e+00 1.00e+00h  1
 853r 1.0664561e+01 7.21e-02 4.68e-02  -4.1 4.84e-05    -  1.00e+00 1.00e+00H  1
 854r 1.0664533e+01 7.21e-02 1.14e+00  -4.1 5.35e-04    -  1.00e+00 1.00e+00h  1
 855r 1.0664552e+01 7.21e-02 1.67e-01  -4.1 4.05e-04    -  1.00e+00 1.00e+00h  1
 856r 1.0664691e+01 7.21e-02 3.20e+00  -4.0 1.43e-03    -  1.00e+00 1.00e+00f  1
 857r 1.0665431e+01 7.21e-02 2.91e+01  -4.1 1.76e-02    -  1.00e+00 1.00e+00f  1
 858r 1.0664293e+01 7.21e-02 1.42e+01  -4.1 1.78e-02    -  1.00e+00 1.00e+00h  1
 859r 1.0665282e+01 7.21e-02 3.70e+01  -4.1 1.46e-02    -  1.00e+00 1.00e+00h  1
iter    objective    inf_pr   inf_du lg(mu)  ||d||  lg(rg) alpha_du alpha_pr  ls
 860r 1.0664511e+01 7.21e-02 7.89e+00  -4.1 1.17e-02    -  1.00e+00 1.00e+00h  1
 861r 1.0664427e+01 7.21e-02 6.81e+00  -4.1 5.24e-03    -  1.00e+00 1.00e+00h  1
 862r 1.0664520e+01 7.21e-02 1.09e+00  -4.1 3.72e-03    -  1.00e+00 1.00e+00h  1
 863r 1.0664539e+01 7.21e-02 5.63e-01  -4.1 3.85e-04    -  1.00e+00 1.00e+00h  1
 864r 1.0664600e+01 7.21e-02 1.21e+00  -4.0 1.33e-03    -  1.00e+00 1.00e+00f  1
 865r 1.0665132e+01 7.21e-02 2.65e+01  -4.1 1.92e-02    -  1.00e+00 1.00e+00f  1
 866r 1.0664556e+01 7.21e-02 1.82e+00  -4.1 1.76e-02    -  1.00e+00 1.00e+00h  1
 867r 1.0664629e+01 7.21e-02 7.40e+00  -4.0 3.34e-03    -  1.00e+00 1.00e+00h  1
 868r 1.0664979e+01 7.21e-02 1.40e+01  -4.1 1.95e-02    -  1.00e+00 1.00e+00h  1
 869r 1.0664631e+01 7.21e-02 3.69e+00  -4.1 1.67e-02    -  1.00e+00 1.00e+00h  1
iter    objective    inf_pr   inf_du lg(mu)  ||d||  lg(rg) alpha_du alpha_pr  ls
 870r 1.0664455e+01 7.21e-02 5.99e+00  -4.1 5.63e-03    -  1.00e+00 1.00e+00h  1
 871r 1.0664581e+01 7.21e-02 8.45e-01  -4.1 3.77e-03    -  1.00e+00 1.00e+00h  1
 872r 1.0664579e+01 7.21e-02 7.49e-01  -4.1 4.67e-04    -  1.00e+00 1.00e+00h  1
 873r 1.0664577e+01 7.21e-02 5.96e-02  -4.1 1.69e-04    -  1.00e+00 1.00e+00h  1
 874r 1.0664576e+01 7.21e-02 4.87e-02  -4.1 1.82e-05    -  1.00e+00 1.00e+00h  1
 875r 1.0664599e+01 7.21e-02 1.39e+00  -4.0 1.21e-03    -  1.00e+00 1.00e+00f  1
 876r 1.0663662e+01 7.21e-02 1.81e+02  -4.1 4.90e-02    -  1.00e+00 1.00e+00f  1
 877r 1.0664818e+01 7.21e-02 8.83e+00  -4.1 4.73e-02    -  1.00e+00 1.00e+00h  1
 878r 1.0664556e+01 7.21e-02 4.31e+00  -4.0 5.13e-03    -  1.00e+00 1.00e+00h  1
 879r 1.0664474e+01 7.21e-02 2.45e+01  -4.1 1.59e-02    -  1.00e+00 1.00e+00h  1
iter    objective    inf_pr   inf_du lg(mu)  ||d||  lg(rg) alpha_du alpha_pr  ls
 880r 1.0664441e+01 7.21e-02 1.72e+00  -4.1 1.49e-02    -  1.00e+00 1.00e+00h  1
 881r 1.0664850e+01 7.21e-02 9.85e+00  -4.0 4.40e-03    -  1.00e+00 1.00e+00h  1
 882r 1.0664654e+01 7.21e-02 1.17e+01  -4.1 1.42e-02    -  1.00e+00 1.00e+00f  1
 883r 1.0664556e+01 7.21e-02 1.32e+00  -4.1 1.33e-02    -  1.00e+00 1.00e+00h  1
 884r 1.0664551e+01 7.21e-02 2.17e+00  -4.1 2.64e-03    -  1.00e+00 1.00e+00h  1
 885r 1.0664555e+01 7.21e-02 4.49e-01  -4.1 1.74e-03    -  1.00e+00 1.00e+00h  1
 886r 1.0664556e+01 7.21e-02 3.25e-01  -4.1 2.10e-04    -  1.00e+00 1.00e+00h  1
 887r 1.0664556e+01 7.21e-02 9.69e-03  -4.1 6.87e-05    -  1.00e+00 1.00e+00h  1
 888r 1.0664555e+01 7.21e-02 1.83e-02  -4.1 1.05e-05    -  1.00e+00 1.00e+00h  1
 889r 1.0664556e+01 7.21e-02 1.54e-02  -4.1 5.45e-06    -  1.00e+00 1.00e+00h  1
iter    objective    inf_pr   inf_du lg(mu)  ||d||  lg(rg) alpha_du alpha_pr  ls
 890r 1.0664556e+01 7.21e-02 1.54e-02  -4.1 7.04e-06    -  1.00e+00 1.00e+00H  1
 891r 1.0664556e+01 7.21e-02 3.10e-03  -4.1 4.66e-06    -  1.00e+00 1.00e+00h  1
 892r 1.0664648e+01 7.21e-02 4.32e+00  -4.0 1.68e-03    -  1.00e+00 1.00e+00f  1
 893r 1.0664699e+01 7.21e-02 6.76e+01  -4.1 2.26e-02    -  1.00e+00 1.00e+00f  1
 894r 1.0664578e+01 7.21e-02 1.55e+00  -4.1 2.22e-02    -  1.00e+00 1.00e+00h  1
 895r 1.0664574e+01 7.21e-02 3.36e+00  -4.1 1.98e-03    -  1.00e+00 1.00e+00h  1
 896r 1.0664539e+01 7.21e-02 6.69e-01  -4.1 1.44e-03    -  1.00e+00 1.00e+00h  1
 897r 1.0664551e+01 7.21e-02 3.59e-01  -4.1 5.46e-04    -  1.00e+00 1.00e+00h  1
 898r 1.0664548e+01 7.21e-02 4.34e-02  -4.1 2.03e-04    -  1.00e+00 1.00e+00h  1
 899r 1.0664548e+01 7.21e-02 1.33e-02  -4.1 1.81e-05    -  1.00e+00 1.00e+00h  1
iter    objective    inf_pr   inf_du lg(mu)  ||d||  lg(rg) alpha_du alpha_pr  ls
 900r 1.0664549e+01 7.21e-02 2.92e-02  -4.1 1.13e-05    -  1.00e+00 1.00e+00h  1
 901r 1.0664550e+01 7.21e-02 5.71e-02  -4.1 2.68e-05    -  1.00e+00 1.00e+00h  1
 902r 1.0664552e+01 7.21e-02 6.26e-02  -4.1 2.94e-05    -  1.00e+00 1.00e+00H  1
 903r 1.0664583e+01 7.21e-02 6.97e-01  -4.1 3.58e-04    -  1.00e+00 1.00e+00H  1
 904r 1.0664567e+01 7.21e-02 2.64e-01  -4.1 1.46e-04    -  1.00e+00 1.00e+00H  1
 905r 1.0664528e+01 7.21e-02 7.47e-01  -4.1 4.22e-04    -  1.00e+00 1.00e+00H  1
 906r 1.0664560e+01 7.21e-02 1.53e-01  -4.1 3.02e-04    -  1.00e+00 1.00e+00H  1
 907r 1.0664571e+01 7.21e-02 4.28e-01  -4.1 1.89e-04    -  1.00e+00 1.00e+00H  1
 908r 1.0664555e+01 7.21e-02 1.29e-01  -4.1 2.02e-04    -  1.00e+00 1.00e+00H  1
 909r 1.0664555e+01 7.21e-02 6.57e-02  -4.1 2.41e-05    -  1.00e+00 1.00e+00H  1
iter    objective    inf_pr   inf_du lg(mu)  ||d||  lg(rg) alpha_du alpha_pr  ls
 910r 1.0664559e+01 7.21e-02 4.52e-02  -4.1 4.59e-05    -  1.00e+00 1.00e+00H  1
 911r 1.0664559e+01 7.21e-02 4.52e-02  -4.1 3.66e-05    -  1.00e+00 3.05e-05h 16
 912r 1.0664559e+01 7.21e-02 4.52e-02  -4.1 2.36e-04    -  1.00e+00 2.91e-11h 36
 913r 1.0664559e+01 7.21e-02 4.52e-02  -4.1 2.41e-04    -  1.00e+00 1.19e-07h 24
 914r 1.0664559e+01 7.21e-02 4.52e-02  -4.1 2.49e-04    -  1.00e+00 1.91e-06h 20
 915r 1.0664559e+01 7.21e-02 3.84e-03  -4.1 1.09e-06    -  1.00e+00 1.00e+00H  1
 916r 1.0664616e+01 7.21e-02 3.96e+00  -4.0 1.57e-03    -  1.00e+00 1.00e+00f  1
 917r 1.0664543e+01 7.21e-02 1.17e+01  -4.1 3.45e-03    -  1.00e+00 1.00e+00f  1
 918r 1.0664574e+01 7.21e-02 3.21e+00  -4.1 2.91e-03    -  1.00e+00 1.00e+00h  1
 919r 1.0664551e+01 7.21e-02 1.41e+00  -4.1 9.91e-04    -  1.00e+00 1.00e+00h  1
iter    objective    inf_pr   inf_du lg(mu)  ||d||  lg(rg) alpha_du alpha_pr  ls
 920r 1.0664558e+01 7.21e-02 9.41e-02  -4.1 4.63e-04    -  1.00e+00 1.00e+00h  1
 921r 1.0664558e+01 7.21e-02 2.22e-02  -4.1 3.36e-05    -  1.00e+00 1.00e+00h  1
 922r 1.0664558e+01 7.21e-02 2.92e-02  -4.1 1.58e-05    -  1.00e+00 1.00e+00h  1
 923r 1.0664558e+01 7.21e-02 2.73e-03  -4.1 6.47e-06    -  1.00e+00 1.00e+00h  1
 924r 1.0664323e+01 7.21e-02 5.65e+00  -6.1 3.12e-03    -  1.00e+00 1.00e+00f  1
 925r 1.0666802e+01 7.21e-02 1.44e+02  -4.0 9.87e-02    -  1.00e+00 1.00e+00f  1
 926r 1.0664740e+01 7.21e-02 1.98e+01  -4.1 1.10e-01    -  1.00e+00 1.00e+00h  1
 927r 1.0664330e+01 7.21e-02 6.06e+01  -4.1 4.05e-02    -  1.00e+00 1.00e+00h  1
 928r 1.0664665e+01 7.21e-02 1.11e+01  -4.1 2.92e-02    -  1.00e+00 1.00e+00h  1
 929r 1.0664681e+01 7.21e-02 2.43e+00  -4.1 2.42e-03    -  1.00e+00 1.00e+00h  1
iter    objective    inf_pr   inf_du lg(mu)  ||d||  lg(rg) alpha_du alpha_pr  ls
 930r 1.0664689e+01 7.21e-02 1.01e+00  -4.1 5.73e-04    -  1.00e+00 1.00e+00h  1
 931r 1.0664679e+01 7.21e-02 2.26e-01  -4.1 1.43e-04    -  1.00e+00 1.00e+00h  1
 932r 1.0664657e+01 7.21e-02 4.35e-01  -4.1 2.26e-04    -  1.00e+00 1.00e+00H  1
 933r 1.0664602e+01 7.21e-02 1.21e+00  -4.1 6.66e-04    -  1.00e+00 1.00e+00h  1
 934r 1.0664517e+01 7.21e-02 3.64e+00  -4.1 1.65e-03    -  1.00e+00 1.00e+00h  1
 935r 1.0664590e+01 7.21e-02 1.98e-01  -4.1 1.12e-03    -  1.00e+00 1.00e+00h  1
 936r 1.0664565e+01 7.21e-02 5.48e-01  -4.1 3.17e-04    -  1.00e+00 1.00e+00h  1
 937r 1.0664559e+01 7.21e-02 7.02e-02  -4.1 2.14e-04    -  1.00e+00 1.00e+00h  1
 938r 1.0664561e+01 7.21e-02 4.12e-02  -4.1 3.06e-05    -  1.00e+00 1.00e+00h  1
 939r 1.0664560e+01 7.21e-02 7.57e-02  -4.1 2.20e-05    -  1.00e+00 1.00e+00H  1
iter    objective    inf_pr   inf_du lg(mu)  ||d||  lg(rg) alpha_du alpha_pr  ls
 940r 1.0664559e+01 7.21e-02 3.79e-02  -4.1 1.58e-05    -  1.00e+00 1.00e+00h  1
 941r 1.0664560e+01 7.21e-02 7.59e-03  -4.1 6.09e-06    -  1.00e+00 1.00e+00h  1
 942r 1.0664560e+01 7.21e-02 4.44e-02  -4.1 2.13e-05    -  1.00e+00 1.00e+00H  1
 943r 1.0664560e+01 7.21e-02 1.21e-02  -4.1 1.77e-05    -  1.00e+00 1.00e+00h  1
 944r 1.0664560e+01 7.21e-02 1.30e-02  -4.1 7.30e-06    -  1.00e+00 7.81e-03h  8
 945r 1.0664560e+01 7.21e-02 1.24e-02  -4.1 1.40e-06    -  1.00e+00 3.91e-03h  9
 946r 1.0664558e+01 7.21e-02 6.14e-02  -4.1 3.02e-05    -  1.00e+00 1.00e+00H  1
 947r 1.0664560e+01 7.21e-02 4.01e-03  -4.1 2.81e-05    -  1.00e+00 1.00e+00H  1
 948r 1.0663964e+01 7.21e-02 2.20e+01  -6.1 8.57e-03    -  1.00e+00 1.00e+00f  1
 949r 1.0662367e+01 7.21e-02 6.25e+02  -6.1 2.13e-01    -  1.00e+00 8.26e-01f  1
iter    objective    inf_pr   inf_du lg(mu)  ||d||  lg(rg) alpha_du alpha_pr  ls
 950r 1.0667621e+01 7.21e-02 1.58e+02  -4.0 9.65e-02    -  1.00e+00 1.00e+00f  1
 951r 1.0662095e+01 7.21e-02 6.84e+02  -4.1 2.98e-01    -  1.00e+00 1.00e+00h  1
 952r 1.0669383e+01 7.21e-02 1.52e+02  -4.1 2.42e-01    -  1.00e+00 1.00e+00h  1
 953r 1.0664694e+01 7.21e-02 6.68e+01  -4.1 6.20e-02    -  1.00e+00 1.00e+00h  1
 954r 1.0665160e+01 7.21e-02 2.44e+01  -4.1 1.90e-02    -  1.00e+00 1.00e+00h  1
 955r 1.0665410e+01 7.21e-02 1.72e+01  -4.1 1.30e-02    -  1.00e+00 1.00e+00h  1
 956r 1.0665158e+01 7.21e-02 3.21e+00  -4.1 6.51e-03    -  1.00e+00 1.00e+00h  1
 957r 1.0665073e+01 7.21e-02 3.23e+00  -4.1 1.69e-03    -  1.00e+00 1.00e+00h  1
 958r 1.0664405e+01 7.21e-02 2.30e+01  -4.1 1.03e-02    -  1.00e+00 1.00e+00H  1
 959r 1.0663839e+01 7.21e-02 4.14e+01  -4.1 1.28e-02    -  1.00e+00 1.00e+00H  1
iter    objective    inf_pr   inf_du lg(mu)  ||d||  lg(rg) alpha_du alpha_pr  ls
 960r 1.0664946e+01 7.21e-02 1.61e+01  -4.1 2.14e-02    -  1.00e+00 1.00e+00f  1
 961r 1.0664797e+01 7.21e-02 1.12e+01  -4.1 9.54e-03    -  1.00e+00 2.50e-01h  3
 962r 1.0664792e+01 7.21e-02 1.06e+01  -4.1 5.67e-03    -  1.00e+00 6.25e-02h  5
 963r 1.0664790e+01 7.21e-02 1.05e+01  -4.1 3.67e-03    -  1.00e+00 7.81e-03h  8
 964r 1.0664789e+01 7.21e-02 1.05e+01  -4.1 6.88e-03    -  1.00e+00 3.91e-03h  9
 965r 1.0664788e+01 7.21e-02 1.05e+01  -4.1 6.97e-03    -  1.00e+00 9.77e-04h 11
 966r 1.0664319e+01 7.21e-02 6.67e+00  -4.1 7.09e-03    -  1.00e+00 1.00e+00h  1
 967r 1.0664321e+01 7.21e-02 2.94e-01  -4.1 1.75e-04    -  1.00e+00 1.00e+00h  1
 968r 1.0664338e+01 7.21e-02 8.16e-01  -4.1 1.18e-03    -  1.00e+00 1.00e+00h  1
 969r 1.0664369e+01 7.21e-02 7.00e-01  -4.1 3.04e-04    -  1.00e+00 1.00e+00h  1
iter    objective    inf_pr   inf_du lg(mu)  ||d||  lg(rg) alpha_du alpha_pr  ls
 970r 1.0664485e+01 7.21e-02 3.37e+00  -4.1 1.34e-03    -  1.00e+00 1.00e+00H  1
 971r 1.0664555e+01 7.21e-02 3.92e+00  -4.1 1.22e-03    -  1.00e+00 1.00e+00H  1
 972r 1.0664559e+01 7.21e-02 2.59e+00  -4.1 7.02e-04    -  1.00e+00 1.00e+00H  1
 973r 1.0664547e+01 7.21e-02 1.88e-01  -4.1 2.67e-04    -  1.00e+00 1.00e+00H  1
 974r 1.0664547e+01 7.21e-02 1.88e-01  -4.1 1.21e-04    -  1.00e+00 3.81e-06h 19
 975r 1.0664547e+01 7.21e-02 1.87e-01  -4.1 4.61e-05    -  1.00e+00 9.54e-07h 21
 976r 1.0664547e+01 7.21e-02 1.87e-01  -4.1 2.60e-05    -  1.00e+00 9.54e-07h 21
 977r 1.0664546e+01 7.21e-02 2.46e-02  -4.1 1.74e-05    -  1.00e+00 1.00e+00H  1
 978r 1.0664545e+01 7.21e-02 1.03e-01  -4.1 3.49e-05    -  1.00e+00 1.00e+00H  1
 979r 1.0664546e+01 7.21e-02 4.52e-02  -4.1 3.05e-05    -  1.00e+00 1.00e+00H  1
iter    objective    inf_pr   inf_du lg(mu)  ||d||  lg(rg) alpha_du alpha_pr  ls
 980r 1.0664546e+01 7.21e-02 4.52e-02  -4.1 9.69e-06    -  1.00e+00 5.96e-08h 25
 981r 1.0664546e+01 7.21e-02 4.52e-02  -4.1 9.70e-06    -  1.00e+00 4.77e-07h 22
 982r 1.0664544e+01 7.21e-02 5.32e-01  -4.1 8.07e-05    -  1.00e+00 1.00e+00H  1
 983r 1.0664544e+01 7.21e-02 5.33e-01  -4.1 3.01e-03    -  1.00e+00 7.45e-09h 28
 984r 1.0664553e+01 7.21e-02 6.08e-01  -4.1 3.01e-03    -  1.00e+00 1.25e-01h  4
 985r 1.0664539e+01 7.21e-02 1.68e-01  -4.1 3.25e-04    -  1.00e+00 1.00e+00h  1
 986r 1.0664580e+01 7.21e-02 9.89e-01  -4.1 3.51e-04    -  1.00e+00 1.00e+00H  1
 987r 1.0664546e+01 7.21e-02 2.52e-02  -4.1 2.81e-04    -  1.00e+00 1.00e+00h  1
 988r 1.0664546e+01 7.21e-02 2.20e-02  -4.1 2.87e-05    -  1.00e+00 1.25e-01h  4
 989r 1.0664546e+01 7.21e-02 2.08e-02  -4.1 1.96e-05    -  1.00e+00 3.12e-02h  6
iter    objective    inf_pr   inf_du lg(mu)  ||d||  lg(rg) alpha_du alpha_pr  ls
 990r 1.0664546e+01 7.21e-02 1.88e-02  -4.1 3.35e-05    -  1.00e+00 1.56e-02h  7
 991r 1.0664546e+01 7.21e-02 1.71e-02  -4.1 9.21e-06    -  1.00e+00 7.81e-03h  8
 992r 1.0664546e+01 7.21e-02 1.85e-02  -4.1 1.40e-05    -  1.00e+00 3.91e-03h  9
 993r 1.0664545e+01 7.21e-02 1.78e-02  -4.1 1.41e-05    -  1.00e+00 1.00e+00h  1
 994r 1.0664546e+01 7.21e-02 1.55e-02  -4.1 4.77e-06    -  1.00e+00 1.00e+00H  1
 995r 1.0664546e+01 7.21e-02 9.93e-03  -4.1 2.39e-06    -  1.00e+00 1.00e+00h  1
 996r 1.0664546e+01 7.21e-02 1.01e-02  -4.1 1.08e-06    -  1.00e+00 1.00e+00h  1
 997r 1.0664546e+01 7.21e-02 1.48e-02  -4.1 2.27e-06    -  1.00e+00 1.00e+00H  1
 998r 1.0664543e+01 7.21e-02 5.60e-02  -4.1 2.63e-05    -  1.00e+00 1.00e+00H  1
 999r 1.0664543e+01 7.21e-02 5.60e-02  -4.1 5.71e-05    -  1.00e+00 3.73e-09h 29
iter    objective    inf_pr   inf_du lg(mu)  ||d||  lg(rg) alpha_du alpha_pr  ls
1000r 1.0664543e+01 7.21e-02 5.60e-02  -4.1 7.03e-06    -  1.00e+00 4.77e-07h 22

Number of Iterations....: 1000

                                   (scaled)                 (unscaled)
Objective...............:   1.0664542752162919e+01    1.0664542752162919e+01
Dual infeasibility......:   5.5928499696747833e-02    5.5928499696747833e-02
Constraint violation....:   7.2081214751523903e-02    7.2081214751523903e-02
Variable bound violation:   0.0000000000000000e+00    0.0000000000000000e+00
Complementarity.........:   8.0036077892229834e-05    8.0036077892229834e-05
Overall NLP error.......:   7.2081214751523903e-02    7.2081214751523903e-02


Number of objective function evaluations             = 2497
Number of objective gradient evaluations             = 621
Number of equality constraint evaluations            = 2497
Number of inequality constraint evaluations          = 2497
Number of equality constraint Jacobian evaluations   = 1004
Number of inequality constraint Jacobian evaluations = 1004
Number of Lagrangian Hessian evaluations             = 0
Total seconds in IPOPT                               = 1345.837

EXIT: Maximum Number of Iterations Exceeded.
