This is Ipopt version 3.14.19, running with linear solver MUMPS 5.8.2.

Number of nonzeros in equality constraint Jacobian...:   999237
Number of nonzeros in inequality constraint Jacobian.:     4352
Number of nonzeros in Lagrangian Hessian.............:        0

Total number of variables............................:     3203
                     variables with only lower bounds:        0
                variables with lower and upper bounds:      680
                     variables with only upper bounds:        0
Total number of equality constraints.................:     3078
Total number of inequality constraints...............:      457
        inequality constraints with only lower bounds:        0
   inequality constraints with lower and upper bounds:        0
        inequality constraints with only upper bounds:      457

iter    objective    inf_pr   inf_du lg(mu)  ||d||  lg(rg) alpha_du alpha_pr  ls
   0  2.0582410e-02 4.68e+00 1.00e+00   0.0 0.00e+00    -  0.00e+00 0.00e+00   0
   1  2.0314362e-02 4.66e+00 2.53e+00  -4.0 1.59e+01    -  6.62e-03 4.61e-03h  1
   2  1.9911958e-02 4.64e+00 7.11e+01  -0.2 1.50e+01    -  5.09e-02 5.49e-03h  1
   3  1.8107270e-02 4.62e+00 8.04e+01   1.8 1.43e+02    -  6.16e-03 2.71e-03f  1
   4  2.9218666e-02 4.57e+00 5.77e+02   2.1 7.87e+01    -  3.31e-02 1.10e-02f  1
   5  9.3005440e-02 4.32e+00 3.57e+03   1.5 2.89e+01    -  5.69e-02 7.71e-02h  1
   6  1.4044095e-01 4.25e+00 8.96e+03   2.2 5.36e+01    -  2.15e-01 1.71e-02f  1
   7  1.2387237e+00 3.39e+00 3.97e+04   2.1 3.93e+01    -  8.89e-01 2.12e-01h  1
   8  4.4553511e+00 2.73e+00 4.38e+04   2.2 3.67e+01    -  6.55e-01 4.26e-01H  1
   9  1.0570517e+01 6.40e+00 9.72e+04   2.8 4.47e+01    -  5.21e-01 3.40e-01f  1
iter    objective    inf_pr   inf_du lg(mu)  ||d||  lg(rg) alpha_du alpha_pr  ls
  10  1.2813117e+01 4.57e+00 7.23e+04   2.5 1.74e+01    -  2.95e-01 2.65e-01h  1
  11  1.8121151e+01 3.19e+00 5.16e+04   2.6 3.04e+01    -  9.41e-01 3.49e-01h  1
  12  2.7808535e+01 2.02e+00 7.64e+04   2.3 2.18e+01    -  9.91e-01 7.68e-01h  1
  13  2.7843582e+01 1.34e+00 6.19e+04   1.9 1.39e+01    -  9.99e-01 3.44e-01h  1
  14  2.8434087e+01 8.19e-01 1.16e+05   2.3 1.79e+01    -  9.89e-01 4.16e-01h  1
  15  2.6519766e+01 6.95e-01 6.27e+04   1.9 1.24e+01    -  1.00e+00 1.00e+00h  1
  16  2.4493637e+01 6.01e-01 6.72e+04   1.3 8.31e+00    -  1.00e+00 1.00e+00h  1
  17  2.4176990e+01 3.06e-01 2.99e+04   0.9 6.29e+00    -  1.00e+00 1.00e+00h  1
  18  2.4637138e+01 5.76e-02 7.12e+03   0.6 3.33e+00    -  1.00e+00 1.00e+00f  1
  19  2.5340615e+01 5.00e-02 8.39e+03   0.8 2.17e+00    -  1.00e+00 1.00e+00f  1
iter    objective    inf_pr   inf_du lg(mu)  ||d||  lg(rg) alpha_du alpha_pr  ls
  20  2.5575586e+01 8.16e-02 9.59e+03   0.7 2.80e+00    -  1.00e+00 1.00e+00f  1
  21  2.5905684e+01 4.52e-02 7.50e+03   0.7 1.81e+00    -  1.00e+00 1.00e+00f  1
  22  2.5823038e+01 8.14e-03 1.94e+03   0.0 8.52e-01    -  1.00e+00 1.00e+00h  1
  23  2.5757954e+01 2.70e-04 1.86e+03  -0.2 8.81e-01    -  9.45e-01 1.00e+00H  1
  24  2.5842880e+01 1.50e-04 2.57e+03  -0.5 6.36e-01    -  1.00e+00 1.00e+00H  1
  25  2.5862725e+01 1.68e-04 2.24e+03  -1.3 8.30e-01    -  1.00e+00 1.25e-01h  4
  26  2.5899006e+01 9.90e-05 5.06e+02  -2.2 2.25e-01    -  1.00e+00 1.00e+00H  1
  27  2.5868032e+01 2.41e-04 3.03e+02  -3.1 1.35e-01    -  1.00e+00 1.00e+00h  1
  28  2.5845449e+01 1.10e-04 1.21e+03  -3.2 5.62e-02    -  7.94e-01 1.00e+00h  1
  29  2.5783407e+01 1.05e-03 2.78e+02  -3.8 1.27e-01    -  1.00e+00 1.00e+00h  1
iter    objective    inf_pr   inf_du lg(mu)  ||d||  lg(rg) alpha_du alpha_pr  ls
  30  2.5619590e+01 6.69e-03 1.73e+03  -3.9 3.65e+00    -  3.70e-01 1.03e-01f  1
  31  2.5127694e+01 3.78e-02 2.55e+03  -1.9 4.30e+01    -  1.00e+00 2.58e-02f  1
  32  2.4986059e+01 1.38e-02 2.11e+03  -2.2 5.37e-01    -  1.00e+00 5.72e-01h  1
  33  2.5011421e+01 1.64e-02 1.22e+03  -2.0 5.05e-01    -  7.52e-01 5.31e-01h  1
  34  2.4922146e+01 4.22e-03 2.91e+02  -2.1 2.45e-01    -  7.24e-01 1.00e+00h  1
  35  2.4522472e+01 9.03e-03 6.26e+02  -2.3 1.42e+00    -  1.00e+00 7.04e-01h  1
  36  2.3613547e+01 1.80e-01 1.05e+03  -1.7 2.79e+00    -  1.00e+00 7.62e-01f  1
  37  2.1298408e+01 3.25e-01 2.15e+03  -1.7 5.67e+00    -  1.00e+00 8.99e-01h  1
  38  2.2000458e+01 3.56e-01 1.63e+03  -1.1 4.68e+00    -  8.97e-01 5.60e-01f  1
  39  2.0266040e+01 2.75e-01 3.85e+02  -1.4 4.71e+00    -  1.00e+00 1.00e+00h  1
iter    objective    inf_pr   inf_du lg(mu)  ||d||  lg(rg) alpha_du alpha_pr  ls
  40  1.9106272e+01 3.06e-01 3.11e+02  -1.5 5.42e+00    -  1.00e+00 8.16e-01h  1
  41  1.8324116e+01 1.80e-01 2.71e+02  -1.8 5.38e+00    -  1.00e+00 6.07e-01h  1
  42  1.9050502e+01 3.48e-01 2.48e+02  -1.2 6.30e+00    -  8.97e-01 7.72e-01f  1
  43  1.7841885e+01 1.27e-01 1.33e+02  -1.3 3.49e+00    -  1.00e+00 1.00e+00h  1
  44  1.9089994e+01 1.97e-01 1.07e+02  -1.1 3.61e+00    -  1.00e+00 1.00e+00h  1
  45  1.8037303e+01 1.37e-01 9.35e+01  -1.2 3.68e+00    -  1.00e+00 1.00e+00h  1
  46  1.7822850e+01 1.49e-01 1.32e+02  -1.2 3.96e+00    -  1.00e+00 1.00e+00h  1
  47  1.7120740e+01 5.73e-02 5.16e+01  -1.7 2.87e+00    -  1.00e+00 1.00e+00h  1
  48  1.9095823e+01 2.75e-01 8.89e+01  -1.1 4.74e+00    -  1.00e+00 1.00e+00h  1
  49  1.8214743e+01 1.20e-01 3.56e+01  -1.2 2.44e+00    -  1.00e+00 1.00e+00h  1
iter    objective    inf_pr   inf_du lg(mu)  ||d||  lg(rg) alpha_du alpha_pr  ls
  50  1.8292216e+01 4.22e-02 1.00e+02  -1.2 1.93e+00    -  1.00e+00 1.00e+00h  1
  51  1.7517362e+01 5.22e-02 1.07e+02  -1.5 2.23e+00    -  1.00e+00 1.00e+00h  1
  52  1.7925643e+01 2.66e-02 8.14e+01  -1.6 1.88e+00    -  1.00e+00 1.00e+00h  1
  53  1.7417023e+01 1.77e-02 9.63e+01  -2.2 1.37e+00    -  1.00e+00 1.00e+00h  1
  54  1.7147055e+01 4.47e-02 1.58e+02  -2.3 1.87e+00    -  1.00e+00 1.00e+00h  1
  55  1.6456512e+01 1.31e-01 2.40e+02  -2.4 3.84e+00    -  4.34e-01 8.64e-01h  1
  56  1.5967612e+01 1.36e-01 3.19e+02  -1.8 3.99e+00    -  1.00e+00 4.76e-01f  1
  57  1.4854502e+01 4.22e-01 2.62e+02  -2.4 5.22e+00    -  8.93e-01 9.42e-01h  1
  58  1.4769071e+01 1.33e-01 1.09e+02  -1.9 2.68e+00    -  7.02e-01 1.00e+00h  1
  59  1.5223977e+01 1.36e-01 7.94e+01  -1.7 3.00e+00    -  1.00e+00 1.00e+00h  1
iter    objective    inf_pr   inf_du lg(mu)  ||d||  lg(rg) alpha_du alpha_pr  ls
  60  1.4952248e+01 8.33e-02 4.95e+01  -1.8 2.43e+00    -  1.00e+00 1.00e+00h  1
  61  1.5711139e+01 2.01e-01 7.53e+01  -1.6 2.73e+00    -  1.00e+00 1.00e+00h  1
  62  1.5395030e+01 5.80e-02 4.00e+01  -1.7 1.66e+00    -  1.00e+00 1.00e+00h  1
  63  1.5924150e+01 6.84e-02 7.19e+01  -1.4 1.91e+00    -  1.00e+00 1.00e+00h  1
  64  1.5892126e+01 3.82e-02 6.91e+01  -1.5 1.62e+00    -  1.00e+00 1.00e+00h  1
  65  1.5435111e+01 3.33e-02 1.50e+02  -2.1 1.90e+00    -  1.00e+00 1.00e+00h  1
  66  1.5183029e+01 5.56e-02 2.11e+02  -2.2 2.17e+00    -  1.00e+00 7.82e-01h  1
  67  1.4466257e+01 1.56e-01 2.48e+02  -2.4 4.38e+00    -  1.00e+00 7.37e-01h  1
  68  1.4260711e+01 7.62e-02 1.65e+02  -1.9 2.65e+00    -  9.32e-01 6.13e-01h  1
  69  1.4078530e+01 3.30e-02 1.09e+02  -2.4 1.50e+00    -  1.00e+00 9.31e-01h  1
iter    objective    inf_pr   inf_du lg(mu)  ||d||  lg(rg) alpha_du alpha_pr  ls
  70  1.4058110e+01 2.26e-02 7.71e+01  -2.1 1.43e+00    -  1.00e+00 8.06e-01h  1
  71  1.3874553e+01 1.89e-02 8.83e+01  -2.6 1.56e+00    -  1.00e+00 5.89e-01h  1
  72  1.3412812e+01 4.05e-02 1.59e+02  -2.6 3.94e+00    -  1.00e+00 5.71e-01h  1
  73  1.3087121e+01 5.64e-02 2.38e+02  -3.5 5.24e+00    -  5.58e-01 3.09e-01h  1
  74  1.2621277e+01 1.39e-01 3.46e+02  -2.4 1.20e+01    -  9.43e-01 2.06e-01h  1
  75  1.1912242e+01 3.49e-01 4.69e+02  -2.4 8.66e+00    -  3.16e-01 4.85e-01h  1
  76  1.1844980e+01 2.03e-01 4.85e+02  -1.8 5.48e+00    -  3.58e-01 3.97e-01f  1
  77  1.1302579e+01 1.90e-01 2.70e+02  -2.1 4.60e+00    -  1.00e+00 8.64e-01h  1
  78  1.0575999e+01 1.51e-01 1.46e+02  -2.3 5.78e+00    -  1.00e+00 7.02e-01h  1
  79  1.1599873e+01 2.91e-01 1.46e+02  -1.3 1.50e+01    -  5.44e-01 2.59e-01f  1
iter    objective    inf_pr   inf_du lg(mu)  ||d||  lg(rg) alpha_du alpha_pr  ls
  80  1.1493137e+01 4.09e-01 9.21e+01  -1.6 5.42e+00    -  9.25e-01 1.00e+00h  1
  81  1.0971163e+01 1.32e-01 3.36e+01  -1.6 2.40e+00    -  1.00e+00 1.00e+00h  1
  82  1.0895978e+01 6.44e-02 3.41e+01  -1.7 2.20e+00    -  1.00e+00 7.80e-01h  1
  83  1.0728298e+01 4.69e-02 8.19e+01  -1.8 2.68e+00    -  1.00e+00 5.64e-01h  1
  84  1.0585732e+01 3.61e-02 1.53e+02  -2.1 3.63e+00    -  1.00e+00 3.14e-01h  2
  85  9.8027132e+00 3.02e-01 1.91e+02  -2.1 5.20e+00    -  9.35e-01 9.40e-01h  1
  86  9.9349228e+00 3.93e-01 1.91e+02  -1.7 6.40e+00    -  1.00e+00 7.08e-01h  1
  87  9.7611835e+00 8.70e-02 7.82e+01  -1.8 2.59e+00    -  1.00e+00 1.00e+00h  1
  88  9.3910526e+00 3.41e-02 4.07e+01  -2.3 2.93e+00    -  1.00e+00 6.63e-01h  1
  89  8.9270639e+00 7.47e-02 6.20e+01  -2.3 6.17e+00    -  1.00e+00 3.33e-01h  1
iter    objective    inf_pr   inf_du lg(mu)  ||d||  lg(rg) alpha_du alpha_pr  ls
  90  8.2060766e+00 3.99e-01 1.49e+02  -2.0 8.49e+00    -  1.00e+00 3.87e-01h  1
  91  8.8680711e+00 9.83e-01 2.22e+02  -1.6 8.35e+00    -  7.53e-01 7.24e-01h  1
  92  8.2830138e+00 3.98e-01 1.31e+02  -1.8 3.93e+00    -  1.00e+00 6.14e-01h  1
  93  7.8881478e+00 1.47e-01 3.00e+01  -1.8 3.26e+00    -  1.00e+00 7.66e-01h  1
  94  7.8190466e+00 1.25e-01 3.44e+01  -2.0 3.29e+00    -  5.38e-01 3.10e-01H  1
  95  8.0360113e+00 1.06e-01 3.65e+01  -1.7 2.60e+00    -  8.98e-01 9.58e-01h  1
  96  8.0604862e+00 5.48e-02 4.54e+01  -1.7 1.56e+00    -  1.00e+00 8.04e-01h  1
  97  8.3123876e+00 5.72e-02 1.85e+02  -1.4 2.20e+00    -  1.00e+00 5.00e-01f  2
  98  8.5272255e+00 2.72e-02 1.27e+02  -1.5 1.68e+00    -  1.00e+00 5.00e-01h  2
  99  9.9283779e+00 3.38e-01 3.94e+02  -1.2 3.62e+00    -  1.00e+00 1.00e+00f  1
iter    objective    inf_pr   inf_du lg(mu)  ||d||  lg(rg) alpha_du alpha_pr  ls
 100  9.9670512e+00 5.64e-02 2.08e+02  -1.3 1.53e+00    -  1.00e+00 1.00e+00h  1
 101  9.7726514e+00 3.32e-02 7.75e+01  -1.3 1.65e+00    -  1.00e+00 1.00e+00h  1
 102  9.9974961e+00 2.50e-02 1.12e+02  -1.3 1.28e+00    -  1.00e+00 7.95e-01h  1
 103  9.6492470e+00 9.13e-03 6.52e+01  -1.9 1.08e+00    -  1.00e+00 1.00e+00h  1
 104  9.0752251e+00 3.82e-02 1.23e+02  -1.9 1.62e+00    -  1.00e+00 9.56e-01h  1
 105  8.4303803e+00 9.98e-02 2.12e+02  -2.0 2.43e+00    -  1.00e+00 7.75e-01h  1
 106  8.3928167e+00 2.02e-02 1.27e+02  -2.0 1.10e+00    -  1.00e+00 1.00e+00h  1
 107  8.4619671e+00 2.02e-02 4.58e+01  -2.1 9.09e-01    -  1.00e+00 1.00e+00h  1
 108  8.7880799e+00 2.27e-02 6.11e+01  -1.9 8.38e-01    -  1.00e+00 1.00e+00h  1
 109  8.5964764e+00 8.00e-03 3.34e+01  -1.9 6.50e-01    -  1.00e+00 1.00e+00h  1
iter    objective    inf_pr   inf_du lg(mu)  ||d||  lg(rg) alpha_du alpha_pr  ls
 110  8.5070060e+00 7.92e-03 7.30e+01  -1.9 7.36e-01    -  9.14e-01 6.75e-01h  1
 111  8.4597463e+00 6.36e-03 3.12e+02  -2.7 8.94e-01    -  1.00e+00 2.08e-01h  1
 112  7.9372999e+00 4.36e-02 1.27e+02  -2.9 2.34e+00    -  1.00e+00 8.00e-01h  1
 113  7.7000926e+00 3.08e-02 1.60e+02  -2.6 1.56e+00    -  1.00e+00 4.50e-01h  1
 114  7.5322293e+00 1.42e-02 1.07e+02  -2.3 1.30e+00    -  1.00e+00 7.38e-01h  1
 115  7.4198736e+00 1.05e-02 9.14e+01  -2.6 9.29e-01    -  1.00e+00 4.32e-01h  1
 116  7.1873925e+00 2.90e-02 8.22e+01  -2.3 1.37e+00    -  9.35e-01 1.00e+00h  1
 117  7.0814893e+00 1.83e-02 6.47e+01  -2.6 1.10e+00    -  1.00e+00 6.03e-01h  1
 118  6.8954016e+00 2.34e-02 3.05e+01  -2.9 1.11e+00    -  1.00e+00 7.92e-01h  1
 119  6.9948199e+00 2.85e-02 7.34e+01  -2.4 9.86e-01    -  1.00e+00 1.00e+00h  1
iter    objective    inf_pr   inf_du lg(mu)  ||d||  lg(rg) alpha_du alpha_pr  ls
 120  6.9277102e+00 1.48e-02 4.04e+01  -2.5 7.29e-01    -  1.00e+00 9.96e-01h  1
 121  6.8626330e+00 1.16e-02 7.24e+01  -4.0 9.00e-01    -  3.74e-01 2.42e-01h  1
 122  6.6603820e+00 2.42e-02 8.07e+01  -3.0 1.08e+00    -  1.00e+00 1.00e+00f  1
 123  6.5494022e+00 1.21e-02 6.96e+01  -3.6 7.90e-01    -  5.19e-01 5.82e-01h  1
 124  6.6395555e+00 1.36e-02 7.73e+01  -2.6 1.03e+00    -  2.73e-01 7.67e-01h  1
 125  6.6032026e+00 1.04e-02 5.70e+01  -3.0 7.41e-01    -  1.00e+00 2.72e-01h  1
 126  6.4714778e+00 7.07e-03 2.85e+01  -4.0 8.40e-01    -  5.48e-01 6.23e-01h  1
 127  6.5084029e+00 6.01e-03 3.28e+01  -2.8 7.67e-01    -  4.96e-01 5.21e-01h  1
 128  6.6011859e+00 1.08e-02 6.78e+01  -2.7 8.08e-01    -  1.00e+00 7.61e-01h  1
 129  6.9305894e+00 3.45e-02 1.56e+02  -2.1 1.38e+00    -  5.95e-01 1.00e+00f  1
iter    objective    inf_pr   inf_du lg(mu)  ||d||  lg(rg) alpha_du alpha_pr  ls
 130  6.9253090e+00 1.35e-02 9.78e+01  -2.4 7.83e-01    -  1.00e+00 6.67e-01h  1
 131  6.8084661e+00 8.06e-03 2.09e+02  -2.4 5.73e-01    -  3.03e-01 1.00e+00h  1
 132  6.9369473e+00 7.16e-03 4.89e+01  -2.4 6.47e-01    -  9.01e-01 1.00e+00h  1
 133  6.9609154e+00 3.41e-03 4.19e+01  -2.4 3.82e-01    -  1.00e+00 1.00e+00h  1
 134  7.1627568e+00 6.15e-03 1.82e+02  -2.0 7.86e-01    -  1.00e+00 6.77e-01h  1
 135  7.2986870e+00 1.20e-02 1.95e+02  -2.1 1.16e+00    -  1.00e+00 6.98e-01h  1
 136  7.4547751e+00 4.58e-03 1.22e+02  -2.1 5.16e-01    -  1.00e+00 1.00e+00h  1
 137  7.4807986e+00 8.04e-03 4.39e+01  -2.1 5.74e-01    -  1.00e+00 1.00e+00h  1
 138  7.4317863e+00 4.62e-03 1.83e+01  -2.1 5.15e-01    -  1.00e+00 1.00e+00h  1
 139  7.4473846e+00 2.93e-03 2.57e+01  -2.1 3.91e-01    -  1.00e+00 1.00e+00h  1
iter    objective    inf_pr   inf_du lg(mu)  ||d||  lg(rg) alpha_du alpha_pr  ls
 140  7.4896111e+00 1.90e-03 1.10e+02  -2.1 2.70e-01    -  1.00e+00 5.00e-01h  2
 141  7.4543747e+00 1.03e-03 1.00e+02  -2.4 3.38e-01    -  1.00e+00 5.00e-01h  2
 142  7.0621540e+00 2.08e-02 6.44e+01  -2.6 1.14e+00    -  1.00e+00 1.00e+00h  1
 143  6.6311154e+00 3.44e-02 2.40e+02  -2.7 2.38e+00    -  1.00e+00 6.86e-01h  1
 144  6.5786098e+00 1.33e-02 9.34e+01  -2.7 7.27e-01    -  1.00e+00 1.00e+00h  1
 145  6.5484164e+00 5.11e-03 5.48e+01  -3.0 5.10e-01    -  9.38e-01 6.37e-01h  1
 146  6.9922755e+00 2.29e-02 3.64e+01  -2.4 1.18e+00    -  1.00e+00 1.00e+00h  1
 147  6.8532874e+00 1.19e-02 1.35e+02  -2.5 1.55e+00    -  1.00e+00 6.32e-01h  1
 148  6.7779415e+00 7.45e-03 2.61e+01  -2.5 6.85e-01    -  1.00e+00 7.96e-01h  1
 149  6.7402558e+00 9.55e-03 3.49e+01  -2.5 7.34e-01    -  1.00e+00 1.00e+00h  1
iter    objective    inf_pr   inf_du lg(mu)  ||d||  lg(rg) alpha_du alpha_pr  ls
 150  6.7158877e+00 6.88e-03 1.25e+01  -2.5 5.29e-01    -  1.00e+00 1.00e+00h  1
 151  6.6783666e+00 4.57e-03 1.81e+02  -3.0 5.20e-01    -  1.00e+00 4.05e-01h  1
 152  6.5335087e+00 6.59e-03 6.14e+01  -4.0 1.02e+00    -  5.49e-01 6.22e-01h  1
 153  6.4365672e+00 8.89e-03 1.13e+02  -3.3 9.31e-01    -  7.13e-01 6.78e-01h  1
 154  6.4682282e+00 4.72e-03 6.40e+01  -3.1 5.31e-01    -  1.00e+00 8.51e-01h  1
 155  6.4444831e+00 3.56e-03 1.94e+02  -3.3 5.72e-01    -  1.00e+00 2.60e-01h  1
 156  6.3879417e+00 1.85e-03 9.45e+01  -4.0 5.35e-01    -  5.35e-01 4.42e-01h  1
 157  6.3688950e+00 2.51e-03 4.08e+01  -3.6 3.75e-01    -  1.00e+00 7.02e-01h  1
 158  6.3606098e+00 1.48e-03 5.28e+01  -3.7 3.96e-01    -  1.00e+00 4.47e-01h  1
 159  6.5401787e+00 9.77e-03 2.73e+02  -2.2 3.13e+00    -  1.37e-01 2.25e-01f  1
iter    objective    inf_pr   inf_du lg(mu)  ||d||  lg(rg) alpha_du alpha_pr  ls
 160  6.4072171e+00 1.95e-02 1.71e+02  -3.1 2.76e+00    -  2.32e-01 3.64e-01h  1
 161  6.3827736e+00 5.84e-03 1.16e+02  -3.1 5.40e-01    -  8.53e-01 7.10e-01h  1
 162  6.3836347e+00 2.67e-03 1.10e+02  -3.1 6.00e-01    -  3.95e-01 8.34e-01h  1
 163  6.4145436e+00 1.77e-03 3.38e+01  -3.1 3.96e-01    -  9.14e-01 1.00e+00h  1
 164  6.4095959e+00 1.44e-03 6.08e+01  -3.1 4.88e-01    -  5.82e-01 1.98e-01h  1
 165  6.3990830e+00 1.11e-03 1.46e+02  -3.1 3.47e-01    -  8.35e-01 6.44e-01h  1
 166  6.4128408e+00 2.17e-03 7.73e+01  -3.1 2.68e-01    -  1.00e+00 1.00e+00h  1
 167  6.4318165e+00 1.72e-03 2.64e+01  -2.8 2.43e-01    -  1.00e+00 1.00e+00h  1
 168  6.4774375e+00 1.15e-03 8.57e+01  -2.6 1.97e-01    -  1.00e+00 1.00e+00h  1
 169  6.4790078e+00 5.93e-04 5.71e+01  -3.2 1.84e-01    -  1.00e+00 1.00e+00h  1
iter    objective    inf_pr   inf_du lg(mu)  ||d||  lg(rg) alpha_du alpha_pr  ls
 170  6.4570144e+00 9.77e-04 2.86e+02  -3.3 2.61e-01    -  1.00e+00 6.64e-01h  1
 171  6.4439159e+00 5.61e-04 1.62e+02  -3.8 1.19e-01    -  1.00e+00 4.66e-01h  1
 172  6.4204178e+00 4.34e-04 3.83e+02  -4.0 2.25e-01    -  1.00e+00 3.90e-01h  1
 173  6.3770593e+00 4.71e-04 5.69e+01  -3.7 2.44e-01    -  1.00e+00 6.84e-01h  1
 174  6.3898962e+00 2.70e-04 4.66e+01  -3.5 1.65e-01    -  1.00e+00 6.15e-01h  1
 175  6.3736893e+00 1.83e-04 1.99e+01  -4.0 1.05e-01    -  1.00e+00 1.00e+00h  1
 176  6.3371594e+00 3.26e-03 5.99e+01  -3.7 3.85e-01    -  5.75e-01 1.00e+00h  1
 177  6.3552820e+00 1.76e-03 8.19e+01  -3.3 2.76e-01    -  1.00e+00 5.69e-01h  1
 178  6.3501433e+00 1.00e-03 6.26e+01  -3.5 1.89e-01    -  1.00e+00 4.36e-01h  1
 179  6.3329013e+00 6.98e-04 8.06e+01  -4.0 2.47e-01    -  1.00e+00 4.61e-01h  1
iter    objective    inf_pr   inf_du lg(mu)  ||d||  lg(rg) alpha_du alpha_pr  ls
 180  6.3155759e+00 1.07e-03 3.13e+01  -4.0 3.28e-01    -  8.32e-01 7.92e-01h  1
 181  6.3091178e+00 9.28e-04 4.45e+01  -4.0 2.99e-01    -  5.96e-01 4.84e-01h  1
 182  6.3143205e+00 7.67e-04 3.93e+01  -3.7 2.17e-01    -  9.15e-01 8.24e-01h  1
 183  6.3098438e+00 2.78e-04 2.94e+02  -4.0 1.27e-01    -  2.94e-01 8.31e-01h  1
 184  6.3216450e+00 1.37e-04 6.14e+01  -3.8 8.01e-02    -  6.24e-01 7.27e-01h  1
 185  6.3320534e+00 3.35e-05 1.05e+01  -4.0 8.58e-02    -  9.54e-01 1.00e+00H  1
 186  6.3279733e+00 1.27e-04 6.63e+01  -4.0 1.51e-01    -  7.37e-01 4.94e-01h  1
 187  6.3051641e+00 3.67e-03 1.17e+02  -4.1 7.16e-01    -  8.38e-02 5.61e-01h  1
 188  6.3289620e+00 4.46e-03 1.60e+02  -3.2 8.37e-01    -  4.84e-01 4.08e-01f  1
 189  6.3049431e+00 1.93e-03 1.36e+02  -3.5 3.34e-01    -  6.41e-01 6.01e-01h  1
iter    objective    inf_pr   inf_du lg(mu)  ||d||  lg(rg) alpha_du alpha_pr  ls
 190  6.3948919e+00 2.33e-03 3.90e+01  -3.0 3.01e-01    -  1.00e+00 1.00e+00f  1
 191  6.3868943e+00 6.84e-04 2.17e+01  -3.1 2.19e-01    -  1.00e+00 1.00e+00h  1
 192  6.3746456e+00 6.19e-04 2.00e+01  -3.1 1.34e-01    -  1.00e+00 1.00e+00h  1
 193  6.3810560e+00 8.02e-04 2.64e+01  -3.1 1.82e-01    -  5.95e-01 1.00e+00h  1
 194  6.3910568e+00 2.85e-04 6.39e+00  -3.1 9.15e-02    -  1.00e+00 1.00e+00h  1
 195  6.4045140e+00 2.69e-05 4.93e+00  -3.1 4.57e-02    -  1.00e+00 1.00e+00h  1
 196  6.4227196e+00 2.03e-05 2.66e+01  -3.1 1.40e-01    -  1.00e+00 1.00e+00H  1
 197  6.3502105e+00 6.86e-04 3.34e+01  -3.6 2.83e-01    -  1.00e+00 8.74e-01f  1
 198  6.2880966e+00 2.33e-03 5.97e+01  -3.7 5.67e-01    -  6.22e-01 4.95e-01h  1
 199  6.4024044e+00 3.02e-03 3.79e+01  -2.9 4.24e-01    -  7.44e-01 8.99e-01f  1
iter    objective    inf_pr   inf_du lg(mu)  ||d||  lg(rg) alpha_du alpha_pr  ls
 200  6.3411379e+00 8.77e-03 4.19e+01  -3.1 8.15e-01    -  9.55e-01 1.00e+00h  1
 201  6.3072749e+00 2.81e-03 1.11e+01  -3.1 4.83e-01    -  1.00e+00 1.00e+00h  1
 202  6.2683888e+00 2.35e-03 1.57e+01  -3.5 3.85e-01    -  1.00e+00 8.61e-01h  1
 203  6.2547379e+00 1.47e-03 6.44e+01  -4.0 3.02e-01    -  1.00e+00 5.10e-01h  1
 204  6.3743394e+00 3.22e-03 2.68e+01  -2.9 6.31e-01    -  4.86e-01 6.05e-01f  1
 205  6.3563113e+00 2.59e-03 2.66e+01  -3.2 5.20e-01    -  5.91e-01 5.60e-01h  1
 206  6.3271743e+00 1.13e-03 1.25e+01  -3.2 2.44e-01    -  1.00e+00 1.00e+00h  1
 207  6.3414789e+00 4.55e-04 3.11e+01  -3.2 1.82e-01    -  1.00e+00 1.00e+00h  1
 208  6.3578162e+00 2.14e-04 1.88e+01  -3.2 1.19e-01    -  8.09e-01 1.00e+00h  1
 209  6.3699460e+00 8.44e-05 1.27e+01  -3.2 6.14e-02    -  1.00e+00 1.00e+00h  1
iter    objective    inf_pr   inf_du lg(mu)  ||d||  lg(rg) alpha_du alpha_pr  ls
 210  6.3697165e+00 2.88e-05 2.46e+01  -3.2 9.62e-02    -  1.00e+00 1.00e+00H  1
 211  6.3635514e+00 7.70e-05 3.32e+01  -3.2 1.10e-01    -  1.00e+00 1.00e+00H  1
 212  6.3606891e+00 2.02e-04 9.43e+00  -3.2 8.04e-02    -  1.00e+00 1.00e+00h  1
 213  6.3595638e+00 1.02e-04 3.25e+00  -3.2 6.38e-02    -  1.00e+00 1.00e+00h  1
 214  6.3630308e+00 9.30e-06 3.08e+00  -3.2 2.36e-02    -  1.00e+00 1.00e+00h  1
 215  6.3272153e+00 3.40e-04 1.56e+01  -3.8 1.33e-01    -  1.00e+00 1.00e+00h  1
 216  6.2961774e+00 9.16e-04 5.37e+01  -3.9 4.41e-01    -  1.00e+00 3.90e-01h  1
 217  6.2729726e+00 8.40e-04 5.16e+01  -3.9 1.75e-01    -  5.98e-01 9.65e-01h  1
 218  6.2670052e+00 8.47e-04 2.14e+01  -3.9 1.91e-01    -  1.00e+00 9.85e-01f  1
 219  6.2814324e+00 5.35e-04 5.96e+00  -3.7 1.27e-01    -  1.00e+00 1.00e+00f  1
iter    objective    inf_pr   inf_du lg(mu)  ||d||  lg(rg) alpha_du alpha_pr  ls
 220  6.2797661e+00 3.59e-05 1.62e+01  -4.0 9.26e-02    -  1.00e+00 9.47e-01H  1
 221  6.2703451e+00 1.02e-03 6.83e+01  -4.0 2.25e-01    -  1.00e+00 1.00e+00h  1
 222  6.2617947e+00 1.39e-03 1.10e+02  -4.1 1.96e+00    -  2.30e-01 9.82e-02h  1
 223  6.2533559e+00 1.53e-03 1.35e+02  -4.1 6.81e-01    -  3.78e-01 2.28e-01h  1
 224  6.2436944e+00 2.55e-03 1.70e+02  -4.0 9.11e-01    -  2.35e-01 2.94e-01h  1
 225  6.2345082e+00 3.28e-03 1.99e+02  -3.8 9.52e-01    -  3.09e-01 2.62e-01h  1
 226  6.2223357e+00 2.88e-03 2.00e+02  -3.9 4.82e-01    -  7.79e-01 3.68e-01h  1
 227  6.2160645e+00 2.74e-03 2.01e+02  -3.5 7.66e-01    -  5.41e-01 1.17e-01h  1
 228  6.2244215e+00 3.76e-03 2.12e+02  -2.9 1.22e+00    -  8.34e-01 3.49e-01f  1
 229  6.2440363e+00 2.08e-03 1.17e+02  -3.1 3.09e-01    -  4.01e-01 9.73e-01h  1
iter    objective    inf_pr   inf_du lg(mu)  ||d||  lg(rg) alpha_du alpha_pr  ls
 230  6.2335279e+00 2.26e-03 5.40e+01  -3.3 3.52e-01    -  1.00e+00 7.33e-01h  1
 231  6.2184643e+00 1.36e-03 1.02e+02  -3.5 3.22e-01    -  1.00e+00 5.64e-01h  1
 232  6.1957739e+00 6.86e-04 5.56e+01  -4.0 2.25e-01    -  3.67e-01 6.80e-01h  1
 233  6.3099175e+00 2.14e-03 5.60e+01  -3.0 4.62e-01    -  1.00e+00 1.00e+00f  1
 234  6.2617303e+00 5.54e-03 8.93e+01  -3.1 5.85e-01    -  8.76e-01 1.00e+00h  1
 235  6.2563100e+00 2.19e-03 4.56e+01  -3.1 2.77e-01    -  1.00e+00 1.00e+00h  1
 236  6.2587682e+00 1.11e-03 1.09e+01  -3.1 2.02e-01    -  1.00e+00 1.00e+00h  1
 237  6.2341304e+00 2.10e-03 2.57e+01  -3.1 2.96e-01    -  1.00e+00 1.00e+00h  1
 238  6.2492892e+00 9.31e-04 1.14e+01  -3.1 2.01e-01    -  1.00e+00 1.00e+00h  1
 239  6.2197900e+00 4.58e-04 9.55e+01  -3.5 2.37e-01    -  1.00e+00 7.40e-01h  1
iter    objective    inf_pr   inf_du lg(mu)  ||d||  lg(rg) alpha_du alpha_pr  ls
 240  6.1941766e+00 4.73e-04 2.72e+01  -4.0 2.52e-01    -  1.00e+00 6.27e-01h  1
 241  6.1647520e+00 2.76e-03 5.79e+01  -3.7 3.42e-01    -  7.85e-01 7.58e-01h  1
 242  6.1550310e+00 2.26e-03 6.40e+01  -4.0 3.13e-01    -  2.58e-01 2.12e-01h  1
 243  6.1387797e+00 1.77e-03 6.41e+01  -4.0 4.90e-01    -  1.15e-01 2.80e-01h  1
 244  6.1597506e+00 5.20e-04 1.01e+02  -3.5 2.60e-01    -  4.03e-01 7.98e-01h  1
 245  6.1497966e+00 4.45e-04 7.43e+01  -3.8 2.48e-01    -  1.00e+00 4.52e-01h  1
 246  6.1223428e+00 1.58e-03 6.35e+01  -4.0 4.21e-01    -  6.89e-01 5.79e-01h  1
 247  6.1161790e+00 1.47e-03 7.73e+01  -3.9 5.67e-01    -  5.94e-01 1.73e-01h  1
 248  6.1593679e+00 9.45e-04 7.44e+01  -3.1 3.85e-01    -  3.74e-01 4.75e-01f  1
 249  6.1403150e+00 4.23e-03 1.11e+02  -3.5 9.21e-01    -  6.33e-01 4.11e-01h  1
iter    objective    inf_pr   inf_du lg(mu)  ||d||  lg(rg) alpha_du alpha_pr  ls
 250  6.1225481e+00 3.93e-03 1.46e+02  -3.5 1.25e+00    -  4.47e-01 2.21e-01h  1
 251  6.0998404e+00 3.87e-03 1.85e+02  -3.5 6.59e-01    -  2.72e-01 5.00e-01h  1
 252  6.0619370e+00 2.40e-03 1.26e+02  -4.0 4.86e-01    -  5.59e-01 4.79e-01h  1
 253  6.2108429e+00 6.27e-03 6.83e+01  -3.0 5.62e-01    -  5.95e-01 9.96e-01f  1
 254  6.1595027e+00 3.90e-03 6.29e+01  -3.2 6.12e-01    -  8.68e-01 5.37e-01h  1
 255  6.1181848e+00 7.96e-04 9.30e+01  -3.2 2.31e-01    -  3.26e-01 9.08e-01h  1
 256  6.1931126e+00 4.01e-03 3.55e+01  -2.9 4.11e-01    -  9.98e-01 9.45e-01f  1
 257  6.1616594e+00 8.48e-03 6.42e+01  -3.0 5.40e-01    -  1.00e+00 1.00e+00h  1
 258  6.1269012e+00 4.12e-03 2.48e+01  -3.0 3.28e-01    -  1.00e+00 1.00e+00h  1
 259  6.1267366e+00 1.99e-03 1.01e+02  -3.0 3.03e-01    -  3.01e-01 6.15e-01h  1
iter    objective    inf_pr   inf_du lg(mu)  ||d||  lg(rg) alpha_du alpha_pr  ls
 260  6.1142965e+00 9.10e-04 1.66e+02  -3.5 2.50e-01    -  1.00e+00 5.81e-01h  1
 261  6.1785919e+00 4.77e-04 4.87e+01  -3.1 1.89e-01    -  9.17e-01 1.00e+00H  1
 262  6.1232794e+00 9.68e-04 3.44e+01  -3.5 2.39e-01    -  1.00e+00 1.00e+00h  1
 263  6.0987370e+00 8.12e-04 1.49e+02  -3.6 3.45e-01    -  9.70e-01 3.14e-01h  1
 264  6.1142750e+00 4.66e-04 2.24e+01  -3.3 1.48e-01    -  1.00e+00 1.00e+00f  1
 265  6.0883246e+00 2.59e-04 1.49e+01  -3.9 1.97e-01    -  1.00e+00 7.02e-01h  1
 266  6.0654913e+00 5.67e-04 2.40e+01  -4.0 2.36e-01    -  1.00e+00 7.60e-01h  1
 267  6.0474457e+00 7.45e-04 1.25e+01  -4.0 1.62e-01    -  1.00e+00 9.80e-01h  1
 268  6.0540009e+00 4.10e-04 3.83e+01  -4.0 9.05e-02    -  1.00e+00 4.70e-01h  1
 269  6.0800223e+00 1.06e-04 1.04e+01  -3.7 9.62e-02    -  8.35e-01 1.00e+00h  1
iter    objective    inf_pr   inf_du lg(mu)  ||d||  lg(rg) alpha_du alpha_pr  ls
 270  6.0675294e+00 2.41e-04 1.67e+01  -4.0 8.35e-02    -  1.00e+00 1.00e+00h  1
 271  6.0618349e+00 1.39e-04 4.08e+01  -4.1 1.37e-01    -  1.00e+00 3.98e-01h  1
 272  6.0579020e+00 8.92e-05 1.36e+01  -4.1 7.88e-02    -  1.00e+00 9.15e-01f  1
 273  6.0586794e+00 7.78e-05 3.38e+01  -4.0 4.34e-02    -  1.00e+00 1.25e-01f  4
 274  6.0617783e+00 6.80e-04 6.74e+01  -3.7 3.38e-01    -  1.00e+00 5.30e-01h  1
 275  6.0521267e+00 1.51e-03 6.97e+01  -3.9 9.87e-01    -  4.21e-01 2.72e-01h  1
 276  6.0450712e+00 1.62e-03 8.80e+01  -3.9 5.23e-01    -  4.99e-01 3.39e-01h  1
 277  6.0479431e+00 3.61e-03 7.64e+01  -3.5 3.44e-01    -  9.21e-01 9.26e-01f  1
 278  6.0364284e+00 1.18e-03 2.24e+01  -3.6 2.16e-01    -  1.00e+00 1.00e+00h  1
 279  6.0558174e+00 1.18e-03 2.05e+01  -3.3 2.20e-01    -  1.00e+00 1.00e+00h  1
iter    objective    inf_pr   inf_du lg(mu)  ||d||  lg(rg) alpha_du alpha_pr  ls
 280  6.0522727e+00 6.60e-04 1.12e+01  -3.4 1.68e-01    -  1.00e+00 1.00e+00h  1
 281  6.0697738e+00 2.50e-04 2.03e+01  -3.4 9.69e-02    -  1.00e+00 1.00e+00h  1
 282  6.0799338e+00 1.92e-04 1.84e+01  -3.4 1.27e-01    -  1.00e+00 1.00e+00h  1
 283  6.0800796e+00 8.37e-05 1.99e+01  -3.4 8.56e-02    -  1.00e+00 7.42e-01h  1
 284  6.0837763e+00 1.22e-04 1.02e+01  -3.4 8.06e-02    -  1.00e+00 1.00e+00f  1
 285  6.0811736e+00 1.07e-04 1.33e+01  -3.4 5.35e-02    -  1.00e+00 1.00e+00h  1
 286  6.0654746e+00 1.37e-04 7.20e+00  -4.0 8.59e-02    -  1.00e+00 1.00e+00h  1
 287  6.0462956e+00 1.27e-04 2.50e+01  -4.1 8.35e-02    -  1.00e+00 7.26e-01h  1
 288  6.0388804e+00 1.96e-04 1.99e+01  -4.0 1.02e-01    -  1.00e+00 7.18e-01f  1
 289  6.0461642e+00 1.06e-03 2.87e+01  -3.7 1.68e-01    -  8.54e-01 9.59e-01h  1
iter    objective    inf_pr   inf_du lg(mu)  ||d||  lg(rg) alpha_du alpha_pr  ls
 290  6.0329935e+00 2.51e-03 5.98e+01  -3.9 2.73e-01    -  1.00e+00 1.00e+00h  1
 291  6.0260914e+00 2.38e-03 7.23e+01  -4.0 6.62e-01    -  5.04e-01 1.31e-01h  1
 292  6.0335317e+00 4.34e-03 9.67e+01  -3.3 8.83e-01    -  6.77e-01 3.01e-01h  1
 293  6.0101561e+00 4.31e-03 1.17e+02  -3.5 6.95e-01    -  5.83e-01 4.98e-01h  1
 294  5.9806010e+00 8.38e-04 6.23e+01  -3.9 2.41e-01    -  5.57e-01 8.42e-01h  1
 295  5.9818747e+00 6.55e-04 4.84e+01  -3.9 1.81e-01    -  7.95e-01 2.17e-01h  1
 296  6.0025415e+00 3.38e-04 9.38e+01  -4.0 1.92e-01    -  3.23e-01 8.54e-01H  1
 297  5.9896483e+00 3.82e-03 5.23e+01  -4.0 3.14e-01    -  1.00e+00 9.78e-01h  1
 298  5.9641986e+00 4.46e-03 8.60e+01  -4.1 5.13e-01    -  3.72e-01 5.09e-01h  1
 299  5.9515664e+00 3.97e-03 9.30e+01  -3.8 8.85e-01    -  9.07e-01 2.41e-01h  1
iter    objective    inf_pr   inf_du lg(mu)  ||d||  lg(rg) alpha_du alpha_pr  ls
 300  5.9418584e+00 1.39e-03 7.73e+01  -4.0 2.26e-01    -  4.29e-01 6.89e-01h  1
 301  5.9817758e+00 7.48e-04 1.12e+02  -3.0 3.04e-01    -  1.00e+00 4.41e-01f  1
 302  6.0001027e+00 7.82e-04 3.29e+01  -3.2 2.18e-01    -  9.98e-01 5.00e-01h  2
 303  5.9854286e+00 9.93e-04 3.56e+01  -4.0 2.30e-01    -  6.52e-01 8.02e-01h  1
 304  5.9762599e+00 2.02e-03 6.38e+01  -3.7 6.06e-01    -  9.34e-01 3.46e-01h  1
 305  5.9673892e+00 1.64e-03 9.05e+01  -3.7 4.29e-01    -  2.22e-01 5.42e-01h  1
 306  5.9641449e+00 1.01e-03 8.33e+01  -3.7 3.45e-01    -  6.24e-01 4.18e-01h  1
 307  5.9690138e+00 5.18e-04 4.82e+01  -3.7 1.12e-01    -  9.66e-01 5.00e-01h  2
 308  5.9774359e+00 4.64e-04 1.51e+01  -3.7 1.19e-01    -  1.00e+00 1.00e+00h  1
 309  5.9964499e+00 1.09e-03 5.40e+01  -3.5 2.94e-01    -  1.00e+00 9.73e-01h  1
iter    objective    inf_pr   inf_du lg(mu)  ||d||  lg(rg) alpha_du alpha_pr  ls
 310  5.9807395e+00 8.14e-03 1.34e+02  -3.6 6.73e-01    -  5.24e-01 1.00e+00h  1
 311  5.9587011e+00 1.17e-02 1.89e+02  -3.6 2.01e+00    -  2.95e-01 2.81e-01h  1
 312  5.9176749e+00 1.00e-02 1.79e+02  -3.6 1.39e+00    -  5.00e-01 3.88e-01h  1
 313  5.9804025e+00 4.19e-03 9.15e+01  -3.1 3.21e-01    -  4.71e-01 1.00e+00f  1
 314  5.9682808e+00 2.06e-03 7.95e+01  -3.3 5.19e-01    -  1.00e+00 5.16e-01h  1
 315  5.9512569e+00 4.41e-03 8.15e+01  -3.3 1.16e+00    -  9.32e-01 3.63e-01h  1
 316  5.9257668e+00 1.03e-02 1.40e+02  -3.3 3.44e+00    -  7.05e-01 1.59e-01h  1
 317  5.8830978e+00 1.55e-02 1.90e+02  -3.3 3.89e+00    -  1.57e-01 2.07e-01h  1
 318  5.8153798e+00 4.08e-02 3.10e+02  -3.1 1.31e+00    -  6.85e-01 1.00e+00h  1
 319  5.7678478e+00 3.10e-02 2.81e+02  -3.2 1.02e+00    -  8.20e-01 2.41e-01h  1
iter    objective    inf_pr   inf_du lg(mu)  ||d||  lg(rg) alpha_du alpha_pr  ls
 320  5.7514231e+00 2.58e-02 2.43e+02  -3.6 7.96e-01    -  6.59e-01 1.71e-01h  1
 321  5.7436864e+00 2.32e-02 2.15e+02  -3.4 7.33e-01    -  1.00e+00 1.02e-01h  1
 322  5.7309775e+00 1.80e-02 1.88e+02  -3.1 9.91e-01    -  6.31e-01 2.27e-01h  1
 323  5.7156018e+00 1.36e-02 1.37e+02  -3.3 8.77e-01    -  8.69e-01 2.51e-01h  1
 324  5.7170739e+00 1.30e-02 2.73e+02  -3.4 6.35e-01    -  1.00e+00 4.47e-02h  1
 325  5.7741098e+00 5.26e-03 1.09e+02  -3.1 6.30e-01    -  5.45e-01 6.34e-01h  1
 326  5.8829741e+00 4.50e-03 5.62e+01  -3.0 5.75e-01    -  1.00e+00 1.00e+00h  1
 327  5.8628744e+00 3.35e-03 1.05e+02  -3.3 3.23e-01    -  1.00e+00 2.91e-01h  1
 328  5.8378062e+00 2.57e-03 3.15e+01  -3.8 3.69e-01    -  1.00e+00 2.69e-01h  1
 329  5.8194509e+00 1.88e-03 5.24e+01  -3.9 2.75e-01    -  1.00e+00 2.95e-01h  1
iter    objective    inf_pr   inf_du lg(mu)  ||d||  lg(rg) alpha_du alpha_pr  ls
 330  5.8056347e+00 9.72e-04 7.46e+01  -3.5 3.34e-01    -  1.00e+00 5.05e-01h  1
 331  5.8013962e+00 6.00e-04 5.56e+01  -4.0 2.04e-01    -  5.47e-01 3.33e-01h  1
 332  5.8043764e+00 3.93e-04 7.75e+01  -4.0 2.26e-01    -  9.97e-01 3.20e-01h  1
 333  5.8027340e+00 4.80e-04 8.65e+01  -3.6 3.07e-01    -  1.00e+00 3.30e-01h  2
 334  5.8295655e+00 3.41e-04 2.96e+01  -3.3 2.02e-01    -  9.25e-01 6.01e-01h  1
 335  5.8086844e+00 3.94e-04 2.50e+01  -3.9 1.46e-01    -  1.00e+00 1.00e+00h  1
 336  5.7870732e+00 1.28e-03 3.66e+01  -4.0 2.60e-01    -  2.20e-01 8.08e-01h  1
 337  5.7908255e+00 6.71e-04 1.49e+01  -3.7 1.68e-01    -  9.95e-01 1.00e+00f  1
 338  5.7919104e+00 4.25e-04 1.86e+01  -4.0 1.28e-01    -  1.00e+00 9.76e-01h  1
 339  5.7900149e+00 3.24e-04 2.51e+01  -4.0 1.09e-01    -  7.56e-01 3.97e-01h  1
iter    objective    inf_pr   inf_du lg(mu)  ||d||  lg(rg) alpha_du alpha_pr  ls
 340  5.7843962e+00 7.28e-04 2.41e+01  -3.6 3.44e-01    -  7.87e-01 4.36e-01h  1
 341  5.7784203e+00 3.76e-04 2.18e+01  -4.0 1.10e-01    -  1.00e+00 6.85e-01h  1
 342  5.7954025e+00 2.33e-04 2.04e+01  -3.5 1.38e-01    -  1.00e+00 8.56e-01h  1
 343  5.7856816e+00 4.06e-04 1.10e+01  -4.0 1.38e-01    -  1.00e+00 8.96e-01h  1
 344  5.7746107e+00 1.62e-03 4.25e+01  -4.1 3.58e-01    -  5.13e-01 5.25e-01h  1
 345  5.7829402e+00 4.57e-03 1.02e+02  -3.5 4.32e-01    -  7.85e-01 8.23e-01f  1
 346  5.7530038e+00 6.39e-03 1.38e+02  -3.6 9.65e-01    -  5.05e-01 3.67e-01h  1
 347  5.7417976e+00 5.23e-03 1.51e+02  -3.3 8.32e-01    -  6.04e-01 3.10e-01h  1
 348  5.7341193e+00 3.41e-03 1.20e+02  -3.5 3.29e-01    -  1.00e+00 3.65e-01h  1
 349  5.7590290e+00 1.47e-03 3.45e+01  -3.3 2.96e-01    -  1.00e+00 1.00e+00h  1
iter    objective    inf_pr   inf_du lg(mu)  ||d||  lg(rg) alpha_du alpha_pr  ls
 350  5.7424304e+00 1.38e-03 4.96e+01  -3.4 2.81e-01    -  1.00e+00 7.73e-01h  1
 351  5.7236816e+00 2.11e-03 6.32e+01  -3.7 9.53e-01    -  5.83e-01 2.53e-01h  1
 352  5.7200509e+00 3.44e-03 9.00e+01  -3.6 1.06e+00    -  7.40e-01 2.41e-01h  1
 353  5.7105898e+00 1.29e-02 1.87e+02  -3.3 1.92e+00    -  7.78e-01 3.14e-01h  1
 354  5.7418182e+00 1.73e-02 2.50e+02  -2.8 2.79e+00    -  3.63e-01 2.57e-01h  1
 355  5.7309250e+00 7.84e-03 2.02e+02  -3.2 3.68e-01    -  7.30e-01 5.51e-01h  1
 356  5.6888295e+00 6.08e-03 8.57e+01  -3.2 6.35e-01    -  1.00e+00 7.60e-01h  1
 357  5.7243334e+00 3.11e-03 4.93e+01  -2.8 4.58e-01    -  9.95e-01 5.12e-01f  1
 358  5.7335586e+00 1.35e-03 4.44e+01  -2.9 1.89e-01    -  7.93e-01 5.98e-01h  1
 359  5.7237238e+00 6.09e-04 2.46e+01  -3.4 1.61e-01    -  1.00e+00 8.73e-01h  1
iter    objective    inf_pr   inf_du lg(mu)  ||d||  lg(rg) alpha_du alpha_pr  ls
 360  5.7437003e+00 5.40e-04 2.72e+01  -3.1 1.50e-01    -  1.00e+00 1.00e+00h  1
 361  5.7228629e+00 4.41e-04 2.18e+01  -3.5 1.42e-01    -  1.00e+00 1.00e+00h  1
 362  5.7035929e+00 2.37e-04 5.00e+01  -4.0 1.78e-01    -  1.00e+00 4.28e-01h  1
 363  5.6762019e+00 5.42e-04 3.99e+01  -3.7 2.01e-01    -  1.00e+00 8.47e-01h  1
 364  5.6725042e+00 2.68e-04 4.22e+01  -4.0 1.16e-01    -  1.00e+00 5.46e-01h  1
 365  5.6676285e+00 1.45e-04 1.10e+01  -4.0 8.81e-02    -  1.00e+00 1.00e+00h  1
 366  5.6792944e+00 3.13e-04 1.77e+01  -3.6 1.09e-01    -  1.00e+00 1.00e+00h  1
 367  5.6698927e+00 1.98e-04 3.80e+00  -3.7 8.89e-02    -  1.00e+00 1.00e+00h  1
 368  5.6670005e+00 4.89e-05 2.84e+01  -4.0 4.56e-02    -  1.00e+00 8.24e-01h  1
 369  5.6763589e+00 3.44e-04 1.50e+01  -3.7 1.02e-01    -  1.00e+00 1.00e+00h  1
iter    objective    inf_pr   inf_du lg(mu)  ||d||  lg(rg) alpha_du alpha_pr  ls
 370  5.6694351e+00 7.33e-04 3.67e+01  -3.8 2.74e-01    -  8.99e-01 4.36e-01h  1
 371  5.6523090e+00 3.38e-03 7.74e+01  -3.8 6.05e-01    -  4.57e-01 7.26e-01h  1
 372  5.6399074e+00 1.20e-03 4.76e+01  -4.0 2.01e-01    -  7.27e-01 6.57e-01h  1
 373  5.6317089e+00 6.91e-04 1.80e+01  -4.0 2.25e-01    -  3.84e-01 6.39e-01h  1
 374  5.6510315e+00 4.85e-04 2.44e+01  -3.7 1.88e-01    -  9.60e-01 8.07e-01h  1
 375  5.6431952e+00 3.03e-04 3.08e+01  -4.0 1.57e-01    -  1.00e+00 7.15e-01h  1
 376  5.6551944e+00 2.05e-04 6.92e+00  -3.6 9.67e-02    -  1.00e+00 1.00e+00h  1
 377  5.6559491e+00 6.43e-05 1.05e+01  -4.0 5.26e-02    -  1.00e+00 9.66e-01h  1
 378  5.6658752e+00 5.11e-05 2.13e+01  -3.7 6.25e-02    -  1.00e+00 1.00e+00H  1
 379  5.6556384e+00 2.50e-04 1.32e+01  -4.0 7.23e-02    -  1.00e+00 1.00e+00h  1
iter    objective    inf_pr   inf_du lg(mu)  ||d||  lg(rg) alpha_du alpha_pr  ls
 380  5.6528556e+00 5.28e-05 1.06e+01  -4.0 6.89e-02    -  1.00e+00 1.00e+00h  1
 381  5.6547584e+00 1.81e-05 2.07e+00  -4.0 3.23e-02    -  1.00e+00 1.00e+00h  1
 382  5.6548971e+00 3.80e-06 1.80e+00  -4.0 1.20e-02    -  1.00e+00 1.00e+00h  1
 383  5.6540345e+00 9.22e-05 8.61e+00  -4.0 4.67e-02    -  1.00e+00 1.00e+00h  1
 384  5.6474897e+00 1.03e-03 3.21e+01  -4.1 1.92e-01    -  1.00e+00 1.00e+00h  1
 385  5.6342142e+00 1.35e-03 7.47e+01  -4.1 2.24e-01    -  1.00e+00 1.00e+00h  1
 386  5.6092529e+00 2.95e-03 7.72e+01  -4.1 7.01e-01    -  9.35e-02 5.66e-01h  1
 387  5.6106609e+00 2.20e-03 1.35e+02  -4.0 2.48e-01    -  1.00e+00 3.06e-01f  1
 388  5.6402820e+00 3.11e-03 3.80e+01  -3.3 2.97e-01    -  7.00e-01 1.00e+00h  1
 389  5.6473886e+00 1.96e-03 3.81e+01  -3.5 2.79e-01    -  8.58e-01 6.04e-01h  1
iter    objective    inf_pr   inf_du lg(mu)  ||d||  lg(rg) alpha_du alpha_pr  ls
 390  5.6439338e+00 5.86e-04 3.41e+01  -3.5 1.58e-01    -  3.85e-01 7.55e-01h  1
 391  5.6458654e+00 5.17e-04 6.40e+02  -3.5 3.12e-01    -  8.42e-01 1.07e-01f  4
 392  5.6464265e+00 3.73e-03 9.43e+01  -3.5 3.57e-01    -  8.13e-01 1.00e+00h  1
 393  5.6321199e+00 1.13e-03 2.11e+01  -3.5 2.51e-01    -  1.00e+00 9.81e-01h  1
 394  5.7174719e+00 6.43e-03 8.29e+01  -2.9 4.81e-01    -  1.00e+00 1.00e+00f  1
 395  5.7305494e+00 1.76e-03 4.58e+01  -3.0 2.95e-01    -  1.00e+00 1.00e+00h  1
 396  5.6950361e+00 3.64e-03 4.09e+01  -3.0 4.24e-01    -  9.14e-01 8.16e-01h  1
 397  5.6889270e+00 2.92e-03 6.20e+01  -3.0 6.00e-01    -  1.00e+00 4.00e-01h  1
 398  5.7155180e+00 6.57e-04 3.88e+01  -3.0 2.13e-01    -  8.76e-01 1.00e+00h  1
 399  5.7285493e+00 2.94e-04 1.79e+01  -3.0 1.12e-01    -  1.00e+00 1.00e+00h  1
iter    objective    inf_pr   inf_du lg(mu)  ||d||  lg(rg) alpha_du alpha_pr  ls
 400  5.7472031e+00 1.52e-04 3.20e+01  -3.0 1.36e-01    -  1.00e+00 1.00e+00H  1
 401  5.7586636e+00 1.57e-04 5.92e+01  -3.0 2.45e-01    -  1.00e+00 9.21e-01H  1
 402  5.7468768e+00 4.94e-03 8.00e+01  -3.0 4.58e-01    -  1.00e+00 1.00e+00f  1
 403  5.7166964e+00 2.06e-03 3.19e+01  -3.0 2.95e-01    -  1.00e+00 1.00e+00h  1
 404  5.7265828e+00 9.78e-04 2.03e+01  -3.0 2.07e-01    -  1.00e+00 1.00e+00h  1
 405  5.7315200e+00 9.00e-04 3.08e+01  -3.0 1.82e-01    -  6.72e-01 9.10e-01h  1
 406  5.7350278e+00 7.02e-04 9.33e+01  -3.0 3.50e-01    -  1.00e+00 2.50e-01f  3
 407  5.7358573e+00 6.44e-04 6.44e+01  -3.0 5.12e-01    -  1.00e+00 1.25e-01h  4
 408  5.7379400e+00 5.71e-04 1.15e+02  -3.0 3.85e-01    -  8.72e-01 1.25e-01h  4
 409  5.7381942e+00 5.53e-04 7.21e+01  -3.0 9.29e-01    -  6.54e-01 3.12e-02h  6
iter    objective    inf_pr   inf_du lg(mu)  ||d||  lg(rg) alpha_du alpha_pr  ls
 410  5.7390073e+00 5.21e-04 1.18e+02  -3.0 6.51e-01    -  1.00e+00 6.25e-02h  5
 411  5.7367833e+00 1.36e-03 9.13e+01  -3.0 1.96e+00    -  3.57e-01 9.60e-02h  4
 412  5.7364953e+00 1.59e-03 5.97e+01  -3.0 1.31e+00    -  1.00e+00 7.47e-02h  4
 413  5.7357453e+00 1.63e-03 6.29e+01  -3.0 2.82e+00    -  4.29e-01 2.12e-02h  6
 414  5.7100016e+00 6.31e-02 2.66e+02  -3.0 3.00e+00    -  6.26e-01 5.18e-01h  1
 415  5.6661786e+00 5.04e-02 3.47e+02  -3.0 2.41e+00    -  1.00e+00 3.75e-01h  1
 416  5.6336978e+00 2.78e-02 2.71e+02  -3.0 8.88e-01    -  9.58e-01 5.39e-01h  1
 417  5.6252651e+00 9.46e-03 1.28e+02  -3.0 4.21e-01    -  7.46e-01 6.61e-01h  1
 418  5.6324850e+00 3.65e-03 1.03e+02  -3.0 3.33e-01    -  1.00e+00 7.71e-01h  1
 419  5.6171055e+00 3.25e-03 8.39e+01  -3.0 4.52e-01    -  8.69e-01 5.56e-01h  1
iter    objective    inf_pr   inf_du lg(mu)  ||d||  lg(rg) alpha_du alpha_pr  ls
 420  5.6173329e+00 2.92e-03 1.29e+02  -3.0 2.39e-01    -  8.95e-01 1.02e-01h  1
 421  5.6327289e+00 3.60e-03 4.17e+02  -3.0 9.37e-01    -  6.20e-01 3.26e-01h  1
 422  5.6331589e+00 3.44e-03 2.19e+02  -3.0 4.10e-01    -  6.44e-01 1.00e+00f  1
 423  5.6469341e+00 2.19e-03 3.27e+01  -3.0 4.87e-01    -  1.00e+00 1.00e+00h  1
 424  5.6203118e+00 4.13e-03 4.11e+01  -3.0 3.97e-01    -  6.50e-01 1.00e+00h  1
 425  5.5971515e+00 3.23e-03 5.62e+01  -3.0 4.92e-01    -  1.00e+00 7.08e-01h  1
 426  5.5883714e+00 2.76e-03 1.60e+02  -3.0 4.73e-01    -  1.00e+00 1.73e-01h  1
 427  5.5635590e+00 2.10e-03 7.90e+01  -3.4 4.75e-01    -  1.00e+00 4.42e-01h  1
 428  5.5814929e+00 8.64e-03 8.19e+01  -2.9 6.26e-01    -  8.54e-01 1.00e+00h  1
 429  5.5453753e+00 2.00e-03 4.11e+01  -3.0 3.58e-01    -  1.00e+00 1.00e+00h  1
iter    objective    inf_pr   inf_du lg(mu)  ||d||  lg(rg) alpha_du alpha_pr  ls
 430  5.5220411e+00 1.15e-03 5.14e+01  -3.4 2.88e-01    -  1.00e+00 5.10e-01h  1
 431  5.5163697e+00 1.05e-03 1.65e+02  -3.8 5.10e-01    -  1.00e+00 1.25e-01h  1
 432  5.6053747e+00 6.83e-03 5.59e+01  -2.8 5.91e-01    -  8.75e-01 8.60e-01h  1
 433  5.5092629e+00 5.46e-03 5.33e+01  -3.0 4.97e-01    -  1.00e+00 1.00e+00h  1
 434  5.4795555e+00 3.54e-03 4.36e+01  -3.4 4.33e-01    -  1.00e+00 4.31e-01h  1
 435  5.5501811e+00 5.85e-03 4.10e+01  -2.9 4.26e-01    -  1.00e+00 9.37e-01h  1
 436  5.4991936e+00 2.43e-03 2.58e+01  -3.0 3.04e-01    -  9.10e-01 1.00e+00h  1
 437  5.4794268e+00 2.02e-03 2.30e+02  -3.3 4.68e-01    -  1.00e+00 2.99e-01h  1
 438  5.5269083e+00 1.57e-03 2.12e+02  -2.5 9.55e-01    -  6.28e-01 2.21e-01f  1
 439  5.5408436e+00 1.52e-03 5.27e+01  -2.8 8.42e-01    -  8.54e-01 2.50e-01h  3
iter    objective    inf_pr   inf_du lg(mu)  ||d||  lg(rg) alpha_du alpha_pr  ls
 440  5.5651017e+00 4.76e-02 1.58e+02  -2.8 1.64e+00    -  4.43e-01 1.00e+00h  1
 441  5.4652494e+00 5.84e-02 2.26e+02  -2.8 1.68e+00    -  1.00e+00 1.00e+00h  1
 442  5.4623793e+00 3.10e-02 1.74e+02  -2.5 9.43e-01    -  1.00e+00 4.78e-01h  1
 443  5.4433322e+00 1.23e-02 2.02e+01  -2.6 6.20e-01    -  1.00e+00 1.00e+00h  1
 444  5.4705752e+00 1.25e-02 2.39e+01  -2.6 6.43e-01    -  1.00e+00 1.00e+00h  1
 445  5.4037654e+00 6.13e-03 2.94e+01  -2.9 5.77e-01    -  1.00e+00 7.44e-01h  1
 446  5.3595618e+00 4.29e-03 6.46e+01  -3.4 5.84e-01    -  1.00e+00 6.69e-01h  1
 447  5.3689042e+00 3.15e-03 3.47e+01  -3.1 6.48e-01    -  5.39e-01 5.03e-01h  1
 448  5.3633154e+00 2.85e-03 3.57e+01  -3.5 4.65e-01    -  1.00e+00 4.31e-01h  1
 449  5.4275043e+00 1.11e-02 6.87e+01  -2.8 5.24e-01    -  1.00e+00 1.00e+00h  1
iter    objective    inf_pr   inf_du lg(mu)  ||d||  lg(rg) alpha_du alpha_pr  ls
 450  5.3923196e+00 2.23e-03 2.93e+01  -2.9 3.04e-01    -  1.00e+00 1.00e+00h  1
 451  5.3805231e+00 7.64e-04 1.38e+01  -3.1 2.04e-01    -  1.00e+00 9.49e-01h  1
 452  5.3516954e+00 7.71e-04 2.52e+01  -3.7 2.79e-01    -  1.00e+00 6.98e-01h  1
 453  5.3247221e+00 2.12e-03 3.15e+01  -3.9 5.25e-01    -  1.00e+00 4.95e-01h  1
 454  5.2962546e+00 3.97e-03 1.07e+02  -3.5 6.70e-01    -  1.00e+00 4.52e-01h  1
 455  5.2702858e+00 1.88e-03 4.21e+01  -3.7 3.23e-01    -  1.00e+00 8.75e-01h  1
 456  5.2871203e+00 2.27e-03 1.57e+01  -3.5 2.34e-01    -  1.00e+00 1.00e+00h  1
 457  5.2741706e+00 7.66e-04 1.24e+01  -4.0 2.22e-01    -  1.00e+00 8.80e-01h  1
 458  5.2634019e+00 1.16e-03 4.37e+01  -3.7 2.42e-01    -  1.00e+00 8.73e-01h  1
 459  5.2550292e+00 7.76e-04 3.35e+01  -3.9 2.20e-01    -  1.00e+00 1.00e+00h  1
iter    objective    inf_pr   inf_du lg(mu)  ||d||  lg(rg) alpha_du alpha_pr  ls
 460  5.2640747e+00 7.71e-04 7.65e+01  -3.5 2.00e-01    -  1.00e+00 5.53e-01h  1
 461  5.2602914e+00 5.08e-04 7.54e+01  -4.0 1.25e-01    -  1.00e+00 5.98e-01h  1
 462  5.2609414e+00 8.85e-04 5.52e+01  -3.7 2.10e-01    -  1.00e+00 7.05e-01h  1
 463  5.2588498e+00 5.93e-04 5.90e+01  -3.8 1.40e-01    -  1.00e+00 3.53e-01h  1
 464  5.2514888e+00 1.24e-03 1.17e+01  -4.0 1.87e-01    -  1.00e+00 1.00e+00h  1
 465  5.2485309e+00 1.05e-03 4.05e+01  -3.7 2.71e-01    -  7.68e-01 7.38e-01h  1
 466  5.2588484e+00 5.16e-04 2.38e+01  -3.5 1.18e-01    -  7.12e-01 1.00e+00h  1
 467  5.2531893e+00 5.01e-04 1.49e+01  -4.0 1.66e-01    -  1.00e+00 6.42e-01h  1
 468  5.2477281e+00 4.12e-04 6.10e+01  -4.0 2.48e-01    -  1.00e+00 4.57e-01h  1
 469  5.2384351e+00 2.37e-03 6.13e+01  -3.6 8.00e-01    -  5.85e-01 4.62e-01h  1
iter    objective    inf_pr   inf_du lg(mu)  ||d||  lg(rg) alpha_du alpha_pr  ls
 470  5.2425858e+00 3.35e-03 1.13e+02  -3.5 8.07e-01    -  8.99e-01 5.20e-01h  1
 471  5.2237803e+00 4.85e-04 5.78e+01  -3.6 2.27e-01    -  1.00e+00 1.00e+00h  1
 472  5.2177423e+00 4.27e-04 4.16e+01  -4.0 1.83e-01    -  6.40e-01 3.84e-01h  1
 473  5.2170042e+00 3.57e-04 6.52e+01  -3.8 1.71e-01    -  1.00e+00 4.25e-01h  2
 474  5.2167605e+00 3.34e-04 9.49e+01  -3.9 3.43e-01    -  1.00e+00 6.37e-02h  1
 475  5.3034124e+00 1.24e-02 6.97e+01  -2.9 8.49e-01    -  7.00e-01 6.56e-01f  1
 476  5.2879054e+00 3.92e-03 5.97e+01  -3.1 2.12e-01    -  1.00e+00 7.19e-01h  1
 477  5.2746433e+00 1.10e-03 1.74e+01  -3.1 1.42e-01    -  6.92e-01 8.57e-01h  1
 478  5.2782365e+00 5.14e-04 8.25e+01  -3.1 1.45e-01    -  1.00e+00 5.00e-01h  2
 479  5.2881257e+00 3.77e-04 1.98e+01  -3.1 1.55e-01    -  1.00e+00 6.11e-01h  1
iter    objective    inf_pr   inf_du lg(mu)  ||d||  lg(rg) alpha_du alpha_pr  ls
 480  5.2906779e+00 4.11e-04 2.77e+01  -3.1 1.71e-01    -  1.00e+00 5.00e-01f  2
 481  5.2871359e+00 2.00e-03 6.96e+01  -3.1 5.52e-01    -  9.92e-01 5.00e-01h  2
 482  5.2719169e+00 6.26e-03 1.19e+02  -3.1 5.13e-01    -  1.00e+00 9.57e-01h  1
 483  5.2499965e+00 2.98e-03 7.96e+01  -3.1 3.12e-01    -  9.00e-01 5.53e-01h  1
 484  5.2551828e+00 1.92e-03 1.17e+02  -3.1 3.49e-01    -  1.00e+00 3.99e-01h  1
 485  5.2787532e+00 2.13e-03 2.46e+01  -3.1 3.35e-01    -  1.00e+00 1.00e+00h  1
 486  5.2761078e+00 1.12e-03 1.88e+01  -3.1 2.70e-01    -  9.78e-01 1.00e+00h  1
 487  5.2738292e+00 5.97e-04 1.56e+01  -3.1 1.88e-01    -  1.00e+00 9.66e-01h  1
 488  5.2782846e+00 1.52e-04 6.56e+00  -3.8 1.09e-01    -  1.00e+00 1.00e+00h  1
 489  5.2954972e+00 4.49e-04 1.71e+01  -3.1 9.46e-02    -  1.00e+00 1.00e+00h  1
iter    objective    inf_pr   inf_du lg(mu)  ||d||  lg(rg) alpha_du alpha_pr  ls
 490  5.2935889e+00 1.45e-04 8.38e+00  -3.2 6.81e-02    -  1.00e+00 1.00e+00h  1
 491  5.2858299e+00 4.08e-05 5.04e+00  -3.8 4.01e-02    -  1.00e+00 1.00e+00h  1
 492  5.2618448e+00 2.02e-04 1.61e+01  -4.0 1.07e-01    -  1.00e+00 9.01e-01h  1
 493  5.2503803e+00 4.84e-04 2.55e+01  -3.7 1.19e-01    -  1.00e+00 7.52e-01h  1
 494  5.2351013e+00 8.73e-04 1.89e+01  -3.8 1.87e-01    -  7.14e-01 6.06e-01h  1
 495  5.2284956e+00 4.36e-04 6.88e+01  -3.8 1.31e-01    -  1.00e+00 5.35e-01h  1
 496  5.2147754e+00 2.11e-03 2.55e+01  -3.8 1.95e-01    -  7.20e-01 1.00e+00f  1
 497  5.2079966e+00 5.67e-04 1.40e+01  -4.0 1.20e-01    -  1.00e+00 1.00e+00h  1
 498  5.2107125e+00 1.76e-04 7.84e+01  -4.0 8.32e-02    -  7.79e-01 1.00e+00h  1
 499  5.2122618e+00 8.78e-05 3.43e+00  -4.0 6.50e-02    -  1.00e+00 1.00e+00h  1
iter    objective    inf_pr   inf_du lg(mu)  ||d||  lg(rg) alpha_du alpha_pr  ls
 500  5.2255912e+00 2.02e-05 8.60e+00  -3.7 5.15e-02    -  1.00e+00 1.00e+00H  1
 501  5.2151018e+00 9.81e-04 7.00e+01  -4.0 2.05e-01    -  7.80e-01 1.00e+00h  1
 502  5.2038755e+00 5.77e-04 1.27e+01  -4.0 1.58e-01    -  1.00e+00 1.00e+00h  1
 503  5.2098611e+00 1.76e-04 9.19e+00  -3.8 9.89e-02    -  1.00e+00 7.47e-01h  1
 504  5.2099724e+00 4.67e-05 4.84e+00  -4.0 5.03e-02    -  1.00e+00 1.00e+00h  1
 505  5.2113761e+00 2.42e-05 1.05e+01  -4.0 2.33e-02    -  1.00e+00 1.00e+00h  1
 506  5.2124503e+00 1.01e-06 1.08e+01  -4.0 4.73e-02    -  1.00e+00 1.00e+00H  1
 507  5.2033592e+00 6.60e-04 4.09e+01  -4.0 1.64e-01    -  1.00e+00 1.00e+00h  1
 508  5.1974990e+00 3.24e-04 5.54e+01  -4.0 8.82e-02    -  1.00e+00 5.12e-01h  1
 509  5.2057415e+00 1.35e-04 9.55e+00  -3.7 6.60e-02    -  1.00e+00 1.00e+00h  1
iter    objective    inf_pr   inf_du lg(mu)  ||d||  lg(rg) alpha_du alpha_pr  ls
 510  5.2046455e+00 8.14e-06 5.96e+00  -4.0 5.12e-02    -  9.77e-01 1.00e+00H  1
 511  5.1977659e+00 6.43e-04 3.35e+01  -4.0 1.45e-01    -  1.00e+00 9.37e-01h  1
 512  5.1904402e+00 1.74e-03 7.55e+01  -4.1 6.19e-01    -  1.00e+00 3.21e-01h  1
 513  5.2026177e+00 3.62e-03 1.68e+02  -3.4 4.91e-01    -  3.16e-01 7.35e-01f  1
 514  5.1866572e+00 2.49e-03 1.73e+02  -3.8 3.42e-01    -  4.48e-01 3.40e-01h  1
 515  5.1804619e+00 1.81e-03 2.49e+02  -3.9 2.10e-01    -  1.00e+00 2.79e-01f  1
 516  5.1725052e+00 1.01e-03 2.48e+01  -4.0 1.81e-01    -  1.00e+00 7.82e-01h  1
 517  5.1656401e+00 1.27e-03 5.90e+01  -4.0 3.00e-01    -  1.00e+00 5.60e-01h  1
 518  5.1607779e+00 1.30e-03 5.33e+01  -4.0 4.97e-01    -  5.72e-01 3.93e-01h  1
 519  5.1691029e+00 4.26e-04 6.97e+01  -4.0 1.25e-01    -  4.84e-01 1.00e+00h  1
iter    objective    inf_pr   inf_du lg(mu)  ||d||  lg(rg) alpha_du alpha_pr  ls
 520  5.1647354e+00 1.17e-04 2.81e+01  -4.0 1.17e-01    -  9.46e-01 8.13e-01h  1
 521  5.1672843e+00 2.02e-04 1.31e+01  -4.0 6.44e-02    -  1.00e+00 1.00e+00h  1
 522  5.1671387e+00 3.54e-04 3.29e+01  -4.0 9.42e-02    -  7.56e-01 1.00e+00h  1
 523  5.1673115e+00 2.86e-04 1.37e+02  -4.1 2.41e-01    -  7.87e-01 1.58e-01h  3
 524  5.1751336e+00 1.31e-04 5.35e+01  -4.1 1.59e-01    -  7.56e-01 1.00e+00H  1
 525  5.1712546e+00 2.11e-04 1.08e+02  -4.1 2.13e-01    -  9.16e-01 2.74e-01h  1
 526  5.1653852e+00 2.23e-04 1.79e+02  -4.1 3.40e-01    -  5.59e-01 1.79e-01h  1
 527  5.1615933e+00 3.12e-04 4.69e+01  -4.1 1.88e-01    -  8.83e-01 4.72e-01h  1
 528  5.1564812e+00 6.13e-03 2.14e+02  -4.0 4.25e-01    -  2.36e-01 1.00e+00f  1
 529  5.1366144e+00 3.51e-03 8.04e+01  -4.0 3.40e-01    -  8.96e-01 4.51e-01h  1
iter    objective    inf_pr   inf_du lg(mu)  ||d||  lg(rg) alpha_du alpha_pr  ls
 530  5.1351141e+00 3.38e-03 1.74e+02  -3.8 3.08e-01    -  1.00e+00 3.80e-02h  1
 531  5.1309142e+00 2.28e-03 8.51e+01  -4.0 2.64e-01    -  1.00e+00 4.39e-01h  1
 532  5.1134715e+00 4.65e-03 1.46e+02  -3.7 6.73e-01    -  1.00e+00 6.10e-01h  1
 533  5.1186512e+00 1.66e-03 1.14e+01  -3.9 2.57e-01    -  1.00e+00 1.00e+00h  1
 534  5.1386688e+00 1.23e-03 4.74e+02  -2.8 3.69e-01    -  1.00e+00 2.32e-01f  1
 535  5.2065457e+00 3.15e-03 5.75e+01  -2.9 3.27e-01    -  8.89e-01 1.00e+00h  1
 536  5.2227434e+00 2.76e-03 6.86e+01  -2.9 2.85e-01    -  7.63e-01 1.00e+00h  1
 537  5.2153574e+00 1.74e-03 2.16e+01  -2.9 4.63e-01    -  7.20e-01 4.44e-01h  1
 538  5.2332712e+00 1.21e-03 7.23e+01  -2.9 2.41e-01    -  1.00e+00 5.00e-01h  2
 539  5.2957300e+00 1.27e-03 4.29e+01  -2.9 2.65e-01    -  8.43e-01 9.31e-01H  1
iter    objective    inf_pr   inf_du lg(mu)  ||d||  lg(rg) alpha_du alpha_pr  ls
 540  5.2550858e+00 1.67e-03 2.02e+01  -2.9 2.48e-01    -  1.00e+00 9.27e-01f  1
 541  5.2651931e+00 1.72e-03 5.31e+01  -2.9 2.44e-01    -  6.52e-01 1.00e+00f  1
 542  5.2727042e+00 8.10e-04 1.68e+01  -2.9 1.72e-01    -  1.00e+00 1.00e+00h  1
 543  5.2715571e+00 6.52e-04 8.55e+00  -2.9 1.61e-01    -  1.00e+00 1.00e+00h  1
 544  5.2947844e+00 2.04e-04 1.26e+01  -2.9 9.98e-02    -  1.00e+00 1.00e+00H  1
 545  5.2982557e+00 1.96e-04 2.08e+01  -2.9 1.81e-01    -  1.00e+00 5.00e-01h  2
 546  5.2981875e+00 1.22e-04 1.54e+01  -2.9 7.39e-02    -  1.00e+00 1.00e+00h  1
 547  5.3035632e+00 1.68e-04 1.01e+01  -2.9 8.38e-02    -  1.00e+00 1.00e+00h  1
 548  5.3210870e+00 8.00e-05 3.73e+01  -2.9 2.33e-01    -  1.00e+00 1.00e+00H  1
 549  5.3192641e+00 1.17e-04 7.02e+01  -2.9 2.33e-01    -  1.00e+00 2.50e-01h  3
iter    objective    inf_pr   inf_du lg(mu)  ||d||  lg(rg) alpha_du alpha_pr  ls
 550  5.2950602e+00 9.39e-04 3.72e+01  -2.9 2.28e-01    -  1.00e+00 9.16e-01h  1
 551  5.2948784e+00 4.42e-04 1.23e+01  -2.9 1.52e-01    -  1.00e+00 1.00e+00h  1
 552  5.3029121e+00 3.38e-04 2.84e+01  -2.9 1.69e-01    -  1.00e+00 5.00e-01h  2
 553  5.3302041e+00 2.49e-04 3.86e+01  -2.9 3.10e-01    -  1.00e+00 1.00e+00H  1
 554  5.3279931e+00 1.88e-04 8.15e+01  -2.9 2.58e-01    -  1.00e+00 2.50e-01h  3
 555  5.3085559e+00 1.83e-03 4.07e+01  -2.9 2.59e-01    -  1.00e+00 1.00e+00h  1
 556  5.2959407e+00 8.44e-04 2.35e+01  -2.9 2.13e-01    -  1.00e+00 1.00e+00h  1
 557  5.3013892e+00 6.04e-04 5.14e+01  -2.9 2.20e-01    -  1.00e+00 2.50e-01h  3
 558  5.3061035e+00 4.64e-04 5.18e+01  -2.9 3.83e-01    -  1.00e+00 2.50e-01h  3
 559  5.3101758e+00 3.50e-04 3.00e+01  -2.9 2.75e-01    -  1.00e+00 2.50e-01h  3
iter    objective    inf_pr   inf_du lg(mu)  ||d||  lg(rg) alpha_du alpha_pr  ls
 560  5.3132397e+00 2.91e-04 7.21e+01  -2.9 2.87e-01    -  1.00e+00 2.50e-01h  3
 561  5.3153922e+00 2.89e-04 5.70e+01  -2.9 2.40e-01    -  1.00e+00 2.50e-01h  3
 562  5.3161156e+00 2.84e-04 6.56e+01  -2.9 4.28e-01    -  1.00e+00 1.25e-01h  4
 563  5.3165467e+00 2.80e-04 3.28e+01  -2.9 5.36e-01    -  1.00e+00 6.25e-02h  5
 564  5.3347142e+00 1.81e-04 5.29e+01  -2.9 3.98e-01    -  1.00e+00 1.00e+00H  1
 565  5.3324801e+00 2.76e-04 8.32e+01  -2.9 6.59e-01    -  1.00e+00 1.25e-01h  4
 566  5.2800029e+00 7.24e-02 2.82e+02  -2.9 1.87e+00    -  8.27e-01 1.00e+00h  1
 567  5.0818601e+00 3.67e-02 1.46e+02  -2.9 1.14e+00    -  1.00e+00 9.99e-01h  1
 568  5.1180725e+00 2.03e-02 8.50e+01  -2.9 5.80e-01    -  1.00e+00 4.50e-01h  1
 569  5.1756548e+00 4.26e-03 3.06e+01  -3.0 4.61e-01    -  9.92e-01 8.98e-01h  1
iter    objective    inf_pr   inf_du lg(mu)  ||d||  lg(rg) alpha_du alpha_pr  ls
 570  5.1741170e+00 3.92e-03 1.05e+02  -3.0 6.53e-01    -  1.00e+00 7.83e-02h  1
 571  5.2067653e+00 4.38e-03 4.57e+01  -3.0 4.13e-01    -  1.00e+00 1.00e+00h  1
 572  5.2293837e+00 2.41e-03 1.05e+02  -3.0 3.66e-01    -  1.00e+00 5.88e-01h  1
 573  5.2470587e+00 1.00e-03 1.78e+01  -3.0 2.33e-01    -  1.00e+00 7.97e-01h  1
 574  5.2502738e+00 7.61e-04 4.66e+01  -3.0 2.34e-01    -  5.98e-01 2.50e-01h  3
 575  5.2766103e+00 1.03e-03 1.98e+01  -3.0 1.68e-01    -  1.00e+00 1.00e+00h  1
 576  5.2914081e+00 2.68e-04 2.03e+01  -3.0 8.17e-02    -  1.00e+00 1.00e+00h  1
 577  5.2920765e+00 2.38e-04 1.04e+01  -3.0 1.01e-01    -  1.00e+00 1.00e+00h  1
 578  5.2993880e+00 8.76e-05 4.22e+00  -3.0 5.69e-02    -  1.00e+00 1.00e+00h  1
 579  5.3031894e+00 2.80e-05 5.08e+00  -3.0 2.96e-02    -  1.00e+00 1.00e+00h  1
iter    objective    inf_pr   inf_du lg(mu)  ||d||  lg(rg) alpha_du alpha_pr  ls
 580  5.3012252e+00 1.01e-05 8.91e+00  -3.0 7.21e-02    -  1.00e+00 1.00e+00H  1
 581  5.2981007e+00 2.83e-05 1.19e+01  -3.0 6.96e-02    -  1.00e+00 1.00e+00H  1
 582  5.2955971e+00 2.87e-05 9.20e+00  -3.0 3.17e-02    -  1.00e+00 1.00e+00h  1
 583  5.2950623e+00 2.22e-05 2.89e+00  -3.0 3.08e-02    -  1.00e+00 1.00e+00h  1
 584  5.2952134e+00 8.41e-06 2.37e+00  -3.0 1.89e-02    -  1.00e+00 1.00e+00h  1
 585  5.2949441e+00 3.51e-06 7.12e+00  -3.0 3.51e-02    -  1.00e+00 1.00e+00H  1
 586  5.2935628e+00 4.09e-05 8.01e+00  -3.0 4.94e-02    -  1.00e+00 1.00e+00h  1
 587  5.2966515e+00 6.06e-06 1.24e+01  -3.0 7.78e-02    -  1.00e+00 1.00e+00H  1
 588  5.2919203e+00 7.88e-05 6.26e+00  -3.0 4.71e-02    -  1.00e+00 1.00e+00h  1
 589  5.2909523e+00 5.08e-05 5.77e+00  -3.0 4.02e-02    -  1.00e+00 1.00e+00h  1
iter    objective    inf_pr   inf_du lg(mu)  ||d||  lg(rg) alpha_du alpha_pr  ls
 590  5.2907787e+00 1.73e-05 3.48e+00  -3.0 2.44e-02    -  1.00e+00 1.00e+00h  1
 591  5.2911600e+00 6.06e-06 8.68e+00  -3.0 5.94e-02    -  1.00e+00 1.00e+00H  1
 592  5.2884932e+00 9.46e-06 3.76e+01  -3.0 1.90e-01    -  1.00e+00 1.00e+00H  1
 593  5.2865119e+00 2.17e-04 1.15e+02  -3.0 1.59e+00    -  1.00e+00 6.00e-02h  5
 594  5.2847264e+00 4.49e-04 8.21e+01  -3.0 8.61e-01    -  1.00e+00 1.25e-01h  4
 595  5.2822984e+00 4.91e-04 5.24e+01  -3.0 3.76e-01    -  1.00e+00 2.50e-01h  3
 596  5.2799248e+00 5.83e-04 6.72e+01  -3.0 7.04e-01    -  1.00e+00 1.25e-01h  4
 597  5.2670202e+00 6.79e-03 6.34e+01  -3.0 4.99e-01    -  1.00e+00 1.00e+00h  1
 598  5.2320438e+00 4.90e-02 2.38e+02  -3.0 1.48e+00    -  1.00e+00 1.00e+00h  1
 599  5.1586918e+00 3.02e-02 1.33e+02  -3.0 1.07e+00    -  8.19e-01 9.11e-01h  1
iter    objective    inf_pr   inf_du lg(mu)  ||d||  lg(rg) alpha_du alpha_pr  ls
 600  5.1551403e+00 7.34e-03 4.24e+01  -3.0 4.57e-01    -  9.29e-01 1.00e+00h  1
 601  5.1567545e+00 5.90e-03 4.92e+01  -3.0 5.25e-01    -  4.95e-01 2.17e-01h  1
 602  5.1635925e+00 5.16e-03 2.13e+02  -3.0 1.01e+00    -  1.00e+00 3.13e-01h  2
 603  5.1647943e+00 5.11e-03 1.51e+02  -3.0 1.64e+00    -  1.00e+00 1.25e-01h  4
 604  5.1700907e+00 4.70e-03 1.22e+02  -3.0 8.41e-01    -  1.00e+00 2.50e-01h  3
 605  5.1821601e+00 4.91e-03 5.58e+01  -3.0 6.18e-01    -  1.00e+00 5.00e-01h  2
 606  5.1915755e+00 2.74e-03 4.81e+01  -3.0 5.42e-01    -  1.00e+00 5.40e-01h  1
 607  5.2044643e+00 2.23e-03 4.78e+01  -3.0 3.35e-01    -  5.16e-01 1.00e+00h  1
 608  5.2169391e+00 1.70e-03 7.77e+01  -3.0 3.11e-01    -  7.81e-01 1.00e+00h  1
 609  5.2195288e+00 1.00e-03 9.00e+00  -3.0 2.17e-01    -  1.00e+00 1.00e+00h  1
iter    objective    inf_pr   inf_du lg(mu)  ||d||  lg(rg) alpha_du alpha_pr  ls
 610  5.2255159e+00 7.53e-04 1.53e+02  -3.0 2.88e-01    -  1.00e+00 2.50e-01h  3
 611  5.2323817e+00 5.86e-04 1.45e+02  -3.0 2.43e-01    -  1.00e+00 2.50e-01h  3
 612  5.2694811e+00 2.64e-04 2.52e+01  -3.0 1.30e-01    -  1.00e+00 1.00e+00H  1
 613  5.2614155e+00 2.56e-04 1.32e+01  -3.0 1.64e-01    -  1.00e+00 1.00e+00H  1
 614  5.2584806e+00 4.46e-05 6.28e+00  -3.0 4.14e-02    -  1.00e+00 1.00e+00h  1
 615  5.2611947e+00 1.92e-05 2.39e+00  -3.0 2.39e-02    -  1.00e+00 1.00e+00h  1
 616  5.2626678e+00 9.71e-06 2.02e+00  -3.0 1.74e-02    -  1.00e+00 1.00e+00h  1
 617  5.2642316e+00 1.16e-07 3.04e+00  -3.0 1.82e-02    -  1.00e+00 1.00e+00H  1
 618  5.2277520e+00 6.21e-04 1.64e+01  -3.8 1.63e-01    -  1.00e+00 1.00e+00f  1
 619  5.2055741e+00 6.05e-04 6.16e+01  -3.9 2.41e-01    -  8.16e-01 4.04e-01h  1
iter    objective    inf_pr   inf_du lg(mu)  ||d||  lg(rg) alpha_du alpha_pr  ls
 620  5.1986358e+00 4.81e-04 4.37e+01  -3.9 1.88e-01    -  1.00e+00 2.77e-01h  1
 621  5.1772305e+00 6.62e-04 4.51e+01  -3.9 1.96e-01    -  7.00e-01 8.32e-01h  1
 622  5.1756601e+00 6.21e-04 4.76e+01  -3.9 3.30e-01    -  3.53e-01 6.60e-02h  1
 623  5.1762228e+00 5.43e-04 1.18e+02  -3.9 9.72e-02    -  1.00e+00 1.25e-01f  4
 624  5.1685761e+00 1.64e-03 2.60e+01  -3.9 1.54e-01    -  1.00e+00 1.00e+00h  1
 625  5.1598485e+00 3.91e-04 1.94e+01  -3.9 1.06e-01    -  1.00e+00 1.00e+00h  1
 626  5.1579011e+00 2.92e-04 1.52e+01  -4.0 1.11e-01    -  1.00e+00 1.00e+00h  1
 627  5.1580253e+00 1.27e-04 4.32e+00  -4.0 7.53e-02    -  1.00e+00 1.00e+00h  1
 628  5.1622127e+00 2.10e-05 3.98e+00  -4.0 4.02e-02    -  1.00e+00 1.00e+00h  1
 629  5.1654874e+00 1.76e-05 9.33e+00  -4.0 5.97e-02    -  1.00e+00 1.00e+00H  1
iter    objective    inf_pr   inf_du lg(mu)  ||d||  lg(rg) alpha_du alpha_pr  ls
 630  5.1626451e+00 1.25e-04 1.34e+01  -4.0 7.52e-02    -  1.00e+00 1.00e+00h  1
 631  5.1595194e+00 7.27e-05 1.57e+01  -4.1 4.08e-02    -  1.00e+00 5.09e-01h  1
 632  5.1556958e+00 6.27e-05 3.84e+00  -4.1 5.35e-02    -  1.00e+00 1.00e+00f  1
 633  5.1602437e+00 9.77e-05 1.65e+01  -4.0 8.40e-02    -  1.00e+00 1.00e+00H  1
 634  5.1534778e+00 7.74e-05 5.65e+00  -4.1 7.72e-02    -  1.00e+00 1.00e+00h  1
 635  5.1557685e+00 1.25e-05 2.75e+00  -4.0 2.50e-02    -  1.00e+00 1.00e+00h  1
 636  5.1568469e+00 9.38e-07 4.25e+00  -4.0 2.00e-02    -  1.00e+00 1.00e+00H  1
 637  5.1557960e+00 1.47e-04 1.65e+01  -4.0 4.70e-02    -  1.00e+00 1.00e+00h  1
 638  5.1475558e+00 7.35e-03 1.36e+02  -4.1 7.63e-01    -  6.19e-01 4.64e-01h  1
 639  5.1386705e+00 1.39e-03 1.08e+02  -4.1 1.50e-01    -  1.00e+00 8.16e-01h  1
iter    objective    inf_pr   inf_du lg(mu)  ||d||  lg(rg) alpha_du alpha_pr  ls
 640  5.1362695e+00 8.45e-04 7.67e+01  -4.1 1.83e-01    -  4.68e-01 4.31e-01h  1
 641  5.1381574e+00 6.38e-04 7.59e+01  -4.1 6.81e-02    -  6.54e-01 2.50e-01h  3
 642  5.1447727e+00 7.38e-05 1.61e+01  -4.1 4.31e-02    -  9.06e-01 1.00e+00h  1
 643  5.1497816e+00 1.18e-05 1.75e+01  -4.0 5.67e-02    -  1.00e+00 1.00e+00H  1
 644  5.1474730e+00 3.04e-04 1.85e+01  -4.0 1.04e-01    -  1.00e+00 6.43e-01h  1
 645  5.1437857e+00 5.96e-05 1.08e+01  -4.1 4.89e-02    -  1.00e+00 1.00e+00h  1
 646  5.1468121e+00 3.81e-05 2.68e+00  -4.0 3.05e-02    -  1.00e+00 1.00e+00h  1
 647  5.1480644e+00 1.17e-05 2.82e+00  -4.0 1.90e-02    -  1.00e+00 1.00e+00h  1
 648  5.1481655e+00 1.06e-05 1.72e+00  -4.0 1.57e-02    -  1.00e+00 1.00e+00h  1
 649  5.1480123e+00 3.36e-06 2.04e+00  -4.0 1.30e-02    -  1.00e+00 1.00e+00h  1
iter    objective    inf_pr   inf_du lg(mu)  ||d||  lg(rg) alpha_du alpha_pr  ls
 650  5.1487077e+00 2.87e-06 1.05e+01  -4.0 4.49e-02    -  1.00e+00 1.00e+00H  1
 651  5.1470916e+00 2.69e-04 2.77e+01  -4.0 9.18e-02    -  1.00e+00 1.00e+00h  1
 652  5.1351493e+00 1.14e-02 8.85e+01  -4.1 3.18e-01    -  4.89e-01 1.00e+00h  1
 653  5.1317221e+00 6.32e-03 6.64e+01  -4.1 1.83e-01    -  1.00e+00 4.87e-01h  1
 654  5.1327487e+00 4.57e-03 1.57e+02  -4.1 7.82e-02    -  1.00e+00 2.90e-01h  1
 655  5.1346846e+00 2.13e-03 7.83e+01  -4.1 7.45e-02    -  9.75e-01 5.68e-01h  1
 656  5.1358277e+00 1.68e-03 1.03e+02  -4.1 4.91e-02    -  1.00e+00 2.17e-01h  1
 657  5.1362077e+00 1.57e-03 3.26e+01  -4.1 3.76e-02    -  1.00e+00 6.25e-02h  5
 658  5.1417872e+00 1.30e-04 1.15e+01  -4.1 5.07e-02    -  1.00e+00 1.00e+00h  1
 659  5.1406981e+00 1.95e-04 2.26e+01  -4.0 9.72e-02    -  1.00e+00 1.00e+00h  1
iter    objective    inf_pr   inf_du lg(mu)  ||d||  lg(rg) alpha_du alpha_pr  ls
 660  5.1390990e+00 9.94e-05 1.01e+01  -4.0 7.14e-02    -  1.00e+00 9.04e-01h  1
 661  5.1394776e+00 8.09e-05 3.75e+01  -4.0 7.38e-02    -  1.00e+00 6.19e-01h  1
 662  5.1414856e+00 2.00e-05 2.07e+00  -4.0 3.42e-02    -  1.00e+00 1.00e+00h  1
 663  5.1435610e+00 1.91e-06 6.43e+00  -4.0 2.10e-02    -  1.00e+00 1.00e+00H  1
 664  5.1428896e+00 8.15e-04 2.69e+01  -4.0 9.65e-02    -  1.00e+00 1.00e+00h  1
 665  5.1381128e+00 8.68e-04 4.43e+01  -4.1 1.08e-01    -  1.00e+00 1.00e+00h  1
 666  5.1359317e+00 7.29e-04 2.84e+01  -4.0 1.27e-01    -  1.00e+00 5.30e-01h  1
 667  5.1386377e+00 8.19e-05 6.82e+00  -4.0 6.63e-02    -  9.16e-01 1.00e+00h  1
 668  5.1416513e+00 2.35e-05 5.62e+00  -4.0 4.10e-02    -  1.00e+00 1.00e+00H  1
 669  5.1406853e+00 1.64e-05 1.59e+01  -4.1 6.50e-02    -  1.00e+00 1.00e+00H  1
iter    objective    inf_pr   inf_du lg(mu)  ||d||  lg(rg) alpha_du alpha_pr  ls
 670  5.1397673e+00 4.13e-04 3.94e+01  -4.0 1.26e-01    -  1.00e+00 1.00e+00h  1
 671  5.1356838e+00 1.90e-03 5.70e+01  -4.1 1.69e-01    -  1.00e+00 9.08e-01h  1
 672  5.1305976e+00 4.31e-04 9.39e+00  -4.1 1.10e-01    -  1.00e+00 1.00e+00f  1
 673  5.1361642e+00 1.12e-04 1.19e+01  -4.0 5.93e-02    -  1.00e+00 1.00e+00h  1
 674  5.1349331e+00 6.21e-05 2.49e+01  -4.0 5.21e-02    -  1.00e+00 7.61e-01h  1
 675  5.1371637e+00 6.57e-05 4.69e+00  -4.0 3.98e-02    -  1.00e+00 1.00e+00h  1
 676  5.1411861e+00 1.24e-05 1.37e+01  -4.0 5.12e-02    -  1.00e+00 1.00e+00H  1
 677  5.1367948e+00 5.51e-05 7.83e+00  -4.1 3.84e-02    -  1.00e+00 1.00e+00h  1
 678  5.1384417e+00 1.14e-05 4.04e+00  -4.0 2.67e-02    -  1.00e+00 1.00e+00h  1
 679  5.1391201e+00 1.05e-05 1.50e+00  -4.0 1.94e-02    -  1.00e+00 1.00e+00h  1
iter    objective    inf_pr   inf_du lg(mu)  ||d||  lg(rg) alpha_du alpha_pr  ls
 680  5.1401005e+00 9.56e-07 3.34e+00  -4.0 1.73e-02    -  1.00e+00 1.00e+00H  1
 681  5.1399305e+00 1.43e-05 6.66e+00  -4.0 1.88e-02    -  1.00e+00 1.00e+00h  1
 682  5.1379775e+00 3.79e-05 6.04e+00  -4.1 3.91e-02    -  1.00e+00 1.00e+00h  1
 683  5.1370586e+00 1.71e-05 2.00e+00  -4.1 2.71e-02    -  1.00e+00 1.00e+00h  1
 684  5.1388922e+00 1.32e-06 2.98e+00  -4.0 1.74e-02    -  1.00e+00 1.00e+00H  1
 685  5.1400252e+00 9.77e-04 2.67e+01  -4.0 1.70e-01    -  1.00e+00 1.00e+00h  1
 686  5.1334826e+00 3.42e-03 7.22e+01  -4.1 4.83e-01    -  1.00e+00 6.27e-01h  1
 687  5.1233665e+00 9.15e-03 1.50e+02  -4.1 1.66e+00    -  1.00e+00 2.90e-01h  1
 688  5.1140661e+00 7.43e-03 1.60e+02  -4.1 8.45e-01    -  4.91e-01 2.75e-01h  1
 689  5.1068168e+00 1.66e-03 7.13e+01  -4.1 2.28e-01    -  5.92e-01 8.30e-01f  1
iter    objective    inf_pr   inf_du lg(mu)  ||d||  lg(rg) alpha_du alpha_pr  ls
 690  5.1085047e+00 1.48e-03 2.11e+02  -4.0 1.12e-01    -  8.88e-01 1.12e-01h  4
 691  5.1212523e+00 6.22e-04 1.23e+01  -4.0 1.30e-01    -  8.85e-01 1.00e+00h  1
 692  5.1225724e+00 5.93e-04 1.99e+01  -4.1 1.90e-01    -  6.22e-01 5.15e-01h  1
 693  5.1227012e+00 6.01e-04 7.06e+01  -4.1 4.06e-01    -  1.00e+00 1.25e-01f  4
 694  5.1139507e+00 6.85e-03 1.02e+02  -4.1 2.25e+00    -  3.56e-01 2.18e-01h  1
 695  5.0944595e+00 6.14e-04 4.46e+01  -4.1 2.23e-01    -  1.00e+00 1.00e+00h  1
 696  5.0976554e+00 4.71e-04 9.78e+01  -4.0 1.36e-01    -  1.00e+00 2.75e-01h  1
 697  5.1055001e+00 3.33e-04 2.32e+02  -4.0 1.35e-01    -  1.00e+00 4.23e-01h  1
 698  5.1135227e+00 1.80e-04 8.42e+01  -4.0 1.42e-01    -  1.00e+00 5.00e-01h  2
 699  5.1218188e+00 1.01e-04 1.16e+01  -4.0 6.35e-02    -  1.00e+00 1.00e+00h  1
iter    objective    inf_pr   inf_du lg(mu)  ||d||  lg(rg) alpha_du alpha_pr  ls
 700  5.1217067e+00 1.02e-04 6.82e+00  -4.0 6.98e-02    -  1.00e+00 1.00e+00h  1
 701  5.1264642e+00 1.67e-05 3.63e+00  -4.0 2.94e-02    -  1.00e+00 1.00e+00h  1
 702  5.1284187e+00 1.14e-05 3.06e+00  -4.0 1.90e-02    -  1.00e+00 1.00e+00h  1
 703  5.1282278e+00 5.92e-05 8.12e+00  -4.0 3.89e-02    -  1.00e+00 1.00e+00h  1
 704  5.1253326e+00 7.65e-06 4.79e+00  -4.1 2.82e-02    -  1.00e+00 1.00e+00h  1
 705  5.1268964e+00 9.33e-06 4.75e+00  -4.0 2.47e-02    -  1.00e+00 1.00e+00h  1
 706  5.1272809e+00 5.14e-06 5.81e-01  -4.0 1.29e-02    -  1.00e+00 1.00e+00h  1
 707  5.1279690e+00 3.34e-07 1.92e+00  -4.0 1.47e-02    -  1.00e+00 1.00e+00H  1
 708  5.1282204e+00 1.40e-04 9.46e+00  -4.0 6.93e-02    -  1.00e+00 1.00e+00h  1
 709  5.1244009e+00 3.04e-04 1.82e+01  -4.1 8.61e-02    -  9.21e-01 1.00e+00h  1
iter    objective    inf_pr   inf_du lg(mu)  ||d||  lg(rg) alpha_du alpha_pr  ls
 710  5.1210890e+00 3.11e-04 7.82e+00  -4.1 8.35e-02    -  1.00e+00 1.00e+00h  1
 711  5.1203071e+00 1.95e-04 9.40e+00  -4.1 1.22e-01    -  6.01e-01 4.66e-01h  1
 712  5.1207712e+00 1.54e-04 4.52e+01  -4.1 6.71e-02    -  1.00e+00 2.71e-01f  2
 713  5.1223174e+00 1.21e-04 4.59e+01  -4.0 9.04e-02    -  1.00e+00 5.00e-01h  2
 714  5.1226679e+00 4.03e-05 7.23e+00  -4.1 4.07e-02    -  1.00e+00 1.00e+00h  1
 715  5.1236239e+00 5.42e-05 4.33e+00  -4.0 4.98e-02    -  1.00e+00 1.00e+00h  1
 716  5.1250108e+00 1.15e-05 3.13e+00  -4.0 1.96e-02    -  1.00e+00 1.00e+00h  1
 717  5.1274187e+00 5.84e-07 4.75e+00  -4.0 1.87e-02    -  1.00e+00 1.00e+00H  1
 718  5.1273263e+00 1.91e-05 4.64e+00  -4.0 2.01e-02    -  1.00e+00 1.00e+00h  1
 719  5.1252903e+00 1.28e-05 3.26e+00  -4.1 2.09e-02    -  1.00e+00 1.00e+00h  1
iter    objective    inf_pr   inf_du lg(mu)  ||d||  lg(rg) alpha_du alpha_pr  ls
 720  5.1239419e+00 1.40e-04 8.49e+00  -4.1 5.44e-02    -  1.00e+00 1.00e+00h  1
 721  5.1216623e+00 9.98e-04 3.07e+01  -4.1 1.69e-01    -  1.00e+00 8.24e-01h  1
 722  5.1197594e+00 6.63e-04 3.85e+01  -4.1 1.20e-01    -  1.00e+00 4.86e-01h  1
 723  5.1178076e+00 3.44e-04 1.34e+01  -4.1 8.02e-02    -  6.75e-01 1.00e+00f  1
 724  5.1148745e+00 3.43e-04 1.82e+01  -4.1 1.85e-01    -  3.67e-01 6.37e-01h  1
 725  5.1150739e+00 1.80e-04 4.20e+00  -4.1 8.76e-02    -  1.00e+00 1.00e+00f  1
 726  5.1192571e+00 8.84e-05 5.78e+01  -4.0 5.08e-02    -  6.53e-01 1.00e+00h  1
 727  5.1207897e+00 3.89e-05 1.32e+01  -4.0 5.01e-02    -  1.00e+00 7.71e-01h  1
 728  5.1220646e+00 2.07e-05 4.84e+00  -4.0 2.60e-02    -  1.00e+00 1.00e+00h  1
 729  5.1248790e+00 5.57e-06 3.44e+00  -4.0 1.51e-02    -  1.00e+00 1.00e+00h  1
iter    objective    inf_pr   inf_du lg(mu)  ||d||  lg(rg) alpha_du alpha_pr  ls
 730  5.1251233e+00 4.40e-06 2.53e+00  -4.0 1.14e-02    -  1.00e+00 1.00e+00h  1
 731  5.1250172e+00 4.39e-06 2.48e+00  -4.0 1.47e-02    -  1.00e+00 1.00e+00h  1
 732  5.1249456e+00 1.34e-06 8.01e-01  -4.0 8.78e-03    -  1.00e+00 1.00e+00h  1
 733  5.1252531e+00 4.66e-08 3.62e-01  -4.0 4.68e-03    -  1.00e+00 1.00e+00H  1
 734  5.1255951e+00 5.84e-05 6.54e+00  -4.0 5.42e-02    -  1.00e+00 1.00e+00h  1
 735  5.1222249e+00 3.14e-05 3.91e+00  -4.1 2.58e-02    -  1.00e+00 1.00e+00h  1
 736  5.1215713e+00 3.06e-05 6.10e+00  -4.1 6.10e-02    -  1.00e+00 8.70e-01h  1
 737  5.1238249e+00 4.72e-05 2.52e+00  -4.0 3.19e-02    -  1.00e+00 1.00e+00f  1
 738  5.1227976e+00 1.98e-05 2.51e+00  -4.1 3.03e-02    -  1.00e+00 1.00e+00h  1
 739  5.1221247e+00 1.10e-05 8.74e-01  -4.1 2.31e-02    -  1.00e+00 1.00e+00h  1
iter    objective    inf_pr   inf_du lg(mu)  ||d||  lg(rg) alpha_du alpha_pr  ls
 740  5.1251698e+00 2.09e-06 2.28e+00  -4.0 1.44e-02    -  1.00e+00 1.00e+00H  1
 741  5.1229911e+00 1.12e-05 1.93e+00  -4.1 1.56e-02    -  1.00e+00 1.00e+00h  1
 742  5.1222899e+00 1.15e-05 4.22e+00  -4.1 2.73e-02    -  1.00e+00 1.00e+00h  1
 743  5.1250253e+00 1.30e-05 1.53e+00  -4.0 2.05e-02    -  1.00e+00 1.00e+00h  1
 744  5.1223037e+00 1.74e-05 4.49e+00  -4.1 1.93e-02    -  1.00e+00 1.00e+00h  1
 745  5.1219759e+00 5.47e-06 1.94e+00  -4.1 1.25e-02    -  1.00e+00 1.00e+00h  1
 746  5.1251559e+00 1.71e-07 1.62e+00  -4.0 1.76e-02    -  1.00e+00 1.00e+00H  1
 747  5.1253419e+00 2.94e-06 1.91e+00  -4.0 1.21e-02    -  1.00e+00 1.00e+00h  1
 748  5.1224005e+00 6.11e-06 9.10e-01  -4.1 1.72e-02    -  1.00e+00 1.00e+00h  1
 749  5.1224497e+00 1.72e-05 3.24e+00  -4.1 3.31e-02    -  1.00e+00 1.00e+00h  1
iter    objective    inf_pr   inf_du lg(mu)  ||d||  lg(rg) alpha_du alpha_pr  ls
 750  5.1221592e+00 1.45e-05 3.35e-01  -4.1 3.03e-02    -  1.00e+00 1.00e+00h  1
 751  5.1224239e+00 1.15e-07 2.31e-01  -4.1 1.85e-03    -  1.00e+00 1.00e+00h  1
 752  5.1254222e+00 6.48e-08 2.51e+00  -4.0 1.80e-02    -  1.00e+00 1.00e+00H  1
 753  5.1225946e+00 1.97e-05 7.66e+00  -4.1 2.61e-02    -  1.00e+00 1.00e+00h  1
 754  5.1213900e+00 1.30e-05 1.51e+00  -4.1 2.86e-02    -  1.00e+00 1.00e+00h  1
 755  5.1252191e+00 6.64e-07 1.36e+00  -4.0 1.81e-02    -  1.00e+00 1.00e+00H  1
 756  5.1222069e+00 5.43e-05 6.32e+00  -4.1 4.44e-02    -  1.00e+00 1.00e+00h  1
 757  5.1206971e+00 3.03e-03 5.26e+01  -4.1 3.26e-01    -  1.00e+00 1.00e+00h  1
 758  5.1113791e+00 1.12e-03 8.81e+01  -4.1 2.66e-01    -  1.00e+00 1.00e+00h  1
 759  5.1078872e+00 9.42e-04 7.74e+01  -4.1 3.44e-01    -  4.01e-01 1.57e-01h  1
iter    objective    inf_pr   inf_du lg(mu)  ||d||  lg(rg) alpha_du alpha_pr  ls
 760  5.1086535e+00 8.43e-04 2.00e+02  -4.1 2.56e-01    -  1.00e+00 1.25e-01h  4
 761  5.1093290e+00 5.56e-04 8.07e+01  -4.1 2.01e-01    -  1.00e+00 4.12e-01h  1
 762  5.1091373e+00 2.09e-04 3.02e+01  -4.1 1.23e-01    -  4.47e-01 8.18e-01f  1
 763  5.1094543e+00 1.92e-04 2.00e+02  -4.1 1.48e-01    -  1.00e+00 7.91e-02f  3
 764  5.1170281e+00 9.74e-05 6.69e+00  -4.1 6.40e-02    -  1.00e+00 1.00e+00h  1
 765  5.1219210e+00 1.31e-04 1.33e+01  -4.0 5.78e-02    -  7.82e-01 9.56e-01h  1
 766  5.1178851e+00 1.10e-04 7.01e+00  -4.1 5.79e-02    -  1.00e+00 1.00e+00h  1
 767  5.1165250e+00 7.33e-05 8.12e+00  -4.0 7.42e-02    -  1.00e+00 6.48e-01h  1
 768  5.1211947e+00 7.92e-05 4.97e+00  -4.0 4.72e-02    -  1.00e+00 1.00e+00h  1
 769  5.1197137e+00 5.31e-05 1.24e+01  -4.1 5.70e-02    -  1.00e+00 1.00e+00h  1
iter    objective    inf_pr   inf_du lg(mu)  ||d||  lg(rg) alpha_du alpha_pr  ls
 770  5.1203616e+00 4.88e-05 1.92e+00  -4.0 5.00e-02    -  1.00e+00 1.00e+00h  1
 771  5.1225235e+00 1.65e-05 7.52e+00  -4.0 2.68e-02    -  1.00e+00 1.00e+00h  1
 772  5.1210203e+00 1.05e-05 8.71e-01  -4.1 2.37e-02    -  1.00e+00 1.00e+00h  1
 773  5.1226526e+00 2.07e-06 5.58e-01  -4.0 6.98e-03    -  1.00e+00 1.00e+00h  1
 774  5.1216672e+00 6.96e-07 1.58e+00  -4.1 1.44e-02    -  1.00e+00 1.00e+00H  1
 775  5.1239018e+00 4.27e-06 1.44e+00  -4.0 1.55e-02    -  1.00e+00 1.00e+00h  1
 776  5.1213237e+00 3.89e-06 1.42e+00  -4.1 1.17e-02    -  1.00e+00 1.00e+00h  1
 777  5.1238886e+00 4.20e-06 1.86e+00  -4.0 1.23e-02    -  1.00e+00 1.00e+00h  1
 778  5.1212920e+00 3.72e-05 2.05e+00  -4.1 2.73e-02    -  1.00e+00 1.00e+00h  1
 779  5.1207673e+00 1.69e-05 1.80e+00  -4.1 2.38e-02    -  1.00e+00 1.00e+00h  1
iter    objective    inf_pr   inf_du lg(mu)  ||d||  lg(rg) alpha_du alpha_pr  ls
 780  5.1239877e+00 2.37e-07 2.34e+00  -4.0 1.45e-02    -  1.00e+00 1.00e+00H  1
 781  5.1211271e+00 5.88e-06 1.40e+00  -4.1 1.63e-02    -  1.00e+00 1.00e+00h  1
 782  5.1209345e+00 1.35e-05 4.31e+00  -4.1 2.59e-02    -  1.00e+00 1.00e+00h  1
 783  5.1209910e+00 9.63e-06 4.29e-01  -4.1 1.93e-02    -  1.00e+00 1.00e+00h  1
 784  5.1210540e+00 2.20e-07 2.37e-01  -4.1 1.66e-03    -  1.00e+00 1.00e+00h  1
 785  5.1236389e+00 3.50e-06 1.07e+00  -4.0 1.12e-02    -  1.00e+00 1.00e+00h  1
 786  5.1214232e+00 5.64e-08 1.67e+00  -4.1 1.55e-02    -  1.00e+00 1.00e+00H  1
 787  5.1207525e+00 4.67e-06 3.72e+00  -4.1 1.35e-02    -  1.00e+00 1.00e+00h  1
 788  5.1237926e+00 7.66e-06 4.33e-01  -4.0 1.67e-02    -  1.00e+00 1.00e+00h  1
 789  5.1209936e+00 1.18e-05 1.97e+00  -4.1 1.63e-02    -  1.00e+00 1.00e+00h  1
iter    objective    inf_pr   inf_du lg(mu)  ||d||  lg(rg) alpha_du alpha_pr  ls
 790  5.1209207e+00 8.42e-06 3.38e+00  -4.1 1.89e-02    -  1.00e+00 1.00e+00h  1
 791  5.1209999e+00 6.21e-06 1.40e+00  -4.1 1.79e-02    -  1.00e+00 1.00e+00h  1
 792  5.1211988e+00 9.20e-07 1.17e+00  -4.1 7.04e-03    -  1.00e+00 1.00e+00h  1
 793  5.1211188e+00 1.81e-07 1.81e-01  -4.1 3.12e-03    -  1.00e+00 1.00e+00h  1
 794  5.1212700e+00 2.40e-07 2.31e-01  -4.1 2.07e-03    -  1.00e+00 1.00e+00h  1
 795  5.1212795e+00 2.15e-08 5.45e-01  -4.1 2.69e-03    -  1.00e+00 1.00e+00H  1
 796  5.1238287e+00 8.47e-06 3.43e+00  -4.0 1.82e-02    -  1.00e+00 1.00e+00h  1
 797  5.1212563e+00 1.13e-05 5.71e+00  -4.1 1.87e-02    -  1.00e+00 1.00e+00h  1
 798  5.1232691e+00 1.46e-05 9.15e+00  -4.1 5.17e-02    -  1.00e+00 1.00e+00H  1
 799  5.1199749e+00 3.39e-05 2.88e+00  -4.1 4.14e-02    -  9.63e-01 1.00e+00h  1
iter    objective    inf_pr   inf_du lg(mu)  ||d||  lg(rg) alpha_du alpha_pr  ls
 800  5.1229282e+00 1.30e-05 1.97e+00  -4.0 1.57e-02    -  1.00e+00 1.00e+00h  1
 801  5.1217528e+00 4.36e-06 6.45e+00  -4.1 2.58e-02    -  1.00e+00 1.00e+00H  1
 802  5.1205503e+00 6.76e-06 1.57e+00  -4.1 1.99e-02    -  1.00e+00 1.00e+00h  1
 803  5.1235672e+00 5.98e-06 2.35e+00  -4.0 1.53e-02    -  1.00e+00 1.00e+00h  1
 804  5.1212254e+00 2.42e-07 2.03e+00  -4.1 1.70e-02    -  1.00e+00 1.00e+00H  1
 805  5.1217713e+00 1.40e-07 5.61e+00  -4.1 2.91e-02    -  1.00e+00 1.00e+00H  1
 806  5.1207138e+00 1.04e-05 1.22e+00  -4.1 2.69e-02    -  1.00e+00 1.00e+00h  1
 807  5.1210795e+00 9.69e-06 2.54e+00  -4.1 1.73e-02    -  1.00e+00 1.00e+00h  1
 808  5.1208516e+00 5.89e-06 4.13e-01  -4.1 1.52e-02    -  1.00e+00 1.00e+00h  1
 809  5.1236099e+00 4.81e-06 8.41e-01  -4.0 1.34e-02    -  1.00e+00 1.00e+00h  1
iter    objective    inf_pr   inf_du lg(mu)  ||d||  lg(rg) alpha_du alpha_pr  ls
 810  5.1216832e+00 2.32e-06 6.20e+00  -4.1 3.08e-02    -  1.00e+00 1.00e+00H  1
 811  5.1208219e+00 1.95e-05 7.54e+00  -4.1 2.18e-02    -  1.00e+00 1.00e+00h  1
 812  5.1210251e+00 3.45e-06 1.62e+00  -4.1 1.02e-02    -  1.00e+00 1.00e+00h  1
 813  5.1238621e+00 9.36e-06 1.10e+00  -4.0 1.49e-02    -  1.00e+00 1.00e+00h  1
 814  5.1208678e+00 3.02e-05 5.38e+00  -4.1 3.23e-02    -  1.00e+00 1.00e+00h  1
 815  5.1205531e+00 9.64e-06 3.95e+00  -4.1 2.15e-02    -  1.00e+00 1.00e+00h  1
 816  5.1209948e+00 2.45e-06 1.21e+00  -4.1 1.02e-02    -  1.00e+00 1.00e+00h  1
 817  5.1236995e+00 7.99e-06 2.07e+00  -4.0 1.67e-02    -  1.00e+00 1.00e+00h  1
 818  5.1212318e+00 1.67e-07 3.36e+00  -4.1 2.63e-02    -  1.00e+00 1.00e+00H  1
 819  5.1206045e+00 1.10e-04 1.74e+01  -4.1 7.39e-02    -  1.00e+00 1.00e+00h  1
iter    objective    inf_pr   inf_du lg(mu)  ||d||  lg(rg) alpha_du alpha_pr  ls
 820  5.1192263e+00 4.44e-05 1.07e+01  -4.1 4.13e-02    -  1.00e+00 1.00e+00h  1
 821  5.1237742e+00 3.46e-06 4.45e+00  -4.0 3.90e-02    -  1.00e+00 1.00e+00H  1
 822  5.1211232e+00 1.27e-06 3.97e+00  -4.1 3.16e-02    -  1.00e+00 1.00e+00H  1
 823  5.1204412e+00 2.54e-05 9.45e+00  -4.1 3.27e-02    -  1.00e+00 1.00e+00h  1
 824  5.1203497e+00 1.28e-05 3.60e+00  -4.1 3.02e-02    -  1.00e+00 1.00e+00h  1
 825  5.1234554e+00 8.10e-07 1.98e+00  -4.0 2.63e-02    -  1.00e+00 1.00e+00H  1
 826  5.1208521e+00 4.36e-05 5.70e+00  -4.1 5.53e-02    -  1.00e+00 1.00e+00h  1
 827  5.1197953e+00 2.27e-05 1.92e+00  -4.1 3.76e-02    -  1.00e+00 1.00e+00h  1
 828  5.1232911e+00 1.77e-06 3.06e+00  -4.0 2.47e-02    -  1.00e+00 1.00e+00H  1
 829  5.1221239e+00 1.39e-06 4.31e+00  -4.1 3.42e-02    -  1.00e+00 1.00e+00H  1
iter    objective    inf_pr   inf_du lg(mu)  ||d||  lg(rg) alpha_du alpha_pr  ls
 830  5.1203923e+00 1.62e-05 1.70e+00  -4.1 3.51e-02    -  1.00e+00 1.00e+00h  1
 831  5.1234612e+00 1.27e-05 2.77e+00  -4.0 2.45e-02    -  1.00e+00 1.00e+00h  1
 832  5.1211525e+00 8.58e-07 3.10e+00  -4.1 3.03e-02    -  1.00e+00 1.00e+00H  1
 833  5.1201979e+00 3.25e-05 6.49e+00  -4.1 3.48e-02    -  9.06e-01 1.00e+00h  1
 834  5.1201772e+00 2.22e-05 1.14e+00  -4.1 2.98e-02    -  1.00e+00 1.00e+00h  1
 835  5.1207413e+00 3.03e-06 1.32e+00  -4.1 7.26e-03    -  1.00e+00 1.00e+00h  1
 836  5.1232262e+00 1.07e-05 2.12e+00  -4.0 2.21e-02    -  1.00e+00 1.00e+00h  1
 837  5.1218340e+00 4.44e-06 5.77e+00  -4.1 3.38e-02    -  1.00e+00 1.00e+00H  1
 838  5.1205147e+00 9.96e-06 1.92e+00  -4.1 1.90e-02    -  1.00e+00 1.00e+00h  1
 839  5.1233660e+00 1.32e-05 2.26e+00  -4.0 2.38e-02    -  1.00e+00 1.00e+00h  1
iter    objective    inf_pr   inf_du lg(mu)  ||d||  lg(rg) alpha_du alpha_pr  ls
 840  5.1217405e+00 4.51e-06 6.77e+00  -4.1 4.08e-02    -  1.00e+00 1.00e+00H  1
 841  5.1201898e+00 1.76e-05 3.53e+00  -4.1 3.23e-02    -  1.00e+00 1.00e+00h  1
 842  5.1237220e+00 7.43e-07 2.09e+00  -4.0 2.92e-02    -  1.00e+00 1.00e+00H  1
 843  5.1224270e+00 8.42e-06 7.79e+00  -4.1 4.19e-02    -  1.00e+00 5.00e-01h  2
 844  5.1206532e+00 1.31e-05 2.73e+00  -4.1 2.69e-02    -  1.00e+00 1.00e+00h  1
 845  5.1209200e+00 1.67e-06 8.40e-01  -4.1 9.49e-03    -  1.00e+00 1.00e+00h  1
 846  5.1239050e+00 5.33e-07 2.01e+00  -4.0 2.80e-02    -  1.00e+00 1.00e+00H  1
 847  5.1207701e+00 5.02e-05 7.70e+00  -4.1 4.86e-02    -  1.00e+00 1.00e+00h  1
 848  5.1197162e+00 2.49e-05 2.63e+00  -4.1 4.38e-02    -  1.00e+00 1.00e+00h  1
 849  5.1239934e+00 1.90e-06 4.76e+00  -4.0 3.25e-02    -  1.00e+00 1.00e+00H  1
iter    objective    inf_pr   inf_du lg(mu)  ||d||  lg(rg) alpha_du alpha_pr  ls
 850  5.1209377e+00 2.88e-05 2.26e+00  -4.1 3.38e-02    -  1.00e+00 1.00e+00h  1
 851  5.1195179e+00 5.05e-05 1.17e+01  -4.1 5.01e-02    -  9.46e-01 1.00e+00h  1
 852  5.1199626e+00 3.17e-05 7.43e-01  -4.1 3.58e-02    -  1.00e+00 1.00e+00h  1
 853  5.1203536e+00 4.90e-06 2.24e+00  -4.1 1.50e-02    -  1.00e+00 1.00e+00h  1
 854  5.1232518e+00 5.14e-07 2.24e+00  -4.0 2.35e-02    -  1.00e+00 1.00e+00H  1
 855  5.1216875e+00 1.49e-07 4.37e+00  -4.1 2.83e-02    -  1.00e+00 1.00e+00H  1
 856  5.1208083e+00 1.11e-05 2.76e+00  -4.1 2.26e-02    -  1.00e+00 1.00e+00h  1
 857  5.1209555e+00 1.53e-06 7.99e-01  -4.1 7.03e-03    -  1.00e+00 1.00e+00h  1
 858  5.1212041e+00 3.62e-07 4.63e-01  -4.1 2.43e-03    -  1.00e+00 1.00e+00h  1
 859  5.1212073e+00 7.76e-08 2.63e-01  -4.1 2.52e-03    -  1.00e+00 1.00e+00h  1
iter    objective    inf_pr   inf_du lg(mu)  ||d||  lg(rg) alpha_du alpha_pr  ls
 860  5.1211475e+00 1.18e-07 1.98e-01  -4.1 1.46e-03    -  1.00e+00 1.00e+00h  1
 861  5.1211349e+00 2.17e-08 6.05e-01  -4.1 2.99e-03    -  1.00e+00 1.00e+00H  1
 862  5.1238952e+00 1.34e-05 5.22e+00  -4.0 2.26e-02    -  1.00e+00 1.00e+00h  1
 863  5.1206367e+00 1.17e-05 4.84e-01  -4.1 2.23e-02    -  1.00e+00 1.00e+00h  1
 864  5.1209702e+00 1.05e-06 1.12e+00  -4.1 6.88e-03    -  1.00e+00 1.00e+00h  1
 865  5.1228899e+00 5.42e-06 2.09e+00  -4.0 1.57e-02    -  1.00e+00 1.00e+00h  1
 866  5.1214403e+00 8.38e-07 2.98e+00  -4.1 1.71e-02    -  1.00e+00 1.00e+00H  1
 867  5.1209123e+00 2.96e-06 1.87e+00  -4.1 1.20e-02    -  1.00e+00 1.00e+00h  1
 868  5.1210356e+00 1.17e-06 7.37e-01  -4.1 6.28e-03    -  1.00e+00 1.00e+00h  1
 869  5.1235504e+00 6.84e-06 1.51e+00  -4.0 1.65e-02    -  1.00e+00 1.00e+00h  1
iter    objective    inf_pr   inf_du lg(mu)  ||d||  lg(rg) alpha_du alpha_pr  ls
 870  5.1212386e+00 1.49e-07 1.51e+00  -4.1 1.93e-02    -  1.00e+00 1.00e+00H  1
 871  5.1206574e+00 1.11e-05 4.67e+00  -4.1 2.54e-02    -  1.00e+00 1.00e+00h  1
 872  5.1209072e+00 8.59e-06 6.24e-01  -4.1 1.87e-02    -  1.00e+00 1.00e+00h  1
 873  5.1209293e+00 5.91e-07 5.90e-01  -4.1 2.88e-03    -  1.00e+00 1.00e+00h  1
 874  5.1236691e+00 8.94e-06 1.14e+00  -4.0 1.84e-02    -  1.00e+00 1.00e+00h  1
 875  5.1216720e+00 1.74e-06 4.79e+00  -4.1 2.06e-02    -  1.00e+00 1.00e+00H  1
 876  5.1204956e+00 6.75e-06 9.84e-01  -4.1 1.76e-02    -  1.00e+00 1.00e+00h  1
 877  5.1208867e+00 5.59e-07 4.53e-01  -4.1 4.33e-03    -  1.00e+00 1.00e+00h  1
 878  5.1238614e+00 9.50e-06 1.32e+00  -4.0 1.97e-02    -  1.00e+00 1.00e+00h  1
 879  5.1212345e+00 3.05e-05 4.52e+00  -4.1 3.34e-02    -  1.00e+00 1.00e+00h  1
iter    objective    inf_pr   inf_du lg(mu)  ||d||  lg(rg) alpha_du alpha_pr  ls
 880  5.1200013e+00 1.54e-05 8.31e-01  -4.1 2.68e-02    -  1.00e+00 1.00e+00h  1
 881  5.1208222e+00 1.21e-06 1.85e+00  -4.1 6.51e-03    -  1.00e+00 1.00e+00h  1
 882  5.1237832e+00 1.02e-05 1.07e+00  -4.0 2.10e-02    -  1.00e+00 1.00e+00h  1
 883  5.1211835e+00 2.47e-07 3.02e+00  -4.1 2.27e-02    -  1.00e+00 1.00e+00H  1
 884  5.1206039e+00 8.69e-06 4.91e+00  -4.1 2.33e-02    -  1.00e+00 1.00e+00h  1
 885  5.1208240e+00 5.59e-06 1.10e+00  -4.1 2.24e-02    -  1.00e+00 1.00e+00h  1
 886  5.1208194e+00 2.51e-06 2.14e+00  -4.1 9.21e-03    -  1.00e+00 1.00e+00h  1
 887  5.1208787e+00 1.20e-06 2.41e-01  -4.1 6.69e-03    -  1.00e+00 1.00e+00h  1
 888  5.1239451e+00 1.14e-05 7.30e-01  -4.0 2.12e-02    -  1.00e+00 1.00e+00h  1
 889  5.1209734e+00 3.10e-05 6.33e+00  -4.1 4.22e-02    -  1.00e+00 1.00e+00h  1
iter    objective    inf_pr   inf_du lg(mu)  ||d||  lg(rg) alpha_du alpha_pr  ls
 890  5.1194031e+00 2.05e-05 1.15e+00  -4.1 3.52e-02    -  1.00e+00 1.00e+00h  1
 891  5.1241418e+00 1.36e-06 4.92e+00  -4.0 2.44e-02    -  1.00e+00 1.00e+00H  1
 892  5.1206355e+00 1.64e-05 9.83e-01  -4.1 2.24e-02    -  1.00e+00 1.00e+00h  1
 893  5.1200471e+00 3.27e-05 7.39e+00  -4.1 3.65e-02    -  1.00e+00 1.00e+00h  1
 894  5.1200044e+00 2.17e-05 4.91e-01  -4.1 2.94e-02    -  1.00e+00 1.00e+00h  1
 895  5.1204418e+00 5.28e-07 5.47e-01  -4.1 3.36e-03    -  1.00e+00 1.00e+00h  1
 896  5.1233882e+00 1.02e-07 1.34e+00  -4.0 1.51e-02    -  1.00e+00 1.00e+00H  1
 897  5.1213900e+00 6.78e-08 3.78e+00  -4.1 1.55e-02    -  1.00e+00 1.00e+00H  1
 898  5.1208053e+00 3.02e-06 6.22e-01  -4.1 1.05e-02    -  1.00e+00 1.00e+00h  1
 899  5.1210492e+00 1.52e-07 4.33e-01  -4.1 2.83e-03    -  1.00e+00 1.00e+00h  1
iter    objective    inf_pr   inf_du lg(mu)  ||d||  lg(rg) alpha_du alpha_pr  ls
 900  5.1241087e+00 1.00e-05 1.46e+00  -4.0 1.80e-02    -  1.00e+00 1.00e+00h  1
 901  5.1209503e+00 1.18e-05 2.13e+00  -4.1 2.36e-02    -  1.00e+00 1.00e+00h  1
 902  5.1210190e+00 1.75e-06 2.35e+00  -4.1 1.37e-02    -  1.00e+00 1.00e+00h  1
 903  5.1210981e+00 1.30e-06 1.14e+00  -4.1 8.36e-03    -  1.00e+00 1.00e+00h  1
 904  5.1210138e+00 7.75e-07 4.21e-01  -4.1 6.55e-03    -  1.00e+00 1.00e+00h  1
 905  5.1210840e+00 9.76e-08 1.12e-01  -4.1 7.31e-04    -  1.00e+00 1.00e+00h  1
 906  5.1242038e+00 1.31e-05 1.52e+00  -4.0 2.20e-02    -  1.00e+00 1.00e+00h  1
 907  5.1210592e+00 5.35e-05 8.22e+00  -4.1 4.87e-02    -  1.00e+00 1.00e+00h  1
 908  5.1196580e+00 2.84e-05 2.34e+00  -4.1 3.64e-02    -  1.00e+00 1.00e+00h  1
 909  5.1207740e+00 1.32e-06 2.59e+00  -4.1 5.94e-03    -  1.00e+00 1.00e+00h  1
iter    objective    inf_pr   inf_du lg(mu)  ||d||  lg(rg) alpha_du alpha_pr  ls
 910  5.1208906e+00 6.99e-07 6.62e-01  -4.1 5.83e-03    -  1.00e+00 1.00e+00h  1
 911  5.1210489e+00 3.65e-07 6.97e-01  -4.1 2.53e-03    -  1.00e+00 1.00e+00h  1
 912  5.1211215e+00 9.57e-08 5.01e-01  -4.1 3.87e-03    -  1.00e+00 1.00e+00H  1
 913  5.1211254e+00 2.70e-07 1.16e-01  -4.1 3.13e-03    -  1.00e+00 1.00e+00h  1
 914  5.1211453e+00 1.81e-08 7.07e-02  -4.1 5.32e-04    -  1.00e+00 1.00e+00h  1
 915  5.1224630e+00 2.60e-06 9.01e-01  -4.0 5.78e-03    -  1.00e+00 1.00e+00h  1
 916  5.1212813e+00 1.86e-06 4.13e-01  -4.1 4.98e-03    -  1.00e+00 1.00e+00h  1
 917  5.1210971e+00 8.87e-07 5.36e-01  -4.1 4.68e-03    -  1.00e+00 1.00e+00h  1
 918  5.1210987e+00 4.36e-07 1.58e-01  -4.1 3.58e-03    -  1.00e+00 1.00e+00h  1
 919  5.1211373e+00 1.19e-07 8.72e-02  -4.1 6.03e-04    -  1.00e+00 1.00e+00h  1
iter    objective    inf_pr   inf_du lg(mu)  ||d||  lg(rg) alpha_du alpha_pr  ls
 920  5.1211171e+00 4.38e-08 1.20e-01  -4.1 3.22e-04    -  1.00e+00 1.00e+00h  1
 921  5.1238182e+00 5.23e-06 1.96e+00  -4.0 1.34e-02    -  1.00e+00 1.00e+00h  1
 922  5.1210700e+00 5.24e-06 1.04e+00  -4.1 1.31e-02    -  1.00e+00 1.00e+00h  1
 923  5.1205565e+00 7.02e-05 1.07e+01  -4.1 5.43e-02    -  1.00e+00 1.00e+00h  1
 924  5.1198216e+00 4.54e-05 1.19e+00  -4.1 4.13e-02    -  1.00e+00 1.00e+00h  1
 925  5.1197180e+00 2.66e-06 3.73e-01  -4.1 1.02e-02    -  1.00e+00 1.00e+00h  1
 926  5.1232984e+00 6.54e-07 1.23e+00  -4.0 1.31e-02    -  1.00e+00 1.00e+00H  1
 927  5.1216014e+00 3.14e-07 5.08e+00  -4.1 2.12e-02    -  1.00e+00 1.00e+00H  1
 928  5.1205753e+00 7.39e-06 5.49e-01  -4.1 2.09e-02    -  1.00e+00 1.00e+00h  1
 929  5.1209186e+00 6.55e-07 5.08e-01  -4.1 4.51e-03    -  1.00e+00 1.00e+00h  1
iter    objective    inf_pr   inf_du lg(mu)  ||d||  lg(rg) alpha_du alpha_pr  ls
 930  5.1238955e+00 1.33e-07 1.13e+00  -4.0 1.35e-02    -  1.00e+00 1.00e+00H  1
 931  5.1210657e+00 6.47e-06 2.01e+00  -4.1 1.89e-02    -  1.00e+00 1.00e+00h  1
 932  5.1210300e+00 1.96e-06 1.23e+00  -4.1 1.11e-02    -  1.00e+00 1.00e+00h  1
 933  5.1210633e+00 2.06e-06 1.27e+00  -4.1 1.10e-02    -  1.00e+00 1.00e+00h  1
 934  5.1210518e+00 8.25e-07 3.93e-01  -4.1 6.17e-03    -  1.00e+00 1.00e+00h  1
 935  5.1210847e+00 4.25e-08 1.11e-01  -4.1 6.66e-04    -  1.00e+00 1.00e+00h  1
 936  5.1240168e+00 5.26e-06 5.48e-01  -4.0 1.52e-02    -  1.00e+00 1.00e+00h  1
 937  5.1209927e+00 6.89e-06 1.54e+00  -4.1 1.81e-02    -  1.00e+00 1.00e+00h  1
 938  5.1207942e+00 4.35e-06 3.24e+00  -4.1 1.56e-02    -  1.00e+00 1.00e+00h  1
 939  5.1210816e+00 1.99e-06 1.17e+00  -4.1 9.26e-03    -  1.00e+00 1.00e+00h  1
iter    objective    inf_pr   inf_du lg(mu)  ||d||  lg(rg) alpha_du alpha_pr  ls
 940  5.1210905e+00 9.93e-07 6.56e-01  -4.1 7.06e-03    -  1.00e+00 1.00e+00h  1
 941  5.1211010e+00 2.03e-07 1.80e-01  -4.1 3.14e-03    -  1.00e+00 1.00e+00h  1
 942  5.1211400e+00 1.12e-07 1.20e-01  -4.1 8.69e-04    -  1.00e+00 1.00e+00h  1
 943  5.1211398e+00 1.81e-09 1.41e-01  -4.1 6.17e-04    -  1.00e+00 1.00e+00H  1
 944  5.1227666e+00 2.78e-06 1.45e+00  -4.0 6.62e-03    -  1.00e+00 1.00e+00f  1
 945  5.1213487e+00 1.85e-06 3.80e-01  -4.1 6.70e-03    -  1.00e+00 1.00e+00h  1
 946  5.1210445e+00 1.03e-05 2.29e+00  -4.1 2.49e-02    -  1.00e+00 1.00e+00h  1
 947  5.1210743e+00 5.83e-06 3.73e-01  -4.1 1.97e-02    -  1.00e+00 1.00e+00h  1
 948  5.1211375e+00 3.71e-07 4.77e-01  -4.1 3.98e-03    -  1.00e+00 1.00e+00h  1
 949  5.1210899e+00 1.49e-07 7.90e-02  -4.1 2.43e-03    -  1.00e+00 1.00e+00h  1
iter    objective    inf_pr   inf_du lg(mu)  ||d||  lg(rg) alpha_du alpha_pr  ls
 950  5.1211002e+00 6.54e-09 5.88e-02  -4.1 2.29e-04    -  1.00e+00 1.00e+00h  1
 951  5.1232630e+00 4.46e-06 1.11e+00  -4.0 1.07e-02    -  1.00e+00 1.00e+00h  1
 952  5.1212027e+00 2.33e-07 7.38e-01  -4.1 1.24e-02    -  1.00e+00 1.00e+00H  1
 953  5.1204289e+00 1.52e-05 5.78e+00  -4.1 3.36e-02    -  1.00e+00 1.00e+00h  1
 954  5.1205273e+00 1.20e-05 5.40e-01  -4.1 3.09e-02    -  1.00e+00 1.00e+00h  1
 955  5.1206907e+00 1.37e-07 4.90e-01  -4.1 2.10e-03    -  1.00e+00 1.00e+00h  1
 956  5.1234124e+00 5.14e-06 8.40e-01  -4.0 1.45e-02    -  1.00e+00 1.00e+00h  1
 957  5.1212058e+00 4.78e-07 2.04e+00  -4.1 1.65e-02    -  1.00e+00 1.00e+00H  1
 958  5.1209917e+00 5.94e-06 2.75e+00  -4.1 1.84e-02    -  1.00e+00 1.00e+00h  1
 959  5.1208960e+00 6.46e-06 7.70e-01  -4.1 1.78e-02    -  1.00e+00 1.00e+00h  1
iter    objective    inf_pr   inf_du lg(mu)  ||d||  lg(rg) alpha_du alpha_pr  ls
 960  5.1209856e+00 2.56e-07 4.15e-01  -4.1 2.59e-03    -  1.00e+00 1.00e+00h  1
 961  5.1238490e+00 6.46e-06 7.96e-01  -4.0 1.67e-02    -  1.00e+00 1.00e+00h  1
 962  5.1211342e+00 1.08e-05 2.73e+00  -4.1 2.33e-02    -  1.00e+00 1.00e+00h  1
 963  5.1209142e+00 1.10e-05 6.16e+00  -4.1 2.72e-02    -  1.00e+00 1.00e+00h  1
 964  5.1205798e+00 1.34e-05 1.28e+00  -4.1 2.81e-02    -  1.00e+00 1.00e+00h  1
 965  5.1210666e+00 4.34e-06 2.53e+00  -4.1 1.52e-02    -  1.00e+00 1.00e+00h  1
 966  5.1209198e+00 2.64e-06 4.80e-01  -4.1 1.01e-02    -  1.00e+00 1.00e+00h  1
 967  5.1210288e+00 3.39e-07 5.40e-01  -4.1 2.50e-03    -  1.00e+00 1.00e+00h  1
 968  5.1211217e+00 9.41e-08 5.54e-01  -4.1 2.34e-03    -  1.00e+00 1.00e+00H  1
 969  5.1211434e+00 9.86e-08 1.36e+00  -4.1 6.37e-03    -  1.00e+00 1.00e+00H  1
iter    objective    inf_pr   inf_du lg(mu)  ||d||  lg(rg) alpha_du alpha_pr  ls
 970  5.1211183e+00 7.12e-08 1.57e+00  -4.1 4.65e-03    -  1.00e+00 1.00e+00H  1
 971  5.1210936e+00 8.55e-08 5.87e-01  -4.1 7.02e-03    -  1.00e+00 1.00e+00H  1
 972  5.1211254e+00 6.26e-08 1.81e-01  -4.1 3.02e-03    -  1.00e+00 1.00e+00H  1
 973  5.1210952e+00 1.52e-07 5.33e-01  -4.1 3.69e-03    -  1.00e+00 1.00e+00H  1
 974  5.1211708e+00 2.89e-08 8.51e+00  -4.1 4.21e-02    -  1.00e+00 1.00e+00H  1
 975  5.1211707e+00 2.89e-08 8.62e+00  -4.1 1.34e-01    -  1.00e+00 2.44e-04h 13
 976  5.1199826e+00 2.66e-03 8.28e+01  -4.1 3.86e-01    -  1.00e+00 1.00e+00h  1
 977  5.0985237e+00 5.08e-04 6.56e+01  -4.1 1.52e-01    -  5.66e-01 1.00e+00h  1
 978  5.1125405e+00 3.39e-04 2.44e+01  -4.1 1.66e-01    -  1.00e+00 9.03e-01H  1
 979  5.1121705e+00 3.24e-04 2.14e+01  -4.1 2.35e-01    -  5.31e-01 2.50e-01h  3
iter    objective    inf_pr   inf_du lg(mu)  ||d||  lg(rg) alpha_du alpha_pr  ls
 980  5.1149417e+00 2.90e-04 2.95e+01  -4.1 1.43e-01    -  1.00e+00 5.00e-01h  2
 981  5.1171397e+00 1.41e-04 1.29e+01  -4.1 9.15e-02    -  1.00e+00 1.00e+00h  1
 982  5.1247328e+00 7.42e-05 1.66e+01  -3.7 4.71e-02    -  1.00e+00 1.00e+00h  1
 983  5.1263795e+00 6.93e-05 8.18e+00  -3.8 5.82e-02    -  1.00e+00 8.01e-01h  1
 984  5.1265621e+00 4.80e-05 2.03e+01  -3.8 4.94e-02    -  1.00e+00 5.00e-01f  2
 985  5.1292923e+00 3.36e-06 6.59e+00  -3.8 4.13e-02    -  1.00e+00 1.00e+00H  1
 986  5.1292290e+00 6.85e-05 1.11e+01  -3.8 7.12e-02    -  1.00e+00 1.00e+00h  1
 987  5.1267444e+00 7.14e-05 2.69e+00  -3.8 6.06e-02    -  1.00e+00 1.00e+00h  1
 988  5.1292698e+00 8.84e-06 4.82e+00  -3.8 2.14e-02    -  1.00e+00 1.00e+00h  1
 989  5.1297731e+00 3.05e-06 2.10e+00  -3.8 1.32e-02    -  1.00e+00 1.00e+00h  1
iter    objective    inf_pr   inf_du lg(mu)  ||d||  lg(rg) alpha_du alpha_pr  ls
 990  5.1309801e+00 1.53e-06 4.16e+00  -3.8 1.76e-02    -  1.00e+00 1.00e+00H  1
 991  5.1308621e+00 5.74e-06 2.02e+00  -3.8 1.47e-02    -  1.00e+00 1.00e+00h  1
 992  5.1312263e+00 2.09e-06 4.12e-01  -3.8 2.91e-03    -  1.00e+00 1.00e+00h  1
 993  5.1317396e+00 1.28e-07 2.50e+00  -3.8 9.98e-03    -  1.00e+00 1.00e+00H  1
 994  5.1319323e+00 5.96e-08 3.30e+00  -3.8 1.35e-02    -  1.00e+00 1.00e+00H  1
 995  5.1317853e+00 3.63e-08 3.27e+00  -3.8 1.24e-02    -  1.00e+00 1.00e+00H  1
 996  5.1315542e+00 1.44e-06 1.57e+00  -3.8 8.30e-03    -  1.00e+00 1.00e+00h  1
 997  5.1318397e+00 5.47e-07 7.70e-01  -3.8 4.29e-03    -  1.00e+00 1.00e+00h  1
 998  5.1318416e+00 1.50e-07 1.59e-01  -3.8 2.75e-03    -  1.00e+00 1.00e+00h  1
 999  5.1319138e+00 8.40e-09 6.27e-01  -3.8 3.27e-03    -  1.00e+00 1.00e+00H  1
iter    objective    inf_pr   inf_du lg(mu)  ||d||  lg(rg) alpha_du alpha_pr  ls
1000  5.1319232e+00 1.37e-07 6.48e+00  -3.8 3.25e-02    -  1.00e+00 3.12e-02h  6

Number of Iterations....: 1000

                                   (scaled)                 (unscaled)
Objective...............:   5.1319232477363661e+00    5.1319232477363661e+00
Dual infeasibility......:   6.4841132526267984e+00    6.4841132526267984e+00
Constraint violation....:   1.3654458008716119e-07    1.3654458008716119e-07
Variable bound violation:   0.0000000000000000e+00    0.0000000000000000e+00
Complementarity.........:   1.6850546834943058e-04    1.6850546834943058e-04
Overall NLP error.......:   6.4841132526267984e+00    6.4841132526267984e+00


Number of objective function evaluations             = 1407
Number of objective gradient evaluations             = 1001
Number of equality constraint evaluations            = 1407
Number of inequality constraint evaluations          = 1407
Number of equality constraint Jacobian evaluations   = 1001
Number of inequality constraint Jacobian evaluations = 1001
Number of Lagrangian Hessian evaluations             = 0
Total seconds in IPOPT                               = 3487.339

EXIT: Maximum Number of Iterations Exceeded.
