This is Ipopt version 3.14.19, running with linear solver MUMPS 5.8.2.

Number of nonzeros in equality constraint Jacobian...:   782909
Number of nonzeros in inequality constraint Jacobian.:     3392
Number of nonzeros in Lagrangian Hessian.............:        0

Total number of variables............................:     2527
                     variables with only lower bounds:        0
                variables with lower and upper bounds:      536
                     variables with only upper bounds:        0
Total number of equality constraints.................:     2430
Total number of inequality constraints...............:      361
        inequality constraints with only lower bounds:        0
   inequality constraints with lower and upper bounds:        0
        inequality constraints with only upper bounds:      361

iter    objective    inf_pr   inf_du lg(mu)  ||d||  lg(rg) alpha_du alpha_pr  ls
   0  3.5678887e-02 6.15e+00 1.00e+00   0.0 0.00e+00    -  0.00e+00 0.00e+00   0
   1  3.5497053e-02 6.11e+00 2.60e+00  -4.0 1.63e+01    -  7.18e-03 6.58e-03h  1
   2  3.5389327e-02 6.09e+00 2.75e+02  -0.2 1.36e+01    -  9.27e-02 3.25e-03h  1
   3  3.9573571e-02 6.04e+00 4.07e+02   0.9 1.20e+02    -  5.09e-03 8.02e-03f  1
   4  4.0087184e-02 6.03e+00 3.02e+02  -4.0 4.07e+01    -  1.28e-02 1.36e-03h  1
   5  4.2049590e-02 6.00e+00 3.60e+03   1.4 5.80e+01    -  1.10e-01 5.07e-03f  1
   6  7.8628987e-02 5.87e+00 3.10e+03   2.0 7.65e+01    -  1.76e-02 2.04e-02f  1
   7  2.2102892e-01 5.65e+00 2.40e+04   2.1 5.47e+01    -  2.97e-01 3.67e-02f  1
   8  5.5551221e-01 5.42e+00 8.65e+04   2.8 9.27e+01    -  3.62e-01 3.57e-02f  1
   9  3.2541642e+00 7.71e+00 8.74e+04   2.8 6.11e+01    -  3.01e-01 2.20e-01h  1
iter    objective    inf_pr   inf_du lg(mu)  ||d||  lg(rg) alpha_du alpha_pr  ls
  10  5.6750858e+00 5.11e+00 1.62e+05   2.8 4.19e+01    -  2.99e-01 3.28e-01h  1
  11  9.6072206e+00 4.69e+00 1.65e+05   2.8 3.84e+01    -  8.36e-01 4.13e-01h  1
  12  1.6323669e+01 5.25e+00 2.79e+05   2.8 3.75e+01    -  5.00e-01 5.74e-01h  1
  13  1.6720202e+01 2.70e+00 3.31e+05   2.7 1.92e+01    -  9.99e-01 5.60e-01h  1
  14  1.6888955e+01 2.06e+00 2.73e+05   2.7 1.22e+01    -  1.00e+00 3.37e-01h  1
  15  1.7747534e+01 1.49e+00 2.82e+05   2.7 1.04e+01    -  9.98e-01 9.08e-01h  1
  16  1.7691036e+01 4.38e-01 2.66e+05   2.2 5.29e+00    -  1.00e+00 1.00e+00h  1
  17  1.6951214e+01 2.25e-01 2.05e+05   1.9 6.00e+00    -  1.00e+00 9.07e-01h  1
  18  1.6697471e+01 9.51e-02 4.06e+05   1.7 4.77e+00    -  9.33e-01 6.58e-01H  1
  19  1.6948289e+01 3.71e-01 6.46e+05   2.2 1.01e+01    -  1.00e+00 5.54e-01f  1
iter    objective    inf_pr   inf_du lg(mu)  ||d||  lg(rg) alpha_du alpha_pr  ls
  20  1.6987429e+01 1.06e-01 4.28e+05   2.1 2.16e+00    -  1.00e+00 1.00e+00f  1
  21  1.6803852e+01 1.11e-01 3.18e+05   1.9 2.16e+00    -  1.00e+00 1.00e+00h  1
  22  1.6423803e+01 4.46e-02 6.03e+05   1.8 2.26e+00    -  9.04e-01 1.00e+00H  1
  23  1.6482399e+01 3.24e-02 7.35e+05   1.8 1.91e+00    -  7.99e-01 1.00e+00H  1
  24  1.7034747e+01 1.44e-01 4.15e+05   2.1 1.97e+00    -  1.00e+00 9.88e-01f  1
  25  1.6728441e+01 3.46e-02 1.76e+05   2.0 1.50e+00    -  4.40e-01 1.00e+00h  1
  26  1.6543381e+01 1.69e-02 4.81e+05   1.3 2.10e+00    -  8.71e-01 6.81e-01H  1
  27  1.6745586e+01 1.42e-01 8.77e+05   1.9 3.38e+00    -  1.00e+00 7.01e-01f  1
  28  1.6605629e+01 1.08e-01 7.88e+05   1.8 1.36e+00    -  3.40e-01 1.00e+00h  1
  29  1.6556738e+01 1.92e-02 2.83e+05   1.8 7.53e-01    -  1.00e+00 1.00e+00h  1
iter    objective    inf_pr   inf_du lg(mu)  ||d||  lg(rg) alpha_du alpha_pr  ls
  30  1.6503642e+01 1.23e-02 2.44e+05   1.3 8.94e-01    -  1.00e+00 9.08e-01H  1
  31  1.6448017e+01 1.24e-02 3.38e+05   1.2 2.22e+00    -  9.82e-01 3.31e-01H  1
  32  1.6438204e+01 1.14e-02 3.58e+05   1.1 2.67e+00    -  1.00e+00 6.73e-02h  4
  33  1.6408808e+01 6.98e-02 8.30e+05   1.3 7.62e+00    -  1.00e+00 1.89e-01f  2
  34  1.6521773e+01 3.44e-01 2.03e+06   2.0 1.29e+01    -  1.00e+00 2.90e-01f  1
  35  1.6653902e+01 3.69e-01 3.50e+06   1.9 6.47e+00    -  8.56e-01 7.25e-01f  1
  36  1.6653064e+01 6.13e-01 4.42e+06   1.9 4.11e+00    -  8.82e-01 8.16e-01f  1
  37  1.6597460e+01 1.61e-01 3.17e+06   1.9 2.09e+00    -  3.97e-01 1.00e+00f  1
  38  1.6555220e+01 1.09e-01 8.39e+05   1.9 1.25e+00    -  8.44e-01 1.00e+00f  1
  39  1.6557194e+01 5.99e-02 6.94e+05   1.9 4.49e+00    -  8.39e-01 8.37e-01H  1
iter    objective    inf_pr   inf_du lg(mu)  ||d||  lg(rg) alpha_du alpha_pr  ls
  40  1.6488567e+01 1.67e-01 1.43e+06   1.9 2.01e+00    -  7.54e-01 8.52e-01f  1
  41  1.6442309e+01 1.10e-01 9.58e+05   1.9 1.68e+00    -  6.74e-01 1.00e+00f  1
  42  1.6415010e+01 2.99e-02 1.21e+06   1.9 1.50e+00    -  4.22e-01 8.54e-01H  1
  43  1.6665450e+01 1.11e-01 1.90e+06   2.8 4.12e+00    -  1.00e+00 4.42e-01f  1
  44  1.6939185e+01 8.37e-02 1.70e+06   2.7 1.87e+00    -  1.00e+00 1.00e+00f  1
  45  1.6661458e+01 4.12e-02 1.48e+06   2.0 3.15e+00    -  6.89e-01 8.91e-01H  1
  46  1.6496830e+01 2.64e-02 3.27e+06   2.0 3.40e+00    -  6.68e-01 1.00e+00H  1
  47  1.6477676e+01 2.34e-02 3.59e+06   2.0 4.05e+00    -  4.22e-01 7.93e-02h  1
  48  1.6401962e+01 3.78e-02 4.19e+06   2.0 3.84e+01    -  1.91e-02 4.21e-02f  4
  49  1.6528634e+01 1.05e+00 8.78e+06   2.8 2.88e+01    -  5.57e-01 2.59e-01f  1
iter    objective    inf_pr   inf_du lg(mu)  ||d||  lg(rg) alpha_du alpha_pr  ls
  50  1.6892849e+01 1.06e+00 8.75e+06   2.5 1.16e+01    -  4.42e-01 4.82e-01h  1
  51  1.6496010e+01 2.00e-01 4.81e+06   2.5 3.31e+00    -  6.12e-01 1.00e+00h  1
  52  1.6163110e+01 2.03e-01 2.96e+06   2.5 2.23e+00    -  6.87e-01 8.86e-01f  1
  53  1.5841085e+01 2.61e-01 4.38e+06   2.7 3.63e+01    -  2.51e-01 1.08e-01f  1
  54  1.5512438e+01 6.62e-01 5.41e+06  -3.4 1.00e+01    -  1.70e-01 4.48e-01h  1
  55  1.5370840e+01 1.04e+00 7.00e+06   2.2 2.15e+01    -  2.03e-01 2.94e-01F  1
  56  1.5448996e+01 6.97e-01 7.03e+06   2.8 6.23e+00    -  5.46e-01 6.34e-01f  1
  57  1.5364083e+01 1.40e+00 8.14e+06   2.8 1.37e+01    -  5.63e-01 6.80e-01f  1
  58  1.5796822e+01 8.63e-01 7.18e+06   2.8 1.06e+01    -  1.00e+00 9.92e-01h  1
  59  1.5614646e+01 6.42e-01 2.08e+06   2.7 5.58e+00    -  8.62e-01 1.00e+00f  1
iter    objective    inf_pr   inf_du lg(mu)  ||d||  lg(rg) alpha_du alpha_pr  ls
  60  1.5269729e+01 1.54e-01 1.79e+06   2.8 2.31e+00    -  9.76e-01 1.00e+00f  1
  61  1.5333501e+01 9.52e-02 1.24e+06   2.7 2.65e+00    -  9.76e-01 1.00e+00H  1
  62  1.5282662e+01 4.12e-02 1.20e+06   2.5 1.28e+00    -  1.00e+00 1.00e+00h  1
  63  1.5431438e+01 1.99e-02 2.63e+06   2.5 3.47e+00    -  1.00e+00 1.00e+00H  1
  64  1.5392787e+01 2.09e-02 2.31e+06   2.1 1.85e+00    -  1.00e+00 5.00e-01h  2
  65  1.5364242e+01 3.54e-02 8.51e+05   2.3 1.64e+00    -  8.56e-01 1.00e+00F  1
  66  1.5302125e+01 4.09e-02 9.24e+05   2.0 2.12e+00    -  9.03e-01 1.00e+00H  1
  67  1.5180993e+01 1.50e-02 5.17e+05   1.9 8.52e-01    -  1.00e+00 1.00e+00H  1
  68  1.5169979e+01 1.95e-02 3.83e+05   1.6 6.47e-01    -  9.41e-01 1.00e+00H  1
  69  1.5171601e+01 6.74e-03 2.81e+05   1.5 3.69e-01    -  1.00e+00 1.00e+00h  1
iter    objective    inf_pr   inf_du lg(mu)  ||d||  lg(rg) alpha_du alpha_pr  ls
  70  1.5122025e+01 4.91e-03 3.02e+05   1.0 5.47e-01    -  1.00e+00 7.28e-01h  1
  71  1.5062877e+01 6.46e-03 6.18e+05   1.2 1.46e+00    -  1.00e+00 2.19e-01f  2
  72  1.5037633e+01 6.26e-03 7.02e+05   1.1 2.49e+00    -  9.13e-01 6.24e-02h  4
  73  1.5012418e+01 6.20e-03 7.24e+05   0.8 3.58e+00    -  5.96e-01 3.41e-02h  5
  74  1.4782444e+01 1.75e-01 2.04e+06   2.5 5.50e+00    -  5.94e-01 3.33e-01f  1
  75  1.4620805e+01 9.51e-02 1.59e+06   2.1 1.10e+00    -  1.00e+00 1.00e+00f  1
  76  1.4433844e+01 3.47e-02 1.17e+06   1.9 9.55e-01    -  1.00e+00 8.89e-01h  1
  77  1.4404593e+01 1.59e-02 1.98e+06   2.0 2.28e+00    -  9.37e-01 1.00e+00H  1
  78  1.4363017e+01 1.25e-02 1.98e+06   2.0 1.31e+00    -  6.61e-01 1.00e+00H  1
  79  1.4679814e+01 2.30e-01 1.54e+06   2.4 1.55e+00    -  1.00e+00 1.00e+00f  1
iter    objective    inf_pr   inf_du lg(mu)  ||d||  lg(rg) alpha_du alpha_pr  ls
  80  1.4842449e+01 8.15e-02 2.18e+06   2.3 1.58e+00    -  1.00e+00 1.00e+00h  1
  81  1.4525540e+01 7.59e-02 3.08e+06   2.3 1.60e+00    -  1.00e+00 1.00e+00H  1
  82  1.4586573e+01 3.17e-02 6.88e+05   2.3 1.34e+00    -  1.00e+00 1.00e+00f  1
  83  1.4579629e+01 1.83e-02 8.69e+05   1.6 7.52e-01    -  9.50e-01 1.00e+00h  1
  84  1.4398989e+01 4.68e-03 8.75e+05   1.6 9.63e-01    -  9.38e-01 1.00e+00H  1
  85  1.4369301e+01 4.70e-03 9.31e+05   1.3 1.16e+00    -  1.00e+00 1.10e-01h  3
  86  1.4527818e+01 5.30e-01 1.46e+06   2.5 8.56e+00    -  8.16e-01 1.98e-01f  1
  87  1.4382251e+01 2.18e-01 1.06e+06   2.3 1.12e+00    -  1.00e+00 1.00e+00f  1
  88  1.4189451e+01 2.88e-02 9.61e+05   1.6 8.08e-01    -  9.45e-01 1.00e+00h  1
  89  1.4003398e+01 8.40e-02 2.57e+06   1.8 1.37e+00    -  1.00e+00 1.00e+00f  1
iter    objective    inf_pr   inf_du lg(mu)  ||d||  lg(rg) alpha_du alpha_pr  ls
  90  1.4151654e+01 2.12e-01 3.42e+06   2.2 2.59e+00    -  1.00e+00 1.00e+00f  1
  91  1.4098065e+01 1.61e-01 4.74e+06   2.1 1.14e+00    -  4.04e-01 1.00e+00h  1
  92  1.4109468e+01 6.79e-02 3.63e+06   2.1 1.29e+00    -  9.68e-01 9.18e-01h  1
  93  1.3831756e+01 2.24e-01 1.62e+06   2.1 2.90e+00    -  7.19e-01 1.00e+00F  1
  94  1.3777143e+01 1.10e-01 1.90e+06   1.9 8.22e-01    -  1.00e+00 1.00e+00h  1
  95  1.4229324e+01 3.90e-01 3.30e+06   2.8 8.50e+00    -  3.64e-01 2.61e-01f  1
  96  1.4448978e+01 5.68e-02 3.64e+06   2.4 1.99e+00    -  8.43e-01 1.00e+00f  1
  97  1.4071160e+01 3.89e-02 3.29e+06   2.4 4.32e+00    -  3.88e-01 9.88e-01H  1
  98  1.4086737e+01 2.53e-02 1.49e+06   2.1 2.06e+00    -  6.18e-01 1.00e+00H  1
  99  1.4375417e+01 3.46e-01 2.37e+06   2.8 1.79e+00    -  1.00e+00 8.34e-01f  1
iter    objective    inf_pr   inf_du lg(mu)  ||d||  lg(rg) alpha_du alpha_pr  ls
 100  1.4531691e+01 8.33e-02 3.75e+06   2.7 1.40e+00    -  1.00e+00 1.00e+00h  1
 101  1.4468943e+01 4.60e-02 3.00e+06   2.0 2.05e+00    -  6.70e-01 1.00e+00H  1
 102  1.4412664e+01 6.01e-02 3.80e+06   2.0 1.92e+00    -  6.71e-01 5.67e-01h  1
 103  1.4340187e+01 3.05e-02 3.75e+06   2.0 1.01e+00    -  1.00e+00 5.00e-01h  2
 104  1.4315364e+01 2.80e-02 3.53e+06   2.0 1.03e+00    -  9.58e-01 4.81e-01h  2
 105  1.4361766e+01 2.87e-02 3.85e+06   2.0 1.43e+02    -  5.82e-02 6.56e-03f  5
 106  1.4365592e+01 1.16e-02 2.50e+06   2.0 8.70e-01    -  1.00e+00 9.22e-01H  1
 107  1.4314822e+01 2.98e-02 7.78e+05   2.0 1.10e+00    -  6.38e-01 8.95e-01F  1
 108  1.4404536e+01 3.23e-01 2.63e+06   2.2 1.64e+00    -  1.00e+00 9.30e-01f  1
 109  1.4636930e+01 1.12e+00 8.39e+06   2.1 2.47e+02    -  1.26e-02 4.03e-02f  2
iter    objective    inf_pr   inf_du lg(mu)  ||d||  lg(rg) alpha_du alpha_pr  ls
 110  1.4515774e+01 6.74e-01 5.02e+06   2.1 5.31e+00    -  1.47e-01 4.53e-01h  1
 111  1.4371926e+01 2.20e-01 3.20e+06   2.1 2.59e+00    -  2.84e-01 7.31e-01h  1
 112  1.4357030e+01 1.39e-01 2.47e+06   2.1 2.69e+00    -  3.00e-01 3.74e-01h  1
 113  1.4472062e+01 1.39e-01 3.01e+06   2.1 1.62e+02    -  3.80e-02 5.32e-03f  4
 114  1.4572842e+01 6.88e-02 2.87e+06   2.1 2.81e+00    -  9.62e-01 4.75e-01h  1
 115  1.4615240e+01 2.44e-02 3.58e+06   2.1 2.62e+00    -  8.33e-01 6.95e-01H  1
 116  1.4525520e+01 1.40e-02 2.01e+06   2.1 3.20e+00    -  4.36e-01 4.18e-01F  1
 117  1.4329831e+01 1.05e-01 3.79e+06   2.1 1.55e+02    -  7.28e-02 2.30e-02f  3
 118  1.3987919e+01 7.01e-02 5.34e+06   2.1 1.61e+01    -  4.02e-01 6.17e-01F  1
 119  1.4028128e+01 6.56e-02 5.10e+06   2.1 5.08e+00    -  1.32e-01 3.13e-01F  1
iter    objective    inf_pr   inf_du lg(mu)  ||d||  lg(rg) alpha_du alpha_pr  ls
 120  1.3960156e+01 5.97e-02 4.42e+06   2.1 3.80e+00    -  1.55e-01 2.85e-01H  1
 121  1.4106186e+01 6.31e-02 3.59e+06   2.1 2.45e+02    -  4.96e-02 5.51e-03f  4
 122  1.4130629e+01 5.37e-02 3.34e+06   2.1 3.01e+00    -  4.70e-01 2.84e-01f  1
 123  1.4154412e+01 5.73e-02 2.95e+06   2.1 1.54e+00    -  1.10e-02 9.22e-01f  1
 124  1.4117465e+01 4.35e-02 2.78e+06   2.1 1.08e+00    -  4.36e-01 3.26e-01h  1
 125  1.4014770e+01 4.16e-02 3.74e+06   2.1 8.80e+01    -  8.70e-02 8.51e-03f  4
 126  1.3889461e+01 4.38e-02 5.05e+06   2.1 1.41e+01    -  1.25e-01 7.62e-02f  3
 127  1.3834530e+01 4.47e-02 5.55e+06   2.1 1.27e+01    -  2.66e-01 3.85e-02f  4
 128  1.3776849e+01 4.59e-02 6.02e+06   2.1 1.19e+01    -  2.77e-01 4.53e-02f  4
 129  1.4015118e+01 1.63e-01 6.84e+06   1.3 1.47e+02    -  4.09e-02 2.56e-02f  3
iter    objective    inf_pr   inf_du lg(mu)  ||d||  lg(rg) alpha_du alpha_pr  ls
 130  1.3904235e+01 7.04e-02 4.73e+06   2.0 1.42e+00    -  1.00e+00 5.27e-01h  1
 131  1.3897716e+01 6.77e-02 4.65e+06   2.0 2.16e+00    -  5.40e-01 3.67e-02h  1
 132  1.3808028e+01 4.07e-02 3.54e+06   2.0 2.10e+00    -  9.83e-01 5.61e-01h  1
 133  1.3760559e+01 5.40e-02 4.65e+06   2.0 2.33e+02    -  3.53e-02 6.63e-03f  4
 134  1.3683702e+01 5.65e-02 3.81e+06   2.2 2.85e+00    -  6.30e-01 5.60e-01f  1
 135  1.3699925e+01 2.87e-01 2.14e+06   2.8 2.56e+00    -  7.61e-02 4.78e-01f  1
 136  1.3695884e+01 1.26e-01 1.96e+06   2.2 1.62e+00    -  3.09e-02 4.89e-01h  1
 137  1.3875437e+01 1.31e-01 3.98e+06   2.2 1.96e+02    -  8.33e-02 1.03e-02f  4
 138  1.3894842e+01 1.13e-01 3.20e+06   2.2 3.51e+00    -  4.30e-01 2.32e-01h  1
 139  1.3935447e+01 6.85e-02 3.29e+06   2.2 2.88e+00    -  5.83e-01 3.89e-01h  1
iter    objective    inf_pr   inf_du lg(mu)  ||d||  lg(rg) alpha_du alpha_pr  ls
 140  1.3972057e+01 5.18e-02 3.49e+06   2.2 2.34e+00    -  1.00e+00 4.70e-01h  1
 141  1.3954839e+01 5.30e-02 3.30e+06   2.2 2.09e+02    -  5.73e-02 4.22e-03f  4
 142  1.3941206e+01 3.82e-02 2.69e+06   2.2 2.13e+00    -  1.00e+00 3.88e-01h  1
 143  1.3940425e+01 3.71e-02 2.64e+06   2.2 1.46e+00    -  7.41e-01 2.92e-02h  1
 144  1.3937894e+01 3.30e-02 2.48e+06   2.2 1.38e+00    -  1.00e+00 1.16e-01h  1
 145  1.4019995e+01 3.51e-02 3.04e+06   2.2 1.30e+02    -  5.98e-02 5.22e-03f  5
 146  1.4019921e+01 1.16e-02 2.48e+06   2.2 2.04e+00    -  5.23e-01 1.00e+00F  1
 147  1.4061258e+01 1.63e-01 3.38e+06   2.7 1.91e+00    -  7.80e-01 1.00e+00f  1
 148  1.3991910e+01 3.47e-02 3.46e+06   2.5 2.71e+00    -  1.59e-01 9.70e-01H  1
 149  1.6713098e+01 1.51e+00 1.23e+07   2.8 2.79e+02    -  4.71e-02 5.16e-02f  2
iter    objective    inf_pr   inf_du lg(mu)  ||d||  lg(rg) alpha_du alpha_pr  ls
 150  1.5785696e+01 1.10e+00 8.01e+06   2.5 1.16e+01    -  7.94e-01 4.00e-01f  1
 151  1.4668009e+01 3.79e-01 3.79e+06   2.5 6.75e+00    -  2.19e-01 1.00e+00h  1
 152  1.4572388e+01 1.54e-01 6.14e+06   2.5 2.36e+00    -  9.25e-02 6.23e-01f  1
 153  1.5559231e+01 1.52e+00 8.17e+06   2.5 4.04e+02    -  1.79e-02 3.30e-02f  2
 154  1.5228887e+01 1.14e+00 5.51e+06   2.5 9.89e+00    -  7.55e-02 2.98e-01f  1
 155  1.4822670e+01 6.52e-01 4.72e+06   2.5 8.29e+00    -  4.03e-01 6.64e-01h  1
 156  1.4830540e+01 6.53e-01 4.16e+06   2.5 1.77e+01    -  3.70e-01 2.01e-01h  1
 157  1.4905106e+01 6.13e-01 4.56e+06   2.5 1.69e+01    -  3.73e-01 1.07e-01h  2
 158  1.4958535e+01 5.68e-01 4.79e+06   2.5 1.55e+01    -  7.78e-01 1.70e-01H  1
 159  1.5048160e+01 5.02e-01 6.20e+06   2.5 1.32e+01    -  6.17e-01 1.63e-01h  2
iter    objective    inf_pr   inf_du lg(mu)  ||d||  lg(rg) alpha_du alpha_pr  ls
 160  1.4995322e+01 5.00e-01 4.76e+06   2.5 2.02e+02    -  4.41e-02 5.70e-03f  4
 161  1.4934303e+01 4.37e-01 4.05e+06   2.5 5.88e+00    -  5.67e-01 1.38e-01h  1
 162  1.4832441e+01 3.31e-01 3.60e+06   2.5 4.49e+00    -  7.03e-01 2.58e-01h  1
 163  1.4618251e+01 1.01e-01 3.17e+06   2.5 3.44e+00    -  4.86e-01 6.98e-01h  1
 164  1.4649472e+01 9.98e-02 2.44e+06   2.5 1.36e+02    -  8.64e-02 7.03e-03f  4
 165  1.4571009e+01 1.42e-01 2.16e+06   1.8 5.29e+00    -  5.83e-02 6.56e-01H  1
 166  1.4511211e+01 9.61e-02 1.45e+06   1.8 2.90e+00    -  3.36e-01 3.23e-01h  1
 167  1.4463932e+01 7.37e-02 1.27e+06   1.8 1.57e+00    -  3.97e-01 6.29e-01h  1
 168  1.4560655e+01 8.58e-02 2.04e+06   1.8 1.41e+02    -  5.00e-02 1.51e-02f  4
 169  1.4537099e+01 6.88e-02 2.58e+06   1.8 4.60e+00    -  4.55e-01 2.16e-01h  1
iter    objective    inf_pr   inf_du lg(mu)  ||d||  lg(rg) alpha_du alpha_pr  ls
 170  1.4434704e+01 2.46e-02 2.78e+06   1.8 3.42e+00    -  4.25e-01 5.02e-01H  1
 171  1.4333563e+01 7.86e-03 1.72e+06   1.8 1.74e+00    -  7.48e-01 9.18e-01F  1
 172  1.7397987e+01 1.16e+00 1.67e+07   2.8 1.09e+02    -  1.99e-01 1.20e-01f  1
 173  1.5937576e+01 8.41e-01 4.93e+06   2.2 9.97e+00    -  4.61e-01 7.73e-01h  1
 174  1.5546724e+01 6.03e-01 3.28e+06   2.2 6.11e+00    -  3.31e-01 3.32e-01h  1
 175  1.5342281e+01 4.96e-01 1.98e+06   2.2 6.03e+00    -  2.63e-01 2.23e-01h  1
 176  1.5160785e+01 3.73e-01 1.77e+06   2.2 2.79e+00    -  7.16e-01 2.72e-01f  1
 177  1.4753942e+01 3.25e-01 3.45e+06   2.2 3.77e+00    -  3.57e-01 6.76e-01h  1
 178  1.4657242e+01 3.09e-01 4.74e+06   2.2 1.56e+01    -  2.59e-01 8.59e-02h  2
 179  1.4573207e+01 3.00e-01 5.40e+06   2.2 1.92e+01    -  2.36e-01 4.34e-02h  3
iter    objective    inf_pr   inf_du lg(mu)  ||d||  lg(rg) alpha_du alpha_pr  ls
 180  1.4467731e+01 2.84e-01 6.00e+06   2.2 1.56e+01    -  4.50e-01 6.63e-02h  3
 181  1.4349560e+01 2.64e-01 6.78e+06   2.2 1.24e+01    -  3.19e-01 9.01e-02h  3
 182  1.4377207e+01 2.61e-01 7.43e+06   2.2 1.31e+02    -  6.16e-02 1.38e-02f  4
 183  1.4235903e+01 5.44e-02 3.19e+06   2.2 2.23e+00    -  9.82e-01 8.45e-01h  1
 184  1.4122665e+01 3.70e-02 2.79e+06   2.2 2.75e+00    -  7.24e-01 4.22e-01h  1
 185  1.3921759e+01 4.18e-02 1.75e+06   2.2 9.81e-01    -  7.07e-01 1.00e+00f  1
 186  1.3922976e+01 4.20e-02 1.79e+06   2.2 8.03e+01    -  1.10e-01 2.10e-03h  6
 187  1.3849354e+01 4.89e-02 2.13e+06   2.2 5.90e+00    -  4.03e-01 1.47e-01f  3
 188  1.3833322e+01 5.07e-02 2.51e+06   2.2 2.76e+01    -  1.31e-01 1.68e-02f  4
 189  1.3825516e+01 6.37e-02 4.03e+06   2.2 2.16e+01    -  1.35e-01 4.37e-02f  3
iter    objective    inf_pr   inf_du lg(mu)  ||d||  lg(rg) alpha_du alpha_pr  ls
 190  1.3845948e+01 6.54e-02 5.07e+06   2.2 4.92e+01    -  1.02e-01 1.16e-02f  5
 191  1.3855894e+01 6.56e-02 5.45e+06   2.2 3.51e+01    -  1.35e-01 6.50e-03f  6
 192  1.3862014e+01 6.55e-02 5.68e+06   2.2 3.40e+01    -  7.36e-02 4.06e-03f  7
 193  1.3868355e+01 6.55e-02 5.94e+06   2.2 3.39e+01    -  1.83e-01 4.55e-03f  7
 194  1.3867971e+01 6.51e-02 6.28e+06   2.2 5.80e+01    -  5.58e-02 7.54e-03f  6
 195  1.3726822e+01 4.32e-01 4.78e+06   2.2 7.65e+00    -  8.26e-01 9.68e-01F  1
 196  1.3772521e+01 2.37e-01 2.74e+06   2.2 9.14e+00    -  3.26e-01 4.20e-01f  1
 197  1.3902285e+01 1.71e-01 3.20e+06   2.2 7.39e+00    -  2.94e-01 2.89e-01h  1
 198  1.3977955e+01 1.82e-01 3.70e+06   2.2 1.51e+02    -  1.44e-01 8.64e-03h  1
 199  1.4199774e+01 1.30e-01 3.89e+06   2.2 5.05e+00    -  4.19e-01 4.54e-01f  1
iter    objective    inf_pr   inf_du lg(mu)  ||d||  lg(rg) alpha_du alpha_pr  ls
 200  1.4355672e+01 7.34e-02 4.05e+06   2.2 2.96e+00    -  1.59e-01 4.62e-01f  1
 201  1.4490977e+01 7.27e-02 3.11e+06   2.2 1.76e+00    -  7.00e-01 7.63e-01f  1
 202  1.4672655e+01 1.98e-01 6.99e+06   2.2 1.71e+02    -  6.11e-02 2.60e-02f  2
 203  1.4701665e+01 1.29e-01 6.38e+06   2.2 6.24e+00    -  5.23e-01 4.24e-01H  1
 204  1.4711332e+01 1.13e-01 6.02e+06   2.2 3.58e+00    -  6.94e-01 1.60e-01h  1
 205  1.4670865e+01 2.52e-02 3.56e+06   2.2 3.16e+00    -  6.00e-01 6.26e-01H  1
 206  1.4707015e+01 2.93e-02 4.52e+06   2.2 1.49e+02    -  9.66e-02 1.31e-02f  3
 207  1.4628756e+01 2.67e-02 1.66e+06   2.2 1.13e+00    -  1.00e+00 1.00e+00f  1
 208  1.4608945e+01 1.44e-02 1.30e+06   2.2 1.33e+00    -  7.04e-01 6.39e-01H  1
 209  1.4618147e+01 2.26e-02 1.54e+06   2.2 1.00e+00    -  1.00e+00 1.00e+00f  1
iter    objective    inf_pr   inf_du lg(mu)  ||d||  lg(rg) alpha_du alpha_pr  ls
 210  1.4534613e+01 5.27e-02 1.54e+06   2.2 1.64e+02    -  6.39e-02 1.39e-02f  4
 211  1.4573025e+01 2.60e-02 1.15e+06   2.2 1.58e+00    -  9.18e-01 5.33e-01f  1
 212  1.4594360e+01 1.10e-02 8.77e+05   1.5 1.45e+00    -  6.18e-01 8.06e-01h  1
 213  1.4624252e+01 5.42e-03 9.29e+05   1.5 8.86e-01    -  4.63e-01 7.78e-01H  1
 214  1.4571074e+01 1.10e-02 1.17e+06   1.5 1.01e+02    -  6.51e-02 1.08e-02f  3
 215  1.4570067e+01 7.01e-03 6.81e+05   1.5 4.84e-01    -  8.48e-01 1.00e+00h  1
 216  1.4535933e+01 6.61e-03 1.02e+06   1.5 7.44e-01    -  1.00e+00 7.75e-01H  1
 217  1.4518138e+01 7.30e-03 9.17e+05   1.5 4.75e-01    -  1.00e+00 8.82e-01H  1
 218  1.4499172e+01 7.23e-03 5.90e+05   0.6 3.74e-01    -  8.80e-01 7.56e-01H  1
 219  1.4482909e+01 7.06e-03 3.62e+05   0.0 2.21e-01    -  8.98e-01 8.47e-01H  1
iter    objective    inf_pr   inf_du lg(mu)  ||d||  lg(rg) alpha_du alpha_pr  ls
 220  1.4534211e+01 7.63e-02 3.34e+06   2.2 7.73e+01    -  1.13e-01 1.72e-02f  1
 221  1.4480597e+01 2.44e-02 1.33e+06   1.2 8.70e-01    -  1.37e-01 1.00e+00f  1
 222  1.4462067e+01 9.75e-03 4.66e+05   1.2 2.24e-01    -  1.00e+00 6.36e-01h  1
 223  1.4455896e+01 9.68e-03 5.50e+05   1.2 2.62e+00    -  2.04e-01 2.14e-02f  3
 224  1.4436100e+01 9.47e-03 7.65e+05   1.2 2.81e+00    -  6.66e-01 5.17e-02f  3
 225  1.4397571e+01 2.46e-02 1.72e+06   1.2 2.34e+01    -  2.93e-02 2.67e-02f  3
 226  1.4374287e+01 3.01e-02 2.12e+06   1.2 1.65e+01    -  8.86e-02 1.75e-02f  4
 227  1.4354463e+01 3.39e-02 2.48e+06   1.2 1.25e+01    -  7.28e-02 2.09e-02f  4
 228  1.4335256e+01 3.67e-02 2.82e+06   1.2 1.10e+01    -  1.83e-01 2.26e-02f  4
 229  1.4322435e+01 3.80e-02 3.14e+06   1.2 6.29e+01    -  3.01e-02 6.20e-03f  5
iter    objective    inf_pr   inf_du lg(mu)  ||d||  lg(rg) alpha_du alpha_pr  ls
 230  1.4281284e+01 6.42e-03 1.71e+06   1.2 1.39e+00    -  1.00e+00 8.51e-01H  1
 231  1.4224399e+01 5.91e-03 1.61e+06   1.3 9.80e-01    -  1.00e+00 5.32e-01F  1
 232  1.4218827e+01 5.79e-03 1.50e+06   1.2 8.96e-01    -  9.16e-01 1.00e+00H  1
 233  1.4214060e+01 5.76e-03 1.76e+06   0.9 9.46e-01    -  1.00e+00 1.33e-01h  3
 234  1.4175112e+01 3.59e-02 2.74e+06   1.5 3.64e+00    -  1.00e+00 1.55e-01f  2
 235  1.4165771e+01 3.46e-02 3.02e+06   1.4 1.98e+00    -  6.65e-01 8.77e-02f  3
 236  1.4132302e+01 3.46e-02 3.21e+06   1.4 4.73e+00    -  3.71e-01 9.29e-02f  3
 237  1.4099842e+01 3.30e-02 3.69e+06   1.4 3.04e+00    -  9.29e-01 2.23e-01f  2
 238  1.4054392e+01 3.56e-02 2.94e+06   1.4 1.91e+00    -  9.71e-01 5.56e-01H  1
 239  1.4045684e+01 2.95e-02 2.99e+06   1.4 2.58e+00    -  3.98e-01 1.06e-01h  3
iter    objective    inf_pr   inf_du lg(mu)  ||d||  lg(rg) alpha_du alpha_pr  ls
 240  1.4054035e+01 2.94e-02 3.16e+06   1.4 5.21e+01    -  1.14e-01 1.07e-02f  4
 241  1.4044641e+01 5.59e-03 7.30e+05   1.4 4.32e-01    -  6.27e-01 1.00e+00H  1
 242  1.4041086e+01 1.63e-02 1.51e+05   1.4 2.94e-01    -  1.00e+00 1.00e+00f  1
 243  1.4043280e+01 5.53e-03 3.81e+05   1.0 1.96e-01    -  1.00e+00 1.00e+00h  1
 244  1.4037864e+01 5.56e-03 3.34e+05   1.2 1.36e-01    -  1.00e+00 1.00e+00f  1
 245  1.4041356e+01 5.52e-03 3.55e+05   0.9 2.60e-01    -  1.00e+00 1.00e+00H  1
 246  1.4099822e+01 1.20e-01 3.27e+06   1.4 7.01e+00    -  4.21e-01 2.99e-01f  1
 247  1.4116639e+01 5.42e-02 3.92e+06   1.1 1.34e+00    -  5.04e-01 6.75e-01h  1
 248  1.4104562e+01 4.06e-02 2.32e+06   1.1 2.87e+00    -  7.99e-02 2.96e-01f  2
 249  1.4111975e+01 3.04e-02 2.44e+06   1.1 1.71e+00    -  3.11e-01 3.35e-01h  1
iter    objective    inf_pr   inf_du lg(mu)  ||d||  lg(rg) alpha_du alpha_pr  ls
 250  1.4111429e+01 2.68e-02 2.42e+06   1.1 1.53e+00    -  9.75e-01 1.88e-01f  1
 251  1.4105557e+01 2.83e-02 2.28e+06   1.1 1.37e+00    -  1.00e+00 4.03e-01f  2
 252  1.4105584e+01 2.83e-02 2.30e+06   1.1 1.08e+02    -  4.01e-02 2.55e-04h  9
 253  1.4076555e+01 4.15e-02 2.53e+06   1.1 2.30e+00    -  7.09e-01 4.03e-01H  1
 254  1.4074581e+01 4.15e-02 2.59e+06   1.1 1.85e+01    -  1.24e-01 2.37e-03h  6
 255  1.4073297e+01 4.15e-02 2.64e+06   1.1 2.24e+01    -  1.67e-01 1.36e-03h  7
 256  1.4071886e+01 4.14e-02 2.70e+06   1.1 1.67e+01    -  2.23e-01 2.15e-03h  7
 257  1.4062790e+01 4.23e-02 3.11e+06   1.1 1.33e+01    -  4.94e-01 2.13e-02f  4
 258  1.4060095e+01 4.23e-02 3.18e+06   1.1 4.02e+01    -  8.46e-02 1.21e-03h  8
 259  1.4046552e+01 4.04e-02 3.37e+06   1.1 4.45e+00    -  8.55e-01 4.45e-02h  5
iter    objective    inf_pr   inf_du lg(mu)  ||d||  lg(rg) alpha_du alpha_pr  ls
 260  1.4029858e+01 3.82e-02 3.60e+06   1.1 4.31e+00    -  5.96e-01 5.49e-02f  5
 261  1.3877354e+01 2.53e-02 3.59e+06   1.1 4.21e+00    -  6.23e-01 8.35e-01H  1
 262  1.4277302e+01 3.47e-01 1.11e+07   2.8 2.04e+02    -  6.83e-02 2.48e-02f  1
 263  1.4088279e+01 2.40e-01 3.94e+06   1.7 4.51e+00    -  9.09e-02 6.17e-01f  1
 264  1.4027588e+01 1.60e-01 2.38e+06   1.7 2.72e+00    -  7.06e-01 3.94e-01h  1
 265  1.3965971e+01 1.32e-01 2.01e+06   1.7 4.17e+00    -  2.76e-01 3.52e-01h  1
 266  1.3934967e+01 7.02e-02 2.85e+06   1.7 1.21e+00    -  5.39e-01 4.95e-01f  1
 267  1.3901485e+01 4.04e-02 2.34e+06   1.7 1.20e+00    -  5.35e-01 4.45e-01f  1
 268  1.3927587e+01 3.73e-02 2.81e+06   1.7 2.32e+00    -  1.85e-01 6.80e-01F  1
 269  1.3927341e+01 3.06e-02 5.04e+06   1.7 3.29e+00    -  3.59e-01 3.38e-01H  1
iter    objective    inf_pr   inf_du lg(mu)  ||d||  lg(rg) alpha_du alpha_pr  ls
 270  1.3925553e+01 3.10e-02 5.36e+06   1.7 1.92e+01    -  1.21e-01 6.20e-03h  5
 271  1.3925364e+01 3.12e-02 5.53e+06   1.7 2.76e+01    -  9.10e-02 2.72e-03h  6
 272  1.3925611e+01 3.20e-02 5.89e+06   1.7 2.41e+01    -  7.01e-02 6.85e-03f  5
 273  1.3926930e+01 3.63e-02 6.66e+06   1.7 2.15e+01    -  9.16e-02 1.65e-02f  4
 274  1.3940375e+01 3.60e-02 6.97e+06   1.7 3.37e+02    -  1.59e-02 1.97e-03f  3
 275  1.3960882e+01 3.38e-02 3.67e+06   1.7 1.25e+00    -  2.92e-01 5.98e-01f  1
 276  1.3959066e+01 2.94e-02 3.09e+06   1.7 1.34e+00    -  4.16e-01 3.23e-01h  1
 277  1.3946979e+01 8.32e-03 1.28e+06   1.7 8.09e-01    -  9.28e-01 8.02e-01F  1
 278  1.5030530e+01 6.66e-01 1.81e+07   2.8 1.32e+02    -  3.77e-02 7.51e-02f  1
 279  1.4498267e+01 4.10e-01 6.92e+06   1.8 7.64e+00    -  6.85e-01 6.66e-01h  1
iter    objective    inf_pr   inf_du lg(mu)  ||d||  lg(rg) alpha_du alpha_pr  ls
 280  1.4409339e+01 3.10e-01 5.74e+06   1.8 4.03e+00    -  2.43e-01 2.65e-01h  1
 281  1.4316355e+01 2.37e-01 4.17e+06   1.8 3.66e+00    -  2.19e-01 2.66e-01h  1
 282  1.4304499e+01 2.37e-01 3.70e+06   1.8 2.80e+02    -  4.34e-02 6.73e-04h  5
 283  1.4191630e+01 6.96e-02 2.26e+06   1.8 2.54e+00    -  1.97e-01 7.67e-01f  1
 284  1.4125230e+01 5.40e-02 1.31e+06   1.8 2.55e+00    -  2.98e-01 2.34e-01f  1
 285  1.4078497e+01 4.44e-02 1.61e+06   1.8 2.50e+00    -  4.79e-01 1.74e-01h  1
 286  1.4041146e+01 3.77e-02 2.59e+06   1.8 2.33e+00    -  6.03e-01 1.55e-01h  1
 287  1.3939702e+01 4.53e-02 4.61e+06   1.8 2.29e+00    -  5.96e-01 4.90e-01h  1
 288  1.3974938e+01 4.57e-02 3.33e+06   1.8 2.59e+02    -  3.40e-02 3.73e-03f  4
 289  1.4006991e+01 5.32e-02 2.62e+06   1.8 3.00e+00    -  2.83e-01 2.18e-01f  1
iter    objective    inf_pr   inf_du lg(mu)  ||d||  lg(rg) alpha_du alpha_pr  ls
 290  1.3992092e+01 1.52e-02 2.03e+06   1.8 1.71e+00    -  6.46e-01 7.87e-01F  1
 291  1.4020441e+01 3.86e-02 2.15e+06   1.8 1.38e+00    -  5.07e-01 1.00e+00f  1
 292  1.4131678e+01 2.08e-01 5.33e+06   1.8 2.17e+02    -  2.66e-02 1.53e-02f  2
 293  1.4100901e+01 1.36e-01 2.61e+06   1.8 2.52e+00    -  1.79e-01 4.50e-01h  1
 294  1.4107970e+01 1.18e-01 2.83e+06   1.8 3.30e+00    -  5.64e-03 3.72e-01f  1
 295  1.4112343e+01 1.12e-01 3.03e+06   1.8 3.19e+00    -  1.16e-01 9.61e-02h  1
 296  1.4160150e+01 8.94e-02 3.77e+06   1.8 8.35e+00    -  2.06e-01 8.80e-02f  2
 297  1.4164730e+01 8.76e-02 3.96e+06   1.8 1.61e+01    -  8.82e-02 1.24e-02f  4
 298  1.4176375e+01 8.26e-02 4.39e+06   1.8 1.52e+01    -  1.37e-01 3.07e-02f  3
 299  1.4192219e+01 7.91e-02 4.81e+06   1.8 1.35e+01    -  1.17e-01 3.31e-02f  3
iter    objective    inf_pr   inf_du lg(mu)  ||d||  lg(rg) alpha_du alpha_pr  ls
 300  1.4182885e+01 1.10e-01 6.64e+06   1.8 1.36e+02    -  3.11e-02 1.74e-02f  2
 301  1.4176113e+01 6.02e-02 4.89e+06   1.8 1.54e+00    -  7.90e-01 4.50e-01h  1
 302  1.4171452e+01 3.43e-02 3.71e+06   1.8 1.09e+00    -  9.44e-01 4.34e-01h  1
 303  1.4171847e+01 3.22e-02 3.63e+06   1.8 1.08e+00    -  1.00e+00 6.07e-02h  1
 304  1.4209626e+01 3.44e-02 3.81e+06   1.8 2.60e+02    -  1.69e-02 2.43e-03f  5
 305  1.4215704e+01 3.20e-02 3.69e+06   1.8 2.31e+00    -  1.00e+00 8.33e-02h  1
 306  1.4180180e+01 3.79e-02 2.39e+06   1.8 2.10e+00    -  7.51e-01 7.43e-01H  1
 307  1.4150363e+01 3.46e-02 2.37e+06   1.8 1.24e+00    -  3.39e-01 9.87e-01f  1
 308  1.4130909e+01 3.47e-02 2.08e+06   1.8 2.80e+02    -  4.22e-02 8.02e-04f  7
 309  1.4064286e+01 5.85e-02 3.09e+06   1.8 6.38e+00    -  4.13e-02 4.15e-01f  1
iter    objective    inf_pr   inf_du lg(mu)  ||d||  lg(rg) alpha_du alpha_pr  ls
 310  1.4038983e+01 6.47e-02 3.06e+06   1.8 1.30e+01    -  4.43e-02 6.67e-02f  2
 311  1.4013687e+01 6.53e-02 3.42e+06   1.8 4.72e+01    -  5.95e-02 7.53e-03f  4
 312  1.3985181e+01 6.73e-02 3.81e+06   1.8 3.21e+01    -  1.28e-01 1.55e-02f  3
 313  1.3956218e+01 6.97e-02 4.16e+06   1.8 2.66e+01    -  6.86e-02 1.63e-02f  4
 314  1.3920589e+01 7.25e-02 4.56e+06   1.8 2.38e+01    -  7.67e-02 2.09e-02f  4
 315  1.3977129e+01 7.33e-02 4.90e+06   1.8 3.87e+02    -  6.44e-03 6.34e-03f  3
 316  1.3958411e+01 4.58e-02 4.10e+06   1.8 2.49e+00    -  3.29e-01 4.55e-01f  1
 317  1.3967733e+01 4.22e-02 3.78e+06   1.8 1.54e+00    -  2.34e-01 2.39e-01f  1
 318  1.3947196e+01 5.17e-02 4.03e+06   1.8 1.44e+00    -  4.24e-01 5.98e-01f  1
 319  1.3941817e+01 5.17e-02 4.06e+06   1.8 1.88e+02    -  2.76e-02 7.62e-04f  6
iter    objective    inf_pr   inf_du lg(mu)  ||d||  lg(rg) alpha_du alpha_pr  ls
 320  1.3908994e+01 5.28e-02 4.96e+06   1.8 2.01e+01    -  1.37e-01 2.90e-02f  2
 321  1.3863110e+01 5.53e-02 6.26e+06   1.8 1.84e+01    -  9.48e-02 4.40e-02f  3
 322  1.3815278e+01 5.74e-02 7.53e+06   1.8 1.64e+01    -  2.56e-01 4.98e-02f  3
 323  1.3697033e+01 1.83e-01 1.17e+07   1.8 1.21e+02    -  1.86e-02 2.14e-02f  2
 324  1.3681944e+01 1.84e-01 1.21e+07   1.8 1.68e+02    -  1.12e-02 1.55e-03f  5
 325  1.3543262e+01 3.41e-01 1.84e+07   2.8 1.51e+02    -  6.09e-02 2.26e-02f  1
 326  1.3173322e+01 5.45e-01 2.38e+07   2.8 4.24e+01    -  1.42e-01 8.53e-02f  1
 327  1.3568066e+01 5.40e-01 2.38e+07  -3.7 3.70e+02    -  2.16e-02 1.08e-02h  1
 328  1.3556007e+01 5.01e-01 2.22e+07   2.1 1.87e+00    -  4.16e-01 7.23e-02h  1
 329  1.3516592e+01 3.08e-01 1.45e+07   2.1 2.26e+00    -  9.64e-01 3.90e-01h  1
iter    objective    inf_pr   inf_du lg(mu)  ||d||  lg(rg) alpha_du alpha_pr  ls
 330  1.3472140e+01 1.54e-01 8.79e+06   2.8 2.42e+00    -  5.67e-01 6.08e-01f  1
 331  1.3463135e+01 1.54e-01 8.95e+06   2.8 1.72e+02    -  7.26e-02 9.11e-04f  7
 332  1.3423587e+01 1.53e-01 9.68e+06   2.0 2.53e+01    -  1.77e-01 1.76e-02h  5
 333  1.3231004e+01 2.56e-01 1.43e+07   2.8 1.77e+01    -  9.44e-03 1.88e-01f  2
 334  1.3162637e+01 2.64e-01 1.55e+07   1.3 1.40e+01    -  2.25e-01 9.54e-02h  2
 335  1.3290458e+01 3.00e-01 1.86e+07   2.8 1.60e+02    -  7.59e-03 2.93e-02f  2
 336  1.3154195e+01 2.44e-01 1.84e+07   2.4 1.31e+01    -  2.95e-01 3.26e-01H  1
 337  1.3285641e+01 3.78e-01 1.88e+07   2.8 8.73e+00    -  4.65e-01 6.42e-01f  1
 338  1.3249078e+01 3.40e-01 1.77e+07   2.6 1.34e+01    -  3.44e-01 1.18e-01h  1
 339  1.3187559e+01 3.44e-01 1.91e+07   2.6 1.34e+02    -  3.88e-02 1.24e-02h  3
iter    objective    inf_pr   inf_du lg(mu)  ||d||  lg(rg) alpha_du alpha_pr  ls
 340  1.2803400e+01 2.82e-01 1.79e+07   2.6 1.51e+01    -  2.07e-01 3.40e-01H  1
 341  1.2638290e+01 2.84e-01 1.43e+07   2.8 5.86e+00    -  5.65e-01 5.26e-01f  1
 342  1.2598985e+01 2.67e-01 1.41e+07   2.8 1.40e+01    -  1.74e-01 6.93e-02h  1
 343  1.2736227e+01 5.23e-01 1.52e+07   2.8 2.70e+02    -  3.61e-02 2.70e-02f  2
 344  1.2690888e+01 4.63e-01 1.39e+07   2.7 9.41e+00    -  5.65e-01 1.32e-01h  1
 345  1.2381307e+01 1.46e-01 9.11e+06   2.7 8.39e+00    -  4.18e-01 7.57e-01H  1
 346  1.2433813e+01 1.96e-01 4.39e+06   2.8 7.14e+00    -  8.14e-02 5.11e-01f  1
 347  1.2723945e+01 3.07e-01 5.42e+06   2.6 2.10e+02    -  5.61e-02 2.45e-02f  2
 348  1.2624937e+01 4.44e-02 4.29e+06   2.6 3.59e+00    -  4.68e-01 9.48e-01H  1
 349  1.2697130e+01 5.71e-02 2.72e+06   2.8 6.03e+00    -  1.72e-01 2.92e-01f  1
iter    objective    inf_pr   inf_du lg(mu)  ||d||  lg(rg) alpha_du alpha_pr  ls
 350  1.2917314e+01 1.21e-01 2.51e+06   2.6 2.26e+00    -  9.26e-02 1.00e+00F  1
 351  1.2957551e+01 1.20e-01 2.38e+06   1.9 1.99e+02    -  8.67e-02 8.37e-03h  5
 352  1.3052415e+01 6.12e-02 2.50e+06   1.9 8.27e+00    -  6.34e-01 6.32e-01H  1
 353  1.3250674e+01 4.25e-02 2.10e+06   1.9 2.81e+00    -  5.08e-01 9.16e-01H  1
 354  1.3309781e+01 4.39e-02 2.62e+06   1.9 1.43e+01    -  2.45e-01 3.93e-02f  3
 355  1.3403499e+01 5.00e-02 3.56e+06   1.9 2.88e+01    -  2.10e-01 2.99e-02f  3
 356  1.3453457e+01 5.37e-02 4.50e+06   1.9 7.23e+01    -  4.45e-02 8.76e-03f  4
 357  1.3518377e+01 5.99e-02 5.56e+06   1.9 5.34e+01    -  1.33e-01 1.51e-02f  4
 358  1.3535357e+01 6.00e-02 5.80e+06   1.9 4.37e+01    -  1.04e-01 4.51e-03f  6
 359  1.3542569e+01 6.00e-02 5.87e+06   1.9 1.53e+02    -  2.65e-02 8.40e-04f  8
iter    objective    inf_pr   inf_du lg(mu)  ||d||  lg(rg) alpha_du alpha_pr  ls
 360  1.4381715e+01 8.18e-01 1.40e+07   1.9 5.30e+01    -  2.94e-02 1.27e-01f  1
 361  1.4464391e+01 7.65e-01 1.41e+07   1.9 1.26e+01    -  1.32e-01 9.12e-02h  1
 362  1.4595879e+01 6.83e-01 1.40e+07   1.9 1.11e+01    -  1.11e-01 1.77e-01h  1
 363  1.5434320e+01 7.66e-01 1.51e+07   1.9 2.31e+02    -  4.52e-02 3.95e-02f  1
 364  1.5197164e+01 5.68e-01 1.21e+07   1.9 5.72e+00    -  8.24e-02 2.68e-01h  1
 365  1.5109195e+01 5.28e-01 1.15e+07   1.9 1.05e+01    -  1.26e-01 7.19e-02h  1
 366  1.5066796e+01 5.09e-01 1.12e+07   1.9 9.96e+00    -  1.14e-01 3.77e-02h  1
 367  1.4945575e+01 4.93e-01 1.12e+07   1.9 1.30e+01    -  1.52e-01 8.32e-02h  1
 368  1.4945441e+01 4.89e-01 1.17e+07   1.9 4.95e+01    -  5.23e-02 1.45e-02h  1
 369  1.4945365e+01 4.72e-01 1.28e+07   1.9 3.51e+01    -  5.19e-02 3.73e-02f  2
iter    objective    inf_pr   inf_du lg(mu)  ||d||  lg(rg) alpha_du alpha_pr  ls
 370  1.4944955e+01 4.51e-01 1.36e+07   1.9 2.62e+01    -  7.49e-02 4.38e-02f  2
 371  1.4955586e+01 4.20e-01 1.43e+07   1.9 2.10e+01    -  6.45e-02 6.36e-02f  2
 372  1.5253700e+01 4.34e-01 1.69e+07   1.9 1.37e+02    -  2.86e-02 1.89e-02f  3
 373  1.5372531e+01 4.50e-01 1.82e+07   1.9 6.31e+01    -  1.02e-01 2.23e-02f  3
 374  1.5496292e+01 4.63e-01 1.94e+07   1.9 4.55e+01    -  1.20e-01 3.35e-02f  3
 375  1.5660475e+01 4.82e-01 2.06e+07   1.9 3.18e+01    -  1.04e-01 6.66e-02f  2
 376  1.5648895e+01 4.80e-01 2.11e+07   1.9 2.08e+02    -  6.56e-02 7.92e-03f  3
 377  1.5504450e+01 3.52e-01 1.59e+07   1.9 3.50e+00    -  3.90e-01 2.81e-01h  1
 378  1.5328328e+01 2.34e-01 1.11e+07   1.9 2.77e+00    -  4.22e-01 3.64e-01h  1
 379  1.5049401e+01 1.11e-01 6.01e+06   1.9 2.78e+00    -  8.82e-01 6.07e-01h  1
iter    objective    inf_pr   inf_du lg(mu)  ||d||  lg(rg) alpha_du alpha_pr  ls
 380  1.4936707e+01 1.33e-01 7.62e+06   1.9 1.29e+02    -  2.23e-02 1.37e-02f  3
 381  1.4781743e+01 1.70e-01 9.08e+06   1.9 3.66e+01    -  1.51e-01 4.85e-02f  3
 382  1.4648698e+01 1.95e-01 1.04e+07   1.9 3.04e+01    -  5.53e-02 5.27e-02f  3
 383  1.4524979e+01 2.12e-01 1.15e+07   1.9 2.48e+01    -  6.93e-02 6.21e-02f  3
 384  1.4449643e+01 2.28e-01 1.29e+07   1.9 1.17e+02    -  2.31e-02 1.03e-02f  3
 385  1.4365889e+01 2.41e-01 1.41e+07   1.9 1.70e+02    -  1.04e-02 5.89e-03f  3
 386  1.4295384e+01 2.51e-01 1.50e+07   1.9 1.50e+02    -  3.06e-02 5.49e-03f  3
 387  1.4262118e+01 2.52e-01 1.54e+07   1.9 1.19e+02    -  4.01e-02 3.30e-03f  4
 388  1.4214332e+01 2.55e-01 1.59e+07   1.9 9.89e+01    -  8.52e-02 7.51e-03f  4
 389  1.4203524e+01 2.55e-01 1.61e+07   1.9 1.33e+02    -  2.02e-02 1.51e-03f  6
iter    objective    inf_pr   inf_du lg(mu)  ||d||  lg(rg) alpha_du alpha_pr  ls
 390  1.4188263e+01 2.55e-01 1.64e+07   1.9 1.26e+02    -  1.86e-02 2.33e-03f  5
 391  1.4170701e+01 2.55e-01 1.67e+07   1.9 1.41e+02    -  6.67e-03 2.12e-03f  5
 392  1.4083594e+01 2.65e-01 1.77e+07   1.9 9.09e+01    -  1.86e-02 1.61e-02f  2
 393  1.3985661e+01 2.70e-01 1.85e+07   1.9 8.51e+01    -  2.88e-02 1.21e-02f  3
 394  1.3863173e+01 2.80e-01 1.94e+07   1.9 7.37e+01    -  3.74e-02 1.76e-02f  3
 395  1.3763038e+01 2.83e-01 2.02e+07   1.9 7.56e+01    -  2.36e-02 1.27e-02f  4
 396  1.3657860e+01 2.85e-01 2.11e+07   1.9 8.60e+01    -  3.18e-02 1.39e-02f  3
 397  1.3636627e+01 2.84e-01 2.13e+07   1.9 9.15e+01    -  2.98e-02 2.49e-03f  6
 398  1.3547333e+01 2.85e-01 2.20e+07   1.9 8.87e+01    -  1.65e-02 1.10e-02f  4
 399  1.3454929e+01 2.88e-01 2.27e+07   1.9 8.88e+01    -  3.62e-02 1.10e-02f  4
iter    objective    inf_pr   inf_du lg(mu)  ||d||  lg(rg) alpha_du alpha_pr  ls
 400  1.3433987e+01 2.88e-01 2.28e+07   1.9 8.29e+01    -  2.25e-02 2.67e-03f  6
 401  1.3396302e+01 2.88e-01 2.31e+07   1.9 7.90e+01    -  9.85e-02 4.92e-03h  5
 402  1.3329970e+01 2.90e-01 2.34e+07   1.9 6.53e+01    -  3.40e-02 1.08e-02f  4
 403  1.3209615e+01 2.99e-01 2.39e+07   1.9 5.93e+01    -  1.74e-02 2.09e-02f  3
 404  1.3076091e+01 3.02e-01 2.48e+07   1.9 6.12e+01    -  4.22e-02 2.14e-02f  3
 405  1.3031809e+01 3.01e-01 2.50e+07   1.9 5.59e+01    -  4.59e-02 6.25e-03h  5
 406  1.2986253e+01 2.99e-01 2.52e+07   1.9 5.22e+01    -  4.77e-02 7.46e-03h  5
 407  1.2928451e+01 2.97e-01 2.54e+07   1.9 4.89e+01    -  4.61e-02 1.17e-02f  4
 408  1.2885305e+01 2.94e-01 2.55e+07   1.9 4.58e+01    -  5.99e-02 8.67e-03f  5
 409  1.2777784e+01 2.91e-01 2.58e+07   1.9 4.71e+01    -  6.31e-02 2.28e-02f  3
iter    objective    inf_pr   inf_du lg(mu)  ||d||  lg(rg) alpha_du alpha_pr  ls
 410  1.2728461e+01 2.88e-01 2.59e+07   1.9 5.26e+01    -  3.89e-02 1.20e-02f  4
 411  1.2661502e+01 2.85e-01 2.60e+07   1.9 4.95e+01    -  7.30e-02 1.47e-02h  4
 412  1.2632547e+01 2.82e-01 2.60e+07   1.9 4.73e+01    -  7.48e-02 9.86e-03h  5
 413  1.2590588e+01 2.80e-01 2.60e+07   1.9 4.59e+01    -  2.14e-01 1.14e-02h  5
 414  1.2506442e+01 3.20e-01 2.59e+07   1.9 4.08e+01    -  9.76e-02 5.59e-02f  3
 415  1.2404755e+01 3.26e-01 2.59e+07   1.9 5.53e+01    -  2.58e-02 1.85e-02f  4
 416  1.2459993e+01 3.28e-01 2.59e+07   1.9 6.61e+01    -  1.08e-01 1.64e-02f  4
 417  1.2495790e+01 3.28e-01 2.58e+07   1.9 5.50e+01    -  5.95e-02 1.70e-02f  4
 418  1.2540392e+01 3.23e-01 2.47e+07   1.9 2.51e+01    -  1.09e-01 6.76e-02h  3
 419  1.2457537e+01 3.06e-01 2.32e+07   1.9 1.65e+01    -  8.03e-02 5.46e-02f  2
iter    objective    inf_pr   inf_du lg(mu)  ||d||  lg(rg) alpha_du alpha_pr  ls
 420  1.2173295e+01 3.74e-01 2.31e+07   1.9 1.66e+02    -  2.34e-02 3.62e-02f  2
 421  1.2102013e+01 2.21e-01 1.44e+07   2.4 1.53e+00    -  6.68e-01 4.13e-01f  1
 422  1.2650455e+01 2.93e-01 1.10e+07   2.8 1.42e+01    -  2.67e-01 3.56e-01f  1
 423  1.2359869e+01 8.06e-02 3.93e+06   2.4 1.79e+00    -  1.00e+00 9.07e-01h  1
 424  1.2133120e+01 1.16e-01 2.58e+06   1.3 3.96e+00    -  4.61e-01 4.26e-01H  1
 425  1.2115788e+01 1.92e-01 2.56e+06   2.8 5.16e+00    -  7.20e-01 2.11e-01f  1
 426  1.2364908e+01 4.15e-01 3.74e+06   2.8 1.32e+01    -  4.91e-01 3.66e-01f  1
 427  1.2796438e+01 1.31e+00 6.90e+06   2.7 8.20e+00    -  8.44e-01 1.00e+00f  1
 428  1.3005076e+01 9.61e-01 7.03e+06   2.7 1.37e+01    -  2.47e-01 3.80e-01h  1
 429  1.2954760e+01 4.81e-01 7.76e+06   2.7 8.97e+00    -  3.07e-01 6.05e-01h  1
iter    objective    inf_pr   inf_du lg(mu)  ||d||  lg(rg) alpha_du alpha_pr  ls
 430  1.3396037e+01 8.28e-01 7.92e+06   2.7 7.08e+00    -  5.13e-01 1.00e+00f  1
 431  1.3485844e+01 8.09e-01 8.32e+06   2.7 1.76e+01    -  3.07e-01 3.31e-01h  1
 432  1.3785414e+01 9.27e-01 8.43e+06   2.7 2.35e+02    -  1.26e-01 3.64e-02f  2
 433  1.3446641e+01 2.68e-01 3.66e+06   2.7 2.29e+00    -  6.69e-01 1.00e+00f  1
 434  1.3248730e+01 1.52e-01 3.04e+06   2.7 4.71e+00    -  1.00e+00 6.33e-01H  1
 435  1.3345140e+01 1.46e-01 2.24e+06   2.7 3.61e+00    -  1.00e+00 1.00e+00f  1
 436  1.3464877e+01 1.38e-01 1.72e+06   2.0 1.53e+01    -  4.52e-01 8.46e-02f  3
 437  1.3564926e+01 1.22e-01 1.67e+06   2.0 7.41e+00    -  4.09e-01 1.39e-01f  3
 438  1.3988302e+01 2.34e-01 2.25e+06   2.0 2.06e+01    -  1.76e-01 1.72e-01f  2
 439  1.4052346e+01 1.87e-01 4.08e+06   2.0 1.10e+01    -  4.67e-01 5.22e-01H  1
iter    objective    inf_pr   inf_du lg(mu)  ||d||  lg(rg) alpha_du alpha_pr  ls
 440  1.4003795e+01 1.66e-01 4.53e+06   2.0 1.10e+01    -  5.80e-01 1.13e-01h  3
 441  1.3951950e+01 1.88e-01 5.32e+06   2.0 3.07e+01    -  3.43e-01 6.90e-02f  3
 442  1.3948752e+01 2.16e-01 6.07e+06   2.0 2.92e+01    -  3.27e-01 6.35e-02f  3
 443  1.4014551e+01 2.47e-01 6.79e+06   2.0 4.32e+01    -  2.84e-01 7.69e-02f  3
 444  1.4059926e+01 2.45e-01 6.83e+06   2.0 3.66e+01    -  1.62e-01 5.19e-02f  4
 445  1.4088189e+01 2.38e-01 7.00e+06   2.0 3.13e+01    -  4.81e-01 5.00e-02f  4
 446  1.4107618e+01 2.29e-01 7.14e+06   2.0 2.49e+01    -  4.09e-01 5.16e-02f  4
 447  1.4214337e+01 2.27e-01 7.89e+06   2.0 1.19e+02    -  8.00e-02 1.67e-02h  4
 448  1.4077871e+01 3.39e-02 1.62e+06   2.0 1.65e+00    -  1.00e+00 1.00e+00h  1
 449  1.4008658e+01 2.80e-02 1.22e+06   2.0 2.37e+00    -  1.00e+00 3.72e-01h  1
iter    objective    inf_pr   inf_du lg(mu)  ||d||  lg(rg) alpha_du alpha_pr  ls
 450  1.3974217e+01 3.76e-02 8.08e+05   2.0 1.72e+00    -  1.00e+00 1.00e+00H  1
 451  1.3954866e+01 1.30e-02 8.45e+05   2.0 1.01e+00    -  1.00e+00 1.00e+00f  1
 452  1.4084490e+01 1.68e-02 1.35e+06   2.0 1.04e+00    -  1.00e+00 1.00e+00f  1
 453  1.4123471e+01 1.15e-02 6.96e+05   2.0 1.76e+00    -  1.00e+00 4.22e-01f  2
 454  1.4171761e+01 6.68e-02 1.10e+06   2.0 2.11e+00    -  1.00e+00 1.00e+00f  1
 455  1.4086954e+01 3.42e-02 1.23e+06   2.0 1.97e+00    -  9.69e-01 1.00e+00h  1
 456  1.4078213e+01 3.48e-02 1.38e+06   2.0 6.78e+00    -  5.98e-01 9.21e-02f  4
 457  1.4079072e+01 4.41e-02 1.77e+06   2.0 7.93e+00    -  5.26e-01 1.61e-01f  3
 458  1.4069444e+01 1.14e-01 2.03e+06   2.0 6.02e+00    -  8.72e-01 2.29e-01f  2
 459  1.4141996e+01 1.50e-01 3.15e+06   2.0 5.55e+01    -  1.86e-01 3.35e-02f  3
iter    objective    inf_pr   inf_du lg(mu)  ||d||  lg(rg) alpha_du alpha_pr  ls
 460  1.4202585e+01 1.38e-01 3.91e+06   2.0 1.50e+01    -  4.35e-01 1.65e-01f  3
 461  1.4251569e+01 1.40e-01 5.05e+06   2.0 4.09e+01    -  1.46e-01 3.14e-02f  3
 462  1.4267932e+01 1.39e-01 5.28e+06   2.0 1.46e+01    -  8.67e-01 5.50e-02f  4
 463  1.4219088e+01 2.81e-02 2.01e+06   2.0 9.71e+00    -  7.80e-01 8.92e-01H  1
 464  1.4191434e+01 2.17e-02 1.83e+06   2.0 3.71e+00    -  3.69e-01 1.79e-01f  2
 465  1.4111835e+01 3.43e-02 1.46e+06   2.0 4.76e+00    -  4.28e-01 3.28e-01f  2
 466  1.4079560e+01 3.22e-02 1.74e+06   2.0 1.15e+01    -  8.14e-01 5.19e-02h  4
 467  1.3864768e+01 3.92e-02 2.02e+06   2.0 6.27e+00    -  6.84e-01 1.00e+00H  1
 468  1.3822853e+01 1.45e-02 2.35e+06   2.0 1.98e+00    -  5.48e-01 1.00e+00H  1
 469  1.3897365e+01 1.31e-01 1.55e+06   2.2 1.30e+00    -  1.00e+00 1.00e+00f  1
iter    objective    inf_pr   inf_du lg(mu)  ||d||  lg(rg) alpha_du alpha_pr  ls
 470  1.3910905e+01 3.86e-02 1.35e+06   2.1 1.04e+00    -  9.95e-01 1.00e+00h  1
 471  1.3864268e+01 4.52e-03 9.06e+05   2.1 1.31e+00    -  1.00e+00 1.00e+00H  1
 472  1.3918601e+01 4.42e-02 7.63e+05   2.4 7.20e-01    -  1.00e+00 1.00e+00f  1
 473  1.3992568e+01 2.66e-02 1.22e+06   2.3 1.22e+00    -  1.00e+00 1.00e+00H  1
 474  1.4021556e+01 1.47e-02 8.61e+05   1.6 5.37e-01    -  8.52e-01 1.00e+00h  1
 475  1.3955556e+01 5.99e-03 5.62e+05   1.6 7.13e-01    -  1.00e+00 1.00e+00H  1
 476  1.3928225e+01 1.47e-02 1.02e+06   1.6 7.12e-01    -  5.48e-01 8.24e-01H  1
 477  1.3964599e+01 4.51e-03 4.75e+05   1.6 2.99e-01    -  1.00e+00 1.00e+00F  1
 478  1.3945752e+01 4.48e-03 2.03e+05   0.9 2.83e-01    -  1.00e+00 1.00e+00H  1
 479  1.3925858e+01 4.47e-03 2.64e+05   0.5 4.37e-01    -  1.00e+00 3.67e-01h  1
iter    objective    inf_pr   inf_du lg(mu)  ||d||  lg(rg) alpha_du alpha_pr  ls
 480  1.3902093e+01 4.48e-03 4.01e+05   0.8 1.52e+00    -  1.00e+00 1.09e-01f  3
 481  1.3765043e+01 4.71e-03 8.91e+05   0.6 1.27e+00    -  9.70e-01 1.00e+00H  1
 482  1.3793603e+01 1.30e-02 5.20e+05   0.9 3.67e-01    -  1.00e+00 1.00e+00f  1
 483  1.3793006e+01 4.55e-03 2.38e+05   0.8 2.15e-01    -  1.00e+00 1.00e+00h  1
 484  1.3771748e+01 4.58e-03 1.91e+05   0.8 1.89e-01    -  1.00e+00 9.44e-01h  1
 485  1.3763676e+01 4.61e-03 2.56e+05   0.8 2.13e-01    -  1.00e+00 1.00e+00F  1
 486  1.3770485e+01 4.58e-03 1.31e+05   0.3 7.36e-02    -  9.67e-01 1.00e+00H  1
 487  1.3775676e+01 4.55e-03 9.05e+04  -0.5 8.28e-02    -  1.00e+00 7.60e-01h  1
 488  1.3773838e+01 4.52e-03 2.84e+05  -1.0 9.79e-02    -  1.00e+00 7.28e-01H  1
 489  1.3774067e+01 4.49e-03 1.75e+05  -2.0 7.27e-02    -  9.73e-01 8.68e-01H  1
iter    objective    inf_pr   inf_du lg(mu)  ||d||  lg(rg) alpha_du alpha_pr  ls
 490  1.3773853e+01 4.48e-03 1.12e+06  -2.5 1.12e-01    -  1.00e+00 2.04e-01h  3
 491  1.3774049e+01 4.48e-03 1.88e+06  -3.0 2.45e-01    -  1.00e+00 2.15e-02h  4
 492  1.3774088e+01 4.48e-03 2.54e+06  -3.0 6.36e-01    -  1.00e+00 1.23e-03h  7
 493r 1.3774088e+01 4.48e-03 1.00e+03  -2.3 0.00e+00    -  0.00e+00 2.89e-07R 21
 494r 1.3774761e+01 4.41e-03 9.48e+02  -0.6 3.85e-01    -  6.56e-01 3.97e-02f  1
 495r 1.3763284e+01 7.17e-03 9.13e+02  -1.4 1.13e+00    -  1.96e-02 4.29e-01f  1
 496r 1.3762061e+01 1.14e-02 8.85e+02  -1.4 1.25e+00    -  3.32e-02 4.79e-02f  1
 497r 1.3762886e+01 1.49e-02 7.56e+02  -1.4 1.37e+00    -  1.27e-01 4.30e-02f  1
 498r 1.3753902e+01 1.85e-02 5.44e+02  -1.4 9.89e-01    -  2.97e-01 2.74e-01f  1
 499r 1.3748419e+01 2.28e-02 4.22e+02  -1.4 4.30e-01    -  8.65e-02 5.51e-01f  1
iter    objective    inf_pr   inf_du lg(mu)  ||d||  lg(rg) alpha_du alpha_pr  ls
 500r 1.3771946e+01 2.46e-02 1.50e+02  -1.4 2.02e-01    -  9.40e-01 6.62e-01f  1
 501r 1.3835753e+01 2.51e-02 1.84e+02  -1.4 7.84e-01    -  6.97e-01 1.00e+00f  1
 502r 1.3868117e+01 2.52e-02 8.14e+01  -1.4 4.39e-01    -  1.00e+00 1.00e+00h  1
 503r 1.3859828e+01 2.53e-02 3.24e+01  -1.4 1.50e-01    -  1.00e+00 1.00e+00h  1
 504r 1.3865810e+01 2.53e-02 1.85e+01  -1.4 8.00e-02    -  1.00e+00 1.00e+00h  1
 505r 1.3873137e+01 2.53e-02 2.38e+01  -1.4 8.71e-02    -  1.00e+00 1.00e+00h  1
 506r 1.3878501e+01 2.53e-02 8.40e+00  -1.4 5.67e-02    -  1.00e+00 1.00e+00h  1
 507r 1.3881947e+01 2.53e-02 5.15e+00  -1.4 3.72e-02    -  1.00e+00 1.00e+00h  1
 508r 1.3884943e+01 2.53e-02 6.17e+00  -1.4 4.65e-02    -  1.00e+00 1.00e+00h  1
 509r 1.3883861e+01 2.53e-02 2.02e+00  -1.4 1.82e-02    -  1.00e+00 1.00e+00h  1
iter    objective    inf_pr   inf_du lg(mu)  ||d||  lg(rg) alpha_du alpha_pr  ls
 510r 1.3867067e+01 2.56e-02 6.58e+01  -2.1 1.94e-01    -  1.00e+00 1.00e+00f  1
 511r 1.3841926e+01 2.54e-02 2.67e+01  -2.8 3.05e-01    -  1.00e+00 7.80e-01f  1
 512r 1.3824359e+01 2.52e-02 3.38e+01  -3.1 5.57e-01    -  1.00e+00 5.40e-01f  1
 513r 1.3805098e+01 2.50e-02 4.88e+01  -3.6 5.07e-01    -  1.00e+00 5.95e-01f  1
 514r 1.3816498e+01 2.50e-02 5.39e+01  -3.9 3.75e-01    -  1.00e+00 8.13e-01f  1
 515r 1.3816482e+01 2.50e-02 5.56e+01  -3.9 3.56e-01    -  1.00e+00 3.07e-01h  1
 516r 1.3808820e+01 2.50e-02 3.96e+01  -3.7 1.41e-01    -  1.00e+00 6.21e-01h  1
 517r 1.3805544e+01 2.50e-02 1.54e+01  -4.0 8.29e-02    -  1.00e+00 1.00e+00h  1
 518r 1.3800064e+01 2.50e-02 1.18e+01  -4.0 1.11e-01    -  1.00e+00 1.00e+00h  1
 519r 1.3789619e+01 2.50e-02 3.52e+01  -4.0 1.74e-01    -  1.00e+00 1.00e+00h  1
iter    objective    inf_pr   inf_du lg(mu)  ||d||  lg(rg) alpha_du alpha_pr  ls
 520r 1.3787068e+01 2.50e-02 2.73e+01  -3.7 1.11e-01    -  1.00e+00 1.00e+00h  1
 521r 1.3800923e+01 2.50e-02 1.44e+01  -3.8 2.22e-01    -  8.65e-01 1.00e+00h  1
 522r 1.3795059e+01 2.50e-02 4.23e+01  -3.8 1.20e-01    -  1.00e+00 1.00e+00h  1
 523r 1.3791053e+01 2.50e-02 1.08e+01  -3.8 1.06e-01    -  1.00e+00 6.99e-01h  1
 524r 1.3794703e+01 2.50e-02 7.74e+00  -3.8 4.39e-02    -  1.00e+00 1.00e+00h  1
 525r 1.3791789e+01 2.50e-02 5.42e+00  -4.0 4.76e-02    -  1.00e+00 1.00e+00h  1
 526r 1.3786518e+01 2.50e-02 2.78e+01  -4.0 1.97e-01    -  1.00e+00 1.00e+00h  1
 527r 1.3789255e+01 2.50e-02 2.68e+01  -4.0 8.41e-02    -  1.00e+00 8.63e-01h  1
 528r 1.3792717e+01 2.50e-02 7.52e+00  -4.0 1.37e-01    -  1.00e+00 1.00e+00h  1
 529r 1.3788327e+01 2.50e-02 8.68e+00  -4.1 9.82e-02    -  1.00e+00 1.00e+00h  1
iter    objective    inf_pr   inf_du lg(mu)  ||d||  lg(rg) alpha_du alpha_pr  ls
 530r 1.3786873e+01 2.50e-02 1.50e+01  -4.0 7.23e-02    -  1.00e+00 1.00e+00h  1
 531r 1.3792471e+01 2.50e-02 4.91e+00  -4.0 1.01e-01    -  1.00e+00 1.00e+00h  1
 532r 1.3791962e+01 2.50e-02 1.97e+01  -4.1 3.78e-02    -  1.00e+00 1.00e+00h  1
 533r 1.3790298e+01 2.50e-02 6.38e+00  -4.0 5.82e-02    -  1.00e+00 1.00e+00h  1
 534r 1.3791890e+01 2.50e-02 5.24e+00  -4.0 6.81e-02    -  1.00e+00 1.00e+00h  1
 535r 1.3792205e+01 2.50e-02 5.55e+00  -4.0 5.98e-02    -  1.00e+00 1.00e+00h  1
 536r 1.3788263e+01 2.50e-02 6.73e+01  -4.0 4.50e-01    -  1.00e+00 1.00e+00H  1
 537r 1.3779274e+01 2.50e-02 5.77e+01  -4.0 1.34e-01    -  1.00e+00 1.00e+00h  1
 538r 1.3797167e+01 2.50e-02 4.50e+01  -4.1 5.09e-01    -  1.00e+00 1.00e+00h  1
 539r 1.3796590e+01 2.50e-02 3.02e+01  -4.1 5.38e-01    -  1.00e+00 7.45e-01h  1
iter    objective    inf_pr   inf_du lg(mu)  ||d||  lg(rg) alpha_du alpha_pr  ls
 540r 1.3782584e+01 2.50e-02 6.39e+01  -3.8 2.26e-01    -  9.89e-01 1.00e+00h  1
 541r 1.3789651e+01 2.50e-02 3.93e+01  -3.9 9.76e-01    -  5.85e-01 5.46e-01h  1
 542r 1.3798716e+01 2.50e-02 4.56e+01  -3.9 2.60e-01    -  6.02e-01 6.72e-01h  1
 543r 1.3793209e+01 2.50e-02 1.73e+01  -3.9 1.49e-01    -  2.86e-01 1.00e+00h  1
 544r 1.3790463e+01 2.50e-02 5.87e+00  -3.9 1.27e-01    -  1.00e+00 1.00e+00h  1
 545r 1.3791899e+01 2.50e-02 2.41e+01  -3.9 2.02e-01    -  1.00e+00 1.00e+00H  1
 546r 1.3797953e+01 2.50e-02 4.59e+01  -3.9 2.71e-01    -  1.00e+00 1.00e+00H  1
 547r 1.3792332e+01 2.50e-02 3.86e+01  -4.0 4.51e-01    -  1.00e+00 1.00e+00f  1
 548r 1.3795869e+01 2.50e-02 8.51e+01  -4.1 3.07e-01    -  5.84e-01 9.04e-01h  1
 549r 1.3796506e+01 2.49e-02 3.35e+01  -4.1 4.54e-01    -  1.00e+00 1.00e+00h  1
iter    objective    inf_pr   inf_du lg(mu)  ||d||  lg(rg) alpha_du alpha_pr  ls
 550r 1.3793108e+01 2.50e-02 1.37e+01  -4.1 2.33e-01    -  1.00e+00 8.44e-01h  1
 551r 1.3789824e+01 2.50e-02 4.26e+01  -4.0 2.35e-01    -  1.00e+00 1.00e+00h  1
 552r 1.3792331e+01 2.50e-02 1.95e+01  -4.1 3.03e-01    -  1.00e+00 1.00e+00h  1
 553r 1.3797477e+01 2.50e-02 6.09e+01  -4.0 1.92e-01    -  1.00e+00 1.00e+00h  1
 554r 1.3791750e+01 2.50e-02 1.95e+01  -4.1 3.10e-01    -  1.00e+00 1.00e+00h  1
 555r 1.3793091e+01 2.50e-02 4.92e+01  -4.1 1.71e-01    -  1.00e+00 1.00e+00h  1
 556r 1.3791860e+01 2.50e-02 2.33e+01  -4.0 2.06e-01    -  1.00e+00 1.00e+00h  1
 557r 1.3799123e+01 2.50e-02 1.15e+02  -4.1 6.96e-01    -  4.98e-01 1.00e+00h  1
 558r 1.3797367e+01 2.50e-02 5.29e+01  -4.1 2.47e-01    -  1.00e+00 1.00e+00h  1
 559r 1.3798245e+01 2.49e-02 3.71e+01  -4.0 4.68e-01    -  1.00e+00 7.98e-01h  1
iter    objective    inf_pr   inf_du lg(mu)  ||d||  lg(rg) alpha_du alpha_pr  ls
 560r 1.3795378e+01 2.50e-02 4.37e+01  -4.1 1.62e-01    -  3.51e-01 1.00e+00h  1
 561r 1.3795358e+01 2.50e-02 1.26e+01  -4.0 1.65e-01    -  1.00e+00 1.00e+00h  1
 562r 1.3793385e+01 2.50e-02 1.60e+01  -4.1 1.14e-01    -  8.93e-01 1.00e+00h  1
 563r 1.3793301e+01 2.50e-02 1.02e+01  -4.0 1.22e-01    -  1.00e+00 1.00e+00h  1
 564r 1.3793199e+01 2.50e-02 1.43e+01  -4.1 1.01e-01    -  1.00e+00 1.00e+00h  1
 565r 1.3793649e+01 2.50e-02 4.88e+00  -4.1 9.74e-02    -  1.00e+00 1.00e+00h  1
 566r 1.3794100e+01 2.50e-02 8.77e+00  -4.0 3.10e-02    -  1.00e+00 1.00e+00h  1
 567r 1.3793730e+01 2.50e-02 4.69e+00  -4.0 7.24e-02    -  1.00e+00 1.00e+00h  1
 568r 1.3794588e+01 2.50e-02 9.74e+00  -4.0 1.73e-02    -  1.00e+00 1.00e+00h  1
 569r 1.3794185e+01 2.50e-02 1.20e+00  -4.0 1.23e-02    -  1.00e+00 1.00e+00h  1
iter    objective    inf_pr   inf_du lg(mu)  ||d||  lg(rg) alpha_du alpha_pr  ls
 570r 1.3794161e+01 2.50e-02 9.88e-01  -4.0 3.14e-03    -  1.00e+00 1.00e+00h  1
 571r 1.3794346e+01 2.50e-02 2.56e+00  -4.0 7.55e-03    -  1.00e+00 1.00e+00H  1
 572r 1.3796698e+01 2.50e-02 1.88e+01  -4.0 6.53e-02    -  1.00e+00 1.00e+00h  1
 573r 1.3798427e+01 2.50e-02 2.29e+01  -4.1 3.36e-02    -  1.00e+00 1.00e+00h  1
 574r 1.3794945e+01 2.50e-02 7.96e+00  -4.0 8.76e-02    -  1.00e+00 1.00e+00h  1
 575r 1.3794667e+01 2.50e-02 2.08e+01  -4.1 3.31e-02    -  1.00e+00 1.00e+00h  1
 576r 1.3795983e+01 2.50e-02 8.25e+00  -4.0 5.05e-02    -  1.00e+00 1.00e+00h  1
 577r 1.3796341e+01 2.50e-02 5.27e+00  -4.1 2.14e-02    -  1.00e+00 1.00e+00h  1
 578r 1.3795594e+01 2.50e-02 3.97e+00  -4.0 2.75e-02    -  1.00e+00 1.00e+00h  1
 579r 1.3796212e+01 2.50e-02 7.27e+00  -4.1 3.47e-02    -  1.00e+00 1.00e+00h  1
iter    objective    inf_pr   inf_du lg(mu)  ||d||  lg(rg) alpha_du alpha_pr  ls
 580r 1.3795047e+01 2.50e-02 8.91e+00  -4.0 3.67e-02    -  1.00e+00 1.00e+00h  1
 581r 1.3796409e+01 2.50e-02 6.04e+00  -4.1 3.25e-02    -  1.00e+00 1.00e+00h  1
 582r 1.3795461e+01 2.50e-02 3.77e+00  -4.0 3.34e-02    -  1.00e+00 1.00e+00h  1
 583r 1.3797499e+01 2.50e-02 1.17e+01  -4.1 7.28e-02    -  1.00e+00 1.00e+00h  1
 584r 1.3795456e+01 2.50e-02 4.18e+00  -4.1 5.84e-02    -  1.00e+00 1.00e+00h  1
 585r 1.3797719e+01 2.50e-02 9.14e+00  -4.1 3.59e-02    -  1.00e+00 1.00e+00h  1
 586r 1.3795994e+01 2.50e-02 9.03e-01  -4.0 2.79e-02    -  1.00e+00 1.00e+00h  1
 587r 1.3796798e+01 2.50e-02 1.99e+00  -4.1 2.21e-02    -  1.00e+00 1.00e+00h  1
 588r 1.3795430e+01 2.50e-02 8.11e+00  -4.1 2.52e-02    -  1.00e+00 1.00e+00h  1
 589r 1.3794256e+01 2.50e-02 6.61e+00  -4.1 2.73e-02    -  1.00e+00 1.00e+00h  1
iter    objective    inf_pr   inf_du lg(mu)  ||d||  lg(rg) alpha_du alpha_pr  ls
 590r 1.3796258e+01 2.50e-02 3.26e+00  -4.0 3.37e-02    -  1.00e+00 1.00e+00h  1
 591r 1.3797140e+01 2.50e-02 1.37e+01  -4.1 6.97e-02    -  1.00e+00 1.00e+00h  1
 592r 1.3795418e+01 2.50e-02 4.44e+00  -4.1 8.50e-02    -  1.00e+00 1.00e+00h  1
 593r 1.3794281e+01 2.50e-02 5.34e+00  -4.1 2.20e-02    -  1.00e+00 1.00e+00h  1
 594r 1.3795706e+01 2.50e-02 1.08e+00  -4.0 1.66e-02    -  1.00e+00 1.00e+00h  1
 595r 1.3796715e+01 2.50e-02 1.82e+00  -4.0 2.05e-02    -  1.00e+00 1.00e+00H  1
 596r 1.3798717e+01 2.50e-02 1.43e+01  -4.1 3.22e-02    -  1.00e+00 1.00e+00f  1
 597r 1.3795602e+01 2.50e-02 4.77e+00  -4.1 5.99e-02    -  1.00e+00 1.00e+00h  1
 598r 1.3795231e+01 2.50e-02 5.09e+00  -4.1 2.08e-02    -  1.00e+00 1.00e+00h  1
 599r 1.3795660e+01 2.50e-02 7.94e-01  -4.0 1.00e-02    -  1.00e+00 1.00e+00h  1
iter    objective    inf_pr   inf_du lg(mu)  ||d||  lg(rg) alpha_du alpha_pr  ls
 600r 1.3797187e+01 2.50e-02 2.21e+00  -4.0 2.62e-02    -  1.00e+00 1.00e+00h  1
 601r 1.3796297e+01 2.50e-02 4.29e+00  -4.1 1.82e-02    -  1.00e+00 1.00e+00h  1
 602r 1.3795852e+01 2.50e-02 1.53e+00  -4.1 3.18e-02    -  1.00e+00 1.00e+00h  1
 603r 1.3795758e+01 2.50e-02 3.78e+00  -4.1 9.18e-03    -  1.00e+00 1.00e+00h  1
 604r 1.3795802e+01 2.50e-02 4.33e-01  -4.0 5.74e-03    -  1.00e+00 1.00e+00h  1
 605r 1.3796794e+01 2.50e-02 1.10e+00  -4.1 2.15e-02    -  1.00e+00 1.00e+00h  1
 606r 1.3795340e+01 2.50e-02 1.57e+00  -4.1 2.19e-02    -  1.00e+00 1.00e+00H  1
 607r 1.3795062e+01 2.50e-02 1.37e+01  -4.0 5.40e-02    -  1.00e+00 1.00e+00f  1
 608r 1.3797201e+01 2.50e-02 6.02e+00  -4.1 8.53e-02    -  1.00e+00 1.00e+00h  1
 609r 1.3797803e+01 2.50e-02 5.65e+00  -4.1 2.98e-02    -  1.00e+00 1.00e+00h  1
iter    objective    inf_pr   inf_du lg(mu)  ||d||  lg(rg) alpha_du alpha_pr  ls
 610r 1.3795319e+01 2.50e-02 3.11e+00  -4.0 2.36e-02    -  1.00e+00 1.00e+00h  1
 611r 1.3797313e+01 2.50e-02 3.82e+00  -4.1 4.16e-02    -  1.00e+00 1.00e+00h  1
 612r 1.3795414e+01 2.50e-02 1.78e+00  -4.1 3.79e-02    -  1.00e+00 1.00e+00h  1
 613r 1.3793039e+01 2.50e-02 3.14e+01  -4.1 6.51e-02    -  1.00e+00 1.00e+00h  1
 614r 1.3796351e+01 2.50e-02 4.46e+00  -4.1 6.82e-02    -  1.00e+00 1.00e+00h  1
 615r 1.3795446e+01 2.50e-02 2.63e+00  -4.0 1.86e-02    -  1.00e+00 1.00e+00h  1
 616r 1.3798066e+01 2.50e-02 4.22e+00  -4.1 3.71e-02    -  1.00e+00 1.00e+00h  1
 617r 1.3795330e+01 2.50e-02 6.26e+00  -4.1 3.39e-02    -  1.00e+00 1.00e+00h  1
 618r 1.3793732e+01 2.50e-02 4.41e+00  -4.1 2.40e-02    -  1.00e+00 1.00e+00h  1
 619r 1.3795685e+01 2.50e-02 2.95e+00  -4.0 2.29e-02    -  1.00e+00 1.00e+00h  1
iter    objective    inf_pr   inf_du lg(mu)  ||d||  lg(rg) alpha_du alpha_pr  ls
 620r 1.3797303e+01 2.50e-02 1.07e+01  -4.1 7.36e-02    -  1.00e+00 1.00e+00h  1
 621r 1.3796070e+01 2.50e-02 8.00e+00  -4.1 5.77e-02    -  1.00e+00 1.00e+00h  1
 622r 1.3789338e+01 2.50e-02 2.86e+01  -4.0 1.63e-01    -  1.00e+00 1.00e+00h  1
 623r 1.3799849e+01 2.50e-02 1.00e+01  -4.1 1.98e-01    -  6.01e-01 1.00e+00h  1
 624r 1.3791320e+01 2.50e-02 1.05e+01  -4.1 7.91e-02    -  1.00e+00 1.00e+00h  1
 625r 1.3793271e+01 2.50e-02 7.38e+00  -4.0 4.36e-02    -  1.00e+00 1.00e+00h  1
 626r 1.3796955e+01 2.50e-02 6.69e+00  -4.1 8.39e-02    -  1.00e+00 1.00e+00h  1
 627r 1.3798367e+01 2.50e-02 1.51e+01  -4.1 6.93e-02    -  1.00e+00 1.00e+00h  1
 628r 1.3795296e+01 2.50e-02 4.11e+00  -4.0 3.73e-02    -  1.00e+00 1.00e+00h  1
 629r 1.3797455e+01 2.50e-02 4.43e+00  -4.1 4.29e-02    -  1.00e+00 1.00e+00h  1
iter    objective    inf_pr   inf_du lg(mu)  ||d||  lg(rg) alpha_du alpha_pr  ls
 630r 1.3793759e+01 2.50e-02 1.15e+01  -4.1 7.45e-02    -  1.00e+00 1.00e+00h  1
 631r 1.3793543e+01 2.50e-02 1.25e+01  -4.1 3.77e-02    -  1.00e+00 1.00e+00h  1
 632r 1.3795682e+01 2.50e-02 2.37e+00  -4.0 4.83e-02    -  1.00e+00 1.00e+00h  1
 633r 1.3797541e+01 2.50e-02 2.72e+00  -4.1 3.12e-02    -  1.00e+00 1.00e+00h  1
 634r 1.3795592e+01 2.50e-02 3.01e+00  -4.1 4.95e-02    -  1.00e+00 1.00e+00h  1
 635r 1.3792065e+01 2.50e-02 8.85e+00  -4.1 5.54e-02    -  1.00e+00 1.00e+00h  1
 636r 1.3795898e+01 2.50e-02 2.50e+00  -4.1 4.78e-02    -  1.00e+00 1.00e+00h  1
 637r 1.3795229e+01 2.50e-02 2.08e+00  -4.0 1.52e-02    -  1.00e+00 1.00e+00h  1
 638r 1.3797897e+01 2.50e-02 4.98e+00  -4.1 4.60e-02    -  1.00e+00 1.00e+00h  1
 639r 1.3796858e+01 2.50e-02 8.06e+00  -4.1 2.44e-02    -  1.00e+00 1.00e+00h  1
iter    objective    inf_pr   inf_du lg(mu)  ||d||  lg(rg) alpha_du alpha_pr  ls
 640r 1.3794854e+01 2.50e-02 3.95e+00  -4.1 4.46e-02    -  1.00e+00 1.00e+00h  1
 641r 1.3795586e+01 2.50e-02 3.24e+00  -4.1 1.08e-02    -  1.00e+00 1.00e+00h  1
 642r 1.3795276e+01 2.50e-02 4.91e-01  -4.0 8.40e-03    -  1.00e+00 1.00e+00h  1
 643r 1.3797053e+01 2.50e-02 2.46e+00  -4.1 3.78e-02    -  1.00e+00 1.00e+00h  1
 644r 1.3795506e+01 2.50e-02 2.45e+00  -4.1 2.94e-02    -  1.00e+00 1.00e+00h  1
 645r 1.3794361e+01 2.50e-02 7.67e+00  -4.1 4.97e-02    -  1.00e+00 1.00e+00h  1
 646r 1.3795104e+01 2.50e-02 3.88e+00  -4.1 3.20e-02    -  1.00e+00 1.00e+00h  1
 647r 1.3796396e+01 2.50e-02 8.67e+00  -4.0 3.40e-02    -  1.00e+00 1.00e+00h  1
 648r 1.3797118e+01 2.50e-02 3.92e+00  -4.1 1.89e-02    -  1.00e+00 1.00e+00h  1
 649r 1.3794726e+01 2.50e-02 4.20e+00  -4.1 5.13e-02    -  1.00e+00 1.00e+00h  1
iter    objective    inf_pr   inf_du lg(mu)  ||d||  lg(rg) alpha_du alpha_pr  ls
 650r 1.3795434e+01 2.50e-02 2.71e+00  -4.1 1.25e-02    -  1.00e+00 1.00e+00h  1
 651r 1.3795061e+01 2.50e-02 6.52e-01  -4.1 9.96e-03    -  1.00e+00 1.00e+00h  1
 652r 1.3795073e+01 2.50e-02 6.71e-01  -4.0 2.14e-03    -  1.00e+00 1.00e+00h  1
 653r 1.3796257e+01 2.50e-02 2.09e+00  -4.1 2.83e-02    -  1.00e+00 1.00e+00f  1
 654r 1.3795606e+01 2.50e-02 1.68e+00  -4.1 2.13e-02    -  1.00e+00 1.00e+00h  1
 655r 1.3793037e+01 2.50e-02 1.07e+01  -4.1 5.43e-02    -  1.00e+00 1.00e+00h  1
 656r 1.3794646e+01 2.50e-02 3.72e+00  -4.1 4.40e-02    -  1.00e+00 1.00e+00h  1
 657r 1.3797332e+01 2.50e-02 1.45e+01  -4.0 5.93e-02    -  1.00e+00 1.00e+00h  1
 658r 1.3797089e+01 2.50e-02 4.67e+00  -4.1 3.31e-02    -  1.00e+00 1.00e+00h  1
 659r 1.3794345e+01 2.50e-02 6.58e+00  -4.0 4.94e-02    -  1.00e+00 1.00e+00h  1
iter    objective    inf_pr   inf_du lg(mu)  ||d||  lg(rg) alpha_du alpha_pr  ls
 660r 1.3797286e+01 2.50e-02 5.64e+00  -4.1 7.45e-02    -  1.00e+00 1.00e+00h  1
 661r 1.3795583e+01 2.50e-02 4.29e+00  -4.1 4.88e-02    -  1.00e+00 1.00e+00h  1
 662r 1.3794026e+01 2.50e-02 3.81e+00  -4.1 4.33e-02    -  1.00e+00 1.00e+00h  1
 663r 1.3795412e+01 2.50e-02 5.19e+00  -4.0 2.84e-02    -  1.00e+00 1.00e+00h  1
 664r 1.3800477e+01 2.50e-02 1.72e+01  -4.1 1.11e-01    -  1.00e+00 1.00e+00h  1
 665r 1.3795307e+01 2.50e-02 3.98e+00  -4.1 1.08e-01    -  1.00e+00 1.00e+00h  1
 666r 1.3796649e+01 2.50e-02 2.41e+01  -4.1 9.08e-02    -  1.00e+00 1.00e+00h  1
 667r 1.3796909e+01 2.50e-02 4.11e+00  -4.0 9.84e-02    -  1.00e+00 1.00e+00h  1
 668r 1.3796465e+01 2.50e-02 2.26e+00  -4.1 7.34e-03    -  1.00e+00 1.00e+00h  1
 669r 1.3795352e+01 2.50e-02 2.40e+00  -4.1 2.31e-02    -  1.00e+00 1.00e+00h  1
iter    objective    inf_pr   inf_du lg(mu)  ||d||  lg(rg) alpha_du alpha_pr  ls
 670r 1.3793548e+01 2.50e-02 9.80e+00  -4.1 3.49e-02    -  1.00e+00 1.00e+00h  1
 671r 1.3795464e+01 2.50e-02 3.09e+00  -4.1 4.25e-02    -  1.00e+00 1.00e+00h  1
 672r 1.3794786e+01 2.50e-02 1.30e+00  -4.1 1.88e-02    -  1.00e+00 1.00e+00h  1
 673r 1.3794538e+01 2.50e-02 1.82e+00  -4.1 1.15e-02    -  1.00e+00 1.00e+00h  1
 674r 1.3795110e+01 2.50e-02 6.64e-01  -4.1 1.20e-02    -  1.00e+00 1.00e+00h  1
 675r 1.3794757e+01 2.50e-02 5.76e-01  -4.1 5.68e-03    -  1.00e+00 1.00e+00h  1
 676r 1.3795019e+01 2.50e-02 2.06e+00  -4.0 4.47e-03    -  1.00e+00 1.00e+00f  1
 677r 1.3796863e+01 2.50e-02 3.23e+00  -4.1 4.70e-02    -  1.00e+00 1.00e+00h  1
 678r 1.3795916e+01 2.50e-02 3.65e+00  -4.1 2.54e-02    -  1.00e+00 1.00e+00h  1
 679r 1.3792481e+01 2.50e-02 1.12e+01  -4.1 7.21e-02    -  1.00e+00 1.00e+00h  1
iter    objective    inf_pr   inf_du lg(mu)  ||d||  lg(rg) alpha_du alpha_pr  ls
 680r 1.3793902e+01 2.50e-02 7.40e+00  -4.1 4.97e-02    -  1.00e+00 1.00e+00h  1
 681r 1.3799464e+01 2.50e-02 1.39e+01  -4.1 9.65e-02    -  1.00e+00 1.00e+00H  1
 682r 1.3795175e+01 2.50e-02 4.80e+00  -4.1 9.91e-02    -  1.00e+00 1.00e+00h  1
 683r 1.3792693e+01 2.50e-02 1.06e+01  -4.1 3.56e-02    -  1.00e+00 1.00e+00h  1
 684r 1.3795648e+01 2.50e-02 1.82e+00  -4.0 3.71e-02    -  1.00e+00 1.00e+00h  1
 685r 1.3796673e+01 2.50e-02 1.83e+00  -4.1 2.40e-02    -  1.00e+00 1.00e+00h  1
 686r 1.3794195e+01 2.50e-02 4.36e+00  -4.1 5.06e-02    -  1.00e+00 1.00e+00h  1
 687r 1.3792975e+01 2.50e-02 8.91e+00  -4.1 4.41e-02    -  1.00e+00 1.00e+00h  1
 688r 1.3795604e+01 2.50e-02 2.12e+00  -4.1 4.42e-02    -  1.00e+00 1.00e+00h  1
 689r 1.3794778e+01 2.50e-02 4.86e+00  -4.0 1.09e-02    -  1.00e+00 1.00e+00h  1
iter    objective    inf_pr   inf_du lg(mu)  ||d||  lg(rg) alpha_du alpha_pr  ls
 690r 1.3796836e+01 2.50e-02 2.36e+00  -4.1 3.69e-02    -  1.00e+00 1.00e+00h  1
 691r 1.3794400e+01 2.50e-02 8.48e+00  -4.1 4.28e-02    -  1.00e+00 1.00e+00h  1
 692r 1.3794086e+01 2.50e-02 7.84e+00  -4.1 4.49e-02    -  1.00e+00 1.00e+00h  1
 693r 1.3795281e+01 2.50e-02 3.30e+00  -4.0 4.76e-02    -  1.00e+00 1.00e+00h  1
 694r 1.3797753e+01 2.50e-02 1.39e+01  -4.1 7.50e-02    -  1.00e+00 1.00e+00h  1
 695r 1.3793934e+01 2.50e-02 4.51e+00  -4.1 9.02e-02    -  1.00e+00 1.00e+00h  1
 696r 1.3795061e+01 2.50e-02 9.98e+00  -4.0 4.11e-02    -  1.00e+00 1.00e+00h  1
 697r 1.3797428e+01 2.50e-02 6.86e+00  -4.1 1.07e-01    -  1.00e+00 1.00e+00h  1
 698r 1.3794238e+01 2.50e-02 8.83e+00  -4.1 6.22e-02    -  1.00e+00 1.00e+00h  1
 699r 1.3790028e+01 2.50e-02 2.52e+01  -4.1 1.27e-01    -  1.00e+00 1.00e+00h  1
iter    objective    inf_pr   inf_du lg(mu)  ||d||  lg(rg) alpha_du alpha_pr  ls
 700r 1.3795739e+01 2.50e-02 8.14e+00  -4.1 1.53e-01    -  1.00e+00 1.00e+00h  1
 701r 1.3794800e+01 2.50e-02 2.12e+01  -4.1 1.23e-01    -  1.00e+00 1.00e+00H  1
 702r 1.3794314e+01 2.50e-02 4.61e+00  -4.1 9.91e-02    -  1.00e+00 1.00e+00h  1
 703r 1.3794642e+01 2.50e-02 2.59e+00  -4.0 3.53e-02    -  1.00e+00 1.00e+00h  1
 704r 1.3800380e+01 2.50e-02 1.60e+01  -4.1 1.10e-01    -  1.00e+00 1.00e+00h  1
 705r 1.3796224e+01 2.50e-02 5.77e+00  -4.1 1.12e-01    -  1.00e+00 1.00e+00h  1
 706r 1.3794565e+01 2.50e-02 3.48e+01  -4.1 7.43e-02    -  1.00e+00 1.00e+00h  1
 707r 1.3796747e+01 2.50e-02 3.66e+00  -4.1 6.55e-02    -  1.00e+00 1.00e+00h  1
 708r 1.3795783e+01 2.50e-02 2.44e+00  -4.0 1.96e-02    -  1.00e+00 1.00e+00h  1
 709r 1.3798966e+01 2.50e-02 1.29e+01  -4.1 7.98e-02    -  1.00e+00 1.00e+00h  1
iter    objective    inf_pr   inf_du lg(mu)  ||d||  lg(rg) alpha_du alpha_pr  ls
 710r 1.3795881e+01 2.50e-02 7.33e+00  -4.1 6.06e-02    -  1.00e+00 1.00e+00h  1
 711r 1.3790490e+01 2.50e-02 2.75e+01  -4.1 1.88e-01    -  1.00e+00 1.00e+00h  1
 712r 1.3793734e+01 2.50e-02 1.28e+01  -4.1 1.48e-01    -  1.00e+00 1.00e+00h  1
 713r 1.3802032e+01 2.50e-02 3.20e+01  -4.1 1.04e-01    -  1.00e+00 1.00e+00H  1
 714r 1.3794427e+01 2.50e-02 1.19e+01  -4.1 1.33e-01    -  1.00e+00 1.00e+00h  1
 715r 1.3792415e+01 2.50e-02 2.44e+01  -4.0 4.28e-02    -  1.00e+00 1.00e+00h  1
 716r 1.3797685e+01 2.50e-02 6.50e+00  -4.1 1.12e-01    -  9.46e-01 1.00e+00h  1
 717r 1.3794087e+01 2.50e-02 7.89e+00  -4.1 7.03e-02    -  1.00e+00 1.00e+00h  1
 718r 1.3790402e+01 2.50e-02 2.53e+01  -4.1 1.11e-01    -  1.00e+00 1.00e+00h  1
 719r 1.3796496e+01 2.50e-02 6.88e+00  -4.1 1.36e-01    -  1.00e+00 1.00e+00h  1
iter    objective    inf_pr   inf_du lg(mu)  ||d||  lg(rg) alpha_du alpha_pr  ls
 720r 1.3792105e+01 2.50e-02 8.79e+00  -4.0 4.23e-02    -  1.00e+00 1.00e+00h  1
 721r 1.3795235e+01 2.50e-02 3.15e+00  -4.1 4.20e-02    -  1.00e+00 1.00e+00h  1
 722r 1.3793398e+01 2.50e-02 5.42e+00  -4.1 4.94e-02    -  1.00e+00 1.00e+00h  1
 723r 1.3790454e+01 2.50e-02 1.61e+01  -4.1 5.85e-02    -  1.00e+00 1.00e+00H  1
 724r 1.3795495e+01 2.50e-02 5.80e+00  -4.1 1.01e-01    -  1.00e+00 1.00e+00h  1
 725r 1.3793794e+01 2.50e-02 1.25e+01  -4.1 3.74e-02    -  1.00e+00 1.00e+00h  1
 726r 1.3793783e+01 2.50e-02 1.08e+00  -4.1 2.79e-02    -  1.00e+00 1.00e+00h  1
 727r 1.3793963e+01 2.50e-02 5.83e-01  -4.0 3.95e-03    -  1.00e+00 1.00e+00h  1
 728r 1.3797489e+01 2.50e-02 8.10e+00  -4.1 7.25e-02    -  1.00e+00 1.00e+00f  1
 729r 1.3794627e+01 2.50e-02 3.31e+00  -4.1 4.76e-02    -  1.00e+00 1.00e+00h  1
iter    objective    inf_pr   inf_du lg(mu)  ||d||  lg(rg) alpha_du alpha_pr  ls
 730r 1.3794455e+01 2.50e-02 1.84e+01  -4.1 6.78e-02    -  1.00e+00 1.00e+00h  1
 731r 1.3796768e+01 2.50e-02 3.82e+00  -4.1 7.01e-02    -  1.00e+00 1.00e+00h  1
 732r 1.3794187e+01 2.50e-02 3.61e+00  -4.0 2.14e-02    -  1.00e+00 1.00e+00h  1
 733r 1.3796697e+01 2.50e-02 3.39e+00  -4.1 3.77e-02    -  1.00e+00 1.00e+00h  1
 734r 1.3794289e+01 2.50e-02 1.02e+01  -4.1 7.77e-02    -  1.00e+00 1.00e+00h  1
 735r 1.3791378e+01 2.50e-02 1.09e+01  -4.1 5.14e-02    -  1.00e+00 1.00e+00h  1
 736r 1.3795535e+01 2.50e-02 6.33e+00  -4.1 8.63e-02    -  1.00e+00 1.00e+00h  1
 737r 1.3791613e+01 2.50e-02 9.46e+00  -4.1 5.14e-02    -  1.00e+00 1.00e+00h  1
 738r 1.3794135e+01 2.50e-02 1.54e+00  -4.1 2.88e-02    -  1.00e+00 1.00e+00h  1
 739r 1.3795204e+01 2.50e-02 3.28e+00  -4.0 1.32e-02    -  1.00e+00 1.00e+00h  1
iter    objective    inf_pr   inf_du lg(mu)  ||d||  lg(rg) alpha_du alpha_pr  ls
 740r 1.3796939e+01 2.50e-02 4.19e+00  -4.1 4.51e-02    -  1.00e+00 1.00e+00h  1
 741r 1.3793822e+01 2.50e-02 4.45e+00  -4.1 5.14e-02    -  1.00e+00 1.00e+00h  1
 742r 1.3792742e+01 2.50e-02 1.31e+01  -4.1 5.38e-02    -  1.00e+00 1.00e+00h  1
 743r 1.3796169e+01 2.50e-02 4.18e+00  -4.1 6.93e-02    -  1.00e+00 1.00e+00h  1
 744r 1.3794690e+01 2.50e-02 2.74e+00  -4.0 2.14e-02    -  1.00e+00 1.00e+00h  1
 745r 1.3798407e+01 2.50e-02 1.23e+01  -4.1 1.01e-01    -  1.00e+00 1.00e+00h  1
 746r 1.3796208e+01 2.50e-02 7.33e+00  -4.1 6.67e-02    -  1.00e+00 1.00e+00h  1
 747r 1.3790594e+01 2.50e-02 2.31e+01  -4.1 1.43e-01    -  1.00e+00 1.00e+00h  1
 748r 1.3794118e+01 2.50e-02 6.09e+00  -4.1 1.08e-01    -  1.00e+00 1.00e+00h  1
 749r 1.3798445e+01 2.50e-02 1.96e+01  -4.0 9.70e-02    -  1.00e+00 1.00e+00h  1
iter    objective    inf_pr   inf_du lg(mu)  ||d||  lg(rg) alpha_du alpha_pr  ls
 750r 1.3796354e+01 2.50e-02 6.37e+00  -4.1 6.57e-02    -  1.00e+00 1.00e+00h  1
 751r 1.3793487e+01 2.50e-02 1.13e+01  -4.0 7.17e-02    -  1.00e+00 1.00e+00h  1
 752r 1.3797119e+01 2.50e-02 6.39e+00  -4.1 9.62e-02    -  1.00e+00 1.00e+00h  1
 753r 1.3797024e+01 2.50e-02 9.66e+00  -4.1 4.51e-02    -  1.00e+00 1.00e+00h  1
 754r 1.3794318e+01 2.50e-02 4.46e+00  -4.1 8.27e-02    -  1.00e+00 1.00e+00h  1
 755r 1.3795086e+01 2.50e-02 8.83e+00  -4.1 2.63e-02    -  1.00e+00 1.00e+00h  1
 756r 1.3795193e+01 2.50e-02 2.02e+00  -4.1 1.83e-02    -  1.00e+00 1.00e+00h  1
 757r 1.3794673e+01 2.50e-02 1.52e+00  -4.0 1.22e-02    -  1.00e+00 1.00e+00h  1
 758r 1.3798844e+01 2.50e-02 1.21e+01  -4.1 1.01e-01    -  1.00e+00 1.00e+00h  1
 759r 1.3796137e+01 2.50e-02 2.85e+00  -4.1 7.77e-02    -  1.00e+00 1.00e+00h  1
iter    objective    inf_pr   inf_du lg(mu)  ||d||  lg(rg) alpha_du alpha_pr  ls
 760r 1.3793571e+01 2.50e-02 9.03e+00  -4.1 5.75e-02    -  1.00e+00 1.00e+00h  1
 761r 1.3795681e+01 2.50e-02 1.64e+00  -4.1 4.00e-02    -  1.00e+00 1.00e+00h  1
 762r 1.3795068e+01 2.50e-02 1.01e+00  -4.0 1.42e-02    -  1.00e+00 1.00e+00h  1
 763r 1.3799196e+01 2.50e-02 1.42e+01  -4.1 9.13e-02    -  1.00e+00 1.00e+00h  1
 764r 1.3794972e+01 2.50e-02 5.59e+00  -4.1 9.78e-02    -  1.00e+00 1.00e+00h  1
 765r 1.3794142e+01 2.50e-02 1.66e+01  -4.1 4.76e-02    -  1.00e+00 1.00e+00h  1
 766r 1.3795771e+01 2.50e-02 2.81e+00  -4.1 4.08e-02    -  1.00e+00 1.00e+00h  1
 767r 1.3794882e+01 2.50e-02 1.47e+00  -4.0 1.73e-02    -  1.00e+00 1.00e+00h  1
 768r 1.3799053e+01 2.50e-02 1.59e+01  -4.1 1.09e-01    -  1.00e+00 1.00e+00h  1
 769r 1.3795765e+01 2.50e-02 6.44e+00  -4.1 9.63e-02    -  1.00e+00 1.00e+00h  1
iter    objective    inf_pr   inf_du lg(mu)  ||d||  lg(rg) alpha_du alpha_pr  ls
 770r 1.3795814e+01 2.50e-02 2.15e+01  -4.1 5.43e-02    -  1.00e+00 1.00e+00h  1
 771r 1.3795978e+01 2.50e-02 9.76e-01  -4.1 4.13e-02    -  1.00e+00 1.00e+00h  1
 772r 1.3795363e+01 2.50e-02 1.24e+00  -4.0 1.31e-02    -  1.00e+00 1.00e+00h  1
 773r 1.3799518e+01 2.50e-02 2.04e+01  -4.1 6.46e-02    -  1.00e+00 1.00e+00h  1
 774r 1.3794736e+01 2.50e-02 5.60e+00  -4.1 6.10e-02    -  1.00e+00 1.00e+00h  1
 775r 1.3795463e+01 2.50e-02 3.57e+00  -4.1 1.94e-02    -  1.00e+00 1.00e+00h  1
 776r 1.3794745e+01 2.50e-02 2.26e+00  -4.1 1.43e-02    -  1.00e+00 1.00e+00h  1
 777r 1.3794712e+01 2.50e-02 2.42e+00  -4.0 7.22e-03    -  1.00e+00 1.00e+00h  1
 778r 1.3796707e+01 2.50e-02 5.02e+00  -4.1 5.85e-02    -  1.00e+00 1.00e+00h  1
 779r 1.3796883e+01 2.50e-02 1.33e+01  -4.1 3.74e-02    -  1.00e+00 1.00e+00h  1
iter    objective    inf_pr   inf_du lg(mu)  ||d||  lg(rg) alpha_du alpha_pr  ls
 780r 1.3795040e+01 2.50e-02 5.18e+00  -4.1 3.26e-02    -  1.00e+00 1.00e+00h  1
 781r 1.3795202e+01 2.50e-02 2.53e+00  -4.1 1.24e-02    -  1.00e+00 1.00e+00h  1
 782r 1.3795270e+01 2.50e-02 1.58e+00  -4.0 9.06e-03    -  1.00e+00 1.00e+00h  1
 783r 1.3796985e+01 2.50e-02 5.81e+00  -4.1 4.88e-02    -  1.00e+00 1.00e+00h  1
 784r 1.3795103e+01 2.50e-02 2.30e+00  -4.1 3.55e-02    -  1.00e+00 1.00e+00h  1
 785r 1.3793927e+01 2.50e-02 1.12e+01  -4.1 4.70e-02    -  1.00e+00 1.00e+00h  1
 786r 1.3795558e+01 2.50e-02 1.91e+00  -4.1 3.33e-02    -  1.00e+00 1.00e+00h  1
 787r 1.3795250e+01 2.50e-02 3.13e+00  -4.1 1.01e-02    -  1.00e+00 1.00e+00h  1
 788r 1.3794902e+01 2.50e-02 2.67e+00  -4.1 1.42e-02    -  1.00e+00 1.00e+00H  1
 789r 1.3794876e+01 2.50e-02 5.26e+00  -4.0 1.19e-02    -  1.00e+00 1.00e+00f  1
iter    objective    inf_pr   inf_du lg(mu)  ||d||  lg(rg) alpha_du alpha_pr  ls
 790r 1.3796552e+01 2.50e-02 4.90e+00  -4.1 5.94e-02    -  1.00e+00 1.00e+00h  1
 791r 1.3795064e+01 2.50e-02 5.05e+00  -4.1 3.74e-02    -  1.00e+00 1.00e+00h  1
 792r 1.3794628e+01 2.50e-02 7.48e+00  -4.1 3.83e-02    -  1.00e+00 1.00e+00h  1
 793r 1.3795070e+01 2.50e-02 2.18e+00  -4.1 4.16e-02    -  1.00e+00 1.00e+00h  1
 794r 1.3795735e+01 2.50e-02 5.28e+00  -4.1 1.64e-02    -  1.00e+00 1.00e+00h  1
 795r 1.3795025e+01 2.50e-02 2.37e+00  -4.1 2.38e-02    -  1.00e+00 1.00e+00h  1
 796r 1.3794942e+01 2.50e-02 4.93e+00  -4.0 8.83e-03    -  1.00e+00 1.00e+00h  1
 797r 1.3796004e+01 2.50e-02 1.78e+00  -4.1 3.15e-02    -  1.00e+00 1.00e+00h  1
 798r 1.3794892e+01 2.50e-02 1.27e+00  -4.1 2.81e-02    -  1.00e+00 1.00e+00h  1
 799r 1.3794866e+01 2.50e-02 8.94e+00  -4.1 3.69e-02    -  1.00e+00 1.00e+00h  1
iter    objective    inf_pr   inf_du lg(mu)  ||d||  lg(rg) alpha_du alpha_pr  ls
 800r 1.3795437e+01 2.50e-02 3.04e+00  -4.1 4.44e-02    -  1.00e+00 1.00e+00h  1
 801r 1.3794827e+01 2.50e-02 1.73e+00  -4.1 1.39e-02    -  1.00e+00 1.00e+00h  1
 802r 1.3794720e+01 2.50e-02 1.58e+00  -4.1 6.24e-03    -  1.00e+00 1.00e+00h  1
 803r 1.3794930e+01 2.50e-02 1.20e+00  -4.0 6.48e-03    -  1.00e+00 1.00e+00h  1
 804r 1.3797352e+01 2.50e-02 1.04e+01  -4.1 6.37e-02    -  1.00e+00 1.00e+00h  1
 805r 1.3795320e+01 2.50e-02 1.92e+00  -4.1 5.40e-02    -  1.00e+00 1.00e+00h  1
 806r 1.3795757e+01 2.50e-02 5.04e+00  -4.1 1.95e-02    -  1.00e+00 1.00e+00h  1
 807r 1.3795380e+01 2.50e-02 7.70e-01  -4.0 1.38e-02    -  1.00e+00 1.00e+00h  1
 808r 1.3796105e+01 2.50e-02 2.10e+00  -4.1 1.80e-02    -  1.00e+00 1.00e+00h  1
 809r 1.3795103e+01 2.50e-02 2.64e+00  -4.1 2.77e-02    -  1.00e+00 1.00e+00h  1
iter    objective    inf_pr   inf_du lg(mu)  ||d||  lg(rg) alpha_du alpha_pr  ls
 810r 1.3791738e+01 2.50e-02 1.64e+01  -4.1 7.38e-02    -  1.00e+00 1.00e+00h  1
 811r 1.3795078e+01 2.50e-02 5.90e+00  -4.1 8.66e-02    -  1.00e+00 1.00e+00h  1
 812r 1.3797062e+01 2.50e-02 2.24e+01  -4.1 4.76e-02    -  1.00e+00 1.00e+00h  1
 813r 1.3794279e+01 2.50e-02 3.24e+00  -4.1 5.98e-02    -  1.00e+00 1.00e+00h  1
 814r 1.3794921e+01 2.50e-02 3.77e+00  -4.1 1.83e-02    -  1.00e+00 1.00e+00h  1
 815r 1.3795614e+01 2.50e-02 3.84e+00  -4.1 1.84e-02    -  1.00e+00 1.00e+00h  1
 816r 1.3794658e+01 2.50e-02 1.60e+00  -4.1 2.13e-02    -  1.00e+00 1.00e+00H  1
 817r 1.3794922e+01 2.50e-02 5.26e+00  -4.1 1.23e-02    -  1.00e+00 1.00e+00H  1
 818r 1.3795173e+01 2.50e-02 1.66e+00  -4.1 1.89e-02    -  1.00e+00 1.00e+00f  1
 819r 1.3794696e+01 2.50e-02 7.07e-01  -4.1 8.49e-03    -  1.00e+00 1.00e+00h  1
iter    objective    inf_pr   inf_du lg(mu)  ||d||  lg(rg) alpha_du alpha_pr  ls
 820r 1.3794655e+01 2.50e-02 3.80e+00  -4.1 6.69e-03    -  1.00e+00 1.00e+00h  1
 821r 1.3794901e+01 2.50e-02 8.63e-01  -4.1 8.17e-03    -  1.00e+00 1.00e+00h  1
 822r 1.3794762e+01 2.50e-02 3.98e-01  -4.1 3.99e-03    -  1.00e+00 1.00e+00h  1
 823r 1.3794753e+01 2.50e-02 2.15e-01  -4.1 1.47e-03    -  1.00e+00 1.00e+00h  1
 824r 1.3794843e+01 2.50e-02 2.26e-01  -4.1 1.21e-03    -  1.00e+00 1.00e+00h  1
 825r 1.3794792e+01 2.50e-02 1.48e-01  -4.1 7.69e-04    -  1.00e+00 1.00e+00h  1
 826r 1.3794771e+01 2.50e-02 1.39e-01  -4.1 5.68e-04    -  1.00e+00 1.00e+00h  1
 827r 1.3794819e+01 2.50e-02 2.09e+00  -4.0 6.04e-03    -  1.00e+00 1.00e+00f  1
 828r 1.3796806e+01 2.50e-02 1.17e+01  -4.1 6.62e-02    -  1.00e+00 1.00e+00f  1
 829r 1.3795472e+01 2.50e-02 6.08e+00  -4.1 4.40e-02    -  1.00e+00 1.00e+00h  1
iter    objective    inf_pr   inf_du lg(mu)  ||d||  lg(rg) alpha_du alpha_pr  ls
 830r 1.3793746e+01 2.50e-02 2.30e+01  -4.1 6.65e-02    -  1.00e+00 1.00e+00h  1
 831r 1.3796167e+01 2.50e-02 7.02e+00  -4.1 6.22e-02    -  1.00e+00 1.00e+00h  1
 832r 1.3795932e+01 2.50e-02 1.30e+01  -4.1 2.96e-02    -  1.00e+00 1.00e+00h  1
 833r 1.3795340e+01 2.50e-02 2.91e+00  -4.1 3.61e-02    -  1.00e+00 1.00e+00h  1
 834r 1.3795291e+01 2.50e-02 1.61e+00  -4.1 5.12e-03    -  1.00e+00 1.00e+00h  1
 835r 1.3795336e+01 2.50e-02 9.59e-01  -4.0 4.40e-03    -  1.00e+00 1.00e+00f  1
 836r 1.3795851e+01 2.50e-02 2.61e+00  -4.1 1.95e-02    -  1.00e+00 1.00e+00f  1
 837r 1.3795243e+01 2.50e-02 2.18e+00  -4.1 2.05e-02    -  1.00e+00 1.00e+00h  1
 838r 1.3795149e+01 2.50e-02 4.65e+00  -4.1 1.44e-02    -  1.00e+00 1.00e+00h  1
 839r 1.3795396e+01 2.50e-02 1.06e+00  -4.1 1.44e-02    -  1.00e+00 1.00e+00h  1
iter    objective    inf_pr   inf_du lg(mu)  ||d||  lg(rg) alpha_du alpha_pr  ls
 840r 1.3795366e+01 2.50e-02 1.90e+00  -4.1 4.26e-03    -  1.00e+00 1.00e+00h  1
 841r 1.3795280e+01 2.50e-02 2.66e-01  -4.1 3.07e-03    -  1.00e+00 1.00e+00h  1
 842r 1.3795249e+01 2.50e-02 5.13e-01  -4.0 2.26e-03    -  1.00e+00 1.00e+00f  1
 843r 1.3796584e+01 2.50e-02 7.74e+00  -4.1 5.05e-02    -  1.00e+00 1.00e+00f  1
 844r 1.3795267e+01 2.50e-02 1.67e+00  -4.1 4.75e-02    -  1.00e+00 1.00e+00h  1
 845r 1.3796197e+01 2.50e-02 2.99e+00  -4.1 1.18e-02    -  1.00e+00 1.00e+00h  1
 846r 1.3795448e+01 2.50e-02 7.91e-01  -4.1 7.94e-03    -  1.00e+00 1.00e+00h  1
 847r 1.3795421e+01 2.50e-02 1.55e-01  -4.1 9.47e-04    -  1.00e+00 1.00e+00h  1
 848r 1.3795415e+01 2.50e-02 7.50e-01  -4.0 3.92e-03    -  1.00e+00 1.00e+00f  1
 849r 1.3797089e+01 2.50e-02 1.22e+01  -4.1 6.10e-02    -  1.00e+00 1.00e+00f  1
iter    objective    inf_pr   inf_du lg(mu)  ||d||  lg(rg) alpha_du alpha_pr  ls
 850r 1.3796016e+01 2.50e-02 2.30e+00  -4.1 4.91e-02    -  1.00e+00 1.00e+00h  1
 851r 1.3794351e+01 2.50e-02 1.19e+01  -4.1 4.82e-02    -  1.00e+00 1.00e+00H  1
 852r 1.3794713e+01 2.50e-02 1.87e+00  -4.1 3.22e-02    -  1.00e+00 1.00e+00h  1
 853r 1.3796566e+01 2.50e-02 7.40e+00  -4.1 2.82e-02    -  1.00e+00 1.00e+00h  1
 854r 1.3795154e+01 2.50e-02 3.62e+00  -4.1 3.07e-02    -  1.00e+00 1.00e+00h  1
 855r 1.3793606e+01 2.50e-02 1.09e+01  -4.1 2.51e-02    -  1.00e+00 1.00e+00H  1
 856r 1.3795485e+01 2.50e-02 3.73e+00  -4.1 4.18e-02    -  1.00e+00 1.00e+00h  1
 857r 1.3795549e+01 2.50e-02 2.01e+00  -4.1 1.16e-02    -  1.00e+00 1.00e+00h  1
 858r 1.3794915e+01 2.50e-02 2.05e+00  -4.1 7.80e-03    -  1.00e+00 1.00e+00h  1
 859r 1.3795263e+01 2.50e-02 7.32e-01  -4.1 9.17e-03    -  1.00e+00 1.00e+00h  1
iter    objective    inf_pr   inf_du lg(mu)  ||d||  lg(rg) alpha_du alpha_pr  ls
 860r 1.3794958e+01 2.50e-02 1.02e+00  -4.1 3.34e-03    -  1.00e+00 1.00e+00h  1
 861r 1.3795069e+01 2.50e-02 2.89e-01  -4.1 3.27e-03    -  1.00e+00 1.00e+00h  1
 862r 1.3795145e+01 2.50e-02 8.29e-01  -4.0 2.39e-03    -  1.00e+00 1.00e+00f  1
 863r 1.3796380e+01 2.50e-02 4.18e+00  -4.1 3.27e-02    -  1.00e+00 1.00e+00f  1
 864r 1.3795257e+01 2.50e-02 1.42e+00  -4.1 2.62e-02    -  1.00e+00 1.00e+00h  1
 865r 1.3795428e+01 2.50e-02 8.38e+00  -4.1 3.19e-02    -  1.00e+00 1.00e+00h  1
 866r 1.3795325e+01 2.50e-02 2.50e+00  -4.1 3.09e-02    -  1.00e+00 1.00e+00h  1
 867r 1.3795232e+01 2.50e-02 2.10e+00  -4.1 9.95e-03    -  1.00e+00 1.00e+00h  1
 868r 1.3795062e+01 2.50e-02 6.25e-01  -4.1 7.50e-03    -  1.00e+00 1.00e+00h  1
 869r 1.3795042e+01 2.50e-02 1.17e-01  -4.1 5.53e-04    -  1.00e+00 1.00e+00h  1
iter    objective    inf_pr   inf_du lg(mu)  ||d||  lg(rg) alpha_du alpha_pr  ls
 870r 1.3795038e+01 2.50e-02 8.81e-02  -4.1 4.23e-04    -  1.00e+00 1.00e+00h  1
 871r 1.3795036e+01 2.50e-02 1.84e-01  -4.1 1.07e-03    -  1.00e+00 1.00e+00H  1
 872r 1.3795119e+01 2.50e-02 1.52e+00  -4.0 5.63e-03    -  1.00e+00 1.00e+00f  1
 873r 1.3795661e+01 2.50e-02 3.85e+00  -4.1 2.07e-02    -  1.00e+00 1.00e+00h  1
 874r 1.3794999e+01 2.50e-02 4.55e-01  -4.1 1.98e-02    -  1.00e+00 1.00e+00h  1
 875r 1.3794898e+01 2.50e-02 1.50e+00  -4.1 6.30e-03    -  1.00e+00 1.00e+00h  1
 876r 1.3794878e+01 2.50e-02 2.70e-01  -4.1 3.49e-03    -  1.00e+00 1.00e+00h  1
 877r 1.3794878e+01 2.50e-02 1.90e-01  -4.1 6.41e-04    -  1.00e+00 1.00e+00h  1
 878r 1.3794867e+01 2.50e-02 7.77e-02  -4.1 2.90e-04    -  1.00e+00 1.00e+00h  1
 879r 1.3794838e+01 2.50e-02 5.96e-02  -4.1 3.16e-04    -  1.00e+00 1.00e+00H  1
iter    objective    inf_pr   inf_du lg(mu)  ||d||  lg(rg) alpha_du alpha_pr  ls
 880r 1.3794743e+01 2.50e-02 2.89e-01  -4.1 1.54e-03    -  1.00e+00 1.00e+00H  1
 881r 1.3794594e+01 2.50e-02 1.31e+00  -4.1 6.56e-03    -  1.00e+00 1.00e+00h  1
 882r 1.3794633e+01 2.50e-02 3.56e-01  -4.1 2.87e-03    -  1.00e+00 1.00e+00h  1
 883r 1.3794673e+01 2.50e-02 2.63e-01  -4.1 1.78e-03    -  1.00e+00 5.00e-01h  2
 884r 1.3794652e+01 2.50e-02 1.85e-01  -4.1 1.52e-03    -  1.00e+00 2.50e-01h  3
 885r 1.3794652e+01 2.50e-02 1.85e-01  -4.1 8.06e-04    -  1.00e+00 1.95e-03h 10
 886r 1.3794652e+01 2.50e-02 1.84e-01  -4.1 3.97e-04    -  1.00e+00 4.88e-04h 12
 887r 1.3794652e+01 2.50e-02 1.84e-01  -4.1 3.23e-03    -  1.00e+00 3.05e-05h 16
 888r 1.3794652e+01 2.50e-02 1.84e-01  -4.1 7.48e-04    -  1.00e+00 1.22e-04h 14
 889r 1.3794521e+01 2.50e-02 5.89e-01  -4.1 2.34e-03    -  1.00e+00 1.00e+00H  1
iter    objective    inf_pr   inf_du lg(mu)  ||d||  lg(rg) alpha_du alpha_pr  ls
 890r 1.3794521e+01 2.50e-02 5.89e-01  -4.1 9.82e-04    -  1.00e+00 2.98e-08h 26
 891r 1.3794521e+01 2.50e-02 8.22e-01  -4.1 1.90e-02    -  1.00e+00 4.66e-10h 32
 892r 1.3794521e+01 2.50e-02 5.89e-01  -4.1 5.20e-03    -  1.00e+00 5.82e-11h 35
 893r 1.3794548e+01 2.50e-02 1.85e+00  -4.1 5.21e-03    -  1.00e+00 1.00e+00f  1
 894r 1.3794586e+01 2.50e-02 9.87e-01  -4.1 3.47e-03    -  1.00e+00 5.00e-01h  2
 895r 1.3794546e+01 2.50e-02 6.79e-01  -4.1 2.50e-03    -  1.00e+00 2.50e-01h  3
 896r 1.3794679e+01 2.50e-02 1.09e+00  -4.1 4.39e-03    -  1.00e+00 1.00e+00H  1
 897r 1.3794433e+01 2.50e-02 9.35e-01  -4.1 2.83e-03    -  1.00e+00 1.00e+00h  1
 898r 1.3794451e+01 2.50e-02 2.08e-01  -4.1 1.76e-03    -  1.00e+00 5.00e-01h  2
 899r 1.3794454e+01 2.50e-02 1.98e-01  -4.1 5.52e-04    -  1.00e+00 6.25e-02h  5
iter    objective    inf_pr   inf_du lg(mu)  ||d||  lg(rg) alpha_du alpha_pr  ls
 900r 1.3794456e+01 2.50e-02 1.92e-01  -4.1 5.66e-04    -  1.00e+00 3.12e-02h  6
 901r 1.3794457e+01 2.50e-02 1.88e-01  -4.1 5.83e-04    -  1.00e+00 1.56e-02h  7
 902r 1.3794458e+01 2.50e-02 1.87e-01  -4.1 5.91e-04    -  1.00e+00 7.81e-03h  8
 903r 1.3794528e+01 2.50e-02 1.39e-02  -4.1 5.94e-04    -  1.00e+00 1.00e+00h  1
 904r 1.3794531e+01 2.50e-02 1.31e-02  -4.1 3.44e-05    -  1.00e+00 1.00e+00h  1
 905r 1.3794556e+01 2.50e-02 5.25e-02  -4.1 2.23e-04    -  1.00e+00 1.00e+00h  1
 906r 1.3794575e+01 2.50e-02 8.13e-02  -4.1 2.32e-04    -  1.00e+00 1.00e+00h  1
 907r 1.3794554e+01 2.50e-02 4.37e-02  -4.1 1.41e-04    -  1.00e+00 1.00e+00h  1
 908r 1.3794558e+01 2.50e-02 1.13e-02  -4.1 5.62e-05    -  1.00e+00 1.00e+00h  1
 909r 1.3794563e+01 2.50e-02 9.47e-03  -4.1 7.09e-05    -  1.00e+00 1.00e+00h  1
iter    objective    inf_pr   inf_du lg(mu)  ||d||  lg(rg) alpha_du alpha_pr  ls
 910r 1.3794570e+01 2.50e-02 6.20e-02  -4.1 1.84e-04    -  1.00e+00 1.00e+00h  1
 911r 1.3794580e+01 2.50e-02 2.44e-01  -4.1 5.86e-04    -  1.00e+00 1.00e+00h  1
 912r 1.3794595e+01 2.50e-02 2.26e-01  -4.1 3.81e-04    -  1.00e+00 1.00e+00h  1
 913r 1.3794545e+01 2.50e-02 1.80e-01  -4.1 9.70e-04    -  1.00e+00 1.00e+00H  1
 914r 1.3794591e+01 2.50e-02 1.05e-01  -4.1 6.95e-04    -  1.00e+00 1.00e+00H  1
 915r 1.3794572e+01 2.50e-02 1.03e-01  -4.1 3.06e-04    -  1.00e+00 1.00e+00H  1
 916r 1.3794562e+01 2.50e-02 1.07e-01  -4.1 5.31e-04    -  1.00e+00 1.00e+00H  1
 917r 1.3794545e+01 2.50e-02 9.58e-02  -4.1 2.92e-04    -  1.00e+00 1.00e+00H  1
 918r 1.3794558e+01 2.50e-02 3.26e-02  -4.1 2.13e-04    -  1.00e+00 1.00e+00H  1
 919r 1.3794562e+01 2.50e-02 1.58e-02  -4.1 5.85e-05    -  1.00e+00 1.00e+00H  1
iter    objective    inf_pr   inf_du lg(mu)  ||d||  lg(rg) alpha_du alpha_pr  ls
 920r 1.3794562e+01 2.50e-02 2.22e-02  -4.1 3.85e-05    -  1.00e+00 1.00e+00H  1
 921r 1.3794561e+01 2.50e-02 2.93e-03  -4.1 3.66e-05    -  1.00e+00 1.00e+00H  1
 922r 1.3794600e+01 2.50e-02 6.47e-01  -4.0 1.89e-03    -  1.00e+00 1.00e+00f  1
 923r 1.3794886e+01 2.50e-02 3.34e+00  -4.1 1.43e-02    -  1.00e+00 1.00e+00f  1
 924r 1.3794648e+01 2.50e-02 3.49e-01  -4.1 1.35e-02    -  1.00e+00 1.00e+00h  1
 925r 1.3794639e+01 2.50e-02 5.30e-01  -4.1 2.12e-03    -  1.00e+00 1.00e+00h  1
 926r 1.3794583e+01 2.50e-02 1.80e-01  -4.1 1.33e-03    -  1.00e+00 1.00e+00h  1
 927r 1.3794592e+01 2.50e-02 8.91e-02  -4.1 4.12e-04    -  1.00e+00 1.00e+00h  1
 928r 1.3794584e+01 2.50e-02 3.60e-02  -4.1 1.07e-04    -  1.00e+00 1.00e+00h  1
 929r 1.3794575e+01 2.50e-02 3.84e-02  -4.1 9.88e-05    -  1.00e+00 1.00e+00h  1
iter    objective    inf_pr   inf_du lg(mu)  ||d||  lg(rg) alpha_du alpha_pr  ls
 930r 1.3794567e+01 2.50e-02 2.85e-02  -4.1 1.05e-04    -  1.00e+00 1.00e+00h  1
 931r 1.3794560e+01 2.50e-02 5.85e-02  -4.1 3.01e-04    -  1.00e+00 1.00e+00H  1
 932r 1.3794530e+01 2.50e-02 8.40e-02  -4.1 3.03e-04    -  1.00e+00 1.00e+00h  1
 933r 1.3794554e+01 2.50e-02 1.86e-02  -4.1 3.36e-04    -  1.00e+00 1.00e+00h  1
 934r 1.3794566e+01 2.50e-02 3.62e-02  -4.1 2.54e-04    -  1.00e+00 5.00e-01h  2
 935r 1.3794564e+01 2.50e-02 3.15e-02  -4.1 2.18e-04    -  1.00e+00 1.25e-01h  4
 936r 1.3794548e+01 2.50e-02 2.59e-02  -4.1 2.45e-04    -  1.00e+00 1.00e+00H  1
 937r 1.3794527e+01 2.50e-02 1.17e-01  -4.1 3.15e-04    -  1.00e+00 1.00e+00H  1
 938r 1.3794558e+01 2.50e-02 2.80e-02  -4.1 4.31e-04    -  1.00e+00 1.00e+00h  1
 939r 1.3794558e+01 2.50e-02 2.49e-02  -4.1 1.14e-04    -  1.00e+00 6.25e-02h  5
iter    objective    inf_pr   inf_du lg(mu)  ||d||  lg(rg) alpha_du alpha_pr  ls
 940r 1.3794558e+01 2.50e-02 2.42e-02  -4.1 6.65e-05    -  1.00e+00 3.12e-02h  6
 941r 1.3794557e+01 2.50e-02 2.32e-02  -4.1 9.03e-05    -  1.00e+00 3.12e-02h  6
 942r 1.3794557e+01 2.50e-02 2.32e-02  -4.1 1.25e-04    -  1.00e+00 4.88e-04h 12
 943r 1.3794500e+01 2.50e-02 1.40e-01  -4.1 4.65e-04    -  1.00e+00 1.00e+00H  1
 944r 1.3794539e+01 2.50e-02 5.03e-02  -4.1 2.38e-04    -  1.00e+00 1.00e+00h  1
 945r 1.3794544e+01 2.50e-02 2.04e-02  -4.1 1.26e-04    -  1.00e+00 1.00e+00h  1
 946r 1.3794540e+01 2.50e-02 2.79e-02  -4.1 5.29e-05    -  1.00e+00 1.00e+00h  1
 947r 1.3794540e+01 2.50e-02 6.74e-03  -4.1 3.80e-05    -  1.00e+00 1.00e+00h  1
 948r 1.3794541e+01 2.50e-02 2.65e-03  -4.1 1.35e-05    -  1.00e+00 1.00e+00h  1
 949r 1.3794090e+01 2.50e-02 4.06e+00  -6.1 1.12e-02    -  9.67e-01 9.96e-01f  1
iter    objective    inf_pr   inf_du lg(mu)  ||d||  lg(rg) alpha_du alpha_pr  ls
 950r 1.3784702e+01 2.50e-02 3.10e+01  -4.0 2.40e-01    -  1.00e+00 1.00e+00f  1
 951r 1.3794952e+01 2.50e-02 6.47e+00  -4.1 2.10e-01    -  1.00e+00 1.00e+00h  1
 952r 1.3795310e+01 2.50e-02 3.62e+01  -4.1 6.76e-02    -  1.00e+00 1.00e+00h  1
 953r 1.3793688e+01 2.50e-02 5.17e+00  -4.1 4.31e-02    -  1.00e+00 1.00e+00h  1
 954r 1.3794291e+01 2.50e-02 2.95e+00  -4.1 2.37e-02    -  1.00e+00 1.00e+00h  1
 955r 1.3796431e+01 2.50e-02 7.98e+00  -4.1 5.63e-02    -  1.00e+00 1.00e+00h  1
 956r 1.3794648e+01 2.50e-02 5.88e+00  -4.1 4.97e-02    -  1.00e+00 1.00e+00h  1
 957r 1.3793311e+01 2.50e-02 6.14e+00  -4.1 2.35e-02    -  1.00e+00 1.00e+00h  1
 958r 1.3794953e+01 2.50e-02 2.04e+00  -4.1 2.65e-02    -  1.00e+00 1.00e+00h  1
 959r 1.3794515e+01 2.50e-02 1.51e+00  -4.1 1.16e-02    -  1.00e+00 1.00e+00h  1
iter    objective    inf_pr   inf_du lg(mu)  ||d||  lg(rg) alpha_du alpha_pr  ls
 960r 1.3794420e+01 2.50e-02 3.06e+00  -4.1 5.80e-03    -  1.00e+00 1.00e+00h  1
 961r 1.3794673e+01 2.50e-02 5.01e-01  -4.1 7.14e-03    -  1.00e+00 1.00e+00h  1
 962r 1.3794463e+01 2.50e-02 4.57e-01  -4.1 2.75e-03    -  1.00e+00 1.00e+00h  1
 963r 1.3794523e+01 2.50e-02 2.13e-01  -4.1 1.75e-03    -  1.00e+00 1.00e+00h  1
 964r 1.3794554e+01 2.50e-02 3.50e-01  -4.1 1.64e-03    -  1.00e+00 1.00e+00h  1
 965r 1.3794500e+01 2.50e-02 5.26e-02  -4.1 1.07e-03    -  1.00e+00 1.00e+00h  1
 966r 1.3794497e+01 2.50e-02 5.05e-02  -4.1 2.69e-04    -  1.00e+00 1.00e+00h  1
 967r 1.3794438e+01 2.50e-02 3.36e-01  -4.1 1.90e-03    -  1.00e+00 1.00e+00H  1
 968r 1.3794509e+01 2.50e-02 1.25e+00  -4.1 5.25e-03    -  1.00e+00 1.00e+00H  1
 969r 1.3794491e+01 2.50e-02 3.51e-01  -4.1 3.03e-03    -  1.00e+00 1.00e+00h  1
iter    objective    inf_pr   inf_du lg(mu)  ||d||  lg(rg) alpha_du alpha_pr  ls
 970r 1.3794490e+01 2.50e-02 1.96e-01  -4.1 2.19e-03    -  1.00e+00 2.50e-01h  3
 971r 1.3794500e+01 2.50e-02 1.64e-01  -4.1 1.39e-03    -  1.00e+00 5.00e-01h  2
 972r 1.3794495e+01 2.50e-02 1.27e-01  -4.1 5.55e-04    -  1.00e+00 2.50e-01h  3
 973r 1.3794488e+01 2.50e-02 4.80e-02  -4.1 3.14e-04    -  1.00e+00 1.00e+00h  1
 974r 1.3794489e+01 2.50e-02 2.59e-02  -4.1 3.12e-04    -  1.00e+00 1.00e+00h  1
 975r 1.3794494e+01 2.50e-02 6.06e-02  -4.1 2.43e-04    -  1.00e+00 1.00e+00h  1
 976r 1.3794473e+01 2.50e-02 3.50e-01  -4.1 2.09e-03    -  1.00e+00 1.00e+00h  1
 977r 1.3794545e+01 2.50e-02 5.50e-01  -4.1 2.21e-03    -  1.00e+00 1.00e+00H  1
 978r 1.3794499e+01 2.50e-02 2.28e-01  -4.1 3.50e-03    -  1.00e+00 1.00e+00H  1
 979r 1.3794551e+01 2.50e-02 6.53e-01  -4.1 1.82e-03    -  1.00e+00 1.00e+00h  1
iter    objective    inf_pr   inf_du lg(mu)  ||d||  lg(rg) alpha_du alpha_pr  ls
 980r 1.3794513e+01 2.50e-02 2.95e-01  -4.1 4.09e-03    -  1.00e+00 1.00e+00H  1
 981r 1.3794510e+01 2.50e-02 4.90e-01  -4.1 2.81e-03    -  1.00e+00 1.00e+00H  1
 982r 1.3794506e+01 2.50e-02 1.63e-01  -4.1 2.18e-03    -  1.00e+00 1.00e+00F  1
 983r 1.3794510e+01 2.50e-02 3.83e-02  -4.1 3.55e-04    -  1.00e+00 1.00e+00H  1
 984r 1.3794515e+01 2.50e-02 3.36e-02  -4.1 1.54e-04    -  1.00e+00 1.00e+00H  1
 985r 1.3794514e+01 2.50e-02 2.45e-02  -4.1 8.64e-05    -  1.00e+00 1.00e+00H  1
 986r 1.3794514e+01 2.50e-02 2.45e-02  -4.1 4.37e-05    -  1.00e+00 2.38e-07h 23
 987r 1.3794514e+01 2.50e-02 2.45e-02  -4.1 4.36e-05    -  1.00e+00 5.96e-08h 25
 988r 1.3794514e+01 2.50e-02 1.70e-02  -4.1 8.07e-05    -  1.00e+00 1.00e+00H  1
 989r 1.3794514e+01 2.50e-02 1.70e-02  -4.1 9.35e-05    -  1.00e+00 2.38e-07h 23
iter    objective    inf_pr   inf_du lg(mu)  ||d||  lg(rg) alpha_du alpha_pr  ls
 990r 1.3794514e+01 2.50e-02 1.70e-02  -4.1 9.35e-05    -  1.00e+00 5.96e-08h 25
 991r 1.3794515e+01 2.50e-02 3.94e-02  -4.1 1.39e-04    -  1.00e+00 1.00e+00h  1
 992r 1.3794518e+01 2.50e-02 2.74e-02  -4.1 1.84e-04    -  1.00e+00 1.00e+00H  1
 993r 1.3794515e+01 2.50e-02 7.50e-02  -4.1 4.51e-04    -  1.00e+00 1.00e+00H  1
 994r 1.3794516e+01 2.50e-02 6.22e-03  -4.1 3.29e-04    -  1.00e+00 1.00e+00h  1
 995r 1.3794517e+01 2.50e-02 4.41e-03  -4.1 9.51e-05    -  1.00e+00 2.50e-01h  3
 996r 1.3794579e+01 2.50e-02 2.49e+00  -6.1 1.02e-02    -  9.64e-01 9.99e-01f  1
 997r 1.3794219e+01 2.50e-02 1.11e+01  -4.0 6.58e-02    -  1.00e+00 1.00e+00f  1
 998r 1.3794712e+01 2.50e-02 1.87e+00  -4.1 7.17e-02    -  1.00e+00 1.00e+00h  1
 999r 1.3794620e+01 2.50e-02 5.74e+00  -4.1 1.40e-02    -  1.00e+00 1.00e+00h  1
iter    objective    inf_pr   inf_du lg(mu)  ||d||  lg(rg) alpha_du alpha_pr  ls
1000r 1.3794706e+01 2.50e-02 6.38e-01  -4.1 9.55e-03    -  1.00e+00 1.00e+00h  1

Number of Iterations....: 1000

                                   (scaled)                 (unscaled)
Objective...............:   1.3794705649977107e+01    1.3794705649977107e+01
Dual infeasibility......:   6.3893442718404647e-01    6.3893442718404647e-01
Constraint violation....:   2.4985204962290668e-02    2.4985204962290668e-02
Variable bound violation:   0.0000000000000000e+00    0.0000000000000000e+00
Complementarity.........:   8.0050739826612442e-05    8.0050739826612442e-05
Overall NLP error.......:   6.3893442718404647e-01    6.3893442718404647e-01


Number of objective function evaluations             = 2445
Number of objective gradient evaluations             = 495
Number of equality constraint evaluations            = 2445
Number of inequality constraint evaluations          = 2445
Number of equality constraint Jacobian evaluations   = 1002
Number of inequality constraint Jacobian evaluations = 1002
Number of Lagrangian Hessian evaluations             = 0
Total seconds in IPOPT                               = 3052.603

EXIT: Maximum Number of Iterations Exceeded.
