
******************************************************************************
This program contains Ipopt, a library for large-scale nonlinear optimization.
 Ipopt is released as open source code under the Eclipse Public License (EPL).
         For more information visit https://github.com/coin-or/Ipopt
******************************************************************************

This is Ipopt version 3.14.19, running with linear solver MUMPS 5.8.2.

Number of nonzeros in equality constraint Jacobian...:  1215567
Number of nonzeros in inequality constraint Jacobian.:     5316
Number of nonzeros in Lagrangian Hessian.............:        0

Total number of variables............................:     3883
                     variables with only lower bounds:        0
                variables with lower and upper bounds:      824
                     variables with only upper bounds:        0
Total number of equality constraints.................:     3728
Total number of inequality constraints...............:      553
        inequality constraints with only lower bounds:        0
   inequality constraints with lower and upper bounds:        0
        inequality constraints with only upper bounds:      553

iter    objective    inf_pr   inf_du lg(mu)  ||d||  lg(rg) alpha_du alpha_pr  ls
   0  1.5568794e+00 4.15e+00 1.00e+00   0.0 0.00e+00    -  0.00e+00 0.00e+00   0
   1  1.5535066e+00 4.13e+00 1.56e+01  -0.3 1.70e+01    -  2.02e-02 4.27e-03h  1
   2  1.5478693e+00 4.11e+00 4.64e+01  -4.0 1.83e+01    -  1.15e-02 5.23e-03h  1
   3  1.5347457e+00 4.08e+00 8.70e+02   0.1 2.03e+01    -  5.30e-01 6.93e-03h  1
   4  1.4886693e+00 3.98e+00 8.25e+02   1.1 2.94e+01    -  5.83e-02 2.17e-02f  1
   5  1.3897158e+00 3.86e+00 2.30e+03   1.8 4.64e+01    -  3.72e-02 2.92e-02f  1
   6  1.3849023e+00 3.65e+00 5.93e+03   0.9 3.21e+01    -  7.61e-02 5.16e-02h  1
   7  1.1968032e+00 3.57e+00 8.45e+03   2.4 6.92e+01    -  1.54e-01 2.09e-02f  1
   8  4.0980232e+00 6.93e+00 3.85e+04   2.5 3.85e+01    -  2.83e-01 1.32e-01f  1
   9  9.3143452e+00 7.73e+00 8.78e+04   1.8 3.19e+01    -  6.25e-01 3.26e-01h  1
iter    objective    inf_pr   inf_du lg(mu)  ||d||  lg(rg) alpha_du alpha_pr  ls
  10  7.5204286e+01 3.94e+01 1.30e+05   1.9 2.12e+01    -  1.00e+00 6.23e-01h  1
  11  1.3076869e+02 3.50e+01 1.36e+04   1.3 7.37e+00    -  8.29e-01 1.00e+00h  1
  12  3.5641373e+02 6.39e+01 1.51e+03   1.1 6.94e+00    -  8.63e-01 1.00e+00f  1
  13  3.7958949e+02 5.37e+01 2.36e+03   1.0 1.34e+01    -  5.83e-01 2.50e-01f  3
  14  3.6828586e+02 4.91e+01 9.28e+02   1.0 1.11e+01    -  1.00e+00 2.50e-01f  3
  15  3.7842775e+02 5.19e+01 8.64e+02   1.0 3.28e+01    -  1.00e+00 6.25e-02f  5
  16  3.9268899e+02 5.70e+01 6.52e+02   1.0 2.00e+01    -  1.00e+00 1.25e-01f  4
  17  4.0426289e+02 5.84e+01 6.63e+02   1.0 4.71e+01    -  1.63e-01 3.12e-02f  5
  18  3.9012550e+02 5.72e+01 1.21e+03   1.0 1.94e+03    -  4.72e-01 3.44e-03h  1
  19  3.9269647e+02 5.76e+01 1.81e+03   1.0 1.17e+02    -  6.86e-01 7.61e-03f  8
iter    objective    inf_pr   inf_du lg(mu)  ||d||  lg(rg) alpha_du alpha_pr  ls
  20  3.9100636e+02 5.70e+01 3.89e+03   1.0 4.45e+01    -  8.93e-01 1.33e-02h  6
  21  3.9100684e+02 5.70e+01 7.24e+03   1.0 5.13e+02    -  1.26e-01 2.19e-04h 10
  22  3.9099670e+02 5.70e+01 6.10e+03   1.0 4.98e+02    -  2.27e-01 1.87e-04f 12
  23  3.9098788e+02 5.70e+01 9.83e+03   1.0 7.62e+02    -  1.67e-01 6.53e-05h 11
  24  3.9098786e+02 5.70e+01 7.89e+03   1.0 1.28e+03    -  1.03e-01 3.44e-05f 13
  25  3.9097593e+02 5.70e+01 1.18e+04   1.0 6.11e+02    -  3.12e-02 1.06e-04h 11
  26  3.9391937e+02 5.73e+01 4.10e+06   1.0 3.59e+02    -  4.45e-04 1.80e-03f  9
  27  3.9455478e+02 5.67e+01 3.42e+06   1.0 7.82e+01    -  1.00e+00 5.69e-03h  6
  28  3.9338159e+02 5.68e+01 3.15e+06   1.0 2.56e+02    -  1.85e-01 1.84e-03h  2
  29  3.9333345e+02 5.67e+01 3.12e+06   1.0 2.66e+02    -  2.17e-02 2.39e-04h  9
iter    objective    inf_pr   inf_du lg(mu)  ||d||  lg(rg) alpha_du alpha_pr  ls
  30  3.9273767e+02 5.67e+01 2.34e+06   1.0 1.67e+02    -  2.99e-01 1.44e-03h  2
  31  3.9261717e+02 5.67e+01 1.92e+06   1.0 9.23e+01    -  1.52e-01 3.59e-04h  9
  32  3.9248339e+02 5.67e+01 1.90e+06   1.0 5.99e+01    -  6.85e-02 3.76e-04h 10
  33  3.9211833e+02 5.63e+01 6.79e+06   1.0 6.98e+01    -  3.52e-03 6.93e-03f  6
  34  3.9525867e+02 5.69e+01 8.92e+07   1.0 1.25e+02    -  1.80e-02 3.00e-02f  6
  35  3.9899466e+02 5.75e+01 4.79e+08   1.0 1.23e+02    -  1.00e+00 6.25e-02f  5
  36  4.3113897e+02 5.83e+01 3.39e+09   1.0 1.08e+02    -  1.04e-01 2.28e-01h  3
  37  3.8782706e+02 5.67e+01 2.05e+09   1.0 2.22e+01    -  1.00e+00 2.50e-01f  3
  38  4.1046200e+02 5.94e+01 4.13e+09   1.0 4.02e+01    -  8.51e-01 1.25e-01f  4
  39  4.3339913e+02 6.08e+01 2.07e+10   1.0 9.68e+01    -  1.00e+00 1.00e+00h  1
iter    objective    inf_pr   inf_du lg(mu)  ||d||  lg(rg) alpha_du alpha_pr  ls
  40  4.1613241e+02 5.90e+01 1.67e+10   1.0 1.37e+01    -  1.00e+00 1.00e+00f  1
  41  3.9437623e+02 5.71e+01 1.86e+10   1.0 3.74e+01    -  1.00e+00 1.00e+00f  1
  42  3.8992442e+02 5.67e+01 1.67e+10   0.4 3.67e+00    -  1.00e+00 2.50e-01h  3
  43  3.9923552e+02 5.74e+01 2.46e+10  -0.4 2.06e+01    -  1.00e+00 1.00e+00h  1
  44  3.8261257e+02 5.90e+01 1.80e+10  -1.3 5.38e+00    -  1.00e+00 1.00e+00f  1
  45  4.0054465e+02 5.33e+01 3.29e+10  -1.5 1.46e+01    -  1.00e+00 1.00e+00h  1
  46  3.7962356e+02 6.40e+01 8.96e+10  -1.3 8.94e+00    -  1.00e+00 1.00e+00f  1
  47  3.7234520e+02 5.67e+01 9.10e+10  -1.8 7.34e+00    -  1.00e+00 1.00e+00f  1
  48  4.0575753e+02 6.20e+01 7.96e+10  -1.5 1.43e+02    -  1.64e-01 1.64e-01s 20
  49  4.1856455e+02 5.67e+01 6.87e+10  -1.8 4.08e+02    -  4.84e-04 1.68e-02h  4
iter    objective    inf_pr   inf_du lg(mu)  ||d||  lg(rg) alpha_du alpha_pr  ls
  50  4.3442115e+02 5.56e+01 5.04e+10  -1.8 3.79e+01    -  2.70e-01 2.49e-01h  3
  51  4.3821622e+02 6.05e+01 3.69e+10  -1.8 9.16e+00    -  7.04e-01 2.50e-01h  3
  52  4.1462997e+02 7.73e+01 3.19e+10  -1.8 4.27e+00    -  1.00e+00 1.00e+00H  1
  53  4.3261639e+02 6.77e+01 7.95e+09  -1.8 1.07e+01    -  3.64e-01 1.00e+00h  1
  54  4.2985160e+02 6.67e+01 1.38e+09  -1.8 5.63e+00    -  1.00e+00 1.00e+00h  1
  55  4.2351739e+02 7.11e+01 1.37e+11  -1.5 4.71e+01    -  1.00e+00 1.23e-01f  1
  56  4.2716905e+02 6.63e+01 1.35e+10  -1.6 1.24e+00    -  1.12e-02 1.00e+00h  1
  57  4.2215493e+02 6.56e+01 1.32e+09  -1.6 6.01e-01    -  1.00e+00 1.00e+00h  1
  58  4.1930544e+02 6.39e+01 1.11e+08  -2.2 1.29e+00    -  1.00e+00 1.00e+00h  1
  59  3.2511121e+02 5.86e+01 4.74e+07  -2.3 3.72e+01    -  1.00e+00 1.00e+00f  1
iter    objective    inf_pr   inf_du lg(mu)  ||d||  lg(rg) alpha_du alpha_pr  ls
  60  3.2601431e+02 5.65e+01 1.07e+08  -0.5 3.02e+01    -  1.00e+00 1.28e-02f  2
  61  3.2446959e+02 6.28e+01 5.27e+07   1.5 9.23e+01    -  7.28e-03 7.28e-03s 15
  62  2.9899476e+02 6.43e+01 5.00e+07   0.9 4.30e+02    -  1.00e+00 3.10e-02f  1
  63  2.3775509e+02 6.38e+01 3.83e+07   1.2 2.48e+02    -  3.38e-01 1.39e-01f  1
  64  2.4240075e+02 6.51e+01 3.08e+11   2.8 7.76e+06    -  1.26e-03 1.48e-07h 19
  65  2.4526168e+02 6.40e+01 5.56e+11   0.7 9.94e+00    -  1.00e+00 1.95e-01f  3
  66  2.4066654e+02 6.39e+01 3.96e+11   1.2 6.29e+02    -  1.00e+00 5.64e-03f  4
  67  2.3619715e+02 6.38e+01 6.17e+09   0.7 3.38e+00    -  1.00e+00 1.00e+00h  1
  68  2.3611478e+02 6.38e+01 2.61e+09  -0.2 1.96e+00    -  1.00e+00 5.74e-01h  1
  69  2.3654195e+02 6.38e+01 9.02e+07   0.1 1.08e+00    -  1.00e+00 1.00e+00h  1
iter    objective    inf_pr   inf_du lg(mu)  ||d||  lg(rg) alpha_du alpha_pr  ls
  70  2.3757911e+02 6.38e+01 7.96e+07  -0.0 5.86e-01    -  1.00e+00 8.84e-01h  1
  71  2.6587892e+02 6.38e+01 2.75e+07   0.6 4.44e+01    -  1.00e+00 3.06e-01h  2
  72  2.8064228e+02 6.38e+01 4.62e+07   1.7 2.28e+02    -  1.00e+00 3.18e-02f  4
  73  2.8757519e+02 6.38e+01 4.45e+07   1.6 3.56e+02    -  2.70e-01 9.67e-03f  5
  74  2.9407356e+02 6.38e+01 4.29e+07   0.9 3.05e+02    -  2.80e-01 1.06e-02h  6
  75  5.1146065e+02 6.37e+01 6.69e+07   0.2 2.27e+02    -  5.12e-01 9.52e-01H  1
  76  4.7367734e+02 6.36e+01 1.18e+08   0.2 2.30e+01    -  1.22e-01 8.39e-01f  1
  77  4.5765060e+02 6.36e+01 4.86e+06   0.2 7.63e+00    -  8.43e-01 1.00e+00f  1
  78  4.5259660e+02 6.36e+01 4.62e+06   0.2 2.46e+00    -  8.81e-01 1.00e+00h  1
  79  4.4423271e+02 6.33e+01 1.56e+07   0.2 4.18e+00    -  7.21e-01 1.00e+00f  1
iter    objective    inf_pr   inf_du lg(mu)  ||d||  lg(rg) alpha_du alpha_pr  ls
  80  4.2554231e+02 6.20e+01 8.12e+06   0.2 1.18e+01    -  2.96e-01 8.02e-01f  1
  81  3.1547732e+02 5.45e+01 9.65e+06   0.2 6.14e+01    -  4.85e-01 1.00e+00f  1
  82  2.6659612e+02 5.06e+01 2.74e+06   0.5 1.96e+01    -  1.00e+00 1.00e+00f  1
  83  9.6750935e+01 3.29e+01 3.73e+06   0.1 1.70e+02    -  1.00e+00 7.14e-01f  1
  84  5.9937425e+01 2.67e+01 3.54e+06   0.4 1.55e+01    -  1.00e+00 1.00e+00f  1
  85  4.3088369e+01 2.32e+01 1.33e+06  -0.5 5.67e+00    -  1.00e+00 1.00e+00f  1
  86  2.5573821e+01 1.76e+01 1.73e+06  -0.5 1.31e+01    -  1.00e+00 8.35e-01f  1
  87  2.1120610e+01 1.56e+01 1.81e+06  -0.2 5.71e-01    -  1.00e+00 8.83e-01f  1
  88  1.9322387e+01 1.46e+01 3.40e+05  -0.6 3.06e-01    -  1.00e+00 1.00e+00f  1
  89  1.8291439e+01 1.36e+01 1.91e+05  -1.3 8.80e-01    -  1.00e+00 5.90e-01h  1
iter    objective    inf_pr   inf_du lg(mu)  ||d||  lg(rg) alpha_du alpha_pr  ls
  90  1.8003022e+01 1.32e+01 2.35e+05  -1.5 9.75e-02    -  1.00e+00 1.00e+00h  1
  91  1.7951891e+01 1.31e+01 5.05e+04  -1.7 3.22e-02    -  1.00e+00 1.00e+00h  1
  92  1.7934319e+01 1.31e+01 6.78e+05  -2.4 3.10e-02    -  1.00e+00 1.00e+00H  1
  93  1.7937992e+01 1.30e+01 1.22e+04  -2.1 2.95e-02    -  1.00e+00 1.00e+00h  1
  94  1.7930888e+01 1.30e+01 2.11e+03  -3.3 3.34e-03    -  1.00e+00 1.00e+00h  1
  95  1.7922778e+01 1.29e+01 1.27e+04  -3.6 9.93e-02    -  1.00e+00 1.00e+00h  1
  96  1.7678289e+01 1.17e+01 5.12e+04  -2.9 5.81e-01    -  1.00e+00 7.28e-01h  1
  97  1.7554336e+01 1.24e+01 4.38e+04  -2.4 3.92e-01    -  1.00e+00 7.22e-01h  1
  98  1.7325289e+01 1.18e+01 3.07e+04  -2.8 3.97e-01    -  1.00e+00 1.00e+00h  1
  99r 1.7325289e+01 1.18e+01 9.99e+02   1.1 0.00e+00    -  0.00e+00 1.14e-09R 30
iter    objective    inf_pr   inf_du lg(mu)  ||d||  lg(rg) alpha_du alpha_pr  ls
 100r 1.7322424e+01 1.18e+01 2.35e+02  -4.0 1.97e-02    -  8.03e-01 7.65e-01f  1
 101r 1.7340823e+01 1.18e+01 1.49e+01  -4.0 7.87e-02    -  6.68e-01 9.46e-01f  1
 102r 1.7359479e+01 1.18e+01 3.74e+01  -4.0 7.71e-02    -  5.79e-01 9.83e-01f  1
 103r 1.7412927e+01 1.18e+01 1.02e+02  -2.1 1.65e+01    -  1.00e+00 1.44e-02f  1
 104r 2.7367325e+02 4.31e+01 3.32e+02  -0.4 7.78e+01    -  8.44e-02 1.07e-01f  1
 105r 2.8593395e+02 4.51e+01 3.13e+03  -1.5 3.23e+02    -  8.46e-01 4.32e-03f  1
 106r 5.6350602e+02 7.90e+01 1.25e+04  -0.9 1.20e+03    -  1.00e+00 6.89e-03f  1
 107r 5.4020052e+02 7.45e+01 1.15e+04   0.8 1.60e+01    -  5.47e-02 9.17e-02f  1
 108r 5.4020344e+02 7.44e+01 1.15e+04  -4.0 8.75e+02    -  1.62e-05 6.92e-05h  1
 109r 5.3835766e+02 7.40e+01 1.15e+04   1.8 4.89e+01    -  1.05e-04 4.34e-03f  1
iter    objective    inf_pr   inf_du lg(mu)  ||d||  lg(rg) alpha_du alpha_pr  ls
 110r 3.5078456e+02 4.68e+01 7.10e+03  -0.2 4.61e+01    -  6.85e-03 3.99e-01h  1
 111r 2.8865285e+02 4.06e+01 5.67e+03  -0.2 1.60e+01    -  4.86e-01 2.07e-01h  1
 112r 2.4388842e+02 3.70e+01 4.65e+03  -0.2 1.31e+01    -  1.00e+00 1.83e-01h  1
 113r 2.1496119e+02 3.51e+01 4.00e+03  -0.2 1.23e+01    -  9.34e-01 1.38e-01h  1
 114r 1.8980271e+02 3.36e+01 3.43e+03  -0.2 1.15e+01    -  1.00e+00 1.38e-01h  1
 115r 1.7450300e+02 3.26e+01 3.09e+03  -0.2 1.05e+01    -  4.01e-01 9.39e-02h  1
 116r 1.4510934e+02 3.03e+01 2.22e+03  -0.2 2.10e+01    -  9.09e-01 2.86e-01h  1
 117r 9.7077436e+01 2.60e+01 5.49e+02  -0.2 2.28e+01    -  2.20e-01 8.85e-01h  1
 118r 9.9385307e+01 2.58e+01 1.89e+02  -0.2 1.61e+01    -  1.00e+00 4.10e-01f  1
 119r 1.0018768e+02 2.57e+01 3.24e+02  -0.2 8.73e+00    -  1.00e+00 4.91e-01f  1
iter    objective    inf_pr   inf_du lg(mu)  ||d||  lg(rg) alpha_du alpha_pr  ls
 120r 9.9052232e+01 2.56e+01 2.71e+01  -0.2 3.47e+00    -  1.00e+00 1.00e+00f  1
 121r 9.6655588e+01 2.54e+01 2.64e+02  -0.9 1.24e+00    -  1.00e+00 1.00e+00f  1
 122r 9.7566054e+01 2.55e+01 4.97e+01  -0.9 5.63e-01    -  1.00e+00 1.00e+00f  1
 123r 9.7610303e+01 2.55e+01 3.56e+01  -0.9 2.23e-01    -  1.00e+00 1.00e+00h  1
 124r 9.7422170e+01 2.56e+01 1.91e+01  -0.9 9.19e-02    -  1.00e+00 1.00e+00H  1
 125r 9.6328595e+01 2.56e+01 1.77e+01  -1.9 5.83e-01    -  9.94e-01 9.33e-01f  1
 126r 9.4608495e+01 2.55e+01 2.74e+02  -1.8 1.73e+00    -  1.00e+00 4.96e-01f  1
 127r 8.4889495e+01 2.54e+01 1.20e+00  -1.8 5.03e+00    -  1.00e+00 1.00e+00f  1
 128r 6.4383226e+01 2.52e+01 1.17e+01  -1.8 1.11e+01    -  1.00e+00 1.00e+00f  1
 129r 3.0068431e+01 2.47e+01 1.19e+01  -1.8 2.84e+01    -  1.00e+00 7.82e-01f  1
iter    objective    inf_pr   inf_du lg(mu)  ||d||  lg(rg) alpha_du alpha_pr  ls
 130r 3.2163574e+01 2.94e+01 1.27e+00  -1.8 9.62e+00    -  1.00e+00 1.00e+00f  1
 131r 2.6368107e+01 3.42e+01 7.27e-01  -1.8 4.64e+00    -  1.00e+00 1.00e+00H  1
 132r 2.2961273e+01 3.37e+01 3.44e+01  -3.1 1.94e+00    -  8.75e-01 1.00e+00f  1
 133r 2.1604286e+01 3.20e+01 9.83e+00  -3.0 8.14e-01    -  1.00e+00 6.89e-01f  1
 134r 2.1604226e+01 3.20e+01 9.82e+00  -3.0 1.86e+00    -  1.00e+00 1.00e-03f  1
 135r 2.1774664e+01 3.21e+01 1.99e+02  -3.0 1.17e+04    -  1.60e-04 7.17e-06f  1
 136r 2.2567652e+01 3.44e+01 1.21e+03  -3.0 3.67e+03    -  3.30e-04 1.06e-04f  1
 137r 2.2549493e+01 3.44e+01 1.43e+03  -3.0 5.61e+03    -  9.49e-04 1.63e-06f  9
 138r 2.2207742e+01 3.69e+01 3.45e+02  -3.0 2.31e+03    -  1.01e-04 6.57e-06H  1
 139r 1.3401883e+02 8.82e+01 7.38e+02  -3.0 3.01e+04    -  3.70e-05 2.08e-04H  1
iter    objective    inf_pr   inf_du lg(mu)  ||d||  lg(rg) alpha_du alpha_pr  ls
 140r 1.0773688e+02 8.18e+01 7.17e+02  -3.0 1.71e+06    -  6.05e-06 8.41e-06h  1
 141r 1.0770996e+02 8.17e+01 7.20e+02  -3.0 5.57e+05    -  3.68e-07 2.42e-08h  1
 142r 1.0771064e+02 8.17e+01 1.66e+03  -3.0 8.02e+03    -  1.95e-01 4.27e-08f 24
 143r 1.0771064e+02 8.17e+01 1.66e+03  -3.0 1.74e+02    -  0.00e+00 4.77e-07R 22
 144r 1.0965134e+02 8.16e+01 1.63e+03  -3.0 4.50e+01    -  7.77e-01 1.45e-02f  7
 145r 1.1009457e+02 8.18e+01 1.62e+03  -3.0 9.25e+02    -  2.32e-01 2.10e-04f  6
 146r 1.1033722e+02 8.19e+01 1.30e+03  -3.0 3.50e+02    -  7.85e-01 4.36e-04f  7
 147r 1.1028257e+02 8.19e+01 1.18e+03  -3.0 4.91e+01    -  2.25e-01 7.80e-04f 10
 148r 1.1021267e+02 8.19e+01 9.21e+02  -3.0 4.68e+01    -  7.42e-01 1.10e-03f 10
 149r 1.2731139e+04 1.06e+03 4.43e+03  -3.0 4.52e+01    -  3.11e-01 7.20e-01f  1
iter    objective    inf_pr   inf_du lg(mu)  ||d||  lg(rg) alpha_du alpha_pr  ls
 150r 5.5390073e+03 4.35e+02 3.65e+03  -3.0 1.63e+01    -  1.00e+00 7.19e-01f  1
 151r 4.9563287e+03 3.88e+02 2.45e+03  -3.0 1.27e+01    -  5.40e-01 1.12e-01f  1
 152r 3.3008056e+03 2.57e+02 1.56e+03  -3.0 9.92e+00    -  5.77e-01 3.72e-01h  1
 153r 1.7804836e+03 1.37e+02 7.89e+02  -3.0 8.12e+00    -  1.22e-02 5.41e-01h  1
 154r 1.0799619e+03 8.70e+01 4.89e+02  -3.0 6.00e+00    -  1.00e+00 4.56e-01h  1
 155r 3.1865952e+02 8.74e+01 7.54e+01  -3.0 4.72e+00    -  1.00e+00 9.99e-01h  1
 156r 1.3007641e+02 8.52e+01 2.68e+02  -3.0 5.35e+00    -  1.00e+00 1.00e+00h  1
 157r 1.3074105e+02 7.53e+01 5.97e+02  -3.0 4.67e+00    -  1.00e+00 9.04e-01f  1
 158r 1.0657004e+02 8.11e+01 2.22e+01  -3.0 1.02e+01    -  1.15e-03 1.00e+00f  1
 159r 1.0005838e+02 8.01e+01 1.79e+01  -3.0 5.99e+00    -  1.00e+00 5.00e-01h  2
iter    objective    inf_pr   inf_du lg(mu)  ||d||  lg(rg) alpha_du alpha_pr  ls
 160r 9.8852326e+01 8.04e+01 2.16e+01  -3.0 4.68e+00    -  6.23e-01 2.50e-01h  3
 161r 1.0068263e+02 8.01e+01 1.15e+02  -3.0 4.99e+00    -  1.00e+00 2.44e-01h  3
 162r 9.7489447e+01 8.04e+01 2.42e+02  -3.0 4.40e+00    -  1.00e+00 2.50e-01h  3
 163r 9.5620470e+01 8.03e+01 6.94e+02  -3.0 6.17e+00    -  4.09e-01 9.58e-02h  4
 164r 9.5387143e+01 8.03e+01 1.96e+02  -3.0 1.78e+01    -  1.61e-05 1.36e-02h  3
 165r 9.5325725e+01 8.03e+01 4.67e+01  -3.0 3.15e+01    -  3.32e-04 1.00e+00h  1
 166r 9.5309855e+01 8.03e+01 7.63e-02  -3.0 7.17e-02    -  1.00e+00 1.00e+00f  1
 167r 9.5308027e+01 8.03e+01 5.86e-02  -3.0 6.89e-03    -  1.00e+00 1.00e+00h  1
 168r 9.5298722e+01 8.03e+01 1.02e-01  -3.0 4.65e-03    -  1.00e+00 1.00e+00f  1
 169r 9.5207482e+01 8.03e+01 4.24e-01  -3.0 4.56e-02    -  1.00e+00 1.00e+00F  1
iter    objective    inf_pr   inf_du lg(mu)  ||d||  lg(rg) alpha_du alpha_pr  ls
 170r 8.9267553e+01 7.99e+01 1.96e+01  -2.8 3.04e+00    -  8.75e-01 1.00e+00f  1
 171r 9.4192568e+01 8.02e+01 1.65e+00  -2.9 2.48e+00    -  1.00e+00 1.00e+00f  1
 172r 9.3732017e+01 8.02e+01 1.48e+00  -2.9 4.02e-01    -  1.00e+00 1.00e+00h  1
 173r 4.6797318e+01 7.62e+01 2.35e+00  -2.9 3.03e+01    -  3.65e-01 1.00e+00F  1
 174r 2.6930359e+01 7.04e+01 7.75e+00  -2.9 2.63e+01    -  5.54e-01 5.46e-01f  1
 175r 2.4959130e+01 6.60e+01 2.20e+00  -2.9 5.84e+00    -  5.00e-01 6.91e-01f  1
 176r 2.4882775e+01 6.58e+01 1.34e+00  -2.9 1.47e+01    -  4.06e-01 2.37e-03f  1
 177r 2.4882761e+01 6.58e+01 2.00e+03  -2.9 6.39e+00    -  1.08e-02 3.15e-06f  1
 178r 2.4937069e+01 6.55e+01 3.89e+02  -2.9 3.28e+01    -  9.64e-07 8.62e-04f  1
 179r 2.3350384e+01 6.21e+01 4.53e+00  -2.9 6.63e+00    -  1.93e-03 1.00e+00f  1
iter    objective    inf_pr   inf_du lg(mu)  ||d||  lg(rg) alpha_du alpha_pr  ls
 180r 2.2913358e+01 4.28e+01 2.06e+01  -2.9 3.45e+00    -  1.00e+00 6.51e-01f  1
 181r 1.7856481e+01 2.47e+00 6.64e+01  -2.9 2.05e+01    -  4.01e-01 2.93e-01f  1
 182  1.7550873e+01 3.62e+00 3.29e+00  -2.6 5.94e+01    -  6.74e-01 1.61e-02h  6
 183  1.7556126e+01 3.61e+00 4.99e+00  -2.8 2.36e+00    -  1.00e+00 8.08e-03h  1
 184  1.7780471e+01 2.51e+00 4.45e+00  -1.9 2.79e+00    -  8.47e-02 2.53e-02H  1
 185  1.7491660e+01 1.10e+01 3.37e+00  -2.3 2.09e+00    -  1.92e-01 2.85e-01H  1
 186  1.9404281e+01 1.21e+01 4.21e+00  -2.6 4.53e+00    -  1.49e-01 5.83e-01h  1
 187  1.9298657e+01 1.28e+01 5.83e+00  -2.6 4.23e+00    -  3.40e-01 6.75e-02h  1
 188  1.9308007e+01 1.32e+01 3.75e+00  -2.6 5.59e+00    -  2.74e-01 2.50e-01h  3
 189  1.9305187e+01 1.31e+01 4.45e+00  -2.6 2.58e+01    -  1.54e-01 1.12e-02h  3
iter    objective    inf_pr   inf_du lg(mu)  ||d||  lg(rg) alpha_du alpha_pr  ls
 190  1.9305223e+01 1.31e+01 4.27e+00  -2.6 2.05e+02    -  1.22e-02 1.64e-04h  8
 191  1.9305210e+01 1.31e+01 6.15e+00  -2.6 4.11e+03    -  1.10e-03 1.13e-06h 10
 192r 1.9305210e+01 1.31e+01 9.99e+02   1.1 0.00e+00    -  0.00e+00 4.83e-07R 13
 193r 1.8939477e+01 1.24e+01 9.96e+02   1.3 7.22e+01    -  1.48e-01 3.30e-03f  1
 194r 6.7340255e+02 1.23e+02 3.63e+03   0.7 7.52e+01    -  9.72e-01 1.46e-01f  1
 195r 6.8473751e+02 1.15e+02 3.70e+03   1.0 1.77e+04    -  3.98e-01 7.21e-04f  1
 196r 1.3534929e+03 1.48e+02 7.13e+03  -4.0 2.54e+01    -  3.02e-01 2.54e-01f  1
 197r 1.3312576e+03 1.45e+02 6.86e+03   1.3 1.77e+01    -  4.31e-01 1.74e-02f  1
 198r 1.4858791e+03 1.38e+02 1.02e+04   0.9 1.85e+01    -  1.50e-01 4.39e-01f  1
 199r 1.4366981e+03 1.32e+02 8.38e+03   0.9 8.05e+01    -  7.49e-03 1.12e-01h  1
iter    objective    inf_pr   inf_du lg(mu)  ||d||  lg(rg) alpha_du alpha_pr  ls
 200r 1.4211003e+03 1.32e+02 8.20e+03   0.9 9.66e+01    -  1.89e-03 1.65e-02h  1
 201r 1.2476542e+03 1.30e+02 7.07e+03   0.9 1.00e+02    -  8.74e-03 1.33e-01h  1
 202r 1.1094606e+03 1.28e+02 6.20e+03   0.9 8.95e+01    -  6.68e-01 1.21e-01h  1
 203r 5.4848620e+02 1.18e+02 1.69e+03   0.9 7.98e+01    -  3.26e-01 7.83e-01h  1
 204r 2.5552877e+02 1.14e+02 1.32e+03   0.9 1.88e+01    -  5.28e-01 1.00e+00h  1
 205r 2.7910518e+02 1.13e+02 7.08e+02   0.9 6.56e+01    -  2.22e-01 4.73e-01f  1
 206r 2.8963811e+02 1.13e+02 9.31e+02   0.9 1.11e+02    -  1.00e+00 2.00e-01f  1
 207r 3.6624869e+02 1.12e+02 3.00e+02   0.9 1.08e+02    -  5.22e-01 8.08e-01f  1
 208r 4.7601976e+02 1.12e+02 2.51e+02   0.2 8.82e+01    -  1.00e+00 7.17e-01f  1
 209r 5.6388809e+02 1.12e+02 1.86e+02   0.2 1.05e+02    -  1.00e+00 4.48e-01f  1
iter    objective    inf_pr   inf_du lg(mu)  ||d||  lg(rg) alpha_du alpha_pr  ls
 210r 5.8425661e+02 1.12e+02 1.59e+02   0.2 2.39e+01    -  1.00e+00 6.76e-01f  1
 211r 4.6160372e+02 1.13e+02 1.88e+01   0.2 6.18e+01    -  1.00e+00 1.00e+00f  1
 212r 2.3145966e+02 1.12e+02 3.12e+01  -0.5 1.52e+02    -  1.00e+00 8.81e-01f  1
 213r 8.5854053e+01 1.08e+02 8.36e+01  -0.5 1.53e+02    -  1.00e+00 5.52e-01f  1
 214r 6.1740114e+01 1.03e+02 1.20e+01  -0.5 1.94e+01    -  1.00e+00 1.00e+00f  1
 215r 3.5341929e+01 7.76e+01 6.59e+00  -1.6 1.64e+01    -  8.95e-01 9.97e-01f  1
 216r 2.7444780e+01 4.25e+01 1.74e+01  -1.8 2.55e+01    -  9.96e-01 1.00e+00f  1
 217r 2.0704392e+01 2.17e+01 1.41e+01  -3.0 3.51e+01    -  6.04e-01 1.40e-01f  1
 218r 5.6396337e+01 1.40e+02 7.33e+01  -1.6 5.10e+01    -  1.00e+00 4.14e-01f  1
 219r 5.6363031e+01 1.40e+02 7.32e+01  -4.0 8.79e+01    -  2.26e-01 1.61e-03H  1
iter    objective    inf_pr   inf_du lg(mu)  ||d||  lg(rg) alpha_du alpha_pr  ls
 220r 4.4377920e+02 3.81e+02 1.17e+03   0.3 2.65e+03    -  5.49e-04 2.34e-02f  1
 221r 4.5971500e+02 4.37e+02 1.10e+03  -1.4 3.27e+02    -  3.38e-04 2.05e-01h  1
 222r 4.5971500e+02 4.37e+02 1.10e+03  -1.4 1.27e+03    -  0.00e+00 3.63e-07R 19
 223r 4.7155274e+02 7.00e+02 1.07e+03  -1.4 1.27e+03    -  8.00e-02 2.38e-02f  3
 224r 6.8832797e+02 6.15e+02 8.82e+02  -1.4 6.73e+02    -  7.41e-01 1.77e-01h  1
 225r 1.4470597e+03 3.02e+02 3.04e+02  -1.4 8.50e+02    -  2.33e-01 6.55e-01H  1
 226r 4.1668585e+02 2.33e+02 2.62e+02  -1.4 5.37e+03    -  2.72e-01 1.40e-01f  1
 227r 4.5837237e+02 2.51e+02 1.68e+02  -1.4 2.12e+02    -  1.69e-01 9.90e-01f  1
 228r 1.4473821e+02 2.21e+02 1.58e+02  -1.4 3.61e+03    -  1.35e-01 6.01e-02H  1
 229r 8.3259770e+01 5.20e+01 2.18e+02  -1.4 4.35e+01    -  2.43e-01 5.01e-01f  1
iter    objective    inf_pr   inf_du lg(mu)  ||d||  lg(rg) alpha_du alpha_pr  ls
 230r 4.4831606e+01 2.19e+01 2.06e+02  -1.4 1.01e+03    -  2.03e-01 2.34e-02f  1
 231r 7.1675611e+01 4.71e+01 9.79e+01  -1.4 2.01e+02    -  6.93e-02 9.90e-01f  1
 232r 7.3938078e+01 4.72e+01 9.70e+01  -1.1 9.89e+02    -  2.03e-01 1.13e-03h  6
 233r 3.5227372e+01 4.21e+01 7.71e+01  -0.5 2.65e+02    -  5.80e-01 9.97e-02H  1
 234r 3.0120229e+01 8.40e+01 6.35e+01  -1.1 1.64e+01    -  1.90e-01 1.90e-01s 21
 235r 2.7051803e+01 6.86e+01 2.79e+01  -1.1 5.51e+01    -  4.02e-01 0.00e+00S 21
 236r 2.4256686e+01 2.01e+01 3.74e+01  -1.8 1.77e+01    -  4.05e-01 1.00e+00H  1
 237r 1.9343682e+01 1.80e+01 1.44e+01  -1.0 8.04e+00    -  1.00e+00 4.60e-01f  1
 238r 1.9421404e+01 1.74e+01 2.53e+01  -1.5 5.95e+00    -  1.00e+00 5.77e-01f  1
 239r 1.9284028e+01 2.05e+01 2.24e+01  -1.7 1.93e+01    -  1.00e+00 1.83e-02f  1
iter    objective    inf_pr   inf_du lg(mu)  ||d||  lg(rg) alpha_du alpha_pr  ls
 240r 7.1219908e+02 3.20e+02 7.55e+02   0.6 1.00e+03    -  3.53e-02 1.33e-02f  1
 241r 7.0908432e+02 3.01e+02 6.89e+02  -1.1 2.99e+02    -  2.14e-02 3.07e-03h  1
 242r 6.6564770e+02 4.17e+02 6.86e+02  -1.1 6.66e+02    -  4.62e-03 4.62e-03s 15
 243r 6.5908144e+02 3.68e+02 6.84e+02  -1.1 3.95e+02    -  4.06e-03 4.06e-03s 15
 244r 6.4943239e+02 3.08e+02 3.61e+02  -1.1 8.64e+02    -  3.63e-03 0.00e+00S 15
 245r 6.4943239e+02 3.08e+02 3.61e+02  -1.1 5.89e+02    -  0.00e+00 3.26e-07R 15
 246r 8.1736839e+01 2.87e+01 3.90e+02  -1.1 3.15e+02    -  1.38e-01 6.72e-01f  1
 247r 6.2885801e+01 4.79e+01 2.85e+02  -1.1 2.95e+02    -  5.03e-02 1.45e-01f  1
 248r 3.0551661e+01 1.01e+01 4.38e+02  -1.1 2.61e+02    -  7.15e-02 8.07e-01f  1
 249r 2.0091316e+01 1.74e+01 2.18e+02  -1.1 4.82e+01    -  4.39e-01 4.98e-01f  1
iter    objective    inf_pr   inf_du lg(mu)  ||d||  lg(rg) alpha_du alpha_pr  ls
 250r 1.8647686e+01 2.36e+00 7.17e+01  -1.1 2.61e+01    -  4.42e-01 6.40e-01f  1
 251r 1.8647686e+01 2.36e+00 9.99e+02   0.4 0.00e+00    -  0.00e+00 4.66e-07R 13
 252r 1.8704689e+01 2.40e+00 9.97e+02  -1.8 3.39e+02    -  1.00e+00 2.62e-03f  1
 253r 9.9342518e+01 3.62e+01 5.00e+03  -0.4 1.37e+01    -  1.00e+00 4.31e-01f  1
 254r 9.7870611e+01 3.43e+01 4.90e+03  -0.8 8.55e+01    -  8.39e-02 1.93e-02f  1
 255r 9.7098764e+01 3.41e+01 4.87e+03   0.9 6.30e+01    -  2.29e-01 1.05e-02f  1
 256r 9.4606889e+01 3.34e+01 4.66e+03   0.9 3.10e+01    -  2.04e-01 4.14e-02f  1
 257r 9.2171152e+01 3.26e+01 4.49e+03   0.1 3.05e+00    -  6.42e-01 3.35e-02f  1
 258r 1.2897198e+02 2.80e+01 1.07e+03   0.6 1.56e+01    -  1.00e+00 1.00e+00f  1
 259r 1.9646592e+02 4.56e+01 6.26e+03   0.5 2.01e+02    -  5.92e-02 1.16e-01f  1
iter    objective    inf_pr   inf_du lg(mu)  ||d||  lg(rg) alpha_du alpha_pr  ls
 260r 2.1281186e+02 4.73e+01 5.45e+03   0.5 1.26e+02    -  1.35e-03 7.65e-02h  2
 261r 2.4640762e+02 5.29e+01 5.27e+03   0.5 3.39e+02    -  4.85e-02 4.85e-02s 18
 262r 2.5318497e+02 5.40e+01 5.26e+03   0.5 1.43e+03    -  2.38e-03 2.38e-03s 18
 263r 2.5319016e+02 5.39e+01 5.26e+03   0.5 5.44e+01    -  4.86e-04 4.86e-04s 18
 264r 2.4665746e+02 4.95e+01 3.42e+03   0.5 4.81e+01    -  6.56e-01 0.00e+00S 18
 265r 2.3780604e+02 4.56e+01 8.36e+02   0.5 1.33e+01    -  6.91e-01 1.00e+00h  1
 266r 2.2318220e+02 4.24e+01 1.98e+01   0.5 7.67e+00    -  1.00e+00 1.00e+00f  1
 267r 2.2230772e+02 4.21e+01 4.18e+01  -0.2 2.82e+00    -  1.00e+00 9.45e-01f  1
 268r 2.0574844e+02 4.00e+01 1.34e+02  -0.2 9.37e+00    -  9.34e-01 9.10e-01f  1
 269r 1.8947725e+02 3.81e+01 1.47e+02  -0.2 1.06e+01    -  1.00e+00 7.75e-01f  1
iter    objective    inf_pr   inf_du lg(mu)  ||d||  lg(rg) alpha_du alpha_pr  ls
 270r 1.7217547e+02 3.59e+01 1.25e+01  -0.2 8.66e+00    -  1.00e+00 1.00e+00f  1
 271r 1.5875727e+02 3.41e+01 8.74e+00  -0.9 6.59e+00    -  1.00e+00 1.00e+00f  1
 272r 7.0034781e+01 1.94e+01 3.80e+00  -0.9 6.15e+01    -  1.00e+00 1.00e+00f  1
 273r 4.3356773e+01 1.21e+01 5.32e+00  -0.9 1.46e+01    -  1.00e+00 1.00e+00f  1
 274r 2.8516555e+01 7.61e+00 7.82e+01  -0.9 7.34e+00    -  1.00e+00 1.00e+00f  1
 275r 2.2753966e+01 5.18e+00 3.66e+00  -1.7 4.48e+00    -  9.95e-01 1.00e+00f  1
 276r 2.2127128e+01 4.81e+00 7.80e-01  -2.3 2.43e+00    -  9.46e-01 1.00e+00f  1
 277r 1.9079579e+01 3.20e+00 6.83e+00  -2.4 4.04e+00    -  1.00e+00 4.84e-01f  1
 278r 1.8641673e+01 4.29e+00 5.62e+00  -3.0 2.11e+00    -  1.00e+00 1.00e+00f  1
 279r 1.9414660e+01 3.62e+00 5.99e+00  -4.0 1.09e+00    -  4.44e-01 1.00e+00h  1
iter    objective    inf_pr   inf_du lg(mu)  ||d||  lg(rg) alpha_du alpha_pr  ls
 280r 1.9492502e+01 2.88e+00 8.62e+00  -2.2 1.13e+00    -  1.00e+00 1.00e+00h  1
 281r 2.5548624e+02 7.68e+01 1.72e+04  -2.4 8.62e+00    -  9.92e-01 1.00e+00f  1
 282r 2.5347085e+02 7.64e+01 1.72e+04  -2.5 2.82e+02    -  1.00e+00 2.53e-03f  1
 283r 2.5089374e+02 7.53e+01 1.70e+04  -2.5 3.36e+01    -  2.57e-02 1.10e-02f  1
 284r 2.4335620e+02 7.11e+01 1.64e+04  -0.5 5.76e+01    -  1.62e-04 3.34e-02f  1
 285r 2.4328373e+02 7.10e+01 1.64e+04  -0.5 5.98e+01    -  2.67e-01 3.22e-04f  1
 286r 2.1235911e+02 6.00e+01 1.37e+04  -0.1 1.68e+01    -  3.88e-02 1.71e-01f  1
 287r 2.1093229e+02 5.95e+01 1.36e+04  -0.2 4.00e+00    -  4.04e-01 7.42e-03f  1
 288r 1.8883496e+02 5.23e+01 1.18e+04  -0.3 3.97e+00    -  7.28e-01 1.33e-01f  1
 289r 1.7253922e+02 4.71e+01 1.06e+04  -0.2 3.75e+00    -  7.08e-01 1.09e-01f  1
iter    objective    inf_pr   inf_du lg(mu)  ||d||  lg(rg) alpha_du alpha_pr  ls
 290r 1.6087845e+02 4.36e+01 9.69e+03   0.1 3.59e+00    -  3.96e-01 8.52e-02f  1
 291r 1.5805650e+02 4.27e+01 9.51e+03   0.9 7.15e+00    -  8.99e-02 2.04e-02f  1
 292r 1.2269131e+02 3.11e+01 6.78e+03   0.7 7.46e+00    -  2.21e-01 3.16e-01f  1
 293r 6.3893775e+01 2.47e+01 2.00e+03   0.2 1.22e+01    -  1.40e-01 8.99e-01h  1
 294r 5.8098676e+01 2.78e+01 1.13e+03   0.2 1.13e+01    -  9.74e-01 3.91e-01h  1
 295r 6.2817677e+01 3.39e+01 3.01e+02   0.2 9.75e+00    -  6.31e-01 5.00e-01h  2
 296r 5.9583096e+01 3.19e+01 1.67e+03   0.2 5.50e+01    -  5.49e-03 3.72e-02h  1
 297r 6.1173579e+01 3.27e+01 6.39e+02   0.2 1.23e+01    -  3.97e-03 1.00e+00h  1
 298r 6.2112250e+01 3.30e+01 8.32e+01   0.2 8.57e-01    -  1.00e+00 1.00e+00h  1
 299r 6.3540310e+01 3.32e+01 1.95e+01  -0.5 7.25e-01    -  1.00e+00 9.86e-01f  1
iter    objective    inf_pr   inf_du lg(mu)  ||d||  lg(rg) alpha_du alpha_pr  ls
 300r 6.3485608e+01 3.31e+01 1.12e+01  -0.5 1.75e-01    -  1.00e+00 1.00e+00h  1
 301r 6.3010487e+01 3.29e+01 2.24e+02  -1.2 4.76e-01    -  1.00e+00 5.05e-01f  1
 302r 6.3003996e+01 3.29e+01 1.10e+01  -1.2 2.83e-01    -  1.00e+00 1.00e+00f  1
 303r 6.2988996e+01 3.29e+01 5.96e+00  -1.2 6.85e-03    -  1.00e+00 1.00e+00f  1
 304r 6.2957510e+01 3.28e+01 3.98e+00  -1.2 1.59e-02    -  1.00e+00 1.00e+00f  1
 305r 6.2863919e+01 3.28e+01 2.19e+00  -1.2 4.72e-02    -  1.00e+00 1.00e+00f  1
 306r 6.2489972e+01 3.26e+01 2.28e+00  -1.9 1.88e-01    -  1.00e+00 1.00e+00f  1
 307r 6.1619879e+01 3.21e+01 1.41e+00  -1.9 4.37e-01    -  1.00e+00 1.00e+00f  1
 308r 5.3271891e+01 2.76e+01 4.09e+00  -1.9 4.48e+00    -  1.00e+00 1.00e+00f  1
 309r 3.0351179e+01 1.23e+01 4.09e+00  -1.9 1.52e+01    -  1.00e+00 1.00e+00f  1
iter    objective    inf_pr   inf_du lg(mu)  ||d||  lg(rg) alpha_du alpha_pr  ls
 310r 2.1878843e+01 4.56e+00 1.70e+01  -1.9 1.53e+01    -  1.00e+00 1.00e+00f  1
 311r 2.1682820e+01 4.71e+00 6.89e-01  -1.9 8.60e+00    -  1.00e+00 1.00e+00f  1
 312r 2.0648809e+01 4.53e+00 5.25e-01  -3.7 5.54e-01    -  9.74e-01 1.00e+00f  1
 313r 1.8654941e+01 3.47e+00 4.10e+01  -2.7 1.30e+00    -  1.00e+00 9.27e-01f  1
 314r 1.8874423e+01 4.86e+00 2.98e+00  -2.8 1.54e+00    -  1.00e+00 1.00e+00f  1
 315r 1.9692750e+01 4.80e+00 5.76e+00  -3.0 2.98e+00    -  1.00e+00 1.25e-01h  4
 316r 1.9692750e+01 4.80e+00 5.76e+00  -2.1 1.26e+01    -  0.00e+00 3.65e-07R 21
 317r 5.4518836e+01 5.28e+01 1.73e+02  -2.0 8.09e+00    -  1.00e+00 6.09e-01f  1
 318r 2.8731844e+01 1.73e+01 3.75e+01  -2.0 4.79e+01    -  9.79e-02 9.52e-01h  1
 319r 2.1310985e+01 1.19e+01 6.33e+00  -2.0 3.32e+01    -  1.00e+00 1.00e+00f  1
iter    objective    inf_pr   inf_du lg(mu)  ||d||  lg(rg) alpha_du alpha_pr  ls
 320r 1.8831757e+01 4.49e+00 3.48e+00  -2.0 5.41e+00    -  1.00e+00 1.00e+00f  1
 321r 2.0662823e+01 2.37e+01 1.95e+02  -2.0 7.38e+00    -  8.43e-01 1.00e+00f  1
 322r 1.9503677e+01 2.16e+01 1.44e+02  -2.0 1.92e+01    -  2.97e-01 6.79e-01h  1
 323r 1.9458652e+01 2.08e+01 1.80e+02  -2.0 5.38e+00    -  2.92e-01 1.60e-02h  1
 324r 1.9458436e+01 2.08e+01 1.68e+03  -2.0 7.55e+00    -  8.72e-01 1.55e-04h  1
 325r 1.9487274e+01 2.19e+01 1.67e+03  -2.0 3.79e+01    -  3.11e-03 3.11e-03s 15
 326r 1.9487274e+01 2.19e+01 1.67e+03  -2.0 5.46e+01    -  0.00e+00 0.00e+00R  1
 327r 1.9323698e+01 1.98e+01 1.06e+03  -2.0 1.16e+00    -  1.51e-01 3.67e-01f  1
 328r 1.9328981e+01 1.86e+01 1.06e+03  -2.0 1.81e+02    -  1.47e-02 7.60e-04f  7
 329r 1.9320421e+01 1.85e+01 1.06e+03  -2.0 1.36e+01    -  9.45e-02 1.68e-03f  1
iter    objective    inf_pr   inf_du lg(mu)  ||d||  lg(rg) alpha_du alpha_pr  ls
 330r 1.9298624e+01 1.75e+01 1.05e+03  -2.0 1.44e+01    -  5.47e-02 8.41e-03f  3
 331r 1.9396438e+01 2.05e+01 1.04e+03  -2.0 3.81e+01    -  1.05e-02 1.08e-02f  1
 332r 1.9409592e+01 1.94e+01 1.03e+03  -2.0 8.77e+02    -  5.54e-03 1.35e-04f  6
 333r 1.9516171e+01 2.22e+01 1.03e+03  -2.0 6.35e+02    -  3.78e-03 4.63e-04f  4
 334r 1.9756842e+01 1.90e+01 1.03e+03  -2.0 2.12e+02    -  9.55e-03 1.63e-03f  4
 335r 1.9899865e+01 2.39e+01 1.03e+03  -2.0 5.86e+02    -  1.13e-02 8.96e-04f  4
 336r 1.9965024e+01 2.33e+01 1.02e+03  -2.0 6.25e+01    -  1.35e-03 5.79e-03f  1
 337r 1.9970333e+01 2.35e+01 1.02e+03  -2.0 5.59e+02    -  1.66e-02 5.61e-05f  6
 338r 1.9962129e+01 2.37e+01 1.02e+03  -2.0 6.88e+02    -  5.12e-04 6.15e-05f  5
 339r 1.9965526e+01 2.37e+01 1.02e+03  -2.0 3.30e+01    -  2.77e-02 1.72e-04f  5
iter    objective    inf_pr   inf_du lg(mu)  ||d||  lg(rg) alpha_du alpha_pr  ls
 340r 1.9731985e+01 2.16e+01 1.02e+03  -2.0 2.74e+02    -  1.93e-03 7.86e-04f  2
 341r 1.9921089e+01 2.33e+01 1.02e+03  -2.0 6.30e+02    -  1.58e-04 3.82e-04f  5
 342r 2.0304155e+01 2.50e+01 1.02e+03  -2.0 1.82e+02    -  1.79e-03 1.28e-03f  1
 343r 6.0421889e+01 5.19e+01 1.02e+03  -2.0 7.00e+02    -  4.27e-04 4.63e-03f  1
 344r 5.5763360e+01 5.72e+01 1.01e+03  -2.0 7.68e+02    -  2.91e-03 2.91e-03s 14
 345r 5.8346301e+01 5.61e+01 1.01e+03  -2.0 5.34e+03    -  2.40e-04 2.40e-04s 14
 346r 5.6555211e+01 4.75e+01 1.01e+03  -2.0 5.29e+02    -  1.38e-03 0.00e+00S 14
 347r 5.0783493e+01 2.97e+01 1.01e+03  -2.0 1.16e+03    -  3.70e-03 1.51e-03f  1
 348r 5.4856535e+01 5.19e+01 1.01e+03  -2.0 3.81e+02    -  1.14e-04 1.00e-02f  1
 349r 4.7570616e+01 5.68e+01 1.00e+03  -2.0 1.33e+03    -  2.87e-03 2.87e-03s 14
iter    objective    inf_pr   inf_du lg(mu)  ||d||  lg(rg) alpha_du alpha_pr  ls
 350r 4.8754270e+01 5.76e+01 9.87e+02  -2.0 5.30e+01    -  1.53e-02 1.53e-02s 14
 351r 4.7185527e+01 4.82e+01 7.45e+02  -2.0 3.50e+01    -  2.49e-01 0.00e+00S 14
 352r 3.8121962e+01 3.26e+01 4.52e+02  -2.0 2.46e+01    -  3.93e-01 4.29e-01H  1
 353r 3.7067306e+01 3.35e+01 4.21e+02  -2.0 3.47e+01    -  6.82e-02 5.17e-02F  1
 354r 3.1565773e+01 3.85e+01 3.35e+02  -2.0 1.79e+01    -  2.31e-01 9.84e-01f  1
 355r 3.2599440e+01 1.63e+01 8.00e+01  -2.0 1.77e+01    -  7.47e-01 2.23e-01H  1
 356r 3.6687057e+01 2.67e+01 7.72e+01  -2.0 7.62e+01    -  3.37e-02 3.29e-02f  1
 357r 2.4373639e+01 5.49e+00 7.30e+01  -2.0 1.54e+02    -  6.80e-02 3.33e-02f  1
 358r 2.4426700e+01 5.57e+00 7.25e+01  -2.0 4.72e+01    -  1.88e-03 6.03e-04f  1
 359r 2.4278092e+01 5.42e+00 6.56e+01  -2.0 4.83e+02    -  2.31e-02 1.54e-04f  1
iter    objective    inf_pr   inf_du lg(mu)  ||d||  lg(rg) alpha_du alpha_pr  ls
 360r 2.4214550e+01 6.46e+00 6.50e+01  -2.0 3.91e+01    -  9.02e-03 5.37e-03f  1
 361r 2.4256004e+01 6.58e+00 6.50e+01  -2.0 6.34e+01    -  4.05e-04 3.45e-04f  1
 362r 2.9176824e+01 8.38e+00 7.29e+01  -2.0 7.08e+01    -  2.72e-04 3.12e-02f  1
 363r 2.8804172e+01 8.97e+00 6.34e+01  -2.0 1.88e+02    -  1.01e-02 8.72e-04f  1
 364r 2.8672616e+01 1.17e+01 7.32e+01  -2.0 1.00e+02    -  2.57e-03 6.13e-03f  2
 365r 2.5025784e+01 1.10e+01 6.37e+01  -2.0 1.14e+04    -  2.52e-03 1.81e-04f  1
 366r 2.4997215e+01 1.16e+01 6.11e+01  -2.0 2.06e+02    -  1.70e-03 4.05e-04f  2
 367r 2.4995331e+01 1.17e+01 1.02e+02  -2.0 2.30e+02    -  3.43e-03 1.01e-04f  6
 368r 2.4994570e+01 1.19e+01 2.46e+02  -2.0 4.68e+02    -  3.10e-03 3.42e-05f  5
 369r 2.4992233e+01 1.19e+01 4.90e+02  -2.0 6.67e+02    -  4.64e-03 1.73e-06f  4
iter    objective    inf_pr   inf_du lg(mu)  ||d||  lg(rg) alpha_du alpha_pr  ls
 370r 2.4992235e+01 1.19e+01 5.61e+02  -2.0 1.02e+03    -  1.49e-03 4.54e-08f 17
 371r 2.4403331e+01 6.52e+00 5.60e+02  -2.0 8.54e+02    -  8.04e-04 9.87e-04f  1
 372r 2.4404704e+01 6.28e+00 5.66e+02  -2.0 1.15e+03    -  9.88e-05 3.78e-05f  1
 373r 2.0015774e+01 3.01e+01 4.78e+02  -2.0 1.86e+03    -  2.77e-05 1.55e-03f  1
 374r 2.0037024e+01 3.01e+01 4.79e+02  -2.0 1.66e+03    -  4.76e-05 3.60e-05f  1
 375r 2.0039120e+01 3.02e+01 4.83e+02  -2.0 5.08e+03    -  7.02e-05 4.09e-06f  1
 376r 2.0127532e+01 3.06e+01 4.54e+02  -2.0 7.30e+02    -  9.39e-07 1.75e-04f  1
 377r 2.0138951e+01 3.09e+01 4.52e+02  -2.0 1.72e+03    -  9.86e-06 2.75e-05f  1
 378r 2.0138951e+01 3.09e+01 4.52e+02  -2.0 1.29e+03    -  0.00e+00 1.17e-07R  2
 379r 2.0225865e+01 3.04e+01 4.46e+02  -2.0 1.95e+01    -  3.06e-03 8.90e-03f  1
iter    objective    inf_pr   inf_du lg(mu)  ||d||  lg(rg) alpha_du alpha_pr  ls
 380r 2.0198565e+01 3.05e+01 4.53e+02  -2.0 2.00e+01    -  2.98e-02 3.40e-03f  1
 381r 2.9410195e+01 5.09e+01 4.31e+02  -2.0 4.78e+01    -  1.16e-02 3.33e-02f  1
 382r 2.6456118e+01 2.13e+01 3.66e+02  -2.0 2.18e+01    -  8.37e-02 1.14e-01h  1
 383r 2.2550414e+01 4.42e+00 3.31e+02  -2.0 3.37e+01    -  2.14e-02 7.11e-02f  1
 384r 2.1782336e+01 2.49e+01 1.63e+03  -2.0 2.79e+01    -  5.99e-03 1.55e-01f  1
 385r 2.1477909e+01 2.49e+01 3.14e+03  -2.0 2.81e+01    -  4.28e-05 1.31e-01f  1
 386r 2.1037698e+01 1.61e+01 2.78e+03  -2.0 2.45e+01    -  1.39e-01 1.13e-01f  1
 387r 2.0090760e+01 2.70e+01 5.79e+01  -2.0 2.11e+01    -  2.55e-01 9.79e-01f  1
 388r 2.5597554e+01 1.71e+01 1.08e+02  -2.0 1.48e+01    -  9.70e-02 4.95e-02H  1
 389r 2.5491947e+01 1.61e+01 1.46e+02  -2.0 1.12e+01    -  3.37e-01 1.13e-02h  4
iter    objective    inf_pr   inf_du lg(mu)  ||d||  lg(rg) alpha_du alpha_pr  ls
 390r 2.1014416e+01 2.75e+01 8.01e+01  -2.0 2.97e+00    -  1.54e-01 5.41e-01H  1
 391r 2.0987277e+01 2.64e+01 1.82e+02  -2.0 5.10e+00    -  2.80e-01 2.02e-02f  1
 392r 2.0988692e+01 2.62e+01 2.57e+02  -2.0 4.13e+02    -  5.13e-03 5.86e-05f  8
 393r 2.2137853e+01 3.43e+01 2.30e+02  -2.0 3.22e+02    -  9.73e-04 2.27e-03f  3
 394r 2.3034773e+01 3.04e+01 2.61e+02  -2.0 6.23e+02    -  1.62e-03 5.60e-04h  4
 395r 2.3954130e+01 3.29e+01 3.30e+02  -2.0 9.74e+00    -  1.52e-01 5.36e-02f  1
 396r 2.5590196e+01 2.94e+01 3.25e+02  -2.0 7.84e+01    -  2.27e-04 1.07e-04H  1
 397r 2.6585495e+01 3.45e+01 2.64e+02  -2.0 5.88e+02    -  9.10e-03 8.22e-04f  2
 398r 2.6451967e+01 3.12e+01 1.96e+02  -2.0 4.68e+02    -  1.91e-02 5.99e-04h  5
 399r 2.6961342e+01 2.94e+01 7.94e+01  -2.0 3.49e+02    -  1.11e-02 7.97e-04f  3
iter    objective    inf_pr   inf_du lg(mu)  ||d||  lg(rg) alpha_du alpha_pr  ls
 400r 2.2268469e+01 2.93e+01 6.56e+01  -2.0 3.69e+03    -  3.70e-03 8.29e-04f  1
 401r 2.2210700e+01 2.90e+01 8.85e+01  -2.0 1.74e+02    -  1.71e-02 1.57e-04f  1
 402r 2.2216869e+01 2.97e+01 5.68e+02  -2.0 2.92e+01    -  4.81e-02 3.29e-03f  1
 403r 2.2240332e+01 3.33e+01 1.05e+03  -2.0 1.55e+02    -  2.00e-02 2.07e-03f  4
 404r 2.2253973e+01 3.12e+01 1.31e+03  -2.0 1.98e+02    -  8.09e-03 9.43e-04h  1
 405r 2.2252712e+01 3.09e+01 1.32e+03  -2.0 8.85e+01    -  5.77e-04 2.21e-04h  6
 406r 2.2100669e+01 3.05e+01 1.22e+03  -2.0 3.88e+01    -  1.26e-02 1.56e-02F  1
 407r 2.2096288e+01 2.92e+01 1.24e+03  -2.0 2.70e+02    -  2.53e-02 4.38e-04f  6
 408r 2.2085410e+01 3.08e+01 1.20e+03  -2.0 3.08e+01    -  2.26e-03 1.19e-02f  2
 409r 2.2079117e+01 2.97e+01 1.20e+03  -2.0 1.95e+02    -  2.59e-02 4.89e-04F  1
iter    objective    inf_pr   inf_du lg(mu)  ||d||  lg(rg) alpha_du alpha_pr  ls
 410r 2.2070633e+01 3.19e+01 1.15e+03  -2.0 5.73e+01    -  6.57e-02 3.25e-03f  3
 411r 2.2157146e+01 3.56e+01 1.11e+03  -2.0 2.13e+01    -  3.08e-02 3.08e-02s 18
 412r 2.2398143e+01 2.40e+01 1.10e+03  -2.0 8.32e+01    -  1.26e-02 1.26e-02s 18
 413r 2.2358176e+01 4.24e+01 1.03e+03  -2.0 2.43e+01    -  6.56e-02 6.56e-02s 18
 414r 2.2389083e+01 3.96e+01 1.02e+03  -2.0 5.91e+01    -  3.72e-03 3.72e-03s 18
 415r 2.3163525e+01 5.04e+01 1.01e+03  -2.0 6.08e+01    -  1.32e-02 1.32e-02s 18
 416r 2.3234937e+01 4.91e+01 1.00e+03  -2.0 3.46e+01    -  6.11e-03 6.11e-03s 18
 417r 2.3266129e+01 4.79e+01 9.94e+02  -2.0 3.25e+01    -  8.55e-03 8.55e-03s 18
 418r 2.4156933e+01 5.49e+01 9.80e+02  -2.0 3.47e+01    -  1.39e-02 1.39e-02s 18
 419r 2.4134698e+01 5.57e+01 9.75e+02  -2.0 2.40e+01    -  5.94e-03 5.94e-03s 18
iter    objective    inf_pr   inf_du lg(mu)  ||d||  lg(rg) alpha_du alpha_pr  ls
 420r 2.4530364e+01 5.30e+01 9.63e+02  -2.0 2.43e+01    -  1.18e-02 1.18e-02s 18
 421r 2.4939867e+01 3.88e+01 9.40e+02  -2.0 4.29e+01    -  2.42e-02 2.42e-02s 18
 422r 2.4939867e+01 3.88e+01 9.40e+02  -2.0 7.78e+00    -  0.00e+00 0.00e+00R  1
 423r 2.4526702e+01 3.37e+01 8.27e+02  -2.0 6.37e+00    -  1.24e-01 6.54e-02f  2
 424r 2.4386470e+01 3.36e+01 7.51e+02  -2.0 6.59e+00    -  9.89e-02 3.04e-02f  1
 425r 2.4149057e+01 3.51e+01 7.00e+02  -2.0 9.89e+00    -  7.27e-02 2.75e-02f  1
 426r 2.3894018e+01 3.26e+01 6.83e+02  -2.0 4.12e+00    -  2.00e-02 5.14e-02f  5
 427r 2.3868901e+01 3.21e+01 6.23e+02  -2.0 8.45e+00    -  1.00e-01 4.99e-03f  6
 428r 2.3778356e+01 3.32e+01 5.93e+02  -2.0 1.96e+01    -  5.14e-02 1.00e-02F  1
 429r 2.3756315e+01 3.22e+01 5.68e+02  -2.0 2.04e+01    -  5.02e-02 4.09e-03f  6
iter    objective    inf_pr   inf_du lg(mu)  ||d||  lg(rg) alpha_du alpha_pr  ls
 430r 2.3681112e+01 3.21e+01 5.59e+02  -2.0 7.01e+00    -  1.42e-02 2.51e-02F  1
 431r 1.9437037e+01 3.89e+00 4.98e+02  -2.0 2.87e+01    -  1.07e-01 1.32e-01f  1
 432r 1.9426065e+01 3.78e+00 4.96e+02  -2.0 5.87e+01    -  2.30e-03 6.40e-04f  1
 433r 1.9000247e+01 8.14e+00 4.88e+02  -2.0 1.13e+02    -  1.23e-02 9.11e-03f  1
 434r 1.8036546e+01 3.40e+00 4.98e+02  -2.0 2.86e+01    -  1.57e-03 1.04e-01f  1
 435r 1.7974546e+01 3.51e+00 4.83e+02  -2.0 8.82e+01    -  8.94e-03 1.04e-03f  1
 436r 1.7946567e+01 2.80e+00 4.69e+02  -2.0 1.39e+02    -  1.71e-02 1.26e-03f  1
 437r 1.8064326e+01 2.43e+00 4.80e+02  -2.0 1.12e+02    -  1.10e-03 3.61e-03f  1
 438r 1.8117750e+01 2.65e+00 4.65e+02  -2.0 2.08e+02    -  4.79e-03 9.95e-04f  1
 439r 1.8407498e+01 7.08e+00 4.68e+02  -2.0 6.08e+02    -  1.01e-03 1.61e-03f  1
iter    objective    inf_pr   inf_du lg(mu)  ||d||  lg(rg) alpha_du alpha_pr  ls
 440r 1.8423307e+01 7.46e+00 4.72e+02  -2.0 5.11e+02    -  5.36e-06 1.45e-04f  1
 441r 1.8530355e+01 1.42e+01 6.15e+02  -2.0 9.09e+02    -  3.09e-05 1.15e-03f  1
 442r 1.8529602e+01 1.43e+01 5.64e+02  -2.0 2.43e+03    -  3.25e-04 4.25e-06f  1
 443r 1.8622815e+01 1.84e+01 5.69e+02  -2.0 1.56e+03    -  3.15e-05 3.53e-04f  1
 444r 1.8618970e+01 1.84e+01 6.16e+02  -2.0 1.90e+03    -  1.99e-06 7.91e-05f  1
 445r 1.8738700e+01 1.86e+01 1.68e+02  -2.0 4.30e+02    -  2.00e-03 7.70e-04f  1
 446r 1.8411832e+01 1.72e+01 9.75e+01  -2.0 3.42e+01    -  2.71e-03 1.88e-02f  1
 447r 1.8315250e+01 1.43e+01 9.06e+01  -2.0 3.36e+01    -  7.25e-03 6.82e-02f  1
 448r 1.8306948e+01 1.42e+01 9.03e+01  -2.0 3.10e+01    -  7.22e-02 3.55e-03f  1
 449r 1.8437329e+01 1.26e+01 8.53e+01  -2.0 3.09e+01    -  8.46e-02 5.55e-02f  1
iter    objective    inf_pr   inf_du lg(mu)  ||d||  lg(rg) alpha_du alpha_pr  ls
 450r 1.8344436e+01 8.85e+00 7.37e+01  -2.0 2.91e+01    -  9.51e-02 1.36e-01f  1
 451r 1.8102569e+01 5.98e+00 6.81e+01  -2.0 2.46e+01    -  4.76e-02 7.54e-02f  1
 452r 1.8178042e+01 6.50e+00 6.39e+01  -2.0 2.21e+01    -  1.17e-01 6.12e-02f  1
 453r 1.8959469e+01 1.93e+01 1.98e+02  -2.0 2.09e+01    -  1.41e-02 1.49e-01f  1
 454r 1.9436514e+01 1.88e+01 1.33e+02  -2.0 2.55e+01    -  7.40e-03 5.02e-02f  1
 455r 1.9567694e+01 2.26e+01 1.10e+02  -2.0 7.15e+01    -  1.37e-02 5.59e-03f  1
 456r 1.9724990e+01 2.25e+01 7.70e+01  -2.0 1.83e+01    -  1.23e-02 8.81e-02f  1
 457r 1.9623641e+01 2.24e+01 6.46e+01  -2.0 1.66e+01    -  9.56e-03 4.23e-02f  1
 458r 1.8826817e+01 2.14e+01 1.08e+02  -2.0 1.59e+01    -  2.57e-02 1.82e-01f  1
 459r 2.0413094e+01 1.70e+01 8.27e+01  -2.0 1.71e+01    -  2.42e-02 5.15e-02f  1
iter    objective    inf_pr   inf_du lg(mu)  ||d||  lg(rg) alpha_du alpha_pr  ls
 460r 1.9381303e+01 1.08e+01 8.86e+01  -2.0 1.16e+01    -  6.72e-02 5.89e-01f  1
 461r 1.8454892e+01 2.79e+00 6.39e+01  -2.0 7.41e+00    -  7.20e-02 2.01e-01f  1
 462r 1.8608710e+01 6.37e+00 2.23e+01  -2.0 1.09e+01    -  6.65e-03 1.18e-01f  1
 463r 1.8206527e+01 5.47e+00 5.76e+01  -2.0 7.03e+00    -  1.63e-01 2.29e-01f  1
 464r 1.8255317e+01 2.30e+00 4.11e+01  -2.0 6.46e+00    -  1.13e-02 1.15e-01f  1
 465r 1.8887485e+01 1.01e+01 4.17e+01  -2.0 1.77e+01    -  1.31e-02 9.16e-02f  1
 466r 1.8331896e+01 9.09e+00 1.50e+02  -2.0 6.33e+00    -  2.02e-01 1.54e-01f  1
 467r 1.8389897e+01 1.63e+01 4.08e+01  -2.0 2.17e+00    -  1.21e-01 5.69e-01f  1
 468r 1.9099616e+01 2.33e+01 4.69e+01  -2.0 9.61e+00    -  9.65e-02 9.65e-02s 20
 469r 1.9036611e+01 2.20e+01 4.04e+01  -2.0 1.33e+01    -  2.78e-02 2.78e-02s 20
iter    objective    inf_pr   inf_du lg(mu)  ||d||  lg(rg) alpha_du alpha_pr  ls
 470r 1.9059601e+01 1.46e+01 6.82e+01  -2.0 1.16e+01    -  9.42e-02 0.00e+00S 20
 471r 1.8642128e+01 4.25e+00 4.80e+01  -2.0 6.26e+00    -  8.86e-02 5.02e-01H  1
 472r 1.8622844e+01 4.49e+00 8.26e+01  -2.0 5.92e+00    -  2.40e-01 1.82e-01f  1
 473r 1.8622623e+01 4.13e+00 6.15e+01  -2.0 4.84e+00    -  1.44e-02 5.74e-02f  1
 474r 1.8726651e+01 4.03e+00 1.29e+02  -2.0 1.18e+01    -  4.07e-02 8.32e-02f  1
 475r 1.9112164e+01 2.39e+00 8.57e+01  -2.0 2.46e+01    -  2.99e-02 9.19e-02f  1
 476r 1.9123086e+01 2.84e+00 1.22e+02  -2.0 2.08e+01    -  1.13e-02 6.09e-02f  1
 477r 1.9108335e+01 2.26e+00 1.03e+02  -2.0 3.94e+00    -  2.46e-01 1.10e-01f  1
 478r 1.8953633e+01 2.25e+00 5.40e+01  -2.0 1.69e+00    -  5.89e-02 2.64e-01f  1
 479r 1.8870597e+01 2.23e+00 5.28e+01  -2.0 2.30e+00    -  1.28e-01 9.97e-02f  1
iter    objective    inf_pr   inf_du lg(mu)  ||d||  lg(rg) alpha_du alpha_pr  ls
 480r 1.8777439e+01 2.57e+00 4.95e+01  -2.0 2.17e+01    -  6.24e-03 5.55e-02f  1
 481r 1.8628954e+01 2.44e+00 2.41e+01  -2.0 2.34e+00    -  2.41e-01 2.07e-01f  1
 482r 1.8396904e+01 2.52e+00 3.54e+01  -2.0 1.99e+00    -  1.44e-01 2.99e-01f  1
 483r 1.8377465e+01 2.60e+00 6.19e+01  -2.0 5.88e+00    -  1.10e-01 9.17e-02f  1
 484r 1.8335901e+01 3.16e+00 4.09e+01  -2.0 1.48e+00    -  2.71e-01 5.15e-01f  1
 485r 1.8266263e+01 2.56e+00 3.74e+01  -2.0 1.29e+01    -  8.88e-02 6.24e-02h  1
 486r 1.8553764e+01 2.94e+00 5.58e+01  -2.0 2.28e+00    -  1.84e-01 7.60e-01H  1
 487r 1.8487645e+01 2.91e+00 5.17e+01  -2.0 1.10e+01    -  5.10e-02 4.22e-02f  1
 488r 1.8430018e+01 3.92e+00 1.68e+01  -2.0 1.27e+00    -  3.68e-01 5.42e-01h  1
 489r 1.8474780e+01 3.85e+00 2.24e+01  -2.0 1.45e+01    -  3.57e-02 1.62e-02h  3
iter    objective    inf_pr   inf_du lg(mu)  ||d||  lg(rg) alpha_du alpha_pr  ls
 490r 1.8440614e+01 3.78e+00 2.65e+01  -2.0 9.35e+00    -  9.15e-02 1.67e-02h  4
 491r 1.8205863e+01 4.30e+00 9.15e+01  -2.0 9.58e+00    -  1.23e-01 1.23e-01s 20
 492r 1.8104913e+01 2.88e+00 8.24e+01  -2.0 7.51e+00    -  1.11e-01 1.11e-01s 20
 493r 1.8091494e+01 3.05e+00 7.26e+01  -2.0 2.34e+00    -  4.67e-02 4.67e-02s 20
 494r 1.8244120e+01 2.53e+00 5.41e+01  -2.0 9.44e+00    -  8.70e-02 8.70e-02s 20
 495r 1.8425318e+01 2.99e+00 4.73e+01  -2.0 1.66e+01    -  4.32e-02 4.32e-02s 20
 496r 1.8450085e+01 4.24e+00 7.64e+01  -2.0 2.08e+00    -  4.11e-01 4.11e-01s 20
 497r 1.8464977e+01 3.74e+00 7.07e+01  -2.0 1.69e+00    -  1.55e-01 1.55e-01s 20
 498r 1.8342781e+01 3.43e+00 4.39e+01  -2.0 1.12e+01    -  5.06e-02 5.06e-02s 20
 499r 1.8368561e+01 3.37e+00 4.25e+01  -2.0 1.50e+00    -  1.56e-01 1.56e-01s 20
iter    objective    inf_pr   inf_du lg(mu)  ||d||  lg(rg) alpha_du alpha_pr  ls
 500r 1.8368561e+01 3.37e+00 4.25e+01  -2.0 2.23e+01    -  0.00e+00 0.00e+00R  1
 501r 1.8211148e+01 3.63e+00 5.16e+01  -2.0 2.23e+01    -  5.14e-02 3.39e-02f  1
 502r 1.8237257e+01 4.04e+00 5.02e+01  -2.0 3.33e+00    -  1.25e-01 1.68e-01f  2
 503r 1.8099756e+01 3.83e+00 2.48e+01  -2.0 6.55e+00    -  1.70e-01 8.52e-02f  2
 504r 1.8199545e+01 3.42e+00 2.58e+01  -2.0 4.46e+00    -  2.48e-01 8.23e-02f  1
 505r 1.8207636e+01 3.02e+00 1.57e+01  -2.0 1.19e+01    -  2.88e-02 1.65e-02f  3
 506r 1.8213185e+01 2.88e+00 1.89e+01  -2.0 3.76e+00    -  1.05e-01 2.41e-02f  3
 507r 1.8214399e+01 2.87e+00 1.85e+01  -2.0 3.84e+00    -  1.66e-01 1.62e-03f  8
 508r 1.8253380e+01 2.86e+00 1.90e+01  -2.0 9.56e+00    -  1.04e-01 2.68e-02f  1
 509r 1.8334317e+01 2.87e+00 1.01e+01  -2.0 3.56e+00    -  2.13e-01 9.29e-02f  4
iter    objective    inf_pr   inf_du lg(mu)  ||d||  lg(rg) alpha_du alpha_pr  ls
 510r 1.8337144e+01 2.60e+00 8.69e+00  -2.0 1.27e+00    -  7.17e-01 2.85e-01f  1
 511r 1.8453316e+01 2.68e+00 7.31e+01  -2.0 1.45e+00    -  1.67e-01 6.60e-01F  1
 512r 1.8479162e+01 2.67e+00 6.15e+01  -2.0 3.71e+00    -  3.50e-01 1.10e-01f  1
 513r 1.8492263e+01 2.98e+00 1.65e+01  -2.0 3.22e+00    -  2.74e-01 2.80e-01f  1
 514r 1.8415820e+01 3.03e+00 2.08e+01  -2.0 2.16e+00    -  4.06e-02 1.50e-01f  1
 515r 1.8266799e+01 2.80e+00 1.16e+01  -2.0 2.13e+01    -  4.00e-02 2.78e-02f  3
 516r 1.8207172e+01 2.71e+00 2.21e+01  -2.0 3.06e+00    -  2.88e-02 1.28e-01f  2
 517r 1.8190331e+01 2.84e+00 4.83e+00  -2.0 4.15e+00    -  1.71e-01 4.08e-02f  3
 518r 1.8201062e+01 2.92e+00 4.17e+00  -2.0 1.58e+01    -  9.49e-02 8.76e-03f  5
 519r 1.8224724e+01 2.91e+00 5.35e+00  -2.0 8.30e+00    -  1.71e-01 1.22e-02f  5
iter    objective    inf_pr   inf_du lg(mu)  ||d||  lg(rg) alpha_du alpha_pr  ls
 520r 1.8269212e+01 3.41e+00 7.09e+01  -2.0 6.60e+00    -  1.17e-01 1.78e-01f  1
 521r 1.8421081e+01 3.05e+00 4.60e+01  -2.0 1.41e+00    -  5.09e-01 7.63e-01f  1
 522r 1.8358604e+01 4.09e+00 1.35e+02  -2.0 2.12e+01    -  1.20e-02 2.91e-02f  1
 523r 1.8360946e+01 3.85e+00 3.60e+01  -2.0 1.35e+00    -  6.30e-01 8.58e-01h  1
 524r 1.8332245e+01 3.69e+00 3.26e+01  -2.0 3.84e+00    -  2.95e-02 2.50e-01f  1
 525r 1.8191991e+01 3.45e+00 1.85e+01  -2.0 1.48e+00    -  5.37e-02 4.97e-01f  1
 526r 1.8301428e+01 2.81e+00 1.76e+01  -2.0 8.64e-01    -  1.69e-01 6.70e-01f  1
 527r 1.8312603e+01 2.61e+00 1.99e+01  -2.0 1.02e+01    -  5.85e-02 4.32e-02f  1
 528r 1.8259793e+01 4.32e+00 1.10e+02  -2.0 3.59e+00    -  1.28e-01 4.54e-01f  1
 529r 1.8194576e+01 4.28e+00 5.75e+01  -2.0 5.10e+00    -  2.49e-02 1.34e-01h  1
iter    objective    inf_pr   inf_du lg(mu)  ||d||  lg(rg) alpha_du alpha_pr  ls
 530r 1.8287404e+01 4.40e+00 5.07e+01  -2.0 3.80e+00    -  1.04e-01 9.29e-02h  1
 531r 1.8134410e+01 2.78e+00 4.84e+01  -2.0 9.07e+00    -  1.96e-02 8.76e-02H  1
 532r 1.8174449e+01 2.90e+00 9.09e+01  -2.0 9.64e+00    -  5.72e-02 1.15e-01f  1
 533r 1.8291336e+01 4.04e+00 2.75e+01  -2.0 2.79e+00    -  1.02e-01 2.42e-01f  1
 534r 1.8196204e+01 2.72e+00 9.58e+00  -2.0 8.95e-01    -  7.06e-02 1.00e+00h  1
 535r 1.8236037e+01 2.97e+00 2.94e+01  -2.0 4.04e+00    -  3.08e-01 1.88e-01f  1
 536r 1.8322540e+01 3.29e+00 6.98e+01  -2.0 1.64e+00    -  2.61e-01 2.43e-01f  1
 537r 1.8437617e+01 3.70e+00 1.43e+01  -2.0 6.58e-01    -  1.36e-01 1.00e+00f  1
 538r 1.8369674e+01 3.23e+00 1.24e+01  -2.0 2.75e+00    -  8.98e-02 9.88e-02h  1
 539r 1.8391890e+01 2.88e+00 3.45e+01  -2.0 2.75e-01    -  2.55e-01 1.00e+00h  1
iter    objective    inf_pr   inf_du lg(mu)  ||d||  lg(rg) alpha_du alpha_pr  ls
 540r 1.8349614e+01 2.70e+00 1.30e+01  -2.0 1.83e+00    -  3.79e-01 1.48e-01f  2
 541r 1.8133712e+01 2.83e+00 1.62e+01  -2.0 1.33e+00    -  3.01e-01 6.57e-01F  1
 542r 1.8125118e+01 2.76e+00 3.49e+01  -2.0 3.74e+00    -  1.62e-01 1.17e-01f  2
 543r 1.8077527e+01 2.78e+00 1.98e+01  -2.0 2.87e+00    -  2.21e-01 1.49e-01f  2
 544r 1.8130913e+01 2.64e+00 2.62e+01  -2.0 4.93e+00    -  1.56e-01 4.25e-02f  3
 545r 1.8180378e+01 4.16e+00 4.05e+01  -2.0 8.91e+00    -  1.23e-01 8.57e-02f  1
 546r 1.8254792e+01 5.87e+00 4.38e+01  -2.0 5.29e+00    -  1.38e-01 1.38e-01s 20
 547r 1.8196969e+01 4.35e+00 6.01e+01  -2.0 3.06e+00    -  5.68e-01 0.00e+00S 20
 548r 1.8103951e+01 3.26e+00 2.07e+01  -2.0 1.91e+01    -  6.24e-02 1.98e-02f  3
 549r 1.8140869e+01 4.61e+00 2.61e+01  -2.0 1.35e+00    -  3.93e-01 4.50e-01f  1
iter    objective    inf_pr   inf_du lg(mu)  ||d||  lg(rg) alpha_du alpha_pr  ls
 550r 1.8260107e+01 3.35e+00 2.54e+01  -2.0 9.71e-01    -  1.43e-01 1.00e+00h  1
 551r 1.8165023e+01 2.67e+00 8.12e+00  -2.0 3.36e+00    -  1.30e-01 1.04e-01f  3
 552r 1.8097585e+01 3.25e+00 2.34e+01  -2.0 1.81e+00    -  1.00e+00 5.04e-01f  1
 553r 1.7925105e+01 9.47e+00 1.22e+02  -2.0 1.60e+00    -  4.42e-01 7.40e-01H  1
 554r 1.8352310e+01 3.59e+00 7.53e+00  -2.0 2.14e+00    -  6.54e-01 1.00e+00H  1
 555r 1.8464638e+01 4.58e+00 1.39e+02  -1.3 2.64e+00    -  1.00e+00 4.10e-01f  1
 556r 1.8368938e+01 7.01e+00 4.45e+01  -1.6 2.61e+00    -  5.43e-01 6.32e-01h  1
 557r 1.8408850e+01 5.96e+00 3.25e+01  -1.6 3.39e+00    -  1.26e-01 2.23e-01h  1
 558r 1.8347765e+01 3.32e+00 4.29e+01  -1.6 3.53e+00    -  1.86e-01 1.63e-01h  3
 559r 1.8328556e+01 2.94e+00 3.64e+01  -1.6 2.82e+01    -  4.44e-02 4.27e-03f  5
iter    objective    inf_pr   inf_du lg(mu)  ||d||  lg(rg) alpha_du alpha_pr  ls
 560r 1.8496729e+01 5.03e+00 3.22e+01  -1.6 2.44e+00    -  3.75e-01 3.62e-01f  1
 561r 1.8394075e+01 7.14e+00 6.38e+01  -1.6 1.01e+00    -  8.60e-01 5.33e-01h  1
 562r 1.8195375e+01 3.95e+00 5.86e+01  -1.6 4.36e+00    -  1.00e-01 4.32e-01H  1
 563r 1.8242171e+01 2.26e+00 7.34e+01  -1.6 9.91e+00    -  1.13e-01 9.14e-02f  1
 564r 1.8206300e+01 4.32e+00 2.96e+01  -1.6 8.93e-01    -  2.40e-01 1.00e+00f  1
 565r 1.8263892e+01 4.69e+00 2.07e+01  -0.9 4.31e+00    -  1.00e+00 2.18e-01f  1
 566r 1.8152785e+01 3.90e+00 5.47e+01  -1.3 2.94e+00    -  4.35e-01 1.00e+00h  1
 567r 1.8231761e+01 4.79e+00 1.39e+02  -1.3 1.91e+00    -  3.67e-01 5.00e-01f  2
 568r 1.7865846e+01 1.62e+01 3.04e+02  -1.3 3.70e+00    -  7.65e-02 6.45e-01H  1
 569r 2.0022437e+01 1.10e+01 1.89e+02  -1.3 5.45e+00    -  1.06e-01 2.95e-01h  1
iter    objective    inf_pr   inf_du lg(mu)  ||d||  lg(rg) alpha_du alpha_pr  ls
 570r 2.0015372e+01 1.06e+01 1.88e+02  -1.3 6.63e+00    -  4.66e-02 8.44e-03f  6
 571r 1.9749916e+01 1.33e+01 1.55e+02  -1.3 5.32e+00    -  9.06e-02 9.01e-02f  1
 572r 1.9721282e+01 1.35e+01 1.52e+02  -1.3 1.98e+00    -  4.36e-01 2.53e-02h  5
 573r 1.9675368e+01 1.12e+01 1.48e+02  -1.3 1.20e+01    -  9.04e-02 2.62e-02h  4
 574r 1.9675276e+01 1.12e+01 1.47e+02  -1.3 1.03e+01    -  1.33e-01 5.72e-04f  9
 575r 1.9675816e+01 1.12e+01 1.47e+02  -1.3 1.24e+01    -  2.98e-02 3.16e-04f  9
 576r 1.9675842e+01 1.12e+01 1.47e+02  -1.3 4.97e+01    -  4.45e-02 2.51e-05f 12
 577r 1.9675728e+01 1.12e+01 1.47e+02  -1.3 1.79e+01    -  1.34e-02 2.42e-05f 13
 578r 1.9764352e+01 1.24e+01 1.12e+02  -1.3 7.02e+01    -  3.22e-02 7.04e-03f  1
 579r 1.9297462e+01 1.79e+01 9.32e+01  -1.3 2.62e+00    -  2.62e-01 2.62e-01s 22
iter    objective    inf_pr   inf_du lg(mu)  ||d||  lg(rg) alpha_du alpha_pr  ls
 580r 1.8736094e+01 3.13e+00 1.10e+02  -1.3 5.61e+00    -  5.46e-01 5.46e-01s 22
 581r 1.8799332e+01 2.70e+00 6.75e+01  -1.3 1.99e+01    -  1.31e-02 1.31e-02s 22
 582r 1.8819974e+01 1.97e+00 7.21e+01  -1.3 1.43e+01    -  1.44e-01 1.44e-01s 22
 583r 1.8570579e+01 2.45e+00 5.79e+01  -1.3 1.20e+01    -  3.12e-01 3.12e-01s 22
 584r 1.8366698e+01 2.42e+00 3.19e+01  -1.3 6.90e+00    -  1.13e-01 1.13e-01s 22
 585r 1.8651386e+01 3.94e+00 1.40e+02  -1.3 6.99e+00    -  2.64e-01 2.64e-01s 22
 586r 1.8651386e+01 3.94e+00 1.40e+02  -1.3 1.17e+01    -  0.00e+00 0.00e+00R  1
 587r 1.8872966e+01 6.65e+00 4.91e+02  -1.3 1.17e+01    -  5.48e-02 7.36e-02F  1
 588r 1.8720472e+01 5.03e+00 4.13e+02  -1.3 3.14e+00    -  3.20e-02 1.42e-01f  1
 589r 1.8696836e+01 4.87e+00 3.95e+02  -1.3 3.73e+01    -  2.51e-02 3.77e-03f  1
iter    objective    inf_pr   inf_du lg(mu)  ||d||  lg(rg) alpha_du alpha_pr  ls
 590r 1.8724308e+01 6.41e+00 3.76e+02  -1.3 1.25e+01    -  1.36e-02 2.40e-02f  4
 591r 1.8796139e+01 3.70e+00 3.62e+02  -1.3 2.31e+01    -  1.55e-01 2.39e-02f  2
 592r 1.8798969e+01 2.55e+00 3.53e+02  -1.3 4.85e+01    -  7.45e-02 5.88e-03f  5
 593r 1.8615280e+01 3.40e+00 3.58e+02  -1.3 1.47e+01    -  1.09e-01 4.03e-02f  3
 594r 1.8611428e+01 3.28e+00 3.57e+02  -1.3 1.56e+01    -  8.32e-02 1.80e-03f  8
 595r 1.8894847e+01 1.20e+01 3.11e+02  -1.3 7.54e+01    -  3.31e-02 2.04e-02f  1
 596r 1.7354614e+02 4.43e+01 2.09e+02  -1.3 8.03e+01    -  1.93e-03 6.51e-02f  1
 597r 1.7006469e+02 4.55e+01 1.86e+02  -1.3 3.93e+01    -  2.03e-02 2.21e-02h  1
 598r 1.3764842e+02 6.44e+01 3.56e+02  -1.3 3.97e+01    -  5.04e-02 1.45e-01H  1
 599r 4.2613838e+01 3.50e+01 2.11e+02  -1.3 5.02e+01    -  5.79e-02 2.42e-01h  1
iter    objective    inf_pr   inf_du lg(mu)  ||d||  lg(rg) alpha_du alpha_pr  ls
 600r 3.7034370e+01 3.46e+01 1.50e+02  -1.3 3.01e+01    -  2.61e-01 2.84e-01f  1
 601r 2.9042590e+01 3.38e+01 5.66e+01  -1.3 2.11e+01    -  3.77e-02 6.79e-01f  1
 602r 2.8692180e+01 2.82e+01 4.70e+01  -1.3 7.22e+00    -  4.00e-01 5.30e-01f  1
 603r 1.2870468e+02 5.11e+01 6.52e+01  -1.3 7.68e+01    -  5.30e-02 4.04e-01f  1
 604r 3.4403325e+01 4.57e+01 1.27e+02  -1.3 4.74e+01    -  2.86e-01 5.97e-01H  1
 605r 2.0975236e+01 3.34e+01 5.59e+01  -1.3 1.66e+02    -  1.83e-01 9.16e-02H  1
 606r 4.2566089e+01 5.07e+01 2.17e+02  -1.3 1.91e+01    -  4.91e-02 8.62e-02f  2
 607r 4.2804675e+01 2.78e+01 7.37e+01  -1.3 5.78e+01    -  2.18e-02 4.30e-02H  1
 608r 3.5512376e+01 2.98e+01 5.23e+01  -1.3 3.78e+02    -  9.37e-03 1.00e-02f  1
 609r 4.1038368e+01 1.95e+01 1.29e+02  -1.3 2.23e+01    -  1.25e-01 2.51e-01f  1
iter    objective    inf_pr   inf_du lg(mu)  ||d||  lg(rg) alpha_du alpha_pr  ls
 610r 4.1508987e+01 2.81e+01 1.09e+02  -1.3 4.12e+01    -  1.32e-01 2.31e-02f  1
 611r 5.2589506e+01 3.74e+01 8.33e+01  -1.3 4.09e+01    -  8.29e-02 7.22e-01H  1
 612r 8.7170705e+01 3.81e+01 8.29e+01  -1.3 4.38e+02    -  5.53e-02 3.18e-02h  4
 613r 3.0432515e+01 2.40e+01 1.47e+02  -1.3 4.07e+01    -  2.29e-01 4.60e-01H  1
 614r 1.9775379e+01 1.13e+01 8.60e+01  -1.3 3.98e+02    -  7.11e-02 2.13e-02f  1
 615r 1.9605781e+01 1.08e+01 5.99e+01  -1.3 1.48e+01    -  1.33e-01 5.47e-02f  1
 616r 1.8882889e+01 3.34e+00 1.47e+02  -1.3 1.41e+01    -  1.55e-01 2.49e-01f  1
 617r 2.1576570e+01 2.09e+01 2.27e+02  -1.3 7.81e+01    -  2.30e-02 3.65e-02f  1
 618r 2.1418540e+01 1.17e+01 1.66e+02  -1.3 1.15e+01    -  5.16e-02 2.21e-01f  1
 619r 1.4097233e+02 1.42e+02 1.35e+02  -1.3 1.18e+01    -  1.87e-01 7.11e-01f  1
iter    objective    inf_pr   inf_du lg(mu)  ||d||  lg(rg) alpha_du alpha_pr  ls
 620r 1.8529209e+02 8.39e+01 4.61e+01  -1.3 3.79e+02    -  1.52e-02 1.03e-01h  2
 621r 2.2455952e+02 4.13e+01 6.54e+01  -1.3 6.96e+02    -  3.01e-01 6.83e-02h  2
 622r 2.6790155e+02 1.03e+02 2.39e+01  -1.3 4.60e+02    -  1.19e-01 1.19e-01s 20
 623r 2.6597735e+02 4.87e+01 5.01e+01  -1.3 7.39e+02    -  4.03e-02 4.03e-02s 20
 624r 2.6597735e+02 4.87e+01 5.01e+01  -1.3 9.83e+01    -  0.00e+00 0.00e+00R  1
 625r 2.7924469e+02 4.86e+01 2.97e+03  -1.3 9.83e+01    -  7.06e-02 3.02e-02f  5
 626r 2.7120810e+02 4.86e+01 1.97e+03  -1.3 5.57e+01    -  2.61e-01 3.40e-01f  1
 627r 2.6625939e+02 4.87e+01 7.86e+02  -1.3 3.27e+01    -  2.74e-01 5.84e-01f  1
 628r 2.6562350e+02 4.87e+01 3.01e+02  -1.3 1.35e+01    -  6.59e-01 5.78e-01f  1
 629r 2.6562681e+02 4.87e+01 1.17e+02  -1.3 5.72e+00    -  1.00e+00 8.13e-01f  1
iter    objective    inf_pr   inf_du lg(mu)  ||d||  lg(rg) alpha_du alpha_pr  ls
 630r 2.6561187e+02 4.87e+01 3.46e+02  -1.3 1.07e+00    -  9.87e-01 4.92e-01f  1
 631r 2.6542610e+02 4.87e+01 1.02e+03  -1.3 7.76e-01    -  1.00e+00 2.09e-01f  1
 632r 2.6461188e+02 4.86e+01 9.66e+02  -1.3 9.71e+00    -  6.49e-01 4.28e-02f  1
 633r 2.5737120e+02 4.81e+01 1.13e+03  -1.3 2.04e+01    -  9.74e-01 1.81e-01f  1
 634r 2.4798789e+02 4.73e+01 1.83e+02  -1.3 5.90e+00    -  1.00e+00 8.30e-01f  1
 635r 2.4856933e+02 4.74e+01 9.83e+00  -1.3 1.02e+00    -  1.00e+00 9.91e-01f  1
 636r 2.4580117e+02 4.71e+01 3.79e+00  -1.3 1.39e+00    -  1.00e+00 1.00e+00H  1
 637r 2.3753612e+02 4.65e+01 7.29e+00  -1.3 4.19e+00    -  1.00e+00 1.00e+00f  1
 638r 1.3475311e+02 3.67e+01 4.91e+01  -1.3 6.31e+01    -  1.00e+00 1.00e+00F  1
 639r 8.6810817e+01 3.04e+01 3.20e+01  -1.3 7.00e+02    -  1.93e-01 4.10e-02f  2
iter    objective    inf_pr   inf_du lg(mu)  ||d||  lg(rg) alpha_du alpha_pr  ls
 640r 3.2333300e+01 1.86e+01 1.56e+01  -1.3 3.73e+01    -  1.00e+00 9.72e-01F  1
 641r 3.1254847e+01 1.66e+01 1.31e+01  -1.3 6.20e+00    -  1.00e+00 1.00e+00f  1
 642r 2.6552475e+01 1.37e+01 1.20e+01  -1.3 2.71e+00    -  1.00e+00 1.00e+00f  1
 643r 2.0559109e+01 1.06e+01 2.72e+01  -1.3 3.97e+00    -  1.00e+00 9.43e-01f  1
 644r 1.9951351e+01 1.02e+01 4.07e+00  -1.3 3.26e+00    -  1.00e+00 1.00e+00f  1
 645r 1.9232125e+01 9.52e+00 6.55e-01  -1.3 3.75e-01    -  1.00e+00 1.00e+00f  1
 646r 1.9046413e+01 9.20e+00 1.12e+00  -1.3 7.25e-01    -  1.00e+00 1.00e+00f  1
 647r 1.8354113e+01 7.81e+00 1.36e+01  -2.0 4.04e-01    -  1.00e+00 9.42e-01f  1
 648r 1.8181275e+01 3.59e+00 9.47e+01  -2.0 3.02e+00    -  1.00e+00 4.88e-01f  1
 649r 1.8148228e+01 2.39e+00 3.11e+01  -2.0 4.94e+00    -  2.43e-01 3.78e-01f  1
iter    objective    inf_pr   inf_du lg(mu)  ||d||  lg(rg) alpha_du alpha_pr  ls
 650r 1.8689566e+01 9.16e+00 1.74e+01  -2.0 4.53e+00    -  1.05e-01 1.00e+00f  1
 651r 2.0315419e+01 1.92e+01 1.45e+02  -2.0 7.03e+00    -  1.46e-01 3.65e-01H  1
 652r 1.9560981e+01 2.04e+01 3.26e+01  -2.0 1.01e+01    -  4.63e-01 6.00e-01h  1
 653r 1.9477476e+01 1.99e+01 3.18e+01  -2.0 5.32e+00    -  1.12e-01 1.20e-02h  1
 654r 1.9477384e+01 1.99e+01 3.75e+02  -2.0 4.76e+00    -  2.62e-01 1.21e-04h  1
 655r 1.9460851e+01 1.98e+01 4.84e+02  -2.0 3.38e+02    -  2.89e-03 3.37e-04h  2
 656r 1.9460851e+01 1.98e+01 4.84e+02  -2.0 8.34e+02    -  0.00e+00 4.89e-07R 13
 657r 1.9100505e+01 1.61e+01 1.27e+03  -2.0 7.32e+00    -  6.99e-01 1.35e-01f  1
 658r 1.9081412e+01 1.15e+01 1.17e+03  -2.0 9.63e+00    -  2.01e-02 6.26e-02f  2
 659r 1.8995807e+01 1.16e+01 9.56e+02  -2.0 8.12e+00    -  1.53e-01 1.77e-01f  1
iter    objective    inf_pr   inf_du lg(mu)  ||d||  lg(rg) alpha_du alpha_pr  ls
 660r 1.8942082e+01 1.66e+01 6.77e+02  -2.0 6.54e+00    -  4.39e-02 2.34e-01f  1
 661r 1.8998130e+01 1.37e+01 6.64e+02  -2.0 2.73e+01    -  2.59e-02 2.02e-02f  1
 662r 1.9000772e+01 1.35e+01 6.51e+02  -2.0 1.50e+01    -  6.62e-04 1.68e-02f  1
 663r 1.9515543e+01 2.33e+01 6.41e+02  -2.0 8.77e+01    -  1.80e-02 1.28e-02f  1
 664r 2.0190689e+01 1.82e+01 5.77e+02  -2.0 6.80e+00    -  7.99e-02 1.15e-01h  1
 665r 1.9989465e+01 1.36e+01 4.01e+02  -2.0 4.49e+00    -  3.20e-01 1.25e-01f  1
 666r 1.9503341e+01 9.68e+00 1.63e+02  -2.0 3.82e+00    -  5.92e-01 4.30e-01f  1
 667r 2.1868815e+01 1.84e+01 5.92e+03  -2.0 1.47e+01    -  6.29e-01 2.02e-01f  3
 668r 2.1063164e+01 1.54e+01 4.80e+03  -2.0 1.36e+01    -  2.53e-01 1.89e-01f  1
 669r 2.1040963e+01 1.53e+01 4.77e+03  -2.0 8.02e+00    -  5.00e-01 7.34e-03f  1
iter    objective    inf_pr   inf_du lg(mu)  ||d||  lg(rg) alpha_du alpha_pr  ls
 670r 2.0359172e+01 1.25e+01 3.28e+03  -2.0 7.69e+00    -  7.17e-01 3.13e-01f  1
 671r 2.0138438e+01 1.18e+01 2.88e+03  -2.0 2.60e+00    -  2.69e-01 1.24e-01f  1
 672r 1.9653487e+01 1.03e+01 1.82e+03  -2.0 1.55e+00    -  8.87e-03 3.65e-01f  1
 673r 1.9453823e+01 9.59e+00 1.08e+03  -2.0 8.99e-01    -  3.51e-01 4.04e-01f  1
 674r 1.9373192e+01 9.27e+00 5.85e+02  -2.0 5.39e-01    -  4.18e-01 4.60e-01h  1
 675r 1.9337319e+01 9.05e+00 9.42e+01  -2.0 2.93e-01    -  8.24e-01 9.26e-01h  1
 676r 1.9347095e+01 9.04e+00 7.48e+00  -2.0 3.12e-02    -  1.00e+00 1.00e+00f  1
 677r 1.9346894e+01 9.04e+00 7.32e+00  -2.0 1.05e-02    -  1.00e+00 1.00e+00f  1
 678r 1.9342904e+01 9.03e+00 2.29e+02  -2.0 2.12e-02    -  6.39e-01 2.80e-01f  1
 679r 1.9341081e+01 9.03e+00 8.06e+02  -2.0 4.64e-02    -  1.00e+00 1.08e-01f  1
iter    objective    inf_pr   inf_du lg(mu)  ||d||  lg(rg) alpha_du alpha_pr  ls
 680r 1.9439127e+01 8.56e+00 1.05e+02  -2.0 1.84e-01    -  6.14e-01 9.36e-01f  1
 681r 2.0326283e+01 6.50e+00 7.80e+01  -2.0 7.58e-01    -  4.50e-01 1.00e+00f  1
 682r 2.1007434e+01 4.54e+00 9.94e+00  -2.0 2.06e+00    -  1.00e+00 1.00e+00f  1
 683r 3.2777992e+01 1.62e+01 1.34e+01  -2.0 3.75e+00    -  1.00e+00 1.00e+00f  1
 684r 2.3578335e+01 5.09e+00 5.23e+00  -2.0 2.38e+00    -  1.00e+00 1.00e+00f  1
 685r 2.2902125e+01 4.89e+00 1.09e+01  -2.0 2.33e+00    -  1.00e+00 5.00e-01h  2
 686r 2.2859972e+01 4.93e+00 1.67e+01  -2.0 1.53e+01    -  1.11e-01 1.33e-02h  5
 687r 2.2860504e+01 4.91e+00 2.86e+01  -2.0 3.17e+01    -  1.25e-01 5.30e-04h  8
 688r 2.4641944e+01 8.96e+00 2.97e+01  -2.0 4.28e+01    -  2.73e-02 2.73e-02s 18
 689r 2.4546544e+01 1.04e+01 2.67e+01  -2.0 5.18e+00    -  6.02e-02 6.02e-02s 18
iter    objective    inf_pr   inf_du lg(mu)  ||d||  lg(rg) alpha_du alpha_pr  ls
 690r 2.4694122e+01 9.87e+00 2.63e+01  -2.0 1.08e+01    -  8.60e-03 8.60e-03s 18
 691r 2.4685432e+01 9.88e+00 2.62e+01  -2.0 9.11e+00    -  3.99e-04 3.99e-04s 18
 692r 2.4769152e+01 9.72e+00 2.61e+01  -2.0 4.15e+01    -  1.05e-03 1.05e-03s 18
 693r 2.6252292e+01 1.43e+01 6.75e+01  -2.0 9.97e+00    -  8.44e-02 8.44e-02s 18
 694r 2.6539029e+01 1.41e+01 4.88e+01  -2.0 1.32e+02    -  1.09e-03 1.09e-03s 18
 695r 2.6651748e+01 1.41e+01 4.89e+01  -2.0 4.92e+01    -  1.17e-03 1.17e-03s 18
 696r 2.6776963e+01 1.42e+01 4.87e+01  -2.0 3.83e+01    -  1.67e-03 1.67e-03s 18
 697r 2.6926164e+01 1.42e+01 4.84e+01  -2.0 4.63e+01    -  1.64e-03 1.64e-03s 18
 698r 2.7445862e+01 1.48e+01 4.62e+01  -2.0 4.21e+01    -  6.30e-03 6.30e-03s 18
 699r 2.7445862e+01 1.48e+01 4.62e+01  -2.0 1.78e+02    -  0.00e+00 0.00e+00R  1
iter    objective    inf_pr   inf_du lg(mu)  ||d||  lg(rg) alpha_du alpha_pr  ls
 700r 2.6060446e+01 1.37e+01 9.55e+02  -2.0 1.69e+00    -  1.53e-02 8.18e-01F  1
 701r 2.6594965e+01 1.40e+01 5.08e+02  -2.0 1.37e+00    -  1.00e+00 4.42e-01f  1
 702r 2.7048291e+01 1.43e+01 3.07e+02  -2.0 5.44e-01    -  4.55e-01 6.24e-01f  1
 703r 2.7224352e+01 1.44e+01 2.25e+01  -2.0 5.25e-01    -  9.54e-01 9.69e-01h  1
 704r 2.7218723e+01 1.44e+01 9.82e+00  -2.0 1.43e-01    -  9.82e-01 9.95e-01h  1
 705r 2.7209118e+01 1.44e+01 2.98e+00  -2.0 6.29e-03    -  1.00e+00 1.00e+00f  1
 706r 2.7200168e+01 1.44e+01 1.43e+00  -2.0 1.07e-02    -  1.00e+00 1.00e+00f  1
 707r 2.7180454e+01 1.44e+01 1.94e+00  -2.0 1.20e-02    -  1.00e+00 1.00e+00f  1
 708r 2.6799463e+01 1.38e+01 5.21e+00  -2.0 1.92e-01    -  6.50e-01 1.00e+00F  1
 709r 2.3868801e+01 8.20e+00 2.05e+01  -2.0 1.51e+00    -  6.43e-01 1.00e+00F  1
iter    objective    inf_pr   inf_du lg(mu)  ||d||  lg(rg) alpha_du alpha_pr  ls
 710r 2.3848605e+01 8.16e+00 2.03e+01  -2.0 5.09e+00    -  1.59e-01 1.98e-03h  7
 711r 2.2829234e+01 6.31e+00 4.74e+00  -2.0 5.15e-01    -  1.00e+00 1.00e+00F  1
 712r 2.2441494e+01 5.60e+00 1.28e+00  -2.0 1.93e-01    -  1.00e+00 1.00e+00H  1
 713r 2.2002116e+01 4.82e+00 5.88e+00  -2.0 2.19e-01    -  1.00e+00 1.00e+00H  1
 714r 1.8554045e+01 4.71e+00 7.20e+01  -2.0 2.53e+00    -  7.63e-01 7.69e-01H  1
 715r 2.0399375e+01 5.90e+00 6.73e+00  -2.0 1.24e+00    -  3.61e-01 1.00e+00f  1
 716r 2.0723520e+01 5.72e+00 3.90e+00  -2.0 2.88e+00    -  2.44e-01 5.92e-02h  5
 717r 2.8581905e+01 8.72e+00 3.19e+01  -2.0 7.17e+00    -  4.05e-01 4.05e-01s 21
 718r 2.9068430e+01 1.29e+01 2.13e+01  -2.0 7.91e+00    -  2.46e-01 2.46e-01s 21
 719r 2.6519216e+01 9.59e+00 1.48e+01  -2.0 1.01e+01    -  2.91e-01 2.91e-01s 21
iter    objective    inf_pr   inf_du lg(mu)  ||d||  lg(rg) alpha_du alpha_pr  ls
 720r 2.3708589e+01 8.55e+00 9.06e+00  -2.0 4.66e+00    -  3.03e-01 3.03e-01s 21
 721r 2.1333574e+01 5.37e+00 7.70e+00  -2.0 6.32e+00    -  1.93e-01 1.93e-01s 21
 722r 2.1333574e+01 5.37e+00 7.70e+00  -2.0 1.84e+00    -  0.00e+00 0.00e+00R  1
 723r 2.0601128e+01 4.06e+00 1.04e+02  -2.0 6.34e-01    -  1.00e+00 9.90e-01F  1
 724r 1.8903619e+01 6.19e+00 3.83e+01  -2.0 1.33e+00    -  2.18e-01 6.09e-01H  1
 725r 1.8862411e+01 3.28e+00 4.43e+01  -2.0 4.89e+00    -  3.62e-02 1.25e-01f  2
 726r 1.8862773e+01 3.28e+00 4.42e+01  -2.0 1.67e+01    -  6.92e-02 9.39e-05f 12
 727r 1.8357194e+01 5.28e+00 1.96e+01  -2.0 6.51e+00    -  4.37e-02 8.70e-02f  2
 728r 1.8404606e+01 4.35e+00 1.56e+01  -2.0 3.92e+00    -  5.58e-01 4.93e-02f  4
 729r 1.9729042e+01 2.93e+00 1.35e+01  -2.0 1.36e+00    -  5.00e-01 7.28e-01F  1
iter    objective    inf_pr   inf_du lg(mu)  ||d||  lg(rg) alpha_du alpha_pr  ls
 730r 1.9883028e+01 3.16e+00 1.15e+01  -2.0 9.60e+00    -  1.31e-01 7.83e-03f  6
 731r 2.0778515e+01 4.41e+00 3.12e+01  -2.0 1.79e+00    -  5.17e-01 2.50e-01h  3
 732r 2.3573351e+01 8.99e+00 2.10e+01  -2.0 1.87e+01    -  6.76e-02 6.76e-02s 21
 733r 2.3573351e+01 8.99e+00 2.10e+01  -2.0 4.27e+01    -  0.00e+00 0.00e+00R  1
 734r 2.3574081e+01 8.99e+00 2.10e+01  -2.0 4.27e+01    -  2.85e-01 8.54e-06f 16
 735r 2.3574132e+01 8.99e+00 2.10e+01  -2.0 1.09e+01    -  3.56e-01 2.32e-06f 17
 736r 2.3574174e+01 8.99e+00 2.10e+01  -2.0 2.82e+00    -  6.40e-01 7.55e-06f 18
 737r 2.3573761e+01 8.99e+00 2.09e+01  -2.0 1.67e+00    -  2.85e-01 1.39e-04f 13
 738r 2.3574443e+01 8.99e+00 2.09e+01  -2.0 1.15e+01    -  1.60e-01 2.98e-05f 14
 739r 1.9307745e+01 2.76e+00 2.39e+01  -2.0 1.88e+01    -  2.64e-01 1.33e-01f  1
iter    objective    inf_pr   inf_du lg(mu)  ||d||  lg(rg) alpha_du alpha_pr  ls
 740r 1.8457169e+01 1.73e+01 5.64e+01  -2.0 6.77e+00    -  3.79e-01 3.63e-01f  1
 741r 2.2321303e+01 4.26e+01 5.33e+01  -2.0 1.50e+01    -  5.09e-02 6.34e-01H  1
 742r 2.3900153e+01 3.52e+01 3.56e+01  -2.0 1.07e+01    -  1.70e-01 1.93e-01h  1
 743r 1.9809274e+01 1.07e+01 4.19e+01  -2.0 8.41e+00    -  5.80e-02 3.10e-01F  1
 744r 1.9976538e+01 8.44e+00 1.53e+01  -2.0 1.61e+01    -  1.01e-01 9.00e-02f  1
 745r 2.1442945e+01 1.73e+01 1.24e+01  -2.0 1.69e+01    -  2.77e-01 9.91e-01f  1
 746r 2.4438536e+01 6.34e+00 8.72e+00  -2.0 8.71e+00    -  2.58e-01 8.68e-01H  1
 747r 2.3954663e+01 6.97e+00 1.56e+01  -2.0 3.62e+00    -  3.39e-01 6.73e-02h  3
 748r 2.3954663e+01 6.97e+00 1.56e+01  -2.0 7.91e+00    -  0.00e+00 3.05e-07R 19
 749r 2.4240043e+01 7.88e+00 3.00e+01  -2.0 7.91e+00    -  8.64e-02 4.00e-02f  2
iter    objective    inf_pr   inf_du lg(mu)  ||d||  lg(rg) alpha_du alpha_pr  ls
 750r 2.5179572e+01 7.05e+00 1.63e+01  -2.0 9.05e-01    -  5.47e-01 8.00e-01F  1
 751r 2.5484169e+01 6.34e+00 1.05e+01  -2.0 2.38e+00    -  1.26e-01 6.90e-02f  4
 752r 2.4867518e+01 6.30e+00 2.06e+01  -2.0 1.09e+00    -  3.90e-01 4.95e-01f  2
 753r 2.4372477e+01 7.04e+00 7.31e+00  -2.0 7.10e+00    -  2.34e-01 3.37e-02f  4
 754r 2.7811263e+01 7.81e+00 4.39e+01  -2.0 2.68e+00    -  5.29e-01 5.62e-01f  1
 755r 2.5311916e+01 7.78e+00 2.49e+01  -2.0 1.41e+00    -  3.28e-01 9.92e-01H  1
 756r 1.8441840e+01 1.18e+01 4.25e+01  -2.0 1.12e+01    -  1.35e-01 2.38e-01H  1
 757r 1.8496892e+01 1.22e+01 2.83e+01  -2.0 5.88e+00    -  3.50e-02 2.13e-01f  1
 758r 1.9679186e+01 1.01e+01 1.79e+01  -2.0 4.84e+00    -  6.65e-01 4.18e-01h  2
 759r 2.0134737e+01 8.48e+00 1.34e+01  -2.0 1.89e+00    -  2.45e-01 3.71e-01f  1
iter    objective    inf_pr   inf_du lg(mu)  ||d||  lg(rg) alpha_du alpha_pr  ls
 760r 1.9928021e+01 4.85e+00 6.74e+01  -2.0 2.15e+00    -  3.95e-01 3.08e-01f  1
 761r 2.1204706e+01 1.14e+01 4.04e+01  -2.0 4.43e+00    -  4.51e-01 9.50e-01f  1
 762r 2.2915529e+01 6.05e+00 3.72e+01  -2.0 9.78e+00    -  7.72e-02 4.48e-01h  1
 763r 2.2335501e+01 6.54e+00 3.30e+01  -2.0 8.35e+00    -  4.39e-02 4.39e-02s 21
 764r 2.2744380e+01 5.59e+00 3.90e+01  -2.0 3.47e+00    -  2.78e-01 0.00e+00S 21
 765r 2.2580527e+01 5.16e+00 1.22e+01  -2.0 1.56e+00    -  3.52e-01 2.13e-01h  1
 766r 1.9976775e+01 3.67e+00 1.86e+01  -2.0 3.62e+00    -  8.61e-02 5.79e-01f  1
 767r 1.8846411e+01 3.49e+00 1.04e+02  -2.0 2.59e+00    -  8.79e-02 5.32e-01f  1
 768r 1.9343258e+01 4.87e+00 4.36e+01  -2.0 2.57e+00    -  3.23e-01 4.12e-01f  1
 769r 2.0966346e+01 4.25e+00 2.33e+01  -2.0 3.03e+00    -  1.03e-01 3.16e-01f  1
iter    objective    inf_pr   inf_du lg(mu)  ||d||  lg(rg) alpha_du alpha_pr  ls
 770r 2.1018722e+01 4.18e+00 1.52e+01  -2.0 9.48e-01    -  3.45e-01 4.21e-01h  1
 771r 2.1024384e+01 4.15e+00 1.48e+01  -2.0 1.24e+00    -  3.99e-01 5.46e-03h  7
 772r 2.1126590e+01 3.94e+00 2.31e+01  -2.0 9.24e-01    -  6.73e-01 6.96e-01h  1
 773r 2.0716028e+01 3.90e+00 1.36e+01  -2.0 1.05e+00    -  1.53e-01 3.34e-01h  1
 774r 2.1589220e+01 5.34e+00 1.15e+01  -2.0 9.09e-01    -  4.86e-01 1.00e+00f  1
 775r 2.0003402e+01 1.03e+01 7.13e+01  -2.0 1.72e+00    -  2.60e-01 9.07e-01H  1
 776r 2.0458521e+01 9.34e+00 5.16e+01  -2.0 7.86e-01    -  2.07e-01 2.64e-01h  2
 777r 2.1286190e+01 7.33e+00 5.43e+01  -2.0 4.11e+00    -  1.03e-01 1.03e-01s 20
 778r 2.0589162e+01 7.15e+00 1.25e+01  -2.0 6.61e+00    -  7.05e-02 7.05e-02s 20
 779r 2.0489244e+01 7.04e+00 5.00e+00  -2.0 2.33e+00    -  1.59e-01 1.59e-01s 20
iter    objective    inf_pr   inf_du lg(mu)  ||d||  lg(rg) alpha_du alpha_pr  ls
 780r 2.0626478e+01 6.76e+00 3.71e+00  -2.0 2.07e+00    -  1.22e-01 1.22e-01s 20
 781r 2.1339587e+01 5.63e+00 1.85e+01  -2.0 2.10e+00    -  3.36e-01 3.36e-01s 20
 782r 2.0719823e+01 8.90e+00 5.86e+00  -2.0 2.52e+00    -  5.11e-01 5.11e-01s 20
 783r 2.1048755e+01 4.45e+00 1.09e+01  -2.0 2.04e+00    -  1.00e+00 1.00e+00s 20
 784r 2.1048755e+01 4.45e+00 1.09e+01  -2.0 4.45e+00    -  0.00e+00 0.00e+00R  1
 785r 2.0869580e+01 3.77e+00 1.18e+01  -2.0 2.39e+00    -  1.85e-01 9.93e-02f  3
 786r 2.0572494e+01 3.56e+00 6.24e+01  -2.0 6.86e-01    -  5.60e-01 9.90e-01F  1
 787r 2.0577415e+01 3.45e+00 5.70e+01  -2.0 3.71e+00    -  1.97e-01 1.39e-02h  4
 788r 2.0206359e+01 3.29e+00 3.66e+01  -2.0 6.00e+00    -  7.04e-02 5.83e-02f  2
 789r 1.9920930e+01 4.80e+00 2.72e+01  -2.0 5.20e+00    -  1.52e-01 7.91e-02f  2
iter    objective    inf_pr   inf_du lg(mu)  ||d||  lg(rg) alpha_du alpha_pr  ls
 790r 1.9928592e+01 3.11e+00 2.53e+01  -2.0 5.84e+00    -  1.69e-01 7.53e-02f  3
 791r 1.8423652e+01 1.60e+01 4.57e+01  -2.0 2.25e+00    -  6.69e-01 9.58e-01f  1
 792r 1.8417445e+01 1.61e+01 4.56e+01  -2.0 1.31e+01    -  1.24e-01 5.48e-03h  8
 793r 1.8418004e+01 1.61e+01 4.56e+01  -2.0 1.31e+01    -  1.91e-01 5.67e-04h 11
 794r 1.8418842e+01 1.61e+01 4.52e+01  -2.0 2.59e+01    -  3.98e-02 1.36e-04h  9
 795r 1.8419428e+01 1.61e+01 4.52e+01  -2.0 1.48e+01    -  8.50e-02 7.93e-05h 12
 796r 1.8419739e+01 1.61e+01 4.52e+01  -2.0 2.96e+01    -  5.64e-02 2.47e-05h 13
 797r 2.1023092e+01 8.21e+00 4.58e+01  -2.0 4.69e+01    -  2.35e-02 3.19e-02h  1
 798r 2.0803748e+01 1.26e+01 7.58e+00  -2.0 7.80e+00    -  1.12e-01 1.12e-01s 19
 799r 2.0584164e+01 1.23e+01 7.94e+00  -2.0 8.62e+00    -  3.33e-01 3.33e-01s 19
iter    objective    inf_pr   inf_du lg(mu)  ||d||  lg(rg) alpha_du alpha_pr  ls
 800r 1.9925940e+01 5.22e+00 1.40e+01  -2.0 1.59e+01    -  7.28e-02 0.00e+00S 19
 801r 1.9248572e+01 9.31e+00 3.01e+01  -2.0 4.38e+00    -  2.57e-01 1.64e-01f  2
 802r 1.9598000e+01 3.27e+00 3.88e+01  -2.0 2.98e+00    -  4.22e-01 4.78e-01H  1
 803r 2.4752455e+01 3.05e+01 1.06e+02  -2.0 4.48e+00    -  3.31e-01 8.50e-01f  1
 804r 3.3529293e+01 4.37e+01 5.12e+01  -2.0 8.63e+01    -  3.65e-02 3.65e-02s 18
 805r 3.8054597e+01 3.79e+01 4.31e+01  -2.0 5.19e+01    -  4.32e-02 4.32e-02s 18
 806r 4.1712501e+01 2.50e+01 2.70e+01  -2.0 4.48e+01    -  6.11e-02 6.11e-02s 18
 807r 3.9380118e+01 2.15e+01 3.33e+01  -2.0 1.87e+01    -  6.51e-02 6.51e-02s 18
 808r 3.4581719e+01 1.06e+01 4.70e+01  -2.0 2.16e+01    -  6.78e-02 6.78e-02s 18
 809r 2.1427594e+01 4.44e+00 1.02e+01  -2.0 1.29e+02    -  7.70e-02 7.70e-02s 18
iter    objective    inf_pr   inf_du lg(mu)  ||d||  lg(rg) alpha_du alpha_pr  ls
 810r 2.1888872e+01 4.84e+00 1.95e+00  -2.0 1.26e+01    -  2.69e-02 2.69e-02s 18
 811r 2.3248332e+01 5.53e+00 5.03e+00  -2.0 4.84e+00    -  1.83e-01 1.83e-01s 18
 812r 2.3194267e+01 1.04e+01 2.63e+01  -2.0 3.58e+00    -  2.28e-01 2.28e-01s 18
 813r 2.5394029e+01 1.86e+01 1.30e+01  -2.0 6.05e+00    -  2.14e-01 2.14e-01s 18
 814r 3.4194282e+01 1.71e+01 1.25e+01  -2.0 2.51e+01    -  1.47e-01 1.47e-01s 18
 815r 3.4194282e+01 1.71e+01 1.25e+01  -2.0 1.20e+02    -  0.00e+00 0.00e+00R  1
 816r 2.8132958e+01 1.12e+01 1.01e+01  -2.0 1.20e+02    -  4.72e-02 2.83e-02f  2
 817r 2.1469632e+01 6.64e+00 7.79e+01  -2.0 6.50e+00    -  4.72e-01 7.16e-01F  1
 818r 2.1211987e+01 5.88e+00 7.29e+01  -2.0 9.23e+00    -  1.94e-01 1.52e-02f  3
 819r 2.0070286e+01 1.04e+01 4.67e+01  -2.0 2.65e+01    -  6.24e-02 2.84e-02f  2
iter    objective    inf_pr   inf_du lg(mu)  ||d||  lg(rg) alpha_du alpha_pr  ls
 820r 1.8969098e+01 7.89e+00 3.35e+01  -2.0 2.34e+00    -  4.56e-01 2.76e-01f  1
 821r 1.8993972e+01 8.08e+00 4.11e+01  -2.0 2.17e+00    -  1.59e-01 2.69e-01f  1
 822r 1.8956133e+01 5.95e+00 4.80e+01  -2.0 1.38e+01    -  6.69e-02 2.74e-02f  2
 823r 1.9557175e+01 3.70e+00 5.54e+01  -2.0 3.49e+00    -  1.24e-01 5.41e-01F  1
 824r 2.9784812e+01 1.33e+01 2.58e+01  -2.0 4.77e+00    -  2.97e-02 7.84e-01H  1
 825r 3.0964250e+01 1.06e+01 1.41e+01  -2.0 1.20e+01    -  8.08e-03 5.32e-02f  3
 826r 2.9674835e+01 8.15e+00 1.38e+01  -2.0 9.57e+00    -  2.68e-01 7.51e-02f  4
 827r 1.9924291e+01 4.93e+00 6.43e+01  -2.0 5.28e+01    -  1.93e-01 1.41e-01f  1
 828r 1.9261647e+01 8.08e+00 4.44e+01  -2.0 9.94e+00    -  4.13e-01 2.30e-01f  1
 829r 1.8798158e+01 3.07e+00 1.68e+02  -2.0 9.12e+00    -  2.89e-01 1.74e-01f  1
iter    objective    inf_pr   inf_du lg(mu)  ||d||  lg(rg) alpha_du alpha_pr  ls
 830r 1.8671224e+01 1.20e+01 8.80e+01  -2.0 6.28e+00    -  8.18e-02 3.74e-01f  1
 831r 2.0883389e+01 1.25e+01 8.10e+01  -2.0 1.71e+01    -  3.39e-02 4.18e-02h  2
 832r 1.9867862e+01 4.37e+00 6.19e+01  -2.0 1.65e+01    -  9.94e-02 8.27e-02h  1
 833r 2.1408191e+01 4.77e+00 6.87e+01  -2.0 9.93e+00    -  9.15e-02 7.79e-02f  1
 834r 3.4307566e+01 3.07e+01 9.52e+01  -2.0 2.50e+01    -  3.24e-02 1.95e-01f  1
 835r 3.5706761e+01 2.99e+01 8.06e+01  -2.0 5.06e+01    -  1.23e-01 1.41e-02h  2
 836r 3.5416177e+01 2.95e+01 7.53e+01  -2.0 2.53e+01    -  2.63e-02 7.22e-03h  3
 837r 2.3961028e+01 3.23e+01 6.32e+01  -2.0 1.05e+02    -  6.98e-02 6.98e-02s 19
 838r 2.2624324e+01 3.07e+01 4.52e+01  -2.0 2.58e+01    -  7.66e-02 7.66e-02s 19
 839r 2.2756076e+01 3.25e+01 2.31e+01  -2.0 2.22e+01    -  5.35e-02 5.35e-02s 19
iter    objective    inf_pr   inf_du lg(mu)  ||d||  lg(rg) alpha_du alpha_pr  ls
 840r 2.3337119e+01 3.16e+01 1.88e+01  -2.0 2.28e+01    -  1.95e-02 1.95e-02s 19
 841r 2.6441715e+01 3.13e+01 9.61e+00  -2.0 1.31e+02    -  1.03e-02 1.03e-02s 19
 842r 2.4407664e+01 3.20e+01 7.92e+00  -2.0 3.63e+01    -  2.88e-02 2.88e-02s 19
 843r 2.9076734e+01 2.90e+01 2.03e+01  -2.0 3.83e+01    -  5.55e-02 5.55e-02s 19
 844r 4.2895501e+01 3.11e+01 7.09e+01  -2.0 8.18e+01    -  6.63e-02 6.63e-02s 19
 845r 4.5674670e+01 1.70e+01 4.70e+01  -2.0 6.49e+01    -  5.62e-02 5.62e-02s 19
 846r 3.3471161e+01 2.09e+01 1.99e+01  -2.0 1.96e+02    -  3.17e-02 3.17e-02s 19
 847r 4.7346715e+01 1.75e+01 8.81e+00  -2.0 3.08e+02    -  2.06e-02 2.06e-02s 19
 848r 4.7346715e+01 1.75e+01 8.81e+00  -2.0 3.06e+02    -  0.00e+00 0.00e+00R  1
 849r 7.6962841e+01 2.52e+01 5.19e+01  -2.0 3.06e+02    -  7.44e-02 3.71e-02f  3
iter    objective    inf_pr   inf_du lg(mu)  ||d||  lg(rg) alpha_du alpha_pr  ls
 850r 8.8680342e+01 2.34e+01 4.82e+01  -2.0 4.96e+02    -  6.68e-02 1.19e-02f  2
 851r 8.7055347e+01 2.57e+01 7.18e+01  -2.0 9.12e+00    -  1.06e-01 1.87e-01F  1
 852r 9.6597103e+01 2.98e+01 4.81e+01  -2.0 1.22e+02    -  2.82e-02 3.95e-02f  1
 853r 9.4359439e+01 1.50e+02 1.20e+02  -2.0 1.69e+02    -  2.36e-02 1.10e-01f  1
 854r 8.6539553e+01 1.50e+02 1.20e+02  -2.0 1.66e+03    -  7.90e-02 2.40e-03h  3
 855r 6.5039895e+01 1.33e+02 1.15e+02  -2.0 7.76e+02    -  6.06e-02 1.55e-02h  1
 856r 5.9317821e+01 1.93e+02 5.38e+01  -2.0 1.10e+02    -  7.61e-02 7.61e-02s 19
 857r 5.9172282e+01 1.90e+02 5.27e+01  -2.0 1.62e+02    -  3.51e-03 3.51e-03s 19
 858r 5.4609175e+01 1.25e+02 5.04e+01  -2.0 1.58e+02    -  9.50e-02 0.00e+00S 19
 859r 2.3954227e+01 6.47e+00 1.42e+02  -2.0 8.16e+01    -  1.38e-01 5.71e-01H  1
iter    objective    inf_pr   inf_du lg(mu)  ||d||  lg(rg) alpha_du alpha_pr  ls
 860r 2.2391832e+01 7.60e+00 1.19e+02  -2.0 6.56e+01    -  2.83e-02 1.54e-02f  1
 861r 2.2294824e+01 6.65e+00 8.13e+01  -2.0 5.23e+01    -  9.53e-03 8.12e-03f  1
 862r 2.0997189e+01 1.03e+01 5.49e+01  -2.0 1.56e+01    -  3.42e-02 1.60e-01f  1
 863r 2.0406604e+01 5.40e+00 1.02e+02  -2.0 1.52e+01    -  1.95e-01 1.23e-01f  1
 864r 2.0086431e+01 3.05e+00 6.44e+01  -2.0 1.21e+01    -  1.52e-01 9.39e-02f  1
 865r 1.7177872e+02 4.33e+01 3.83e+01  -2.0 1.27e+01    -  2.28e-01 9.30e-01f  1
 866r 6.2316189e+01 3.39e+01 2.75e+01  -2.0 3.96e+01    -  1.48e-01 6.96e-01h  1
 867r 4.2268947e+01 4.01e+01 6.71e+00  -2.0 2.50e+01    -  1.64e-01 6.64e-01f  1
 868r 2.0732390e+01 1.20e+01 5.26e+01  -2.0 1.29e+01    -  4.74e-01 9.42e-01f  1
 869r 1.9290874e+01 8.19e+00 3.17e+01  -2.0 1.06e+02    -  2.32e-02 3.16e-02f  1
iter    objective    inf_pr   inf_du lg(mu)  ||d||  lg(rg) alpha_du alpha_pr  ls
 870r 2.0277434e+01 5.04e+00 9.14e+00  -2.0 3.92e+01    -  6.09e-02 9.66e-01f  1
 871r 1.9918385e+01 4.51e+00 6.13e+00  -2.0 2.09e+01    -  3.68e-02 8.51e-03f  1
 872r 2.5016699e+01 8.82e+00 5.02e+01  -2.0 3.46e+00    -  5.44e-01 1.00e+00f  1
 873r 2.6119171e+01 1.21e+01 1.71e+01  -2.0 6.95e+00    -  1.49e-01 1.49e-01s 20
 874r 2.6002198e+01 1.01e+01 1.63e+01  -2.0 9.17e+00    -  4.60e-02 0.00e+00S 20
 875r 2.3346183e+01 6.72e+00 4.06e+01  -2.0 1.89e+01    -  5.77e-02 9.00e-02H  1
 876r 2.4545285e+01 2.06e+01 1.75e+02  -2.0 3.08e+00    -  3.76e-02 5.76e-01H  1
 877r 2.4364309e+01 2.18e+01 1.49e+02  -2.0 8.53e+00    -  5.43e-02 5.43e-02s 19
 878r 2.5165697e+01 1.95e+01 1.29e+02  -2.0 7.77e+00    -  5.99e-02 0.00e+00S 19
 879r 2.4396421e+01 2.43e+01 1.23e+02  -2.0 1.58e+01    -  3.18e-02 3.18e-02s 18
iter    objective    inf_pr   inf_du lg(mu)  ||d||  lg(rg) alpha_du alpha_pr  ls
 880r 2.4098514e+01 6.92e+01 3.77e+01  -2.0 1.94e+01    -  1.73e-01 1.73e-01s 18
 881r 2.3373107e+01 6.58e+01 3.14e+01  -2.0 5.28e+01    -  1.28e-01 1.28e-01s 18
 882r 2.3189009e+01 6.48e+01 3.87e+01  -2.0 4.27e+01    -  2.74e-02 2.74e-02s 18
 883r 2.8109025e+01 3.74e+01 7.33e+00  -2.0 6.17e+01    -  3.11e-02 3.11e-02s 18
 884r 2.7112325e+01 2.34e+01 2.10e+01  -2.0 2.19e+01    -  5.71e-02 5.71e-02s 18
 885r 2.2579945e+01 4.68e+00 3.45e+01  -2.0 1.42e+01    -  1.80e-01 1.80e-01s 18
 886r 2.2579945e+01 4.68e+00 3.45e+01  -2.0 2.47e+01    -  0.00e+00 0.00e+00R  1
 887r 2.0385267e+01 1.05e+01 3.49e+01  -2.0 2.47e+01    -  8.66e-02 5.65e-02f  2
 888r 1.8938170e+01 4.36e+00 1.20e+02  -2.0 6.20e+00    -  3.36e-01 4.26e-01F  1
 889r 1.8797833e+01 9.24e+00 9.58e+01  -2.0 1.23e+01    -  1.91e-01 7.18e-02f  2
iter    objective    inf_pr   inf_du lg(mu)  ||d||  lg(rg) alpha_du alpha_pr  ls
 890r 1.8625762e+01 1.23e+01 8.40e+01  -2.0 3.44e+01    -  5.27e-02 1.30e-02f  4
 891r 2.0283276e+01 1.24e+01 6.61e+01  -2.0 9.20e+00    -  9.18e-02 1.18e-01f  1
 892r 1.9957892e+01 1.81e+01 9.19e+01  -2.0 7.04e+00    -  2.04e-01 2.04e-01s 21
 893r 1.9820935e+01 1.30e+01 7.99e+01  -2.0 1.13e+01    -  5.93e-02 5.93e-02s 21
 894r 1.9223930e+01 5.80e+00 4.60e+01  -2.0 1.29e+01    -  1.09e-01 0.00e+00S 21
 895r 1.8637567e+01 1.19e+01 1.66e+01  -2.0 3.66e+00    -  5.02e-01 2.68e-01f  2
 896r 1.8441475e+01 3.73e+00 5.86e+01  -2.0 4.51e+00    -  2.89e-01 4.08e-01H  1
 897r 1.8520369e+01 2.48e+00 3.79e+01  -2.0 1.24e+01    -  1.07e-01 6.73e-02f  3
 898r 1.8538922e+01 1.92e+00 2.04e+01  -2.0 1.09e+01    -  6.56e-02 5.27e-02f  1
 899  1.8450899e+01 1.84e+00 5.29e+00  -2.6 2.97e+03    -  3.88e-04 2.06e-04f  3
iter    objective    inf_pr   inf_du lg(mu)  ||d||  lg(rg) alpha_du alpha_pr  ls
 900  1.8306073e+01 2.02e+00 5.26e+00  -2.6 1.95e+03    -  7.82e-04 3.31e-04f  3
 901  1.8303070e+01 2.24e+00 2.14e+01  -2.6 1.02e+04    -  1.93e-04 1.59e-05h  4
 902  1.8220482e+01 2.35e+00 1.13e+03  -2.6 4.45e+01    -  4.21e-03 4.40e-03h  2
 903  1.8234273e+01 2.27e+00 1.11e+03  -2.6 3.14e+01    -  9.11e-03 3.15e-03h  5
 904r 1.8234273e+01 2.27e+00 9.99e+02   0.4 0.00e+00    -  0.00e+00 2.51e-07R 16
 905r 1.8382526e+01 2.39e+00 9.93e+02  -1.8 1.55e+02    -  2.23e-02 6.09e-03f  1
 906r 1.8557290e+01 2.87e+00 9.82e+02  -0.4 8.61e+01    -  1.00e+00 7.66e-03f  1
 907r 2.4936971e+01 1.16e+01 4.25e+03   0.7 3.93e+00    -  8.38e-01 7.39e-01f  1
 908r 2.4083142e+01 9.06e+00 3.34e+03   0.5 1.24e+01    -  2.12e-01 1.98e-01f  1
 909r 2.3749297e+01 8.51e+00 3.04e+03   0.5 3.52e+00    -  1.00e+00 8.95e-02f  1
iter    objective    inf_pr   inf_du lg(mu)  ||d||  lg(rg) alpha_du alpha_pr  ls
 910r 3.6541442e+01 1.23e+01 6.97e+03   0.5 3.13e+01    -  7.94e-02 9.98e-02f  1
 911r 3.6916590e+01 1.12e+01 1.56e+03   0.5 2.28e+00    -  3.78e-01 1.00e+00f  1
 912r 3.6404025e+01 1.11e+01 1.55e+03  -4.0 1.18e+02    -  2.06e-02 2.04e-03f  1
 913r 3.2335458e+01 8.89e+00 4.26e+02  -0.8 9.76e+00    -  2.18e-03 3.56e-01f  1
 914r 2.5899992e+01 6.85e+00 8.85e+02   0.8 6.09e+00    -  7.79e-02 1.00e+00f  1
 915r 2.7212377e+01 7.56e+00 1.39e+02   0.6 2.00e+00    -  1.00e+00 1.00e+00f  1
 916r 2.7306219e+01 7.63e+00 4.72e+01  -0.1 7.50e-01    -  1.00e+00 9.37e-01f  1
 917r 2.7518509e+01 7.71e+00 1.03e+02  -0.6 1.51e-01    -  9.80e-01 7.13e-01f  1
 918r 2.7942004e+01 7.88e+00 4.44e+01  -1.3 2.62e-01    -  1.00e+00 8.00e-01f  1
 919r 2.7742902e+01 7.87e+00 1.10e+02  -2.1 2.00e-01    -  1.00e+00 6.69e-01f  1
iter    objective    inf_pr   inf_du lg(mu)  ||d||  lg(rg) alpha_du alpha_pr  ls
 920r 2.4682315e+01 6.66e+00 4.41e+01  -2.5 1.82e+00    -  1.00e+00 9.41e-01f  1
 921r 2.6588570e+01 7.44e+00 1.04e+00  -2.0 1.23e+00    -  1.00e+00 1.00e+00f  1
 922r 2.6466633e+01 7.40e+00 6.97e-01  -2.8 7.80e-01    -  9.87e-01 1.00e+00h  1
 923r 2.3630813e+01 6.37e+00 1.43e+00  -3.7 1.59e+00    -  9.99e-01 1.00e+00f  1
 924r 2.0321052e+01 4.94e+00 1.09e+00  -3.8 1.85e+00    -  1.00e+00 1.00e+00f  1
 925r 1.8612304e+01 3.80e+00 1.69e+00  -4.0 1.87e+00    -  1.00e+00 1.00e+00f  1
 926r 1.8350592e+01 3.18e+00 9.33e-01  -3.7 1.14e+00    -  1.00e+00 1.00e+00f  1
 927r 1.8364152e+01 3.17e+00 2.17e-01  -4.0 6.27e-01    -  1.00e+00 1.00e+00f  1
 928r 1.8512513e+01 3.37e+00 9.33e-01  -4.0 7.46e-02    -  1.00e+00 1.00e+00H  1
 929r 1.8262883e+01 3.07e+00 2.06e-01  -4.0 1.30e-01    -  1.00e+00 1.00e+00f  1
iter    objective    inf_pr   inf_du lg(mu)  ||d||  lg(rg) alpha_du alpha_pr  ls
 930r 1.8295782e+01 2.98e+00 2.29e-01  -4.1 3.00e-01    -  1.00e+00 1.00e+00f  1
 931r 1.8466186e+01 3.09e+00 1.11e-01  -4.0 9.97e-02    -  1.00e+00 1.00e+00H  1
 932r 1.8231756e+01 2.68e+00 4.16e-01  -4.0 1.21e-01    -  1.00e+00 1.00e+00f  1
 933r 1.8292968e+01 2.03e+00 1.10e+00  -4.1 4.12e-01    -  1.00e+00 1.00e+00f  1
 934  1.8289623e+01 2.03e+00 2.32e+01  -0.6 2.41e+04    -  6.69e-05 7.42e-07h  7
 935  1.8255024e+01 5.38e+00 6.75e+02  -0.6 9.61e+03    -  6.17e-05 8.54e-05f  2
 936  1.7749631e+01 4.67e+00 5.73e+03  -2.7 1.17e+03    -  1.23e-03 1.11e-03f  1
 937  1.7891619e+01 5.45e+00 5.22e+03  -2.7 1.52e+01    -  1.12e-02 1.12e-02s 17
 938  1.7996394e+01 6.06e+00 4.90e+03  -2.7 2.88e+01    -  4.17e-03 4.17e-03s 17
 939  1.8095148e+01 6.64e+00 4.32e+03  -2.7 3.65e+01    -  3.05e-03 3.05e-03s 17
iter    objective    inf_pr   inf_du lg(mu)  ||d||  lg(rg) alpha_du alpha_pr  ls
 940  1.8097250e+01 6.66e+00 4.32e+03  -2.7 5.04e+01    -  5.95e-05 5.95e-05s 17
 941  1.8207386e+01 7.30e+00 1.21e+03  -2.7 5.24e+01    -  2.90e-03 2.90e-03s 17
 942  1.8208451e+01 7.31e+00 1.20e+03  -2.7 3.86e+02    -  4.02e-06 4.02e-06s 17
 943  1.8214332e+01 7.34e+00 1.09e+03  -2.7 3.72e+02    -  2.33e-05 2.33e-05s 17
 944  1.8221003e+01 7.38e+00 8.07e+02  -2.7 4.20e+02    -  2.33e-05 2.33e-05s 17
 945r 1.8221003e+01 7.38e+00 9.99e+02   0.9 0.00e+00    -  0.00e+00 0.00e+00R  1
 946r 2.0429629e+01 7.36e+00 9.90e+02  -0.1 1.43e+02    -  5.42e-02 9.52e-03f  1
 947r 2.8948465e+01 2.37e+01 9.67e+02  -1.3 1.87e+02    -  2.93e-01 2.20e-02f  1
 948r 2.8942737e+01 2.36e+01 9.89e+02  -4.0 6.02e+02    -  1.48e-01 1.57e-04f  1
 949r 2.9420854e+01 1.93e+01 8.33e+02  -0.1 1.81e+02    -  1.00e+00 3.56e-02f  1
iter    objective    inf_pr   inf_du lg(mu)  ||d||  lg(rg) alpha_du alpha_pr  ls
 950r 2.6964775e+01 1.58e+01 3.83e+02   0.1 3.08e+00    -  9.24e-01 3.91e-01f  1
 951r 7.9393985e+01 2.73e+01 3.74e+02   0.9 1.08e+01    -  7.07e-01 8.51e-01f  1
 952r 1.5173739e+02 3.66e+01 8.84e+03   0.7 4.42e+01    -  1.37e-01 1.28e-01f  1
 953r 1.6567431e+02 2.78e+01 7.87e+03   0.7 3.83e+01    -  6.00e-02 9.27e-02f  1
 954r 1.5728312e+02 2.70e+01 7.32e+03   0.7 5.50e+00    -  3.57e-01 6.64e-02f  1
 955r 1.3428662e+02 2.65e+01 4.63e+03   0.7 6.97e+00    -  4.55e-03 3.93e-01h  2
 956r 9.3064882e+01 2.85e+01 1.71e+03   0.7 2.37e+01    -  4.77e-01 1.00e+00h  1
 957r 8.6786089e+01 2.70e+01 4.39e+03   0.7 9.60e+00    -  1.46e-02 1.83e-01h  1
 958r 9.2219743e+01 2.75e+01 1.05e+03   0.7 3.69e+01    -  3.79e-02 1.00e+00h  1
 959r 9.8230828e+01 2.81e+01 4.32e+01   0.7 2.76e+00    -  1.00e+00 1.00e+00H  1
iter    objective    inf_pr   inf_du lg(mu)  ||d||  lg(rg) alpha_du alpha_pr  ls
 960r 9.9221166e+01 2.80e+01 2.86e+01   0.0 5.19e-01    -  1.00e+00 9.54e-01f  1
 961r 1.0286199e+02 2.79e+01 2.22e+02  -0.6 4.65e+00    -  8.68e-01 3.93e-01f  1
 962r 9.9903644e+01 2.77e+01 1.47e+02  -1.1 2.04e+00    -  1.00e+00 7.15e-01f  1
 963r 8.8512072e+01 2.75e+01 1.76e+01  -1.4 6.51e+00    -  1.00e+00 9.13e-01f  1
 964r 7.6238502e+01 2.72e+01 4.88e+00  -2.5 6.42e+00    -  1.00e+00 9.76e-01f  1
 965r 5.3605559e+01 2.63e+01 8.37e+00  -3.2 1.26e+01    -  1.00e+00 1.00e+00f  1
 966r 2.8448503e+01 2.56e+01 7.39e+00  -2.0 3.71e+01    -  1.00e+00 4.34e-01f  1
 967r 2.1147973e+01 2.44e+01 1.06e+01  -2.8 8.50e+00    -  1.00e+00 1.00e+00f  1
 968r 2.1325333e+01 2.44e+01 9.03e+00  -1.8 2.02e+00    -  9.90e-01 1.39e-01f  1
 969r 2.0864286e+01 2.29e+01 4.66e+00  -2.5 1.23e+00    -  1.00e+00 4.19e-01f  1
iter    objective    inf_pr   inf_du lg(mu)  ||d||  lg(rg) alpha_du alpha_pr  ls
 970r 2.0852526e+01 2.29e+01 9.50e+00  -3.1 2.13e+00    -  1.00e+00 6.95e-03f  1
 971r 2.0923131e+01 2.30e+01 2.85e+02  -0.5 4.91e+02    -  2.05e-03 7.10e-05f  1
 972r 2.0011673e+01 1.69e+01 1.08e+03  -0.5 1.44e+04    -  1.91e-04 4.68e-05f  1
 973r 2.3686497e+01 1.52e+01 8.65e+02  -2.6 1.36e+04    -  2.48e-05 1.01e-04f  1
 974r 2.4289743e+01 1.65e+01 4.09e+02  -1.2 2.24e+03    -  1.42e-03 1.34e-04f  1
 975r 3.2562271e+01 1.49e+01 8.26e+01  -0.5 7.70e+03    -  1.82e-05 4.40e-04f  1
 976r 2.4911624e+01 1.42e+01 6.15e+02  -0.7 2.23e+02    -  4.18e-06 2.07e-02f  1
 977r 5.0545151e+01 1.47e+01 5.72e+02  -2.3 1.15e+02    -  9.16e-02 7.11e-02f  1
 978r 5.6825108e+01 1.86e+01 4.92e+02  -1.3 2.95e+01    -  3.20e-01 1.39e-01h  1
 979r 3.5756217e+01 1.44e+01 4.48e+02  -0.8 1.45e+02    -  9.96e-01 8.92e-02f  1
iter    objective    inf_pr   inf_du lg(mu)  ||d||  lg(rg) alpha_du alpha_pr  ls
 980r 2.1701125e+01 2.33e+01 1.82e+01  -1.3 7.93e+00    -  5.00e-01 1.00e+00f  1
 981r 2.2469292e+01 2.24e+01 9.48e+00  -1.2 8.89e+00    -  9.98e-01 8.93e-01h  1
 982r 2.1894429e+01 2.25e+01 8.85e+00  -2.0 2.34e+00    -  9.79e-01 1.24e-01f  1
 983r 2.1895383e+01 2.24e+01 2.67e+02  -1.8 8.02e-01    -  1.00e+00 1.06e-03f  1
 984r 1.9221150e+01 1.82e+01 1.02e+03   0.6 1.44e+04    -  5.33e-04 1.27e-04f  1
 985r 1.9219984e+01 2.09e+01 1.22e+03  -1.5 5.48e+02    -  9.35e-03 5.41e-04f  1
 986r 1.9265013e+01 1.84e+01 2.34e+02  -1.5 5.77e+01    -  1.66e-03 4.73e-03f  1
 987r 1.9271884e+01 1.19e+01 9.17e+02  -4.0 1.43e+01    -  2.90e-04 5.74e-02f  1
 988r 1.9133513e+01 7.75e+00 1.12e+03  -1.6 1.03e+01    -  1.00e+00 3.37e-01f  1
 989r 1.9325856e+01 7.71e+00 1.71e+03   0.6 4.08e+02    -  2.38e-03 4.68e-04f  1
iter    objective    inf_pr   inf_du lg(mu)  ||d||  lg(rg) alpha_du alpha_pr  ls
 990r 1.9335913e+01 7.72e+00 1.71e+03  -0.5 1.10e+01    -  7.28e-01 1.49e-03f  1
 991r 1.8772072e+01 8.08e+00 1.02e+03  -1.6 1.09e+01    -  7.26e-01 1.00e+00f  1
 992r 2.8827853e+01 3.24e+01 9.66e+03  -2.3 1.04e+03    -  1.00e+00 5.26e-03f  1
 993r 2.7089636e+01 2.57e+01 8.05e+03   0.3 1.31e+01    -  6.55e-01 1.70e-01f  1
 994r 2.6916062e+01 2.51e+01 7.89e+03  -0.7 3.24e+00    -  9.99e-01 1.96e-02f  1
 995r 2.2045313e+01 1.06e+01 1.82e+03  -0.8 3.14e+00    -  1.00e+00 9.09e-01f  1
 996r 2.2032520e+01 1.05e+01 1.82e+03  -4.0 1.19e+01    -  3.19e-03 4.40e-03f  1
 997r 2.2017783e+01 1.05e+01 2.96e+03  -0.5 7.23e+00    -  1.41e-05 4.51e-03f  1
 998r 3.1800792e+01 2.25e+01 2.13e+04   0.4 4.73e+00    -  9.95e-02 1.00e+00f  1
 999r 2.4345427e+01 1.18e+01 5.22e+03   0.2 7.45e+00    -  3.09e-03 1.00e+00h  1
iter    objective    inf_pr   inf_du lg(mu)  ||d||  lg(rg) alpha_du alpha_pr  ls
1000r 2.2747110e+01 9.75e+00 1.26e+03   0.2 1.41e+00    -  1.00e+00 1.00e+00h  1

Number of Iterations....: 1000

                                   (scaled)                 (unscaled)
Objective...............:   2.2747109580048935e+01    2.2747109580048935e+01
Dual infeasibility......:   1.2552395598373737e+03    1.2552395598373737e+03
Constraint violation....:   9.7485405520195201e+00    9.7485405520195201e+00
Variable bound violation:   0.0000000000000000e+00    0.0000000000000000e+00
Complementarity.........:   1.9029724741166723e+00    1.9029724741166723e+00
Overall NLP error.......:   1.2552395598373737e+03    1.2552395598373737e+03


Number of objective function evaluations             = 2950
Number of objective gradient evaluations             = 135
Number of equality constraint evaluations            = 2981
Number of inequality constraint evaluations          = 2981
Number of equality constraint Jacobian evaluations   = 1021
Number of inequality constraint Jacobian evaluations = 1021
Number of Lagrangian Hessian evaluations             = 0
Total seconds in IPOPT                               = 1846.685

EXIT: Maximum Number of Iterations Exceeded.
