This is Ipopt version 3.14.19, running with linear solver MUMPS 5.8.2.

Number of nonzeros in equality constraint Jacobian...:    37797
Number of nonzeros in inequality constraint Jacobian.:     5100
Number of nonzeros in Lagrangian Hessian.............:        0

Total number of variables............................:      607
                     variables with only lower bounds:        0
                variables with lower and upper bounds:      528
                     variables with only upper bounds:        0
Total number of equality constraints.................:      476
Total number of inequality constraints...............:      420
        inequality constraints with only lower bounds:        0
   inequality constraints with lower and upper bounds:        0
        inequality constraints with only upper bounds:      420

iter    objective    inf_pr   inf_du lg(mu)  ||d||  lg(rg) alpha_du alpha_pr  ls
   0  8.2399605e+01 1.64e+00 1.16e+01   0.0 0.00e+00    -  0.00e+00 0.00e+00   0
   1  8.1023598e+01 1.62e+00 1.15e+01  -0.5 2.31e+00    -  7.78e-02 1.51e-02h  1
   2  8.2014199e+01 1.59e+00 1.62e+02   0.6 1.12e+01    -  9.74e-02 2.08e-02f  1
   3  8.7024808e+01 1.51e+00 3.63e+02   1.0 1.27e+01    -  1.18e-01 4.74e-02f  1
   4  8.4306034e+01 1.37e+00 2.48e+03   1.2 1.17e+01    -  4.95e-01 7.75e-02h  1
   5  9.0532042e+01 1.31e+00 1.37e+04   2.1 2.00e+01    -  3.02e-01 4.08e-02f  1
   6  8.8839743e+01 1.21e+00 1.73e+05   2.7 1.82e+01    -  7.46e-01 7.23e-02h  1
   7  8.2456789e+01 1.11e+00 3.47e+05   3.1 1.15e+01    -  2.44e-01 9.71e-02h  1
   8  8.0377735e+01 1.05e+00 4.22e+05   3.1 8.96e+00    -  9.82e-02 5.41e-02h  1
   9  7.7017593e+01 9.52e-01 4.42e+05   3.1 8.69e+00    -  1.20e-01 9.56e-02h  1
iter    objective    inf_pr   inf_du lg(mu)  ||d||  lg(rg) alpha_du alpha_pr  ls
  10  7.7030165e+01 8.76e-01 5.17e+05   3.1 7.03e+00    -  6.20e-02 7.35e-02h  1

Number of Iterations....: 10

                                   (scaled)                 (unscaled)
Objective...............:   7.7030165263465875e+01    7.7030165263465875e+01
Dual infeasibility......:   5.1723500280673563e+05    5.1723500280673563e+05
Constraint violation....:   8.7620335368909497e-01    8.7620335368909497e-01
Variable bound violation:   0.0000000000000000e+00    0.0000000000000000e+00
Complementarity.........:   1.5799267045186482e+03    1.5799267045186482e+03
Overall NLP error.......:   3.5847676143827480e+03    5.1723500280673563e+05


Number of objective function evaluations             = 11
Number of objective gradient evaluations             = 11
Number of equality constraint evaluations            = 11
Number of inequality constraint evaluations          = 11
Number of equality constraint Jacobian evaluations   = 11
Number of inequality constraint Jacobian evaluations = 11
Number of Lagrangian Hessian evaluations             = 0
Total seconds in IPOPT                               = 6.629

EXIT: Maximum Number of Iterations Exceeded.
