This is Ipopt version 3.14.19, running with linear solver MUMPS 5.8.2.

Number of nonzeros in equality constraint Jacobian...:   461324
Number of nonzeros in inequality constraint Jacobian.:     2168
Number of nonzeros in Lagrangian Hessian.............:        0

Total number of variables............................:     1523
                     variables with only lower bounds:        0
                variables with lower and upper bounds:      362
                     variables with only upper bounds:        0
Total number of equality constraints.................:     1458
Total number of inequality constraints...............:      217
        inequality constraints with only lower bounds:        0
   inequality constraints with lower and upper bounds:        0
        inequality constraints with only upper bounds:      217

iter    objective    inf_pr   inf_du lg(mu)  ||d||  lg(rg) alpha_du alpha_pr  ls
   0  1.1670555e-02 4.77e+00 1.78e-02   0.0 0.00e+00    -  0.00e+00 0.00e+00   0
   1  1.1447105e-02 4.74e+00 5.79e+02   0.2 9.82e+00    -  8.43e-01 6.11e-03f  1
   2  1.1356430e-02 4.61e+00 7.16e+02   0.9 1.64e+01    -  9.18e-02 2.74e-02h  1
   3  1.8887273e-02 4.33e+00 7.73e+02  -4.0 7.89e+01    -  3.50e-02 6.13e-02h  1
   4  2.8352421e-02 4.15e+00 7.92e+02  -0.4 5.41e+01    -  5.26e-02 4.27e-02h  1
   5  3.5749553e-02 4.02e+00 7.98e+02  -1.6 4.73e+01    -  5.51e-02 2.98e-02h  1
   6  3.9166543e-02 3.92e+00 8.42e+02  -4.0 2.92e+01    -  1.09e-02 2.47e-02h  1
   7  4.2456497e-02 3.84e+00 8.64e+02  -0.4 3.06e+01    -  3.49e-02 2.17e-02h  1
   8  5.2167315e-02 3.64e+00 1.79e+03   0.9 4.34e+01    -  8.67e-02 5.50e-02f  1
   9  6.2717190e-02 3.46e+00 6.70e+03   1.3 5.00e+01    -  1.69e-01 4.85e-02f  1
iter    objective    inf_pr   inf_du lg(mu)  ||d||  lg(rg) alpha_du alpha_pr  ls
  10  1.1366624e-01 3.59e+00 5.15e+03   1.2 4.81e+01    -  1.89e-01 1.46e-01f  1
  11  2.1939732e-01 3.31e+00 6.25e+03   0.8 5.20e+01    -  2.69e-01 2.05e-01f  1
  12  2.5525375e-01 3.12e+00 6.21e+03  -4.0 3.33e+01    -  2.49e-01 7.28e-02h  1
  13  3.4634476e-01 3.90e+00 1.48e+04   2.1 5.58e+01    -  4.78e-01 1.09e-01f  1
  14  4.6985554e-01 3.28e+00 1.57e+04   1.7 2.83e+01    -  4.61e-01 2.42e-01h  1
  15  1.1432048e+00 1.47e+01 1.39e+05   2.4 4.24e+01    -  6.34e-01 6.10e-01f  1
  16  1.6159521e+00 4.41e+00 4.95e+04   2.1 2.12e+01    -  6.77e-01 8.73e-01h  1
  17  1.8208564e+00 2.71e+00 5.14e+04   2.1 2.86e+01    -  2.04e-01 3.93e-01f  1
  18  2.1319766e+00 4.31e+00 5.21e+04   2.4 3.96e+01    -  9.94e-01 3.56e-01f  1
  19  2.7156120e+00 3.93e+00 6.70e+04   2.3 2.85e+01    -  5.25e-01 7.99e-01f  1
iter    objective    inf_pr   inf_du lg(mu)  ||d||  lg(rg) alpha_du alpha_pr  ls
  20  3.0551005e+00 4.86e+00 1.08e+05   2.3 2.70e+01    -  1.00e+00 7.39e-01f  1
  21  3.0479995e+00 1.70e+00 8.34e+04   1.6 1.82e+01    -  1.00e+00 1.00e+00f  1
  22  3.1550468e+00 9.83e-01 6.26e+04   1.1 1.10e+01    -  1.00e+00 1.00e+00h  1
  23  3.2131690e+00 4.42e-01 2.19e+04   0.6 7.10e+00    -  1.00e+00 1.00e+00h  1
  24  3.2455061e+00 1.51e-01 1.56e+04  -0.2 3.97e+00    -  1.00e+00 1.00e+00h  1
  25  3.2736219e+00 7.15e-02 4.68e+03  -0.9 2.49e+00    -  1.00e+00 1.00e+00h  1
  26  3.3009017e+00 4.27e-02 2.76e+03  -2.0 1.66e+00    -  1.00e+00 1.00e+00h  1
  27  3.3055420e+00 1.50e-02 3.38e+02  -1.7 8.66e-01    -  1.00e+00 1.00e+00h  1
  28  3.2954523e+00 3.52e-03 9.47e+01  -2.4 3.93e-01    -  1.00e+00 1.00e+00h  1
  29  3.1902152e+00 1.54e-01 1.29e+02  -2.8 2.51e+00    -  1.00e+00 1.00e+00h  1
iter    objective    inf_pr   inf_du lg(mu)  ||d||  lg(rg) alpha_du alpha_pr  ls
  30  2.9597277e+00 9.11e-01 6.58e+02  -2.4 9.46e+00    -  1.00e+00 7.84e-01h  1
  31  2.7887006e+00 1.06e+00 8.95e+02  -2.6 5.92e+00    -  1.00e+00 9.99e-01h  1
  32  2.7256906e+00 4.06e-01 2.57e+02  -2.4 2.98e+00    -  1.00e+00 1.00e+00h  1
  33  2.6329965e+00 7.75e-01 1.04e+02  -2.1 5.47e+00    -  1.00e+00 1.00e+00h  1
  34  2.4365216e+00 9.86e-01 2.41e+02  -2.2 8.67e+00    -  1.00e+00 9.91e-01h  1
  35  2.2414193e+00 4.85e-01 1.64e+02  -2.4 7.46e+00    -  1.00e+00 1.00e+00h  1
  36  1.9772489e+00 2.99e+00 4.78e+02  -2.0 1.33e+01    -  1.00e+00 1.00e+00h  1
  37  1.8839930e+00 2.28e-01 1.68e+02  -2.3 3.82e+00    -  1.00e+00 1.00e+00h  1
  38  1.7179571e+00 6.85e-01 6.50e+01  -2.4 7.45e+00    -  1.00e+00 1.00e+00h  1
  39  1.4778328e+00 2.05e+00 1.45e+02  -2.1 1.16e+01    -  1.00e+00 1.00e+00h  1
iter    objective    inf_pr   inf_du lg(mu)  ||d||  lg(rg) alpha_du alpha_pr  ls
  40  1.1133272e+00 3.32e+00 1.33e+02  -2.2 2.02e+01    -  1.00e+00 1.00e+00h  1
  41  1.0039806e+00 9.12e-01 9.00e+01  -1.9 1.33e+01    -  9.89e-01 8.22e-01h  1
  42  7.4688146e-01 4.22e+00 7.49e+01  -2.0 1.95e+01    -  1.00e+00 1.00e+00h  1
  43  5.4687563e-01 1.81e+00 9.63e+01  -2.1 1.75e+01    -  1.00e+00 1.00e+00h  1
  44  4.6972605e-01 1.41e+00 3.11e+01  -2.3 8.59e+00    -  1.00e+00 1.00e+00h  1
  45  4.1365418e-01 6.19e-01 2.68e+01  -2.8 6.65e+00    -  1.00e+00 1.00e+00h  1
  46  3.4819057e-01 9.55e-01 2.59e+01  -2.6 6.80e+00    -  1.00e+00 1.00e+00h  1
  47  3.0360426e-01 1.85e+00 4.81e+01  -2.3 8.93e+00    -  1.00e+00 1.00e+00h  1
  48  2.3793730e-01 1.77e+00 6.27e+01  -2.5 1.03e+01    -  1.00e+00 1.00e+00h  1
  49  2.0993456e-01 5.98e-01 3.45e+01  -2.6 4.76e+00    -  1.00e+00 1.00e+00h  1
iter    objective    inf_pr   inf_du lg(mu)  ||d||  lg(rg) alpha_du alpha_pr  ls
  50  2.0195849e-01 3.22e-01 2.42e+01  -2.3 4.47e+00    -  1.00e+00 6.70e-01h  1
  51  2.2179974e-01 2.78e-01 2.41e+01  -2.1 4.76e+00    -  1.00e+00 6.02e-01h  1
  52  2.3470380e-01 3.30e-01 6.98e+01  -2.3 3.56e+00    -  1.00e+00 1.00e+00h  1
  53  2.2180196e-01 2.03e-01 3.89e+01  -2.8 2.37e+00    -  1.00e+00 1.00e+00h  1
  54  2.4767894e-01 1.14e-01 8.39e+01  -2.8 4.47e+00    -  6.25e-01 4.84e-01H  1
  55  2.6336704e-01 9.10e-02 7.92e+01  -3.2 1.91e+00    -  1.00e+00 9.02e-01H  1
  56  2.3619396e-01 1.12e-01 2.74e+01  -3.6 2.51e+00    -  1.00e+00 1.00e+00h  1
  57  2.1686496e-01 1.31e-01 4.82e+01  -3.3 2.38e+00    -  1.00e+00 1.00e+00h  1
  58  1.9881267e-01 1.57e-01 4.33e+01  -3.6 2.49e+00    -  1.00e+00 1.00e+00h  1
  59  1.9963379e-01 4.37e-02 1.77e+01  -4.0 1.39e+00    -  1.00e+00 1.00e+00h  1
iter    objective    inf_pr   inf_du lg(mu)  ||d||  lg(rg) alpha_du alpha_pr  ls
  60  2.1867368e-01 3.25e-02 6.00e+01  -3.4 2.63e+00    -  1.00e+00 7.15e-01H  1
  61  2.0127908e-01 1.19e-01 5.55e+01  -3.5 2.37e+00    -  1.00e+00 9.83e-01h  1
  62  1.8176441e-01 1.63e-01 7.07e+01  -3.6 2.76e+00    -  1.00e+00 1.00e+00h  1
  63  1.8515221e-01 1.66e-01 4.20e+01  -3.3 2.25e+00    -  1.00e+00 1.00e+00h  1
  64  1.7810286e-01 5.32e-02 1.70e+01  -3.8 1.34e+00    -  1.00e+00 1.00e+00h  1
  65  1.8664419e-01 3.81e-02 1.09e+01  -3.3 2.24e+00    -  3.91e-01 3.23e-01H  1
  66  1.9302907e-01 6.96e-02 8.73e+01  -3.2 1.72e+00    -  1.00e+00 1.00e+00h  1
  67  1.8332315e-01 4.28e-02 1.48e+01  -3.3 1.37e+00    -  1.00e+00 1.00e+00h  1
  68  1.9759246e-01 2.60e-02 4.82e+01  -3.4 1.64e+00    -  5.84e-01 6.92e-01H  1
  69  1.9578094e-01 1.19e-02 2.84e+01  -3.5 5.84e-01    -  1.00e+00 1.00e+00h  1
iter    objective    inf_pr   inf_du lg(mu)  ||d||  lg(rg) alpha_du alpha_pr  ls
  70  1.9785217e-01 6.67e-03 3.01e+01  -3.2 7.40e-01    -  1.00e+00 5.00e-01h  2
  71  2.0094150e-01 3.65e-03 1.74e+01  -3.5 1.01e+00    -  1.00e+00 5.00e-01h  2
  72  1.9848416e-01 8.55e-03 4.11e+01  -4.0 7.04e-01    -  1.00e+00 9.64e-01h  1
  73  1.9296591e-01 1.33e-02 5.27e+01  -4.1 7.35e-01    -  1.00e+00 8.87e-01h  1
  74  1.9216839e-01 7.77e-03 4.91e+01  -4.0 5.37e-01    -  1.00e+00 1.00e+00h  1
  75  1.9250750e-01 3.86e-03 1.87e+01  -4.0 4.19e-01    -  1.00e+00 1.00e+00h  1
  76  1.9683895e-01 8.23e-04 2.46e+01  -4.0 5.91e-01    -  1.00e+00 8.82e-01H  1
  77  1.9257531e-01 1.14e-02 3.97e+01  -4.0 4.94e-01    -  1.00e+00 1.00e+00h  1
  78  1.8940154e-01 1.53e-02 4.30e+01  -4.1 1.98e+00    -  1.00e+00 2.19e-01h  1
  79  1.8276637e-01 3.46e-02 8.62e+01  -4.0 3.41e+00    -  9.67e-01 3.12e-01h  1
iter    objective    inf_pr   inf_du lg(mu)  ||d||  lg(rg) alpha_du alpha_pr  ls
  80  1.6948934e-01 1.70e-01 2.04e+02  -4.1 5.85e+00    -  1.00e+00 4.01e-01h  1
  81  1.6011205e-01 6.03e-02 1.48e+02  -3.8 2.08e+00    -  1.00e+00 1.00e+00h  1
  82  1.6453780e-01 3.51e-02 2.42e+01  -4.0 1.20e+00    -  9.58e-01 9.27e-01h  1
  83  1.6491616e-01 1.57e-02 3.87e+01  -4.0 7.49e-01    -  1.00e+00 1.00e+00h  1
  84  1.7098624e-01 1.50e-02 5.59e+01  -4.0 8.99e-01    -  5.98e-01 4.63e-01H  1
  85  1.6807311e-01 9.48e-03 3.07e+01  -4.0 7.19e-01    -  1.00e+00 1.00e+00h  1
  86  1.6285265e-01 6.64e-02 9.34e+01  -3.5 1.60e+00    -  1.00e+00 1.00e+00h  1
  87  1.5415373e-01 7.19e-02 9.95e+01  -3.6 1.43e+00    -  8.37e-01 1.00e+00h  1
  88  1.5507456e-01 2.38e-02 3.54e+01  -4.0 6.39e-01    -  1.00e+00 1.00e+00h  1
  89  1.5716898e-01 1.10e-02 1.92e+01  -4.0 6.05e-01    -  1.00e+00 1.00e+00h  1
iter    objective    inf_pr   inf_du lg(mu)  ||d||  lg(rg) alpha_du alpha_pr  ls
  90  1.5813252e-01 7.13e-03 1.30e+01  -4.0 7.76e-01    -  1.00e+00 3.11e-01h  1
  91  1.5185766e-01 2.22e-01 9.97e+01  -3.4 4.67e+00    -  1.00e+00 5.97e-01h  1
  92  1.4140396e-01 2.27e-01 1.50e+02  -3.4 4.84e+00    -  8.51e-01 4.37e-01h  1
  93  1.3496731e-01 1.07e-01 4.99e+01  -3.2 2.16e+00    -  1.00e+00 1.00e+00h  1
  94  1.3849121e-01 4.58e-02 3.72e+01  -3.3 1.54e+00    -  1.00e+00 1.00e+00h  1
  95  1.4181292e-01 2.17e-02 1.72e+01  -3.4 1.09e+00    -  8.13e-01 6.93e-01H  1
  96  1.4506718e-01 1.38e-02 2.09e+01  -3.5 1.21e+00    -  1.00e+00 5.00e-01h  2
  97  1.4508666e-01 1.18e-02 2.44e+01  -4.0 1.15e+00    -  1.00e+00 2.50e-01h  3
  98  1.4470431e-01 1.12e-02 2.48e+01  -4.0 1.18e+00    -  1.00e+00 2.35e-01h  3
  99  1.4472671e-01 9.83e-03 2.53e+01  -3.7 9.31e-01    -  1.00e+00 2.50e-01h  3
iter    objective    inf_pr   inf_du lg(mu)  ||d||  lg(rg) alpha_du alpha_pr  ls
 100  1.4489905e-01 9.02e-03 2.59e+01  -4.0 7.79e-01    -  1.00e+00 2.50e-01h  3
 101  1.4941202e-01 8.22e-03 5.64e+01  -4.0 8.41e-01    -  1.00e+00 8.17e-01H  1
 102  1.4293360e-01 2.32e-02 3.51e+01  -4.0 1.15e+00    -  1.00e+00 1.00e+00h  1
 103  1.3788172e-01 2.50e-02 3.65e+01  -4.1 3.13e+00    -  6.91e-01 3.17e-01h  1
 104  1.3803841e-01 1.51e-02 3.78e+01  -3.8 7.57e-01    -  1.00e+00 1.00e+00h  1
 105  1.3900933e-01 6.30e-03 8.23e+00  -4.0 4.33e-01    -  1.00e+00 1.00e+00h  1
 106  1.4052098e-01 1.08e-02 3.45e+01  -3.7 7.04e-01    -  1.00e+00 1.00e+00h  1
 107  1.4004196e-01 4.74e-03 7.85e+00  -4.0 3.94e-01    -  1.00e+00 1.00e+00h  1
 108  1.4211012e-01 3.11e-03 1.53e+01  -3.7 5.61e-01    -  1.00e+00 7.34e-01h  1
 109  1.4334845e-01 1.84e-03 1.60e+01  -4.0 2.95e-01    -  1.00e+00 1.00e+00h  1
iter    objective    inf_pr   inf_du lg(mu)  ||d||  lg(rg) alpha_du alpha_pr  ls
 110  1.4340005e-01 5.87e-04 8.19e+00  -4.0 1.37e-01    -  1.00e+00 1.00e+00h  1
 111  1.4357764e-01 2.66e-04 7.53e+00  -4.0 8.97e-02    -  1.00e+00 1.00e+00h  1
 112  1.4393863e-01 1.22e-04 1.53e+00  -4.0 6.36e-02    -  1.00e+00 1.00e+00h  1
 113  1.4364331e-01 3.93e-04 4.78e+00  -4.0 9.81e-02    -  1.00e+00 1.00e+00h  1
 114  1.4026614e-01 4.13e-02 5.44e+01  -4.1 1.46e+00    -  1.00e+00 7.08e-01h  1
 115  1.3517251e-01 2.17e-01 1.68e+02  -4.1 2.71e+00    -  1.00e+00 9.18e-01h  1
 116  1.2978546e-01 1.06e-01 1.66e+02  -4.1 1.99e+00    -  5.48e-01 5.97e-01h  1
 117  1.2366528e-01 7.09e-02 1.12e+02  -4.0 3.27e+00    -  5.64e-01 3.87e-01h  1
 118  1.2649109e-01 4.74e-02 5.26e+01  -3.5 1.46e+00    -  1.00e+00 5.27e-01h  1
 119  1.2553784e-01 3.20e-02 2.55e+01  -3.8 1.13e+00    -  8.53e-01 1.00e+00h  1
iter    objective    inf_pr   inf_du lg(mu)  ||d||  lg(rg) alpha_du alpha_pr  ls
 120  1.2542235e-01 1.41e-02 6.52e+00  -4.0 8.45e-01    -  1.00e+00 1.00e+00h  1
 121  1.2769889e-01 1.05e-02 1.08e+01  -3.6 2.45e+00    -  1.00e+00 2.50e-01h  3
 122  1.2809926e-01 8.96e-03 1.75e+01  -3.8 1.15e+00    -  1.00e+00 2.50e-01h  3
 123  1.3014413e-01 8.66e-03 1.25e+01  -4.0 9.25e-01    -  1.00e+00 5.00e-01h  2
 124  1.3044735e-01 4.93e-03 9.07e+00  -4.0 6.58e-01    -  1.00e+00 5.00e-01h  2
 125  1.3141161e-01 3.92e-03 6.66e+00  -4.0 9.45e-01    -  1.00e+00 2.50e-01h  3
 126  1.3187539e-01 3.30e-03 8.89e+00  -4.0 7.34e-01    -  1.00e+00 2.50e-01h  3
 127  1.3263536e-01 3.19e-03 1.90e+01  -4.0 4.50e-01    -  1.00e+00 5.00e-01h  2
 128  1.3334623e-01 2.99e-03 1.79e+01  -4.0 2.69e-01    -  1.00e+00 1.00e+00h  1
 129  1.3408196e-01 1.83e-03 1.09e+01  -4.0 2.72e-01    -  1.00e+00 5.00e-01h  2
iter    objective    inf_pr   inf_du lg(mu)  ||d||  lg(rg) alpha_du alpha_pr  ls
 130  1.3455535e-01 1.26e-03 8.68e+00  -4.0 2.55e-01    -  1.00e+00 5.00e-01h  2
 131  1.3645149e-01 4.03e-04 1.37e+01  -4.0 2.25e-01    -  1.00e+00 1.00e+00H  1
 132  1.3562385e-01 1.30e-03 8.71e+00  -4.0 2.38e-01    -  1.00e+00 1.00e+00h  1
 133  1.3428051e-01 2.00e-03 1.72e+01  -4.1 3.15e-01    -  1.00e+00 1.00e+00h  1
 134  1.3452567e-01 1.56e-03 1.20e+01  -4.1 2.14e-01    -  1.00e+00 1.00e+00h  1
 135  1.3558064e-01 6.16e-04 5.54e+00  -4.0 1.64e-01    -  1.00e+00 1.00e+00H  1
 136  1.3520817e-01 1.94e-03 7.90e+00  -4.0 2.14e-01    -  1.00e+00 1.00e+00h  1
 137  1.3183932e-01 8.87e-02 6.84e+01  -4.1 1.46e+00    -  1.00e+00 1.00e+00h  1
 138  1.2898298e-01 8.95e-02 9.16e+01  -4.1 3.66e+00    -  1.00e+00 2.23e-01h  1
 139  1.2304293e-01 3.96e-02 6.41e+01  -4.1 2.40e+00    -  3.85e-01 5.41e-01h  1
iter    objective    inf_pr   inf_du lg(mu)  ||d||  lg(rg) alpha_du alpha_pr  ls
 140  1.2476676e-01 1.04e-02 3.06e+01  -3.8 4.67e-01    -  1.00e+00 1.00e+00h  1
 141  1.2653698e-01 5.88e-03 6.84e+00  -3.9 8.19e-01    -  1.00e+00 5.00e-01h  2
 142  1.2710841e-01 4.90e-03 9.33e+00  -4.0 8.86e-01    -  1.00e+00 2.50e-01h  3
 143  1.2712365e-01 4.70e-03 1.03e+01  -4.0 1.30e+00    -  1.00e+00 6.25e-02h  5
 144  1.2725185e-01 4.25e-03 1.22e+01  -4.0 9.21e-01    -  1.00e+00 1.25e-01h  4
 145  1.2581602e-01 3.05e-01 8.14e+01  -4.0 2.50e+00    -  1.00e+00 9.17e-01h  1
 146  1.1625191e-01 6.59e-02 5.65e+01  -4.1 2.22e+00    -  9.67e-01 9.63e-01h  1
 147  1.1383503e-01 1.49e-01 1.70e+01  -3.5 2.39e+00    -  1.00e+00 1.00e+00f  1
 148  1.0931801e-01 8.30e-02 2.03e+01  -3.5 1.73e+00    -  8.84e-01 1.00e+00h  1
 149  1.1022014e-01 3.86e-02 8.06e+00  -4.0 1.21e+00    -  1.00e+00 1.00e+00h  1
iter    objective    inf_pr   inf_du lg(mu)  ||d||  lg(rg) alpha_du alpha_pr  ls
 150  1.1156086e-01 3.49e-02 5.42e+00  -3.7 2.04e+00    -  1.00e+00 2.50e-01h  3
 151  1.1321734e-01 2.78e-02 1.37e+01  -3.4 2.10e+00    -  1.00e+00 2.31e-01h  3
 152  1.1455237e-01 2.33e-02 1.42e+01  -4.0 1.50e+00    -  7.03e-01 2.50e-01h  3
 153  1.1536767e-01 2.01e-02 1.11e+01  -3.9 1.40e+00    -  1.00e+00 2.50e-01h  3
 154  1.1881209e-01 1.84e-02 1.76e+01  -3.7 1.41e+00    -  1.00e+00 5.00e-01h  2
 155  1.2141004e-01 2.59e-02 2.04e+01  -4.0 9.03e-01    -  1.00e+00 1.00e+00h  1
 156  1.1800718e-01 1.50e-02 9.29e+00  -3.7 7.68e-01    -  1.00e+00 1.00e+00h  1
 157  1.2053870e-01 1.20e-02 1.38e+01  -3.4 1.11e+00    -  1.00e+00 4.28e-01h  2
 158  1.2188931e-01 6.26e-03 1.33e+01  -3.9 8.30e-01    -  1.00e+00 5.00e-01h  2
 159  1.2296355e-01 5.96e-03 1.25e+01  -4.0 9.76e-01    -  1.00e+00 5.00e-01h  2
iter    objective    inf_pr   inf_du lg(mu)  ||d||  lg(rg) alpha_du alpha_pr  ls
 160  1.2473427e-01 8.65e-03 2.04e+01  -4.0 4.76e-01    -  1.00e+00 1.00e+00h  1
 161  1.2448004e-01 5.81e-03 2.00e+01  -4.0 4.24e-01    -  1.00e+00 1.00e+00h  1
 162  1.2385634e-01 3.14e-03 3.05e+00  -4.0 2.91e-01    -  1.00e+00 1.00e+00h  1
 163  1.2766296e-01 5.38e-04 2.93e+01  -4.0 6.77e-01    -  1.00e+00 9.29e-01H  1
 164  1.2610443e-01 5.35e-03 3.29e+01  -4.0 6.16e-01    -  1.00e+00 7.01e-01h  1
 165  1.2500817e-01 4.04e-03 8.77e+00  -4.1 3.22e-01    -  1.00e+00 1.00e+00h  1
 166  1.2470444e-01 5.60e-03 1.87e+01  -4.1 3.89e-01    -  1.00e+00 1.00e+00h  1
 167  1.2394496e-01 3.48e-03 2.59e+00  -4.1 3.03e-01    -  1.00e+00 1.00e+00h  1
 168  1.2641841e-01 5.84e-04 1.08e+01  -4.1 4.25e-01    -  1.00e+00 1.00e+00H  1
 169  1.2552248e-01 3.00e-03 1.98e+01  -4.0 3.04e-01    -  1.00e+00 1.00e+00h  1
iter    objective    inf_pr   inf_du lg(mu)  ||d||  lg(rg) alpha_du alpha_pr  ls
 170  1.2404726e-01 7.17e-03 1.83e+01  -4.1 4.25e-01    -  1.00e+00 1.00e+00h  1
 171  1.2372418e-01 2.92e-03 1.07e+01  -4.1 2.91e-01    -  1.00e+00 1.00e+00h  1
 172  1.2565624e-01 5.59e-04 1.10e+01  -4.0 2.81e-01    -  1.00e+00 1.00e+00H  1
 173  1.2502565e-01 1.70e-03 1.41e+01  -4.0 2.24e-01    -  1.00e+00 1.00e+00h  1
 174  1.2485409e-01 1.27e-03 1.47e+01  -4.1 2.35e-01    -  1.00e+00 5.00e-01h  2
 175  1.2467948e-01 7.54e-04 7.33e+00  -4.1 1.82e-01    -  1.00e+00 1.00e+00h  1
 176  1.2508985e-01 9.38e-04 5.20e+00  -4.0 2.23e-01    -  1.00e+00 1.00e+00h  1
 177  1.2517667e-01 4.05e-04 5.51e+00  -4.0 1.53e-01    -  1.00e+00 5.00e-01h  2
 178  1.2540141e-01 2.75e-05 5.98e+00  -4.0 9.85e-02    -  1.00e+00 1.00e+00H  1
 179  1.2425989e-01 1.32e-02 3.64e+01  -4.0 7.18e-01    -  1.00e+00 1.00e+00h  1
iter    objective    inf_pr   inf_du lg(mu)  ||d||  lg(rg) alpha_du alpha_pr  ls
 180  1.2105178e-01 8.32e-03 3.33e+01  -4.1 6.80e-01    -  1.00e+00 1.00e+00h  1
 181  1.1559029e-01 2.49e-02 3.06e+01  -4.1 1.24e+00    -  1.00e+00 1.00e+00h  1
 182  1.1606589e-01 6.77e-03 9.58e+00  -4.1 5.19e-01    -  1.00e+00 1.00e+00h  1
 183  1.1702124e-01 3.82e-03 4.80e+00  -4.0 4.95e-01    -  1.00e+00 5.00e-01h  2
 184  1.1786779e-01 2.86e-03 8.47e+00  -4.0 8.59e-01    -  1.00e+00 2.50e-01h  3
 185  1.1821482e-01 2.46e-03 6.57e+00  -4.0 7.79e-01    -  1.00e+00 1.25e-01h  4
 186  1.1863977e-01 2.17e-03 7.24e+00  -4.0 7.29e-01    -  1.00e+00 1.25e-01h  4
 187  1.2003418e-01 2.71e-02 3.59e+01  -3.7 1.39e+00    -  1.00e+00 5.00e-01h  2
 188  1.1925374e-01 5.22e-03 2.78e+01  -3.8 3.45e-01    -  1.00e+00 1.00e+00h  1
 189  1.1976273e-01 2.74e-03 1.51e+01  -3.8 2.80e-01    -  1.00e+00 5.00e-01h  2
iter    objective    inf_pr   inf_du lg(mu)  ||d||  lg(rg) alpha_du alpha_pr  ls
 190  1.2086599e-01 1.91e-03 1.04e+01  -4.0 4.35e-01    -  1.00e+00 5.00e-01h  2
 191  1.2104459e-01 1.67e-03 1.16e+01  -4.0 4.04e-01    -  1.00e+00 1.25e-01h  4
 192  1.2106982e-01 1.61e-03 1.24e+01  -4.0 6.73e-01    -  1.00e+00 3.12e-02h  6
 193  1.1981564e-01 9.37e-01 1.90e+02  -3.7 4.15e+00    -  1.00e+00 9.23e-01h  1
 194  1.0531277e-01 1.45e-01 6.45e+01  -3.8 3.69e+00    -  6.14e-01 1.00e+00h  1
 195  9.7094256e-02 3.12e-01 3.63e+01  -3.4 3.17e+00    -  1.00e+00 1.00e+00h  1
 196  9.6083166e-02 8.55e-02 1.71e+01  -4.0 1.49e+00    -  1.00e+00 1.00e+00h  1
 197  1.0023313e-01 5.85e-02 8.17e+00  -3.5 2.10e+00    -  1.00e+00 2.93e-01H  1
 198  1.0211140e-01 5.15e-02 8.20e+00  -3.7 2.76e+00    -  7.12e-01 1.04e-01H  1
 199  1.0517456e-01 3.30e-02 1.03e+01  -4.0 2.09e+00    -  1.00e+00 5.00e-01h  2
iter    objective    inf_pr   inf_du lg(mu)  ||d||  lg(rg) alpha_du alpha_pr  ls
 200  1.0699491e-01 1.54e-02 1.26e+01  -4.0 1.00e+00    -  1.00e+00 5.00e-01h  2
 201  1.0865552e-01 1.31e-02 9.14e+00  -3.7 2.05e+00    -  1.00e+00 2.50e-01h  3
 202  1.0931722e-01 9.62e-03 1.20e+01  -4.0 1.19e+00    -  1.00e+00 2.46e-01h  3
 203  1.1047613e-01 9.96e-03 1.37e+01  -4.0 1.43e+00    -  1.00e+00 2.50e-01h  3
 204  1.1157702e-01 8.34e-03 1.40e+01  -4.0 1.26e+00    -  1.00e+00 5.00e-01h  2
 205  1.1340734e-01 7.30e-03 1.29e+01  -4.0 8.40e-01    -  1.00e+00 5.00e-01h  2
 206  1.1378979e-01 4.55e-03 1.45e+01  -4.0 4.95e-01    -  1.00e+00 5.00e-01h  2
 207  1.1447207e-01 4.38e-03 1.28e+01  -4.0 6.00e-01    -  1.00e+00 5.00e-01h  2
 208  1.1499104e-01 2.45e-03 1.03e+01  -4.0 5.86e-01    -  1.00e+00 5.00e-01h  2
 209  1.1757334e-01 1.33e-03 1.66e+01  -4.0 4.42e-01    -  1.00e+00 1.00e+00H  1
iter    objective    inf_pr   inf_du lg(mu)  ||d||  lg(rg) alpha_du alpha_pr  ls
 210  1.1648928e-01 6.61e-03 2.53e+01  -4.0 3.46e-01    -  1.00e+00 1.00e+00h  1
 211  1.1507606e-01 7.04e-03 5.09e+00  -4.1 4.38e-01    -  1.00e+00 1.00e+00h  1
 212  1.1604953e-01 2.99e-03 1.32e+01  -4.1 3.39e-01    -  1.00e+00 1.00e+00h  1
 213  1.1560843e-01 1.73e-03 5.58e+00  -4.0 2.54e-01    -  1.00e+00 1.00e+00h  1
 214  1.1732591e-01 2.78e-04 1.16e+01  -4.0 4.34e-01    -  1.00e+00 1.00e+00H  1
 215  1.1630205e-01 1.17e-02 4.71e+01  -4.0 4.47e-01    -  1.00e+00 1.00e+00h  1
 216  1.1402439e-01 8.70e-03 1.51e+01  -4.1 9.84e-01    -  1.00e+00 1.00e+00h  1

Number of Iterations....: 216

                                   (scaled)                 (unscaled)
Objective...............:   1.1402438852058591e-01    1.1402438852058591e-01
Dual infeasibility......:   1.5060732612544228e+01    1.5060732612544228e+01
Constraint violation....:   8.7024191688933605e-03    8.7024191688933605e-03
Variable bound violation:   0.0000000000000000e+00    0.0000000000000000e+00
Complementarity.........:   8.0864032290261777e-05    8.0864032290261777e-05
Overall NLP error.......:   1.5060732612544228e+01    1.5060732612544228e+01


Number of objective function evaluations             = 396
Number of objective gradient evaluations             = 217
Number of equality constraint evaluations            = 396
Number of inequality constraint evaluations          = 396
Number of equality constraint Jacobian evaluations   = 217
Number of inequality constraint Jacobian evaluations = 217
Number of Lagrangian Hessian evaluations             = 0
Total seconds in IPOPT                               = 256.760

EXIT: Stopping optimization at current point as requested by user.
