This is Ipopt version 3.14.19, running with linear solver MUMPS 5.8.2.

Number of nonzeros in equality constraint Jacobian...:    37797
Number of nonzeros in inequality constraint Jacobian.:     5100
Number of nonzeros in Lagrangian Hessian.............:        0

Total number of variables............................:      607
                     variables with only lower bounds:        0
                variables with lower and upper bounds:      528
                     variables with only upper bounds:        0
Total number of equality constraints.................:      476
Total number of inequality constraints...............:      420
        inequality constraints with only lower bounds:        0
   inequality constraints with lower and upper bounds:        0
        inequality constraints with only upper bounds:      420

iter    objective    inf_pr   inf_du lg(mu)  ||d||  lg(rg) alpha_du alpha_pr  ls
   0  8.2399605e+01 1.64e+00 1.16e+01   0.0 0.00e+00    -  0.00e+00 0.00e+00   0
   1  8.1023598e+01 1.62e+00 1.15e+01  -0.5 2.31e+00    -  7.78e-02 1.51e-02h  1
   2  8.2014199e+01 1.59e+00 1.62e+02   0.6 1.12e+01    -  9.74e-02 2.08e-02f  1
   3  8.7024808e+01 1.51e+00 3.63e+02   1.0 1.27e+01    -  1.18e-01 4.74e-02f  1
   4  8.4306034e+01 1.37e+00 2.48e+03   1.2 1.17e+01    -  4.95e-01 7.75e-02h  1
   5  9.0532042e+01 1.31e+00 1.37e+04   2.1 2.00e+01    -  3.02e-01 4.08e-02f  1
   6  8.8839743e+01 1.21e+00 1.73e+05   2.7 1.82e+01    -  7.46e-01 7.23e-02h  1
   7  8.2456789e+01 1.11e+00 3.47e+05   3.1 1.15e+01    -  2.44e-01 9.71e-02h  1
   8  8.0377735e+01 1.05e+00 4.22e+05   3.1 8.96e+00    -  9.82e-02 5.41e-02h  1
   9  7.7017593e+01 9.52e-01 4.42e+05   3.1 8.69e+00    -  1.20e-01 9.56e-02h  1
iter    objective    inf_pr   inf_du lg(mu)  ||d||  lg(rg) alpha_du alpha_pr  ls
  10  7.7030165e+01 8.76e-01 5.17e+05   3.1 7.03e+00    -  6.20e-02 7.35e-02h  1
  11  7.6631255e+01 8.53e-01 5.85e+05  -3.1 9.67e+00    -  7.78e-02 2.86e-02h  1
  12  7.4386612e+01 8.07e-01 8.11e+05   2.8 1.34e+01    -  9.17e-02 6.98e-02h  1
  13  7.4453373e+01 7.72e-01 1.01e+06   3.1 1.54e+01    -  5.22e-02 5.34e-02h  1
  14  7.6788947e+01 7.36e-01 1.21e+06   3.1 1.67e+01    -  4.23e-02 5.57e-02h  1
  15  7.7693200e+01 7.11e-01 1.31e+06   3.1 1.62e+01    -  5.56e-02 3.24e-02h  1
  16  7.7779205e+01 6.83e-01 1.41e+06   3.1 1.75e+01    -  5.92e-02 3.82e-02h  1
  17  7.5936032e+01 6.33e-01 1.85e+06   3.1 2.00e+01    -  4.55e-02 7.56e-02h  1
  18  7.2445462e+01 6.03e-01 2.19e+06   2.6 1.19e+01    -  6.60e-02 5.62e-02h  1
  19  6.9857532e+01 5.84e-01 2.37e+06   2.5 1.47e+01    -  7.00e-02 3.28e-02h  1
iter    objective    inf_pr   inf_du lg(mu)  ||d||  lg(rg) alpha_du alpha_pr  ls
  20  6.4985111e+01 5.49e-01 2.71e+06   3.1 1.21e+01    -  8.58e-02 6.72e-02f  1
  21  6.3961155e+01 5.31e-01 2.83e+06   3.1 1.18e+01    -  2.34e-02 3.40e-02f  1
  22  6.4329874e+01 5.08e-01 2.95e+06   2.0 4.17e+00    -  3.19e-02 4.77e-02h  1
  23  6.4568699e+01 5.00e-01 3.00e+06   3.1 1.11e+01    -  1.77e-02 1.66e-02f  1
  24  6.5706010e+01 4.72e-01 3.20e+06   1.7 7.78e+00    -  3.49e-02 6.44e-02h  1
  25  6.7251450e+01 4.20e-01 3.65e+06   3.1 9.74e+00    -  1.78e-01 1.24e-01f  1
  26  6.8044177e+01 3.91e-01 3.73e+06   3.0 1.45e+00    -  9.21e-02 6.86e-02f  1
  27  7.0028574e+01 3.37e-01 3.77e+06   2.4 1.85e+00    -  5.34e-02 1.33e-01h  1
  28  7.5257242e+01 2.54e-01 2.51e+06   3.1 2.90e+00    -  1.18e-01 4.61e-01f  1
  29  7.2056027e+01 2.10e-01 2.13e+06   3.1 1.10e+00    -  9.54e-02 1.84e-01f  1
iter    objective    inf_pr   inf_du lg(mu)  ||d||  lg(rg) alpha_du alpha_pr  ls
  30  6.8730611e+01 1.52e-01 1.40e+06   3.1 2.19e+00    -  1.63e-01 3.93e-01f  1
  31  7.7723277e+01 9.38e-02 9.17e+05   3.1 1.87e+00    -  3.57e-01 4.86e-01f  1
  32  9.3487047e+01 4.92e-02 4.01e+05   2.9 4.08e-01    -  6.88e-01 1.00e+00f  1
  33  9.4898404e+01 2.60e-03 3.59e+04   2.1 2.13e-01    -  9.21e-01 1.00e+00f  1
  34  9.4796682e+01 1.12e-05 4.94e+02   0.2 4.46e-03    -  9.84e-01 1.00e+00f  1
  35  8.8819850e+01 8.62e-03 2.25e+01  -0.4 1.41e-01    -  9.43e-01 1.00e+00f  1
  36  3.3107328e+01 1.54e-01 7.88e+01  -0.7 1.07e+00    -  7.03e-01 6.32e-01f  1
  37  1.1599195e+01 1.25e-01 8.42e+01  -0.0 1.38e+00    -  6.73e-01 2.80e-01f  1
  38  4.1293748e+00 5.51e-02 5.91e+01  -0.1 4.83e-01    -  9.74e-01 6.17e-01f  1
  39  6.5702344e+00 4.02e-02 7.29e+01  -0.1 2.61e-01    -  9.75e-01 1.00e+00f  1
iter    objective    inf_pr   inf_du lg(mu)  ||d||  lg(rg) alpha_du alpha_pr  ls
  40  2.2556703e+00 1.73e-02 7.56e+01  -0.5 2.35e-01    -  9.93e-01 7.78e-01f  1
  41  8.5076723e-01 1.83e-02 3.98e+01  -0.7 1.94e-01    -  9.95e-01 9.24e-01f  1
  42  2.0131164e-01 6.39e-03 2.59e+01  -1.3 1.12e-01    -  1.00e+00 9.39e-01h  1
  43  1.8169706e-01 3.52e-03 7.05e+00  -1.5 6.92e-02    -  9.99e-01 1.00e+00f  1
  44  2.0979810e-02 1.12e-03 1.91e+00  -2.3 4.54e-02    -  1.00e+00 9.62e-01h  1
  45  1.6839908e-02 8.31e-04 5.16e-01  -3.0 3.45e-02    -  1.00e+00 1.00e+00h  1
  46  1.2404077e-02 1.10e-03 1.77e-01  -3.8 3.24e-02    -  1.00e+00 1.00e+00h  1
  47  1.0639424e-02 3.51e-03 1.62e-01  -4.0 3.31e-02    -  1.00e+00 1.00e+00h  1
  48  1.0406840e-02 1.08e-03 7.67e-02  -4.0 2.20e-02    -  1.00e+00 1.00e+00h  1
  49  1.0432128e-02 5.93e-04 8.12e-02  -4.0 1.93e-02    -  1.00e+00 1.00e+00h  1
iter    objective    inf_pr   inf_du lg(mu)  ||d||  lg(rg) alpha_du alpha_pr  ls
  50  1.0357669e-02 3.35e-04 6.23e-02  -4.0 1.56e-02    -  1.00e+00 1.00e+00h  1
  51  1.0209708e-02 1.77e-04 1.00e-01  -4.0 1.43e-02    -  1.00e+00 1.00e+00h  1
  52  1.0033946e-02 5.87e-04 1.64e-01  -4.0 2.58e-02    -  1.00e+00 1.00e+00h  1
  53  9.7943794e-03 4.88e-03 3.99e-01  -4.0 7.45e-02    -  1.00e+00 1.00e+00h  1
  54  9.6648098e-03 8.58e-03 6.27e-01  -4.0 7.77e-02    -  1.00e+00 1.00e+00h  1
  55  8.9760137e-03 4.63e-03 5.33e-01  -4.0 7.21e-02    -  1.00e+00 5.00e-01h  2
  56  9.5494436e-03 2.87e-03 1.70e-01  -4.0 3.29e-02    -  1.00e+00 1.00e+00h  1
  57  8.9134326e-03 1.39e-03 3.45e-02  -4.0 2.18e-02    -  1.00e+00 1.00e+00h  1
  58  8.9402133e-03 2.32e-04 6.60e-02  -4.0 1.60e-02    -  1.00e+00 1.00e+00h  1
  59  8.7688432e-03 5.62e-04 1.21e-01  -4.0 2.49e-02    -  1.00e+00 1.00e+00h  1
iter    objective    inf_pr   inf_du lg(mu)  ||d||  lg(rg) alpha_du alpha_pr  ls
  60  8.6232444e-03 1.43e-03 2.81e-01  -4.0 7.39e-02    -  1.00e+00 5.00e-01h  2
  61  8.4139781e-03 2.34e-02 8.50e-01  -4.0 1.61e-01    -  1.00e+00 1.00e+00h  1
  62  8.3489953e-03 6.51e-03 7.70e-01  -4.0 8.73e-02    -  1.00e+00 1.00e+00h  1
  63  9.5043753e-03 4.14e-03 3.16e-01  -4.0 9.07e-02    -  1.00e+00 1.00e+00h  1
  64  8.1912030e-03 3.14e-03 6.38e-02  -4.1 3.79e-02    -  1.00e+00 1.00e+00h  1
  65  8.5950204e-03 2.41e-03 4.80e-02  -4.0 3.83e-02    -  1.00e+00 1.00e+00h  1
  66  7.8928831e-03 1.78e-03 7.94e-02  -4.0 3.59e-02    -  1.00e+00 1.00e+00h  1
  67  7.9433471e-03 5.58e-04 4.69e-02  -4.0 1.69e-02    -  1.00e+00 1.00e+00h  1
  68  8.0146009e-03 3.06e-04 7.24e-02  -4.0 1.42e-02    -  1.00e+00 1.00e+00h  1
  69  7.8996922e-03 1.09e-04 2.80e-02  -4.0 1.25e-02    -  1.00e+00 1.00e+00h  1
iter    objective    inf_pr   inf_du lg(mu)  ||d||  lg(rg) alpha_du alpha_pr  ls
  70  7.9275380e-03 4.55e-05 3.91e-02  -4.0 7.16e-03    -  1.00e+00 1.00e+00h  1
  71  7.9115369e-03 5.07e-05 4.98e-02  -4.0 6.69e-03    -  1.00e+00 1.00e+00h  1
  72  7.8809419e-03 8.57e-05 4.69e-02  -4.0 5.78e-03    -  1.00e+00 1.00e+00h  1
  73  7.8656815e-03 1.82e-05 4.49e-02  -4.0 4.99e-03    -  1.00e+00 1.00e+00h  1
  74  7.8620836e-03 5.64e-05 5.69e-02  -4.0 6.94e-03    -  1.00e+00 1.00e+00h  1
  75  7.8137900e-03 4.36e-04 2.31e-01  -4.0 2.88e-02    -  1.00e+00 1.00e+00h  1
  76  7.7238403e-03 1.89e-03 5.70e-01  -4.0 6.86e-02    -  1.00e+00 1.00e+00h  1
  77  7.6428177e-03 1.09e-02 7.70e-01  -4.0 1.41e-01    -  1.00e+00 1.00e+00h  1
  78  7.5660435e-03 2.07e-03 4.83e-01  -4.0 3.15e-02    -  1.00e+00 1.00e+00h  1
  79  7.7339669e-03 1.10e-03 8.00e-02  -4.0 3.29e-02    -  1.00e+00 1.00e+00h  1
iter    objective    inf_pr   inf_du lg(mu)  ||d||  lg(rg) alpha_du alpha_pr  ls
  80  7.7487080e-03 8.05e-04 5.72e-02  -4.0 2.04e-02    -  1.00e+00 1.00e+00h  1
  81  7.5520592e-03 6.16e-04 2.58e-02  -4.0 1.67e-02    -  1.00e+00 1.00e+00h  1
  82  7.5827000e-03 1.08e-04 3.42e-02  -4.0 6.61e-03    -  1.00e+00 1.00e+00h  1
  83  7.5247831e-03 9.38e-05 6.26e-02  -4.0 1.20e-02    -  1.00e+00 1.00e+00h  1
  84  7.4755535e-03 1.61e-04 8.78e-02  -4.0 1.83e-02    -  1.00e+00 1.00e+00h  1
  85  7.4527396e-03 2.63e-04 1.34e-01  -4.0 1.83e-02    -  1.00e+00 1.00e+00h  1
  86  7.4384566e-03 1.51e-04 8.48e-02  -4.0 1.06e-02    -  1.00e+00 1.00e+00h  1
  87  7.4333594e-03 7.70e-05 5.90e-02  -4.0 9.14e-03    -  1.00e+00 1.00e+00h  1
  88  7.4205279e-03 1.13e-04 3.61e-02  -4.0 1.10e-02    -  1.00e+00 1.00e+00h  1
  89  7.3700888e-03 1.14e-04 3.98e-02  -4.0 1.26e-02    -  1.00e+00 1.00e+00h  1
iter    objective    inf_pr   inf_du lg(mu)  ||d||  lg(rg) alpha_du alpha_pr  ls
  90  7.3718605e-03 5.24e-04 8.46e-02  -4.0 2.74e-02    -  1.00e+00 1.00e+00h  1
  91  7.1642871e-03 4.35e-04 1.74e-01  -4.1 3.24e-02    -  1.00e+00 1.00e+00h  1
  92  7.1928864e-03 4.17e-04 2.23e-01  -4.0 4.93e-02    -  1.00e+00 5.00e-01h  2
  93  7.1265176e-03 4.57e-04 9.38e-02  -4.1 2.39e-02    -  1.00e+00 1.00e+00h  1
  94  7.4141050e-03 1.21e-04 9.38e-02  -4.0 3.11e-02    -  1.00e+00 1.00e+00H  1
  95  7.0543623e-03 2.13e-04 4.10e-02  -4.1 1.50e-02    -  1.00e+00 1.00e+00h  1
  96  7.1633050e-03 1.69e-04 4.00e-02  -4.0 1.70e-02    -  1.00e+00 1.00e+00h  1
  97  7.0462517e-03 2.02e-04 1.02e-01  -4.1 2.59e-02    -  1.00e+00 1.00e+00h  1
  98  7.0538811e-03 3.69e-04 1.32e-01  -4.0 4.50e-02    -  1.00e+00 5.00e-01h  2
  99  6.9801801e-03 9.68e-04 1.44e-01  -4.1 3.90e-02    -  1.00e+00 1.00e+00h  1
iter    objective    inf_pr   inf_du lg(mu)  ||d||  lg(rg) alpha_du alpha_pr  ls
 100  7.0377210e-03 4.30e-04 9.08e-02  -4.0 2.50e-02    -  1.00e+00 1.00e+00h  1
 101  7.0413878e-03 1.81e-04 3.36e-02  -4.0 1.27e-02    -  1.00e+00 1.00e+00h  1
 102  7.0303343e-03 6.94e-05 4.63e-02  -4.0 1.23e-02    -  1.00e+00 1.00e+00h  1
 103  7.0192661e-03 3.81e-04 1.29e-01  -4.0 3.24e-02    -  1.00e+00 1.00e+00h  1
 104  6.9960530e-03 2.59e-03 3.35e-01  -4.0 7.10e-02    -  1.00e+00 1.00e+00h  1
 105  6.8149169e-03 4.01e-03 4.93e-01  -4.1 8.39e-02    -  1.00e+00 1.00e+00h  1
 106  6.9865276e-03 1.39e-03 2.20e-01  -4.0 4.41e-02    -  1.00e+00 1.00e+00h  1
 107  6.8625290e-03 1.23e-03 1.15e-01  -4.1 3.73e-02    -  1.00e+00 1.00e+00h  1
 108  7.3935998e-03 2.43e-04 7.64e-02  -4.0 2.67e-02    -  1.00e+00 1.00e+00H  1
 109  6.6788320e-03 7.92e-04 7.11e-02  -4.1 2.66e-02    -  1.00e+00 1.00e+00h  1
iter    objective    inf_pr   inf_du lg(mu)  ||d||  lg(rg) alpha_du alpha_pr  ls
 110  7.0178080e-03 9.94e-04 4.73e-02  -4.0 2.82e-02    -  1.00e+00 1.00e+00h  1
 111  6.7468708e-03 4.46e-04 1.69e-02  -4.0 1.16e-02    -  1.00e+00 1.00e+00h  1
 112  6.7925010e-03 1.05e-04 5.98e-02  -4.0 1.17e-02    -  1.00e+00 1.00e+00h  1
 113  6.8023370e-03 3.74e-05 2.48e-02  -4.0 6.01e-03    -  1.00e+00 1.00e+00h  1
 114  6.8125688e-03 3.41e-05 2.78e-02  -4.0 4.93e-03    -  1.00e+00 1.00e+00h  1
 115  6.7962855e-03 5.73e-05 7.00e-02  -4.0 7.81e-03    -  1.00e+00 1.00e+00h  1
 116  6.7613601e-03 6.94e-04 2.13e-01  -4.0 2.33e-02    -  1.00e+00 1.00e+00h  1
 117  6.5187962e-03 6.91e-04 3.97e-01  -4.1 3.19e-02    -  1.00e+00 1.00e+00h  1
 118  6.5437146e-03 4.96e-04 3.23e-01  -4.0 2.42e-02    -  1.00e+00 5.00e-01h  2
 119  6.6674203e-03 2.42e-04 1.08e-01  -4.0 1.25e-02    -  1.00e+00 1.00e+00h  1
iter    objective    inf_pr   inf_du lg(mu)  ||d||  lg(rg) alpha_du alpha_pr  ls
 120  6.7869974e-03 2.21e-04 1.49e-01  -4.0 2.35e-02    -  1.00e+00 1.00e+00H  1
 121  6.5813821e-03 4.30e-04 1.35e-01  -4.0 1.92e-02    -  1.00e+00 1.00e+00h  1
 122  6.7536715e-03 8.51e-04 2.54e-01  -4.0 1.75e-02    -  1.00e+00 1.00e+00H  1
 123  6.4663170e-03 5.89e-04 6.10e-02  -4.1 1.72e-02    -  1.00e+00 1.00e+00h  1
 124  6.5310837e-03 1.26e-04 1.70e-02  -4.0 1.30e-02    -  1.00e+00 1.00e+00h  1
 125  6.5234802e-03 1.16e-04 1.71e-01  -4.0 1.45e-02    -  1.00e+00 5.00e-01h  2
 126  6.5846623e-03 4.36e-05 5.23e-02  -4.0 1.08e-02    -  1.00e+00 1.00e+00H  1
 127  6.5345863e-03 9.25e-05 5.53e-02  -4.0 6.14e-03    -  1.00e+00 1.00e+00h  1
 128  6.5379053e-03 3.17e-05 1.79e-02  -4.0 3.30e-03    -  1.00e+00 1.00e+00h  1
 129  6.5466757e-03 3.76e-06 2.04e-02  -4.0 1.90e-03    -  1.00e+00 1.00e+00h  1
iter    objective    inf_pr   inf_du lg(mu)  ||d||  lg(rg) alpha_du alpha_pr  ls
 130  6.5271885e-03 8.53e-05 6.84e-02  -4.0 7.34e-03    -  1.00e+00 1.00e+00h  1
 131  6.4625778e-03 1.01e-03 4.38e-01  -4.0 4.80e-02    -  1.00e+00 1.00e+00h  1
 132  6.2650137e-03 1.99e-03 7.40e-01  -4.1 5.65e-02    -  1.00e+00 1.00e+00h  1
 133  6.3152877e-03 1.34e-03 7.10e-01  -4.0 7.09e-02    -  1.00e+00 5.00e-01h  2
 134  6.6322051e-03 1.37e-03 3.33e-01  -4.0 3.25e-02    -  1.00e+00 1.00e+00h  1
 135  6.2146505e-03 4.50e-04 1.08e-01  -4.1 1.41e-02    -  1.00e+00 1.00e+00h  1
 136  6.4262183e-03 5.55e-04 8.74e-02  -4.0 1.34e-02    -  1.00e+00 1.00e+00h  1
 137  6.2770231e-03 2.19e-04 1.47e-02  -4.0 8.48e-03    -  1.00e+00 1.00e+00h  1
 138  6.2948324e-03 2.69e-05 2.54e-02  -4.0 4.00e-03    -  1.00e+00 1.00e+00h  1
 139  6.3172151e-03 1.31e-05 2.55e-02  -4.0 3.96e-03    -  1.00e+00 1.00e+00h  1
iter    objective    inf_pr   inf_du lg(mu)  ||d||  lg(rg) alpha_du alpha_pr  ls
 140  6.3399178e-03 1.72e-04 9.71e-02  -4.0 1.10e-02    -  1.00e+00 1.00e+00h  1
 141  6.1653403e-03 7.40e-05 1.26e-01  -4.1 8.08e-03    -  1.00e+00 1.00e+00h  1
 142  6.2734008e-03 3.62e-04 6.83e-02  -4.0 6.50e-03    -  1.00e+00 1.00e+00h  1
 143  6.1706170e-03 3.02e-05 1.75e-02  -4.1 4.98e-03    -  1.00e+00 1.00e+00h  1
 144  6.2647283e-03 3.59e-05 3.14e-02  -4.0 5.24e-03    -  1.00e+00 1.00e+00h  1
 145  6.2829056e-03 1.00e-04 1.62e-01  -4.0 1.71e-02    -  1.00e+00 1.00e+00h  1
 146  6.0924905e-03 2.29e-03 9.61e-01  -4.1 8.66e-02    -  1.00e+00 1.00e+00h  1
 147  6.1553777e-03 1.39e-03 4.91e-01  -4.0 3.33e-02    -  1.00e+00 1.00e+00h  1
 148  6.1756046e-03 9.60e-04 5.13e-02  -4.0 2.58e-02    -  1.00e+00 1.00e+00h  1
 149  6.0740707e-03 8.27e-04 5.79e-02  -4.1 2.12e-02    -  1.00e+00 5.00e-01h  2
iter    objective    inf_pr   inf_du lg(mu)  ||d||  lg(rg) alpha_du alpha_pr  ls
 150  6.1912223e-03 8.81e-05 7.02e-02  -4.0 1.22e-02    -  1.00e+00 1.00e+00h  1
 151  6.1012892e-03 1.27e-04 4.97e-02  -4.1 6.11e-03    -  1.00e+00 1.00e+00h  1
 152  6.1533200e-03 2.40e-05 3.28e-02  -4.0 4.90e-03    -  1.00e+00 1.00e+00h  1
 153  6.1513325e-03 3.93e-05 2.09e-02  -4.0 3.47e-03    -  1.00e+00 1.00e+00h  1
 154  6.1416630e-03 1.69e-05 4.37e-02  -4.0 5.22e-03    -  1.00e+00 1.00e+00h  1
 155  6.1304490e-03 2.36e-05 8.36e-02  -4.0 1.15e-02    -  1.00e+00 5.00e-01h  2
 156  6.1111499e-03 1.08e-04 1.30e-01  -4.0 8.24e-03    -  1.00e+00 1.00e+00h  1
 157  5.9779604e-03 1.17e-04 1.00e-01  -4.1 5.07e-03    -  1.00e+00 1.00e+00h  1
 158  6.0824448e-03 1.69e-04 3.97e-02  -4.0 4.44e-03    -  1.00e+00 1.00e+00h  1
 159  6.0851706e-03 4.93e-05 6.53e-02  -4.0 8.63e-03    -  1.00e+00 1.00e+00h  1
iter    objective    inf_pr   inf_du lg(mu)  ||d||  lg(rg) alpha_du alpha_pr  ls
 160  5.9492886e-03 7.35e-04 2.38e-01  -4.1 2.77e-02    -  1.00e+00 1.00e+00h  1
 161  5.9928691e-03 1.72e-04 2.42e-01  -4.0 1.38e-02    -  1.00e+00 1.00e+00h  1
 162  5.9081835e-03 2.93e-04 7.54e-02  -4.1 1.11e-02    -  1.00e+00 1.00e+00h  1
 163  6.0079682e-03 4.27e-04 5.93e-02  -4.0 1.08e-02    -  1.00e+00 1.00e+00h  1
 164  5.8698247e-03 1.23e-04 4.51e-02  -4.1 1.19e-02    -  1.00e+00 1.00e+00h  1
 165  5.9848842e-03 3.31e-04 2.17e-01  -4.0 2.82e-02    -  1.00e+00 1.00e+00h  1
 166  5.8667559e-03 3.35e-04 3.06e-01  -4.1 4.80e-02    -  1.00e+00 5.00e-01h  2
 167  5.9118184e-03 1.60e-03 3.73e-01  -4.0 5.61e-02    -  1.00e+00 1.00e+00h  1
 168  5.9311344e-03 1.29e-03 3.03e-01  -4.1 3.42e-02    -  1.00e+00 1.00e+00h  1
 169  5.7343094e-03 5.11e-04 3.31e-02  -4.1 2.04e-02    -  1.00e+00 1.00e+00h  1
iter    objective    inf_pr   inf_du lg(mu)  ||d||  lg(rg) alpha_du alpha_pr  ls
 170  5.9808388e-03 5.04e-04 3.29e-02  -4.0 1.59e-02    -  1.00e+00 1.00e+00h  1
 171  5.7498531e-03 2.08e-04 3.91e-02  -4.1 8.01e-03    -  1.00e+00 1.00e+00h  1
 172  5.8666811e-03 4.63e-05 2.36e-02  -4.0 4.50e-03    -  1.00e+00 1.00e+00h  1
 173  5.8676057e-03 1.97e-05 2.78e-02  -4.0 2.76e-03    -  1.00e+00 1.00e+00h  1
 174  5.8677797e-03 1.91e-05 1.87e-02  -4.0 2.02e-03    -  1.00e+00 1.00e+00h  1
 175  5.8647193e-03 3.65e-06 1.76e-02  -4.0 1.46e-03    -  1.00e+00 1.00e+00h  1
 176  5.8595624e-03 8.61e-06 2.53e-02  -4.0 2.11e-03    -  1.00e+00 1.00e+00h  1
 177  5.8604527e-03 3.49e-05 5.82e-02  -4.0 3.30e-03    -  1.00e+00 1.00e+00h  1
 178  5.7195909e-03 6.89e-05 1.15e-01  -4.1 7.88e-03    -  1.00e+00 1.00e+00h  1
 179  5.8220699e-03 1.90e-05 7.88e-02  -4.0 3.65e-03    -  1.00e+00 1.00e+00h  1
iter    objective    inf_pr   inf_du lg(mu)  ||d||  lg(rg) alpha_du alpha_pr  ls
 180  5.8397524e-03 3.41e-05 8.45e-03  -4.0 2.13e-03    -  1.00e+00 1.00e+00h  1
 181  5.8368612e-03 3.67e-06 1.46e-02  -4.0 1.91e-03    -  1.00e+00 1.00e+00h  1
 182  5.8150717e-03 8.14e-05 1.46e-01  -4.0 1.12e-02    -  1.00e+00 1.00e+00h  1
 183  5.6322955e-03 4.40e-04 5.02e-01  -4.1 3.19e-02    -  1.00e+00 1.00e+00h  1
 184  5.8664778e-03 2.04e-03 9.84e-01  -4.0 6.53e-02    -  1.00e+00 1.00e+00h  1
 185  5.7109498e-03 8.79e-04 4.19e-01  -4.1 2.37e-02    -  1.00e+00 1.00e+00h  1
 186  5.8670685e-03 1.01e-03 1.10e-01  -4.1 2.79e-02    -  1.00e+00 1.00e+00h  1
 187  5.6015488e-03 5.10e-04 2.89e-02  -4.1 1.81e-02    -  1.00e+00 1.00e+00h  1
 188  5.7420692e-03 4.02e-04 6.79e-02  -4.0 1.05e-02    -  1.00e+00 1.00e+00h  1
 189  5.6089457e-03 5.05e-05 2.71e-02  -4.1 6.95e-03    -  1.00e+00 1.00e+00h  1
iter    objective    inf_pr   inf_du lg(mu)  ||d||  lg(rg) alpha_du alpha_pr  ls
 190  5.7241242e-03 2.79e-05 3.97e-02  -4.0 4.82e-03    -  1.00e+00 1.00e+00h  1
 191  5.7514574e-03 3.08e-05 2.68e-02  -4.0 2.90e-03    -  1.00e+00 1.00e+00h  1
 192  5.7525705e-03 1.29e-05 1.48e-02  -4.0 2.51e-03    -  1.00e+00 1.00e+00h  1
 193  5.7518769e-03 3.61e-06 6.39e-03  -4.0 1.53e-03    -  1.00e+00 1.00e+00h  1
 194  5.7555746e-03 1.17e-06 3.29e-03  -4.0 4.43e-04    -  1.00e+00 1.00e+00h  1
 195  5.7561490e-03 3.42e-06 1.06e-02  -4.0 1.20e-03    -  1.00e+00 1.00e+00h  1
 196  5.6269889e-03 2.22e-05 3.14e-02  -4.1 3.38e-03    -  1.00e+00 1.00e+00h  1
 197  5.7513477e-03 1.22e-05 1.92e-02  -4.0 2.63e-03    -  1.00e+00 1.00e+00h  1
 198  5.7607450e-03 5.79e-06 9.27e-03  -4.0 2.01e-03    -  1.00e+00 1.00e+00h  1
 199  5.6410333e-03 6.10e-06 1.16e-02  -4.1 1.54e-03    -  1.00e+00 1.00e+00h  1
iter    objective    inf_pr   inf_du lg(mu)  ||d||  lg(rg) alpha_du alpha_pr  ls
 200  5.7626433e-03 6.96e-06 1.11e-02  -4.0 1.60e-03    -  1.00e+00 1.00e+00h  1
 201  5.6272497e-03 2.10e-05 1.84e-02  -4.1 2.13e-03    -  1.00e+00 1.00e+00h  1
 202  5.7726049e-03 2.27e-05 2.74e-02  -4.0 3.38e-03    -  1.00e+00 1.00e+00h  1
 203  5.6213800e-03 1.98e-05 1.90e-02  -4.1 2.48e-03    -  1.00e+00 1.00e+00h  1
 204  5.7664296e-03 4.22e-05 2.34e-02  -4.0 3.02e-03    -  1.00e+00 1.00e+00h  1
 205  5.6216091e-03 3.02e-05 6.59e-03  -4.1 3.18e-03    -  1.00e+00 1.00e+00h  1
 206  5.6185009e-03 1.09e-05 1.71e-02  -4.1 2.55e-03    -  1.00e+00 1.00e+00h  1
 207  5.7592436e-03 3.45e-05 7.47e-03  -4.0 2.51e-03    -  1.00e+00 1.00e+00h  1
 208  5.6195893e-03 2.08e-05 1.29e-02  -4.1 2.53e-03    -  1.00e+00 1.00e+00h  1
 209  5.5981971e-03 1.26e-05 2.57e-02  -4.1 2.38e-03    -  1.00e+00 1.00e+00h  1
iter    objective    inf_pr   inf_du lg(mu)  ||d||  lg(rg) alpha_du alpha_pr  ls
 210  5.7639682e-03 4.91e-05 1.74e-02  -4.0 3.45e-03    -  1.00e+00 1.00e+00h  1
 211  5.6202881e-03 2.12e-05 1.48e-02  -4.1 2.64e-03    -  1.00e+00 1.00e+00h  1
 212  5.5819016e-03 2.37e-05 2.91e-02  -4.1 4.54e-03    -  1.00e+00 1.00e+00h  1
 213  5.7617432e-03 5.60e-05 7.05e-03  -4.0 4.20e-03    -  1.00e+00 1.00e+00h  1
 214  5.6154261e-03 3.23e-05 1.80e-02  -4.1 3.01e-03    -  1.00e+00 1.00e+00h  1
 215  5.5948672e-03 8.92e-06 8.58e-03  -4.1 2.38e-03    -  1.00e+00 1.00e+00h  1
 216  5.7558095e-03 3.57e-05 9.47e-03  -4.0 2.97e-03    -  1.00e+00 1.00e+00h  1
 217  5.6095139e-03 2.64e-05 7.97e-03  -4.1 3.17e-03    -  1.00e+00 1.00e+00h  1
 218  5.5989930e-03 2.52e-05 2.47e-02  -4.1 3.51e-03    -  1.00e+00 1.00e+00h  1
 219  5.6088241e-03 1.37e-05 3.81e-03  -4.1 2.24e-03    -  1.00e+00 1.00e+00h  1
iter    objective    inf_pr   inf_du lg(mu)  ||d||  lg(rg) alpha_du alpha_pr  ls
 220  5.6117528e-03 2.11e-06 7.28e-03  -4.1 1.19e-03    -  1.00e+00 1.00e+00h  1
 221  5.7466588e-03 1.37e-05 6.20e-03  -4.0 2.42e-03    -  1.00e+00 1.00e+00h  1
 222  5.6114617e-03 1.30e-05 8.10e-03  -4.1 2.71e-03    -  1.00e+00 1.00e+00h  1
 223  5.5839245e-03 2.36e-05 4.17e-02  -4.1 5.56e-03    -  1.00e+00 1.00e+00h  1
 224  5.6026951e-03 1.08e-05 9.50e-03  -4.1 3.07e-03    -  1.00e+00 1.00e+00h  1
 225  5.6024060e-03 6.72e-06 1.50e-02  -4.1 3.48e-03    -  1.00e+00 1.00e+00h  1
 226  5.7402855e-03 1.59e-05 4.76e-03  -4.0 2.86e-03    -  1.00e+00 1.00e+00h  1
 227  5.6070897e-03 1.53e-05 7.13e-03  -4.1 3.01e-03    -  1.00e+00 1.00e+00h  1
 228  5.5783656e-03 8.41e-06 7.10e-02  -4.1 3.91e-03    -  1.00e+00 1.00e+00H  1
 229  5.7571150e-03 7.95e-05 1.62e-02  -4.0 7.50e-03    -  1.00e+00 1.00e+00h  1
iter    objective    inf_pr   inf_du lg(mu)  ||d||  lg(rg) alpha_du alpha_pr  ls
 230  5.5915843e-03 9.20e-05 6.91e-02  -4.1 9.34e-03    -  1.00e+00 1.00e+00h  1
 231  5.5807374e-03 3.34e-05 1.52e-02  -4.1 5.76e-03    -  1.00e+00 1.00e+00h  1
 232  5.5977613e-03 1.48e-05 9.57e-03  -4.1 3.75e-03    -  1.00e+00 1.00e+00h  1
 233  5.6022831e-03 1.05e-05 8.67e-03  -4.1 1.71e-03    -  1.00e+00 1.00e+00h  1
 234  5.7402076e-03 1.17e-05 2.17e-02  -4.0 2.59e-03    -  1.00e+00 1.00e+00h  1
 235  5.5832304e-03 5.90e-05 3.54e-02  -4.1 5.03e-03    -  1.00e+00 1.00e+00h  1
 236  5.5754113e-03 1.46e-05 2.49e-02  -4.1 3.30e-03    -  1.00e+00 1.00e+00h  1
 237  5.7401128e-03 9.01e-05 8.96e-03  -4.0 5.33e-03    -  1.00e+00 1.00e+00h  1
 238  5.6043346e-03 3.02e-05 1.39e-02  -4.1 4.38e-03    -  1.00e+00 1.00e+00h  1
 239  5.5621174e-03 2.08e-05 3.17e-02  -4.1 3.59e-03    -  1.00e+00 1.00e+00h  1
iter    objective    inf_pr   inf_du lg(mu)  ||d||  lg(rg) alpha_du alpha_pr  ls
 240  5.7666195e-03 7.42e-05 2.88e-02  -4.0 7.34e-03    -  1.00e+00 1.00e+00h  1
 241  5.5965758e-03 4.33e-05 3.73e-02  -4.1 6.68e-03    -  1.00e+00 1.00e+00h  1
 242  5.5393753e-03 6.69e-05 3.40e-02  -4.1 7.30e-03    -  1.00e+00 1.00e+00h  1
 243  5.7564704e-03 8.45e-05 3.01e-02  -4.0 7.57e-03    -  1.00e+00 1.00e+00h  1
 244  5.5764349e-03 1.22e-04 3.14e-02  -4.1 8.20e-03    -  1.00e+00 1.00e+00h  1
 245  5.5479546e-03 7.51e-05 2.30e-02  -4.1 1.01e-02    -  1.00e+00 1.00e+00h  1
 246  5.7360957e-03 5.96e-05 1.44e-02  -4.0 6.56e-03    -  1.00e+00 1.00e+00h  1
 247  5.5751638e-03 1.01e-04 3.33e-02  -4.1 6.35e-03    -  1.00e+00 1.00e+00h  1
 248  5.5438886e-03 2.34e-05 4.92e-02  -4.1 4.64e-03    -  1.00e+00 1.00e+00h  1
 249  5.5935848e-03 6.57e-05 1.51e-02  -4.1 5.09e-03    -  1.00e+00 1.00e+00h  1
iter    objective    inf_pr   inf_du lg(mu)  ||d||  lg(rg) alpha_du alpha_pr  ls
 250  5.6028624e-03 7.89e-05 3.83e-02  -4.1 6.23e-03    -  1.00e+00 1.00e+00h  1
 251  5.5780616e-03 2.89e-05 6.86e-03  -4.1 4.08e-03    -  1.00e+00 1.00e+00h  1
 252  5.5870201e-03 6.94e-06 1.24e-02  -4.1 2.33e-03    -  1.00e+00 1.00e+00h  1
 253  5.7125718e-03 1.08e-05 1.96e-02  -4.0 3.05e-03    -  1.00e+00 1.00e+00h  1
 254  5.5845814e-03 2.41e-05 1.67e-02  -4.1 3.10e-03    -  1.00e+00 1.00e+00h  1
 255  5.5665913e-03 1.06e-05 5.88e-02  -4.1 3.78e-03    -  1.00e+00 1.00e+00H  1
 256  5.7349242e-03 9.28e-05 1.53e-02  -4.0 7.66e-03    -  1.00e+00 1.00e+00h  1
 257  5.6221248e-03 1.42e-04 5.19e-02  -4.1 1.19e-02    -  1.00e+00 1.00e+00h  1
 258  5.5637138e-03 6.85e-05 1.38e-02  -4.1 6.22e-03    -  1.00e+00 1.00e+00h  1
 259  5.5748428e-03 1.97e-05 1.67e-02  -4.1 4.46e-03    -  1.00e+00 1.00e+00h  1
iter    objective    inf_pr   inf_du lg(mu)  ||d||  lg(rg) alpha_du alpha_pr  ls
 260  5.7130868e-03 3.89e-06 1.34e-02  -4.0 2.40e-03    -  1.00e+00 1.00e+00H  1
 261  5.5783198e-03 3.13e-05 1.73e-02  -4.1 3.38e-03    -  1.00e+00 1.00e+00h  1
 262  5.5592007e-03 2.41e-05 4.86e-02  -4.1 6.65e-03    -  1.00e+00 1.00e+00h  1
 263  5.7273596e-03 6.33e-05 1.90e-02  -4.0 7.05e-03    -  1.00e+00 1.00e+00h  1
 264  5.5836177e-03 1.38e-04 4.18e-02  -4.1 1.04e-02    -  1.00e+00 1.00e+00h  1
 265  5.5503025e-03 4.89e-05 1.77e-02  -4.1 7.28e-03    -  1.00e+00 1.00e+00h  1
 266  5.7469473e-03 5.35e-05 3.18e-02  -4.0 5.38e-03    -  1.00e+00 1.00e+00H  1
 267  5.5850928e-03 3.62e-05 1.19e-02  -4.1 4.97e-03    -  1.00e+00 1.00e+00h  1
 268  5.5534794e-03 5.15e-05 1.15e-01  -4.1 6.78e-03    -  1.00e+00 5.00e-01h  2
 269  5.5744794e-03 1.61e-05 7.77e-03  -4.1 2.51e-03    -  1.00e+00 1.00e+00h  1
iter    objective    inf_pr   inf_du lg(mu)  ||d||  lg(rg) alpha_du alpha_pr  ls
 270  5.7163203e-03 1.33e-05 2.53e-02  -4.0 2.87e-03    -  1.00e+00 1.00e+00h  1
 271  5.5837755e-03 1.25e-05 8.96e-03  -4.1 2.89e-03    -  1.00e+00 1.00e+00h  1
 272  5.5695268e-03 3.14e-05 2.74e-02  -4.1 3.44e-03    -  1.00e+00 1.00e+00h  1
 273  5.7111437e-03 3.83e-05 9.34e-03  -4.0 4.18e-03    -  1.00e+00 1.00e+00h  1
 274  5.5802555e-03 6.36e-05 4.21e-02  -4.1 8.37e-03    -  1.00e+00 1.00e+00h  1
 275  5.5653269e-03 4.13e-05 1.16e-02  -4.1 4.77e-03    -  1.00e+00 1.00e+00h  1
 276  5.7177330e-03 1.71e-05 1.68e-02  -4.0 3.51e-03    -  1.00e+00 1.00e+00h  1
 277  5.5759695e-03 1.71e-05 1.78e-02  -4.1 4.03e-03    -  1.00e+00 1.00e+00h  1
 278  5.5528921e-03 5.08e-05 4.80e-02  -4.1 6.07e-03    -  1.00e+00 1.00e+00h  1
 279  5.7335486e-03 6.06e-05 2.34e-02  -4.0 7.30e-03    -  1.00e+00 1.00e+00h  1
iter    objective    inf_pr   inf_du lg(mu)  ||d||  lg(rg) alpha_du alpha_pr  ls
 280  5.5890901e-03 1.54e-04 4.27e-02  -4.1 7.99e-03    -  1.00e+00 1.00e+00h  1
 281  5.5648226e-03 5.26e-05 1.32e-02  -4.1 6.43e-03    -  1.00e+00 1.00e+00h  1
 282  5.5732947e-03 3.62e-05 1.60e-02  -4.1 3.37e-03    -  1.00e+00 1.00e+00h  1
 283  5.7133953e-03 1.91e-05 9.51e-03  -4.0 2.95e-03    -  1.00e+00 1.00e+00h  1
 284  5.5728717e-03 1.80e-05 2.03e-02  -4.1 3.98e-03    -  1.00e+00 1.00e+00h  1
 285  5.5537352e-03 2.84e-05 5.69e-02  -4.1 6.28e-03    -  1.00e+00 1.00e+00h  1
 286  5.5782878e-03 2.20e-05 1.41e-02  -4.1 3.54e-03    -  1.00e+00 1.00e+00h  1
 287  5.5710714e-03 2.44e-05 2.17e-02  -4.1 5.34e-03    -  1.00e+00 1.00e+00h  1
 288  5.5694451e-03 1.26e-05 4.37e-03  -4.1 3.92e-03    -  1.00e+00 1.00e+00h  1
 289  5.7063528e-03 2.17e-05 8.79e-03  -4.0 2.64e-03    -  1.00e+00 1.00e+00h  1
iter    objective    inf_pr   inf_du lg(mu)  ||d||  lg(rg) alpha_du alpha_pr  ls
 290  5.5643643e-03 2.08e-05 2.09e-02  -4.1 4.45e-03    -  1.00e+00 1.00e+00h  1
 291  5.5287613e-03 2.78e-05 5.57e-02  -4.1 4.79e-03    -  1.00e+00 1.00e+00h  1
 292  5.7531094e-03 1.12e-04 5.54e-02  -4.0 1.01e-02    -  1.00e+00 1.00e+00h  1
 293  5.5947471e-03 9.67e-05 4.96e-02  -4.1 7.06e-03    -  1.00e+00 1.00e+00h  1
 294  5.5554828e-03 4.92e-05 1.65e-02  -4.1 5.34e-03    -  1.00e+00 1.00e+00h  1
 295  5.5762063e-03 9.79e-06 2.51e-02  -4.1 4.31e-03    -  1.00e+00 1.00e+00h  1
 296  5.5736240e-03 3.09e-06 7.00e-03  -4.1 1.58e-03    -  1.00e+00 1.00e+00h  1
 297  5.7162252e-03 1.41e-05 3.15e-02  -4.0 3.52e-03    -  1.00e+00 1.00e+00h  1
 298  5.5585753e-03 4.07e-05 3.27e-02  -4.1 5.83e-03    -  1.00e+00 1.00e+00h  1
 299  5.5484172e-03 1.13e-05 4.01e-02  -4.1 4.11e-03    -  1.00e+00 1.00e+00h  1
iter    objective    inf_pr   inf_du lg(mu)  ||d||  lg(rg) alpha_du alpha_pr  ls
 300  5.7215515e-03 7.10e-05 1.43e-02  -4.0 6.80e-03    -  1.00e+00 1.00e+00h  1
 301  5.5834994e-03 4.52e-05 1.83e-02  -4.1 4.87e-03    -  1.00e+00 1.00e+00h  1
 302  5.5489535e-03 1.31e-05 1.83e-02  -4.1 3.84e-03    -  1.00e+00 1.00e+00h  1
 303  5.5669744e-03 3.47e-05 1.42e-02  -4.1 3.56e-03    -  1.00e+00 1.00e+00h  1
 304  5.5664170e-03 1.66e-05 5.00e-03  -4.1 2.58e-03    -  1.00e+00 1.00e+00h  1
 305  5.6992356e-03 1.05e-05 2.91e-02  -4.0 2.97e-03    -  1.00e+00 1.00e+00h  1
 306  5.5594879e-03 3.57e-05 2.07e-02  -4.1 4.81e-03    -  1.00e+00 1.00e+00h  1
 307  5.5460651e-03 2.78e-05 2.87e-02  -4.1 4.38e-03    -  1.00e+00 1.00e+00h  1
 308  5.7171889e-03 6.89e-05 1.60e-02  -4.0 6.59e-03    -  1.00e+00 1.00e+00h  1
 309  5.5804099e-03 4.69e-05 7.38e-02  -4.1 7.23e-03    -  1.00e+00 1.00e+00H  1
iter    objective    inf_pr   inf_du lg(mu)  ||d||  lg(rg) alpha_du alpha_pr  ls
 310  5.5506378e-03 6.93e-05 3.83e-02  -4.1 4.92e-03    -  1.00e+00 1.00e+00h  1
 311  5.5770447e-03 1.78e-05 1.93e-02  -4.1 4.38e-03    -  1.00e+00 1.00e+00h  1
 312  5.5630618e-03 2.82e-05 2.11e-02  -4.1 2.87e-03    -  1.00e+00 1.00e+00h  1
 313  5.5600025e-03 1.24e-05 1.06e-02  -4.1 2.48e-03    -  1.00e+00 1.00e+00h  1
 314  5.6974562e-03 1.56e-05 3.01e-02  -4.0 3.89e-03    -  1.00e+00 1.00e+00h  1
 315  5.5435347e-03 9.54e-05 4.90e-02  -4.1 5.83e-03    -  1.00e+00 1.00e+00h  1
 316  5.5627266e-03 4.06e-05 1.45e-02  -4.1 3.44e-03    -  1.00e+00 1.00e+00h  1
 317  5.5702096e-03 2.23e-05 2.32e-02  -4.1 5.13e-03    -  1.00e+00 1.00e+00h  1
 318  5.5599105e-03 9.69e-06 4.25e-03  -4.1 3.59e-03    -  1.00e+00 1.00e+00h  1
 319  5.6975301e-03 1.03e-05 1.08e-02  -4.0 3.15e-03    -  1.00e+00 1.00e+00h  1
iter    objective    inf_pr   inf_du lg(mu)  ||d||  lg(rg) alpha_du alpha_pr  ls
 320  5.5549268e-03 6.31e-05 2.31e-02  -4.1 5.48e-03    -  1.00e+00 1.00e+00h  1
 321  5.5356439e-03 4.65e-05 4.84e-02  -4.1 3.85e-03    -  1.00e+00 1.00e+00h  1
 322  5.7140160e-03 1.11e-04 3.81e-02  -4.0 9.41e-03    -  1.00e+00 1.00e+00h  1
 323  5.5543211e-03 8.86e-05 4.12e-02  -4.1 8.83e-03    -  1.00e+00 1.00e+00h  1
 324  5.5310476e-03 6.07e-05 4.93e-02  -4.1 3.88e-03    -  1.00e+00 1.00e+00h  1
 325  5.5851320e-03 5.76e-05 2.91e-02  -4.1 5.66e-03    -  1.00e+00 1.00e+00h  1
 326  5.5838015e-03 1.22e-04 2.38e-02  -4.1 4.05e-03    -  1.00e+00 1.00e+00h  1
 327  5.5630449e-03 5.88e-05 6.70e-03  -4.1 2.68e-03    -  1.00e+00 1.00e+00h  1
 328  5.5659170e-03 3.81e-06 9.02e-03  -4.1 1.00e-03    -  1.00e+00 1.00e+00h  1
 329  5.7075721e-03 1.70e-05 4.50e-02  -4.0 3.96e-03    -  1.00e+00 1.00e+00h  1
iter    objective    inf_pr   inf_du lg(mu)  ||d||  lg(rg) alpha_du alpha_pr  ls
 330  5.5648204e-03 5.88e-05 1.95e-02  -4.1 5.19e-03    -  1.00e+00 1.00e+00h  1
 331  5.5297926e-03 7.67e-05 5.42e-02  -4.1 5.11e-03    -  1.00e+00 1.00e+00h  1
 332  5.5579571e-03 4.65e-05 1.20e-02  -4.1 3.32e-03    -  1.00e+00 1.00e+00h  1
 333  5.5892330e-03 1.39e-05 1.84e-02  -4.1 2.83e-03    -  1.00e+00 1.00e+00h  1
 334  5.5634801e-03 1.16e-05 3.10e-03  -4.1 2.40e-03    -  1.00e+00 1.00e+00h  1
 335  5.5644746e-03 1.69e-06 7.80e-03  -4.1 8.66e-04    -  1.00e+00 1.00e+00h  1
 336  5.7057132e-03 1.72e-05 3.69e-02  -4.0 4.18e-03    -  1.00e+00 1.00e+00h  1
 337  5.5692202e-03 1.61e-05 1.08e-02  -4.1 4.31e-03    -  1.00e+00 1.00e+00h  1
 338  5.5442261e-03 1.34e-05 4.36e-02  -4.1 4.84e-03    -  1.00e+00 5.00e-01h  2
 339  5.5580710e-03 8.81e-06 1.85e-02  -4.1 1.95e-03    -  1.00e+00 1.00e+00h  1
iter    objective    inf_pr   inf_du lg(mu)  ||d||  lg(rg) alpha_du alpha_pr  ls
 340  5.7405276e-03 4.48e-05 5.19e-02  -4.0 7.02e-03    -  1.00e+00 1.00e+00h  1
 341  5.5717288e-03 3.45e-05 1.53e-02  -4.1 6.17e-03    -  1.00e+00 1.00e+00h  1
 342  5.5359750e-03 4.34e-05 8.19e-02  -4.1 6.65e-03    -  1.00e+00 5.00e-01h  2
 343  5.5577593e-03 4.63e-05 2.12e-02  -4.1 2.87e-03    -  1.00e+00 1.00e+00h  1
 344  5.5721035e-03 2.02e-05 8.64e-03  -4.1 2.59e-03    -  1.00e+00 1.00e+00h  1
 345  5.5673816e-03 2.28e-06 8.50e-03  -4.1 1.54e-03    -  1.00e+00 1.00e+00h  1
 346  5.5647759e-03 1.06e-06 6.35e-03  -4.1 1.01e-03    -  1.00e+00 1.00e+00h  1
 347  5.6963794e-03 1.34e-05 3.49e-02  -4.0 3.75e-03    -  1.00e+00 1.00e+00h  1
 348  5.5667207e-03 1.62e-05 2.16e-02  -4.1 4.26e-03    -  1.00e+00 1.00e+00h  1
 349  5.5265315e-03 2.41e-05 6.32e-02  -4.1 4.48e-03    -  1.00e+00 1.00e+00h  1
iter    objective    inf_pr   inf_du lg(mu)  ||d||  lg(rg) alpha_du alpha_pr  ls
 350  5.7117019e-03 5.36e-05 1.33e-02  -4.0 8.58e-03    -  1.00e+00 1.00e+00h  1
 351  5.6060586e-03 8.68e-05 2.49e-02  -4.1 6.14e-03    -  1.00e+00 1.00e+00h  1
 352  5.5475636e-03 4.55e-05 7.62e-03  -4.1 5.84e-03    -  1.00e+00 1.00e+00h  1
 353  5.5639696e-03 5.87e-06 1.44e-02  -4.1 1.69e-03    -  1.00e+00 1.00e+00h  1
 354  5.7087206e-03 2.04e-05 5.13e-02  -4.0 4.69e-03    -  1.00e+00 1.00e+00h  1
 355  5.5635336e-03 4.85e-05 2.02e-02  -4.1 6.39e-03    -  1.00e+00 1.00e+00h  1
 356  5.5138052e-03 1.20e-04 1.07e-01  -4.1 1.48e-02    -  1.00e+00 1.00e+00h  1
 357  5.7111343e-03 1.01e-04 4.89e-02  -4.0 1.30e-02    -  1.00e+00 1.00e+00h  1
 358  5.7236819e-03 4.63e-04 4.19e-02  -4.1 1.66e-02    -  1.00e+00 1.00e+00h  1
 359  5.5377744e-03 1.44e-04 2.60e-02  -4.1 1.15e-02    -  1.00e+00 1.00e+00h  1
iter    objective    inf_pr   inf_du lg(mu)  ||d||  lg(rg) alpha_du alpha_pr  ls
 360  5.5544128e-03 1.07e-04 2.05e-02  -4.1 5.68e-03    -  1.00e+00 1.00e+00h  1
 361  5.5638166e-03 6.20e-06 1.27e-02  -4.1 3.46e-03    -  1.00e+00 1.00e+00h  1
 362  5.6882116e-03 8.37e-06 2.55e-02  -4.0 3.48e-03    -  1.00e+00 1.00e+00h  1
 363  5.5489444e-03 4.71e-05 5.38e-02  -4.1 5.85e-03    -  1.00e+00 1.00e+00h  1
 364  5.5526965e-03 1.06e-05 2.75e-02  -4.1 3.03e-03    -  1.00e+00 1.00e+00h  1
 365  5.6985678e-03 4.61e-05 1.70e-02  -4.0 5.81e-03    -  1.00e+00 1.00e+00h  1
 366  5.5640851e-03 4.51e-05 2.57e-02  -4.1 5.89e-03    -  1.00e+00 1.00e+00h  1
 367  5.5375538e-03 2.49e-05 4.02e-02  -4.1 5.74e-03    -  1.00e+00 1.00e+00h  1
 368  5.5626782e-03 2.51e-05 6.99e-03  -4.1 3.63e-03    -  1.00e+00 1.00e+00h  1
 369  5.5793885e-03 1.76e-05 1.82e-02  -4.1 3.14e-03    -  1.00e+00 1.00e+00h  1
iter    objective    inf_pr   inf_du lg(mu)  ||d||  lg(rg) alpha_du alpha_pr  ls
 370  5.5614164e-03 8.64e-06 4.12e-03  -4.1 2.85e-03    -  1.00e+00 1.00e+00h  1
 371  5.5656138e-03 7.97e-07 7.50e-03  -4.1 9.13e-04    -  1.00e+00 1.00e+00h  1
 372  5.6855327e-03 8.18e-06 3.02e-02  -4.0 2.90e-03    -  1.00e+00 1.00e+00h  1
 373  5.5673732e-03 2.63e-05 9.84e-03  -4.1 2.93e-03    -  1.00e+00 1.00e+00h  1
 374  5.5421984e-03 2.88e-05 3.87e-02  -4.1 2.94e-03    -  1.00e+00 1.00e+00h  1
 375  5.7011424e-03 3.55e-05 1.07e-02  -4.0 6.90e-03    -  1.00e+00 1.00e+00h  1
 376  5.5952347e-03 2.95e-05 4.46e-02  -4.1 6.96e-03    -  1.00e+00 1.00e+00H  1
 377  5.5552300e-03 4.51e-05 2.28e-02  -4.1 7.03e-03    -  1.00e+00 1.00e+00h  1
 378  5.5671169e-03 2.77e-05 1.12e-02  -4.1 3.00e-03    -  1.00e+00 1.00e+00h  1
 379  5.5648696e-03 5.09e-06 8.36e-03  -4.1 1.91e-03    -  1.00e+00 1.00e+00h  1
iter    objective    inf_pr   inf_du lg(mu)  ||d||  lg(rg) alpha_du alpha_pr  ls
 380  5.5657233e-03 3.44e-06 3.80e-03  -4.1 1.11e-03    -  1.00e+00 1.00e+00h  1
 381  5.5674570e-03 1.05e-07 1.24e-03  -4.1 3.42e-04    -  1.00e+00 1.00e+00h  1
 382  5.6680835e-03 2.36e-06 1.31e-02  -4.0 1.27e-03    -  1.00e+00 1.00e+00h  1
 383  5.5699684e-03 2.05e-06 5.20e-03  -4.1 1.22e-03    -  1.00e+00 1.00e+00h  1
 384  5.5570288e-03 5.41e-06 1.61e-02  -4.1 2.16e-03    -  1.00e+00 1.00e+00h  1
 385  5.7054669e-03 2.09e-05 2.81e-02  -4.0 4.34e-03    -  1.00e+00 1.00e+00h  1
 386  5.5745504e-03 2.79e-05 1.66e-02  -4.1 3.46e-03    -  1.00e+00 1.00e+00h  1
 387  5.5529677e-03 1.31e-05 9.45e-03  -4.1 3.32e-03    -  1.00e+00 1.00e+00h  1
 388  5.7044521e-03 2.66e-05 1.57e-02  -4.0 3.98e-03    -  1.00e+00 1.00e+00h  1
 389  5.5602844e-03 1.82e-05 1.44e-02  -4.1 4.14e-03    -  1.00e+00 1.00e+00h  1
iter    objective    inf_pr   inf_du lg(mu)  ||d||  lg(rg) alpha_du alpha_pr  ls
 390  5.5248768e-03 5.69e-05 4.74e-02  -4.1 7.35e-03    -  1.00e+00 1.00e+00h  1
 391  5.6972618e-03 4.54e-05 1.15e-02  -4.0 6.92e-03    -  1.00e+00 1.00e+00h  1
 392  5.5787734e-03 4.80e-05 1.70e-02  -4.1 4.16e-03    -  1.00e+00 1.00e+00h  1
 393  5.5541628e-03 2.44e-05 6.47e-03  -4.1 2.72e-03    -  1.00e+00 1.00e+00h  1
 394  5.5694351e-03 2.77e-06 9.30e-03  -4.1 9.67e-04    -  1.00e+00 1.00e+00h  1
 395  5.5711292e-03 3.31e-06 5.56e-03  -4.1 6.03e-04    -  1.00e+00 1.00e+00h  1
 396  5.5706205e-03 7.34e-07 4.10e-03  -4.1 4.99e-04    -  1.00e+00 1.00e+00h  1
 397  5.5695898e-03 1.21e-07 1.19e-03  -4.1 2.61e-04    -  1.00e+00 1.00e+00h  1
 398  5.5695239e-03 1.45e-08 2.85e-04  -4.1 3.66e-05    -  1.00e+00 1.00e+00h  1
 399  5.6752444e-03 3.86e-06 1.39e-02  -4.0 1.09e-03    -  1.00e+00 1.00e+00h  1
iter    objective    inf_pr   inf_du lg(mu)  ||d||  lg(rg) alpha_du alpha_pr  ls
 400  5.5712970e-03 3.43e-06 2.40e-03  -4.1 1.09e-03    -  1.00e+00 1.00e+00h  1
 401  5.5692818e-03 5.43e-07 1.79e-03  -4.1 2.25e-04    -  1.00e+00 1.00e+00h  1
 402  5.5697051e-03 2.40e-07 6.00e-04  -4.1 1.80e-04    -  1.00e+00 1.00e+00h  1
 403  5.1394971e-03 1.74e-04 1.59e-02  -6.1 8.06e-03    -  9.07e-01 1.00e+00h  1
 404  5.8962100e-03 7.62e-04 9.42e-02  -4.0 1.69e-02    -  1.00e+00 1.00e+00h  1
 405  5.7759190e-03 3.58e-04 7.78e-02  -4.1 9.30e-03    -  1.00e+00 1.00e+00h  1
 406  5.5700249e-03 1.10e-04 1.11e-02  -4.1 7.27e-03    -  1.00e+00 1.00e+00h  1
 407  5.5716014e-03 6.88e-06 9.17e-03  -4.1 1.33e-03    -  1.00e+00 1.00e+00h  1
 408  5.5730046e-03 3.51e-06 2.42e-03  -4.1 6.88e-04    -  1.00e+00 1.00e+00h  1
 409  5.5723322e-03 1.19e-07 9.29e-04  -4.1 1.52e-04    -  1.00e+00 1.00e+00h  1
iter    objective    inf_pr   inf_du lg(mu)  ||d||  lg(rg) alpha_du alpha_pr  ls
 410  5.5724674e-03 3.93e-07 2.28e-03  -4.1 2.44e-04    -  1.00e+00 1.00e+00h  1
 411  5.5731727e-03 1.27e-08 3.55e-03  -4.1 3.15e-04    -  1.00e+00 1.00e+00H  1
 412  5.5720815e-03 1.15e-07 2.97e-03  -4.1 2.17e-04    -  1.00e+00 1.00e+00h  1
 413  5.5720191e-03 3.00e-08 6.17e-04  -4.1 1.16e-04    -  1.00e+00 1.00e+00h  1
 414  5.2022203e-03 2.61e-05 3.65e-02  -6.1 2.79e-03    -  9.60e-01 1.00e+00h  1
 415  5.7956309e-03 2.11e-04 4.83e-02  -4.0 8.13e-03    -  1.00e+00 1.00e+00f  1
 416  5.6079966e-03 5.78e-05 4.63e-02  -4.1 6.24e-03    -  1.00e+00 1.00e+00h  1
 417  5.5523737e-03 2.70e-05 8.05e-03  -4.1 3.47e-03    -  1.00e+00 1.00e+00h  1
 418  5.5744901e-03 4.73e-06 1.14e-02  -4.1 1.68e-03    -  1.00e+00 1.00e+00h  1
 419  5.5741437e-03 1.16e-06 2.95e-03  -4.1 1.23e-03    -  1.00e+00 1.00e+00h  1
iter    objective    inf_pr   inf_du lg(mu)  ||d||  lg(rg) alpha_du alpha_pr  ls
 420  5.5729533e-03 1.53e-07 1.82e-03  -4.1 2.64e-04    -  1.00e+00 1.00e+00h  1
 421  5.5713943e-03 1.04e-06 2.73e-03  -4.1 3.71e-04    -  1.00e+00 1.00e+00h  1
 422  5.5721724e-03 7.58e-08 1.08e-03  -4.1 1.03e-04    -  1.00e+00 1.00e+00h  1
 423  5.5722055e-03 4.54e-08 6.20e-04  -4.1 4.57e-05    -  1.00e+00 1.00e+00h  1
 424  5.1640819e-03 8.14e-05 1.00e+02  -6.1 5.04e-03    -  9.36e-01 1.00e+00h  1
 425  5.3672520e-03 7.27e-07 4.22e+01  -4.3 3.32e-04    -  1.00e+00 1.00e+00h  1
 426  5.6709605e-03 3.01e-04 4.63e+01  -4.0 1.02e-02    -  1.00e+00 1.00e+00h  1
 427  5.5148827e-03 2.52e-04 1.40e+01  -4.1 1.14e-02    -  1.00e+00 5.00e-01h  2
 428  5.6126715e-03 7.42e-05 4.02e+00  -4.1 1.24e-02    -  1.00e+00 1.00e+00h  1
 429  5.5689759e-03 3.55e-05 2.65e+00  -4.1 6.31e-03    -  1.00e+00 1.00e+00h  1
iter    objective    inf_pr   inf_du lg(mu)  ||d||  lg(rg) alpha_du alpha_pr  ls
 430  5.4793141e-03 2.22e-05 6.60e+00  -4.1 5.52e-03    -  1.00e+00 1.00e+00H  1
 431  5.5349121e-03 5.84e-05 7.27e-01  -4.1 6.19e-03    -  1.00e+00 5.00e-01h  2
 432  5.5624841e-03 2.09e-04 4.58e+00  -4.1 1.47e-02    -  1.00e+00 1.00e+00h  1
 433  5.5657844e-03 1.86e-04 4.42e-02  -4.1 7.66e-03    -  1.00e+00 1.00e+00h  1
 434  5.5752800e-03 3.74e-05 1.28e-02  -4.1 4.14e-03    -  1.00e+00 1.00e+00h  1
 435  5.5721583e-03 1.97e-05 1.36e-02  -4.1 2.57e-03    -  1.00e+00 1.00e+00h  1
 436  5.5711652e-03 1.65e-06 8.96e-03  -4.1 1.01e-03    -  1.00e+00 1.00e+00h  1
 437  5.5703727e-03 2.31e-06 5.70e-03  -4.1 6.47e-04    -  1.00e+00 1.00e+00h  1
 438  5.5705199e-03 9.03e-07 7.68e-03  -4.1 6.58e-04    -  1.00e+00 1.00e+00h  1
 439  5.5707900e-03 3.25e-07 6.56e-03  -4.1 3.87e-04    -  1.00e+00 1.00e+00h  1
iter    objective    inf_pr   inf_du lg(mu)  ||d||  lg(rg) alpha_du alpha_pr  ls
 440  5.5709501e-03 1.59e-07 4.36e-03  -4.1 2.71e-04    -  1.00e+00 1.00e+00h  1
 441  5.5708057e-03 3.34e-08 6.43e-04  -4.1 1.10e-04    -  1.00e+00 1.00e+00h  1
 442  5.2113083e-03 1.86e-05 1.98e-02  -6.1 1.81e-03    -  9.66e-01 1.00e+00h  1
 443  5.7825067e-03 1.90e-04 6.36e-02  -4.0 6.38e-03    -  1.00e+00 1.00e+00f  1
 444  5.6084083e-03 8.89e-05 2.46e-02  -4.1 4.10e-03    -  1.00e+00 1.00e+00h  1
 445  5.5492624e-03 2.88e-05 1.76e-02  -4.1 2.65e-03    -  1.00e+00 1.00e+00h  1
 446  5.5705678e-03 5.34e-06 1.01e-02  -4.1 1.60e-03    -  1.00e+00 1.00e+00h  1
 447  5.5738378e-03 1.57e-06 1.98e-03  -4.1 7.45e-04    -  1.00e+00 1.00e+00h  1
 448  5.5712939e-03 1.85e-07 8.73e-04  -4.1 2.02e-04    -  1.00e+00 1.00e+00h  1
 449  5.5710488e-03 2.66e-07 9.41e-04  -4.1 1.73e-04    -  1.00e+00 1.00e+00h  1
iter    objective    inf_pr   inf_du lg(mu)  ||d||  lg(rg) alpha_du alpha_pr  ls
 450  5.5716287e-03 3.76e-08 7.48e-04  -4.1 9.81e-05    -  1.00e+00 1.00e+00h  1
 451  5.1455771e-03 1.57e-04 6.65e-02  -6.1 6.51e-03    -  9.07e-01 1.00e+00h  1
 452  5.2417896e-03 1.16e-04 1.32e-01  -6.1 7.47e-03    -  9.16e-01 1.00e+00H  1
 453  5.1405955e-03 2.12e-04 4.29e-02  -6.1 8.67e-03    -  8.48e-01 1.00e+00h  1
 454  5.1257923e-03 4.05e-05 8.59e-03  -6.1 2.68e-03    -  1.00e+00 1.00e+00h  1
 455  5.9987681e-03 1.49e-03 1.48e-01  -4.0 2.13e-02    -  1.00e+00 1.00e+00f  1
 456  5.6405176e-03 2.68e-04 5.20e-02  -4.1 1.09e-02    -  1.00e+00 1.00e+00h  1
 457  5.5501696e-03 1.53e-04 2.60e-02  -4.1 8.43e-03    -  1.00e+00 1.00e+00h  1
 458  5.5680481e-03 4.94e-05 1.21e-02  -4.1 3.70e-03    -  1.00e+00 1.00e+00h  1
 459  5.5815509e-03 1.62e-05 2.19e-02  -4.1 2.65e-03    -  1.00e+00 1.00e+00h  1
iter    objective    inf_pr   inf_du lg(mu)  ||d||  lg(rg) alpha_du alpha_pr  ls
 460  5.5753768e-03 2.10e-06 5.98e-03  -4.1 1.46e-03    -  1.00e+00 1.00e+00h  1
 461  5.5730146e-03 1.33e-06 3.97e-03  -4.1 4.50e-04    -  1.00e+00 1.00e+00h  1
 462  5.5712360e-03 2.55e-06 3.80e-03  -4.1 5.82e-04    -  1.00e+00 1.00e+00h  1
 463  5.5715889e-03 6.63e-07 2.84e-03  -4.1 3.38e-04    -  1.00e+00 1.00e+00h  1
 464  5.5723215e-03 4.93e-07 3.31e-03  -4.1 3.42e-04    -  1.00e+00 1.00e+00h  1
 465  5.5726660e-03 2.70e-07 2.56e-03  -4.1 1.92e-04    -  1.00e+00 1.00e+00h  1
 466  5.5722777e-03 2.00e-07 9.03e-04  -4.1 1.58e-04    -  1.00e+00 1.00e+00h  1
 467  5.5722788e-03 3.71e-07 2.86e-03  -4.1 3.82e-04    -  1.00e+00 1.00e+00h  1
 468  5.5731247e-03 1.59e-06 1.03e-02  -4.1 1.04e-03    -  1.00e+00 1.00e+00h  1
 469  5.5744936e-03 1.31e-06 1.41e-02  -4.1 8.16e-04    -  1.00e+00 1.00e+00h  1
iter    objective    inf_pr   inf_du lg(mu)  ||d||  lg(rg) alpha_du alpha_pr  ls
 470  5.5729879e-03 6.91e-07 2.98e-03  -4.1 8.15e-04    -  1.00e+00 1.00e+00h  1
 471  5.5726309e-03 9.85e-07 4.86e-03  -4.1 4.86e-04    -  1.00e+00 1.00e+00h  1
 472  5.5733382e-03 4.28e-07 1.25e-03  -4.1 3.95e-04    -  1.00e+00 1.00e+00h  1
 473  5.5737626e-03 1.12e-07 1.77e-03  -4.1 1.92e-04    -  1.00e+00 1.00e+00h  1
 474  5.5735951e-03 3.99e-08 1.28e-03  -4.1 1.30e-04    -  1.00e+00 1.00e+00h  1
 475  5.5736263e-03 3.89e-08 6.40e-04  -4.1 7.44e-05    -  1.00e+00 1.00e+00h  1
 476  5.1345625e-03 2.27e-04 9.59e-02  -6.1 9.98e-03    -  8.84e-01 1.00e+00h  1
 477  5.2412745e-03 1.75e-04 9.07e-02  -6.1 1.04e-02    -  8.80e-01 1.00e+00H  1
 478  5.1279594e-03 7.00e-04 3.28e-02  -6.1 9.65e-03    -  8.60e-01 1.00e+00h  1
 479  5.1222477e-03 1.13e-04 7.79e-03  -6.1 5.34e-03    -  1.00e+00 1.00e+00h  1
iter    objective    inf_pr   inf_du lg(mu)  ||d||  lg(rg) alpha_du alpha_pr  ls
 480  5.8716779e-03 1.13e-03 1.12e-01  -4.0 2.34e-02    -  1.00e+00 1.00e+00h  1
 481  5.6016075e-03 2.50e-04 7.86e-02  -4.1 1.01e-02    -  1.00e+00 1.00e+00h  1
 482  5.5188985e-03 1.66e-04 4.08e-02  -4.1 7.63e-03    -  1.00e+00 1.00e+00h  1
 483  5.5682383e-03 8.15e-05 1.06e-02  -4.1 4.91e-03    -  1.00e+00 1.00e+00h  1
 484  5.5876055e-03 6.09e-05 1.81e-02  -4.1 3.52e-03    -  1.00e+00 1.00e+00h  1
 485  5.5676070e-03 1.64e-05 5.62e-03  -4.1 2.44e-03    -  1.00e+00 1.00e+00h  1
 486  5.5699013e-03 3.22e-07 5.98e-03  -4.1 6.66e-04    -  1.00e+00 1.00e+00h  1
 487  5.5689922e-03 2.63e-06 4.88e-03  -4.1 6.35e-04    -  1.00e+00 1.00e+00h  1
 488  5.5676418e-03 5.64e-07 4.65e-03  -4.1 4.93e-04    -  1.00e+00 1.00e+00h  1
 489  5.5693721e-03 5.23e-07 5.22e-03  -4.1 4.84e-04    -  1.00e+00 1.00e+00h  1
iter    objective    inf_pr   inf_du lg(mu)  ||d||  lg(rg) alpha_du alpha_pr  ls
 490  5.5703877e-03 4.26e-07 5.43e-03  -4.1 4.11e-04    -  1.00e+00 1.00e+00h  1
 491  5.5701561e-03 2.60e-07 3.89e-03  -4.1 2.87e-04    -  1.00e+00 1.00e+00h  1
 492  5.5701120e-03 3.53e-07 4.08e-03  -4.1 4.70e-04    -  1.00e+00 1.00e+00h  1
 493  5.5705450e-03 2.08e-06 1.16e-02  -4.1 9.43e-04    -  1.00e+00 1.00e+00h  1
 494  5.5733473e-03 1.25e-06 2.03e-02  -4.1 1.13e-03    -  1.00e+00 1.00e+00h  1
 495  5.5741221e-03 2.56e-06 1.63e-02  -4.1 1.11e-03    -  1.00e+00 1.00e+00h  1
 496  5.5719990e-03 1.93e-06 1.41e-03  -4.1 6.20e-04    -  1.00e+00 1.00e+00h  1
 497  5.5728249e-03 3.51e-07 1.28e-03  -4.1 2.69e-04    -  1.00e+00 1.00e+00h  1
 498  5.5731676e-03 8.11e-08 3.15e-03  -4.1 2.21e-04    -  1.00e+00 1.00e+00h  1
 499  5.5736922e-03 7.22e-07 6.59e-03  -4.1 4.77e-04    -  1.00e+00 1.00e+00h  1
iter    objective    inf_pr   inf_du lg(mu)  ||d||  lg(rg) alpha_du alpha_pr  ls
 500  5.5735382e-03 3.40e-07 1.09e-02  -4.1 4.36e-04    -  1.00e+00 1.00e+00h  1

Number of Iterations....: 500

                                   (scaled)                 (unscaled)
Objective...............:   5.5735381814132953e-03    5.5735381814132953e-03
Dual infeasibility......:   1.0861444978762558e-02    1.0861444978762558e-02
Constraint violation....:   3.4047210401878802e-07    3.4047210401878802e-07
Variable bound violation:   0.0000000000000000e+00    0.0000000000000000e+00
Complementarity.........:   8.0427972169125645e-05    8.0427972169125645e-05
Overall NLP error.......:   1.0861444978762558e-02    1.0861444978762558e-02


Number of objective function evaluations             = 559
Number of objective gradient evaluations             = 501
Number of equality constraint evaluations            = 559
Number of inequality constraint evaluations          = 559
Number of equality constraint Jacobian evaluations   = 501
Number of inequality constraint Jacobian evaluations = 501
Number of Lagrangian Hessian evaluations             = 0
Total seconds in IPOPT                               = 74.276

EXIT: Maximum Number of Iterations Exceeded.
