
******************************************************************************
This program contains Ipopt, a library for large-scale nonlinear optimization.
 Ipopt is released as open source code under the Eclipse Public License (EPL).
         For more information visit https://github.com/coin-or/Ipopt
******************************************************************************

This is Ipopt version 3.14.19, running with linear solver MUMPS 5.8.2.

Number of nonzeros in equality constraint Jacobian...:  1215565
Number of nonzeros in inequality constraint Jacobian.:     5292
Number of nonzeros in Lagrangian Hessian.............:        0

Total number of variables............................:     3879
                     variables with only lower bounds:        0
                variables with lower and upper bounds:      824
                     variables with only upper bounds:        0
Total number of equality constraints.................:     3726
Total number of inequality constraints...............:      553
        inequality constraints with only lower bounds:        0
   inequality constraints with lower and upper bounds:        0
        inequality constraints with only upper bounds:      553

iter    objective    inf_pr   inf_du lg(mu)  ||d||  lg(rg) alpha_du alpha_pr  ls
   0  2.3619278e-03 6.19e+00 1.00e+00   0.0 0.00e+00    -  0.00e+00 0.00e+00   0
   1  2.8169533e-03 6.13e+00 7.71e+01  -0.6 2.57e+01    -  2.10e-02 8.58e-03h  1
   2  4.0191441e-03 6.07e+00 8.93e+01  -1.2 3.61e+01    -  4.48e-02 1.06e-02h  1
   3  3.8810816e-02 5.73e+00 1.79e+02  -0.3 4.31e+01    -  2.22e-01 5.42e-02f  1
   4  1.1541174e-01 5.43e+00 2.77e+02  -0.2 5.05e+01    -  9.76e-02 5.01e-02h  1
   5  1.2396045e-01 5.38e+00 7.92e+03   0.8 2.83e+01    -  7.19e-01 8.80e-03h  1
   6  2.4444015e-01 5.05e+00 8.21e+03   1.6 4.16e+01    -  9.95e-02 5.98e-02h  1
   7  4.2842873e-01 4.78e+00 4.47e+04   2.4 5.36e+01    -  5.46e-01 5.04e-02f  1
   8  7.7417360e-01 4.31e+00 4.33e+04  -3.9 4.80e+01    -  1.45e-01 9.65e-02h  1
   9  1.8410835e+00 3.41e+00 5.43e+04   1.6 4.36e+01    -  2.07e-01 2.06e-01h  1
iter    objective    inf_pr   inf_du lg(mu)  ||d||  lg(rg) alpha_du alpha_pr  ls
  10  4.1233723e+00 3.12e+00 1.34e+05   2.4 3.57e+01    -  3.55e-01 3.47e-01f  1
  11  6.9814017e+00 1.69e+00 1.38e+05   2.1 2.16e+01    -  9.99e-01 5.98e-01h  1
  12  8.1824492e+00 1.25e+00 1.31e+05   2.6 3.03e+01    -  9.37e-01 3.34e-01f  1
  13  9.1600709e+00 7.96e-01 6.47e+04   2.1 1.44e+01    -  9.99e-01 6.07e-01h  1
  14  9.9697417e+00 5.02e-01 4.33e+04   1.9 1.70e+01    -  1.00e+00 4.61e-01f  1
  15  1.1418567e+01 1.10e+00 2.22e+04   1.6 1.70e+01    -  1.00e+00 1.00e+00f  1
  16  1.0426197e+01 3.41e-01 1.99e+04   1.5 7.07e+00    -  1.00e+00 1.00e+00h  1
  17  9.9199529e+00 1.30e-01 7.60e+03   1.0 4.78e+00    -  1.00e+00 1.00e+00h  1
  18  9.6105353e+00 7.52e-02 3.70e+03   0.1 4.26e+00    -  1.00e+00 1.00e+00h  1
  19  9.5017251e+00 7.45e-02 9.49e+02  -0.2 2.86e+00    -  1.00e+00 1.00e+00h  1
iter    objective    inf_pr   inf_du lg(mu)  ||d||  lg(rg) alpha_du alpha_pr  ls
  20  9.6303944e+00 1.15e-01 1.74e+03   0.1 2.82e+00    -  1.00e+00 1.00e+00f  1
  21  9.7190005e+00 4.20e-02 2.12e+03   0.1 2.49e+00    -  1.00e+00 1.00e+00f  1
  22  9.7983935e+00 4.24e-02 8.50e+02   0.1 2.25e+00    -  1.00e+00 1.00e+00f  1
  23  9.7608398e+00 2.39e-02 6.43e+02  -0.4 1.58e+00    -  1.00e+00 1.00e+00h  1
  24  9.6637247e+00 1.01e-02 2.03e+02  -0.7 1.07e+00    -  1.00e+00 1.00e+00h  1
  25  9.6012172e+00 8.25e-03 2.15e+02  -1.3 9.61e-01    -  1.00e+00 1.00e+00h  1
  26  9.5633681e+00 3.07e-03 4.58e+01  -2.2 3.50e-01    -  1.00e+00 1.00e+00h  1
  27  9.4862698e+00 4.16e-03 1.61e+01  -3.2 3.76e-01    -  1.00e+00 1.00e+00h  1
  28  9.1549927e+00 4.81e-02 3.45e+02  -2.4 4.74e+00    -  1.00e+00 3.61e-01h  1
  29  8.3604053e+00 3.87e-01 2.66e+02  -2.0 1.09e+01    -  1.00e+00 5.34e-01h  1
iter    objective    inf_pr   inf_du lg(mu)  ||d||  lg(rg) alpha_du alpha_pr  ls
  30  7.2028548e+00 6.80e-01 2.93e+02  -1.7 9.68e+00    -  1.00e+00 8.73e-01h  1
  31  7.0810702e+00 1.13e+00 1.26e+02  -1.5 7.90e+00    -  1.00e+00 1.00e+00h  1
  32  6.3711398e+00 3.10e-01 8.97e+01  -1.6 5.67e+00    -  1.00e+00 1.00e+00h  1
  33  6.4381773e+00 7.49e-01 2.25e+01  -1.3 6.21e+00    -  9.99e-01 1.00e+00h  1
  34  5.9422323e+00 1.07e+00 5.07e+01  -1.4 1.29e+01    -  1.00e+00 1.00e+00h  1
  35  5.2576648e+00 4.00e-01 3.63e+01  -1.7 5.73e+00    -  1.00e+00 1.00e+00h  1
  36  4.4749159e+00 5.23e-01 1.35e+01  -2.2 8.03e+00    -  1.00e+00 1.00e+00h  1
  37  4.0056979e+00 1.89e+00 2.20e+01  -1.8 1.17e+01    -  1.00e+00 9.19e-01h  1
  38  6.0158170e+00 5.53e+00 2.65e+01  -1.3 1.45e+01    -  1.00e+00 1.00e+00f  1
  39  5.0263621e+00 1.61e+00 9.74e+00  -1.4 1.13e+01    -  1.00e+00 1.00e+00h  1
iter    objective    inf_pr   inf_du lg(mu)  ||d||  lg(rg) alpha_du alpha_pr  ls
  40  4.6383346e+00 4.77e-01 7.88e+00  -1.4 6.28e+00    -  1.00e+00 1.00e+00h  1
  41  3.9460567e+00 6.58e-01 1.69e+01  -1.8 5.30e+00    -  9.96e-01 1.00e+00h  1
  42  2.8101521e+00 1.64e+00 4.17e+01  -2.1 1.21e+01    -  1.00e+00 1.00e+00h  1
  43  2.2818885e+00 1.14e+00 3.61e+01  -1.8 1.08e+01    -  1.00e+00 8.12e-01h  1
  44  3.8040625e+00 2.41e+00 2.79e+01  -1.6 1.38e+01    -  8.34e-01 1.00e+00h  1
  45  2.5815887e+00 7.32e-01 1.02e+01  -1.7 8.00e+00    -  1.00e+00 1.00e+00h  1
  46  1.8344622e+00 1.11e+00 5.96e+00  -2.2 1.21e+01    -  1.00e+00 1.00e+00h  1
  47  1.6651469e+00 1.60e+00 3.99e+00  -1.9 7.04e+00    -  1.00e+00 1.00e+00h  1
  48  1.3212055e+00 5.96e-01 7.43e+00  -2.4 6.24e+00    -  1.00e+00 1.00e+00h  1
  49  2.6853870e+00 4.01e+00 6.18e+00  -1.5 2.84e+01    -  1.00e+00 5.54e-01h  1
iter    objective    inf_pr   inf_du lg(mu)  ||d||  lg(rg) alpha_du alpha_pr  ls
  50  2.4080831e+00 1.30e+00 5.03e+00  -1.6 1.09e+01    -  4.85e-01 1.00e+00h  1
  51  2.2207182e+00 7.22e-01 4.47e+00  -1.6 7.25e+00    -  1.00e+00 1.00e+00h  1
  52  1.8239303e+00 2.96e-01 3.86e+00  -2.1 5.73e+00    -  1.00e+00 7.96e-01h  1
  53  1.7336720e+00 3.51e-01 8.28e+00  -1.8 4.61e+00    -  1.00e+00 8.90e-01h  1
  54  1.5272222e+00 3.63e-01 5.12e+00  -2.0 3.71e+00    -  1.00e+00 1.00e+00h  1
  55  1.9534929e+00 5.83e-01 1.31e+01  -1.8 4.94e+00    -  1.00e+00 1.00e+00h  1
  56  1.7397586e+00 3.23e-01 6.80e+00  -1.9 3.74e+00    -  1.00e+00 1.00e+00h  1
  57  1.6442159e+00 3.11e-01 5.40e+00  -1.9 3.49e+00    -  9.99e-01 1.00e+00h  1
  58  1.5786346e+00 1.51e-01 6.95e+00  -2.0 2.68e+00    -  9.96e-01 1.00e+00h  1
  59  1.4056078e+00 1.87e-01 6.53e+00  -2.3 2.93e+00    -  1.00e+00 9.11e-01h  1
iter    objective    inf_pr   inf_du lg(mu)  ||d||  lg(rg) alpha_du alpha_pr  ls
  60  1.4091869e+00 2.68e-01 1.01e+01  -2.0 3.46e+00    -  1.00e+00 1.00e+00h  1
  61  1.3388072e+00 1.05e-01 3.15e+00  -2.1 2.07e+00    -  1.00e+00 1.00e+00h  1
  62  1.1716277e+00 2.69e-01 7.06e+00  -2.7 4.62e+00    -  9.98e-01 8.16e-01h  1
  63  8.5040141e-01 9.57e-01 1.27e+01  -2.7 8.62e+00    -  1.00e+00 9.06e-01h  1
  64  9.4386644e-01 1.05e+00 9.46e+00  -2.3 7.86e+00    -  1.00e+00 1.00e+00h  1
  65  8.9690757e-01 4.70e-01 2.08e+00  -2.4 4.44e+00    -  7.05e-01 1.00e+00h  1
  66  7.4574295e-01 2.83e-01 2.61e+00  -2.8 4.17e+00    -  1.00e+00 1.00e+00h  1
  67  7.8805635e-01 4.96e-01 3.59e+00  -2.6 4.07e+00    -  1.00e+00 1.00e+00h  1
  68  7.4569735e-01 1.94e-01 1.39e+00  -2.6 2.49e+00    -  1.00e+00 1.00e+00h  1
  69  9.6050454e-01 3.08e-01 1.33e+01  -2.1 3.12e+00    -  9.87e-01 9.23e-01h  1
iter    objective    inf_pr   inf_du lg(mu)  ||d||  lg(rg) alpha_du alpha_pr  ls
  70  9.9100241e-01 8.38e-02 6.22e+00  -2.2 1.72e+00    -  1.00e+00 7.57e-01h  1
  71  9.9209661e-01 1.95e-01 3.20e+00  -2.2 1.82e+00    -  7.44e-01 1.00e+00h  1
  72  9.0263537e-01 2.24e-01 8.51e+00  -2.6 2.73e+00    -  1.00e+00 1.00e+00h  1
  73  7.2825572e-01 4.54e-01 1.22e+01  -2.7 4.37e+00    -  1.00e+00 9.70e-01h  1
  74  6.8530646e-01 1.69e-01 6.28e+00  -2.7 2.03e+00    -  1.00e+00 7.28e-01h  1
  75  6.9281816e-01 7.71e-02 2.53e+00  -2.8 1.50e+00    -  1.00e+00 1.00e+00h  1
  76  9.8958972e-01 8.88e-01 1.10e+01  -2.1 4.28e+00    -  6.91e-01 1.00e+00h  1
  77  8.8114945e-01 4.06e-01 9.67e+00  -2.4 3.85e+00    -  1.00e+00 6.57e-01h  1
  78  8.3613621e-01 1.40e-01 5.41e+00  -2.4 2.60e+00    -  1.00e+00 7.68e-01h  1
  79  8.6545136e-01 9.90e-02 3.67e+00  -2.4 1.25e+00    -  1.00e+00 1.00e+00h  1
iter    objective    inf_pr   inf_du lg(mu)  ||d||  lg(rg) alpha_du alpha_pr  ls
  80  8.7399989e-01 3.74e-02 3.12e+00  -2.4 1.09e+00    -  1.00e+00 6.85e-01h  1
  81  8.0863590e-01 6.21e-02 7.11e+00  -2.9 2.46e+00    -  1.00e+00 4.97e-01h  1
  82  6.2996701e-01 4.15e-01 2.73e+01  -3.0 6.34e+00    -  1.00e+00 6.84e-01h  1
  83  6.4933358e-01 1.96e-01 1.08e+01  -2.7 1.98e+00    -  1.00e+00 1.00e+00h  1
  84  8.6884535e-01 6.61e-01 3.29e+00  -2.5 5.12e+00    -  1.00e+00 1.00e+00h  1
  85  6.9363029e-01 4.09e-01 2.31e+00  -2.6 3.32e+00    -  1.00e+00 1.00e+00h  1
  86  6.6622576e-01 2.42e-01 2.18e+00  -2.6 3.19e+00    -  1.00e+00 3.48e-01h  1
  87  6.8850803e-01 7.49e-02 3.33e+00  -2.6 1.40e+00    -  1.00e+00 9.53e-01h  1
  88  6.5648477e-01 5.92e-02 4.00e+00  -3.0 2.15e+00    -  1.00e+00 5.78e-01h  1
  89  5.5191511e-01 3.56e-01 4.57e+00  -3.3 4.55e+00    -  1.00e+00 9.61e-01h  1
iter    objective    inf_pr   inf_du lg(mu)  ||d||  lg(rg) alpha_du alpha_pr  ls
  90  4.8333237e-01 1.53e-01 3.44e+00  -3.4 2.23e+00    -  1.00e+00 1.00e+00h  1
  91  6.1151486e-01 2.90e-01 3.54e+00  -2.8 4.12e+00    -  1.00e+00 9.82e-01h  1
  92  5.6822675e-01 9.37e-02 2.25e+00  -2.9 1.53e+00    -  6.26e-01 1.00e+00h  1
  93  5.6608437e-01 2.31e-01 6.20e+00  -2.9 2.08e+00    -  4.68e-01 1.00e+00h  1
  94  5.5073145e-01 7.52e-02 1.30e+00  -2.9 1.18e+00    -  1.00e+00 1.00e+00h  1
  95  5.3834648e-01 5.10e-02 3.31e+00  -3.1 1.66e+00    -  8.18e-01 5.43e-01H  1
  96  5.4043074e-01 3.26e-02 3.12e+00  -3.2 1.38e+00    -  1.00e+00 5.00e-01h  2
  97  5.5979322e-01 2.29e-02 3.03e+00  -2.9 1.44e+00    -  1.00e+00 2.50e-01H  1
  98  5.5346788e-01 2.30e-02 2.11e+00  -3.5 1.23e+00    -  1.00e+00 4.49e-01h  2
  99  5.0996569e-01 1.49e-01 1.03e+01  -3.3 2.69e+00    -  1.00e+00 7.77e-01h  1
iter    objective    inf_pr   inf_du lg(mu)  ||d||  lg(rg) alpha_du alpha_pr  ls
 100  4.9658867e-01 9.68e-02 7.96e+00  -3.4 9.43e-01    -  1.00e+00 3.56e-01h  1
 101  4.8368964e-01 7.18e-02 2.82e+00  -3.4 1.12e+00    -  8.90e-01 9.19e-01h  1
 102  5.7289172e-01 2.06e-01 4.69e+00  -2.9 2.51e+00    -  1.00e+00 1.00e+00f  1
 103  5.2316884e-01 6.67e-02 3.15e+00  -3.0 1.30e+00    -  1.00e+00 1.00e+00h  1
 104  4.7458357e-01 7.78e-02 2.69e+00  -3.0 3.07e+00    -  4.70e-01 6.13e-01h  1
 105  4.6608444e-01 8.93e-02 1.85e+00  -3.1 1.30e+00    -  1.00e+00 9.95e-01h  1
 106  5.1207458e-01 5.49e-02 1.25e+00  -2.8 1.57e+00    -  1.00e+00 7.12e-01h  1
 107  5.4166112e-01 1.08e-01 5.45e+00  -2.9 1.27e+00    -  1.00e+00 1.00e+00h  1
 108  5.1082329e-01 4.62e-02 1.16e+00  -2.9 8.54e-01    -  1.00e+00 1.00e+00h  1
 109  5.0605826e-01 2.17e-02 1.93e+00  -3.1 8.73e-01    -  1.00e+00 7.63e-01h  1
iter    objective    inf_pr   inf_du lg(mu)  ||d||  lg(rg) alpha_du alpha_pr  ls
 110  5.1183202e-01 1.46e-02 2.18e+00  -3.2 9.05e-01    -  1.00e+00 4.79e-01h  2
 111  6.3777356e-01 1.69e-01 1.03e+01  -2.6 2.09e+00    -  1.00e+00 1.00e+00h  1
 112  6.1461690e-01 5.27e-02 4.21e+00  -2.7 8.77e-01    -  1.00e+00 1.00e+00h  1
 113  5.7563033e-01 6.31e-02 2.99e+00  -2.7 1.42e+00    -  1.00e+00 8.04e-01h  1
 114  5.7869254e-01 3.03e-02 2.75e+00  -2.7 6.71e-01    -  1.00e+00 6.54e-01h  1
 115  5.9811166e-01 1.46e-02 3.59e+00  -2.7 6.46e-01    -  1.00e+00 5.00e-01h  2
 116  6.0701225e-01 7.80e-03 2.69e+00  -2.7 4.71e-01    -  1.00e+00 5.00e-01h  2
 117  6.0239531e-01 1.02e-02 3.92e+00  -2.8 9.22e-01    -  1.00e+00 5.00e-01h  2
 118  5.9103126e-01 1.18e-02 2.19e+00  -3.1 5.54e-01    -  9.99e-01 1.00e+00h  1
 119  5.9489692e-01 5.94e-03 4.15e+00  -3.4 4.24e-01    -  1.00e+00 5.00e-01h  2
iter    objective    inf_pr   inf_du lg(mu)  ||d||  lg(rg) alpha_du alpha_pr  ls
 120  5.6563294e-01 2.18e-02 5.19e+00  -3.9 1.68e+00    -  1.00e+00 4.59e-01h  1
 121  5.2218912e-01 4.11e-02 1.38e+01  -3.9 1.08e+01    -  5.98e-01 8.38e-02h  1
 122  4.8247696e-01 5.40e-02 1.63e+01  -3.9 3.90e+00    -  4.27e-01 2.56e-01h  1
 123  4.7173257e-01 4.30e-02 1.48e+01  -3.9 1.16e+00    -  4.84e-01 1.92e-01h  1
 124  4.3462017e-01 4.08e-02 1.15e+01  -3.9 1.21e+00    -  2.85e-01 8.59e-01h  1
 125  4.1768403e-01 6.60e-02 5.06e+00  -3.4 2.24e+00    -  8.36e-01 5.30e-01f  1
 126  4.0522344e-01 9.70e-02 7.42e+00  -3.6 1.64e+00    -  6.52e-01 1.00e+00h  1
 127  4.0535156e-01 8.70e-02 4.22e+00  -3.3 1.47e+00    -  1.00e+00 1.00e+00h  1
 128  4.1834454e-01 6.73e-02 3.46e+00  -2.9 2.52e+00    -  1.00e+00 2.65e-01h  1
 129  4.3193957e-01 4.21e-02 1.77e+00  -3.0 3.14e+00    -  1.00e+00 3.98e-01h  1
iter    objective    inf_pr   inf_du lg(mu)  ||d||  lg(rg) alpha_du alpha_pr  ls
 130  3.8882966e-01 8.06e-02 4.04e+00  -3.4 2.12e+00    -  1.00e+00 9.77e-01h  1
 131  4.2710410e-01 9.53e-02 2.73e+00  -3.1 1.21e+00    -  1.00e+00 1.00e+00h  1
 132  4.0052293e-01 3.77e-02 1.08e+00  -3.2 9.12e-01    -  1.00e+00 1.00e+00h  1
 133  6.1469174e-01 4.31e-01 7.45e+00  -2.7 4.81e+00    -  9.83e-01 1.00e+00h  1
 134  4.7171527e-01 2.86e-01 2.81e+00  -2.8 4.67e+00    -  9.81e-01 1.00e+00h  1
 135  4.5932556e-01 1.92e-01 1.53e+00  -2.8 1.40e+00    -  2.82e-01 3.56e-01h  1
 136  4.5753060e-01 8.14e-02 8.74e-01  -2.8 1.65e+00    -  1.00e+00 5.92e-01h  1
 137  4.6627042e-01 5.66e-02 2.57e+00  -2.8 1.32e+00    -  1.00e+00 4.18e-01h  1
 138  4.9111133e-01 6.38e-02 3.15e+00  -2.8 1.01e+00    -  1.00e+00 1.00e+00h  1
 139  4.9769040e-01 2.31e-02 2.21e+00  -2.8 6.28e-01    -  1.00e+00 1.00e+00h  1
iter    objective    inf_pr   inf_du lg(mu)  ||d||  lg(rg) alpha_du alpha_pr  ls
 140  4.8279098e-01 3.09e-02 2.99e+00  -3.0 8.50e-01    -  1.00e+00 1.00e+00h  1
 141  4.8803821e-01 1.26e-02 1.98e+00  -3.4 5.19e-01    -  1.00e+00 1.00e+00h  1
 142  4.8917169e-01 9.95e-03 1.76e+00  -4.0 5.37e-01    -  1.00e+00 5.00e-01h  2
 143  4.7383060e-01 1.28e-02 6.07e+00  -4.0 1.49e+00    -  1.00e+00 2.77e-01h  1
 144  4.4987206e-01 2.91e-02 7.16e+00  -3.2 1.45e+00    -  1.00e+00 5.12e-01h  1
 145  4.3362473e-01 3.82e-02 4.83e+00  -3.3 8.51e-01    -  1.00e+00 9.86e-01h  1
 146  4.1905675e-01 1.90e-02 1.69e+00  -3.6 6.25e-01    -  1.00e+00 1.00e+00h  1
 147  4.1809300e-01 1.35e-02 4.10e+00  -3.6 5.35e-01    -  1.00e+00 3.03e-01h  1
 148  3.9992141e-01 3.34e-02 3.65e+00  -3.8 1.00e+00    -  1.00e+00 9.33e-01h  1
 149  4.0670623e-01 1.98e-02 3.28e+00  -3.2 1.02e+00    -  6.73e-01 5.47e-01h  1
iter    objective    inf_pr   inf_du lg(mu)  ||d||  lg(rg) alpha_du alpha_pr  ls
 150  3.9850709e-01 1.29e-02 1.95e+00  -3.5 4.96e-01    -  1.00e+00 9.84e-01h  1
 151  4.1138984e-01 5.74e-03 7.19e+00  -3.3 4.74e-01    -  1.00e+00 6.00e-01H  1
 152  4.8398672e-01 9.15e-02 1.22e+01  -2.8 1.73e+00    -  1.00e+00 1.00e+00h  1
 153  4.8260028e-01 1.85e-02 7.78e+00  -2.9 9.64e-01    -  1.00e+00 1.00e+00h  1
 154  4.7652285e-01 1.25e-02 4.53e+00  -2.9 5.65e-01    -  1.00e+00 6.18e-01h  1
 155  4.7232137e-01 5.89e-03 2.67e+00  -2.9 6.72e-01    -  1.00e+00 5.68e-01h  1
 156  4.7653649e-01 6.35e-03 1.69e+00  -2.9 6.47e-01    -  1.00e+00 5.00e-01h  2
 157  4.8843364e-01 3.77e-03 4.34e+00  -2.9 3.48e-01    -  1.00e+00 9.41e-01h  1
 158  4.9424932e-01 6.38e-03 6.19e+00  -2.9 2.76e-01    -  1.00e+00 1.00e+00h  1
 159  4.9271248e-01 3.87e-03 1.23e+00  -2.9 2.22e-01    -  1.00e+00 1.00e+00h  1
iter    objective    inf_pr   inf_du lg(mu)  ||d||  lg(rg) alpha_du alpha_pr  ls
 160  4.9603802e-01 1.12e-03 5.94e+00  -3.6 2.12e-01    -  9.10e-01 6.90e-01H  1
 161  4.8472283e-01 4.98e-03 4.44e+00  -4.0 3.15e-01    -  1.00e+00 1.00e+00h  1
 162  4.5765539e-01 1.23e-02 9.68e+00  -4.1 5.27e+00    -  4.37e-01 9.14e-02h  1
 163  4.3913001e-01 1.43e-02 1.11e+01  -4.1 1.58e+00    -  3.78e-01 2.34e-01h  1
 164  4.3194513e-01 1.33e-02 2.91e+01  -4.1 1.71e+00    -  7.89e-01 1.09e-01h  1
 165  4.0231517e-01 1.64e-02 2.65e+01  -4.1 3.66e+00    -  9.15e-02 1.90e-01h  1
 166  3.9430272e-01 1.45e-02 1.37e+01  -4.1 2.06e+00    -  5.78e-01 1.38e-01h  1
 167  3.9067599e-01 1.01e-02 1.54e+01  -3.4 7.40e-01    -  1.00e+00 3.49e-01f  1
 168  3.9395363e-01 1.09e-02 7.77e+00  -3.5 6.23e-01    -  1.00e+00 6.61e-01h  1
 169  3.8464093e-01 8.51e-03 2.12e+00  -3.7 3.55e-01    -  1.00e+00 1.00e+00h  1
iter    objective    inf_pr   inf_du lg(mu)  ||d||  lg(rg) alpha_du alpha_pr  ls
 170  3.9247544e-01 1.42e-02 6.09e+00  -3.4 5.52e-01    -  1.00e+00 1.00e+00h  1
 171  3.8726154e-01 8.82e-03 4.67e+00  -3.5 4.07e-01    -  1.00e+00 4.19e-01h  1
 172  3.6687516e-01 1.58e-02 4.64e+00  -3.5 8.82e-01    -  4.73e-01 9.23e-01h  1
 173  3.6214103e-01 1.20e-02 4.43e+00  -3.7 7.92e-01    -  4.68e-01 2.58e-01h  1
 174  3.6184959e-01 6.50e-03 5.52e+00  -4.0 3.73e-01    -  9.49e-01 4.88e-01h  1
 175  3.6737976e-01 5.33e-03 1.26e+01  -3.7 6.42e-01    -  6.85e-01 2.58e-01h  1
 176  3.7523018e-01 9.38e-03 3.76e+00  -3.9 5.34e-01    -  1.00e+00 9.89e-01h  1
 177  3.6066704e-01 1.10e-02 2.21e+00  -4.0 4.75e-01    -  1.00e+00 1.00e+00h  1
 178  3.8703451e-01 7.98e-02 6.15e+00  -3.1 3.50e+00    -  3.02e-01 4.53e-01h  1
 179  3.6677904e-01 4.47e-02 5.98e+00  -3.6 1.65e+00    -  8.33e-01 4.60e-01h  1
iter    objective    inf_pr   inf_du lg(mu)  ||d||  lg(rg) alpha_du alpha_pr  ls
 180  3.4937771e-01 2.48e-02 1.67e+00  -3.6 7.18e-01    -  8.62e-01 1.00e+00h  1
 181  3.6435823e-01 2.91e-02 2.56e+00  -3.2 1.41e+00    -  1.00e+00 4.46e-01h  1
 182  3.7768863e-01 1.78e-02 1.96e+00  -3.3 5.90e-01    -  1.00e+00 1.00e+00h  1
 183  3.8346682e-01 3.42e-02 3.41e+00  -3.3 7.16e-01    -  1.00e+00 1.00e+00h  1
 184  3.5587115e-01 2.90e-02 1.21e+00  -3.8 7.95e-01    -  1.00e+00 1.00e+00h  1
 185  4.3446890e-01 1.75e-01 1.30e+01  -3.1 3.51e+00    -  5.64e-01 7.64e-01h  1
 186  3.5061796e-01 9.82e-02 6.01e+00  -3.4 2.05e+00    -  8.05e-01 1.00e+00h  1
 187  3.4839938e-01 8.76e-02 5.16e+00  -3.4 1.35e+00    -  4.66e-01 1.06e-01h  1
 188  3.6141224e-01 3.14e-02 2.07e+00  -3.4 9.69e-01    -  1.00e+00 8.58e-01h  1
 189  3.5800358e-01 1.60e-02 2.23e+00  -3.5 6.02e-01    -  1.00e+00 1.00e+00h  1
iter    objective    inf_pr   inf_du lg(mu)  ||d||  lg(rg) alpha_du alpha_pr  ls
 190  4.0065020e-01 7.64e-02 4.92e+00  -3.2 1.23e+00    -  1.00e+00 1.00e+00h  1
 191  3.8681709e-01 4.38e-02 4.50e+00  -3.3 1.07e+00    -  1.00e+00 1.00e+00h  1
 192  3.7398172e-01 1.13e-02 1.27e+00  -3.3 5.78e-01    -  1.00e+00 1.00e+00h  1
 193  3.7129573e-01 1.06e-02 2.42e+00  -3.5 5.09e-01    -  1.00e+00 7.86e-01h  1
 194  5.2583295e-01 3.81e-01 9.94e+00  -2.8 4.37e+00    -  7.91e-01 8.56e-01f  1
 195  4.5851878e-01 1.34e-01 4.87e+00  -2.9 3.28e+00    -  5.87e-01 6.67e-01h  1
 196  4.3993807e-01 8.11e-02 3.73e+00  -2.9 1.12e+00    -  6.93e-01 6.26e-01h  1
 197  4.2569041e-01 4.46e-02 2.54e+00  -2.9 1.20e+00    -  8.19e-01 8.50e-01h  1
 198  4.2900696e-01 3.12e-02 1.22e+00  -2.9 8.57e-01    -  1.00e+00 1.00e+00h  1
 199  4.3218519e-01 1.68e-02 8.67e+00  -2.9 7.81e-01    -  1.00e+00 5.21e-01H  1
iter    objective    inf_pr   inf_du lg(mu)  ||d||  lg(rg) alpha_du alpha_pr  ls
 200  4.3783546e-01 9.10e-03 2.48e+00  -2.9 5.81e-01    -  1.00e+00 5.00e-01h  2
 201  4.4031878e-01 7.17e-03 5.95e+00  -2.9 4.16e-01    -  1.00e+00 4.45e-01h  2
 202  4.4167587e-01 5.30e-03 8.98e+00  -3.1 4.33e-01    -  1.00e+00 2.50e-01h  3
 203  4.3627921e-01 4.37e-03 5.32e+00  -3.4 5.50e-01    -  1.00e+00 4.38e-01h  2
 204  4.1179301e-01 2.04e-02 7.21e+00  -3.5 1.03e+00    -  1.00e+00 8.07e-01h  1
 205  3.9993687e-01 1.93e-02 5.52e+00  -3.5 9.37e-01    -  1.00e+00 5.20e-01h  1
 206  3.9436336e-01 1.52e-02 5.85e+00  -3.5 8.16e-01    -  5.63e-01 2.28e-01h  1
 207  3.8310702e-01 8.22e-03 4.85e+00  -3.5 4.66e-01    -  6.52e-01 1.00e+00h  1
 208  3.7901688e-01 5.86e-03 5.40e+00  -4.0 5.38e-01    -  1.00e+00 3.12e-01h  1
 209  3.7776780e-01 3.62e-03 3.73e+00  -3.5 4.99e-01    -  1.00e+00 5.00e-01h  2
iter    objective    inf_pr   inf_du lg(mu)  ||d||  lg(rg) alpha_du alpha_pr  ls
 210  3.9732769e-01 3.12e-02 6.90e+00  -3.2 1.38e+00    -  1.00e+00 5.81e-01h  1
 211  3.9891494e-01 1.84e-02 6.13e+00  -3.3 5.35e-01    -  9.85e-01 1.00e+00h  1
 212  3.8859187e-01 1.19e-02 8.16e-01  -3.3 4.28e-01    -  1.00e+00 1.00e+00h  1
 213  3.7963591e-01 8.67e-03 5.25e+00  -3.7 7.94e-01    -  1.00e+00 5.02e-01h  1
 214  3.6069790e-01 1.45e-02 2.94e+00  -3.8 1.24e+00    -  9.68e-01 4.54e-01h  1
 215  3.5507407e-01 2.93e-02 6.06e+00  -3.8 1.10e+00    -  1.00e+00 6.46e-01h  1
 216  3.5425187e-01 2.02e-02 5.35e+00  -4.0 3.74e-01    -  7.97e-01 3.14e-01h  1
 217  3.7139767e-01 2.52e-02 1.27e+01  -3.0 2.87e+00    -  6.13e-01 2.72e-01h  1
 218  3.8105536e-01 9.38e-02 9.44e+00  -3.3 1.90e+00    -  7.25e-01 1.00e+00h  1
 219  3.8124442e-01 2.69e-02 3.18e+00  -3.3 9.18e-01    -  1.00e+00 9.79e-01h  1
iter    objective    inf_pr   inf_du lg(mu)  ||d||  lg(rg) alpha_du alpha_pr  ls
 220  3.7589583e-01 1.90e-02 2.30e+00  -3.3 9.63e-01    -  1.00e+00 5.07e-01h  1
 221  3.7617287e-01 1.63e-02 2.85e+00  -3.3 5.93e-01    -  7.27e-01 1.00e+00h  1
 222  3.6071580e-01 2.01e-02 1.62e+00  -3.8 7.40e-01    -  1.00e+00 8.13e-01h  1
 223  3.3270564e-01 6.06e-02 2.92e+00  -3.9 1.42e+00    -  6.01e-01 7.90e-01h  1
 224  3.3180764e-01 5.84e-02 1.99e+00  -3.6 1.15e+00    -  1.00e+00 1.00e+00h  1
 225  3.2959062e-01 2.55e-02 9.40e-01  -4.0 6.23e-01    -  5.45e-01 6.27e-01h  1
 226  3.3453371e-01 1.70e-02 7.69e+00  -3.5 4.88e-01    -  1.00e+00 2.99e-01h  1
 227  3.5224446e-01 1.09e-02 3.00e+00  -3.7 6.33e-01    -  5.74e-01 7.21e-01H  1
 228  3.9660530e-01 1.03e-01 3.79e+00  -3.2 1.43e+00    -  6.12e-01 1.00e+00h  1
 229  3.5689318e-01 8.68e-02 5.22e+00  -3.4 2.83e+00    -  3.63e-01 6.18e-01h  1
iter    objective    inf_pr   inf_du lg(mu)  ||d||  lg(rg) alpha_du alpha_pr  ls
 230  3.4099319e-01 5.06e-02 2.38e+00  -3.4 1.72e+00    -  1.00e+00 5.42e-01h  1
 231  3.3010740e-01 5.13e-02 3.23e+00  -3.4 1.21e+00    -  5.26e-01 9.33e-01h  1
 232  3.4769809e-01 3.67e-02 1.68e+00  -3.4 8.21e-01    -  1.00e+00 1.00e+00h  1
 233  3.5204197e-01 1.60e-02 1.92e+00  -3.4 6.24e-01    -  1.00e+00 6.60e-01h  1
 234  3.3906271e-01 1.63e-02 2.08e+00  -3.8 7.89e-01    -  1.00e+00 8.35e-01h  1
 235  3.3666978e-01 1.14e-02 2.13e+00  -3.8 9.34e-01    -  4.00e-01 3.42e-01h  1
 236  3.4591352e-01 8.43e-03 2.40e+00  -3.8 3.09e-01    -  1.00e+00 1.00e+00h  1
 237  3.8753685e-01 1.00e-01 1.40e+01  -3.0 2.14e+00    -  8.50e-01 6.73e-01h  1
 238  3.9652674e-01 3.11e-02 5.69e+00  -3.1 6.92e-01    -  1.00e+00 1.00e+00h  1
 239  4.0136779e-01 1.38e-02 1.06e+01  -3.1 4.78e-01    -  3.81e-01 1.00e+00h  1
iter    objective    inf_pr   inf_du lg(mu)  ||d||  lg(rg) alpha_du alpha_pr  ls
 240  3.9619050e-01 1.09e-02 2.35e+00  -3.1 3.68e-01    -  1.00e+00 1.00e+00h  1
 241  4.0474868e-01 7.11e-03 2.09e+00  -3.1 3.58e-01    -  1.00e+00 1.00e+00h  1
 242  3.8619766e-01 1.62e-02 2.58e+00  -3.7 9.23e-01    -  1.00e+00 6.77e-01h  1
 243  3.6237731e-01 2.13e-02 5.71e+00  -3.8 1.86e+00    -  6.73e-01 3.40e-01h  1
 244  3.4447859e-01 1.51e-02 5.46e+00  -3.8 1.23e+00    -  1.00e+00 4.64e-01h  1
 245  3.3630310e-01 2.58e-02 6.43e+00  -3.8 8.73e-01    -  1.00e+00 7.57e-01h  1
 246  3.4073765e-01 1.00e-02 1.51e+00  -3.8 3.77e-01    -  1.00e+00 8.19e-01h  1
 247  3.6209675e-01 3.60e-03 2.93e+00  -3.5 5.34e-01    -  1.00e+00 7.21e-01H  1
 248  3.5821849e-01 8.45e-03 5.33e+00  -4.0 6.50e-01    -  7.71e-01 5.57e-01h  1
 249  3.5217557e-01 7.52e-03 2.75e+00  -3.9 5.35e-01    -  8.22e-01 5.11e-01h  1
iter    objective    inf_pr   inf_du lg(mu)  ||d||  lg(rg) alpha_du alpha_pr  ls
 250  3.3536903e-01 1.07e-02 3.48e+00  -3.9 7.31e-01    -  4.84e-01 7.01e-01h  1
 251  3.3170636e-01 1.08e-01 8.93e+00  -3.9 1.20e+00    -  3.40e-01 1.00e+00h  1
 252  3.2939710e-01 2.63e-02 2.38e+00  -3.9 6.60e-01    -  8.77e-01 1.00e+00h  1
 253  3.3808402e-01 2.84e-02 9.99e-01  -3.7 6.57e-01    -  1.00e+00 9.84e-01h  1
 254  3.4607167e-01 8.31e-03 3.05e+00  -3.8 4.59e-01    -  1.00e+00 1.00e+00h  1
 255  3.4043696e-01 6.70e-03 1.89e+00  -3.8 3.33e-01    -  8.04e-01 1.00e+00h  1
 256  3.6127349e-01 1.53e-02 5.31e+00  -3.4 6.27e-01    -  1.00e+00 1.00e+00h  1
 257  3.5626066e-01 1.20e-02 4.80e+00  -3.5 5.28e-01    -  7.90e-01 1.00e+00h  1
 258  3.5234768e-01 7.03e-03 1.98e+00  -3.5 4.28e-01    -  4.09e-01 1.00e+00h  1
 259  3.5852932e-01 6.20e-03 3.47e+00  -3.7 3.81e-01    -  9.56e-01 7.33e-01H  1
iter    objective    inf_pr   inf_du lg(mu)  ||d||  lg(rg) alpha_du alpha_pr  ls
 260  3.5549064e-01 4.30e-03 2.44e+00  -4.0 3.35e-01    -  1.00e+00 6.26e-01h  1
 261  3.5503106e-01 8.97e-03 4.18e+00  -3.5 3.02e-01    -  1.00e+00 1.00e+00h  1
 262  3.5223160e-01 4.75e-03 8.17e-01  -4.0 2.62e-01    -  1.00e+00 1.00e+00h  1
 263  3.6017461e-01 4.82e-03 6.85e+00  -3.7 2.88e-01    -  1.00e+00 9.64e-01h  1
 264  3.5620058e-01 1.86e-03 8.99e-01  -3.8 1.85e-01    -  1.00e+00 1.00e+00h  1
 265  3.5723367e-01 1.37e-03 5.17e+01  -4.0 2.36e-01    -  1.00e+00 2.59e-01h  2
 266  3.5703584e-01 1.27e-03 1.94e+01  -4.0 3.40e-01    -  1.00e+00 7.45e-02h  4
 267  3.7772986e-01 8.81e-03 6.78e+00  -3.2 4.86e-01    -  1.00e+00 8.90e-01h  1
 268  3.8265203e-01 2.14e-02 8.52e+00  -3.3 6.01e-01    -  9.77e-01 1.00e+00h  1
 269  3.8518278e-01 6.82e-03 6.79e+00  -3.3 3.27e-01    -  7.62e-01 1.00e+00h  1
iter    objective    inf_pr   inf_du lg(mu)  ||d||  lg(rg) alpha_du alpha_pr  ls
 270  3.6853414e-01 2.49e-02 3.97e+00  -3.3 6.72e-01    -  7.18e-01 8.80e-01h  1
 271  3.7566702e-01 8.35e-03 3.30e+00  -3.3 4.07e-01    -  1.00e+00 9.94e-01h  1
 272  3.8320769e-01 8.25e-03 2.86e+00  -3.3 3.99e-01    -  1.00e+00 1.00e+00h  1
 273  3.8426185e-01 5.50e-03 2.27e+00  -3.3 2.68e-01    -  1.00e+00 1.00e+00h  1
 274  3.8431506e-01 4.64e-03 2.08e+00  -3.3 2.09e-01    -  1.00e+00 1.00e+00h  1
 275  3.8713133e-01 2.53e-03 5.35e+00  -3.3 2.87e-01    -  9.95e-01 5.00e-01h  2
 276  3.8786399e-01 2.26e-03 6.99e+00  -3.3 3.56e-01    -  1.00e+00 5.00e-01h  2
 277  3.9045040e-01 1.33e-03 1.76e+00  -3.3 1.25e-01    -  1.00e+00 1.00e+00h  1
 278  3.8969496e-01 1.27e-03 3.22e+00  -3.5 1.47e-01    -  1.00e+00 1.00e+00h  1
 279  3.9026641e-01 5.67e-04 6.45e-01  -3.9 1.17e-01    -  1.00e+00 1.00e+00h  1
iter    objective    inf_pr   inf_du lg(mu)  ||d||  lg(rg) alpha_du alpha_pr  ls
 280  3.8991970e-01 3.24e-04 1.85e+00  -4.0 8.50e-02    -  1.00e+00 5.00e-01h  2
 281  3.8056103e-01 3.34e-03 3.38e+00  -4.0 4.38e-01    -  1.00e+00 5.20e-01h  1
 282  3.7117492e-01 6.57e-03 6.59e+00  -4.1 6.69e-01    -  8.31e-01 4.79e-01h  1
 283  3.6666169e-01 4.57e-03 4.83e+00  -4.1 4.45e-01    -  2.80e-01 2.94e-01h  1
 284  3.6298592e-01 3.88e-03 5.27e+00  -4.1 1.14e+00    -  2.61e-01 1.55e-01f  1
 285  3.6199767e-01 3.19e-03 7.53e+00  -4.1 3.19e-01    -  5.80e-01 1.68e-01f  1
 286  3.6095214e-01 2.95e-03 9.73e+00  -4.1 3.52e-01    -  5.91e-01 1.00e-01h  1
 287  3.5910600e-01 9.29e-04 8.69e+00  -4.1 2.09e-01    -  5.59e-01 1.00e+00f  1
 288  3.6245020e-01 8.88e-04 5.30e+00  -4.1 1.89e-01    -  1.00e+00 1.00e+00H  1
 289  3.5348342e-01 2.32e-03 6.95e+00  -4.1 2.71e-01    -  6.99e-01 9.47e-01h  1
iter    objective    inf_pr   inf_du lg(mu)  ||d||  lg(rg) alpha_du alpha_pr  ls
 290  3.4908489e-01 1.40e-03 5.59e+00  -4.1 3.72e-01    -  4.39e-01 3.74e-01h  1
 291  3.5086980e-01 1.70e-03 3.38e+00  -4.0 2.55e-01    -  9.45e-01 8.94e-01f  1
 292  3.4942532e-01 1.59e-03 2.74e+00  -4.0 1.86e-01    -  1.00e+00 7.74e-01h  1
 293  3.4929179e-01 7.52e-04 1.58e+00  -4.0 1.55e-01    -  1.00e+00 5.08e-01h  1
 294  3.5139323e-01 4.68e-04 3.09e+00  -4.0 1.18e-01    -  1.00e+00 5.00e-01h  2
 295  3.5238781e-01 2.27e-04 2.06e+00  -4.0 1.26e-01    -  1.00e+00 5.00e-01h  2
 296  3.5803179e-01 1.61e-03 2.54e+00  -3.7 1.49e-01    -  1.00e+00 1.00e+00h  1
 297  3.5799530e-01 4.87e-04 3.08e+00  -3.8 1.11e-01    -  1.00e+00 1.00e+00h  1
 298  3.6706835e-01 7.58e-03 5.52e+00  -3.3 2.95e-01    -  1.00e+00 1.00e+00h  1
 299  3.6159296e-01 1.27e-02 1.12e+01  -3.4 6.10e-01    -  9.62e-01 1.00e+00h  1
iter    objective    inf_pr   inf_du lg(mu)  ||d||  lg(rg) alpha_du alpha_pr  ls
 300  3.5875147e-01 7.40e-03 4.43e+00  -3.4 3.24e-01    -  1.00e+00 8.88e-01h  1
 301  3.5646739e-01 3.88e-03 8.73e+00  -3.4 3.18e-01    -  6.12e-01 9.52e-01h  1
 302  3.5861028e-01 2.87e-03 1.94e+01  -3.4 2.56e-01    -  1.00e+00 2.50e-01h  3
 303  3.6599407e-01 1.69e-03 1.15e+01  -3.4 2.62e-01    -  1.00e+00 5.56e-01H  1
 304  3.6871831e-01 7.92e-04 1.49e+00  -3.4 2.09e-01    -  7.43e-01 5.00e-01h  2
 305  3.7086313e-01 5.18e-04 2.02e+01  -3.4 1.50e-01    -  1.00e+00 4.73e-01h  2
 306  3.7306462e-01 3.76e-04 9.18e+00  -3.4 9.78e-02    -  1.00e+00 5.00e-01h  2
 307  3.7318523e-01 2.78e-04 1.88e+00  -3.4 1.62e-01    -  1.00e+00 2.50e-01h  3
 308  3.7673041e-01 1.78e-04 2.16e+00  -4.0 1.13e-01    -  1.00e+00 9.11e-01H  1
 309  3.6864623e-01 5.08e-03 5.02e+00  -4.0 2.81e-01    -  1.00e+00 1.00e+00h  1
iter    objective    inf_pr   inf_du lg(mu)  ||d||  lg(rg) alpha_du alpha_pr  ls
 310  3.6287125e-01 3.45e-03 4.73e+00  -4.1 4.59e-01    -  1.00e+00 3.27e-01h  1
 311  3.5822942e-01 3.94e-03 2.64e+01  -4.1 2.90e-01    -  1.57e-01 1.00e+00h  1
 312  3.5698078e-01 1.83e-03 1.73e+01  -4.1 2.07e-01    -  2.76e-01 9.47e-01h  1
 313  3.5830723e-01 1.02e-03 1.11e+01  -4.1 1.92e-01    -  1.00e+00 4.65e-01h  2
 314  3.5994908e-01 5.74e-04 6.57e+00  -4.1 1.88e-01    -  9.87e-01 4.88e-01h  2
 315  3.5929890e-01 4.86e-04 2.73e+00  -4.1 3.33e-01    -  4.33e-01 1.34e-01h  2
 316  3.5835371e-01 6.71e-04 3.40e+00  -4.1 4.64e-01    -  4.29e-01 1.64e-01h  3
 317  3.5862846e-01 4.94e-04 9.39e+00  -4.1 9.31e-02    -  1.00e+00 3.51e-01h  1
 318  3.5841186e-01 2.58e-04 2.46e+00  -4.1 1.27e-01    -  1.00e+00 5.00e-01f  2
 319  3.6251508e-01 2.17e-04 2.71e+00  -4.1 7.32e-02    -  9.03e-01 1.00e+00H  1
iter    objective    inf_pr   inf_du lg(mu)  ||d||  lg(rg) alpha_du alpha_pr  ls
 320  3.5964686e-01 2.72e-04 1.41e+00  -4.0 7.60e-02    -  1.00e+00 1.00e+00h  1
 321  3.5504120e-01 3.21e-03 4.92e+00  -4.1 2.20e-01    -  9.22e-01 1.00e+00h  1
 322  3.5111692e-01 1.43e-03 1.30e+00  -4.1 1.51e-01    -  1.00e+00 1.00e+00h  1
 323  3.5444033e-01 7.66e-04 2.81e+00  -4.1 9.96e-02    -  6.66e-01 1.00e+00h  1
 324  3.5398877e-01 9.17e-04 3.47e+00  -4.1 9.22e-02    -  5.42e-01 1.00e+00h  1
 325  3.5362702e-01 4.45e-04 7.11e-01  -4.1 8.97e-02    -  1.00e+00 1.00e+00h  1
 326  3.5710813e-01 8.49e-05 9.06e-01  -4.0 6.65e-02    -  1.00e+00 1.00e+00H  1
 327  3.5611132e-01 1.13e-04 1.53e+00  -4.0 4.94e-02    -  1.00e+00 1.00e+00h  1
 328  3.5331848e-01 7.35e-04 3.38e+00  -4.1 1.54e-01    -  1.00e+00 1.00e+00h  1
 329  3.5018299e-01 8.97e-04 2.55e+00  -4.1 1.23e-01    -  7.29e-01 1.00e+00h  1
iter    objective    inf_pr   inf_du lg(mu)  ||d||  lg(rg) alpha_du alpha_pr  ls
 330  3.5005306e-01 6.14e-04 4.02e+00  -4.1 1.26e-01    -  1.00e+00 4.00e-01h  1
 331  3.5084916e-01 4.63e-04 1.21e+00  -4.0 8.75e-02    -  1.00e+00 2.50e-01f  3
 332  3.5554939e-01 1.54e-04 2.25e+00  -4.0 9.72e-02    -  1.00e+00 1.00e+00H  1
 333  3.5081983e-01 8.34e-04 2.13e+00  -4.0 1.15e-01    -  1.00e+00 9.45e-01h  1
 334  3.5006376e-01 4.59e-04 2.37e+00  -4.1 8.83e-02    -  1.00e+00 1.00e+00h  1
 335  3.5035120e-01 1.89e-04 9.17e+00  -4.1 5.87e-02    -  3.41e-01 1.00e+00h  1
 336  3.5224960e-01 8.72e-05 1.06e+00  -4.0 5.03e-02    -  1.00e+00 1.00e+00H  1
 337  3.5040609e-01 1.42e-03 3.98e+00  -4.0 2.00e-01    -  1.00e+00 6.90e-01h  1
 338  3.4736721e-01 7.20e-04 9.93e-01  -4.1 1.02e-01    -  1.00e+00 1.00e+00h  1
 339  3.4982352e-01 2.98e-04 9.07e-01  -4.0 6.46e-02    -  1.00e+00 1.00e+00h  1
iter    objective    inf_pr   inf_du lg(mu)  ||d||  lg(rg) alpha_du alpha_pr  ls
 340  3.4954061e-01 7.08e-04 3.47e+00  -4.0 9.91e-02    -  8.36e-01 1.00e+00h  1
 341  3.4738372e-01 3.67e-04 5.12e-01  -4.0 1.00e-01    -  1.00e+00 1.00e+00h  1
 342  3.5086784e-01 1.59e-04 1.76e+00  -4.1 6.98e-02    -  8.57e-01 1.00e+00H  1
 343  3.4880579e-01 3.18e-04 1.61e+00  -4.1 5.48e-02    -  1.00e+00 1.00e+00h  1
 344  3.4937722e-01 3.99e-04 2.11e+00  -4.0 7.51e-02    -  1.00e+00 1.00e+00h  1
 345  3.4866192e-01 2.38e-04 2.53e-01  -4.0 5.85e-02    -  1.00e+00 1.00e+00h  1
 346  3.5025735e-01 2.39e-05 5.11e-01  -4.0 3.91e-02    -  1.00e+00 1.00e+00H  1
 347  3.4896659e-01 5.93e-04 2.18e+00  -4.0 1.34e-01    -  1.00e+00 1.00e+00h  1
 348  3.4534845e-01 2.64e-03 6.57e+00  -4.1 2.63e-01    -  7.84e-01 1.00e+00h  1
 349  3.4428804e-01 2.41e-03 1.09e+01  -4.1 4.68e-01    -  1.00e+00 8.86e-02h  1
iter    objective    inf_pr   inf_du lg(mu)  ||d||  lg(rg) alpha_du alpha_pr  ls
 350  3.4751870e-01 2.65e-03 3.41e+00  -3.6 2.02e-01    -  1.00e+00 1.00e+00f  1
 351  3.4791858e-01 1.85e-03 3.01e+00  -3.7 1.93e-01    -  7.37e-01 1.00e+00h  1
 352  3.4547243e-01 4.00e-03 7.58e+00  -3.7 3.21e-01    -  5.08e-01 8.52e-01h  1
 353  3.4624255e-01 3.72e-03 2.15e+00  -3.7 2.24e-01    -  1.00e+00 1.00e+00f  1
 354  3.4710773e-01 1.03e-03 2.64e+00  -3.8 1.93e-01    -  1.00e+00 7.89e-01h  1
 355  3.4670215e-01 8.08e-04 7.55e-01  -4.0 1.47e-01    -  1.00e+00 1.00e+00h  1
 356  3.4758390e-01 4.72e-04 2.08e+01  -4.0 1.25e-01    -  1.00e+00 5.13e-01H  1
 357  3.4701520e-01 3.47e-04 1.36e+01  -4.1 1.36e-01    -  1.00e+00 5.00e-01h  2
 358  3.4277545e-01 4.55e-03 6.06e+00  -4.1 3.62e-01    -  1.00e+00 9.16e-01h  1
 359  3.3586356e-01 2.89e-03 3.67e+00  -4.1 2.46e-01    -  1.00e+00 1.00e+00h  1
iter    objective    inf_pr   inf_du lg(mu)  ||d||  lg(rg) alpha_du alpha_pr  ls
 360  3.3845130e-01 3.64e-03 1.27e+01  -3.7 2.64e-01    -  2.91e-01 9.05e-01h  1
 361  3.3840261e-01 1.48e-03 5.71e+00  -4.0 1.13e-01    -  1.00e+00 5.97e-01h  1
 362  3.3863910e-01 1.34e-03 1.36e+01  -4.0 2.13e-01    -  1.00e+00 1.25e-01h  4
 363  3.3837296e-01 1.22e-03 2.87e+00  -4.0 3.78e-01    -  1.00e+00 1.97e-01h  3
 364  3.4411076e-01 8.98e-04 4.68e+00  -3.7 1.93e-01    -  8.89e-01 4.35e-01H  1
 365  3.4086695e-01 1.89e-03 3.58e+00  -4.0 1.92e-01    -  1.00e+00 1.00e+00h  1
 366  3.3205931e-01 4.01e-03 2.23e+00  -4.1 2.68e-01    -  7.56e-01 1.00e+00h  1
 367  3.4128658e-01 3.91e-03 2.51e+00  -3.7 3.47e-01    -  9.64e-01 7.02e-01h  1
 368  3.4127500e-01 3.28e-03 5.15e+00  -3.8 4.08e-01    -  8.65e-01 4.35e-01h  1
 369  3.4053271e-01 2.37e-03 6.28e+00  -3.8 2.04e-01    -  1.00e+00 7.28e-01h  1
iter    objective    inf_pr   inf_du lg(mu)  ||d||  lg(rg) alpha_du alpha_pr  ls
 370  3.4622181e-01 1.26e-03 4.51e+00  -3.8 1.39e-01    -  4.90e-01 1.00e+00h  1
 371  3.4420796e-01 1.10e-03 4.15e+00  -3.8 2.76e-01    -  4.75e-01 3.48e-01h  2
 372  3.4463771e-01 1.45e-03 3.06e+00  -3.8 1.52e-01    -  1.00e+00 9.64e-01h  1
 373  3.4286213e-01 8.83e-04 4.09e-01  -3.8 9.70e-02    -  1.00e+00 1.00e+00f  1
 374  3.4508383e-01 3.35e-04 7.08e+00  -4.0 1.07e-01    -  1.00e+00 5.00e-01h  2
 375  3.4552141e-01 4.43e-04 1.44e+00  -4.0 1.10e-01    -  1.00e+00 5.00e-01h  2
 376  3.4884311e-01 3.89e-04 3.01e+00  -4.0 8.99e-02    -  1.00e+00 1.00e+00H  1
 377  3.4405040e-01 5.17e-04 1.16e+00  -4.1 1.10e-01    -  1.00e+00 1.00e+00h  1
 378  3.4101862e-01 9.24e-04 1.69e+00  -4.1 4.63e-01    -  5.03e-01 2.75e-01h  1
 379  3.4258273e-01 6.88e-04 1.89e+00  -3.8 1.14e-01    -  1.00e+00 1.00e+00f  1
iter    objective    inf_pr   inf_du lg(mu)  ||d||  lg(rg) alpha_du alpha_pr  ls
 380  3.4324595e-01 3.24e-04 1.69e+00  -4.0 9.24e-02    -  1.00e+00 5.00e-01h  2
 381  3.4355155e-01 1.60e-04 1.25e+00  -4.0 7.87e-02    -  1.00e+00 5.00e-01h  2
 382  3.4481246e-01 1.74e-04 1.20e+00  -4.0 4.13e-02    -  1.00e+00 1.00e+00h  1
 383  3.4515405e-01 1.30e-04 7.78e-01  -4.0 3.73e-02    -  1.00e+00 1.00e+00h  1
 384  3.4526235e-01 6.83e-05 5.33e-01  -4.0 2.43e-02    -  1.00e+00 1.00e+00h  1
 385  3.4547508e-01 1.06e-05 3.00e-01  -4.0 1.34e-02    -  1.00e+00 1.00e+00h  1
 386  3.4554621e-01 4.00e-06 1.22e-01  -4.0 7.86e-03    -  1.00e+00 1.00e+00h  1
 387  3.4544871e-01 1.48e-05 2.89e-01  -4.0 1.84e-02    -  1.00e+00 1.00e+00h  1
 388  3.4474820e-01 9.49e-05 8.23e-01  -4.1 4.09e-02    -  1.00e+00 1.00e+00h  1
 389  3.4417143e-01 1.15e-04 6.40e-01  -4.0 4.14e-02    -  1.00e+00 1.00e+00h  1
iter    objective    inf_pr   inf_du lg(mu)  ||d||  lg(rg) alpha_du alpha_pr  ls
 390  3.4446630e-01 5.63e-05 6.18e-01  -4.0 3.25e-02    -  1.00e+00 1.00e+00h  1
 391  3.4459242e-01 1.17e-05 3.90e-01  -4.0 1.37e-02    -  1.00e+00 1.00e+00h  1
 392  3.4452661e-01 3.90e-06 3.61e-01  -4.0 1.37e-02    -  1.00e+00 1.00e+00H  1
 393  3.4425169e-01 1.47e-05 3.17e-01  -4.0 1.39e-02    -  1.00e+00 1.00e+00h  1
 394  3.4392790e-01 3.58e-05 4.29e-01  -4.0 2.67e-02    -  1.00e+00 1.00e+00h  1
 395  3.4197184e-01 1.70e-03 2.46e+00  -4.0 1.90e-01    -  1.00e+00 1.00e+00h  1
 396  3.3895112e-01 1.74e-03 4.07e+00  -4.1 2.20e-01    -  1.00e+00 8.01e-01h  1
 397  3.2643412e-01 9.76e-03 1.15e+01  -4.1 5.30e-01    -  2.30e-01 9.15e-01h  1
 398  3.3037865e-01 6.01e-03 2.77e+00  -4.0 3.42e-01    -  1.00e+00 1.00e+00h  1
 399  3.3367941e-01 7.65e-03 5.22e+00  -3.7 6.43e-01    -  1.00e+00 6.18e-01h  1
iter    objective    inf_pr   inf_du lg(mu)  ||d||  lg(rg) alpha_du alpha_pr  ls
 400  3.2844550e-01 5.34e-03 2.32e+00  -3.8 5.55e-01    -  6.50e-01 5.33e-01h  1
 401  3.4347969e-01 3.10e-02 4.14e+00  -3.6 7.77e-01    -  1.00e+00 1.00e+00f  1
 402  3.3195432e-01 1.83e-02 4.08e+00  -3.6 1.15e+00    -  7.78e-01 4.20e-01h  1
 403  3.3310888e-01 8.60e-03 9.29e-01  -3.6 3.06e-01    -  9.40e-01 1.00e+00h  1
 404  3.3612152e-01 4.16e-03 4.60e+00  -3.6 2.80e-01    -  1.00e+00 5.18e-01h  1
 405  3.3948388e-01 2.23e-03 1.15e+01  -3.6 3.00e-01    -  1.00e+00 5.00e-01h  2
 406  3.4546623e-01 3.87e-03 4.92e+00  -3.6 2.59e-01    -  7.62e-01 1.00e+00h  1
 407  3.4023810e-01 2.77e-03 1.41e+00  -3.6 1.70e-01    -  1.00e+00 1.00e+00h  1
 408  3.4482104e-01 3.57e-03 3.20e+00  -3.4 2.13e-01    -  1.00e+00 1.00e+00h  1
 409  3.4679859e-01 1.64e-03 9.76e-01  -3.5 1.56e-01    -  9.04e-01 1.00e+00h  1
iter    objective    inf_pr   inf_du lg(mu)  ||d||  lg(rg) alpha_du alpha_pr  ls
 410  3.4917806e-01 9.29e-04 7.04e+00  -3.5 1.21e-01    -  1.00e+00 5.00e-01h  2
 411  3.5129148e-01 6.75e-04 2.06e+00  -3.5 1.42e-01    -  1.00e+00 5.00e-01h  2
 412  3.5308360e-01 3.48e-04 1.48e+00  -3.5 1.41e-01    -  1.00e+00 5.00e-01h  2
 413  3.6074804e-01 3.26e-04 3.46e+00  -3.5 1.11e-01    -  1.00e+00 1.00e+00H  1
 414  3.6187192e-01 6.65e-05 2.13e+00  -3.5 1.25e-01    -  1.00e+00 8.93e-01H  1
 415  3.5913249e-01 3.50e-04 9.42e+00  -3.5 1.29e-01    -  1.00e+00 5.00e-01f  2
 416  3.6003499e-01 3.49e-04 1.27e+00  -3.5 5.51e-02    -  1.00e+00 1.00e+00h  1
 417  3.6254470e-01 5.72e-04 2.42e+00  -3.5 1.45e-01    -  1.00e+00 1.00e+00h  1
 418  3.5964020e-01 9.83e-04 2.18e+00  -3.5 1.26e-01    -  1.00e+00 1.00e+00h  1
 419  3.5785570e-01 9.02e-04 1.61e+00  -3.5 1.23e-01    -  1.00e+00 1.00e+00h  1
iter    objective    inf_pr   inf_du lg(mu)  ||d||  lg(rg) alpha_du alpha_pr  ls
 420  3.6084599e-01 4.44e-04 1.18e+00  -3.5 9.81e-02    -  1.00e+00 1.00e+00h  1
 421  3.6643484e-01 2.62e-04 1.89e+00  -3.5 7.66e-02    -  1.00e+00 1.00e+00H  1
 422  3.6531301e-01 2.31e-04 3.96e+00  -3.5 9.36e-02    -  1.00e+00 5.00e-01h  2
 423  3.6248862e-01 6.22e-04 1.59e+00  -3.5 1.53e-01    -  1.00e+00 5.00e-01h  2
 424  3.6501808e-01 2.16e-04 3.20e-01  -3.5 5.89e-02    -  1.00e+00 1.00e+00h  1
 425  3.6598524e-01 5.67e-05 7.94e-01  -3.5 2.97e-02    -  1.00e+00 1.00e+00h  1
 426  3.6855795e-01 4.77e-05 1.88e+00  -3.5 8.51e-02    -  1.00e+00 1.00e+00H  1
 427  3.6855835e-01 5.08e-05 2.46e+00  -3.5 2.47e-01    -  1.00e+00 1.25e-01h  4
 428  3.6787249e-01 1.03e-04 2.37e+00  -3.5 1.46e-01    -  1.00e+00 2.50e-01h  3
 429  3.6758151e-01 1.12e-04 3.72e+00  -3.5 1.63e-01    -  1.00e+00 2.29e-01h  3
iter    objective    inf_pr   inf_du lg(mu)  ||d||  lg(rg) alpha_du alpha_pr  ls
 430  3.6775805e-01 1.87e-04 1.75e+00  -3.5 1.17e-01    -  1.00e+00 5.00e-01h  2
 431  3.7034020e-01 3.40e-05 2.74e+00  -3.5 1.46e-01    -  1.00e+00 1.00e+00H  1
 432  3.7052464e-01 1.52e-02 1.04e+01  -3.5 5.40e-01    -  1.00e+00 1.00e+00h  1
 433  3.6555037e-01 3.27e-03 4.78e+00  -3.5 3.28e-01    -  1.00e+00 1.00e+00h  1
 434  3.6491195e-01 2.10e-03 5.14e+00  -3.5 2.12e-01    -  1.00e+00 5.00e-01h  2
 435  3.5957654e-01 8.48e-03 3.00e+00  -3.5 3.38e-01    -  1.00e+00 1.00e+00h  1
 436  3.6090126e-01 3.58e-03 6.39e-01  -3.5 2.24e-01    -  1.00e+00 1.00e+00h  1
 437  3.6778080e-01 1.45e-03 2.62e+00  -3.5 2.24e-01    -  4.96e-01 5.33e-01H  1
 438  3.6835576e-01 9.94e-04 5.33e+00  -3.5 1.65e-01    -  1.00e+00 5.00e-01h  2
 439  3.6640914e-01 1.43e-03 1.85e+00  -3.5 1.44e-01    -  9.80e-01 1.00e+00h  1
iter    objective    inf_pr   inf_du lg(mu)  ||d||  lg(rg) alpha_du alpha_pr  ls
 440  3.6854647e-01 9.01e-04 1.33e+00  -3.5 1.14e-01    -  1.00e+00 1.00e+00h  1
 441  3.7210144e-01 1.23e-03 2.52e+00  -3.5 1.22e-01    -  1.00e+00 1.00e+00h  1
 442  3.7094720e-01 4.89e-04 5.70e-01  -3.5 7.35e-02    -  1.00e+00 1.00e+00h  1
 443  3.7206039e-01 3.06e-04 1.31e+01  -3.5 5.29e-02    -  1.00e+00 5.00e-01h  2
 444  3.7454387e-01 3.50e-05 7.25e-01  -3.5 4.94e-02    -  1.00e+00 1.00e+00H  1
 445  3.7572414e-01 4.55e-05 2.28e+00  -3.5 8.45e-02    -  1.00e+00 1.00e+00H  1
 446  3.7514019e-01 4.33e-05 2.36e+00  -3.5 1.18e-01    -  1.00e+00 1.25e-01h  4
 447  3.7435131e-01 9.79e-05 4.37e+00  -3.5 2.03e-01    -  1.00e+00 1.25e-01h  4
 448  3.7367288e-01 8.83e-05 4.91e+00  -3.5 1.03e-01    -  1.00e+00 2.50e-01h  3
 449  3.7308355e-01 6.11e-05 7.28e-01  -3.5 4.12e-02    -  1.00e+00 5.00e-01h  2
iter    objective    inf_pr   inf_du lg(mu)  ||d||  lg(rg) alpha_du alpha_pr  ls
 450  3.7321051e-01 9.86e-05 9.85e-01  -3.5 3.05e-02    -  1.00e+00 1.00e+00h  1
 451  3.7310432e-01 4.52e-05 3.85e-01  -3.5 2.56e-02    -  1.00e+00 1.00e+00h  1
 452  3.7337914e-01 1.02e-05 4.02e-01  -3.5 1.30e-02    -  1.00e+00 1.00e+00h  1
 453  3.7329904e-01 4.95e-06 1.66e-01  -3.5 7.71e-03    -  1.00e+00 1.00e+00h  1
 454  3.7294806e-01 2.30e-06 2.37e+00  -3.5 7.16e-02    -  1.00e+00 1.00e+00H  1
 455  3.7265908e-01 4.86e-06 2.39e+00  -3.5 9.59e-02    -  1.00e+00 1.25e-01h  4
 456  3.6906382e-01 9.16e-04 1.67e+00  -3.5 1.12e-01    -  1.00e+00 1.00e+00h  1
 457  3.6940927e-01 4.61e-04 1.58e+00  -3.5 9.34e-02    -  1.00e+00 1.00e+00h  1
 458  3.6972664e-01 2.41e-04 3.89e-01  -3.5 5.75e-02    -  1.00e+00 1.00e+00h  1
 459  3.6978873e-01 1.77e-04 1.08e+01  -3.5 6.36e-02    -  1.00e+00 2.50e-01h  3
iter    objective    inf_pr   inf_du lg(mu)  ||d||  lg(rg) alpha_du alpha_pr  ls
 460  3.6967890e-01 1.69e-04 2.28e+00  -3.5 1.57e-01    -  1.00e+00 6.25e-02h  5
 461  3.6969747e-01 3.08e-06 1.50e+00  -3.5 9.96e-02    -  1.00e+00 1.00e+00H  1
 462  3.6980525e-01 7.77e-07 2.57e+00  -3.5 8.64e-02    -  1.00e+00 1.00e+00H  1
 463  3.6179567e-01 1.57e-03 2.59e+00  -4.0 2.15e-01    -  1.00e+00 1.00e+00h  1
 464  3.5307991e-01 4.09e-03 6.11e+00  -4.1 1.33e+00    -  4.43e-01 2.26e-01h  1
 465  3.2536423e-01 3.33e-02 1.28e+01  -4.1 2.11e+00    -  3.87e-01 4.05e-01h  1
 466  3.2597893e-01 2.84e-02 1.09e+01  -4.0 4.60e-01    -  3.03e-01 1.60e-01h  1
 467  3.5848202e-01 6.08e-02 1.66e+01  -3.4 1.38e+00    -  3.03e-01 1.00e+00h  1
 468  3.3480752e-01 3.49e-02 2.63e+00  -3.8 1.09e+00    -  8.24e-01 7.28e-01h  1
 469  3.2533491e-01 2.26e-02 2.75e+00  -3.8 1.20e+00    -  5.20e-01 3.91e-01h  1
iter    objective    inf_pr   inf_du lg(mu)  ||d||  lg(rg) alpha_du alpha_pr  ls
 470  3.1597571e-01 1.45e-02 1.69e+00  -4.0 6.32e-01    -  5.81e-01 7.24e-01h  1
 471  3.1966688e-01 1.28e-02 1.69e+00  -4.0 1.37e+00    -  1.43e-01 1.48e-01H  1
 472  3.2685019e-01 5.51e-03 4.40e+00  -3.9 3.94e-01    -  1.00e+00 6.17e-01h  1
 473  3.3686187e-01 6.43e-03 3.22e+00  -3.7 4.90e-01    -  1.00e+00 5.00e-01h  2
 474  3.3893068e-01 4.47e-03 4.03e+00  -3.8 7.02e-01    -  6.93e-01 5.60e-01h  1
 475  3.3844331e-01 4.18e-03 6.61e-01  -3.8 2.82e-01    -  9.06e-01 1.00e+00h  1
 476  3.4244767e-01 3.10e-03 1.10e+01  -3.8 3.71e-01    -  7.67e-01 2.50e-01h  3
 477  3.4236340e-01 2.73e-03 1.20e+00  -3.8 6.66e-01    -  9.31e-01 1.12e-01h  1
 478  3.4338807e-01 2.39e-03 9.08e+00  -3.8 2.45e-01    -  1.00e+00 1.25e-01h  4
 479  3.4439886e-01 1.95e-03 2.04e+00  -3.8 3.32e-01    -  1.00e+00 2.50e-01h  3
iter    objective    inf_pr   inf_du lg(mu)  ||d||  lg(rg) alpha_du alpha_pr  ls
 480  3.4557554e-01 1.52e-03 2.60e+00  -3.8 2.56e-01    -  9.05e-01 2.50e-01h  3
 481  3.4494853e-01 1.23e-03 2.14e+00  -3.8 7.16e-01    -  1.00e+00 1.25e-01h  4
 482  3.4681861e-01 9.73e-04 2.08e+00  -3.8 1.47e-01    -  1.00e+00 5.00e-01h  2
 483  3.4560833e-01 7.88e-04 2.55e+00  -3.8 3.65e-01    -  1.00e+00 5.00e-01h  2
 484  3.4806303e-01 7.96e-04 1.15e+00  -3.8 1.31e-01    -  1.00e+00 1.00e+00h  1
 485  3.4894448e-01 6.01e-04 2.21e+00  -3.8 1.25e-01    -  1.00e+00 1.00e+00h  1
 486  3.4806736e-01 3.61e-04 4.42e-01  -3.8 8.93e-02    -  1.00e+00 1.00e+00h  1
 487  3.5089783e-01 1.33e-04 1.57e+00  -3.8 1.03e-01    -  1.00e+00 1.00e+00H  1
 488  3.5009498e-01 2.81e-04 6.62e+00  -3.8 1.28e-01    -  1.00e+00 5.00e-01h  2
 489  3.4946601e-01 2.09e-04 6.14e-01  -3.8 6.82e-02    -  1.00e+00 1.00e+00h  1
iter    objective    inf_pr   inf_du lg(mu)  ||d||  lg(rg) alpha_du alpha_pr  ls
 490  3.5019972e-01 1.73e-04 1.62e+00  -3.8 4.19e-02    -  1.00e+00 1.00e+00h  1
 491  3.4998463e-01 8.29e-05 2.65e-01  -3.8 2.98e-02    -  1.00e+00 1.00e+00h  1
 492  3.5044361e-01 4.53e-06 2.49e-01  -3.8 2.15e-02    -  1.00e+00 1.00e+00H  1
 493  3.5040084e-01 1.62e-06 1.44e+00  -3.8 9.85e-02    -  1.00e+00 1.00e+00H  1
 494  3.4534944e-01 3.73e-03 4.74e+00  -4.0 3.35e-01    -  1.00e+00 1.00e+00h  1
 495  3.3539604e-01 6.85e-03 6.00e+00  -4.1 3.73e-01    -  8.27e-01 1.00e+00h  1
 496  3.3286981e-01 4.64e-03 9.42e+00  -4.1 2.70e-01    -  1.00e+00 3.79e-01h  1
 497  3.3728885e-01 1.78e-03 2.13e+00  -4.0 1.59e-01    -  7.57e-01 9.30e-01h  1
 498  3.4254069e-01 6.93e-03 5.90e+00  -3.8 4.17e-01    -  7.22e-01 1.00e+00h  1
 499  3.3708124e-01 1.76e-03 1.80e+00  -3.9 2.09e-01    -  1.00e+00 1.00e+00h  1
iter    objective    inf_pr   inf_du lg(mu)  ||d||  lg(rg) alpha_du alpha_pr  ls
 500  3.3092238e-01 5.99e-03 3.06e+00  -3.9 4.41e-01    -  1.00e+00 5.63e-01h  1
 501  3.3735106e-01 3.60e-03 7.89e-01  -3.7 2.24e-01    -  1.00e+00 1.00e+00f  1
 502  3.4052393e-01 1.32e-03 2.12e+00  -3.8 1.82e-01    -  1.00e+00 8.82e-01h  1
 503  3.5200775e-01 7.43e-03 1.12e+00  -3.3 3.26e-01    -  1.00e+00 1.00e+00f  1
 504  3.5055556e-01 9.89e-03 2.08e+00  -3.4 3.81e-01    -  1.00e+00 9.62e-01h  1
 505  3.4502284e-01 6.40e-03 3.99e+00  -3.4 3.42e-01    -  8.61e-01 1.00e+00h  1
 506  3.4470096e-01 5.59e-03 3.19e+00  -3.4 4.95e-01    -  9.70e-01 2.00e-01h  1
 507  3.5815608e-01 4.11e-03 4.83e+00  -3.4 3.16e-01    -  1.00e+00 1.00e+00H  1
 508  3.5472906e-01 3.87e-03 2.25e+00  -3.4 2.40e-01    -  1.00e+00 1.00e+00h  1
 509  3.5405521e-01 4.73e-03 2.01e+00  -3.4 3.35e-01    -  1.00e+00 1.00e+00h  1
iter    objective    inf_pr   inf_du lg(mu)  ||d||  lg(rg) alpha_du alpha_pr  ls
 510  3.5570601e-01 4.34e-03 3.99e+00  -3.4 2.71e-01    -  1.00e+00 7.27e-01h  1
 511  3.5575397e-01 2.51e-03 2.42e+00  -3.4 1.61e-01    -  6.28e-01 1.00e+00f  1
 512  3.5720307e-01 1.97e-03 1.75e+01  -3.4 2.71e-01    -  8.29e-01 2.09e-01h  3
 513  3.5830947e-01 1.74e-03 6.86e+00  -3.4 3.03e-01    -  1.00e+00 1.25e-01h  4
 514  3.6039090e-01 1.30e-03 1.07e+01  -3.4 2.32e-01    -  1.00e+00 2.50e-01h  3
 515  3.6150888e-01 1.16e-03 3.78e+00  -3.4 2.51e-01    -  1.00e+00 1.25e-01h  4
 516  3.6264519e-01 1.02e-03 8.28e+00  -3.4 3.29e-01    -  1.00e+00 1.25e-01h  4
 517  3.7769362e-01 1.60e-04 2.89e+00  -3.4 2.57e-01    -  1.00e+00 1.00e+00H  1
 518  3.7507534e-01 3.31e-04 2.54e+00  -3.4 1.59e-01    -  1.00e+00 5.00e-01h  2
 519  3.7308103e-01 2.80e-04 4.61e+00  -3.4 1.80e-01    -  1.00e+00 2.30e-01h  3
iter    objective    inf_pr   inf_du lg(mu)  ||d||  lg(rg) alpha_du alpha_pr  ls
 520  3.7143246e-01 3.68e-04 5.79e+00  -3.4 1.60e-01    -  1.00e+00 5.00e-01h  2
 521  3.7290462e-01 2.74e-04 5.46e-01  -3.4 6.25e-02    -  1.00e+00 1.00e+00h  1
 522  3.7680784e-01 6.17e-05 6.64e-01  -3.4 7.09e-02    -  1.00e+00 1.00e+00H  1
 523  3.7629844e-01 8.06e-05 4.14e+00  -3.4 1.96e-01    -  1.00e+00 2.50e-01h  3
 524  3.7813873e-01 7.55e-05 1.78e+00  -3.4 1.05e-01    -  1.00e+00 1.00e+00H  1
 525  3.7760737e-01 4.53e-05 1.62e+00  -3.4 6.72e-02    -  1.00e+00 1.00e+00H  1
 526  3.7663359e-01 7.54e-05 6.35e-01  -3.4 3.26e-02    -  1.00e+00 1.00e+00h  1
 527  3.7653377e-01 7.75e-05 1.12e+00  -3.4 4.71e-02    -  1.00e+00 1.00e+00h  1
 528  3.7635292e-01 5.16e-05 3.64e-01  -3.4 3.60e-02    -  1.00e+00 1.00e+00h  1
 529  3.7745909e-01 3.70e-05 8.64e-01  -3.4 3.82e-02    -  1.00e+00 1.00e+00H  1
iter    objective    inf_pr   inf_du lg(mu)  ||d||  lg(rg) alpha_du alpha_pr  ls
 530  3.7678211e-01 4.49e-05 2.22e-01  -3.4 2.29e-02    -  1.00e+00 1.00e+00h  1
 531  3.7644039e-01 7.19e-05 6.71e-01  -3.4 3.19e-02    -  1.00e+00 1.00e+00h  1
 532  3.7662719e-01 2.67e-05 1.08e-01  -3.4 1.88e-02    -  1.00e+00 1.00e+00h  1
 533  3.7690595e-01 1.17e-05 1.39e-01  -3.4 7.84e-03    -  1.00e+00 1.00e+00h  1
 534  3.7693661e-01 1.32e-05 5.40e+00  -3.4 1.65e-01    -  1.00e+00 3.12e-02h  6
 535  3.7695781e-01 1.20e-05 3.14e+00  -3.4 3.08e-01    -  1.00e+00 1.56e-02h  7
 536  3.7698244e-01 8.90e-06 3.16e+00  -3.4 5.36e-01    -  1.00e+00 7.81e-03h  8
 537  3.7699897e-01 6.80e-06 1.36e+00  -3.4 1.08e+00    -  1.00e+00 3.91e-03h  9
 538  3.7700858e-01 6.63e-06 4.42e+00  -3.4 1.03e+00    -  1.00e+00 3.91e-03h  9
 539  3.8362165e-01 6.88e-02 2.28e+01  -3.4 1.77e+00    -  1.00e+00 1.00e+00h  1
iter    objective    inf_pr   inf_du lg(mu)  ||d||  lg(rg) alpha_du alpha_pr  ls
 540  3.6229785e-01 2.52e-02 1.55e+01  -3.4 5.47e-01    -  1.00e+00 1.00e+00h  1
 541  3.5142288e-01 1.62e-02 6.84e+00  -3.4 6.38e-01    -  1.00e+00 7.38e-01h  1
 542  3.5642208e-01 8.23e-03 3.40e+00  -3.4 7.20e-01    -  1.00e+00 5.00e-01h  2
 543  3.5784929e-01 6.72e-03 5.03e+00  -3.4 9.89e-01    -  1.00e+00 2.50e-01h  3
 544  3.6029444e-01 7.23e-02 6.51e+00  -3.4 1.84e+00    -  1.00e+00 1.00e+00h  1
 545  3.4095015e-01 6.16e-02 1.20e+00  -3.4 1.64e+00    -  1.00e+00 1.00e+00h  1
 546  3.3884311e-01 3.08e-02 1.98e+00  -3.4 1.33e+00    -  1.00e+00 6.25e-01h  1
 547  3.4212133e-01 4.75e-02 1.72e+00  -3.4 1.05e+00    -  8.52e-01 1.00e+00h  1
 548  3.3969434e-01 2.58e-02 6.58e-01  -3.4 8.90e-01    -  6.70e-01 7.14e-01h  1
 549  3.4585167e-01 1.61e-02 1.11e+00  -3.4 1.00e+00    -  1.00e+00 5.00e-01h  2
iter    objective    inf_pr   inf_du lg(mu)  ||d||  lg(rg) alpha_du alpha_pr  ls
 550  3.4927908e-01 2.57e-02 1.25e+00  -3.4 6.18e-01    -  1.00e+00 1.00e+00h  1
 551  3.4563184e-01 2.91e-02 1.41e+00  -3.4 7.12e-01    -  1.00e+00 1.00e+00h  1
 552  3.4689043e-01 1.54e-02 1.63e+00  -3.4 6.79e-01    -  1.00e+00 5.71e-01h  1
 553  3.5085511e-01 1.18e-02 1.80e+00  -3.4 6.29e-01    -  7.54e-01 5.00e-01h  2
 554  3.5538827e-01 7.83e-03 8.34e+00  -3.4 5.94e-01    -  1.00e+00 4.27e-01h  1
 555  3.6408281e-01 5.22e-03 3.71e+00  -3.4 6.84e-01    -  4.72e-01 5.20e-01H  1
 556  3.6671917e-01 3.93e-03 5.02e+00  -3.4 3.72e-01    -  1.00e+00 5.00e-01h  2
 557  3.6738793e-01 2.57e-03 5.95e+00  -3.4 3.70e-01    -  1.00e+00 5.00e-01h  2
 558  3.7060564e-01 3.25e-03 1.99e+00  -3.4 1.95e-01    -  1.00e+00 1.00e+00h  1
 559  3.7228934e-01 1.64e-03 5.31e+00  -3.4 2.52e-01    -  1.00e+00 5.00e-01h  2
iter    objective    inf_pr   inf_du lg(mu)  ||d||  lg(rg) alpha_du alpha_pr  ls
 560  3.7479186e-01 9.78e-04 5.02e+00  -3.4 1.79e-01    -  1.00e+00 5.00e-01h  2
 561  3.7701606e-01 5.48e-04 3.76e+00  -3.4 1.83e-01    -  9.91e-01 5.00e-01h  2
 562  3.7731757e-01 3.96e-04 1.51e+00  -3.4 1.81e-01    -  1.00e+00 2.32e-01h  3
 563  3.7876832e-01 3.32e-04 5.91e+00  -3.4 1.29e-01    -  1.00e+00 5.00e-01h  2
 564  3.7966796e-01 3.07e-04 4.36e+00  -3.4 1.34e-01    -  1.00e+00 5.00e-01h  2
 565  3.8024359e-01 2.36e-04 4.37e+00  -3.4 1.23e-01    -  1.00e+00 5.00e-01h  2
 566  3.8115186e-01 1.73e-04 1.13e+00  -3.4 5.11e-02    -  1.00e+00 1.00e+00h  1
 567  3.8267816e-01 6.12e-06 7.10e-01  -3.4 3.77e-02    -  1.00e+00 1.00e+00H  1
 568  3.8227549e-01 2.31e-05 1.88e+00  -3.4 5.23e-02    -  1.00e+00 1.00e+00H  1
 569  3.8134765e-01 1.80e-04 6.49e+00  -3.4 2.33e-01    -  1.00e+00 2.50e-01h  3
iter    objective    inf_pr   inf_du lg(mu)  ||d||  lg(rg) alpha_du alpha_pr  ls
 570  3.8125742e-01 1.87e-04 1.15e+00  -3.4 6.71e-02    -  1.00e+00 1.00e+00h  1
 571  3.8081209e-01 1.33e-04 4.17e+00  -3.4 9.60e-02    -  1.00e+00 5.00e-01h  2
 572  3.7987521e-01 4.18e-04 2.79e+00  -3.4 1.43e-01    -  1.00e+00 5.00e-01h  2
 573  3.7995644e-01 1.48e-04 6.49e-01  -3.4 6.35e-02    -  1.00e+00 1.00e+00h  1
 574  3.7997604e-01 1.07e-04 2.17e+00  -3.4 9.63e-02    -  1.00e+00 2.50e-01h  3
 575  3.8033831e-01 7.97e-05 1.86e+00  -3.4 1.06e-01    -  1.00e+00 1.00e+00H  1
 576  3.8008533e-01 8.82e-05 7.58e+00  -3.4 4.61e-01    -  1.00e+00 6.25e-02h  5
 577  3.7911634e-01 3.06e-04 5.93e+00  -3.4 1.66e-01    -  1.00e+00 5.00e-01h  2
 578  3.7870867e-01 2.56e-04 2.70e+00  -3.4 3.51e-01    -  1.00e+00 1.25e-01h  4
 579  3.7847985e-01 2.45e-04 2.09e+00  -3.4 1.61e-01    -  1.00e+00 5.00e-01h  2
iter    objective    inf_pr   inf_du lg(mu)  ||d||  lg(rg) alpha_du alpha_pr  ls
 580  3.7868990e-01 2.39e-04 1.22e+00  -3.4 8.35e-02    -  1.00e+00 1.00e+00h  1
 581  3.7829712e-01 1.95e-04 8.53e-01  -3.4 6.77e-02    -  1.00e+00 1.00e+00h  1
 582  3.7740548e-01 3.16e-04 6.30e+00  -3.4 1.64e-01    -  1.00e+00 5.00e-01h  2
 583  3.7740970e-01 7.21e-04 1.68e+00  -3.4 1.09e-01    -  1.00e+00 1.00e+00h  1
 584  3.7732451e-01 3.63e-04 4.02e-01  -3.4 6.96e-02    -  1.00e+00 1.00e+00h  1
 585  3.7786908e-01 1.95e-04 1.49e+00  -3.4 4.95e-02    -  1.00e+00 1.00e+00h  1
 586  3.7781640e-01 1.04e-04 8.60e-01  -3.4 3.71e-02    -  1.00e+00 1.00e+00h  1
 587  3.7818811e-01 8.55e-05 8.74e-01  -3.4 4.31e-02    -  1.00e+00 1.00e+00h  1
 588  3.7828757e-01 3.63e-05 1.45e-01  -3.4 1.93e-02    -  1.00e+00 1.00e+00h  1
 589  3.7859898e-01 2.70e-06 9.35e-02  -3.4 7.34e-03    -  1.00e+00 1.00e+00h  1
iter    objective    inf_pr   inf_du lg(mu)  ||d||  lg(rg) alpha_du alpha_pr  ls
 590  3.7984334e-01 2.66e-06 1.13e+00  -3.4 1.07e-01    -  1.00e+00 1.00e+00H  1
 591  3.7957172e-01 2.71e-05 5.35e+00  -3.4 9.61e-02    -  1.00e+00 2.50e-01h  3
 592  3.7888902e-01 1.65e-06 4.74e-01  -3.4 8.23e-02    -  1.00e+00 1.00e+00H  1
 593  3.7874488e-01 2.43e-05 4.14e+00  -3.4 8.76e-02    -  1.00e+00 2.50e-01h  3
 594  3.7893898e-01 4.98e-06 1.70e-01  -3.4 2.59e-02    -  1.00e+00 1.00e+00H  1
 595  3.7898459e-01 7.19e-06 9.37e-01  -3.4 1.05e-01    -  1.00e+00 1.25e-01h  4
 596  3.7904075e-01 1.63e-05 4.07e-01  -3.4 1.46e-02    -  1.00e+00 1.00e+00h  1
 597  3.7887630e-01 1.03e-04 1.15e+00  -3.4 4.51e-02    -  1.00e+00 1.00e+00h  1
 598  3.7851222e-01 4.03e-04 1.75e+00  -3.4 8.81e-02    -  1.00e+00 1.00e+00h  1
 599  3.7810988e-01 2.52e-04 8.24e-01  -3.4 6.20e-02    -  1.00e+00 1.00e+00h  1
iter    objective    inf_pr   inf_du lg(mu)  ||d||  lg(rg) alpha_du alpha_pr  ls
 600  3.7772250e-01 2.86e-04 1.16e+00  -3.4 5.20e-02    -  1.00e+00 1.00e+00h  1
 601  3.7815365e-01 1.44e-04 6.26e-01  -3.4 3.79e-02    -  1.00e+00 1.00e+00h  1
 602  3.7826740e-01 1.04e-04 6.96e+00  -3.4 5.90e-02    -  1.00e+00 2.50e-01h  3
 603  3.7836235e-01 8.58e-05 1.18e+00  -3.4 6.18e-02    -  1.00e+00 2.50e-01h  3
 604  3.7842158e-01 7.41e-05 3.60e+00  -3.4 9.24e-02    -  1.00e+00 1.25e-01h  4
 605  3.7852948e-01 6.54e-05 2.89e+00  -3.4 1.15e-01    -  1.00e+00 1.25e-01h  4
 606  3.8033161e-01 2.21e-07 2.83e+00  -3.4 1.60e-01    -  1.00e+00 1.00e+00H  1
 607  3.6810625e-01 3.60e-03 3.33e+00  -4.0 2.77e-01    -  1.00e+00 1.00e+00f  1
 608  3.4443755e-01 2.70e-02 1.89e+01  -4.1 1.45e+00    -  5.13e-01 5.47e-01h  1
 609  3.3801501e-01 7.31e-03 1.04e+01  -4.1 3.68e-01    -  7.70e-01 1.00e+00h  1
iter    objective    inf_pr   inf_du lg(mu)  ||d||  lg(rg) alpha_du alpha_pr  ls
 610  3.3430982e-01 4.42e-03 4.20e+00  -4.1 5.57e-01    -  6.36e-01 4.92e-01h  1
 611  3.3630534e-01 6.69e-03 4.65e+00  -4.1 3.61e-01    -  3.04e-01 8.82e-01h  1
 612  3.3630427e-01 5.90e-03 4.90e+00  -4.1 4.02e-01    -  1.81e-01 1.32e-01f  1
 613  3.3225103e-01 5.06e-03 7.89e+00  -4.1 3.35e-01    -  4.58e-01 8.53e-01f  1
 614  3.3682091e-01 2.71e-03 5.48e+00  -3.8 2.72e-01    -  1.00e+00 5.00e-01f  2
 615  3.4117558e-01 1.63e-03 2.20e+00  -4.0 3.12e-01    -  1.00e+00 7.81e-01h  1
 616  3.4775301e-01 7.70e-04 5.76e+00  -4.1 2.49e-01    -  4.37e-01 5.57e-01H  1
 617  3.4737033e-01 6.86e-04 8.46e+00  -4.1 1.80e-01    -  3.91e-01 1.17e-01h  1
 618  3.4672515e-01 6.04e-04 7.57e+00  -4.1 1.91e-01    -  7.93e-01 3.24e-01f  1
 619  3.4714871e-01 5.27e-04 5.47e+00  -4.1 1.36e-01    -  5.78e-01 1.25e-01f  4
iter    objective    inf_pr   inf_du lg(mu)  ||d||  lg(rg) alpha_du alpha_pr  ls
 620  3.4856701e-01 2.86e-04 3.17e+01  -4.1 1.66e-01    -  1.00e+00 5.00e-01h  2
 621  3.4913436e-01 5.10e-04 2.30e+00  -4.1 1.83e-01    -  7.52e-01 5.00e-01h  2
 622  3.4936018e-01 1.14e-03 2.21e+00  -4.1 1.31e-01    -  1.00e+00 1.00e+00h  1
 623  3.5002236e-01 4.39e-04 9.40e+00  -4.1 7.68e-02    -  6.10e-01 1.00e+00h  1
 624  3.5339440e-01 4.75e-05 3.54e+00  -4.1 6.87e-02    -  1.00e+00 1.00e+00H  1
 625  3.5280205e-01 5.60e-05 4.09e+01  -4.1 9.84e-02    -  1.00e+00 2.50e-01h  3
 626  3.5229762e-01 1.06e-04 1.86e+00  -4.1 5.24e-02    -  1.00e+00 1.00e+00H  1
 627  3.5063018e-01 1.93e-04 1.59e+00  -4.1 5.58e-02    -  1.00e+00 9.11e-01h  1
 628  3.5077114e-01 1.16e-04 9.95e-01  -4.1 3.71e-02    -  1.00e+00 1.00e+00f  1
 629  3.5087966e-01 2.71e-05 4.11e-01  -4.1 2.41e-02    -  1.00e+00 1.00e+00h  1
iter    objective    inf_pr   inf_du lg(mu)  ||d||  lg(rg) alpha_du alpha_pr  ls
 630  3.5025400e-01 9.51e-05 7.85e-01  -4.1 4.02e-02    -  1.00e+00 1.00e+00h  1
 631  3.4959401e-01 2.33e-05 1.42e+00  -4.1 4.76e-02    -  1.00e+00 1.00e+00H  1
 632  3.4873316e-01 5.15e-05 6.59e+00  -4.1 3.47e-01    -  1.00e+00 8.90e-02h  4
 633  3.4795843e-01 1.05e-04 6.40e+00  -4.1 7.83e-01    -  1.00e+00 4.21e-02h  5
 634  3.4714815e-01 1.76e-04 7.73e+00  -4.1 6.56e-01    -  3.70e-01 6.78e-02h  4
 635  3.4109711e-01 5.02e-05 7.26e+00  -4.1 4.24e-01    -  1.00e+00 1.00e+00H  1
 636  3.4867714e-01 1.45e-02 1.22e+01  -3.7 6.96e-01    -  1.00e+00 1.00e+00h  1
 637  3.3901145e-01 2.71e-03 5.51e+00  -3.8 2.48e-01    -  1.00e+00 1.00e+00h  1
 638  3.3728191e-01 2.00e-03 3.19e+00  -3.8 2.96e-01    -  4.47e-01 3.59e-01h  1
 639  3.3639768e-01 2.21e-03 2.05e+00  -3.8 4.37e-01    -  1.00e+00 5.56e-01h  1
iter    objective    inf_pr   inf_du lg(mu)  ||d||  lg(rg) alpha_du alpha_pr  ls
 640  3.3327422e-01 5.47e-03 3.08e+00  -3.8 3.24e-01    -  1.00e+00 7.61e-01h  1
 641  3.3419368e-01 1.87e-03 1.63e+00  -3.8 2.64e-01    -  1.00e+00 1.00e+00h  1
 642  3.3123884e-01 5.05e-03 7.71e+00  -4.0 2.66e-01    -  4.16e-01 1.00e+00h  1
 643  3.2980456e-01 3.17e-03 9.40e-01  -4.0 1.94e-01    -  1.00e+00 9.59e-01h  1
 644  3.3446713e-01 1.86e-03 2.91e+00  -4.0 2.14e-01    -  1.00e+00 1.00e+00h  1
 645  3.3111264e-01 1.20e-03 1.07e+00  -4.0 1.85e-01    -  1.00e+00 1.00e+00h  1
 646  3.3646578e-01 6.60e-04 3.26e+01  -4.0 1.67e-01    -  1.00e+00 5.95e-01H  1
 647  3.3795107e-01 5.23e-04 4.12e+00  -4.0 1.19e-01    -  9.77e-01 5.00e-01h  2
 648  3.3850432e-01 2.86e-04 2.07e+01  -4.0 9.51e-02    -  1.00e+00 5.00e-01h  2
 649  3.3829766e-01 2.02e-04 1.29e+01  -4.0 1.73e-01    -  1.00e+00 2.88e-01h  2
iter    objective    inf_pr   inf_du lg(mu)  ||d||  lg(rg) alpha_du alpha_pr  ls
 650  3.3906525e-01 1.72e-04 1.96e+00  -4.0 8.26e-02    -  1.00e+00 5.00e-01h  2
 651  3.4001290e-01 2.18e-04 1.22e+00  -4.0 4.85e-02    -  1.00e+00 1.00e+00h  1
 652  3.3989521e-01 1.31e-04 8.30e-01  -4.0 5.54e-02    -  1.00e+00 1.00e+00h  1
 653  3.4005300e-01 5.69e-05 3.60e-01  -4.0 3.41e-02    -  1.00e+00 1.00e+00h  1
 654  3.4040120e-01 1.79e-05 2.92e-01  -4.0 1.68e-02    -  1.00e+00 1.00e+00h  1
 655  3.3955677e-01 3.41e-04 2.09e+00  -4.0 6.42e-02    -  1.00e+00 1.00e+00h  1
 656  3.3761686e-01 4.68e-04 2.26e+00  -4.1 8.50e-02    -  1.00e+00 1.00e+00h  1
 657  3.3713893e-01 1.21e-03 2.28e+00  -4.0 1.55e-01    -  1.00e+00 1.00e+00h  1
 658  3.3592286e-01 1.34e-03 3.43e+00  -4.1 1.09e-01    -  7.29e-01 1.00e+00h  1
 659  3.3522304e-01 6.03e-04 6.53e-01  -4.0 9.85e-02    -  1.00e+00 1.00e+00h  1
iter    objective    inf_pr   inf_du lg(mu)  ||d||  lg(rg) alpha_du alpha_pr  ls
 660  3.3599109e-01 3.62e-04 5.07e+00  -4.0 8.64e-02    -  1.00e+00 5.55e-01h  1
 661  3.3642499e-01 2.11e-04 1.08e+00  -4.0 9.31e-02    -  1.00e+00 5.00e-01h  2
 662  3.3723782e-01 3.31e-04 4.02e+00  -4.0 1.39e-01    -  1.00e+00 5.00e-01h  2
 663  3.3759317e-01 1.27e-04 5.44e-01  -4.0 4.19e-02    -  1.00e+00 1.00e+00h  1
 664  3.3817282e-01 1.85e-05 4.15e-01  -4.0 3.05e-02    -  1.00e+00 1.00e+00H  1
 665  3.3773124e-01 2.91e-04 9.89e-01  -4.0 6.11e-02    -  1.00e+00 1.00e+00h  1
 666  3.3631363e-01 3.13e-04 1.47e+00  -4.1 6.45e-02    -  1.00e+00 1.00e+00h  1
 667  3.3544104e-01 2.00e-04 1.73e+00  -4.1 8.61e-02    -  9.03e-01 7.26e-01h  1
 668  3.3539006e-01 3.33e-04 1.84e+00  -4.0 6.19e-02    -  1.00e+00 1.00e+00f  1
 669  3.3541931e-01 3.40e-04 3.94e-01  -4.0 6.07e-02    -  1.00e+00 1.00e+00h  1
iter    objective    inf_pr   inf_du lg(mu)  ||d||  lg(rg) alpha_du alpha_pr  ls
 670  3.3542858e-01 3.91e-05 7.93e-01  -4.1 6.85e-02    -  1.00e+00 1.00e+00H  1
 671  3.3124431e-01 1.81e-02 7.48e+00  -4.0 4.88e-01    -  1.00e+00 1.00e+00h  1
 672  3.2570044e-01 5.46e-03 2.92e+00  -4.1 2.44e-01    -  1.00e+00 1.00e+00h  1
 673  3.2389730e-01 3.66e-03 2.37e+00  -4.0 5.95e-01    -  3.39e-01 2.72e-01h  1
 674  3.2450252e-01 2.04e-03 1.49e+00  -4.0 2.82e-01    -  1.00e+00 9.13e-01h  1
 675  3.2649132e-01 2.85e-03 9.48e-01  -3.7 2.03e-01    -  1.00e+00 1.00e+00h  1
 676  3.2694269e-01 2.30e-03 6.63e+00  -3.8 3.73e-01    -  8.78e-01 2.32e-01h  3
 677  3.2800296e-01 1.46e-03 2.86e+00  -3.8 4.53e-01    -  1.00e+00 2.50e-01h  3
 678  3.2807927e-01 1.34e-03 1.15e+00  -4.0 1.80e-01    -  1.00e+00 5.00e-01h  2
 679  3.4232674e-01 3.48e-02 1.71e+01  -3.4 6.98e-01    -  1.00e+00 1.00e+00h  1
iter    objective    inf_pr   inf_du lg(mu)  ||d||  lg(rg) alpha_du alpha_pr  ls
 680  3.4233848e-01 1.90e-02 1.40e+01  -3.5 2.73e-01    -  1.00e+00 5.17e-01h  1
 681  3.4002841e-01 3.57e-03 4.31e+00  -3.5 2.35e-01    -  1.00e+00 1.00e+00h  1
 682  3.4112169e-01 2.08e-03 2.95e+00  -3.5 1.63e-01    -  1.00e+00 1.00e+00h  1
 683  3.4227825e-01 1.16e-03 7.88e+00  -3.5 1.25e-01    -  1.00e+00 5.00e-01h  2
 684  3.4367103e-01 9.01e-04 8.06e+00  -3.5 1.89e-01    -  1.00e+00 2.50e-01h  3
 685  3.4750239e-01 4.10e-04 1.29e+00  -3.5 1.74e-01    -  1.00e+00 5.00e-01h  2
 686  3.4937848e-01 3.20e-04 2.33e+00  -3.5 2.20e-01    -  1.00e+00 2.50e-01h  3
 687  3.5037107e-01 2.77e-04 2.68e+00  -3.5 2.06e-01    -  1.00e+00 1.25e-01h  4
 688  3.6060028e-01 9.24e-05 2.23e+00  -3.5 2.83e-01    -  1.00e+00 1.00e+00H  1
 689  3.6080495e-01 1.88e-04 1.03e+01  -3.5 2.83e-01    -  1.00e+00 2.50e-01h  3
iter    objective    inf_pr   inf_du lg(mu)  ||d||  lg(rg) alpha_du alpha_pr  ls
 690  3.6072024e-01 2.34e-04 3.07e+00  -3.5 1.88e-01    -  1.00e+00 2.50e-01h  3
 691  3.5952711e-01 2.09e-04 2.44e+00  -3.5 2.35e-01    -  1.00e+00 2.50e-01h  3
 692  3.5839660e-01 1.63e-03 4.08e+00  -3.5 1.25e-01    -  1.00e+00 1.00e+00h  1
 693  3.5650845e-01 7.47e-04 7.24e-01  -3.5 9.09e-02    -  1.00e+00 1.00e+00h  1
 694  3.5842321e-01 3.79e-04 2.81e+00  -3.5 1.00e-01    -  1.00e+00 5.00e-01h  2
 695  3.5891010e-01 3.26e-04 2.00e+00  -3.5 1.45e-01    -  1.00e+00 1.25e-01h  4
 696  3.6046176e-01 1.84e-04 2.18e+00  -3.5 9.73e-02    -  1.00e+00 5.00e-01h  2
 697  3.6087675e-01 3.70e-04 1.79e+00  -3.5 6.79e-02    -  1.00e+00 1.00e+00h  1
 698  3.6044380e-01 1.72e-04 3.26e-01  -3.5 5.33e-02    -  1.00e+00 1.00e+00h  1
 699  3.6278391e-01 2.46e-05 4.80e-01  -3.5 4.27e-02    -  1.00e+00 1.00e+00H  1
iter    objective    inf_pr   inf_du lg(mu)  ||d||  lg(rg) alpha_du alpha_pr  ls
 700  3.6460878e-01 1.57e-05 1.24e+00  -3.5 6.56e-02    -  1.00e+00 1.00e+00H  1
 701  3.6377411e-01 1.74e-05 4.30e+00  -3.5 7.83e-02    -  1.00e+00 2.50e-01h  3
 702  3.6361787e-01 1.74e-05 3.58e+00  -3.5 2.56e-01    -  1.00e+00 1.56e-02h  7
 703  3.6327942e-01 1.56e-05 6.11e+00  -3.5 1.03e-01    -  1.00e+00 1.25e-01h  4
 704  3.6289161e-01 1.74e-05 3.64e+00  -3.5 1.35e-01    -  1.00e+00 1.25e-01h  4
 705  3.6251607e-01 3.51e-05 1.27e+00  -3.5 4.41e-02    -  1.00e+00 5.00e-01h  2
 706  3.6233382e-01 7.30e-05 9.35e-01  -3.5 2.64e-02    -  1.00e+00 1.00e+00h  1
 707  3.6241702e-01 5.15e-05 8.05e-02  -3.5 2.54e-02    -  1.00e+00 1.00e+00h  1
 708  3.6281247e-01 2.47e-06 1.10e-01  -3.5 8.05e-03    -  1.00e+00 1.00e+00h  1
 709  3.6346074e-01 2.60e-06 7.64e-01  -3.5 5.60e-02    -  1.00e+00 1.00e+00H  1
iter    objective    inf_pr   inf_du lg(mu)  ||d||  lg(rg) alpha_du alpha_pr  ls
 710  3.6341400e-01 2.21e-06 8.84e-01  -3.5 1.08e-01    -  1.00e+00 6.25e-02h  5
 711  3.6333526e-01 4.30e-06 2.01e+00  -3.5 1.73e-01    -  1.00e+00 6.25e-02h  5
 712  3.6327634e-01 5.28e-06 2.02e+00  -3.5 1.67e-01    -  1.00e+00 6.25e-02h  5
 713  3.6324611e-01 6.36e-06 4.01e+00  -3.5 1.14e-01    -  1.00e+00 6.25e-02h  5
 714  3.6325536e-01 7.29e-06 4.11e+00  -3.5 2.10e-01    -  1.00e+00 3.12e-02h  6
 715  3.6352455e-01 8.33e-03 6.73e+00  -3.5 5.62e-01    -  1.00e+00 1.00e+00h  1
 716  3.5855637e-01 2.85e-03 6.86e+00  -3.5 2.93e-01    -  1.00e+00 1.00e+00h  1
 717  3.5410174e-01 3.62e-03 3.60e+00  -3.5 3.57e-01    -  8.53e-01 1.00e+00h  1
 718  3.5301060e-01 4.77e-03 2.76e+00  -3.5 5.76e-01    -  7.35e-01 4.94e-01h  1
 719  3.5603611e-01 2.39e-02 5.42e+00  -3.5 9.20e-01    -  1.00e+00 1.00e+00f  1
iter    objective    inf_pr   inf_du lg(mu)  ||d||  lg(rg) alpha_du alpha_pr  ls
 720  3.5167688e-01 6.98e-03 1.79e+00  -3.5 3.91e-01    -  1.00e+00 1.00e+00h  1
 721  3.4469286e-01 1.80e-02 4.47e+00  -3.5 5.03e-01    -  7.01e-01 1.00e+00h  1
 722  3.4307587e-01 1.26e-02 3.74e+00  -3.5 3.99e-01    -  1.00e+00 3.58e-01h  1
 723  3.4307841e-01 1.15e-02 2.21e+00  -3.5 4.70e-01    -  1.00e+00 1.00e+00h  1
 724  3.4501160e-01 8.79e-03 2.88e+00  -3.5 4.54e-01    -  1.00e+00 1.00e+00h  1
 725  3.4475480e-01 5.50e-03 2.19e+00  -3.5 4.55e-01    -  1.00e+00 5.00e-01h  2
 726  3.4882401e-01 7.58e-03 1.19e+01  -3.5 5.00e-01    -  9.17e-01 3.53e-01H  1
 727  3.5075500e-01 2.99e-03 1.56e+00  -3.5 2.31e-01    -  1.00e+00 1.00e+00h  1
 728  3.5059311e-01 3.49e-03 1.96e+00  -3.5 2.72e-01    -  9.86e-01 1.00e+00h  1
 729  3.5314549e-01 2.47e-03 9.17e+00  -3.5 2.44e-01    -  1.00e+00 6.73e-01h  1
iter    objective    inf_pr   inf_du lg(mu)  ||d||  lg(rg) alpha_du alpha_pr  ls
 730  3.5539335e-01 1.89e-03 4.82e+01  -3.5 2.45e-01    -  1.00e+00 2.25e-01h  3
 731  3.5711072e-01 1.39e-03 1.86e+01  -3.5 2.37e-01    -  1.00e+00 2.50e-01h  3
 732  3.5840537e-01 9.93e-04 1.73e+01  -3.5 2.18e-01    -  1.00e+00 2.50e-01h  3
 733  3.5973995e-01 7.96e-04 6.41e+00  -3.5 2.00e-01    -  9.90e-01 2.50e-01h  3
 734  3.6092504e-01 5.99e-04 5.87e+00  -3.5 1.61e-01    -  1.00e+00 2.50e-01h  3
 735  3.6302566e-01 3.28e-04 5.82e+00  -3.5 1.34e-01    -  1.00e+00 5.00e-01h  2
 736  3.6436512e-01 3.52e-04 1.70e+00  -3.5 1.03e-01    -  1.00e+00 5.00e-01h  2
 737  3.6495123e-01 4.63e-04 1.56e+00  -3.5 7.16e-02    -  1.00e+00 1.00e+00h  1
 738  3.6447659e-01 3.40e-04 3.28e-01  -3.5 5.38e-02    -  1.00e+00 1.00e+00h  1
 739  3.6672131e-01 2.86e-05 4.23e-01  -3.5 5.86e-02    -  1.00e+00 1.00e+00H  1
iter    objective    inf_pr   inf_du lg(mu)  ||d||  lg(rg) alpha_du alpha_pr  ls
 740  3.6652838e-01 4.91e-05 3.78e+00  -3.5 9.75e-02    -  1.00e+00 2.50e-01h  3
 741  3.6609607e-01 2.96e-05 4.19e-01  -3.5 3.26e-02    -  1.00e+00 1.00e+00h  1
 742  3.6591636e-01 5.92e-05 8.55e-01  -3.5 3.10e-02    -  1.00e+00 1.00e+00h  1
 743  3.6590067e-01 3.27e-05 1.43e-01  -3.5 2.25e-02    -  1.00e+00 1.00e+00h  1
 744  3.6623536e-01 1.15e-05 2.21e-01  -3.5 1.18e-02    -  1.00e+00 1.00e+00h  1
 745  3.6632936e-01 3.65e-06 3.37e-01  -3.5 1.73e-02    -  1.00e+00 1.00e+00H  1
 746  3.6622922e-01 1.21e-05 1.12e+00  -3.5 1.00e-01    -  1.00e+00 1.25e-01h  4
 747  3.6607042e-01 2.83e-06 3.40e-01  -3.5 1.69e-02    -  1.00e+00 1.00e+00H  1
 748  3.5998398e-01 2.00e-03 3.83e+00  -4.0 1.65e-01    -  1.00e+00 1.00e+00h  1
 749  3.5037263e-01 1.75e-03 5.16e+00  -4.1 1.92e-01    -  1.00e+00 1.00e+00h  1
iter    objective    inf_pr   inf_du lg(mu)  ||d||  lg(rg) alpha_du alpha_pr  ls
 750  3.4634724e-01 9.88e-04 2.80e+00  -4.1 3.28e-01    -  4.69e-01 3.60e-01h  1
 751  3.4663152e-01 8.12e-04 2.31e+00  -4.1 3.53e-01    -  3.15e-01 1.84e-01h  3
 752  3.3892713e-01 1.87e-02 7.78e+00  -4.1 1.14e+00    -  1.00e+00 6.74e-01h  1
 753  3.3184806e-01 7.31e-03 5.69e+00  -4.1 5.32e-01    -  4.42e-01 5.55e-01h  1
 754  3.2902526e-01 6.32e-03 4.92e+00  -4.1 6.71e-01    -  5.68e-01 2.45e-01h  1
 755  3.1894313e-01 1.95e-02 3.10e+00  -4.1 1.41e+00    -  3.43e-01 4.19e-01h  1
 756  3.0867355e-01 4.53e-02 8.11e+00  -4.1 1.51e+00    -  3.44e-01 6.92e-01h  1
 757  3.1366849e-01 1.73e-02 1.90e+00  -4.0 7.23e-01    -  1.00e+00 9.03e-01h  1
 758  3.1594825e-01 5.46e-03 1.31e+00  -4.0 3.88e-01    -  1.00e+00 1.00e+00h  1
 759  3.1999008e-01 4.10e-03 8.94e+00  -3.7 4.50e-01    -  1.00e+00 2.50e-01h  3
iter    objective    inf_pr   inf_du lg(mu)  ||d||  lg(rg) alpha_du alpha_pr  ls
 760  3.2187171e-01 4.95e-03 4.11e+00  -3.9 7.96e-01    -  1.00e+00 2.79e-01h  2
 761  3.2314066e-01 3.29e-03 1.26e+00  -4.0 2.44e-01    -  1.00e+00 5.00e-01h  2
 762  3.2503878e-01 2.71e-03 7.20e+00  -4.0 2.84e-01    -  1.00e+00 2.23e-01h  3
 763  3.2541029e-01 2.29e-03 2.24e+00  -4.0 3.94e-01    -  9.88e-01 2.50e-01h  3
 764  3.2892862e-01 1.64e-03 4.87e+00  -4.0 2.08e-01    -  1.00e+00 4.51e-01h  2
 765  3.2920916e-01 1.03e-03 1.24e+00  -4.0 1.87e-01    -  1.00e+00 4.42e-01h  1
 766  3.3226413e-01 7.20e-04 6.97e+00  -4.0 1.65e-01    -  1.00e+00 5.00e-01h  2
 767  3.3366348e-01 4.31e-04 3.74e+00  -4.0 1.37e-01    -  1.00e+00 5.00e-01h  2
 768  3.3603812e-01 3.26e-04 2.77e+00  -4.0 1.31e-01    -  1.00e+00 6.43e-01H  1
 769  3.3440727e-01 9.18e-04 3.53e+00  -4.1 1.27e-01    -  6.25e-01 1.00e+00h  1
iter    objective    inf_pr   inf_du lg(mu)  ||d||  lg(rg) alpha_du alpha_pr  ls
 770  3.3177001e-01 2.87e-03 3.60e+00  -4.1 1.58e-01    -  1.00e+00 1.00e+00h  1
 771  3.2971769e-01 2.02e-03 1.36e+00  -4.1 1.61e-01    -  1.00e+00 1.00e+00h  1
 772  3.3303986e-01 1.06e-03 1.97e+00  -4.1 1.71e-01    -  1.00e+00 9.83e-01h  1
 773  3.3161924e-01 5.64e-04 1.39e+00  -4.1 1.33e-01    -  1.00e+00 1.00e+00f  1
 774  3.3207888e-01 5.37e-04 4.32e+00  -3.8 1.54e-01    -  1.00e+00 3.73e-01h  1
 775  3.3392082e-01 4.51e-04 1.51e+00  -4.0 7.94e-02    -  1.00e+00 1.00e+00h  1
 776  3.3429582e-01 1.41e-04 1.09e+00  -4.0 5.59e-02    -  1.00e+00 1.00e+00h  1
 777  3.3443558e-01 8.41e-05 3.60e+00  -4.0 3.54e-02    -  1.00e+00 5.00e-01h  2
 778  3.3561721e-01 5.96e-05 1.58e+00  -4.0 5.13e-02    -  1.00e+00 1.00e+00H  1
 779  3.3416803e-01 1.43e-04 5.13e-01  -4.0 4.06e-02    -  1.00e+00 1.00e+00h  1
iter    objective    inf_pr   inf_du lg(mu)  ||d||  lg(rg) alpha_du alpha_pr  ls
 780  3.3447398e-01 1.01e-04 1.23e+00  -4.0 4.84e-02    -  1.00e+00 1.00e+00h  1
 781  3.3426484e-01 6.74e-05 4.56e-01  -4.1 3.08e-02    -  1.00e+00 1.00e+00h  1
 782  3.3445024e-01 4.63e-05 5.82e-01  -4.0 2.25e-02    -  1.00e+00 1.00e+00h  1
 783  3.3445455e-01 1.78e-05 1.52e-01  -4.0 1.61e-02    -  1.00e+00 1.00e+00h  1
 784  3.3452951e-01 2.34e-06 8.78e-02  -4.0 7.69e-03    -  1.00e+00 1.00e+00h  1
 785  3.3379940e-01 8.41e-04 1.74e+00  -4.0 1.30e-01    -  1.00e+00 1.00e+00h  1
 786  3.3197078e-01 6.25e-04 2.46e+00  -4.1 9.35e-02    -  1.00e+00 1.00e+00h  1
 787  3.2800361e-01 1.38e-03 3.04e+00  -4.1 1.40e-01    -  1.00e+00 1.00e+00h  1
 788  3.3018873e-01 6.10e-04 5.03e-01  -4.0 8.36e-02    -  1.00e+00 1.00e+00h  1
 789  3.3278092e-01 8.58e-04 2.18e+00  -3.7 1.28e-01    -  1.00e+00 1.00e+00h  1
iter    objective    inf_pr   inf_du lg(mu)  ||d||  lg(rg) alpha_du alpha_pr  ls
 790  3.3074030e-01 5.26e-04 4.34e-01  -3.8 9.00e-02    -  1.00e+00 1.00e+00h  1
 791  3.3219181e-01 1.80e-04 7.73e+00  -4.0 5.83e-02    -  1.00e+00 7.70e-01h  1
 792  3.3506379e-01 3.71e-04 1.25e+00  -3.7 7.23e-02    -  1.00e+00 1.00e+00h  1
 793  3.3442697e-01 5.25e-04 1.63e+00  -3.8 7.96e-02    -  1.00e+00 1.00e+00h  1
 794  3.3361521e-01 2.23e-04 3.22e-01  -3.8 6.37e-02    -  1.00e+00 1.00e+00h  1
 795  3.3450871e-01 7.12e-05 6.26e-01  -4.0 3.30e-02    -  1.00e+00 1.00e+00h  1
 796  3.3417037e-01 7.37e-05 7.17e-01  -4.1 3.27e-02    -  1.00e+00 1.00e+00h  1
 797  3.3459055e-01 4.88e-05 7.06e-01  -4.0 2.12e-02    -  1.00e+00 1.00e+00h  1
 798  3.3434756e-01 1.72e-05 2.27e-01  -4.1 1.22e-02    -  1.00e+00 1.00e+00h  1
 799  3.3460035e-01 4.91e-06 2.98e-01  -4.0 7.92e-03    -  1.00e+00 1.00e+00h  1
iter    objective    inf_pr   inf_du lg(mu)  ||d||  lg(rg) alpha_du alpha_pr  ls
 800  3.3407070e-01 1.16e-05 3.05e-01  -4.1 1.17e-02    -  1.00e+00 1.00e+00h  1
 801  3.3344602e-01 2.39e-04 1.24e+00  -4.0 6.57e-02    -  1.00e+00 1.00e+00h  1
 802  3.3239558e-01 1.58e-04 7.96e-01  -4.1 5.26e-02    -  1.00e+00 1.00e+00h  1
 803  3.3266760e-01 3.30e-04 9.07e-01  -4.0 6.02e-02    -  1.00e+00 1.00e+00h  1
 804  3.3214157e-01 1.93e-04 2.60e-01  -4.1 4.26e-02    -  1.00e+00 1.00e+00h  1
 805  3.3365389e-01 1.09e-04 6.71e-01  -4.0 3.64e-02    -  1.00e+00 1.00e+00h  1
 806  3.3190457e-01 3.17e-04 1.14e+00  -4.1 6.95e-02    -  1.00e+00 1.00e+00h  1
 807  3.2881029e-01 1.16e-03 2.48e+00  -4.1 1.37e-01    -  1.00e+00 1.00e+00h  1
 808  3.2798578e-01 6.52e-04 2.09e+00  -4.1 1.02e-01    -  1.00e+00 6.48e-01h  1
 809  3.3040535e-01 9.79e-04 1.31e+00  -4.0 1.24e-01    -  8.34e-01 1.00e+00f  1
iter    objective    inf_pr   inf_du lg(mu)  ||d||  lg(rg) alpha_du alpha_pr  ls
 810  3.2982424e-01 7.31e-04 1.33e+00  -4.1 1.34e-01    -  1.00e+00 3.21e-01h  1
 811  3.2791376e-01 8.03e-04 4.80e+00  -4.1 2.09e-01    -  1.00e+00 4.23e-01f  1
 812  3.2922233e-01 5.57e-04 4.93e+00  -4.0 1.09e-01    -  4.14e-01 5.00e-01h  2
 813  3.3126523e-01 2.96e-04 1.52e+00  -4.0 6.56e-02    -  1.00e+00 1.00e+00h  1
 814  3.2950458e-01 5.80e-04 9.12e-01  -4.1 8.63e-02    -  1.00e+00 1.00e+00h  1
 815  3.3030697e-01 4.00e-04 1.74e+00  -4.0 7.34e-02    -  1.00e+00 1.00e+00h  1
 816  3.3142813e-01 9.26e-05 4.54e-01  -4.0 4.80e-02    -  1.00e+00 1.00e+00h  1
 817  3.3243337e-01 4.16e-05 5.90e-01  -4.0 2.42e-02    -  1.00e+00 1.00e+00h  1
 818  3.3247312e-01 5.28e-05 5.83e-01  -4.0 2.48e-02    -  1.00e+00 1.00e+00h  1
 819  3.3250505e-01 3.17e-05 4.15e-01  -4.0 2.06e-02    -  1.00e+00 1.00e+00h  1
iter    objective    inf_pr   inf_du lg(mu)  ||d||  lg(rg) alpha_du alpha_pr  ls
 820  3.3266032e-01 8.08e-06 2.08e-01  -4.0 1.04e-02    -  1.00e+00 1.00e+00h  1
 821  3.3274510e-01 9.64e-07 6.57e-02  -4.0 3.71e-03    -  1.00e+00 1.00e+00h  1
 822  3.3262088e-01 1.12e-04 6.46e-01  -4.0 4.50e-02    -  1.00e+00 1.00e+00h  1
 823  3.3165767e-01 2.68e-04 1.54e+00  -4.1 6.44e-02    -  1.00e+00 1.00e+00h  1
 824  3.2982558e-01 1.75e-03 2.84e+00  -4.1 1.66e-01    -  1.00e+00 1.00e+00h  1
 825  3.2514819e-01 8.89e-04 4.09e+00  -4.1 2.71e-01    -  1.00e+00 7.94e-01h  1
 826  3.2615496e-01 4.03e-04 1.71e+01  -4.1 1.06e-01    -  2.01e-01 1.00e+00h  1
 827  3.2787747e-01 1.03e-03 3.27e+00  -4.0 2.20e-01    -  1.00e+00 1.00e+00h  1
 828  3.2544470e-01 1.67e-03 1.54e+00  -4.1 2.13e-01    -  1.00e+00 7.76e-01h  1
 829  3.1913999e-01 5.89e-03 4.10e+00  -4.1 2.99e-01    -  8.05e-01 1.00e+00f  1
iter    objective    inf_pr   inf_du lg(mu)  ||d||  lg(rg) alpha_du alpha_pr  ls
 830  3.1355036e-01 3.93e-03 1.43e+00  -4.1 2.46e-01    -  1.00e+00 1.00e+00h  1
 831  3.1909455e-01 2.08e-03 5.26e+00  -3.8 2.46e-01    -  1.00e+00 5.95e-01h  1
 832  3.4373359e-01 3.00e-02 3.26e+00  -3.5 7.71e-01    -  7.86e-01 1.00e+00h  1
 833  3.3167822e-01 2.69e-02 4.58e+00  -3.6 1.22e+00    -  1.00e+00 6.17e-01h  1
 834  3.2371561e-01 1.29e-02 3.92e+00  -3.6 6.05e-01    -  1.00e+00 4.60e-01h  1
 835  3.2291820e-01 1.02e-02 2.38e+00  -3.6 4.86e-01    -  7.52e-01 9.72e-01h  1
 836  3.2636263e-01 6.66e-03 3.21e+00  -3.6 3.98e-01    -  8.04e-01 5.00e-01h  2
 837  3.3241312e-01 5.00e-03 2.16e+00  -3.6 5.37e-01    -  5.68e-01 5.00e-01h  2
 838  3.3582862e-01 2.78e-03 2.73e+00  -3.6 3.00e-01    -  1.00e+00 5.00e-01h  2
 839  3.3779898e-01 3.42e-03 2.55e+00  -3.6 2.71e-01    -  1.00e+00 7.76e-01h  1
iter    objective    inf_pr   inf_du lg(mu)  ||d||  lg(rg) alpha_du alpha_pr  ls
 840  3.3480131e-01 2.59e-03 1.58e+00  -3.6 1.83e-01    -  7.81e-01 1.00e+00h  1
 841  3.3701376e-01 1.99e-03 7.63e+00  -3.6 2.86e-01    -  1.00e+00 2.50e-01h  3
 842  3.3862538e-01 1.42e-03 2.35e+00  -3.6 2.69e-01    -  1.00e+00 2.50e-01h  3
 843  3.4868486e-01 7.31e-04 2.59e+00  -3.6 1.80e-01    -  1.00e+00 1.00e+00H  1
 844  3.4708050e-01 8.34e-04 9.97e+00  -3.6 2.37e-01    -  1.00e+00 2.50e-01h  3
 845  3.4556606e-01 8.04e-04 6.82e+00  -3.6 2.98e-01    -  1.00e+00 2.50e-01h  3
 846  3.4537638e-01 6.22e-04 1.76e+00  -3.6 1.06e-01    -  1.00e+00 1.00e+00h  1
 847  3.4471674e-01 3.76e-04 5.43e-01  -3.6 6.48e-02    -  1.00e+00 1.00e+00h  1
 848  3.4774752e-01 8.29e-05 8.98e-01  -3.6 7.50e-02    -  1.00e+00 1.00e+00H  1
 849  3.4736944e-01 3.42e-04 1.49e+00  -3.6 1.88e-01    -  1.00e+00 5.00e-01h  2
iter    objective    inf_pr   inf_du lg(mu)  ||d||  lg(rg) alpha_du alpha_pr  ls
 850  3.4629125e-01 1.82e-04 6.68e-01  -3.6 4.70e-02    -  1.00e+00 1.00e+00h  1
 851  3.4740863e-01 5.74e-05 5.06e-01  -3.6 3.02e-02    -  1.00e+00 1.00e+00h  1
 852  3.4755453e-01 5.47e-05 5.37e-01  -3.6 2.50e-02    -  1.00e+00 1.00e+00h  1
 853  3.4754394e-01 3.18e-05 7.03e-01  -3.6 2.79e-02    -  1.00e+00 1.00e+00h  1
 854  3.4763400e-01 1.46e-05 9.74e-02  -3.6 1.40e-02    -  1.00e+00 1.00e+00h  1
 855  3.4776340e-01 3.50e-06 8.70e-02  -3.6 4.64e-03    -  1.00e+00 1.00e+00h  1
 856  3.4777367e-01 3.05e-06 1.24e+00  -3.6 1.23e-01    -  1.00e+00 3.12e-02h  6
 857  3.4878929e-01 2.77e-07 1.56e+00  -3.6 9.27e-02    -  1.00e+00 1.00e+00H  1
 858  3.4258368e-01 1.29e-03 2.41e+00  -4.0 1.34e-01    -  1.00e+00 1.00e+00h  1
 859  3.2956165e-01 7.38e-03 1.09e+01  -4.1 5.63e-01    -  1.00e+00 1.00e+00h  1
iter    objective    inf_pr   inf_du lg(mu)  ||d||  lg(rg) alpha_du alpha_pr  ls
 860  3.2626137e-01 3.36e-03 7.36e+00  -4.1 2.89e-01    -  7.75e-01 6.20e-01h  1
 861  3.2607706e-01 2.65e-03 4.07e+00  -4.1 3.64e-01    -  1.75e-01 3.86e-01h  1
 862  3.2476568e-01 2.01e-03 1.16e+01  -4.1 4.89e-01    -  1.00e+00 2.24e-01f  1
 863  3.2927072e-01 3.58e-03 4.44e+00  -4.1 2.41e-01    -  7.53e-01 1.00e+00h  1
 864  3.3166809e-01 3.75e-03 6.27e+00  -4.1 2.44e-01    -  6.82e-01 1.00e+00h  1
 865  3.2866634e-01 1.63e-03 1.36e+00  -4.1 1.67e-01    -  1.00e+00 1.00e+00h  1
 866  3.3023583e-01 8.17e-04 1.22e+00  -4.1 1.25e-01    -  1.00e+00 1.00e+00h  1
 867  3.3667836e-01 4.77e-04 4.22e+00  -4.1 1.08e-01    -  9.85e-01 1.00e+00H  1
 868  3.3528461e-01 4.31e-04 2.09e+01  -4.1 1.34e-01    -  1.00e+00 5.00e-01h  2
 869  3.3451916e-01 3.01e-04 3.93e+00  -4.1 2.01e-01    -  1.00e+00 2.85e-01h  2
iter    objective    inf_pr   inf_du lg(mu)  ||d||  lg(rg) alpha_du alpha_pr  ls
 870  3.3364098e-01 4.03e-04 3.32e+00  -4.1 2.44e-01    -  4.57e-01 3.20e-01h  2
 871  3.3393630e-01 2.85e-04 1.72e+00  -4.1 4.94e-02    -  1.00e+00 1.00e+00h  1
 872  3.3572084e-01 1.77e-05 1.25e+00  -4.1 4.11e-02    -  1.00e+00 1.00e+00H  1
 873  3.3541012e-01 7.79e-05 1.47e+00  -4.1 6.56e-02    -  1.00e+00 5.00e-01h  2
 874  3.3530555e-01 2.28e-05 2.84e-01  -4.1 2.25e-02    -  1.00e+00 1.00e+00h  1
 875  3.3536944e-01 6.79e-06 2.23e-01  -4.1 8.42e-03    -  1.00e+00 1.00e+00h  1
 876  3.3484987e-01 2.07e-06 6.38e-01  -4.1 2.77e-02    -  1.00e+00 1.00e+00H  1
 877  3.3455467e-01 9.46e-06 3.11e+00  -4.1 3.16e-01    -  1.00e+00 5.11e-02h  5
 878  3.3420429e-01 3.18e-05 1.70e+00  -4.1 3.75e-01    -  1.00e+00 6.25e-02h  5
 879  3.3407844e-01 3.93e-05 1.55e+00  -4.1 5.60e-01    -  1.00e+00 1.55e-02h  7
iter    objective    inf_pr   inf_du lg(mu)  ||d||  lg(rg) alpha_du alpha_pr  ls
 880  3.3396610e-01 3.23e-05 3.04e+00  -4.1 5.81e-01    -  1.00e+00 1.56e-02h  7
 881  3.2562320e-01 2.40e-02 1.09e+01  -4.1 7.74e-01    -  1.00e+00 1.00e+00h  1
 882  3.2007887e-01 3.03e-03 6.01e+00  -4.1 2.93e-01    -  1.00e+00 1.00e+00h  1
 883  3.2050833e-01 1.65e-03 3.24e+00  -4.1 3.58e-01    -  5.83e-01 5.06e-01h  1
 884  3.2206246e-01 7.29e-04 2.81e+00  -4.1 1.26e-01    -  1.00e+00 7.01e-01h  1
 885  3.2282283e-01 6.41e-04 3.51e+01  -4.0 2.15e-01    -  1.00e+00 1.25e-01f  4
 886  3.3733882e-01 2.21e-02 5.18e+00  -3.7 7.88e-01    -  1.00e+00 1.00e+00h  1
 887  3.3313060e-01 1.42e-02 4.98e+00  -3.8 6.53e-01    -  1.00e+00 5.15e-01h  1
 888  3.2608108e-01 1.03e-02 3.14e+00  -3.8 5.91e-01    -  1.00e+00 5.32e-01h  1
 889  3.1471395e-01 4.35e-02 7.83e+00  -3.8 1.15e+00    -  4.59e-01 6.74e-01h  1
iter    objective    inf_pr   inf_du lg(mu)  ||d||  lg(rg) alpha_du alpha_pr  ls
 890  3.1593541e-01 9.66e-03 1.97e+00  -3.8 3.68e-01    -  7.30e-01 1.00e+00h  1
 891  3.1636661e-01 5.77e-03 5.02e+00  -3.8 2.94e-01    -  7.08e-01 4.67e-01h  1
 892  3.1926828e-01 4.24e-03 4.84e+00  -3.8 2.86e-01    -  1.00e+00 5.00e-01h  2
 893  3.2113274e-01 3.31e-03 4.96e+00  -3.8 3.49e-01    -  8.21e-01 2.21e-01h  3
 894  3.2423010e-01 2.56e-03 2.18e+00  -3.8 3.63e-01    -  1.00e+00 4.47e-01h  1
 895  3.2509315e-01 1.99e-03 5.20e+00  -3.8 1.73e-01    -  1.00e+00 2.50e-01h  3
 896  3.2733525e-01 1.08e-03 2.49e+00  -3.8 1.73e-01    -  4.85e-01 5.00e-01h  2
 897  3.3083706e-01 7.45e-04 5.60e+00  -3.8 1.91e-01    -  1.00e+00 5.00e-01h  2
 898  3.3296346e-01 4.70e-04 1.73e+00  -3.8 1.64e-01    -  9.92e-01 5.00e-01h  2
 899  3.3375667e-01 4.83e-04 2.69e+00  -3.8 1.50e-01    -  1.00e+00 5.00e-01h  2
iter    objective    inf_pr   inf_du lg(mu)  ||d||  lg(rg) alpha_du alpha_pr  ls
 900  3.3469585e-01 5.57e-04 1.18e+00  -3.8 9.28e-02    -  1.00e+00 1.00e+00h  1
 901  3.3666367e-01 2.46e-04 1.34e+00  -3.8 6.51e-02    -  1.00e+00 1.00e+00h  1
 902  3.3720142e-01 1.05e-04 2.60e+00  -3.8 5.34e-02    -  1.00e+00 5.00e-01h  2
 903  3.3871155e-01 3.10e-06 1.24e+00  -3.8 5.33e-02    -  1.00e+00 1.00e+00H  1
 904  3.3829239e-01 3.71e-05 1.24e+01  -3.8 1.05e-01    -  1.00e+00 2.04e-01h  3
 905  3.3810884e-01 3.61e-05 6.45e-01  -3.8 2.22e-02    -  1.00e+00 1.00e+00h  1
 906  3.3795912e-01 4.86e-05 6.33e-01  -3.8 2.64e-02    -  1.00e+00 1.00e+00h  1
 907  3.3799336e-01 1.94e-05 8.02e-02  -3.8 1.59e-02    -  1.00e+00 1.00e+00h  1
 908  3.3815360e-01 4.61e-06 8.99e-02  -3.8 7.70e-03    -  1.00e+00 1.00e+00h  1
 909  3.3810618e-01 1.09e-06 1.15e+00  -3.8 5.41e-02    -  1.00e+00 1.00e+00H  1
iter    objective    inf_pr   inf_du lg(mu)  ||d||  lg(rg) alpha_du alpha_pr  ls
 910  3.3791039e-01 9.32e-07 1.64e+00  -3.8 6.38e-02    -  1.00e+00 1.00e+00H  1
 911  3.3619087e-01 1.77e-04 8.68e-01  -4.0 4.83e-02    -  1.00e+00 1.00e+00h  1
 912  3.3379274e-01 7.64e-04 2.51e+00  -4.1 1.58e-01    -  1.00e+00 1.00e+00h  1
 913  3.3280367e-01 2.84e-04 1.11e+00  -4.1 6.81e-02    -  1.00e+00 1.00e+00h  1
 914  3.3334613e-01 1.79e-04 7.88e-01  -4.1 1.16e-01    -  1.00e+00 6.13e-01H  1
 915  3.3315738e-01 8.74e-05 1.99e+00  -4.1 4.84e-02    -  8.21e-01 1.00e+00f  1
 916  3.3266523e-01 6.92e-05 3.81e+00  -4.1 7.23e-02    -  1.00e+00 3.46e-01h  1
 917  3.3214058e-01 1.98e-04 1.77e+00  -4.1 6.01e-02    -  1.00e+00 1.00e+00f  1
 918  3.3113990e-01 1.92e-04 1.20e+00  -4.1 5.09e-02    -  1.00e+00 1.00e+00h  1
 919  3.2934995e-01 5.21e-04 1.11e+00  -4.1 6.72e-02    -  1.00e+00 1.00e+00h  1
iter    objective    inf_pr   inf_du lg(mu)  ||d||  lg(rg) alpha_du alpha_pr  ls
 920  3.2992614e-01 7.27e-04 1.21e+00  -4.0 1.22e-01    -  1.00e+00 1.00e+00h  1
 921  3.3028367e-01 1.70e-04 1.24e+00  -4.1 9.61e-02    -  1.00e+00 1.00e+00H  1
 922  3.2945202e-01 1.70e-04 1.64e+00  -4.1 2.15e-01    -  1.00e+00 2.50e-01h  3
 923  3.2904724e-01 1.32e-04 6.96e-01  -4.1 6.13e-02    -  1.00e+00 1.00e+00h  1
 924  3.3008049e-01 1.04e-04 4.69e+00  -4.0 6.76e-02    -  1.00e+00 6.58e-01H  1
 925  3.3042886e-01 3.16e-05 3.43e-01  -4.0 2.27e-02    -  1.00e+00 1.00e+00h  1
 926  3.3061660e-01 1.15e-05 4.43e-01  -4.0 2.62e-02    -  1.00e+00 1.00e+00H  1
 927  3.3020500e-01 8.37e-05 6.48e-01  -4.0 3.29e-02    -  1.00e+00 1.00e+00h  1
 928  3.2942106e-01 6.57e-05 7.47e-01  -4.1 3.32e-02    -  1.00e+00 1.00e+00h  1
 929  3.2993964e-01 3.10e-05 3.06e-01  -4.0 1.61e-02    -  1.00e+00 1.00e+00h  1
iter    objective    inf_pr   inf_du lg(mu)  ||d||  lg(rg) alpha_du alpha_pr  ls
 930  3.3010495e-01 2.52e-05 2.89e-01  -4.0 2.09e-02    -  1.00e+00 1.00e+00h  1
 931  3.2947965e-01 1.17e-04 5.48e-01  -4.1 5.70e-02    -  1.00e+00 1.00e+00h  1
 932  3.2652189e-01 1.67e-03 2.66e+00  -4.1 2.17e-01    -  1.00e+00 1.00e+00h  1
 933  3.2306717e-01 1.67e-03 4.70e+00  -4.1 2.05e-01    -  1.00e+00 1.00e+00h  1
 934  3.2055039e-01 1.53e-03 1.51e+01  -4.1 2.12e-01    -  2.75e-01 7.81e-01h  1
 935  3.2255384e-01 1.32e-03 1.14e+00  -4.0 1.55e-01    -  1.00e+00 1.00e+00f  1
 936  3.2112180e-01 1.86e-03 1.75e+00  -4.1 1.62e-01    -  1.00e+00 1.00e+00h  1
 937  3.2583537e-01 2.13e-03 9.35e-01  -3.8 2.42e-01    -  1.00e+00 1.00e+00h  1
 938  3.2560334e-01 1.10e-03 2.10e+00  -3.9 2.85e-01    -  1.00e+00 4.91e-01h  1
 939  3.2484587e-01 9.39e-04 1.03e+00  -3.9 1.54e-01    -  9.02e-01 1.00e+00h  1
iter    objective    inf_pr   inf_du lg(mu)  ||d||  lg(rg) alpha_du alpha_pr  ls
 940  3.2727667e-01 8.79e-04 3.77e+00  -4.0 1.33e-01    -  1.00e+00 1.00e+00h  1
 941  3.2580072e-01 6.17e-04 7.91e-01  -4.0 1.03e-01    -  1.00e+00 1.00e+00h  1
 942  3.2759424e-01 3.48e-04 5.51e+01  -4.0 9.94e-02    -  1.00e+00 4.77e-01H  1
 943  3.2802923e-01 2.10e-04 2.19e+01  -4.0 7.71e-02    -  1.00e+00 5.00e-01h  2
 944  3.2906108e-01 1.04e-04 1.48e+00  -4.0 4.55e-02    -  1.00e+00 1.00e+00h  1
 945  3.2835792e-01 1.13e-04 1.14e+00  -4.0 6.29e-02    -  1.00e+00 1.00e+00h  1
 946  3.2897371e-01 5.04e-05 6.65e-01  -4.0 3.58e-02    -  1.00e+00 1.00e+00h  1
 947  3.2934756e-01 3.33e-05 4.34e-01  -4.0 2.50e-02    -  1.00e+00 1.00e+00h  1
 948  3.2944032e-01 2.06e-05 2.15e-01  -4.0 1.02e-02    -  1.00e+00 1.00e+00h  1
 949  3.2933828e-01 3.24e-05 4.62e-01  -4.0 2.81e-02    -  1.00e+00 1.00e+00h  1
iter    objective    inf_pr   inf_du lg(mu)  ||d||  lg(rg) alpha_du alpha_pr  ls
 950  3.2927314e-01 3.70e-05 6.59e-01  -4.0 2.87e-02    -  1.00e+00 1.00e+00h  1
 951  3.2908279e-01 5.75e-05 5.44e-01  -4.0 2.60e-02    -  1.00e+00 1.00e+00h  1
 952  3.2941985e-01 1.02e-05 4.23e-01  -4.0 1.98e-02    -  1.00e+00 1.00e+00H  1
 953  3.2924494e-01 1.17e-05 2.74e-01  -4.0 1.40e-02    -  1.00e+00 1.00e+00h  1
 954  3.2908691e-01 2.59e-05 4.15e-01  -4.0 2.45e-02    -  1.00e+00 1.00e+00h  1
 955  3.2845022e-01 4.63e-05 6.42e-01  -4.1 3.62e-02    -  1.00e+00 1.00e+00h  1
 956  3.2782289e-01 1.81e-04 1.37e+00  -4.0 5.64e-02    -  1.00e+00 1.00e+00h  1
 957  3.2787193e-01 1.31e-04 7.14e-01  -4.0 3.95e-02    -  1.00e+00 1.00e+00h  1
 958  3.2788789e-01 1.86e-04 1.37e+00  -4.0 4.75e-02    -  1.00e+00 1.00e+00h  1
 959  3.2780598e-01 6.57e-05 2.23e-01  -4.0 2.83e-02    -  1.00e+00 1.00e+00h  1
iter    objective    inf_pr   inf_du lg(mu)  ||d||  lg(rg) alpha_du alpha_pr  ls
 960  3.2832788e-01 7.11e-06 3.07e-01  -4.0 1.14e-02    -  1.00e+00 1.00e+00h  1
 961  3.2834570e-01 1.38e-05 3.79e-01  -4.0 1.31e-02    -  1.00e+00 1.00e+00h  1
 962  3.2793779e-01 2.14e-05 6.08e-01  -4.1 1.56e-02    -  1.00e+00 1.00e+00h  1
 963  3.2806386e-01 1.50e-05 2.30e-01  -4.0 1.74e-02    -  1.00e+00 1.00e+00h  1
 964  3.2821596e-01 4.11e-06 1.92e-01  -4.0 7.19e-03    -  1.00e+00 1.00e+00h  1
 965  3.2828575e-01 5.38e-07 1.73e-01  -4.0 7.70e-03    -  1.00e+00 1.00e+00H  1
 966  3.2809866e-01 2.44e-05 4.46e-01  -4.0 2.22e-02    -  1.00e+00 1.00e+00h  1
 967  3.2602667e-01 1.85e-03 2.88e+00  -4.1 2.04e-01    -  1.00e+00 1.00e+00h  1
 968  3.2176475e-01 1.24e-03 5.48e+00  -4.1 1.67e-01    -  1.00e+00 1.00e+00h  1
 969  3.2277723e-01 6.94e-04 3.94e+00  -4.1 1.22e-01    -  1.00e+00 7.61e-01h  1
iter    objective    inf_pr   inf_du lg(mu)  ||d||  lg(rg) alpha_du alpha_pr  ls
 970  3.2239180e-01 4.29e-04 6.38e+00  -4.1 1.09e-01    -  7.84e-01 4.91e-01f  2
 971  3.2379159e-01 3.02e-04 2.18e+00  -4.0 8.43e-02    -  1.00e+00 1.00e+00h  1
 972  3.2423890e-01 2.71e-04 1.16e+00  -4.0 4.58e-02    -  1.00e+00 1.00e+00h  1
 973  3.2451992e-01 1.43e-04 6.68e-01  -4.0 5.77e-02    -  1.00e+00 1.00e+00h  1
 974  3.2482890e-01 7.61e-05 7.17e-01  -4.1 3.30e-02    -  1.00e+00 7.40e-01h  1
 975  3.2517367e-01 8.39e-05 5.92e-01  -4.0 3.84e-02    -  1.00e+00 1.00e+00f  1
 976  3.2509091e-01 5.88e-05 9.93e-01  -4.1 2.84e-02    -  1.00e+00 1.00e+00h  1
 977  3.2507638e-01 7.56e-05 5.70e-01  -4.0 2.41e-02    -  1.00e+00 1.00e+00h  1
 978  3.2532254e-01 9.76e-05 8.50e-01  -4.0 3.50e-02    -  1.00e+00 1.00e+00h  1
 979  3.2513613e-01 3.95e-05 2.30e-01  -4.1 2.16e-02    -  1.00e+00 1.00e+00h  1
iter    objective    inf_pr   inf_du lg(mu)  ||d||  lg(rg) alpha_du alpha_pr  ls
 980  3.2544600e-01 3.19e-06 6.10e-01  -4.0 2.96e-02    -  1.00e+00 1.00e+00H  1
 981  3.2559196e-01 6.12e-05 5.89e-01  -4.0 3.28e-02    -  1.00e+00 1.00e+00h  1
 982  3.2493202e-01 5.92e-05 5.82e-01  -4.1 3.45e-02    -  1.00e+00 1.00e+00h  1
 983  3.2517166e-01 8.81e-05 7.00e-01  -4.0 3.99e-02    -  1.00e+00 1.00e+00h  1
 984  3.2494062e-01 3.57e-05 1.32e-01  -4.1 2.80e-02    -  1.00e+00 1.00e+00h  1
 985  3.2558744e-01 1.26e-05 5.31e-01  -4.0 2.39e-02    -  1.00e+00 1.00e+00H  1
 986  3.2482256e-01 4.78e-05 4.27e-01  -4.1 2.72e-02    -  1.00e+00 1.00e+00h  1
 987  3.2526873e-01 5.51e-04 2.25e+00  -4.0 1.27e-01    -  1.00e+00 1.00e+00h  1
 988  3.2272943e-01 2.91e-04 1.66e+00  -4.1 9.48e-02    -  1.00e+00 1.00e+00h  1
 989  3.2329381e-01 3.37e-04 8.41e-01  -4.0 8.88e-02    -  1.00e+00 1.00e+00h  1
iter    objective    inf_pr   inf_du lg(mu)  ||d||  lg(rg) alpha_du alpha_pr  ls
 990  3.2248204e-01 3.99e-04 9.93e-01  -4.1 6.45e-02    -  1.00e+00 1.00e+00h  1
 991  3.2542284e-01 1.10e-03 1.34e+00  -3.8 1.21e-01    -  1.00e+00 1.00e+00h  1
 992  3.2460424e-01 4.68e-04 1.21e+00  -3.9 8.03e-02    -  1.00e+00 1.00e+00h  1
 993  3.2389547e-01 2.54e-04 1.84e+00  -3.9 1.17e-01    -  1.00e+00 4.09e-01h  2
 994  3.2351685e-01 4.37e-04 1.69e+00  -3.9 8.30e-02    -  1.00e+00 1.00e+00h  1
 995  3.2368604e-01 1.89e-04 2.64e-01  -3.9 5.26e-02    -  1.00e+00 1.00e+00h  1
 996  3.2483329e-01 2.99e-04 1.66e+00  -4.0 6.57e-02    -  1.00e+00 1.00e+00h  1
 997  3.2401317e-01 1.92e-04 8.98e-01  -4.1 4.68e-02    -  1.00e+00 1.00e+00h  1
 998  3.2442710e-01 1.48e-04 1.68e+01  -3.8 5.73e-02    -  1.00e+00 2.50e-01h  3
 999  3.2600077e-01 2.66e-05 1.01e+00  -4.0 3.80e-02    -  1.00e+00 1.00e+00H  1
iter    objective    inf_pr   inf_du lg(mu)  ||d||  lg(rg) alpha_du alpha_pr  ls
1000  3.2423874e-01 3.27e-04 2.12e+00  -4.1 7.66e-02    -  1.00e+00 1.00e+00h  1

Number of Iterations....: 1000

                                   (scaled)                 (unscaled)
Objective...............:   3.2423874348464710e-01    3.2423874348464710e-01
Dual infeasibility......:   2.1207658070414217e+00    2.1207658070414217e+00
Constraint violation....:   3.2714017558199693e-04    3.2714017558199693e-04
Variable bound violation:   0.0000000000000000e+00    0.0000000000000000e+00
Complementarity.........:   8.1310746440208735e-05    8.1310746440208735e-05
Overall NLP error.......:   2.1207658070414217e+00    2.1207658070414217e+00


Number of objective function evaluations             = 1882
Number of objective gradient evaluations             = 1001
Number of equality constraint evaluations            = 1882
Number of inequality constraint evaluations          = 1882
Number of equality constraint Jacobian evaluations   = 1001
Number of inequality constraint Jacobian evaluations = 1001
Number of Lagrangian Hessian evaluations             = 0
Total seconds in IPOPT                               = 2201.089

EXIT: Maximum Number of Iterations Exceeded.
