This is Ipopt version 3.14.19, running with linear solver MUMPS 5.8.2.

Number of nonzeros in equality constraint Jacobian...:  1222994
Number of nonzeros in inequality constraint Jacobian.:     5684
Number of nonzeros in Lagrangian Hessian.............:        0

Total number of variables............................:     3903
                     variables with only lower bounds:        0
                variables with lower and upper bounds:      936
                     variables with only upper bounds:        0
Total number of equality constraints.................:     3726
Total number of inequality constraints...............:      553
        inequality constraints with only lower bounds:        0
   inequality constraints with lower and upper bounds:        0
        inequality constraints with only upper bounds:      553

iter    objective    inf_pr   inf_du lg(mu)  ||d||  lg(rg) alpha_du alpha_pr  ls
   0  2.8575308e-04 2.17e+00 3.39e-02   0.0 0.00e+00    -  0.00e+00 0.00e+00   0
   1  3.4350652e-04 2.13e+00 6.44e+00  -0.4 3.39e+01    -  6.31e-02 1.78e-02h  1
   2  6.2335702e-04 2.07e+00 9.54e+01  -0.2 3.45e+01    -  2.46e-01 3.07e-02h  1
   3  8.9613567e-04 2.02e+00 2.53e+02   0.3 1.89e+01    -  1.05e-01 2.21e-02h  1
   4  2.3697592e-03 1.92e+00 1.04e+03  -4.0 2.55e+01    -  4.08e-02 4.67e-02h  1
   5  2.7314961e-03 1.90e+00 1.19e+03  -1.3 2.31e+01    -  3.39e-02 9.26e-03h  1
   6  3.4208301e-03 1.87e+00 1.26e+03   0.8 2.72e+01    -  3.50e-02 1.57e-02f  1
   7  6.4709143e-03 1.78e+00 2.15e+03   0.3 2.70e+01    -  4.17e-02 4.95e-02h  1
   8  8.2443141e-03 1.74e+00 2.61e+03  -4.0 2.80e+01    -  2.70e-02 2.43e-02h  1
   9  9.3436763e-03 1.72e+00 2.96e+03   1.4 3.51e+01    -  2.76e-02 1.28e-02f  1
iter    objective    inf_pr   inf_du lg(mu)  ||d||  lg(rg) alpha_du alpha_pr  ls
  10  1.5155799e-02 1.62e+00 3.15e+03   1.0 3.22e+01    -  2.52e-01 5.49e-02f  1
  11  2.9926428e-02 1.45e+00 4.77e+03   0.4 3.18e+01    -  1.51e-01 1.08e-01h  1
  12  5.5353746e-02 1.32e+00 8.29e+03   1.1 3.23e+01    -  1.51e-01 1.41e-01f  1
  13  6.8472538e-02 1.24e+00 8.96e+03   0.6 2.88e+01    -  1.91e-01 7.03e-02h  1
  14  1.2396096e-01 1.03e+00 9.69e+03   0.9 2.76e+01    -  1.82e-01 2.39e-01h  1
  15  1.9916203e-01 7.54e-01 8.27e+03   1.2 2.26e+01    -  3.46e-01 2.83e-01f  1
  16  2.3822774e-01 6.50e-01 8.28e+03   0.4 1.85e+01    -  2.60e-01 1.72e-01h  1
  17  2.5657643e-01 6.03e-01 7.69e+03   1.1 2.15e+01    -  3.41e-01 7.13e-02f  1
  18  3.2189599e-01 4.76e-01 8.42e+03   1.4 2.49e+01    -  2.08e-01 1.83e-01f  1
  19  4.2581392e-01 4.23e-01 8.50e+03   1.5 2.22e+01    -  4.18e-01 2.68e-01f  1
iter    objective    inf_pr   inf_du lg(mu)  ||d||  lg(rg) alpha_du alpha_pr  ls
  20  5.5852884e-01 3.13e-01 3.22e+04   1.4 1.48e+01    -  1.00e+00 4.24e-01f  1
  21  7.3420725e-01 5.45e-01 7.07e+03   1.6 1.40e+01    -  7.13e-01 5.79e-01f  1
  22  9.3808177e-01 1.23e+00 1.61e+04   1.5 9.65e+00    -  4.94e-01 9.36e-01f  1
  23  9.5218298e-01 1.06e+00 3.04e+04   1.5 1.05e+01    -  1.00e+00 1.41e-01f  1
  24  9.7588031e-01 1.07e-01 1.07e+03   0.5 5.44e+00    -  9.99e-01 1.00e+00f  1
  25  9.9758045e-01 1.17e-01 1.32e+03   0.4 3.26e+00    -  9.94e-01 1.00e+00h  1
  26  1.0005827e+00 7.26e-02 6.61e+02  -0.1 2.60e+00    -  1.00e+00 1.00e+00h  1
  27  1.0059621e+00 1.77e-02 4.58e+02  -0.5 1.23e+00    -  1.00e+00 1.00e+00h  1
  28  9.9167678e-01 2.83e-02 1.12e+03  -0.2 2.06e+00    -  1.00e+00 5.00e-01f  2
  29  9.9369675e-01 1.23e-02 4.80e+02  -0.7 1.29e+00    -  1.00e+00 1.00e+00h  1
iter    objective    inf_pr   inf_du lg(mu)  ||d||  lg(rg) alpha_du alpha_pr  ls
  30  1.0026088e+00 8.40e-03 1.83e+02  -1.2 9.09e-01    -  1.00e+00 1.00e+00h  1
  31  1.0063163e+00 4.09e-03 1.30e+02  -1.4 5.83e-01    -  1.00e+00 1.00e+00h  1
  32  1.0035874e+00 1.49e-03 1.56e+01  -2.0 3.84e-01    -  1.00e+00 1.00e+00h  1
  33  9.9945209e-01 1.29e-03 3.20e+00  -2.9 2.42e-01    -  1.00e+00 1.00e+00h  1
  34  9.8839183e-01 7.39e-03 2.03e+00  -3.6 5.50e-01    -  1.00e+00 1.00e+00h  1
  35  9.8736742e-01 6.55e-03 1.64e+01  -3.7 3.79e-01    -  1.00e+00 1.18e-01h  1
  36  9.8429815e-01 2.15e-03 2.40e+00  -4.0 3.59e-01    -  1.00e+00 1.00e+00h  1
  37  9.8430052e-01 2.01e-03 6.11e+02  -3.7 1.51e-02    -  1.00e+00 6.58e-02h  1
  38  9.8423918e-01 1.63e-02 3.69e+00  -3.0 3.10e-01    -  1.00e+00 1.00e+00h  1
  39  9.8318659e-01 9.89e-04 1.05e+00  -3.8 2.79e-01    -  1.00e+00 1.00e+00h  1
iter    objective    inf_pr   inf_du lg(mu)  ||d||  lg(rg) alpha_du alpha_pr  ls
  40  9.8272929e-01 8.24e-04 2.15e+00  -4.0 1.65e-01    -  1.00e+00 1.00e+00h  1
  41  9.8016361e-01 1.32e-03 1.79e+00  -4.0 2.54e-01    -  1.00e+00 1.00e+00h  1
  42  9.7545060e-01 7.16e-03 1.21e+01  -4.0 1.03e+00    -  1.00e+00 6.28e-01h  1
  43  9.6232905e-01 6.90e-02 2.26e+01  -3.6 2.51e+00    -  1.00e+00 8.05e-01h  1
  44  9.4707435e-01 6.41e-02 1.29e+01  -3.3 1.26e+00    -  1.00e+00 8.83e-01h  1
  45  9.2281792e-01 7.98e-02 5.32e+00  -3.0 2.81e+00    -  1.00e+00 7.52e-01h  1
  46  8.9220777e-01 1.67e-01 6.16e+00  -3.1 4.40e+00    -  1.00e+00 1.00e+00h  1
  47  8.7986127e-01 1.11e-01 3.54e+00  -3.2 2.87e+00    -  1.00e+00 1.00e+00h  1
  48  8.7058833e-01 7.90e-02 2.00e+00  -3.4 2.64e+00    -  1.00e+00 1.00e+00h  1
  49  8.9419269e-01 4.96e-02 2.63e+00  -3.1 1.72e+00    -  1.00e+00 9.35e-01h  1
iter    objective    inf_pr   inf_du lg(mu)  ||d||  lg(rg) alpha_du alpha_pr  ls
  50  8.9769031e-01 4.77e-02 3.13e+00  -3.5 1.60e+00    -  1.00e+00 1.00e+00h  1
  51  8.8542791e-01 2.53e-02 3.29e+00  -3.5 1.89e+00    -  1.00e+00 8.68e-01h  1
  52  8.7830091e-01 3.04e-02 5.59e+00  -3.3 2.33e+00    -  1.00e+00 7.15e-01h  1
  53  8.7835005e-01 6.02e-02 6.33e+00  -3.4 1.87e+00    -  1.00e+00 1.00e+00h  1
  54  8.5599250e-01 1.66e-01 4.59e+00  -3.4 3.82e+00    -  8.43e-01 1.00e+00h  1
  55  8.3047686e-01 1.12e-01 1.15e+01  -2.7 1.04e+01    -  1.00e+00 3.76e-01h  1
  56  8.1733786e-01 2.36e-01 6.03e+00  -2.8 5.37e+00    -  1.00e+00 1.00e+00h  1
  57  7.8649321e-01 3.77e-01 3.43e+00  -2.9 7.49e+00    -  1.00e+00 1.00e+00h  1
  58  7.4921074e-01 8.03e-01 5.37e+00  -2.6 1.11e+01    -  1.00e+00 1.00e+00h  1
  59  7.4690799e-01 2.29e-01 2.62e+00  -2.7 4.41e+00    -  7.59e-01 1.00e+00h  1
iter    objective    inf_pr   inf_du lg(mu)  ||d||  lg(rg) alpha_du alpha_pr  ls
  60  7.3633429e-01 9.11e-02 1.35e+00  -3.1 3.66e+00    -  1.00e+00 1.00e+00h  1
  61  7.4848144e-01 1.98e-01 1.23e+00  -3.1 5.04e+00    -  1.00e+00 9.16e-01h  1
  62  7.5252158e-01 1.56e-01 6.79e-01  -2.8 2.85e+00    -  1.00e+00 1.00e+00h  1
  63  7.6640492e-01 1.14e-01 1.78e+00  -2.9 2.68e+00    -  1.00e+00 1.00e+00h  1
  64  7.7127812e-01 8.04e-02 1.08e+00  -2.9 2.34e+00    -  1.00e+00 1.00e+00h  1
  65  7.7948185e-01 3.48e-02 1.27e+00  -3.1 1.39e+00    -  1.00e+00 9.39e-01h  1
  66  7.8379559e-01 1.36e-02 1.22e+00  -3.4 1.04e+00    -  1.00e+00 1.00e+00h  1
  67  7.8924780e-01 5.04e-03 2.84e+00  -3.8 8.48e-01    -  9.68e-01 8.84e-01H  1
  68  7.8100146e-01 6.27e-03 1.18e+00  -4.0 5.52e-01    -  1.00e+00 1.00e+00h  1
  69  7.7530924e-01 1.82e-02 2.62e+00  -4.0 6.10e-01    -  1.00e+00 1.00e+00h  1
iter    objective    inf_pr   inf_du lg(mu)  ||d||  lg(rg) alpha_du alpha_pr  ls
  70  7.7019451e-01 3.43e-02 3.80e+00  -3.7 5.20e-01    -  1.00e+00 1.00e+00h  1
  71  7.6637116e-01 1.31e-02 2.39e+00  -3.7 6.61e-01    -  1.00e+00 9.01e-01h  1
  72  7.4535368e-01 6.56e-02 9.76e+00  -3.8 2.78e+00    -  1.00e+00 9.42e-01h  1
  73  7.2247665e-01 6.77e-02 1.39e+01  -3.9 4.64e+00    -  6.25e-01 4.44e-01h  1
  74  6.8432348e-01 2.01e-01 1.45e+01  -3.6 1.15e+01    -  6.88e-01 3.91e-01h  1
  75  6.7816889e-01 8.56e-02 1.09e+01  -3.3 3.59e+00    -  1.00e+00 7.53e-01h  1
  76  7.1525826e-01 1.54e-01 1.57e+00  -2.9 3.88e+00    -  1.00e+00 1.00e+00h  1
  77  6.5652676e-01 1.08e+00 4.90e+00  -3.0 1.17e+01    -  3.70e-01 9.88e-01h  1
  78  6.5498292e-01 4.48e-01 1.92e+00  -3.0 7.18e+00    -  1.00e+00 1.00e+00h  1
  79  6.6879796e-01 9.98e-02 9.59e-01  -3.0 4.77e+00    -  1.00e+00 1.00e+00h  1
iter    objective    inf_pr   inf_du lg(mu)  ||d||  lg(rg) alpha_du alpha_pr  ls
  80  6.9743574e-01 8.47e-02 3.47e+00  -3.2 4.02e+00    -  6.49e-01 6.64e-01H  1
  81  6.5808529e-01 9.33e-02 1.36e+00  -3.4 3.02e+00    -  1.00e+00 9.87e-01h  1
  82  6.7058364e-01 7.12e-02 1.67e+00  -3.5 1.94e+00    -  1.00e+00 1.00e+00h  1
  83  6.7083389e-01 4.28e-02 9.35e-01  -3.3 1.67e+00    -  1.00e+00 1.00e+00h  1
  84  6.7570225e-01 2.61e-02 1.21e+00  -3.7 1.50e+00    -  1.00e+00 9.94e-01h  1
  85  6.8375787e-01 8.43e-03 2.68e+00  -3.3 8.84e-01    -  1.00e+00 1.00e+00H  1
  86  6.7724375e-01 5.89e-03 3.02e+00  -3.6 1.61e+00    -  1.00e+00 3.64e-01h  1
  87  6.6394533e-01 1.70e-02 7.16e+00  -3.6 2.42e+00    -  1.00e+00 6.12e-01h  1
  88  6.3399133e-01 1.59e-01 9.86e+00  -3.3 4.26e+00    -  1.00e+00 1.00e+00h  1
  89  5.8931183e-01 1.57e-01 1.30e+01  -3.6 5.61e+00    -  1.00e+00 1.00e+00h  1
iter    objective    inf_pr   inf_du lg(mu)  ||d||  lg(rg) alpha_du alpha_pr  ls
  90  5.9727191e-01 2.29e-01 3.36e+00  -3.1 4.37e+00    -  1.00e+00 8.30e-01h  1
  91  5.6893518e-01 1.34e-01 3.21e+00  -3.2 3.29e+00    -  9.18e-01 1.00e+00h  1
  92  5.4481693e-01 2.78e-01 3.34e+00  -3.5 5.00e+00    -  1.00e+00 1.00e+00h  1
  93  5.2159730e-01 2.02e-01 4.53e+00  -3.9 1.19e+01    -  6.48e-01 3.49e-01h  1
  94  5.0573664e-01 1.24e+00 5.26e+00  -3.2 1.75e+01    -  9.51e-01 5.17e-01h  1
  95  5.0976679e-01 5.10e-01 4.65e+00  -3.0 6.84e+00    -  9.73e-01 7.18e-01h  1
  96  5.5705250e-01 1.38e+00 1.75e+00  -2.7 1.17e+01    -  1.00e+00 8.32e-01h  1
  97  5.2559642e-01 3.98e-01 1.01e+00  -2.8 6.62e+00    -  9.58e-01 1.00e+00h  1
  98  4.8921486e-01 7.49e-01 1.96e+00  -2.8 9.36e+00    -  1.00e+00 1.00e+00h  1
  99  4.5819555e-01 2.87e-01 2.20e+00  -2.8 5.34e+00    -  1.00e+00 1.00e+00h  1
iter    objective    inf_pr   inf_du lg(mu)  ||d||  lg(rg) alpha_du alpha_pr  ls
 100  5.0063723e-01 3.66e+00 3.58e+00  -2.6 1.53e+01    -  1.00e+00 1.00e+00h  1
 101  4.4493529e-01 5.84e-01 1.78e+00  -2.7 6.18e+00    -  4.17e-01 1.00e+00h  1
 102  3.8406952e-01 2.99e+00 1.90e+00  -2.6 1.65e+01    -  8.99e-01 1.00e+00h  1
 103  2.6850089e-01 3.35e+00 2.64e+00  -2.7 2.08e+01    -  1.00e+00 1.00e+00h  1
 104  2.3150036e-01 2.19e+00 2.06e+00  -2.7 1.56e+01    -  9.73e-01 1.00e+00h  1
 105  2.2152310e-01 1.99e+00 8.32e-01  -2.7 1.45e+01    -  1.00e+00 1.00e+00h  1
 106  1.8377497e-01 7.84e-01 4.71e-01  -2.7 8.49e+00    -  1.00e+00 1.00e+00h  1
 107  1.5700240e-01 8.58e-01 4.27e-01  -2.9 6.23e+00    -  9.85e-01 9.35e-01h  1
 108  1.4192427e-01 6.74e-01 4.11e-01  -3.0 4.68e+00    -  1.00e+00 1.00e+00h  1
 109  1.1853524e-01 3.81e-01 3.68e-01  -3.2 4.71e+00    -  9.82e-01 8.37e-01h  1
iter    objective    inf_pr   inf_du lg(mu)  ||d||  lg(rg) alpha_du alpha_pr  ls
 110  1.1346486e-01 7.83e-01 2.75e-01  -2.9 5.45e+00    -  1.00e+00 1.00e+00h  1
 111  9.7586550e-02 2.98e-01 3.55e-01  -3.2 3.70e+00    -  1.00e+00 1.00e+00h  1
 112  1.0380174e-01 1.87e+00 4.18e-01  -2.8 5.12e+00    -  1.00e+00 9.92e-01h  1
 113  9.7448816e-02 3.36e-01 2.35e-01  -2.9 4.13e+00    -  1.00e+00 1.00e+00h  1
 114  8.3298724e-02 5.00e-01 4.59e-01  -3.2 5.41e+00    -  9.98e-01 1.00e+00h  1
 115  6.1189120e-02 9.44e-01 3.98e-01  -3.5 8.75e+00    -  9.99e-01 1.00e+00h  1
 116  6.6008418e-02 2.40e+00 4.88e-01  -3.2 9.63e+00    -  1.00e+00 1.00e+00h  1
 117  5.2681997e-02 6.12e-01 1.97e-01  -3.3 4.93e+00    -  1.00e+00 1.00e+00h  1
 118  4.7055226e-02 4.44e-01 3.31e-01  -3.5 4.00e+00    -  1.00e+00 1.00e+00h  1
 119  4.1461682e-02 1.88e-01 1.48e-01  -3.5 2.75e+00    -  7.04e-01 7.55e-01h  1
iter    objective    inf_pr   inf_du lg(mu)  ||d||  lg(rg) alpha_du alpha_pr  ls
 120  4.4302905e-02 2.56e-01 1.92e-01  -3.2 4.16e+00    -  1.00e+00 5.99e-01h  1
 121  4.5310956e-02 1.61e-01 4.25e-01  -3.3 1.66e+00    -  1.00e+00 1.00e+00h  1
 122  3.9820328e-02 1.63e-01 3.06e-01  -3.8 2.81e+00    -  1.00e+00 1.00e+00h  1
 123  3.5461962e-02 5.78e-01 1.16e+00  -3.6 2.55e+00    -  1.00e+00 1.00e+00h  1
 124  3.2083935e-02 1.67e-01 2.85e-01  -3.8 1.77e+00    -  1.00e+00 1.00e+00h  1
 125  2.9381801e-02 1.24e-01 1.34e-01  -4.0 1.62e+00    -  1.00e+00 1.00e+00h  1
 126  2.5530030e-02 6.47e-01 2.76e-01  -3.7 6.37e+00    -  6.69e-01 5.28e-01h  1
 127  2.3002491e-02 1.66e-01 1.29e-01  -3.9 1.77e+00    -  1.00e+00 1.00e+00h  1
 128  2.2035306e-02 1.30e-01 1.89e-01  -4.0 1.53e+00    -  1.00e+00 1.00e+00h  1
 129  2.2141738e-02 1.82e-01 1.13e-01  -3.7 1.87e+00    -  1.00e+00 1.00e+00h  1
iter    objective    inf_pr   inf_du lg(mu)  ||d||  lg(rg) alpha_du alpha_pr  ls
 130  2.1527206e-02 8.70e-02 6.37e-02  -3.8 1.50e+00    -  1.00e+00 9.10e-01h  1
 131  2.2072739e-02 5.88e-02 1.78e-01  -3.6 2.05e+00    -  8.69e-01 4.71e-01h  2
 132  2.2851703e-02 5.51e-02 5.12e-01  -3.8 1.35e+00    -  4.91e-01 4.97e-01H  1
 133  2.2302502e-02 1.91e-02 2.48e-01  -3.9 6.16e-01    -  1.00e+00 1.00e+00h  1
 134  2.2395240e-02 1.64e-02 2.83e-01  -4.0 8.37e-01    -  1.00e+00 2.50e-01h  3
 135  2.2357380e-02 1.44e-02 1.58e-01  -4.0 1.29e+00    -  1.00e+00 1.25e-01h  4
 136  2.0644977e-02 9.17e-02 5.72e-01  -3.6 3.66e+00    -  1.00e+00 4.90e-01h  2
 137  2.1326032e-02 1.22e-01 1.15e+00  -3.7 3.59e+00    -  6.60e-01 1.36e-01H  1
 138  2.0480372e-02 3.93e-02 2.27e-01  -4.0 8.67e-01    -  1.00e+00 1.00e+00h  1
 139  1.9182102e-02 3.01e-02 3.32e-01  -4.0 8.36e-01    -  1.00e+00 1.00e+00h  1
iter    objective    inf_pr   inf_du lg(mu)  ||d||  lg(rg) alpha_du alpha_pr  ls
 140  1.9426168e-02 2.23e-02 5.48e-01  -4.0 1.15e+00    -  1.00e+00 7.50e-01H  1
 141  2.1117845e-02 1.05e-01 3.20e-01  -3.5 1.84e+00    -  1.00e+00 1.00e+00h  1
 142  1.9975114e-02 1.35e-01 2.58e-01  -3.6 2.06e+00    -  1.00e+00 1.00e+00h  1
 143  1.9049596e-02 6.15e-02 1.73e-01  -3.6 8.97e-01    -  1.00e+00 1.00e+00h  1
 144  1.8126404e-02 5.36e-02 1.14e-01  -4.0 1.54e+00    -  1.00e+00 1.00e+00h  1
 145  2.3402410e-02 1.56e-01 4.11e-01  -3.4 6.03e+00    -  1.00e+00 5.00e-01h  2
 146  2.2538727e-02 8.13e-02 2.20e-01  -3.5 1.77e+00    -  1.00e+00 1.00e+00h  1
 147  2.0939195e-02 4.57e-02 3.60e-01  -3.5 1.87e+00    -  1.00e+00 5.89e-01H  1
 148  2.1097845e-02 4.72e-02 1.47e-01  -3.5 9.84e-01    -  1.00e+00 1.00e+00h  1
 149  2.0912370e-02 3.88e-02 2.50e-01  -3.5 1.40e+00    -  1.00e+00 5.00e-01h  2
iter    objective    inf_pr   inf_du lg(mu)  ||d||  lg(rg) alpha_du alpha_pr  ls
 150  2.1226822e-02 1.60e-02 1.89e-01  -3.5 1.67e+00    -  1.00e+00 5.00e-01h  2
 151  2.0952087e-02 1.51e-02 2.47e-01  -3.5 1.60e+00    -  1.00e+00 2.50e-01h  3
 152  2.0763797e-02 2.39e-02 3.83e-01  -3.5 6.02e-01    -  1.00e+00 1.00e+00h  1
 153  2.0924661e-02 1.64e-02 2.25e-01  -3.5 5.35e-01    -  1.00e+00 1.00e+00h  1
 154  2.0161365e-02 1.65e-02 3.26e-01  -4.0 6.41e-01    -  1.00e+00 1.00e+00h  1
 155  1.8688044e-02 4.11e-02 1.28e+00  -4.0 8.87e-01    -  1.00e+00 1.00e+00h  1
 156  1.7694491e-02 1.59e-02 4.87e-01  -4.0 8.69e-01    -  1.00e+00 1.00e+00h  1
 157  1.6206803e-02 8.81e-02 4.11e-01  -4.0 2.06e+00    -  1.00e+00 1.00e+00h  1
 158  1.5426673e-02 8.67e-02 1.96e-01  -4.0 1.04e+00    -  1.00e+00 1.00e+00h  1
 159  1.6412097e-02 1.51e-01 1.09e-01  -3.7 2.34e+00    -  1.00e+00 1.00e+00h  1
iter    objective    inf_pr   inf_du lg(mu)  ||d||  lg(rg) alpha_du alpha_pr  ls
 160  1.4285037e-02 8.61e-02 9.26e-02  -3.8 2.17e+00    -  1.00e+00 6.91e-01h  1
 161  1.4107358e-02 8.08e-02 1.11e-01  -3.9 3.39e+00    -  9.35e-01 5.00e-01h  2
 162  1.4283032e-02 8.96e-02 4.25e-01  -4.0 1.58e+00    -  5.91e-01 5.33e-01H  1
 163  1.2789489e-02 4.46e-02 1.76e-01  -4.0 1.46e+00    -  1.00e+00 1.00e+00h  1
 164  1.4232053e-02 2.13e-01 2.79e-01  -3.7 2.00e+00    -  1.00e+00 1.00e+00h  1
 165  1.2392981e-02 1.11e-01 1.14e-01  -3.8 1.50e+00    -  1.00e+00 1.00e+00h  1
 166  1.2038793e-02 5.98e-02 1.32e-01  -4.0 1.15e+00    -  9.99e-01 1.00e+00h  1
 167  1.2011886e-02 3.03e-02 6.36e-02  -4.0 5.87e-01    -  1.00e+00 1.00e+00h  1
 168  1.2345391e-02 2.48e-02 3.64e-01  -4.0 8.95e-01    -  1.00e+00 7.14e-01H  1
 169  1.2233081e-02 1.16e-02 1.36e-01  -4.0 3.47e-01    -  1.00e+00 1.00e+00h  1
iter    objective    inf_pr   inf_du lg(mu)  ||d||  lg(rg) alpha_du alpha_pr  ls
 170  1.2361999e-02 1.00e-02 3.05e-01  -4.0 3.23e-01    -  1.00e+00 1.00e+00h  1
 171  1.2360749e-02 6.71e-03 1.38e-01  -4.0 2.66e-01    -  1.00e+00 5.00e-01h  2
 172  1.2396065e-02 5.79e-03 4.01e-01  -4.0 6.20e-01    -  1.00e+00 2.29e-01h  3
 173  1.2445416e-02 4.60e-03 3.95e-01  -4.0 4.27e-01    -  1.00e+00 2.50e-01h  3
 174  1.2434363e-02 4.18e-03 1.30e-01  -4.0 5.39e-01    -  1.00e+00 1.25e-01h  4
 175  1.2495020e-02 3.30e-03 2.63e-01  -4.0 5.31e-01    -  1.00e+00 2.50e-01h  3
 176  1.2550424e-02 2.23e-03 3.43e-01  -4.0 3.94e-01    -  1.00e+00 2.50e-01h  3
 177  1.2519835e-02 7.19e-03 2.50e-01  -4.0 6.84e-01    -  1.00e+00 5.00e-01h  2
 178  1.2344068e-02 1.44e-02 6.40e-01  -4.1 3.75e-01    -  1.00e+00 1.00e+00h  1
 179  1.1966174e-02 1.21e-02 2.68e-01  -4.1 4.36e-01    -  1.00e+00 1.00e+00h  1
iter    objective    inf_pr   inf_du lg(mu)  ||d||  lg(rg) alpha_du alpha_pr  ls
 180  1.2042986e-02 1.21e-02 1.66e-01  -4.0 3.20e-01    -  1.00e+00 1.00e+00h  1
 181  1.2016510e-02 7.37e-03 2.42e-01  -4.0 2.76e-01    -  1.00e+00 1.00e+00h  1
 182  1.2016223e-02 4.99e-03 1.08e-01  -4.0 2.31e-01    -  1.00e+00 5.00e-01h  2
 183  1.2047086e-02 4.01e-03 3.51e-01  -4.0 3.17e-01    -  1.00e+00 2.50e-01h  3
 184  1.1687593e-02 1.69e-02 4.13e-01  -4.0 1.18e+00    -  1.00e+00 5.00e-01h  2
 185  1.1670248e-02 6.80e-03 1.54e-01  -4.0 2.93e-01    -  1.00e+00 1.00e+00h  1
 186  1.1889912e-02 5.94e-03 1.87e-01  -4.0 3.06e-01    -  1.00e+00 1.00e+00h  1
 187  1.1947638e-02 3.78e-03 2.77e-01  -4.0 2.14e-01    -  1.00e+00 1.00e+00h  1
 188  1.1911989e-02 2.36e-03 2.10e-01  -4.0 1.85e-01    -  1.00e+00 5.00e-01h  2
 189  1.1913024e-02 2.20e-03 6.48e-01  -4.0 3.14e-01    -  1.00e+00 6.25e-02h  5
iter    objective    inf_pr   inf_du lg(mu)  ||d||  lg(rg) alpha_du alpha_pr  ls
 190  1.1876279e-02 2.04e-03 5.05e-01  -4.0 8.66e-01    -  1.00e+00 1.25e-01h  4
 191  1.1424685e-02 1.90e-02 4.64e-01  -4.0 2.64e+00    -  1.00e+00 2.50e-01h  3
 192  1.1187823e-02 3.22e-02 5.99e-01  -4.0 6.83e-01    -  1.00e+00 1.00e+00h  1
 193  1.1371386e-02 3.53e-02 1.13e-01  -4.0 8.10e-01    -  1.00e+00 1.00e+00h  1
 194  1.1335533e-02 1.06e-02 1.17e-01  -4.1 5.29e-01    -  1.00e+00 1.00e+00h  1
 195  1.0983555e-02 1.27e-02 3.48e-01  -4.0 4.89e-01    -  1.00e+00 1.00e+00h  1
 196  1.1083419e-02 2.25e-02 1.34e-01  -4.0 5.88e-01    -  1.00e+00 1.00e+00h  1
 197  1.1178474e-02 2.28e-02 1.61e-01  -4.0 4.16e-01    -  1.00e+00 1.00e+00h  1
 198  1.1083134e-02 1.56e-02 4.55e-02  -4.0 5.18e-01    -  1.00e+00 1.00e+00h  1
 199  1.0798875e-02 2.27e-02 2.00e-01  -4.0 5.60e-01    -  1.00e+00 1.00e+00h  1
iter    objective    inf_pr   inf_du lg(mu)  ||d||  lg(rg) alpha_du alpha_pr  ls
 200  1.1051302e-02 1.60e-02 1.09e-01  -4.0 5.49e-01    -  1.00e+00 1.00e+00h  1
 201  1.0895007e-02 1.11e-02 1.70e-01  -4.0 3.17e-01    -  1.00e+00 1.00e+00h  1
 202  1.0916426e-02 5.18e-03 1.26e-01  -4.0 3.00e-01    -  1.00e+00 1.00e+00h  1
 203  1.0972391e-02 4.37e-03 2.11e-01  -4.0 3.43e-01    -  1.00e+00 5.00e-01h  2
 204  1.0961674e-02 3.65e-03 5.55e-01  -4.0 3.95e-01    -  1.00e+00 5.00e-01h  2
 205  1.0985423e-02 2.02e-03 4.10e-01  -4.0 2.50e-01    -  1.00e+00 5.00e-01h  2
 206  1.0972789e-02 1.51e-03 3.26e-01  -4.0 2.85e-01    -  1.00e+00 2.50e-01h  3
 207  1.0990316e-02 1.08e-03 1.44e-01  -4.0 3.68e-01    -  1.00e+00 2.50e-01h  3
 208  1.1014924e-02 3.57e-04 3.00e-01  -4.0 2.22e-01    -  1.00e+00 1.00e+00H  1
 209  1.0845646e-02 6.18e-03 6.00e-01  -4.0 2.67e-01    -  1.00e+00 1.00e+00h  1
iter    objective    inf_pr   inf_du lg(mu)  ||d||  lg(rg) alpha_du alpha_pr  ls
 210  1.0889226e-02 3.01e-03 1.35e-01  -4.0 1.93e-01    -  1.00e+00 1.00e+00h  1
 211  1.0926582e-02 3.93e-03 3.51e-01  -4.1 2.51e-01    -  1.00e+00 1.00e+00h  1
 212  1.0885443e-02 2.97e-03 2.85e-02  -4.0 1.58e-01    -  1.00e+00 1.00e+00h  1
 213  1.0904736e-02 1.38e-03 3.89e-01  -4.0 2.10e-01    -  1.00e+00 5.00e-01h  2
 214  1.0863872e-02 2.46e-03 2.66e-01  -4.0 4.61e-01    -  1.00e+00 5.00e-01h  2
 215  1.0799767e-02 2.27e-03 9.06e-02  -4.1 1.41e-01    -  1.00e+00 1.00e+00h  1
 216  1.0812043e-02 9.32e-04 2.01e-01  -4.0 8.51e-02    -  1.00e+00 1.00e+00h  1
 217  1.0830269e-02 8.43e-04 3.16e-01  -4.0 7.97e-02    -  1.00e+00 1.00e+00h  1
 218  1.0809493e-02 9.34e-04 1.67e-01  -4.0 7.97e-02    -  1.00e+00 1.00e+00h  1
 219  1.0836290e-02 1.43e-04 1.30e-01  -4.0 8.11e-02    -  1.00e+00 1.00e+00H  1
iter    objective    inf_pr   inf_du lg(mu)  ||d||  lg(rg) alpha_du alpha_pr  ls
 220  1.0778695e-02 9.79e-04 3.01e-01  -4.0 1.53e-01    -  1.00e+00 1.00e+00h  1
 221  1.0771726e-02 9.07e-04 1.06e-01  -4.0 1.02e-01    -  1.00e+00 1.00e+00h  1
 222  1.0808407e-02 2.24e-04 6.68e-02  -4.0 8.37e-02    -  1.00e+00 1.00e+00h  1
 223  1.0759428e-02 1.44e-03 2.70e-01  -4.0 1.48e-01    -  1.00e+00 1.00e+00h  1
 224  1.0742643e-02 1.22e-03 9.67e-02  -4.0 1.33e-01    -  1.00e+00 1.00e+00h  1
 225  1.0731314e-02 1.02e-03 2.44e-01  -4.0 1.75e-01    -  1.00e+00 5.00e-01h  2
 226  1.0738249e-02 4.36e-04 4.25e-02  -4.0 7.94e-02    -  1.00e+00 1.00e+00h  1
 227  1.0758929e-02 3.61e-05 5.51e-02  -4.0 7.27e-02    -  1.00e+00 1.00e+00H  1
 228  1.0671619e-02 1.44e-03 4.43e-01  -4.0 2.08e-01    -  1.00e+00 1.00e+00h  1
 229  1.0608364e-02 2.06e-03 4.06e-01  -4.0 2.67e-01    -  1.00e+00 1.00e+00h  1
iter    objective    inf_pr   inf_du lg(mu)  ||d||  lg(rg) alpha_du alpha_pr  ls
 230  1.0560736e-02 2.32e-02 2.79e-01  -4.0 5.01e-01    -  1.00e+00 1.00e+00h  1
 231  1.0305077e-02 1.54e-02 2.71e-01  -4.0 5.72e-01    -  1.00e+00 1.00e+00h  1
 232  1.0316329e-02 5.43e-03 1.09e-01  -4.0 2.91e-01    -  1.00e+00 1.00e+00h  1
 233  1.0463238e-02 2.76e-03 2.68e-01  -4.0 2.55e-01    -  1.00e+00 8.13e-01H  1
 234  1.0344261e-02 1.57e-03 1.85e-01  -4.0 1.86e-01    -  1.00e+00 1.00e+00h  1
 235  1.0357213e-02 1.16e-03 5.86e-01  -4.0 1.88e-01    -  1.00e+00 2.50e-01h  3
 236  1.0379154e-02 7.56e-04 2.58e-01  -4.0 2.06e-01    -  1.00e+00 2.50e-01h  3
 237  1.0416322e-02 6.12e-04 2.67e-01  -4.0 1.47e-01    -  1.00e+00 5.00e-01h  2
 238  1.0440737e-02 6.55e-04 3.43e-01  -4.0 1.49e-01    -  1.00e+00 5.00e-01h  2
 239  1.0434928e-02 3.89e-04 8.03e-02  -4.0 5.16e-02    -  1.00e+00 1.00e+00h  1
iter    objective    inf_pr   inf_du lg(mu)  ||d||  lg(rg) alpha_du alpha_pr  ls
 240  1.0499932e-02 3.14e-04 1.28e-01  -4.0 7.45e-02    -  1.00e+00 1.00e+00H  1
 241  1.0474908e-02 3.57e-04 1.36e-01  -4.0 7.07e-02    -  1.00e+00 1.00e+00h  1
 242  1.0318699e-02 3.81e-03 6.23e-01  -4.1 2.42e-01    -  1.00e+00 1.00e+00h  1
 243  1.0362852e-02 8.10e-04 1.82e-01  -4.1 9.21e-02    -  1.00e+00 1.00e+00h  1
 244  1.0395237e-02 5.19e-04 8.75e-02  -4.0 1.71e-01    -  1.00e+00 5.00e-01h  2
 245  1.0411751e-02 3.52e-04 3.89e-01  -4.0 9.39e-02    -  1.00e+00 5.00e-01h  2
 246  1.0450522e-02 4.37e-04 1.04e-01  -4.0 7.27e-02    -  1.00e+00 1.00e+00h  1
 247  1.0428405e-02 2.10e-04 5.14e-02  -4.0 4.52e-02    -  1.00e+00 1.00e+00h  1
 248  1.0440446e-02 3.73e-05 3.69e-02  -4.0 2.50e-02    -  1.00e+00 1.00e+00h  1

Number of Iterations....: 248

                                   (scaled)                 (unscaled)
Objective...............:   1.0440446427671120e-02    1.0440446427671120e-02
Dual infeasibility......:   3.6859744646628632e-02    3.6859744646628632e-02
Constraint violation....:   3.7320361806758573e-05    3.7320361806758573e-05
Variable bound violation:   0.0000000000000000e+00    0.0000000000000000e+00
Complementarity.........:   9.9999999999989949e-05    9.9999999999989949e-05
Overall NLP error.......:   3.6859744646628632e-02    3.6859744646628632e-02


Number of objective function evaluations             = 402
Number of objective gradient evaluations             = 249
Number of equality constraint evaluations            = 402
Number of inequality constraint evaluations          = 402
Number of equality constraint Jacobian evaluations   = 249
Number of inequality constraint Jacobian evaluations = 249
Number of Lagrangian Hessian evaluations             = 0
Total seconds in IPOPT                               = 493.416

EXIT: Stopping optimization at current point as requested by user.
