
******************************************************************************
This program contains Ipopt, a library for large-scale nonlinear optimization.
 Ipopt is released as open source code under the Eclipse Public License (EPL).
         For more information visit https://github.com/coin-or/Ipopt
******************************************************************************

This is Ipopt version 3.14.19, running with linear solver MUMPS 5.8.2.

Number of nonzeros in equality constraint Jacobian...:  1114444
Number of nonzeros in inequality constraint Jacobian.:       12
Number of nonzeros in Lagrangian Hessian.............:        0

Total number of variables............................:     3369
                     variables with only lower bounds:        0
                variables with lower and upper bounds:      918
                     variables with only upper bounds:        0
Total number of equality constraints.................:     3268
Total number of inequality constraints...............:        1
        inequality constraints with only lower bounds:        0
   inequality constraints with lower and upper bounds:        0
        inequality constraints with only upper bounds:        1

iter    objective    inf_pr   inf_du lg(mu)  ||d||  lg(rg) alpha_du alpha_pr  ls
   0  1.3089820e-03 5.05e+00 3.52e-03   0.0 0.00e+00    -  0.00e+00 0.00e+00   0
   1  1.4315356e-03 5.02e+00 1.70e+01  -0.3 2.91e+01    -  6.71e-02 6.45e-03h  1
   2  1.5033322e-03 4.98e+00 5.10e+02  -0.1 3.05e+01    -  2.36e-01 6.30e-03h  1
   3  1.7616236e-03 4.85e+00 2.58e+03   0.2 3.08e+01    -  9.16e-01 2.65e-02h  1
   4  1.9519293e-03 4.73e+00 2.70e+04   1.6 2.70e+01    -  5.13e-01 2.42e-02f  1
   5  3.5189732e-03 4.36e+00 3.10e+04   0.9 3.64e+01    -  1.62e-01 7.33e-02h  1
   6  8.1552576e-03 3.82e+00 4.37e+04   2.0 3.62e+01    -  5.00e-01 1.15e-01h  1
   7  1.5837194e-02 3.30e+00 4.18e+04   2.4 3.66e+01    -  4.00e-01 1.29e-01f  1
   8  4.5797674e-02 3.00e+00 7.40e+04   2.5 3.37e+01    -  5.45e-01 2.97e-01h  1
   9  1.1032149e-01 3.86e+00 7.58e+04   2.8 3.07e+01    -  6.51e-01 4.20e-01f  1
iter    objective    inf_pr   inf_du lg(mu)  ||d||  lg(rg) alpha_du alpha_pr  ls
  10  1.7553491e-01 1.89e+00 6.69e+04   2.9 2.49e+01    -  8.16e-01 5.01e-01f  1
  11  2.8591818e-01 3.07e+00 7.84e+04   2.9 2.10e+01    -  6.21e-01 7.02e-01h  1
  12  3.2481153e-01 1.89e+00 9.97e+04   2.9 2.35e+01    -  7.73e-01 4.50e-01h  1
  13  3.1556919e-01 5.99e-01 1.18e+05   2.3 1.01e+01    -  9.96e-01 7.95e-01h  1
  14  3.1016939e-01 3.75e-01 8.52e+04   2.1 8.08e+00    -  1.00e+00 6.94e-01h  1
  15  3.0701829e-01 3.39e-01 1.28e+04   1.5 6.36e+00    -  1.00e+00 9.60e-01h  1
  16  3.0939207e-01 1.96e-01 2.39e+03   1.0 3.54e+00    -  1.00e+00 1.00e+00f  1
  17  3.1029810e-01 3.83e-02 8.68e+02   0.0 1.77e+00    -  1.00e+00 1.00e+00h  1
  18  3.1133447e-01 1.66e-02 2.59e+02  -1.0 1.08e+00    -  1.00e+00 1.00e+00h  1
  19  3.1216844e-01 1.17e-02 9.52e+01  -1.7 7.07e-01    -  1.00e+00 1.00e+00h  1
iter    objective    inf_pr   inf_du lg(mu)  ||d||  lg(rg) alpha_du alpha_pr  ls
  20  3.1241523e-01 5.04e-03 2.57e+01  -2.5 4.28e-01    -  1.00e+00 1.00e+00h  1
  21  3.1233542e-01 4.69e-04 4.46e+00  -3.3 3.13e-01    -  1.00e+00 1.00e+00h  1
  22  3.1168665e-01 2.00e-04 2.95e-01  -4.0 1.25e-01    -  1.00e+00 1.00e+00h  1
  23  2.8289183e-01 3.62e-01 1.05e+01  -3.5 1.96e+01    -  1.00e+00 2.23e-01h  1
  24  2.5146638e-01 5.52e-01 2.31e+00  -3.5 1.65e+01    -  1.00e+00 3.59e-01h  1
  25  2.0402287e-01 1.44e+00 5.87e+01  -2.8 8.35e+01    -  1.00e+00 1.86e-01h  1
  26  3.1298527e-01 1.06e+01 6.47e+01  -2.2 3.53e+01    -  8.07e-01 6.03e-01h  1
  27  2.1759719e-01 3.26e+00 4.66e-01  -2.4 1.27e+01    -  1.00e+00 1.00e+00h  1
  28  2.0326709e-01 9.27e-01 3.87e-01  -2.4 1.13e+01    -  1.00e+00 1.00e+00h  1
  29  1.6338812e-01 9.06e-01 6.43e-01  -2.8 7.55e+00    -  9.96e-01 1.00e+00h  1
iter    objective    inf_pr   inf_du lg(mu)  ||d||  lg(rg) alpha_du alpha_pr  ls
  30  1.2865227e-01 1.14e+00 6.85e-01  -3.1 1.01e+01    -  1.00e+00 1.00e+00h  1
  31  1.4872299e-01 4.04e+00 1.11e+01  -2.5 1.38e+01    -  1.00e+00 8.97e-01h  1
  32  1.3205849e-01 1.12e+00 3.72e-01  -2.6 8.10e+00    -  1.00e+00 1.00e+00h  1
  33  1.2296997e-01 5.19e-01 2.29e-01  -2.7 5.81e+00    -  9.89e-01 1.00e+00h  1
  34  1.0075050e-01 3.24e-01 2.57e-01  -3.4 6.49e+00    -  9.99e-01 1.00e+00h  1
  35  7.2774242e-02 1.18e+00 3.49e-01  -3.6 1.22e+01    -  1.00e+00 9.99e-01h  1
  36  8.2485777e-02 1.09e+00 1.37e+00  -3.0 1.08e+01    -  1.00e+00 9.61e-01h  1
  37  7.6144964e-02 3.57e-01 1.30e-01  -3.1 5.42e+00    -  1.00e+00 1.00e+00h  1
  38  6.8444588e-02 2.11e-01 8.65e-02  -3.6 3.92e+00    -  9.99e-01 1.00e+00h  1
  39  6.7059596e-02 1.32e-01 5.77e+00  -3.3 6.11e+00    -  1.00e+00 7.22e-01H  1
iter    objective    inf_pr   inf_du lg(mu)  ||d||  lg(rg) alpha_du alpha_pr  ls
  40  6.0945771e-02 1.45e-01 1.61e-01  -3.8 3.46e+00    -  1.00e+00 1.00e+00h  1
  41  5.6099170e-02 3.07e-01 2.14e-01  -3.5 4.07e+00    -  1.00e+00 1.00e+00h  1
  42  5.5394814e-02 1.06e-01 9.94e-02  -3.6 3.63e+00    -  1.00e+00 1.00e+00h  1
  43  5.3002967e-02 7.16e-02 8.04e-02  -4.0 2.29e+00    -  1.00e+00 1.00e+00h  1
  44  4.9450337e-02 3.03e-01 1.88e-01  -4.0 4.02e+00    -  1.00e+00 1.00e+00h  1
  45  4.7563991e-02 7.41e-01 1.17e+00  -3.7 9.08e+00    -  1.00e+00 7.02e-01h  1
  46  5.0981976e-02 5.57e-01 2.46e-01  -3.5 4.94e+00    -  1.00e+00 1.00e+00h  1
  47  4.7790384e-02 2.58e-01 1.21e-01  -3.6 3.20e+00    -  1.00e+00 1.00e+00h  1
  48  4.4434255e-02 4.63e-02 1.16e-01  -4.0 2.50e+00    -  1.00e+00 1.00e+00h  1
  49  4.2773082e-02 1.23e-01 1.35e-01  -3.7 2.49e+00    -  1.00e+00 1.00e+00h  1
iter    objective    inf_pr   inf_du lg(mu)  ||d||  lg(rg) alpha_du alpha_pr  ls
  50  4.1853624e-02 8.61e-02 1.06e-01  -4.0 1.49e+00    -  1.00e+00 1.00e+00h  1
  51  4.0948337e-02 4.78e-02 8.52e-02  -4.0 1.53e+00    -  1.00e+00 1.00e+00h  1
  52  4.1025903e-02 3.39e-02 1.10e-01  -4.0 1.16e+00    -  1.00e+00 1.00e+00h  1
  53  4.0984688e-02 1.06e-02 2.10e-01  -4.0 8.50e-01    -  1.00e+00 1.00e+00H  1
  54  4.1047983e-02 7.98e-03 7.03e-02  -4.0 6.26e-01    -  1.00e+00 1.00e+00h  1
  55  4.1058232e-02 5.16e-03 7.29e-02  -4.0 4.70e-01    -  1.00e+00 1.00e+00h  1
  56  4.1049168e-02 3.15e-03 7.90e-02  -4.0 3.52e-01    -  1.00e+00 5.00e-01h  2
  57  4.1242654e-02 1.53e-03 1.87e-01  -4.0 4.60e-01    -  1.00e+00 1.00e+00H  1
  58  4.2951571e-02 1.17e-01 7.31e-01  -3.7 1.12e+00    -  1.00e+00 1.00e+00h  1
  59  4.2081558e-02 1.45e-02 5.42e-01  -3.8 6.65e-01    -  8.83e-01 1.00e+00h  1
iter    objective    inf_pr   inf_du lg(mu)  ||d||  lg(rg) alpha_du alpha_pr  ls
  60  4.1717199e-02 3.67e-03 7.71e-02  -3.8 4.60e-01    -  1.00e+00 1.00e+00h  1
  61  4.1724664e-02 3.92e-03 7.74e-02  -3.8 2.88e-01    -  1.00e+00 1.00e+00h  1
  62  4.1552699e-02 2.46e-03 1.02e-01  -3.8 3.50e-01    -  9.26e-01 5.00e-01h  2
  63  4.1973912e-02 9.97e-03 1.81e-01  -3.8 5.34e-01    -  1.00e+00 1.00e+00h  1
  64  4.1542231e-02 3.50e-03 3.43e-02  -3.8 3.16e-01    -  1.00e+00 1.00e+00h  1
  65  4.1615639e-02 1.16e-03 5.77e-02  -3.8 1.82e-01    -  1.00e+00 1.00e+00h  1
  66  4.1598070e-02 5.82e-04 7.10e-02  -3.8 1.58e-01    -  1.00e+00 1.00e+00h  1
  67  4.1365482e-02 3.88e-03 7.04e-02  -4.0 3.39e-01    -  1.00e+00 1.00e+00h  1
  68  4.1023765e-02 3.68e-03 6.29e-02  -4.1 3.33e-01    -  1.00e+00 1.00e+00h  1
  69  4.1062618e-02 1.56e-03 1.21e-01  -4.0 3.07e-01    -  1.00e+00 1.00e+00H  1
iter    objective    inf_pr   inf_du lg(mu)  ||d||  lg(rg) alpha_du alpha_pr  ls
  70  4.0923896e-02 8.84e-04 3.82e-02  -4.0 2.30e-01    -  1.00e+00 1.00e+00h  1
  71  4.0919270e-02 5.66e-04 1.11e-01  -4.0 1.73e-01    -  1.00e+00 1.00e+00h  1
  72  4.0871752e-02 4.52e-04 6.14e-02  -4.0 1.41e-01    -  1.00e+00 1.00e+00h  1
  73  4.0354658e-02 3.60e-03 9.90e-02  -4.0 3.16e-01    -  1.00e+00 1.00e+00h  1
  74  4.0299414e-02 1.61e-03 6.04e-02  -4.0 2.03e-01    -  1.00e+00 1.00e+00h  1
  75  4.0462613e-02 6.62e-04 4.70e-02  -4.0 1.59e-01    -  1.00e+00 1.00e+00h  1
  76  4.0281014e-02 2.98e-03 1.33e-01  -4.0 3.35e-01    -  1.00e+00 1.00e+00h  1
  77  3.9996886e-02 1.65e-03 4.21e-02  -4.0 2.32e-01    -  1.00e+00 1.00e+00h  1
  78  4.0156014e-02 6.58e-04 6.92e-02  -4.0 1.77e-01    -  1.00e+00 1.00e+00h  1
  79  4.0201652e-02 3.79e-04 1.30e-01  -4.0 1.66e-01    -  1.00e+00 1.00e+00H  1
iter    objective    inf_pr   inf_du lg(mu)  ||d||  lg(rg) alpha_du alpha_pr  ls
  80  4.0143515e-02 5.02e-04 8.60e-02  -4.0 1.33e-01    -  1.00e+00 1.00e+00h  1
  81  3.9985401e-02 2.81e-03 2.55e-01  -4.0 3.04e-01    -  1.00e+00 1.00e+00h  1
  82  3.9914341e-02 1.41e-03 6.45e-02  -4.0 2.08e-01    -  1.00e+00 1.00e+00h  1
  83  3.9776813e-02 1.09e-03 1.03e+00  -4.0 2.45e-01    -  1.00e+00 5.00e-01h  2
  84  3.9842284e-02 3.65e-04 4.55e-02  -4.0 1.16e-01    -  1.00e+00 1.00e+00h  1
  85  3.9852961e-02 2.37e-04 3.22e-02  -4.0 1.14e-01    -  1.00e+00 1.00e+00h  1
  86  3.9669958e-02 1.16e-03 8.93e-02  -4.0 2.09e-01    -  1.00e+00 1.00e+00h  1
  87  3.9446413e-02 1.99e-03 1.33e-01  -4.0 2.10e-01    -  1.00e+00 1.00e+00h  1
  88  3.9439561e-02 9.75e-04 1.36e-01  -4.0 2.36e-01    -  1.00e+00 1.00e+00h  1
  89  3.9259639e-02 5.43e-04 6.26e-02  -4.0 2.15e-01    -  1.00e+00 1.00e+00h  1
iter    objective    inf_pr   inf_du lg(mu)  ||d||  lg(rg) alpha_du alpha_pr  ls
  90  3.9228333e-02 4.60e-03 1.06e-01  -4.0 4.67e-01    -  1.00e+00 1.00e+00h  1
  91  3.9011341e-02 1.49e-03 4.86e-02  -4.0 2.73e-01    -  1.00e+00 1.00e+00h  1
  92  3.9243830e-02 1.10e-03 1.03e-01  -4.0 2.13e-01    -  1.00e+00 1.00e+00h  1
  93  3.8996433e-02 6.46e-04 3.21e-02  -4.0 1.65e-01    -  1.00e+00 1.00e+00h  1
  94  3.9032076e-02 3.75e-04 9.36e-02  -4.0 1.51e-01    -  1.00e+00 1.00e+00h  1
  95  3.9045001e-02 8.06e-05 2.25e-02  -4.0 8.61e-02    -  1.00e+00 1.00e+00h  1
  96  3.9066961e-02 9.63e-05 4.74e-02  -4.0 5.93e-02    -  1.00e+00 1.00e+00h  1
  97  3.9056177e-02 1.20e-04 3.50e-02  -4.0 7.52e-02    -  1.00e+00 1.00e+00h  1
  98  3.8926214e-02 7.85e-04 7.98e-02  -4.1 1.65e-01    -  1.00e+00 1.00e+00h  1
  99  3.8957949e-02 2.51e-04 5.18e-02  -4.0 1.54e-01    -  1.00e+00 1.00e+00H  1
iter    objective    inf_pr   inf_du lg(mu)  ||d||  lg(rg) alpha_du alpha_pr  ls
 100  3.8988350e-02 1.93e-04 4.63e-02  -4.0 1.08e-01    -  1.00e+00 1.00e+00h  1
 101  3.8931886e-02 3.36e-04 6.56e-02  -4.0 1.04e-01    -  1.00e+00 1.00e+00h  1
 102  3.8916720e-02 1.71e-04 3.21e-02  -4.0 1.01e-01    -  1.00e+00 1.00e+00h  1
 103  3.8935967e-02 4.27e-05 5.13e-02  -4.0 9.19e-02    -  1.00e+00 1.00e+00H  1
 104  3.8921059e-02 1.89e-05 3.20e-02  -4.0 5.33e-02    -  1.00e+00 1.00e+00h  1
 105  3.8901886e-02 1.48e-04 2.49e-02  -4.0 8.18e-02    -  1.00e+00 1.00e+00h  1
 106  3.8901744e-02 6.55e-05 9.87e-03  -4.0 6.24e-02    -  1.00e+00 1.00e+00h  1
 107  3.8901547e-02 3.22e-05 1.24e-02  -4.0 3.18e-02    -  1.00e+00 1.00e+00h  1
 108  3.8894590e-02 2.07e-05 5.06e-02  -4.0 1.12e-01    -  1.00e+00 1.00e+00H  1
 109  3.8816574e-02 1.09e-03 1.41e-01  -4.0 2.38e-01    -  1.00e+00 1.00e+00h  1
iter    objective    inf_pr   inf_du lg(mu)  ||d||  lg(rg) alpha_du alpha_pr  ls
 110  3.8720675e-02 1.11e-03 1.08e-01  -4.0 2.41e-01    -  1.00e+00 1.00e+00h  1
 111  3.8625864e-02 1.33e-03 1.59e-01  -4.0 2.39e-01    -  1.00e+00 1.00e+00h  1
 112  3.8901702e-02 2.36e-03 1.48e-01  -3.7 3.51e-01    -  1.00e+00 1.00e+00h  1
 113  3.8977500e-02 3.34e-03 1.48e-01  -3.8 4.41e-01    -  1.00e+00 1.00e+00h  1
 114  3.8595333e-02 5.38e-03 5.94e-02  -3.8 4.61e-01    -  1.00e+00 1.00e+00h  1
 115  3.8000390e-02 3.99e-02 2.02e-01  -4.0 1.27e+00    -  1.00e+00 1.00e+00h  1
 116  3.7655647e-02 9.40e-03 1.73e-01  -4.0 9.36e-01    -  1.00e+00 1.00e+00h  1
 117  3.7860662e-02 8.04e-03 6.70e-02  -4.0 5.11e-01    -  1.00e+00 1.00e+00h  1
 118  3.7771696e-02 8.74e-03 2.26e+00  -3.7 8.65e-01    -  1.00e+00 3.97e-01h  2
 119  3.7785474e-02 4.99e-03 6.62e-02  -4.0 4.09e-01    -  1.00e+00 1.00e+00h  1
iter    objective    inf_pr   inf_du lg(mu)  ||d||  lg(rg) alpha_du alpha_pr  ls
 120  3.8089386e-02 5.98e-03 1.51e-01  -4.0 4.75e-01    -  1.00e+00 1.00e+00h  1
 121  3.7904062e-02 2.09e-03 9.04e-02  -4.0 2.93e-01    -  1.00e+00 1.00e+00h  1
 122  3.7912792e-02 1.81e-03 2.84e+00  -3.7 4.83e-01    -  1.00e+00 5.00e-01h  2
 123  3.7950929e-02 1.09e-03 1.15e+00  -4.0 3.35e-01    -  1.00e+00 5.00e-01h  2
 124  3.8156593e-02 5.25e-04 3.30e-02  -4.0 1.33e-01    -  1.00e+00 1.00e+00h  1
 125  3.8062220e-02 2.05e-04 9.06e-02  -4.0 9.66e-02    -  1.00e+00 1.00e+00h  1
 126  3.8026429e-02 6.28e-04 7.44e-02  -4.0 1.37e-01    -  1.00e+00 1.00e+00h  1
 127  3.8039580e-02 5.89e-04 1.02e-01  -4.0 1.35e-01    -  1.00e+00 1.00e+00h  1
 128  3.8032827e-02 1.95e-04 3.03e-02  -4.1 9.85e-02    -  1.00e+00 1.00e+00h  1
 129  3.8111989e-02 1.87e-04 7.20e-02  -4.0 9.26e-02    -  1.00e+00 1.00e+00h  1
iter    objective    inf_pr   inf_du lg(mu)  ||d||  lg(rg) alpha_du alpha_pr  ls
 130  3.8045940e-02 2.20e-04 3.80e-02  -4.0 1.06e-01    -  1.00e+00 1.00e+00h  1
 131  3.7984418e-02 5.59e-04 6.28e-02  -4.1 1.19e-01    -  1.00e+00 1.00e+00h  1
 132  3.8026814e-02 1.59e-04 1.40e-02  -4.0 7.11e-02    -  1.00e+00 1.00e+00h  1
 133  3.8116111e-02 1.07e-04 5.08e-02  -4.0 6.38e-02    -  1.00e+00 1.00e+00h  1
 134  3.8020768e-02 1.01e-04 4.53e-03  -4.0 5.73e-02    -  1.00e+00 1.00e+00h  1
 135  3.8029990e-02 1.89e-05 1.17e-02  -4.0 2.75e-02    -  1.00e+00 1.00e+00h  1
 136  3.8023886e-02 1.26e-04 3.64e-02  -4.0 6.11e-02    -  1.00e+00 1.00e+00h  1
 137  3.7875911e-02 1.67e-03 1.21e-01  -4.1 2.31e-01    -  1.00e+00 1.00e+00h  1
 138  3.7470391e-02 2.15e-03 1.29e-01  -4.1 2.37e-01    -  1.00e+00 1.00e+00h  1
 139  3.7695887e-02 4.01e-03 2.26e-01  -4.0 3.75e-01    -  1.00e+00 1.00e+00h  1
iter    objective    inf_pr   inf_du lg(mu)  ||d||  lg(rg) alpha_du alpha_pr  ls
 140  3.7618400e-02 1.35e-03 1.60e-01  -4.1 2.33e-01    -  8.98e-01 1.00e+00h  1
 141  3.7511272e-02 8.35e-04 5.23e-01  -4.0 2.54e-01    -  1.00e+00 5.00e-01h  2
 142  3.7446049e-02 1.17e-03 4.71e-01  -4.0 3.70e-01    -  1.00e+00 5.00e-01h  2
 143  3.7643494e-02 6.22e-04 4.41e-02  -4.0 1.44e-01    -  1.00e+00 1.00e+00h  1
 144  3.7425988e-02 1.24e-03 4.81e-02  -4.1 2.20e-01    -  1.00e+00 1.00e+00h  1
 145  3.7460025e-02 1.25e-03 9.44e-02  -4.0 1.96e-01    -  1.00e+00 1.00e+00h  1
 146  3.7599515e-02 6.79e-04 2.99e-02  -4.0 1.57e-01    -  1.00e+00 1.00e+00h  1
 147  3.7595202e-02 5.17e-04 5.84e-01  -4.0 2.67e-01    -  1.00e+00 5.00e-01h  2
 148  3.7551248e-02 3.04e-04 2.25e-02  -4.0 1.17e-01    -  1.00e+00 1.00e+00h  1
 149  3.7689319e-02 2.77e-04 9.47e-02  -4.0 1.43e-01    -  1.00e+00 1.00e+00H  1
iter    objective    inf_pr   inf_du lg(mu)  ||d||  lg(rg) alpha_du alpha_pr  ls
 150  3.7539532e-02 2.40e-04 5.87e-02  -4.0 9.83e-02    -  1.00e+00 1.00e+00h  1
 151  3.7535308e-02 2.77e-04 5.81e-02  -4.0 1.39e-01    -  1.00e+00 1.00e+00h  1
 152  3.7572385e-02 3.55e-04 1.14e-01  -4.0 1.17e-01    -  1.00e+00 1.00e+00H  1
 153  3.7540813e-02 1.12e-04 3.64e-02  -4.1 6.94e-02    -  1.00e+00 1.00e+00h  1
 154  3.7526365e-02 2.25e-03 1.92e-01  -4.0 2.62e-01    -  1.00e+00 1.00e+00h  1
 155  3.7481034e-02 6.33e-04 2.86e-02  -4.1 1.45e-01    -  1.00e+00 1.00e+00h  1
 156  3.7444003e-02 5.75e-03 2.64e-01  -4.0 5.30e-01    -  1.00e+00 1.00e+00h  1
 157  3.7378358e-02 1.73e-03 5.05e-02  -4.1 2.94e-01    -  1.00e+00 1.00e+00h  1
 158  3.7493966e-02 1.81e-03 1.51e+00  -3.8 4.48e-01    -  1.00e+00 4.45e-01h  2
 159  3.7421707e-02 7.83e-04 7.01e-02  -3.9 2.21e-01    -  1.00e+00 1.00e+00h  1
iter    objective    inf_pr   inf_du lg(mu)  ||d||  lg(rg) alpha_du alpha_pr  ls
 160  3.7624785e-02 1.95e-03 1.18e-01  -3.9 3.11e-01    -  1.00e+00 1.00e+00h  1
 161  3.7523984e-02 1.00e-03 3.30e-02  -3.9 1.88e-01    -  1.00e+00 1.00e+00h  1
 162  3.7561231e-02 3.99e-04 7.37e-02  -4.0 1.38e-01    -  1.00e+00 1.00e+00h  1
 163  3.7547724e-02 2.40e-04 3.84e-02  -4.1 1.08e-01    -  1.00e+00 1.00e+00h  1
 164  3.7499168e-02 4.63e-04 9.26e-02  -4.1 1.19e-01    -  1.00e+00 1.00e+00h  1
 165  3.7521528e-02 2.43e-04 4.41e-02  -4.0 1.03e-01    -  1.00e+00 1.00e+00h  1
 166  3.7606536e-02 2.04e-04 7.20e-02  -4.0 8.33e-02    -  1.00e+00 1.00e+00h  1
 167  3.7569485e-02 1.01e-04 2.18e-02  -4.0 5.50e-02    -  1.00e+00 1.00e+00h  1
 168  3.7562326e-02 4.75e-05 4.67e-02  -4.0 6.78e-02    -  1.00e+00 1.00e+00H  1
 169  3.7562484e-02 3.66e-05 1.51e-02  -4.0 5.11e-02    -  1.00e+00 1.00e+00h  1
iter    objective    inf_pr   inf_du lg(mu)  ||d||  lg(rg) alpha_du alpha_pr  ls
 170  3.7598395e-02 1.00e-05 3.43e-02  -4.0 4.57e-02    -  1.00e+00 1.00e+00H  1
 171  3.7578350e-02 2.36e-05 6.33e-03  -4.0 2.77e-02    -  1.00e+00 1.00e+00h  1
 172  3.7583176e-02 2.37e-06 2.67e-03  -4.0 1.14e-02    -  1.00e+00 1.00e+00h  1
 173  3.7599371e-02 3.22e-05 1.09e-02  -4.0 3.15e-02    -  1.00e+00 1.00e+00h  1
 174  3.7554254e-02 2.27e-05 7.54e-03  -4.1 2.37e-02    -  1.00e+00 1.00e+00h  1
 175  3.7603611e-02 2.21e-05 1.33e-02  -4.0 2.97e-02    -  1.00e+00 1.00e+00h  1
 176  3.7482883e-02 7.31e-05 1.63e-02  -4.1 4.91e-02    -  1.00e+00 1.00e+00h  1
 177  3.7723324e-02 4.97e-04 7.89e-02  -4.0 1.67e-01    -  1.00e+00 1.00e+00h  1
 178  3.7339391e-02 9.98e-04 8.65e-02  -4.1 1.80e-01    -  1.00e+00 1.00e+00h  1
 179  3.7546483e-02 9.54e-04 9.32e-02  -4.0 2.29e-01    -  1.00e+00 1.00e+00h  1
iter    objective    inf_pr   inf_du lg(mu)  ||d||  lg(rg) alpha_du alpha_pr  ls
 180  3.7302065e-02 1.40e-03 8.62e-02  -4.1 2.42e-01    -  1.00e+00 1.00e+00h  1
 181  3.7827043e-02 6.98e-04 7.90e-02  -4.0 2.03e-01    -  1.00e+00 1.00e+00H  1
 182  3.7374354e-02 4.33e-03 2.97e-01  -4.1 3.90e-01    -  8.51e-01 1.00e+00h  1
 183  3.6142384e-02 1.09e-02 1.53e-01  -4.1 5.28e-01    -  1.00e+00 1.00e+00h  1
 184  3.7186602e-02 7.93e-03 9.61e-02  -4.0 6.19e-01    -  1.00e+00 1.00e+00h  1
 185  3.9445134e-02 1.95e-02 2.35e-01  -3.7 9.00e-01    -  1.00e+00 1.00e+00h  1
 186  3.7050810e-02 2.22e-02 1.34e-01  -3.8 1.31e+00    -  1.00e+00 1.00e+00h  1
 187  3.6522339e-02 3.62e-02 8.87e-02  -3.8 1.30e+00    -  1.00e+00 1.00e+00h  1
 188  3.7374122e-02 2.63e-02 1.30e-01  -3.8 1.13e+00    -  5.14e-01 1.00e+00h  1
 189  3.7535372e-02 1.37e-02 5.97e-02  -3.8 7.59e-01    -  1.00e+00 1.00e+00h  1
iter    objective    inf_pr   inf_du lg(mu)  ||d||  lg(rg) alpha_du alpha_pr  ls
 190  3.8156116e-02 5.24e-03 7.34e-02  -3.8 6.10e-01    -  1.00e+00 1.00e+00h  1
 191  3.8175654e-02 4.41e-03 1.31e-01  -3.8 3.59e-01    -  1.00e+00 1.00e+00h  1
 192  3.8250478e-02 2.70e-03 3.03e-01  -3.8 3.79e-01    -  1.00e+00 5.00e-01h  2
 193  3.8380970e-02 3.04e-03 2.56e-01  -3.8 4.85e-01    -  1.00e+00 5.00e-01h  2
 194  3.8629478e-02 1.09e-03 6.18e-02  -3.8 2.60e-01    -  1.00e+00 1.00e+00h  1
 195  3.8873840e-02 9.05e-04 6.72e-02  -3.8 1.72e-01    -  1.00e+00 1.00e+00h  1
 196  3.8899981e-02 1.80e-04 6.09e-02  -3.8 1.04e-01    -  1.00e+00 1.00e+00h  1
 197  3.8852358e-02 1.81e-04 2.64e-01  -3.8 1.27e-01    -  1.00e+00 5.00e-01h  2
 198  3.8893111e-02 1.10e-04 3.45e-02  -3.8 6.68e-02    -  1.00e+00 1.00e+00h  1
 199  3.8961237e-02 6.93e-05 2.49e-02  -3.8 4.70e-02    -  1.00e+00 1.00e+00h  1
iter    objective    inf_pr   inf_du lg(mu)  ||d||  lg(rg) alpha_du alpha_pr  ls
 200  3.9014974e-02 1.30e-05 3.95e-02  -3.8 4.43e-02    -  1.00e+00 1.00e+00H  1
 201  3.9021977e-02 3.99e-05 3.43e-01  -3.8 1.60e-01    -  1.00e+00 2.50e-01h  3
 202  3.9043604e-02 3.78e-05 2.86e-02  -3.8 3.56e-02    -  1.00e+00 1.00e+00h  1
 203  3.9102719e-02 2.34e-04 4.54e-02  -3.8 8.67e-02    -  1.00e+00 1.00e+00h  1
 204  3.9115671e-02 2.15e-04 7.82e-02  -3.8 6.97e-02    -  1.00e+00 1.00e+00h  1
 205  3.9146274e-02 6.53e-04 1.06e-01  -3.8 1.40e-01    -  1.00e+00 1.00e+00h  1
 206  3.9160228e-02 2.57e-04 2.70e-02  -3.8 7.67e-02    -  1.00e+00 1.00e+00h  1
 207  3.9138342e-02 1.27e-04 3.49e-01  -3.8 1.28e-01    -  1.00e+00 5.00e-01h  2
 208  3.9180455e-02 4.60e-05 1.77e-02  -3.8 5.46e-02    -  1.00e+00 1.00e+00h  1
 209  3.9224850e-02 2.10e-06 2.11e-02  -3.8 4.47e-02    -  1.00e+00 1.00e+00H  1
iter    objective    inf_pr   inf_du lg(mu)  ||d||  lg(rg) alpha_du alpha_pr  ls
 210  3.9413344e-02 1.47e-05 1.68e-01  -3.8 2.36e-01    -  1.00e+00 1.00e+00H  1
 211  3.9443111e-02 5.33e-05 2.10e-01  -3.8 2.04e-01    -  1.00e+00 2.50e-01h  3
 212  3.9445165e-02 3.76e-04 3.19e-01  -3.8 3.06e-01    -  1.00e+00 5.00e-01h  2
 213  3.9476667e-02 3.67e-04 1.31e-01  -3.8 1.16e-01    -  1.00e+00 1.00e+00h  1
 214  3.9550891e-02 1.94e-04 2.19e-02  -3.8 1.08e-01    -  1.00e+00 1.00e+00h  1
 215  3.9551624e-02 1.52e-04 1.65e-01  -3.8 1.78e-01    -  1.00e+00 5.00e-01h  2
 216  3.9535522e-02 7.24e-05 1.31e-02  -3.8 6.98e-02    -  1.00e+00 1.00e+00h  1
 217  3.9562340e-02 7.61e-05 3.39e-02  -3.8 6.07e-02    -  1.00e+00 1.00e+00h  1
 218  3.9550200e-02 5.10e-05 1.43e-02  -3.8 4.99e-02    -  1.00e+00 1.00e+00h  1
 219  3.9558550e-02 1.91e-05 5.46e-02  -3.8 5.25e-02    -  1.00e+00 1.00e+00H  1
iter    objective    inf_pr   inf_du lg(mu)  ||d||  lg(rg) alpha_du alpha_pr  ls
 220  3.9551436e-02 2.57e-05 6.40e-03  -3.8 3.44e-02    -  1.00e+00 1.00e+00h  1
 221  3.9556721e-02 3.03e-06 4.84e-03  -3.8 1.12e-02    -  1.00e+00 1.00e+00h  1
 222  3.9511130e-02 5.01e-05 1.30e-02  -4.0 4.66e-02    -  1.00e+00 1.00e+00h  1
 223  3.9216540e-02 1.02e-03 8.93e-02  -4.1 2.07e-01    -  1.00e+00 1.00e+00h  1
 224  3.8506219e-02 2.76e-03 1.76e-01  -4.1 3.52e-01    -  1.00e+00 1.00e+00h  1
 225  3.7205671e-02 2.46e-02 5.54e-01  -4.1 1.04e+00    -  1.00e+00 1.00e+00h  1
 226  3.7049924e-02 4.84e-03 2.48e-01  -4.1 3.50e-01    -  1.00e+00 1.00e+00h  1
 227  3.8383049e-02 2.37e-03 8.76e-01  -3.8 7.45e-01    -  1.00e+00 6.96e-01H  1
 228  3.8024804e-02 3.70e-03 4.54e-01  -3.9 3.96e-01    -  5.43e-01 1.00e+00h  1
 229  3.8259549e-02 2.69e-03 1.03e-01  -3.9 2.94e-01    -  1.00e+00 1.00e+00h  1
iter    objective    inf_pr   inf_du lg(mu)  ||d||  lg(rg) alpha_du alpha_pr  ls
 230  3.8126101e-02 1.59e-03 6.20e-02  -3.9 2.50e-01    -  1.00e+00 1.00e+00h  1
 231  3.8333227e-02 8.06e-04 2.36e-01  -3.9 2.32e-01    -  1.00e+00 5.00e-01h  2
 232  3.8261764e-02 1.45e-03 4.07e-01  -3.9 3.74e-01    -  1.00e+00 5.00e-01h  2
 233  3.8275441e-02 9.22e-04 2.39e-02  -3.9 1.95e-01    -  1.00e+00 1.00e+00h  1
 234  3.8761186e-02 2.43e-04 1.31e-01  -3.9 1.53e-01    -  1.00e+00 1.00e+00H  1
 235  3.8584861e-02 2.50e-04 1.40e-01  -3.9 2.21e-01    -  1.00e+00 1.00e+00H  1
 236  3.8462394e-02 2.81e-04 6.90e-01  -3.9 3.93e-01    -  1.00e+00 2.50e-01h  3
 237  3.8440407e-02 2.75e-04 5.84e-01  -3.9 3.15e-01    -  1.00e+00 2.50e-01h  3
 238  3.8553241e-02 2.44e-04 2.20e-01  -3.9 2.03e-01    -  1.00e+00 1.00e+00H  1
 239  3.8384622e-02 2.07e-04 5.77e-02  -3.9 1.11e-01    -  1.00e+00 1.00e+00h  1
iter    objective    inf_pr   inf_du lg(mu)  ||d||  lg(rg) alpha_du alpha_pr  ls
 240  3.8456237e-02 2.88e-04 6.78e-01  -3.9 2.20e-01    -  1.00e+00 5.00e-01h  2
 241  3.8463255e-02 9.81e-05 2.31e-02  -3.9 7.02e-02    -  1.00e+00 1.00e+00h  1
 242  3.8443297e-02 4.04e-05 3.39e-02  -3.9 6.47e-02    -  1.00e+00 1.00e+00h  1
 243  3.8463706e-02 2.81e-05 1.26e-02  -3.9 4.03e-02    -  1.00e+00 1.00e+00h  1
 244  3.8473138e-02 4.38e-06 8.52e-03  -3.9 2.55e-02    -  1.00e+00 1.00e+00h  1
 245  3.8453659e-02 6.19e-06 6.33e-03  -3.9 1.76e-02    -  1.00e+00 1.00e+00h  1
 246  3.8455215e-02 2.09e-06 3.83e-03  -3.9 6.13e-03    -  1.00e+00 1.00e+00h  1
 247  3.8402584e-02 5.08e-05 2.15e-02  -4.0 3.98e-02    -  1.00e+00 1.00e+00h  1
 248  3.8163354e-02 4.93e-04 6.00e-02  -4.1 1.33e-01    -  1.00e+00 1.00e+00h  1
 249  3.7423581e-02 3.54e-03 2.65e-01  -4.1 3.90e-01    -  1.00e+00 1.00e+00h  1
iter    objective    inf_pr   inf_du lg(mu)  ||d||  lg(rg) alpha_du alpha_pr  ls
 250  3.6646375e-02 1.04e-02 4.63e-01  -4.1 6.01e-01    -  1.00e+00 1.00e+00h  1
 251  3.6873012e-02 6.70e-03 2.51e-01  -4.1 6.75e-01    -  1.00e+00 1.00e+00h  1
 252  3.8526363e-02 2.25e-02 8.85e-02  -3.8 1.00e+00    -  1.00e+00 1.00e+00h  1
 253  3.7350237e-02 2.51e-02 2.17e-01  -3.9 1.04e+00    -  1.00e+00 1.00e+00h  1
 254  3.7252225e-02 5.70e-03 5.76e-02  -3.9 5.37e-01    -  1.00e+00 1.00e+00h  1
 255  3.8363969e-02 4.91e-03 4.48e-01  -3.9 4.93e-01    -  7.05e-01 1.00e+00h  1
 256  3.7640794e-02 5.18e-03 1.61e-01  -3.9 5.41e-01    -  1.00e+00 1.00e+00h  1
 257  3.7931213e-02 6.51e-03 7.67e-02  -3.9 4.24e-01    -  1.00e+00 1.00e+00h  1
 258  3.7365027e-02 6.28e-03 4.94e-02  -3.9 4.36e-01    -  9.15e-01 1.00e+00h  1
 259  3.7686375e-02 1.71e-03 6.24e-02  -3.9 2.63e-01    -  1.00e+00 1.00e+00h  1
iter    objective    inf_pr   inf_du lg(mu)  ||d||  lg(rg) alpha_du alpha_pr  ls
 260  3.7877452e-02 9.43e-04 7.56e-02  -3.9 1.77e-01    -  1.00e+00 1.00e+00h  1
 261  3.7969209e-02 1.05e-03 4.79e-01  -3.9 4.01e-01    -  1.00e+00 5.00e-01h  2
 262  3.7861085e-02 9.50e-04 5.19e-01  -3.9 2.98e-01    -  1.00e+00 5.00e-01h  2
 263  3.7922514e-02 5.29e-04 1.22e-01  -3.9 1.84e-01    -  1.00e+00 1.00e+00h  1
 264  3.7897529e-02 5.22e-04 7.24e-02  -3.9 1.46e-01    -  1.00e+00 1.00e+00h  1
 265  3.7921566e-02 6.89e-04 6.62e-02  -3.9 1.38e-01    -  1.00e+00 1.00e+00h  1
 266  3.8098636e-02 1.93e-04 6.90e-02  -3.9 1.23e-01    -  1.00e+00 1.00e+00h  1
 267  3.8040982e-02 2.71e-04 7.37e-02  -3.9 1.15e-01    -  1.00e+00 1.00e+00h  1
 268  3.7991190e-02 8.17e-04 7.66e-02  -3.9 2.13e-01    -  1.00e+00 1.00e+00h  1
 269  3.8013878e-02 3.16e-04 2.86e-02  -3.9 1.21e-01    -  1.00e+00 1.00e+00h  1
iter    objective    inf_pr   inf_du lg(mu)  ||d||  lg(rg) alpha_du alpha_pr  ls
 270  3.8025894e-02 2.80e-04 2.21e-01  -3.9 1.61e-01    -  1.00e+00 5.00e-01h  2
 271  3.8042426e-02 4.77e-05 2.17e-02  -3.9 4.68e-02    -  1.00e+00 1.00e+00h  1
 272  3.8058951e-02 1.55e-05 2.87e-02  -3.9 3.64e-02    -  1.00e+00 1.00e+00h  1
 273  3.8052919e-02 2.63e-05 1.34e-02  -3.9 3.92e-02    -  1.00e+00 1.00e+00h  1
 274  3.8071206e-02 2.50e-05 2.38e-02  -3.9 2.66e-02    -  1.00e+00 1.00e+00h  1
 275  3.8068218e-02 4.54e-06 7.74e-03  -3.9 1.61e-02    -  1.00e+00 1.00e+00h  1
 276  3.8067528e-02 1.54e-05 1.54e-02  -3.9 2.19e-02    -  1.00e+00 1.00e+00h  1
 277  3.8071643e-02 4.60e-06 8.26e-03  -3.9 1.59e-02    -  1.00e+00 1.00e+00h  1
 278  3.8084192e-02 2.15e-05 1.82e-02  -3.9 2.74e-02    -  1.00e+00 1.00e+00h  1
 279  3.8087099e-02 7.99e-06 1.17e-02  -3.9 2.12e-02    -  1.00e+00 1.00e+00h  1
iter    objective    inf_pr   inf_du lg(mu)  ||d||  lg(rg) alpha_du alpha_pr  ls
 280  3.8092713e-02 3.63e-06 2.38e-02  -3.9 2.66e-02    -  1.00e+00 1.00e+00H  1
 281  3.8096397e-02 1.54e-05 2.07e-02  -3.9 2.37e-02    -  1.00e+00 1.00e+00h  1
 282  3.8100107e-02 3.86e-05 1.57e-02  -3.9 3.43e-02    -  1.00e+00 1.00e+00h  1
 283  3.8102351e-02 8.62e-06 4.62e-03  -3.9 1.62e-02    -  1.00e+00 1.00e+00h  1
 284  3.8114330e-02 2.84e-06 2.05e-02  -3.9 2.21e-02    -  1.00e+00 1.00e+00H  1
 285  3.8094167e-02 1.09e-05 1.60e-03  -4.0 1.88e-02    -  1.00e+00 1.00e+00h  1
 286  3.8047306e-02 2.08e-05 8.71e-03  -4.1 2.31e-02    -  1.00e+00 1.00e+00h  1
 287  3.7586683e-02 1.25e-03 1.02e-01  -4.1 1.99e-01    -  1.00e+00 1.00e+00h  1
 288  3.7023085e-02 2.02e-03 2.20e-01  -4.1 3.01e-01    -  1.00e+00 1.00e+00h  1
 289  3.7138388e-02 4.20e-03 3.22e-01  -4.0 4.95e-01    -  1.00e+00 1.00e+00h  1
iter    objective    inf_pr   inf_du lg(mu)  ||d||  lg(rg) alpha_du alpha_pr  ls
 290  3.6750510e-02 2.03e-03 8.73e-02  -4.1 3.10e-01    -  1.00e+00 1.00e+00h  1
 291  3.7602064e-02 5.17e-03 1.33e+00  -3.8 7.66e-01    -  1.00e+00 5.00e-01h  2
 292  3.7595318e-02 1.16e-03 7.53e-02  -3.9 2.36e-01    -  1.00e+00 1.00e+00h  1
 293  3.7841617e-02 6.99e-04 6.02e-02  -3.9 1.55e-01    -  1.00e+00 1.00e+00h  1
 294  3.7722734e-02 4.66e-04 6.26e-02  -3.9 1.26e-01    -  1.00e+00 1.00e+00h  1
 295  3.7834502e-02 3.76e-04 1.06e-01  -3.9 1.49e-01    -  1.00e+00 1.00e+00H  1
 296  3.8058251e-02 7.72e-04 6.33e-02  -3.9 1.51e-01    -  1.00e+00 1.00e+00h  1
 297  3.7876959e-02 1.45e-03 7.93e-01  -3.9 4.37e-01    -  1.00e+00 5.00e-01h  2
 298  3.7939199e-02 5.06e-04 2.97e-02  -3.9 1.50e-01    -  1.00e+00 1.00e+00h  1
 299  3.8064393e-02 2.62e-04 6.44e-02  -3.9 1.11e-01    -  1.00e+00 1.00e+00h  1
iter    objective    inf_pr   inf_du lg(mu)  ||d||  lg(rg) alpha_du alpha_pr  ls
 300  3.7994842e-02 7.45e-05 2.65e-02  -3.9 6.43e-02    -  1.00e+00 1.00e+00h  1
 301  3.7929683e-02 3.65e-04 9.52e-02  -3.9 1.14e-01    -  1.00e+00 1.00e+00h  1
 302  3.8059849e-02 2.52e-04 3.78e-02  -3.9 9.67e-02    -  1.00e+00 1.00e+00h  1
 303  3.8054768e-02 2.01e-04 4.83e-02  -3.9 8.02e-02    -  1.00e+00 1.00e+00h  1
 304  3.7988848e-02 1.61e-04 1.16e-02  -3.9 7.22e-02    -  1.00e+00 1.00e+00h  1
 305  3.8067729e-02 7.88e-05 4.19e-02  -3.9 4.55e-02    -  1.00e+00 1.00e+00h  1
 306  3.8024248e-02 5.98e-05 8.61e-03  -3.9 4.81e-02    -  1.00e+00 1.00e+00h  1
 307  3.8019686e-02 7.11e-06 6.45e-03  -3.9 1.27e-02    -  1.00e+00 1.00e+00h  1
 308  3.8023462e-02 4.49e-06 1.04e-02  -3.9 1.49e-02    -  1.00e+00 1.00e+00h  1
 309  3.8046905e-02 1.21e-05 9.57e-03  -3.9 2.20e-02    -  1.00e+00 1.00e+00h  1
iter    objective    inf_pr   inf_du lg(mu)  ||d||  lg(rg) alpha_du alpha_pr  ls
 310  3.8030568e-02 6.64e-06 1.14e-02  -3.9 2.06e-02    -  1.00e+00 1.00e+00h  1
 311  3.8027447e-02 4.47e-06 6.19e-03  -3.9 1.31e-02    -  1.00e+00 1.00e+00h  1
 312  3.8054842e-02 1.07e-05 1.07e-02  -3.9 1.58e-02    -  1.00e+00 1.00e+00h  1
 313  3.8037466e-02 7.30e-06 7.04e-03  -3.9 1.63e-02    -  1.00e+00 1.00e+00h  1
 314  3.8048823e-02 1.40e-06 1.50e-02  -3.9 2.55e-02    -  1.00e+00 1.00e+00H  1
 315  3.7990419e-02 2.71e-05 1.46e-02  -4.0 3.81e-02    -  1.00e+00 1.00e+00h  1
 316  3.7766633e-02 5.49e-04 5.70e-02  -4.1 1.12e-01    -  1.00e+00 1.00e+00h  1
 317  3.7607443e-02 1.88e-04 7.17e-02  -4.1 8.35e-02    -  1.00e+00 1.00e+00h  1
 318  3.7558547e-02 2.65e-04 2.07e-01  -4.1 1.93e-01    -  1.00e+00 5.00e-01h  2
 319  3.7406673e-02 2.22e-04 3.76e-02  -4.1 6.94e-02    -  1.00e+00 1.00e+00h  1
iter    objective    inf_pr   inf_du lg(mu)  ||d||  lg(rg) alpha_du alpha_pr  ls
 320  3.7574679e-02 1.21e-04 3.04e-02  -4.0 8.70e-02    -  1.00e+00 1.00e+00h  1
 321  3.7110288e-02 1.19e-03 8.02e-02  -4.1 2.02e-01    -  1.00e+00 1.00e+00h  1
 322  3.7399536e-02 7.56e-03 1.99e-01  -4.0 5.80e-01    -  1.00e+00 1.00e+00h  1
 323  3.6634674e-02 3.04e-03 7.88e-02  -4.1 3.76e-01    -  1.00e+00 1.00e+00h  1
 324  3.7850944e-02 8.59e-03 1.39e+00  -3.8 1.10e+00    -  1.00e+00 5.00e-01h  2
 325  3.7995431e-02 5.20e-03 1.95e-01  -3.9 4.58e-01    -  1.00e+00 1.00e+00h  1
 326  3.7498051e-02 4.02e-03 6.63e-02  -3.9 3.94e-01    -  1.00e+00 1.00e+00h  1
 327  3.7662059e-02 4.39e-03 6.92e-02  -3.9 4.05e-01    -  1.00e+00 1.00e+00h  1
 328  3.7751614e-02 2.45e-03 2.91e-02  -3.9 2.86e-01    -  1.00e+00 1.00e+00h  1
 329  3.7916688e-02 7.61e-04 6.16e-02  -3.9 1.69e-01    -  1.00e+00 1.00e+00h  1
iter    objective    inf_pr   inf_du lg(mu)  ||d||  lg(rg) alpha_du alpha_pr  ls
 330  3.7962758e-02 3.17e-04 5.45e-02  -3.9 1.28e-01    -  1.00e+00 1.00e+00h  1
 331  3.7892281e-02 1.22e-04 2.28e-02  -3.9 8.30e-02    -  1.00e+00 1.00e+00h  1
 332  3.7980019e-02 9.54e-05 2.54e-02  -3.9 5.93e-02    -  1.00e+00 1.00e+00h  1
 333  3.7947576e-02 3.67e-05 1.34e-02  -3.9 2.99e-02    -  1.00e+00 1.00e+00h  1
 334  3.7900880e-02 9.89e-05 4.65e-02  -3.9 5.77e-02    -  1.00e+00 1.00e+00h  1
 335  3.7927840e-02 4.50e-05 6.61e-03  -3.9 4.09e-02    -  1.00e+00 1.00e+00h  1
 336  3.7954969e-02 4.37e-05 1.79e-02  -3.9 4.03e-02    -  1.00e+00 1.00e+00h  1
 337  3.7950996e-02 3.20e-05 1.04e-02  -3.9 3.34e-02    -  1.00e+00 1.00e+00h  1
 338  3.7958299e-02 2.08e-05 1.97e-02  -3.9 2.79e-02    -  1.00e+00 1.00e+00h  1
 339  3.7964869e-02 8.88e-06 5.19e-03  -3.9 1.83e-02    -  1.00e+00 1.00e+00h  1
iter    objective    inf_pr   inf_du lg(mu)  ||d||  lg(rg) alpha_du alpha_pr  ls
 340  3.7967718e-02 2.89e-06 5.40e-03  -3.9 1.09e-02    -  1.00e+00 1.00e+00h  1
 341  3.7978776e-02 1.96e-07 8.39e-03  -3.9 1.05e-02    -  1.00e+00 1.00e+00H  1
 342  3.7942209e-02 1.04e-05 6.20e-03  -4.0 1.89e-02    -  1.00e+00 1.00e+00h  1
 343  3.7655628e-02 5.25e-04 6.86e-02  -4.1 1.38e-01    -  1.00e+00 1.00e+00h  1
 344  3.7230373e-02 9.31e-04 1.35e-01  -4.1 2.16e-01    -  1.00e+00 1.00e+00h  1
 345  3.7538905e-02 1.59e-03 9.99e-02  -4.0 2.29e-01    -  1.00e+00 1.00e+00h  1
 346  3.6911990e-02 3.78e-03 1.44e-01  -4.1 4.26e-01    -  1.00e+00 1.00e+00h  1
 347  3.6882339e-02 1.28e-03 7.58e-02  -4.1 2.36e-01    -  1.00e+00 1.00e+00h  1
 348  3.7601135e-02 3.81e-03 1.26e-01  -4.0 3.35e-01    -  1.00e+00 1.00e+00h  1
 349  3.7032685e-02 2.65e-03 5.05e-01  -4.1 5.27e-01    -  8.39e-01 5.00e-01h  2
iter    objective    inf_pr   inf_du lg(mu)  ||d||  lg(rg) alpha_du alpha_pr  ls
 350  3.6529134e-02 2.56e-03 1.16e-01  -4.1 3.12e-01    -  1.00e+00 1.00e+00h  1
 351  3.7175837e-02 2.00e-03 3.25e-02  -4.0 2.66e-01    -  1.00e+00 1.00e+00h  1
 352  3.7123410e-02 2.02e-03 1.60e-01  -4.1 3.18e-01    -  8.48e-01 1.00e+00h  1
 353  3.6809139e-02 7.21e-04 7.10e-02  -4.1 1.63e-01    -  1.00e+00 1.00e+00h  1
 354  3.7169326e-02 1.12e-03 8.63e-01  -4.0 4.53e-01    -  1.00e+00 5.00e-01h  2
 355  3.6856042e-02 6.87e-04 9.62e-02  -4.1 2.66e-01    -  1.00e+00 1.00e+00H  1
 356  3.6593632e-02 1.19e-03 6.63e-02  -4.1 2.05e-01    -  1.00e+00 1.00e+00h  1
 357  3.7443823e-02 6.06e-03 1.44e-01  -4.0 6.38e-01    -  1.00e+00 1.00e+00h  1
 358  3.6543694e-02 4.60e-03 8.98e-02  -4.1 4.40e-01    -  1.00e+00 1.00e+00h  1
 359  3.6464487e-02 1.24e-02 9.28e-02  -4.1 7.01e-01    -  1.00e+00 1.00e+00h  1
iter    objective    inf_pr   inf_du lg(mu)  ||d||  lg(rg) alpha_du alpha_pr  ls
 360  3.6742577e-02 9.83e-03 5.72e-02  -4.0 6.28e-01    -  1.00e+00 1.00e+00h  1
 361  3.6344128e-02 3.82e-03 6.58e-02  -4.1 4.31e-01    -  1.00e+00 1.00e+00h  1
 362  3.6725530e-02 1.81e-02 4.86e-01  -4.0 7.20e-01    -  1.00e+00 1.00e+00h  1
 363  3.6571921e-02 6.42e-03 1.28e-01  -4.1 4.94e-01    -  9.98e-01 1.00e+00h  1
 364  3.6589996e-02 3.48e-03 1.14e+00  -3.8 4.50e-01    -  1.00e+00 5.00e-01h  2
 365  3.6631988e-02 2.62e-03 8.35e-01  -3.9 4.31e-01    -  1.00e+00 5.00e-01h  2
 366  3.6613892e-02 1.45e-03 9.02e-01  -4.0 2.92e-01    -  1.00e+00 5.00e-01h  2
 367  3.6812147e-02 7.62e-04 4.11e-01  -4.0 2.50e-01    -  1.00e+00 5.00e-01h  2
 368  3.7003274e-02 5.23e-04 7.01e-02  -4.1 2.00e-01    -  1.00e+00 1.00e+00h  1
 369  3.6940579e-02 6.69e-04 3.41e-02  -4.0 1.63e-01    -  1.00e+00 1.00e+00h  1
iter    objective    inf_pr   inf_du lg(mu)  ||d||  lg(rg) alpha_du alpha_pr  ls
 370  3.6971942e-02 1.66e-04 7.17e-02  -4.0 1.10e-01    -  1.00e+00 1.00e+00h  1
 371  3.7168723e-02 5.15e-04 8.16e-02  -4.0 1.75e-01    -  1.00e+00 1.00e+00h  1
 372  3.6892214e-02 9.76e-04 4.40e-02  -4.1 1.93e-01    -  1.00e+00 1.00e+00h  1
 373  3.6887124e-02 3.05e-04 7.02e-02  -4.1 1.08e-01    -  1.00e+00 1.00e+00h  1
 374  3.6938674e-02 1.62e-04 8.20e-01  -4.0 1.36e-01    -  1.00e+00 5.00e-01h  2
 375  3.7046929e-02 4.80e-04 1.12e-01  -4.0 9.82e-02    -  1.00e+00 1.00e+00h  1
 376  3.6912612e-02 2.23e-04 1.75e-02  -4.1 6.84e-02    -  1.00e+00 1.00e+00h  1
 377  3.7046131e-02 1.83e-04 4.50e-02  -4.0 8.85e-02    -  1.00e+00 1.00e+00h  1
 378  3.7033989e-02 8.05e-05 1.60e-02  -4.0 5.03e-02    -  1.00e+00 1.00e+00h  1
 379  3.7032978e-02 1.15e-05 9.56e-03  -4.0 1.80e-02    -  1.00e+00 1.00e+00h  1
iter    objective    inf_pr   inf_du lg(mu)  ||d||  lg(rg) alpha_du alpha_pr  ls
 380  3.7092364e-02 1.53e-05 1.49e-02  -4.0 2.16e-02    -  1.00e+00 1.00e+00h  1
 381  3.6910898e-02 1.34e-04 3.01e-02  -4.1 7.74e-02    -  1.00e+00 1.00e+00h  1
 382  3.7314940e-02 6.75e-04 8.36e-02  -4.0 1.86e-01    -  1.00e+00 1.00e+00h  1
 383  3.6838280e-02 8.91e-04 2.94e-02  -4.1 1.84e-01    -  1.00e+00 1.00e+00h  1
 384  3.6966783e-02 4.23e-04 7.23e-02  -4.1 1.38e-01    -  1.00e+00 1.00e+00h  1
 385  3.6756016e-02 1.40e-04 1.51e-02  -4.1 1.06e-01    -  1.00e+00 1.00e+00h  1
 386  3.7397372e-02 1.01e-04 2.13e-01  -4.0 1.95e-01    -  1.00e+00 1.00e+00H  1
 387  3.7003029e-02 7.77e-04 6.79e-02  -4.1 1.62e-01    -  1.00e+00 1.00e+00h  1
 388  3.6098874e-02 3.27e-03 1.93e-01  -4.1 3.93e-01    -  1.00e+00 1.00e+00h  1
 389  3.8827748e-02 3.63e-02 4.64e-01  -3.8 1.19e+00    -  1.00e+00 1.00e+00h  1
iter    objective    inf_pr   inf_du lg(mu)  ||d||  lg(rg) alpha_du alpha_pr  ls
 390  3.7755642e-02 5.48e-03 1.64e-01  -3.9 4.96e-01    -  1.00e+00 1.00e+00h  1
 391  3.7192419e-02 4.34e-03 2.57e-01  -3.9 7.68e-01    -  1.00e+00 5.00e-01h  2
 392  3.7437966e-02 5.86e-03 1.14e-01  -3.9 3.59e-01    -  8.94e-01 1.00e+00h  1
 393  3.7432739e-02 2.93e-03 7.51e-02  -3.9 3.55e-01    -  1.00e+00 1.00e+00h  1
 394  3.7118054e-02 1.21e-02 1.66e-01  -3.9 7.17e-01    -  1.00e+00 1.00e+00h  1
 395  3.7200407e-02 7.38e-03 4.11e-01  -3.9 4.99e-01    -  1.00e+00 5.00e-01h  2
 396  3.6843104e-02 6.91e-03 7.26e-02  -3.9 5.01e-01    -  1.00e+00 1.00e+00h  1
 397  3.7333837e-02 2.87e-03 7.49e-02  -3.9 3.52e-01    -  1.00e+00 1.00e+00h  1
 398  3.7731629e-02 2.96e-03 7.55e-02  -3.9 3.54e-01    -  1.00e+00 1.00e+00h  1
 399  3.7503991e-02 2.08e-03 4.62e-01  -3.9 4.58e-01    -  1.00e+00 5.00e-01h  2
iter    objective    inf_pr   inf_du lg(mu)  ||d||  lg(rg) alpha_du alpha_pr  ls
 400  3.7436611e-02 1.42e-03 1.08e-01  -3.9 4.75e-01    -  1.00e+00 5.00e-01h  2
 401  3.7666192e-02 9.00e-04 2.87e-02  -3.9 1.98e-01    -  1.00e+00 1.00e+00h  1
 402  3.8068156e-02 4.42e-04 1.15e-01  -3.9 1.68e-01    -  1.00e+00 1.00e+00h  1
 403  3.7818280e-02 5.35e-04 6.12e-02  -3.9 1.18e-01    -  1.00e+00 1.00e+00h  1
 404  3.7630897e-02 2.68e-03 2.85e-01  -3.9 3.09e-01    -  1.00e+00 1.00e+00h  1
 405  3.7712641e-02 8.07e-04 7.10e-02  -3.9 1.97e-01    -  1.00e+00 1.00e+00h  1
 406  3.7782701e-02 5.60e-04 6.75e-01  -3.9 1.76e-01    -  1.00e+00 5.00e-01h  2
 407  3.7858428e-02 2.60e-04 3.48e-02  -3.9 9.07e-02    -  1.00e+00 1.00e+00h  1
 408  3.7937553e-02 7.98e-05 3.32e-02  -3.9 5.73e-02    -  1.00e+00 1.00e+00h  1
 409  3.7917831e-02 1.30e-04 5.02e-02  -3.9 5.90e-02    -  1.00e+00 1.00e+00h  1
iter    objective    inf_pr   inf_du lg(mu)  ||d||  lg(rg) alpha_du alpha_pr  ls
 410  3.7901470e-02 1.01e-04 1.43e-02  -3.9 6.46e-02    -  1.00e+00 1.00e+00h  1
 411  3.7958940e-02 2.73e-05 3.89e-02  -3.9 5.01e-02    -  1.00e+00 1.00e+00H  1
 412  3.7910417e-02 5.09e-05 1.71e-02  -3.9 3.95e-02    -  1.00e+00 1.00e+00h  1
 413  3.7907028e-02 2.60e-05 1.87e-02  -3.9 3.30e-02    -  1.00e+00 1.00e+00h  1
 414  3.7927812e-02 7.04e-06 1.29e-02  -3.9 1.76e-02    -  1.00e+00 1.00e+00h  1
 415  3.7925173e-02 1.32e-05 2.04e-02  -3.9 1.80e-02    -  1.00e+00 1.00e+00h  1
 416  3.7923876e-02 5.23e-06 3.61e-03  -3.9 1.11e-02    -  1.00e+00 1.00e+00h  1
 417  3.7934130e-02 7.24e-07 1.45e-02  -3.9 1.70e-02    -  1.00e+00 1.00e+00H  1
 418  3.7912509e-02 4.22e-06 5.96e-03  -4.0 1.20e-02    -  1.00e+00 1.00e+00h  1
 419  3.7829140e-02 6.86e-05 2.41e-02  -4.1 4.81e-02    -  1.00e+00 1.00e+00h  1
iter    objective    inf_pr   inf_du lg(mu)  ||d||  lg(rg) alpha_du alpha_pr  ls
 420  3.7624669e-02 2.78e-04 6.78e-02  -4.1 1.05e-01    -  1.00e+00 1.00e+00h  1
 421  3.7398827e-02 1.10e-03 7.25e-02  -4.1 1.67e-01    -  1.00e+00 1.00e+00h  1
 422  3.7447959e-02 5.72e-04 3.15e-02  -4.1 1.23e-01    -  1.00e+00 1.00e+00h  1
 423  3.7322115e-02 3.23e-04 3.67e-02  -4.1 1.31e-01    -  1.00e+00 1.00e+00h  1
 424  3.7184755e-02 1.01e-04 5.65e-02  -4.1 9.75e-02    -  1.00e+00 1.00e+00H  1
 425  3.7195545e-02 1.75e-04 5.23e-02  -4.1 1.04e-01    -  1.00e+00 1.00e+00h  1
 426  3.7168912e-02 2.16e-04 3.63e-02  -4.1 8.03e-02    -  1.00e+00 1.00e+00h  1
 427  3.7080102e-02 1.59e-04 2.53e-02  -4.1 7.26e-02    -  1.00e+00 1.00e+00h  1
 428  3.7077408e-02 3.52e-05 1.65e-02  -4.1 3.22e-02    -  1.00e+00 1.00e+00h  1
 429  3.7071523e-02 5.25e-05 3.00e-01  -4.1 7.60e-02    -  1.00e+00 5.00e-01h  2
iter    objective    inf_pr   inf_du lg(mu)  ||d||  lg(rg) alpha_du alpha_pr  ls
 430  3.7019186e-02 2.34e-05 9.81e-03  -4.1 3.40e-02    -  1.00e+00 1.00e+00h  1
 431  3.7104746e-02 5.13e-05 1.47e-02  -4.0 3.72e-02    -  1.00e+00 1.00e+00h  1
 432  3.7014486e-02 4.13e-05 1.45e-02  -4.1 4.16e-02    -  1.00e+00 1.00e+00h  1
 433  3.7324848e-02 7.14e-04 6.86e-02  -4.0 1.33e-01    -  1.00e+00 1.00e+00h  1
 434  3.6876755e-02 9.05e-04 5.17e-02  -4.1 1.99e-01    -  1.00e+00 1.00e+00h  1
 435  3.6700947e-02 1.02e-03 2.85e-01  -4.1 3.22e-01    -  1.00e+00 5.00e-01h  2
 436  3.6796494e-02 4.21e-04 3.40e-02  -4.1 1.14e-01    -  1.00e+00 1.00e+00h  1
 437  3.6839890e-02 4.42e-04 4.69e-01  -4.1 1.60e-01    -  1.00e+00 5.00e-01h  2
 438  3.6821708e-02 2.40e-04 2.70e-02  -4.1 8.92e-02    -  1.00e+00 1.00e+00h  1
 439  3.7401495e-02 4.95e-05 1.93e-01  -4.0 1.86e-01    -  1.00e+00 1.00e+00H  1
iter    objective    inf_pr   inf_du lg(mu)  ||d||  lg(rg) alpha_du alpha_pr  ls
 440  3.6941052e-02 1.28e-03 6.25e-02  -4.1 2.22e-01    -  1.00e+00 1.00e+00h  1
 441  3.6158961e-02 3.25e-03 1.99e-01  -4.1 3.61e-01    -  1.00e+00 1.00e+00h  1
 442  3.6952601e-02 4.43e-03 1.23e-01  -4.0 4.09e-01    -  1.00e+00 1.00e+00h  1
 443  3.6427946e-02 6.38e-03 1.63e-01  -4.1 3.96e-01    -  8.56e-01 1.00e+00h  1
 444  3.7052393e-02 4.14e-03 4.44e-02  -4.0 3.59e-01    -  1.00e+00 1.00e+00h  1
 445  3.7626208e-02 5.57e-03 9.67e-01  -4.1 5.06e-01    -  3.04e-01 6.43e-01H  1
 446  3.6581071e-02 2.61e-03 5.82e-01  -4.1 2.89e-01    -  2.22e-01 1.00e+00h  1
 447  3.7516253e-02 2.32e-03 2.93e-01  -4.1 3.83e-01    -  7.29e-01 8.06e-01h  1
 448  3.6283724e-02 1.48e-03 9.97e-01  -4.1 2.44e-01    -  2.80e-01 1.00e+00f  1
 449  3.6864501e-02 3.40e-03 7.29e+00  -3.6 1.30e+00    -  1.00e+00 2.17e-01h  1
iter    objective    inf_pr   inf_du lg(mu)  ||d||  lg(rg) alpha_du alpha_pr  ls
 450  3.8276453e-02 1.09e-02 3.66e-01  -3.7 7.28e-01    -  1.00e+00 1.00e+00h  1
 451  3.9334539e-02 2.69e-02 5.20e-01  -3.7 1.06e+00    -  1.00e+00 1.00e+00h  1
 452  3.9672004e-02 9.98e-03 1.98e-01  -3.7 6.22e-01    -  1.00e+00 1.00e+00h  1
 453  4.0151246e-02 6.60e-03 3.73e-01  -3.7 4.81e-01    -  5.74e-01 1.00e+00h  1
 454  3.9625778e-02 5.10e-03 7.61e-02  -3.7 3.73e-01    -  1.00e+00 1.00e+00h  1
 455  3.9926890e-02 2.95e-03 1.74e-01  -3.7 3.44e-01    -  1.00e+00 5.00e-01h  2
 456  4.0270720e-02 2.03e-03 5.62e-01  -3.7 3.96e-01    -  1.00e+00 5.00e-01h  2
 457  4.0524702e-02 1.48e-03 8.77e-02  -3.7 1.92e-01    -  1.00e+00 1.00e+00h  1
 458  4.0490763e-02 6.79e-04 1.14e-01  -3.7 1.84e-01    -  1.00e+00 1.00e+00h  1
 459  4.0578010e-02 8.15e-04 3.98e-01  -3.7 2.78e-01    -  1.00e+00 5.00e-01h  2
iter    objective    inf_pr   inf_du lg(mu)  ||d||  lg(rg) alpha_du alpha_pr  ls
 460  4.0603562e-02 4.84e-04 3.71e-01  -3.7 1.56e-01    -  1.00e+00 5.00e-01h  2
 461  4.0744950e-02 3.29e-04 5.43e-01  -3.7 1.67e-01    -  1.00e+00 5.00e-01h  2
 462  4.1115068e-02 2.95e-05 9.26e-02  -3.7 1.32e-01    -  1.00e+00 1.00e+00H  1
 463  4.1150902e-02 8.16e-05 6.94e-01  -3.7 2.03e-01    -  1.00e+00 2.50e-01h  3
 464  4.1095162e-02 5.84e-05 7.51e-02  -3.7 1.08e-01    -  1.00e+00 1.00e+00H  1
 465  4.1166046e-02 5.89e-05 6.27e-02  -3.7 8.57e-02    -  1.00e+00 1.00e+00H  1
 466  4.1410739e-02 5.43e-05 8.74e-02  -3.7 1.66e-01    -  1.00e+00 1.00e+00H  1
 467  4.1577674e-02 5.22e-04 5.60e-01  -3.7 2.89e-01    -  1.00e+00 5.00e-01h  2
 468  4.1247991e-02 8.68e-04 7.30e-02  -3.7 2.31e-01    -  1.00e+00 1.00e+00h  1
 469  4.1291532e-02 3.11e-04 6.63e-02  -3.7 1.31e-01    -  1.00e+00 1.00e+00h  1
iter    objective    inf_pr   inf_du lg(mu)  ||d||  lg(rg) alpha_du alpha_pr  ls
 470  4.1303287e-02 3.01e-04 4.14e-02  -3.7 9.40e-02    -  1.00e+00 1.00e+00h  1
 471  4.1441477e-02 3.26e-04 2.72e-01  -3.7 1.96e-01    -  1.00e+00 5.00e-01h  2
 472  4.1501101e-02 1.02e-04 4.57e-02  -3.7 6.01e-02    -  1.00e+00 1.00e+00h  1
 473  4.1490342e-02 3.31e-05 2.19e-02  -3.7 4.25e-02    -  1.00e+00 1.00e+00h  1
 474  4.1526510e-02 1.30e-05 8.72e-03  -3.7 2.39e-02    -  1.00e+00 1.00e+00h  1
 475  4.1553761e-02 1.16e-06 1.20e-02  -3.7 1.92e-02    -  1.00e+00 1.00e+00H  1
 476  4.1623935e-02 6.09e-06 6.70e-02  -3.7 6.10e-02    -  1.00e+00 1.00e+00H  1
 477  4.1644291e-02 4.06e-05 1.51e-01  -3.7 2.29e-01    -  1.00e+00 2.50e-01h  3
 478  4.1652443e-02 5.66e-05 1.39e-01  -3.7 2.92e-01    -  1.00e+00 1.25e-01h  4
 479  4.1661827e-02 1.47e-04 1.34e-01  -3.7 3.36e-01    -  1.00e+00 2.50e-01h  3
iter    objective    inf_pr   inf_du lg(mu)  ||d||  lg(rg) alpha_du alpha_pr  ls
 480  4.1658719e-02 1.50e-04 2.23e-01  -3.7 2.39e-01    -  1.00e+00 1.25e-01h  4
 481  4.1768943e-02 7.03e-04 1.06e-01  -3.7 2.31e-01    -  1.00e+00 1.00e+00h  1
 482  4.1773042e-02 3.26e-04 1.89e-01  -3.7 1.30e-01    -  1.00e+00 1.00e+00h  1
 483  4.1782227e-02 1.31e-04 4.85e-02  -3.7 7.93e-02    -  1.00e+00 1.00e+00h  1
 484  4.1765401e-02 1.04e-04 1.72e-02  -3.7 5.25e-02    -  1.00e+00 1.00e+00h  1
 485  4.1784629e-02 4.20e-05 3.44e-02  -3.7 5.41e-02    -  1.00e+00 1.00e+00h  1
 486  4.1772544e-02 2.82e-05 6.67e-03  -3.7 3.40e-02    -  1.00e+00 1.00e+00h  1
 487  4.1774547e-02 1.46e-06 4.41e-03  -3.7 9.14e-03    -  1.00e+00 1.00e+00h  1
 488  4.1779329e-02 2.92e-06 7.43e-03  -3.7 1.07e-02    -  1.00e+00 1.00e+00h  1
 489  4.1782645e-02 2.76e-06 7.27e-03  -3.7 1.27e-02    -  1.00e+00 1.00e+00h  1
iter    objective    inf_pr   inf_du lg(mu)  ||d||  lg(rg) alpha_du alpha_pr  ls
 490  4.1779190e-02 1.27e-06 3.49e-03  -3.7 7.21e-03    -  1.00e+00 1.00e+00h  1
 491  4.1778509e-02 7.39e-07 2.17e-03  -3.7 4.45e-03    -  1.00e+00 1.00e+00h  1
 492  4.1777734e-02 1.68e-07 7.05e-03  -3.7 9.02e-03    -  1.00e+00 1.00e+00H  1
 493  4.1592890e-02 1.52e-04 2.43e-02  -4.0 8.07e-02    -  1.00e+00 1.00e+00h  1
 494  3.9629914e-02 1.94e-02 4.16e-01  -4.1 1.50e+00    -  1.00e+00 4.95e-01h  2
 495  3.6731592e-02 5.80e-02 1.05e+00  -4.1 1.34e+00    -  1.00e+00 1.00e+00h  1
 496  3.5825673e-02 4.00e-02 5.58e-01  -4.1 1.53e+00    -  9.44e-01 1.00e+00h  1
 497  3.6487135e-02 1.64e-02 2.32e-01  -4.0 9.19e-01    -  1.00e+00 1.00e+00h  1
 498  3.6870977e-02 7.98e-03 1.60e-01  -4.1 9.45e-01    -  8.01e-01 8.97e-01h  1
 499  3.6382971e-02 6.44e-03 1.50e-01  -4.1 5.35e-01    -  9.14e-01 1.00e+00h  1
iter    objective    inf_pr   inf_du lg(mu)  ||d||  lg(rg) alpha_du alpha_pr  ls
 500  3.6495970e-02 5.52e-03 2.17e-01  -4.1 7.77e-01    -  1.00e+00 5.00e-01h  2

Number of Iterations....: 500

                                   (scaled)                 (unscaled)
Objective...............:   3.6495970416349201e-02    3.6495970416349201e-02
Dual infeasibility......:   2.1694483724819152e-01    2.1694483724819152e-01
Constraint violation....:   5.5175823270037228e-03    5.5175823270037228e-03
Variable bound violation:   0.0000000000000000e+00    0.0000000000000000e+00
Complementarity.........:   8.9025728939265240e-05    8.9025728939265240e-05
Overall NLP error.......:   2.1694483724819152e-01    2.1694483724819152e-01


Number of objective function evaluations             = 727
Number of objective gradient evaluations             = 501
Number of equality constraint evaluations            = 727
Number of inequality constraint evaluations          = 727
Number of equality constraint Jacobian evaluations   = 501
Number of inequality constraint Jacobian evaluations = 501
Number of Lagrangian Hessian evaluations             = 0
Total seconds in IPOPT                               = 800.462

EXIT: Maximum Number of Iterations Exceeded.
