This is Ipopt version 3.14.19, running with linear solver MUMPS 5.8.2.

Number of nonzeros in equality constraint Jacobian...:   466444
Number of nonzeros in inequality constraint Jacobian.:       32
Number of nonzeros in Lagrangian Hessian.............:        0

Total number of variables............................:     1539
                     variables with only lower bounds:        0
                variables with lower and upper bounds:      378
                     variables with only upper bounds:        0
Total number of equality constraints.................:     1458
Total number of inequality constraints...............:        1
        inequality constraints with only lower bounds:        0
   inequality constraints with lower and upper bounds:        0
        inequality constraints with only upper bounds:        1

iter    objective    inf_pr   inf_du lg(mu)  ||d||  lg(rg) alpha_du alpha_pr  ls
   0  4.8972080e-02 7.45e+00 4.68e-03   0.0 0.00e+00    -  0.00e+00 0.00e+00   0
   1  4.8986537e-02 7.39e+00 7.25e+01  -0.0 1.22e+01    -  2.55e-01 8.36e-03h  1
   2  2.9961371e-01 5.68e+00 9.14e+01  -0.0 3.00e+01    -  4.15e-01 2.22e-01f  1
   3  1.6908821e+00 8.44e+00 1.18e+02  -0.0 2.00e+01    -  4.10e-01 5.57e-01f  1
   4  2.9524134e+00 5.74e+00 1.37e+02  -0.1 2.23e+01    -  5.37e-01 4.15e-01h  1
   5  2.9509742e+00 5.55e+00 1.73e+03   0.5 9.26e+00    -  1.00e+00 3.31e-02h  1
   6  4.4034939e+00 8.31e+00 4.10e+02   0.4 2.08e+01    -  7.68e-01 7.16e-01h  1
   7  5.5778304e+00 5.34e+00 5.19e+02   0.3 2.14e+01    -  9.97e-01 4.51e-01h  1
   8  6.1027604e+00 4.48e+00 4.97e+02   0.3 2.72e+01    -  9.59e-01 3.98e-01h  1
   9  5.7552852e+00 2.34e+00 4.93e+02  -0.0 7.62e+00    -  1.00e+00 5.20e-01h  1
iter    objective    inf_pr   inf_du lg(mu)  ||d||  lg(rg) alpha_du alpha_pr  ls
  10  5.5713702e+00 1.81e+00 1.38e+03  -0.2 1.39e+01    -  1.00e+00 4.69e-01h  1
  11  5.2164556e+00 1.12e+00 2.71e+03  -0.4 1.01e+01    -  1.00e+00 5.40e-01h  1
  12  5.1539056e+00 7.91e-01 2.68e+04  -0.0 5.38e+00    -  1.00e+00 2.81e-01h  1
  13  5.0646048e+00 6.51e-01 6.40e+04  -0.2 9.08e+00    -  1.00e+00 2.62e-01h  2
  14  5.0534514e+00 2.73e+00 1.93e+04   0.1 1.18e+01    -  1.00e+00 4.87e-01f  2
  15  5.7939492e+00 1.25e+01 4.34e+03   0.4 1.37e+01    -  1.00e+00 1.00e+00f  1
  16  5.3673825e+00 6.17e+00 2.00e+04   0.3 6.92e+00    -  7.49e-01 1.00e+00f  1
  17  4.6239358e+00 2.49e+00 3.74e+02   0.3 6.48e+00    -  1.00e+00 1.00e+00f  1
  18  4.4930665e+00 1.04e+00 7.48e+03  -0.4 3.68e+00    -  1.00e+00 6.07e-01h  1
  19  4.3590600e+00 2.31e-01 3.25e+02  -0.7 2.56e+00    -  1.00e+00 1.00e+00h  1
iter    objective    inf_pr   inf_du lg(mu)  ||d||  lg(rg) alpha_du alpha_pr  ls
  20  4.2789272e+00 7.19e-02 8.46e+01  -1.6 9.51e-01    -  1.00e+00 1.00e+00h  1
  21  4.1732419e+00 1.52e-02 1.44e+01  -2.9 6.49e-01    -  1.00e+00 1.00e+00h  1
  22  3.6575076e+00 2.98e-01 2.97e+01  -3.3 1.95e+00    -  1.00e+00 1.00e+00h  1
  23  3.4048093e+00 2.21e-01 2.18e+01  -3.0 1.82e+00    -  1.00e+00 5.41e-01h  1
  24  2.2770103e+00 3.23e+00 9.72e+02  -1.6 3.11e+02    -  1.00e+00 1.95e-02f  1
  25  1.4100823e+00 2.87e+00 1.00e+02  -1.6 7.67e+00    -  1.00e+00 9.22e-01h  1
  26  1.1584703e+00 2.34e+00 5.62e+00  -1.9 8.61e+00    -  1.00e+00 1.00e+00h  1
  27  8.2202497e-01 8.44e-01 3.72e+00  -2.2 7.15e+00    -  1.00e+00 1.00e+00h  1
  28  7.5391383e-01 1.01e+00 2.55e+01  -1.7 4.13e+00    -  1.00e+00 9.42e-01h  1
  29  5.9338717e-01 6.03e-01 2.28e+00  -2.1 3.07e+00    -  1.00e+00 1.00e+00h  1
iter    objective    inf_pr   inf_du lg(mu)  ||d||  lg(rg) alpha_du alpha_pr  ls
  30  4.6968781e-01 4.46e-01 2.19e+00  -2.2 3.45e+00    -  1.00e+00 1.00e+00h  1
  31  3.7487497e-01 1.91e+00 5.32e+00  -2.3 3.79e+00    -  1.00e+00 9.94e-01h  1
  32  2.7028413e-01 4.08e-01 2.66e+00  -2.7 2.69e+00    -  9.99e-01 1.00e+00h  1
  33  3.3129922e-01 9.65e-01 8.99e+02  -1.5 8.77e+00    -  9.67e-01 3.23e-01h  1
  34  4.0791127e-01 9.14e-01 4.46e+00  -1.6 3.27e+00    -  1.00e+00 1.00e+00h  1
  35  3.7629531e-01 3.58e-01 3.57e+00  -1.6 2.62e+00    -  1.00e+00 1.00e+00h  1
  36  3.0425943e-01 2.26e-01 1.20e+00  -2.2 1.57e+00    -  9.99e-01 1.00e+00h  1
  37  2.3843808e-01 3.66e-01 2.78e+00  -2.8 1.81e+00    -  1.00e+00 1.00e+00h  1
  38  2.7225725e-01 5.33e-01 1.35e+01  -2.0 2.92e+00    -  9.65e-01 1.00e+00h  1
  39  2.3800755e-01 2.25e-01 1.69e+00  -2.1 1.93e+00    -  1.00e+00 1.00e+00h  1
iter    objective    inf_pr   inf_du lg(mu)  ||d||  lg(rg) alpha_du alpha_pr  ls
  40  1.7634259e-01 2.76e-01 2.09e+00  -2.7 2.29e+00    -  1.00e+00 1.00e+00h  1
  41  1.5181225e-01 1.74e-01 7.36e-01  -3.0 1.42e+00    -  1.00e+00 1.00e+00h  1
  42  1.3107821e-01 2.97e-01 1.93e+00  -3.4 1.47e+00    -  1.00e+00 1.00e+00h  1
  43  1.3237023e-01 4.20e-01 1.49e+00  -2.7 2.34e+00    -  1.00e+00 1.00e+00h  1
  44  9.9458561e-02 1.96e-01 1.17e+00  -2.8 1.96e+00    -  1.00e+00 1.00e+00h  1
  45  8.7282562e-02 7.43e-02 8.68e-01  -3.2 1.01e+00    -  1.00e+00 1.00e+00h  1
  46  7.3619554e-02 1.17e-01 1.49e+00  -3.9 9.56e-01    -  1.00e+00 1.00e+00h  1
  47  6.7273755e-02 2.06e-01 4.61e+00  -3.2 1.97e+00    -  1.00e+00 7.94e-01h  1
  48  6.8529783e-02 1.90e-01 9.22e-01  -3.3 1.37e+00    -  1.00e+00 1.00e+00h  1
  49  5.7821693e-02 7.28e-02 4.84e-01  -3.9 1.18e+00    -  1.00e+00 1.00e+00h  1
iter    objective    inf_pr   inf_du lg(mu)  ||d||  lg(rg) alpha_du alpha_pr  ls
  50  5.8239730e-02 6.36e-02 7.23e-01  -4.0 5.47e-01    -  1.00e+00 1.00e+00h  1
  51  5.6993661e-02 1.31e-02 3.06e-01  -4.0 5.12e-01    -  1.00e+00 1.00e+00h  1
  52  5.7552198e-02 7.47e-03 3.90e-01  -4.0 2.60e-01    -  1.00e+00 1.00e+00h  1
  53  5.5744911e-02 2.50e-02 7.90e-01  -4.0 5.25e-01    -  1.00e+00 1.00e+00h  1
  54  5.8554917e-02 2.91e-01 1.58e+01  -3.2 4.93e+00    -  1.00e+00 4.08e-01h  2
  55  5.1234395e-02 7.87e-02 1.82e+00  -3.3 1.24e+00    -  1.00e+00 1.00e+00h  1
  56  4.8304625e-02 4.06e-02 4.41e-01  -3.8 7.36e-01    -  1.00e+00 9.99e-01h  1
  57  4.6922130e-02 1.92e-02 3.94e-01  -4.0 5.08e-01    -  1.00e+00 1.00e+00h  1
  58  4.6873810e-02 9.13e-03 2.86e-01  -4.0 3.41e-01    -  1.00e+00 1.00e+00h  1
  59  4.6577586e-02 1.59e-02 2.30e-01  -4.0 2.84e-01    -  1.00e+00 1.00e+00h  1
iter    objective    inf_pr   inf_du lg(mu)  ||d||  lg(rg) alpha_du alpha_pr  ls
  60  4.5594033e-02 3.35e-01 5.68e-01  -4.0 1.31e+00    -  1.00e+00 1.00e+00h  1
  61  4.7092436e-02 1.89e-01 6.75e-01  -3.6 1.22e+00    -  1.00e+00 1.00e+00h  1
  62  4.3256836e-02 4.71e-02 1.92e-01  -3.7 6.56e-01    -  1.00e+00 1.00e+00h  1
  63  4.2906104e-02 4.04e-02 7.23e-02  -4.0 5.32e-01    -  1.00e+00 1.00e+00h  1
  64  4.2459535e-02 6.16e-03 1.49e-01  -4.0 3.28e-01    -  1.00e+00 1.00e+00h  1
  65  4.2640114e-02 2.36e-03 1.84e-01  -4.0 1.46e-01    -  1.00e+00 1.00e+00h  1
  66  4.2496650e-02 5.59e-03 1.15e-01  -4.0 2.15e-01    -  1.00e+00 1.00e+00h  1
  67  4.2403105e-02 6.43e-02 3.81e-01  -4.0 8.00e-01    -  1.00e+00 1.00e+00h  1
  68  4.2505663e-02 2.87e-02 3.85e-01  -4.0 4.95e-01    -  1.00e+00 1.00e+00h  1
  69  4.1749274e-02 1.19e-02 1.62e-01  -4.1 3.76e-01    -  1.00e+00 1.00e+00h  1
iter    objective    inf_pr   inf_du lg(mu)  ||d||  lg(rg) alpha_du alpha_pr  ls
  70  4.1522579e-02 6.63e-03 6.46e-02  -4.0 2.43e-01    -  1.00e+00 1.00e+00h  1
  71  4.1634944e-02 2.03e-03 7.71e-02  -4.0 1.06e-01    -  1.00e+00 1.00e+00h  1
  72  4.1541055e-02 7.57e-03 9.38e-02  -4.0 2.01e-01    -  1.00e+00 1.00e+00h  1
  73  4.1317315e-02 4.15e-02 5.02e-01  -4.1 1.03e+00    -  1.00e+00 5.00e-01h  2
  74  4.1140430e-02 4.21e-02 4.00e-01  -4.0 1.26e+00    -  1.00e+00 2.50e-01h  3
  75  4.0904760e-02 6.47e-02 4.23e-01  -4.0 8.49e-01    -  1.00e+00 1.00e+00h  1
  76  4.0992930e-02 2.86e-02 2.37e-01  -4.0 3.95e-01    -  1.00e+00 1.00e+00h  1
  77  4.0392053e-02 7.47e-03 7.66e-02  -4.0 3.05e-01    -  1.00e+00 1.00e+00h  1
  78  4.0553130e-02 1.46e-03 7.20e-02  -4.0 1.40e-01    -  1.00e+00 1.00e+00h  1
  79  4.0420090e-02 3.72e-03 7.35e-02  -4.0 2.19e-01    -  1.00e+00 1.00e+00h  1
iter    objective    inf_pr   inf_du lg(mu)  ||d||  lg(rg) alpha_du alpha_pr  ls
  80  4.0196714e-02 1.18e-02 1.98e-01  -4.0 7.74e-01    -  1.00e+00 5.00e-01h  2
  81  4.0089190e-02 2.73e-02 2.77e-01  -4.0 1.12e+00    -  1.00e+00 5.00e-01h  2
  82  4.0657582e-02 2.20e-02 4.02e-01  -4.0 7.73e-01    -  1.00e+00 1.00e+00H  1
  83  3.9982323e-02 1.71e-02 2.04e-01  -4.1 4.05e-01    -  1.00e+00 1.00e+00h  1
  84  3.9476526e-02 7.49e-03 5.13e-02  -4.0 2.66e-01    -  1.00e+00 1.00e+00h  1
  85  3.9444311e-02 2.34e-03 5.75e-02  -4.0 1.74e-01    -  1.00e+00 1.00e+00h  1
  86  3.9462818e-02 9.31e-03 6.81e-02  -4.0 3.25e-01    -  1.00e+00 1.00e+00h  1
  87  3.9337997e-02 1.10e-02 5.02e-01  -4.1 6.30e-01    -  1.00e+00 5.00e-01h  2
  88  3.9210476e-02 5.82e-03 1.18e-01  -4.0 2.88e-01    -  1.00e+00 1.00e+00h  1
  89  3.9226926e-02 2.75e-03 4.67e-02  -4.0 1.68e-01    -  1.00e+00 1.00e+00h  1
iter    objective    inf_pr   inf_du lg(mu)  ||d||  lg(rg) alpha_du alpha_pr  ls
  90  3.9221614e-02 8.69e-04 2.33e-02  -4.0 8.08e-02    -  1.00e+00 1.00e+00h  1
  91  3.9211865e-02 5.13e-04 2.43e-02  -4.0 8.23e-02    -  1.00e+00 1.00e+00h  1
  92  3.9268506e-02 1.89e-04 1.04e-01  -4.0 2.56e-01    -  1.00e+00 1.00e+00H  1
  93  3.9247237e-02 4.12e-03 1.52e-01  -4.0 1.97e-01    -  1.00e+00 1.00e+00h  1
  94  3.9085843e-02 2.19e-03 7.98e-02  -4.1 1.48e-01    -  1.00e+00 1.00e+00h  1
  95  3.9071110e-02 2.13e-03 3.03e-02  -4.0 1.56e-01    -  1.00e+00 1.00e+00h  1
  96  3.9094426e-02 3.54e-04 3.82e-02  -4.0 1.36e-01    -  1.00e+00 1.00e+00H  1
  97  3.9223266e-02 2.51e-04 8.85e-02  -4.0 1.45e-01    -  1.00e+00 1.00e+00H  1
  98  3.9066656e-02 9.25e-04 5.59e-02  -4.0 1.12e-01    -  1.00e+00 1.00e+00h  1
  99  3.9040409e-02 3.50e-04 2.76e-02  -4.0 6.54e-02    -  1.00e+00 1.00e+00h  1
iter    objective    inf_pr   inf_du lg(mu)  ||d||  lg(rg) alpha_du alpha_pr  ls
 100  3.9044933e-02 3.17e-04 1.60e-02  -4.0 5.97e-02    -  1.00e+00 1.00e+00h  1
 101  3.9022191e-02 2.72e-04 1.69e-01  -4.1 4.04e-01    -  1.00e+00 1.00e+00H  1
 102  3.9038019e-02 1.78e-02 3.18e-01  -4.0 4.54e-01    -  1.00e+00 1.00e+00h  1
 103  3.9001408e-02 1.56e-02 5.36e-01  -4.1 4.65e-01    -  1.00e+00 5.00e-01h  2
 104  3.8764247e-02 9.56e-03 6.87e-02  -4.0 2.08e-01    -  1.00e+00 1.00e+00h  1
 105  3.8858043e-02 2.82e-03 3.74e-02  -4.0 1.34e-01    -  1.00e+00 1.00e+00h  1
 106  3.8823721e-02 1.25e-03 3.33e-02  -4.0 9.95e-02    -  1.00e+00 1.00e+00h  1
 107  3.8854389e-02 4.32e-04 2.82e-02  -4.0 6.19e-02    -  1.00e+00 1.00e+00h  1
 108  3.8833009e-02 1.19e-04 3.28e-02  -4.0 5.25e-02    -  1.00e+00 1.00e+00h  1
 109  3.8832058e-02 2.01e-04 1.23e-02  -4.0 3.27e-02    -  1.00e+00 1.00e+00h  1
iter    objective    inf_pr   inf_du lg(mu)  ||d||  lg(rg) alpha_du alpha_pr  ls
 110  3.8820419e-02 1.53e-03 5.64e-02  -4.0 1.12e-01    -  1.00e+00 1.00e+00h  1
 111  3.9216440e-02 1.09e-03 2.44e-01  -4.0 4.69e-01    -  1.00e+00 1.00e+00H  1
 112  3.8668328e-02 5.69e-03 1.71e-01  -4.1 2.71e-01    -  1.00e+00 1.00e+00h  1
 113  3.8711153e-02 1.08e-03 2.27e-02  -4.0 1.72e-01    -  1.00e+00 1.00e+00h  1
 114  3.8766958e-02 6.67e-04 2.46e-02  -4.0 1.03e-01    -  1.00e+00 1.00e+00h  1
 115  3.8745399e-02 2.73e-04 1.26e-02  -4.0 4.50e-02    -  1.00e+00 1.00e+00h  1
 116  3.8749503e-02 8.23e-05 1.11e-02  -4.0 1.56e-02    -  1.00e+00 1.00e+00h  1
 117  3.8748296e-02 1.11e-04 7.17e-03  -4.0 2.39e-02    -  1.00e+00 1.00e+00h  1
 118  3.8847626e-02 6.32e-05 8.54e-02  -4.0 2.44e-01    -  1.00e+00 1.00e+00H  1
 119  3.8608908e-02 2.59e-03 1.22e-01  -4.1 1.17e-01    -  1.00e+00 1.00e+00h  1
iter    objective    inf_pr   inf_du lg(mu)  ||d||  lg(rg) alpha_du alpha_pr  ls
 120  3.8657455e-02 2.44e-03 5.58e-02  -4.0 1.87e-01    -  1.00e+00 1.00e+00h  1
 121  3.8659118e-02 8.03e-04 2.21e-02  -4.1 6.81e-02    -  1.00e+00 1.00e+00h  1
 122  3.8698901e-02 8.33e-04 3.42e-02  -4.0 9.46e-02    -  1.00e+00 1.00e+00h  1
 123  3.8627589e-02 8.28e-04 4.09e-02  -4.1 7.37e-02    -  1.00e+00 1.00e+00h  1
 124  3.8644708e-02 6.48e-04 1.27e-02  -4.0 4.69e-02    -  1.00e+00 1.00e+00h  1
 125  3.8678175e-02 1.34e-04 1.41e-02  -4.0 2.20e-02    -  1.00e+00 1.00e+00h  1
 126  3.8669938e-02 2.34e-04 1.27e-02  -4.0 3.92e-02    -  1.00e+00 1.00e+00h  1
 127  3.8626842e-02 6.58e-03 7.69e-01  -4.1 7.98e-01    -  1.00e+00 2.50e-01h  3
 128  3.8567942e-02 9.73e-03 3.88e-01  -4.1 3.89e-01    -  1.00e+00 5.00e-01h  2
 129  3.8874189e-02 2.48e-03 1.80e-01  -4.0 2.17e-01    -  1.00e+00 1.00e+00H  1
iter    objective    inf_pr   inf_du lg(mu)  ||d||  lg(rg) alpha_du alpha_pr  ls
 130  3.8516259e-02 5.33e-03 6.06e-02  -4.1 1.81e-01    -  1.00e+00 1.00e+00h  1
 131  3.8550128e-02 2.97e-03 3.01e-02  -4.0 1.37e-01    -  1.00e+00 1.00e+00h  1
 132  3.8725802e-02 3.45e-03 1.22e-01  -4.0 1.72e-01    -  1.00e+00 1.00e+00h  1
 133  3.8480360e-02 1.71e-03 1.75e-02  -4.1 1.35e-01    -  1.00e+00 1.00e+00h  1
 134  3.8564678e-02 1.93e-04 1.34e-02  -4.0 4.12e-02    -  1.00e+00 1.00e+00h  1
 135  3.8577278e-02 6.95e-05 1.37e-02  -4.0 2.47e-02    -  1.00e+00 1.00e+00h  1
 136  3.8592884e-02 2.49e-04 1.74e-02  -4.0 4.34e-02    -  1.00e+00 1.00e+00h  1
 137  3.8515365e-02 5.23e-04 2.96e-02  -4.1 5.80e-02    -  1.00e+00 1.00e+00h  1
 138  3.8572531e-02 3.38e-04 1.65e-02  -4.0 5.42e-02    -  1.00e+00 1.00e+00h  1
 139  3.8533473e-02 7.13e-05 4.99e-03  -4.1 2.05e-02    -  1.00e+00 1.00e+00h  1
iter    objective    inf_pr   inf_du lg(mu)  ||d||  lg(rg) alpha_du alpha_pr  ls
 140  3.8575716e-02 1.61e-04 6.08e-03  -4.0 2.47e-02    -  1.00e+00 1.00e+00h  1
 141  3.8503883e-02 3.66e-04 1.90e-02  -4.1 5.11e-02    -  1.00e+00 1.00e+00h  1
 142  3.8586658e-02 1.96e-04 9.19e-02  -4.0 2.40e-01    -  1.00e+00 1.00e+00H  1
 143  3.8511803e-02 3.39e-03 5.01e-01  -4.1 3.37e-01    -  1.00e+00 5.00e-01h  2
 144  3.8434909e-02 3.42e-03 2.68e-02  -4.1 1.79e-01    -  1.00e+00 1.00e+00h  1
 145  3.8669300e-02 2.49e-03 3.21e-02  -4.0 1.20e-01    -  1.00e+00 1.00e+00h  1
 146  3.8445361e-02 1.64e-03 2.00e-02  -4.1 1.03e-01    -  1.00e+00 1.00e+00h  1
 147  3.8610153e-02 1.15e-04 5.36e-02  -4.0 1.36e-01    -  1.00e+00 1.00e+00H  1
 148  3.8448288e-02 9.66e-04 6.73e-02  -4.1 8.24e-02    -  1.00e+00 1.00e+00h  1
 149  3.8594436e-02 2.48e-04 6.15e-02  -4.0 1.14e-01    -  1.00e+00 1.00e+00H  1
iter    objective    inf_pr   inf_du lg(mu)  ||d||  lg(rg) alpha_du alpha_pr  ls
 150  3.8443290e-02 4.65e-04 1.68e-02  -4.1 6.92e-02    -  1.00e+00 1.00e+00h  1
 151  3.8549278e-02 8.16e-04 4.05e-02  -4.0 7.84e-02    -  1.00e+00 1.00e+00h  1
 152  3.8450331e-02 3.22e-04 2.34e-02  -4.1 3.82e-02    -  1.00e+00 1.00e+00h  1
 153  3.8527674e-02 9.11e-04 3.43e-02  -4.0 8.41e-02    -  1.00e+00 1.00e+00h  1
 154  3.8453339e-02 9.27e-04 4.06e-02  -4.1 6.87e-02    -  1.00e+00 1.00e+00h  1
 155  3.8435842e-02 5.00e-04 1.53e-02  -4.1 5.57e-02    -  1.00e+00 1.00e+00h  1
 156  3.8550188e-02 2.09e-05 2.06e-02  -4.0 5.99e-02    -  1.00e+00 1.00e+00H  1
 157  3.8562972e-02 7.61e-04 3.63e-02  -4.0 7.69e-02    -  1.00e+00 1.00e+00h  1
 158  3.8422503e-02 8.50e-04 3.36e-02  -4.1 5.83e-02    -  1.00e+00 1.00e+00h  1
 159  3.8519070e-02 8.25e-04 3.72e-02  -4.0 8.21e-02    -  1.00e+00 1.00e+00h  1
iter    objective    inf_pr   inf_du lg(mu)  ||d||  lg(rg) alpha_du alpha_pr  ls
 160  3.8456552e-02 4.01e-04 1.99e-02  -4.1 5.78e-02    -  1.00e+00 1.00e+00h  1
 161  3.8511696e-02 4.10e-04 1.03e-02  -4.0 4.81e-02    -  1.00e+00 1.00e+00h  1
 162  3.8430078e-02 3.95e-04 1.63e-02  -4.1 4.95e-02    -  1.00e+00 1.00e+00h  1
 163  3.8533301e-02 1.72e-03 5.46e-02  -4.0 1.19e-01    -  1.00e+00 1.00e+00h  1
 164  3.8507079e-02 2.52e-03 7.57e-01  -4.1 4.52e-01    -  1.00e+00 2.50e-01h  3
 165  3.8415339e-02 5.90e-04 4.81e-02  -4.1 5.72e-02    -  1.00e+00 1.00e+00h  1
 166  3.8520573e-02 3.51e-05 2.21e-02  -4.0 8.14e-02    -  1.00e+00 1.00e+00H  1
 167  3.8652567e-02 1.54e-05 9.39e-02  -4.0 2.02e-01    -  1.00e+00 1.00e+00H  1
 168  3.8538957e-02 1.16e-03 9.88e-02  -4.0 1.48e-01    -  1.00e+00 1.00e+00h  1
 169  3.8451434e-02 9.00e-04 1.67e-02  -4.1 8.63e-02    -  1.00e+00 1.00e+00h  1
iter    objective    inf_pr   inf_du lg(mu)  ||d||  lg(rg) alpha_du alpha_pr  ls
 170  3.8423352e-02 8.23e-04 2.57e-02  -4.1 8.69e-02    -  1.00e+00 1.00e+00h  1
 171  3.8407954e-02 2.92e-03 8.01e-02  -4.1 1.61e-01    -  1.00e+00 1.00e+00h  1
 172  3.8433655e-02 3.13e-03 8.70e-01  -4.0 5.46e-01    -  1.00e+00 1.25e-01h  4
 173  3.8460090e-02 1.38e-03 6.75e-02  -4.1 1.09e-01    -  1.00e+00 1.00e+00h  1
 174  3.8395669e-02 3.58e-04 4.89e-02  -4.1 5.62e-02    -  1.00e+00 1.00e+00h  1
 175  3.8465972e-02 5.35e-05 1.75e-02  -4.0 9.29e-02    -  1.00e+00 1.00e+00H  1
 176  3.8638883e-02 1.19e-05 1.03e-01  -4.0 2.35e-01    -  1.00e+00 1.00e+00H  1
 177  3.8479094e-02 7.42e-04 1.06e-01  -4.0 1.44e-01    -  1.00e+00 1.00e+00h  1
 178  3.8458802e-02 4.66e-05 2.47e-02  -4.1 5.57e-02    -  1.00e+00 1.00e+00H  1
 179  3.8522779e-02 1.45e-03 3.09e-02  -4.0 1.03e-01    -  1.00e+00 1.00e+00h  1
iter    objective    inf_pr   inf_du lg(mu)  ||d||  lg(rg) alpha_du alpha_pr  ls
 180  3.8417297e-02 7.26e-04 4.95e-02  -4.1 9.06e-02    -  1.00e+00 1.00e+00h  1
 181  3.8394783e-02 4.78e-04 4.21e-02  -4.1 6.58e-02    -  1.00e+00 1.00e+00h  1
 182  3.8480252e-02 3.32e-04 2.29e-02  -4.0 4.84e-02    -  1.00e+00 1.00e+00h  1
 183  3.8419486e-02 2.61e-04 1.21e-02  -4.1 3.48e-02    -  1.00e+00 1.00e+00h  1
 184  3.8399343e-02 3.10e-04 2.22e-02  -4.1 6.73e-02    -  1.00e+00 1.00e+00h  1
 185  3.8416174e-02 3.09e-05 3.51e-02  -4.1 8.51e-02    -  1.00e+00 1.00e+00H  1
 186  3.8588503e-02 7.09e-03 1.20e-01  -4.0 2.35e-01    -  1.00e+00 1.00e+00h  1
 187  3.8663938e-02 5.35e-03 1.01e-01  -4.1 1.82e-01    -  1.00e+00 1.00e+00h  1
 188  3.8338769e-02 1.97e-03 2.02e-02  -4.1 1.81e-01    -  1.00e+00 1.00e+00h  1
 189  3.8478898e-02 9.74e-05 2.03e-02  -4.0 9.53e-02    -  1.00e+00 1.00e+00H  1
iter    objective    inf_pr   inf_du lg(mu)  ||d||  lg(rg) alpha_du alpha_pr  ls
 190  3.8394354e-02 4.76e-04 2.50e-02  -4.1 5.81e-02    -  1.00e+00 1.00e+00h  1
 191  3.8522493e-02 3.07e-03 6.74e-02  -4.0 1.58e-01    -  1.00e+00 1.00e+00h  1
 192  3.8962477e-02 2.26e-03 1.98e-01  -4.1 2.48e-01    -  1.00e+00 1.00e+00H  1
 193  3.8391088e-02 3.86e-03 1.09e-01  -4.1 2.79e-01    -  1.00e+00 1.00e+00h  1
 194  3.8352163e-02 4.45e-03 6.62e-02  -4.1 1.64e-01    -  1.00e+00 1.00e+00h  1
 195  3.8379491e-02 1.18e-03 2.04e-02  -4.1 1.01e-01    -  1.00e+00 1.00e+00h  1
 196  3.8528748e-02 1.06e-04 3.77e-02  -4.0 1.57e-01    -  1.00e+00 1.00e+00H  1
 197  3.8478375e-02 1.35e-03 5.07e-01  -4.1 1.93e-01    -  1.00e+00 5.00e-01h  2
 198  3.8387980e-02 9.68e-04 1.24e-02  -4.1 9.25e-02    -  1.00e+00 1.00e+00h  1
 199  3.8457685e-02 4.57e-04 4.01e-02  -4.1 6.72e-02    -  1.00e+00 1.00e+00h  1
iter    objective    inf_pr   inf_du lg(mu)  ||d||  lg(rg) alpha_du alpha_pr  ls
 200  3.8418650e-02 3.08e-04 4.52e-03  -4.1 5.05e-02    -  1.00e+00 1.00e+00h  1
 201  3.8421265e-02 5.31e-05 3.45e-03  -4.1 1.65e-02    -  1.00e+00 1.00e+00h  1
 202  3.8424890e-02 1.33e-05 3.04e-02  -4.1 9.69e-02    -  1.00e+00 1.00e+00H  1
 203  3.8566789e-02 9.90e-06 1.12e-01  -4.0 2.93e-01    -  1.00e+00 1.00e+00H  1
 204  3.8599954e-02 8.59e-04 1.06e-01  -4.0 1.23e-01    -  1.00e+00 1.00e+00h  1
 205  3.8422444e-02 2.12e-03 1.51e-02  -4.1 1.68e-01    -  1.00e+00 1.00e+00h  1
 206  3.8414326e-02 6.63e-04 3.44e-02  -4.1 7.42e-02    -  1.00e+00 1.00e+00h  1
 207  3.8408219e-02 5.89e-04 1.19e-02  -4.1 8.68e-02    -  1.00e+00 1.00e+00h  1
 208  3.8424577e-02 1.80e-04 1.57e-02  -4.1 3.55e-02    -  1.00e+00 1.00e+00h  1
 209  3.8416859e-02 1.03e-04 5.64e-03  -4.1 2.53e-02    -  1.00e+00 1.00e+00h  1
iter    objective    inf_pr   inf_du lg(mu)  ||d||  lg(rg) alpha_du alpha_pr  ls
 210  3.8413438e-02 1.02e-04 3.18e-03  -4.1 7.26e-03    -  1.00e+00 1.00e+00h  1
 211  3.8475650e-02 3.19e-04 1.55e-02  -4.0 5.48e-02    -  1.00e+00 1.00e+00h  1
 212  3.8403752e-02 7.11e-04 3.36e-02  -4.1 1.08e-01    -  1.00e+00 1.00e+00h  1
 213  3.8395224e-02 8.26e-05 5.04e-02  -4.1 1.65e-01    -  1.00e+00 1.00e+00H  1
 214  3.8544793e-02 1.64e-03 6.19e-02  -4.0 1.16e-01    -  1.00e+00 1.00e+00h  1
 215  3.8447903e-02 1.66e-03 3.05e-02  -4.1 1.16e-01    -  1.00e+00 1.00e+00h  1
 216  3.8380886e-02 1.54e-03 7.36e-02  -4.1 1.17e-01    -  1.00e+00 1.00e+00h  1
 217  3.8378484e-02 7.86e-04 1.55e-02  -4.1 1.03e-01    -  1.00e+00 1.00e+00h  1
 218  3.8532038e-02 1.11e-04 2.59e-02  -4.0 8.71e-02    -  1.00e+00 1.00e+00H  1
 219  3.8412087e-02 4.70e-04 1.00e-02  -4.1 6.75e-02    -  1.00e+00 1.00e+00h  1
iter    objective    inf_pr   inf_du lg(mu)  ||d||  lg(rg) alpha_du alpha_pr  ls
 220  3.8405688e-02 2.44e-04 1.37e-02  -4.1 5.13e-02    -  1.00e+00 1.00e+00h  1
 221  3.8406560e-02 1.31e-04 1.51e-03  -4.1 3.81e-02    -  1.00e+00 1.00e+00h  1
 222  3.8408718e-02 5.14e-05 1.42e-03  -4.1 8.24e-03    -  1.00e+00 1.00e+00h  1
 223  3.8530838e-02 2.79e-03 4.69e-02  -4.0 1.72e-01    -  1.00e+00 1.00e+00h  1
 224  3.8422817e-02 1.31e-03 6.72e-02  -4.1 1.14e-01    -  1.00e+00 1.00e+00h  1
 225  3.8374892e-02 2.16e-03 1.87e-02  -4.1 1.72e-01    -  1.00e+00 1.00e+00h  1
 226  3.8563301e-02 3.06e-03 1.01e-01  -4.1 1.76e-01    -  1.00e+00 1.00e+00h  1
 227  3.8378096e-02 1.82e-03 2.45e-02  -4.1 1.56e-01    -  1.00e+00 1.00e+00h  1
 228  3.8470240e-02 2.92e-04 2.84e-02  -4.0 1.34e-01    -  1.00e+00 1.00e+00H  1
 229  3.8429897e-02 2.49e-04 4.51e-02  -4.1 1.09e-01    -  1.00e+00 1.00e+00H  1
iter    objective    inf_pr   inf_du lg(mu)  ||d||  lg(rg) alpha_du alpha_pr  ls
 230  3.8372640e-02 6.28e-04 1.50e-02  -4.1 5.98e-02    -  1.00e+00 1.00e+00h  1
 231  3.8489227e-02 4.80e-05 1.92e-02  -4.0 5.86e-02    -  1.00e+00 1.00e+00H  1
 232  3.8407187e-02 2.85e-04 7.75e-03  -4.1 3.83e-02    -  1.00e+00 1.00e+00h  1
 233  3.8395604e-02 1.65e-04 1.64e-02  -4.1 3.08e-02    -  1.00e+00 1.00e+00h  1
 234  3.8401765e-02 5.87e-05 5.92e-03  -4.1 1.98e-02    -  1.00e+00 1.00e+00h  1
 235  3.8450647e-02 1.15e-04 3.58e-03  -4.0 2.40e-02    -  1.00e+00 1.00e+00h  1
 236  3.8403354e-02 1.05e-04 1.36e-02  -4.1 2.31e-02    -  1.00e+00 1.00e+00h  1
 237  3.8378115e-02 1.20e-04 1.60e-02  -4.1 2.29e-02    -  1.00e+00 1.00e+00h  1
 238  3.8461516e-02 3.63e-04 6.80e-03  -4.0 3.95e-02    -  1.00e+00 1.00e+00h  1
 239  3.8403485e-02 2.40e-04 5.48e-03  -4.1 3.21e-02    -  1.00e+00 1.00e+00h  1
iter    objective    inf_pr   inf_du lg(mu)  ||d||  lg(rg) alpha_du alpha_pr  ls
 240  3.8379016e-02 1.37e-04 1.35e-02  -4.1 2.81e-02    -  1.00e+00 1.00e+00h  1
 241  3.8396816e-02 1.21e-04 1.68e-03  -4.1 1.95e-02    -  1.00e+00 1.00e+00h  1
 242  3.8468817e-02 2.62e-04 4.58e-03  -4.0 3.12e-02    -  1.00e+00 1.00e+00h  1
 243  3.8397323e-02 3.91e-04 1.25e-02  -4.1 4.00e-02    -  1.00e+00 1.00e+00h  1
 244  3.8378283e-02 2.16e-04 1.18e-02  -4.1 7.39e-02    -  1.00e+00 5.00e-01h  2
 245  3.8393821e-02 1.54e-04 4.23e-03  -4.1 1.91e-02    -  1.00e+00 1.00e+00h  1
 246  3.8506729e-02 6.21e-04 1.93e-02  -4.0 4.69e-02    -  1.00e+00 1.00e+00h  1
 247  3.8401714e-02 6.23e-04 2.43e-03  -4.1 4.69e-02    -  1.00e+00 1.00e+00h  1
 248  3.8395599e-02 2.93e-04 4.54e-03  -4.1 2.68e-02    -  1.00e+00 1.00e+00h  1
 249  3.8394037e-02 2.07e-04 1.50e-03  -4.1 2.04e-02    -  1.00e+00 1.00e+00h  1
iter    objective    inf_pr   inf_du lg(mu)  ||d||  lg(rg) alpha_du alpha_pr  ls
 250  3.8472153e-02 3.67e-04 4.68e-03  -4.0 3.50e-02    -  1.00e+00 1.00e+00h  1
 251  3.8404505e-02 3.61e-04 1.72e-02  -4.1 4.02e-02    -  1.00e+00 1.00e+00h  1
 252  3.8341659e-02 3.13e-04 2.61e-02  -4.1 4.26e-02    -  1.00e+00 1.00e+00h  1
 253  3.8491621e-02 1.85e-03 1.10e-02  -4.0 8.30e-02    -  1.00e+00 1.00e+00h  1
 254  3.8417279e-02 7.25e-04 1.09e-02  -4.1 6.37e-02    -  1.00e+00 1.00e+00h  1
 255  3.8360540e-02 2.00e-04 1.38e-02  -4.1 6.02e-02    -  1.00e+00 1.00e+00h  1
 256  3.8490144e-02 1.41e-03 1.37e-02  -4.0 6.75e-02    -  1.00e+00 1.00e+00h  1
 257  3.8408594e-02 1.03e-03 2.40e-02  -4.1 6.78e-02    -  1.00e+00 1.00e+00h  1
 258  3.8358295e-02 3.00e-04 1.45e-02  -4.1 4.86e-02    -  1.00e+00 1.00e+00h  1
 259  3.8493633e-02 1.54e-03 1.03e-02  -4.0 7.43e-02    -  1.00e+00 1.00e+00h  1
iter    objective    inf_pr   inf_du lg(mu)  ||d||  lg(rg) alpha_du alpha_pr  ls
 260  3.8408247e-02 1.03e-03 2.56e-02  -4.1 7.34e-02    -  1.00e+00 1.00e+00h  1
 261  3.8358269e-02 4.06e-04 2.00e-02  -4.1 6.24e-02    -  1.00e+00 1.00e+00h  1
 262  3.8490829e-02 1.54e-03 2.21e-02  -4.0 7.42e-02    -  1.00e+00 1.00e+00h  1
 263  3.8386658e-02 1.16e-03 1.50e-02  -4.1 7.13e-02    -  1.00e+00 1.00e+00h  1
 264  3.8361412e-02 3.97e-04 2.30e-02  -4.1 6.87e-02    -  1.00e+00 1.00e+00h  1
 265  3.8383126e-02 2.08e-04 7.55e-03  -4.1 4.05e-02    -  1.00e+00 1.00e+00h  1
 266  3.8394812e-02 7.98e-05 3.85e-03  -4.1 1.27e-02    -  1.00e+00 1.00e+00h  1
 267  3.8485077e-02 6.51e-04 9.74e-03  -4.0 4.77e-02    -  1.00e+00 1.00e+00h  1
 268  3.8397513e-02 8.07e-04 7.43e-03  -4.1 6.70e-02    -  1.00e+00 1.00e+00h  1
 269  3.8394727e-02 3.84e-04 6.25e-02  -4.1 1.01e-01    -  1.00e+00 1.00e+00H  1
iter    objective    inf_pr   inf_du lg(mu)  ||d||  lg(rg) alpha_du alpha_pr  ls
 270  3.8362498e-02 8.10e-04 1.35e-02  -4.1 8.68e-02    -  1.00e+00 1.00e+00h  1
 271  3.8403241e-02 1.52e-04 1.37e-02  -4.1 2.69e-02    -  1.00e+00 1.00e+00h  1
 272  3.8381717e-02 1.10e-04 5.14e-03  -4.1 2.04e-02    -  1.00e+00 1.00e+00h  1
 273  3.8481932e-02 9.21e-04 1.39e-02  -4.0 5.90e-02    -  1.00e+00 1.00e+00h  1
 274  3.8407998e-02 6.53e-05 2.88e-02  -4.1 9.55e-02    -  1.00e+00 1.00e+00H  1
 275  3.8345069e-02 6.40e-04 2.21e-02  -4.1 5.41e-02    -  1.00e+00 1.00e+00h  1
 276  3.8487870e-02 1.82e-03 1.41e-02  -4.0 9.94e-02    -  1.00e+00 1.00e+00h  1
 277  3.8445759e-02 1.68e-03 3.32e-02  -4.1 1.16e-01    -  1.00e+00 1.00e+00h  1
 278  3.8358970e-02 7.03e-04 1.95e-02  -4.1 9.72e-02    -  1.00e+00 1.00e+00h  1
 279  3.8382350e-02 3.70e-04 1.97e-02  -4.1 1.60e-02    -  1.00e+00 1.00e+00h  1
iter    objective    inf_pr   inf_du lg(mu)  ||d||  lg(rg) alpha_du alpha_pr  ls
 280  3.8381840e-02 2.84e-05 3.87e-03  -4.1 8.94e-03    -  1.00e+00 1.00e+00h  1
 281  3.8469354e-02 8.22e-04 1.18e-02  -4.0 5.67e-02    -  1.00e+00 1.00e+00h  1
 282  3.8384617e-02 2.61e-05 1.54e-02  -4.1 8.75e-02    -  1.00e+00 1.00e+00H  1
 283  3.8404873e-02 3.60e-05 4.68e-02  -4.1 1.51e-01    -  1.00e+00 1.00e+00H  1
 284  3.8367488e-02 1.47e-03 1.10e-02  -4.1 1.13e-01    -  1.00e+00 1.00e+00h  1
 285  3.8381118e-02 7.47e-04 8.98e-03  -4.1 6.68e-02    -  1.00e+00 5.00e-01h  2
 286  3.8375916e-02 1.92e-04 1.18e-02  -4.1 1.96e-02    -  1.00e+00 1.00e+00h  1
 287  3.8476859e-02 1.02e-03 1.45e-02  -4.0 7.03e-02    -  1.00e+00 1.00e+00h  1
 288  3.8418049e-02 1.87e-04 2.81e-02  -4.1 1.20e-01    -  1.00e+00 1.00e+00H  1
 289  3.8362671e-02 7.99e-04 3.86e-02  -4.1 9.51e-02    -  1.00e+00 1.00e+00h  1
iter    objective    inf_pr   inf_du lg(mu)  ||d||  lg(rg) alpha_du alpha_pr  ls
 290  3.8357940e-02 8.34e-04 1.11e-02  -4.1 6.90e-02    -  1.00e+00 1.00e+00h  1
 291  3.8380376e-02 1.06e-04 9.44e-03  -4.1 3.60e-02    -  1.00e+00 1.00e+00h  1
 292  3.8481421e-02 9.14e-04 1.47e-02  -4.0 6.53e-02    -  1.00e+00 1.00e+00h  1
 293  3.8378282e-02 3.53e-05 2.76e-02  -4.1 1.31e-01    -  1.00e+00 1.00e+00H  1
 294  3.8566861e-02 4.42e-05 4.93e-02  -4.0 1.09e-01    -  1.00e+00 1.00e+00H  1
 295  3.8361710e-02 1.23e-03 1.65e-02  -4.1 9.28e-02    -  1.00e+00 1.00e+00h  1
 296  3.8386091e-02 3.81e-04 1.54e-02  -4.1 4.74e-02    -  1.00e+00 1.00e+00h  1
 297  3.8370108e-02 1.56e-04 7.27e-03  -4.1 3.24e-02    -  1.00e+00 1.00e+00h  1
 298  3.8484003e-02 1.32e-03 1.81e-02  -4.0 6.95e-02    -  1.00e+00 1.00e+00h  1
 299  3.8433487e-02 2.59e-04 5.12e-02  -4.1 1.67e-01    -  1.00e+00 1.00e+00H  1
iter    objective    inf_pr   inf_du lg(mu)  ||d||  lg(rg) alpha_du alpha_pr  ls
 300  3.8337622e-02 1.13e-03 6.28e-02  -4.1 1.23e-01    -  1.00e+00 1.00e+00h  1
 301  3.8484658e-02 4.34e-03 2.54e-02  -4.0 1.57e-01    -  1.00e+00 1.00e+00h  1
 302  3.8540356e-02 3.33e-03 6.58e-02  -4.1 1.71e-01    -  1.00e+00 1.00e+00h  1
 303  3.8331971e-02 2.03e-03 1.91e-02  -4.1 1.41e-01    -  1.00e+00 1.00e+00h  1
 304  3.8524216e-02 1.42e-04 3.52e-02  -4.0 9.39e-02    -  1.00e+00 1.00e+00H  1
 305  3.8376569e-02 2.18e-03 2.13e-02  -4.1 1.27e-01    -  1.00e+00 1.00e+00h  1
 306  3.8345728e-02 1.44e-03 3.61e-02  -4.1 1.41e-01    -  1.00e+00 5.00e-01h  2
 307  3.8371583e-02 2.40e-04 1.13e-02  -4.1 4.65e-02    -  1.00e+00 1.00e+00h  1
 308  3.8395306e-02 2.06e-04 1.28e-02  -4.1 4.45e-02    -  1.00e+00 1.00e+00h  1
 309  3.8379392e-02 1.10e-04 2.58e-03  -4.1 2.84e-02    -  1.00e+00 1.00e+00h  1
iter    objective    inf_pr   inf_du lg(mu)  ||d||  lg(rg) alpha_du alpha_pr  ls
 310  3.8378111e-02 2.06e-05 3.00e-03  -4.1 5.83e-03    -  1.00e+00 1.00e+00h  1
 311  3.8561389e-02 7.68e-06 4.30e-02  -4.0 8.84e-02    -  1.00e+00 1.00e+00H  1
 312  3.8541276e-02 9.40e-04 4.55e-02  -4.0 7.47e-02    -  1.00e+00 1.00e+00h  1
 313  3.8380083e-02 1.70e-03 1.54e-02  -4.1 8.68e-02    -  1.00e+00 1.00e+00h  1
 314  3.8389228e-02 2.55e-04 1.31e-02  -4.1 4.78e-02    -  1.00e+00 1.00e+00h  1
 315  3.8375156e-02 1.50e-04 7.09e-03  -4.1 3.83e-02    -  1.00e+00 1.00e+00h  1
 316  3.8456628e-02 5.15e-04 6.64e-03  -4.0 4.45e-02    -  1.00e+00 1.00e+00h  1
 317  3.8393913e-02 2.17e-05 2.27e-02  -4.1 6.60e-02    -  1.00e+00 1.00e+00H  1
 318  3.8338800e-02 5.65e-04 2.38e-02  -4.1 5.94e-02    -  1.00e+00 1.00e+00h  1
 319  3.8489912e-02 2.70e-03 2.30e-02  -4.0 1.12e-01    -  1.00e+00 1.00e+00h  1
iter    objective    inf_pr   inf_du lg(mu)  ||d||  lg(rg) alpha_du alpha_pr  ls
 320  3.8500181e-02 1.76e-03 5.06e-01  -4.1 2.13e-01    -  1.00e+00 5.00e-01h  2
 321  3.8362735e-02 9.75e-04 1.70e-02  -4.1 8.90e-02    -  1.00e+00 1.00e+00h  1
 322  3.8382104e-02 1.48e-04 1.72e-02  -4.1 3.51e-02    -  1.00e+00 1.00e+00h  1
 323  3.8387298e-02 5.61e-05 4.62e-03  -4.1 1.43e-02    -  1.00e+00 1.00e+00h  1
 324  3.8385048e-02 1.22e-05 1.20e-03  -4.1 4.61e-03    -  1.00e+00 1.00e+00h  1
 325  3.8478883e-02 7.64e-04 1.38e-02  -4.0 5.51e-02    -  1.00e+00 1.00e+00h  1
 326  3.8404108e-02 1.58e-05 2.41e-02  -4.1 7.59e-02    -  1.00e+00 1.00e+00H  1
 327  3.8328458e-02 6.48e-04 3.02e-02  -4.1 6.60e-02    -  1.00e+00 1.00e+00h  1
 328  3.8520645e-02 3.37e-03 2.57e-02  -4.0 1.42e-01    -  1.00e+00 1.00e+00h  1
 329  3.8625499e-02 3.87e-03 5.43e-02  -4.1 1.99e-01    -  1.00e+00 1.00e+00h  1
iter    objective    inf_pr   inf_du lg(mu)  ||d||  lg(rg) alpha_du alpha_pr  ls
 330  3.8356149e-02 1.81e-03 4.19e-03  -4.1 1.61e-01    -  1.00e+00 1.00e+00h  1
 331  3.8389775e-02 1.19e-04 8.14e-03  -4.1 3.78e-02    -  1.00e+00 1.00e+00h  1
 332  3.8377272e-02 3.65e-05 6.58e-03  -4.1 1.59e-02    -  1.00e+00 1.00e+00h  1
 333  3.8483958e-02 1.07e-03 2.14e-02  -4.0 6.87e-02    -  1.00e+00 1.00e+00h  1
 334  3.8421406e-02 2.40e-05 2.00e-02  -4.1 1.10e-01    -  1.00e+00 1.00e+00H  1
 335  3.8339592e-02 7.22e-04 2.19e-02  -4.1 5.96e-02    -  1.00e+00 1.00e+00h  1
 336  3.8483968e-02 2.21e-03 2.53e-02  -4.0 1.12e-01    -  1.00e+00 1.00e+00h  1
 337  3.8496534e-02 2.15e-03 3.96e-02  -4.1 1.18e-01    -  1.00e+00 1.00e+00h  1
 338  3.8350327e-02 8.21e-04 7.43e-03  -4.1 1.18e-01    -  1.00e+00 1.00e+00h  1
 339  3.8377393e-02 1.02e-04 1.09e-02  -4.1 2.47e-02    -  1.00e+00 1.00e+00h  1
iter    objective    inf_pr   inf_du lg(mu)  ||d||  lg(rg) alpha_du alpha_pr  ls
 340  3.8385300e-02 2.91e-05 3.47e-03  -4.1 1.30e-02    -  1.00e+00 1.00e+00h  1
 341  3.8380388e-02 2.07e-05 2.37e-03  -4.1 6.60e-03    -  1.00e+00 1.00e+00h  1
 342  3.8524753e-02 1.90e-03 2.78e-02  -4.0 9.15e-02    -  1.00e+00 1.00e+00h  1
 343  3.8406375e-02 2.17e-03 2.33e-02  -4.1 1.24e-01    -  1.00e+00 1.00e+00h  1
 344  3.8383625e-02 4.65e-04 5.62e-02  -4.1 1.39e-01    -  1.00e+00 1.00e+00H  1
 345  3.8351330e-02 1.83e-03 2.08e-02  -4.1 1.18e-01    -  1.00e+00 1.00e+00h  1
 346  3.8470618e-02 1.21e-03 3.64e-02  -4.1 9.77e-02    -  1.00e+00 1.00e+00h  1
 347  3.8363671e-02 9.05e-04 1.65e-02  -4.1 7.01e-02    -  1.00e+00 1.00e+00h  1
 348  3.8378909e-02 3.24e-04 1.88e-02  -4.1 6.14e-02    -  1.00e+00 1.00e+00h  1
 349  3.8371900e-02 1.30e-04 4.27e-03  -4.1 4.14e-02    -  1.00e+00 1.00e+00h  1
iter    objective    inf_pr   inf_du lg(mu)  ||d||  lg(rg) alpha_du alpha_pr  ls
 350  3.8419613e-02 1.55e-04 5.65e-03  -4.0 2.43e-02    -  1.00e+00 1.00e+00h  1
 351  3.8378907e-02 3.23e-05 7.15e-03  -4.1 4.36e-02    -  1.00e+00 1.00e+00H  1
 352  3.8474872e-02 8.42e-04 3.01e-02  -4.0 5.89e-02    -  1.00e+00 1.00e+00h  1
 353  3.8386032e-02 5.57e-04 9.59e-03  -4.1 5.33e-02    -  1.00e+00 1.00e+00h  1
 354  3.8364986e-02 3.69e-04 2.00e-02  -4.1 4.97e-02    -  1.00e+00 1.00e+00h  1
 355  3.8377990e-02 1.42e-04 6.34e-03  -4.1 3.27e-02    -  1.00e+00 1.00e+00h  1
 356  3.8380494e-02 5.44e-05 6.70e-03  -4.1 1.15e-02    -  1.00e+00 1.00e+00h  1
 357  3.8380999e-02 4.40e-05 1.39e-03  -4.1 7.15e-03    -  1.00e+00 1.00e+00h  1
 358  3.8382976e-02 3.57e-05 6.19e-04  -4.1 2.12e-03    -  1.00e+00 1.00e+00h  1
 359  3.8205846e-02 1.63e-02 5.13e-01  -6.1 2.75e-01    -  8.73e-01 1.00e+00h  1
iter    objective    inf_pr   inf_du lg(mu)  ||d||  lg(rg) alpha_du alpha_pr  ls
 360  3.9080919e-02 7.78e-02 1.77e-01  -4.0 5.48e-01    -  1.00e+00 1.00e+00h  1
 361  4.2407058e-02 1.30e-01 6.36e-01  -4.1 7.84e-01    -  8.35e-01 1.00e+00h  1
 362  3.8561416e-02 4.04e-02 2.29e-01  -4.1 5.44e-01    -  1.00e+00 1.00e+00h  1
 363  3.8323582e-02 1.01e-02 2.50e-02  -4.1 1.93e-01    -  1.00e+00 1.00e+00h  1
 364  3.8439533e-02 2.67e-03 3.98e-02  -4.0 8.66e-02    -  1.00e+00 1.00e+00h  1
 365  3.8423332e-02 1.10e-03 3.67e-02  -4.1 7.29e-02    -  1.00e+00 1.00e+00h  1
 366  3.8369730e-02 7.77e-04 3.68e-02  -4.1 7.48e-02    -  1.00e+00 1.00e+00h  1
 367  3.8359023e-02 4.05e-04 2.00e-02  -4.1 5.14e-02    -  1.00e+00 1.00e+00h  1
 368  3.8413383e-02 2.55e-04 1.75e-02  -4.0 3.98e-02    -  1.00e+00 1.00e+00h  1
 369  3.8386207e-02 8.14e-05 6.54e-03  -4.1 2.20e-02    -  1.00e+00 1.00e+00h  1
iter    objective    inf_pr   inf_du lg(mu)  ||d||  lg(rg) alpha_du alpha_pr  ls
 370  3.8378048e-02 4.86e-05 6.08e-03  -4.1 2.03e-02    -  1.00e+00 1.00e+00h  1
 371  3.8384605e-02 1.94e-05 2.70e-03  -4.1 1.26e-02    -  1.00e+00 1.00e+00h  1
 372  3.8386318e-02 1.71e-05 1.25e-03  -4.1 4.42e-03    -  1.00e+00 1.00e+00h  1
 373  3.8466850e-02 4.09e-04 1.37e-02  -4.0 4.66e-02    -  1.00e+00 1.00e+00h  1
 374  3.8399164e-02 2.78e-04 1.56e-02  -4.1 3.99e-02    -  1.00e+00 1.00e+00h  1
 375  3.8368850e-02 2.11e-04 1.38e-02  -4.1 4.57e-02    -  1.00e+00 1.00e+00h  1
 376  3.8477992e-02 9.39e-04 8.28e-03  -4.0 6.05e-02    -  1.00e+00 1.00e+00h  1
 377  3.8425849e-02 1.70e-03 6.57e-02  -4.1 8.97e-02    -  1.00e+00 1.00e+00h  1
 378  3.8365745e-02 7.55e-04 1.29e-02  -4.1 6.13e-02    -  1.00e+00 1.00e+00h  1
 379  3.8393592e-02 1.11e-04 1.57e-02  -4.1 4.16e-02    -  1.00e+00 1.00e+00h  1
iter    objective    inf_pr   inf_du lg(mu)  ||d||  lg(rg) alpha_du alpha_pr  ls
 380  3.8391116e-02 2.16e-05 3.39e-03  -4.1 8.60e-03    -  1.00e+00 1.00e+00h  1
 381  3.8390008e-02 2.44e-05 2.78e-03  -4.1 7.63e-03    -  1.00e+00 1.00e+00h  1
 382  3.8391974e-02 3.48e-05 5.70e-03  -4.1 1.72e-02    -  1.00e+00 1.00e+00h  1
 383  3.8399402e-02 3.18e-05 2.27e-02  -4.1 6.33e-02    -  1.00e+00 1.00e+00H  1
 384  3.8597799e-02 7.77e-06 9.41e-02  -4.0 2.22e-01    -  1.00e+00 1.00e+00H  1
 385  3.8402066e-02 1.07e-03 7.37e-02  -4.1 8.63e-02    -  1.00e+00 1.00e+00h  1
 386  3.8372306e-02 5.63e-04 2.61e-02  -4.1 7.02e-02    -  1.00e+00 1.00e+00h  1
 387  3.8397749e-02 8.04e-04 2.63e-02  -4.1 8.86e-02    -  1.00e+00 1.00e+00h  1
 388  3.8405757e-02 6.87e-04 2.50e-02  -4.1 6.92e-02    -  1.00e+00 1.00e+00h  1
 389  3.8388253e-02 1.95e-04 1.18e-02  -4.1 5.12e-02    -  1.00e+00 1.00e+00h  1
iter    objective    inf_pr   inf_du lg(mu)  ||d||  lg(rg) alpha_du alpha_pr  ls
 390  3.8390241e-02 1.44e-04 4.40e-03  -4.1 1.93e-02    -  1.00e+00 1.00e+00h  1
 391  3.8390271e-02 2.44e-06 1.28e-02  -4.1 3.89e-02    -  1.00e+00 1.00e+00H  1
 392  3.8514860e-02 4.45e-06 8.92e-02  -4.0 2.40e-01    -  1.00e+00 1.00e+00H  1
 393  3.8543165e-02 2.83e-03 1.34e-01  -4.0 2.93e-01    -  1.00e+00 5.00e-01h  2
 394  3.8469825e-02 3.42e-03 5.04e-01  -4.1 3.10e-01    -  1.00e+00 5.00e-01h  2
 395  3.8382896e-02 1.56e-03 5.80e-02  -4.1 9.70e-02    -  1.00e+00 1.00e+00h  1
 396  3.8426901e-02 9.10e-04 2.39e-02  -4.1 8.65e-02    -  1.00e+00 1.00e+00h  1
 397  3.8446886e-02 1.91e-04 3.42e-02  -4.1 1.34e-01    -  1.00e+00 1.00e+00H  1
 398  3.8463203e-02 4.83e-05 6.42e-02  -4.1 1.76e-01    -  1.00e+00 1.00e+00H  1
 399  3.8378556e-02 8.56e-04 4.74e-02  -4.1 7.91e-02    -  1.00e+00 1.00e+00h  1
iter    objective    inf_pr   inf_du lg(mu)  ||d||  lg(rg) alpha_du alpha_pr  ls
 400  3.8379874e-02 2.03e-04 7.49e-03  -4.1 4.29e-02    -  1.00e+00 1.00e+00h  1
 401  3.8383064e-02 1.57e-04 8.55e-03  -4.1 3.95e-02    -  1.00e+00 1.00e+00h  1
 402  3.8394452e-02 6.51e-05 8.53e-02  -4.1 2.91e-01    -  1.00e+00 1.00e+00H  1
 403  3.8335204e-02 1.76e-02 1.95e-01  -4.1 4.28e-01    -  1.00e+00 1.00e+00h  1
 404  3.8315081e-02 1.59e-02 1.91e-01  -4.1 7.93e-01    -  1.00e+00 1.25e-01h  4
 405  3.8335549e-02 1.55e-03 3.01e-02  -4.0 1.32e-01    -  1.00e+00 1.00e+00h  1
 406  3.8476607e-02 1.15e-03 6.14e-02  -4.1 1.14e-01    -  1.00e+00 1.00e+00H  1
 407  3.8286539e-02 8.94e-04 2.72e-02  -4.1 9.70e-02    -  1.00e+00 1.00e+00h  1
 408  3.8315234e-02 3.20e-04 2.06e-02  -4.0 6.28e-02    -  1.00e+00 1.00e+00h  1
 409  3.8380928e-02 7.82e-05 2.53e-02  -4.0 1.45e-01    -  1.00e+00 1.00e+00H  1
iter    objective    inf_pr   inf_du lg(mu)  ||d||  lg(rg) alpha_du alpha_pr  ls
 410  3.8324991e-02 2.86e-03 5.02e-02  -4.1 2.07e-01    -  1.00e+00 1.00e+00h  1
 411  3.8309030e-02 1.32e-03 4.51e-02  -4.1 1.21e-01    -  1.00e+00 1.00e+00h  1
 412  3.8293281e-02 4.58e-04 9.96e-03  -4.1 8.12e-02    -  1.00e+00 1.00e+00h  1
 413  3.8348767e-02 2.30e-05 1.34e-02  -4.0 9.62e-02    -  1.00e+00 1.00e+00H  1
 414  3.8414146e-02 2.62e-05 3.89e-02  -4.0 1.70e-01    -  1.00e+00 1.00e+00H  1
 415  3.8327345e-02 8.34e-04 3.91e-02  -4.1 9.56e-02    -  1.00e+00 1.00e+00h  1
 416  3.8292014e-02 4.96e-04 3.18e-02  -4.1 8.28e-02    -  1.00e+00 1.00e+00h  1
 417  3.8346395e-02 5.27e-04 1.45e-02  -4.0 7.65e-02    -  1.00e+00 1.00e+00h  1
 418  3.8305763e-02 1.96e-04 1.06e-02  -4.1 3.82e-02    -  1.00e+00 1.00e+00h  1
 419  3.8359810e-02 3.37e-04 1.48e-02  -4.0 6.95e-02    -  1.00e+00 1.00e+00h  1
iter    objective    inf_pr   inf_du lg(mu)  ||d||  lg(rg) alpha_du alpha_pr  ls
 420  3.8323535e-02 1.69e-04 2.40e-02  -4.1 7.53e-02    -  1.00e+00 1.00e+00H  1
 421  3.8353313e-02 5.57e-04 1.01e-02  -4.0 8.19e-02    -  1.00e+00 1.00e+00h  1
 422  3.8290536e-02 6.77e-04 1.78e-02  -4.1 4.92e-02    -  1.00e+00 1.00e+00h  1
 423  3.8352833e-02 4.91e-04 6.52e-03  -4.0 6.03e-02    -  1.00e+00 1.00e+00h  1
 424  3.8287429e-02 2.07e-05 8.27e-03  -4.1 4.99e-02    -  1.00e+00 1.00e+00H  1
 425  3.8369174e-02 8.83e-04 9.67e-03  -4.0 6.98e-02    -  1.00e+00 1.00e+00h  1
 426  3.8334002e-02 1.97e-04 6.22e-02  -4.1 1.36e-01    -  1.00e+00 1.00e+00H  1
 427  3.8258141e-02 6.37e-04 1.25e-02  -4.1 1.24e-01    -  1.00e+00 1.00e+00h  1
 428  3.8373473e-02 3.29e-05 2.27e-02  -4.0 6.28e-02    -  1.00e+00 1.00e+00H  1
 429  3.8291167e-02 6.24e-04 1.73e-02  -4.1 5.24e-02    -  1.00e+00 1.00e+00h  1
iter    objective    inf_pr   inf_du lg(mu)  ||d||  lg(rg) alpha_du alpha_pr  ls
 430  3.8240870e-02 3.17e-04 1.34e-02  -4.1 5.48e-02    -  1.00e+00 1.00e+00h  1
 431  3.8364527e-02 1.26e-03 1.20e-02  -4.0 7.98e-02    -  1.00e+00 1.00e+00h  1
 432  3.8305614e-02 6.86e-04 2.02e-02  -4.1 6.86e-02    -  1.00e+00 1.00e+00h  1
 433  3.8258693e-02 5.71e-04 4.51e-03  -4.1 5.99e-02    -  1.00e+00 1.00e+00h  1
 434  3.8286092e-02 2.15e-04 5.29e-03  -4.1 1.43e-02    -  1.00e+00 1.00e+00h  1
 435  3.8360177e-02 5.56e-04 4.91e-03  -4.0 4.50e-02    -  1.00e+00 1.00e+00h  1
 436  3.8286165e-02 8.76e-04 1.61e-02  -4.1 6.12e-02    -  1.00e+00 1.00e+00h  1
 437  3.8240841e-02 3.76e-04 2.59e-02  -4.1 5.57e-02    -  1.00e+00 1.00e+00h  1
 438  3.8260177e-02 2.44e-04 5.26e-03  -4.1 3.84e-02    -  1.00e+00 1.00e+00h  1
 439  3.8294251e-02 2.36e-04 7.01e-03  -4.1 4.28e-02    -  1.00e+00 1.00e+00h  1
iter    objective    inf_pr   inf_du lg(mu)  ||d||  lg(rg) alpha_du alpha_pr  ls
 440  3.8272529e-02 6.23e-04 2.95e-03  -4.1 2.37e-02    -  1.00e+00 1.00e+00h  1
 441  3.8363705e-02 7.79e-04 8.59e-03  -4.0 5.92e-02    -  1.00e+00 1.00e+00h  1
 442  3.8309931e-02 1.48e-04 1.50e-02  -4.1 9.19e-02    -  1.00e+00 1.00e+00H  1
 443  3.8246847e-02 3.62e-04 1.21e-02  -4.1 6.70e-02    -  1.00e+00 1.00e+00h  1
 444  3.8347271e-02 9.94e-04 5.47e-03  -4.0 6.76e-02    -  1.00e+00 1.00e+00h  1
 445  3.8252565e-02 4.98e-05 1.94e-02  -4.1 9.41e-02    -  1.00e+00 1.00e+00H  1
 446  3.8347028e-02 1.36e-03 6.19e-03  -4.0 7.74e-02    -  1.00e+00 1.00e+00h  1
 447  3.8322393e-02 1.04e-03 2.10e-02  -4.1 9.32e-02    -  1.00e+00 1.00e+00h  1
 448  3.8263600e-02 4.96e-04 3.45e-03  -4.1 7.43e-02    -  1.00e+00 1.00e+00h  1
 449  3.8274264e-02 3.48e-05 3.93e-03  -4.1 1.21e-02    -  1.00e+00 1.00e+00h  1
iter    objective    inf_pr   inf_du lg(mu)  ||d||  lg(rg) alpha_du alpha_pr  ls
 450  3.8353601e-02 5.62e-04 4.65e-03  -4.0 5.22e-02    -  1.00e+00 1.00e+00h  1
 451  3.8281044e-02 1.77e-05 1.04e-02  -4.1 8.42e-02    -  1.00e+00 1.00e+00H  1
 452  3.8235899e-02 9.68e-06 2.29e-02  -4.1 8.34e-02    -  1.00e+00 1.00e+00H  1
 453  3.8357893e-02 3.33e-03 1.45e-02  -4.0 1.48e-01    -  1.00e+00 1.00e+00h  1
 454  3.8427871e-02 2.21e-03 2.15e-02  -4.1 1.42e-01    -  1.00e+00 1.00e+00h  1
 455  3.8247928e-02 1.14e-03 8.16e-03  -4.1 1.27e-01    -  1.00e+00 1.00e+00h  1
 456  3.8269182e-02 1.05e-04 1.25e-02  -4.1 3.29e-02    -  1.00e+00 1.00e+00h  1
 457  3.8265028e-02 7.96e-05 2.90e-03  -4.1 1.43e-02    -  1.00e+00 1.00e+00h  1
 458  3.8264429e-02 2.38e-05 1.56e-03  -4.1 6.08e-03    -  1.00e+00 1.00e+00h  1
 459  3.8263941e-02 1.35e-05 1.55e-03  -4.1 4.82e-03    -  1.00e+00 1.00e+00h  1
iter    objective    inf_pr   inf_du lg(mu)  ||d||  lg(rg) alpha_du alpha_pr  ls
 460  3.8306015e-02 2.04e-04 5.61e-03  -4.0 2.36e-02    -  1.00e+00 1.00e+00h  1
 461  3.8277306e-02 7.87e-05 6.31e-03  -4.1 2.37e-02    -  1.00e+00 1.00e+00h  1
 462  3.8257519e-02 1.34e-04 7.31e-03  -4.1 1.98e-02    -  1.00e+00 1.00e+00h  1
 463  3.8266655e-02 7.11e-05 1.45e-03  -4.1 1.05e-02    -  1.00e+00 1.00e+00h  1
 464  3.8268238e-02 1.33e-05 1.83e-03  -4.1 9.68e-03    -  1.00e+00 1.00e+00h  1
 465  3.8264503e-02 2.31e-04 1.64e-02  -4.1 7.66e-02    -  1.00e+00 1.00e+00h  1
 466  3.8263181e-02 6.48e-04 3.76e-02  -4.1 7.95e-01    -  1.00e+00 1.25e-01h  4
 467  3.8313127e-02 3.58e-06 1.56e-01  -4.1 5.64e-01    -  1.00e+00 1.00e+00H  1
 468  3.8607616e-02 2.24e-06 1.53e-01  -4.0 1.54e-01    -  1.00e+00 1.00e+00H  1
 469  3.8271897e-02 4.55e-03 9.81e-03  -4.1 3.12e-01    -  1.00e+00 1.00e+00h  1
iter    objective    inf_pr   inf_du lg(mu)  ||d||  lg(rg) alpha_du alpha_pr  ls
 470  3.8331389e-02 6.23e-03 5.31e-02  -4.1 1.79e-01    -  1.00e+00 1.00e+00h  1
 471  3.8225715e-02 3.01e-03 1.80e-02  -4.1 2.31e-01    -  1.00e+00 1.00e+00h  1
 472  3.8459593e-02 3.00e-03 2.97e-02  -4.0 1.69e-01    -  1.00e+00 1.00e+00h  1
 473  3.8244176e-02 2.16e-03 4.40e-03  -4.1 1.47e-01    -  1.00e+00 1.00e+00h  1
 474  3.8273695e-02 1.04e-04 1.39e-02  -4.1 2.35e-02    -  1.00e+00 1.00e+00h  1
 475  3.8274348e-02 1.74e-05 2.68e-03  -4.1 8.03e-03    -  1.00e+00 1.00e+00h  1
 476  3.8267457e-02 3.59e-05 3.67e-03  -4.1 1.48e-02    -  1.00e+00 1.00e+00h  1
 477  3.8259951e-02 2.84e-05 5.53e-03  -4.1 1.10e-02    -  1.00e+00 1.00e+00h  1
 478  3.8261872e-02 1.98e-05 8.26e-04  -4.1 6.39e-03    -  1.00e+00 1.00e+00h  1
 479  3.8261448e-02 1.27e-05 4.58e-04  -4.1 1.94e-03    -  1.00e+00 1.00e+00h  1
iter    objective    inf_pr   inf_du lg(mu)  ||d||  lg(rg) alpha_du alpha_pr  ls
 480  3.8289829e-02 5.79e-05 4.51e-03  -4.0 1.25e-02    -  1.00e+00 1.00e+00h  1
 481  3.8260026e-02 1.06e-04 9.65e-04  -4.1 1.51e-02    -  1.00e+00 1.00e+00h  1
 482  3.8256978e-02 2.38e-05 2.58e-03  -4.1 1.21e-02    -  1.00e+00 1.00e+00h  1
 483  3.8256919e-02 2.14e-05 4.87e-04  -4.1 8.96e-03    -  1.00e+00 1.00e+00h  1
 484  3.8097780e-02 3.04e-03 2.45e-01  -6.1 1.17e-01    -  9.39e-01 1.00e+00h  1
 485  3.8581569e-02 2.56e-02 7.06e-02  -4.0 2.81e-01    -  1.00e+00 1.00e+00h  1
 486  3.8524722e-02 3.91e-03 5.98e-02  -4.1 1.74e-01    -  1.00e+00 1.00e+00h  1
 487  3.8204767e-02 3.16e-03 7.11e-03  -4.1 1.30e-01    -  1.00e+00 1.00e+00h  1
 488  3.8349318e-02 1.16e-03 1.79e-02  -4.0 5.67e-02    -  1.00e+00 1.00e+00h  1
 489  3.8264456e-02 1.08e-03 1.09e-02  -4.1 5.76e-02    -  1.00e+00 1.00e+00h  1
iter    objective    inf_pr   inf_du lg(mu)  ||d||  lg(rg) alpha_du alpha_pr  ls
 490  3.8245793e-02 2.62e-04 1.84e-02  -4.1 6.35e-02    -  1.00e+00 1.00e+00h  1
 491  3.8251057e-02 2.25e-04 1.94e-03  -4.1 4.20e-02    -  1.00e+00 1.00e+00h  1
 492  3.8259191e-02 2.54e-05 1.97e-03  -4.1 6.88e-03    -  1.00e+00 1.00e+00h  1
 493  3.8257104e-02 1.31e-05 6.02e-04  -4.1 2.73e-03    -  1.00e+00 1.00e+00h  1
 494  3.8331571e-02 5.54e-04 1.16e-02  -4.0 3.91e-02    -  1.00e+00 1.00e+00h  1
 495  3.8263708e-02 5.48e-04 5.37e-03  -4.1 4.95e-02    -  1.00e+00 1.00e+00h  1
 496  3.8244134e-02 5.10e-04 3.08e-02  -4.1 5.31e-02    -  1.00e+00 1.00e+00h  1
 497  3.8246289e-02 3.53e-04 4.80e-03  -4.1 4.71e-02    -  1.00e+00 1.00e+00h  1
 498  3.8257201e-02 3.41e-05 5.11e-03  -4.1 1.44e-02    -  1.00e+00 1.00e+00h  1
 499  3.8254865e-02 1.05e-05 1.61e-03  -4.1 6.03e-03    -  1.00e+00 1.00e+00h  1
iter    objective    inf_pr   inf_du lg(mu)  ||d||  lg(rg) alpha_du alpha_pr  ls
 500  3.8254430e-02 1.88e-05 8.42e-04  -4.1 2.99e-03    -  1.00e+00 1.00e+00h  1

Number of Iterations....: 500

                                   (scaled)                 (unscaled)
Objective...............:   3.8254430141723625e-02    3.8254430141723625e-02
Dual infeasibility......:   8.4183983394703083e-04    8.4183983394703083e-04
Constraint violation....:   1.8750746578533040e-05    1.8750746578533040e-05
Variable bound violation:   0.0000000000000000e+00    0.0000000000000000e+00
Complementarity.........:   8.0008494533956534e-05    8.0008494533956534e-05
Overall NLP error.......:   8.4183983394703083e-04    8.4183983394703083e-04


Number of objective function evaluations             = 677
Number of objective gradient evaluations             = 501
Number of equality constraint evaluations            = 677
Number of inequality constraint evaluations          = 677
Number of equality constraint Jacobian evaluations   = 501
Number of inequality constraint Jacobian evaluations = 501
Number of Lagrangian Hessian evaluations             = 0
Total seconds in IPOPT                               = 937.099

EXIT: Maximum Number of Iterations Exceeded.
