This is Ipopt version 3.14.19, running with linear solver MUMPS 5.8.2.

Number of nonzeros in equality constraint Jacobian...:    51902
Number of nonzeros in inequality constraint Jacobian.:        0
Number of nonzeros in Lagrangian Hessian.............:        0

Total number of variables............................:      827
                     variables with only lower bounds:        0
                variables with lower and upper bounds:      718
                     variables with only upper bounds:        0
Total number of equality constraints.................:      646
Total number of inequality constraints...............:        0
        inequality constraints with only lower bounds:        0
   inequality constraints with lower and upper bounds:        0
        inequality constraints with only upper bounds:        0

iter    objective    inf_pr   inf_du lg(mu)  ||d||  lg(rg) alpha_du alpha_pr  ls
   0  8.2088502e+01 1.07e+00 1.44e+01   0.0 0.00e+00    -  0.00e+00 0.00e+00   0
   1  6.1450837e+01 9.77e-01 2.19e+01   0.1 3.67e+00    -  2.81e-01 9.71e-02f  1
   2  8.3707236e+01 1.04e+00 5.66e+01   2.1 5.91e+01    -  2.23e-02 7.94e-03f  1
   3  5.2118071e+01 7.08e-01 1.15e+02   0.6 9.79e-01    -  4.95e-01 1.00e+00f  1
   4  3.4098935e+01 5.52e-01 1.40e+02   0.5 1.02e+00    -  8.26e-01 4.70e-01f  1
   5  7.7963628e+01 5.14e-01 6.00e+02   2.5 2.02e+01    -  1.63e-01 2.24e-02f  2
   6  1.0111894e+02 8.29e-01 2.71e+03   1.6 9.48e-01    -  8.97e-01 1.00e+00h  1
   7  1.0217751e+02 3.47e-01 2.18e+03   1.6 1.79e+00    -  9.24e-01 1.00e+00h  1
   8  1.0237048e+02 2.50e-01 2.59e+03   1.7 1.96e+00    -  8.49e-01 5.00e-01f  2
   9  1.0238630e+02 2.38e-01 2.55e+03   1.5 6.56e-01    -  9.87e-01 5.00e-01h  2
iter    objective    inf_pr   inf_du lg(mu)  ||d||  lg(rg) alpha_du alpha_pr  ls
  10  1.0198451e+02 2.57e-01 2.45e+03   1.3 8.10e-01    -  9.93e-01 5.00e-01h  2
  11  1.0176775e+02 2.36e-01 2.15e+03   1.2 6.56e-01    -  9.92e-01 4.77e-01h  2
  12  1.0091694e+02 2.36e-01 1.79e+03   1.0 7.95e-01    -  9.94e-01 5.00e-01h  2
  13  9.7494728e+01 1.55e-01 1.68e+03   1.0 5.72e-01    -  9.57e-01 5.00e-01h  2
  14  7.5223139e+01 2.13e-01 2.77e+02   0.5 3.47e-01    -  1.00e+00 1.00e+00h  1
  15  1.8554620e+01 1.49e-01 3.46e+01   0.3 5.67e-01    -  9.96e-01 1.00e+00f  1
  16  7.0994028e+00 9.13e-02 1.84e+01  -0.0 3.24e-01    -  9.74e-01 5.30e-01f  1
  17  5.1312505e+00 1.26e-02 5.11e+00  -0.6 1.73e-01    -  9.93e-01 9.28e-01f  1
  18  3.8060442e+00 1.25e-02 1.23e+00  -1.5 1.69e-01    -  9.93e-01 1.00e+00f  1
  19  2.3726119e+00 5.24e-01 1.99e+01  -1.6 1.03e+00    -  9.64e-01 1.00e+00f  1
iter    objective    inf_pr   inf_du lg(mu)  ||d||  lg(rg) alpha_du alpha_pr  ls
  20  2.8202152e+00 4.97e-01 1.81e+00  -1.4 9.81e-01    -  7.32e-01 1.00e+00h  1
  21  3.5436919e+00 1.45e-01 9.99e+01  -1.7 4.73e-01    -  9.90e-01 1.00e+00h  1
  22  2.3279721e+00 5.01e-02 1.75e+01  -1.8 2.77e-01    -  1.00e+00 1.00e+00h  1
  23  2.1164578e+00 1.21e-02 8.93e+00  -2.3 9.94e-02    -  1.00e+00 1.00e+00h  1
  24  1.7602271e+00 3.54e-02 7.39e+00  -2.5 2.36e-01    -  1.00e+00 1.00e+00h  1
  25  1.1900730e+00 2.53e-01 3.53e+00  -2.0 8.66e-01    -  1.00e+00 6.32e-01h  1
  26  1.0027351e+00 5.20e-01 4.25e+00  -1.8 1.12e+00    -  1.00e+00 9.36e-01h  1
  27  1.5120150e+00 1.61e-01 8.94e+01  -2.2 3.23e-01    -  1.00e+00 1.00e+00h  1
  28  1.1044928e+00 9.71e-02 2.37e+00  -1.5 6.06e-01    -  1.00e+00 8.91e-01h  1
  29  1.0067468e+00 6.28e-02 1.08e+02  -1.8 2.28e-01    -  9.94e-01 1.00e+00h  1
iter    objective    inf_pr   inf_du lg(mu)  ||d||  lg(rg) alpha_du alpha_pr  ls
  30  9.8303487e-01 3.91e-02 3.00e+01  -2.2 1.89e-01    -  1.00e+00 1.00e+00h  1
  31  7.3429400e-01 3.78e-02 2.73e+01  -2.5 2.12e-01    -  1.00e+00 1.00e+00h  1
  32  4.0598698e-01 5.07e-01 1.08e+02  -2.2 6.55e-01    -  1.00e+00 1.00e+00h  1
  33  6.8753861e-01 1.97e-01 5.07e+01  -2.2 4.31e-01    -  4.59e-01 1.00e+00h  1
  34  7.5745649e-01 1.26e-01 3.85e+01  -2.3 4.41e-01    -  7.00e-01 8.63e-01H  1
  35  5.6965988e-01 3.58e-02 4.19e+01  -2.4 2.61e-01    -  8.97e-01 8.67e-01h  1
  36  3.6735315e-01 5.24e-02 2.56e+01  -2.1 4.18e-01    -  1.00e+00 4.38e-01h  1
  37  2.9841577e-01 2.36e-02 9.75e+01  -2.7 1.47e-01    -  1.00e+00 9.65e-01h  1
  38  3.4739264e-01 2.13e-01 4.08e+01  -2.1 4.66e-01    -  1.00e+00 1.00e+00f  1
  39  2.5905653e-01 9.58e-02 6.69e+00  -2.2 3.25e-01    -  9.88e-01 5.82e-01h  1
iter    objective    inf_pr   inf_du lg(mu)  ||d||  lg(rg) alpha_du alpha_pr  ls
  40  2.0959304e-01 3.01e-02 1.65e+00  -2.7 1.64e-01    -  1.00e+00 1.00e+00h  1
  41  1.6153149e-01 3.97e-02 2.53e+01  -3.1 1.75e-01    -  1.00e+00 1.00e+00h  1
  42  1.2452830e-01 1.17e-01 2.59e+00  -2.9 4.37e-01    -  1.00e+00 1.00e+00h  1
  43  1.8681890e-01 1.22e-01 2.61e+00  -2.5 3.85e-01    -  1.00e+00 1.00e+00h  1
  44  1.3424895e-01 3.99e-02 1.05e+02  -2.6 1.61e-01    -  1.00e+00 1.00e+00h  1
  45  1.4958379e-01 1.83e-02 4.77e+01  -2.2 1.41e-01    -  1.00e+00 1.00e+00h  1
  46  1.1232374e-01 5.96e-03 3.73e+01  -2.8 7.83e-02    -  1.00e+00 1.00e+00h  1
  47  9.4899512e-02 3.37e-03 8.09e+00  -3.3 8.82e-02    -  1.00e+00 3.73e-01h  1
  48  7.3717801e-02 1.86e-02 7.53e+00  -3.8 1.10e-01    -  1.00e+00 1.00e+00h  1
  49  6.8855558e-02 5.13e-02 8.36e-01  -3.5 1.76e-01    -  1.00e+00 1.00e+00h  1
iter    objective    inf_pr   inf_du lg(mu)  ||d||  lg(rg) alpha_du alpha_pr  ls
  50  5.9467586e-02 1.63e-02 1.87e+00  -3.6 1.04e-01    -  1.00e+00 1.00e+00h  1
  51  6.2012738e-02 4.36e-03 1.26e-01  -3.2 6.23e-02    -  1.00e+00 1.00e+00h  1
  52  5.4679173e-02 2.37e-03 1.06e-01  -3.9 5.24e-02    -  1.00e+00 1.00e+00h  1
  53  5.0838814e-02 8.15e-03 1.25e-01  -4.0 8.95e-02    -  1.00e+00 1.00e+00h  1
  54  4.9734242e-02 3.15e-02 4.87e-01  -4.0 1.69e-01    -  1.00e+00 1.00e+00h  1
  55  5.7903146e-02 4.04e-02 5.81e-01  -3.6 2.03e-01    -  9.09e-01 1.00e+00H  1
  56  4.4691370e-02 1.02e-02 2.29e-01  -3.8 1.36e-01    -  1.00e+00 1.00e+00h  1
  57  4.2654368e-02 1.49e-03 3.69e-02  -4.0 4.24e-02    -  1.00e+00 1.00e+00h  1
  58  4.2085774e-02 6.19e-04 4.04e-02  -4.0 2.26e-02    -  1.00e+00 1.00e+00h  1
  59  4.0570573e-02 3.31e-03 1.15e-01  -4.0 5.54e-02    -  1.00e+00 1.00e+00h  1
iter    objective    inf_pr   inf_du lg(mu)  ||d||  lg(rg) alpha_du alpha_pr  ls
  60  3.8332407e-02 2.09e-02 4.37e-01  -4.0 3.10e-01    -  1.00e+00 5.00e-01h  2
  61  3.6185507e-02 3.57e-02 6.20e-01  -4.0 2.99e-01    -  1.00e+00 5.00e-01h  2
  62  5.1315604e-02 2.81e-02 7.51e-01  -3.6 2.10e-01    -  1.00e+00 1.00e+00H  1
  63  3.6563896e-02 1.24e-02 3.07e-01  -3.7 1.31e-01    -  4.67e-01 1.00e+00h  1
  64  3.2856713e-02 3.45e-03 4.44e-02  -4.0 5.45e-02    -  1.00e+00 1.00e+00h  1
  65  3.2234269e-02 2.67e-03 5.68e-02  -4.0 3.35e-02    -  1.00e+00 1.00e+00h  1
  66  3.1909906e-02 7.14e-04 4.55e-02  -4.0 2.40e-02    -  1.00e+00 1.00e+00h  1
  67  3.1594985e-02 8.84e-04 6.69e-02  -4.0 1.94e-02    -  1.00e+00 1.00e+00h  1
  68  3.0431758e-02 9.25e-03 2.71e-01  -4.0 7.33e-02    -  1.00e+00 1.00e+00h  1
  69  2.8713217e-02 2.89e-02 5.47e-01  -4.0 2.39e-01    -  1.00e+00 5.00e-01h  2
iter    objective    inf_pr   inf_du lg(mu)  ||d||  lg(rg) alpha_du alpha_pr  ls
  70  2.8152489e-02 2.85e-02 5.41e-01  -3.7 2.85e-01    -  1.00e+00 2.50e-01h  3
  71  3.4751053e-02 8.62e-03 5.17e-01  -3.8 1.48e-01    -  1.00e+00 1.00e+00H  1
  72  2.8693343e-02 6.45e-03 3.63e-01  -3.9 8.07e-02    -  1.00e+00 1.00e+00h  1
  73  2.5979558e-02 2.25e-03 3.62e-02  -4.0 3.71e-02    -  1.00e+00 1.00e+00h  1
  74  2.5689032e-02 6.95e-04 3.54e-02  -4.0 2.00e-02    -  1.00e+00 1.00e+00h  1
  75  2.5517604e-02 1.77e-04 4.33e-02  -4.0 1.82e-02    -  1.00e+00 1.00e+00h  1
  76  2.4729873e-02 4.50e-03 2.31e-01  -4.0 1.04e-01    -  1.00e+00 1.00e+00h  1
  77  2.3891170e-02 1.21e-02 4.56e-01  -4.0 2.35e-01    -  1.00e+00 5.00e-01h  2
  78  2.4546082e-02 2.54e-02 6.34e-01  -3.7 2.62e-01    -  1.00e+00 5.00e-01h  2
  79  3.0870512e-02 7.39e-03 5.33e-01  -3.8 9.00e-02    -  1.00e+00 1.00e+00h  1
iter    objective    inf_pr   inf_du lg(mu)  ||d||  lg(rg) alpha_du alpha_pr  ls
  80  2.1994784e-02 5.43e-03 1.80e-01  -3.8 8.06e-02    -  1.00e+00 1.00e+00h  1
  81  2.0722204e-02 1.52e-03 4.99e-02  -4.0 3.64e-02    -  1.00e+00 1.00e+00h  1
  82  2.0295055e-02 6.83e-04 4.00e-02  -4.0 2.86e-02    -  1.00e+00 1.00e+00h  1
  83  1.9791617e-02 4.81e-04 4.28e-02  -4.0 2.89e-02    -  1.00e+00 1.00e+00h  1
  84  1.9309608e-02 4.83e-03 1.56e-01  -4.0 2.11e-01    -  1.00e+00 5.00e-01h  2
  85  1.8478093e-02 2.35e-02 4.10e-01  -4.0 3.80e-01    -  1.00e+00 5.00e-01h  2
  86  1.7378632e-02 2.25e-02 4.73e-01  -3.7 2.23e-01    -  1.00e+00 2.48e-01h  3
  87  2.0675949e-02 7.33e-03 1.91e-01  -4.0 7.60e-02    -  1.00e+00 1.00e+00h  1
  88  1.5400461e-02 3.63e-03 5.57e-02  -4.1 5.79e-02    -  1.00e+00 1.00e+00h  1
  89  1.5619675e-02 1.48e-03 2.58e-02  -4.0 2.77e-02    -  1.00e+00 1.00e+00h  1
iter    objective    inf_pr   inf_du lg(mu)  ||d||  lg(rg) alpha_du alpha_pr  ls
  90  1.5129159e-02 2.91e-04 4.23e-02  -4.0 1.56e-02    -  1.00e+00 1.00e+00h  1
  91  1.4785622e-02 1.02e-03 6.86e-02  -4.0 3.71e-02    -  1.00e+00 1.00e+00h  1
  92  1.4870486e-02 5.26e-03 1.93e-01  -4.0 1.93e-01    -  1.00e+00 5.00e-01h  2
  93  1.4249286e-02 8.99e-03 2.98e-01  -4.1 2.02e-01    -  1.00e+00 5.00e-01h  2
  94  2.1698977e-02 7.20e-03 2.30e-01  -4.0 8.21e-02    -  1.00e+00 1.00e+00h  1
  95  1.3576965e-02 5.02e-03 1.12e-01  -4.1 7.68e-02    -  9.65e-01 1.00e+00h  1
  96  1.3290432e-02 1.29e-03 6.90e-02  -4.0 4.32e-02    -  1.00e+00 1.00e+00h  1
  97  1.2942838e-02 2.26e-04 3.51e-02  -4.0 1.33e-02    -  1.00e+00 1.00e+00h  1
  98  1.2849746e-02 1.86e-04 3.39e-02  -4.0 1.01e-02    -  1.00e+00 1.00e+00h  1
  99  1.2625483e-02 5.83e-04 7.85e-02  -4.0 2.62e-02    -  1.00e+00 1.00e+00h  1
iter    objective    inf_pr   inf_du lg(mu)  ||d||  lg(rg) alpha_du alpha_pr  ls
 100  1.2322490e-02 3.15e-03 2.17e-01  -4.0 2.69e-01    -  9.97e-01 2.50e-01h  3
 101  1.2028831e-02 4.42e-03 3.01e-01  -4.0 2.23e-01    -  1.00e+00 2.50e-01h  3
 102  1.4767672e-02 4.08e-03 4.83e-01  -4.0 1.44e-01    -  1.00e+00 1.00e+00H  1
 103  1.5293591e-02 6.46e-03 4.46e-01  -4.1 8.69e-02    -  1.00e+00 1.00e+00H  1
 104  1.1835625e-02 2.85e-03 5.21e-02  -4.1 5.11e-02    -  1.00e+00 1.00e+00h  1
 105  1.2183957e-02 2.98e-03 3.52e-02  -4.0 4.26e-02    -  1.00e+00 1.00e+00h  1
 106  1.1461053e-02 1.67e-03 2.39e-02  -4.0 3.15e-02    -  1.00e+00 1.00e+00h  1
 107  1.1387135e-02 2.95e-04 1.59e-02  -4.0 1.60e-02    -  1.00e+00 1.00e+00h  1
 108  1.1409294e-02 9.91e-05 1.02e-02  -4.0 8.74e-03    -  1.00e+00 1.00e+00h  1
 109  1.1377681e-02 3.65e-05 1.15e-02  -4.0 5.09e-03    -  1.00e+00 1.00e+00h  1
iter    objective    inf_pr   inf_du lg(mu)  ||d||  lg(rg) alpha_du alpha_pr  ls
 110  1.1352700e-02 4.40e-05 1.64e-02  -4.0 5.71e-03    -  1.00e+00 1.00e+00h  1
 111  1.1268695e-02 2.78e-04 3.19e-02  -4.0 1.88e-02    -  1.00e+00 1.00e+00h  1
 112  1.1201443e-02 6.93e-04 7.17e-02  -4.0 6.01e-02    -  1.00e+00 5.00e-01h  2
 113  1.1164272e-02 1.11e-03 1.18e-01  -4.0 9.02e-02    -  1.00e+00 5.00e-01h  2
 114  1.1047244e-02 1.17e-03 1.54e-01  -4.0 1.41e-01    -  1.00e+00 2.50e-01h  3
 115  1.0956632e-02 2.54e-03 1.72e-01  -4.0 1.48e-01    -  1.00e+00 5.00e-01h  2
 116  1.0968517e-02 2.38e-03 1.81e-01  -4.0 1.15e-01    -  1.00e+00 5.00e-01h  2
 117  1.2284421e-02 5.46e-04 1.25e-01  -4.0 5.49e-02    -  1.00e+00 1.00e+00H  1
 118  1.0702964e-02 1.45e-03 3.75e-02  -4.1 3.63e-02    -  1.00e+00 1.00e+00h  1
 119  1.0660235e-02 5.15e-04 1.58e-02  -4.0 2.28e-02    -  1.00e+00 1.00e+00h  1
iter    objective    inf_pr   inf_du lg(mu)  ||d||  lg(rg) alpha_du alpha_pr  ls
 120  1.0577036e-02 1.23e-04 1.58e-02  -4.0 1.16e-02    -  1.00e+00 1.00e+00h  1
 121  1.0575684e-02 8.91e-06 9.59e-03  -4.0 3.93e-03    -  1.00e+00 1.00e+00h  1
 122  1.0545061e-02 1.60e-04 2.96e-02  -4.0 1.79e-02    -  1.00e+00 1.00e+00h  1
 123  1.0507429e-02 7.26e-04 4.36e-01  -4.0 1.35e-01    -  1.00e+00 2.50e-01h  3
 124  1.0406503e-02 9.11e-04 1.18e-01  -4.0 6.14e-02    -  1.00e+00 5.00e-01h  2
 125  1.0845551e-02 1.25e-03 1.33e-01  -4.0 4.18e-02    -  1.00e+00 1.00e+00H  1
 126  1.0448583e-02 4.70e-04 7.16e-02  -4.1 2.51e-02    -  1.00e+00 1.00e+00h  1
 127  1.0280677e-02 2.70e-04 1.65e-02  -4.0 1.48e-02    -  1.00e+00 1.00e+00h  1
 128  1.0251328e-02 8.91e-05 1.07e-02  -4.0 9.21e-03    -  1.00e+00 1.00e+00h  1
 129  1.0250031e-02 4.15e-05 1.29e-02  -4.0 6.43e-03    -  1.00e+00 1.00e+00h  1
iter    objective    inf_pr   inf_du lg(mu)  ||d||  lg(rg) alpha_du alpha_pr  ls
 130  1.0212767e-02 4.66e-05 2.05e-02  -4.0 1.04e-02    -  1.00e+00 1.00e+00h  1
 131  1.0186897e-02 2.96e-04 7.24e-02  -4.0 4.21e-02    -  1.00e+00 5.00e-01h  2
 132  1.0102019e-02 9.28e-04 1.61e-01  -4.0 7.62e-02    -  1.00e+00 5.00e-01h  2
 133  1.0052637e-02 1.39e-03 2.46e-01  -4.0 1.58e-01    -  1.00e+00 2.50e-01h  3
 134  1.0015258e-02 1.19e-03 2.63e-01  -4.0 9.37e-02    -  1.00e+00 2.50e-01h  3
 135  1.0535812e-02 2.06e-03 1.56e-01  -4.0 4.24e-02    -  1.00e+00 1.00e+00h  1
 136  9.9284012e-03 6.43e-04 5.67e-02  -4.1 2.91e-02    -  1.00e+00 1.00e+00h  1
 137  9.8584546e-03 3.74e-04 1.65e-02  -4.0 1.29e-02    -  1.00e+00 1.00e+00h  1
 138  9.8331970e-03 4.06e-05 1.99e-02  -4.0 5.42e-03    -  1.00e+00 1.00e+00h  1
 139  9.8124484e-03 3.38e-05 2.00e-02  -4.0 6.60e-03    -  1.00e+00 1.00e+00h  1
iter    objective    inf_pr   inf_du lg(mu)  ||d||  lg(rg) alpha_du alpha_pr  ls
 140  9.8182130e-03 9.57e-04 7.48e-02  -4.0 3.45e-02    -  1.00e+00 1.00e+00h  1
 141  9.7317282e-03 2.29e-03 1.82e-01  -4.1 8.41e-02    -  1.00e+00 5.00e-01h  2
 142  1.1059439e-02 1.03e-03 3.02e-01  -4.0 5.74e-02    -  1.00e+00 1.00e+00H  1
 143  1.0055114e-02 1.19e-03 1.58e-01  -4.1 4.07e-02    -  1.00e+00 1.00e+00h  1
 144  9.6492083e-03 6.76e-04 4.93e-02  -4.1 2.94e-02    -  1.00e+00 1.00e+00h  1
 145  9.6160707e-03 1.64e-04 2.11e-02  -4.0 1.35e-02    -  1.00e+00 1.00e+00h  1
 146  9.5957534e-03 6.28e-05 1.25e-02  -4.0 5.93e-03    -  1.00e+00 1.00e+00h  1
 147  9.5772828e-03 1.44e-05 9.77e-03  -4.0 3.19e-03    -  1.00e+00 1.00e+00h  1
 148  9.5704077e-03 4.76e-06 8.76e-03  -4.0 1.72e-03    -  1.00e+00 1.00e+00h  1
 149  9.5398090e-03 1.74e-04 4.67e-02  -4.0 1.31e-02    -  1.00e+00 1.00e+00h  1
iter    objective    inf_pr   inf_du lg(mu)  ||d||  lg(rg) alpha_du alpha_pr  ls
 150  9.5141701e-03 3.26e-04 9.05e-02  -4.0 3.22e-02    -  1.00e+00 5.00e-01h  2
 151  9.4729327e-03 2.07e-04 1.04e-01  -4.0 2.61e-02    -  1.00e+00 5.00e-01h  2
 152  9.5297643e-03 1.47e-04 6.24e-02  -4.0 1.14e-02    -  1.00e+00 1.00e+00h  1
 153  9.4170185e-03 9.74e-05 1.72e-02  -4.0 1.01e-02    -  1.00e+00 1.00e+00h  1
 154  9.4190869e-03 9.47e-05 1.35e-02  -4.0 7.86e-03    -  1.00e+00 1.00e+00h  1
 155  9.2812832e-03 1.76e-04 6.77e-02  -4.1 2.14e-02    -  1.00e+00 1.00e+00h  1
 156  9.2607008e-03 1.63e-03 2.58e-01  -4.0 1.17e-01    -  1.00e+00 5.00e-01h  2
 157  9.2543319e-03 1.42e-03 3.15e-01  -4.0 9.72e-02    -  1.00e+00 2.50e-01h  3
 158  9.5976535e-03 8.05e-04 1.94e-01  -4.0 3.69e-02    -  1.00e+00 1.00e+00h  1
 159  9.1586431e-03 8.53e-04 8.03e-02  -4.1 2.66e-02    -  1.00e+00 1.00e+00h  1
iter    objective    inf_pr   inf_du lg(mu)  ||d||  lg(rg) alpha_du alpha_pr  ls
 160  9.0348106e-03 3.17e-04 5.05e-02  -4.0 1.81e-02    -  1.00e+00 1.00e+00h  1
 161  8.9954891e-03 5.86e-04 5.51e-02  -4.0 3.06e-02    -  1.00e+00 1.00e+00h  1
 162  9.1213432e-03 3.23e-04 1.60e-01  -4.0 5.70e-02    -  1.00e+00 1.00e+00H  1
 163  8.9705320e-03 8.28e-04 1.99e-01  -4.0 6.59e-02    -  1.00e+00 5.00e-01h  2
 164  9.9486392e-03 1.97e-03 1.61e-01  -4.0 3.53e-02    -  1.00e+00 1.00e+00H  1
 165  8.6704418e-03 1.07e-03 5.77e-02  -4.1 2.57e-02    -  1.00e+00 1.00e+00h  1
 166  8.6812281e-03 2.44e-04 1.29e-02  -4.0 1.87e-02    -  1.00e+00 1.00e+00h  1
 167  8.6213657e-03 3.48e-04 5.70e-02  -4.0 3.72e-02    -  1.00e+00 5.00e-01h  2
 168  8.6444038e-03 4.17e-04 8.54e-02  -4.0 5.18e-02    -  1.00e+00 1.00e+00H  1
 169  8.5467720e-03 6.46e-03 2.83e-01  -4.0 8.28e-02    -  1.00e+00 1.00e+00H  1
iter    objective    inf_pr   inf_du lg(mu)  ||d||  lg(rg) alpha_du alpha_pr  ls
 170  8.2920655e-03 1.64e-03 9.50e-02  -4.0 3.46e-02    -  1.00e+00 1.00e+00h  1
 171  8.4183180e-03 5.04e-04 1.76e-02  -4.0 1.88e-02    -  1.00e+00 1.00e+00h  1
 172  8.2809353e-03 1.27e-04 1.15e-02  -4.0 1.42e-02    -  1.00e+00 1.00e+00h  1
 173  8.2903244e-03 4.98e-05 1.59e-02  -4.0 6.46e-03    -  1.00e+00 1.00e+00h  1
 174  8.2731522e-03 5.65e-05 2.08e-02  -4.0 8.89e-03    -  1.00e+00 1.00e+00h  1
 175  8.1970325e-03 7.32e-04 1.05e-01  -4.0 6.37e-02    -  1.00e+00 5.00e-01h  2
 176  8.1671357e-03 3.14e-03 2.22e-01  -4.0 1.27e-01    -  1.00e+00 5.00e-01h  2
 177  8.5072933e-03 5.01e-04 3.65e-01  -4.0 8.65e-02    -  1.00e+00 1.00e+00H  1
 178  8.2698837e-03 8.15e-04 3.53e-01  -4.1 8.24e-02    -  1.00e+00 5.00e-01h  2
 179  7.9656807e-03 4.47e-04 8.85e-02  -4.1 2.86e-02    -  1.00e+00 1.00e+00h  1
iter    objective    inf_pr   inf_du lg(mu)  ||d||  lg(rg) alpha_du alpha_pr  ls
 180  7.7695045e-03 1.28e-04 1.82e-02  -4.0 1.50e-02    -  1.00e+00 1.00e+00h  1
 181  7.7569904e-03 2.25e-05 1.22e-02  -4.0 5.85e-03    -  1.00e+00 1.00e+00h  1
 182  7.7184504e-03 1.62e-04 3.94e-02  -4.0 1.76e-02    -  1.00e+00 1.00e+00h  1
 183  7.5278170e-03 1.24e-03 1.83e-01  -4.0 1.93e-01    -  1.00e+00 2.50e-01h  3
 184  7.4941737e-03 1.30e-03 2.57e-01  -4.0 1.26e-01    -  1.00e+00 2.50e-01h  3
 185  7.6421754e-03 4.10e-04 2.06e-01  -4.0 3.23e-02    -  1.00e+00 1.00e+00h  1
 186  7.4555989e-03 2.69e-04 1.54e-01  -4.0 3.40e-02    -  1.00e+00 5.00e-01h  2
 187  7.3784921e-03 8.77e-05 4.68e-02  -4.0 1.22e-02    -  1.00e+00 1.00e+00h  1
 188  7.3392653e-03 4.83e-05 2.87e-02  -4.0 1.05e-02    -  1.00e+00 1.00e+00h  1
 189  7.2884043e-03 1.55e-04 6.52e-02  -4.0 3.74e-02    -  1.00e+00 5.00e-01h  2
iter    objective    inf_pr   inf_du lg(mu)  ||d||  lg(rg) alpha_du alpha_pr  ls
 190  7.2126890e-03 1.68e-03 1.35e-01  -4.0 1.24e-01    -  1.00e+00 5.00e-01h  2
 191  7.1737333e-03 1.68e-03 1.63e-01  -4.0 9.98e-02    -  1.00e+00 2.50e-01h  3
 192  7.4940351e-03 8.37e-04 1.16e-01  -4.0 3.39e-02    -  1.00e+00 1.00e+00h  1
 193  7.0359292e-03 3.51e-04 5.24e-02  -4.1 3.12e-02    -  1.00e+00 1.00e+00h  1
 194  6.9359944e-03 1.26e-04 1.22e-02  -4.0 1.06e-02    -  1.00e+00 1.00e+00h  1
 195  6.9490615e-03 2.34e-05 1.90e-02  -4.0 6.06e-03    -  1.00e+00 1.00e+00h  1
 196  6.9039567e-03 9.26e-05 4.09e-02  -4.0 1.40e-02    -  1.00e+00 1.00e+00h  1
 197  6.8345042e-03 5.24e-04 2.55e-01  -4.0 1.20e-01    -  1.00e+00 2.50e-01h  3
 198  6.7732421e-03 9.09e-04 1.67e-01  -4.0 6.86e-02    -  1.00e+00 5.00e-01h  2
 199  7.3153042e-03 8.05e-04 2.75e-01  -4.0 5.70e-02    -  1.00e+00 1.00e+00H  1
iter    objective    inf_pr   inf_du lg(mu)  ||d||  lg(rg) alpha_du alpha_pr  ls
 200  6.9756354e-03 1.17e-03 1.76e-01  -4.1 3.81e-02    -  1.00e+00 1.00e+00H  1
 201  6.4503955e-03 2.98e-04 2.73e-02  -4.1 1.97e-02    -  1.00e+00 1.00e+00h  1
 202  6.5285385e-03 1.13e-04 3.18e-02  -4.0 1.51e-02    -  1.00e+00 1.00e+00h  1
 203  6.7202567e-03 9.76e-05 5.30e-02  -4.0 2.09e-02    -  1.00e+00 1.00e+00H  1
 204  6.4562044e-03 1.12e-04 4.59e-02  -4.0 1.03e-02    -  1.00e+00 1.00e+00h  1
 205  6.4153179e-03 6.71e-05 1.42e-02  -4.0 8.87e-03    -  1.00e+00 1.00e+00h  1
 206  6.4157983e-03 2.11e-05 1.15e-02  -4.0 5.80e-03    -  1.00e+00 1.00e+00h  1
 207  6.4037597e-03 2.43e-05 1.47e-02  -4.0 7.99e-03    -  1.00e+00 1.00e+00h  1
 208  6.3258087e-03 1.40e-03 1.31e-01  -4.0 5.76e-02    -  1.00e+00 1.00e+00h  1
 209  6.2829881e-03 1.36e-03 2.12e-01  -4.0 7.29e-02    -  1.00e+00 5.00e-01h  2
iter    objective    inf_pr   inf_du lg(mu)  ||d||  lg(rg) alpha_du alpha_pr  ls
 210  8.3195062e-03 1.89e-03 1.93e-01  -4.0 5.33e-02    -  1.00e+00 1.00e+00h  1
 211  6.1363437e-03 1.14e-03 5.06e-02  -4.1 4.80e-02    -  1.00e+00 1.00e+00h  1
 212  6.2800973e-03 4.93e-04 1.47e-02  -4.0 1.68e-02    -  1.00e+00 1.00e+00h  1
 213  6.1682408e-03 2.04e-04 8.97e-03  -4.0 1.11e-02    -  1.00e+00 1.00e+00h  1
 214  6.1688362e-03 2.38e-05 1.66e-02  -4.0 5.83e-03    -  1.00e+00 1.00e+00h  1
 215  6.1572049e-03 3.01e-05 1.53e-02  -4.0 7.57e-03    -  1.00e+00 1.00e+00h  1
 216  6.1278885e-03 9.06e-05 8.20e-02  -4.0 2.36e-02    -  1.00e+00 5.00e-01h  2
 217  6.0818191e-03 1.52e-04 1.04e-01  -4.0 2.94e-02    -  1.00e+00 5.00e-01h  2
 218  6.0173049e-03 5.03e-04 1.11e-01  -4.0 5.99e-02    -  1.00e+00 5.00e-01h  2
 219  5.9509945e-03 4.78e-04 1.36e-01  -4.0 5.93e-02    -  1.00e+00 2.50e-01h  3
iter    objective    inf_pr   inf_du lg(mu)  ||d||  lg(rg) alpha_du alpha_pr  ls
 220  6.4269458e-03 1.03e-04 1.12e-01  -4.0 4.43e-02    -  1.00e+00 1.00e+00H  1
 221  6.0290439e-03 4.41e-04 5.31e-02  -4.1 2.77e-02    -  1.00e+00 1.00e+00h  1
 222  5.8587885e-03 1.58e-04 9.45e-03  -4.0 1.30e-02    -  1.00e+00 1.00e+00h  1
 223  5.8449732e-03 4.87e-05 1.19e-02  -4.0 6.02e-03    -  1.00e+00 1.00e+00h  1
 224  5.8383705e-03 5.43e-05 4.45e-02  -4.0 1.41e-02    -  1.00e+00 1.00e+00h  1
 225  5.8140242e-03 3.61e-04 9.21e-02  -4.0 2.86e-02    -  1.00e+00 1.00e+00h  1
 226  5.7788363e-03 3.42e-04 1.16e-01  -4.0 4.83e-02    -  1.00e+00 2.50e-01h  3
 227  5.8334717e-03 1.24e-04 3.44e-02  -4.0 1.21e-02    -  1.00e+00 1.00e+00h  1
 228  5.7274202e-03 7.07e-05 1.29e-02  -4.0 9.08e-03    -  1.00e+00 1.00e+00h  1
 229  5.7095711e-03 6.05e-05 3.32e-02  -4.0 1.29e-02    -  1.00e+00 1.00e+00h  1
iter    objective    inf_pr   inf_du lg(mu)  ||d||  lg(rg) alpha_du alpha_pr  ls
 230  5.6384398e-03 1.16e-03 2.88e-01  -4.0 5.66e-02    -  1.00e+00 1.00e+00h  1
 231  6.3096546e-03 9.42e-04 3.84e-01  -4.0 3.86e-02    -  1.00e+00 1.00e+00h  1
 232  5.7128546e-03 5.09e-04 1.58e-01  -4.1 2.54e-02    -  1.00e+00 1.00e+00h  1
 233  5.5966837e-03 2.44e-04 2.49e-02  -4.1 1.45e-02    -  1.00e+00 1.00e+00h  1
 234  5.5798272e-03 9.73e-05 1.22e-02  -4.0 9.89e-03    -  1.00e+00 1.00e+00h  1
 235  5.5688538e-03 3.07e-05 2.52e-02  -4.0 6.91e-03    -  1.00e+00 1.00e+00h  1
 236  5.5688019e-03 2.83e-05 1.26e-02  -4.0 6.18e-03    -  1.00e+00 1.00e+00h  1
 237  5.5613938e-03 2.35e-05 1.39e-02  -4.0 5.30e-03    -  1.00e+00 1.00e+00h  1
 238  5.5427339e-03 1.10e-05 8.88e-03  -4.0 3.45e-03    -  1.00e+00 1.00e+00h  1
 239  5.5390539e-03 4.45e-06 7.56e-03  -4.0 3.17e-03    -  1.00e+00 1.00e+00h  1
iter    objective    inf_pr   inf_du lg(mu)  ||d||  lg(rg) alpha_du alpha_pr  ls
 240  5.5291054e-03 3.04e-05 1.21e-01  -4.0 1.38e-02    -  1.00e+00 5.00e-01h  2
 241  5.4920746e-03 2.77e-04 1.13e-01  -4.0 4.54e-02    -  1.00e+00 5.00e-01h  2
 242  5.4699090e-03 3.82e-04 1.64e-01  -4.0 7.57e-02    -  1.00e+00 2.50e-01h  3
 243  5.4246797e-03 5.35e-04 2.00e-01  -4.0 4.58e-02    -  1.00e+00 5.00e-01h  2
 244  5.4864472e-03 4.74e-04 1.85e-01  -4.0 3.11e-02    -  1.00e+00 5.00e-01h  2
 245  5.4178113e-03 1.11e-04 4.68e-02  -4.0 1.11e-02    -  1.00e+00 1.00e+00h  1
 246  5.4105463e-03 8.70e-05 3.72e-02  -4.0 8.19e-03    -  1.00e+00 1.00e+00h  1
 247  5.3688438e-03 5.58e-05 1.18e-02  -4.0 5.74e-03    -  1.00e+00 1.00e+00h  1
 248  5.3700378e-03 7.25e-06 1.35e-02  -4.0 2.41e-03    -  1.00e+00 1.00e+00h  1
 249  5.3671902e-03 6.84e-06 1.98e-02  -4.0 3.92e-03    -  1.00e+00 1.00e+00h  1
iter    objective    inf_pr   inf_du lg(mu)  ||d||  lg(rg) alpha_du alpha_pr  ls
 250  5.3481080e-03 1.06e-04 2.31e-01  -4.0 3.10e-02    -  1.00e+00 5.00e-01h  2
 251  5.3206535e-03 1.37e-04 1.46e-01  -4.0 2.41e-02    -  1.00e+00 5.00e-01h  2
 252  5.3101620e-03 1.17e-04 1.37e-01  -4.0 1.58e-02    -  1.00e+00 5.00e-01h  2
 253  5.3374750e-03 4.99e-05 4.91e-02  -4.0 6.04e-03    -  1.00e+00 1.00e+00h  1
 254  5.3042241e-03 2.72e-05 1.41e-02  -4.0 4.03e-03    -  1.00e+00 1.00e+00h  1
 255  5.3021321e-03 4.63e-06 2.02e-02  -4.0 2.89e-03    -  1.00e+00 1.00e+00h  1
 256  5.2846417e-03 1.30e-04 5.02e-02  -4.0 1.64e-02    -  1.00e+00 1.00e+00h  1
 257  5.2750085e-03 2.14e-04 1.18e-01  -4.0 3.66e-02    -  1.00e+00 5.00e-01h  2
 258  5.2594624e-03 2.46e-04 1.89e-01  -4.0 5.16e-02    -  1.00e+00 2.50e-01h  3
 259  5.2609826e-03 2.29e-04 1.52e-01  -4.0 2.43e-02    -  1.00e+00 5.00e-01h  2
iter    objective    inf_pr   inf_du lg(mu)  ||d||  lg(rg) alpha_du alpha_pr  ls
 260  5.2328451e-03 5.88e-05 6.35e-02  -4.0 8.85e-03    -  1.00e+00 1.00e+00h  1
 261  5.2234940e-03 1.49e-05 1.11e-02  -4.0 4.54e-03    -  1.00e+00 1.00e+00h  1
 262  5.2270230e-03 7.17e-06 1.15e-02  -4.0 2.41e-03    -  1.00e+00 1.00e+00h  1
 263  5.2203280e-03 1.55e-05 3.30e-02  -4.0 5.89e-03    -  1.00e+00 1.00e+00h  1
 264  5.2069466e-03 6.88e-05 1.14e-01  -4.0 2.39e-02    -  1.00e+00 5.00e-01h  2
 265  5.1943123e-03 8.57e-05 2.15e-01  -4.0 3.09e-02    -  1.00e+00 2.50e-01h  3
 266  5.1852670e-03 1.06e-04 1.63e-01  -4.0 2.98e-02    -  1.00e+00 2.50e-01h  3
 267  5.1763459e-03 1.10e-04 1.95e-01  -4.0 2.58e-02    -  1.00e+00 2.50e-01h  3
 268  5.1803898e-03 1.28e-04 1.20e-01  -4.0 2.73e-02    -  1.00e+00 5.00e-01h  2
 269  5.1212587e-03 1.73e-04 1.34e-01  -4.1 4.19e-02    -  1.00e+00 5.00e-01h  2
iter    objective    inf_pr   inf_du lg(mu)  ||d||  lg(rg) alpha_du alpha_pr  ls
 270  5.2037618e-03 3.10e-04 1.87e-01  -4.0 3.48e-02    -  1.00e+00 1.00e+00H  1
 271  5.0885465e-03 1.79e-04 1.67e-01  -4.1 2.39e-02    -  1.00e+00 5.00e-01h  2
 272  5.0969655e-03 6.69e-05 1.19e-02  -4.0 9.32e-03    -  1.00e+00 1.00e+00h  1
 273  5.1136033e-03 2.68e-05 8.42e-03  -4.0 6.79e-03    -  1.00e+00 1.00e+00h  1
 274  5.1069156e-03 6.08e-05 3.20e-02  -4.0 1.21e-02    -  1.00e+00 1.00e+00h  1
 275  5.0498473e-03 9.20e-05 5.91e-02  -4.1 2.31e-02    -  1.00e+00 5.00e-01h  2
 276  5.1185151e-03 7.33e-05 4.75e-02  -4.0 7.62e-03    -  1.00e+00 1.00e+00h  1
 277  4.9985506e-03 3.88e-05 8.44e-03  -4.1 4.41e-03    -  1.00e+00 1.00e+00h  1
 278  5.0815113e-03 1.47e-05 2.12e-02  -4.0 5.90e-03    -  1.00e+00 1.00e+00h  1
 279  5.0885845e-03 6.73e-05 6.89e-02  -4.0 1.26e-02    -  1.00e+00 1.00e+00h  1
iter    objective    inf_pr   inf_du lg(mu)  ||d||  lg(rg) alpha_du alpha_pr  ls
 280  5.0359474e-03 1.62e-04 1.33e-01  -4.1 3.53e-02    -  1.00e+00 5.00e-01h  2
 281  5.0155080e-03 1.43e-04 1.42e-01  -4.1 2.13e-02    -  1.00e+00 2.50e-01h  3
 282  4.9961832e-03 8.36e-05 9.23e-02  -4.1 8.55e-03    -  1.00e+00 5.00e-01h  2
 283  5.0693208e-03 2.50e-05 2.21e-02  -4.0 5.21e-03    -  1.00e+00 1.00e+00h  1
 284  5.0656529e-03 2.31e-05 1.44e-02  -4.0 7.26e-03    -  1.00e+00 1.00e+00h  1
 285  5.0882785e-03 2.12e-05 4.82e-02  -4.0 1.49e-02    -  1.00e+00 1.00e+00H  1
 286  5.1020435e-03 5.13e-05 6.04e-02  -4.0 7.96e-03    -  1.00e+00 1.00e+00h  1
 287  4.9724644e-03 5.13e-05 2.53e-02  -4.1 6.76e-03    -  1.00e+00 1.00e+00h  1
 288  5.0509785e-03 1.06e-05 6.92e-03  -4.0 4.62e-03    -  1.00e+00 1.00e+00h  1
 289  5.0665293e-03 2.67e-06 1.80e-02  -4.0 6.29e-03    -  1.00e+00 1.00e+00H  1
iter    objective    inf_pr   inf_du lg(mu)  ||d||  lg(rg) alpha_du alpha_pr  ls
 290  5.0608973e-03 2.05e-05 4.63e-02  -4.0 9.09e-03    -  1.00e+00 1.00e+00h  1
 291  5.0334863e-03 1.45e-05 5.06e-02  -4.1 1.10e-02    -  1.00e+00 2.50e-01h  3
 292  5.0638188e-03 7.00e-06 2.18e-02  -4.0 2.68e-03    -  1.00e+00 1.00e+00h  1
 293  5.0588310e-03 3.89e-06 1.62e-02  -4.0 3.00e-03    -  1.00e+00 1.00e+00h  1
 294  5.0614874e-03 1.30e-05 2.46e-02  -4.0 7.15e-03    -  1.00e+00 1.00e+00h  1
 295  4.9736820e-03 2.49e-06 5.26e-02  -4.1 7.94e-03    -  1.00e+00 1.00e+00H  1
 296  5.0784194e-03 1.02e-04 1.30e-01  -4.0 1.72e-02    -  1.00e+00 1.00e+00h  1
 297  5.2324429e-03 1.70e-04 9.07e-02  -4.1 1.14e-02    -  1.00e+00 1.00e+00H  1
 298  4.9767777e-03 1.10e-04 3.05e-02  -4.1 1.01e-02    -  1.00e+00 1.00e+00h  1
 299  4.9574382e-03 2.40e-05 5.99e-03  -4.1 5.93e-03    -  1.00e+00 1.00e+00h  1
iter    objective    inf_pr   inf_du lg(mu)  ||d||  lg(rg) alpha_du alpha_pr  ls
 300  5.0498795e-03 8.76e-06 5.96e-03  -4.0 3.35e-03    -  1.00e+00 1.00e+00h  1
 301  4.9811545e-03 7.81e-06 2.48e-02  -4.1 7.35e-03    -  1.00e+00 1.00e+00H  1
 302  4.9591103e-03 2.69e-05 3.35e-02  -4.1 4.87e-03    -  1.00e+00 1.00e+00h  1
 303  4.9698282e-03 1.30e-05 5.60e-03  -4.1 2.56e-03    -  1.00e+00 1.00e+00h  1
 304  5.0522523e-03 2.17e-06 2.70e-03  -4.0 1.66e-03    -  1.00e+00 1.00e+00h  1
 305  4.9669472e-03 2.80e-06 3.57e-03  -4.1 1.06e-03    -  1.00e+00 1.00e+00h  1
 306  5.0518209e-03 1.94e-06 7.09e-03  -4.0 1.36e-03    -  1.00e+00 1.00e+00h  1
 307  5.0593629e-03 7.26e-06 6.76e-02  -4.0 5.99e-03    -  1.00e+00 5.00e-01h  2
 308  4.9628487e-03 1.40e-05 2.11e-02  -4.1 2.68e-03    -  1.00e+00 1.00e+00h  1
 309  5.0531188e-03 9.10e-06 5.71e-03  -4.0 2.03e-03    -  1.00e+00 1.00e+00h  1
iter    objective    inf_pr   inf_du lg(mu)  ||d||  lg(rg) alpha_du alpha_pr  ls
 310  4.9679530e-03 1.41e-06 3.93e-03  -4.1 1.22e-03    -  1.00e+00 1.00e+00h  1
 311  5.0553291e-03 1.81e-06 3.29e-03  -4.0 1.48e-03    -  1.00e+00 1.00e+00h  1
 312  4.9623559e-03 1.40e-05 2.38e-02  -4.1 5.23e-03    -  1.00e+00 1.00e+00h  1
 313  4.9584576e-03 5.24e-06 2.12e-02  -4.1 2.53e-03    -  1.00e+00 1.00e+00h  1
 314  5.0536839e-03 1.51e-05 5.41e-03  -4.0 2.32e-03    -  1.00e+00 1.00e+00h  1
 315  4.9651651e-03 2.30e-06 2.89e-03  -4.1 9.24e-04    -  1.00e+00 1.00e+00h  1
 316  5.0543255e-03 2.85e-06 7.55e-03  -4.0 2.17e-03    -  1.00e+00 1.00e+00h  1
 317  5.0019220e-03 2.16e-05 4.49e-02  -4.1 2.00e-02    -  1.00e+00 5.00e-01h  2
 318  4.9618243e-03 2.17e-05 6.64e-02  -4.1 8.24e-03    -  1.00e+00 1.00e+00h  1
 319  4.9796535e-03 1.25e-05 2.02e-02  -4.1 7.70e-03    -  1.00e+00 1.00e+00H  1
iter    objective    inf_pr   inf_du lg(mu)  ||d||  lg(rg) alpha_du alpha_pr  ls
 320  4.9519183e-03 2.17e-05 6.87e-03  -4.1 3.55e-03    -  1.00e+00 1.00e+00h  1
 321  5.0445694e-03 8.50e-06 8.19e-03  -4.0 3.29e-03    -  1.00e+00 1.00e+00h  1
 322  4.9970733e-03 1.29e-05 9.85e-02  -4.1 9.88e-03    -  1.00e+00 5.00e-01h  2
 323  4.9492192e-03 6.14e-06 2.42e-02  -4.1 2.94e-03    -  1.00e+00 1.00e+00h  1
 324  5.0468210e-03 1.25e-05 5.82e-03  -4.0 2.23e-03    -  1.00e+00 1.00e+00h  1
 325  4.9541820e-03 5.13e-06 2.75e-03  -4.1 1.34e-03    -  1.00e+00 1.00e+00h  1
 326  5.0501617e-03 8.90e-06 1.21e-02  -4.0 3.46e-03    -  1.00e+00 1.00e+00h  1
 327  4.9986375e-03 1.22e-05 6.82e-02  -4.1 5.93e-03    -  1.00e+00 5.00e-01h  2
 328  4.9526097e-03 5.57e-06 7.63e-03  -4.1 2.20e-03    -  1.00e+00 1.00e+00h  1
 329  5.0599985e-03 2.18e-05 1.55e-02  -4.0 4.32e-03    -  1.00e+00 1.00e+00h  1
iter    objective    inf_pr   inf_du lg(mu)  ||d||  lg(rg) alpha_du alpha_pr  ls
 330  4.9422428e-03 8.16e-05 1.67e-02  -4.1 7.66e-03    -  1.00e+00 1.00e+00h  1
 331  5.0582487e-03 8.76e-05 3.17e-02  -4.0 1.15e-02    -  1.00e+00 1.00e+00h  1
 332  5.0181931e-03 4.45e-05 4.80e-02  -4.1 6.94e-03    -  1.00e+00 1.00e+00h  1
 333  4.9544601e-03 2.98e-05 6.61e-03  -4.1 5.95e-03    -  1.00e+00 1.00e+00h  1
 334  4.9558184e-03 1.30e-05 1.13e-02  -4.1 3.49e-03    -  1.00e+00 1.00e+00h  1
 335  4.9583904e-03 4.29e-06 5.20e-03  -4.1 2.20e-03    -  1.00e+00 1.00e+00h  1
 336  4.9622442e-03 6.69e-06 6.78e-03  -4.1 1.38e-03    -  1.00e+00 1.00e+00h  1
 337  5.0498291e-03 2.28e-06 6.95e-03  -4.0 1.33e-03    -  1.00e+00 1.00e+00h  1
 338  4.9625142e-03 7.71e-06 1.46e-02  -4.1 2.45e-03    -  1.00e+00 1.00e+00h  1
 339  4.9621417e-03 1.82e-06 2.13e-03  -4.1 1.22e-03    -  1.00e+00 1.00e+00h  1
iter    objective    inf_pr   inf_du lg(mu)  ||d||  lg(rg) alpha_du alpha_pr  ls
 340  5.0507305e-03 2.93e-06 2.31e-03  -4.0 1.28e-03    -  1.00e+00 1.00e+00h  1
 341  4.9581441e-03 7.36e-06 1.16e-02  -4.1 2.43e-03    -  1.00e+00 1.00e+00h  1
 342  4.9604774e-03 2.21e-06 2.46e-03  -4.1 1.84e-03    -  1.00e+00 1.00e+00h  1
 343  5.0520964e-03 5.10e-06 2.89e-03  -4.0 1.30e-03    -  1.00e+00 1.00e+00h  1
 344  4.9606592e-03 4.36e-06 3.83e-03  -4.1 1.53e-03    -  1.00e+00 1.00e+00h  1
 345  4.9560701e-03 2.69e-06 6.39e-03  -4.1 2.12e-03    -  1.00e+00 1.00e+00h  1
 346  5.0507483e-03 1.21e-05 2.02e-03  -4.0 2.65e-03    -  1.00e+00 1.00e+00h  1
 347  4.9602698e-03 7.55e-06 3.16e-03  -4.1 1.75e-03    -  1.00e+00 1.00e+00h  1
 348  4.9541994e-03 1.93e-06 5.22e-03  -4.1 1.44e-03    -  1.00e+00 1.00e+00h  1
 349  5.0549134e-03 1.57e-05 3.08e-03  -4.0 3.77e-03    -  1.00e+00 1.00e+00h  1
iter    objective    inf_pr   inf_du lg(mu)  ||d||  lg(rg) alpha_du alpha_pr  ls
 350  4.9574077e-03 1.44e-05 7.75e-03  -4.1 3.33e-03    -  1.00e+00 1.00e+00h  1
 351  4.9394750e-03 2.13e-05 1.72e-02  -4.1 4.13e-03    -  1.00e+00 1.00e+00h  1
 352  5.0593337e-03 8.24e-05 7.80e-03  -4.0 8.91e-03    -  1.00e+00 1.00e+00h  1
 353  5.0137456e-03 3.85e-05 1.81e-02  -4.1 7.62e-03    -  1.00e+00 1.00e+00h  1
 354  4.9490977e-03 1.68e-05 5.57e-03  -4.1 5.09e-03    -  1.00e+00 1.00e+00h  1
 355  5.0517814e-03 1.78e-05 3.22e-03  -4.0 4.56e-03    -  1.00e+00 1.00e+00h  1
 356  4.9515850e-03 2.91e-05 2.38e-02  -4.1 8.75e-03    -  1.00e+00 1.00e+00H  1
 357  4.9434479e-03 2.04e-05 1.39e-02  -4.1 4.10e-03    -  1.00e+00 1.00e+00h  1
 358  4.9589589e-03 1.58e-05 4.94e-03  -4.1 3.12e-03    -  1.00e+00 1.00e+00h  1
 359  4.9537667e-03 9.61e-06 4.25e-03  -4.1 3.01e-03    -  1.00e+00 1.00e+00h  1
iter    objective    inf_pr   inf_du lg(mu)  ||d||  lg(rg) alpha_du alpha_pr  ls
 360  4.9490193e-03 5.57e-06 3.69e-03  -4.1 1.95e-03    -  1.00e+00 1.00e+00h  1
 361  5.0565394e-03 3.49e-05 1.81e-02  -4.0 5.76e-03    -  1.00e+00 1.00e+00h  1
 362  4.9635736e-03 5.55e-06 1.65e-02  -4.1 6.48e-03    -  1.00e+00 1.00e+00H  1
 363  4.9402816e-03 2.01e-05 2.28e-02  -4.1 4.85e-03    -  1.00e+00 1.00e+00h  1
 364  5.0669213e-03 9.69e-05 1.74e-02  -4.0 1.11e-02    -  1.00e+00 1.00e+00h  1
 365  4.9937463e-03 1.77e-04 1.39e-01  -4.1 1.73e-02    -  1.00e+00 5.00e-01h  2
 366  4.9463911e-03 3.14e-05 1.61e-02  -4.1 4.13e-03    -  1.00e+00 1.00e+00h  1
 367  5.0502840e-03 3.86e-05 6.60e-03  -4.0 5.10e-03    -  1.00e+00 1.00e+00h  1
 368  4.9345981e-03 1.09e-04 1.57e-02  -4.1 1.08e-02    -  1.00e+00 1.00e+00h  1
 369  5.0615609e-03 1.81e-04 1.30e-02  -4.0 1.16e-02    -  1.00e+00 1.00e+00h  1
iter    objective    inf_pr   inf_du lg(mu)  ||d||  lg(rg) alpha_du alpha_pr  ls
 370  5.0846472e-03 1.10e-04 1.51e-02  -4.1 1.20e-02    -  1.00e+00 1.00e+00h  1
 371  4.9396538e-03 1.14e-04 4.62e-03  -4.1 1.16e-02    -  1.00e+00 1.00e+00h  1
 372  4.9540340e-03 8.34e-06 5.16e-03  -4.1 2.83e-03    -  1.00e+00 1.00e+00h  1
 373  4.9512586e-03 4.05e-06 4.83e-03  -4.1 2.29e-03    -  1.00e+00 1.00e+00h  1
 374  4.9550989e-03 2.12e-06 6.22e-03  -4.1 1.85e-03    -  1.00e+00 1.00e+00h  1
 375  5.0483945e-03 9.00e-06 5.50e-03  -4.0 2.62e-03    -  1.00e+00 1.00e+00h  1
 376  4.9512339e-03 1.80e-05 1.09e-02  -4.1 3.05e-03    -  1.00e+00 1.00e+00h  1
 377  4.9460058e-03 7.55e-06 1.16e-02  -4.1 2.18e-03    -  1.00e+00 1.00e+00h  1
 378  5.0566123e-03 3.82e-05 1.18e-02  -4.0 5.89e-03    -  1.00e+00 1.00e+00h  1
 379  4.9545877e-03 1.87e-05 1.71e-02  -4.1 4.83e-03    -  1.00e+00 1.00e+00h  1
iter    objective    inf_pr   inf_du lg(mu)  ||d||  lg(rg) alpha_du alpha_pr  ls
 380  4.9473086e-03 6.54e-06 5.98e-03  -4.1 2.44e-03    -  1.00e+00 1.00e+00h  1
 381  5.0469300e-03 1.19e-05 3.59e-03  -4.0 3.43e-03    -  1.00e+00 1.00e+00h  1
 382  4.9397655e-03 4.30e-05 1.39e-02  -4.1 5.90e-03    -  1.00e+00 1.00e+00h  1
 383  4.9434739e-03 1.30e-05 1.54e-02  -4.1 3.84e-03    -  1.00e+00 1.00e+00h  1
 384  5.0505603e-03 6.85e-05 7.31e-03  -4.0 7.45e-03    -  1.00e+00 1.00e+00h  1
 385  4.9505030e-03 8.65e-05 1.31e-02  -4.1 1.17e-02    -  1.00e+00 1.00e+00h  1
 386  4.9419227e-03 2.12e-05 5.05e-03  -4.1 5.87e-03    -  1.00e+00 1.00e+00h  1
 387  5.0483201e-03 2.70e-05 4.01e-03  -4.0 5.38e-03    -  1.00e+00 1.00e+00h  1
 388  4.9874048e-03 3.21e-05 4.51e-02  -4.1 8.18e-03    -  1.00e+00 5.00e-01h  2
 389  4.9341590e-03 1.96e-05 1.33e-02  -4.1 4.44e-03    -  1.00e+00 1.00e+00h  1
iter    objective    inf_pr   inf_du lg(mu)  ||d||  lg(rg) alpha_du alpha_pr  ls
 390  5.0823669e-03 1.79e-04 1.87e-02  -4.0 1.24e-02    -  1.00e+00 1.00e+00h  1
 391  4.9567519e-03 7.60e-05 5.93e-03  -4.1 6.68e-03    -  1.00e+00 1.00e+00h  1
 392  4.9455441e-03 3.53e-05 5.06e-03  -4.1 5.16e-03    -  1.00e+00 1.00e+00h  1
 393  4.9380975e-03 1.33e-05 5.51e-03  -4.1 4.33e-03    -  1.00e+00 1.00e+00h  1
 394  5.0388044e-03 2.51e-05 7.48e-03  -4.0 5.19e-03    -  1.00e+00 1.00e+00h  1
 395  4.9363425e-03 3.57e-05 1.21e-02  -4.1 4.52e-03    -  1.00e+00 1.00e+00h  1
 396  4.9357156e-03 5.85e-06 6.73e-03  -4.1 2.87e-03    -  1.00e+00 1.00e+00h  1
 397  5.0369169e-03 1.90e-05 5.77e-03  -4.0 4.24e-03    -  1.00e+00 1.00e+00h  1
 398  4.9351355e-03 2.94e-05 9.38e-03  -4.1 4.36e-03    -  1.00e+00 1.00e+00h  1
 399  4.9305720e-03 7.54e-06 9.91e-03  -4.1 3.57e-03    -  1.00e+00 1.00e+00h  1
iter    objective    inf_pr   inf_du lg(mu)  ||d||  lg(rg) alpha_du alpha_pr  ls
 400  5.0409507e-03 4.54e-05 2.51e-02  -4.0 5.95e-03    -  1.00e+00 1.00e+00h  1
 401  4.9447279e-03 1.49e-05 2.52e-02  -4.1 7.58e-03    -  1.00e+00 1.00e+00H  1
 402  4.9266840e-03 1.10e-05 2.14e-02  -4.1 3.30e-03    -  1.00e+00 1.00e+00h  1
 403  5.0440565e-03 6.08e-05 9.04e-03  -4.0 8.54e-03    -  1.00e+00 1.00e+00h  1
 404  4.9682383e-03 1.03e-04 1.34e-02  -4.1 6.85e-03    -  1.00e+00 1.00e+00h  1
 405  4.9324872e-03 1.59e-05 6.66e-03  -4.1 4.76e-03    -  1.00e+00 1.00e+00h  1
 406  4.9366280e-03 6.23e-06 4.94e-03  -4.1 2.05e-03    -  1.00e+00 1.00e+00h  1
 407  5.0384212e-03 2.15e-05 7.12e-03  -4.0 3.43e-03    -  1.00e+00 1.00e+00h  1
 408  4.9337774e-03 3.44e-05 1.25e-02  -4.1 5.21e-03    -  1.00e+00 1.00e+00h  1
 409  4.9244003e-03 1.34e-05 1.61e-02  -4.1 3.67e-03    -  1.00e+00 1.00e+00h  1
iter    objective    inf_pr   inf_du lg(mu)  ||d||  lg(rg) alpha_du alpha_pr  ls
 410  5.0503835e-03 9.61e-05 1.29e-02  -4.0 8.97e-03    -  1.00e+00 1.00e+00h  1
 411  4.9888489e-03 7.10e-05 1.61e-02  -4.1 7.05e-03    -  1.00e+00 1.00e+00h  1
 412  4.9229448e-03 2.81e-05 6.37e-03  -4.1 5.57e-03    -  1.00e+00 1.00e+00h  1
 413  5.0365754e-03 5.43e-05 4.08e-03  -4.0 5.76e-03    -  1.00e+00 1.00e+00h  1
 414  4.9423735e-03 1.31e-04 4.17e-02  -4.1 7.62e-03    -  1.00e+00 1.00e+00H  1
 415  4.9333024e-03 3.62e-05 1.66e-02  -4.1 6.31e-03    -  1.00e+00 1.00e+00h  1
 416  4.9318100e-03 2.00e-05 7.85e-03  -4.1 4.28e-03    -  1.00e+00 1.00e+00h  1
 417  4.9300475e-03 6.72e-06 4.85e-03  -4.1 2.55e-03    -  1.00e+00 1.00e+00h  1
 418  5.0385214e-03 2.19e-05 1.10e-02  -4.0 4.70e-03    -  1.00e+00 1.00e+00h  1
 419  4.9774419e-03 3.00e-05 3.67e-02  -4.1 9.51e-03    -  1.00e+00 5.00e-01h  2
iter    objective    inf_pr   inf_du lg(mu)  ||d||  lg(rg) alpha_du alpha_pr  ls
 420  4.9302452e-03 8.19e-06 5.28e-03  -4.1 3.24e-03    -  1.00e+00 1.00e+00h  1
 421  4.9336556e-03 4.06e-06 2.02e-03  -4.1 2.59e-03    -  1.00e+00 1.00e+00h  1
 422  5.0357486e-03 1.53e-05 7.31e-03  -4.0 3.66e-03    -  1.00e+00 1.00e+00h  1
 423  4.9253866e-03 5.44e-05 1.27e-02  -4.1 8.05e-03    -  1.00e+00 1.00e+00h  1
 424  4.9097520e-03 3.12e-05 2.62e-02  -4.1 8.47e-03    -  1.00e+00 5.00e-01h  2
 425  5.0641975e-03 2.05e-04 3.15e-02  -4.0 1.40e-02    -  1.00e+00 1.00e+00h  1
 426  4.9788668e-03 1.75e-04 2.66e-02  -4.1 9.77e-03    -  1.00e+00 1.00e+00h  1
 427  4.9069377e-03 8.71e-05 1.17e-02  -4.1 9.37e-03    -  1.00e+00 1.00e+00h  1
 428  5.0477264e-03 2.03e-04 8.69e-03  -4.0 1.34e-02    -  1.00e+00 1.00e+00h  1
 429  4.9994402e-03 9.41e-05 1.29e-02  -4.1 1.13e-02    -  1.00e+00 1.00e+00h  1
iter    objective    inf_pr   inf_du lg(mu)  ||d||  lg(rg) alpha_du alpha_pr  ls
 430  4.9138347e-03 5.81e-05 9.41e-03  -4.1 7.65e-03    -  1.00e+00 1.00e+00h  1
 431  4.9167446e-03 2.28e-05 6.85e-03  -4.1 4.31e-03    -  1.00e+00 1.00e+00h  1
 432  5.0443649e-03 1.00e-04 1.87e-02  -4.0 7.47e-03    -  1.00e+00 1.00e+00h  1
 433  4.9609764e-03 4.25e-05 3.15e-02  -4.1 1.01e-02    -  1.00e+00 1.00e+00H  1
 434  4.9239315e-03 5.63e-05 1.92e-02  -4.1 7.54e-03    -  1.00e+00 1.00e+00h  1
 435  4.9242752e-03 1.36e-05 5.16e-03  -4.1 4.01e-03    -  1.00e+00 1.00e+00h  1
 436  5.0351297e-03 3.00e-05 6.78e-03  -4.0 4.11e-03    -  1.00e+00 1.00e+00h  1
 437  4.9290910e-03 4.35e-05 8.98e-03  -4.1 5.12e-03    -  1.00e+00 1.00e+00h  1
 438  4.9053742e-03 2.59e-05 9.83e-03  -4.1 6.53e-03    -  1.00e+00 1.00e+00h  1
 439  5.0253536e-03 4.82e-05 6.08e-03  -4.0 7.07e-03    -  1.00e+00 1.00e+00h  1
iter    objective    inf_pr   inf_du lg(mu)  ||d||  lg(rg) alpha_du alpha_pr  ls
 440  4.9384674e-03 3.97e-05 1.03e-02  -4.1 4.25e-03    -  1.00e+00 1.00e+00h  1
 441  4.9214513e-03 1.58e-05 3.41e-03  -4.1 3.85e-03    -  1.00e+00 1.00e+00h  1
 442  5.0240087e-03 9.62e-06 4.60e-03  -4.0 2.53e-03    -  1.00e+00 1.00e+00h  1
 443  4.9215784e-03 1.96e-05 8.18e-03  -4.1 4.67e-03    -  1.00e+00 1.00e+00h  1
 444  4.9049886e-03 2.50e-05 1.78e-02  -4.1 5.65e-03    -  1.00e+00 1.00e+00h  1
 445  5.0309067e-03 8.20e-05 1.31e-02  -4.0 1.04e-02    -  1.00e+00 1.00e+00h  1
 446  4.9762511e-03 7.27e-05 1.39e-02  -4.1 7.01e-03    -  1.00e+00 1.00e+00h  1
 447  4.9221069e-03 4.83e-05 4.92e-03  -4.1 6.09e-03    -  1.00e+00 1.00e+00h  1
 448  4.9291465e-03 3.51e-06 6.68e-03  -4.1 2.22e-03    -  1.00e+00 1.00e+00h  1
 449  5.0273079e-03 8.60e-06 5.99e-03  -4.0 2.63e-03    -  1.00e+00 1.00e+00h  1
iter    objective    inf_pr   inf_du lg(mu)  ||d||  lg(rg) alpha_du alpha_pr  ls
 450  4.9232424e-03 2.16e-05 1.27e-02  -4.1 6.64e-03    -  1.00e+00 1.00e+00h  1
 451  4.9185099e-03 2.34e-05 2.32e-02  -4.1 7.84e-03    -  1.00e+00 1.00e+00h  1
 452  4.9234058e-03 2.91e-05 9.38e-03  -4.1 5.93e-03    -  1.00e+00 1.00e+00h  1
 453  4.9371342e-03 1.86e-05 9.91e-03  -4.1 4.54e-03    -  1.00e+00 1.00e+00h  1
 454  4.9214167e-03 7.94e-06 3.37e-03  -4.1 3.50e-03    -  1.00e+00 1.00e+00h  1
 455  5.0255332e-03 1.71e-05 4.34e-03  -4.0 4.00e-03    -  1.00e+00 1.00e+00h  1
 456  4.9151455e-03 3.54e-05 8.08e-03  -4.1 8.44e-03    -  1.00e+00 1.00e+00h  1
 457  4.9043887e-03 3.69e-05 1.66e-02  -4.1 8.09e-03    -  1.00e+00 1.00e+00h  1
 458  5.0321658e-03 1.15e-04 2.73e-02  -4.0 1.57e-02    -  1.00e+00 1.00e+00h  1
 459  5.0299191e-03 9.68e-05 2.11e-01  -4.1 1.66e-02    -  1.00e+00 5.00e-01h  2
iter    objective    inf_pr   inf_du lg(mu)  ||d||  lg(rg) alpha_du alpha_pr  ls
 460  4.9176633e-03 4.09e-05 5.18e-03  -4.1 7.06e-03    -  1.00e+00 1.00e+00h  1
 461  4.9229866e-03 4.99e-06 6.25e-03  -4.1 2.21e-03    -  1.00e+00 1.00e+00h  1
 462  5.0225965e-03 1.33e-05 6.60e-03  -4.0 3.85e-03    -  1.00e+00 1.00e+00h  1
 463  4.9171503e-03 4.15e-05 1.51e-02  -4.1 9.31e-03    -  1.00e+00 1.00e+00h  1
 464  4.9134522e-03 1.28e-05 1.57e-02  -4.1 4.40e-03    -  1.00e+00 1.00e+00h  1
 465  5.0256892e-03 5.93e-05 1.14e-02  -4.0 1.08e-02    -  1.00e+00 1.00e+00h  1
 466  4.9298952e-03 7.38e-05 2.33e-02  -4.1 6.04e-03    -  1.00e+00 1.00e+00h  1
 467  4.9156355e-03 2.72e-05 8.63e-03  -4.1 5.83e-03    -  1.00e+00 1.00e+00h  1
 468  4.9226544e-03 8.50e-06 3.62e-03  -4.1 2.50e-03    -  1.00e+00 1.00e+00h  1
 469  5.0205160e-03 6.89e-06 5.04e-03  -4.0 3.91e-03    -  1.00e+00 1.00e+00h  1
iter    objective    inf_pr   inf_du lg(mu)  ||d||  lg(rg) alpha_du alpha_pr  ls
 470  4.9203320e-03 2.00e-05 8.73e-03  -4.1 5.62e-03    -  1.00e+00 1.00e+00h  1
 471  4.9088850e-03 8.91e-06 1.01e-02  -4.1 5.00e-03    -  1.00e+00 1.00e+00h  1
 472  5.0295139e-03 4.00e-05 9.46e-03  -4.0 8.24e-03    -  1.00e+00 1.00e+00h  1
 473  4.9302255e-03 2.00e-05 6.81e-03  -4.1 3.60e-03    -  1.00e+00 1.00e+00h  1
 474  4.9107053e-03 1.07e-05 5.06e-03  -4.1 3.96e-03    -  1.00e+00 1.00e+00h  1
 475  5.0287298e-03 3.84e-05 1.05e-02  -4.0 8.08e-03    -  1.00e+00 1.00e+00h  1
 476  4.9748583e-03 2.38e-05 1.94e-02  -4.1 1.05e-02    -  1.00e+00 5.00e-01h  2
 477  4.9129203e-03 1.09e-05 7.94e-03  -4.1 4.67e-03    -  1.00e+00 1.00e+00h  1
 478  4.9246400e-03 2.42e-05 8.15e-03  -4.1 6.01e-03    -  1.00e+00 1.00e+00h  1
 479  4.9176937e-03 7.33e-06 2.25e-03  -4.1 3.26e-03    -  1.00e+00 1.00e+00h  1
iter    objective    inf_pr   inf_du lg(mu)  ||d||  lg(rg) alpha_du alpha_pr  ls
 480  5.0164248e-03 1.00e-05 3.78e-03  -4.0 4.29e-03    -  1.00e+00 1.00e+00h  1
 481  4.9560281e-03 2.35e-05 2.30e-02  -4.1 1.41e-02    -  1.00e+00 5.00e-01h  2
 482  4.9156169e-03 5.34e-06 7.41e-03  -4.1 2.53e-03    -  1.00e+00 1.00e+00h  1
 483  5.0207802e-03 3.04e-05 7.33e-03  -4.0 8.23e-03    -  1.00e+00 1.00e+00h  1
 484  4.9197737e-03 2.99e-05 7.01e-03  -4.1 1.07e-02    -  1.00e+00 1.00e+00h  1
 485  4.9020931e-03 2.12e-05 4.20e-02  -4.1 1.25e-02    -  1.00e+00 5.00e-01h  2
 486  5.0354538e-03 1.52e-04 2.08e-02  -4.0 1.88e-02    -  1.00e+00 1.00e+00h  1
 487  4.9734928e-03 1.51e-04 2.75e-02  -4.1 1.34e-02    -  1.00e+00 1.00e+00h  1
 488  4.9108921e-03 5.86e-05 1.06e-02  -4.1 7.31e-03    -  1.00e+00 1.00e+00h  1
 489  4.9135522e-03 2.90e-05 4.95e-03  -4.1 4.69e-03    -  1.00e+00 1.00e+00h  1
iter    objective    inf_pr   inf_du lg(mu)  ||d||  lg(rg) alpha_du alpha_pr  ls
 490  4.9113839e-03 7.98e-06 5.69e-03  -4.1 2.43e-03    -  1.00e+00 1.00e+00h  1
 491  5.0116193e-03 1.59e-05 1.40e-02  -4.0 4.96e-03    -  1.00e+00 1.00e+00h  1
 492  4.9071186e-03 3.03e-05 1.41e-02  -4.1 8.83e-03    -  1.00e+00 1.00e+00h  1
 493  4.9066985e-03 1.38e-05 1.33e-01  -4.1 5.09e-03    -  1.00e+00 5.00e-01h  2
 494  5.0243336e-03 4.53e-05 1.15e-02  -4.0 1.13e-02    -  1.00e+00 1.00e+00h  1
 495  4.9547807e-03 8.38e-05 1.25e-01  -4.1 1.40e-02    -  1.00e+00 5.00e-01h  2
 496  4.9108571e-03 1.58e-05 1.06e-02  -4.1 3.77e-03    -  1.00e+00 1.00e+00h  1
 497  5.0129711e-03 1.91e-05 5.52e-03  -4.0 5.20e-03    -  1.00e+00 1.00e+00h  1
 498  4.9070704e-03 4.87e-05 8.61e-03  -4.1 1.03e-02    -  1.00e+00 1.00e+00h  1
 499  4.8971212e-03 2.55e-05 2.05e-02  -4.1 9.82e-03    -  1.00e+00 5.00e-01h  2
iter    objective    inf_pr   inf_du lg(mu)  ||d||  lg(rg) alpha_du alpha_pr  ls
 500  5.0403278e-03 1.42e-04 1.89e-02  -4.0 1.73e-02    -  1.00e+00 1.00e+00h  1

Number of Iterations....: 500

                                   (scaled)                 (unscaled)
Objective...............:   5.0403278440771977e-03    5.0403278440771977e-03
Dual infeasibility......:   1.8853899118764547e-02    1.8853899118764547e-02
Constraint violation....:   1.4154020526624400e-04    1.4154020526624400e-04
Variable bound violation:   0.0000000000000000e+00    0.0000000000000000e+00
Complementarity.........:   1.0086632882472792e-04    1.0086632882472792e-04
Overall NLP error.......:   1.8853899118764547e-02    1.8853899118764547e-02


Number of objective function evaluations             = 799
Number of objective gradient evaluations             = 501
Number of equality constraint evaluations            = 799
Number of inequality constraint evaluations          = 0
Number of equality constraint Jacobian evaluations   = 501
Number of inequality constraint Jacobian evaluations = 0
Number of Lagrangian Hessian evaluations             = 0
Total seconds in IPOPT                               = 94.169

EXIT: Maximum Number of Iterations Exceeded.
