
******************************************************************************
This program contains Ipopt, a library for large-scale nonlinear optimization.
 Ipopt is released as open source code under the Eclipse Public License (EPL).
         For more information visit https://github.com/coin-or/Ipopt
******************************************************************************

This is Ipopt version 3.14.19, running with linear solver MUMPS 5.8.2.

Number of nonzeros in equality constraint Jacobian...:  1215565
Number of nonzeros in inequality constraint Jacobian.:     5312
Number of nonzeros in Lagrangian Hessian.............:        0

Total number of variables............................:     3879
                     variables with only lower bounds:        0
                variables with lower and upper bounds:      824
                     variables with only upper bounds:        0
Total number of equality constraints.................:     3726
Total number of inequality constraints...............:      553
        inequality constraints with only lower bounds:        0
   inequality constraints with lower and upper bounds:        0
        inequality constraints with only upper bounds:      553

iter    objective    inf_pr   inf_du lg(mu)  ||d||  lg(rg) alpha_du alpha_pr  ls
   0  1.0497457e-03 4.15e+00 1.00e+00   0.0 0.00e+00    -  0.00e+00 0.00e+00   0
   1  1.2379784e-03 4.13e+00 1.56e+01  -0.3 1.69e+01    -  2.02e-02 4.27e-03h  1
   2  8.0297812e-03 4.07e+00 6.11e+01  -0.5 5.80e+01    -  2.01e-01 1.48e-02f  1
   3  8.4547074e-01 3.77e+00 7.24e+01  -0.7 6.13e+01    -  8.99e-02 1.50e-01f  1
   4  3.9358183e+00 3.07e+00 1.32e+02  -0.4 5.23e+01    -  3.12e-01 2.70e-01f  1
   5  3.9982288e+00 3.02e+00 6.90e+03   0.6 2.76e+01    -  1.00e+00 1.65e-02h  1
   6  4.4117066e+00 2.88e+00 1.33e+04   1.9 3.43e+01    -  6.32e-01 6.51e-02h  1
   7  7.9377578e+00 2.47e+00 2.85e+04   2.0 3.83e+01    -  9.52e-01 3.17e-01h  1
   8  1.6227506e+01 1.18e+00 5.96e+04   2.0 2.54e+01    -  9.16e-01 7.16e-01h  1
   9  1.7444248e+01 7.66e-01 4.24e+04   1.8 1.47e+01    -  1.00e+00 3.58e-01h  1
iter    objective    inf_pr   inf_du lg(mu)  ||d||  lg(rg) alpha_du alpha_pr  ls
  10  1.9421048e+01 6.48e-01 3.39e+04   1.4 1.51e+01    -  1.00e+00 6.83e-01h  1
  11  2.0725303e+01 9.95e-01 4.46e+04   1.6 1.47e+01    -  9.90e-01 6.57e-01f  1
  12  1.9965541e+01 3.14e-01 2.12e+04   1.5 8.95e+00    -  7.49e-01 1.00e+00f  1
  13  1.9515840e+01 2.31e-01 1.75e+04   0.0 5.64e+00    -  5.34e-01 1.00e+00h  1
  14  1.9580850e+01 2.17e-01 1.26e+04   1.2 5.17e+00    -  1.00e+00 1.00e+00f  1
  15  1.9421268e+01 5.85e-02 5.56e+03   0.7 2.72e+00    -  1.00e+00 1.00e+00h  1
  16  1.9463770e+01 3.73e-02 1.19e+04   0.5 2.33e+00    -  8.34e-01 9.15e-01H  1
  17  1.9746645e+01 9.75e-02 1.86e+04   0.8 3.02e+00    -  1.00e+00 1.00e+00f  1
  18  1.9713157e+01 9.31e-02 9.72e+03   0.7 2.55e+00    -  1.00e+00 1.00e+00f  1
  19  1.9650762e+01 1.66e-02 3.26e+03   0.4 1.03e+00    -  1.00e+00 1.00e+00h  1
iter    objective    inf_pr   inf_du lg(mu)  ||d||  lg(rg) alpha_du alpha_pr  ls
  20  1.9699214e+01 6.43e-03 7.71e+03   0.1 1.56e+00    -  9.61e-01 1.00e+00H  1
  21  1.9827191e+01 1.85e-03 1.14e+04  -0.2 1.59e+00    -  9.29e-01 1.00e+00H  1
  22  1.9838531e+01 1.47e-03 1.02e+04  -0.6 2.23e+00    -  1.00e+00 1.25e-01h  4
  23  1.9939777e+01 2.25e-04 1.50e+03  -0.9 6.37e-01    -  1.00e+00 1.00e+00H  1
  24  1.9950715e+01 1.53e-04 1.51e+03  -1.0 7.75e-01    -  1.00e+00 1.25e-01h  4
  25  1.9957138e+01 1.35e-04 1.61e+03  -1.3 8.39e-01    -  1.00e+00 6.25e-02h  5
  26  1.9961391e+01 1.30e-04 4.15e+03  -1.5 1.98e+00    -  1.00e+00 1.45e-02h  7
  27  1.9965927e+01 1.26e-04 4.80e+03  -1.2 2.21e+00    -  1.00e+00 1.38e-02h  7
  28  2.0029866e+01 2.43e-03 1.34e+03  -0.9 9.74e-01    -  1.00e+00 4.30e-01f  2
  29  2.0225507e+01 8.92e-04 4.13e+03  -1.0 1.38e+00    -  1.00e+00 1.00e+00H  1
iter    objective    inf_pr   inf_du lg(mu)  ||d||  lg(rg) alpha_du alpha_pr  ls
  30  2.0073316e+01 5.58e-04 1.61e+03  -1.0 9.27e-01    -  1.00e+00 1.00e+00F  1
  31  2.0033519e+01 7.24e-03 3.15e+03  -1.0 1.29e+00    -  1.00e+00 3.69e-01h  2
  32  2.0059093e+01 5.03e-03 2.59e+02  -1.0 3.18e-01    -  1.00e+00 1.00e+00h  1
  33  2.0089066e+01 1.51e-03 8.34e+02  -1.0 2.60e-01    -  1.00e+00 1.00e+00h  1
  34  2.0064188e+01 5.45e-04 5.04e+02  -1.0 1.88e-01    -  1.00e+00 1.00e+00h  1
  35  2.0049663e+01 2.04e-04 3.95e+02  -1.0 1.14e-01    -  1.00e+00 1.00e+00h  1
  36  2.0061860e+01 8.00e-05 1.23e+02  -2.1 7.53e-02    -  1.00e+00 1.00e+00h  1
  37  2.0069245e+01 4.03e-05 3.22e+02  -2.9 1.11e-01    -  1.00e+00 1.00e+00H  1
  38  2.0043917e+01 2.71e-04 1.53e+04  -1.9 1.56e-01    -  2.19e-01 1.00e+00H  1
  39  2.0029613e+01 1.32e-04 1.04e+04  -2.5 9.03e-02    -  2.59e-01 1.00e+00h  1
iter    objective    inf_pr   inf_du lg(mu)  ||d||  lg(rg) alpha_du alpha_pr  ls
  40  2.0029571e+01 3.24e-05 8.38e+03  -2.5 4.96e-02    -  2.11e-01 1.00e+00h  1
  41  2.0020250e+01 1.43e-04 8.99e+01  -3.1 3.00e-02    -  1.00e+00 1.00e+00h  1
  42  1.9974583e+01 1.99e-03 9.41e+02  -3.2 1.37e-01    -  1.00e+00 6.95e-01h  1
  43  1.9869069e+01 1.14e-02 1.85e+03  -3.2 8.44e-01    -  6.77e-01 2.72e-01h  1
  44  1.9827236e+01 1.07e-02 2.05e+03  -3.2 7.21e-01    -  5.32e-01 1.19e-01h  1
  45  1.9700018e+01 1.29e-02 2.48e+03  -3.2 1.38e+00    -  5.95e-01 2.26e-01h  1
  46  1.9626171e+01 9.26e-03 1.39e+03  -3.2 6.48e-01    -  3.55e-01 4.07e-01h  1
  47  1.9575037e+01 4.81e-03 1.52e+03  -3.3 1.88e-01    -  1.00e+00 5.50e-01h  1
  48  1.9540559e+01 1.33e-02 1.34e+03  -2.5 5.41e-01    -  4.36e-01 3.16e-01f  1
  49  1.9510306e+01 1.70e-02 1.04e+03  -2.3 2.65e-01    -  9.51e-01 4.04e-01f  1
iter    objective    inf_pr   inf_du lg(mu)  ||d||  lg(rg) alpha_du alpha_pr  ls
  50  1.9275114e+01 2.96e-02 7.65e+02  -1.9 1.58e+00    -  7.00e-01 3.47e-01f  1
  51  1.8268962e+01 9.41e-02 1.74e+03  -1.7 5.32e+00    -  6.13e-01 4.69e-01f  1
  52  1.7320768e+01 1.06e-01 1.73e+03  -1.6 2.67e+00    -  1.00e+00 1.00e+00h  1
  53  1.6745429e+01 1.08e-01 5.42e+02  -1.7 1.87e+00    -  1.00e+00 9.29e-01h  1
  54  1.6373051e+01 4.69e-02 2.46e+02  -1.7 2.37e+00    -  1.00e+00 8.69e-01h  1
  55  1.6051024e+01 8.51e-02 1.95e+02  -1.8 2.60e+00    -  1.00e+00 1.00e+00h  1
  56  1.5542467e+01 3.39e-02 1.58e+02  -2.0 1.78e+00    -  1.00e+00 1.00e+00h  1
  57  1.5204501e+01 8.39e-02 1.29e+02  -1.5 4.29e+00    -  1.00e+00 6.75e-01h  1
  58  1.4929838e+01 5.32e-02 1.12e+02  -2.0 1.97e+00    -  1.00e+00 3.84e-01h  1
  59  1.4202983e+01 7.92e-02 1.09e+02  -1.5 4.79e+00    -  1.00e+00 4.84e-01f  1
iter    objective    inf_pr   inf_du lg(mu)  ||d||  lg(rg) alpha_du alpha_pr  ls
  60  1.3065744e+01 1.76e-01 1.12e+02  -1.9 5.04e+00    -  1.00e+00 1.00e+00h  1
  61  1.2206746e+01 2.56e-01 1.71e+02  -1.7 1.06e+01    -  1.00e+00 4.32e-01h  1
  62  1.1445093e+01 3.05e-01 1.93e+02  -1.7 6.30e+00    -  1.00e+00 8.58e-01h  1
  63  1.1365623e+01 2.20e-01 1.47e+02  -1.5 5.12e+00    -  1.00e+00 7.49e-01h  1
  64  1.0581120e+01 2.33e-01 5.38e+01  -1.6 5.16e+00    -  1.00e+00 1.00e+00h  1
  65  1.0275093e+01 9.58e-02 4.89e+01  -1.7 3.42e+00    -  1.00e+00 1.00e+00h  1
  66  9.8309256e+00 2.16e-01 3.55e+01  -2.0 2.80e+00    -  1.00e+00 9.74e-01h  1
  67  9.8344826e+00 1.82e-01 2.95e+01  -1.6 3.67e+00    -  1.00e+00 1.73e-01h  1
  68  1.1484036e+01 7.23e-01 1.95e+02  -1.0 1.55e+01    -  1.00e+00 4.34e-01f  1
  69  1.1952407e+01 2.51e-01 8.68e+01  -1.1 4.44e+00    -  8.98e-01 1.00e+00h  1
iter    objective    inf_pr   inf_du lg(mu)  ||d||  lg(rg) alpha_du alpha_pr  ls
  70  1.1845747e+01 1.82e-01 3.35e+01  -1.1 3.54e+00    -  1.00e+00 1.00e+00h  1
  71  1.1653715e+01 9.43e-02 9.83e+01  -1.5 2.46e+00    -  8.84e-01 7.49e-01H  1
  72  1.2419442e+01 1.06e-01 2.29e+02  -0.9 4.76e+00    -  1.00e+00 4.41e-01f  1
  73  1.3685885e+01 1.49e-01 1.22e+02  -1.0 3.50e+00    -  1.00e+00 1.00e+00f  1
  74  1.4216468e+01 1.19e-01 1.49e+02  -1.0 2.64e+00    -  1.00e+00 1.00e+00h  1
  75  1.4010782e+01 7.73e-02 9.92e+01  -1.0 2.12e+00    -  1.00e+00 1.00e+00h  1
  76  1.3430868e+01 3.79e-02 3.35e+01  -1.5 1.97e+00    -  1.00e+00 1.00e+00h  1
  77  1.1753510e+01 2.25e-01 1.18e+02  -1.6 4.69e+00    -  7.73e-01 1.00e+00h  1
  78  1.0173857e+01 2.21e-01 1.64e+02  -1.6 5.00e+00    -  1.00e+00 1.00e+00h  1
  79  9.9286514e+00 1.67e-01 7.42e+01  -1.6 3.39e+00    -  5.90e-01 1.00e+00h  1
iter    objective    inf_pr   inf_du lg(mu)  ||d||  lg(rg) alpha_du alpha_pr  ls
  80  1.1239429e+01 1.06e-01 2.90e+01  -1.4 4.18e+00    -  6.95e-01 6.82e-01H  1
  81  1.0984123e+01 1.50e-01 4.41e+01  -1.5 4.23e+00    -  1.00e+00 1.00e+00h  1
  82  1.0260084e+01 8.45e-02 8.48e+00  -1.6 2.67e+00    -  1.00e+00 1.00e+00h  1
  83  1.0397387e+01 8.49e-02 6.98e+01  -1.8 3.38e+00    -  9.98e-01 8.93e-01h  1
  84  1.0692712e+01 6.67e-02 1.40e+01  -1.5 2.13e+00    -  1.00e+00 1.00e+00h  1
  85  1.0520865e+01 4.53e-02 4.93e+01  -1.9 2.29e+00    -  1.00e+00 6.47e-01h  1
  86  1.1527143e+01 1.10e-01 5.34e+01  -1.4 2.44e+00    -  1.00e+00 1.00e+00f  1
  87  1.1270776e+01 9.33e-02 7.26e+01  -1.5 2.30e+00    -  1.00e+00 1.00e+00h  1
  88  1.0988913e+01 7.32e-02 2.20e+01  -1.5 2.21e+00    -  1.00e+00 1.00e+00h  1
  89  1.1227842e+01 5.62e-02 9.71e+01  -1.6 1.89e+00    -  5.07e-01 5.81e-01H  1
iter    objective    inf_pr   inf_du lg(mu)  ||d||  lg(rg) alpha_du alpha_pr  ls
  90  1.0929107e+01 3.02e-02 2.91e+01  -1.8 1.39e+00    -  1.00e+00 1.00e+00h  1
  91  1.1034475e+01 1.83e-02 1.65e+02  -2.3 1.47e+00    -  8.59e-01 5.65e-01H  1
  92  1.0766646e+01 2.39e-02 1.11e+02  -1.9 1.66e+00    -  1.00e+00 7.04e-01h  1
  93  9.1747394e+00 2.10e-01 2.28e+02  -2.2 5.40e+00    -  1.00e+00 1.00e+00h  1
  94  8.9244583e+00 1.15e-01 2.53e+02  -1.8 4.09e+00    -  1.00e+00 7.73e-01h  1
  95  9.0141819e+00 7.38e-02 7.23e+01  -2.2 2.56e+00    -  1.00e+00 1.00e+00h  1
  96  1.0300934e+01 1.61e-01 3.67e+01  -1.4 7.60e+00    -  1.00e+00 5.70e-01f  1
  97  1.0161595e+01 2.40e-01 1.10e+02  -1.5 5.23e+00    -  1.00e+00 9.39e-01h  1
  98  1.0036815e+01 8.38e-02 4.23e+01  -1.5 2.51e+00    -  1.00e+00 1.00e+00h  1
  99  9.7072293e+00 4.95e-02 5.94e+01  -1.9 2.84e+00    -  1.00e+00 5.53e-01h  1
iter    objective    inf_pr   inf_du lg(mu)  ||d||  lg(rg) alpha_du alpha_pr  ls
 100  9.6104813e+00 7.61e-02 6.29e+01  -1.6 5.47e+00    -  1.00e+00 5.00e-01h  2
 101  9.2497278e+00 6.78e-02 2.17e+01  -1.7 2.08e+00    -  1.00e+00 1.00e+00h  1
 102  9.2457594e+00 3.59e-02 3.17e+01  -1.8 1.87e+00    -  9.13e-01 5.00e-01h  2
 103  9.1821384e+00 2.61e-02 1.07e+02  -2.3 2.13e+00    -  8.32e-01 3.47e-01H  1
 104  9.2617219e+00 2.17e-02 9.69e+01  -1.7 1.61e+00    -  1.00e+00 5.00e-01h  2
 105  9.2804709e+00 1.60e-02 1.91e+02  -1.9 1.41e+00    -  1.00e+00 5.00e-01h  2
 106  9.3330028e+00 1.22e-02 1.42e+02  -1.6 1.33e+00    -  1.00e+00 3.86e-01h  2
 107  9.3293905e+00 8.61e-03 1.05e+02  -2.3 1.18e+00    -  1.00e+00 3.88e-01h  2
 108  9.2074240e+00 1.01e-02 7.23e+01  -2.6 1.32e+00    -  1.00e+00 5.15e-01h  1
 109  8.5626630e+00 1.01e-01 1.53e+02  -2.7 4.09e+00    -  1.00e+00 6.10e-01h  1
iter    objective    inf_pr   inf_du lg(mu)  ||d||  lg(rg) alpha_du alpha_pr  ls
 110  8.1795823e+00 8.99e-02 1.62e+02  -2.1 6.03e+00    -  1.00e+00 3.97e-01h  1
 111  7.9222995e+00 3.80e-02 9.80e+01  -2.5 1.51e+00    -  1.00e+00 1.00e+00h  1
 112  8.9442304e+00 2.18e-01 4.97e+01  -1.8 5.52e+00    -  1.00e+00 7.04e-01f  1
 113  8.6754966e+00 6.27e-02 5.04e+01  -1.9 2.86e+00    -  1.00e+00 1.00e+00h  1
 114  8.5719802e+00 2.62e-02 1.94e+01  -1.9 1.80e+00    -  1.00e+00 1.00e+00h  1
 115  8.1746412e+00 4.25e-02 1.55e+01  -2.3 2.42e+00    -  7.70e-01 6.21e-01h  1
 116  7.9634875e+00 5.30e-02 4.67e+01  -2.3 6.94e+00    -  9.87e-01 2.32e-01h  1
 117  7.7691338e+00 2.67e-02 3.98e+01  -2.3 1.13e+00    -  4.22e-01 1.00e+00h  1
 118  7.7401850e+00 2.05e-02 5.85e+01  -2.4 1.28e+00    -  1.00e+00 2.92e-01h  1
 119  8.8372757e+00 1.68e-01 3.43e+02  -1.8 3.19e+00    -  9.15e-01 1.00e+00f  1
iter    objective    inf_pr   inf_du lg(mu)  ||d||  lg(rg) alpha_du alpha_pr  ls
 120  8.6331469e+00 4.98e-02 1.32e+02  -1.9 1.45e+00    -  1.00e+00 8.32e-01h  1
 121  8.5687440e+00 4.12e-02 4.33e+01  -1.9 1.24e+00    -  1.00e+00 1.00e+00h  1
 122  8.1978331e+00 2.70e-02 2.64e+01  -2.4 2.23e+00    -  1.00e+00 5.89e-01h  1
 123  7.5595625e+00 1.21e-01 7.33e+01  -2.4 5.57e+00    -  1.00e+00 4.96e-01h  1
 124  7.9293961e+00 9.73e-02 4.13e+01  -1.9 4.75e+00    -  1.00e+00 3.64e-01f  1
 125  7.7877669e+00 4.23e-02 6.18e+01  -2.0 2.30e+00    -  9.98e-01 1.00e+00h  1
 126  7.8042988e+00 2.50e-02 2.16e+01  -2.0 1.40e+00    -  1.00e+00 7.49e-01h  1
 127  7.9459050e+00 1.62e-02 2.75e+01  -2.0 9.63e-01    -  7.80e-01 1.00e+00h  1
 128  8.0870982e+00 9.54e-03 3.87e+01  -2.0 9.44e-01    -  1.00e+00 7.59e-01h  1
 129  8.0737158e+00 7.88e-03 4.13e+01  -2.1 1.05e+00    -  6.42e-01 5.00e-01h  2
iter    objective    inf_pr   inf_du lg(mu)  ||d||  lg(rg) alpha_du alpha_pr  ls
 130  8.0676536e+00 5.12e-03 4.82e+01  -2.1 6.86e-01    -  1.00e+00 5.00e-01h  2
 131  8.0431059e+00 3.22e-03 5.47e+01  -2.7 6.95e-01    -  1.00e+00 3.77e-01h  2
 132  7.7128633e+00 5.60e-02 8.61e+01  -2.8 1.94e+00    -  1.00e+00 8.62e-01h  1
 133  7.2611103e+00 7.16e-02 1.45e+02  -2.5 3.06e+00    -  1.00e+00 6.38e-01h  1
 134  7.3710780e+00 4.42e-02 9.66e+01  -2.3 2.22e+00    -  1.00e+00 4.73e-01h  1
 135  7.0553372e+00 3.46e-02 7.34e+01  -2.8 1.67e+00    -  9.77e-01 7.87e-01h  1
 136  7.0272868e+00 9.90e-02 4.66e+01  -2.5 1.39e+00    -  6.60e-01 1.00e+00h  1
 137  6.8418628e+00 4.34e-02 3.18e+01  -2.7 1.84e+00    -  1.00e+00 6.42e-01h  1
 138  6.6743513e+00 3.74e-02 3.35e+01  -3.6 1.83e+00    -  6.85e-01 4.62e-01h  1
 139  6.6663752e+00 3.60e-02 9.64e+01  -3.2 2.36e+00    -  1.00e+00 3.54e-02h  1
iter    objective    inf_pr   inf_du lg(mu)  ||d||  lg(rg) alpha_du alpha_pr  ls
 140  6.7153816e+00 2.36e-02 2.87e+01  -2.7 1.01e+00    -  8.71e-01 4.16e-01h  1
 141  6.8753334e+00 2.16e-02 4.40e+01  -2.7 9.80e-01    -  9.55e-01 1.00e+00h  1
 142  6.8606728e+00 7.39e-03 3.52e+01  -2.8 8.35e-01    -  1.00e+00 8.94e-01h  1
 143  6.8059571e+00 1.11e-02 5.17e+01  -2.8 7.58e-01    -  5.18e-01 1.00e+00h  1
 144  6.8057880e+00 8.07e-03 6.91e+01  -4.0 6.69e-01    -  6.63e-01 2.99e-01h  2
 145  6.7919902e+00 6.54e-03 6.72e+01  -3.0 8.43e-01    -  1.00e+00 2.61e-01h  1
 146  6.8030948e+00 5.69e-03 9.99e+01  -2.7 7.14e-01    -  6.66e-01 1.25e-01h  4
 147  6.7996070e+00 4.97e-03 5.96e+01  -3.3 9.23e-01    -  9.71e-01 1.29e-01h  2
 148  6.8101249e+00 4.49e-03 4.78e+01  -2.8 7.82e-01    -  1.00e+00 9.55e-02h  4
 149  6.8284209e+00 3.46e-03 8.36e+01  -2.8 1.08e+00    -  9.89e-01 2.50e-01h  3
iter    objective    inf_pr   inf_du lg(mu)  ||d||  lg(rg) alpha_du alpha_pr  ls
 150  6.8220107e+00 1.01e-02 6.80e+01  -2.9 1.32e+00    -  1.00e+00 5.00e-01h  2
 151  6.7905787e+00 2.05e-02 1.05e+02  -2.9 1.54e+00    -  6.78e-01 6.37e-01h  1
 152  6.7144577e+00 2.39e-02 1.22e+02  -2.9 1.72e+00    -  9.15e-01 4.74e-01h  1
 153  6.7752498e+00 1.97e-02 1.10e+02  -2.5 1.15e+00    -  8.08e-01 7.27e-01h  1
 154  6.7598053e+00 1.27e-02 7.19e+01  -2.7 6.70e-01    -  9.02e-01 3.51e-01h  1
 155  6.7303541e+00 1.07e-02 6.40e+01  -3.4 1.04e+00    -  7.40e-01 1.69e-01h  1
 156  6.5755962e+00 2.97e-02 6.56e+01  -3.1 2.33e+00    -  6.47e-01 5.51e-01h  1
 157  7.0463150e+00 1.05e-01 6.28e+01  -2.2 3.14e+00    -  6.99e-01 5.52e-01f  1
 158  6.7957784e+00 2.37e-02 1.66e+01  -2.5 9.99e-01    -  1.00e+00 1.00e+00h  1
 159  6.7079598e+00 2.47e-02 1.34e+01  -2.5 1.28e+00    -  7.28e-01 1.00e+00h  1
iter    objective    inf_pr   inf_du lg(mu)  ||d||  lg(rg) alpha_du alpha_pr  ls
 160  6.6425723e+00 1.88e-02 3.34e+01  -2.9 1.06e+00    -  1.00e+00 2.45e-01h  1
 161  6.6217000e+00 1.26e-02 1.78e+01  -2.6 7.69e-01    -  1.00e+00 6.92e-01h  1
 162  6.5844602e+00 8.64e-03 5.67e+01  -2.8 7.20e-01    -  1.00e+00 3.26e-01h  1
 163  6.5066273e+00 6.57e-03 7.05e+01  -3.1 8.61e-01    -  1.00e+00 4.58e-01h  1
 164  6.4506924e+00 9.18e-03 4.33e+01  -3.1 8.64e-01    -  1.00e+00 5.64e-01h  1
 165  6.4331878e+00 7.31e-03 6.79e+01  -3.3 4.71e-01    -  9.85e-01 3.91e-01h  1
 166  6.5352467e+00 8.58e-03 2.06e+02  -2.7 9.15e-01    -  1.00e+00 6.04e-01h  1
 167  6.5398433e+00 7.73e-03 2.69e+01  -2.8 5.49e-01    -  7.58e-01 1.00e+00h  1
 168  6.4725561e+00 3.28e-03 8.19e+01  -3.6 4.95e-01    -  8.88e-01 5.23e-01h  1
 169  6.4425831e+00 3.59e-03 5.92e+01  -3.1 5.20e-01    -  1.00e+00 6.01e-01h  1
iter    objective    inf_pr   inf_du lg(mu)  ||d||  lg(rg) alpha_du alpha_pr  ls
 170  6.4878255e+00 3.19e-03 5.74e+01  -2.8 4.76e-01    -  1.00e+00 7.21e-01h  1
 171  6.4462697e+00 2.32e-03 5.97e+01  -3.2 4.44e-01    -  1.00e+00 5.18e-01h  1
 172  6.3945138e+00 2.46e-03 6.25e+01  -4.0 7.39e-01    -  7.48e-01 3.33e-01h  1
 173  6.3838267e+00 2.37e-03 1.12e+02  -3.9 8.26e-01    -  1.00e+00 7.59e-02h  1
 174  6.3625695e+00 3.59e-03 5.30e+01  -3.4 6.54e-01    -  1.00e+00 4.10e-01h  1
 175  6.3499453e+00 3.38e-03 8.19e+01  -3.5 7.62e-01    -  1.00e+00 1.94e-01h  1
 176  6.4550090e+00 5.88e-03 5.16e+01  -2.8 9.68e-01    -  9.04e-01 4.51e-01f  1
 177  6.4304345e+00 4.72e-02 1.17e+02  -2.9 1.13e+00    -  5.46e-01 1.00e+00h  1
 178  6.3991977e+00 6.91e-03 5.21e+01  -2.9 5.67e-01    -  9.05e-01 1.00e+00h  1
 179  6.3715249e+00 3.28e-03 3.32e+01  -3.0 4.30e-01    -  1.00e+00 5.42e-01h  1
iter    objective    inf_pr   inf_du lg(mu)  ||d||  lg(rg) alpha_du alpha_pr  ls
 180  6.2823458e+00 7.53e-03 2.11e+01  -3.3 6.69e-01    -  8.90e-01 8.50e-01h  1
 181  6.2324416e+00 1.56e-02 5.41e+01  -3.2 7.40e-01    -  7.24e-01 8.87e-01h  1
 182  6.2438185e+00 1.25e-02 5.63e+01  -3.0 8.49e-01    -  1.00e+00 3.62e-01h  1
 183  6.1899959e+00 9.25e-03 4.92e+01  -4.0 6.77e-01    -  5.38e-01 4.53e-01h  1
 184  6.1726363e+00 8.23e-03 6.84e+01  -3.6 7.60e-01    -  6.84e-01 1.73e-01h  1
 185  6.4129128e+00 5.45e-02 6.66e+01  -2.6 2.25e+00    -  5.05e-01 5.18e-01f  1
 186  6.3084894e+00 3.28e-02 9.58e+01  -2.9 2.74e+00    -  6.20e-01 3.56e-01h  1
 187  6.2649860e+00 1.83e-02 8.18e+01  -2.9 7.04e-01    -  8.60e-01 4.36e-01h  1
 188  6.2304078e+00 1.19e-02 4.98e+01  -2.9 6.46e-01    -  1.00e+00 4.34e-01h  1
 189  6.2222299e+00 7.60e-03 2.74e+01  -2.9 8.85e-01    -  6.51e-01 3.61e-01h  1
iter    objective    inf_pr   inf_du lg(mu)  ||d||  lg(rg) alpha_du alpha_pr  ls
 190  6.2193356e+00 4.15e-03 1.64e+01  -2.9 5.66e-01    -  5.30e-01 6.33e-01h  1
 191  6.1792940e+00 3.26e-03 2.39e+01  -3.2 4.68e-01    -  1.00e+00 8.55e-01h  1
 192  6.2316153e+00 7.79e-03 2.72e+01  -3.0 3.87e-01    -  1.00e+00 1.00e+00h  1
 193  6.1650216e+00 4.06e-03 1.13e+01  -3.4 3.34e-01    -  1.00e+00 1.00e+00h  1
 194  6.1198712e+00 2.59e-03 2.41e+01  -3.7 4.42e-01    -  1.00e+00 7.63e-01h  1
 195  6.1417181e+00 1.10e-03 1.05e+01  -3.4 2.18e-01    -  8.98e-01 1.00e+00h  1
 196  6.1587083e+00 7.70e-04 1.43e+02  -3.1 2.74e-01    -  8.43e-01 3.11e-01h  1
 197  6.1555814e+00 3.81e-04 5.25e+01  -3.6 2.39e-01    -  9.66e-01 7.15e-01H  1
 198  6.1548188e+00 2.60e-03 1.02e+02  -3.3 6.66e-01    -  1.00e+00 5.07e-01h  1
 199  6.1380599e+00 7.31e-04 1.12e+02  -3.4 1.64e-01    -  3.59e-01 1.00e+00h  1
iter    objective    inf_pr   inf_du lg(mu)  ||d||  lg(rg) alpha_du alpha_pr  ls
 200  6.1266388e+00 4.84e-04 8.15e+01  -3.9 1.53e-01    -  1.00e+00 3.72e-01h  1
 201  6.0987207e+00 6.28e-04 5.13e+01  -4.0 2.29e-01    -  1.00e+00 5.86e-01h  1
 202  6.0901020e+00 4.98e-04 1.81e+01  -4.0 2.20e-01    -  1.00e+00 3.61e-01h  1
 203  6.1202988e+00 4.30e-04 1.62e+01  -3.5 1.24e-01    -  1.00e+00 1.00e+00h  1
 204  6.0954729e+00 7.47e-04 1.91e+01  -4.0 2.35e-01    -  1.00e+00 6.85e-01h  1
 205  6.0823665e+00 6.52e-04 2.86e+01  -4.1 3.33e-01    -  1.00e+00 4.31e-01h  1
 206  6.0731271e+00 1.16e-03 1.05e+02  -4.0 8.25e-01    -  6.12e-01 1.86e-01h  1
 207  6.0588044e+00 5.89e-03 3.97e+01  -4.0 5.04e-01    -  1.00e+00 7.57e-01h  1
 208  6.1632394e+00 1.04e-02 4.94e+01  -2.7 2.52e+00    -  1.58e-01 2.40e-01f  1
 209  6.1151556e+00 2.04e-02 5.44e+01  -3.4 1.46e+00    -  8.02e-01 5.17e-01h  1
iter    objective    inf_pr   inf_du lg(mu)  ||d||  lg(rg) alpha_du alpha_pr  ls
 210  6.0631792e+00 2.09e-02 6.98e+01  -3.4 1.28e+00    -  6.00e-01 4.78e-01h  1
 211  6.0579117e+00 1.58e-02 1.02e+02  -3.4 2.91e-01    -  1.00e+00 2.42e-01h  1
 212  6.0549097e+00 2.68e-03 1.59e+01  -3.5 3.41e-01    -  9.44e-01 8.42e-01h  1
 213  6.0421941e+00 1.97e-03 3.54e+01  -4.0 2.90e-01    -  1.00e+00 3.16e-01h  1
 214  6.0458045e+00 9.43e-04 1.77e+01  -3.7 2.62e-01    -  1.00e+00 1.00e+00H  1
 215  6.0930860e+00 4.49e-03 3.95e+01  -3.2 3.96e-01    -  6.85e-01 1.00e+00h  1
 216  6.0644647e+00 1.72e-03 1.52e+01  -3.4 3.01e-01    -  1.00e+00 7.60e-01h  1
 217  6.0601373e+00 1.23e-03 7.17e+00  -3.4 2.54e-01    -  1.00e+00 9.69e-01h  1
 218  6.0644927e+00 1.48e-03 8.51e+00  -3.4 2.45e-01    -  1.00e+00 1.00e+00f  1
 219  6.0332045e+00 7.32e-04 1.86e+01  -4.0 2.64e-01    -  1.00e+00 6.76e-01h  1
iter    objective    inf_pr   inf_du lg(mu)  ||d||  lg(rg) alpha_du alpha_pr  ls
 220  6.0111521e+00 8.72e-04 4.81e+01  -4.0 3.47e-01    -  1.00e+00 4.49e-01h  1
 221  6.0087383e+00 5.47e-04 7.17e+01  -4.0 1.87e-01    -  9.84e-01 6.01e-01h  1
 222  6.0076239e+00 4.38e-04 1.48e+02  -4.0 1.97e-01    -  1.00e+00 2.48e-01h  1
 223  6.0090104e+00 3.72e-04 3.12e+01  -4.0 2.39e-01    -  1.00e+00 6.64e-01H  1
 224  6.0034608e+00 7.84e-04 6.82e+01  -4.0 2.99e-01    -  9.30e-01 5.29e-01h  1
 225  5.9991674e+00 1.18e-03 3.02e+01  -4.0 3.81e-01    -  7.96e-01 3.88e-01h  1
 226  5.9947083e+00 1.87e-03 3.47e+01  -4.0 5.98e-01    -  2.31e-01 4.32e-01h  1
 227  5.9910007e+00 2.95e-03 5.17e+01  -3.7 1.05e+00    -  5.08e-01 3.25e-01h  1
 228  5.9882600e+00 2.76e-03 5.42e+01  -4.0 8.09e-01    -  6.20e-01 1.07e-01h  1
 229  5.9859932e+00 5.69e-03 5.32e+01  -3.6 1.39e+00    -  3.98e-01 3.41e-01h  1
iter    objective    inf_pr   inf_du lg(mu)  ||d||  lg(rg) alpha_du alpha_pr  ls
 230  5.9795812e+00 3.85e-02 1.24e+02  -3.5 1.76e+00    -  5.16e-01 6.54e-01h  1
 231  5.9436400e+00 1.99e-02 1.02e+02  -4.0 5.29e-01    -  4.49e-01 5.03e-01h  1
 232  5.9645900e+00 3.60e-03 1.41e+01  -3.4 4.74e-01    -  1.00e+00 9.22e-01h  1
 233  5.9560470e+00 2.31e-03 7.92e+01  -3.8 2.57e-01    -  1.00e+00 3.89e-01h  1
 234  5.9601016e+00 1.59e-03 5.19e+01  -3.5 2.35e-01    -  1.00e+00 5.31e-01h  1
 235  6.0068901e+00 1.60e-03 1.54e+01  -3.3 2.19e-01    -  1.00e+00 1.00e+00h  1
 236  6.0036947e+00 1.49e-03 1.46e+01  -3.4 2.83e-01    -  1.00e+00 1.00e+00h  1
 237  5.9827312e+00 3.96e-03 2.55e+01  -3.4 3.22e-01    -  1.00e+00 1.00e+00h  1
 238  5.9774641e+00 1.81e-03 1.75e+01  -3.4 3.33e-01    -  1.00e+00 5.83e-01h  1
 239  5.9915472e+00 6.08e-04 2.08e+01  -3.4 1.53e-01    -  1.00e+00 6.92e-01h  1
iter    objective    inf_pr   inf_du lg(mu)  ||d||  lg(rg) alpha_du alpha_pr  ls
 240  5.9820996e+00 2.91e-04 7.11e+01  -3.8 1.21e-01    -  1.00e+00 5.93e-01h  1
 241  5.9667786e+00 2.59e-04 9.15e+01  -4.0 1.39e-01    -  1.00e+00 6.23e-01h  1
 242  6.0471449e+00 1.13e-02 3.41e+01  -3.2 6.28e-01    -  8.58e-01 1.00e+00h  1
 243  6.0269610e+00 8.11e-03 3.73e+01  -3.4 3.88e-01    -  1.00e+00 2.91e-01h  1
 244  5.9533980e+00 6.33e-03 1.65e+01  -3.4 5.53e-01    -  1.00e+00 1.00e+00h  1
 245  5.9387124e+00 5.33e-03 2.28e+01  -3.6 8.49e-01    -  1.00e+00 1.74e-01h  1
 246  5.9180040e+00 3.97e-03 1.14e+02  -4.0 6.78e-01    -  1.00e+00 2.12e-01h  1
 247  5.9340908e+00 1.65e-03 7.17e+01  -3.7 6.63e-01    -  8.71e-01 4.47e-01H  1
 248  5.8806144e+00 5.26e-03 2.96e+01  -3.8 5.64e-01    -  1.00e+00 8.61e-01h  1
 249  5.8728264e+00 4.40e-03 5.54e+01  -3.6 8.20e-01    -  5.33e-01 1.80e-01h  1
iter    objective    inf_pr   inf_du lg(mu)  ||d||  lg(rg) alpha_du alpha_pr  ls
 250  5.8738226e+00 3.03e-03 7.09e+01  -3.8 3.09e-01    -  9.27e-01 3.39e-01h  1
 251  5.9544933e+00 6.67e-03 2.50e+01  -3.2 6.32e-01    -  1.00e+00 7.47e-01h  1
 252  5.9474873e+00 1.12e-02 4.98e+01  -3.2 7.42e-01    -  8.85e-01 1.00e+00h  1
 253  5.9191734e+00 1.90e-03 4.32e+01  -3.2 3.95e-01    -  1.00e+00 1.00e+00h  1
 254  5.9021308e+00 1.71e-03 1.42e+02  -3.3 9.04e-01    -  1.00e+00 2.10e-01h  1
 255  5.9006520e+00 1.15e-03 6.02e+01  -3.5 2.76e-01    -  1.00e+00 3.80e-01h  1
 256  6.0511995e+00 1.14e-02 2.78e+01  -2.9 5.47e-01    -  1.00e+00 1.00e+00h  1
 257  5.9990915e+00 1.54e-02 4.56e+01  -3.0 9.07e-01    -  9.01e-01 8.19e-01h  1
 258  5.9379071e+00 5.61e-03 4.23e+01  -3.0 6.10e-01    -  7.14e-01 7.06e-01h  1
 259  5.9493448e+00 4.31e-03 1.12e+01  -3.0 4.95e-01    -  1.00e+00 1.00e+00h  1
iter    objective    inf_pr   inf_du lg(mu)  ||d||  lg(rg) alpha_du alpha_pr  ls
 260  5.9699760e+00 2.01e-03 5.03e+01  -3.0 2.59e-01    -  1.00e+00 5.75e-01h  1
 261  5.9833535e+00 9.94e-04 7.02e+01  -3.0 3.08e-01    -  1.00e+00 5.00e-01h  2
 262  5.9873432e+00 9.08e-04 3.18e+01  -3.0 3.13e-01    -  1.00e+00 2.50e-01h  3
 263  6.0169679e+00 5.97e-04 1.23e+01  -3.0 2.34e-01    -  1.00e+00 1.00e+00H  1
 264  6.0115905e+00 9.60e-04 7.07e+01  -3.0 2.18e-01    -  1.00e+00 5.00e-01h  2
 265  6.0018981e+00 8.71e-04 8.10e+00  -3.0 2.02e-01    -  1.00e+00 1.00e+00h  1
 266  6.0072873e+00 1.52e-04 4.00e+00  -3.0 8.38e-02    -  1.00e+00 1.00e+00h  1
 267  5.9862707e+00 1.99e-04 3.83e+00  -3.9 6.61e-02    -  1.00e+00 1.00e+00h  1
 268  5.9294875e+00 1.57e-03 2.50e+02  -3.9 7.35e-01    -  1.00e+00 2.81e-01h  1
 269  5.8906055e+00 1.54e-03 2.16e+01  -4.0 4.09e-01    -  1.00e+00 3.76e-01h  1
iter    objective    inf_pr   inf_du lg(mu)  ||d||  lg(rg) alpha_du alpha_pr  ls
 270  5.8851725e+00 1.62e-03 1.86e+01  -3.4 3.05e-01    -  1.00e+00 7.58e-01h  1
 271  5.9317900e+00 1.30e-03 9.16e+00  -3.2 2.00e-01    -  9.03e-01 1.00e+00h  1
 272  5.9202008e+00 5.09e-04 5.78e+00  -3.3 1.64e-01    -  1.00e+00 8.92e-01h  1
 273  5.8799215e+00 1.03e-03 1.07e+01  -3.6 1.81e-01    -  1.00e+00 9.52e-01h  1
 274  5.8661073e+00 1.07e-03 1.63e+01  -3.9 2.39e-01    -  1.00e+00 7.99e-01h  1
 275  5.8731618e+00 4.10e-03 4.66e+01  -3.4 4.00e-01    -  1.00e+00 6.33e-01h  1
 276  5.8634220e+00 6.82e-04 1.84e+01  -3.5 1.50e-01    -  1.00e+00 1.00e+00h  1
 277  5.8388935e+00 6.45e-04 1.31e+01  -4.0 1.80e-01    -  8.56e-01 7.37e-01h  1
 278  5.8357441e+00 5.65e-04 9.51e+01  -4.0 2.17e-01    -  1.00e+00 1.83e-01h  1
 279  5.8327333e+00 7.34e-04 2.99e+01  -4.0 1.51e-01    -  1.00e+00 8.57e-01h  1
iter    objective    inf_pr   inf_du lg(mu)  ||d||  lg(rg) alpha_du alpha_pr  ls
 280  5.8345859e+00 3.13e-04 3.99e+01  -4.0 1.74e-01    -  1.00e+00 6.72e-01H  1
 281  5.8312152e+00 2.44e-04 9.44e+00  -4.0 9.86e-02    -  1.00e+00 9.76e-01h  1
 282  5.8333264e+00 5.27e-05 6.07e+01  -4.0 5.99e-02    -  4.57e-01 1.00e+00h  1
 283  5.8371757e+00 1.17e-05 5.62e+01  -4.0 4.31e-02    -  6.73e-01 1.00e+00H  1
 284  5.8332044e+00 1.21e-03 2.29e+01  -4.0 1.56e-01    -  1.00e+00 1.00e+00h  1
 285  5.8293795e+00 1.27e-03 3.73e+01  -4.1 1.17e+00    -  4.38e-01 6.43e-02h  1
 286  5.8223014e+00 1.48e-03 6.94e+01  -4.0 3.71e-01    -  1.00e+00 5.07e-01f  1
 287  5.8183174e+00 5.45e-04 2.01e+01  -4.0 1.35e-01    -  1.00e+00 1.00e+00h  1
 288  5.8179786e+00 3.81e-04 6.62e+01  -4.0 1.32e-01    -  1.00e+00 3.28e-01h  1
 289  5.8191678e+00 2.11e-04 2.86e+00  -4.0 8.49e-02    -  9.76e-01 1.00e+00h  1
iter    objective    inf_pr   inf_du lg(mu)  ||d||  lg(rg) alpha_du alpha_pr  ls
 290  5.8230173e+00 6.96e-05 4.61e+00  -4.0 4.20e-02    -  1.00e+00 1.00e+00h  1
 291  5.8246495e+00 5.34e-07 2.79e+00  -4.0 3.89e-02    -  1.00e+00 1.00e+00H  1
 292  5.8222752e+00 4.83e-04 1.14e+01  -4.0 1.55e-01    -  1.00e+00 8.37e-01h  1
 293  5.8175436e+00 8.03e-04 2.10e+01  -4.1 3.21e-01    -  9.39e-01 4.00e-01h  1
 294  5.8152003e+00 2.85e-04 1.65e+01  -4.0 1.25e-01    -  1.00e+00 7.30e-01f  1
 295  5.8602838e+00 2.71e-03 7.32e+01  -3.4 3.32e-01    -  4.28e-01 1.00e+00f  1
 296  5.8381043e+00 6.07e-04 1.28e+01  -3.7 1.34e-01    -  1.00e+00 8.83e-01h  1
 297  5.8313236e+00 5.99e-04 1.20e+02  -3.7 2.24e-01    -  1.00e+00 4.97e-01f  1
 298  5.8334922e+00 6.48e-04 9.77e+00  -3.7 1.59e-01    -  1.00e+00 1.00e+00h  1
 299  5.8310089e+00 4.93e-04 6.61e+00  -3.7 1.42e-01    -  1.00e+00 1.00e+00h  1
iter    objective    inf_pr   inf_du lg(mu)  ||d||  lg(rg) alpha_du alpha_pr  ls
 300  5.8292989e+00 3.56e-04 4.65e+00  -3.7 1.06e-01    -  1.00e+00 1.00e+00h  1
 301  5.8348468e+00 1.28e-04 3.71e+00  -3.7 7.73e-02    -  1.00e+00 1.00e+00h  1
 302  5.8366056e+00 5.71e-05 3.23e+00  -3.7 5.90e-02    -  1.00e+00 1.00e+00h  1
 303  5.8362698e+00 4.70e-05 2.81e+00  -3.7 4.06e-02    -  1.00e+00 1.00e+00h  1
 304  5.8380028e+00 3.07e-05 1.12e+00  -3.7 2.29e-02    -  1.00e+00 1.00e+00h  1
 305  5.8390700e+00 3.86e-06 7.88e-01  -3.7 9.24e-03    -  1.00e+00 1.00e+00h  1
 306  5.8390769e+00 6.85e-06 3.49e+01  -3.7 1.82e-01    -  1.00e+00 6.25e-02h  5
 307  5.8390421e+00 6.88e-06 4.33e+01  -3.7 8.47e-01    -  1.00e+00 4.23e-03h  8
 308  5.8390288e+00 6.87e-06 4.79e+01  -3.7 8.54e-01    -  1.00e+00 3.91e-03h  9
 309  5.8388312e+00 1.24e-05 3.61e+01  -3.7 2.64e+00    -  3.41e-01 8.43e-03h  7
iter    objective    inf_pr   inf_du lg(mu)  ||d||  lg(rg) alpha_du alpha_pr  ls
 310  5.8387943e+00 1.28e-05 8.61e+01  -3.7 1.69e+00    -  1.00e+00 3.07e-03h  9
 311  5.8361560e+00 8.92e-03 9.54e+01  -3.7 2.73e+00    -  3.24e-01 2.22e-01h  2
 312  5.8156029e+00 1.29e-02 1.59e+02  -3.7 1.05e+00    -  1.00e+00 6.77e-01h  1
 313  5.7623482e+00 9.24e-03 8.79e+01  -3.7 1.95e+00    -  2.75e-01 2.84e-01h  1
 314  5.8083855e+00 2.90e-03 1.71e+01  -3.4 3.76e-01    -  1.00e+00 1.00e+00h  1
 315  5.8145750e+00 9.05e-04 3.03e+01  -3.7 3.26e-01    -  1.00e+00 8.76e-01h  1
 316  5.8368560e+00 6.97e-04 1.21e+01  -3.3 2.02e-01    -  1.00e+00 7.20e-01h  1
 317  5.8498852e+00 8.03e-04 1.43e+01  -3.4 1.97e-01    -  1.00e+00 1.00e+00h  1
 318  5.8375822e+00 4.04e-04 3.38e+00  -3.4 1.58e-01    -  1.00e+00 1.00e+00h  1
 319  5.8508982e+00 3.32e-04 4.91e+00  -3.4 1.14e-01    -  1.00e+00 1.00e+00h  1
iter    objective    inf_pr   inf_du lg(mu)  ||d||  lg(rg) alpha_du alpha_pr  ls
 320  5.8577096e+00 1.08e-04 3.57e+00  -3.4 6.03e-02    -  1.00e+00 1.00e+00h  1
 321  5.8591272e+00 1.28e-04 4.84e+00  -3.4 6.62e-02    -  1.00e+00 1.00e+00h  1
 322  5.8596256e+00 5.56e-05 1.72e+00  -3.4 5.44e-02    -  1.00e+00 1.00e+00h  1
 323  5.8610375e+00 5.01e-05 2.83e+00  -3.4 4.10e-02    -  1.00e+00 1.00e+00h  1
 324  5.8611694e+00 2.78e-05 5.12e-01  -3.4 3.06e-02    -  1.00e+00 1.00e+00h  1
 325  5.8621532e+00 2.59e-06 3.68e-01  -3.4 7.01e-03    -  1.00e+00 1.00e+00h  1
 326  5.8640102e+00 4.41e-06 1.31e+01  -3.4 1.20e-01    -  1.00e+00 1.00e+00H  1
 327  5.8632440e+00 8.63e-05 3.11e+01  -3.4 4.74e-01    -  8.78e-01 9.98e-02h  4
 328  5.8628181e+00 1.10e-04 7.25e+01  -3.4 1.11e+00    -  1.00e+00 2.86e-02h  6
 329  5.8623517e+00 1.54e-04 6.50e+01  -3.4 1.45e+00    -  3.06e-01 2.83e-02h  6
iter    objective    inf_pr   inf_du lg(mu)  ||d||  lg(rg) alpha_du alpha_pr  ls
 330  5.8622126e+00 1.56e-04 5.86e+01  -3.4 1.22e+00    -  6.20e-01 7.37e-03h  8
 331  5.8551397e+00 5.16e-02 1.97e+02  -3.4 2.74e+00    -  1.69e-01 4.48e-01h  2
 332  5.8260924e+00 7.46e-02 3.57e+02  -3.4 2.69e+00    -  8.64e-01 4.99e-01h  1
 333  5.7645703e+00 2.85e-02 2.38e+02  -3.4 5.43e-01    -  8.05e-01 6.84e-01h  1
 334  5.7663499e+00 1.70e-02 1.30e+02  -3.4 4.42e-01    -  3.23e-01 4.29e-01h  1
 335  5.7798645e+00 8.91e-03 5.30e+01  -3.4 5.03e-01    -  4.14e-01 5.17e-01h  1
 336  5.7759363e+00 5.52e-03 7.95e+01  -3.5 6.05e-01    -  1.00e+00 4.70e-01h  1
 337  5.8562722e+00 1.62e-02 9.86e+01  -2.9 9.19e-01    -  1.00e+00 7.45e-01h  1
 338  5.8433972e+00 7.83e-03 7.38e+01  -3.0 7.84e-01    -  7.58e-01 6.49e-01h  1
 339  5.8562869e+00 2.31e-03 2.42e+01  -3.0 3.09e-01    -  1.00e+00 1.00e+00h  1
iter    objective    inf_pr   inf_du lg(mu)  ||d||  lg(rg) alpha_du alpha_pr  ls
 340  5.8711193e+00 1.09e-03 9.77e+00  -3.0 2.58e-01    -  1.00e+00 8.81e-01h  1
 341  5.8822481e+00 6.22e-04 1.25e+02  -3.0 2.28e-01    -  1.00e+00 5.00e-01h  2
 342  5.8869711e+00 5.23e-04 1.62e+01  -3.0 2.54e-01    -  1.00e+00 2.50e-01h  3
 343  5.8885840e+00 8.07e-04 5.91e+01  -3.0 4.69e-01    -  1.00e+00 2.50e-01h  3
 344  5.8892613e+00 9.48e-04 5.88e+01  -3.0 7.55e-01    -  1.00e+00 1.25e-01h  4
 345  5.8940371e+00 1.27e-03 3.13e+01  -3.0 5.71e-01    -  1.00e+00 2.50e-01h  3
 346  5.8943203e+00 1.24e-03 5.24e+01  -3.0 8.46e-01    -  1.00e+00 6.25e-02h  5
 347  5.8936620e+00 1.23e-03 7.41e+01  -3.0 1.99e+00    -  1.00e+00 2.45e-02h  6
 348  5.8767962e+00 1.21e-01 1.05e+02  -3.0 2.16e+00    -  1.00e+00 9.76e-01h  1
 349  5.7692363e+00 1.58e-02 1.11e+02  -3.0 9.94e-01    -  1.00e+00 1.00e+00h  1
iter    objective    inf_pr   inf_du lg(mu)  ||d||  lg(rg) alpha_du alpha_pr  ls
 350  5.7859766e+00 1.18e-02 4.48e+01  -3.0 5.68e-01    -  9.69e-01 6.48e-01h  1
 351  5.8235106e+00 1.13e-02 1.35e+01  -3.0 5.68e-01    -  9.41e-01 1.00e+00h  1
 352  5.8290155e+00 4.76e-03 9.86e+00  -3.0 4.26e-01    -  1.00e+00 1.00e+00h  1
 353  5.8532449e+00 2.70e-03 1.04e+01  -3.0 3.07e-01    -  1.00e+00 1.00e+00h  1
 354  5.8563390e+00 2.26e-03 2.84e+01  -3.0 4.56e-01    -  1.00e+00 5.00e-01h  2
 355  5.8639772e+00 1.12e-03 1.36e+01  -3.0 2.29e-01    -  1.00e+00 1.00e+00h  1
 356  5.8694609e+00 6.42e-04 3.22e+01  -3.0 2.35e-01    -  1.00e+00 5.00e-01h  2
 357  5.8720016e+00 6.05e-04 5.15e+01  -3.0 3.82e-01    -  1.00e+00 2.50e-01h  3
 358  5.8887895e+00 4.51e-04 7.01e+00  -3.0 1.39e-01    -  1.00e+00 1.00e+00h  1
 359  5.8901805e+00 3.06e-04 5.51e+00  -3.0 9.87e-02    -  1.00e+00 1.00e+00h  1
iter    objective    inf_pr   inf_du lg(mu)  ||d||  lg(rg) alpha_du alpha_pr  ls
 360  5.8898795e+00 1.40e-04 4.51e+00  -3.0 7.18e-02    -  1.00e+00 1.00e+00h  1
 361  5.8928602e+00 3.74e-05 2.53e+00  -3.0 4.96e-02    -  1.00e+00 1.00e+00h  1
 362  5.8921820e+00 3.49e-05 5.75e+00  -3.0 7.38e-02    -  1.00e+00 1.00e+00H  1
 363  5.8887635e+00 1.16e-05 2.51e+01  -3.0 2.40e-01    -  1.00e+00 1.00e+00H  1
 364  5.8838034e+00 2.97e-04 3.08e+01  -3.0 4.22e-01    -  1.00e+00 2.50e-01h  3
 365  5.8774177e+00 8.04e-05 4.02e+01  -3.0 2.90e-01    -  1.00e+00 1.00e+00H  1
 366  5.8666436e+00 6.54e-04 3.59e+01  -3.0 3.06e-01    -  1.00e+00 5.00e-01h  2
 367  5.8619538e+00 5.47e-04 2.09e+01  -3.0 2.43e-01    -  1.00e+00 1.00e+00H  1
 368  5.8574725e+00 6.38e-04 2.34e+01  -3.0 3.58e-01    -  1.00e+00 2.50e-01h  3
 369  5.8603562e+00 1.58e-04 3.74e+01  -3.0 2.84e-01    -  1.00e+00 1.00e+00H  1
iter    objective    inf_pr   inf_du lg(mu)  ||d||  lg(rg) alpha_du alpha_pr  ls
 370  5.8512388e+00 5.13e-04 5.97e+01  -3.0 2.70e-01    -  1.00e+00 5.00e-01h  2
 371  5.8354916e+00 1.66e-03 5.27e+01  -3.0 4.81e-01    -  1.00e+00 5.00e-01h  2
 372  5.8312840e+00 9.26e-04 3.54e+01  -3.0 2.68e-01    -  1.00e+00 4.34e-01h  1
 373  5.8377647e+00 8.10e-04 5.55e+00  -3.0 1.32e-01    -  1.00e+00 1.00e+00f  1
 374  5.8448308e+00 4.44e-04 1.45e+01  -3.0 1.24e-01    -  1.00e+00 1.00e+00H  1
 375  5.8396818e+00 2.98e-04 2.82e+00  -3.0 1.37e-01    -  1.00e+00 1.00e+00h  1
 376  5.8421531e+00 1.08e-04 5.12e+00  -3.0 6.16e-02    -  1.00e+00 1.00e+00h  1
 377  5.8430528e+00 5.08e-05 8.93e-01  -3.0 4.28e-02    -  1.00e+00 1.00e+00h  1
 378  5.8443323e+00 9.37e-06 6.23e-01  -3.0 1.34e-02    -  1.00e+00 1.00e+00h  1
 379  5.8462960e+00 1.84e-06 1.35e+00  -3.0 2.71e-02    -  1.00e+00 1.00e+00H  1
iter    objective    inf_pr   inf_du lg(mu)  ||d||  lg(rg) alpha_du alpha_pr  ls
 380  5.8463895e+00 2.75e-06 2.15e+01  -3.0 2.27e-01    -  1.00e+00 3.12e-02h  6
 381  5.8463925e+00 5.43e-06 2.30e+01  -3.0 7.05e-01    -  1.00e+00 7.81e-03h  8
 382  5.8462962e+00 1.34e-05 1.16e+01  -3.0 1.46e+00    -  1.00e+00 1.56e-02h  7
 383  5.8461891e+00 1.96e-05 1.53e+01  -3.0 2.74e+00    -  9.61e-01 7.81e-03h  8
 384  5.8461838e+00 1.96e-05 4.23e+01  -3.0 2.22e+00    -  1.00e+00 9.77e-04h 11
 385  5.8477468e+00 2.58e-02 8.00e+01  -3.0 2.37e+00    -  9.81e-01 5.00e-01h  2
 386  5.8454513e+00 6.06e-02 2.14e+02  -3.0 1.82e+00    -  1.00e+00 1.00e+00h  1
 387  5.7263830e+00 3.07e-02 1.60e+02  -3.0 1.10e+00    -  9.23e-01 1.00e+00h  1
 388  5.6975159e+00 8.28e-03 3.74e+01  -3.3 8.33e-01    -  1.00e+00 1.00e+00h  1
 389  5.6892298e+00 9.57e-03 4.91e+01  -3.0 7.57e-01    -  1.00e+00 6.43e-01h  1
iter    objective    inf_pr   inf_du lg(mu)  ||d||  lg(rg) alpha_du alpha_pr  ls
 390  5.6796310e+00 7.91e-03 9.23e+01  -3.2 1.29e+00    -  1.00e+00 2.94e-01h  1
 391  5.6628453e+00 1.18e-02 4.11e+01  -3.4 2.25e+00    -  1.00e+00 3.06e-01h  2
 392  5.6502254e+00 5.07e-03 1.79e+01  -3.4 6.37e-01    -  1.00e+00 8.25e-01h  1
 393  5.6357068e+00 1.20e-02 1.92e+01  -3.6 8.51e-01    -  1.00e+00 8.58e-01h  1
 394  5.6236980e+00 3.31e-03 3.00e+01  -3.7 4.05e-01    -  1.00e+00 7.68e-01h  1
 395  5.6876301e+00 2.33e-02 5.90e+01  -3.2 9.90e-01    -  8.15e-01 1.00e+00h  1
 396  5.6926967e+00 5.89e-03 3.20e+01  -3.3 4.46e-01    -  9.81e-01 1.00e+00h  1
 397  5.6569958e+00 8.33e-03 6.14e+00  -3.3 6.05e-01    -  1.00e+00 9.62e-01h  1
 398  5.6670664e+00 4.35e-03 1.97e+01  -3.3 5.99e-01    -  1.00e+00 1.00e+00h  1
 399  5.6677781e+00 1.54e-03 6.18e+00  -3.3 2.93e-01    -  1.00e+00 1.00e+00h  1
iter    objective    inf_pr   inf_du lg(mu)  ||d||  lg(rg) alpha_du alpha_pr  ls
 400  5.6906591e+00 1.14e-02 1.65e+01  -3.1 5.85e-01    -  1.00e+00 1.00e+00h  1
 401  5.6875567e+00 3.71e-03 5.94e+00  -3.2 3.27e-01    -  1.00e+00 1.00e+00h  1
 402  5.7095837e+00 1.38e-03 6.47e+01  -3.2 3.01e-01    -  1.00e+00 7.14e-01h  1
 403  5.7204963e+00 1.59e-03 3.39e+01  -3.2 4.76e-01    -  1.00e+00 5.00e-01h  2
 404  5.7072982e+00 1.03e-03 2.49e+01  -3.8 2.14e-01    -  1.00e+00 4.56e-01h  1
 405  5.6626822e+00 7.90e-04 8.13e+00  -4.0 1.99e-01    -  1.00e+00 9.21e-01h  1
 406  5.6452152e+00 7.07e-04 2.83e+01  -4.0 2.57e-01    -  1.00e+00 6.43e-01h  1
 407  5.6316248e+00 1.20e-03 6.76e+01  -4.0 3.38e-01    -  1.00e+00 5.20e-01h  1
 408  5.6514847e+00 1.56e-03 2.64e+01  -3.5 2.07e-01    -  1.00e+00 8.30e-01h  1
 409  5.6460203e+00 7.37e-04 9.78e+00  -3.6 1.56e-01    -  1.00e+00 1.00e+00h  1
iter    objective    inf_pr   inf_du lg(mu)  ||d||  lg(rg) alpha_du alpha_pr  ls
 410  5.6301058e+00 3.85e-04 2.57e+01  -4.0 1.47e-01    -  1.00e+00 6.43e-01h  1
 411  5.6223816e+00 4.35e-04 2.64e+01  -4.0 1.52e-01    -  1.00e+00 6.49e-01h  1
 412  5.6267246e+00 1.05e-04 1.38e+01  -4.0 1.18e-01    -  6.59e-01 7.96e-01H  1
 413  5.6237266e+00 7.23e-05 3.10e+01  -4.0 8.81e-02    -  1.00e+00 6.06e-01h  1
 414  5.6225289e+00 6.57e-05 4.14e+00  -4.0 4.11e-02    -  1.00e+00 1.00e+00h  1
 415  5.6243610e+00 2.01e-06 5.24e+00  -4.0 5.70e-02    -  1.00e+00 1.00e+00H  1
 416  5.6460863e+00 6.61e-03 5.09e+01  -3.5 4.81e-01    -  7.45e-01 7.92e-01f  1
 417  5.6260911e+00 1.12e-03 3.19e+01  -3.7 1.57e-01    -  1.00e+00 9.98e-01h  1
 418  5.6250021e+00 5.56e-04 3.24e+01  -3.7 1.60e-01    -  1.00e+00 5.00e-01f  2
 419  5.6302789e+00 2.44e-04 7.79e+00  -3.7 8.01e-02    -  1.00e+00 1.00e+00h  1
iter    objective    inf_pr   inf_du lg(mu)  ||d||  lg(rg) alpha_du alpha_pr  ls
 420  5.6353228e+00 4.47e-05 7.90e+00  -3.7 7.32e-02    -  1.00e+00 1.00e+00H  1
 421  5.6337273e+00 1.81e-04 1.23e+01  -3.7 2.25e-01    -  1.00e+00 2.50e-01h  3
 422  5.6336019e+00 3.46e-05 5.18e+00  -3.7 4.22e-02    -  1.00e+00 1.00e+00h  1
 423  5.6343224e+00 1.55e-05 2.14e+00  -3.7 4.14e-02    -  1.00e+00 1.00e+00H  1
 424  5.6343055e+00 5.02e-06 3.70e+00  -3.7 3.36e-02    -  1.00e+00 1.00e+00H  1
 425  5.6316758e+00 6.33e-04 1.02e+01  -3.7 1.11e-01    -  1.00e+00 1.00e+00h  1
 426  5.6307351e+00 5.89e-04 1.54e+01  -3.7 2.03e-01    -  1.00e+00 2.50e-01h  3
 427  5.6189824e+00 7.14e-03 4.34e+01  -3.7 4.29e-01    -  7.56e-01 1.00e+00h  1
 428  5.6085693e+00 4.23e-03 3.85e+01  -4.0 2.60e-01    -  1.00e+00 4.09e-01h  1
 429  5.6045008e+00 3.42e-03 5.03e+01  -4.0 2.35e-01    -  1.00e+00 1.98e-01h  1
iter    objective    inf_pr   inf_du lg(mu)  ||d||  lg(rg) alpha_du alpha_pr  ls
 430  5.6025412e+00 2.32e-03 1.20e+02  -4.0 1.24e-01    -  1.00e+00 3.21e-01h  1
 431  5.6163426e+00 3.45e-04 4.91e+00  -3.6 1.01e-01    -  9.55e-01 8.86e-01h  1
 432  5.6099848e+00 8.09e-04 1.36e+01  -4.0 1.81e-01    -  1.00e+00 8.28e-01h  1
 433  5.6009355e+00 5.50e-04 1.85e+01  -4.0 1.44e-01    -  1.00e+00 9.07e-01h  1
 434  5.6137031e+00 6.13e-04 3.81e+00  -3.7 1.37e-01    -  1.00e+00 1.00e+00h  1
 435  5.6103124e+00 2.78e-04 7.03e+00  -3.8 1.20e-01    -  1.00e+00 1.00e+00h  1
 436  5.6014240e+00 3.84e-04 7.92e+00  -4.0 1.00e-01    -  1.00e+00 9.37e-01h  1
 437  5.6371394e+00 2.29e-03 2.45e+01  -3.5 3.48e-01    -  5.21e-01 8.67e-01h  1
 438  5.6177362e+00 4.66e-03 1.65e+01  -3.8 4.56e-01    -  1.00e+00 7.68e-01h  1
 439  5.5986664e+00 7.12e-04 1.75e+01  -3.8 1.89e-01    -  1.00e+00 9.76e-01h  1
iter    objective    inf_pr   inf_du lg(mu)  ||d||  lg(rg) alpha_du alpha_pr  ls
 440  5.5974051e+00 4.45e-04 9.04e+01  -4.0 1.46e-01    -  1.00e+00 3.75e-01h  1
 441  5.5964245e+00 1.61e-04 7.84e+00  -4.0 8.36e-02    -  8.87e-01 9.28e-01h  1
 442  5.5984581e+00 1.24e-04 7.80e+01  -4.0 8.20e-02    -  4.57e-01 1.00e+00h  1
 443  5.5992776e+00 5.80e-05 6.89e+00  -4.0 5.18e-02    -  1.00e+00 8.94e-01h  1
 444  5.6019092e+00 1.58e-05 3.35e+00  -4.0 2.61e-02    -  1.00e+00 1.00e+00h  1
 445  5.6034027e+00 3.81e-06 3.57e+00  -4.0 4.14e-02    -  1.00e+00 1.00e+00H  1
 446  5.6020373e+00 1.12e-04 7.14e+00  -4.0 6.88e-02    -  1.00e+00 1.00e+00h  1
 447  5.5956221e+00 8.18e-05 8.48e+00  -4.1 7.36e-02    -  1.00e+00 1.00e+00h  1
 448  5.6045461e+00 9.10e-05 1.72e+00  -3.8 5.60e-02    -  1.00e+00 1.00e+00h  1
 449  5.6038629e+00 5.50e-05 2.40e+00  -3.9 4.80e-02    -  1.00e+00 1.00e+00h  1
iter    objective    inf_pr   inf_du lg(mu)  ||d||  lg(rg) alpha_du alpha_pr  ls
 450  5.6001553e+00 6.92e-04 1.43e+01  -3.9 1.55e-01    -  1.00e+00 1.00e+00h  1
 451  5.5982643e+00 2.09e-04 1.38e+01  -3.9 1.14e-01    -  1.00e+00 8.99e-01h  1
 452  5.5971346e+00 2.29e-04 1.14e+01  -3.9 9.08e-02    -  8.16e-01 1.00e+00f  1
 453  5.6008344e+00 2.26e-04 2.77e+00  -3.9 6.85e-02    -  1.00e+00 1.00e+00h  1
 454  5.6011662e+00 3.41e-05 3.39e+00  -3.9 4.86e-02    -  1.00e+00 1.00e+00h  1
 455  5.6028313e+00 5.49e-06 3.42e+01  -3.9 1.09e-01    -  5.34e-01 1.00e+00H  1
 456  5.6145130e+00 3.50e-04 9.61e+00  -3.7 8.80e-02    -  1.00e+00 1.00e+00h  1
 457  5.6099560e+00 1.42e-04 4.18e+00  -3.8 7.95e-02    -  1.00e+00 1.00e+00h  1
 458  5.6065025e+00 9.11e-05 4.82e+01  -3.8 6.84e-02    -  4.28e-01 1.00e+00h  1
 459  5.6109735e+00 2.14e-05 2.65e+00  -3.8 6.99e-02    -  1.00e+00 1.00e+00H  1
iter    objective    inf_pr   inf_du lg(mu)  ||d||  lg(rg) alpha_du alpha_pr  ls
 460  5.6124543e+00 1.26e-05 7.47e+00  -3.8 9.94e-02    -  1.00e+00 1.00e+00H  1
 461  5.6075852e+00 1.16e-03 2.09e+01  -3.8 2.19e-01    -  1.00e+00 1.00e+00h  1
 462  5.5990286e+00 2.13e-02 9.88e+01  -3.8 1.41e+00    -  3.45e-01 7.00e-01h  1
 463  5.5643957e+00 8.90e-03 8.99e+01  -3.8 5.75e-01    -  6.03e-01 5.74e-01h  1
 464  5.5986301e+00 7.89e-03 8.30e+01  -2.6 1.23e+00    -  8.90e-01 1.42e-01f  1
 465  5.6102800e+00 6.09e-03 6.01e+01  -2.8 4.09e-01    -  4.40e-01 2.32e-01h  1
 466  5.6688213e+00 4.56e-03 1.60e+01  -2.8 3.42e-01    -  7.00e-01 7.81e-01f  1
 467  5.7616374e+00 4.57e-03 2.33e+01  -2.8 5.07e-01    -  1.00e+00 7.65e-01h  1
 468  5.8743600e+00 1.60e-02 5.57e+01  -2.8 8.80e-01    -  8.98e-01 1.00e+00h  1
 469  5.8717879e+00 7.91e-03 4.15e+01  -2.8 5.89e-01    -  1.00e+00 1.00e+00h  1
iter    objective    inf_pr   inf_du lg(mu)  ||d||  lg(rg) alpha_du alpha_pr  ls
 470  5.8398810e+00 2.84e-03 1.57e+01  -2.8 4.54e-01    -  1.00e+00 7.94e-01h  1
 471  5.8799530e+00 1.15e-03 1.73e+01  -2.8 2.62e-01    -  1.00e+00 7.88e-01h  1
 472  5.8972018e+00 9.15e-04 2.82e+01  -2.8 2.90e-01    -  1.00e+00 5.00e-01h  2
 473  5.9091861e+00 8.06e-04 2.26e+01  -2.8 3.00e-01    -  1.00e+00 5.00e-01h  2
 474  5.9235733e+00 5.99e-04 6.09e+00  -2.8 1.52e-01    -  1.00e+00 1.00e+00h  1
 475  5.9283513e+00 2.08e-04 8.18e+00  -2.8 1.14e-01    -  1.00e+00 1.00e+00h  1
 476  5.9376284e+00 2.39e-04 6.21e+00  -2.8 8.81e-02    -  1.00e+00 1.00e+00h  1
 477  5.9375038e+00 2.48e-04 9.37e+00  -2.8 9.50e-02    -  1.00e+00 1.00e+00h  1
 478  5.9360190e+00 1.27e-04 5.48e+00  -2.8 6.96e-02    -  1.00e+00 1.00e+00h  1
 479  5.9397141e+00 5.62e-05 4.06e+00  -2.8 6.71e-02    -  1.00e+00 1.00e+00H  1
iter    objective    inf_pr   inf_du lg(mu)  ||d||  lg(rg) alpha_du alpha_pr  ls
 480  5.9384054e+00 2.91e-04 7.20e+00  -2.8 9.62e-02    -  1.00e+00 1.00e+00h  1
 481  5.9304401e+00 9.58e-04 1.62e+01  -2.8 1.84e-01    -  1.00e+00 1.00e+00h  1
 482  5.9285300e+00 6.32e-04 1.26e+01  -2.8 1.75e-01    -  1.00e+00 1.00e+00h  1
 483  5.9310234e+00 3.22e-04 6.19e+00  -2.8 9.64e-02    -  1.00e+00 1.00e+00h  1
 484  5.9326739e+00 6.63e-04 7.72e+00  -2.8 1.63e-01    -  1.00e+00 1.00e+00h  1
 485  5.9321158e+00 7.51e-04 3.46e+01  -2.8 7.47e-01    -  1.00e+00 1.25e-01h  4
 486  5.9311885e+00 8.65e-04 6.53e+01  -2.8 1.94e+00    -  1.00e+00 6.25e-02h  5
 487  5.9286671e+00 1.32e-03 4.72e+01  -2.8 3.97e+00    -  1.00e+00 5.49e-02h  5
 488  5.9257147e+00 2.09e-03 7.79e+01  -2.8 4.30e+00    -  1.00e+00 5.13e-02h  5
 489  5.9222770e+00 2.82e-03 6.34e+01  -2.8 3.51e+00    -  1.00e+00 5.98e-02h  5
iter    objective    inf_pr   inf_du lg(mu)  ||d||  lg(rg) alpha_du alpha_pr  ls
 490  5.9056195e+00 4.91e-02 1.64e+02  -2.8 3.34e+00    -  1.00e+00 4.84e-01h  2
 491  5.8598095e+00 3.13e-02 2.13e+02  -2.8 1.22e+00    -  1.00e+00 1.00e+00h  1
 492  5.8029799e+00 1.42e-02 1.25e+02  -2.8 8.63e-01    -  1.00e+00 1.00e+00h  1
 493  5.8036278e+00 5.86e-03 7.23e+01  -2.8 5.14e-01    -  1.00e+00 6.34e-01h  1
 494  5.8135832e+00 2.27e-03 3.44e+01  -2.8 4.49e-01    -  1.00e+00 6.00e-01h  1
 495  5.8420038e+00 4.29e-03 1.28e+01  -2.8 3.62e-01    -  1.00e+00 1.00e+00h  1
 496  5.8321324e+00 2.40e-03 7.08e+00  -2.8 3.01e-01    -  1.00e+00 1.00e+00h  1
 497  5.8441490e+00 1.24e-03 8.45e+01  -2.8 2.08e-01    -  1.00e+00 5.00e-01h  2
 498  5.8803012e+00 3.28e-04 2.35e+01  -2.8 1.60e-01    -  1.00e+00 1.00e+00H  1
 499  5.8755186e+00 3.49e-04 7.67e+01  -2.8 2.53e-01    -  1.00e+00 5.00e-01h  2
iter    objective    inf_pr   inf_du lg(mu)  ||d||  lg(rg) alpha_du alpha_pr  ls
 500  5.8735264e+00 2.22e-04 5.07e+00  -2.8 1.26e-01    -  1.00e+00 1.00e+00h  1
 501  5.8792681e+00 1.54e-04 4.01e+00  -2.8 6.45e-02    -  1.00e+00 1.00e+00h  1
 502  5.8854101e+00 2.07e-05 4.77e+00  -2.8 6.76e-02    -  1.00e+00 1.00e+00H  1
 503  5.8868886e+00 1.50e-05 1.31e+01  -2.8 1.50e-01    -  1.00e+00 1.00e+00H  1
 504  5.8831185e+00 2.95e-04 3.07e+01  -2.8 2.51e-01    -  1.00e+00 5.00e-01h  2
 505  5.8774010e+00 5.24e-04 1.72e+01  -2.8 1.58e-01    -  1.00e+00 1.00e+00h  1
 506  5.8786666e+00 1.78e-04 4.65e+00  -2.8 9.04e-02    -  1.00e+00 1.00e+00h  1
 507  5.8781904e+00 3.87e-05 1.81e+00  -2.8 4.26e-02    -  1.00e+00 1.00e+00h  1
 508  5.8769057e+00 3.19e-04 7.49e+00  -2.8 1.06e-01    -  1.00e+00 1.00e+00h  1
 509  5.8756073e+00 5.77e-04 4.10e+01  -2.8 7.74e-01    -  1.00e+00 1.25e-01h  4
iter    objective    inf_pr   inf_du lg(mu)  ||d||  lg(rg) alpha_du alpha_pr  ls
 510  5.8746413e+00 6.69e-04 2.21e+01  -2.8 1.89e+00    -  1.00e+00 3.12e-02h  6
 511  5.8743485e+00 6.70e-04 3.11e+01  -2.8 1.97e+00    -  1.00e+00 7.81e-03h  8
 512  5.8739504e+00 6.75e-04 4.51e+01  -2.8 2.62e+00    -  9.90e-01 7.81e-03h  8
 513  5.8736984e+00 6.78e-04 7.50e+01  -2.8 4.66e+00    -  1.00e+00 3.19e-03h  9
 514  5.8653359e+00 1.21e-01 1.39e+02  -2.8 5.18e+00    -  4.55e-01 5.00e-01h  2
 515  5.8228237e+00 1.29e-01 2.09e+02  -2.8 2.25e+00    -  1.00e+00 1.00e+00h  1
 516  5.7547052e+00 1.08e-02 8.22e+01  -2.8 8.43e-01    -  1.00e+00 1.00e+00h  1
 517  5.7303349e+00 1.31e-02 2.98e+01  -2.8 5.42e-01    -  1.00e+00 1.00e+00h  1
 518  5.7163606e+00 6.47e-03 2.83e+01  -2.8 5.71e-01    -  1.00e+00 8.19e-01h  1
 519  5.7281625e+00 4.44e-03 5.01e+01  -2.8 6.30e-01    -  1.00e+00 5.00e-01h  2
iter    objective    inf_pr   inf_du lg(mu)  ||d||  lg(rg) alpha_du alpha_pr  ls
 520  5.8050468e+00 3.95e-03 1.41e+02  -2.8 4.49e-01    -  1.00e+00 6.92e-01H  1
 521  5.7788910e+00 2.37e-03 1.27e+01  -2.8 3.35e-01    -  1.00e+00 1.00e+00h  1
 522  5.7842039e+00 1.91e-03 9.41e+00  -2.8 2.55e-01    -  1.00e+00 1.00e+00h  1
 523  5.7953733e+00 9.22e-04 4.67e+00  -2.8 1.84e-01    -  1.00e+00 1.00e+00h  1
 524  5.8109571e+00 5.87e-04 5.84e+00  -2.8 1.52e-01    -  1.00e+00 1.00e+00h  1
 525  5.8126874e+00 3.57e-04 6.01e+00  -2.8 1.13e-01    -  1.00e+00 1.00e+00h  1
 526  5.8109213e+00 4.03e-04 1.27e+01  -2.8 1.30e-01    -  1.00e+00 1.00e+00h  1
 527  5.8103742e+00 2.95e-04 5.10e+00  -2.8 8.61e-02    -  1.00e+00 1.00e+00h  1
 528  5.8120386e+00 9.22e-05 1.51e+00  -2.8 5.24e-02    -  1.00e+00 1.00e+00h  1
 529  5.8101963e+00 1.36e-04 3.25e+00  -2.8 7.00e-02    -  1.00e+00 1.00e+00h  1
iter    objective    inf_pr   inf_du lg(mu)  ||d||  lg(rg) alpha_du alpha_pr  ls
 530  5.8057711e+00 1.96e-04 7.28e+01  -2.8 6.28e-01    -  1.00e+00 1.25e-01h  4
 531  5.8031391e+00 2.75e-04 5.94e+01  -2.8 1.11e+00    -  1.00e+00 6.25e-02h  5
 532  5.7989169e+00 5.02e-04 2.73e+01  -2.8 1.92e+00    -  1.00e+00 6.25e-02h  5
 533  5.7981152e+00 5.09e-04 4.49e+01  -2.8 3.45e+00    -  1.00e+00 7.34e-03h  8
 534  5.7974750e+00 5.13e-04 5.02e+01  -2.8 4.12e+00    -  1.00e+00 4.84e-03h  8
 535  5.7705478e+00 1.73e-01 2.46e+02  -2.8 4.24e+00    -  7.20e-01 7.17e-01h  1
 536  5.5797470e+00 3.32e-02 1.62e+02  -2.8 1.33e+00    -  1.00e+00 1.00e+00h  1
 537  5.6243676e+00 5.55e-03 2.55e+01  -2.8 4.83e-01    -  1.00e+00 1.00e+00h  1
 538  5.6922443e+00 2.26e-03 4.44e+01  -2.8 4.65e-01    -  8.47e-01 6.21e-01H  1
 539  5.7094854e+00 3.14e-03 1.72e+01  -2.8 3.63e-01    -  1.00e+00 1.00e+00h  1
iter    objective    inf_pr   inf_du lg(mu)  ||d||  lg(rg) alpha_du alpha_pr  ls
 540  5.6996702e+00 2.85e-03 1.60e+01  -2.8 2.73e-01    -  1.00e+00 1.00e+00h  1
 541  5.7269180e+00 1.45e-03 5.08e+00  -2.8 2.29e-01    -  1.00e+00 1.00e+00h  1
 542  5.7478566e+00 5.81e-04 8.34e+00  -2.8 1.34e-01    -  1.00e+00 1.00e+00h  1
 543  5.7514222e+00 7.48e-04 1.33e+01  -2.8 1.76e-01    -  1.00e+00 1.00e+00h  1
 544  5.7448989e+00 8.18e-04 4.04e+00  -2.8 1.48e-01    -  1.00e+00 1.00e+00h  1
 545  5.7531480e+00 1.04e-04 4.03e+00  -2.8 8.70e-02    -  1.00e+00 1.00e+00h  1
 546  5.7566819e+00 2.10e-05 4.34e+00  -2.8 5.08e-02    -  1.00e+00 1.00e+00H  1
 547  5.7547733e+00 3.21e-05 8.59e+00  -2.8 9.45e-02    -  1.00e+00 1.00e+00H  1
 548  5.7523200e+00 1.56e-04 3.36e+01  -2.8 4.73e-01    -  1.00e+00 1.25e-01h  4
 549  5.7502680e+00 2.30e-04 4.84e+01  -2.8 4.00e-01    -  1.00e+00 1.25e-01h  4
iter    objective    inf_pr   inf_du lg(mu)  ||d||  lg(rg) alpha_du alpha_pr  ls
 550  5.7472478e+00 3.03e-04 2.31e+01  -2.8 4.17e-01    -  1.00e+00 1.25e-01h  4
 551  5.7423411e+00 6.34e-04 5.09e+01  -2.8 8.20e-01    -  1.00e+00 1.25e-01h  4
 552  5.7042880e+00 4.92e-02 9.12e+01  -2.8 1.18e+00    -  1.00e+00 1.00e+00h  1
 553  5.6413317e+00 8.16e-03 7.86e+01  -2.8 6.10e-01    -  1.00e+00 1.00e+00h  1
 554  5.6322760e+00 3.11e-03 4.67e+01  -2.8 3.65e-01    -  1.00e+00 6.26e-01h  1
 555  5.6537728e+00 3.27e-03 5.72e+01  -2.8 3.91e-01    -  1.00e+00 5.00e-01h  2
 556  5.6810610e+00 1.03e-03 1.83e+01  -2.8 1.98e-01    -  1.00e+00 1.00e+00h  1
 557  5.6756386e+00 1.56e-03 1.14e+01  -2.8 2.20e-01    -  1.00e+00 1.00e+00h  1
 558  5.6730093e+00 6.82e-04 7.85e+00  -2.8 1.66e-01    -  1.00e+00 1.00e+00h  1
 559  5.6827817e+00 2.59e-04 4.44e+00  -2.8 9.79e-02    -  1.00e+00 1.00e+00h  1
iter    objective    inf_pr   inf_du lg(mu)  ||d||  lg(rg) alpha_du alpha_pr  ls
 560  5.6896385e+00 1.99e-04 1.34e+01  -2.8 1.54e-01    -  1.00e+00 1.00e+00H  1
 561  5.6788718e+00 2.81e-04 9.02e+00  -2.8 1.05e-01    -  1.00e+00 1.00e+00h  1
 562  5.6824094e+00 1.30e-04 2.81e+00  -2.8 6.65e-02    -  1.00e+00 1.00e+00h  1
 563  5.6857806e+00 1.25e-05 3.84e+00  -2.8 7.74e-02    -  1.00e+00 1.00e+00H  1
 564  5.6845260e+00 1.43e-04 1.21e+01  -2.8 2.47e-01    -  1.00e+00 2.50e-01h  3
 565  5.6842409e+00 1.44e-04 3.49e+01  -2.8 4.67e-01    -  1.00e+00 3.12e-02h  6
 566  5.6840206e+00 1.44e-04 4.26e+01  -2.8 7.41e-01    -  1.00e+00 1.56e-02h  7
 567  5.6837436e+00 1.44e-04 5.48e+01  -2.8 2.51e+00    -  1.00e+00 5.36e-03h  8
 568  5.6835411e+00 1.44e-04 8.96e+01  -2.8 1.80e+00    -  1.00e+00 7.81e-03h  8
 569  5.6756167e+00 3.77e-02 1.07e+02  -2.8 1.44e+00    -  1.00e+00 1.00e+00h  1
iter    objective    inf_pr   inf_du lg(mu)  ||d||  lg(rg) alpha_du alpha_pr  ls
 570  5.6491744e+00 2.96e-02 2.42e+02  -2.8 1.17e+00    -  1.00e+00 1.00e+00h  1
 571  5.5873424e+00 1.47e-02 6.23e+01  -2.8 8.07e-01    -  1.00e+00 1.00e+00h  1
 572  5.5799513e+00 6.40e-03 4.53e+01  -2.8 8.22e-01    -  1.00e+00 6.75e-01h  1
 573  5.5549883e+00 7.40e-03 2.22e+01  -3.0 5.78e-01    -  1.00e+00 1.00e+00h  1
 574  5.4675058e+00 1.22e-02 1.27e+01  -3.1 6.05e-01    -  1.00e+00 1.00e+00h  1
 575  5.4235856e+00 8.25e-03 6.50e+01  -3.5 8.56e-01    -  1.00e+00 3.01e-01h  1
 576  5.3623370e+00 8.63e-03 2.80e+01  -3.5 9.20e-01    -  9.72e-01 7.15e-01h  1
 577  5.3253740e+00 5.40e-03 3.00e+01  -3.5 8.27e-01    -  1.00e+00 3.79e-01h  1
 578  5.3239917e+00 5.08e-03 6.63e+01  -4.0 5.55e-01    -  6.31e-01 6.38e-02h  1
 579  5.2954323e+00 8.17e-03 1.72e+01  -3.8 1.00e+00    -  1.00e+00 5.67e-01h  1
iter    objective    inf_pr   inf_du lg(mu)  ||d||  lg(rg) alpha_du alpha_pr  ls
 580  5.2850501e+00 5.32e-03 2.11e+01  -3.5 4.96e-01    -  8.63e-01 6.53e-01h  1
 581  5.3096940e+00 3.24e-03 1.17e+02  -3.6 3.50e-01    -  8.95e-01 5.01e-01h  1
 582  5.4546511e+00 5.67e-03 3.93e+01  -3.1 6.09e-01    -  1.00e+00 1.00e+00h  1
 583  5.4448624e+00 2.69e-03 1.15e+01  -3.2 3.06e-01    -  1.00e+00 1.00e+00h  1
 584  5.3985494e+00 3.85e-03 1.37e+01  -3.2 3.82e-01    -  1.00e+00 8.45e-01h  1
 585  5.4001337e+00 1.25e-03 5.76e+01  -3.2 2.10e-01    -  1.00e+00 7.31e-01h  1
 586  5.3863826e+00 8.61e-04 4.31e+01  -3.6 1.93e-01    -  1.00e+00 5.96e-01h  1
 587  5.3528815e+00 1.10e-03 2.29e+01  -3.9 2.78e-01    -  1.00e+00 8.45e-01h  1
 588  5.3254643e+00 2.04e-03 2.51e+01  -4.0 4.12e-01    -  1.00e+00 7.24e-01h  1
 589  5.3165536e+00 1.18e-03 1.40e+01  -4.0 2.19e-01    -  1.00e+00 9.47e-01h  1
iter    objective    inf_pr   inf_du lg(mu)  ||d||  lg(rg) alpha_du alpha_pr  ls
 590  5.3254745e+00 4.75e-04 6.15e+01  -4.0 1.36e-01    -  9.96e-01 7.21e-01h  1
 591  5.3630657e+00 2.02e-03 6.09e+01  -3.5 1.76e-01    -  7.21e-01 1.00e+00h  1
 592  5.3569416e+00 1.23e-03 7.46e+01  -3.7 1.78e-01    -  1.00e+00 7.63e-01h  1
 593  5.3544321e+00 8.41e-04 9.97e+01  -3.7 1.00e-01    -  1.00e+00 5.00e-01h  2
 594  5.3539182e+00 8.49e-05 1.97e+01  -3.7 1.32e-01    -  1.00e+00 8.50e-01H  1
 595  5.3303794e+00 9.60e-04 2.56e+01  -4.0 1.98e-01    -  1.00e+00 7.75e-01h  1
 596  5.3080177e+00 1.14e-03 3.76e+01  -4.1 2.73e-01    -  8.26e-01 5.49e-01h  1
 597  5.3590167e+00 2.96e-03 4.47e+01  -3.4 3.01e-01    -  7.34e-01 1.00e+00f  1
 598  5.3513460e+00 1.94e-03 8.31e+01  -3.6 1.47e-01    -  1.00e+00 3.26e-01h  1
 599  5.3348939e+00 1.04e-03 5.04e+01  -3.6 1.87e-01    -  1.00e+00 6.02e-01h  1
iter    objective    inf_pr   inf_du lg(mu)  ||d||  lg(rg) alpha_du alpha_pr  ls
 600  5.3377002e+00 3.25e-04 1.57e+01  -3.6 1.10e-01    -  1.00e+00 8.80e-01h  1
 601  5.3386625e+00 2.86e-04 6.09e+01  -3.6 4.36e-02    -  1.00e+00 1.25e-01h  4
 602  5.3441731e+00 1.03e-04 4.58e+00  -3.6 6.44e-02    -  1.00e+00 1.00e+00h  1
 603  5.3182536e+00 8.09e-04 1.46e+01  -4.0 1.43e-01    -  1.00e+00 1.00e+00h  1
 604  5.3047558e+00 3.72e-04 1.91e+01  -4.1 1.26e-01    -  1.00e+00 8.25e-01h  1
 605  5.3016053e+00 3.38e-04 3.29e+01  -4.0 1.34e-01    -  1.00e+00 7.57e-01f  1
 606  5.3068073e+00 7.58e-05 2.83e+00  -4.0 6.15e-02    -  1.00e+00 1.00e+00h  1
 607  5.3114711e+00 3.94e-05 3.37e+00  -4.0 3.72e-02    -  1.00e+00 1.00e+00h  1
 608  5.3107181e+00 1.36e-04 7.21e+00  -4.0 5.81e-02    -  1.00e+00 1.00e+00h  1
 609  5.3050235e+00 4.00e-04 1.72e+01  -4.1 1.12e-01    -  1.00e+00 1.00e+00h  1
iter    objective    inf_pr   inf_du lg(mu)  ||d||  lg(rg) alpha_du alpha_pr  ls
 610  5.3007525e+00 3.23e-04 1.36e+01  -4.1 9.24e-02    -  9.03e-01 1.00e+00h  1
 611  5.3059423e+00 1.15e-04 4.48e+00  -4.0 7.07e-02    -  1.00e+00 1.00e+00h  1
 612  5.3056822e+00 1.03e-04 5.00e+00  -4.0 6.81e-02    -  1.00e+00 1.00e+00h  1
 613  5.3076054e+00 3.57e-05 2.34e+00  -4.0 5.78e-02    -  1.00e+00 1.00e+00H  1
 614  5.3087680e+00 1.78e-06 2.65e+00  -4.0 3.10e-02    -  1.00e+00 1.00e+00H  1
 615  5.3072748e+00 1.36e-03 1.75e+01  -4.0 1.87e-01    -  1.00e+00 1.00e+00h  1
 616  5.2958391e+00 6.73e-03 6.51e+01  -4.1 4.05e-01    -  6.58e-01 1.00e+00h  1
 617  5.3185293e+00 2.26e-03 4.18e+01  -3.6 2.70e-01    -  8.44e-01 9.44e-01h  1
 618  5.3136982e+00 5.66e-04 1.02e+01  -3.7 1.45e-01    -  1.00e+00 1.00e+00h  1
 619  5.3133515e+00 2.58e-04 1.15e+01  -3.7 1.55e-01    -  1.00e+00 1.00e+00H  1
iter    objective    inf_pr   inf_du lg(mu)  ||d||  lg(rg) alpha_du alpha_pr  ls
 620  5.3135766e+00 1.28e-04 3.25e+01  -3.7 1.50e-01    -  1.00e+00 4.25e-01h  1
 621  5.3178584e+00 3.03e-04 8.34e+00  -3.7 8.98e-02    -  1.00e+00 1.00e+00f  1
 622  5.3194730e+00 4.92e-04 8.82e+00  -3.7 1.06e-01    -  1.00e+00 1.00e+00h  1
 623  5.3270773e+00 3.41e-04 1.41e+01  -3.7 1.14e-01    -  1.00e+00 1.00e+00H  1
 624  5.3180470e+00 1.79e-04 5.08e+00  -3.7 8.43e-02    -  1.00e+00 1.00e+00h  1
 625  5.3154126e+00 4.60e-04 9.56e+00  -3.7 1.50e-01    -  1.00e+00 8.88e-01h  1
 626  5.3149883e+00 2.41e-04 9.38e-01  -3.7 1.05e-01    -  1.00e+00 1.00e+00f  1
 627  5.3191497e+00 6.35e-05 3.05e+00  -3.7 3.90e-02    -  1.00e+00 1.00e+00h  1
 628  5.3212270e+00 3.07e-05 4.16e+00  -3.7 2.15e-02    -  1.00e+00 1.00e+00h  1
 629  5.3209272e+00 3.46e-05 4.28e+00  -3.7 3.45e-02    -  1.00e+00 1.00e+00h  1
iter    objective    inf_pr   inf_du lg(mu)  ||d||  lg(rg) alpha_du alpha_pr  ls
 630  5.3207723e+00 2.58e-05 2.07e+00  -3.7 2.71e-02    -  1.00e+00 1.00e+00h  1
 631  5.3212477e+00 4.55e-07 1.19e+00  -3.7 1.83e-02    -  1.00e+00 1.00e+00H  1
 632  5.3062770e+00 5.79e-04 1.56e+01  -4.0 1.27e-01    -  1.00e+00 1.00e+00f  1
 633  5.2904619e+00 1.29e-02 8.11e+01  -4.1 5.97e-01    -  9.47e-01 7.99e-01h  1
 634  5.2812968e+00 1.44e-02 1.29e+02  -4.1 1.00e+00    -  7.44e-01 4.11e-01h  1
 635  5.2779399e+00 1.13e-02 1.11e+02  -4.1 1.90e-01    -  1.00e+00 2.16e-01h  1
 636  5.2752708e+00 4.50e-03 5.07e+01  -3.8 2.09e-01    -  7.98e-01 5.92e-01h  1
 637  5.2740130e+00 2.92e-03 9.05e+01  -4.0 1.52e-01    -  1.00e+00 3.55e-01h  1
 638  5.2821315e+00 8.56e-04 1.66e+01  -4.0 1.52e-01    -  8.00e-01 1.00e+00h  1
 639  5.3069205e+00 4.66e-04 3.54e+01  -3.7 1.71e-01    -  7.41e-01 1.00e+00H  1
iter    objective    inf_pr   inf_du lg(mu)  ||d||  lg(rg) alpha_du alpha_pr  ls
 640  5.2917065e+00 1.31e-03 1.52e+01  -3.9 2.02e-01    -  1.00e+00 1.00e+00h  1
 641  5.2901605e+00 2.94e-04 7.98e+00  -3.9 9.70e-02    -  1.00e+00 1.00e+00h  1
 642  5.2905993e+00 1.45e-04 1.93e+01  -4.0 9.80e-02    -  1.00e+00 1.00e+00H  1
 643  5.2865437e+00 1.10e-04 7.97e+00  -4.0 8.17e-02    -  1.00e+00 1.00e+00h  1
 644  5.2936475e+00 4.28e-05 5.48e+00  -4.0 4.91e-02    -  9.93e-01 1.00e+00H  1
 645  5.2909102e+00 9.41e-05 2.17e+01  -4.0 9.00e-02    -  1.00e+00 6.37e-01h  1
 646  5.2863192e+00 2.17e-04 2.86e+00  -4.1 7.18e-02    -  1.00e+00 1.00e+00h  1
 647  5.2903493e+00 2.20e-05 3.51e+00  -4.0 3.06e-02    -  1.00e+00 1.00e+00h  1
 648  5.2900800e+00 8.52e-05 5.57e+00  -4.0 4.06e-02    -  1.00e+00 1.00e+00h  1
 649  5.2864358e+00 1.27e-04 1.15e+01  -4.1 9.66e-02    -  9.16e-01 7.23e-01h  1
iter    objective    inf_pr   inf_du lg(mu)  ||d||  lg(rg) alpha_du alpha_pr  ls
 650  5.2893286e+00 3.72e-05 6.91e+00  -4.0 3.84e-02    -  1.00e+00 1.00e+00f  1
 651  5.2855084e+00 9.80e-05 4.15e+00  -4.1 5.59e-02    -  1.00e+00 1.00e+00h  1
 652  5.2869938e+00 4.47e-05 3.64e+00  -4.0 3.90e-02    -  1.00e+00 1.00e+00h  1
 653  5.2882093e+00 1.27e-05 1.85e+00  -4.0 2.34e-02    -  1.00e+00 1.00e+00h  1
 654  5.2880605e+00 6.18e-06 1.67e+00  -4.0 1.33e-02    -  1.00e+00 1.00e+00h  1
 655  5.2885719e+00 1.75e-07 1.92e+00  -4.0 1.33e-02    -  1.00e+00 1.00e+00H  1
 656  5.2866815e+00 2.13e-03 2.82e+01  -4.0 2.52e-01    -  1.00e+00 1.00e+00h  1
 657  5.2797071e+00 2.72e-03 5.21e+01  -4.1 4.19e-01    -  8.27e-01 5.84e-01h  1
 658  5.2787055e+00 2.67e-03 8.94e+01  -4.1 1.13e+00    -  3.89e-01 1.81e-02h  1
 659  5.2765958e+00 1.43e-03 3.97e+01  -4.1 1.14e-01    -  6.68e-01 4.70e-01f  1
iter    objective    inf_pr   inf_du lg(mu)  ||d||  lg(rg) alpha_du alpha_pr  ls
 660  5.2804322e+00 6.15e-04 1.20e+01  -4.0 1.15e-01    -  8.54e-01 1.00e+00h  1
 661  5.2790353e+00 8.15e-04 3.98e+01  -4.0 3.21e-01    -  1.00e+00 4.27e-01h  1
 662  5.2749772e+00 1.81e-03 2.81e+01  -4.0 2.06e-01    -  1.00e+00 1.00e+00h  1
 663  5.2726296e+00 1.20e-03 4.06e+01  -4.0 2.41e-01    -  1.00e+00 6.80e-01h  1
 664  5.2708625e+00 6.61e-04 3.39e+01  -4.0 1.92e-01    -  9.29e-01 5.68e-01h  1
 665  5.2745723e+00 1.34e-04 3.81e+00  -4.0 7.67e-02    -  1.00e+00 1.00e+00h  1
 666  5.2853119e+00 2.77e-04 1.09e+01  -3.7 9.89e-02    -  1.00e+00 1.00e+00h  1
 667  5.2857811e+00 3.51e-04 1.68e+01  -3.8 1.08e-01    -  1.00e+00 6.94e-01h  1
 668  5.2829306e+00 1.44e-03 2.96e+01  -3.8 2.19e-01    -  1.00e+00 7.78e-01f  1
 669  5.2751720e+00 3.40e-04 2.08e+01  -3.8 1.30e-01    -  1.00e+00 1.00e+00h  1
iter    objective    inf_pr   inf_du lg(mu)  ||d||  lg(rg) alpha_du alpha_pr  ls
 670  5.2783427e+00 1.98e-04 4.39e+01  -3.8 9.22e-02    -  1.00e+00 5.24e-01h  1
 671  5.2789476e+00 1.75e-04 5.48e+01  -3.8 7.62e-02    -  1.00e+00 1.25e-01f  4
 672  5.2855793e+00 7.90e-05 3.72e+00  -3.8 6.09e-02    -  1.00e+00 1.00e+00h  1
 673  5.2898109e+00 8.15e-05 1.00e+01  -3.8 8.46e-02    -  1.00e+00 1.00e+00H  1
 674  5.2863899e+00 8.77e-05 2.94e+00  -3.8 6.60e-02    -  1.00e+00 1.00e+00h  1
 675  5.2819045e+00 2.60e-05 4.65e+00  -4.0 3.46e-02    -  1.00e+00 1.00e+00h  1
 676  5.2813387e+00 1.58e-05 1.42e+00  -4.0 2.20e-02    -  1.00e+00 1.00e+00h  1
 677  5.2806146e+00 4.13e-06 1.49e+00  -4.0 1.21e-02    -  1.00e+00 1.00e+00h  1
 678  5.2799835e+00 1.37e-07 1.78e+00  -4.0 1.30e-02    -  1.00e+00 1.00e+00H  1
 679  5.2788612e+00 3.26e-05 3.97e+00  -4.0 3.41e-02    -  1.00e+00 1.00e+00h  1
iter    objective    inf_pr   inf_du lg(mu)  ||d||  lg(rg) alpha_du alpha_pr  ls
 680  5.2771531e+00 1.16e-04 7.98e+00  -4.0 5.48e-02    -  1.00e+00 1.00e+00h  1
 681  5.2726229e+00 4.28e-05 8.20e+00  -4.1 3.72e-02    -  1.00e+00 1.00e+00h  1
 682  5.2756884e+00 1.99e-05 3.21e+00  -4.0 4.18e-02    -  1.00e+00 1.00e+00h  1
 683  5.2759798e+00 1.24e-05 1.15e+00  -4.0 3.13e-02    -  1.00e+00 1.00e+00h  1
 684  5.2757536e+00 1.14e-05 1.78e+00  -4.0 2.06e-02    -  1.00e+00 1.00e+00h  1
 685  5.2759015e+00 1.82e-05 3.36e+00  -4.0 2.34e-02    -  1.00e+00 1.00e+00h  1
 686  5.2720064e+00 2.35e-04 9.05e+00  -4.1 9.01e-02    -  1.00e+00 1.00e+00h  1
 687  5.2739933e+00 3.92e-04 1.81e+01  -4.0 1.15e-01    -  1.00e+00 1.00e+00h  1
 688  5.2707384e+00 1.85e-04 1.71e+01  -4.1 6.72e-02    -  1.00e+00 5.75e-01h  1
 689  5.2706377e+00 6.55e-05 1.23e+01  -4.0 7.32e-02    -  1.00e+00 6.78e-01f  1
iter    objective    inf_pr   inf_du lg(mu)  ||d||  lg(rg) alpha_du alpha_pr  ls
 690  5.2712901e+00 3.48e-05 2.31e+00  -4.0 3.47e-02    -  1.00e+00 1.00e+00h  1
 691  5.2734734e+00 1.03e-06 8.37e+00  -4.0 9.72e-02    -  1.00e+00 1.00e+00H  1
 692  5.3118682e+00 1.38e-02 7.08e+01  -3.4 1.24e+00    -  5.67e-01 5.61e-01f  1
 693  5.2907670e+00 2.79e-03 1.03e+02  -3.6 2.41e-01    -  7.56e-01 9.78e-01h  1
 694  5.2827810e+00 9.83e-04 6.20e+01  -3.6 2.39e-01    -  6.34e-01 6.72e-01h  1
 695  5.2857844e+00 6.65e-04 3.74e+01  -3.6 1.46e-01    -  7.01e-01 4.27e-01h  1
 696  5.2945258e+00 3.35e-04 9.61e+00  -3.6 1.30e-01    -  8.00e-01 7.72e-01h  1
 697  5.2978417e+00 4.30e-04 9.59e+00  -3.6 9.91e-02    -  1.00e+00 1.00e+00f  1
 698  5.2951713e+00 1.67e-04 1.34e+01  -3.6 8.77e-02    -  1.00e+00 1.00e+00h  1
 699  5.2979351e+00 7.43e-05 4.78e+00  -3.6 6.00e-02    -  9.94e-01 1.00e+00h  1
iter    objective    inf_pr   inf_du lg(mu)  ||d||  lg(rg) alpha_du alpha_pr  ls
 700  5.3012347e+00 4.37e-05 3.88e+00  -3.6 3.87e-02    -  1.00e+00 1.00e+00H  1
 701  5.3020887e+00 1.59e-05 3.28e+00  -3.6 2.21e-02    -  1.00e+00 1.00e+00h  1
 702  5.3019472e+00 3.18e-05 3.35e+00  -3.6 3.30e-02    -  1.00e+00 1.00e+00h  1
 703  5.3018530e+00 1.70e-05 1.84e+00  -3.6 2.29e-02    -  1.00e+00 1.00e+00h  1
 704  5.3020231e+00 4.76e-06 8.97e-01  -3.6 1.19e-02    -  1.00e+00 1.00e+00h  1
 705  5.3019576e+00 1.36e-06 5.51e-01  -3.6 6.64e-03    -  1.00e+00 1.00e+00h  1
 706  5.3017953e+00 2.40e-07 1.11e+00  -3.6 1.70e-02    -  1.00e+00 1.00e+00H  1
 707  5.3016998e+00 2.47e-06 5.48e+00  -3.6 1.55e-01    -  1.00e+00 6.25e-02h  5
 708  5.3022668e+00 6.53e-08 1.59e+01  -3.6 1.64e-01    -  1.00e+00 1.00e+00H  1
 709  5.3022391e+00 5.51e-08 1.75e+01  -3.6 5.24e-02    -  1.00e+00 1.00e+00H  1
iter    objective    inf_pr   inf_du lg(mu)  ||d||  lg(rg) alpha_du alpha_pr  ls
 710  5.3002439e+00 1.00e-05 2.62e+00  -3.6 6.55e-02    -  1.00e+00 1.00e+00H  1
 711  5.3002403e+00 6.88e-07 3.98e+00  -3.6 4.55e-02    -  1.00e+00 1.00e+00H  1
 712  5.2999814e+00 8.78e-06 1.03e+01  -3.6 9.24e-02    -  1.00e+00 1.00e+00H  1
 713  5.2997935e+00 1.08e-05 4.17e+01  -3.6 3.04e-01    -  1.00e+00 6.25e-02h  5
 714  5.2996880e+00 1.31e-05 1.20e+01  -3.6 7.17e-02    -  1.00e+00 2.50e-01h  3
 715  5.2993744e+00 1.01e-05 5.56e+00  -3.6 2.51e-02    -  1.00e+00 1.00e+00h  1
 716  5.2998220e+00 4.91e-06 6.15e+00  -3.6 6.20e-02    -  1.00e+00 1.00e+00H  1
 717  5.2996949e+00 1.20e-05 1.71e+01  -3.6 1.58e-01    -  1.00e+00 1.25e-01h  4
 718  5.3002850e+00 3.06e-06 4.53e+01  -3.6 4.45e-01    -  1.00e+00 1.00e+00H  1
 719  5.3002262e+00 3.60e-06 5.97e+01  -3.6 5.28e-01    -  1.00e+00 9.25e-03h  7
iter    objective    inf_pr   inf_du lg(mu)  ||d||  lg(rg) alpha_du alpha_pr  ls
 720  5.3000266e+00 4.94e-06 2.76e+01  -3.6 9.01e-02    -  1.00e+00 1.00e+00H  1
 721  5.2950773e+00 3.88e-04 1.74e+01  -3.6 1.00e-01    -  1.00e+00 1.00e+00h  1
 722  5.2948886e+00 2.03e-04 3.63e+01  -3.6 9.34e-02    -  1.00e+00 5.00e-01h  2
 723  5.2922760e+00 2.71e-04 3.75e+01  -3.6 1.87e-01    -  1.00e+00 6.06e-01h  1
 724  5.2925626e+00 2.91e-04 1.34e+01  -3.6 1.81e-01    -  7.76e-01 5.00e-01f  2
 725  5.2905562e+00 4.44e-04 3.72e+01  -3.6 4.80e-01    -  8.33e-01 1.93e-01h  3
 726  5.2942438e+00 1.28e-04 8.33e+00  -3.6 6.76e-02    -  8.57e-01 1.00e+00h  1
 727  5.2951815e+00 1.21e-04 2.61e+00  -3.6 5.29e-02    -  1.00e+00 1.00e+00h  1
 728  5.2965036e+00 1.58e-05 2.82e+00  -3.6 2.48e-02    -  1.00e+00 1.00e+00h  1
 729  5.2979836e+00 2.29e-06 2.39e+00  -3.6 2.29e-02    -  1.00e+00 1.00e+00H  1
iter    objective    inf_pr   inf_du lg(mu)  ||d||  lg(rg) alpha_du alpha_pr  ls
 730  5.2985600e+00 6.99e-07 3.91e+00  -3.6 2.69e-02    -  1.00e+00 1.00e+00H  1
 731  5.2984901e+00 1.27e-05 1.44e+00  -3.6 1.86e-02    -  1.00e+00 1.00e+00h  1
 732  5.2984548e+00 1.02e-05 1.84e+00  -3.6 1.50e-02    -  1.00e+00 1.00e+00h  1
 733  5.2986607e+00 5.14e-06 3.17e-01  -3.6 9.62e-03    -  1.00e+00 1.00e+00h  1
 734  5.2986897e+00 6.01e-07 3.02e-01  -3.6 4.58e-03    -  1.00e+00 1.00e+00h  1
 735  5.2988186e+00 6.65e-07 1.34e+01  -3.6 1.16e-01    -  1.00e+00 1.00e+00H  1
 736  5.2988003e+00 6.64e-07 1.36e+01  -3.6 1.91e-01    -  1.00e+00 7.81e-03h  8
 737  5.2987620e+00 6.57e-07 1.89e+01  -3.6 2.17e-01    -  1.00e+00 7.81e-03h  8
 738  5.2989926e+00 2.85e-07 7.51e+00  -3.6 1.26e-01    -  1.00e+00 1.00e+00H  1
 739  5.2988955e+00 3.97e-07 5.04e+01  -3.6 2.03e-01    -  1.00e+00 1.56e-02h  7
iter    objective    inf_pr   inf_du lg(mu)  ||d||  lg(rg) alpha_du alpha_pr  ls
 740  5.2978553e+00 2.82e-06 4.94e+00  -3.6 2.97e-02    -  1.00e+00 1.00e+00H  1
 741  5.2977877e+00 8.32e-06 3.90e+00  -3.6 2.11e-02    -  1.00e+00 1.00e+00h  1
 742  5.2978091e+00 6.26e-06 1.94e+00  -3.6 1.32e-02    -  1.00e+00 1.00e+00h  1
 743  5.2978020e+00 2.20e-06 6.83e-01  -3.6 1.02e-02    -  1.00e+00 1.00e+00h  1
 744  5.2979392e+00 2.01e-07 9.22e-01  -3.6 9.08e-03    -  1.00e+00 1.00e+00H  1
 745  5.2980057e+00 6.99e-08 3.54e+00  -3.6 3.05e-02    -  1.00e+00 1.00e+00H  1
 746  5.2977195e+00 3.29e-05 5.22e+00  -3.6 4.35e-02    -  1.00e+00 1.00e+00h  1
 747  5.2974661e+00 1.13e-05 4.27e+00  -3.6 2.32e-02    -  1.00e+00 1.00e+00h  1
 748  5.2976793e+00 2.24e-07 1.23e+00  -3.6 1.84e-02    -  1.00e+00 1.00e+00H  1
 749  5.2973925e+00 9.40e-06 1.63e+00  -3.6 1.56e-02    -  1.00e+00 1.00e+00h  1
iter    objective    inf_pr   inf_du lg(mu)  ||d||  lg(rg) alpha_du alpha_pr  ls
 750  5.2975605e+00 4.55e-07 7.75e+00  -3.6 4.95e-02    -  1.00e+00 1.00e+00H  1
 751  5.2975291e+00 7.30e-07 1.62e+01  -3.6 8.64e-02    -  1.00e+00 6.25e-02h  5
 752  5.2972482e+00 1.48e-05 5.70e+00  -3.6 2.71e-02    -  1.00e+00 1.00e+00h  1
 753  5.2971728e+00 2.48e-05 1.88e+00  -3.6 2.88e-02    -  1.00e+00 1.00e+00h  1
 754  5.2969956e+00 1.60e-05 1.23e+01  -3.6 4.48e-02    -  1.00e+00 5.00e-01h  2
 755  5.2970523e+00 6.43e-06 1.27e+00  -3.6 1.58e-02    -  1.00e+00 1.00e+00h  1
 756  5.2973607e+00 2.62e-06 2.42e+00  -3.6 2.09e-02    -  1.00e+00 1.00e+00H  1
 757  5.2971775e+00 1.17e-05 2.71e+00  -3.6 2.41e-02    -  1.00e+00 1.00e+00h  1
 758  5.2969917e+00 4.31e-06 4.20e-01  -3.6 1.59e-02    -  1.00e+00 1.00e+00h  1
 759  5.2972950e+00 4.72e-06 5.70e-01  -3.6 7.94e-03    -  1.00e+00 1.00e+00h  1
iter    objective    inf_pr   inf_du lg(mu)  ||d||  lg(rg) alpha_du alpha_pr  ls
 760  5.2974040e+00 1.59e-06 1.01e+00  -3.6 4.93e-03    -  1.00e+00 1.00e+00h  1
 761  5.2972860e+00 1.10e-06 5.38e-01  -3.6 7.94e-03    -  1.00e+00 1.00e+00h  1
 762  5.2973757e+00 2.91e-07 3.00e-01  -3.6 3.32e-03    -  1.00e+00 1.00e+00h  1
 763  5.2974060e+00 2.02e-08 6.97e-01  -3.6 5.94e-03    -  1.00e+00 1.00e+00H  1
 764  5.2713688e+00 1.21e-03 2.31e+01  -4.0 1.67e-01    -  1.00e+00 1.00e+00f  1
 765  5.2602151e+00 7.28e-04 2.95e+01  -4.1 1.23e-01    -  1.00e+00 1.00e+00h  1
 766  5.2606277e+00 6.54e-04 1.75e+01  -4.0 1.60e-01    -  8.47e-01 1.00e+00h  1
 767  5.2593816e+00 5.05e-04 4.19e+01  -4.1 1.08e-01    -  1.00e+00 2.74e-01h  1
 768  5.2594009e+00 4.27e-04 4.41e+01  -4.0 2.19e-01    -  8.24e-01 3.28e-01f  1
 769  5.2681055e+00 1.16e-04 1.88e+01  -4.0 1.45e-01    -  1.00e+00 1.00e+00H  1
iter    objective    inf_pr   inf_du lg(mu)  ||d||  lg(rg) alpha_du alpha_pr  ls
 770  5.3097581e+00 2.49e-03 3.01e+01  -3.5 2.94e-01    -  8.65e-01 1.00e+00h  1
 771  5.3010182e+00 1.82e-03 4.02e+01  -3.6 1.61e-01    -  1.00e+00 2.79e-01h  1
 772  5.2884124e+00 8.78e-04 5.36e+01  -3.6 1.34e-01    -  1.00e+00 6.10e-01f  1
 773  5.2837275e+00 1.80e-04 7.74e+00  -3.6 8.07e-02    -  1.00e+00 1.00e+00h  1
 774  5.2942123e+00 1.20e-04 1.02e+01  -3.6 9.86e-02    -  1.00e+00 1.00e+00H  1
 775  5.2968334e+00 1.69e-04 7.94e+00  -3.6 8.45e-02    -  1.00e+00 1.00e+00h  1
 776  5.2932651e+00 7.15e-05 1.70e+00  -3.6 5.54e-02    -  1.00e+00 1.00e+00h  1
 777  5.2946400e+00 1.02e-04 4.02e+00  -3.6 6.54e-02    -  1.00e+00 1.00e+00h  1
 778  5.2944506e+00 4.68e-05 7.90e-01  -3.6 4.36e-02    -  1.00e+00 1.00e+00h  1
 779  5.2957144e+00 1.17e-05 1.57e+00  -3.6 1.87e-02    -  1.00e+00 1.00e+00h  1
iter    objective    inf_pr   inf_du lg(mu)  ||d||  lg(rg) alpha_du alpha_pr  ls
 780  5.2958404e+00 6.73e-06 6.72e-01  -3.6 1.25e-02    -  1.00e+00 1.00e+00h  1
 781  5.2962636e+00 3.17e-07 3.24e-01  -3.6 3.29e-03    -  1.00e+00 1.00e+00h  1
 782  5.2964522e+00 7.29e-07 9.78e-01  -3.6 1.03e-02    -  1.00e+00 1.00e+00H  1
 783  5.2962311e+00 4.75e-07 5.37e-01  -3.6 6.70e-03    -  1.00e+00 1.00e+00h  1
 784  5.2960991e+00 1.44e-07 2.02e-01  -3.6 2.00e-03    -  1.00e+00 1.00e+00h  1
 785  5.2959875e+00 1.86e-08 4.04e-01  -3.6 3.21e-03    -  1.00e+00 1.00e+00H  1
 786  5.2750203e+00 2.79e-04 1.10e+01  -4.0 1.10e-01    -  1.00e+00 1.00e+00f  1
 787  5.2623443e+00 3.14e-04 1.59e+01  -4.1 8.68e-02    -  1.00e+00 1.00e+00h  1
 788  5.2796434e+00 1.08e-03 1.25e+01  -3.7 2.08e-01    -  7.93e-01 1.00e+00h  1
 789  5.2654554e+00 7.54e-04 9.24e+00  -3.9 1.67e-01    -  1.00e+00 9.71e-01h  1
iter    objective    inf_pr   inf_du lg(mu)  ||d||  lg(rg) alpha_du alpha_pr  ls
 790  5.2600962e+00 3.17e-04 5.77e+00  -4.0 1.00e-01    -  1.00e+00 9.82e-01h  1
 791  5.2657532e+00 6.76e-05 4.80e+00  -4.0 4.97e-02    -  1.00e+00 1.00e+00h  1
 792  5.2668182e+00 3.30e-05 3.01e+00  -4.0 3.06e-02    -  1.00e+00 1.00e+00h  1
 793  5.2674093e+00 8.40e-06 1.13e+00  -4.0 1.89e-02    -  1.00e+00 1.00e+00h  1
 794  5.2690693e+00 7.30e-06 1.31e+00  -4.0 1.29e-02    -  1.00e+00 1.00e+00h  1
 795  5.2689959e+00 1.55e-06 4.03e-01  -4.0 7.20e-03    -  1.00e+00 1.00e+00h  1
 796  5.2689445e+00 7.65e-07 5.64e-01  -4.0 4.69e-03    -  1.00e+00 1.00e+00h  1
 797  5.2688632e+00 2.31e-07 3.39e-01  -4.0 2.77e-03    -  1.00e+00 1.00e+00h  1
 798  5.2688006e+00 9.73e-07 3.80e-01  -4.0 4.12e-03    -  1.00e+00 1.00e+00h  1
 799  5.2682627e+00 1.27e-07 2.39e+00  -4.0 1.59e-02    -  1.00e+00 1.00e+00H  1
iter    objective    inf_pr   inf_du lg(mu)  ||d||  lg(rg) alpha_du alpha_pr  ls
 800  5.2673303e+00 1.05e-04 1.18e+01  -4.0 5.89e-02    -  1.00e+00 1.00e+00h  1
 801  5.2629779e+00 3.73e-05 6.48e+00  -4.1 3.51e-02    -  1.00e+00 1.00e+00h  1
 802  5.2668117e+00 1.37e-06 2.20e+00  -4.0 3.11e-02    -  1.00e+00 1.00e+00H  1
 803  5.2676275e+00 7.77e-06 1.48e+00  -4.0 1.52e-02    -  1.00e+00 1.00e+00h  1
 804  5.2633681e+00 3.33e-05 2.93e+00  -4.1 2.90e-02    -  1.00e+00 1.00e+00h  1
 805  5.2632556e+00 1.55e-05 2.65e+00  -4.1 2.86e-02    -  1.00e+00 1.00e+00h  1
 806  5.2669307e+00 2.44e-05 1.11e+00  -4.0 2.70e-02    -  1.00e+00 1.00e+00h  1
 807  5.2631576e+00 2.50e-05 2.71e+00  -4.1 3.02e-02    -  1.00e+00 1.00e+00h  1
 808  5.2673529e+00 2.78e-05 1.22e+00  -4.0 3.43e-02    -  1.00e+00 1.00e+00h  1
 809  5.2627194e+00 7.89e-05 9.85e+00  -4.1 6.12e-02    -  1.00e+00 1.00e+00h  1
iter    objective    inf_pr   inf_du lg(mu)  ||d||  lg(rg) alpha_du alpha_pr  ls
 810  5.2659777e+00 6.20e-05 9.92e-01  -4.0 5.06e-02    -  1.00e+00 1.00e+00h  1
 811  5.2629652e+00 2.38e-05 3.70e+00  -4.1 2.58e-02    -  1.00e+00 1.00e+00h  1
 812  5.2672443e+00 3.03e-05 3.19e+00  -4.0 3.93e-02    -  1.00e+00 1.00e+00h  1
 813  5.2622931e+00 4.29e-05 3.12e+00  -4.1 4.59e-02    -  1.00e+00 1.00e+00h  1
 814  5.2666504e+00 5.96e-05 3.36e+00  -4.0 4.86e-02    -  1.00e+00 1.00e+00h  1
 815  5.2625069e+00 3.29e-05 2.96e+00  -4.1 3.77e-02    -  1.00e+00 1.00e+00h  1
 816  5.2825716e+00 7.80e-04 1.65e+01  -3.7 1.51e-01    -  1.00e+00 1.00e+00h  1
 817  5.2773182e+00 1.01e-04 5.78e+00  -3.8 5.78e-02    -  1.00e+00 1.00e+00h  1
 818  5.2741024e+00 1.36e-04 1.35e+01  -3.8 1.00e-01    -  1.00e+00 1.00e+00h  1
 819  5.2748156e+00 5.65e-05 5.53e-01  -3.8 5.88e-02    -  1.00e+00 1.00e+00h  1
iter    objective    inf_pr   inf_du lg(mu)  ||d||  lg(rg) alpha_du alpha_pr  ls
 820  5.2758852e+00 4.12e-06 9.70e-01  -3.8 1.36e-02    -  1.00e+00 1.00e+00h  1
 821  5.2772584e+00 2.61e-06 1.40e+00  -3.8 9.95e-03    -  1.00e+00 1.00e+00h  1
 822  5.2779656e+00 1.06e-06 8.05e-01  -3.8 5.49e-03    -  1.00e+00 1.00e+00h  1
 823  5.2779776e+00 5.02e-07 9.28e-01  -3.8 8.60e-03    -  1.00e+00 1.00e+00H  1
 824  5.2778275e+00 6.23e-07 1.71e-01  -3.8 5.75e-03    -  1.00e+00 1.00e+00h  1
 825  5.2779940e+00 1.56e-07 6.53e-02  -3.8 1.03e-03    -  1.00e+00 1.00e+00h  1
 826  5.2709219e+00 2.96e-05 2.98e+00  -4.0 3.05e-02    -  1.00e+00 1.00e+00h  1
 827  5.2628752e+00 1.46e-04 8.70e+00  -4.1 6.74e-02    -  1.00e+00 1.00e+00h  1
 828  5.2618917e+00 1.14e-04 1.24e+01  -4.1 7.91e-02    -  1.00e+00 1.00e+00h  1
 829  5.2640709e+00 1.29e-04 2.92e+00  -4.0 7.88e-02    -  1.00e+00 1.00e+00h  1
iter    objective    inf_pr   inf_du lg(mu)  ||d||  lg(rg) alpha_du alpha_pr  ls
 830  5.2623609e+00 3.02e-05 2.23e+00  -4.1 2.72e-02    -  1.00e+00 1.00e+00h  1
 831  5.2672973e+00 2.29e-05 2.17e+00  -4.0 2.40e-02    -  1.00e+00 1.00e+00h  1
 832  5.2629169e+00 2.21e-05 3.50e+00  -4.1 2.66e-02    -  1.00e+00 1.00e+00h  1
 833  5.2667709e+00 2.14e-05 1.54e+00  -4.0 2.66e-02    -  1.00e+00 1.00e+00h  1
 834  5.2633216e+00 2.23e-05 3.32e+00  -4.1 3.16e-02    -  1.00e+00 1.00e+00h  1
 835  5.2628042e+00 6.51e-06 2.29e+00  -4.1 1.55e-02    -  1.00e+00 1.00e+00h  1
 836  5.2670760e+00 1.90e-05 1.85e+00  -4.0 2.60e-02    -  1.00e+00 1.00e+00h  1
 837  5.2631722e+00 1.66e-05 1.53e+00  -4.1 2.21e-02    -  1.00e+00 1.00e+00h  1
 838  5.2627637e+00 2.44e-05 4.28e+00  -4.1 3.59e-02    -  1.00e+00 1.00e+00h  1
 839  5.2664818e+00 3.04e-05 5.88e-01  -4.0 4.02e-02    -  1.00e+00 1.00e+00h  1
iter    objective    inf_pr   inf_du lg(mu)  ||d||  lg(rg) alpha_du alpha_pr  ls
 840  5.2628402e+00 1.38e-05 1.17e+00  -4.1 1.95e-02    -  1.00e+00 1.00e+00h  1
 841  5.2629054e+00 4.95e-06 3.11e+00  -4.1 1.30e-02    -  1.00e+00 1.00e+00h  1
 842  5.2629290e+00 3.67e-06 9.52e-01  -4.1 1.23e-02    -  1.00e+00 1.00e+00h  1
 843  5.2671791e+00 1.73e-05 1.80e+00  -4.0 2.23e-02    -  1.00e+00 1.00e+00h  1
 844  5.2631835e+00 2.31e-05 1.84e+00  -4.1 2.92e-02    -  1.00e+00 1.00e+00h  1
 845  5.2626840e+00 7.51e-06 3.82e+00  -4.1 1.67e-02    -  1.00e+00 1.00e+00h  1
 846  5.2671586e+00 2.42e-05 1.02e+00  -4.0 2.82e-02    -  1.00e+00 1.00e+00h  1
 847  5.2626783e+00 3.93e-05 3.26e+00  -4.1 4.01e-02    -  1.00e+00 1.00e+00h  1
 848  5.2621705e+00 2.04e-05 1.22e+00  -4.1 3.00e-02    -  1.00e+00 1.00e+00h  1
 849  5.2666953e+00 2.07e-05 1.95e+00  -4.0 2.40e-02    -  1.00e+00 1.00e+00h  1
iter    objective    inf_pr   inf_du lg(mu)  ||d||  lg(rg) alpha_du alpha_pr  ls
 850  5.2631054e+00 2.36e-07 2.55e+00  -4.1 2.85e-02    -  1.00e+00 1.00e+00H  1
 851  5.2669928e+00 2.70e-05 1.41e+00  -4.0 3.11e-02    -  1.00e+00 1.00e+00h  1
 852  5.2625481e+00 2.71e-05 2.36e+00  -4.1 3.18e-02    -  1.00e+00 1.00e+00h  1
 853  5.2625040e+00 8.55e-06 2.67e+00  -4.1 1.71e-02    -  1.00e+00 1.00e+00h  1
 854  5.2670623e+00 2.22e-05 1.51e+00  -4.0 2.64e-02    -  1.00e+00 1.00e+00h  1
 855  5.2628998e+00 2.11e-05 2.31e+00  -4.1 2.63e-02    -  1.00e+00 1.00e+00h  1
 856  5.2625500e+00 3.76e-05 3.84e+00  -4.1 3.73e-02    -  1.00e+00 1.00e+00h  1
 857  5.2622541e+00 2.62e-05 6.10e-01  -4.1 3.17e-02    -  1.00e+00 1.00e+00h  1
 858  5.2623848e+00 4.37e-06 5.25e-01  -4.1 6.32e-03    -  1.00e+00 1.00e+00h  1
 859  5.2667710e+00 2.02e-05 1.28e+00  -4.0 2.61e-02    -  1.00e+00 1.00e+00h  1
iter    objective    inf_pr   inf_du lg(mu)  ||d||  lg(rg) alpha_du alpha_pr  ls
 860  5.2643568e+00 1.19e-05 6.64e+00  -4.1 4.11e-02    -  1.00e+00 1.00e+00H  1
 861  5.2612541e+00 2.16e-05 1.48e+00  -4.1 3.93e-02    -  1.00e+00 1.00e+00h  1
 862  5.2671304e+00 2.37e-06 1.66e+00  -4.0 2.82e-02    -  1.00e+00 1.00e+00H  1
 863  5.2629966e+00 2.91e-05 2.02e+00  -4.1 3.12e-02    -  1.00e+00 1.00e+00h  1
 864  5.2622096e+00 1.62e-05 4.22e+00  -4.1 2.87e-02    -  1.00e+00 1.00e+00h  1
 865  5.2621956e+00 1.69e-05 1.16e+00  -4.1 2.29e-02    -  1.00e+00 1.00e+00h  1
 866  5.2628206e+00 1.02e-05 1.15e+00  -4.1 1.31e-02    -  1.00e+00 1.00e+00h  1
 867  5.2625989e+00 8.45e-06 1.55e-01  -4.1 7.96e-03    -  1.00e+00 1.00e+00h  1
 868  5.2627955e+00 7.63e-07 2.01e-01  -4.1 1.34e-03    -  1.00e+00 1.00e+00h  1
 869  5.2671477e+00 1.81e-05 2.79e+00  -4.0 2.32e-02    -  1.00e+00 1.00e+00h  1
iter    objective    inf_pr   inf_du lg(mu)  ||d||  lg(rg) alpha_du alpha_pr  ls
 870  5.2628691e+00 7.06e-05 4.70e+00  -4.1 3.60e-02    -  1.00e+00 1.00e+00h  1
 871  5.2622843e+00 1.39e-04 1.51e+01  -4.1 6.65e-02    -  1.00e+00 1.00e+00h  1
 872  5.2616591e+00 6.41e-05 5.84e+00  -4.1 4.84e-02    -  1.00e+00 1.00e+00h  1
 873  5.2616120e+00 7.34e-05 8.17e+00  -4.1 4.88e-02    -  1.00e+00 1.00e+00h  1
 874  5.2608740e+00 6.70e-05 2.66e+00  -4.1 3.90e-02    -  1.00e+00 1.00e+00h  1
 875  5.2657472e+00 3.88e-05 4.02e+00  -4.0 5.15e-02    -  1.00e+00 1.00e+00h  1
 876  5.2623427e+00 1.73e-06 4.38e+00  -4.1 3.63e-02    -  1.00e+00 1.00e+00H  1
 877  5.2656510e+00 1.93e-05 2.92e+00  -4.0 2.70e-02    -  1.00e+00 1.00e+00h  1
 878  5.2624096e+00 1.14e-05 1.37e+00  -4.1 1.96e-02    -  1.00e+00 1.00e+00h  1
 879  5.2623349e+00 2.00e-06 7.58e-01  -4.1 9.44e-03    -  1.00e+00 1.00e+00h  1
iter    objective    inf_pr   inf_du lg(mu)  ||d||  lg(rg) alpha_du alpha_pr  ls
 880  5.2664519e+00 1.80e-05 1.73e+00  -4.0 2.59e-02    -  1.00e+00 1.00e+00h  1
 881  5.2624018e+00 1.80e-05 9.19e-01  -4.1 2.05e-02    -  1.00e+00 1.00e+00h  1
 882  5.2620185e+00 8.69e-06 2.58e+00  -4.1 1.99e-02    -  1.00e+00 1.00e+00h  1
 883  5.2663628e+00 2.71e-05 1.16e+00  -4.0 3.28e-02    -  1.00e+00 1.00e+00h  1
 884  5.2617810e+00 4.34e-05 3.39e+00  -4.1 4.05e-02    -  1.00e+00 1.00e+00h  1
 885  5.2615117e+00 1.07e-05 1.27e+00  -4.1 2.53e-02    -  1.00e+00 1.00e+00h  1
 886  5.2660064e+00 1.80e-05 1.35e+00  -4.0 2.48e-02    -  1.00e+00 1.00e+00h  1
 887  5.2624238e+00 3.38e-07 1.93e+00  -4.1 2.39e-02    -  1.00e+00 1.00e+00H  1
 888  5.2665965e+00 3.27e-05 2.22e+00  -4.0 3.20e-02    -  1.00e+00 1.00e+00h  1
 889  5.2617082e+00 4.67e-05 5.48e+00  -4.1 5.17e-02    -  1.00e+00 1.00e+00h  1
iter    objective    inf_pr   inf_du lg(mu)  ||d||  lg(rg) alpha_du alpha_pr  ls
 890  5.2612171e+00 2.14e-05 1.93e+00  -4.1 3.40e-02    -  1.00e+00 1.00e+00h  1
 891  5.2666283e+00 2.34e-06 2.37e+00  -4.0 3.16e-02    -  1.00e+00 1.00e+00H  1
 892  5.2624365e+00 2.10e-05 1.91e+00  -4.1 2.53e-02    -  1.00e+00 1.00e+00h  1
 893  5.2615552e+00 1.44e-05 3.07e+00  -4.1 2.61e-02    -  1.00e+00 1.00e+00h  1
 894  5.2620581e+00 9.17e-06 3.26e-01  -4.1 1.78e-02    -  1.00e+00 1.00e+00h  1
 895  5.2664971e+00 1.73e-05 1.71e+00  -4.0 2.50e-02    -  1.00e+00 1.00e+00h  1
 896  5.2621746e+00 4.35e-05 4.22e+00  -4.1 3.76e-02    -  1.00e+00 1.00e+00h  1
 897  5.2616409e+00 2.22e-05 6.74e-01  -4.1 2.34e-02    -  1.00e+00 1.00e+00h  1
 898  5.2622377e+00 1.00e-06 9.37e-01  -4.1 6.28e-03    -  1.00e+00 1.00e+00h  1
 899  5.2667549e+00 2.06e-05 1.50e+00  -4.0 2.41e-02    -  1.00e+00 1.00e+00h  1
iter    objective    inf_pr   inf_du lg(mu)  ||d||  lg(rg) alpha_du alpha_pr  ls
 900  5.2623267e+00 2.68e-05 2.88e+00  -4.1 3.49e-02    -  1.00e+00 1.00e+00h  1
 901  5.2621062e+00 7.61e-06 1.16e+00  -4.1 2.07e-02    -  1.00e+00 1.00e+00h  1
 902  5.2623688e+00 1.11e-06 9.06e-01  -4.1 5.47e-03    -  1.00e+00 1.00e+00h  1
 903  5.2667771e+00 2.04e-05 1.05e+00  -4.0 2.45e-02    -  1.00e+00 1.00e+00h  1
 904  5.2623345e+00 3.31e-05 3.58e+00  -4.1 2.91e-02    -  1.00e+00 1.00e+00h  1
 905  5.2622169e+00 7.36e-06 2.87e+00  -4.1 1.47e-02    -  1.00e+00 1.00e+00h  1
 906  5.2666605e+00 1.96e-05 1.98e+00  -4.0 2.89e-02    -  1.00e+00 1.00e+00h  1
 907  5.2621683e+00 2.13e-05 1.53e+00  -4.1 2.79e-02    -  1.00e+00 1.00e+00h  1
 908  5.2621211e+00 8.41e-06 3.25e+00  -4.1 1.67e-02    -  1.00e+00 1.00e+00h  1
 909  5.2622004e+00 4.13e-06 6.08e-01  -4.1 1.43e-02    -  1.00e+00 1.00e+00h  1
iter    objective    inf_pr   inf_du lg(mu)  ||d||  lg(rg) alpha_du alpha_pr  ls
 910  5.2663500e+00 1.95e-05 2.14e+00  -4.0 2.71e-02    -  1.00e+00 1.00e+00h  1
 911  5.2624123e+00 1.90e-05 9.69e-01  -4.1 2.69e-02    -  1.00e+00 1.00e+00h  1
 912  5.2624066e+00 1.89e-05 3.22e+00  -4.1 3.30e-02    -  1.00e+00 1.00e+00h  1
 913  5.2620164e+00 1.45e-05 2.55e-01  -4.1 2.94e-02    -  1.00e+00 1.00e+00h  1
 914  5.2622913e+00 9.73e-07 4.81e-01  -4.1 6.32e-03    -  1.00e+00 1.00e+00h  1
 915  5.2663184e+00 1.84e-05 1.49e+00  -4.0 2.45e-02    -  1.00e+00 1.00e+00h  1
 916  5.2625262e+00 3.15e-05 4.91e+00  -4.1 3.14e-02    -  1.00e+00 1.00e+00h  1
 917  5.2617758e+00 6.29e-06 9.60e-01  -4.1 2.96e-02    -  1.00e+00 1.00e+00h  1
 918  5.2664456e+00 1.98e-05 1.60e+00  -4.0 2.53e-02    -  1.00e+00 1.00e+00h  1
 919  5.2623580e+00 3.38e-05 2.67e+00  -4.1 3.05e-02    -  1.00e+00 1.00e+00h  1
iter    objective    inf_pr   inf_du lg(mu)  ||d||  lg(rg) alpha_du alpha_pr  ls
 920  5.2619618e+00 9.10e-06 1.58e+00  -4.1 2.17e-02    -  1.00e+00 1.00e+00h  1
 921  5.2666957e+00 2.21e-05 2.06e+00  -4.0 2.74e-02    -  1.00e+00 1.00e+00h  1
 922  5.2623312e+00 7.20e-05 8.21e+00  -4.1 6.00e-02    -  1.00e+00 1.00e+00h  1
 923  5.2602803e+00 3.65e-05 1.49e+00  -4.1 5.39e-02    -  1.00e+00 1.00e+00h  1
 924  5.2664209e+00 3.89e-06 1.33e+00  -4.0 2.91e-02    -  1.00e+00 1.00e+00H  1
 925  5.2660154e+00 2.95e-06 7.67e+00  -4.1 5.07e-02    -  1.00e+00 1.00e+00H  1
 926  5.2596646e+00 6.32e-05 1.01e+00  -4.1 5.89e-02    -  1.00e+00 1.00e+00h  1
 927  5.2665654e+00 3.48e-06 1.51e+00  -4.0 2.94e-02    -  1.00e+00 1.00e+00H  1
 928  5.2624422e+00 3.17e-05 2.21e+00  -4.1 2.92e-02    -  1.00e+00 1.00e+00h  1
 929  5.2617306e+00 4.65e-06 1.90e+00  -4.1 2.69e-02    -  1.00e+00 1.00e+00h  1
iter    objective    inf_pr   inf_du lg(mu)  ||d||  lg(rg) alpha_du alpha_pr  ls
 930  5.2667090e+00 2.70e-07 2.04e+00  -4.0 2.49e-02    -  1.00e+00 1.00e+00H  1
 931  5.2622340e+00 6.67e-05 8.26e+00  -4.1 6.24e-02    -  1.00e+00 1.00e+00h  1
 932  5.2593515e+00 6.08e-05 1.34e+00  -4.1 6.18e-02    -  1.00e+00 1.00e+00h  1
 933  5.2666638e+00 4.69e-06 1.65e+00  -4.0 2.99e-02    -  1.00e+00 1.00e+00H  1
 934  5.2625570e+00 6.02e-05 4.49e+00  -4.1 4.79e-02    -  1.00e+00 1.00e+00h  1
 935  5.2610372e+00 3.74e-05 1.23e+00  -4.1 4.52e-02    -  1.00e+00 1.00e+00h  1
 936  5.2668371e+00 1.06e-06 2.03e+00  -4.0 2.60e-02    -  1.00e+00 1.00e+00H  1
 937  5.2624641e+00 2.69e-05 2.33e+00  -4.1 2.62e-02    -  1.00e+00 1.00e+00h  1
 938  5.2622754e+00 8.41e-06 3.45e+00  -4.1 1.79e-02    -  1.00e+00 1.00e+00h  1
 939  5.2623044e+00 2.90e-06 1.16e+00  -4.1 9.96e-03    -  1.00e+00 1.00e+00h  1
iter    objective    inf_pr   inf_du lg(mu)  ||d||  lg(rg) alpha_du alpha_pr  ls
 940  5.2624750e+00 2.35e-06 1.70e+00  -4.1 1.46e-02    -  1.00e+00 1.00e+00h  1
 941  5.2624820e+00 1.58e-06 2.37e-01  -4.1 1.07e-02    -  1.00e+00 1.00e+00h  1
 942  5.2625524e+00 6.36e-08 1.41e-01  -4.1 8.12e-04    -  1.00e+00 1.00e+00h  1
 943  5.2666974e+00 1.83e-05 2.77e+00  -4.0 2.32e-02    -  1.00e+00 1.00e+00h  1
 944  5.2624941e+00 6.73e-05 4.16e+00  -4.1 3.72e-02    -  1.00e+00 1.00e+00h  1
 945  5.2621856e+00 8.17e-06 6.73e+00  -4.1 2.07e-02    -  1.00e+00 1.00e+00h  1
 946  5.2623451e+00 1.31e-05 1.21e+00  -4.1 1.72e-02    -  1.00e+00 1.00e+00h  1
 947  5.2623242e+00 7.56e-06 2.17e+00  -4.1 1.69e-02    -  1.00e+00 1.00e+00h  1
 948  5.2622974e+00 4.49e-06 6.83e-01  -4.1 1.33e-02    -  1.00e+00 1.00e+00h  1
 949  5.2624059e+00 1.42e-07 2.63e-01  -4.1 2.42e-03    -  1.00e+00 1.00e+00h  1
iter    objective    inf_pr   inf_du lg(mu)  ||d||  lg(rg) alpha_du alpha_pr  ls
 950  5.2661454e+00 4.36e-05 2.07e+00  -4.0 2.83e-02    -  1.00e+00 1.00e+00h  1
 951  5.2626570e+00 1.81e-04 6.61e+00  -4.1 5.87e-02    -  1.00e+00 1.00e+00h  1
 952  5.2619230e+00 7.78e-06 8.03e+00  -4.1 2.26e-02    -  1.00e+00 1.00e+00h  1
 953  5.2620845e+00 7.05e-06 2.51e+00  -4.1 1.60e-02    -  1.00e+00 1.00e+00h  1
 954  5.2622775e+00 4.57e-06 1.06e+00  -4.1 1.24e-02    -  1.00e+00 1.00e+00h  1
 955  5.2621828e+00 2.30e-06 2.96e-01  -4.1 7.00e-03    -  1.00e+00 1.00e+00h  1
 956  5.2667288e+00 5.25e-05 3.89e+00  -4.0 3.28e-02    -  1.00e+00 1.00e+00h  1
 957  5.2623884e+00 4.35e-04 1.22e+01  -4.1 9.48e-02    -  1.00e+00 1.00e+00h  1
 958  5.2574826e+00 1.50e-04 3.59e+00  -4.1 8.57e-02    -  1.00e+00 1.00e+00h  1
 959  5.2659298e+00 4.30e-05 4.33e+00  -4.0 7.02e-02    -  1.00e+00 1.00e+00H  1
iter    objective    inf_pr   inf_du lg(mu)  ||d||  lg(rg) alpha_du alpha_pr  ls
 960  5.2625823e+00 4.91e-06 3.39e+00  -4.1 6.06e-02    -  1.00e+00 1.00e+00H  1
 961  5.2609273e+00 6.86e-05 7.89e+00  -4.1 3.62e-02    -  7.11e-01 1.00e+00h  1
 962  5.2608135e+00 4.71e-05 2.92e+00  -4.1 5.29e-02    -  1.00e+00 1.00e+00h  1
 963  5.2614020e+00 1.66e-05 9.01e-01  -4.1 2.66e-02    -  1.00e+00 1.00e+00h  1
 964  5.2653113e+00 3.86e-05 4.17e+00  -4.0 2.78e-02    -  1.00e+00 1.00e+00h  1
 965  5.2622046e+00 6.63e-05 2.17e+00  -4.1 3.48e-02    -  1.00e+00 1.00e+00h  1
 966  5.2614217e+00 2.29e-05 3.22e+00  -4.1 3.14e-02    -  1.00e+00 1.00e+00h  1
 967  5.2655984e+00 6.89e-05 2.54e+00  -4.0 3.65e-02    -  1.00e+00 1.00e+00h  1
 968  5.2616172e+00 1.51e-04 5.58e+00  -4.1 7.44e-02    -  1.00e+00 1.00e+00h  1
 969  5.2598823e+00 9.85e-05 2.09e+00  -4.1 6.56e-02    -  1.00e+00 1.00e+00h  1
iter    objective    inf_pr   inf_du lg(mu)  ||d||  lg(rg) alpha_du alpha_pr  ls
 970  5.2615048e+00 3.55e-06 1.33e+00  -4.1 1.38e-02    -  1.00e+00 1.00e+00h  1
 971  5.2657125e+00 1.22e-06 3.15e+00  -4.0 2.46e-02    -  1.00e+00 1.00e+00H  1
 972  5.2628307e+00 2.41e-05 5.04e+00  -4.1 3.11e-02    -  1.00e+00 1.00e+00h  1
 973  5.2614134e+00 8.21e-06 1.56e+00  -4.1 2.32e-02    -  1.00e+00 1.00e+00h  1
 974  5.2662398e+00 2.11e-06 2.78e+00  -4.0 2.88e-02    -  1.00e+00 1.00e+00H  1
 975  5.2623912e+00 8.45e-05 4.57e+00  -4.1 3.92e-02    -  1.00e+00 1.00e+00h  1
 976  5.2613525e+00 1.80e-05 1.89e+00  -4.1 3.26e-02    -  1.00e+00 1.00e+00h  1
 977  5.2663581e+00 5.62e-07 2.29e+00  -4.0 3.17e-02    -  1.00e+00 1.00e+00H  1
 978  5.2621945e+00 8.61e-05 3.52e+00  -4.1 3.99e-02    -  1.00e+00 1.00e+00h  1
 979  5.2616122e+00 1.97e-05 2.32e+00  -4.1 2.84e-02    -  1.00e+00 1.00e+00h  1
iter    objective    inf_pr   inf_du lg(mu)  ||d||  lg(rg) alpha_du alpha_pr  ls
 980  5.2621262e+00 2.52e-06 1.13e+00  -4.1 6.88e-03    -  1.00e+00 1.00e+00h  1
 981  5.2665997e+00 7.78e-07 2.04e+00  -4.0 2.92e-02    -  1.00e+00 1.00e+00H  1
 982  5.2621960e+00 1.60e-04 5.82e+00  -4.1 5.65e-02    -  1.00e+00 1.00e+00h  1
 983  5.2609943e+00 2.86e-05 2.65e+00  -4.1 2.88e-02    -  1.00e+00 1.00e+00h  1
 984  5.2666107e+00 1.68e-06 5.33e+00  -4.0 4.04e-02    -  1.00e+00 1.00e+00H  1
 985  5.2622663e+00 1.19e-04 3.19e+00  -4.1 4.70e-02    -  1.00e+00 1.00e+00h  1
 986  5.2616181e+00 6.72e-05 8.00e+00  -4.1 4.60e-02    -  1.00e+00 1.00e+00h  1
 987  5.2603925e+00 6.08e-05 3.07e+00  -4.1 4.99e-02    -  1.00e+00 1.00e+00h  1
 988  5.2616777e+00 9.04e-06 1.39e+00  -4.1 2.03e-02    -  1.00e+00 1.00e+00h  1
 989  5.2619783e+00 3.16e-06 5.44e-01  -4.1 1.09e-02    -  1.00e+00 1.00e+00h  1
iter    objective    inf_pr   inf_du lg(mu)  ||d||  lg(rg) alpha_du alpha_pr  ls
 990  5.2661824e+00 5.34e-05 2.25e+00  -4.0 3.22e-02    -  1.00e+00 1.00e+00h  1
 991  5.2620951e+00 2.64e-04 8.13e+00  -4.1 7.26e-02    -  1.00e+00 1.00e+00h  1
 992  5.2610447e+00 2.79e-05 3.10e+00  -4.1 4.64e-02    -  1.00e+00 1.00e+00h  1
 993  5.2620018e+00 7.78e-06 1.34e+00  -4.1 1.46e-02    -  1.00e+00 1.00e+00h  1
 994  5.2620277e+00 4.70e-06 1.45e+00  -4.1 9.28e-03    -  1.00e+00 1.00e+00h  1
 995  5.2619368e+00 1.88e-06 6.99e-01  -4.1 4.12e-03    -  1.00e+00 1.00e+00h  1
 996  5.2664332e+00 6.04e-07 3.04e+00  -4.0 3.44e-02    -  1.00e+00 1.00e+00H  1
 997  5.2622142e+00 3.60e-04 9.17e+00  -4.1 8.26e-02    -  1.00e+00 1.00e+00h  1
 998  5.2598747e+00 6.54e-05 2.62e+00  -4.1 5.67e-02    -  1.00e+00 1.00e+00h  1
 999  5.2617875e+00 3.31e-05 2.90e+00  -4.1 2.58e-02    -  1.00e+00 1.00e+00h  1
iter    objective    inf_pr   inf_du lg(mu)  ||d||  lg(rg) alpha_du alpha_pr  ls
1000  5.2617021e+00 1.24e-05 1.02e+00  -4.1 1.70e-02    -  1.00e+00 1.00e+00h  1

Number of Iterations....: 1000

                                   (scaled)                 (unscaled)
Objective...............:   5.2617020597184929e+00    5.2617020597184929e+00
Dual infeasibility......:   1.0229862180804641e+00    1.0229862180804641e+00
Constraint violation....:   1.2431627888886965e-05    1.2431627888886965e-05
Variable bound violation:   0.0000000000000000e+00    0.0000000000000000e+00
Complementarity.........:   8.0022453536501365e-05    8.0022453536501365e-05
Overall NLP error.......:   1.0229862180804641e+00    1.0229862180804641e+00


Number of objective function evaluations             = 1773
Number of objective gradient evaluations             = 1001
Number of equality constraint evaluations            = 1773
Number of inequality constraint evaluations          = 1773
Number of equality constraint Jacobian evaluations   = 1001
Number of inequality constraint Jacobian evaluations = 1001
Number of Lagrangian Hessian evaluations             = 0
Total seconds in IPOPT                               = 2024.025

EXIT: Maximum Number of Iterations Exceeded.
