This is Ipopt version 3.14.19, running with linear solver MUMPS 5.8.2.

Number of nonzeros in equality constraint Jacobian...:    60367
Number of nonzeros in inequality constraint Jacobian.:        0
Number of nonzeros in Lagrangian Hessian.............:        0

Total number of variables............................:      837
                     variables with only lower bounds:        0
                variables with lower and upper bounds:      718
                     variables with only upper bounds:        0
Total number of equality constraints.................:      741
Total number of inequality constraints...............:        0
        inequality constraints with only lower bounds:        0
   inequality constraints with lower and upper bounds:        0
        inequality constraints with only upper bounds:        0

iter    objective    inf_pr   inf_du lg(mu)  ||d||  lg(rg) alpha_du alpha_pr  ls
   0  9.5834138e+01 2.24e-01 2.36e+00   0.0 0.00e+00    -  0.00e+00 0.00e+00   0
   1  9.1590977e+01 1.66e-01 1.13e+01  -0.6 5.89e-01    -  6.31e-01 2.60e-01f  1
   2  7.6606675e+01 1.05e-01 2.90e+01  -0.3 9.36e-01    -  9.54e-01 4.20e-01f  1
   3  5.5571926e+01 1.02e-01 1.04e+02  -0.1 6.72e-01    -  9.56e-01 5.72e-01f  1
   4  3.9104081e+01 1.23e-01 3.23e+02   0.2 6.45e-01    -  1.00e+00 1.00e+00f  1
   5  2.3938800e+01 3.04e-02 7.02e+01  -0.1 2.73e-01    -  1.00e+00 1.00e+00f  1
   6  9.8013661e+00 2.65e-02 9.16e+01  -0.5 2.70e-01    -  9.99e-01 1.00e+00f  1
   7  2.3724968e+00 1.95e-02 1.07e+02  -0.5 3.34e-01    -  9.97e-01 4.94e-01f  1
   8  7.5124605e-01 8.01e-03 6.09e+01  -0.8 3.39e-01    -  9.98e-01 5.96e-01f  1
   9  4.6817471e-01 7.61e-03 1.46e+01  -1.1 2.43e-01    -  1.00e+00 1.00e+00f  1
iter    objective    inf_pr   inf_du lg(mu)  ||d||  lg(rg) alpha_du alpha_pr  ls
  10  1.1072214e-01 2.41e-03 6.26e+00  -1.7 1.71e-01    -  1.00e+00 7.83e-01h  1
  11  3.0610921e-02 1.74e-03 2.63e+00  -2.4 8.47e-02    -  1.00e+00 1.00e+00h  1
  12  2.2917752e-02 3.01e-03 9.25e-01  -2.8 5.16e-02    -  1.00e+00 1.00e+00h  1
  13  1.6633525e-02 4.44e-04 2.25e-01  -3.8 3.08e-02    -  1.00e+00 1.00e+00h  1
  14  1.6423133e-02 2.43e-04 1.32e-01  -4.0 1.55e-02    -  1.00e+00 1.00e+00h  1
  15  1.6063469e-02 5.06e-04 1.42e-01  -4.0 1.53e-02    -  1.00e+00 1.00e+00h  1
  16  1.5683817e-02 2.06e-03 1.25e-01  -4.0 3.26e-02    -  1.00e+00 1.00e+00h  1
  17  1.5567412e-02 2.01e-03 2.12e-01  -4.0 1.33e-01    -  1.00e+00 2.50e-01h  3
  18  1.4969654e-02 1.39e-03 1.89e-01  -4.0 4.23e-02    -  1.00e+00 1.00e+00h  1
  19  1.4674802e-02 2.49e-03 1.58e-01  -4.0 4.47e-02    -  1.00e+00 1.00e+00h  1
iter    objective    inf_pr   inf_du lg(mu)  ||d||  lg(rg) alpha_du alpha_pr  ls
  20  1.4453732e-02 7.11e-04 7.03e-02  -4.0 3.61e-02    -  1.00e+00 1.00e+00h  1
  21  1.4641766e-02 5.38e-04 5.14e-02  -4.0 2.08e-02    -  1.00e+00 1.00e+00h  1
  22  1.4669570e-02 1.59e-04 6.54e-02  -4.0 1.52e-02    -  1.00e+00 1.00e+00h  1
  23  1.4587999e-02 3.48e-04 9.07e-02  -4.0 3.04e-02    -  1.00e+00 1.00e+00h  1
  24  1.4469757e-02 1.28e-03 2.22e-01  -4.0 1.07e-01    -  1.00e+00 5.00e-01h  2
  25  1.4339738e-02 6.01e-03 7.09e-01  -4.1 1.56e-01    -  1.00e+00 1.00e+00h  1
  26  1.4392154e-02 3.55e-03 3.19e-01  -4.0 7.32e-02    -  1.00e+00 1.00e+00h  1
  27  1.3891102e-02 1.17e-03 5.70e-02  -4.0 4.55e-02    -  1.00e+00 1.00e+00h  1
  28  1.3966953e-02 2.96e-04 4.96e-02  -4.0 1.47e-02    -  1.00e+00 1.00e+00h  1
  29  1.4025786e-02 7.86e-05 2.91e-02  -4.0 1.09e-02    -  1.00e+00 1.00e+00h  1
iter    objective    inf_pr   inf_du lg(mu)  ||d||  lg(rg) alpha_du alpha_pr  ls
  30  1.3987650e-02 1.69e-04 8.53e-02  -4.0 2.30e-02    -  1.00e+00 1.00e+00h  1
  31  1.3964912e-02 1.80e-04 6.88e-02  -4.0 1.37e-02    -  1.00e+00 1.00e+00h  1
  32  1.3950610e-02 1.36e-04 3.08e-02  -4.0 9.61e-03    -  1.00e+00 1.00e+00h  1
  33  1.3974821e-02 2.58e-05 3.89e-02  -4.0 6.93e-03    -  1.00e+00 1.00e+00h  1
  34  1.3980613e-02 2.74e-05 4.06e-02  -4.0 6.05e-03    -  1.00e+00 1.00e+00h  1
  35  1.3988557e-02 1.73e-04 1.16e-01  -4.0 1.65e-02    -  1.00e+00 1.00e+00h  1
  36  1.3822948e-02 3.88e-03 4.54e-01  -4.1 6.79e-02    -  1.00e+00 1.00e+00h  1
  37  1.3782379e-02 4.55e-04 3.37e-01  -4.0 3.11e-02    -  1.00e+00 1.00e+00h  1
  38  1.3765584e-02 2.73e-04 1.10e-01  -4.0 2.30e-02    -  1.00e+00 1.00e+00h  1
  39  1.3814322e-02 7.58e-05 5.56e-02  -4.0 1.16e-02    -  1.00e+00 1.00e+00h  1
iter    objective    inf_pr   inf_du lg(mu)  ||d||  lg(rg) alpha_du alpha_pr  ls
  40  1.3823144e-02 5.71e-05 5.29e-02  -4.0 1.07e-02    -  1.00e+00 1.00e+00h  1
  41  1.3847457e-02 2.66e-05 2.38e-02  -4.0 7.27e-03    -  1.00e+00 1.00e+00h  1
  42  1.3888366e-02 7.75e-06 2.01e-02  -4.0 3.00e-03    -  1.00e+00 1.00e+00h  1
  43  1.3899295e-02 1.07e-05 3.17e-02  -4.0 3.05e-03    -  1.00e+00 1.00e+00h  1
  44  1.3899103e-02 8.40e-06 3.04e-02  -4.0 2.79e-03    -  1.00e+00 1.00e+00h  1
  45  1.3897352e-02 6.61e-06 1.28e-02  -4.0 2.32e-03    -  1.00e+00 1.00e+00h  1
  46  1.3910438e-02 1.06e-06 7.05e-03  -4.0 1.32e-03    -  1.00e+00 1.00e+00h  1
  47  1.3910845e-02 2.23e-06 3.44e-02  -4.0 1.37e-03    -  1.00e+00 1.00e+00h  1
  48  1.3822251e-02 3.18e-05 1.50e-01  -4.1 5.27e-03    -  1.00e+00 1.00e+00h  1
  49  1.3822324e-02 1.00e-03 9.91e-01  -4.1 3.19e-02    -  1.00e+00 1.00e+00h  1
iter    objective    inf_pr   inf_du lg(mu)  ||d||  lg(rg) alpha_du alpha_pr  ls
  50  1.3786537e-02 1.89e-04 9.90e-01  -4.1 2.43e-02    -  1.00e+00 1.00e+00h  1
  51  1.3829541e-02 6.16e-05 1.88e-01  -4.0 2.43e-02    -  1.00e+00 1.00e+00h  1
  52  1.3741647e-02 1.78e-05 5.97e-02  -4.1 5.88e-03    -  1.00e+00 1.00e+00h  1
  53  1.3863702e-02 6.24e-06 6.92e-02  -4.0 3.16e-03    -  1.00e+00 1.00e+00H  1
  54  1.3859212e-02 2.79e-05 9.57e-02  -4.0 4.88e-03    -  1.00e+00 1.00e+00h  1
  55  1.3748965e-02 3.85e-04 3.21e-01  -4.1 1.68e-02    -  1.00e+00 1.00e+00h  1
  56  1.3711885e-02 3.44e-05 2.34e-01  -4.1 6.44e-03    -  1.00e+00 1.00e+00h  1
  57  1.3800718e-02 3.12e-05 5.46e-02  -4.0 5.51e-03    -  1.00e+00 1.00e+00h  1
  58  1.3738341e-02 8.21e-06 2.10e-02  -4.1 3.71e-03    -  1.00e+00 1.00e+00h  1
  59  1.3852396e-02 2.17e-06 7.59e-02  -4.0 2.45e-03    -  1.00e+00 1.00e+00H  1
iter    objective    inf_pr   inf_du lg(mu)  ||d||  lg(rg) alpha_du alpha_pr  ls
  60  1.3847691e-02 6.68e-05 1.36e-01  -4.0 7.09e-03    -  1.00e+00 1.00e+00h  1
  61  1.3742426e-02 3.75e-04 4.48e-01  -4.1 1.90e-02    -  1.00e+00 1.00e+00h  1
  62  1.3722361e-02 3.39e-05 3.39e-01  -4.1 2.08e-02    -  1.00e+00 1.00e+00h  1
  63  1.3798905e-02 1.29e-05 5.31e-02  -4.0 1.04e-02    -  1.00e+00 1.00e+00h  1
  64  1.3745740e-02 3.82e-06 2.41e-02  -4.1 2.42e-03    -  1.00e+00 1.00e+00h  1
  65  1.3767306e-02 4.22e-06 8.35e-02  -4.1 5.03e-03    -  1.00e+00 1.00e+00H  1
  66  1.3830594e-02 9.55e-06 1.07e-01  -4.0 3.17e-03    -  1.00e+00 1.00e+00h  1
  67  1.3740902e-02 1.04e-05 8.62e-02  -4.1 7.65e-03    -  1.00e+00 1.00e+00h  1
  68  1.3744688e-02 5.73e-06 1.40e-02  -4.1 5.74e-03    -  1.00e+00 1.00e+00h  1
  69  1.3835673e-02 4.24e-06 2.18e-02  -4.0 1.86e-03    -  1.00e+00 1.00e+00h  1
iter    objective    inf_pr   inf_du lg(mu)  ||d||  lg(rg) alpha_du alpha_pr  ls
  70  1.3839089e-02 1.83e-07 4.62e-02  -4.0 1.61e-03    -  1.00e+00 1.00e+00H  1
  71  1.3835147e-02 5.34e-05 1.96e-01  -4.0 7.79e-03    -  1.00e+00 1.00e+00h  1
  72  1.3730152e-02 1.13e-05 2.09e-01  -4.1 5.23e-03    -  1.00e+00 1.00e+00h  1
  73  1.3807600e-02 7.92e-06 5.01e-02  -4.0 4.86e-03    -  1.00e+00 1.00e+00h  1
  74  1.3725656e-02 4.01e-06 3.41e-02  -4.1 2.09e-03    -  1.00e+00 1.00e+00h  1
  75  1.3816324e-02 8.49e-06 4.53e-02  -4.0 3.31e-03    -  1.00e+00 1.00e+00h  1
  76  1.3727573e-02 4.68e-05 1.46e-01  -4.1 7.77e-03    -  1.00e+00 1.00e+00h  1
  77  1.3680398e-02 7.76e-04 7.73e-01  -4.1 3.33e-02    -  1.00e+00 1.00e+00h  1
  78  1.3749136e-02 1.47e-04 3.53e-01  -4.0 2.20e-02    -  1.00e+00 1.00e+00h  1
  79  1.3659549e-02 6.09e-05 8.54e-02  -4.1 2.47e-02    -  1.00e+00 1.00e+00h  1
iter    objective    inf_pr   inf_du lg(mu)  ||d||  lg(rg) alpha_du alpha_pr  ls
  80  1.3761538e-02 8.68e-06 7.06e-02  -4.0 7.62e-03    -  1.00e+00 1.00e+00h  1
  81  1.3690915e-02 1.05e-05 8.49e-02  -4.1 3.48e-03    -  1.00e+00 1.00e+00h  1
  82  1.3772817e-02 6.85e-06 6.52e-02  -4.0 2.49e-03    -  1.00e+00 1.00e+00h  1
  83  1.3698375e-02 2.44e-06 1.94e-02  -4.1 2.08e-03    -  1.00e+00 1.00e+00h  1
  84  1.3785966e-02 1.87e-06 1.28e-02  -4.0 1.60e-03    -  1.00e+00 1.00e+00h  1
  85  1.3789844e-02 8.69e-07 1.73e-02  -4.0 9.19e-04    -  1.00e+00 1.00e+00h  1
  86  1.3791828e-02 5.96e-07 1.01e-02  -4.0 7.18e-04    -  1.00e+00 1.00e+00h  1
  87  1.3793546e-02 1.39e-07 2.63e-03  -4.0 3.06e-04    -  1.00e+00 1.00e+00h  1
  88  1.3794329e-02 2.47e-08 3.12e-03  -4.0 1.75e-04    -  1.00e+00 1.00e+00h  1
  89  1.3793866e-02 7.43e-06 6.62e-02  -4.0 2.94e-03    -  1.00e+00 1.00e+00h  1
iter    objective    inf_pr   inf_du lg(mu)  ||d||  lg(rg) alpha_du alpha_pr  ls
  90  1.3694361e-02 1.06e-04 2.69e-01  -4.1 1.23e-02    -  1.00e+00 1.00e+00h  1
  91  1.3638380e-02 4.72e-05 3.62e-01  -4.1 9.45e-03    -  1.00e+00 1.00e+00h  1
  92  1.3729060e-02 2.72e-05 9.81e-02  -4.0 5.71e-03    -  1.00e+00 1.00e+00h  1
  93  1.3648596e-02 3.62e-05 7.56e-02  -4.1 7.67e-03    -  1.00e+00 1.00e+00h  1
  94  1.3723547e-02 1.16e-04 7.26e-02  -4.0 1.46e-02    -  1.00e+00 1.00e+00h  1
  95  1.3603990e-02 1.75e-04 1.30e-01  -4.1 2.02e-02    -  1.00e+00 1.00e+00h  1
  96  1.3677121e-02 7.37e-05 6.93e-02  -4.0 1.78e-02    -  1.00e+00 1.00e+00h  1
  97  1.3602524e-02 2.93e-05 2.00e-02  -4.1 1.50e-02    -  1.00e+00 1.00e+00h  1
  98  1.3697140e-02 2.42e-05 1.34e-02  -4.0 4.70e-03    -  1.00e+00 1.00e+00h  1
  99  1.3720605e-02 1.12e-05 4.55e-02  -4.0 4.53e-03    -  1.00e+00 1.00e+00h  1
iter    objective    inf_pr   inf_du lg(mu)  ||d||  lg(rg) alpha_du alpha_pr  ls
 100  1.3636992e-02 9.02e-06 1.98e-02  -4.1 3.57e-03    -  1.00e+00 1.00e+00h  1

Number of Iterations....: 100

                                   (scaled)                 (unscaled)
Objective...............:   1.3636991690336091e-02    1.3636991690336091e-02
Dual infeasibility......:   1.9774348019494934e-02    1.9774348019494934e-02
Constraint violation....:   9.0157932157719500e-06    9.0157932157719500e-06
Variable bound violation:   0.0000000000000000e+00    0.0000000000000000e+00
Complementarity.........:   8.0798752871979611e-05    8.0798752871979611e-05
Overall NLP error.......:   1.9774348019494934e-02    1.9774348019494934e-02


Number of objective function evaluations             = 112
Number of objective gradient evaluations             = 101
Number of equality constraint evaluations            = 112
Number of inequality constraint evaluations          = 0
Number of equality constraint Jacobian evaluations   = 101
Number of inequality constraint Jacobian evaluations = 0
Number of Lagrangian Hessian evaluations             = 0
Total seconds in IPOPT                               = 15.054

EXIT: Maximum Number of Iterations Exceeded.
