This is Ipopt version 3.14.19, running with linear solver MUMPS 5.8.2.

Number of nonzeros in equality constraint Jacobian...:   566581
Number of nonzeros in inequality constraint Jacobian.:     2432
Number of nonzeros in Lagrangian Hessian.............:        0

Total number of variables............................:     1851
                     variables with only lower bounds:        0
                variables with lower and upper bounds:      392
                     variables with only upper bounds:        0
Total number of equality constraints.................:     1782
Total number of inequality constraints...............:      265
        inequality constraints with only lower bounds:        0
   inequality constraints with lower and upper bounds:        0
        inequality constraints with only upper bounds:      265

iter    objective    inf_pr   inf_du lg(mu)  ||d||  lg(rg) alpha_du alpha_pr  ls
   0  3.7977134e-02 7.62e+00 1.00e+00   0.0 0.00e+00    -  0.00e+00 0.00e+00   0
   1  3.7895832e-02 7.55e+00 1.54e+02  -0.2 9.13e+00    -  7.28e-01 9.77e-03h  1
   2  5.8745098e-02 7.33e+00 9.96e+03   1.3 6.65e+01    -  2.50e-01 2.81e-02h  1
   3  1.2757218e-01 7.15e+00 1.38e+04   1.9 8.34e+01    -  8.07e-02 2.43e-02f  1
   4  1.7683723e-01 7.05e+00 1.68e+04  -4.0 5.79e+01    -  4.00e-02 1.39e-02h  1
   5  4.1109681e-01 6.78e+00 1.91e+04   1.6 8.97e+01    -  5.78e-02 3.76e-02h  1
   6  1.7222987e+00 6.23e+00 1.24e+04   2.5 9.89e+01    -  3.28e-02 7.45e-02f  1
   7  2.0077653e+00 5.68e+00 2.59e+04   2.3 6.42e+01    -  1.70e-01 8.23e-02f  1
   8  3.5427740e+00 5.91e+00 4.47e+04   2.8 1.08e+02    -  1.93e-01 1.11e-01f  1
   9  4.8630237e+00 5.60e+00 1.12e+05   2.8 5.55e+01    -  2.10e-01 1.69e-01f  1
iter    objective    inf_pr   inf_du lg(mu)  ||d||  lg(rg) alpha_du alpha_pr  ls
  10  5.1904753e+00 4.60e+00 6.61e+04   2.8 4.50e+01    -  3.88e-01 9.79e-02f  1
  11  8.6449000e+00 6.72e+00 1.79e+05   2.6 4.52e+01    -  4.97e-01 3.11e-01h  1
  12  1.4224708e+01 5.94e+00 6.69e+05   2.8 6.20e+01    -  3.71e-01 2.70e-01H  1
  13  1.6270662e+01 4.88e+00 1.04e+06   2.8 4.31e+01    -  3.90e-01 3.00e-01h  1
  14  1.8654476e+01 3.74e+00 9.84e+05   2.8 4.00e+01    -  5.20e-01 3.36e-01h  1
  15  2.0363227e+01 3.12e+00 1.62e+06   2.8 2.52e+01    -  7.66e-01 4.85e-01h  1
  16  2.2620084e+01 2.03e+00 1.68e+06   2.8 2.35e+01    -  8.12e-01 5.52e-01f  1
  17  2.5314550e+01 3.31e+00 1.67e+06   2.8 2.54e+01    -  8.76e-01 6.64e-01f  1
  18  2.5818415e+01 1.35e+00 1.35e+06   2.7 1.19e+01    -  6.05e-01 8.42e-01f  1
  19  2.4728536e+01 5.65e-01 7.18e+05   2.3 8.95e+00    -  1.00e+00 8.56e-01h  1
iter    objective    inf_pr   inf_du lg(mu)  ||d||  lg(rg) alpha_du alpha_pr  ls
  20  2.3817354e+01 3.80e-01 2.78e+05   2.3 5.81e+00    -  1.00e+00 1.00e+00f  1
  21  2.3078689e+01 1.07e-01 1.64e+05   1.8 3.25e+00    -  1.00e+00 1.00e+00h  1
  22  2.2899115e+01 3.26e-02 8.71e+04   1.2 1.84e+00    -  1.00e+00 1.00e+00h  1
  23  2.2933246e+01 8.87e-03 3.34e+04   1.0 6.51e-01    -  1.00e+00 1.00e+00f  1
  24  2.3128312e+01 1.30e-02 5.78e+04   1.3 9.51e-01    -  1.00e+00 1.00e+00f  1
  25  2.3051108e+01 5.48e-03 4.28e+04   1.2 6.23e-01    -  1.00e+00 1.00e+00f  1
  26  2.2965720e+01 1.28e-03 1.45e+04   0.5 3.19e-01    -  1.00e+00 1.00e+00h  1
  27  2.2988384e+01 9.76e-04 1.22e+04  -0.4 2.90e-01    -  1.00e+00 1.00e+00h  1
  28  2.3037126e+01 1.82e-03 9.97e+03   0.9 2.62e-01    -  1.00e+00 1.00e+00f  1
  29  2.3008817e+01 2.19e-03 1.47e+04   0.8 1.89e-01    -  1.00e+00 1.00e+00f  1
iter    objective    inf_pr   inf_du lg(mu)  ||d||  lg(rg) alpha_du alpha_pr  ls
  30  2.2962362e+01 1.45e-02 4.57e+04   0.8 5.26e-01    -  1.00e+00 1.00e+00f  1
  31  2.2906430e+01 1.71e-03 1.07e+05   0.0 8.37e-01    -  1.00e+00 1.00e+00H  1
  32  2.2968823e+01 5.58e-04 1.30e+04  -0.4 6.85e-01    -  1.00e+00 1.00e+00H  1
  33  2.2958303e+01 1.58e-04 2.15e+04  -1.0 4.56e-01    -  1.00e+00 1.00e+00H  1
  34  2.2968219e+01 7.95e-05 3.37e+03  -1.6 3.12e-01    -  1.00e+00 1.00e+00H  1
  35  2.2965695e+01 4.16e-05 3.38e+03  -3.1 4.19e-02    -  1.00e+00 1.00e+00h  1
  36  2.2966611e+01 1.06e-05 2.12e+03  -4.0 2.55e-02    -  1.00e+00 1.00e+00h  1
  37  2.2966173e+01 1.05e-05 1.95e+03  -4.0 1.42e-02    -  1.00e+00 1.00e+00h  1
  38  2.2964869e+01 3.81e-05 4.13e+03  -4.0 1.36e-02    -  1.00e+00 1.00e+00h  1
  39  2.2944215e+01 1.28e-02 7.60e+04  -2.7 5.45e+00    -  1.00e+00 4.55e-02f  1
iter    objective    inf_pr   inf_du lg(mu)  ||d||  lg(rg) alpha_du alpha_pr  ls
  40  2.2929748e+01 1.87e-02 1.23e+05  -2.8 1.25e+01    -  5.42e-02 1.25e-02h  1
  41  2.2927270e+01 2.05e-02 1.31e+05  -2.8 2.61e+01    -  3.98e-02 1.11e-02h  2
  42  2.2928206e+01 7.97e-04 7.76e+04  -2.8 2.28e-01    -  1.16e-01 1.00e+00h  1
  43  2.2927875e+01 7.37e-04 7.11e+04  -3.8 8.39e-02    -  1.00e+00 8.43e-02h  1
  44  2.2927799e+01 7.36e-04 6.93e+04  -4.0 4.09e-01    -  1.00e+00 3.25e-02h  3
  45r 2.2927799e+01 7.36e-04 1.00e+03  -2.8 0.00e+00    -  0.00e+00 2.85e-07R 16
  46r 2.2927770e+01 1.89e-04 2.10e+02  -1.8 3.24e-01    -  1.00e+00 2.25e-03f  1
  47  2.2850098e+01 2.84e-04 2.73e+02  -4.0 2.39e+01    -  1.50e-01 7.60e-03f  1
  48  2.0369695e+01 3.59e-01 2.04e+03  -1.6 1.58e+01    -  7.82e-01 4.44e-01f  1
  49  1.8227565e+01 5.31e-01 2.75e+03  -1.3 1.11e+01    -  1.00e+00 5.14e-01f  1
iter    objective    inf_pr   inf_du lg(mu)  ||d||  lg(rg) alpha_du alpha_pr  ls
  50  1.6921443e+01 3.96e-01 1.84e+03  -1.5 4.97e+00    -  1.00e+00 1.00e+00h  1
  51  1.6601157e+01 1.39e+00 8.72e+02  -1.2 5.53e+00    -  1.00e+00 1.00e+00h  1
  52  1.6015750e+01 2.00e-01 3.28e+02  -1.6 3.42e+00    -  1.00e+00 1.00e+00h  1
  53  1.5737171e+01 9.47e-02 8.81e+01  -1.9 2.22e+00    -  1.00e+00 1.00e+00h  1
  54  1.6783808e+01 5.79e-02 1.87e+02  -1.6 2.57e+00    -  7.76e-01 9.27e-01H  1
  55  1.5887111e+01 2.94e-01 2.83e+02  -2.1 3.43e+00    -  1.00e+00 1.00e+00h  1
  56  1.4596156e+01 6.64e-01 4.66e+02  -2.2 1.34e+01    -  5.94e-01 3.78e-01h  1
  57  1.5503245e+01 2.90e-01 2.96e+02  -1.3 4.95e+00    -  9.73e-01 7.55e-01f  1
  58  1.5004442e+01 3.15e-01 1.95e+02  -1.8 3.98e+00    -  1.00e+00 1.00e+00h  1
  59  1.4754831e+01 1.03e-01 1.38e+02  -1.8 2.18e+00    -  1.00e+00 6.33e-01h  1
iter    objective    inf_pr   inf_du lg(mu)  ||d||  lg(rg) alpha_du alpha_pr  ls
  60  1.4966665e+01 6.85e-02 1.19e+02  -1.9 2.03e+00    -  1.00e+00 1.00e+00h  1
  61  1.4875854e+01 3.67e-02 9.84e+01  -2.2 1.59e+00    -  1.00e+00 8.88e-01h  1
  62  1.4921536e+01 4.01e-02 1.12e+02  -2.0 1.28e+00    -  1.00e+00 5.00e-01h  2
  63  1.4718167e+01 5.54e-02 1.96e+02  -2.3 1.90e+00    -  1.00e+00 7.09e-01h  1
  64  1.4497736e+01 5.60e-02 3.41e+02  -1.8 3.59e+00    -  1.00e+00 3.76e-01h  1
  65  1.3784878e+01 3.31e-01 5.08e+02  -2.0 6.77e+00    -  1.00e+00 5.96e-01h  1
  66  1.2724416e+01 4.56e-01 7.65e+02  -2.2 6.31e+00    -  1.00e+00 9.28e-01h  1
  67  1.2630516e+01 2.04e-01 5.37e+02  -1.8 2.38e+00    -  1.00e+00 5.42e-01h  1
  68  1.2968907e+01 7.90e-02 1.49e+02  -1.9 2.26e+00    -  8.31e-01 8.18e-01h  1
  69  1.2908262e+01 4.79e-02 1.35e+02  -2.3 1.72e+00    -  1.00e+00 9.81e-01h  1
iter    objective    inf_pr   inf_du lg(mu)  ||d||  lg(rg) alpha_du alpha_pr  ls
  70  1.2636604e+01 4.38e-02 2.02e+02  -2.5 3.08e+00    -  1.00e+00 4.84e-01h  1
  71  1.2165799e+01 9.64e-02 1.73e+02  -2.2 2.84e+00    -  1.00e+00 6.42e-01h  1
  72  1.2312617e+01 9.00e-02 2.71e+02  -2.0 2.77e+00    -  1.00e+00 1.00e+00h  1
  73  1.2127155e+01 4.22e-02 1.17e+02  -2.6 1.43e+00    -  1.00e+00 8.55e-01h  1
  74  1.1988631e+01 3.07e-02 1.16e+02  -2.3 1.79e+00    -  1.00e+00 5.57e-01h  1
  75  1.1702651e+01 1.24e-01 2.91e+02  -2.0 4.02e+00    -  1.00e+00 5.87e-01h  1
  76  1.1454446e+01 2.91e-01 4.73e+02  -1.8 3.93e+00    -  1.00e+00 9.73e-01h  1
  77  1.3028368e+01 1.04e+00 2.51e+02  -1.3 6.26e+00    -  8.75e-01 1.00e+00f  1
  78  1.2197213e+01 2.01e-01 1.24e+02  -1.4 3.50e+00    -  1.00e+00 1.00e+00h  1
  79  1.2089070e+01 1.55e-01 9.25e+01  -1.4 3.07e+00    -  1.00e+00 1.00e+00h  1
iter    objective    inf_pr   inf_du lg(mu)  ||d||  lg(rg) alpha_du alpha_pr  ls
  80  1.2154670e+01 5.45e-02 7.03e+01  -1.4 1.94e+00    -  1.00e+00 1.00e+00h  1
  81  1.2150064e+01 2.92e-02 1.28e+02  -1.4 1.96e+00    -  1.00e+00 6.46e-01h  1
  82  1.1692555e+01 1.62e-01 1.50e+02  -2.0 2.70e+00    -  1.00e+00 1.00e+00h  1
  83  1.0725602e+01 2.58e-01 2.43e+02  -2.4 6.57e+00    -  1.00e+00 6.42e-01h  1
  84  1.0070763e+01 2.67e-01 2.83e+02  -2.0 6.91e+00    -  1.00e+00 5.17e-01h  1
  85  9.6346010e+00 1.82e-01 2.72e+02  -2.0 3.18e+00    -  1.00e+00 1.00e+00h  1
  86  9.4654590e+00 3.13e-02 6.28e+01  -2.4 1.81e+00    -  1.00e+00 9.40e-01h  1
  87  9.4157470e+00 2.06e-02 6.21e+01  -2.8 1.64e+00    -  1.00e+00 3.67e-01h  1
  88  9.8183273e+00 2.78e-02 9.04e+01  -2.2 2.28e+00    -  6.91e-01 6.90e-01H  1
  89  9.6048166e+00 4.18e-02 1.03e+02  -2.6 2.04e+00    -  1.00e+00 8.86e-01h  1
iter    objective    inf_pr   inf_du lg(mu)  ||d||  lg(rg) alpha_du alpha_pr  ls
  90  9.4374351e+00 3.24e-02 1.24e+02  -2.7 1.91e+00    -  7.81e-01 7.92e-01h  1
  91  9.6454030e+00 2.86e-02 5.56e+01  -2.4 1.16e+00    -  1.00e+00 1.00e+00f  1
  92  9.6022012e+00 1.61e-02 5.57e+01  -2.9 1.15e+00    -  1.00e+00 5.18e-01h  1
  93  9.5523884e+00 1.41e-02 4.06e+01  -3.3 1.10e+00    -  1.00e+00 6.56e-01h  1
  94  9.5454384e+00 1.10e-02 8.74e+01  -3.3 1.24e+00    -  1.00e+00 5.77e-01h  1
  95  9.5307650e+00 1.02e-02 1.23e+02  -3.0 1.12e+00    -  1.00e+00 5.50e-01h  1
  96  9.6537676e+00 2.53e-02 1.39e+02  -2.3 1.40e+00    -  4.39e-01 6.00e-01f  1
  97  9.5669691e+00 3.08e-03 7.60e+01  -2.7 4.66e-01    -  1.00e+00 9.40e-01h  1
  98  9.7140299e+00 8.64e-03 8.91e+01  -2.3 6.43e-01    -  1.00e+00 1.00e+00f  1
  99  9.7433365e+00 3.89e-03 7.50e+01  -2.4 4.57e-01    -  1.00e+00 1.00e+00h  1
iter    objective    inf_pr   inf_du lg(mu)  ||d||  lg(rg) alpha_du alpha_pr  ls
 100  9.6930594e+00 1.02e-02 8.13e+01  -2.4 6.10e-01    -  1.00e+00 9.57e-01h  1
 101  9.6954165e+00 2.60e-03 4.52e+01  -2.4 3.76e-01    -  1.00e+00 1.00e+00h  1
 102  9.6534120e+00 2.62e-03 3.90e+01  -3.1 4.80e-01    -  1.00e+00 7.19e-01h  1
 103  9.5437699e+00 5.22e-03 6.66e+01  -3.7 8.85e-01    -  1.00e+00 5.45e-01h  1
 104  9.5297851e+00 3.99e-03 8.25e+01  -3.1 5.66e-01    -  1.00e+00 6.26e-01h  1
 105  9.4859750e+00 4.31e-03 9.20e+01  -3.7 8.66e-01    -  1.00e+00 5.75e-01h  1
 106  9.4551912e+00 4.32e-03 2.01e+02  -3.8 1.37e+00    -  1.00e+00 3.44e-01h  1
 107  9.4499027e+00 2.43e-03 9.57e+01  -3.5 4.67e-01    -  1.00e+00 5.63e-01h  1
 108  9.5430105e+00 3.71e-03 4.65e+01  -2.9 5.52e-01    -  1.00e+00 1.00e+00f  1
 109  9.5511395e+00 2.20e-03 8.63e+01  -3.0 3.65e-01    -  1.00e+00 1.00e+00h  1
iter    objective    inf_pr   inf_du lg(mu)  ||d||  lg(rg) alpha_du alpha_pr  ls
 110  9.4819905e+00 1.87e-03 4.83e+01  -3.5 3.74e-01    -  1.00e+00 1.00e+00h  1
 111  9.4932036e+00 1.35e-03 8.40e+01  -3.5 2.82e-01    -  1.00e+00 9.80e-01h  1
 112  9.5284885e+00 5.77e-04 3.54e+01  -3.2 1.85e-01    -  1.00e+00 1.00e+00f  1
 113  9.5003193e+00 8.09e-04 4.74e+01  -4.0 2.65e-01    -  1.00e+00 1.00e+00h  1
 114  9.4934558e+00 4.09e-04 6.61e+01  -4.0 2.12e-01    -  1.00e+00 6.93e-01h  1
 115  9.4971709e+00 2.64e-04 3.76e+01  -3.7 1.44e-01    -  1.00e+00 9.22e-01h  1
 116  9.4941678e+00 1.61e-04 2.85e+01  -3.9 9.41e-02    -  1.00e+00 1.00e+00h  1
 117  9.4972117e+00 5.04e-05 2.96e+01  -4.0 7.89e-02    -  1.00e+00 1.00e+00H  1
 118  9.4931283e+00 5.37e-04 4.74e+01  -4.0 1.42e-01    -  1.00e+00 1.00e+00h  1
 119  9.4994477e+00 8.19e-03 2.35e+02  -2.9 1.44e+00    -  5.00e-01 4.75e-01f  1
iter    objective    inf_pr   inf_du lg(mu)  ||d||  lg(rg) alpha_du alpha_pr  ls
 120  9.4780610e+00 3.07e-03 2.42e+02  -3.3 4.03e-01    -  1.00e+00 7.83e-01h  1
 121  9.4488395e+00 1.99e-03 8.77e+01  -3.3 2.65e-01    -  8.78e-01 1.00e+00h  1
 122  9.4916478e+00 1.09e-03 3.64e+01  -2.9 2.42e-01    -  1.00e+00 1.00e+00h  1
 123  9.5480416e+00 9.75e-04 4.30e+01  -2.7 2.32e-01    -  1.00e+00 1.00e+00h  1
 124  9.5530304e+00 3.96e-04 3.03e+01  -2.8 1.38e-01    -  1.00e+00 1.00e+00h  1
 125  9.5699823e+00 7.67e-05 1.56e+01  -2.8 1.02e-01    -  1.00e+00 1.00e+00H  1
 126  9.5875511e+00 5.69e-05 3.33e+01  -2.8 8.64e-02    -  1.00e+00 1.00e+00H  1
 127  9.5754494e+00 1.05e-04 1.42e+01  -2.8 7.45e-02    -  1.00e+00 1.00e+00h  1
 128  9.5791990e+00 1.74e-05 4.86e+00  -2.8 3.52e-02    -  1.00e+00 1.00e+00h  1
 129  9.5162599e+00 6.61e-04 3.43e+01  -3.6 1.49e-01    -  1.00e+00 1.00e+00f  1
iter    objective    inf_pr   inf_du lg(mu)  ||d||  lg(rg) alpha_du alpha_pr  ls
 130  9.4722784e+00 1.97e-03 1.40e+02  -3.7 6.82e-01    -  1.00e+00 5.48e-01h  1
 131  9.4654995e+00 1.86e-03 1.70e+02  -3.7 6.01e-01    -  1.00e+00 2.59e-01h  1
 132  9.4640047e+00 2.83e-04 6.62e+01  -3.7 1.50e-01    -  4.33e-01 1.00e+00h  1
 133  9.4546376e+00 1.13e-04 3.13e+01  -4.0 7.64e-02    -  1.00e+00 9.56e-01h  1
 134  9.4730877e+00 6.50e-05 1.09e+01  -3.5 7.95e-02    -  1.00e+00 1.00e+00h  1
 135  9.4621634e+00 7.00e-05 1.20e+01  -3.9 7.44e-02    -  1.00e+00 9.54e-01h  1
 136  9.4590634e+00 5.08e-05 2.04e+01  -4.0 5.40e-02    -  1.00e+00 1.00e+00h  1
 137  9.4597380e+00 2.40e-05 1.15e+01  -4.0 3.51e-02    -  1.00e+00 1.00e+00h  1
 138  9.4602997e+00 6.97e-06 2.68e+00  -4.0 1.87e-02    -  1.00e+00 1.00e+00h  1
 139  9.4604577e+00 6.20e-09 1.77e+00  -4.0 7.88e-03    -  1.00e+00 1.00e+00H  1
iter    objective    inf_pr   inf_du lg(mu)  ||d||  lg(rg) alpha_du alpha_pr  ls
 140  9.4597526e+00 9.68e-05 1.57e+01  -4.0 6.51e-02    -  1.00e+00 1.00e+00h  1
 141  9.4574815e+00 4.34e-05 2.08e+01  -4.1 3.75e-02    -  1.00e+00 1.00e+00h  1
 142  9.4591880e+00 3.77e-06 5.90e+00  -4.0 1.35e-02    -  1.00e+00 1.00e+00h  1
 143  9.4597426e+00 1.43e-07 4.85e+00  -4.0 1.66e-02    -  1.00e+00 1.00e+00H  1
 144  9.4595838e+00 2.54e-05 7.76e+00  -4.0 2.84e-02    -  1.00e+00 1.00e+00h  1
 145  9.4579595e+00 1.72e-04 2.42e+01  -4.1 7.47e-02    -  1.00e+00 1.00e+00h  1
 146  9.4569512e+00 1.24e-03 8.67e+01  -4.1 2.45e-01    -  1.00e+00 1.00e+00h  1
 147  9.4530847e+00 5.54e-04 4.75e+01  -4.1 1.28e-01    -  1.00e+00 1.00e+00h  1
 148  9.4513512e+00 3.09e-04 2.62e+01  -4.0 1.04e-01    -  1.00e+00 1.00e+00h  1
 149  9.4524500e+00 3.73e-04 2.15e+01  -4.0 1.37e-01    -  1.00e+00 8.19e-01h  1
iter    objective    inf_pr   inf_du lg(mu)  ||d||  lg(rg) alpha_du alpha_pr  ls
 150  9.4584333e+00 2.10e-04 8.70e+00  -3.6 8.35e-02    -  1.00e+00 1.00e+00h  1
 151  9.4620629e+00 1.24e-05 6.71e+00  -3.7 2.60e-02    -  1.00e+00 1.00e+00h  1
 152  9.4662189e+00 8.31e-06 7.24e+00  -3.7 2.30e-02    -  1.00e+00 1.00e+00h  1
 153  9.4652918e+00 4.05e-06 5.32e+00  -3.7 1.77e-02    -  1.00e+00 1.00e+00h  1
 154  9.4649226e+00 1.90e-06 1.45e+00  -3.7 1.07e-02    -  1.00e+00 1.00e+00h  1
 155  9.4650414e+00 1.33e-06 1.34e+00  -3.7 3.98e-03    -  1.00e+00 1.00e+00h  1
 156  9.4650900e+00 9.33e-07 8.30e-01  -3.7 2.23e-03    -  1.00e+00 1.00e+00h  1
 157  9.4650748e+00 1.69e-09 1.33e+00  -3.7 4.77e-03    -  1.00e+00 1.00e+00H  1
 158  9.4653778e+00 9.27e-10 9.93e+00  -3.7 2.33e-02    -  1.00e+00 1.00e+00H  1
 159  9.4649894e+00 4.57e-06 4.70e+00  -3.7 1.45e-02    -  1.00e+00 1.00e+00h  1
iter    objective    inf_pr   inf_du lg(mu)  ||d||  lg(rg) alpha_du alpha_pr  ls
 160  9.4649200e+00 1.65e-06 2.33e+00  -3.7 8.29e-03    -  1.00e+00 1.00e+00h  1
 161  9.4650792e+00 8.61e-07 9.11e-01  -3.7 4.77e-03    -  1.00e+00 1.00e+00h  1
 162  9.4651823e+00 5.85e-07 1.21e+00  -3.7 3.32e-03    -  1.00e+00 1.00e+00h  1
 163  9.4651861e+00 1.09e-06 2.59e+00  -3.7 3.88e-03    -  1.00e+00 1.00e+00h  1
 164  9.4651532e+00 8.50e-07 1.54e+00  -3.7 5.19e-03    -  1.00e+00 1.00e+00h  1
 165  9.4652116e+00 2.27e-07 4.83e-01  -3.7 3.52e-03    -  1.00e+00 1.00e+00h  1
 166  9.4651871e+00 3.68e-07 3.53e-01  -3.7 1.40e-03    -  1.00e+00 1.00e+00h  1
 167  9.4652039e+00 8.67e-09 2.74e+00  -3.7 9.15e-03    -  1.00e+00 1.00e+00H  1
 168  9.4653683e+00 1.84e-09 1.26e+01  -3.7 4.20e-02    -  1.00e+00 1.00e+00H  1
 169  9.4650614e+00 3.62e-06 1.23e+01  -3.7 1.18e-02    -  1.00e+00 1.00e+00h  1
iter    objective    inf_pr   inf_du lg(mu)  ||d||  lg(rg) alpha_du alpha_pr  ls
 170  9.4650813e+00 2.74e-06 9.18e+00  -3.7 9.56e-03    -  1.00e+00 2.50e-01h  3
 171  9.4651441e+00 1.46e-06 4.25e+00  -3.7 5.29e-03    -  1.00e+00 5.00e-01h  2
 172  9.4652020e+00 2.30e-07 6.94e-01  -3.7 3.57e-03    -  1.00e+00 1.00e+00h  1
 173  9.4652394e+00 3.38e-09 1.41e+00  -3.7 4.32e-03    -  1.00e+00 1.00e+00H  1
 174  9.4651726e+00 3.40e-07 8.79e-01  -3.7 3.32e-03    -  1.00e+00 1.00e+00h  1
 175  9.4652016e+00 2.74e-07 8.24e-01  -3.7 2.63e-03    -  1.00e+00 5.00e-01h  2
 176  9.4652204e+00 1.34e-09 8.49e-01  -3.7 3.06e-03    -  1.00e+00 1.00e+00H  1
 177  9.4652087e+00 1.44e-09 1.27e+00  -3.7 3.05e-03    -  1.00e+00 1.00e+00H  1
 178  9.4651979e+00 1.83e-07 9.37e-01  -3.7 2.38e-03    -  1.00e+00 1.00e+00h  1
 179  9.4651849e+00 5.92e-10 8.70e-01  -3.7 2.70e-03    -  1.00e+00 1.00e+00H  1
iter    objective    inf_pr   inf_du lg(mu)  ||d||  lg(rg) alpha_du alpha_pr  ls
 180  9.4652160e+00 3.16e-10 1.32e+00  -3.7 5.78e-03    -  1.00e+00 1.00e+00H  1
 181  9.4652798e+00 2.70e-11 4.00e+00  -3.7 1.13e-02    -  1.00e+00 1.00e+00H  1
 182  9.4652026e+00 3.39e-10 1.38e+00  -3.7 7.29e-03    -  1.00e+00 1.00e+00H  1
 183  9.4652205e+00 1.80e-10 6.98e-01  -3.7 3.40e-03    -  1.00e+00 1.00e+00H  1
 184  9.4652223e+00 1.43e-10 1.30e+00  -3.7 4.66e-03    -  1.00e+00 1.00e+00H  1
 185  9.4652419e+00 1.48e-10 3.26e+00  -3.7 1.09e-02    -  1.00e+00 1.00e+00H  1
 186  9.4652419e+00 1.41e-10 3.26e+00  -3.7 3.42e-03    -  1.00e+00 1.22e-04h 14
 187  9.4652077e+00 7.41e-11 1.52e+00  -3.7 5.42e-03    -  1.00e+00 1.00e+00H  1
 188  9.4652456e+00 4.93e-11 4.58e-01  -3.7 1.95e-03    -  1.00e+00 1.00e+00H  1
 189  9.4652305e+00 6.51e-11 1.95e-01  -3.7 1.13e-03    -  1.00e+00 1.00e+00H  1
iter    objective    inf_pr   inf_du lg(mu)  ||d||  lg(rg) alpha_du alpha_pr  ls
 190  9.4652305e+00 7.98e-11 3.11e-01  -3.7 5.64e-04    -  1.00e+00 6.10e-05h 15
 191  9.4652369e+00 7.03e-11 2.28e-01  -3.7 1.50e-03    -  1.00e+00 1.00e+00H  1
 192  9.4652471e+00 1.29e-11 1.19e+00  -3.7 3.18e-03    -  1.00e+00 1.00e+00H  1
 193  9.4652419e+00 1.16e-11 6.59e-01  -3.7 1.92e-03    -  1.00e+00 1.00e+00H  1
 194  9.4652419e+00 5.16e-11 6.59e-01  -3.7 7.91e-04    -  1.00e+00 2.44e-04h 13
 195  9.4652419e+00 7.33e-11 6.59e-01  -3.7 4.54e-04    -  1.00e+00 1.22e-04h 14
 196  9.4652456e+00 1.13e-11 2.17e-01  -3.7 1.25e-03    -  1.00e+00 1.00e+00H  1
 197  9.4652585e+00 6.55e-12 1.50e+00  -3.7 5.41e-03    -  1.00e+00 1.00e+00H  1
 198r 9.4652585e+00 6.55e-12 9.63e+02  -3.7 0.00e+00    -  0.00e+00 4.77e-07R 22
 199r 9.4662912e+00 4.86e-07 4.21e-02  -4.0 3.14e-03    -  1.00e+00 1.00e+00f  1
iter    objective    inf_pr   inf_du lg(mu)  ||d||  lg(rg) alpha_du alpha_pr  ls
 200r 9.4835060e+00 5.26e-05 1.23e+01  -4.0 5.13e-02    -  8.59e-01 1.00e+00h  1
 201r 9.5594058e+00 6.25e-04 4.72e+00  -4.1 2.11e-01    -  5.37e-01 1.00e+00h  1
 202r 9.6089776e+00 6.52e-04 6.44e-01  -4.0 1.47e-01    -  1.00e+00 1.00e+00h  1
 203r 9.6144702e+00 9.22e-05 1.03e-01  -4.1 6.67e-02    -  1.00e+00 1.00e+00h  1
 204r 9.6398695e+00 8.13e-05 1.25e-01  -4.0 6.40e-02    -  1.00e+00 1.00e+00h  1
 205r 9.6239604e+00 3.84e-05 5.27e-02  -4.1 4.48e-02    -  1.00e+00 1.00e+00h  1
 206r 9.6372408e+00 2.41e-05 4.18e-02  -4.0 3.44e-02    -  1.00e+00 1.00e+00h  1
 207r 9.6205343e+00 4.10e-05 4.36e-02  -4.1 3.93e-02    -  1.00e+00 1.00e+00h  1
 208r 9.6359564e+00 3.15e-05 4.28e-02  -4.0 4.33e-02    -  1.00e+00 1.00e+00h  1
 209r 9.6230637e+00 2.86e-05 4.07e-02  -4.1 3.97e-02    -  1.00e+00 1.00e+00h  1
iter    objective    inf_pr   inf_du lg(mu)  ||d||  lg(rg) alpha_du alpha_pr  ls
 210r 9.6386902e+00 2.98e-05 3.98e-02  -4.0 3.74e-02    -  1.00e+00 1.00e+00h  1
 211r 9.6240564e+00 3.49e-05 4.04e-02  -4.1 3.59e-02    -  1.00e+00 1.00e+00h  1
 212r 9.6376938e+00 2.72e-05 3.20e-02  -4.0 3.73e-02    -  1.00e+00 1.00e+00h  1
 213r 9.6187450e+00 4.19e-05 4.13e-02  -4.1 4.82e-02    -  1.00e+00 1.00e+00h  1
 214r 9.6358848e+00 3.44e-05 3.71e-02  -4.0 4.86e-02    -  1.00e+00 1.00e+00h  1
 215r 9.6221235e+00 3.05e-05 5.06e-02  -4.1 4.01e-02    -  1.00e+00 1.00e+00h  1
 216r 9.6395888e+00 3.71e-05 4.49e-02  -4.0 3.94e-02    -  1.00e+00 1.00e+00h  1
 217r 9.6234532e+00 4.15e-05 3.63e-02  -4.1 4.22e-02    -  1.00e+00 1.00e+00h  1
 218r 9.6206317e+00 2.34e-05 3.25e-02  -4.1 2.89e-02    -  1.00e+00 1.00e+00h  1
 219r 9.6376665e+00 3.44e-05 3.87e-02  -4.0 4.58e-02    -  1.00e+00 1.00e+00h  1
iter    objective    inf_pr   inf_du lg(mu)  ||d||  lg(rg) alpha_du alpha_pr  ls
 220r 9.6252217e+00 2.02e-05 1.52e-02  -4.1 3.26e-02    -  1.00e+00 1.00e+00h  1
 221r 9.6240980e+00 8.85e-06 9.75e-03  -4.1 1.38e-02    -  1.00e+00 1.00e+00h  1
 222r 9.6398577e+00 2.63e-05 3.40e-02  -4.0 3.80e-02    -  1.00e+00 1.00e+00h  1
 223r 9.6261337e+00 2.98e-05 1.61e-02  -4.1 3.13e-02    -  1.00e+00 1.00e+00h  1
 224r 9.6251617e+00 1.13e-05 2.00e-02  -4.1 1.31e-02    -  1.00e+00 1.00e+00h  1
 225r 9.6394415e+00 2.13e-05 2.88e-02  -4.0 3.61e-02    -  1.00e+00 1.00e+00h  1
 226r 9.6266553e+00 2.40e-05 1.25e-02  -4.1 3.13e-02    -  1.00e+00 1.00e+00h  1
 227r 9.6241359e+00 7.74e-06 1.73e-02  -4.1 2.10e-02    -  1.00e+00 1.00e+00h  1
 228r 9.6409194e+00 2.81e-05 3.04e-02  -4.0 4.15e-02    -  1.00e+00 1.00e+00h  1
 229r 9.6275661e+00 2.70e-05 1.40e-02  -4.1 3.13e-02    -  1.00e+00 1.00e+00h  1
iter    objective    inf_pr   inf_du lg(mu)  ||d||  lg(rg) alpha_du alpha_pr  ls
 230r 9.6247658e+00 1.32e-05 1.99e-02  -4.1 1.34e-02    -  1.00e+00 1.00e+00h  1
 231r 9.6239872e+00 5.96e-06 4.80e-03  -4.1 5.10e-03    -  1.00e+00 1.00e+00h  1
 232r 9.6431705e+00 3.97e-05 3.91e-02  -4.0 5.05e-02    -  1.00e+00 1.00e+00h  1
 233r 9.6290122e+00 2.95e-05 2.61e-02  -4.1 4.16e-02    -  1.00e+00 1.00e+00h  1
 234r 9.6225460e+00 2.01e-05 3.34e-02  -4.1 3.17e-02    -  1.00e+00 1.00e+00h  1
 235r 9.6237696e+00 2.52e-06 8.72e-03  -4.1 8.27e-03    -  1.00e+00 1.00e+00h  1
 236r 9.6443899e+00 5.02e-05 6.95e-02  -4.0 5.79e-02    -  1.00e+00 1.00e+00f  1
 237r 9.6292343e+00 4.47e-05 4.49e-02  -4.1 4.59e-02    -  1.00e+00 1.00e+00h  1
 238r 9.6224311e+00 2.09e-05 4.08e-02  -4.1 3.29e-02    -  1.00e+00 1.00e+00h  1
 239r 9.6235606e+00 7.87e-06 1.07e-02  -4.1 7.23e-03    -  1.00e+00 1.00e+00h  1
iter    objective    inf_pr   inf_du lg(mu)  ||d||  lg(rg) alpha_du alpha_pr  ls
 240r 9.6414871e+00 4.97e-05 5.74e-02  -4.0 5.43e-02    -  1.00e+00 1.00e+00h  1
 241r 9.6280643e+00 3.65e-05 2.14e-02  -4.1 4.80e-02    -  1.00e+00 1.00e+00h  1
 242r 9.6235345e+00 7.04e-06 3.13e-02  -4.1 1.67e-02    -  1.00e+00 1.00e+00h  1
 243r 9.6239210e+00 2.35e-06 9.00e-03  -4.1 8.91e-03    -  1.00e+00 1.00e+00h  1
 244r 9.6237651e+00 5.89e-07 1.57e-03  -4.1 8.68e-04    -  1.00e+00 1.00e+00h  1
 245r 9.6406240e+00 3.89e-05 5.27e-02  -4.0 3.89e-02    -  1.00e+00 1.00e+00f  1
 246r 9.6267422e+00 2.54e-05 1.71e-02  -4.1 3.77e-02    -  1.00e+00 1.00e+00h  1
 247r 9.6249271e+00 9.92e-06 2.56e-02  -4.1 1.77e-02    -  1.00e+00 1.00e+00h  1
 248r 9.6245810e+00 5.60e-06 2.90e-03  -4.1 5.26e-03    -  1.00e+00 1.00e+00h  1
 249r 9.5769696e+00 2.70e-04 6.65e-01  -6.1 1.25e-01    -  9.38e-01 9.98e-01f  1
iter    objective    inf_pr   inf_du lg(mu)  ||d||  lg(rg) alpha_du alpha_pr  ls
 250r 9.9932772e+00 2.27e-02 2.06e+00  -4.0 1.06e+00    -  1.00e+00 1.00e+00f  1
 251r 9.8464418e+00 5.19e-03 9.25e-01  -4.1 4.49e-01    -  1.00e+00 9.07e-01h  1
 252r 9.7219670e+00 2.04e-03 1.73e-01  -4.1 3.25e-01    -  1.00e+00 1.00e+00h  1
 253r 9.6462976e+00 1.30e-03 1.71e-01  -4.1 2.64e-01    -  1.00e+00 9.19e-01h  1
 254r 9.6433082e+00 1.47e-04 6.56e-02  -4.1 1.02e-01    -  1.00e+00 1.00e+00f  1
 255r 9.6302919e+00 5.13e-05 4.57e-02  -4.1 4.74e-02    -  1.00e+00 1.00e+00h  1
 256r 9.6265960e+00 1.63e-05 3.50e-02  -4.1 2.72e-02    -  1.00e+00 1.00e+00h  1
 257r 9.6248924e+00 2.90e-06 2.09e-02  -4.1 1.22e-02    -  1.00e+00 1.00e+00h  1
 258r 9.6240008e+00 3.53e-06 1.22e-02  -4.1 6.28e-03    -  1.00e+00 1.00e+00h  1
 259r 9.6240222e+00 1.32e-06 3.56e-03  -4.1 2.52e-03    -  1.00e+00 1.00e+00h  1
iter    objective    inf_pr   inf_du lg(mu)  ||d||  lg(rg) alpha_du alpha_pr  ls
 260r 9.5788068e+00 3.48e-04 2.22e+00  -6.1 1.23e-01    -  8.23e-01 9.96e-01f  1
 261r 9.5661460e+00 9.51e-05 2.53e-01  -6.1 1.03e-01    -  9.04e-01 1.00e+00h  1
 262r 9.6552807e+00 9.61e-04 3.73e+00  -4.0 3.76e+00    -  4.60e-01 6.60e-02f  1
 263r 9.6064035e+00 6.73e-04 4.15e+00  -4.9 2.05e-01    -  5.16e-01 1.00e+00h  1
 264r 9.5874512e+00 3.06e-04 2.29e+00  -4.9 1.99e-01    -  1.00e+00 7.22e-01h  1
 265r 9.5763358e+00 2.00e-04 2.84e-01  -4.9 9.63e-02    -  9.49e-01 1.00e+00f  1
 266r 9.8235555e+00 7.49e-03 1.03e+00  -4.0 6.69e-01    -  1.00e+00 1.00e+00f  1
 267r 9.7419096e+00 1.12e-03 1.95e+00  -4.1 2.61e-01    -  8.87e-01 1.00e+00h  1
 268r 9.6614116e+00 1.04e-03 2.18e-01  -4.1 2.11e-01    -  1.00e+00 1.00e+00h  1
 269r 9.6353153e+00 4.11e-04 1.18e-01  -4.1 1.26e-01    -  1.00e+00 1.00e+00h  1
iter    objective    inf_pr   inf_du lg(mu)  ||d||  lg(rg) alpha_du alpha_pr  ls
 270r 9.6345572e+00 4.42e-05 8.22e-02  -4.1 7.63e-02    -  1.00e+00 1.00e+00h  1
 271r 9.6297726e+00 2.93e-05 4.64e-02  -4.1 3.41e-02    -  1.00e+00 1.00e+00h  1
 272r 9.6250607e+00 1.03e-05 1.22e-02  -4.1 1.58e-02    -  1.00e+00 1.00e+00h  1
 273r 9.6250096e+00 2.16e-06 7.81e-03  -4.1 4.25e-03    -  1.00e+00 1.00e+00h  1
 274r 9.6244968e+00 2.65e-06 2.94e-03  -4.1 2.23e-03    -  1.00e+00 1.00e+00h  1
 275r 9.5537336e+00 6.22e-04 1.08e+00  -6.1 1.94e-01    -  9.02e-01 9.98e-01f  1
 276r 9.5494021e+00 7.89e-05 1.57e-01  -6.1 6.65e-02    -  9.76e-01 1.00e+00h  1
 277r 1.0107727e+01 6.88e-02 2.06e+01  -4.0 4.87e+00    -  1.00e+00 4.11e-01f  1
 278r 9.9250956e+00 1.49e-02 5.75e+00  -4.3 8.46e-01    -  7.84e-01 1.00e+00h  1
 279r 9.7816392e+00 7.60e-03 1.07e+00  -4.3 7.16e-01    -  7.84e-01 6.16e-01h  1
iter    objective    inf_pr   inf_du lg(mu)  ||d||  lg(rg) alpha_du alpha_pr  ls
 280r 9.6682846e+00 5.34e-03 4.83e+00  -4.3 5.56e-01    -  3.95e-01 9.66e-01f  1
 281r 9.5989253e+00 3.14e-03 2.74e-01  -4.3 3.70e-01    -  1.00e+00 9.81e-01h  1
 282r 9.6006970e+00 4.12e-04 5.68e-02  -4.3 1.42e-01    -  1.00e+00 1.00e+00h  1
 283r 9.6028549e+00 1.84e-04 6.53e-02  -4.3 7.32e-02    -  1.00e+00 1.00e+00h  1
 284r 9.6024230e+00 1.71e-05 2.75e-02  -4.3 2.71e-02    -  1.00e+00 1.00e+00h  1
 285r 9.6707353e+00 7.69e-04 4.55e-01  -4.0 2.04e-01    -  1.00e+00 1.00e+00f  1
 286r 9.6430714e+00 1.82e-04 1.59e-01  -4.1 1.05e-01    -  1.00e+00 1.00e+00h  1
 287r 9.6293556e+00 7.22e-05 3.92e-02  -4.1 5.21e-02    -  1.00e+00 1.00e+00h  1
 288r 9.6213118e+00 5.79e-05 7.26e-02  -4.1 4.80e-02    -  1.00e+00 1.00e+00h  1
 289r 9.6210576e+00 1.79e-05 2.47e-02  -4.1 3.13e-02    -  1.00e+00 1.00e+00h  1
iter    objective    inf_pr   inf_du lg(mu)  ||d||  lg(rg) alpha_du alpha_pr  ls
 290r 9.6230988e+00 1.73e-06 7.84e-03  -4.1 1.23e-02    -  1.00e+00 1.00e+00h  1
 291r 9.6237574e+00 9.95e-07 6.19e-03  -4.1 3.86e-03    -  1.00e+00 1.00e+00h  1
 292r 9.6239537e+00 9.58e-07 1.92e-03  -4.1 2.43e-03    -  1.00e+00 1.00e+00h  1
 293r 9.5505120e+00 1.09e-03 1.45e+00  -6.1 2.33e-01    -  8.71e-01 9.97e-01f  1
 294r 9.5441775e+00 1.44e-04 1.45e-01  -6.1 7.45e-02    -  8.48e-01 1.00e+00h  1
 295r 9.6171394e+00 7.31e-04 1.33e+01  -4.0 2.18e+00    -  1.00e+00 9.94e-02f  1
 296r 9.5894712e+00 3.48e-04 3.35e-02  -4.6 1.09e-01    -  1.00e+00 1.00e+00h  1
 297r 9.5873917e+00 2.04e-04 1.59e-02  -4.6 9.12e-02    -  1.00e+00 1.00e+00h  1
 298r 9.5811385e+00 3.08e-05 2.24e-02  -4.6 3.17e-02    -  1.00e+00 1.00e+00h  1
 299r 9.7198722e+00 2.85e-03 5.95e-01  -4.0 3.58e-01    -  1.00e+00 1.00e+00f  1
iter    objective    inf_pr   inf_du lg(mu)  ||d||  lg(rg) alpha_du alpha_pr  ls
 300r 9.6767420e+00 4.46e-04 3.31e-01  -4.1 1.70e-01    -  1.00e+00 1.00e+00h  1
 301r 9.6437165e+00 1.61e-04 6.23e-02  -4.1 9.28e-02    -  1.00e+00 1.00e+00h  1
 302r 9.6288658e+00 9.08e-05 5.48e-02  -4.1 6.44e-02    -  1.00e+00 1.00e+00h  1
 303r 9.6290767e+00 1.00e-05 2.45e-02  -4.1 2.51e-02    -  1.00e+00 1.00e+00h  1
 304r 9.6254604e+00 5.88e-06 2.68e-02  -4.1 1.33e-02    -  1.00e+00 1.00e+00h  1
 305r 9.6238478e+00 7.58e-06 1.02e-02  -4.1 6.55e-03    -  1.00e+00 1.00e+00h  1
 306r 9.6243310e+00 1.83e-06 2.97e-03  -4.1 3.12e-03    -  1.00e+00 1.00e+00h  1
 307r 9.5479265e+00 7.02e-04 6.12e-01  -6.1 2.06e-01    -  9.25e-01 1.00e+00f  1
 308r 9.5404522e+00 4.02e-05 3.35e-03  -6.1 3.77e-02    -  1.00e+00 1.00e+00h  1
 309r 1.0381699e+01 8.95e-02 5.97e+00  -4.0 3.37e+00    -  1.00e+00 6.15e-01f  1
iter    objective    inf_pr   inf_du lg(mu)  ||d||  lg(rg) alpha_du alpha_pr  ls
 310r 1.0106429e+01 1.76e-02 5.59e+00  -4.2 7.55e-01    -  6.57e-01 1.00e+00h  1
 311r 9.8971611e+00 1.05e-02 3.75e+00  -4.2 1.20e+00    -  4.45e-01 6.00e-01h  1
 312r 9.8064475e+00 5.14e-03 1.78e+00  -4.2 5.74e-01    -  6.27e-01 5.73e-01h  1
 313r 9.6469837e+00 4.08e-03 5.15e-01  -4.2 4.31e-01    -  1.00e+00 9.35e-01h  1
 314r 9.5810938e+00 1.50e-03 4.05e-01  -4.2 2.85e-01    -  1.00e+00 8.32e-01h  1
 315r 9.6028586e+00 5.74e-04 1.16e-01  -4.2 1.46e-01    -  1.00e+00 1.00e+00h  1
 316r 9.6059812e+00 8.75e-05 5.25e-01  -4.2 3.94e-02    -  1.00e+00 8.78e-01h  1
 317r 9.6127366e+00 3.19e-05 4.80e-02  -4.2 3.10e-02    -  1.00e+00 1.00e+00f  1
 318r 9.6137966e+00 1.01e-05 1.73e-02  -4.2 1.02e-02    -  1.00e+00 1.00e+00h  1
 319r 9.6712325e+00 3.48e-04 2.25e-01  -4.0 1.31e-01    -  1.00e+00 1.00e+00f  1
iter    objective    inf_pr   inf_du lg(mu)  ||d||  lg(rg) alpha_du alpha_pr  ls
 320r 9.6449591e+00 8.37e-05 7.03e-02  -4.1 6.67e-02    -  1.00e+00 1.00e+00h  1
 321r 9.6365823e+00 6.84e-05 7.43e-02  -4.1 5.75e-02    -  1.00e+00 1.00e+00h  1
 322r 9.6287091e+00 1.54e-05 5.21e-02  -4.1 2.47e-02    -  1.00e+00 1.00e+00h  1
 323r 9.6270299e+00 5.23e-06 1.82e-02  -4.1 1.45e-02    -  1.00e+00 1.00e+00h  1
 324r 9.6243267e+00 2.94e-06 6.24e-03  -4.1 7.36e-03    -  1.00e+00 1.00e+00h  1
 325r 9.6242678e+00 4.17e-06 4.66e-03  -4.1 3.59e-03    -  1.00e+00 1.00e+00h  1
 326r 9.6238343e+00 1.54e-06 2.17e-03  -4.1 2.01e-03    -  1.00e+00 1.00e+00h  1
 327r 9.5406417e+00 9.07e-04 5.53e-01  -6.1 2.16e-01    -  9.28e-01 1.00e+00f  1
 328r 9.5372949e+00 3.18e-05 5.29e-01  -6.1 5.65e-02    -  9.05e-01 1.00e+00h  1
 329r 1.0384324e+01 9.89e-02 3.06e+00  -4.0 2.62e+00    -  1.00e+00 8.58e-01f  1
iter    objective    inf_pr   inf_du lg(mu)  ||d||  lg(rg) alpha_du alpha_pr  ls
 330r 1.0194484e+01 3.66e-02 1.10e+00  -4.1 1.00e+00    -  7.83e-01 7.05e-01h  1
 331r 9.8245991e+00 2.98e-02 8.76e+00  -4.1 1.42e+00    -  3.57e-01 1.00e+00h  1
 332r 9.7839082e+00 1.97e-02 6.07e+00  -4.1 4.05e-01    -  1.00e+00 3.44e-01h  1
 333r 9.6539133e+00 8.83e-03 2.98e+00  -4.1 6.42e-01    -  9.62e-01 5.86e-01h  1
 334r 9.6413413e+00 5.41e-03 1.36e+01  -4.1 3.85e-01    -  1.00e+00 3.92e-01h  1
 335r 9.5948146e+00 1.65e-03 3.17e-01  -4.1 3.06e-01    -  1.00e+00 1.00e+00h  1
 336r 9.6135483e+00 3.23e-04 2.32e-01  -4.1 1.30e-01    -  1.00e+00 1.00e+00h  1
 337r 9.6206605e+00 1.26e-04 1.14e-01  -4.1 8.76e-02    -  1.00e+00 1.00e+00h  1
 338r 9.6207546e+00 3.49e-05 7.27e-02  -4.1 4.14e-02    -  1.00e+00 1.00e+00h  1
 339r 9.6210582e+00 9.05e-06 2.82e-02  -4.1 1.70e-02    -  1.00e+00 1.00e+00h  1
iter    objective    inf_pr   inf_du lg(mu)  ||d||  lg(rg) alpha_du alpha_pr  ls
 340r 9.6215190e+00 2.84e-06 7.74e-03  -4.1 5.59e-03    -  1.00e+00 1.00e+00h  1
 341r 9.6325655e+00 1.87e-05 6.25e-02  -4.0 3.52e-02    -  1.00e+00 1.00e+00f  1
 342r 9.6247808e+00 1.69e-05 2.25e-02  -4.1 2.54e-02    -  1.00e+00 1.00e+00h  1
 343r 9.6245741e+00 7.08e-06 1.35e-02  -4.1 1.33e-02    -  1.00e+00 1.00e+00h  1
 344r 9.6243483e+00 5.33e-06 5.46e-03  -4.1 3.23e-03    -  1.00e+00 1.00e+00h  1
 345r 9.6240872e+00 1.85e-07 1.72e-03  -4.1 8.94e-04    -  1.00e+00 1.00e+00h  1
 346r 9.6375336e+00 2.22e-05 4.81e-02  -4.0 3.32e-02    -  1.00e+00 1.00e+00f  1
 347r 9.6251113e+00 2.60e-05 2.59e-02  -4.1 3.07e-02    -  1.00e+00 1.00e+00h  1
 348r 9.6245122e+00 7.41e-06 3.20e-02  -4.1 1.71e-02    -  1.00e+00 1.00e+00h  1
 349r 9.6246922e+00 1.16e-06 4.82e-03  -4.1 7.19e-03    -  1.00e+00 1.00e+00h  1
iter    objective    inf_pr   inf_du lg(mu)  ||d||  lg(rg) alpha_du alpha_pr  ls
 350r 9.6240945e+00 5.91e-09 1.66e-03  -4.1 2.10e-03    -  1.00e+00 1.00e+00H  1
 351r 9.6383060e+00 2.55e-05 4.88e-02  -4.0 3.65e-02    -  1.00e+00 1.00e+00f  1
 352r 9.6247511e+00 2.87e-05 3.77e-02  -4.1 3.54e-02    -  1.00e+00 1.00e+00h  1
 353r 9.6247562e+00 9.03e-06 4.27e-02  -4.1 3.15e-02    -  1.00e+00 1.00e+00h  1
 354r 9.6245170e+00 2.55e-06 3.74e-03  -4.1 1.29e-02    -  1.00e+00 1.00e+00h  1
 355r 9.5795229e+00 2.54e-04 5.07e-01  -6.1 1.25e-01    -  9.51e-01 9.98e-01f  1
 356r 9.5624757e+00 4.93e-05 7.10e-03  -6.1 4.81e-02    -  1.00e+00 1.00e+00h  1
 357r 9.5238652e+00 2.42e-04 1.25e-03  -6.1 1.00e-01    -  1.00e+00 1.00e+00h  1
 358r 9.5626884e+00 3.70e-04 1.97e+01  -4.0 7.34e+00    -  1.00e+00 1.59e-02f  1
 359r 9.5505445e+00 1.69e-04 3.66e+00  -4.7 9.92e-02    -  8.46e-01 1.00e+00f  1
iter    objective    inf_pr   inf_du lg(mu)  ||d||  lg(rg) alpha_du alpha_pr  ls
 360r 9.5596998e+00 1.71e-04 1.82e+01  -4.7 2.04e-01    -  9.90e-01 2.22e-01h  2
 361r 9.5733790e+00 4.17e-05 8.17e-01  -4.7 3.94e-02    -  9.47e-01 1.00e+00h  1
 362r 9.5742532e+00 3.06e-05 1.69e-02  -4.7 3.67e-02    -  1.00e+00 1.00e+00h  1
 363r 9.7658581e+00 4.14e-03 2.77e-01  -4.0 4.51e-01    -  1.00e+00 1.00e+00f  1
 364r 9.7028481e+00 9.47e-04 1.35e-01  -4.1 1.76e-01    -  1.00e+00 1.00e+00h  1
 365r 9.6458761e+00 5.15e-04 9.40e-02  -4.1 1.46e-01    -  1.00e+00 1.00e+00h  1
 366r 9.6284851e+00 8.38e-05 7.34e-02  -4.1 8.53e-02    -  1.00e+00 1.00e+00h  1
 367r 9.6250420e+00 9.93e-06 2.81e-02  -4.1 2.04e-02    -  1.00e+00 1.00e+00h  1
 368r 9.6248779e+00 3.09e-06 9.33e-03  -4.1 5.68e-03    -  1.00e+00 1.00e+00h  1
 369r 9.6237896e+00 2.00e-06 4.72e-03  -4.1 5.19e-03    -  1.00e+00 1.00e+00h  1
iter    objective    inf_pr   inf_du lg(mu)  ||d||  lg(rg) alpha_du alpha_pr  ls
 370r 9.6241171e+00 1.12e-06 3.08e-03  -4.1 2.14e-03    -  1.00e+00 1.00e+00h  1
 371r 9.5421922e+00 8.94e-04 8.70e-01  -6.1 1.98e-01    -  8.88e-01 1.00e+00f  1
 372r 9.5388486e+00 3.07e-05 5.38e-01  -6.1 5.60e-02    -  8.93e-01 1.00e+00h  1
 373r 9.5280848e+00 2.20e-05 4.48e-03  -6.1 3.21e-02    -  1.00e+00 1.00e+00h  1
 374r 1.0134481e+01 5.35e-02 1.58e+01  -4.0 6.10e+00    -  1.00e+00 2.53e-01f  1
 375r 1.0002824e+01 1.74e-02 3.22e+00  -4.4 7.11e-01    -  8.03e-01 7.38e-01h  1
 376r 9.7310402e+00 7.87e-03 7.73e+00  -4.4 6.37e-01    -  5.49e-01 1.00e+00h  1
 377r 9.6377468e+00 3.91e-03 4.08e+00  -4.4 4.60e-01    -  7.59e-01 6.29e-01h  1
 378r 9.6263800e+00 5.09e-04 1.59e-01  -4.4 1.79e-01    -  1.00e+00 1.00e+00h  1
 379r 9.5881432e+00 8.12e-04 2.13e-01  -4.4 1.69e-01    -  1.00e+00 1.00e+00h  1
iter    objective    inf_pr   inf_du lg(mu)  ||d||  lg(rg) alpha_du alpha_pr  ls
 380r 9.5884803e+00 1.48e-04 5.85e-02  -4.4 6.09e-02    -  1.00e+00 1.00e+00h  1
 381r 9.5978137e+00 3.07e-05 3.14e-02  -4.4 3.20e-02    -  1.00e+00 1.00e+00h  1
 382r 9.5962596e+00 8.59e-06 1.81e-02  -4.4 1.67e-02    -  1.00e+00 1.00e+00h  1
 383r 9.6588807e+00 6.20e-04 2.40e-01  -4.0 1.60e-01    -  1.00e+00 1.00e+00f  1
 384r 9.6390127e+00 7.59e-05 1.06e-01  -4.1 6.20e-02    -  1.00e+00 1.00e+00h  1
 385r 9.6283639e+00 4.01e-05 4.62e-02  -4.1 3.71e-02    -  1.00e+00 1.00e+00h  1
 386r 9.6249203e+00 7.18e-06 3.04e-02  -4.1 1.58e-02    -  1.00e+00 1.00e+00h  1
 387r 9.6252553e+00 3.69e-06 7.56e-03  -4.1 6.66e-03    -  1.00e+00 1.00e+00h  1
 388r 9.6242693e+00 1.99e-06 3.35e-03  -4.1 2.64e-03    -  1.00e+00 1.00e+00h  1
 389r 9.5476112e+00 8.43e-04 7.95e-01  -6.1 1.94e-01    -  8.95e-01 1.00e+00f  1
iter    objective    inf_pr   inf_du lg(mu)  ||d||  lg(rg) alpha_du alpha_pr  ls
 390r 9.5422386e+00 2.21e-05 1.93e-01  -6.1 3.77e-02    -  9.44e-01 1.00e+00h  1
 391r 9.8921479e+00 1.70e-02 1.08e+01  -4.0 3.60e+00    -  1.00e+00 2.54e-01f  1
 392r 9.7558205e+00 3.49e-03 1.50e+00  -4.5 3.60e-01    -  9.08e-01 1.00e+00h  1
 393r 9.6598850e+00 1.59e-03 1.56e-01  -4.5 2.66e-01    -  1.00e+00 1.00e+00h  1
 394r 9.6193852e+00 9.93e-04 1.48e-01  -4.5 1.76e-01    -  1.00e+00 1.00e+00h  1
 395r 9.5897791e+00 1.87e-04 4.34e-02  -4.5 9.66e-02    -  1.00e+00 1.00e+00h  1
 396r 9.5886086e+00 4.70e-05 5.77e-02  -4.5 4.29e-02    -  1.00e+00 1.00e+00h  1
 397r 9.5913697e+00 2.02e-05 3.79e-02  -4.5 2.66e-02    -  1.00e+00 1.00e+00h  1
 398r 9.5888440e+00 8.42e-06 1.31e-02  -4.5 1.33e-02    -  1.00e+00 1.00e+00h  1
 399r 9.7395151e+00 3.27e-03 6.99e-01  -4.0 3.88e-01    -  1.00e+00 1.00e+00f  1
iter    objective    inf_pr   inf_du lg(mu)  ||d||  lg(rg) alpha_du alpha_pr  ls
 400r 9.6886078e+00 6.23e-04 2.30e-01  -4.1 1.60e-01    -  1.00e+00 1.00e+00h  1
 401r 9.6065355e+00 7.95e-04 1.30e-01  -4.1 2.11e-01    -  1.00e+00 1.00e+00h  1
 402r 9.6026816e+00 3.23e-04 1.88e-01  -4.1 1.33e-01    -  1.00e+00 1.00e+00h  1
 403r 9.6160105e+00 8.05e-05 1.44e-01  -4.1 5.20e-02    -  1.00e+00 1.00e+00h  1
 404r 9.6200084e+00 1.22e-05 3.62e-02  -4.1 2.88e-02    -  1.00e+00 1.00e+00h  1
 405r 9.6239363e+00 9.36e-06 1.48e-02  -4.1 1.22e-02    -  1.00e+00 1.00e+00h  1
 406r 9.6231422e+00 2.79e-06 8.58e-03  -4.1 5.53e-03    -  1.00e+00 1.00e+00h  1
 407r 9.6232484e+00 4.13e-07 2.98e-03  -4.1 2.38e-03    -  1.00e+00 1.00e+00h  1
 408r 9.5696943e+00 3.77e-04 4.89e-01  -6.1 1.49e-01    -  9.31e-01 1.00e+00f  1
 409r 9.5599623e+00 4.16e-05 1.85e-01  -6.1 5.21e-02    -  9.55e-01 1.00e+00h  1
iter    objective    inf_pr   inf_du lg(mu)  ||d||  lg(rg) alpha_du alpha_pr  ls
 410r 9.5346316e+00 7.36e-05 1.29e-02  -6.1 6.93e-02    -  1.00e+00 1.00e+00h  1
 411r 9.5219347e+00 3.77e-05 5.20e-03  -6.1 4.66e-02    -  1.00e+00 1.00e+00h  1
 412r 9.7596345e+00 7.32e-03 1.33e+01  -4.0 9.58e+00    -  1.00e+00 7.05e-02f  1
 413r 9.6865605e+00 1.24e-03 3.50e-01  -4.6 2.47e-01    -  1.00e+00 1.00e+00h  1
 414r 9.6194384e+00 5.90e-04 7.88e-02  -4.6 1.89e-01    -  1.00e+00 1.00e+00h  1
 415r 9.5688962e+00 4.73e-04 5.52e-01  -4.6 2.34e-01    -  1.00e+00 8.33e-01H  1
 416r 9.5710695e+00 2.05e-04 1.85e-01  -4.6 1.05e-01    -  9.67e-01 1.00e+00f  1
 417r 9.5777131e+00 8.81e-05 9.65e-02  -4.6 7.49e-02    -  1.00e+00 1.00e+00h  1
 418r 9.5788815e+00 1.10e-05 1.25e-02  -4.6 2.48e-02    -  1.00e+00 1.00e+00h  1
 419r 9.7643450e+00 4.70e-03 7.88e-01  -4.0 5.12e-01    -  1.00e+00 1.00e+00f  1
iter    objective    inf_pr   inf_du lg(mu)  ||d||  lg(rg) alpha_du alpha_pr  ls
 420r 9.7076055e+00 6.56e-04 5.87e-01  -4.1 1.79e-01    -  1.00e+00 1.00e+00h  1
 421r 9.6584804e+00 5.03e-04 1.19e-01  -4.1 1.67e-01    -  1.00e+00 1.00e+00h  1
 422r 9.6459994e+00 1.95e-04 9.03e-02  -4.1 1.13e-01    -  1.00e+00 1.00e+00h  1
 423r 9.6358769e+00 3.20e-05 6.73e-02  -4.1 4.69e-02    -  1.00e+00 1.00e+00h  1
 424r 9.6293859e+00 1.17e-05 3.67e-02  -4.1 2.21e-02    -  1.00e+00 1.00e+00h  1
 425r 9.6244965e+00 1.02e-05 2.34e-02  -4.1 1.94e-02    -  1.00e+00 1.00e+00h  1
 426r 9.6247830e+00 5.18e-06 8.54e-03  -4.1 6.29e-03    -  1.00e+00 1.00e+00h  1
 427r 9.6237444e+00 1.84e-06 5.22e-03  -4.1 3.80e-03    -  1.00e+00 1.00e+00h  1
 428r 9.6239775e+00 3.67e-07 2.94e-03  -4.1 1.57e-03    -  1.00e+00 1.00e+00h  1
 429r 9.5750910e+00 3.11e-04 9.36e-01  -6.1 1.28e-01    -  9.09e-01 9.98e-01f  1
iter    objective    inf_pr   inf_du lg(mu)  ||d||  lg(rg) alpha_du alpha_pr  ls
 430r 9.5578230e+00 8.13e-05 5.91e-03  -6.1 8.75e-02    -  1.00e+00 1.00e+00h  1
 431r 9.5237905e+00 1.33e-04 1.32e-02  -6.1 8.84e-02    -  1.00e+00 1.00e+00h  1
 432r 9.5182107e+00 1.97e-05 1.98e-03  -6.1 3.17e-02    -  1.00e+00 1.00e+00h  1
 433r 1.0359628e+01 8.45e-02 1.37e+01  -4.0 7.61e+00    -  1.00e+00 2.61e-01f  1
 434r 1.0081935e+01 1.92e-02 5.68e+00  -4.4 8.84e-01    -  6.67e-01 9.09e-01h  1
 435r 9.8167105e+00 8.90e-03 8.65e-01  -4.4 6.65e-01    -  8.86e-01 1.00e+00h  1
 436r 9.7516554e+00 3.28e-03 6.07e-01  -4.4 3.37e-01    -  1.00e+00 6.85e-01h  1
 437r 9.6082114e+00 2.48e-03 2.23e-01  -4.4 3.77e-01    -  1.00e+00 1.00e+00h  1
 438r 9.5952062e+00 2.72e-04 1.09e-01  -4.4 1.20e-01    -  1.00e+00 1.00e+00h  1
 439r 9.6024385e+00 5.66e-05 3.90e-02  -4.4 4.74e-02    -  1.00e+00 1.00e+00h  1
iter    objective    inf_pr   inf_du lg(mu)  ||d||  lg(rg) alpha_du alpha_pr  ls
 440r 9.6036945e+00 1.41e-05 1.70e-02  -4.4 2.73e-02    -  1.00e+00 1.00e+00h  1
 441r 9.6011937e+00 1.52e-05 1.60e-02  -4.4 3.00e-02    -  1.00e+00 1.00e+00h  1
 442r 9.6003191e+00 4.07e-06 8.64e-03  -4.4 1.17e-02    -  1.00e+00 1.00e+00h  1
 443r 9.6850898e+00 9.22e-04 2.87e-01  -4.0 2.04e-01    -  1.00e+00 1.00e+00f  1
 444r 9.6569081e+00 2.33e-04 1.05e-01  -4.1 1.20e-01    -  1.00e+00 1.00e+00h  1
 445r 9.6368913e+00 6.78e-05 6.61e-02  -4.1 6.17e-02    -  1.00e+00 1.00e+00h  1
 446r 9.6279599e+00 1.65e-05 2.92e-02  -4.1 3.09e-02    -  1.00e+00 1.00e+00h  1
 447r 9.6255792e+00 8.83e-06 1.48e-02  -4.1 1.87e-02    -  1.00e+00 1.00e+00h  1
 448r 9.6239440e+00 1.23e-06 7.88e-03  -4.1 7.42e-03    -  1.00e+00 1.00e+00h  1
 449r 9.6240172e+00 3.49e-07 4.76e-03  -4.1 2.18e-03    -  1.00e+00 1.00e+00h  1
iter    objective    inf_pr   inf_du lg(mu)  ||d||  lg(rg) alpha_du alpha_pr  ls
 450r 9.6238528e+00 2.41e-07 1.12e-03  -4.1 1.14e-03    -  1.00e+00 1.00e+00h  1
 451r 9.5369464e+00 8.17e-04 7.81e-01  -6.1 2.34e-01    -  9.19e-01 9.99e-01f  1
 452r 9.5308502e+00 1.37e-04 1.85e-01  -6.1 8.15e-02    -  9.31e-01 1.00e+00h  1
 453r 9.5256981e+00 1.61e-05 5.19e-03  -6.1 2.86e-02    -  9.94e-01 1.00e+00h  1
 454r 1.0183545e+01 5.08e-02 1.35e+01  -4.0 6.56e+00    -  1.00e+00 2.61e-01f  1
 455r 1.0078627e+01 1.81e-02 6.07e+00  -4.4 1.13e+00    -  4.94e-01 7.28e-01h  1
 456r 9.8678417e+00 1.20e-02 9.45e+00  -4.4 6.68e-01    -  4.00e-01 1.00e+00h  1
 457r 9.7268637e+00 5.36e-03 6.02e-01  -4.4 4.87e-01    -  9.41e-01 1.00e+00h  1
 458r 9.6818411e+00 3.58e-03 5.37e+00  -4.4 4.51e-01    -  1.00e+00 3.67e-01h  1
 459r 9.6423318e+00 8.29e-04 1.08e-01  -4.4 2.07e-01    -  1.00e+00 9.26e-01h  1
iter    objective    inf_pr   inf_du lg(mu)  ||d||  lg(rg) alpha_du alpha_pr  ls
 460r 9.5963311e+00 2.81e-04 4.27e-02  -4.4 1.31e-01    -  1.00e+00 1.00e+00f  1
 461r 9.6023805e+00 6.26e-05 4.57e-02  -4.4 5.32e-02    -  1.00e+00 1.00e+00h  1
 462r 9.5988056e+00 1.04e-05 1.04e-02  -4.4 1.27e-02    -  1.00e+00 1.00e+00h  1
 463r 9.5972120e+00 1.54e-06 5.23e-03  -4.4 6.87e-03    -  1.00e+00 1.00e+00h  1
 464r 9.7161706e+00 1.91e-03 7.23e-01  -4.0 3.02e-01    -  1.00e+00 1.00e+00f  1
 465r 9.6757529e+00 4.06e-04 3.54e-01  -4.1 1.45e-01    -  1.00e+00 1.00e+00h  1
 466r 9.6273485e+00 4.44e-04 1.18e-01  -4.1 1.33e-01    -  1.00e+00 1.00e+00h  1
 467r 9.6259945e+00 7.95e-05 5.25e-02  -4.1 5.49e-02    -  1.00e+00 1.00e+00h  1
 468r 9.6231907e+00 8.06e-06 1.54e-02  -4.1 1.61e-02    -  1.00e+00 1.00e+00h  1
 469r 9.6234767e+00 2.35e-06 9.05e-03  -4.1 5.78e-03    -  1.00e+00 1.00e+00h  1
iter    objective    inf_pr   inf_du lg(mu)  ||d||  lg(rg) alpha_du alpha_pr  ls
 470r 9.6237032e+00 7.69e-07 2.90e-03  -4.1 1.28e-03    -  1.00e+00 1.00e+00h  1
 471r 9.5539499e+00 6.72e-04 6.54e-01  -6.1 1.66e-01    -  9.10e-01 1.00e+00f  1
 472r 9.5429071e+00 9.87e-05 1.65e-01  -6.1 7.81e-02    -  9.54e-01 1.00e+00h  1
 473r 9.5270768e+00 3.74e-05 1.16e-02  -6.1 4.58e-02    -  1.00e+00 1.00e+00h  1
 474r 9.5144789e+00 2.59e-05 4.31e-03  -6.1 3.51e-02    -  1.00e+00 1.00e+00h  1
 475r 1.0185672e+01 5.04e-02 1.54e+01  -4.0 6.83e+00    -  1.00e+00 2.29e-01f  1
 476r 9.9535012e+00 7.96e-03 1.85e+01  -4.4 7.32e-01    -  5.16e-02 1.00e+00h  1
 477r 9.7755684e+00 4.55e-03 5.94e+00  -4.4 4.62e-01    -  6.08e-01 1.00e+00h  1
 478r 9.6946091e+00 1.29e-03 2.66e-01  -4.4 2.98e-01    -  1.00e+00 1.00e+00h  1
 479r 9.6103646e+00 1.16e-03 2.99e-01  -4.4 2.34e-01    -  1.00e+00 1.00e+00h  1
iter    objective    inf_pr   inf_du lg(mu)  ||d||  lg(rg) alpha_du alpha_pr  ls
 480r 9.5714758e+00 8.74e-04 2.08e-01  -4.4 1.94e-01    -  1.00e+00 1.00e+00h  1
 481r 9.5915410e+00 6.81e-05 6.54e-02  -4.4 6.68e-02    -  1.00e+00 1.00e+00h  1
 482r 9.5932202e+00 1.81e-05 3.36e-02  -4.4 3.39e-02    -  1.00e+00 1.00e+00h  1
 483r 9.5981410e+00 9.08e-06 1.42e-02  -4.4 2.10e-02    -  1.00e+00 1.00e+00h  1
 484r 9.5958478e+00 4.21e-06 1.00e-02  -4.4 9.67e-03    -  1.00e+00 1.00e+00h  1
 485r 9.7116547e+00 1.86e-03 4.19e-01  -4.0 2.80e-01    -  1.00e+00 1.00e+00f  1
 486r 9.6696074e+00 2.98e-04 1.44e-01  -4.1 1.07e-01    -  1.00e+00 1.00e+00h  1
 487r 9.6458675e+00 1.25e-04 6.91e-02  -4.1 8.44e-02    -  1.00e+00 1.00e+00h  1
 488r 9.6132578e+00 1.64e-04 1.22e-01  -4.1 7.86e-02    -  1.00e+00 1.00e+00h  1
 489r 9.6192248e+00 4.24e-05 3.31e-02  -4.1 3.83e-02    -  1.00e+00 1.00e+00h  1
iter    objective    inf_pr   inf_du lg(mu)  ||d||  lg(rg) alpha_du alpha_pr  ls
 490r 9.6206772e+00 8.55e-06 1.79e-02  -4.1 2.22e-02    -  1.00e+00 1.00e+00h  1
 491r 9.6236846e+00 4.90e-06 7.68e-03  -4.1 6.83e-03    -  1.00e+00 1.00e+00h  1
 492r 9.6231310e+00 4.55e-06 7.08e-03  -4.1 4.17e-03    -  1.00e+00 1.00e+00h  1
 493r 9.6235037e+00 3.67e-07 3.23e-03  -4.1 2.41e-03    -  1.00e+00 1.00e+00h  1
 494r 9.5527957e+00 5.88e-04 5.42e-01  -6.1 1.70e-01    -  9.38e-01 1.00e+00f  1
 495r 9.5449663e+00 4.58e-05 9.59e-02  -6.1 3.75e-02    -  9.71e-01 1.00e+00h  1
 496r 9.5250753e+00 6.48e-05 5.24e-03  -6.1 5.55e-02    -  1.00e+00 1.00e+00h  1
 497r 9.5137381e+00 5.66e-05 2.76e-03  -6.1 4.78e-02    -  1.00e+00 1.00e+00h  1
 498r 9.5082181e+00 1.41e-05 2.04e-03  -6.1 2.47e-02    -  1.00e+00 1.00e+00h  1
 499r 1.0648425e+01 1.23e-01 9.79e+00  -4.0 9.77e+00    -  1.00e+00 2.82e-01f  1
iter    objective    inf_pr   inf_du lg(mu)  ||d||  lg(rg) alpha_du alpha_pr  ls
 500r 1.0263824e+01 3.09e-02 3.04e+00  -4.3 1.01e+00    -  7.22e-01 9.15e-01h  1
 501r 9.9669221e+00 3.27e-02 4.38e+00  -4.3 1.54e+00    -  3.15e-01 6.39e-01h  1
 502r 9.7102733e+00 1.39e-02 1.58e+00  -4.3 9.91e-01    -  4.16e-01 6.79e-01h  1
 503r 9.6168935e+00 5.75e-03 5.77e-01  -4.3 5.78e-01    -  1.00e+00 8.46e-01h  1
 504r 9.5534485e+00 2.00e-03 1.05e+00  -4.3 3.34e-01    -  7.15e-01 1.00e+00h  1
 505r 9.5670399e+00 9.35e-04 1.80e+00  -4.3 1.71e-01    -  1.00e+00 7.57e-01h  1
 506r 9.5901644e+00 2.92e-04 1.38e-01  -4.3 1.07e-01    -  1.00e+00 1.00e+00f  1
 507r 9.6026831e+00 4.52e-05 6.21e-02  -4.3 5.78e-02    -  1.00e+00 1.00e+00h  1
 508r 9.6032957e+00 2.28e-05 2.19e-02  -4.3 2.67e-02    -  1.00e+00 1.00e+00h  1
 509r 9.6001123e+00 6.10e-06 1.41e-02  -4.3 1.52e-02    -  1.00e+00 1.00e+00h  1
iter    objective    inf_pr   inf_du lg(mu)  ||d||  lg(rg) alpha_du alpha_pr  ls
 510r 9.6007033e+00 2.75e-06 1.15e-02  -4.3 1.33e-02    -  1.00e+00 1.00e+00h  1
 511r 9.5999867e+00 2.31e-06 7.77e-03  -4.3 6.79e-03    -  1.00e+00 1.00e+00h  1
 512r 9.6006160e+00 6.33e-07 1.59e-03  -4.3 2.36e-03    -  1.00e+00 1.00e+00h  1
 513r 9.6642556e+00 4.46e-04 2.01e-01  -4.0 1.52e-01    -  1.00e+00 1.00e+00f  1
 514r 9.6455686e+00 1.48e-04 1.27e-01  -4.1 8.83e-02    -  1.00e+00 1.00e+00h  1
 515r 9.6376546e+00 1.83e-05 2.87e-02  -4.1 2.40e-02    -  1.00e+00 1.00e+00h  1
 516r 9.6283202e+00 1.25e-05 2.98e-02  -4.1 3.29e-02    -  1.00e+00 1.00e+00h  1
 517r 9.6271903e+00 7.99e-06 2.47e-02  -4.1 1.90e-02    -  1.00e+00 1.00e+00h  1
 518r 9.6235742e+00 1.83e-06 9.76e-03  -4.1 1.10e-02    -  1.00e+00 1.00e+00h  1
 519r 9.6235237e+00 1.54e-06 6.40e-03  -4.1 5.77e-03    -  1.00e+00 1.00e+00h  1
iter    objective    inf_pr   inf_du lg(mu)  ||d||  lg(rg) alpha_du alpha_pr  ls
 520r 9.6238237e+00 3.33e-07 1.42e-03  -4.1 1.55e-03    -  1.00e+00 1.00e+00h  1
 521r 9.5585995e+00 5.62e-04 3.13e+00  -6.1 1.67e-01    -  7.68e-01 9.95e-01f  1
 522r 9.5409702e+00 7.83e-05 9.56e-02  -6.1 8.56e-02    -  9.58e-01 1.00e+00h  1
 523r 9.5240434e+00 4.72e-05 3.31e-02  -6.1 5.21e-02    -  1.00e+00 1.00e+00h  1
 524r 9.5128018e+00 2.25e-05 2.40e-03  -6.1 3.37e-02    -  1.00e+00 1.00e+00h  1
 525r 1.0299994e+01 7.16e-02 1.27e+01  -4.0 6.93e+00    -  1.00e+00 2.55e-01f  1
 526r 1.0036516e+01 1.22e-02 1.77e+01  -4.4 7.52e-01    -  8.58e-02 1.00e+00h  1
 527r 9.7849947e+00 7.69e-03 4.15e+00  -4.4 6.62e-01    -  7.45e-01 1.00e+00h  1
 528r 9.6590478e+00 4.19e-03 1.90e+00  -4.4 6.17e-01    -  9.74e-01 6.81e-01h  1
 529r 9.5688087e+00 2.19e-03 4.87e-01  -4.4 3.54e-01    -  1.00e+00 1.00e+00h  1
iter    objective    inf_pr   inf_du lg(mu)  ||d||  lg(rg) alpha_du alpha_pr  ls
 530r 9.5680799e+00 3.33e-04 1.57e-01  -4.4 1.39e-01    -  1.00e+00 1.00e+00h  1
 531r 9.5899578e+00 7.86e-05 1.16e-01  -4.4 7.08e-02    -  1.00e+00 1.00e+00h  1
 532r 9.5940733e+00 1.55e-05 2.73e-02  -4.4 3.05e-02    -  1.00e+00 1.00e+00h  1
 533r 9.5990261e+00 9.57e-06 1.60e-02  -4.4 1.77e-02    -  1.00e+00 1.00e+00h  1
 534r 9.5984852e+00 3.26e-06 1.09e-02  -4.4 1.01e-02    -  1.00e+00 1.00e+00h  1
 535r 9.5976606e+00 1.76e-06 6.38e-03  -4.4 6.37e-03    -  1.00e+00 1.00e+00h  1
 536r 9.6619347e+00 7.99e-04 2.97e-01  -4.0 2.18e-01    -  1.00e+00 1.00e+00f  1
 537r 9.6359961e+00 2.63e-04 1.15e-01  -4.1 1.28e-01    -  1.00e+00 1.00e+00h  1
 538r 9.6271553e+00 1.17e-04 9.33e-02  -4.1 7.46e-02    -  1.00e+00 1.00e+00h  1
 539r 9.6202795e+00 2.97e-05 5.51e-02  -4.1 3.77e-02    -  1.00e+00 1.00e+00h  1
iter    objective    inf_pr   inf_du lg(mu)  ||d||  lg(rg) alpha_du alpha_pr  ls
 540r 9.6216701e+00 3.02e-06 1.67e-02  -4.1 1.11e-02    -  1.00e+00 1.00e+00h  1
 541r 9.6229161e+00 1.14e-06 8.40e-03  -4.1 6.00e-03    -  1.00e+00 1.00e+00h  1
 542r 9.6232448e+00 1.11e-06 2.81e-03  -4.1 2.74e-03    -  1.00e+00 1.00e+00h  1
 543r 9.5546166e+00 9.38e-04 5.32e-01  -6.1 1.77e-01    -  9.02e-01 1.00e+00f  1
 544r 9.5445984e+00 1.28e-04 3.33e-01  -6.1 6.59e-02    -  9.58e-01 1.00e+00h  1
 545r 9.5341351e+00 3.94e-05 6.56e-03  -6.1 4.33e-02    -  1.00e+00 1.00e+00h  1
 546r 9.5239315e+00 2.97e-05 7.43e-03  -6.1 3.38e-02    -  1.00e+00 1.00e+00h  1
 547r 9.5123880e+00 6.75e-05 7.15e-03  -6.1 5.26e-02    -  1.00e+00 1.00e+00h  1
 548r 9.5091343e+00 1.77e-05 6.93e-03  -6.1 2.98e-02    -  1.00e+00 1.00e+00h  1
 549r 1.0020714e+01 2.90e-02 1.24e+01  -4.0 1.22e+01    -  1.00e+00 1.09e-01f  1
iter    objective    inf_pr   inf_du lg(mu)  ||d||  lg(rg) alpha_du alpha_pr  ls
 550r 9.8994418e+00 7.42e-03 3.59e+00  -4.6 7.55e-01    -  6.31e-01 1.00e+00h  1
 551r 9.8151476e+00 4.54e-03 1.17e+00  -4.6 5.53e-01    -  9.24e-01 1.00e+00h  1
 552r 9.6961169e+00 3.67e-03 3.81e-01  -4.6 4.03e-01    -  9.22e-01 8.88e-01h  1
 553r 9.6419200e+00 1.61e-03 2.15e-01  -4.6 2.81e-01    -  1.00e+00 1.00e+00h  1
 554r 9.5677942e+00 9.78e-04 1.34e-01  -4.6 2.21e-01    -  1.00e+00 1.00e+00h  1
 555r 9.5737031e+00 3.35e-04 4.71e-02  -4.6 1.25e-01    -  1.00e+00 1.00e+00h  1
 556r 9.5842090e+00 2.04e-04 1.01e-01  -4.6 7.68e-02    -  1.00e+00 1.00e+00h  1
 557r 9.5830726e+00 4.68e-05 4.48e-02  -4.6 3.56e-02    -  1.00e+00 1.00e+00h  1
 558r 9.5860797e+00 1.96e-05 1.57e-02  -4.6 2.20e-02    -  1.00e+00 1.00e+00h  1
 559r 9.5842462e+00 6.05e-06 1.02e-02  -4.6 1.57e-02    -  1.00e+00 1.00e+00h  1
iter    objective    inf_pr   inf_du lg(mu)  ||d||  lg(rg) alpha_du alpha_pr  ls
 560r 9.7320604e+00 2.94e-03 6.83e-01  -4.0 4.01e-01    -  1.00e+00 1.00e+00f  1
 561r 9.6855576e+00 1.21e-03 5.27e-01  -4.1 2.10e-01    -  1.00e+00 1.00e+00h  1
 562r 9.6540159e+00 1.50e-04 8.51e-02  -4.1 1.06e-01    -  1.00e+00 1.00e+00h  1
 563r 9.6240717e+00 2.28e-04 7.32e-02  -4.1 9.39e-02    -  1.00e+00 1.00e+00h  1
 564r 9.6228920e+00 5.25e-05 4.90e-02  -4.1 4.75e-02    -  1.00e+00 1.00e+00h  1
 565r 9.6243815e+00 2.44e-05 4.95e-02  -4.1 2.39e-02    -  1.00e+00 1.00e+00h  1
 566r 9.6234331e+00 2.29e-06 9.70e-03  -4.1 7.39e-03    -  1.00e+00 1.00e+00h  1
 567r 9.6236928e+00 1.76e-06 6.33e-03  -4.1 4.38e-03    -  1.00e+00 1.00e+00h  1
 568r 9.6233772e+00 1.97e-06 3.89e-03  -4.1 4.96e-03    -  1.00e+00 1.00e+00h  1
 569r 9.5651792e+00 5.18e-04 9.41e-01  -6.1 1.59e-01    -  8.97e-01 1.00e+00f  1
iter    objective    inf_pr   inf_du lg(mu)  ||d||  lg(rg) alpha_du alpha_pr  ls
 570r 9.5559065e+00 3.28e-05 1.15e-01  -6.1 3.68e-02    -  9.58e-01 1.00e+00h  1
 571r 9.5275367e+00 1.04e-04 4.72e-03  -6.1 7.17e-02    -  1.00e+00 1.00e+00h  1
 572r 9.5193076e+00 1.68e-05 2.06e-03  -6.1 2.25e-02    -  1.00e+00 1.00e+00h  1
 573r 9.5106224e+00 2.59e-05 1.72e-03  -6.1 3.47e-02    -  1.00e+00 1.00e+00h  1
 574r 9.5078853e+00 9.14e-06 9.73e-04  -6.1 2.46e-02    -  1.00e+00 1.00e+00h  1
 575r 1.0366196e+01 8.51e-02 1.14e+01  -4.0 1.16e+01    -  1.00e+00 1.81e-01f  1
 576r 1.0103299e+01 1.34e-02 8.77e+00  -4.5 7.00e-01    -  5.06e-01 1.00e+00h  1
 577r 9.7623835e+00 1.79e-02 2.00e+00  -4.5 1.14e+00    -  8.25e-01 7.61e-01h  1
 578r 9.6546753e+00 3.90e-03 5.50e-01  -4.5 4.43e-01    -  7.94e-01 8.81e-01h  1
 579r 9.5992030e+00 1.15e-03 1.24e-01  -4.5 2.73e-01    -  1.00e+00 1.00e+00h  1
iter    objective    inf_pr   inf_du lg(mu)  ||d||  lg(rg) alpha_du alpha_pr  ls
 580r 9.6078688e+00 8.10e-04 4.72e-02  -4.5 1.73e-01    -  1.00e+00 1.00e+00h  1
 581r 9.5873769e+00 1.08e-04 3.79e-02  -4.5 7.91e-02    -  1.00e+00 1.00e+00h  1
 582r 9.5956901e+00 7.30e-05 5.10e-02  -4.5 6.54e-02    -  1.00e+00 1.00e+00h  1
 583r 9.5955614e+00 4.43e-05 2.11e-02  -4.5 3.71e-02    -  1.00e+00 1.00e+00h  1
 584r 9.5921952e+00 3.51e-06 1.27e-02  -4.5 1.23e-02    -  1.00e+00 1.00e+00h  1
 585r 9.6953411e+00 1.47e-03 6.50e-01  -4.0 3.31e-01    -  1.00e+00 1.00e+00f  1
 586r 9.6625636e+00 2.85e-04 2.27e-01  -4.1 1.28e-01    -  1.00e+00 1.00e+00h  1
 587r 9.6333298e+00 2.27e-04 8.02e-02  -4.1 1.27e-01    -  1.00e+00 1.00e+00h  1
 588r 9.6313102e+00 6.84e-05 7.32e-02  -4.1 7.69e-02    -  1.00e+00 1.00e+00h  1
 589r 9.6282216e+00 2.12e-05 2.10e-02  -4.1 3.59e-02    -  1.00e+00 1.00e+00h  1
iter    objective    inf_pr   inf_du lg(mu)  ||d||  lg(rg) alpha_du alpha_pr  ls
 590r 9.6270334e+00 5.77e-06 6.88e-03  -4.1 6.91e-03    -  1.00e+00 1.00e+00h  1
 591r 9.6252275e+00 3.58e-06 4.40e-03  -4.1 5.14e-03    -  1.00e+00 1.00e+00h  1
 592r 9.5591698e+00 5.20e-04 6.89e-01  -6.1 1.82e-01    -  9.32e-01 9.98e-01f  1
 593r 9.5521812e+00 1.46e-04 2.00e-01  -6.1 9.01e-02    -  8.76e-01 1.00e+00h  1
 594r 9.5401555e+00 4.51e-05 1.83e-01  -6.1 3.94e-02    -  8.07e-01 1.00e+00h  1
 595r 9.5229990e+00 4.87e-05 3.73e-03  -6.1 4.66e-02    -  1.00e+00 1.00e+00h  1
 596r 9.5169513e+00 7.44e-05 3.61e-03  -6.1 5.18e-02    -  1.00e+00 1.00e+00h  1
 597r 9.5145483e+00 1.23e-05 2.60e-03  -6.1 2.18e-02    -  1.00e+00 1.00e+00h  1
 598r 1.0459995e+01 9.35e-02 1.29e+01  -4.0 9.67e+00    -  1.00e+00 2.32e-01f  1
 599r 1.0329857e+01 5.25e-02 5.94e+00  -4.4 7.21e-01    -  5.46e-01 4.60e-01h  1
iter    objective    inf_pr   inf_du lg(mu)  ||d||  lg(rg) alpha_du alpha_pr  ls
 600r 9.9706019e+00 2.39e-02 1.95e+01  -4.4 1.03e+00    -  3.30e-01 1.00e+00h  1
 601r 9.9294832e+00 2.12e-02 1.77e+01  -4.4 1.16e+00    -  1.25e-01 1.01e-01h  1
 602r 9.7642967e+00 7.57e-03 2.19e+00  -4.4 4.71e-01    -  1.00e+00 9.20e-01f  1
 603r 9.7171944e+00 3.04e-03 2.49e+00  -4.4 3.66e-01    -  4.01e-01 1.00e+00h  1
 604r 9.6375659e+00 9.46e-04 1.72e-01  -4.4 2.66e-01    -  1.00e+00 1.00e+00h  1
 605r 9.6137467e+00 2.11e-04 5.77e-02  -4.4 9.83e-02    -  1.00e+00 1.00e+00h  1
 606r 9.5994991e+00 7.00e-05 4.62e-02  -4.4 6.65e-02    -  1.00e+00 1.00e+00h  1
 607r 9.5964482e+00 7.09e-06 2.74e-02  -4.4 1.64e-02    -  1.00e+00 1.00e+00h  1
 608r 9.5962172e+00 2.15e-06 9.89e-03  -4.4 7.48e-03    -  1.00e+00 1.00e+00h  1
 609r 9.7167648e+00 1.73e-03 3.99e-01  -4.0 3.08e-01    -  1.00e+00 1.00e+00f  1
iter    objective    inf_pr   inf_du lg(mu)  ||d||  lg(rg) alpha_du alpha_pr  ls
 610r 9.6717557e+00 4.60e-04 1.95e-01  -4.1 1.34e-01    -  1.00e+00 1.00e+00h  1
 611r 9.6168035e+00 5.15e-04 1.22e-01  -4.1 1.72e-01    -  1.00e+00 1.00e+00h  1
 612r 9.6103181e+00 1.49e-04 6.43e-02  -4.1 8.76e-02    -  1.00e+00 1.00e+00h  1
 613r 9.6169986e+00 2.62e-05 5.41e-02  -4.1 3.22e-02    -  1.00e+00 1.00e+00h  1
 614r 9.6219313e+00 7.08e-06 3.32e-02  -4.1 1.99e-02    -  1.00e+00 1.00e+00h  1
 615r 9.6238170e+00 2.43e-06 1.21e-02  -4.1 8.53e-03    -  1.00e+00 1.00e+00h  1
 616r 9.6232663e+00 1.52e-06 5.81e-03  -4.1 3.27e-03    -  1.00e+00 1.00e+00h  1
 617r 9.6234436e+00 5.03e-07 2.62e-03  -4.1 1.80e-03    -  1.00e+00 1.00e+00h  1
 618r 9.5409298e+00 1.10e-03 8.37e-01  -6.1 2.35e-01    -  8.84e-01 1.00e+00f  1
 619r 9.5441977e+00 1.34e-04 6.94e-02  -6.1 9.09e-02    -  9.89e-01 1.00e+00h  1
iter    objective    inf_pr   inf_du lg(mu)  ||d||  lg(rg) alpha_du alpha_pr  ls
 620r 9.5344119e+00 4.30e-05 1.16e-02  -6.1 3.67e-02    -  1.00e+00 1.00e+00h  1
 621r 9.5185748e+00 3.76e-05 9.84e-03  -6.1 4.46e-02    -  1.00e+00 1.00e+00h  1
 622r 9.5147314e+00 1.01e-05 1.13e-02  -6.1 1.58e-02    -  1.00e+00 1.00e+00h  1
 623r 9.5071351e+00 6.80e-05 7.07e-03  -6.1 5.14e-02    -  1.00e+00 1.00e+00h  1
 624r 9.5063014e+00 9.89e-06 4.55e-03  -6.1 2.25e-02    -  1.00e+00 1.00e+00h  1
 625r 9.5510223e+00 3.10e-04 4.21e+01  -4.0 5.48e+00    -  1.00e+00 2.22e-02f  1
 626r 9.5432139e+00 1.01e-04 8.14e+00  -4.7 7.54e-02    -  8.17e-01 1.00e+00f  1
 627r 9.5532376e+00 3.88e-05 3.99e-02  -4.7 4.64e-02    -  1.00e+00 1.00e+00h  1
 628r 9.5604266e+00 1.73e-05 1.94e-02  -4.7 2.74e-02    -  1.00e+00 1.00e+00h  1
 629r 9.5649354e+00 1.10e-05 1.09e-02  -4.7 1.77e-02    -  1.00e+00 1.00e+00h  1
iter    objective    inf_pr   inf_du lg(mu)  ||d||  lg(rg) alpha_du alpha_pr  ls
 630r 9.5715101e+00 5.63e-06 5.74e-03  -4.7 1.79e-02    -  1.00e+00 1.00e+00h  1
 631r 9.5710093e+00 1.25e-06 4.73e-03  -4.7 8.93e-03    -  1.00e+00 1.00e+00h  1
 632r 9.6990483e+00 1.99e-03 1.88e-01  -4.0 2.94e-01    -  1.00e+00 1.00e+00f  1
 633r 9.6595495e+00 2.57e-04 6.81e-02  -4.1 1.23e-01    -  1.00e+00 1.00e+00h  1
 634r 9.6290305e+00 1.34e-04 1.03e-01  -4.1 7.80e-02    -  1.00e+00 1.00e+00h  1
 635r 9.6164228e+00 9.24e-05 7.51e-02  -4.1 5.38e-02    -  1.00e+00 1.00e+00h  1
 636r 9.6208335e+00 2.53e-05 4.12e-02  -4.1 3.65e-02    -  1.00e+00 1.00e+00h  1
 637r 9.6239730e+00 5.77e-06 1.34e-02  -4.1 1.45e-02    -  1.00e+00 1.00e+00h  1
 638r 9.6234146e+00 7.08e-07 6.64e-03  -4.1 7.75e-03    -  1.00e+00 1.00e+00h  1
 639r 9.6244105e+00 1.96e-06 7.42e-03  -4.1 6.98e-03    -  1.00e+00 1.00e+00h  1
iter    objective    inf_pr   inf_du lg(mu)  ||d||  lg(rg) alpha_du alpha_pr  ls
 640r 9.6241838e+00 2.87e-07 4.21e-03  -4.1 2.42e-03    -  1.00e+00 1.00e+00h  1
 641r 9.5827787e+00 2.12e-04 5.60e-01  -6.1 9.88e-02    -  9.42e-01 9.99e-01f  1
 642r 9.5647454e+00 9.25e-05 4.58e-03  -6.1 7.28e-02    -  1.00e+00 1.00e+00h  1
 643r 9.5228804e+00 2.10e-04 4.46e-03  -6.1 1.05e-01    -  1.00e+00 1.00e+00h  1
 644r 9.5163530e+00 2.46e-05 2.63e-03  -6.1 3.42e-02    -  1.00e+00 1.00e+00h  1
 645r 9.5079025e+00 1.25e-05 3.01e-03  -6.1 2.52e-02    -  1.00e+00 1.00e+00h  1
 646r 9.5086306e+00 7.49e-06 1.26e-03  -6.1 1.53e-02    -  1.00e+00 1.00e+00h  1
 647r 9.5083526e+00 1.62e-06 3.55e-04  -6.1 9.67e-03    -  1.00e+00 1.00e+00h  1
 648r 9.6893538e+00 5.23e-03 2.64e+01  -4.0 8.73e+00    -  1.00e+00 5.85e-02f  1
 649r 9.6601998e+00 5.35e-04 2.54e+00  -4.7 1.67e-01    -  9.17e-01 1.00e+00h  1
iter    objective    inf_pr   inf_du lg(mu)  ||d||  lg(rg) alpha_du alpha_pr  ls
 650r 9.5967428e+00 1.07e-03 1.77e+00  -4.7 2.57e-01    -  8.69e-01 1.00e+00h  1
 651r 9.5585512e+00 2.06e-03 2.07e-01  -4.7 2.41e-01    -  1.00e+00 1.00e+00h  1
 652r 9.5570090e+00 8.56e-04 8.07e-02  -4.7 1.91e-01    -  1.00e+00 1.00e+00h  1
 653r 9.5616948e+00 2.14e-04 4.19e-02  -4.7 9.33e-02    -  1.00e+00 1.00e+00h  1
 654r 9.5705010e+00 4.69e-05 4.89e-02  -4.7 4.49e-02    -  1.00e+00 1.00e+00h  1
 655r 9.5718571e+00 7.20e-06 2.07e-02  -4.7 1.97e-02    -  1.00e+00 1.00e+00h  1
 656r 9.5759073e+00 3.75e-06 5.38e-03  -4.7 1.34e-02    -  1.00e+00 1.00e+00h  1
 657r 9.5766534e+00 7.83e-07 3.05e-03  -4.7 6.73e-03    -  1.00e+00 1.00e+00h  1
 658r 9.7138940e+00 2.54e-03 4.37e-01  -4.0 3.35e-01    -  1.00e+00 1.00e+00f  1
 659r 9.6667662e+00 1.13e-03 2.89e-01  -4.1 2.46e-01    -  9.83e-01 1.00e+00h  1
iter    objective    inf_pr   inf_du lg(mu)  ||d||  lg(rg) alpha_du alpha_pr  ls
 660r 9.6461108e+00 2.86e-04 3.43e-01  -4.1 1.04e-01    -  1.00e+00 9.53e-01h  1
 661r 9.6327086e+00 6.14e-05 8.49e-02  -4.1 6.96e-02    -  1.00e+00 1.00e+00f  1
 662r 9.6256923e+00 2.11e-05 6.53e-02  -4.1 2.71e-02    -  1.00e+00 1.00e+00h  1
 663r 9.6235276e+00 1.14e-05 2.32e-02  -4.1 1.69e-02    -  1.00e+00 1.00e+00h  1
 664r 9.6233336e+00 3.34e-06 1.43e-02  -4.1 7.56e-03    -  1.00e+00 1.00e+00h  1
 665r 9.6234662e+00 3.61e-06 7.37e-03  -4.1 6.41e-03    -  1.00e+00 1.00e+00h  1
 666r 9.6235711e+00 1.81e-06 4.72e-03  -4.1 3.12e-03    -  1.00e+00 1.00e+00h  1
 667r 9.6237901e+00 7.03e-07 1.70e-03  -4.1 1.46e-03    -  1.00e+00 1.00e+00h  1
 668r 9.5649352e+00 8.27e-04 5.93e+00  -6.1 2.03e-01    -  6.41e-01 9.92e-01f  1
 669r 9.5551486e+00 5.19e-05 1.86e-01  -6.1 6.53e-02    -  9.60e-01 1.00e+00h  1
iter    objective    inf_pr   inf_du lg(mu)  ||d||  lg(rg) alpha_du alpha_pr  ls
 670r 9.5390096e+00 4.73e-05 4.29e-02  -6.1 4.59e-02    -  1.00e+00 1.00e+00h  1
 671r 9.5165564e+00 7.52e-05 1.07e-02  -6.1 6.76e-02    -  1.00e+00 1.00e+00h  1
 672r 9.5115864e+00 2.37e-05 4.10e-03  -6.1 3.74e-02    -  1.00e+00 1.00e+00h  1
 673r 9.5135534e+00 5.55e-06 5.03e-03  -6.1 1.95e-02    -  1.00e+00 1.00e+00h  1
 674r 9.5116507e+00 5.71e-06 6.05e-04  -6.1 1.71e-02    -  1.00e+00 1.00e+00h  1
 675r 9.6359473e+00 1.80e-03 1.88e+01  -4.0 4.13e+00    -  1.00e+00 7.62e-02f  1
 676r 9.6050918e+00 4.36e-04 2.90e+00  -4.6 1.56e-01    -  8.76e-01 1.00e+00h  1
 677r 9.6008151e+00 3.32e-04 1.39e-01  -4.6 1.69e-01    -  1.00e+00 1.00e+00h  1
 678r 9.5920801e+00 1.55e-04 5.61e-02  -4.6 8.32e-02    -  1.00e+00 1.00e+00h  1
 679r 9.5881469e+00 1.46e-05 9.98e-03  -4.6 2.79e-02    -  1.00e+00 1.00e+00h  1
iter    objective    inf_pr   inf_du lg(mu)  ||d||  lg(rg) alpha_du alpha_pr  ls
 680r 9.5817946e+00 1.46e-05 1.02e-02  -4.6 2.57e-02    -  1.00e+00 1.00e+00h  1
 681r 9.5794634e+00 3.63e-06 6.93e-03  -4.6 1.59e-02    -  1.00e+00 1.00e+00h  1
 682r 9.5791190e+00 3.81e-07 2.08e-03  -4.6 4.71e-03    -  1.00e+00 1.00e+00h  1
 683r 9.7517002e+00 8.31e-03 6.38e-01  -4.0 5.18e-01    -  1.00e+00 1.00e+00f  1
 684r 9.6928542e+00 1.57e-03 5.02e-01  -4.1 2.54e-01    -  9.10e-01 1.00e+00h  1
 685r 9.6639749e+00 6.90e-04 1.17e-01  -4.1 1.25e-01    -  1.00e+00 1.00e+00h  1
 686r 9.6251655e+00 6.65e-04 1.24e-01  -4.1 1.74e-01    -  1.00e+00 1.00e+00h  1
 687r 9.6108526e+00 1.97e-04 1.05e-01  -4.1 1.15e-01    -  1.00e+00 1.00e+00h  1
 688r 9.6198736e+00 4.67e-05 5.02e-02  -4.1 4.18e-02    -  1.00e+00 1.00e+00h  1
 689r 9.6235776e+00 1.97e-05 2.39e-02  -4.1 2.55e-02    -  1.00e+00 1.00e+00h  1
iter    objective    inf_pr   inf_du lg(mu)  ||d||  lg(rg) alpha_du alpha_pr  ls
 690r 9.6219293e+00 4.63e-06 1.08e-02  -4.1 1.01e-02    -  1.00e+00 1.00e+00h  1
 691r 9.6235346e+00 1.81e-06 6.41e-03  -4.1 7.65e-03    -  1.00e+00 1.00e+00h  1
 692r 9.6237812e+00 9.56e-07 5.06e-03  -4.1 2.66e-03    -  1.00e+00 1.00e+00h  1
 693r 9.6236526e+00 1.34e-07 1.03e-03  -4.1 1.33e-03    -  1.00e+00 1.00e+00h  1
 694r 9.5935667e+00 1.34e-04 2.70e-01  -6.1 7.40e-02    -  9.66e-01 1.00e+00f  1
 695r 9.5647253e+00 1.09e-04 1.35e-02  -6.1 8.66e-02    -  1.00e+00 1.00e+00h  1
 696r 9.5133364e+00 4.13e-04 7.17e-03  -6.1 1.29e-01    -  1.00e+00 1.00e+00h  1
 697r 9.5087323e+00 3.75e-05 4.85e-03  -6.1 4.26e-02    -  1.00e+00 1.00e+00h  1
 698r 9.5096315e+00 7.40e-06 2.40e-03  -6.1 1.79e-02    -  1.00e+00 1.00e+00h  1
 699r 9.5093704e+00 3.35e-06 1.38e-03  -6.1 1.06e-02    -  1.00e+00 1.00e+00h  1
iter    objective    inf_pr   inf_du lg(mu)  ||d||  lg(rg) alpha_du alpha_pr  ls
 700r 9.6797545e+00 3.95e-03 1.87e+01  -4.0 7.10e+00    -  1.00e+00 6.33e-02f  1
 701r 9.6367859e+00 6.06e-04 3.94e+00  -4.6 2.23e-01    -  8.37e-01 1.00e+00h  1
 702r 9.5946048e+00 4.78e-04 1.14e-01  -4.6 1.88e-01    -  9.96e-01 1.00e+00h  1
 703r 9.5752651e+00 2.04e-04 6.92e-02  -4.6 1.05e-01    -  1.00e+00 1.00e+00h  1
 704r 9.5738719e+00 2.02e-04 2.87e-02  -4.6 1.03e-01    -  1.00e+00 1.00e+00h  1
 705r 9.5744114e+00 5.84e-05 2.13e-02  -4.6 5.04e-02    -  1.00e+00 1.00e+00h  1
 706r 9.5771757e+00 4.07e-06 1.45e-02  -4.6 2.25e-02    -  1.00e+00 1.00e+00h  1
 707r 9.5773084e+00 8.78e-07 4.16e-03  -4.6 6.32e-03    -  1.00e+00 1.00e+00h  1
 708r 9.5782432e+00 1.22e-06 2.21e-03  -4.6 5.87e-03    -  1.00e+00 1.00e+00h  1
 709r 9.5780720e+00 3.81e-07 2.05e-03  -4.6 3.07e-03    -  1.00e+00 1.00e+00h  1
iter    objective    inf_pr   inf_du lg(mu)  ||d||  lg(rg) alpha_du alpha_pr  ls
 710r 9.6527169e+00 8.15e-04 3.48e-01  -4.0 2.04e-01    -  1.00e+00 1.00e+00f  1
 711r 9.6333543e+00 2.69e-04 1.41e-01  -4.1 1.34e-01    -  1.00e+00 1.00e+00h  1
 712r 9.6345622e+00 5.80e-05 4.62e-02  -4.1 7.21e-02    -  1.00e+00 1.00e+00h  1
 713r 9.6281695e+00 2.12e-05 2.62e-02  -4.1 2.75e-02    -  1.00e+00 1.00e+00h  1
 714r 9.6246603e+00 1.37e-05 2.04e-02  -4.1 2.03e-02    -  1.00e+00 1.00e+00h  1
 715r 9.6234861e+00 3.30e-06 1.14e-02  -4.1 6.25e-03    -  1.00e+00 1.00e+00h  1
 716r 9.6237080e+00 8.74e-07 3.13e-03  -4.1 2.26e-03    -  1.00e+00 1.00e+00h  1
 717r 9.5383639e+00 1.22e-03 2.50e+00  -6.1 2.43e-01    -  8.09e-01 9.95e-01f  1
 718r 9.5307343e+00 2.04e-04 3.62e-01  -6.1 9.93e-02    -  9.17e-01 1.00e+00h  1
 719r 9.5250979e+00 7.22e-05 6.27e-02  -6.1 5.25e-02    -  9.03e-01 1.00e+00h  1
iter    objective    inf_pr   inf_du lg(mu)  ||d||  lg(rg) alpha_du alpha_pr  ls
 720r 9.5181406e+00 8.84e-06 2.97e-03  -6.1 2.11e-02    -  1.00e+00 1.00e+00h  1
 721r 9.5149832e+00 4.46e-06 3.55e-03  -6.1 1.80e-02    -  1.00e+00 1.00e+00h  1
 722r 9.5096177e+00 8.35e-06 1.64e-03  -6.1 1.79e-02    -  1.00e+00 1.00e+00h  1
 723r 9.5096080e+00 4.09e-06 7.89e-04  -6.1 1.53e-02    -  1.00e+00 1.00e+00h  1
 724r 1.0071274e+01 5.76e-02 1.48e+01  -4.0 5.13e+00    -  1.00e+00 3.04e-01f  1
 725r 9.9612712e+00 1.65e-02 2.76e+01  -4.4 7.27e-01    -  1.73e-01 1.00e+00h  1
 726r 9.8142583e+00 9.27e-03 2.06e+00  -4.4 6.67e-01    -  8.99e-01 9.41e-01h  1
 727r 9.6818205e+00 8.51e-03 3.05e+00  -4.4 6.20e-01    -  6.60e-01 1.00e+00h  1
 728r 9.6529781e+00 1.53e-03 3.83e-01  -4.4 2.79e-01    -  1.00e+00 1.00e+00h  1
 729r 9.6188272e+00 5.29e-04 1.45e-01  -4.4 1.84e-01    -  1.00e+00 1.00e+00h  1
iter    objective    inf_pr   inf_du lg(mu)  ||d||  lg(rg) alpha_du alpha_pr  ls
 730r 9.6011744e+00 1.56e-04 8.01e-02  -4.4 1.09e-01    -  1.00e+00 1.00e+00h  1
 731r 9.6030435e+00 5.01e-05 3.43e-02  -4.4 5.13e-02    -  1.00e+00 1.00e+00h  1
 732r 9.6023739e+00 1.32e-05 2.23e-02  -4.4 2.46e-02    -  1.00e+00 1.00e+00h  1
 733r 9.6023847e+00 3.32e-06 1.52e-02  -4.4 1.29e-02    -  1.00e+00 1.00e+00h  1
 734r 9.6005796e+00 1.67e-06 4.75e-03  -4.4 1.18e-02    -  1.00e+00 1.00e+00h  1
 735r 9.6000268e+00 1.64e-06 4.35e-03  -4.4 3.53e-03    -  1.00e+00 1.00e+00h  1
 736r 9.6000368e+00 4.25e-07 9.79e-04  -4.4 1.55e-03    -  1.00e+00 1.00e+00h  1
 737r 9.6273194e+00 1.99e-04 1.92e-01  -4.0 1.10e-01    -  1.00e+00 1.00e+00f  1
 738r 9.6234047e+00 6.56e-05 5.97e-02  -4.1 5.58e-02    -  1.00e+00 1.00e+00h  1
 739r 9.6219896e+00 5.82e-06 2.91e-02  -4.1 1.62e-02    -  1.00e+00 1.00e+00h  1
iter    objective    inf_pr   inf_du lg(mu)  ||d||  lg(rg) alpha_du alpha_pr  ls
 740r 9.6223252e+00 1.64e-06 7.95e-03  -4.1 5.99e-03    -  1.00e+00 1.00e+00h  1
 741r 9.6228619e+00 3.75e-07 1.62e-03  -4.1 1.77e-03    -  1.00e+00 1.00e+00h  1
 742r 9.5666216e+00 5.96e-04 1.55e+00  -6.1 1.78e-01    -  8.71e-01 9.96e-01f  1
 743r 9.5597194e+00 6.39e-05 1.13e-01  -6.1 5.62e-02    -  9.29e-01 1.00e+00h  1
 744r 9.5411448e+00 4.50e-05 2.11e-02  -6.1 4.68e-02    -  1.00e+00 1.00e+00h  1
 745r 9.5282252e+00 4.00e-05 1.96e-03  -6.1 4.16e-02    -  1.00e+00 1.00e+00h  1
 746r 9.5093137e+00 6.47e-05 9.94e-04  -6.1 4.81e-02    -  1.00e+00 1.00e+00h  1
 747r 9.5955019e+00 1.04e-03 1.93e+01  -4.0 8.08e+00    -  1.00e+00 3.04e-02f  1
 748r 9.5759180e+00 2.00e-04 9.25e+00  -4.7 1.26e-01    -  6.06e-01 1.00e+00h  1
 749r 9.5775824e+00 4.78e-05 6.10e-01  -4.7 6.87e-02    -  8.89e-01 1.00e+00h  1
iter    objective    inf_pr   inf_du lg(mu)  ||d||  lg(rg) alpha_du alpha_pr  ls
 750r 9.5761169e+00 5.52e-06 1.50e-02  -4.7 2.27e-02    -  1.00e+00 1.00e+00h  1
 751r 9.5726437e+00 5.39e-06 9.00e-03  -4.7 1.60e-02    -  1.00e+00 1.00e+00h  1
 752r 9.5721070e+00 2.71e-06 7.71e-03  -4.7 9.40e-03    -  1.00e+00 1.00e+00h  1
 753r 9.5724455e+00 7.16e-07 2.98e-03  -4.7 5.55e-03    -  1.00e+00 1.00e+00h  1
 754r 9.6447952e+00 8.17e-04 1.15e+01  -4.0 4.80e-01    -  1.00e+00 4.63e-01f  1
 755r 9.6214286e+00 2.48e-04 1.34e+00  -4.3 1.42e-01    -  9.41e-01 1.00e+00h  1
 756r 9.6198503e+00 1.53e-04 2.79e-02  -4.3 8.42e-02    -  1.00e+00 1.00e+00h  1
 757r 9.6143536e+00 2.31e-05 1.75e-02  -4.3 3.02e-02    -  1.00e+00 1.00e+00h  1
 758r 9.6104937e+00 6.89e-06 1.42e-02  -4.3 1.38e-02    -  1.00e+00 1.00e+00h  1
 759r 9.6077333e+00 5.07e-06 6.01e-03  -4.3 1.08e-02    -  1.00e+00 1.00e+00h  1
iter    objective    inf_pr   inf_du lg(mu)  ||d||  lg(rg) alpha_du alpha_pr  ls
 760r 9.6072115e+00 2.03e-06 2.67e-03  -4.3 3.12e-03    -  1.00e+00 1.00e+00h  1
 761r 9.5435512e+00 5.91e-04 2.46e+00  -6.4 1.85e-01    -  7.50e-01 9.97e-01f  1
 762r 9.5712609e+00 1.53e-04 1.82e-01  -5.1 1.25e-01    -  9.50e-01 1.00e+00f  1
 763r 9.5592465e+00 9.07e-05 1.35e-02  -5.2 5.98e-02    -  1.00e+00 1.00e+00h  1
 764r 9.5433457e+00 3.69e-05 2.79e-03  -5.2 5.64e-02    -  1.00e+00 1.00e+00h  1
 765r 9.5436570e+00 3.81e-06 2.42e-03  -5.2 1.51e-02    -  1.00e+00 1.00e+00h  1
 766r 9.5450766e+00 8.15e-07 1.17e-03  -5.2 7.09e-03    -  1.00e+00 1.00e+00h  1
 767r 9.5439261e+00 5.18e-07 9.56e-04  -5.2 4.39e-03    -  1.00e+00 1.00e+00h  1
 768r 1.0149568e+01 3.86e-02 4.89e+00  -4.0 1.89e+00    -  1.00e+00 1.00e+00f  1
 769r 9.9450991e+00 1.02e-02 5.39e+00  -4.1 7.28e-01    -  7.56e-01 1.00e+00h  1
iter    objective    inf_pr   inf_du lg(mu)  ||d||  lg(rg) alpha_du alpha_pr  ls
 770r 9.7128460e+00 1.04e-02 2.34e+00  -4.1 1.07e+00    -  5.65e-01 5.63e-01h  1
 771r 9.6025896e+00 4.83e-03 1.21e+00  -4.1 8.48e-01    -  5.43e-01 5.26e-01h  1
 772r 9.6152191e+00 1.46e-03 6.51e-01  -4.1 2.98e-01    -  1.00e+00 1.00e+00h  1
 773r 9.6059667e+00 4.57e-04 1.72e-01  -4.1 1.56e-01    -  1.00e+00 1.00e+00h  1
 774r 9.6133859e+00 8.71e-05 1.48e-01  -4.1 6.05e-02    -  1.00e+00 1.00e+00h  1
 775r 9.6219030e+00 3.60e-05 7.25e-02  -4.1 5.33e-02    -  1.00e+00 1.00e+00h  1
 776r 9.6244797e+00 1.67e-05 4.05e-02  -4.1 2.05e-02    -  1.00e+00 1.00e+00h  1
 777r 9.6256438e+00 7.20e-06 2.14e-02  -4.1 1.89e-02    -  1.00e+00 1.00e+00h  1
 778r 9.6255697e+00 2.28e-06 1.05e-02  -4.1 7.59e-03    -  1.00e+00 1.00e+00h  1
 779r 9.6255683e+00 9.91e-07 2.78e-03  -4.1 2.70e-03    -  1.00e+00 1.00e+00h  1
iter    objective    inf_pr   inf_du lg(mu)  ||d||  lg(rg) alpha_du alpha_pr  ls
 780r 9.6012759e+00 9.72e-05 9.25e-01  -6.1 6.60e-02    -  9.01e-01 1.00e+00f  1
 781r 9.5750160e+00 7.21e-05 1.16e-02  -6.1 6.82e-02    -  1.00e+00 1.00e+00h  1
 782r 9.5322302e+00 2.86e-04 6.48e-03  -6.1 1.07e-01    -  1.00e+00 1.00e+00h  1
 783r 9.5176466e+00 1.62e-04 5.64e-03  -6.1 7.92e-02    -  1.00e+00 1.00e+00h  1
 784r 9.5115063e+00 3.22e-05 2.96e-03  -6.1 3.51e-02    -  1.00e+00 1.00e+00h  1
 785r 9.5110399e+00 6.52e-06 1.77e-03  -6.1 1.72e-02    -  1.00e+00 1.00e+00h  1
 786r 9.5066726e+00 8.73e-06 1.41e-03  -6.1 1.98e-02    -  1.00e+00 1.00e+00h  1
 787r 9.5078623e+00 2.18e-06 6.02e-04  -6.1 9.16e-03    -  1.00e+00 1.00e+00h  1
 788r 9.5093806e+00 9.38e-07 2.00e-04  -6.1 6.22e-03    -  1.00e+00 1.00e+00h  1
 789r 9.7083152e+00 4.95e-03 3.39e+01  -4.0 5.70e+00    -  1.00e+00 8.79e-02f  1
iter    objective    inf_pr   inf_du lg(mu)  ||d||  lg(rg) alpha_du alpha_pr  ls
 790r 9.6681222e+00 5.92e-04 6.04e+00  -4.6 2.08e-01    -  8.42e-01 1.00e+00h  1
 791r 9.6380214e+00 9.53e-04 9.37e-02  -4.6 1.55e-01    -  9.88e-01 1.00e+00h  1
 792r 9.5931006e+00 4.93e-04 5.36e-01  -4.6 1.74e-01    -  1.00e+00 8.84e-01h  1
 793r 9.5818582e+00 2.89e-04 8.75e-02  -4.6 1.08e-01    -  1.00e+00 1.00e+00f  1
 794r 9.5827783e+00 1.58e-05 1.61e+00  -4.6 2.90e-02    -  7.78e-01 1.00e+00h  1
 795r 9.5838345e+00 1.13e-05 1.48e-02  -4.6 2.89e-02    -  1.00e+00 1.00e+00h  1
 796r 9.5820418e+00 1.67e-06 7.35e-03  -4.6 7.53e-03    -  1.00e+00 1.00e+00h  1
 797r 9.5812057e+00 1.28e-06 3.39e-03  -4.6 4.19e-03    -  1.00e+00 1.00e+00h  1
 798r 9.5806088e+00 3.00e-07 1.79e-03  -4.6 3.16e-03    -  1.00e+00 1.00e+00h  1
 799r 9.5806080e+00 9.69e-08 7.06e-04  -4.6 1.16e-03    -  1.00e+00 1.00e+00h  1
iter    objective    inf_pr   inf_du lg(mu)  ||d||  lg(rg) alpha_du alpha_pr  ls
 800r 9.7001322e+00 2.58e-03 9.06e-01  -4.0 2.88e-01    -  1.00e+00 1.00e+00f  1
 801r 9.6698125e+00 5.70e-04 4.95e-01  -4.1 1.27e-01    -  1.00e+00 1.00e+00h  1
 802r 9.6468739e+00 1.84e-04 8.20e-02  -4.1 8.65e-02    -  1.00e+00 1.00e+00h  1
 803r 9.6274075e+00 1.10e-04 8.59e-02  -4.1 7.69e-02    -  1.00e+00 1.00e+00h  1
 804r 9.6221718e+00 3.56e-05 2.59e-02  -4.1 3.53e-02    -  1.00e+00 1.00e+00h  1
 805r 9.6235106e+00 3.51e-06 1.53e-02  -4.1 9.83e-03    -  1.00e+00 1.00e+00h  1
 806r 9.6240191e+00 3.52e-06 7.93e-03  -4.1 5.34e-03    -  1.00e+00 1.00e+00h  1
 807r 9.6239323e+00 1.29e-06 4.45e-03  -4.1 3.74e-03    -  1.00e+00 1.00e+00h  1
 808r 9.5580103e+00 8.57e-04 2.51e+00  -6.1 1.71e-01    -  8.06e-01 9.96e-01f  1
 809r 9.5471607e+00 7.16e-05 1.80e-01  -6.1 6.06e-02    -  9.12e-01 1.00e+00h  1
iter    objective    inf_pr   inf_du lg(mu)  ||d||  lg(rg) alpha_du alpha_pr  ls
 810r 9.5301210e+00 3.53e-05 3.33e-02  -6.1 5.22e-02    -  1.00e+00 1.00e+00h  1
 811r 9.5141880e+00 7.40e-05 5.22e-03  -6.1 5.17e-02    -  1.00e+00 1.00e+00h  1
 812r 9.5054728e+00 2.11e-05 5.42e-03  -6.1 3.57e-02    -  1.00e+00 1.00e+00h  1
 813r 9.5094516e+00 5.28e-06 2.70e-03  -6.1 1.30e-02    -  1.00e+00 1.00e+00h  1
 814r 9.5088814e+00 9.25e-06 1.54e-03  -6.1 1.80e-02    -  1.00e+00 1.00e+00h  1
 815r 9.5078433e+00 2.39e-06 2.86e-04  -6.1 7.35e-03    -  1.00e+00 1.00e+00h  1
 816r 1.0175545e+01 5.88e-02 2.17e+01  -4.0 9.79e+00    -  1.00e+00 1.64e-01f  1
 817r 1.0012467e+01 5.86e-03 1.14e+01  -4.5 6.91e-01    -  5.15e-01 1.00e+00h  1
 818r 9.7732945e+00 1.93e-02 4.16e+00  -4.5 1.14e+00    -  6.13e-01 6.34e-01H  1
 819r 9.6598550e+00 3.99e-03 4.35e+00  -4.5 5.66e-01    -  5.87e-01 8.19e-01h  1
iter    objective    inf_pr   inf_du lg(mu)  ||d||  lg(rg) alpha_du alpha_pr  ls
 820r 9.5861560e+00 3.12e-03 3.07e+00  -4.5 4.38e-01    -  4.61e-01 5.72e-01h  1
 821r 9.5819006e+00 1.18e-03 7.66e-01  -4.5 2.40e-01    -  9.34e-01 8.14e-01h  1
 822r 9.5948125e+00 3.83e-04 1.56e-01  -4.5 1.16e-01    -  1.00e+00 1.00e+00f  1
 823r 9.5872600e+00 9.06e-05 8.19e-02  -4.5 6.13e-02    -  1.00e+00 1.00e+00h  1
 824r 9.5914092e+00 9.31e-06 2.38e-02  -4.5 1.84e-02    -  1.00e+00 1.00e+00h  1
 825r 9.5895862e+00 4.54e-06 8.98e-03  -4.5 9.25e-03    -  1.00e+00 1.00e+00h  1
 826r 9.5901761e+00 1.87e-06 8.67e-03  -4.5 4.96e-03    -  1.00e+00 1.00e+00h  1
 827r 9.5901949e+00 1.04e-06 3.36e-03  -4.5 4.20e-03    -  1.00e+00 1.00e+00h  1
 828r 9.5900138e+00 2.82e-07 7.41e-04  -4.5 1.51e-03    -  1.00e+00 1.00e+00h  1
 829r 9.5385390e+00 4.73e-04 3.61e-01  -6.7 1.51e-01    -  9.22e-01 1.00e+00f  1
iter    objective    inf_pr   inf_du lg(mu)  ||d||  lg(rg) alpha_du alpha_pr  ls
 830r 9.5838311e+00 2.71e-04 3.79e-02  -5.2 1.35e-01    -  1.00e+00 1.00e+00f  1
 831r 9.5599888e+00 3.18e-04 1.26e-02  -5.3 9.44e-02    -  1.00e+00 1.00e+00h  1
 832r 9.5456138e+00 8.05e-05 1.06e-02  -5.3 6.77e-02    -  1.00e+00 1.00e+00h  1
 833r 9.5490582e+00 2.58e-05 1.94e-03  -5.3 3.50e-02    -  1.00e+00 1.00e+00h  1
 834r 9.5452807e+00 2.82e-06 2.07e-03  -5.3 1.00e-02    -  1.00e+00 1.00e+00h  1
 835r 9.5425211e+00 2.64e-06 2.59e-03  -5.3 9.86e-03    -  1.00e+00 1.00e+00h  1
 836r 9.5415815e+00 6.91e-07 9.70e-04  -5.3 6.07e-03    -  1.00e+00 1.00e+00h  1
 837r 1.0184161e+01 4.25e-02 2.92e+00  -4.0 1.94e+00    -  1.00e+00 8.55e-01f  1
 838r 1.0063462e+01 1.56e-02 5.54e+00  -4.1 5.55e-01    -  2.57e-01 6.50e-01h  1
 839r 9.7848093e+00 1.33e-02 6.66e-01  -4.1 7.70e-01    -  1.00e+00 9.37e-01h  1
iter    objective    inf_pr   inf_du lg(mu)  ||d||  lg(rg) alpha_du alpha_pr  ls
 840r 9.6806944e+00 6.60e-03 1.69e+00  -4.1 4.51e-01    -  8.77e-01 1.00e+00h  1
 841r 9.6404909e+00 1.77e-03 1.57e+00  -4.1 2.16e-01    -  1.00e+00 7.60e-01h  1
 842r 9.6057927e+00 4.95e-04 1.70e-01  -4.1 1.50e-01    -  1.00e+00 1.00e+00f  1
 843r 9.6095987e+00 2.22e-04 1.11e-01  -4.1 8.16e-02    -  1.00e+00 1.00e+00h  1
 844r 9.6138662e+00 1.56e-05 3.48e-02  -4.1 2.52e-02    -  1.00e+00 1.00e+00h  1
 845r 9.6200103e+00 8.58e-06 3.14e-02  -4.1 1.77e-02    -  1.00e+00 1.00e+00h  1
 846r 9.6203087e+00 8.83e-06 1.03e-02  -4.1 7.34e-03    -  1.00e+00 1.00e+00h  1
 847r 9.6212036e+00 1.45e-06 7.57e-03  -4.1 6.17e-03    -  1.00e+00 1.00e+00h  1
 848r 9.6207654e+00 2.45e-06 6.04e-03  -4.1 3.55e-03    -  1.00e+00 1.00e+00h  1
 849r 9.6209054e+00 2.63e-07 8.27e-04  -4.1 9.72e-04    -  1.00e+00 1.00e+00h  1
iter    objective    inf_pr   inf_du lg(mu)  ||d||  lg(rg) alpha_du alpha_pr  ls
 850r 9.5890913e+00 1.53e-04 4.46e-01  -6.2 7.80e-02    -  9.37e-01 1.00e+00f  1
 851r 1.0144509e+01 3.74e-02 1.61e+00  -4.0 1.31e+00    -  1.00e+00 1.00e+00f  1
 852r 1.0014769e+01 1.67e-02 3.03e+00  -4.1 5.41e-01    -  8.70e-01 6.57e-01h  1
 853r 9.9037847e+00 1.81e-03 2.20e-01  -4.1 2.82e-01    -  1.00e+00 1.00e+00h  1
 854r 9.7596978e+00 2.43e-03 2.80e-01  -4.1 4.56e-01    -  1.00e+00 9.11e-01h  1
 855r 9.7066785e+00 1.07e-03 1.62e-01  -4.1 2.00e-01    -  1.00e+00 1.00e+00h  1
 856r 9.6312764e+00 7.80e-04 1.12e-01  -4.1 1.87e-01    -  1.00e+00 1.00e+00h  1
 857r 9.6091710e+00 3.84e-04 8.32e-02  -4.1 1.41e-01    -  1.00e+00 1.00e+00h  1
 858r 9.6328970e+00 1.09e-04 4.54e-02  -4.1 9.25e-02    -  1.00e+00 1.00e+00h  1
 859r 9.6264084e+00 2.06e-05 3.55e-02  -4.1 3.07e-02    -  1.00e+00 1.00e+00h  1
iter    objective    inf_pr   inf_du lg(mu)  ||d||  lg(rg) alpha_du alpha_pr  ls
 860r 9.6235791e+00 6.31e-06 2.29e-02  -4.1 1.35e-02    -  1.00e+00 1.00e+00h  1
 861r 9.6241622e+00 3.16e-06 3.44e-03  -4.1 3.08e-03    -  1.00e+00 1.00e+00h  1
 862r 9.5208802e+00 9.49e-04 6.49e-01  -6.1 2.73e-01    -  9.18e-01 1.00e+00f  1
 863r 9.5224571e+00 5.01e-05 9.42e-01  -6.1 5.31e-02    -  8.15e-01 1.00e+00h  1
 864r 9.5194349e+00 1.60e-05 3.69e-03  -6.1 2.51e-02    -  1.00e+00 1.00e+00h  1
 865r 9.5126256e+00 9.00e-06 3.11e-03  -6.1 1.92e-02    -  1.00e+00 1.00e+00h  1
 866r 9.5100825e+00 2.65e-06 2.03e-03  -6.1 1.13e-02    -  1.00e+00 1.00e+00h  1
 867r 9.5084501e+00 1.72e-06 1.10e-03  -6.1 9.21e-03    -  1.00e+00 1.00e+00h  1
 868r 9.5088303e+00 2.11e-06 4.53e-04  -6.1 8.16e-03    -  1.00e+00 1.00e+00h  1
 869r 9.5083847e+00 2.87e-07 1.19e-04  -6.1 3.12e-03    -  1.00e+00 1.00e+00h  1
iter    objective    inf_pr   inf_du lg(mu)  ||d||  lg(rg) alpha_du alpha_pr  ls
 870r 9.5550527e+00 3.30e-04 2.71e+01  -4.0 4.63e+00    -  1.00e+00 2.59e-02f  1
 871r 9.5488766e+00 4.63e-05 1.75e+01  -4.7 5.09e-02    -  4.89e-01 1.00e+00f  1
 872r 9.5552808e+00 6.85e-05 2.89e-01  -4.7 7.79e-02    -  9.87e-01 1.00e+00h  1
 873r 9.5618328e+00 7.46e-05 8.57e-02  -4.7 6.70e-02    -  1.00e+00 1.00e+00h  1
 874r 9.5650210e+00 1.81e-05 1.38e-02  -4.7 3.23e-02    -  1.00e+00 1.00e+00h  1
 875r 9.5683325e+00 1.78e-06 1.55e-02  -4.7 1.35e-02    -  1.00e+00 1.00e+00h  1
 876r 9.5715007e+00 2.29e-06 4.43e-03  -4.7 1.11e-02    -  1.00e+00 1.00e+00h  1
 877r 9.5717289e+00 3.25e-07 3.15e-03  -4.7 3.94e-03    -  1.00e+00 1.00e+00h  1
 878r 9.7994624e+00 6.43e-03 1.37e+00  -4.0 7.96e-01    -  1.00e+00 1.00e+00f  1
 879r 9.7191902e+00 1.56e-03 4.74e-01  -4.1 3.76e-01    -  1.00e+00 1.00e+00h  1
iter    objective    inf_pr   inf_du lg(mu)  ||d||  lg(rg) alpha_du alpha_pr  ls
 880r 9.6773653e+00 3.84e-04 1.34e-01  -4.1 1.88e-01    -  1.00e+00 1.00e+00h  1
 881r 9.6358424e+00 2.32e-04 5.60e-02  -4.1 1.31e-01    -  1.00e+00 1.00e+00h  1
 882r 9.6181421e+00 2.91e-04 1.02e-01  -4.1 8.55e-02    -  1.00e+00 1.00e+00h  1
 883r 9.6231003e+00 5.58e-05 4.46e-02  -4.1 4.23e-02    -  1.00e+00 1.00e+00h  1
 884r 9.6234158e+00 8.49e-06 2.31e-02  -4.1 1.86e-02    -  1.00e+00 1.00e+00h  1
 885r 9.6241179e+00 4.73e-06 5.03e-03  -4.1 4.44e-03    -  1.00e+00 1.00e+00h  1
 886r 9.6238867e+00 1.88e-06 3.94e-03  -4.1 2.14e-03    -  1.00e+00 1.00e+00h  1
 887r 9.5351650e+00 9.19e-04 9.78e-01  -6.1 2.36e-01    -  8.94e-01 1.00e+00f  1
 888r 9.5318173e+00 5.84e-05 7.98e-02  -6.1 5.09e-02    -  9.64e-01 1.00e+00h  1
 889r 9.5235167e+00 1.32e-05 7.80e-03  -6.1 2.18e-02    -  9.88e-01 1.00e+00h  1
iter    objective    inf_pr   inf_du lg(mu)  ||d||  lg(rg) alpha_du alpha_pr  ls
 890r 9.5121948e+00 1.80e-05 2.43e-03  -6.1 2.78e-02    -  1.00e+00 1.00e+00h  1
 891r 9.5082834e+00 1.40e-05 2.68e-03  -6.1 2.61e-02    -  1.00e+00 1.00e+00h  1
 892r 9.5089456e+00 1.70e-06 1.97e-03  -6.1 7.34e-03    -  1.00e+00 1.00e+00h  1
 893r 1.0535807e+01 1.19e-01 1.81e+01  -4.0 6.99e+00    -  1.00e+00 3.55e-01f  1
 894r 1.0370426e+01 6.04e-02 1.59e+01  -4.3 9.56e-01    -  1.37e-01 5.40e-01h  1
 895r 1.0057265e+01 1.11e-02 1.82e+01  -4.3 7.75e-01    -  4.31e-01 1.00e+00h  1
 896r 9.7176983e+00 2.54e-02 6.51e+00  -4.3 9.28e-01    -  4.45e-01 1.00e+00h  1
 897r 9.6703688e+00 7.83e-03 2.12e+00  -4.3 3.55e-01    -  6.70e-01 6.96e-01h  1
 898r 9.6361425e+00 6.61e-04 1.71e-01  -4.3 2.07e-01    -  1.00e+00 1.00e+00h  1
 899r 9.6079807e+00 3.33e-04 2.95e-01  -4.3 1.34e-01    -  1.00e+00 9.22e-01h  1
iter    objective    inf_pr   inf_du lg(mu)  ||d||  lg(rg) alpha_du alpha_pr  ls
 900r 9.6121442e+00 1.03e-04 6.20e-02  -4.3 6.14e-02    -  1.00e+00 1.00e+00f  1
 901r 9.6065425e+00 4.62e-05 3.21e-02  -4.3 3.58e-02    -  1.00e+00 1.00e+00h  1
 902r 9.6050977e+00 1.41e-05 1.65e-02  -4.3 2.37e-02    -  1.00e+00 1.00e+00h  1
 903r 9.6053043e+00 3.55e-06 9.25e-03  -4.3 9.51e-03    -  1.00e+00 1.00e+00h  1
 904r 9.6052280e+00 1.14e-06 5.94e-03  -4.3 5.64e-03    -  1.00e+00 1.00e+00h  1
 905r 9.6055198e+00 1.65e-06 5.68e-03  -4.3 3.59e-03    -  1.00e+00 1.00e+00h  1
 906r 9.6055802e+00 1.48e-06 2.24e-03  -4.3 2.46e-03    -  1.00e+00 1.00e+00h  1
 907r 9.5654862e+00 4.01e-04 2.02e+00  -6.4 1.24e-01    -  7.82e-01 9.98e-01f  1
 908r 9.5997610e+00 3.62e-04 7.68e-02  -5.1 1.51e-01    -  9.98e-01 1.00e+00f  1
 909r 9.5667919e+00 1.26e-04 2.01e-02  -5.2 8.87e-02    -  1.00e+00 1.00e+00h  1
iter    objective    inf_pr   inf_du lg(mu)  ||d||  lg(rg) alpha_du alpha_pr  ls
 910r 9.5575530e+00 1.16e-04 1.44e-02  -5.2 6.24e-02    -  1.00e+00 1.00e+00h  1
 911r 9.5526754e+00 1.93e-05 5.24e-03  -5.2 2.77e-02    -  1.00e+00 1.00e+00h  1
 912r 9.5480452e+00 3.51e-06 4.49e-03  -5.2 1.06e-02    -  1.00e+00 1.00e+00h  1
 913r 9.5486298e+00 3.27e-06 3.31e-03  -5.2 1.13e-02    -  1.00e+00 1.00e+00h  1
 914r 9.5469746e+00 1.62e-06 1.64e-03  -5.2 6.80e-03    -  1.00e+00 1.00e+00h  1
 915r 9.5469698e+00 2.78e-07 5.58e-04  -5.2 2.75e-03    -  1.00e+00 1.00e+00h  1
 916r 9.6930216e+00 3.43e-03 1.28e+01  -4.0 1.02e+00    -  1.00e+00 3.63e-01f  1
 917r 9.6555066e+00 9.41e-04 8.91e+00  -4.4 1.72e-01    -  5.48e-01 1.00e+00h  1
 918r 9.6207750e+00 5.66e-04 1.61e-01  -4.4 1.31e-01    -  1.00e+00 9.41e-01h  1
 919r 9.6049942e+00 1.78e-04 6.28e-02  -4.4 7.83e-02    -  1.00e+00 1.00e+00f  1
iter    objective    inf_pr   inf_du lg(mu)  ||d||  lg(rg) alpha_du alpha_pr  ls
 920r 9.6039805e+00 2.08e-05 1.97e-02  -4.4 2.93e-02    -  1.00e+00 1.00e+00h  1
 921r 9.6021982e+00 2.05e-06 6.08e-03  -4.4 6.47e-03    -  1.00e+00 1.00e+00h  1
 922r 9.6007779e+00 1.25e-06 6.63e-03  -4.4 6.04e-03    -  1.00e+00 1.00e+00h  1
 923r 9.6003851e+00 3.78e-07 3.39e-03  -4.4 3.82e-03    -  1.00e+00 1.00e+00h  1
 924r 9.5995487e+00 9.31e-07 2.06e-03  -4.4 3.11e-03    -  1.00e+00 1.00e+00h  1
 925r 9.5516821e+00 3.33e-04 1.08e+00  -6.6 1.19e-01    -  8.36e-01 1.00e+00f  1
 926r 1.0331803e+01 1.25e-01 3.40e+00  -4.0 3.01e+00    -  4.60e-01 1.00e+00f  1
 927r 1.0135610e+01 5.58e-02 1.82e+00  -4.1 1.16e+00    -  7.56e-01 5.97e-01h  1
 928r 1.0008056e+01 3.09e-02 1.24e+00  -4.1 1.11e+00    -  1.00e+00 5.61e-01h  1
 929r 9.8536266e+00 8.86e-03 3.98e-01  -4.1 6.78e-01    -  1.00e+00 8.62e-01h  1
iter    objective    inf_pr   inf_du lg(mu)  ||d||  lg(rg) alpha_du alpha_pr  ls
 930r 9.7416089e+00 6.65e-03 1.48e+00  -4.1 5.29e-01    -  1.00e+00 6.39e-01h  1
 931r 9.6559585e+00 2.49e-03 6.42e-01  -4.1 4.13e-01    -  1.00e+00 8.26e-01h  1
 932r 9.6004803e+00 1.87e-03 3.41e-01  -4.1 2.35e-01    -  1.00e+00 1.00e+00h  1
 933r 9.6075385e+00 2.22e-04 7.91e-02  -4.1 8.49e-02    -  1.00e+00 1.00e+00h  1
 934r 9.6052961e+00 6.52e-05 8.70e-02  -4.1 6.65e-02    -  1.00e+00 1.00e+00h  1
 935r 9.6125176e+00 1.01e-05 3.47e-02  -4.1 2.33e-02    -  1.00e+00 1.00e+00h  1
 936r 9.6167838e+00 7.91e-06 2.11e-02  -4.1 1.81e-02    -  1.00e+00 1.00e+00h  1
 937r 9.6196814e+00 3.71e-06 2.00e-02  -4.1 1.23e-02    -  1.00e+00 1.00e+00h  1
 938r 9.6194550e+00 1.52e-06 4.78e-03  -4.1 5.42e-03    -  1.00e+00 1.00e+00h  1
 939r 9.6196003e+00 9.95e-07 2.45e-03  -4.1 2.11e-03    -  1.00e+00 1.00e+00h  1
iter    objective    inf_pr   inf_du lg(mu)  ||d||  lg(rg) alpha_du alpha_pr  ls
 940r 9.5659276e+00 4.71e-04 5.80e-01  -6.2 1.27e-01    -  9.03e-01 1.00e+00f  1
 941r 9.5525878e+00 3.81e-05 7.77e-03  -6.2 5.53e-02    -  1.00e+00 1.00e+00h  1
 942r 9.7425485e+00 4.65e-03 1.28e+01  -4.0 4.59e+00    -  1.00e+00 9.50e-02f  1
 943r 9.6680961e+00 9.02e-04 9.70e+00  -4.6 1.77e-01    -  5.94e-01 1.00e+00h  1
 944r 9.6200827e+00 3.85e-04 2.55e-01  -4.6 1.46e-01    -  1.00e+00 1.00e+00h  1
 945r 9.5970263e+00 2.14e-04 8.43e-02  -4.6 7.99e-02    -  1.00e+00 1.00e+00h  1
 946r 9.5755764e+00 9.35e-05 5.42e-02  -4.6 7.91e-02    -  1.00e+00 1.00e+00h  1
 947r 9.5714108e+00 1.89e-05 2.67e-02  -4.6 3.91e-02    -  1.00e+00 1.00e+00h  1
 948r 9.5779685e+00 1.05e-05 1.22e-02  -4.6 2.05e-02    -  1.00e+00 1.00e+00h  1
 949r 9.5788953e+00 1.56e-06 5.99e-03  -4.6 8.67e-03    -  1.00e+00 1.00e+00h  1
iter    objective    inf_pr   inf_du lg(mu)  ||d||  lg(rg) alpha_du alpha_pr  ls
 950r 9.5789535e+00 5.97e-07 2.08e-03  -4.6 5.39e-03    -  1.00e+00 1.00e+00h  1
 951r 9.5796275e+00 2.02e-07 1.43e-03  -4.6 3.55e-03    -  1.00e+00 1.00e+00h  1
 952r 9.5790528e+00 3.19e-07 9.38e-04  -4.6 2.81e-03    -  1.00e+00 1.00e+00h  1
 953r 9.5359826e+00 2.85e-04 1.26e+00  -6.9 1.24e-01    -  7.54e-01 1.00e+00f  1
 954r 9.8785920e+00 1.85e-02 1.76e+00  -4.0 2.46e+00    -  4.83e-01 4.02e-01f  1
 955r 9.8033787e+00 7.62e-03 7.42e-01  -4.5 4.85e-01    -  9.57e-01 6.91e-01h  1
 956r 9.6571747e+00 2.67e-03 1.60e-01  -4.5 4.42e-01    -  1.00e+00 1.00e+00h  1
 957r 9.6350299e+00 9.13e-04 7.66e-01  -4.5 2.61e-01    -  6.08e-01 7.58e-01h  1
 958r 9.5883736e+00 5.35e-04 5.35e-02  -4.5 1.54e-01    -  1.00e+00 1.00e+00f  1
 959r 9.5951659e+00 1.77e-04 4.23e-02  -4.5 7.32e-02    -  1.00e+00 1.00e+00h  1
iter    objective    inf_pr   inf_du lg(mu)  ||d||  lg(rg) alpha_du alpha_pr  ls
 960r 9.5923686e+00 5.23e-05 4.27e-02  -4.5 3.43e-02    -  1.00e+00 1.00e+00h  1
 961r 9.5916388e+00 1.60e-05 1.80e-02  -4.5 1.99e-02    -  1.00e+00 1.00e+00h  1
 962r 9.5911876e+00 9.18e-06 1.44e-02  -4.5 1.45e-02    -  1.00e+00 1.00e+00h  1
 963r 9.5916202e+00 2.10e-06 6.25e-03  -4.5 8.69e-03    -  1.00e+00 1.00e+00h  1
 964r 9.5911488e+00 1.24e-06 3.58e-03  -4.5 5.90e-03    -  1.00e+00 1.00e+00h  1
 965r 9.5912186e+00 7.19e-07 2.26e-03  -4.5 1.96e-03    -  1.00e+00 1.00e+00h  1
 966r 9.5912689e+00 1.91e-07 7.70e-04  -4.5 9.47e-04    -  1.00e+00 1.00e+00h  1
 967r 9.5652982e+00 1.19e-04 9.01e-01  -6.7 6.28e-02    -  8.53e-01 1.00e+00f  1
 968r 1.0550224e+01 9.13e-02 4.50e+00  -4.0 2.34e+00    -  1.00e+00 1.00e+00f  1
 969r 1.0355256e+01 4.93e-02 2.42e+00  -4.1 9.65e-01    -  5.71e-01 5.32e-01h  1
iter    objective    inf_pr   inf_du lg(mu)  ||d||  lg(rg) alpha_du alpha_pr  ls
 970r 1.0104706e+01 1.46e-02 1.14e+00  -4.1 7.62e-01    -  1.00e+00 8.59e-01h  1
 971r 9.9275427e+00 1.13e-02 7.60e-01  -4.1 8.23e-01    -  1.00e+00 7.95e-01h  1
 972r 9.7666530e+00 2.59e-03 2.12e-01  -4.1 4.49e-01    -  1.00e+00 1.00e+00h  1
 973r 9.6954888e+00 2.72e-03 2.24e-01  -4.1 2.53e-01    -  1.00e+00 1.00e+00h  1
 974r 9.6291349e+00 8.10e-04 9.01e-02  -4.1 1.84e-01    -  1.00e+00 1.00e+00h  1
 975r 9.6321019e+00 7.57e-05 3.64e-02  -4.1 4.80e-02    -  1.00e+00 1.00e+00h  1
 976r 9.6288422e+00 1.56e-05 4.12e-02  -4.1 2.83e-02    -  1.00e+00 1.00e+00h  1
 977r 9.6242906e+00 1.08e-05 2.11e-02  -4.1 2.47e-02    -  1.00e+00 1.00e+00h  1
 978r 9.6246850e+00 3.06e-06 9.52e-03  -4.1 7.39e-03    -  1.00e+00 1.00e+00h  1
 979r 9.6247108e+00 1.77e-06 6.23e-03  -4.1 2.74e-03    -  1.00e+00 1.00e+00h  1
iter    objective    inf_pr   inf_du lg(mu)  ||d||  lg(rg) alpha_du alpha_pr  ls
 980r 9.6247824e+00 8.45e-07 2.09e-03  -4.1 1.66e-03    -  1.00e+00 1.00e+00h  1
 981r 9.5909568e+00 1.84e-04 2.41e+00  -6.1 8.74e-02    -  8.15e-01 9.96e-01f  1
 982r 9.5713197e+00 6.78e-05 1.79e-02  -6.1 5.04e-02    -  9.93e-01 1.00e+00h  1
 983r 9.5296198e+00 2.60e-04 8.75e-03  -6.1 1.14e-01    -  1.00e+00 1.00e+00h  1
 984r 9.5228182e+00 2.21e-05 8.57e-03  -6.1 3.68e-02    -  1.00e+00 1.00e+00h  1
 985r 9.5144559e+00 1.62e-05 2.57e-03  -6.1 2.72e-02    -  1.00e+00 1.00e+00h  1
 986r 9.5118576e+00 6.87e-06 9.69e-04  -6.1 1.91e-02    -  1.00e+00 1.00e+00h  1
 987r 9.5090568e+00 2.99e-06 6.91e-04  -6.1 1.52e-02    -  1.00e+00 1.00e+00h  1
 988r 9.5091426e+00 8.71e-07 2.76e-04  -6.1 5.83e-03    -  1.00e+00 1.00e+00h  1
 989r 9.5091827e+00 1.39e-07 9.07e-05  -6.1 3.25e-03    -  1.00e+00 1.00e+00h  1
iter    objective    inf_pr   inf_du lg(mu)  ||d||  lg(rg) alpha_du alpha_pr  ls
 990r 9.6403181e+00 2.51e-03 2.32e+01  -4.0 5.42e+00    -  1.00e+00 6.74e-02f  1
 991r 9.6136527e+00 3.70e-04 3.63e+00  -4.6 1.21e-01    -  8.57e-01 1.00e+00h  1
 992r 9.5968206e+00 1.25e-04 4.35e-02  -4.6 8.81e-02    -  1.00e+00 1.00e+00h  1
 993r 9.5820080e+00 1.18e-04 4.44e-01  -4.6 1.67e-01    -  1.00e+00 8.87e-01H  1
 994r 9.5733074e+00 4.74e-05 4.99e-02  -4.6 5.16e-02    -  1.00e+00 1.00e+00f  1
 995r 9.5748543e+00 1.40e-05 1.34e-02  -4.6 3.45e-02    -  1.00e+00 1.00e+00h  1
 996r 9.5791354e+00 1.62e-05 1.19e-02  -4.6 2.78e-02    -  1.00e+00 1.00e+00h  1
 997r 9.5775788e+00 3.28e-06 4.82e-03  -4.6 1.25e-02    -  1.00e+00 1.00e+00h  1
 998r 9.5773357e+00 4.69e-07 2.11e-03  -4.6 5.07e-03    -  1.00e+00 1.00e+00h  1
 999r 9.5774576e+00 1.42e-07 7.77e-04  -4.6 1.91e-03    -  1.00e+00 1.00e+00h  1
iter    objective    inf_pr   inf_du lg(mu)  ||d||  lg(rg) alpha_du alpha_pr  ls
1000r 9.6623525e+00 1.31e-03 5.78e-01  -4.0 2.71e-01    -  1.00e+00 1.00e+00f  1

Number of Iterations....: 1000

                                   (scaled)                 (unscaled)
Objective...............:   9.6623524511129055e+00    9.6623524511129055e+00
Dual infeasibility......:   5.7583142573308810e-01    5.7583142573308810e-01
Constraint violation....:   1.3057912779768088e-03    1.3057912779768088e-03
Variable bound violation:   0.0000000000000000e+00    0.0000000000000000e+00
Complementarity.........:   1.6685258601260045e-04    1.6685258601260045e-04
Overall NLP error.......:   5.7583142573308810e-01    5.7583142573308810e-01


Number of objective function evaluations             = 1205
Number of objective gradient evaluations             = 200
Number of equality constraint evaluations            = 1205
Number of inequality constraint evaluations          = 1205
Number of equality constraint Jacobian evaluations   = 1003
Number of inequality constraint Jacobian evaluations = 1003
Number of Lagrangian Hessian evaluations             = 0
Total seconds in IPOPT                               = 2394.028

EXIT: Maximum Number of Iterations Exceeded.
